[0.003s][info][gc] Using Parallel
[0.004s][info][gc,init] Version: 17.0.2+8-LTS (release)
[0.004s][info][gc,init] CPUs: 8 total, 8 available
[0.004s][info][gc,init] Memory: 32112M
[0.004s][info][gc,init] Large Page Support: Disabled
[0.004s][info][gc,init] NUMA Support: Disabled
[0.004s][info][gc,init] Compressed Oops: Enabled (Zero based)
[0.004s][info][gc,init] Alignments: Space 512K, Generation 512K, Heap 2M
[0.004s][info][gc,init] Heap Min Capacity: 2054M
[0.004s][info][gc,init] Heap Initial Capacity: 2054M
[0.004s][info][gc,init] Heap Max Capacity: 3G
[0.004s][info][gc,init] Pre-touch: Disabled
[0.004s][info][gc,init] Parallel Workers: 4
[0.004s][info][gc,metaspace] CDS archive(s) not mapped
[0.004s][info][gc,metaspace] Compressed class space mapped at: 0x0000000800000000-0x0000000840000000, reserved size: 1073741824
[0.004s][info][gc,metaspace] Narrow klass base: 0x0000000800000000, Narrow klass shift: 0, Narrow klass range: 0x40000000
[0.777s][info][safepoint   ] Safepoint "ICBufferFull", Time since last: 754000822 ns, Reaching safepoint: 202205 ns, At safepoint: 11300 ns, Total: 213505 ns
[1.053s][info][safepoint   ] Safepoint "ICBufferFull", Time since last: 276327046 ns, Reaching safepoint: 211905 ns, At safepoint: 2601 ns, Total: 214506 ns
[1.257s][info][gc,start    ] GC(0) Pause Young (Metadata GC Threshold)
[1.270s][debug][gc,phases   ] GC(0) Scavenge 10.797ms
[1.270s][debug][gc,ref      ] GC(0) Skipped phase 1 of Reference Processing: no references
[1.270s][debug][gc,ref      ] GC(0) ReferenceProcessor::execute queues: 1, RefProcThreadModel::Single, marks_oops_alive: false
[1.270s][debug][gc,ref      ] GC(0) Skipped phase 3 of Reference Processing: no references
[1.270s][debug][gc,ref      ] GC(0) ReferenceProcessor::execute queues: 1, RefProcThreadModel::Single, marks_oops_alive: false
[1.270s][debug][gc,phases   ] GC(0) Reference Processing 0.300ms
[1.270s][debug][gc,phases   ] GC(0)   VM Weak                        Min:  0.0, Avg:  0.0, Max:  0.0, Diff:  0.0, Sum:  0.0, Workers: 4
[1.270s][debug][gc,phases   ] GC(0)     Dead                           Min: 0, Avg:  0.0, Max: 0, Diff: 0, Sum: 0, Workers: 4
[1.270s][debug][gc,phases   ] GC(0)     Total                          Min: 0, Avg: 34.0, Max: 128, Diff: 128, Sum: 136, Workers: 4
[1.270s][debug][gc,phases   ] GC(0)   ObjectSynchronizer Weak        Min:  0.0, Avg:  0.0, Max:  0.0, Diff:  0.0, Sum:  0.0, Workers: 4
[1.270s][debug][gc,phases   ] GC(0)     Dead                           Min: 0, Avg:  0.2, Max: 1, Diff: 1, Sum: 1, Workers: 4
[1.270s][debug][gc,phases   ] GC(0)     Total                          Min: 0, Avg:  2.2, Max: 9, Diff: 9, Sum: 9, Workers: 4
[1.270s][debug][gc,phases   ] GC(0)   JVMTI Tag Weak OopStorage      Min:  0.0, Avg:  0.0, Max:  0.0, Diff:  0.0, Sum:  0.0, Workers: 4
[1.270s][debug][gc,phases   ] GC(0)     Dead                           Min: 0, Avg:  0.0, Max: 0, Diff: 0, Sum: 0, Workers: 4
[1.270s][debug][gc,phases   ] GC(0)     Total                          Min: 0, Avg:  0.0, Max: 0, Diff: 0, Sum: 0, Workers: 4
[1.270s][debug][gc,phases   ] GC(0)   StringTable Weak               Min:  0.1, Avg:  0.1, Max:  0.1, Diff:  0.0, Sum:  0.5, Workers: 4
[1.270s][debug][gc,phases   ] GC(0)     Dead                           Min: 1, Avg: 10.2, Max: 22, Diff: 21, Sum: 41, Workers: 4
[1.270s][debug][gc,phases   ] GC(0)     Total                          Min: 2240, Avg: 2928.0, Max: 3264, Diff: 1024, Sum: 11712, Workers: 4
[1.270s][debug][gc,phases   ] GC(0)   ResolvedMethodTable Weak       Min:  0.0, Avg:  0.0, Max:  0.0, Diff:  0.0, Sum:  0.0, Workers: 4
[1.270s][debug][gc,phases   ] GC(0)     Dead                           Min: 1, Avg:  7.0, Max: 13, Diff: 12, Sum: 28, Workers: 4
[1.270s][debug][gc,phases   ] GC(0)     Total                          Min: 128, Avg: 157.8, Max: 192, Diff: 64, Sum: 631, Workers: 4
[1.270s][debug][gc,phases   ] GC(0)   JNI Weak                       Min:  0.0, Avg:  0.0, Max:  0.0, Diff:  0.0, Sum:  0.0, Workers: 4
[1.270s][debug][gc,phases   ] GC(0)     Dead                           Min: 0, Avg:  0.0, Max: 0, Diff: 0, Sum: 0, Workers: 4
[1.270s][debug][gc,phases   ] GC(0)     Total                          Min: 0, Avg:  0.0, Max: 0, Diff: 0, Sum: 0, Workers: 4
[1.270s][debug][gc,phases   ] GC(0)   StringDedup Table Weak         Min:  0.0, Avg:  0.0, Max:  0.0, Diff:  0.0, Sum:  0.0, Workers: 4
[1.270s][debug][gc,phases   ] GC(0)     Dead                           Min: 0, Avg:  0.0, Max: 0, Diff: 0, Sum: 0, Workers: 4
[1.270s][debug][gc,phases   ] GC(0)     Total                          Min: 0, Avg:  0.0, Max: 0, Diff: 0, Sum: 0, Workers: 4
[1.270s][debug][gc,phases   ] GC(0)   StringDedup Requests0 Weak     Min:  0.0, Avg:  0.0, Max:  0.0, Diff:  0.0, Sum:  0.0, Workers: 4
[1.270s][debug][gc,phases   ] GC(0)     Dead                           Min: 0, Avg:  0.0, Max: 0, Diff: 0, Sum: 0, Workers: 4
[1.270s][debug][gc,phases   ] GC(0)     Total                          Min: 0, Avg:  0.0, Max: 0, Diff: 0, Sum: 0, Workers: 4
[1.270s][debug][gc,phases   ] GC(0)   StringDedup Requests1 Weak     Min:  0.0, Avg:  0.0, Max:  0.0, Diff:  0.0, Sum:  0.0, Workers: 4
[1.270s][debug][gc,phases   ] GC(0)     Dead                           Min: 0, Avg:  0.0, Max: 0, Diff: 0, Sum: 0, Workers: 4
[1.270s][debug][gc,phases   ] GC(0)     Total                          Min: 0, Avg:  0.0, Max: 0, Diff: 0, Sum: 0, Workers: 4
[1.270s][debug][gc,phases   ] GC(0)   Weak JFR Old Object Samples    Min:  0.0, Avg:  0.0, Max:  0.0, Diff:  0.0, Sum:  0.0, Workers: 4
[1.270s][debug][gc,phases   ] GC(0)     Dead                           Min: 0, Avg:  0.0, Max: 0, Diff: 0, Sum: 0, Workers: 4
[1.270s][debug][gc,phases   ] GC(0)     Total                          Min: 0, Avg:  0.0, Max: 0, Diff: 0, Sum: 0, Workers: 4
[1.270s][debug][gc,phases   ] GC(0) Weak Processing 0.389ms
[1.271s][debug][gc,age      ] GC(0) Desired survivor size 536870912 bytes, new threshold 7 (max threshold 15)
[1.271s][info ][gc,heap     ] GC(0) PSYoungGen: 316470K(1572864K)->17033K(1572864K) Eden: 316470K(1048576K)->0K(1048576K) From: 0K(524288K)->17033K(524288K)
[1.271s][info ][gc,heap     ] GC(0) ParOldGen: 0K(6144K)->88K(6144K)
[1.271s][info ][gc,metaspace] GC(0) Metaspace: 21303K(21504K)->21303K(21504K) NonClass: 18806K(18880K)->18806K(18880K) Class: 2497K(2624K)->2497K(2624K)
[1.271s][info ][gc          ] GC(0) Pause Young (Metadata GC Threshold) 309M->16M(1542M) 13.412ms
[1.271s][info ][gc,cpu      ] GC(0) User=0.03s Sys=0.01s Real=0.02s
[1.271s][debug][gc,phases   ] GC(1) Pre Compact 0.017ms
[1.271s][info ][gc,start    ] GC(1) Pause Full (Metadata GC Threshold)
[1.271s][info ][gc,phases,start] GC(1) Marking Phase
[1.277s][debug][gc,phases      ] GC(1) Par Mark 5.880ms
[1.277s][debug][gc,ref         ] GC(1) Skipped phase 1 of Reference Processing: no references
[1.277s][debug][gc,ref         ] GC(1) ReferenceProcessor::execute queues: 1, RefProcThreadModel::Single, marks_oops_alive: false
[1.277s][debug][gc,ref         ] GC(1) Skipped phase 3 of Reference Processing: no references
[1.277s][debug][gc,ref         ] GC(1) ReferenceProcessor::execute queues: 1, RefProcThreadModel::Single, marks_oops_alive: false
[1.277s][debug][gc,phases      ] GC(1) Reference Processing 0.068ms
[1.277s][debug][gc,phases      ] GC(1)   VM Weak                        Min:  0.0, Avg:  0.0, Max:  0.0, Diff:  0.0, Sum:  0.0, Workers: 4
[1.277s][debug][gc,phases      ] GC(1)     Dead                           Min: 0, Avg:  0.0, Max: 0, Diff: 0, Sum: 0, Workers: 4
[1.277s][debug][gc,phases      ] GC(1)     Total                          Min: 0, Avg: 34.0, Max: 136, Diff: 136, Sum: 136, Workers: 4
[1.277s][debug][gc,phases      ] GC(1)   ObjectSynchronizer Weak        Min:  0.0, Avg:  0.0, Max:  0.0, Diff:  0.0, Sum:  0.0, Workers: 4
[1.277s][debug][gc,phases      ] GC(1)     Dead                           Min: 0, Avg:  0.0, Max: 0, Diff: 0, Sum: 0, Workers: 4
[1.277s][debug][gc,phases      ] GC(1)     Total                          Min: 0, Avg:  2.2, Max: 9, Diff: 9, Sum: 9, Workers: 4
[1.277s][debug][gc,phases      ] GC(1)   JVMTI Tag Weak OopStorage      Min:  0.0, Avg:  0.0, Max:  0.0, Diff:  0.0, Sum:  0.0, Workers: 4
[1.277s][debug][gc,phases      ] GC(1)     Dead                           Min: 0, Avg:  0.0, Max: 0, Diff: 0, Sum: 0, Workers: 4
[1.277s][debug][gc,phases      ] GC(1)     Total                          Min: 0, Avg:  0.0, Max: 0, Diff: 0, Sum: 0, Workers: 4
[1.277s][debug][gc,phases      ] GC(1)   StringTable Weak               Min:  0.0, Avg:  0.0, Max:  0.1, Diff:  0.0, Sum:  0.2, Workers: 4
[1.277s][debug][gc,phases      ] GC(1)     Dead                           Min: 0, Avg:  0.0, Max: 0, Diff: 0, Sum: 0, Workers: 4
[1.277s][debug][gc,phases      ] GC(1)     Total                          Min: 2368, Avg: 2928.0, Max: 3392, Diff: 1024, Sum: 11712, Workers: 4
[1.277s][debug][gc,phases      ] GC(1)   ResolvedMethodTable Weak       Min:  0.0, Avg:  0.0, Max:  0.0, Diff:  0.0, Sum:  0.0, Workers: 4
[1.277s][debug][gc,phases      ] GC(1)     Dead                           Min: 0, Avg:  0.0, Max: 0, Diff: 0, Sum: 0, Workers: 4
[1.277s][debug][gc,phases      ] GC(1)     Total                          Min: 128, Avg: 157.8, Max: 192, Diff: 64, Sum: 631, Workers: 4
[1.277s][debug][gc,phases      ] GC(1)   JNI Weak                       Min:  0.0, Avg:  0.0, Max:  0.0, Diff:  0.0, Sum:  0.0, Workers: 4
[1.277s][debug][gc,phases      ] GC(1)     Dead                           Min: 0, Avg:  0.0, Max: 0, Diff: 0, Sum: 0, Workers: 4
[1.277s][debug][gc,phases      ] GC(1)     Total                          Min: 0, Avg:  0.0, Max: 0, Diff: 0, Sum: 0, Workers: 4
[1.277s][debug][gc,phases      ] GC(1)   StringDedup Table Weak         Min:  0.0, Avg:  0.0, Max:  0.0, Diff:  0.0, Sum:  0.0, Workers: 4
[1.277s][debug][gc,phases      ] GC(1)     Dead                           Min: 0, Avg:  0.0, Max: 0, Diff: 0, Sum: 0, Workers: 4
[1.277s][debug][gc,phases      ] GC(1)     Total                          Min: 0, Avg:  0.0, Max: 0, Diff: 0, Sum: 0, Workers: 4
[1.277s][debug][gc,phases      ] GC(1)   StringDedup Requests0 Weak     Min:  0.0, Avg:  0.0, Max:  0.0, Diff:  0.0, Sum:  0.0, Workers: 4
[1.277s][debug][gc,phases      ] GC(1)     Dead                           Min: 0, Avg:  0.0, Max: 0, Diff: 0, Sum: 0, Workers: 4
[1.277s][debug][gc,phases      ] GC(1)     Total                          Min: 0, Avg:  0.0, Max: 0, Diff: 0, Sum: 0, Workers: 4
[1.277s][debug][gc,phases      ] GC(1)   StringDedup Requests1 Weak     Min:  0.0, Avg:  0.0, Max:  0.0, Diff:  0.0, Sum:  0.0, Workers: 4
[1.277s][debug][gc,phases      ] GC(1)     Dead                           Min: 0, Avg:  0.0, Max: 0, Diff: 0, Sum: 0, Workers: 4
[1.277s][debug][gc,phases      ] GC(1)     Total                          Min: 0, Avg:  0.0, Max: 0, Diff: 0, Sum: 0, Workers: 4
[1.277s][debug][gc,phases      ] GC(1)   Weak JFR Old Object Samples    Min:  0.0, Avg:  0.0, Max:  0.0, Diff:  0.0, Sum:  0.0, Workers: 4
[1.277s][debug][gc,phases      ] GC(1)     Dead                           Min: 0, Avg:  0.0, Max: 0, Diff: 0, Sum: 0, Workers: 4
[1.277s][debug][gc,phases      ] GC(1)     Total                          Min: 0, Avg:  0.0, Max: 0, Diff: 0, Sum: 0, Workers: 4
[1.277s][debug][gc,phases      ] GC(1) Weak Processing 0.296ms
[1.277s][debug][gc,phases      ] GC(1) ClassLoaderData 0.020ms
[1.277s][debug][gc,phases      ] GC(1) Trigger cleanups 0.000ms
[1.280s][debug][gc,phases      ] GC(1) Class Unloading 2.576ms
[1.280s][info ][gc,phases      ] GC(1) Marking Phase 8.922ms
[1.280s][info ][gc,phases,start] GC(1) Summary Phase
[1.280s][info ][gc,phases      ] GC(1) Summary Phase 0.007ms
[1.280s][info ][gc,phases,start] GC(1) Adjust Roots
[1.283s][info ][gc,phases      ] GC(1) Adjust Roots 3.398ms
[1.283s][info ][gc,phases,start] GC(1) Compaction Phase
[1.294s][info ][gc,phases      ] GC(1) Compaction Phase 11.054ms
[1.294s][info ][gc,phases,start] GC(1) Post Compact
[1.295s][info ][gc,phases      ] GC(1) Post Compact 0.480ms
[1.295s][info ][gc,heap        ] GC(1) PSYoungGen: 17033K(1572864K)->11295K(1572864K) Eden: 0K(1048576K)->0K(1048576K) From: 17033K(524288K)->11295K(524288K)
[1.295s][info ][gc,heap        ] GC(1) ParOldGen: 88K(6144K)->5695K(6144K)
[1.295s][info ][gc,metaspace   ] GC(1) Metaspace: 21303K(21504K)->21303K(21504K) NonClass: 18806K(18880K)->18806K(18880K) Class: 2497K(2624K)->2497K(2624K)
[1.295s][info ][gc             ] GC(1) Pause Full (Metadata GC Threshold) 16M->16M(1542M) 24.025ms
[1.295s][info ][gc,cpu         ] GC(1) User=0.06s Sys=0.01s Real=0.02s
[1.295s][info ][safepoint      ] Safepoint "CollectForMetadataAllocation", Time since last: 203930299 ns, Reaching safepoint: 112003 ns, At safepoint: 37581158 ns, Total: 37693161 ns
[1.674s][info ][safepoint      ] Safepoint "ICBufferFull", Time since last: 379215769 ns, Reaching safepoint: 101103 ns, At safepoint: 5200 ns, Total: 106303 ns
[1.690s][info ][safepoint      ] Safepoint "ICBufferFull", Time since last: 15620298 ns, Reaching safepoint: 46901 ns, At safepoint: 2000 ns, Total: 48901 ns
[1.695s][info ][safepoint      ] Safepoint "ICBufferFull", Time since last: 5706746 ns, Reaching safepoint: 73402 ns, At safepoint: 8900 ns, Total: 82302 ns
[1.707s][info ][safepoint      ] Safepoint "ICBufferFull", Time since last: 11366590 ns, Reaching safepoint: 124503 ns, At safepoint: 8100 ns, Total: 132603 ns
[1.711s][info ][safepoint      ] Safepoint "ICBufferFull", Time since last: 3668294 ns, Reaching safepoint: 59801 ns, At safepoint: 6200 ns, Total: 66001 ns
[1.716s][info ][safepoint      ] Safepoint "ICBufferFull", Time since last: 4856024 ns, Reaching safepoint: 52502 ns, At safepoint: 5700 ns, Total: 58202 ns
[1.719s][info ][safepoint      ] Safepoint "ICBufferFull", Time since last: 3793096 ns, Reaching safepoint: 61102 ns, At safepoint: 2200 ns, Total: 63302 ns
[1.722s][info ][safepoint      ] Safepoint "ICBufferFull", Time since last: 2322759 ns, Reaching safepoint: 38001 ns, At safepoint: 1800 ns, Total: 39801 ns
[1.724s][info ][safepoint      ] Safepoint "ICBufferFull", Time since last: 2123854 ns, Reaching safepoint: 37401 ns, At safepoint: 5301 ns, Total: 42702 ns
[1.730s][info ][safepoint      ] Safepoint "ICBufferFull", Time since last: 5951051 ns, Reaching safepoint: 60202 ns, At safepoint: 2000 ns, Total: 62202 ns
[1.732s][info ][safepoint      ] Safepoint "ICBufferFull", Time since last: 1632041 ns, Reaching safepoint: 42002 ns, At safepoint: 6300 ns, Total: 48302 ns
[1.732s][info ][safepoint      ] Safepoint "ICBufferFull", Time since last: 524513 ns, Reaching safepoint: 25101 ns, At safepoint: 4400 ns, Total: 29501 ns
[1.783s][info ][safepoint      ] Safepoint "ICBufferFull", Time since last: 50146479 ns, Reaching safepoint: 509413 ns, At safepoint: 22900 ns, Total: 532313 ns
[1.801s][info ][safepoint      ] Safepoint "ICBufferFull", Time since last: 17876156 ns, Reaching safepoint: 72902 ns, At safepoint: 8400 ns, Total: 81302 ns
[1.802s][info ][safepoint      ] Safepoint "ICBufferFull", Time since last: 1143029 ns, Reaching safepoint: 31301 ns, At safepoint: 1600 ns, Total: 32901 ns
[1.803s][info ][safepoint      ] Safepoint "ICBufferFull", Time since last: 1347534 ns, Reaching safepoint: 30901 ns, At safepoint: 1500 ns, Total: 32401 ns
[1.804s][info ][safepoint      ] Safepoint "ICBufferFull", Time since last: 818221 ns, Reaching safepoint: 45701 ns, At safepoint: 5400 ns, Total: 51101 ns
[1.805s][info ][safepoint      ] Safepoint "ICBufferFull", Time since last: 1057727 ns, Reaching safepoint: 40701 ns, At safepoint: 6501 ns, Total: 47202 ns
[1.806s][info ][safepoint      ] Safepoint "ICBufferFull", Time since last: 770319 ns, Reaching safepoint: 22601 ns, At safepoint: 1600 ns, Total: 24201 ns
[1.807s][info ][safepoint      ] Safepoint "ICBufferFull", Time since last: 1070027 ns, Reaching safepoint: 103103 ns, At safepoint: 5400 ns, Total: 108503 ns
[1.808s][info ][safepoint      ] Safepoint "ICBufferFull", Time since last: 783520 ns, Reaching safepoint: 19200 ns, At safepoint: 1400 ns, Total: 20600 ns
[1.809s][info ][safepoint      ] Safepoint "ICBufferFull", Time since last: 1191431 ns, Reaching safepoint: 21200 ns, At safepoint: 1700 ns, Total: 22900 ns
[1.810s][info ][safepoint      ] Safepoint "ICBufferFull", Time since last: 783220 ns, Reaching safepoint: 21801 ns, At safepoint: 1600 ns, Total: 23401 ns
[1.812s][info ][safepoint      ] Safepoint "ICBufferFull", Time since last: 1362435 ns, Reaching safepoint: 36901 ns, At safepoint: 1700 ns, Total: 38601 ns
[1.812s][info ][safepoint      ] Safepoint "ICBufferFull", Time since last: 492512 ns, Reaching safepoint: 18501 ns, At safepoint: 1200 ns, Total: 19701 ns
[1.813s][info ][safepoint      ] Safepoint "ICBufferFull", Time since last: 1220131 ns, Reaching safepoint: 32201 ns, At safepoint: 4500 ns, Total: 36701 ns
[1.817s][info ][safepoint      ] Safepoint "ICBufferFull", Time since last: 4064303 ns, Reaching safepoint: 30201 ns, At safepoint: 1700 ns, Total: 31901 ns
[1.819s][info ][safepoint      ] Safepoint "ICBufferFull", Time since last: 1553240 ns, Reaching safepoint: 45101 ns, At safepoint: 6000 ns, Total: 51101 ns
[1.826s][info ][safepoint      ] Safepoint "ICBufferFull", Time since last: 7262085 ns, Reaching safepoint: 42001 ns, At safepoint: 5301 ns, Total: 47302 ns
[1.835s][info ][safepoint      ] Safepoint "ICBufferFull", Time since last: 9037730 ns, Reaching safepoint: 48301 ns, At safepoint: 3100 ns, Total: 51401 ns
[1.851s][info ][safepoint      ] Safepoint "ICBufferFull", Time since last: 15403093 ns, Reaching safepoint: 42401 ns, At safepoint: 1800 ns, Total: 44201 ns
[1.892s][info ][safepoint      ] Safepoint "ICBufferFull", Time since last: 40554034 ns, Reaching safepoint: 59902 ns, At safepoint: 9300 ns, Total: 69202 ns
[1.892s][info ][safepoint      ] Safepoint "ICBufferFull", Time since last: 521213 ns, Reaching safepoint: 108603 ns, At safepoint: 9200 ns, Total: 117803 ns
[1.897s][info ][safepoint      ] Safepoint "ICBufferFull", Time since last: 4914726 ns, Reaching safepoint: 44101 ns, At safepoint: 8900 ns, Total: 53001 ns
[1.898s][info ][safepoint      ] Safepoint "ICBufferFull", Time since last: 576715 ns, Reaching safepoint: 19200 ns, At safepoint: 8701 ns, Total: 27901 ns
[1.940s][info ][safepoint      ] Safepoint "ICBufferFull", Time since last: 42352680 ns, Reaching safepoint: 66301 ns, At safepoint: 2900 ns, Total: 69201 ns
[1.943s][info ][safepoint      ] Safepoint "ICBufferFull", Time since last: 2675969 ns, Reaching safepoint: 45301 ns, At safepoint: 2200 ns, Total: 47501 ns
[1.945s][info ][safepoint      ] Safepoint "ICBufferFull", Time since last: 1716044 ns, Reaching safepoint: 19600 ns, At safepoint: 1700 ns, Total: 21300 ns
[1.946s][info ][safepoint      ] Safepoint "ICBufferFull", Time since last: 1018326 ns, Reaching safepoint: 28701 ns, At safepoint: 4400 ns, Total: 33101 ns
[1.948s][info ][safepoint      ] Safepoint "ICBufferFull", Time since last: 1853847 ns, Reaching safepoint: 28501 ns, At safepoint: 5400 ns, Total: 33901 ns
[1.949s][info ][safepoint      ] Safepoint "ICBufferFull", Time since last: 1814846 ns, Reaching safepoint: 29701 ns, At safepoint: 4200 ns, Total: 33901 ns
[1.950s][info ][safepoint      ] Safepoint "ICBufferFull", Time since last: 802121 ns, Reaching safepoint: 18300 ns, At safepoint: 1800 ns, Total: 20100 ns
[1.951s][info ][safepoint      ] Safepoint "ICBufferFull", Time since last: 489113 ns, Reaching safepoint: 15800 ns, At safepoint: 1300 ns, Total: 17100 ns
[1.952s][info ][safepoint      ] Safepoint "ICBufferFull", Time since last: 907923 ns, Reaching safepoint: 18501 ns, At safepoint: 1800 ns, Total: 20301 ns
[1.954s][info ][safepoint      ] Safepoint "ICBufferFull", Time since last: 1889048 ns, Reaching safepoint: 36701 ns, At safepoint: 1800 ns, Total: 38501 ns
[1.954s][info ][safepoint      ] Safepoint "ICBufferFull", Time since last: 822821 ns, Reaching safepoint: 17900 ns, At safepoint: 1900 ns, Total: 19800 ns
[1.955s][info ][safepoint      ] Safepoint "ICBufferFull", Time since last: 826521 ns, Reaching safepoint: 17001 ns, At safepoint: 1600 ns, Total: 18601 ns
[1.956s][info ][safepoint      ] Safepoint "ICBufferFull", Time since last: 964224 ns, Reaching safepoint: 18901 ns, At safepoint: 1400 ns, Total: 20301 ns
[1.958s][info ][safepoint      ] Safepoint "ICBufferFull", Time since last: 1962650 ns, Reaching safepoint: 21301 ns, At safepoint: 2000 ns, Total: 23301 ns
[1.960s][info ][safepoint      ] Safepoint "ICBufferFull", Time since last: 1886848 ns, Reaching safepoint: 28601 ns, At safepoint: 2200 ns, Total: 30801 ns
[1.961s][info ][safepoint      ] Safepoint "ICBufferFull", Time since last: 996125 ns, Reaching safepoint: 82602 ns, At safepoint: 2600 ns, Total: 85202 ns
[1.963s][info ][safepoint      ] Safepoint "ICBufferFull", Time since last: 1520939 ns, Reaching safepoint: 48101 ns, At safepoint: 1900 ns, Total: 50001 ns
[1.965s][info ][safepoint      ] Safepoint "ICBufferFull", Time since last: 2341160 ns, Reaching safepoint: 26101 ns, At safepoint: 1800 ns, Total: 27901 ns
[1.967s][info ][safepoint      ] Safepoint "ICBufferFull", Time since last: 2175555 ns, Reaching safepoint: 39301 ns, At safepoint: 8900 ns, Total: 48201 ns
[1.972s][info ][safepoint      ] Safepoint "ICBufferFull", Time since last: 4167107 ns, Reaching safepoint: 52501 ns, At safepoint: 7400 ns, Total: 59901 ns
[1.977s][info ][safepoint      ] Safepoint "ICBufferFull", Time since last: 5315236 ns, Reaching safepoint: 42801 ns, At safepoint: 6000 ns, Total: 48801 ns
[1.980s][info ][safepoint      ] Safepoint "ICBufferFull", Time since last: 3236582 ns, Reaching safepoint: 29201 ns, At safepoint: 2300 ns, Total: 31501 ns
[1.983s][info ][safepoint      ] Safepoint "ICBufferFull", Time since last: 2797672 ns, Reaching safepoint: 25700 ns, At safepoint: 2600 ns, Total: 28300 ns
[1.985s][info ][safepoint      ] Safepoint "ICBufferFull", Time since last: 1546240 ns, Reaching safepoint: 19600 ns, At safepoint: 2200 ns, Total: 21800 ns
[1.986s][info ][safepoint      ] Safepoint "ICBufferFull", Time since last: 1508339 ns, Reaching safepoint: 19100 ns, At safepoint: 1900 ns, Total: 21000 ns
[1.988s][info ][safepoint      ] Safepoint "ICBufferFull", Time since last: 1832247 ns, Reaching safepoint: 24501 ns, At safepoint: 5900 ns, Total: 30401 ns
[1.990s][info ][safepoint      ] Safepoint "ICBufferFull", Time since last: 1528139 ns, Reaching safepoint: 43801 ns, At safepoint: 1800 ns, Total: 45601 ns
[1.991s][info ][safepoint      ] Safepoint "ICBufferFull", Time since last: 1444237 ns, Reaching safepoint: 18800 ns, At safepoint: 13501 ns, Total: 32301 ns
[1.994s][info ][safepoint      ] Safepoint "ICBufferFull", Time since last: 2993476 ns, Reaching safepoint: 47801 ns, At safepoint: 2100 ns, Total: 49901 ns
[1.996s][info ][safepoint      ] Safepoint "ICBufferFull", Time since last: 1920149 ns, Reaching safepoint: 38901 ns, At safepoint: 1800 ns, Total: 40701 ns
[1.998s][info ][safepoint      ] Safepoint "ICBufferFull", Time since last: 1405336 ns, Reaching safepoint: 33001 ns, At safepoint: 1700 ns, Total: 34701 ns
[1.999s][info ][safepoint      ] Safepoint "ICBufferFull", Time since last: 1673243 ns, Reaching safepoint: 32500 ns, At safepoint: 1700 ns, Total: 34200 ns
[2.001s][info ][safepoint      ] Safepoint "ICBufferFull", Time since last: 2187056 ns, Reaching safepoint: 25501 ns, At safepoint: 6900 ns, Total: 32401 ns
[2.004s][info ][safepoint      ] Safepoint "ICBufferFull", Time since last: 2050152 ns, Reaching safepoint: 29801 ns, At safepoint: 6100 ns, Total: 35901 ns
[2.006s][info ][safepoint      ] Safepoint "ICBufferFull", Time since last: 2028852 ns, Reaching safepoint: 25901 ns, At safepoint: 7000 ns, Total: 32901 ns
[2.009s][info ][safepoint      ] Safepoint "ICBufferFull", Time since last: 3345885 ns, Reaching safepoint: 213106 ns, At safepoint: 8800 ns, Total: 221906 ns
[2.022s][info ][safepoint      ] Safepoint "ICBufferFull", Time since last: 12287013 ns, Reaching safepoint: 48301 ns, At safepoint: 2700 ns, Total: 51001 ns
[2.023s][info ][safepoint      ] Safepoint "ICBufferFull", Time since last: 1026827 ns, Reaching safepoint: 22400 ns, At safepoint: 1900 ns, Total: 24300 ns
[2.024s][info ][safepoint      ] Safepoint "ICBufferFull", Time since last: 1461037 ns, Reaching safepoint: 19101 ns, At safepoint: 1700 ns, Total: 20801 ns
[2.025s][info ][safepoint      ] Safepoint "ICBufferFull", Time since last: 495813 ns, Reaching safepoint: 16800 ns, At safepoint: 1300 ns, Total: 18100 ns
[2.026s][info ][safepoint      ] Safepoint "ICBufferFull", Time since last: 1687443 ns, Reaching safepoint: 28301 ns, At safepoint: 2100 ns, Total: 30401 ns
[2.029s][info ][safepoint      ] Safepoint "ICBufferFull", Time since last: 2806871 ns, Reaching safepoint: 43002 ns, At safepoint: 4700 ns, Total: 47702 ns
[2.031s][info ][safepoint      ] Safepoint "ICBufferFull", Time since last: 1911948 ns, Reaching safepoint: 93903 ns, At safepoint: 4800 ns, Total: 98703 ns
[2.041s][info ][safepoint      ] Safepoint "ICBufferFull", Time since last: 9390839 ns, Reaching safepoint: 51002 ns, At safepoint: 2400 ns, Total: 53402 ns
[2.043s][info ][safepoint      ] Safepoint "ICBufferFull", Time since last: 2561465 ns, Reaching safepoint: 34701 ns, At safepoint: 1700 ns, Total: 36401 ns
[2.044s][info ][safepoint      ] Safepoint "ICBufferFull", Time since last: 648917 ns, Reaching safepoint: 11500 ns, At safepoint: 1100 ns, Total: 12600 ns
[2.047s][info ][safepoint      ] Safepoint "ICBufferFull", Time since last: 3222482 ns, Reaching safepoint: 32901 ns, At safepoint: 1500 ns, Total: 34401 ns
[2.048s][info ][safepoint      ] Safepoint "ICBufferFull", Time since last: 850222 ns, Reaching safepoint: 32400 ns, At safepoint: 1101 ns, Total: 33501 ns
[2.050s][info ][safepoint      ] Safepoint "ICBufferFull", Time since last: 2403061 ns, Reaching safepoint: 18300 ns, At safepoint: 8000 ns, Total: 26300 ns
[2.051s][info ][safepoint      ] Safepoint "ICBufferFull", Time since last: 564615 ns, Reaching safepoint: 45801 ns, At safepoint: 5800 ns, Total: 51601 ns
[2.054s][info ][safepoint      ] Safepoint "ICBufferFull", Time since last: 2496264 ns, Reaching safepoint: 42001 ns, At safepoint: 2100 ns, Total: 44101 ns
[2.055s][info ][safepoint      ] Safepoint "ICBufferFull", Time since last: 1614841 ns, Reaching safepoint: 29301 ns, At safepoint: 900 ns, Total: 30201 ns
[2.056s][info ][safepoint      ] Safepoint "ICBufferFull", Time since last: 570114 ns, Reaching safepoint: 17201 ns, At safepoint: 1200 ns, Total: 18401 ns
[2.060s][info ][safepoint      ] Safepoint "ICBufferFull", Time since last: 4547716 ns, Reaching safepoint: 33901 ns, At safepoint: 2500 ns, Total: 36401 ns
[2.067s][info ][safepoint      ] Safepoint "ICBufferFull", Time since last: 6725571 ns, Reaching safepoint: 37601 ns, At safepoint: 3500 ns, Total: 41101 ns
[2.078s][info ][safepoint      ] Safepoint "ICBufferFull", Time since last: 11026282 ns, Reaching safepoint: 75101 ns, At safepoint: 2601 ns, Total: 77702 ns
[2.094s][info ][safepoint      ] Safepoint "ICBufferFull", Time since last: 15501295 ns, Reaching safepoint: 28101 ns, At safepoint: 2100 ns, Total: 30201 ns
[2.095s][info ][safepoint      ] Safepoint "ICBufferFull", Time since last: 813120 ns, Reaching safepoint: 19401 ns, At safepoint: 1400 ns, Total: 20801 ns
[2.096s][info ][safepoint      ] Safepoint "ICBufferFull", Time since last: 1039726 ns, Reaching safepoint: 18801 ns, At safepoint: 1800 ns, Total: 20601 ns
[2.097s][info ][safepoint      ] Safepoint "ICBufferFull", Time since last: 791320 ns, Reaching safepoint: 19901 ns, At safepoint: 1600 ns, Total: 21501 ns
[2.097s][info ][safepoint      ] Safepoint "ICBufferFull", Time since last: 741219 ns, Reaching safepoint: 22500 ns, At safepoint: 1800 ns, Total: 24300 ns
[2.100s][info ][safepoint      ] Safepoint "ICBufferFull", Time since last: 2898074 ns, Reaching safepoint: 39601 ns, At safepoint: 2100 ns, Total: 41701 ns
[2.101s][info ][safepoint      ] Safepoint "ICBufferFull", Time since last: 1057627 ns, Reaching safepoint: 37301 ns, At safepoint: 2400 ns, Total: 39701 ns
[2.102s][info ][safepoint      ] Safepoint "ICBufferFull", Time since last: 922624 ns, Reaching safepoint: 19400 ns, At safepoint: 1500 ns, Total: 20900 ns
[2.103s][info ][safepoint      ] Safepoint "ICBufferFull", Time since last: 998126 ns, Reaching safepoint: 105202 ns, At safepoint: 5100 ns, Total: 110302 ns
[2.107s][info ][safepoint      ] Safepoint "ICBufferFull", Time since last: 3101879 ns, Reaching safepoint: 42002 ns, At safepoint: 2000 ns, Total: 44002 ns
[2.107s][info ][safepoint      ] Safepoint "ICBufferFull", Time since last: 904623 ns, Reaching safepoint: 31200 ns, At safepoint: 1301 ns, Total: 32501 ns
[2.109s][info ][safepoint      ] Safepoint "ICBufferFull", Time since last: 1236131 ns, Reaching safepoint: 20201 ns, At safepoint: 1200 ns, Total: 21401 ns
[2.113s][info ][safepoint      ] Safepoint "ICBufferFull", Time since last: 4191706 ns, Reaching safepoint: 51102 ns, At safepoint: 6800 ns, Total: 57902 ns
[2.114s][info ][safepoint      ] Safepoint "ICBufferFull", Time since last: 1052927 ns, Reaching safepoint: 56501 ns, At safepoint: 2000 ns, Total: 58501 ns
[2.116s][info ][safepoint      ] Safepoint "ICBufferFull", Time since last: 1417336 ns, Reaching safepoint: 20701 ns, At safepoint: 1700 ns, Total: 22401 ns
[2.116s][info ][safepoint      ] Safepoint "ICBufferFull", Time since last: 495913 ns, Reaching safepoint: 18400 ns, At safepoint: 1200 ns, Total: 19600 ns
[2.118s][info ][safepoint      ] Safepoint "ICBufferFull", Time since last: 1673543 ns, Reaching safepoint: 30401 ns, At safepoint: 1500 ns, Total: 31901 ns
[2.119s][info ][safepoint      ] Safepoint "ICBufferFull", Time since last: 1537339 ns, Reaching safepoint: 46001 ns, At safepoint: 6600 ns, Total: 52601 ns
[2.121s][info ][safepoint      ] Safepoint "ICBufferFull", Time since last: 1340134 ns, Reaching safepoint: 22301 ns, At safepoint: 1500 ns, Total: 23801 ns
[2.122s][info ][safepoint      ] Safepoint "ICBufferFull", Time since last: 1175030 ns, Reaching safepoint: 28201 ns, At safepoint: 1300 ns, Total: 29501 ns
[2.123s][info ][safepoint      ] Safepoint "ICBufferFull", Time since last: 1367635 ns, Reaching safepoint: 106202 ns, At safepoint: 7700 ns, Total: 113902 ns
[2.125s][info ][safepoint      ] Safepoint "ICBufferFull", Time since last: 1799546 ns, Reaching safepoint: 57202 ns, At safepoint: 7400 ns, Total: 64602 ns
[2.127s][info ][safepoint      ] Safepoint "ICBufferFull", Time since last: 1721344 ns, Reaching safepoint: 60701 ns, At safepoint: 6001 ns, Total: 66702 ns
[2.129s][info ][safepoint      ] Safepoint "ICBufferFull", Time since last: 1538039 ns, Reaching safepoint: 98302 ns, At safepoint: 10901 ns, Total: 109203 ns
[2.130s][info ][safepoint      ] Safepoint "ICBufferFull", Time since last: 1243631 ns, Reaching safepoint: 84902 ns, At safepoint: 4901 ns, Total: 89803 ns
[2.131s][info ][safepoint      ] Safepoint "ICBufferFull", Time since last: 1239631 ns, Reaching safepoint: 19101 ns, At safepoint: 1900 ns, Total: 21001 ns
[2.132s][info ][safepoint      ] Safepoint "ICBufferFull", Time since last: 1148829 ns, Reaching safepoint: 21701 ns, At safepoint: 7100 ns, Total: 28801 ns
[2.134s][info ][safepoint      ] Safepoint "ICBufferFull", Time since last: 1186230 ns, Reaching safepoint: 32401 ns, At safepoint: 1900 ns, Total: 34301 ns
[2.135s][info ][safepoint      ] Safepoint "ICBufferFull", Time since last: 1182630 ns, Reaching safepoint: 32301 ns, At safepoint: 1800 ns, Total: 34101 ns
[2.137s][info ][safepoint      ] Safepoint "ICBufferFull", Time since last: 2057352 ns, Reaching safepoint: 37001 ns, At safepoint: 2200 ns, Total: 39201 ns
[2.138s][info ][safepoint      ] Safepoint "ICBufferFull", Time since last: 1163630 ns, Reaching safepoint: 19101 ns, At safepoint: 1700 ns, Total: 20801 ns
[2.139s][info ][safepoint      ] Safepoint "ICBufferFull", Time since last: 1243431 ns, Reaching safepoint: 18301 ns, At safepoint: 1600 ns, Total: 19901 ns
[2.140s][info ][safepoint      ] Safepoint "ICBufferFull", Time since last: 492112 ns, Reaching safepoint: 17001 ns, At safepoint: 1500 ns, Total: 18501 ns
[2.141s][info ][safepoint      ] Safepoint "ICBufferFull", Time since last: 1494738 ns, Reaching safepoint: 19400 ns, At safepoint: 1500 ns, Total: 20900 ns
[2.144s][info ][safepoint      ] Safepoint "ICBufferFull", Time since last: 2409262 ns, Reaching safepoint: 25001 ns, At safepoint: 2100 ns, Total: 27101 ns
[2.145s][info ][safepoint      ] Safepoint "ICBufferFull", Time since last: 1062827 ns, Reaching safepoint: 18900 ns, At safepoint: 6400 ns, Total: 25300 ns
[2.146s][info ][safepoint      ] Safepoint "ICBufferFull", Time since last: 1160930 ns, Reaching safepoint: 19600 ns, At safepoint: 3101 ns, Total: 22701 ns
[2.148s][info ][safepoint      ] Safepoint "ICBufferFull", Time since last: 1502738 ns, Reaching safepoint: 97402 ns, At safepoint: 4300 ns, Total: 101702 ns
[2.148s][info ][safepoint      ] Safepoint "ICBufferFull", Time since last: 512514 ns, Reaching safepoint: 16700 ns, At safepoint: 5100 ns, Total: 21800 ns
[2.150s][info ][safepoint      ] Safepoint "ICBufferFull", Time since last: 1274333 ns, Reaching safepoint: 19600 ns, At safepoint: 1600 ns, Total: 21200 ns
[2.211s][info ][safepoint      ] Safepoint "ICBufferFull", Time since last: 61271963 ns, Reaching safepoint: 87202 ns, At safepoint: 6500 ns, Total: 93702 ns
[2.458s][info ][safepoint      ] Safepoint "ICBufferFull", Time since last: 246671390 ns, Reaching safepoint: 210206 ns, At safepoint: 3700 ns, Total: 213906 ns
[2.612s][info ][gc,start       ] GC(2) Pause Young (Metadata GC Threshold)
[2.646s][debug][gc,phases      ] GC(2) Scavenge 33.937ms
[2.646s][debug][gc,ref         ] GC(2) Skipped phase 1 of Reference Processing: no references
[2.646s][debug][gc,ref         ] GC(2) ReferenceProcessor::execute queues: 2, RefProcThreadModel::Multi, marks_oops_alive: false
[2.648s][debug][gc,ref         ] GC(2) Skipped phase 3 of Reference Processing: no references
[2.648s][debug][gc,ref         ] GC(2) ReferenceProcessor::execute queues: 1, RefProcThreadModel::Single, marks_oops_alive: false
[2.648s][debug][gc,phases      ] GC(2) Reference Processing 1.717ms
[2.649s][debug][gc,phases      ] GC(2)   VM Weak                        Min:  0.0, Avg:  0.3, Max:  1.0, Diff:  1.0, Sum:  1.0, Workers: 4
[2.649s][debug][gc,phases      ] GC(2)     Dead                           Min: 0, Avg:  0.0, Max: 0, Diff: 0, Sum: 0, Workers: 4
[2.649s][debug][gc,phases      ] GC(2)     Total                          Min: 0, Avg: 68.2, Max: 145, Diff: 145, Sum: 273, Workers: 4
[2.649s][debug][gc,phases      ] GC(2)   ObjectSynchronizer Weak        Min:  0.0, Avg:  0.0, Max:  0.0, Diff:  0.0, Sum:  0.0, Workers: 4
[2.649s][debug][gc,phases      ] GC(2)     Dead                           Min: 0, Avg:  0.2, Max: 1, Diff: 1, Sum: 1, Workers: 4
[2.649s][debug][gc,phases      ] GC(2)     Total                          Min: 0, Avg:  3.0, Max: 12, Diff: 12, Sum: 12, Workers: 4
[2.649s][debug][gc,phases      ] GC(2)   JVMTI Tag Weak OopStorage      Min:  0.0, Avg:  0.0, Max:  0.0, Diff:  0.0, Sum:  0.0, Workers: 4
[2.649s][debug][gc,phases      ] GC(2)     Dead                           Min: 0, Avg:  0.0, Max: 0, Diff: 0, Sum: 0, Workers: 4
[2.649s][debug][gc,phases      ] GC(2)     Total                          Min: 0, Avg:  0.0, Max: 0, Diff: 0, Sum: 0, Workers: 4
[2.649s][debug][gc,phases      ] GC(2)   StringTable Weak               Min:  0.0, Avg:  0.1, Max:  0.2, Diff:  0.2, Sum:  0.5, Workers: 4
[2.649s][debug][gc,phases      ] GC(2)     Dead                           Min: 0, Avg:  6.0, Max: 17, Diff: 17, Sum: 24, Workers: 4
[2.649s][debug][gc,phases      ] GC(2)     Total                          Min: 0, Avg: 4934.8, Max: 10240, Diff: 10240, Sum: 19739, Workers: 4
[2.649s][debug][gc,phases      ] GC(2)   ResolvedMethodTable Weak       Min:  0.0, Avg:  0.0, Max:  0.0, Diff:  0.0, Sum:  0.0, Workers: 4
[2.649s][debug][gc,phases      ] GC(2)     Dead                           Min: 0, Avg: 18.2, Max: 38, Diff: 38, Sum: 73, Workers: 4
[2.649s][debug][gc,phases      ] GC(2)     Total                          Min: 0, Avg: 472.8, Max: 1059, Diff: 1059, Sum: 1891, Workers: 4
[2.649s][debug][gc,phases      ] GC(2)   JNI Weak                       Min:  0.0, Avg:  0.0, Max:  0.0, Diff:  0.0, Sum:  0.0, Workers: 4
[2.649s][debug][gc,phases      ] GC(2)     Dead                           Min: 0, Avg:  0.0, Max: 0, Diff: 0, Sum: 0, Workers: 4
[2.649s][debug][gc,phases      ] GC(2)     Total                          Min: 0, Avg:  0.0, Max: 0, Diff: 0, Sum: 0, Workers: 4
[2.649s][debug][gc,phases      ] GC(2)   StringDedup Table Weak         Min:  0.0, Avg:  0.0, Max:  0.0, Diff:  0.0, Sum:  0.0, Workers: 4
[2.649s][debug][gc,phases      ] GC(2)     Dead                           Min: 0, Avg:  0.0, Max: 0, Diff: 0, Sum: 0, Workers: 4
[2.649s][debug][gc,phases      ] GC(2)     Total                          Min: 0, Avg:  0.0, Max: 0, Diff: 0, Sum: 0, Workers: 4
[2.649s][debug][gc,phases      ] GC(2)   StringDedup Requests0 Weak     Min:  0.0, Avg:  0.0, Max:  0.0, Diff:  0.0, Sum:  0.0, Workers: 4
[2.649s][debug][gc,phases      ] GC(2)     Dead                           Min: 0, Avg:  0.0, Max: 0, Diff: 0, Sum: 0, Workers: 4
[2.649s][debug][gc,phases      ] GC(2)     Total                          Min: 0, Avg:  0.0, Max: 0, Diff: 0, Sum: 0, Workers: 4
[2.649s][debug][gc,phases      ] GC(2)   StringDedup Requests1 Weak     Min:  0.0, Avg:  0.0, Max:  0.0, Diff:  0.0, Sum:  0.0, Workers: 4
[2.649s][debug][gc,phases      ] GC(2)     Dead                           Min: 0, Avg:  0.0, Max: 0, Diff: 0, Sum: 0, Workers: 4
[2.649s][debug][gc,phases      ] GC(2)     Total                          Min: 0, Avg:  0.0, Max: 0, Diff: 0, Sum: 0, Workers: 4
[2.649s][debug][gc,phases      ] GC(2)   Weak JFR Old Object Samples    Min:  0.0, Avg:  0.0, Max:  0.0, Diff:  0.0, Sum:  0.0, Workers: 4
[2.649s][debug][gc,phases      ] GC(2)     Dead                           Min: 0, Avg:  0.0, Max: 0, Diff: 0, Sum: 0, Workers: 4
[2.649s][debug][gc,phases      ] GC(2)     Total                          Min: 0, Avg:  0.0, Max: 0, Diff: 0, Sum: 0, Workers: 4
[2.649s][debug][gc,phases      ] GC(2) Weak Processing 1.230ms
[2.649s][debug][gc,age         ] GC(2) Desired survivor size 536870912 bytes, new threshold 7 (max threshold 15)
[2.649s][info ][gc,heap        ] GC(2) PSYoungGen: 455193K(1572864K)->56583K(1572864K) Eden: 443898K(1048576K)->0K(1048576K) From: 11295K(524288K)->56583K(524288K)
[2.649s][info ][gc,heap        ] GC(2) ParOldGen: 5695K(6144K)->5703K(6144K)
[2.649s][info ][gc,metaspace   ] GC(2) Metaspace: 35429K(35840K)->35429K(35840K) NonClass: 30961K(31168K)->30961K(31168K) Class: 4467K(4672K)->4467K(4672K)
[2.649s][info ][gc             ] GC(2) Pause Young (Metadata GC Threshold) 450M->60M(1542M) 37.038ms
[2.649s][info ][gc,cpu         ] GC(2) User=0.11s Sys=0.03s Real=0.04s
[2.649s][debug][gc,phases      ] GC(3) Pre Compact 0.012ms
[2.649s][info ][gc,start       ] GC(3) Pause Full (Metadata GC Threshold)
[2.649s][info ][gc,phases,start] GC(3) Marking Phase
[2.669s][debug][gc,phases      ] GC(3) Par Mark 19.530ms
[2.669s][debug][gc,ref         ] GC(3) Skipped phase 1 of Reference Processing: no references
[2.669s][debug][gc,ref         ] GC(3) ReferenceProcessor::execute queues: 2, RefProcThreadModel::Multi, marks_oops_alive: false
[2.669s][debug][gc,ref         ] GC(3) Skipped phase 3 of Reference Processing: no references
[2.669s][debug][gc,ref         ] GC(3) ReferenceProcessor::execute queues: 1, RefProcThreadModel::Single, marks_oops_alive: false
[2.669s][debug][gc,phases      ] GC(3) Reference Processing 0.218ms
[2.669s][debug][gc,phases      ] GC(3)   VM Weak                        Min:  0.0, Avg:  0.0, Max:  0.0, Diff:  0.0, Sum:  0.0, Workers: 4
[2.669s][debug][gc,phases      ] GC(3)     Dead                           Min: 0, Avg:  0.0, Max: 0, Diff: 0, Sum: 0, Workers: 4
[2.669s][debug][gc,phases      ] GC(3)     Total                          Min: 0, Avg: 68.2, Max: 273, Diff: 273, Sum: 273, Workers: 4
[2.669s][debug][gc,phases      ] GC(3)   ObjectSynchronizer Weak        Min:  0.0, Avg:  0.0, Max:  0.0, Diff:  0.0, Sum:  0.0, Workers: 4
[2.669s][debug][gc,phases      ] GC(3)     Dead                           Min: 0, Avg:  0.0, Max: 0, Diff: 0, Sum: 0, Workers: 4
[2.669s][debug][gc,phases      ] GC(3)     Total                          Min: 0, Avg:  3.0, Max: 12, Diff: 12, Sum: 12, Workers: 4
[2.669s][debug][gc,phases      ] GC(3)   JVMTI Tag Weak OopStorage      Min:  0.0, Avg:  0.0, Max:  0.0, Diff:  0.0, Sum:  0.0, Workers: 4
[2.669s][debug][gc,phases      ] GC(3)     Dead                           Min: 0, Avg:  0.0, Max: 0, Diff: 0, Sum: 0, Workers: 4
[2.669s][debug][gc,phases      ] GC(3)     Total                          Min: 0, Avg:  0.0, Max: 0, Diff: 0, Sum: 0, Workers: 4
[2.669s][debug][gc,phases      ] GC(3)   StringTable Weak               Min:  0.0, Avg:  0.1, Max:  0.1, Diff:  0.1, Sum:  0.2, Workers: 4
[2.669s][debug][gc,phases      ] GC(3)     Dead                           Min: 0, Avg:  0.0, Max: 0, Diff: 0, Sum: 0, Workers: 4
[2.669s][debug][gc,phases      ] GC(3)     Total                          Min: 0, Avg: 4934.8, Max: 7936, Diff: 7936, Sum: 19739, Workers: 4
[2.669s][debug][gc,phases      ] GC(3)   ResolvedMethodTable Weak       Min:  0.0, Avg:  0.0, Max:  0.0, Diff:  0.0, Sum:  0.0, Workers: 4
[2.669s][debug][gc,phases      ] GC(3)     Dead                           Min: 0, Avg:  0.0, Max: 0, Diff: 0, Sum: 0, Workers: 4
[2.669s][debug][gc,phases      ] GC(3)     Total                          Min: 0, Avg: 472.8, Max: 739, Diff: 739, Sum: 1891, Workers: 4
[2.669s][debug][gc,phases      ] GC(3)   JNI Weak                       Min:  0.0, Avg:  0.0, Max:  0.0, Diff:  0.0, Sum:  0.0, Workers: 4
[2.669s][debug][gc,phases      ] GC(3)     Dead                           Min: 0, Avg:  0.0, Max: 0, Diff: 0, Sum: 0, Workers: 4
[2.669s][debug][gc,phases      ] GC(3)     Total                          Min: 0, Avg:  0.0, Max: 0, Diff: 0, Sum: 0, Workers: 4
[2.669s][debug][gc,phases      ] GC(3)   StringDedup Table Weak         Min:  0.0, Avg:  0.0, Max:  0.0, Diff:  0.0, Sum:  0.0, Workers: 4
[2.669s][debug][gc,phases      ] GC(3)     Dead                           Min: 0, Avg:  0.0, Max: 0, Diff: 0, Sum: 0, Workers: 4
[2.669s][debug][gc,phases      ] GC(3)     Total                          Min: 0, Avg:  0.0, Max: 0, Diff: 0, Sum: 0, Workers: 4
[2.669s][debug][gc,phases      ] GC(3)   StringDedup Requests0 Weak     Min:  0.0, Avg:  0.0, Max:  0.0, Diff:  0.0, Sum:  0.0, Workers: 4
[2.669s][debug][gc,phases      ] GC(3)     Dead                           Min: 0, Avg:  0.0, Max: 0, Diff: 0, Sum: 0, Workers: 4
[2.669s][debug][gc,phases      ] GC(3)     Total                          Min: 0, Avg:  0.0, Max: 0, Diff: 0, Sum: 0, Workers: 4
[2.669s][debug][gc,phases      ] GC(3)   StringDedup Requests1 Weak     Min:  0.0, Avg:  0.0, Max:  0.0, Diff:  0.0, Sum:  0.0, Workers: 4
[2.669s][debug][gc,phases      ] GC(3)     Dead                           Min: 0, Avg:  0.0, Max: 0, Diff: 0, Sum: 0, Workers: 4
[2.669s][debug][gc,phases      ] GC(3)     Total                          Min: 0, Avg:  0.0, Max: 0, Diff: 0, Sum: 0, Workers: 4
[2.669s][debug][gc,phases      ] GC(3)   Weak JFR Old Object Samples    Min:  0.0, Avg:  0.0, Max:  0.0, Diff:  0.0, Sum:  0.0, Workers: 4
[2.669s][debug][gc,phases      ] GC(3)     Dead                           Min: 0, Avg:  0.0, Max: 0, Diff: 0, Sum: 0, Workers: 4
[2.669s][debug][gc,phases      ] GC(3)     Total                          Min: 0, Avg:  0.0, Max: 0, Diff: 0, Sum: 0, Workers: 4
[2.669s][debug][gc,phases      ] GC(3) Weak Processing 0.319ms
[2.669s][debug][gc,phases      ] GC(3) ClassLoaderData 0.038ms
[2.669s][debug][gc,phases      ] GC(3) Trigger cleanups 0.000ms
[2.674s][debug][gc,phases      ] GC(3) Class Unloading 4.717ms
[2.674s][info ][gc,phases      ] GC(3) Marking Phase 24.902ms
[2.674s][info ][gc,phases,start] GC(3) Summary Phase
[2.674s][info ][gc,phases      ] GC(3) Summary Phase 0.008ms
[2.674s][info ][gc,phases,start] GC(3) Adjust Roots
[2.678s][info ][gc,phases      ] GC(3) Adjust Roots 4.317ms
[2.678s][info ][gc,phases,start] GC(3) Compaction Phase
[2.921s][info ][gc,phases      ] GC(3) Compaction Phase 242.414ms
[2.921s][info ][gc,phases,start] GC(3) Post Compact
[2.922s][info ][gc,phases      ] GC(3) Post Compact 0.853ms
[2.922s][info ][gc,heap        ] GC(3) PSYoungGen: 56583K(1572864K)->56390K(1572864K) Eden: 0K(1048576K)->0K(1048576K) From: 56583K(524288K)->56390K(524288K)
[2.922s][info ][gc,heap        ] GC(3) ParOldGen: 5703K(6144K)->5642K(6144K)
[2.922s][info ][gc,metaspace   ] GC(3) Metaspace: 35429K(35840K)->35429K(35840K) NonClass: 30961K(31168K)->30961K(31168K) Class: 4467K(4672K)->4467K(4672K)
[2.922s][info ][gc             ] GC(3) Pause Full (Metadata GC Threshold) 60M->60M(1542M) 272.648ms
[2.922s][info ][gc,cpu         ] GC(3) User=0.59s Sys=0.00s Real=0.27s
[2.922s][info ][safepoint      ] Safepoint "CollectForMetadataAllocation", Time since last: 154046228 ns, Reaching safepoint: 101903 ns, At safepoint: 309862002 ns, Total: 309963905 ns
[3.220s][info ][safepoint      ] Safepoint "ICBufferFull", Time since last: 298347409 ns, Reaching safepoint: 143303 ns, At safepoint: 8701 ns, Total: 152004 ns
[3.342s][info ][safepoint      ] Safepoint "ICBufferFull", Time since last: 121143389 ns, Reaching safepoint: 263907 ns, At safepoint: 11600 ns, Total: 275507 ns
[3.502s][info ][safepoint      ] Safepoint "ICBufferFull", Time since last: 160406391 ns, Reaching safepoint: 240606 ns, At safepoint: 25401 ns, Total: 266007 ns
[3.596s][info ][safepoint      ] Safepoint "ICBufferFull", Time since last: 93510685 ns, Reaching safepoint: 208505 ns, At safepoint: 26701 ns, Total: 235206 ns
[3.761s][info ][safepoint      ] Safepoint "ICBufferFull", Time since last: 164299590 ns, Reaching safepoint: 234606 ns, At safepoint: 27901 ns, Total: 262507 ns
[3.815s][info ][safepoint      ] Safepoint "ICBufferFull", Time since last: 48254831 ns, Reaching safepoint: 6062255 ns, At safepoint: 40901 ns, Total: 6103156 ns
[3.815s][info ][safepoint      ] Safepoint "ICBufferFull", Time since last: 88302 ns, Reaching safepoint: 180504 ns, At safepoint: 36201 ns, Total: 216705 ns
[3.816s][info ][safepoint      ] Safepoint "ICBufferFull", Time since last: 408611 ns, Reaching safepoint: 121503 ns, At safepoint: 47301 ns, Total: 168804 ns
[3.997s][info ][safepoint      ] Safepoint "ICBufferFull", Time since last: 180818912 ns, Reaching safepoint: 220106 ns, At safepoint: 25901 ns, Total: 246007 ns
[4.280s][info ][safepoint      ] Safepoint "ICBufferFull", Time since last: 282259599 ns, Reaching safepoint: 243906 ns, At safepoint: 25701 ns, Total: 269607 ns
[4.442s][info ][safepoint      ] Safepoint "ICBufferFull", Time since last: 162008932 ns, Reaching safepoint: 250907 ns, At safepoint: 23100 ns, Total: 274007 ns
[4.477s][info ][gc,start       ] GC(4) Pause Young (Allocation Failure)
[4.613s][debug][gc,phases      ] GC(4) Scavenge 136.600ms
[4.613s][debug][gc,ref         ] GC(4) Skipped phase 1 of Reference Processing: no references
[4.613s][debug][gc,ref         ] GC(4) ReferenceProcessor::execute queues: 4, RefProcThreadModel::Multi, marks_oops_alive: false
[4.614s][debug][gc,ref         ] GC(4) Skipped phase 3 of Reference Processing: no references
[4.614s][debug][gc,ref         ] GC(4) ReferenceProcessor::execute queues: 3, RefProcThreadModel::Multi, marks_oops_alive: false
[4.614s][debug][gc,phases      ] GC(4) Reference Processing 0.548ms
[4.615s][debug][gc,phases      ] GC(4)   VM Weak                        Min:  0.0, Avg:  0.0, Max:  0.0, Diff:  0.0, Sum:  0.0, Workers: 4
[4.615s][debug][gc,phases      ] GC(4)     Dead                           Min: 0, Avg:  0.0, Max: 0, Diff: 0, Sum: 0, Workers: 4
[4.615s][debug][gc,phases      ] GC(4)     Total                          Min: 0, Avg: 104.2, Max: 320, Diff: 320, Sum: 417, Workers: 4
[4.615s][debug][gc,phases      ] GC(4)   ObjectSynchronizer Weak        Min:  0.0, Avg:  0.0, Max:  0.0, Diff:  0.0, Sum:  0.0, Workers: 4
[4.615s][debug][gc,phases      ] GC(4)     Dead                           Min: 0, Avg: 60.2, Max: 101, Diff: 101, Sum: 241, Workers: 4
[4.615s][debug][gc,phases      ] GC(4)     Total                          Min: 0, Avg: 69.5, Max: 128, Diff: 128, Sum: 278, Workers: 4
[4.615s][debug][gc,phases      ] GC(4)   JVMTI Tag Weak OopStorage      Min:  0.0, Avg:  0.0, Max:  0.0, Diff:  0.0, Sum:  0.0, Workers: 4
[4.615s][debug][gc,phases      ] GC(4)     Dead                           Min: 0, Avg:  0.0, Max: 0, Diff: 0, Sum: 0, Workers: 4
[4.615s][debug][gc,phases      ] GC(4)     Total                          Min: 0, Avg:  0.0, Max: 0, Diff: 0, Sum: 0, Workers: 4
[4.615s][debug][gc,phases      ] GC(4)   StringTable Weak               Min:  0.0, Avg:  0.4, Max:  0.5, Diff:  0.5, Sum:  1.5, Workers: 4
[4.615s][debug][gc,phases      ] GC(4)     Dead                           Min: 0, Avg:  6.5, Max: 15, Diff: 15, Sum: 26, Workers: 4
[4.615s][debug][gc,phases      ] GC(4)     Total                          Min: 0, Avg: 9523.5, Max: 16704, Diff: 16704, Sum: 38094, Workers: 4
[4.615s][debug][gc,phases      ] GC(4)   ResolvedMethodTable Weak       Min:  0.0, Avg:  0.1, Max:  0.1, Diff:  0.1, Sum:  0.2, Workers: 4
[4.615s][debug][gc,phases      ] GC(4)     Dead                           Min: 0, Avg: 39.0, Max: 67, Diff: 67, Sum: 156, Workers: 4
[4.615s][debug][gc,phases      ] GC(4)     Total                          Min: 0, Avg: 1212.2, Max: 2290, Diff: 2290, Sum: 4849, Workers: 4
[4.615s][debug][gc,phases      ] GC(4)   JNI Weak                       Min:  0.0, Avg:  0.0, Max:  0.0, Diff:  0.0, Sum:  0.0, Workers: 4
[4.615s][debug][gc,phases      ] GC(4)     Dead                           Min: 0, Avg:  0.0, Max: 0, Diff: 0, Sum: 0, Workers: 4
[4.615s][debug][gc,phases      ] GC(4)     Total                          Min: 0, Avg:  2.0, Max: 8, Diff: 8, Sum: 8, Workers: 4
[4.615s][debug][gc,phases      ] GC(4)   StringDedup Table Weak         Min:  0.0, Avg:  0.0, Max:  0.0, Diff:  0.0, Sum:  0.0, Workers: 4
[4.615s][debug][gc,phases      ] GC(4)     Dead                           Min: 0, Avg:  0.0, Max: 0, Diff: 0, Sum: 0, Workers: 4
[4.615s][debug][gc,phases      ] GC(4)     Total                          Min: 0, Avg:  0.0, Max: 0, Diff: 0, Sum: 0, Workers: 4
[4.615s][debug][gc,phases      ] GC(4)   StringDedup Requests0 Weak     Min:  0.0, Avg:  0.0, Max:  0.0, Diff:  0.0, Sum:  0.0, Workers: 4
[4.615s][debug][gc,phases      ] GC(4)     Dead                           Min: 0, Avg:  0.0, Max: 0, Diff: 0, Sum: 0, Workers: 4
[4.615s][debug][gc,phases      ] GC(4)     Total                          Min: 0, Avg:  0.0, Max: 0, Diff: 0, Sum: 0, Workers: 4
[4.615s][debug][gc,phases      ] GC(4)   StringDedup Requests1 Weak     Min:  0.0, Avg:  0.0, Max:  0.0, Diff:  0.0, Sum:  0.0, Workers: 4
[4.615s][debug][gc,phases      ] GC(4)     Dead                           Min: 0, Avg:  0.0, Max: 0, Diff: 0, Sum: 0, Workers: 4
[4.615s][debug][gc,phases      ] GC(4)     Total                          Min: 0, Avg:  0.0, Max: 0, Diff: 0, Sum: 0, Workers: 4
[4.615s][debug][gc,phases      ] GC(4)   Weak JFR Old Object Samples    Min:  0.0, Avg:  0.0, Max:  0.0, Diff:  0.0, Sum:  0.0, Workers: 4
[4.615s][debug][gc,phases      ] GC(4)     Dead                           Min: 0, Avg:  0.0, Max: 0, Diff: 0, Sum: 0, Workers: 4
[4.615s][debug][gc,phases      ] GC(4)     Total                          Min: 0, Avg:  0.0, Max: 0, Diff: 0, Sum: 0, Workers: 4
[4.615s][debug][gc,phases      ] GC(4) Weak Processing 0.937ms
[4.615s][debug][gc,age         ] GC(4) Desired survivor size 536870912 bytes, new threshold 7 (max threshold 15)
[4.615s][info ][gc,heap        ] GC(4) PSYoungGen: 1104966K(1572864K)->169802K(1572864K) Eden: 1048576K(1048576K)->0K(1048576K) From: 56390K(524288K)->169802K(524288K)
[4.615s][info ][gc,heap        ] GC(4) ParOldGen: 5642K(6144K)->5650K(6144K)
[4.615s][info ][gc,metaspace   ] GC(4) Metaspace: 53214K(53760K)->53214K(53760K) NonClass: 45346K(45632K)->45346K(45632K) Class: 7867K(8128K)->7867K(8128K)
[4.615s][info ][gc             ] GC(4) Pause Young (Allocation Failure) 1084M->171M(1542M) 138.246ms
[4.615s][info ][gc,cpu         ] GC(4) User=0.44s Sys=0.10s Real=0.14s
[4.615s][info ][safepoint      ] Safepoint "ParallelGCFailedAllocation", Time since last: 34507481 ns, Reaching safepoint: 221805 ns, At safepoint: 138385030 ns, Total: 138606835 ns
[4.718s][info ][safepoint      ] Safepoint "ICBufferFull", Time since last: 102329510 ns, Reaching safepoint: 198505 ns, At safepoint: 20601 ns, Total: 219106 ns
[4.726s][info ][safepoint      ] Safepoint "ICBufferFull", Time since last: 8728022 ns, Reaching safepoint: 121704 ns, At safepoint: 21600 ns, Total: 143304 ns
[4.739s][info ][safepoint      ] Safepoint "ICBufferFull", Time since last: 12378316 ns, Reaching safepoint: 129603 ns, At safepoint: 23001 ns, Total: 152604 ns
[4.743s][info ][safepoint      ] Safepoint "ICBufferFull", Time since last: 3637093 ns, Reaching safepoint: 98302 ns, At safepoint: 28101 ns, Total: 126403 ns
[4.752s][info ][safepoint      ] Safepoint "ICBufferFull", Time since last: 2675668 ns, Reaching safepoint: 6371263 ns, At safepoint: 34500 ns, Total: 6405763 ns
[4.755s][info ][safepoint      ] Safepoint "ICBufferFull", Time since last: 3442088 ns, Reaching safepoint: 116003 ns, At safepoint: 25701 ns, Total: 141704 ns
[4.767s][info ][safepoint      ] Safepoint "ICBufferFull", Time since last: 11272387 ns, Reaching safepoint: 141604 ns, At safepoint: 25401 ns, Total: 167005 ns
[4.770s][info ][safepoint      ] Safepoint "ICBufferFull", Time since last: 2573965 ns, Reaching safepoint: 105203 ns, At safepoint: 20101 ns, Total: 125304 ns
[4.772s][info ][safepoint      ] Safepoint "ICBufferFull", Time since last: 2527664 ns, Reaching safepoint: 103403 ns, At safepoint: 20100 ns, Total: 123503 ns
[4.777s][info ][safepoint      ] Safepoint "ICBufferFull", Time since last: 5109131 ns, Reaching safepoint: 118603 ns, At safepoint: 24700 ns, Total: 143303 ns
[4.780s][info ][safepoint      ] Safepoint "ICBufferFull", Time since last: 2073853 ns, Reaching safepoint: 102803 ns, At safepoint: 24600 ns, Total: 127403 ns
[4.782s][info ][safepoint      ] Safepoint "ICBufferFull", Time since last: 2099654 ns, Reaching safepoint: 89402 ns, At safepoint: 31601 ns, Total: 121003 ns
[4.794s][info ][safepoint      ] Safepoint "ICBufferFull", Time since last: 11762600 ns, Reaching safepoint: 107603 ns, At safepoint: 30401 ns, Total: 138004 ns
[4.799s][info ][safepoint      ] Safepoint "ICBufferFull", Time since last: 4670319 ns, Reaching safepoint: 123403 ns, At safepoint: 26401 ns, Total: 149804 ns
[4.802s][info ][safepoint      ] Safepoint "ICBufferFull", Time since last: 3316484 ns, Reaching safepoint: 102403 ns, At safepoint: 23200 ns, Total: 125603 ns
[4.804s][info ][safepoint      ] Safepoint "ICBufferFull", Time since last: 2032552 ns, Reaching safepoint: 103203 ns, At safepoint: 21700 ns, Total: 124903 ns
[4.817s][info ][safepoint      ] Safepoint "ICBufferFull", Time since last: 12238713 ns, Reaching safepoint: 120803 ns, At safepoint: 25600 ns, Total: 146403 ns
[4.821s][info ][safepoint      ] Safepoint "ICBufferFull", Time since last: 3905800 ns, Reaching safepoint: 115503 ns, At safepoint: 23001 ns, Total: 138504 ns
[4.827s][info ][safepoint      ] Safepoint "ICBufferFull", Time since last: 6177057 ns, Reaching safepoint: 112003 ns, At safepoint: 30101 ns, Total: 142104 ns
[4.829s][info ][safepoint      ] Safepoint "ICBufferFull", Time since last: 2412261 ns, Reaching safepoint: 108303 ns, At safepoint: 24101 ns, Total: 132404 ns
[4.835s][info ][safepoint      ] Safepoint "ICBufferFull", Time since last: 4976427 ns, Reaching safepoint: 110502 ns, At safepoint: 25901 ns, Total: 136403 ns
[4.845s][info ][safepoint      ] Safepoint "ICBufferFull", Time since last: 9891052 ns, Reaching safepoint: 104603 ns, At safepoint: 27701 ns, Total: 132304 ns
[4.847s][info ][safepoint      ] Safepoint "ICBufferFull", Time since last: 1821646 ns, Reaching safepoint: 305408 ns, At safepoint: 28701 ns, Total: 334109 ns
[4.849s][info ][safepoint      ] Safepoint "ICBufferFull", Time since last: 1890348 ns, Reaching safepoint: 107003 ns, At safepoint: 21800 ns, Total: 128803 ns
[4.851s][info ][safepoint      ] Safepoint "ICBufferFull", Time since last: 1757745 ns, Reaching safepoint: 108903 ns, At safepoint: 22300 ns, Total: 131203 ns
[4.853s][info ][safepoint      ] Safepoint "ICBufferFull", Time since last: 1752745 ns, Reaching safepoint: 178805 ns, At safepoint: 25200 ns, Total: 204005 ns
[4.860s][info ][safepoint      ] Safepoint "ICBufferFull", Time since last: 1781746 ns, Reaching safepoint: 5039428 ns, At safepoint: 993126 ns, Total: 6032554 ns
[4.863s][info ][safepoint      ] Safepoint "ICBufferFull", Time since last: 2849372 ns, Reaching safepoint: 115503 ns, At safepoint: 24801 ns, Total: 140304 ns
[4.867s][info ][safepoint      ] Safepoint "ICBufferFull", Time since last: 3448288 ns, Reaching safepoint: 125003 ns, At safepoint: 25201 ns, Total: 150204 ns
[4.872s][info ][gc,start       ] GC(5) Pause Young (Allocation Failure)
[4.959s][debug][gc,phases      ] GC(5) Scavenge 87.207ms
[4.959s][debug][gc,ref         ] GC(5) Skipped phase 1 of Reference Processing: no references
[4.959s][debug][gc,ref         ] GC(5) ReferenceProcessor::execute queues: 4, RefProcThreadModel::Multi, marks_oops_alive: false
[4.959s][debug][gc,ref         ] GC(5) Skipped phase 3 of Reference Processing: no references
[4.959s][debug][gc,ref         ] GC(5) ReferenceProcessor::execute queues: 1, RefProcThreadModel::Single, marks_oops_alive: false
[4.959s][debug][gc,phases      ] GC(5) Reference Processing 0.308ms
[4.960s][debug][gc,phases      ] GC(5)   VM Weak                        Min:  0.0, Avg:  0.0, Max:  0.0, Diff:  0.0, Sum:  0.0, Workers: 4
[4.960s][debug][gc,phases      ] GC(5)     Dead                           Min: 0, Avg:  0.0, Max: 0, Diff: 0, Sum: 0, Workers: 4
[4.960s][debug][gc,phases      ] GC(5)     Total                          Min: 0, Avg: 106.0, Max: 256, Diff: 256, Sum: 424, Workers: 4
[4.960s][debug][gc,phases      ] GC(5)   ObjectSynchronizer Weak        Min:  0.0, Avg:  0.0, Max:  0.0, Diff:  0.0, Sum:  0.0, Workers: 4
[4.960s][debug][gc,phases      ] GC(5)     Dead                           Min: 0, Avg:  4.2, Max: 17, Diff: 17, Sum: 17, Workers: 4
[4.960s][debug][gc,phases      ] GC(5)     Total                          Min: 0, Avg: 75.0, Max: 128, Diff: 128, Sum: 300, Workers: 4
[4.960s][debug][gc,phases      ] GC(5)   JVMTI Tag Weak OopStorage      Min:  0.0, Avg:  0.0, Max:  0.0, Diff:  0.0, Sum:  0.0, Workers: 4
[4.960s][debug][gc,phases      ] GC(5)     Dead                           Min: 0, Avg:  0.0, Max: 0, Diff: 0, Sum: 0, Workers: 4
[4.960s][debug][gc,phases      ] GC(5)     Total                          Min: 0, Avg:  0.0, Max: 0, Diff: 0, Sum: 0, Workers: 4
[4.960s][debug][gc,phases      ] GC(5)   StringTable Weak               Min:  0.4, Avg:  0.4, Max:  0.4, Diff:  0.0, Sum:  1.5, Workers: 4
[4.960s][debug][gc,phases      ] GC(5)     Dead                           Min: 0, Avg:  0.2, Max: 1, Diff: 1, Sum: 1, Workers: 4
[4.960s][debug][gc,phases      ] GC(5)     Total                          Min: 8000, Avg: 9544.0, Max: 13792, Diff: 5792, Sum: 38176, Workers: 4
[4.960s][debug][gc,phases      ] GC(5)   ResolvedMethodTable Weak       Min:  0.1, Avg:  0.1, Max:  0.1, Diff:  0.0, Sum:  0.2, Workers: 4
[4.960s][debug][gc,phases      ] GC(5)     Dead                           Min: 0, Avg:  0.0, Max: 0, Diff: 0, Sum: 0, Workers: 4
[4.960s][debug][gc,phases      ] GC(5)     Total                          Min: 807, Avg: 1185.8, Max: 1790, Diff: 983, Sum: 4743, Workers: 4
[4.960s][debug][gc,phases      ] GC(5)   JNI Weak                       Min:  0.0, Avg:  0.0, Max:  0.0, Diff:  0.0, Sum:  0.0, Workers: 4
[4.960s][debug][gc,phases      ] GC(5)     Dead                           Min: 0, Avg:  0.0, Max: 0, Diff: 0, Sum: 0, Workers: 4
[4.960s][debug][gc,phases      ] GC(5)     Total                          Min: 0, Avg:  3.2, Max: 13, Diff: 13, Sum: 13, Workers: 4
[4.960s][debug][gc,phases      ] GC(5)   StringDedup Table Weak         Min:  0.0, Avg:  0.0, Max:  0.0, Diff:  0.0, Sum:  0.0, Workers: 4
[4.960s][debug][gc,phases      ] GC(5)     Dead                           Min: 0, Avg:  0.0, Max: 0, Diff: 0, Sum: 0, Workers: 4
[4.960s][debug][gc,phases      ] GC(5)     Total                          Min: 0, Avg:  0.0, Max: 0, Diff: 0, Sum: 0, Workers: 4
[4.960s][debug][gc,phases      ] GC(5)   StringDedup Requests0 Weak     Min:  0.0, Avg:  0.0, Max:  0.0, Diff:  0.0, Sum:  0.0, Workers: 4
[4.960s][debug][gc,phases      ] GC(5)     Dead                           Min: 0, Avg:  0.0, Max: 0, Diff: 0, Sum: 0, Workers: 4
[4.960s][debug][gc,phases      ] GC(5)     Total                          Min: 0, Avg:  0.0, Max: 0, Diff: 0, Sum: 0, Workers: 4
[4.960s][debug][gc,phases      ] GC(5)   StringDedup Requests1 Weak     Min:  0.0, Avg:  0.0, Max:  0.0, Diff:  0.0, Sum:  0.0, Workers: 4
[4.960s][debug][gc,phases      ] GC(5)     Dead                           Min: 0, Avg:  0.0, Max: 0, Diff: 0, Sum: 0, Workers: 4
[4.960s][debug][gc,phases      ] GC(5)     Total                          Min: 0, Avg:  0.0, Max: 0, Diff: 0, Sum: 0, Workers: 4
[4.960s][debug][gc,phases      ] GC(5)   Weak JFR Old Object Samples    Min:  0.0, Avg:  0.0, Max:  0.0, Diff:  0.0, Sum:  0.0, Workers: 4
[4.960s][debug][gc,phases      ] GC(5)     Dead                           Min: 0, Avg:  0.0, Max: 0, Diff: 0, Sum: 0, Workers: 4
[4.960s][debug][gc,phases      ] GC(5)     Total                          Min: 0, Avg:  0.0, Max: 0, Diff: 0, Sum: 0, Workers: 4
[4.960s][debug][gc,phases      ] GC(5) Weak Processing 0.702ms
[4.960s][debug][gc,age         ] GC(5) Desired survivor size 536870912 bytes, new threshold 7 (max threshold 15)
[4.960s][info ][gc,heap        ] GC(5) PSYoungGen: 1218378K(1572864K)->176659K(1572864K) Eden: 1048576K(1048576K)->0K(1048576K) From: 169802K(524288K)->176659K(524288K)
[4.960s][info ][gc,heap        ] GC(5) ParOldGen: 5650K(6144K)->5658K(6144K)
[4.960s][info ][gc,metaspace   ] GC(5) Metaspace: 53457K(54016K)->53457K(54016K) NonClass: 45567K(45888K)->45567K(45888K) Class: 7890K(8128K)->7890K(8128K)
[4.960s][info ][gc             ] GC(5) Pause Young (Allocation Failure) 1195M->178M(1542M) 88.357ms
[4.960s][info ][gc,cpu         ] GC(5) User=0.30s Sys=0.06s Real=0.09s
[4.960s][info ][safepoint      ] Safepoint "ParallelGCFailedAllocation", Time since last: 4683019 ns, Reaching safepoint: 119003 ns, At safepoint: 88473257 ns, Total: 88592260 ns
[4.975s][info ][safepoint      ] Safepoint "ICBufferFull", Time since last: 12910130 ns, Reaching safepoint: 2121254 ns, At safepoint: 35801 ns, Total: 2157055 ns
[4.978s][info ][safepoint      ] Safepoint "ICBufferFull", Time since last: 2229957 ns, Reaching safepoint: 99102 ns, At safepoint: 32401 ns, Total: 131503 ns
[4.987s][info ][safepoint      ] Safepoint "ICBufferFull", Time since last: 5756947 ns, Reaching safepoint: 3208182 ns, At safepoint: 32900 ns, Total: 3241082 ns
[4.996s][info ][safepoint      ] Safepoint "ICBufferFull", Time since last: 9280937 ns, Reaching safepoint: 138604 ns, At safepoint: 22200 ns, Total: 160804 ns
[4.998s][info ][safepoint      ] Safepoint "ICBufferFull", Time since last: 2017952 ns, Reaching safepoint: 111603 ns, At safepoint: 22400 ns, Total: 134003 ns
[5.003s][info ][safepoint      ] Safepoint "ICBufferFull", Time since last: 4365712 ns, Reaching safepoint: 108902 ns, At safepoint: 25701 ns, Total: 134603 ns
[5.014s][info ][safepoint      ] Safepoint "ICBufferFull", Time since last: 8911227 ns, Reaching safepoint: 2107754 ns, At safepoint: 28701 ns, Total: 2136455 ns
[5.016s][info ][safepoint      ] Safepoint "ICBufferFull", Time since last: 1636142 ns, Reaching safepoint: 109002 ns, At safepoint: 17901 ns, Total: 126903 ns
[5.017s][info ][safepoint      ] Safepoint "ICBufferFull", Time since last: 1639142 ns, Reaching safepoint: 94302 ns, At safepoint: 17100 ns, Total: 111402 ns
[5.022s][info ][safepoint      ] Safepoint "ICBufferFull", Time since last: 1956650 ns, Reaching safepoint: 2132155 ns, At safepoint: 31301 ns, Total: 2163456 ns
[5.035s][info ][safepoint      ] Safepoint "ICBufferFull", Time since last: 13294239 ns, Reaching safepoint: 186604 ns, At safepoint: 36801 ns, Total: 223405 ns
[5.038s][info ][safepoint      ] Safepoint "ICBufferFull", Time since last: 2721670 ns, Reaching safepoint: 97502 ns, At safepoint: 28301 ns, Total: 125803 ns
[5.040s][info ][safepoint      ] Safepoint "ICBufferFull", Time since last: 2427262 ns, Reaching safepoint: 120803 ns, At safepoint: 30301 ns, Total: 151104 ns
[5.043s][info ][safepoint      ] Safepoint "ICBufferFull", Time since last: 2437362 ns, Reaching safepoint: 107403 ns, At safepoint: 35301 ns, Total: 142704 ns
[5.046s][info ][safepoint      ] Safepoint "ICBufferFull", Time since last: 2610866 ns, Reaching safepoint: 101603 ns, At safepoint: 23900 ns, Total: 125503 ns
[5.048s][info ][safepoint      ] Safepoint "ICBufferFull", Time since last: 2176156 ns, Reaching safepoint: 98102 ns, At safepoint: 20701 ns, Total: 118803 ns
[5.063s][info ][safepoint      ] Safepoint "ICBufferFull", Time since last: 15008583 ns, Reaching safepoint: 112103 ns, At safepoint: 21200 ns, Total: 133303 ns
[5.066s][info ][safepoint      ] Safepoint "ICBufferFull", Time since last: 2351360 ns, Reaching safepoint: 113403 ns, At safepoint: 20101 ns, Total: 133504 ns
[5.068s][info ][safepoint      ] Safepoint "ICBufferFull", Time since last: 2056252 ns, Reaching safepoint: 107303 ns, At safepoint: 19900 ns, Total: 127203 ns
[5.070s][info ][safepoint      ] Safepoint "ICBufferFull", Time since last: 2079053 ns, Reaching safepoint: 108103 ns, At safepoint: 19401 ns, Total: 127504 ns
[5.072s][info ][safepoint      ] Safepoint "ICBufferFull", Time since last: 2016151 ns, Reaching safepoint: 109903 ns, At safepoint: 22500 ns, Total: 132403 ns
[5.074s][info ][safepoint      ] Safepoint "ICBufferFull", Time since last: 2129655 ns, Reaching safepoint: 104902 ns, At safepoint: 22401 ns, Total: 127303 ns
[5.085s][info ][safepoint      ] Safepoint "ICBufferFull", Time since last: 10786775 ns, Reaching safepoint: 122103 ns, At safepoint: 22901 ns, Total: 145004 ns
[5.087s][info ][safepoint      ] Safepoint "ICBufferFull", Time since last: 1688543 ns, Reaching safepoint: 94502 ns, At safepoint: 17601 ns, Total: 112103 ns
[5.103s][info ][safepoint      ] Safepoint "ICBufferFull", Time since last: 15585997 ns, Reaching safepoint: 115903 ns, At safepoint: 21501 ns, Total: 137404 ns
[5.105s][info ][safepoint      ] Safepoint "ICBufferFull", Time since last: 1611841 ns, Reaching safepoint: 179305 ns, At safepoint: 21700 ns, Total: 201005 ns
[5.115s][info ][safepoint      ] Safepoint "ICBufferFull", Time since last: 10068357 ns, Reaching safepoint: 129303 ns, At safepoint: 25701 ns, Total: 155004 ns
[5.115s][info ][safepoint      ] Safepoint "ICBufferFull", Time since last: 64002 ns, Reaching safepoint: 87902 ns, At safepoint: 26201 ns, Total: 114103 ns
[5.117s][info ][safepoint      ] Safepoint "ICBufferFull", Time since last: 1751944 ns, Reaching safepoint: 100703 ns, At safepoint: 22100 ns, Total: 122803 ns
[5.119s][info ][safepoint      ] Safepoint "ICBufferFull", Time since last: 1646342 ns, Reaching safepoint: 104403 ns, At safepoint: 21101 ns, Total: 125504 ns
[5.120s][info ][safepoint      ] Safepoint "ICBufferFull", Time since last: 1313133 ns, Reaching safepoint: 89502 ns, At safepoint: 18001 ns, Total: 107503 ns
[5.122s][info ][safepoint      ] Safepoint "ICBufferFull", Time since last: 1285533 ns, Reaching safepoint: 87902 ns, At safepoint: 20600 ns, Total: 108502 ns
[5.137s][info ][safepoint      ] Safepoint "ICBufferFull", Time since last: 14930881 ns, Reaching safepoint: 120403 ns, At safepoint: 24601 ns, Total: 145004 ns
[5.141s][info ][safepoint      ] Safepoint "ICBufferFull", Time since last: 3931900 ns, Reaching safepoint: 102103 ns, At safepoint: 21100 ns, Total: 123203 ns
[5.145s][info ][safepoint      ] Safepoint "ICBufferFull", Time since last: 3919700 ns, Reaching safepoint: 104703 ns, At safepoint: 25201 ns, Total: 129904 ns
[5.147s][info ][safepoint      ] Safepoint "ICBufferFull", Time since last: 1733744 ns, Reaching safepoint: 105603 ns, At safepoint: 20200 ns, Total: 125803 ns
[5.149s][info ][safepoint      ] Safepoint "ICBufferFull", Time since last: 1729744 ns, Reaching safepoint: 104803 ns, At safepoint: 17700 ns, Total: 122503 ns
[5.164s][info ][safepoint      ] Safepoint "ICBufferFull", Time since last: 15729602 ns, Reaching safepoint: 121403 ns, At safepoint: 29101 ns, Total: 150504 ns
[5.166s][info ][safepoint      ] Safepoint "ICBufferFull", Time since last: 1344134 ns, Reaching safepoint: 101602 ns, At safepoint: 19901 ns, Total: 121503 ns
[5.167s][info ][safepoint      ] Safepoint "ICBufferFull", Time since last: 1428236 ns, Reaching safepoint: 94203 ns, At safepoint: 23200 ns, Total: 117403 ns
[5.169s][info ][safepoint      ] Safepoint "ICBufferFull", Time since last: 1360035 ns, Reaching safepoint: 92402 ns, At safepoint: 23801 ns, Total: 116203 ns
[5.170s][info ][safepoint      ] Safepoint "ICBufferFull", Time since last: 1269532 ns, Reaching safepoint: 91103 ns, At safepoint: 20700 ns, Total: 111803 ns
[5.172s][info ][safepoint      ] Safepoint "ICBufferFull", Time since last: 1325034 ns, Reaching safepoint: 93202 ns, At safepoint: 20801 ns, Total: 114003 ns
[5.174s][info ][safepoint      ] Safepoint "ICBufferFull", Time since last: 1815446 ns, Reaching safepoint: 93803 ns, At safepoint: 19700 ns, Total: 113503 ns
[5.175s][info ][safepoint      ] Safepoint "ICBufferFull", Time since last: 1552440 ns, Reaching safepoint: 92202 ns, At safepoint: 25401 ns, Total: 117603 ns
[5.177s][info ][safepoint      ] Safepoint "ICBufferFull", Time since last: 1355734 ns, Reaching safepoint: 90203 ns, At safepoint: 25400 ns, Total: 115603 ns
[5.178s][info ][safepoint      ] Safepoint "ICBufferFull", Time since last: 1245532 ns, Reaching safepoint: 91302 ns, At safepoint: 20901 ns, Total: 112203 ns
[5.203s][info ][safepoint      ] Safepoint "ICBufferFull", Time since last: 22161865 ns, Reaching safepoint: 3182181 ns, At safepoint: 24301 ns, Total: 3206482 ns
[5.205s][info ][safepoint      ] Safepoint "ICBufferFull", Time since last: 1450937 ns, Reaching safepoint: 101303 ns, At safepoint: 25100 ns, Total: 126403 ns
[5.214s][info ][safepoint      ] Safepoint "ICBufferFull", Time since last: 8772824 ns, Reaching safepoint: 273007 ns, At safepoint: 25901 ns, Total: 298908 ns
[5.217s][info ][safepoint      ] Safepoint "ICBufferFull", Time since last: 2305659 ns, Reaching safepoint: 72901 ns, At safepoint: 18801 ns, Total: 91702 ns
[5.217s][info ][gc,start       ] GC(6) Pause Young (Allocation Failure)
[5.290s][debug][gc,phases      ] GC(6) Scavenge 73.185ms
[5.290s][debug][gc,ref         ] GC(6) Skipped phase 1 of Reference Processing: no references
[5.290s][debug][gc,ref         ] GC(6) ReferenceProcessor::execute queues: 4, RefProcThreadModel::Multi, marks_oops_alive: false
[5.290s][debug][gc,ref         ] GC(6) Skipped phase 3 of Reference Processing: no references
[5.290s][debug][gc,ref         ] GC(6) ReferenceProcessor::execute queues: 1, RefProcThreadModel::Single, marks_oops_alive: false
[5.290s][debug][gc,phases      ] GC(6) Reference Processing 0.320ms
[5.291s][debug][gc,phases      ] GC(6)   VM Weak                        Min:  0.0, Avg:  0.0, Max:  0.0, Diff:  0.0, Sum:  0.0, Workers: 4
[5.291s][debug][gc,phases      ] GC(6)     Dead                           Min: 0, Avg:  0.0, Max: 0, Diff: 0, Sum: 0, Workers: 4
[5.291s][debug][gc,phases      ] GC(6)     Total                          Min: 0, Avg: 106.5, Max: 320, Diff: 320, Sum: 426, Workers: 4
[5.291s][debug][gc,phases      ] GC(6)   ObjectSynchronizer Weak        Min:  0.0, Avg:  0.0, Max:  0.0, Diff:  0.0, Sum:  0.0, Workers: 4
[5.291s][debug][gc,phases      ] GC(6)     Dead                           Min: 0, Avg:  0.0, Max: 0, Diff: 0, Sum: 0, Workers: 4
[5.291s][debug][gc,phases      ] GC(6)     Total                          Min: 0, Avg: 75.0, Max: 172, Diff: 172, Sum: 300, Workers: 4
[5.291s][debug][gc,phases      ] GC(6)   JVMTI Tag Weak OopStorage      Min:  0.0, Avg:  0.0, Max:  0.0, Diff:  0.0, Sum:  0.0, Workers: 4
[5.291s][debug][gc,phases      ] GC(6)     Dead                           Min: 0, Avg:  0.0, Max: 0, Diff: 0, Sum: 0, Workers: 4
[5.291s][debug][gc,phases      ] GC(6)     Total                          Min: 0, Avg:  0.0, Max: 0, Diff: 0, Sum: 0, Workers: 4
[5.291s][debug][gc,phases      ] GC(6)   StringTable Weak               Min:  0.5, Avg:  0.5, Max:  0.5, Diff:  0.0, Sum:  2.1, Workers: 4
[5.291s][debug][gc,phases      ] GC(6)     Dead                           Min: 0, Avg:  3.2, Max: 13, Diff: 13, Sum: 13, Workers: 4
[5.291s][debug][gc,phases      ] GC(6)     Total                          Min: 7936, Avg: 9548.8, Max: 11123, Diff: 3187, Sum: 38195, Workers: 4
[5.291s][debug][gc,phases      ] GC(6)   ResolvedMethodTable Weak       Min:  0.1, Avg:  0.1, Max:  0.1, Diff:  0.0, Sum:  0.2, Workers: 4
[5.291s][debug][gc,phases      ] GC(6)     Dead                           Min: 0, Avg:  0.0, Max: 0, Diff: 0, Sum: 0, Workers: 4
[5.291s][debug][gc,phases      ] GC(6)     Total                          Min: 741, Avg: 1189.5, Max: 1750, Diff: 1009, Sum: 4758, Workers: 4
[5.291s][debug][gc,phases      ] GC(6)   JNI Weak                       Min:  0.0, Avg:  0.0, Max:  0.0, Diff:  0.0, Sum:  0.0, Workers: 4
[5.291s][debug][gc,phases      ] GC(6)     Dead                           Min: 0, Avg:  0.0, Max: 0, Diff: 0, Sum: 0, Workers: 4
[5.291s][debug][gc,phases      ] GC(6)     Total                          Min: 0, Avg:  1.8, Max: 7, Diff: 7, Sum: 7, Workers: 4
[5.291s][debug][gc,phases      ] GC(6)   StringDedup Table Weak         Min:  0.0, Avg:  0.0, Max:  0.0, Diff:  0.0, Sum:  0.0, Workers: 4
[5.291s][debug][gc,phases      ] GC(6)     Dead                           Min: 0, Avg:  0.0, Max: 0, Diff: 0, Sum: 0, Workers: 4
[5.291s][debug][gc,phases      ] GC(6)     Total                          Min: 0, Avg:  0.0, Max: 0, Diff: 0, Sum: 0, Workers: 4
[5.291s][debug][gc,phases      ] GC(6)   StringDedup Requests0 Weak     Min:  0.0, Avg:  0.0, Max:  0.0, Diff:  0.0, Sum:  0.0, Workers: 4
[5.291s][debug][gc,phases      ] GC(6)     Dead                           Min: 0, Avg:  0.0, Max: 0, Diff: 0, Sum: 0, Workers: 4
[5.291s][debug][gc,phases      ] GC(6)     Total                          Min: 0, Avg:  0.0, Max: 0, Diff: 0, Sum: 0, Workers: 4
[5.291s][debug][gc,phases      ] GC(6)   StringDedup Requests1 Weak     Min:  0.0, Avg:  0.0, Max:  0.0, Diff:  0.0, Sum:  0.0, Workers: 4
[5.291s][debug][gc,phases      ] GC(6)     Dead                           Min: 0, Avg:  0.0, Max: 0, Diff: 0, Sum: 0, Workers: 4
[5.291s][debug][gc,phases      ] GC(6)     Total                          Min: 0, Avg:  0.0, Max: 0, Diff: 0, Sum: 0, Workers: 4
[5.291s][debug][gc,phases      ] GC(6)   Weak JFR Old Object Samples    Min:  0.0, Avg:  0.0, Max:  0.0, Diff:  0.0, Sum:  0.0, Workers: 4
[5.291s][debug][gc,phases      ] GC(6)     Dead                           Min: 0, Avg:  0.0, Max: 0, Diff: 0, Sum: 0, Workers: 4
[5.291s][debug][gc,phases      ] GC(6)     Total                          Min: 0, Avg:  0.0, Max: 0, Diff: 0, Sum: 0, Workers: 4
[5.291s][debug][gc,phases      ] GC(6) Weak Processing 0.841ms
[5.291s][debug][gc,age         ] GC(6) Desired survivor size 270008320 bytes, new threshold 6 (max threshold 15)
[5.291s][info ][gc,heap        ] GC(6) PSYoungGen: 1225235K(1572864K)->179618K(1572864K) Eden: 1048576K(1048576K)->0K(1048576K) From: 176659K(524288K)->179618K(524288K)
[5.291s][info ][gc,heap        ] GC(6) ParOldGen: 5658K(6144K)->5666K(6144K)
[5.291s][info ][gc,metaspace   ] GC(6) Metaspace: 53555K(54144K)->53555K(54144K) NonClass: 45659K(46016K)->45659K(46016K) Class: 7895K(8128K)->7895K(8128K)
[5.291s][info ][gc             ] GC(6) Pause Young (Allocation Failure) 1202M->180M(1542M) 74.486ms
[5.291s][info ][gc,cpu         ] GC(6) User=0.30s Sys=0.01s Real=0.08s
[5.291s][info ][safepoint      ] Safepoint "ParallelGCFailedAllocation", Time since last: 49801 ns, Reaching safepoint: 89002 ns, At safepoint: 74594203 ns, Total: 74683205 ns
[5.293s][info ][safepoint      ] Safepoint "ICBufferFull", Time since last: 1643842 ns, Reaching safepoint: 119503 ns, At safepoint: 28001 ns, Total: 147504 ns
[5.299s][info ][safepoint      ] Safepoint "ICBufferFull", Time since last: 6175658 ns, Reaching safepoint: 105202 ns, At safepoint: 21201 ns, Total: 126403 ns
[5.301s][info ][safepoint      ] Safepoint "ICBufferFull", Time since last: 1624341 ns, Reaching safepoint: 106103 ns, At safepoint: 24101 ns, Total: 130204 ns
[5.311s][info ][safepoint      ] Safepoint "ICBufferFull", Time since last: 9551243 ns, Reaching safepoint: 200305 ns, At safepoint: 19301 ns, Total: 219606 ns
[5.313s][info ][safepoint      ] Safepoint "ICBufferFull", Time since last: 2183156 ns, Reaching safepoint: 104902 ns, At safepoint: 26201 ns, Total: 131103 ns
[5.315s][info ][safepoint      ] Safepoint "ICBufferFull", Time since last: 1360435 ns, Reaching safepoint: 94702 ns, At safepoint: 26101 ns, Total: 120803 ns
[5.323s][info ][safepoint      ] Safepoint "ICBufferFull", Time since last: 4974827 ns, Reaching safepoint: 2928374 ns, At safepoint: 26501 ns, Total: 2954875 ns
[5.324s][info ][safepoint      ] Safepoint "ICBufferFull", Time since last: 1620441 ns, Reaching safepoint: 93803 ns, At safepoint: 22800 ns, Total: 116603 ns
[5.340s][info ][safepoint      ] Safepoint "ICBufferFull", Time since last: 15831904 ns, Reaching safepoint: 111703 ns, At safepoint: 23101 ns, Total: 134804 ns
[5.342s][info ][safepoint      ] Safepoint "ICBufferFull", Time since last: 1322533 ns, Reaching safepoint: 104703 ns, At safepoint: 21801 ns, Total: 126504 ns
[5.347s][info ][safepoint      ] Safepoint "ICBufferFull", Time since last: 5328536 ns, Reaching safepoint: 99602 ns, At safepoint: 30801 ns, Total: 130403 ns
[5.349s][info ][safepoint      ] Safepoint "ICBufferFull", Time since last: 1476538 ns, Reaching safepoint: 89102 ns, At safepoint: 22300 ns, Total: 111402 ns
[5.350s][info ][safepoint      ] Safepoint "ICBufferFull", Time since last: 1302934 ns, Reaching safepoint: 178704 ns, At safepoint: 24801 ns, Total: 203505 ns
[5.352s][info ][safepoint      ] Safepoint "ICBufferFull", Time since last: 1369135 ns, Reaching safepoint: 104502 ns, At safepoint: 20401 ns, Total: 124903 ns
[5.356s][info ][safepoint      ] Safepoint "ICBufferFull", Time since last: 1761445 ns, Reaching safepoint: 2137354 ns, At safepoint: 20601 ns, Total: 2157955 ns
[5.358s][info ][safepoint      ] Safepoint "ICBufferFull", Time since last: 2101554 ns, Reaching safepoint: 106902 ns, At safepoint: 21901 ns, Total: 128803 ns
[5.359s][info ][safepoint      ] Safepoint "ICBufferFull", Time since last: 1305033 ns, Reaching safepoint: 93402 ns, At safepoint: 23101 ns, Total: 116503 ns
[5.371s][info ][safepoint      ] Safepoint "ICBufferFull", Time since last: 11011981 ns, Reaching safepoint: 103003 ns, At safepoint: 26500 ns, Total: 129503 ns
[5.374s][info ][safepoint      ] Safepoint "ICBufferFull", Time since last: 2937475 ns, Reaching safepoint: 110003 ns, At safepoint: 19501 ns, Total: 129504 ns
[5.377s][info ][safepoint      ] Safepoint "ICBufferFull", Time since last: 2873873 ns, Reaching safepoint: 94202 ns, At safepoint: 28601 ns, Total: 122803 ns
[5.379s][info ][safepoint      ] Safepoint "ICBufferFull", Time since last: 1881448 ns, Reaching safepoint: 109103 ns, At safepoint: 24100 ns, Total: 133203 ns
[5.464s][info ][safepoint      ] Safepoint "ICBufferFull", Time since last: 81583482 ns, Reaching safepoint: 3498489 ns, At safepoint: 43801 ns, Total: 3542290 ns
[5.493s][info ][safepoint      ] Safepoint "ICBufferFull", Time since last: 29190745 ns, Reaching safepoint: 144303 ns, At safepoint: 26501 ns, Total: 170804 ns
[5.504s][info ][safepoint      ] Safepoint "ICBufferFull", Time since last: 10667272 ns, Reaching safepoint: 128503 ns, At safepoint: 24001 ns, Total: 152504 ns
[5.519s][info ][safepoint      ] Safepoint "ICBufferFull", Time since last: 14812778 ns, Reaching safepoint: 172304 ns, At safepoint: 19701 ns, Total: 192005 ns
[5.525s][info ][safepoint      ] Safepoint "ICBufferFull", Time since last: 6434264 ns, Reaching safepoint: 92002 ns, At safepoint: 30501 ns, Total: 122503 ns
[5.563s][info ][safepoint      ] Safepoint "ICBufferFull", Time since last: 33356951 ns, Reaching safepoint: 4384912 ns, At safepoint: 36101 ns, Total: 4421013 ns
[5.572s][info ][safepoint      ] Safepoint "ICBufferFull", Time since last: 8387314 ns, Reaching safepoint: 129203 ns, At safepoint: 30601 ns, Total: 159804 ns
[5.609s][info ][safepoint      ] Safepoint "ICBufferFull", Time since last: 37212449 ns, Reaching safepoint: 140004 ns, At safepoint: 26600 ns, Total: 166604 ns
[5.631s][info ][safepoint      ] Safepoint "ICBufferFull", Time since last: 22149865 ns, Reaching safepoint: 121904 ns, At safepoint: 38201 ns, Total: 160105 ns
[5.677s][info ][safepoint      ] Safepoint "ICBufferFull", Time since last: 45387257 ns, Reaching safepoint: 139304 ns, At safepoint: 30501 ns, Total: 169805 ns
[5.682s][info ][gc,start       ] GC(7) Pause Young (Allocation Failure)
[5.777s][debug][gc,phases      ] GC(7) Scavenge 95.797ms
[5.777s][debug][gc,ref         ] GC(7) Skipped phase 1 of Reference Processing: no references
[5.778s][debug][gc,ref         ] GC(7) ReferenceProcessor::execute queues: 4, RefProcThreadModel::Multi, marks_oops_alive: false
[5.778s][debug][gc,ref         ] GC(7) Skipped phase 3 of Reference Processing: no references
[5.778s][debug][gc,ref         ] GC(7) ReferenceProcessor::execute queues: 1, RefProcThreadModel::Single, marks_oops_alive: false
[5.778s][debug][gc,phases      ] GC(7) Reference Processing 0.361ms
[5.778s][debug][gc,phases      ] GC(7)   VM Weak                        Min:  0.0, Avg:  0.0, Max:  0.0, Diff:  0.0, Sum:  0.0, Workers: 4
[5.778s][debug][gc,phases      ] GC(7)     Dead                           Min: 0, Avg:  0.0, Max: 0, Diff: 0, Sum: 0, Workers: 4
[5.778s][debug][gc,phases      ] GC(7)     Total                          Min: 0, Avg: 110.2, Max: 320, Diff: 320, Sum: 441, Workers: 4
[5.778s][debug][gc,phases      ] GC(7)   ObjectSynchronizer Weak        Min:  0.0, Avg:  0.0, Max:  0.0, Diff:  0.0, Sum:  0.0, Workers: 4
[5.778s][debug][gc,phases      ] GC(7)     Dead                           Min: 0, Avg:  0.0, Max: 0, Diff: 0, Sum: 0, Workers: 4
[5.778s][debug][gc,phases      ] GC(7)     Total                          Min: 0, Avg: 75.0, Max: 192, Diff: 192, Sum: 300, Workers: 4
[5.778s][debug][gc,phases      ] GC(7)   JVMTI Tag Weak OopStorage      Min:  0.0, Avg:  0.0, Max:  0.0, Diff:  0.0, Sum:  0.0, Workers: 4
[5.778s][debug][gc,phases      ] GC(7)     Dead                           Min: 0, Avg:  0.0, Max: 0, Diff: 0, Sum: 0, Workers: 4
[5.778s][debug][gc,phases      ] GC(7)     Total                          Min: 0, Avg:  0.0, Max: 0, Diff: 0, Sum: 0, Workers: 4
[5.778s][debug][gc,phases      ] GC(7)   StringTable Weak               Min:  0.4, Avg:  0.4, Max:  0.4, Diff:  0.0, Sum:  1.5, Workers: 4
[5.778s][debug][gc,phases      ] GC(7)     Dead                           Min: 0, Avg:  3.5, Max: 7, Diff: 7, Sum: 14, Workers: 4
[5.778s][debug][gc,phases      ] GC(7)     Total                          Min: 7552, Avg: 9589.8, Max: 12352, Diff: 4800, Sum: 38359, Workers: 4
[5.778s][debug][gc,phases      ] GC(7)   ResolvedMethodTable Weak       Min:  0.0, Avg:  0.0, Max:  0.0, Diff:  0.0, Sum:  0.2, Workers: 4
[5.778s][debug][gc,phases      ] GC(7)     Dead                           Min: 0, Avg:  0.0, Max: 0, Diff: 0, Sum: 0, Workers: 4
[5.778s][debug][gc,phases      ] GC(7)     Total                          Min: 832, Avg: 1227.8, Max: 1728, Diff: 896, Sum: 4911, Workers: 4
[5.778s][debug][gc,phases      ] GC(7)   JNI Weak                       Min:  0.0, Avg:  0.0, Max:  0.0, Diff:  0.0, Sum:  0.0, Workers: 4
[5.778s][debug][gc,phases      ] GC(7)     Dead                           Min: 0, Avg:  0.0, Max: 0, Diff: 0, Sum: 0, Workers: 4
[5.778s][debug][gc,phases      ] GC(7)     Total                          Min: 0, Avg:  1.2, Max: 5, Diff: 5, Sum: 5, Workers: 4
[5.778s][debug][gc,phases      ] GC(7)   StringDedup Table Weak         Min:  0.0, Avg:  0.0, Max:  0.0, Diff:  0.0, Sum:  0.0, Workers: 4
[5.778s][debug][gc,phases      ] GC(7)     Dead                           Min: 0, Avg:  0.0, Max: 0, Diff: 0, Sum: 0, Workers: 4
[5.778s][debug][gc,phases      ] GC(7)     Total                          Min: 0, Avg:  0.0, Max: 0, Diff: 0, Sum: 0, Workers: 4
[5.778s][debug][gc,phases      ] GC(7)   StringDedup Requests0 Weak     Min:  0.0, Avg:  0.0, Max:  0.0, Diff:  0.0, Sum:  0.0, Workers: 4
[5.778s][debug][gc,phases      ] GC(7)     Dead                           Min: 0, Avg:  0.0, Max: 0, Diff: 0, Sum: 0, Workers: 4
[5.778s][debug][gc,phases      ] GC(7)     Total                          Min: 0, Avg:  0.0, Max: 0, Diff: 0, Sum: 0, Workers: 4
[5.778s][debug][gc,phases      ] GC(7)   StringDedup Requests1 Weak     Min:  0.0, Avg:  0.0, Max:  0.0, Diff:  0.0, Sum:  0.0, Workers: 4
[5.778s][debug][gc,phases      ] GC(7)     Dead                           Min: 0, Avg:  0.0, Max: 0, Diff: 0, Sum: 0, Workers: 4
[5.778s][debug][gc,phases      ] GC(7)     Total                          Min: 0, Avg:  0.0, Max: 0, Diff: 0, Sum: 0, Workers: 4
[5.778s][debug][gc,phases      ] GC(7)   Weak JFR Old Object Samples    Min:  0.0, Avg:  0.0, Max:  0.0, Diff:  0.0, Sum:  0.0, Workers: 4
[5.778s][debug][gc,phases      ] GC(7)     Dead                           Min: 0, Avg:  0.0, Max: 0, Diff: 0, Sum: 0, Workers: 4
[5.778s][debug][gc,phases      ] GC(7)     Total                          Min: 0, Avg:  0.0, Max: 0, Diff: 0, Sum: 0, Workers: 4
[5.778s][debug][gc,phases      ] GC(7) Weak Processing 0.645ms
[5.779s][debug][gc,age         ] GC(7) Desired survivor size 283115520 bytes, new threshold 5 (max threshold 15)
[5.779s][info ][gc,heap        ] GC(7) PSYoungGen: 1228194K(1572864K)->182442K(1807872K) Eden: 1048576K(1048576K)->0K(1544192K) From: 179618K(524288K)->182442K(263680K)
[5.779s][info ][gc,heap        ] GC(7) ParOldGen: 5666K(6144K)->5674K(6144K)
[5.779s][info ][gc,metaspace   ] GC(7) Metaspace: 54006K(54656K)->54006K(54656K) NonClass: 46029K(46400K)->46029K(46400K) Class: 7976K(8256K)->7976K(8256K)
[5.779s][info ][gc             ] GC(7) Pause Young (Allocation Failure) 1204M->183M(1771M) 96.961ms
[5.779s][info ][gc,cpu         ] GC(7) User=0.31s Sys=0.07s Real=0.09s
[5.779s][info ][safepoint      ] Safepoint "ParallelGCFailedAllocation", Time since last: 4400712 ns, Reaching safepoint: 109603 ns, At safepoint: 97089077 ns, Total: 97198680 ns
[5.788s][info ][safepoint      ] Safepoint "ICBufferFull", Time since last: 9029230 ns, Reaching safepoint: 137304 ns, At safepoint: 43001 ns, Total: 180305 ns
[5.814s][info ][safepoint      ] Safepoint "ICBufferFull", Time since last: 22700779 ns, Reaching safepoint: 3324485 ns, At safepoint: 39801 ns, Total: 3364286 ns
[5.819s][info ][safepoint      ] Safepoint "ICBufferFull", Time since last: 4667119 ns, Reaching safepoint: 251906 ns, At safepoint: 27401 ns, Total: 279307 ns
[5.823s][info ][safepoint      ] Safepoint "ICBufferFull", Time since last: 3736195 ns, Reaching safepoint: 102903 ns, At safepoint: 20200 ns, Total: 123103 ns
[5.839s][info ][safepoint      ] Safepoint "ICBufferFull", Time since last: 15997909 ns, Reaching safepoint: 110902 ns, At safepoint: 32701 ns, Total: 143603 ns
[5.850s][info ][safepoint      ] Safepoint "ICBufferFull", Time since last: 11350090 ns, Reaching safepoint: 117903 ns, At safepoint: 29201 ns, Total: 147104 ns
[5.859s][info ][safepoint      ] Safepoint "ICBufferFull", Time since last: 8488716 ns, Reaching safepoint: 134504 ns, At safepoint: 21200 ns, Total: 155704 ns
[5.889s][info ][safepoint      ] Safepoint "ICBufferFull", Time since last: 29625256 ns, Reaching safepoint: 132803 ns, At safepoint: 23101 ns, Total: 155904 ns
[5.894s][info ][safepoint      ] Safepoint "ICBufferFull", Time since last: 4909625 ns, Reaching safepoint: 117903 ns, At safepoint: 22301 ns, Total: 140204 ns
[5.905s][info ][safepoint      ] Safepoint "ICBufferFull", Time since last: 10938979 ns, Reaching safepoint: 128103 ns, At safepoint: 20601 ns, Total: 148704 ns
[5.911s][info ][safepoint      ] Safepoint "ICBufferFull", Time since last: 3944200 ns, Reaching safepoint: 2118454 ns, At safepoint: 24401 ns, Total: 2142855 ns
[5.919s][info ][safepoint      ] Safepoint "ICBufferFull", Time since last: 7899802 ns, Reaching safepoint: 114102 ns, At safepoint: 30801 ns, Total: 144903 ns
[5.924s][info ][safepoint      ] Safepoint "ICBufferFull", Time since last: 4407513 ns, Reaching safepoint: 103602 ns, At safepoint: 23001 ns, Total: 126603 ns
[5.930s][info ][safepoint      ] Safepoint "ICBufferFull", Time since last: 4082104 ns, Reaching safepoint: 2176556 ns, At safepoint: 29800 ns, Total: 2206356 ns
[5.946s][info ][safepoint      ] Safepoint "ICBufferFull", Time since last: 15559397 ns, Reaching safepoint: 131404 ns, At safepoint: 26200 ns, Total: 157604 ns
[5.954s][info ][safepoint      ] Safepoint "ICBufferFull", Time since last: 7857301 ns, Reaching safepoint: 107003 ns, At safepoint: 24900 ns, Total: 131903 ns
[5.963s][info ][safepoint      ] Safepoint "ICBufferFull", Time since last: 6158857 ns, Reaching safepoint: 3172781 ns, At safepoint: 39701 ns, Total: 3212482 ns
[5.966s][info ][safepoint      ] Safepoint "ICBufferFull", Time since last: 2613767 ns, Reaching safepoint: 109503 ns, At safepoint: 36801 ns, Total: 146304 ns
[5.968s][info ][safepoint      ] Safepoint "ICBufferFull", Time since last: 2432462 ns, Reaching safepoint: 177404 ns, At safepoint: 34001 ns, Total: 211405 ns
[5.982s][info ][safepoint      ] Safepoint "ICBufferFull", Time since last: 11499994 ns, Reaching safepoint: 2110453 ns, At safepoint: 32901 ns, Total: 2143354 ns
[5.985s][info ][safepoint      ] Safepoint "ICBufferFull", Time since last: 2607367 ns, Reaching safepoint: 109403 ns, At safepoint: 24100 ns, Total: 133503 ns
[5.988s][info ][safepoint      ] Safepoint "ICBufferFull", Time since last: 2560466 ns, Reaching safepoint: 959324 ns, At safepoint: 26801 ns, Total: 986125 ns
[5.991s][info ][safepoint      ] Safepoint "ICBufferFull", Time since last: 2348260 ns, Reaching safepoint: 182804 ns, At safepoint: 19701 ns, Total: 202505 ns
[5.993s][info ][safepoint      ] Safepoint "ICBufferFull", Time since last: 2392661 ns, Reaching safepoint: 111203 ns, At safepoint: 28700 ns, Total: 139903 ns
[6.029s][info ][safepoint      ] Safepoint "ICBufferFull", Time since last: 35615909 ns, Reaching safepoint: 133003 ns, At safepoint: 33601 ns, Total: 166604 ns
[6.074s][info ][safepoint      ] Safepoint "ICBufferFull", Time since last: 44985948 ns, Reaching safepoint: 141004 ns, At safepoint: 29400 ns, Total: 170404 ns
[6.102s][info ][safepoint      ] Safepoint "ICBufferFull", Time since last: 24818134 ns, Reaching safepoint: 3253683 ns, At safepoint: 37601 ns, Total: 3291284 ns
[6.154s][info ][safepoint      ] Safepoint "ICBufferFull", Time since last: 51525314 ns, Reaching safepoint: 131704 ns, At safepoint: 30200 ns, Total: 161904 ns
[6.259s][info ][safepoint      ] Safepoint "ICBufferFull", Time since last: 102920926 ns, Reaching safepoint: 2392361 ns, At safepoint: 39001 ns, Total: 2431362 ns
[6.262s][info ][safepoint      ] Safepoint "ICBufferFull", Time since last: 1470538 ns, Reaching safepoint: 604915 ns, At safepoint: 216906 ns, Total: 821821 ns
[6.266s][info ][safepoint      ] Safepoint "ICBufferFull", Time since last: 689417 ns, Reaching safepoint: 3219282 ns, At safepoint: 38401 ns, Total: 3257683 ns
[6.267s][info ][safepoint      ] Safepoint "ICBufferFull", Time since last: 707018 ns, Reaching safepoint: 307608 ns, At safepoint: 34101 ns, Total: 341709 ns
[6.282s][info ][safepoint      ] Safepoint "ICBufferFull", Time since last: 15050284 ns, Reaching safepoint: 138804 ns, At safepoint: 27800 ns, Total: 166604 ns
[6.283s][info ][safepoint      ] Safepoint "ICBufferFull", Time since last: 679618 ns, Reaching safepoint: 96302 ns, At safepoint: 45301 ns, Total: 141603 ns
[6.284s][info ][safepoint      ] Safepoint "ICBufferFull", Time since last: 683618 ns, Reaching safepoint: 101402 ns, At safepoint: 30601 ns, Total: 132003 ns
[6.284s][info ][safepoint      ] Safepoint "ICBufferFull", Time since last: 660017 ns, Reaching safepoint: 98803 ns, At safepoint: 28200 ns, Total: 127003 ns
[6.285s][info ][safepoint      ] Safepoint "ICBufferFull", Time since last: 651917 ns, Reaching safepoint: 98402 ns, At safepoint: 24001 ns, Total: 122403 ns
[6.286s][info ][safepoint      ] Safepoint "ICBufferFull", Time since last: 644817 ns, Reaching safepoint: 97802 ns, At safepoint: 24601 ns, Total: 122403 ns
[6.287s][info ][safepoint      ] Safepoint "ICBufferFull", Time since last: 652516 ns, Reaching safepoint: 128604 ns, At safepoint: 22500 ns, Total: 151104 ns
[6.288s][info ][safepoint      ] Safepoint "ICBufferFull", Time since last: 772620 ns, Reaching safepoint: 119903 ns, At safepoint: 19000 ns, Total: 138903 ns
[6.288s][info ][safepoint      ] Safepoint "ICBufferFull", Time since last: 579715 ns, Reaching safepoint: 235406 ns, At safepoint: 27101 ns, Total: 262507 ns
[6.289s][info ][safepoint      ] Safepoint "ICBufferFull", Time since last: 745519 ns, Reaching safepoint: 93002 ns, At safepoint: 17501 ns, Total: 110503 ns
[6.290s][info ][safepoint      ] Safepoint "ICBufferFull", Time since last: 722218 ns, Reaching safepoint: 105803 ns, At safepoint: 22400 ns, Total: 128203 ns
[6.291s][info ][safepoint      ] Safepoint "ICBufferFull", Time since last: 699318 ns, Reaching safepoint: 119003 ns, At safepoint: 27301 ns, Total: 146304 ns
[6.292s][info ][safepoint      ] Safepoint "ICBufferFull", Time since last: 690218 ns, Reaching safepoint: 119303 ns, At safepoint: 24200 ns, Total: 143503 ns
[6.293s][info ][safepoint      ] Safepoint "ICBufferFull", Time since last: 692218 ns, Reaching safepoint: 114703 ns, At safepoint: 25600 ns, Total: 140303 ns
[6.302s][info ][safepoint      ] Safepoint "ICBufferFull", Time since last: 9195935 ns, Reaching safepoint: 113603 ns, At safepoint: 36401 ns, Total: 150004 ns
[6.308s][info ][safepoint      ] Safepoint "ICBufferFull", Time since last: 773120 ns, Reaching safepoint: 5343936 ns, At safepoint: 45301 ns, Total: 5389237 ns
[6.309s][info ][safepoint      ] Safepoint "ICBufferFull", Time since last: 660117 ns, Reaching safepoint: 120603 ns, At safepoint: 46401 ns, Total: 167004 ns
[6.310s][info ][safepoint      ] Safepoint "ICBufferFull", Time since last: 640817 ns, Reaching safepoint: 172004 ns, At safepoint: 33501 ns, Total: 205505 ns
[6.311s][info ][safepoint      ] Safepoint "ICBufferFull", Time since last: 533913 ns, Reaching safepoint: 97903 ns, At safepoint: 30901 ns, Total: 128804 ns
[6.311s][info ][safepoint      ] Safepoint "ICBufferFull", Time since last: 671017 ns, Reaching safepoint: 113303 ns, At safepoint: 24100 ns, Total: 137403 ns
[6.313s][info ][safepoint      ] Safepoint "ICBufferFull", Time since last: 1003326 ns, Reaching safepoint: 185405 ns, At safepoint: 29300 ns, Total: 214705 ns
[6.313s][info ][safepoint      ] Safepoint "ICBufferFull", Time since last: 691418 ns, Reaching safepoint: 108903 ns, At safepoint: 32601 ns, Total: 141504 ns
[6.314s][info ][safepoint      ] Safepoint "ICBufferFull", Time since last: 681917 ns, Reaching safepoint: 105803 ns, At safepoint: 32601 ns, Total: 138404 ns
[6.315s][info ][safepoint      ] Safepoint "ICBufferFull", Time since last: 723218 ns, Reaching safepoint: 104403 ns, At safepoint: 31401 ns, Total: 135804 ns
[6.316s][info ][safepoint      ] Safepoint "ICBufferFull", Time since last: 740518 ns, Reaching safepoint: 105203 ns, At safepoint: 28901 ns, Total: 134104 ns
[6.317s][info ][safepoint      ] Safepoint "ICBufferFull", Time since last: 1204531 ns, Reaching safepoint: 110302 ns, At safepoint: 29301 ns, Total: 139603 ns
[6.318s][info ][safepoint      ] Safepoint "ICBufferFull", Time since last: 746219 ns, Reaching safepoint: 92103 ns, At safepoint: 27700 ns, Total: 119803 ns
[6.319s][info ][safepoint      ] Safepoint "ICBufferFull", Time since last: 685018 ns, Reaching safepoint: 61901 ns, At safepoint: 32201 ns, Total: 94102 ns
[6.320s][info ][safepoint      ] Safepoint "ICBufferFull", Time since last: 786620 ns, Reaching safepoint: 126003 ns, At safepoint: 29201 ns, Total: 155204 ns
[6.321s][info ][safepoint      ] Safepoint "ICBufferFull", Time since last: 680618 ns, Reaching safepoint: 96102 ns, At safepoint: 29401 ns, Total: 125503 ns
[6.326s][info ][safepoint      ] Safepoint "ICBufferFull", Time since last: 5417738 ns, Reaching safepoint: 106503 ns, At safepoint: 31901 ns, Total: 138404 ns
[6.327s][info ][safepoint      ] Safepoint "ICBufferFull", Time since last: 753219 ns, Reaching safepoint: 92302 ns, At safepoint: 25901 ns, Total: 118203 ns
[6.328s][info ][safepoint      ] Safepoint "ICBufferFull", Time since last: 694617 ns, Reaching safepoint: 62002 ns, At safepoint: 26401 ns, Total: 88403 ns
[6.329s][info ][safepoint      ] Safepoint "ICBufferFull", Time since last: 662217 ns, Reaching safepoint: 96602 ns, At safepoint: 28401 ns, Total: 125003 ns
[6.330s][info ][safepoint      ] Safepoint "ICBufferFull", Time since last: 695718 ns, Reaching safepoint: 172504 ns, At safepoint: 27101 ns, Total: 199605 ns
[6.336s][info ][safepoint      ] Safepoint "ICBufferFull", Time since last: 6661970 ns, Reaching safepoint: 148103 ns, At safepoint: 43502 ns, Total: 191605 ns
[6.337s][info ][safepoint      ] Safepoint "ICBufferFull", Time since last: 717518 ns, Reaching safepoint: 165604 ns, At safepoint: 36701 ns, Total: 202305 ns
[6.338s][info ][safepoint      ] Safepoint "ICBufferFull", Time since last: 654017 ns, Reaching safepoint: 413510 ns, At safepoint: 38801 ns, Total: 452311 ns
[6.339s][info ][safepoint      ] Safepoint "ICBufferFull", Time since last: 857822 ns, Reaching safepoint: 100403 ns, At safepoint: 20800 ns, Total: 121203 ns
[6.340s][info ][safepoint      ] Safepoint "ICBufferFull", Time since last: 819021 ns, Reaching safepoint: 95203 ns, At safepoint: 23500 ns, Total: 118703 ns
[6.341s][info ][safepoint      ] Safepoint "ICBufferFull", Time since last: 680117 ns, Reaching safepoint: 112103 ns, At safepoint: 22201 ns, Total: 134304 ns
[6.342s][info ][safepoint      ] Safepoint "ICBufferFull", Time since last: 864322 ns, Reaching safepoint: 116403 ns, At safepoint: 24601 ns, Total: 141004 ns
[6.343s][info ][safepoint      ] Safepoint "ICBufferFull", Time since last: 711318 ns, Reaching safepoint: 92002 ns, At safepoint: 19101 ns, Total: 111103 ns
[6.344s][info ][safepoint      ] Safepoint "ICBufferFull", Time since last: 670617 ns, Reaching safepoint: 92902 ns, At safepoint: 21201 ns, Total: 114103 ns
[6.345s][info ][safepoint      ] Safepoint "ICBufferFull", Time since last: 647816 ns, Reaching safepoint: 95002 ns, At safepoint: 19201 ns, Total: 114203 ns
[6.345s][info ][safepoint      ] Safepoint "ICBufferFull", Time since last: 684717 ns, Reaching safepoint: 94203 ns, At safepoint: 15900 ns, Total: 110103 ns
[6.346s][info ][safepoint      ] Safepoint "ICBufferFull", Time since last: 725319 ns, Reaching safepoint: 117203 ns, At safepoint: 42901 ns, Total: 160104 ns
[6.349s][info ][safepoint      ] Safepoint "ICBufferFull", Time since last: 2371260 ns, Reaching safepoint: 181205 ns, At safepoint: 24001 ns, Total: 205206 ns
[6.350s][info ][safepoint      ] Safepoint "ICBufferFull", Time since last: 689917 ns, Reaching safepoint: 275807 ns, At safepoint: 29301 ns, Total: 305108 ns
[6.364s][info ][safepoint      ] Safepoint "ICBufferFull", Time since last: 14474069 ns, Reaching safepoint: 139104 ns, At safepoint: 28701 ns, Total: 167805 ns
[6.365s][info ][safepoint      ] Safepoint "ICBufferFull", Time since last: 752019 ns, Reaching safepoint: 106002 ns, At safepoint: 25901 ns, Total: 131903 ns
[6.366s][info ][safepoint      ] Safepoint "ICBufferFull", Time since last: 737819 ns, Reaching safepoint: 105003 ns, At safepoint: 35901 ns, Total: 140904 ns
[6.367s][info ][safepoint      ] Safepoint "ICBufferFull", Time since last: 767619 ns, Reaching safepoint: 185505 ns, At safepoint: 21900 ns, Total: 207405 ns
[6.368s][info ][safepoint      ] Safepoint "ICBufferFull", Time since last: 743919 ns, Reaching safepoint: 103803 ns, At safepoint: 19701 ns, Total: 123504 ns
[6.369s][info ][safepoint      ] Safepoint "ICBufferFull", Time since last: 857521 ns, Reaching safepoint: 240507 ns, At safepoint: 22000 ns, Total: 262507 ns
[6.370s][info ][safepoint      ] Safepoint "ICBufferFull", Time since last: 839522 ns, Reaching safepoint: 126103 ns, At safepoint: 32001 ns, Total: 158104 ns
[6.371s][info ][safepoint      ] Safepoint "ICBufferFull", Time since last: 797420 ns, Reaching safepoint: 107803 ns, At safepoint: 28800 ns, Total: 136603 ns
[6.372s][info ][safepoint      ] Safepoint "ICBufferFull", Time since last: 827021 ns, Reaching safepoint: 110003 ns, At safepoint: 26301 ns, Total: 136304 ns
[6.373s][info ][safepoint      ] Safepoint "ICBufferFull", Time since last: 715518 ns, Reaching safepoint: 97703 ns, At safepoint: 30800 ns, Total: 128503 ns
[6.374s][info ][safepoint      ] Safepoint "ICBufferFull", Time since last: 709819 ns, Reaching safepoint: 234306 ns, At safepoint: 35700 ns, Total: 270006 ns
[6.379s][info ][safepoint      ] Safepoint "ICBufferFull", Time since last: 693118 ns, Reaching safepoint: 4230308 ns, At safepoint: 40401 ns, Total: 4270709 ns
[6.380s][info ][safepoint      ] Safepoint "ICBufferFull", Time since last: 764320 ns, Reaching safepoint: 99802 ns, At safepoint: 23301 ns, Total: 123103 ns
[6.380s][info ][gc,start       ] GC(8) Pause Young (Allocation Failure)
[6.488s][debug][gc,phases      ] GC(8) Scavenge 107.818ms
[6.488s][debug][gc,ref         ] GC(8) Skipped phase 1 of Reference Processing: no references
[6.488s][debug][gc,ref         ] GC(8) ReferenceProcessor::execute queues: 3, RefProcThreadModel::Multi, marks_oops_alive: false
[6.488s][debug][gc,ref         ] GC(8) Skipped phase 3 of Reference Processing: no references
[6.488s][debug][gc,ref         ] GC(8) ReferenceProcessor::execute queues: 1, RefProcThreadModel::Single, marks_oops_alive: false
[6.488s][debug][gc,phases      ] GC(8) Reference Processing 0.384ms
[6.489s][debug][gc,phases      ] GC(8)   VM Weak                        Min:  0.0, Avg:  0.0, Max:  0.0, Diff:  0.0, Sum:  0.0, Workers: 4
[6.489s][debug][gc,phases      ] GC(8)     Dead                           Min: 0, Avg:  0.0, Max: 0, Diff: 0, Sum: 0, Workers: 4
[6.489s][debug][gc,phases      ] GC(8)     Total                          Min: 60, Avg: 111.0, Max: 192, Diff: 132, Sum: 444, Workers: 4
[6.489s][debug][gc,phases      ] GC(8)   ObjectSynchronizer Weak        Min:  0.0, Avg:  0.0, Max:  0.0, Diff:  0.0, Sum:  0.0, Workers: 4
[6.489s][debug][gc,phases      ] GC(8)     Dead                           Min: 0, Avg:  0.0, Max: 0, Diff: 0, Sum: 0, Workers: 4
[6.489s][debug][gc,phases      ] GC(8)     Total                          Min: 44, Avg: 75.0, Max: 128, Diff: 84, Sum: 300, Workers: 4
[6.489s][debug][gc,phases      ] GC(8)   JVMTI Tag Weak OopStorage      Min:  0.0, Avg:  0.0, Max:  0.0, Diff:  0.0, Sum:  0.0, Workers: 4
[6.489s][debug][gc,phases      ] GC(8)     Dead                           Min: 0, Avg:  0.0, Max: 0, Diff: 0, Sum: 0, Workers: 4
[6.489s][debug][gc,phases      ] GC(8)     Total                          Min: 0, Avg:  0.0, Max: 0, Diff: 0, Sum: 0, Workers: 4
[6.489s][debug][gc,phases      ] GC(8)   StringTable Weak               Min:  0.4, Avg:  0.4, Max:  0.4, Diff:  0.0, Sum:  1.5, Workers: 4
[6.489s][debug][gc,phases      ] GC(8)     Dead                           Min: 0, Avg:  3.8, Max: 14, Diff: 14, Sum: 15, Workers: 4
[6.489s][debug][gc,phases      ] GC(8)     Total                          Min: 7951, Avg: 9603.8, Max: 11392, Diff: 3441, Sum: 38415, Workers: 4
[6.489s][debug][gc,phases      ] GC(8)   ResolvedMethodTable Weak       Min:  0.1, Avg:  0.1, Max:  0.1, Diff:  0.0, Sum:  0.2, Workers: 4
[6.489s][debug][gc,phases      ] GC(8)     Dead                           Min: 0, Avg:  3.5, Max: 14, Diff: 14, Sum: 14, Workers: 4
[6.489s][debug][gc,phases      ] GC(8)     Total                          Min: 896, Avg: 1247.0, Max: 1596, Diff: 700, Sum: 4988, Workers: 4
[6.489s][debug][gc,phases      ] GC(8)   JNI Weak                       Min:  0.0, Avg:  0.0, Max:  0.0, Diff:  0.0, Sum:  0.0, Workers: 4
[6.489s][debug][gc,phases      ] GC(8)     Dead                           Min: 0, Avg:  0.0, Max: 0, Diff: 0, Sum: 0, Workers: 4
[6.489s][debug][gc,phases      ] GC(8)     Total                          Min: 0, Avg:  2.2, Max: 9, Diff: 9, Sum: 9, Workers: 4
[6.489s][debug][gc,phases      ] GC(8)   StringDedup Table Weak         Min:  0.0, Avg:  0.0, Max:  0.0, Diff:  0.0, Sum:  0.0, Workers: 4
[6.489s][debug][gc,phases      ] GC(8)     Dead                           Min: 0, Avg:  0.0, Max: 0, Diff: 0, Sum: 0, Workers: 4
[6.489s][debug][gc,phases      ] GC(8)     Total                          Min: 0, Avg:  0.0, Max: 0, Diff: 0, Sum: 0, Workers: 4
[6.489s][debug][gc,phases      ] GC(8)   StringDedup Requests0 Weak     Min:  0.0, Avg:  0.0, Max:  0.0, Diff:  0.0, Sum:  0.0, Workers: 4
[6.489s][debug][gc,phases      ] GC(8)     Dead                           Min: 0, Avg:  0.0, Max: 0, Diff: 0, Sum: 0, Workers: 4
[6.489s][debug][gc,phases      ] GC(8)     Total                          Min: 0, Avg:  0.0, Max: 0, Diff: 0, Sum: 0, Workers: 4
[6.489s][debug][gc,phases      ] GC(8)   StringDedup Requests1 Weak     Min:  0.0, Avg:  0.0, Max:  0.0, Diff:  0.0, Sum:  0.0, Workers: 4
[6.489s][debug][gc,phases      ] GC(8)     Dead                           Min: 0, Avg:  0.0, Max: 0, Diff: 0, Sum: 0, Workers: 4
[6.489s][debug][gc,phases      ] GC(8)     Total                          Min: 0, Avg:  0.0, Max: 0, Diff: 0, Sum: 0, Workers: 4
[6.489s][debug][gc,phases      ] GC(8)   Weak JFR Old Object Samples    Min:  0.0, Avg:  0.0, Max:  0.0, Diff:  0.0, Sum:  0.0, Workers: 4
[6.489s][debug][gc,phases      ] GC(8)     Dead                           Min: 0, Avg:  0.0, Max: 0, Diff: 0, Sum: 0, Workers: 4
[6.489s][debug][gc,phases      ] GC(8)     Total                          Min: 0, Avg:  0.0, Max: 0, Diff: 0, Sum: 0, Workers: 4
[6.489s][debug][gc,phases      ] GC(8) Weak Processing 0.611ms
[6.489s][debug][gc,age         ] GC(8) Desired survivor size 262668288 bytes, new threshold 4 (max threshold 15)
[6.489s][info ][gc,heap        ] GC(8) PSYoungGen: 1726634K(1807872K)->126830K(1820672K) Eden: 1544192K(1544192K)->0K(1544192K) From: 182442K(263680K)->126830K(276480K)
[6.489s][info ][gc,heap        ] GC(8) ParOldGen: 5674K(6144K)->61896K(61952K)
[6.489s][info ][gc,metaspace   ] GC(8) Metaspace: 54409K(54976K)->54409K(54976K) NonClass: 46388K(46720K)->46388K(46720K) Class: 8021K(8256K)->8021K(8256K)
[6.489s][info ][gc             ] GC(8) Pause Young (Allocation Failure) 1691M->184M(1838M) 108.961ms
[6.489s][info ][gc,cpu         ] GC(8) User=0.49s Sys=0.02s Real=0.11s
[6.489s][debug][gc,phases      ] GC(9) Pre Compact 0.010ms
[6.489s][info ][gc,start       ] GC(9) Pause Full (Ergonomics)
[6.489s][info ][gc,phases,start] GC(9) Marking Phase
[6.581s][debug][gc,phases      ] GC(9) Par Mark 91.716ms
[6.581s][debug][gc,ref         ] GC(9) Skipped phase 1 of Reference Processing: no references
[6.581s][debug][gc,ref         ] GC(9) ReferenceProcessor::execute queues: 4, RefProcThreadModel::Multi, marks_oops_alive: false
[6.581s][debug][gc,ref         ] GC(9) Skipped phase 3 of Reference Processing: no references
[6.581s][debug][gc,ref         ] GC(9) ReferenceProcessor::execute queues: 1, RefProcThreadModel::Single, marks_oops_alive: false
[6.581s][debug][gc,phases      ] GC(9) Reference Processing 0.406ms
[6.582s][debug][gc,phases      ] GC(9)   VM Weak                        Min:  0.0, Avg:  0.0, Max:  0.0, Diff:  0.0, Sum:  0.0, Workers: 4
[6.582s][debug][gc,phases      ] GC(9)     Dead                           Min: 0, Avg:  1.0, Max: 4, Diff: 4, Sum: 4, Workers: 4
[6.582s][debug][gc,phases      ] GC(9)     Total                          Min: 0, Avg: 111.0, Max: 444, Diff: 444, Sum: 444, Workers: 4
[6.582s][debug][gc,phases      ] GC(9)   ObjectSynchronizer Weak        Min:  0.0, Avg:  0.0, Max:  0.0, Diff:  0.0, Sum:  0.0, Workers: 4
[6.582s][debug][gc,phases      ] GC(9)     Dead                           Min: 0, Avg:  0.0, Max: 0, Diff: 0, Sum: 0, Workers: 4
[6.582s][debug][gc,phases      ] GC(9)     Total                          Min: 0, Avg: 75.0, Max: 192, Diff: 192, Sum: 300, Workers: 4
[6.582s][debug][gc,phases      ] GC(9)   JVMTI Tag Weak OopStorage      Min:  0.0, Avg:  0.0, Max:  0.0, Diff:  0.0, Sum:  0.0, Workers: 4
[6.582s][debug][gc,phases      ] GC(9)     Dead                           Min: 0, Avg:  0.0, Max: 0, Diff: 0, Sum: 0, Workers: 4
[6.582s][debug][gc,phases      ] GC(9)     Total                          Min: 0, Avg:  0.0, Max: 0, Diff: 0, Sum: 0, Workers: 4
[6.582s][debug][gc,phases      ] GC(9)   StringTable Weak               Min:  0.1, Avg:  0.2, Max:  0.2, Diff:  0.1, Sum:  0.6, Workers: 4
[6.582s][debug][gc,phases      ] GC(9)     Dead                           Min: 0, Avg:  0.0, Max: 0, Diff: 0, Sum: 0, Workers: 4
[6.582s][debug][gc,phases      ] GC(9)     Total                          Min: 4544, Avg: 9603.8, Max: 15808, Diff: 11264, Sum: 38415, Workers: 4
[6.582s][debug][gc,phases      ] GC(9)   ResolvedMethodTable Weak       Min:  0.0, Avg:  0.0, Max:  0.0, Diff:  0.0, Sum:  0.1, Workers: 4
[6.582s][debug][gc,phases      ] GC(9)     Dead                           Min: 0, Avg:  1.0, Max: 4, Diff: 4, Sum: 4, Workers: 4
[6.582s][debug][gc,phases      ] GC(9)     Total                          Min: 960, Avg: 1247.0, Max: 1596, Diff: 636, Sum: 4988, Workers: 4
[6.582s][debug][gc,phases      ] GC(9)   JNI Weak                       Min:  0.0, Avg:  0.0, Max:  0.0, Diff:  0.0, Sum:  0.0, Workers: 4
[6.582s][debug][gc,phases      ] GC(9)     Dead                           Min: 0, Avg:  0.0, Max: 0, Diff: 0, Sum: 0, Workers: 4
[6.582s][debug][gc,phases      ] GC(9)     Total                          Min: 0, Avg:  2.2, Max: 9, Diff: 9, Sum: 9, Workers: 4
[6.582s][debug][gc,phases      ] GC(9)   StringDedup Table Weak         Min:  0.0, Avg:  0.0, Max:  0.0, Diff:  0.0, Sum:  0.0, Workers: 4
[6.582s][debug][gc,phases      ] GC(9)     Dead                           Min: 0, Avg:  0.0, Max: 0, Diff: 0, Sum: 0, Workers: 4
[6.582s][debug][gc,phases      ] GC(9)     Total                          Min: 0, Avg:  0.0, Max: 0, Diff: 0, Sum: 0, Workers: 4
[6.582s][debug][gc,phases      ] GC(9)   StringDedup Requests0 Weak     Min:  0.0, Avg:  0.0, Max:  0.0, Diff:  0.0, Sum:  0.0, Workers: 4
[6.582s][debug][gc,phases      ] GC(9)     Dead                           Min: 0, Avg:  0.0, Max: 0, Diff: 0, Sum: 0, Workers: 4
[6.582s][debug][gc,phases      ] GC(9)     Total                          Min: 0, Avg:  0.0, Max: 0, Diff: 0, Sum: 0, Workers: 4
[6.582s][debug][gc,phases      ] GC(9)   StringDedup Requests1 Weak     Min:  0.0, Avg:  0.0, Max:  0.0, Diff:  0.0, Sum:  0.0, Workers: 4
[6.582s][debug][gc,phases      ] GC(9)     Dead                           Min: 0, Avg:  0.0, Max: 0, Diff: 0, Sum: 0, Workers: 4
[6.582s][debug][gc,phases      ] GC(9)     Total                          Min: 0, Avg:  0.0, Max: 0, Diff: 0, Sum: 0, Workers: 4
[6.582s][debug][gc,phases      ] GC(9)   Weak JFR Old Object Samples    Min:  0.0, Avg:  0.0, Max:  0.0, Diff:  0.0, Sum:  0.0, Workers: 4
[6.582s][debug][gc,phases      ] GC(9)     Dead                           Min: 0, Avg:  0.0, Max: 0, Diff: 0, Sum: 0, Workers: 4
[6.582s][debug][gc,phases      ] GC(9)     Total                          Min: 0, Avg:  0.0, Max: 0, Diff: 0, Sum: 0, Workers: 4
[6.582s][debug][gc,phases      ] GC(9) Weak Processing 0.435ms
[6.582s][debug][gc,phases      ] GC(9) ClassLoaderData 0.158ms
[6.582s][debug][gc,phases      ] GC(9) Trigger cleanups 0.009ms
[6.592s][debug][gc,phases      ] GC(9) Class Unloading 10.448ms
[6.592s][info ][gc,phases      ] GC(9) Marking Phase 103.177ms
[6.592s][info ][gc,phases,start] GC(9) Summary Phase
[6.592s][info ][gc,phases      ] GC(9) Summary Phase 0.009ms
[6.592s][info ][gc,phases,start] GC(9) Adjust Roots
[6.602s][info ][gc,phases      ] GC(9) Adjust Roots 9.505ms
[6.602s][info ][gc,phases,start] GC(9) Compaction Phase
[7.359s][info ][gc,phases      ] GC(9) Compaction Phase 757.430ms
[7.359s][info ][gc,phases,start] GC(9) Post Compact
[7.360s][info ][gc,phases      ] GC(9) Post Compact 0.982ms
[7.360s][info ][gc,heap        ] GC(9) PSYoungGen: 126830K(1820672K)->126643K(1820672K) Eden: 0K(1544192K)->0K(1544192K) From: 126830K(276480K)->126643K(276480K)
[7.360s][info ][gc,heap        ] GC(9) ParOldGen: 61896K(61952K)->61619K(99840K)
[7.360s][info ][gc,metaspace   ] GC(9) Metaspace: 54409K(54976K)->54402K(54976K) NonClass: 46388K(46720K)->46383K(46720K) Class: 8021K(8256K)->8019K(8256K)
[7.360s][info ][gc             ] GC(9) Pause Full (Ergonomics) 184M->183M(1875M) 871.335ms
[7.360s][info ][gc,cpu         ] GC(9) User=2.10s Sys=0.00s Real=0.87s
[7.367s][info ][safepoint      ] Safepoint "ParallelGCFailedAllocation", Time since last: 139503 ns, Reaching safepoint: 101703 ns, At safepoint: 986784879 ns, Total: 986886582 ns
[7.377s][info ][safepoint      ] Safepoint "ICBufferFull", Time since last: 4902525 ns, Reaching safepoint: 210805 ns, At safepoint: 5392338 ns, Total: 5603143 ns
[7.383s][info ][safepoint      ] Safepoint "ICBufferFull", Time since last: 5482640 ns, Reaching safepoint: 150904 ns, At safepoint: 23100 ns, Total: 174004 ns
[7.384s][info ][safepoint      ] Safepoint "ICBufferFull", Time since last: 750919 ns, Reaching safepoint: 459712 ns, At safepoint: 212605 ns, Total: 672317 ns
[7.385s][info ][safepoint      ] Safepoint "ICBufferFull", Time since last: 680518 ns, Reaching safepoint: 101702 ns, At safepoint: 30301 ns, Total: 132003 ns
[7.386s][info ][safepoint      ] Safepoint "ICBufferFull", Time since last: 690818 ns, Reaching safepoint: 116103 ns, At safepoint: 29300 ns, Total: 145403 ns
[7.387s][info ][safepoint      ] Safepoint "ICBufferFull", Time since last: 893423 ns, Reaching safepoint: 109203 ns, At safepoint: 29901 ns, Total: 139104 ns
[7.388s][info ][safepoint      ] Safepoint "ICBufferFull", Time since last: 686717 ns, Reaching safepoint: 74202 ns, At safepoint: 30701 ns, Total: 104903 ns
[7.389s][info ][safepoint      ] Safepoint "ICBufferFull", Time since last: 694118 ns, Reaching safepoint: 97802 ns, At safepoint: 23901 ns, Total: 121703 ns
[7.389s][info ][safepoint      ] Safepoint "ICBufferFull", Time since last: 548814 ns, Reaching safepoint: 94502 ns, At safepoint: 21801 ns, Total: 116303 ns
[7.390s][info ][safepoint      ] Safepoint "ICBufferFull", Time since last: 715118 ns, Reaching safepoint: 103203 ns, At safepoint: 27700 ns, Total: 130903 ns
[7.392s][info ][safepoint      ] Safepoint "ICBufferFull", Time since last: 714119 ns, Reaching safepoint: 751019 ns, At safepoint: 31601 ns, Total: 782620 ns
[7.392s][info ][safepoint      ] Safepoint "ICBufferFull", Time since last: 681917 ns, Reaching safepoint: 95102 ns, At safepoint: 33001 ns, Total: 128103 ns
[7.405s][info ][safepoint      ] Safepoint "ICBufferFull", Time since last: 697418 ns, Reaching safepoint: 690318 ns, At safepoint: 10962779 ns, Total: 11653097 ns
[7.408s][info ][safepoint      ] Safepoint "ICBufferFull", Time since last: 830822 ns, Reaching safepoint: 2139854 ns, At safepoint: 37701 ns, Total: 2177555 ns
[7.409s][info ][safepoint      ] Safepoint "ICBufferFull", Time since last: 707918 ns, Reaching safepoint: 127103 ns, At safepoint: 28601 ns, Total: 155704 ns
[7.410s][info ][safepoint      ] Safepoint "ICBufferFull", Time since last: 685018 ns, Reaching safepoint: 98002 ns, At safepoint: 29901 ns, Total: 127903 ns
[7.410s][info ][safepoint      ] Safepoint "ICBufferFull", Time since last: 825221 ns, Reaching safepoint: 101103 ns, At safepoint: 27900 ns, Total: 129003 ns
[7.411s][info ][safepoint      ] Safepoint "ICBufferFull", Time since last: 735319 ns, Reaching safepoint: 99603 ns, At safepoint: 27500 ns, Total: 127103 ns
[7.412s][info ][safepoint      ] Safepoint "ICBufferFull", Time since last: 661717 ns, Reaching safepoint: 98903 ns, At safepoint: 21600 ns, Total: 120503 ns
[7.413s][info ][safepoint      ] Safepoint "ICBufferFull", Time since last: 687118 ns, Reaching safepoint: 97202 ns, At safepoint: 27601 ns, Total: 124803 ns
[7.414s][info ][safepoint      ] Safepoint "ICBufferFull", Time since last: 673417 ns, Reaching safepoint: 98803 ns, At safepoint: 21900 ns, Total: 120703 ns
[7.415s][info ][safepoint      ] Safepoint "ICBufferFull", Time since last: 678918 ns, Reaching safepoint: 97402 ns, At safepoint: 22801 ns, Total: 120203 ns
[7.415s][info ][safepoint      ] Safepoint "ICBufferFull", Time since last: 706918 ns, Reaching safepoint: 144303 ns, At safepoint: 34901 ns, Total: 179204 ns
[7.420s][info ][safepoint      ] Safepoint "ICBufferFull", Time since last: 4108605 ns, Reaching safepoint: 179105 ns, At safepoint: 24800 ns, Total: 203905 ns
[7.428s][info ][safepoint      ] Safepoint "ICBufferFull", Time since last: 7793299 ns, Reaching safepoint: 119703 ns, At safepoint: 21801 ns, Total: 141504 ns
[7.428s][info ][safepoint      ] Safepoint "ICBufferFull", Time since last: 711518 ns, Reaching safepoint: 94502 ns, At safepoint: 16101 ns, Total: 110603 ns
[7.429s][info ][safepoint      ] Safepoint "ICBufferFull", Time since last: 691517 ns, Reaching safepoint: 93303 ns, At safepoint: 23800 ns, Total: 117103 ns
[7.430s][info ][safepoint      ] Safepoint "ICBufferFull", Time since last: 674618 ns, Reaching safepoint: 92802 ns, At safepoint: 26701 ns, Total: 119503 ns
[7.431s][info ][safepoint      ] Safepoint "ICBufferFull", Time since last: 703218 ns, Reaching safepoint: 89902 ns, At safepoint: 22800 ns, Total: 112702 ns
[7.432s][info ][safepoint      ] Safepoint "ICBufferFull", Time since last: 647117 ns, Reaching safepoint: 158004 ns, At safepoint: 46701 ns, Total: 204705 ns
[7.433s][info ][safepoint      ] Safepoint "ICBufferFull", Time since last: 717319 ns, Reaching safepoint: 107202 ns, At safepoint: 29001 ns, Total: 136203 ns
[7.433s][info ][safepoint      ] Safepoint "ICBufferFull", Time since last: 703118 ns, Reaching safepoint: 97502 ns, At safepoint: 24201 ns, Total: 121703 ns
[7.434s][info ][safepoint      ] Safepoint "ICBufferFull", Time since last: 668217 ns, Reaching safepoint: 97703 ns, At safepoint: 28000 ns, Total: 125703 ns
[7.435s][info ][safepoint      ] Safepoint "ICBufferFull", Time since last: 749819 ns, Reaching safepoint: 95003 ns, At safepoint: 37501 ns, Total: 132504 ns
[7.436s][info ][safepoint      ] Safepoint "ICBufferFull", Time since last: 693317 ns, Reaching safepoint: 123204 ns, At safepoint: 37601 ns, Total: 160805 ns
[7.437s][info ][safepoint      ] Safepoint "ICBufferFull", Time since last: 714118 ns, Reaching safepoint: 97702 ns, At safepoint: 34801 ns, Total: 132503 ns
[7.438s][info ][safepoint      ] Safepoint "ICBufferFull", Time since last: 715218 ns, Reaching safepoint: 95503 ns, At safepoint: 30801 ns, Total: 126304 ns
[7.438s][info ][safepoint      ] Safepoint "ICBufferFull", Time since last: 717918 ns, Reaching safepoint: 96002 ns, At safepoint: 30601 ns, Total: 126603 ns
[7.439s][info ][safepoint      ] Safepoint "ICBufferFull", Time since last: 737019 ns, Reaching safepoint: 124503 ns, At safepoint: 31001 ns, Total: 155504 ns
[7.440s][info ][safepoint      ] Safepoint "ICBufferFull", Time since last: 692118 ns, Reaching safepoint: 103502 ns, At safepoint: 29201 ns, Total: 132703 ns
[7.441s][info ][safepoint      ] Safepoint "ICBufferFull", Time since last: 673117 ns, Reaching safepoint: 96903 ns, At safepoint: 27000 ns, Total: 123903 ns
[7.443s][info ][safepoint      ] Safepoint "ICBufferFull", Time since last: 683418 ns, Reaching safepoint: 1582540 ns, At safepoint: 24101 ns, Total: 1606641 ns
[7.445s][info ][safepoint      ] Safepoint "ICBufferFull", Time since last: 874222 ns, Reaching safepoint: 347809 ns, At safepoint: 44701 ns, Total: 392510 ns
[7.445s][info ][safepoint      ] Safepoint "ICBufferFull", Time since last: 766620 ns, Reaching safepoint: 114803 ns, At safepoint: 30100 ns, Total: 144903 ns
[7.446s][info ][safepoint      ] Safepoint "ICBufferFull", Time since last: 745219 ns, Reaching safepoint: 126604 ns, At safepoint: 23000 ns, Total: 149604 ns
[7.447s][info ][safepoint      ] Safepoint "ICBufferFull", Time since last: 727419 ns, Reaching safepoint: 123703 ns, At safepoint: 31901 ns, Total: 155604 ns
[7.448s][info ][safepoint      ] Safepoint "ICBufferFull", Time since last: 681517 ns, Reaching safepoint: 112403 ns, At safepoint: 30201 ns, Total: 142604 ns
[7.449s][info ][safepoint      ] Safepoint "ICBufferFull", Time since last: 676717 ns, Reaching safepoint: 114303 ns, At safepoint: 25701 ns, Total: 140004 ns
[7.450s][info ][safepoint      ] Safepoint "ICBufferFull", Time since last: 678617 ns, Reaching safepoint: 110003 ns, At safepoint: 28500 ns, Total: 138503 ns
[7.451s][info ][safepoint      ] Safepoint "ICBufferFull", Time since last: 679918 ns, Reaching safepoint: 99202 ns, At safepoint: 25101 ns, Total: 124303 ns
[7.451s][info ][safepoint      ] Safepoint "ICBufferFull", Time since last: 692118 ns, Reaching safepoint: 94902 ns, At safepoint: 22101 ns, Total: 117003 ns
[7.452s][info ][safepoint      ] Safepoint "ICBufferFull", Time since last: 698617 ns, Reaching safepoint: 94003 ns, At safepoint: 21400 ns, Total: 115403 ns
[7.453s][info ][safepoint      ] Safepoint "ICBufferFull", Time since last: 701518 ns, Reaching safepoint: 93603 ns, At safepoint: 20700 ns, Total: 114303 ns
[7.454s][info ][safepoint      ] Safepoint "ICBufferFull", Time since last: 675117 ns, Reaching safepoint: 93203 ns, At safepoint: 21900 ns, Total: 115103 ns
[7.455s][info ][safepoint      ] Safepoint "ICBufferFull", Time since last: 669417 ns, Reaching safepoint: 92103 ns, At safepoint: 19900 ns, Total: 112003 ns
[7.455s][info ][safepoint      ] Safepoint "ICBufferFull", Time since last: 697618 ns, Reaching safepoint: 95603 ns, At safepoint: 21900 ns, Total: 117503 ns
[7.456s][info ][safepoint      ] Safepoint "ICBufferFull", Time since last: 677917 ns, Reaching safepoint: 93503 ns, At safepoint: 22700 ns, Total: 116203 ns
[7.465s][info ][safepoint      ] Safepoint "ICBufferFull", Time since last: 5809049 ns, Reaching safepoint: 3230082 ns, At safepoint: 32901 ns, Total: 3262983 ns
[7.725s][info ][gc,start       ] GC(10) Pause Young (Allocation Failure)
[7.847s][debug][gc,phases      ] GC(10) Scavenge 121.776ms
[7.847s][debug][gc,ref         ] GC(10) Skipped phase 1 of Reference Processing: no references
[7.847s][debug][gc,ref         ] GC(10) ReferenceProcessor::execute queues: 1, RefProcThreadModel::Single, marks_oops_alive: false
[7.847s][debug][gc,ref         ] GC(10) Skipped phase 3 of Reference Processing: no references
[7.847s][debug][gc,ref         ] GC(10) ReferenceProcessor::execute queues: 1, RefProcThreadModel::Single, marks_oops_alive: false
[7.847s][debug][gc,phases      ] GC(10) Reference Processing 0.106ms
[7.847s][debug][gc,phases      ] GC(10)   VM Weak                        Min:  0.0, Avg:  0.0, Max:  0.0, Diff:  0.0, Sum:  0.0, Workers: 4
[7.847s][debug][gc,phases      ] GC(10)     Dead                           Min: 0, Avg:  0.0, Max: 0, Diff: 0, Sum: 0, Workers: 4
[7.847s][debug][gc,phases      ] GC(10)     Total                          Min: 0, Avg: 110.2, Max: 320, Diff: 320, Sum: 441, Workers: 4
[7.847s][debug][gc,phases      ] GC(10)   ObjectSynchronizer Weak        Min:  0.0, Avg:  0.0, Max:  0.0, Diff:  0.0, Sum:  0.0, Workers: 4
[7.847s][debug][gc,phases      ] GC(10)     Dead                           Min: 0, Avg:  0.0, Max: 0, Diff: 0, Sum: 0, Workers: 4
[7.847s][debug][gc,phases      ] GC(10)     Total                          Min: 0, Avg: 75.0, Max: 128, Diff: 128, Sum: 300, Workers: 4
[7.847s][debug][gc,phases      ] GC(10)   JVMTI Tag Weak OopStorage      Min:  0.0, Avg:  0.0, Max:  0.0, Diff:  0.0, Sum:  0.0, Workers: 4
[7.847s][debug][gc,phases      ] GC(10)     Dead                           Min: 0, Avg:  0.0, Max: 0, Diff: 0, Sum: 0, Workers: 4
[7.847s][debug][gc,phases      ] GC(10)     Total                          Min: 0, Avg:  0.0, Max: 0, Diff: 0, Sum: 0, Workers: 4
[7.847s][debug][gc,phases      ] GC(10)   StringTable Weak               Min:  0.2, Avg:  0.2, Max:  0.2, Diff:  0.0, Sum:  0.9, Workers: 4
[7.847s][debug][gc,phases      ] GC(10)     Dead                           Min: 0, Avg:  3.5, Max: 14, Diff: 14, Sum: 14, Workers: 4
[7.847s][debug][gc,phases      ] GC(10)     Total                          Min: 7680, Avg: 9609.5, Max: 10944, Diff: 3264, Sum: 38438, Workers: 4
[7.847s][debug][gc,phases      ] GC(10)   ResolvedMethodTable Weak       Min:  0.0, Avg:  0.0, Max:  0.0, Diff:  0.0, Sum:  0.1, Workers: 4
[7.847s][debug][gc,phases      ] GC(10)     Dead                           Min: 0, Avg:  0.0, Max: 0, Diff: 0, Sum: 0, Workers: 4
[7.847s][debug][gc,phases      ] GC(10)     Total                          Min: 640, Avg: 1248.5, Max: 1538, Diff: 898, Sum: 4994, Workers: 4
[7.847s][debug][gc,phases      ] GC(10)   JNI Weak                       Min:  0.0, Avg:  0.0, Max:  0.0, Diff:  0.0, Sum:  0.0, Workers: 4
[7.847s][debug][gc,phases      ] GC(10)     Dead                           Min: 0, Avg:  0.0, Max: 0, Diff: 0, Sum: 0, Workers: 4
[7.847s][debug][gc,phases      ] GC(10)     Total                          Min: 0, Avg:  0.2, Max: 1, Diff: 1, Sum: 1, Workers: 4
[7.847s][debug][gc,phases      ] GC(10)   StringDedup Table Weak         Min:  0.0, Avg:  0.0, Max:  0.0, Diff:  0.0, Sum:  0.0, Workers: 4
[7.847s][debug][gc,phases      ] GC(10)     Dead                           Min: 0, Avg:  0.0, Max: 0, Diff: 0, Sum: 0, Workers: 4
[7.847s][debug][gc,phases      ] GC(10)     Total                          Min: 0, Avg:  0.0, Max: 0, Diff: 0, Sum: 0, Workers: 4
[7.848s][debug][gc,phases      ] GC(10)   StringDedup Requests0 Weak     Min:  0.0, Avg:  0.0, Max:  0.0, Diff:  0.0, Sum:  0.0, Workers: 4
[7.848s][debug][gc,phases      ] GC(10)     Dead                           Min: 0, Avg:  0.0, Max: 0, Diff: 0, Sum: 0, Workers: 4
[7.848s][debug][gc,phases      ] GC(10)     Total                          Min: 0, Avg:  0.0, Max: 0, Diff: 0, Sum: 0, Workers: 4
[7.848s][debug][gc,phases      ] GC(10)   StringDedup Requests1 Weak     Min:  0.0, Avg:  0.0, Max:  0.0, Diff:  0.0, Sum:  0.0, Workers: 4
[7.848s][debug][gc,phases      ] GC(10)     Dead                           Min: 0, Avg:  0.0, Max: 0, Diff: 0, Sum: 0, Workers: 4
[7.848s][debug][gc,phases      ] GC(10)     Total                          Min: 0, Avg:  0.0, Max: 0, Diff: 0, Sum: 0, Workers: 4
[7.848s][debug][gc,phases      ] GC(10)   Weak JFR Old Object Samples    Min:  0.0, Avg:  0.0, Max:  0.0, Diff:  0.0, Sum:  0.0, Workers: 4
[7.848s][debug][gc,phases      ] GC(10)     Dead                           Min: 0, Avg:  0.0, Max: 0, Diff: 0, Sum: 0, Workers: 4
[7.848s][debug][gc,phases      ] GC(10)     Total                          Min: 0, Avg:  0.0, Max: 0, Diff: 0, Sum: 0, Workers: 4
[7.848s][debug][gc,phases      ] GC(10) Weak Processing 0.448ms
[7.848s][debug][gc,age         ] GC(10) Desired survivor size 271056896 bytes, new threshold 5 (max threshold 15)
[7.848s][info ][gc,heap        ] GC(10) PSYoungGen: 1670835K(1820672K)->9700K(1824256K) Eden: 1544192K(1544192K)->0K(1567744K) From: 126643K(276480K)->9700K(256512K)
[7.848s][info ][gc,heap        ] GC(10) ParOldGen: 61619K(99840K)->180648K(180736K)
[7.848s][info ][gc,metaspace   ] GC(10) Metaspace: 54422K(54976K)->54422K(54976K) NonClass: 46401K(46720K)->46401K(46720K) Class: 8021K(8256K)->8021K(8256K)
[7.848s][info ][gc             ] GC(10) Pause Young (Allocation Failure) 1691M->185M(1958M) 122.460ms
[7.848s][info ][gc,cpu         ] GC(10) User=0.45s Sys=0.04s Real=0.13s
[7.848s][debug][gc,phases      ] GC(11) Pre Compact 0.010ms
[7.848s][info ][gc,start       ] GC(11) Pause Full (Ergonomics)
[7.848s][info ][gc,phases,start] GC(11) Marking Phase
[7.930s][debug][gc,phases      ] GC(11) Par Mark 82.076ms
[7.930s][debug][gc,ref         ] GC(11) Skipped phase 1 of Reference Processing: no references
[7.930s][debug][gc,ref         ] GC(11) ReferenceProcessor::execute queues: 4, RefProcThreadModel::Multi, marks_oops_alive: false
[7.930s][debug][gc,ref         ] GC(11) Skipped phase 3 of Reference Processing: no references
[7.930s][debug][gc,ref         ] GC(11) ReferenceProcessor::execute queues: 1, RefProcThreadModel::Single, marks_oops_alive: false
[7.930s][debug][gc,phases      ] GC(11) Reference Processing 0.306ms
[7.930s][debug][gc,phases      ] GC(11)   VM Weak                        Min:  0.0, Avg:  0.0, Max:  0.0, Diff:  0.0, Sum:  0.0, Workers: 4
[7.930s][debug][gc,phases      ] GC(11)     Dead                           Min: 0, Avg:  0.0, Max: 0, Diff: 0, Sum: 0, Workers: 4
[7.930s][debug][gc,phases      ] GC(11)     Total                          Min: 0, Avg: 110.2, Max: 377, Diff: 377, Sum: 441, Workers: 4
[7.930s][debug][gc,phases      ] GC(11)   ObjectSynchronizer Weak        Min:  0.0, Avg:  0.0, Max:  0.0, Diff:  0.0, Sum:  0.0, Workers: 4
[7.930s][debug][gc,phases      ] GC(11)     Dead                           Min: 0, Avg:  0.0, Max: 0, Diff: 0, Sum: 0, Workers: 4
[7.930s][debug][gc,phases      ] GC(11)     Total                          Min: 44, Avg: 75.0, Max: 128, Diff: 84, Sum: 300, Workers: 4
[7.930s][debug][gc,phases      ] GC(11)   JVMTI Tag Weak OopStorage      Min:  0.0, Avg:  0.0, Max:  0.0, Diff:  0.0, Sum:  0.0, Workers: 4
[7.930s][debug][gc,phases      ] GC(11)     Dead                           Min: 0, Avg:  0.0, Max: 0, Diff: 0, Sum: 0, Workers: 4
[7.930s][debug][gc,phases      ] GC(11)     Total                          Min: 0, Avg:  0.0, Max: 0, Diff: 0, Sum: 0, Workers: 4
[7.930s][debug][gc,phases      ] GC(11)   StringTable Weak               Min:  0.1, Avg:  0.1, Max:  0.1, Diff:  0.0, Sum:  0.5, Workers: 4
[7.930s][debug][gc,phases      ] GC(11)     Dead                           Min: 0, Avg:  0.0, Max: 0, Diff: 0, Sum: 0, Workers: 4
[7.930s][debug][gc,phases      ] GC(11)     Total                          Min: 8243, Avg: 9609.5, Max: 10867, Diff: 2624, Sum: 38438, Workers: 4
[7.930s][debug][gc,phases      ] GC(11)   ResolvedMethodTable Weak       Min:  0.0, Avg:  0.0, Max:  0.0, Diff:  0.0, Sum:  0.1, Workers: 4
[7.930s][debug][gc,phases      ] GC(11)     Dead                           Min: 0, Avg:  0.0, Max: 0, Diff: 0, Sum: 0, Workers: 4
[7.930s][debug][gc,phases      ] GC(11)     Total                          Min: 1088, Avg: 1248.5, Max: 1410, Diff: 322, Sum: 4994, Workers: 4
[7.930s][debug][gc,phases      ] GC(11)   JNI Weak                       Min:  0.0, Avg:  0.0, Max:  0.0, Diff:  0.0, Sum:  0.0, Workers: 4
[7.930s][debug][gc,phases      ] GC(11)     Dead                           Min: 0, Avg:  0.0, Max: 0, Diff: 0, Sum: 0, Workers: 4
[7.930s][debug][gc,phases      ] GC(11)     Total                          Min: 0, Avg:  0.2, Max: 1, Diff: 1, Sum: 1, Workers: 4
[7.930s][debug][gc,phases      ] GC(11)   StringDedup Table Weak         Min:  0.0, Avg:  0.0, Max:  0.0, Diff:  0.0, Sum:  0.0, Workers: 4
[7.930s][debug][gc,phases      ] GC(11)     Dead                           Min: 0, Avg:  0.0, Max: 0, Diff: 0, Sum: 0, Workers: 4
[7.930s][debug][gc,phases      ] GC(11)     Total                          Min: 0, Avg:  0.0, Max: 0, Diff: 0, Sum: 0, Workers: 4
[7.930s][debug][gc,phases      ] GC(11)   StringDedup Requests0 Weak     Min:  0.0, Avg:  0.0, Max:  0.0, Diff:  0.0, Sum:  0.0, Workers: 4
[7.930s][debug][gc,phases      ] GC(11)     Dead                           Min: 0, Avg:  0.0, Max: 0, Diff: 0, Sum: 0, Workers: 4
[7.930s][debug][gc,phases      ] GC(11)     Total                          Min: 0, Avg:  0.0, Max: 0, Diff: 0, Sum: 0, Workers: 4
[7.930s][debug][gc,phases      ] GC(11)   StringDedup Requests1 Weak     Min:  0.0, Avg:  0.0, Max:  0.0, Diff:  0.0, Sum:  0.0, Workers: 4
[7.930s][debug][gc,phases      ] GC(11)     Dead                           Min: 0, Avg:  0.0, Max: 0, Diff: 0, Sum: 0, Workers: 4
[7.930s][debug][gc,phases      ] GC(11)     Total                          Min: 0, Avg:  0.0, Max: 0, Diff: 0, Sum: 0, Workers: 4
[7.930s][debug][gc,phases      ] GC(11)   Weak JFR Old Object Samples    Min:  0.0, Avg:  0.0, Max:  0.0, Diff:  0.0, Sum:  0.0, Workers: 4
[7.930s][debug][gc,phases      ] GC(11)     Dead                           Min: 0, Avg:  0.0, Max: 0, Diff: 0, Sum: 0, Workers: 4
[7.930s][debug][gc,phases      ] GC(11)     Total                          Min: 0, Avg:  0.0, Max: 0, Diff: 0, Sum: 0, Workers: 4
[7.930s][debug][gc,phases      ] GC(11) Weak Processing 0.328ms
[7.931s][debug][gc,phases      ] GC(11) ClassLoaderData 0.062ms
[7.931s][debug][gc,phases      ] GC(11) Trigger cleanups 0.000ms
[7.936s][debug][gc,phases      ] GC(11) Class Unloading 5.538ms
[7.936s][info ][gc,phases      ] GC(11) Marking Phase 88.391ms
[7.936s][info ][gc,phases,start] GC(11) Summary Phase
[7.936s][info ][gc,phases      ] GC(11) Summary Phase 0.007ms
[7.936s][info ][gc,phases,start] GC(11) Adjust Roots
[7.944s][info ][gc,phases      ] GC(11) Adjust Roots 7.609ms
[7.944s][info ][gc,phases,start] GC(11) Compaction Phase
[8.182s][info ][gc,phases      ] GC(11) Compaction Phase 238.060ms
[8.182s][info ][gc,phases,start] GC(11) Post Compact
[8.182s][info ][gc,phases      ] GC(11) Post Compact 0.525ms
[8.182s][info ][gc,heap        ] GC(11) PSYoungGen: 9700K(1824256K)->9638K(1824256K) Eden: 0K(1567744K)->0K(1567744K) From: 9700K(256512K)->9638K(256512K)
[8.182s][info ][gc,heap        ] GC(11) ParOldGen: 180648K(180736K)->180230K(271872K)
[8.183s][info ][gc,metaspace   ] GC(11) Metaspace: 54422K(54976K)->54422K(54976K) NonClass: 46401K(46720K)->46401K(46720K) Class: 8021K(8256K)->8021K(8256K)
[8.183s][info ][gc             ] GC(11) Pause Full (Ergonomics) 185M->185M(2047M) 334.876ms
[8.183s][info ][gc,cpu         ] GC(11) User=1.23s Sys=0.00s Real=0.33s
[8.190s][info ][safepoint      ] Safepoint "ParallelGCFailedAllocation", Time since last: 259668226 ns, Reaching safepoint: 212505 ns, At safepoint: 465213373 ns, Total: 465425878 ns
[8.574s][info ][gc,start       ] GC(12) Pause Young (Allocation Failure)
[8.607s][debug][gc,phases      ] GC(12) Scavenge 33.608ms
[8.607s][debug][gc,ref         ] GC(12) Skipped phase 1 of Reference Processing: no references
[8.608s][debug][gc,ref         ] GC(12) ReferenceProcessor::execute queues: 1, RefProcThreadModel::Single, marks_oops_alive: false
[8.608s][debug][gc,ref         ] GC(12) Skipped phase 3 of Reference Processing: no references
[8.608s][debug][gc,ref         ] GC(12) ReferenceProcessor::execute queues: 1, RefProcThreadModel::Single, marks_oops_alive: false
[8.608s][debug][gc,phases      ] GC(12) Reference Processing 0.188ms
[8.608s][debug][gc,phases      ] GC(12)   VM Weak                        Min:  0.0, Avg:  0.0, Max:  0.0, Diff:  0.0, Sum:  0.0, Workers: 4
[8.608s][debug][gc,phases      ] GC(12)     Dead                           Min: 0, Avg:  0.0, Max: 0, Diff: 0, Sum: 0, Workers: 4
[8.608s][debug][gc,phases      ] GC(12)     Total                          Min: 0, Avg: 127.8, Max: 383, Diff: 383, Sum: 511, Workers: 4
[8.608s][debug][gc,phases      ] GC(12)   ObjectSynchronizer Weak        Min:  0.0, Avg:  0.0, Max:  0.0, Diff:  0.0, Sum:  0.0, Workers: 4
[8.608s][debug][gc,phases      ] GC(12)     Dead                           Min: 0, Avg:  0.0, Max: 0, Diff: 0, Sum: 0, Workers: 4
[8.608s][debug][gc,phases      ] GC(12)     Total                          Min: 0, Avg: 75.0, Max: 172, Diff: 172, Sum: 300, Workers: 4
[8.608s][debug][gc,phases      ] GC(12)   JVMTI Tag Weak OopStorage      Min:  0.0, Avg:  0.0, Max:  0.0, Diff:  0.0, Sum:  0.0, Workers: 4
[8.608s][debug][gc,phases      ] GC(12)     Dead                           Min: 0, Avg:  0.0, Max: 0, Diff: 0, Sum: 0, Workers: 4
[8.608s][debug][gc,phases      ] GC(12)     Total                          Min: 0, Avg:  0.0, Max: 0, Diff: 0, Sum: 0, Workers: 4
[8.608s][debug][gc,phases      ] GC(12)   StringTable Weak               Min:  0.1, Avg:  0.1, Max:  0.1, Diff:  0.0, Sum:  0.4, Workers: 4
[8.608s][debug][gc,phases      ] GC(12)     Dead                           Min: 0, Avg:  4.2, Max: 13, Diff: 13, Sum: 17, Workers: 4
[8.608s][debug][gc,phases      ] GC(12)     Total                          Min: 9152, Avg: 9707.0, Max: 10668, Diff: 1516, Sum: 38828, Workers: 4
[8.608s][debug][gc,phases      ] GC(12)   ResolvedMethodTable Weak       Min:  0.0, Avg:  0.0, Max:  0.0, Diff:  0.0, Sum:  0.1, Workers: 4
[8.608s][debug][gc,phases      ] GC(12)     Dead                           Min: 0, Avg:  7.5, Max: 29, Diff: 29, Sum: 30, Workers: 4
[8.608s][debug][gc,phases      ] GC(12)     Total                          Min: 1280, Avg: 1337.8, Max: 1408, Diff: 128, Sum: 5351, Workers: 4
[8.608s][debug][gc,phases      ] GC(12)   JNI Weak                       Min:  0.0, Avg:  0.0, Max:  0.0, Diff:  0.0, Sum:  0.0, Workers: 4
[8.608s][debug][gc,phases      ] GC(12)     Dead                           Min: 0, Avg:  0.0, Max: 0, Diff: 0, Sum: 0, Workers: 4
[8.608s][debug][gc,phases      ] GC(12)     Total                          Min: 0, Avg:  0.0, Max: 0, Diff: 0, Sum: 0, Workers: 4
[8.608s][debug][gc,phases      ] GC(12)   StringDedup Table Weak         Min:  0.0, Avg:  0.0, Max:  0.0, Diff:  0.0, Sum:  0.0, Workers: 4
[8.608s][debug][gc,phases      ] GC(12)     Dead                           Min: 0, Avg:  0.0, Max: 0, Diff: 0, Sum: 0, Workers: 4
[8.608s][debug][gc,phases      ] GC(12)     Total                          Min: 0, Avg:  0.0, Max: 0, Diff: 0, Sum: 0, Workers: 4
[8.608s][debug][gc,phases      ] GC(12)   StringDedup Requests0 Weak     Min:  0.0, Avg:  0.0, Max:  0.0, Diff:  0.0, Sum:  0.0, Workers: 4
[8.608s][debug][gc,phases      ] GC(12)     Dead                           Min: 0, Avg:  0.0, Max: 0, Diff: 0, Sum: 0, Workers: 4
[8.608s][debug][gc,phases      ] GC(12)     Total                          Min: 0, Avg:  0.0, Max: 0, Diff: 0, Sum: 0, Workers: 4
[8.608s][debug][gc,phases      ] GC(12)   StringDedup Requests1 Weak     Min:  0.0, Avg:  0.0, Max:  0.0, Diff:  0.0, Sum:  0.0, Workers: 4
[8.608s][debug][gc,phases      ] GC(12)     Dead                           Min: 0, Avg:  0.0, Max: 0, Diff: 0, Sum: 0, Workers: 4
[8.608s][debug][gc,phases      ] GC(12)     Total                          Min: 0, Avg:  0.0, Max: 0, Diff: 0, Sum: 0, Workers: 4
[8.608s][debug][gc,phases      ] GC(12)   Weak JFR Old Object Samples    Min:  0.0, Avg:  0.0, Max:  0.0, Diff:  0.0, Sum:  0.0, Workers: 4
[8.608s][debug][gc,phases      ] GC(12)     Dead                           Min: 0, Avg:  0.0, Max: 0, Diff: 0, Sum: 0, Workers: 4
[8.608s][debug][gc,phases      ] GC(12)     Total                          Min: 0, Avg:  0.0, Max: 0, Diff: 0, Sum: 0, Workers: 4
[8.608s][debug][gc,phases      ] GC(12) Weak Processing 0.337ms
[8.608s][debug][gc,age         ] GC(12) Desired survivor size 273678336 bytes, new threshold 6 (max threshold 15)
[8.608s][info ][gc,heap        ] GC(12) PSYoungGen: 1577382K(1824256K)->10877K(1579008K) Eden: 1567744K(1567744K)->0K(1567744K) From: 9638K(256512K)->10877K(11264K)
[8.608s][info ][gc,heap        ] GC(12) ParOldGen: 180230K(271872K)->180238K(271872K)
[8.608s][info ][gc,metaspace   ] GC(12) Metaspace: 55596K(56256K)->55596K(56256K) NonClass: 47360K(47744K)->47360K(47744K) Class: 8235K(8512K)->8235K(8512K)
[8.608s][info ][gc             ] GC(12) Pause Young (Allocation Failure) 1716M->186M(1807M) 34.278ms
[8.608s][info ][gc,cpu         ] GC(12) User=0.14s Sys=0.00s Real=0.04s
[8.608s][info ][safepoint      ] Safepoint "ParallelGCFailedAllocation", Time since last: 383172878 ns, Reaching safepoint: 282108 ns, At safepoint: 34389677 ns, Total: 34671785 ns
[8.869s][info ][gc,start       ] GC(13) Pause Young (Allocation Failure)
[8.878s][debug][gc,phases      ] GC(13) Scavenge 8.756ms
[8.878s][debug][gc,ref         ] GC(13) Skipped phase 1 of Reference Processing: no references
[8.878s][debug][gc,ref         ] GC(13) ReferenceProcessor::execute queues: 1, RefProcThreadModel::Single, marks_oops_alive: false
[8.878s][debug][gc,ref         ] GC(13) Skipped phase 3 of Reference Processing: no references
[8.878s][debug][gc,ref         ] GC(13) ReferenceProcessor::execute queues: 1, RefProcThreadModel::Single, marks_oops_alive: false
[8.878s][debug][gc,phases      ] GC(13) Reference Processing 0.149ms
[8.878s][debug][gc,phases      ] GC(13)   VM Weak                        Min:  0.0, Avg:  0.0, Max:  0.0, Diff:  0.0, Sum:  0.0, Workers: 4
[8.878s][debug][gc,phases      ] GC(13)     Dead                           Min: 0, Avg:  0.0, Max: 0, Diff: 0, Sum: 0, Workers: 4
[8.878s][debug][gc,phases      ] GC(13)     Total                          Min: 0, Avg: 129.8, Max: 384, Diff: 384, Sum: 519, Workers: 4
[8.878s][debug][gc,phases      ] GC(13)   ObjectSynchronizer Weak        Min:  0.0, Avg:  0.0, Max:  0.0, Diff:  0.0, Sum:  0.0, Workers: 4
[8.878s][debug][gc,phases      ] GC(13)     Dead                           Min: 0, Avg:  0.0, Max: 0, Diff: 0, Sum: 0, Workers: 4
[8.878s][debug][gc,phases      ] GC(13)     Total                          Min: 0, Avg: 75.0, Max: 172, Diff: 172, Sum: 300, Workers: 4
[8.878s][debug][gc,phases      ] GC(13)   JVMTI Tag Weak OopStorage      Min:  0.0, Avg:  0.0, Max:  0.0, Diff:  0.0, Sum:  0.0, Workers: 4
[8.878s][debug][gc,phases      ] GC(13)     Dead                           Min: 0, Avg:  0.0, Max: 0, Diff: 0, Sum: 0, Workers: 4
[8.878s][debug][gc,phases      ] GC(13)     Total                          Min: 0, Avg:  0.0, Max: 0, Diff: 0, Sum: 0, Workers: 4
[8.878s][debug][gc,phases      ] GC(13)   StringTable Weak               Min:  0.1, Avg:  0.1, Max:  0.1, Diff:  0.0, Sum:  0.4, Workers: 4
[8.878s][debug][gc,phases      ] GC(13)     Dead                           Min: 1, Avg:  3.8, Max: 11, Diff: 10, Sum: 15, Workers: 4
[8.878s][debug][gc,phases      ] GC(13)     Total                          Min: 8128, Avg: 9850.5, Max: 10880, Diff: 2752, Sum: 39402, Workers: 4
[8.878s][debug][gc,phases      ] GC(13)   ResolvedMethodTable Weak       Min:  0.0, Avg:  0.0, Max:  0.0, Diff:  0.0, Sum:  0.1, Workers: 4
[8.878s][debug][gc,phases      ] GC(13)     Dead                           Min: 0, Avg:  4.8, Max: 14, Diff: 14, Sum: 19, Workers: 4
[8.878s][debug][gc,phases      ] GC(13)     Total                          Min: 1216, Avg: 1452.5, Max: 1650, Diff: 434, Sum: 5810, Workers: 4
[8.878s][debug][gc,phases      ] GC(13)   JNI Weak                       Min:  0.0, Avg:  0.0, Max:  0.0, Diff:  0.0, Sum:  0.0, Workers: 4
[8.878s][debug][gc,phases      ] GC(13)     Dead                           Min: 0, Avg:  0.0, Max: 0, Diff: 0, Sum: 0, Workers: 4
[8.878s][debug][gc,phases      ] GC(13)     Total                          Min: 0, Avg:  0.0, Max: 0, Diff: 0, Sum: 0, Workers: 4
[8.878s][debug][gc,phases      ] GC(13)   StringDedup Table Weak         Min:  0.0, Avg:  0.0, Max:  0.0, Diff:  0.0, Sum:  0.0, Workers: 4
[8.878s][debug][gc,phases      ] GC(13)     Dead                           Min: 0, Avg:  0.0, Max: 0, Diff: 0, Sum: 0, Workers: 4
[8.878s][debug][gc,phases      ] GC(13)     Total                          Min: 0, Avg:  0.0, Max: 0, Diff: 0, Sum: 0, Workers: 4
[8.878s][debug][gc,phases      ] GC(13)   StringDedup Requests0 Weak     Min:  0.0, Avg:  0.0, Max:  0.0, Diff:  0.0, Sum:  0.0, Workers: 4
[8.878s][debug][gc,phases      ] GC(13)     Dead                           Min: 0, Avg:  0.0, Max: 0, Diff: 0, Sum: 0, Workers: 4
[8.878s][debug][gc,phases      ] GC(13)     Total                          Min: 0, Avg:  0.0, Max: 0, Diff: 0, Sum: 0, Workers: 4
[8.878s][debug][gc,phases      ] GC(13)   StringDedup Requests1 Weak     Min:  0.0, Avg:  0.0, Max:  0.0, Diff:  0.0, Sum:  0.0, Workers: 4
[8.878s][debug][gc,phases      ] GC(13)     Dead                           Min: 0, Avg:  0.0, Max: 0, Diff: 0, Sum: 0, Workers: 4
[8.878s][debug][gc,phases      ] GC(13)     Total                          Min: 0, Avg:  0.0, Max: 0, Diff: 0, Sum: 0, Workers: 4
[8.878s][debug][gc,phases      ] GC(13)   Weak JFR Old Object Samples    Min:  0.0, Avg:  0.0, Max:  0.0, Diff:  0.0, Sum:  0.0, Workers: 4
[8.878s][debug][gc,phases      ] GC(13)     Dead                           Min: 0, Avg:  0.0, Max: 0, Diff: 0, Sum: 0, Workers: 4
[8.878s][debug][gc,phases      ] GC(13)     Total                          Min: 0, Avg:  0.0, Max: 0, Diff: 0, Sum: 0, Workers: 4
[8.878s][debug][gc,phases      ] GC(13) Weak Processing 0.327ms
[8.878s][debug][gc,age         ] GC(13) Desired survivor size 273154048 bytes, new threshold 7 (max threshold 15)
[8.878s][info ][gc,heap        ] GC(13) PSYoungGen: 1578621K(1579008K)->12189K(1830400K) Eden: 1567744K(1567744K)->0K(1563136K) From: 10877K(11264K)->12189K(267264K)
[8.878s][info ][gc,heap        ] GC(13) ParOldGen: 180238K(271872K)->180246K(271872K)
[8.878s][info ][gc,metaspace   ] GC(13) Metaspace: 57441K(58112K)->57441K(58112K) NonClass: 48862K(49216K)->48862K(49216K) Class: 8578K(8896K)->8578K(8896K)
[8.878s][info ][gc             ] GC(13) Pause Young (Allocation Failure) 1717M->187M(2053M) 9.370ms
[8.878s][info ][gc,cpu         ] GC(13) User=0.04s Sys=0.00s Real=0.00s
[8.878s][info ][safepoint      ] Safepoint "ParallelGCFailedAllocation", Time since last: 260628152 ns, Reaching safepoint: 172105 ns, At safepoint: 9473441 ns, Total: 9645546 ns
[9.451s][info ][gc,start       ] GC(14) Pause Young (Allocation Failure)
[9.464s][debug][gc,phases      ] GC(14) Scavenge 12.677ms
[9.464s][debug][gc,ref         ] GC(14) Skipped phase 1 of Reference Processing: no references
[9.464s][debug][gc,ref         ] GC(14) ReferenceProcessor::execute queues: 1, RefProcThreadModel::Single, marks_oops_alive: false
[9.464s][debug][gc,ref         ] GC(14) Skipped phase 3 of Reference Processing: no references
[9.464s][debug][gc,ref         ] GC(14) ReferenceProcessor::execute queues: 1, RefProcThreadModel::Single, marks_oops_alive: false
[9.464s][debug][gc,phases      ] GC(14) Reference Processing 0.207ms
[9.465s][debug][gc,phases      ] GC(14)   VM Weak                        Min:  0.0, Avg:  0.0, Max:  0.0, Diff:  0.0, Sum:  0.0, Workers: 4
[9.465s][debug][gc,phases      ] GC(14)     Dead                           Min: 0, Avg:  0.0, Max: 0, Diff: 0, Sum: 0, Workers: 4
[9.465s][debug][gc,phases      ] GC(14)     Total                          Min: 0, Avg: 131.0, Max: 384, Diff: 384, Sum: 524, Workers: 4
[9.465s][debug][gc,phases      ] GC(14)   ObjectSynchronizer Weak        Min:  0.0, Avg:  0.0, Max:  0.0, Diff:  0.0, Sum:  0.0, Workers: 4
[9.465s][debug][gc,phases      ] GC(14)     Dead                           Min: 0, Avg:  0.5, Max: 2, Diff: 2, Sum: 2, Workers: 4
[9.465s][debug][gc,phases      ] GC(14)     Total                          Min: 0, Avg: 81.8, Max: 135, Diff: 135, Sum: 327, Workers: 4
[9.465s][debug][gc,phases      ] GC(14)   JVMTI Tag Weak OopStorage      Min:  0.0, Avg:  0.0, Max:  0.0, Diff:  0.0, Sum:  0.0, Workers: 4
[9.465s][debug][gc,phases      ] GC(14)     Dead                           Min: 0, Avg:  0.0, Max: 0, Diff: 0, Sum: 0, Workers: 4
[9.465s][debug][gc,phases      ] GC(14)     Total                          Min: 0, Avg:  0.0, Max: 0, Diff: 0, Sum: 0, Workers: 4
[9.465s][debug][gc,phases      ] GC(14)   StringTable Weak               Min:  0.0, Avg:  0.1, Max:  0.2, Diff:  0.2, Sum:  0.5, Workers: 4
[9.465s][debug][gc,phases      ] GC(14)     Dead                           Min: 0, Avg:  4.0, Max: 14, Diff: 14, Sum: 16, Workers: 4
[9.465s][debug][gc,phases      ] GC(14)     Total                          Min: 0, Avg: 9950.5, Max: 13371, Diff: 13371, Sum: 39802, Workers: 4
[9.465s][debug][gc,phases      ] GC(14)   ResolvedMethodTable Weak       Min:  0.0, Avg:  0.0, Max:  0.0, Diff:  0.0, Sum:  0.1, Workers: 4
[9.465s][debug][gc,phases      ] GC(14)     Dead                           Min: 0, Avg:  7.2, Max: 24, Diff: 24, Sum: 29, Workers: 4
[9.465s][debug][gc,phases      ] GC(14)     Total                          Min: 0, Avg: 1506.2, Max: 2240, Diff: 2240, Sum: 6025, Workers: 4
[9.465s][debug][gc,phases      ] GC(14)   JNI Weak                       Min:  0.0, Avg:  0.0, Max:  0.0, Diff:  0.0, Sum:  0.0, Workers: 4
[9.465s][debug][gc,phases      ] GC(14)     Dead                           Min: 0, Avg:  0.0, Max: 0, Diff: 0, Sum: 0, Workers: 4
[9.465s][debug][gc,phases      ] GC(14)     Total                          Min: 0, Avg:  1.0, Max: 4, Diff: 4, Sum: 4, Workers: 4
[9.465s][debug][gc,phases      ] GC(14)   StringDedup Table Weak         Min:  0.0, Avg:  0.0, Max:  0.0, Diff:  0.0, Sum:  0.0, Workers: 4
[9.465s][debug][gc,phases      ] GC(14)     Dead                           Min: 0, Avg:  0.0, Max: 0, Diff: 0, Sum: 0, Workers: 4
[9.465s][debug][gc,phases      ] GC(14)     Total                          Min: 0, Avg:  0.0, Max: 0, Diff: 0, Sum: 0, Workers: 4
[9.465s][debug][gc,phases      ] GC(14)   StringDedup Requests0 Weak     Min:  0.0, Avg:  0.0, Max:  0.0, Diff:  0.0, Sum:  0.0, Workers: 4
[9.465s][debug][gc,phases      ] GC(14)     Dead                           Min: 0, Avg:  0.0, Max: 0, Diff: 0, Sum: 0, Workers: 4
[9.465s][debug][gc,phases      ] GC(14)     Total                          Min: 0, Avg:  0.0, Max: 0, Diff: 0, Sum: 0, Workers: 4
[9.465s][debug][gc,phases      ] GC(14)   StringDedup Requests1 Weak     Min:  0.0, Avg:  0.0, Max:  0.0, Diff:  0.0, Sum:  0.0, Workers: 4
[9.465s][debug][gc,phases      ] GC(14)     Dead                           Min: 0, Avg:  0.0, Max: 0, Diff: 0, Sum: 0, Workers: 4
[9.465s][debug][gc,phases      ] GC(14)     Total                          Min: 0, Avg:  0.0, Max: 0, Diff: 0, Sum: 0, Workers: 4
[9.465s][debug][gc,phases      ] GC(14)   Weak JFR Old Object Samples    Min:  0.0, Avg:  0.0, Max:  0.0, Diff:  0.0, Sum:  0.0, Workers: 4
[9.465s][debug][gc,phases      ] GC(14)     Dead                           Min: 0, Avg:  0.0, Max: 0, Diff: 0, Sum: 0, Workers: 4
[9.465s][debug][gc,phases      ] GC(14)     Total                          Min: 0, Avg:  0.0, Max: 0, Diff: 0, Sum: 0, Workers: 4
[9.465s][debug][gc,phases      ] GC(14) Weak Processing 0.480ms
[9.465s][debug][gc,age         ] GC(14) Desired survivor size 267911168 bytes, new threshold 8 (max threshold 15)
[9.465s][info ][gc,heap        ] GC(14) PSYoungGen: 1575325K(1830400K)->23273K(1829888K) Eden: 1563136K(1563136K)->0K(1563136K) From: 12189K(267264K)->23273K(266752K)
[9.465s][info ][gc,heap        ] GC(14) ParOldGen: 180246K(271872K)->180254K(271872K)
[9.465s][info ][gc,metaspace   ] GC(14) Metaspace: 58514K(59200K)->58514K(59200K) NonClass: 49793K(50176K)->49793K(50176K) Class: 8721K(9024K)->8721K(9024K)
[9.465s][info ][gc             ] GC(14) Pause Young (Allocation Failure) 1714M->198M(2052M) 13.525ms
[9.465s][info ][gc,cpu         ] GC(14) User=0.05s Sys=0.00s Real=0.01s
[9.465s][info ][safepoint      ] Safepoint "ParallelGCFailedAllocation", Time since last: 570136452 ns, Reaching safepoint: 2653868 ns, At safepoint: 13673749 ns, Total: 16327617 ns
[9.772s][info ][gc,start       ] GC(15) Pause Young (Allocation Failure)
[9.786s][debug][gc,phases      ] GC(15) Scavenge 13.722ms
[9.786s][debug][gc,ref         ] GC(15) Skipped phase 1 of Reference Processing: no references
[9.786s][debug][gc,ref         ] GC(15) ReferenceProcessor::execute queues: 1, RefProcThreadModel::Single, marks_oops_alive: false
[9.786s][debug][gc,ref         ] GC(15) Skipped phase 3 of Reference Processing: no references
[9.786s][debug][gc,ref         ] GC(15) ReferenceProcessor::execute queues: 1, RefProcThreadModel::Single, marks_oops_alive: false
[9.786s][debug][gc,phases      ] GC(15) Reference Processing 0.140ms
[9.786s][debug][gc,phases      ] GC(15)   VM Weak                        Min:  0.0, Avg:  0.0, Max:  0.0, Diff:  0.0, Sum:  0.0, Workers: 4
[9.786s][debug][gc,phases      ] GC(15)     Dead                           Min: 0, Avg:  0.0, Max: 0, Diff: 0, Sum: 0, Workers: 4
[9.786s][debug][gc,phases      ] GC(15)     Total                          Min: 0, Avg: 131.8, Max: 512, Diff: 512, Sum: 527, Workers: 4
[9.786s][debug][gc,phases      ] GC(15)   ObjectSynchronizer Weak        Min:  0.0, Avg:  0.0, Max:  0.0, Diff:  0.0, Sum:  0.0, Workers: 4
[9.786s][debug][gc,phases      ] GC(15)     Dead                           Min: 0, Avg:  0.0, Max: 0, Diff: 0, Sum: 0, Workers: 4
[9.786s][debug][gc,phases      ] GC(15)     Total                          Min: 0, Avg: 81.8, Max: 135, Diff: 135, Sum: 327, Workers: 4
[9.786s][debug][gc,phases      ] GC(15)   JVMTI Tag Weak OopStorage      Min:  0.0, Avg:  0.0, Max:  0.0, Diff:  0.0, Sum:  0.0, Workers: 4
[9.786s][debug][gc,phases      ] GC(15)     Dead                           Min: 0, Avg:  0.0, Max: 0, Diff: 0, Sum: 0, Workers: 4
[9.786s][debug][gc,phases      ] GC(15)     Total                          Min: 0, Avg:  0.0, Max: 0, Diff: 0, Sum: 0, Workers: 4
[9.786s][debug][gc,phases      ] GC(15)   StringTable Weak               Min:  0.1, Avg:  0.1, Max:  0.1, Diff:  0.0, Sum:  0.5, Workers: 4
[9.786s][debug][gc,phases      ] GC(15)     Dead                           Min: 0, Avg:  3.8, Max: 11, Diff: 11, Sum: 15, Workers: 4
[9.786s][debug][gc,phases      ] GC(15)     Total                          Min: 9364, Avg: 10037.0, Max: 10944, Diff: 1580, Sum: 40148, Workers: 4
[9.786s][debug][gc,phases      ] GC(15)   ResolvedMethodTable Weak       Min:  0.0, Avg:  0.0, Max:  0.0, Diff:  0.0, Sum:  0.1, Workers: 4
[9.786s][debug][gc,phases      ] GC(15)     Dead                           Min: 0, Avg: 11.5, Max: 25, Diff: 25, Sum: 46, Workers: 4
[9.786s][debug][gc,phases      ] GC(15)     Total                          Min: 1280, Avg: 1542.0, Max: 1688, Diff: 408, Sum: 6168, Workers: 4
[9.786s][debug][gc,phases      ] GC(15)   JNI Weak                       Min:  0.0, Avg:  0.0, Max:  0.0, Diff:  0.0, Sum:  0.0, Workers: 4
[9.786s][debug][gc,phases      ] GC(15)     Dead                           Min: 0, Avg:  0.0, Max: 0, Diff: 0, Sum: 0, Workers: 4
[9.786s][debug][gc,phases      ] GC(15)     Total                          Min: 0, Avg:  3.0, Max: 12, Diff: 12, Sum: 12, Workers: 4
[9.786s][debug][gc,phases      ] GC(15)   StringDedup Table Weak         Min:  0.0, Avg:  0.0, Max:  0.0, Diff:  0.0, Sum:  0.0, Workers: 4
[9.786s][debug][gc,phases      ] GC(15)     Dead                           Min: 0, Avg:  0.0, Max: 0, Diff: 0, Sum: 0, Workers: 4
[9.786s][debug][gc,phases      ] GC(15)     Total                          Min: 0, Avg:  0.0, Max: 0, Diff: 0, Sum: 0, Workers: 4
[9.786s][debug][gc,phases      ] GC(15)   StringDedup Requests0 Weak     Min:  0.0, Avg:  0.0, Max:  0.0, Diff:  0.0, Sum:  0.0, Workers: 4
[9.786s][debug][gc,phases      ] GC(15)     Dead                           Min: 0, Avg:  0.0, Max: 0, Diff: 0, Sum: 0, Workers: 4
[9.786s][debug][gc,phases      ] GC(15)     Total                          Min: 0, Avg:  0.0, Max: 0, Diff: 0, Sum: 0, Workers: 4
[9.786s][debug][gc,phases      ] GC(15)   StringDedup Requests1 Weak     Min:  0.0, Avg:  0.0, Max:  0.0, Diff:  0.0, Sum:  0.0, Workers: 4
[9.786s][debug][gc,phases      ] GC(15)     Dead                           Min: 0, Avg:  0.0, Max: 0, Diff: 0, Sum: 0, Workers: 4
[9.786s][debug][gc,phases      ] GC(15)     Total                          Min: 0, Avg:  0.0, Max: 0, Diff: 0, Sum: 0, Workers: 4
[9.786s][debug][gc,phases      ] GC(15)   Weak JFR Old Object Samples    Min:  0.0, Avg:  0.0, Max:  0.0, Diff:  0.0, Sum:  0.0, Workers: 4
[9.786s][debug][gc,phases      ] GC(15)     Dead                           Min: 0, Avg:  0.0, Max: 0, Diff: 0, Sum: 0, Workers: 4
[9.786s][debug][gc,phases      ] GC(15)     Total                          Min: 0, Avg:  0.0, Max: 0, Diff: 0, Sum: 0, Workers: 4
[9.786s][debug][gc,phases      ] GC(15) Weak Processing 0.338ms
[9.786s][debug][gc,age         ] GC(15) Desired survivor size 260571136 bytes, new threshold 9 (max threshold 15)
[9.786s][info ][gc,heap        ] GC(15) PSYoungGen: 1586409K(1829888K)->27113K(1842688K) Eden: 1563136K(1563136K)->0K(1581056K) From: 23273K(266752K)->27113K(261632K)
[9.786s][info ][gc,heap        ] GC(15) ParOldGen: 180254K(271872K)->180262K(271872K)
[9.786s][info ][gc,metaspace   ] GC(15) Metaspace: 59381K(60032K)->59381K(60032K) NonClass: 50541K(50880K)->50541K(50880K) Class: 8840K(9152K)->8840K(9152K)
[9.786s][info ][gc             ] GC(15) Pause Young (Allocation Failure) 1725M->202M(2065M) 14.325ms
[9.786s][info ][gc,cpu         ] GC(15) User=0.07s Sys=0.00s Real=0.01s
[9.786s][info ][safepoint      ] Safepoint "ParallelGCFailedAllocation", Time since last: 306700828 ns, Reaching safepoint: 172105 ns, At safepoint: 14427468 ns, Total: 14599573 ns
[10.203s][info ][safepoint      ] Safepoint "ICBufferFull", Time since last: 416782439 ns, Reaching safepoint: 288708 ns, At safepoint: 28700 ns, Total: 317408 ns
[10.254s][info ][gc,start       ] GC(16) Pause Young (Allocation Failure)
[10.265s][debug][gc,phases      ] GC(16) Scavenge 10.741ms
[10.265s][debug][gc,ref         ] GC(16) Skipped phase 1 of Reference Processing: no references
[10.265s][debug][gc,ref         ] GC(16) ReferenceProcessor::execute queues: 1, RefProcThreadModel::Single, marks_oops_alive: false
[10.265s][debug][gc,ref         ] GC(16) Skipped phase 3 of Reference Processing: no references
[10.265s][debug][gc,ref         ] GC(16) ReferenceProcessor::execute queues: 1, RefProcThreadModel::Single, marks_oops_alive: false
[10.265s][debug][gc,phases      ] GC(16) Reference Processing 0.085ms
[10.265s][debug][gc,phases      ] GC(16)   VM Weak                        Min:  0.0, Avg:  0.0, Max:  0.0, Diff:  0.0, Sum:  0.0, Workers: 4
[10.265s][debug][gc,phases      ] GC(16)     Dead                           Min: 0, Avg:  0.0, Max: 0, Diff: 0, Sum: 0, Workers: 4
[10.265s][debug][gc,phases      ] GC(16)     Total                          Min: 0, Avg: 136.0, Max: 384, Diff: 384, Sum: 544, Workers: 4
[10.265s][debug][gc,phases      ] GC(16)   ObjectSynchronizer Weak        Min:  0.0, Avg:  0.0, Max:  0.0, Diff:  0.0, Sum:  0.0, Workers: 4
[10.265s][debug][gc,phases      ] GC(16)     Dead                           Min: 0, Avg:  0.0, Max: 0, Diff: 0, Sum: 0, Workers: 4
[10.265s][debug][gc,phases      ] GC(16)     Total                          Min: 0, Avg: 81.8, Max: 135, Diff: 135, Sum: 327, Workers: 4
[10.265s][debug][gc,phases      ] GC(16)   JVMTI Tag Weak OopStorage      Min:  0.0, Avg:  0.0, Max:  0.0, Diff:  0.0, Sum:  0.0, Workers: 4
[10.265s][debug][gc,phases      ] GC(16)     Dead                           Min: 0, Avg:  0.0, Max: 0, Diff: 0, Sum: 0, Workers: 4
[10.265s][debug][gc,phases      ] GC(16)     Total                          Min: 0, Avg:  0.0, Max: 0, Diff: 0, Sum: 0, Workers: 4
[10.265s][debug][gc,phases      ] GC(16)   StringTable Weak               Min:  0.1, Avg:  0.1, Max:  0.1, Diff:  0.0, Sum:  0.4, Workers: 4
[10.265s][debug][gc,phases      ] GC(16)     Dead                           Min: 0, Avg:  3.5, Max: 13, Diff: 13, Sum: 14, Workers: 4
[10.265s][debug][gc,phases      ] GC(16)     Total                          Min: 9344, Avg: 10110.0, Max: 10813, Diff: 1469, Sum: 40440, Workers: 4
[10.265s][debug][gc,phases      ] GC(16)   ResolvedMethodTable Weak       Min:  0.0, Avg:  0.0, Max:  0.0, Diff:  0.0, Sum:  0.1, Workers: 4
[10.265s][debug][gc,phases      ] GC(16)     Dead                           Min: 0, Avg:  4.0, Max: 8, Diff: 8, Sum: 16, Workers: 4
[10.265s][debug][gc,phases      ] GC(16)     Total                          Min: 1088, Avg: 1573.5, Max: 2048, Diff: 960, Sum: 6294, Workers: 4
[10.265s][debug][gc,phases      ] GC(16)   JNI Weak                       Min:  0.0, Avg:  0.0, Max:  0.0, Diff:  0.0, Sum:  0.0, Workers: 4
[10.265s][debug][gc,phases      ] GC(16)     Dead                           Min: 0, Avg:  0.0, Max: 0, Diff: 0, Sum: 0, Workers: 4
[10.265s][debug][gc,phases      ] GC(16)     Total                          Min: 0, Avg:  4.8, Max: 19, Diff: 19, Sum: 19, Workers: 4
[10.265s][debug][gc,phases      ] GC(16)   StringDedup Table Weak         Min:  0.0, Avg:  0.0, Max:  0.0, Diff:  0.0, Sum:  0.0, Workers: 4
[10.265s][debug][gc,phases      ] GC(16)     Dead                           Min: 0, Avg:  0.0, Max: 0, Diff: 0, Sum: 0, Workers: 4
[10.265s][debug][gc,phases      ] GC(16)     Total                          Min: 0, Avg:  0.0, Max: 0, Diff: 0, Sum: 0, Workers: 4
[10.265s][debug][gc,phases      ] GC(16)   StringDedup Requests0 Weak     Min:  0.0, Avg:  0.0, Max:  0.0, Diff:  0.0, Sum:  0.0, Workers: 4
[10.265s][debug][gc,phases      ] GC(16)     Dead                           Min: 0, Avg:  0.0, Max: 0, Diff: 0, Sum: 0, Workers: 4
[10.265s][debug][gc,phases      ] GC(16)     Total                          Min: 0, Avg:  0.0, Max: 0, Diff: 0, Sum: 0, Workers: 4
[10.265s][debug][gc,phases      ] GC(16)   StringDedup Requests1 Weak     Min:  0.0, Avg:  0.0, Max:  0.0, Diff:  0.0, Sum:  0.0, Workers: 4
[10.265s][debug][gc,phases      ] GC(16)     Dead                           Min: 0, Avg:  0.0, Max: 0, Diff: 0, Sum: 0, Workers: 4
[10.265s][debug][gc,phases      ] GC(16)     Total                          Min: 0, Avg:  0.0, Max: 0, Diff: 0, Sum: 0, Workers: 4
[10.265s][debug][gc,phases      ] GC(16)   Weak JFR Old Object Samples    Min:  0.0, Avg:  0.0, Max:  0.0, Diff:  0.0, Sum:  0.0, Workers: 4
[10.265s][debug][gc,phases      ] GC(16)     Dead                           Min: 0, Avg:  0.0, Max: 0, Diff: 0, Sum: 0, Workers: 4
[10.265s][debug][gc,phases      ] GC(16)     Total                          Min: 0, Avg:  0.0, Max: 0, Diff: 0, Sum: 0, Workers: 4
[10.265s][debug][gc,phases      ] GC(16) Weak Processing 0.324ms
[10.265s][debug][gc,age         ] GC(16) Desired survivor size 253231104 bytes, new threshold 10 (max threshold 15)
[10.265s][info ][gc,heap        ] GC(16) PSYoungGen: 1608169K(1842688K)->19289K(1835520K) Eden: 1581056K(1581056K)->0K(1581056K) From: 27113K(261632K)->19289K(254464K)
[10.265s][info ][gc,heap        ] GC(16) ParOldGen: 180262K(271872K)->180270K(271872K)
[10.265s][info ][gc,metaspace   ] GC(16) Metaspace: 60354K(61056K)->60354K(61056K) NonClass: 51378K(51776K)->51378K(51776K) Class: 8975K(9280K)->8975K(9280K)
[10.265s][info ][gc             ] GC(16) Pause Young (Allocation Failure) 1746M->194M(2058M) 11.282ms
[10.265s][info ][gc,cpu         ] GC(16) User=0.04s Sys=0.00s Real=0.01s
[10.265s][info ][safepoint      ] Safepoint "ParallelGCFailedAllocation", Time since last: 50527190 ns, Reaching safepoint: 136904 ns, At safepoint: 11387890 ns, Total: 11524794 ns
[10.398s][info ][safepoint      ] Safepoint "ICBufferFull", Time since last: 132402080 ns, Reaching safepoint: 271807 ns, At safepoint: 26201 ns, Total: 298008 ns
[10.595s][info ][gc,start       ] GC(17) Pause Young (Allocation Failure)
[10.608s][debug][gc,phases      ] GC(17) Scavenge 12.808ms
[10.608s][debug][gc,ref         ] GC(17) Skipped phase 1 of Reference Processing: no references
[10.608s][debug][gc,ref         ] GC(17) ReferenceProcessor::execute queues: 1, RefProcThreadModel::Single, marks_oops_alive: false
[10.608s][debug][gc,ref         ] GC(17) Skipped phase 3 of Reference Processing: no references
[10.608s][debug][gc,ref         ] GC(17) ReferenceProcessor::execute queues: 1, RefProcThreadModel::Single, marks_oops_alive: false
[10.608s][debug][gc,phases      ] GC(17) Reference Processing 0.185ms
[10.608s][debug][gc,phases      ] GC(17)   VM Weak                        Min:  0.0, Avg:  0.0, Max:  0.0, Diff:  0.0, Sum:  0.0, Workers: 4
[10.608s][debug][gc,phases      ] GC(17)     Dead                           Min: 0, Avg:  0.0, Max: 0, Diff: 0, Sum: 0, Workers: 4
[10.608s][debug][gc,phases      ] GC(17)     Total                          Min: 0, Avg: 136.0, Max: 480, Diff: 480, Sum: 544, Workers: 4
[10.608s][debug][gc,phases      ] GC(17)   ObjectSynchronizer Weak        Min:  0.0, Avg:  0.0, Max:  0.0, Diff:  0.0, Sum:  0.0, Workers: 4
[10.608s][debug][gc,phases      ] GC(17)     Dead                           Min: 0, Avg:  0.0, Max: 0, Diff: 0, Sum: 0, Workers: 4
[10.608s][debug][gc,phases      ] GC(17)     Total                          Min: 0, Avg: 81.8, Max: 135, Diff: 135, Sum: 327, Workers: 4
[10.608s][debug][gc,phases      ] GC(17)   JVMTI Tag Weak OopStorage      Min:  0.0, Avg:  0.0, Max:  0.0, Diff:  0.0, Sum:  0.0, Workers: 4
[10.608s][debug][gc,phases      ] GC(17)     Dead                           Min: 0, Avg:  0.0, Max: 0, Diff: 0, Sum: 0, Workers: 4
[10.608s][debug][gc,phases      ] GC(17)     Total                          Min: 0, Avg:  0.0, Max: 0, Diff: 0, Sum: 0, Workers: 4
[10.608s][debug][gc,phases      ] GC(17)   StringTable Weak               Min:  0.1, Avg:  0.1, Max:  0.1, Diff:  0.0, Sum:  0.5, Workers: 4
[10.608s][debug][gc,phases      ] GC(17)     Dead                           Min: 0, Avg:  0.0, Max: 0, Diff: 0, Sum: 0, Workers: 4
[10.608s][debug][gc,phases      ] GC(17)     Total                          Min: 9216, Avg: 10151.2, Max: 11008, Diff: 1792, Sum: 40605, Workers: 4
[10.608s][debug][gc,phases      ] GC(17)   ResolvedMethodTable Weak       Min:  0.0, Avg:  0.0, Max:  0.0, Diff:  0.0, Sum:  0.1, Workers: 4
[10.608s][debug][gc,phases      ] GC(17)     Dead                           Min: 0, Avg:  0.0, Max: 0, Diff: 0, Sum: 0, Workers: 4
[10.608s][debug][gc,phases      ] GC(17)     Total                          Min: 1344, Avg: 1576.0, Max: 1792, Diff: 448, Sum: 6304, Workers: 4
[10.608s][debug][gc,phases      ] GC(17)   JNI Weak                       Min:  0.0, Avg:  0.0, Max:  0.0, Diff:  0.0, Sum:  0.0, Workers: 4
[10.608s][debug][gc,phases      ] GC(17)     Dead                           Min: 0, Avg:  0.0, Max: 0, Diff: 0, Sum: 0, Workers: 4
[10.608s][debug][gc,phases      ] GC(17)     Total                          Min: 0, Avg:  1.5, Max: 6, Diff: 6, Sum: 6, Workers: 4
[10.608s][debug][gc,phases      ] GC(17)   StringDedup Table Weak         Min:  0.0, Avg:  0.0, Max:  0.0, Diff:  0.0, Sum:  0.0, Workers: 4
[10.608s][debug][gc,phases      ] GC(17)     Dead                           Min: 0, Avg:  0.0, Max: 0, Diff: 0, Sum: 0, Workers: 4
[10.608s][debug][gc,phases      ] GC(17)     Total                          Min: 0, Avg:  0.0, Max: 0, Diff: 0, Sum: 0, Workers: 4
[10.608s][debug][gc,phases      ] GC(17)   StringDedup Requests0 Weak     Min:  0.0, Avg:  0.0, Max:  0.0, Diff:  0.0, Sum:  0.0, Workers: 4
[10.608s][debug][gc,phases      ] GC(17)     Dead                           Min: 0, Avg:  0.0, Max: 0, Diff: 0, Sum: 0, Workers: 4
[10.608s][debug][gc,phases      ] GC(17)     Total                          Min: 0, Avg:  0.0, Max: 0, Diff: 0, Sum: 0, Workers: 4
[10.608s][debug][gc,phases      ] GC(17)   StringDedup Requests1 Weak     Min:  0.0, Avg:  0.0, Max:  0.0, Diff:  0.0, Sum:  0.0, Workers: 4
[10.608s][debug][gc,phases      ] GC(17)     Dead                           Min: 0, Avg:  0.0, Max: 0, Diff: 0, Sum: 0, Workers: 4
[10.608s][debug][gc,phases      ] GC(17)     Total                          Min: 0, Avg:  0.0, Max: 0, Diff: 0, Sum: 0, Workers: 4
[10.608s][debug][gc,phases      ] GC(17)   Weak JFR Old Object Samples    Min:  0.0, Avg:  0.0, Max:  0.0, Diff:  0.0, Sum:  0.0, Workers: 4
[10.608s][debug][gc,phases      ] GC(17)     Dead                           Min: 0, Avg:  0.0, Max: 0, Diff: 0, Sum: 0, Workers: 4
[10.608s][debug][gc,phases      ] GC(17)     Total                          Min: 0, Avg:  0.0, Max: 0, Diff: 0, Sum: 0, Workers: 4
[10.608s][debug][gc,phases      ] GC(17) Weak Processing 0.331ms
[10.609s][debug][gc,age         ] GC(17) Desired survivor size 245366784 bytes, new threshold 11 (max threshold 15)
[10.609s][info ][gc,heap        ] GC(17) PSYoungGen: 1600345K(1835520K)->20473K(1857536K) Eden: 1581056K(1581056K)->0K(1610240K) From: 19289K(254464K)->20473K(247296K)
[10.609s][info ][gc,heap        ] GC(17) ParOldGen: 180270K(271872K)->180278K(271872K)
[10.609s][info ][gc,metaspace   ] GC(17) Metaspace: 60704K(61440K)->60704K(61440K) NonClass: 51695K(52096K)->51695K(52096K) Class: 9009K(9344K)->9009K(9344K)
[10.609s][info ][gc             ] GC(17) Pause Young (Allocation Failure) 1738M->196M(2079M) 13.465ms
[10.609s][info ][gc,cpu         ] GC(17) User=0.06s Sys=0.00s Real=0.02s
[10.609s][info ][safepoint      ] Safepoint "ParallelGCFailedAllocation", Time since last: 193660043 ns, Reaching safepoint: 3324285 ns, At safepoint: 13588147 ns, Total: 16912432 ns
[10.729s][info ][safepoint      ] Safepoint "ICBufferFull", Time since last: 120407674 ns, Reaching safepoint: 250806 ns, At safepoint: 23301 ns, Total: 274107 ns
[11.041s][info ][gc,start       ] GC(18) Pause Young (Allocation Failure)
[11.054s][debug][gc,phases      ] GC(18) Scavenge 12.385ms
[11.054s][debug][gc,ref         ] GC(18) Skipped phase 1 of Reference Processing: no references
[11.054s][debug][gc,ref         ] GC(18) ReferenceProcessor::execute queues: 1, RefProcThreadModel::Single, marks_oops_alive: false
[11.054s][debug][gc,ref         ] GC(18) Skipped phase 3 of Reference Processing: no references
[11.054s][debug][gc,ref         ] GC(18) ReferenceProcessor::execute queues: 1, RefProcThreadModel::Single, marks_oops_alive: false
[11.054s][debug][gc,phases      ] GC(18) Reference Processing 0.219ms
[11.054s][debug][gc,phases      ] GC(18)   VM Weak                        Min:  0.0, Avg:  0.0, Max:  0.0, Diff:  0.0, Sum:  0.0, Workers: 4
[11.054s][debug][gc,phases      ] GC(18)     Dead                           Min: 0, Avg:  0.0, Max: 0, Diff: 0, Sum: 0, Workers: 4
[11.054s][debug][gc,phases      ] GC(18)     Total                          Min: 0, Avg: 136.0, Max: 480, Diff: 480, Sum: 544, Workers: 4
[11.054s][debug][gc,phases      ] GC(18)   ObjectSynchronizer Weak        Min:  0.0, Avg:  0.0, Max:  0.0, Diff:  0.0, Sum:  0.0, Workers: 4
[11.054s][debug][gc,phases      ] GC(18)     Dead                           Min: 0, Avg:  0.0, Max: 0, Diff: 0, Sum: 0, Workers: 4
[11.054s][debug][gc,phases      ] GC(18)     Total                          Min: 0, Avg: 81.8, Max: 192, Diff: 192, Sum: 327, Workers: 4
[11.054s][debug][gc,phases      ] GC(18)   JVMTI Tag Weak OopStorage      Min:  0.0, Avg:  0.0, Max:  0.0, Diff:  0.0, Sum:  0.0, Workers: 4
[11.054s][debug][gc,phases      ] GC(18)     Dead                           Min: 0, Avg:  0.0, Max: 0, Diff: 0, Sum: 0, Workers: 4
[11.054s][debug][gc,phases      ] GC(18)     Total                          Min: 0, Avg:  0.0, Max: 0, Diff: 0, Sum: 0, Workers: 4
[11.054s][debug][gc,phases      ] GC(18)   StringTable Weak               Min:  0.1, Avg:  0.1, Max:  0.1, Diff:  0.0, Sum:  0.4, Workers: 4
[11.054s][debug][gc,phases      ] GC(18)     Dead                           Min: 0, Avg:  2.8, Max: 11, Diff: 11, Sum: 11, Workers: 4
[11.054s][debug][gc,phases      ] GC(18)     Total                          Min: 9600, Avg: 10160.2, Max: 10944, Diff: 1344, Sum: 40641, Workers: 4
[11.054s][debug][gc,phases      ] GC(18)   ResolvedMethodTable Weak       Min:  0.0, Avg:  0.0, Max:  0.0, Diff:  0.0, Sum:  0.1, Workers: 4
[11.054s][debug][gc,phases      ] GC(18)     Dead                           Min: 0, Avg:  0.0, Max: 0, Diff: 0, Sum: 0, Workers: 4
[11.054s][debug][gc,phases      ] GC(18)     Total                          Min: 960, Avg: 1576.0, Max: 1856, Diff: 896, Sum: 6304, Workers: 4
[11.054s][debug][gc,phases      ] GC(18)   JNI Weak                       Min:  0.0, Avg:  0.0, Max:  0.0, Diff:  0.0, Sum:  0.0, Workers: 4
[11.054s][debug][gc,phases      ] GC(18)     Dead                           Min: 0, Avg:  0.0, Max: 0, Diff: 0, Sum: 0, Workers: 4
[11.054s][debug][gc,phases      ] GC(18)     Total                          Min: 0, Avg:  0.5, Max: 2, Diff: 2, Sum: 2, Workers: 4
[11.054s][debug][gc,phases      ] GC(18)   StringDedup Table Weak         Min:  0.0, Avg:  0.0, Max:  0.0, Diff:  0.0, Sum:  0.0, Workers: 4
[11.054s][debug][gc,phases      ] GC(18)     Dead                           Min: 0, Avg:  0.0, Max: 0, Diff: 0, Sum: 0, Workers: 4
[11.054s][debug][gc,phases      ] GC(18)     Total                          Min: 0, Avg:  0.0, Max: 0, Diff: 0, Sum: 0, Workers: 4
[11.054s][debug][gc,phases      ] GC(18)   StringDedup Requests0 Weak     Min:  0.0, Avg:  0.0, Max:  0.0, Diff:  0.0, Sum:  0.0, Workers: 4
[11.054s][debug][gc,phases      ] GC(18)     Dead                           Min: 0, Avg:  0.0, Max: 0, Diff: 0, Sum: 0, Workers: 4
[11.054s][debug][gc,phases      ] GC(18)     Total                          Min: 0, Avg:  0.0, Max: 0, Diff: 0, Sum: 0, Workers: 4
[11.054s][debug][gc,phases      ] GC(18)   StringDedup Requests1 Weak     Min:  0.0, Avg:  0.0, Max:  0.0, Diff:  0.0, Sum:  0.0, Workers: 4
[11.054s][debug][gc,phases      ] GC(18)     Dead                           Min: 0, Avg:  0.0, Max: 0, Diff: 0, Sum: 0, Workers: 4
[11.054s][debug][gc,phases      ] GC(18)     Total                          Min: 0, Avg:  0.0, Max: 0, Diff: 0, Sum: 0, Workers: 4
[11.054s][debug][gc,phases      ] GC(18)   Weak JFR Old Object Samples    Min:  0.0, Avg:  0.0, Max:  0.0, Diff:  0.0, Sum:  0.0, Workers: 4
[11.055s][debug][gc,phases      ] GC(18)     Dead                           Min: 0, Avg:  0.0, Max: 0, Diff: 0, Sum: 0, Workers: 4
[11.055s][debug][gc,phases      ] GC(18)     Total                          Min: 0, Avg:  0.0, Max: 0, Diff: 0, Sum: 0, Workers: 4
[11.055s][debug][gc,phases      ] GC(18) Weak Processing 0.346ms
[11.055s][debug][gc,age         ] GC(18) Desired survivor size 235929600 bytes, new threshold 12 (max threshold 15)
[11.055s][info ][gc,heap        ] GC(18) PSYoungGen: 1630713K(1857536K)->23717K(1849856K) Eden: 1610240K(1610240K)->0K(1610240K) From: 20473K(247296K)->23717K(239616K)
[11.055s][info ][gc,heap        ] GC(18) ParOldGen: 180278K(271872K)->180278K(271872K)
[11.055s][info ][gc,metaspace   ] GC(18) Metaspace: 60725K(61440K)->60725K(61440K) NonClass: 51715K(52096K)->51715K(52096K) Class: 9010K(9344K)->9010K(9344K)
[11.055s][info ][gc             ] GC(18) Pause Young (Allocation Failure) 1768M->199M(2072M) 13.093ms
[11.055s][info ][gc,cpu         ] GC(18) User=0.05s Sys=0.00s Real=0.01s
[11.055s][info ][safepoint      ] Safepoint "ParallelGCFailedAllocation", Time since last: 311901863 ns, Reaching safepoint: 229805 ns, At safepoint: 13202738 ns, Total: 13432543 ns
[11.375s][info ][gc,start       ] GC(19) Pause Young (Allocation Failure)
[11.394s][debug][gc,phases      ] GC(19) Scavenge 18.459ms
[11.394s][debug][gc,ref         ] GC(19) Skipped phase 1 of Reference Processing: no references
[11.394s][debug][gc,ref         ] GC(19) ReferenceProcessor::execute queues: 1, RefProcThreadModel::Single, marks_oops_alive: false
[11.394s][debug][gc,ref         ] GC(19) Skipped phase 3 of Reference Processing: no references
[11.394s][debug][gc,ref         ] GC(19) ReferenceProcessor::execute queues: 1, RefProcThreadModel::Single, marks_oops_alive: false
[11.394s][debug][gc,phases      ] GC(19) Reference Processing 0.187ms
[11.394s][debug][gc,phases      ] GC(19)   VM Weak                        Min:  0.0, Avg:  0.0, Max:  0.0, Diff:  0.0, Sum:  0.0, Workers: 4
[11.394s][debug][gc,phases      ] GC(19)     Dead                           Min: 0, Avg:  0.0, Max: 0, Diff: 0, Sum: 0, Workers: 4
[11.394s][debug][gc,phases      ] GC(19)     Total                          Min: 0, Avg: 136.0, Max: 384, Diff: 384, Sum: 544, Workers: 4
[11.394s][debug][gc,phases      ] GC(19)   ObjectSynchronizer Weak        Min:  0.0, Avg:  0.0, Max:  0.0, Diff:  0.0, Sum:  0.0, Workers: 4
[11.394s][debug][gc,phases      ] GC(19)     Dead                           Min: 0, Avg:  0.0, Max: 0, Diff: 0, Sum: 0, Workers: 4
[11.394s][debug][gc,phases      ] GC(19)     Total                          Min: 0, Avg: 81.8, Max: 192, Diff: 192, Sum: 327, Workers: 4
[11.394s][debug][gc,phases      ] GC(19)   JVMTI Tag Weak OopStorage      Min:  0.0, Avg:  0.0, Max:  0.0, Diff:  0.0, Sum:  0.0, Workers: 4
[11.394s][debug][gc,phases      ] GC(19)     Dead                           Min: 0, Avg:  0.0, Max: 0, Diff: 0, Sum: 0, Workers: 4
[11.394s][debug][gc,phases      ] GC(19)     Total                          Min: 0, Avg:  0.0, Max: 0, Diff: 0, Sum: 0, Workers: 4
[11.394s][debug][gc,phases      ] GC(19)   StringTable Weak               Min:  0.1, Avg:  0.1, Max:  0.1, Diff:  0.0, Sum:  0.5, Workers: 4
[11.394s][debug][gc,phases      ] GC(19)     Dead                           Min: 0, Avg:  2.8, Max: 11, Diff: 11, Sum: 11, Workers: 4
[11.394s][debug][gc,phases      ] GC(19)     Total                          Min: 9941, Avg: 10162.5, Max: 10240, Diff: 299, Sum: 40650, Workers: 4
[11.394s][debug][gc,phases      ] GC(19)   ResolvedMethodTable Weak       Min:  0.0, Avg:  0.0, Max:  0.0, Diff:  0.0, Sum:  0.1, Workers: 4
[11.394s][debug][gc,phases      ] GC(19)     Dead                           Min: 0, Avg:  0.0, Max: 0, Diff: 0, Sum: 0, Workers: 4
[11.394s][debug][gc,phases      ] GC(19)     Total                          Min: 1344, Avg: 1576.0, Max: 1664, Diff: 320, Sum: 6304, Workers: 4
[11.394s][debug][gc,phases      ] GC(19)   JNI Weak                       Min:  0.0, Avg:  0.0, Max:  0.0, Diff:  0.0, Sum:  0.0, Workers: 4
[11.394s][debug][gc,phases      ] GC(19)     Dead                           Min: 0, Avg:  0.0, Max: 0, Diff: 0, Sum: 0, Workers: 4
[11.394s][debug][gc,phases      ] GC(19)     Total                          Min: 0, Avg:  0.2, Max: 1, Diff: 1, Sum: 1, Workers: 4
[11.394s][debug][gc,phases      ] GC(19)   StringDedup Table Weak         Min:  0.0, Avg:  0.0, Max:  0.0, Diff:  0.0, Sum:  0.0, Workers: 4
[11.394s][debug][gc,phases      ] GC(19)     Dead                           Min: 0, Avg:  0.0, Max: 0, Diff: 0, Sum: 0, Workers: 4
[11.394s][debug][gc,phases      ] GC(19)     Total                          Min: 0, Avg:  0.0, Max: 0, Diff: 0, Sum: 0, Workers: 4
[11.394s][debug][gc,phases      ] GC(19)   StringDedup Requests0 Weak     Min:  0.0, Avg:  0.0, Max:  0.0, Diff:  0.0, Sum:  0.0, Workers: 4
[11.394s][debug][gc,phases      ] GC(19)     Dead                           Min: 0, Avg:  0.0, Max: 0, Diff: 0, Sum: 0, Workers: 4
[11.394s][debug][gc,phases      ] GC(19)     Total                          Min: 0, Avg:  0.0, Max: 0, Diff: 0, Sum: 0, Workers: 4
[11.394s][debug][gc,phases      ] GC(19)   StringDedup Requests1 Weak     Min:  0.0, Avg:  0.0, Max:  0.0, Diff:  0.0, Sum:  0.0, Workers: 4
[11.394s][debug][gc,phases      ] GC(19)     Dead                           Min: 0, Avg:  0.0, Max: 0, Diff: 0, Sum: 0, Workers: 4
[11.394s][debug][gc,phases      ] GC(19)     Total                          Min: 0, Avg:  0.0, Max: 0, Diff: 0, Sum: 0, Workers: 4
[11.394s][debug][gc,phases      ] GC(19)   Weak JFR Old Object Samples    Min:  0.0, Avg:  0.0, Max:  0.0, Diff:  0.0, Sum:  0.0, Workers: 4
[11.394s][debug][gc,phases      ] GC(19)     Dead                           Min: 0, Avg:  0.0, Max: 0, Diff: 0, Sum: 0, Workers: 4
[11.394s][debug][gc,phases      ] GC(19)     Total                          Min: 0, Avg:  0.0, Max: 0, Diff: 0, Sum: 0, Workers: 4
[11.394s][debug][gc,phases      ] GC(19) Weak Processing 0.356ms
[11.394s][debug][gc,age         ] GC(19) Desired survivor size 225443840 bytes, new threshold 13 (max threshold 15)
[11.394s][info ][gc,heap        ] GC(19) PSYoungGen: 1633957K(1849856K)->28485K(1876992K) Eden: 1610240K(1610240K)->0K(1646592K) From: 23717K(239616K)->28485K(230400K)
[11.394s][info ][gc,heap        ] GC(19) ParOldGen: 180278K(271872K)->180286K(271872K)
[11.394s][info ][gc,metaspace   ] GC(19) Metaspace: 60746K(61440K)->60746K(61440K) NonClass: 51733K(52096K)->51733K(52096K) Class: 9012K(9344K)->9012K(9344K)
[11.394s][info ][gc             ] GC(19) Pause Young (Allocation Failure) 1771M->203M(2098M) 19.153ms
[11.394s][info ][gc,cpu         ] GC(19) User=0.07s Sys=0.00s Real=0.02s
[11.395s][info ][safepoint      ] Safepoint "ParallelGCFailedAllocation", Time since last: 320482782 ns, Reaching safepoint: 161504 ns, At safepoint: 19261691 ns, Total: 19423195 ns
[11.756s][info ][gc,start       ] GC(20) Pause Young (Allocation Failure)
[11.779s][debug][gc,phases      ] GC(20) Scavenge 22.934ms
[11.779s][debug][gc,ref         ] GC(20) Skipped phase 1 of Reference Processing: no references
[11.779s][debug][gc,ref         ] GC(20) ReferenceProcessor::execute queues: 1, RefProcThreadModel::Single, marks_oops_alive: false
[11.779s][debug][gc,ref         ] GC(20) Skipped phase 3 of Reference Processing: no references
[11.779s][debug][gc,ref         ] GC(20) ReferenceProcessor::execute queues: 1, RefProcThreadModel::Single, marks_oops_alive: false
[11.779s][debug][gc,phases      ] GC(20) Reference Processing 0.187ms
[11.779s][debug][gc,phases      ] GC(20)   VM Weak                        Min:  0.0, Avg:  0.0, Max:  0.0, Diff:  0.0, Sum:  0.0, Workers: 4
[11.779s][debug][gc,phases      ] GC(20)     Dead                           Min: 0, Avg:  0.0, Max: 0, Diff: 0, Sum: 0, Workers: 4
[11.779s][debug][gc,phases      ] GC(20)     Total                          Min: 0, Avg: 137.2, Max: 512, Diff: 512, Sum: 549, Workers: 4
[11.779s][debug][gc,phases      ] GC(20)   ObjectSynchronizer Weak        Min:  0.0, Avg:  0.0, Max:  0.0, Diff:  0.0, Sum:  0.0, Workers: 4
[11.779s][debug][gc,phases      ] GC(20)     Dead                           Min: 0, Avg:  0.0, Max: 0, Diff: 0, Sum: 0, Workers: 4
[11.779s][debug][gc,phases      ] GC(20)     Total                          Min: 0, Avg: 81.8, Max: 192, Diff: 192, Sum: 327, Workers: 4
[11.779s][debug][gc,phases      ] GC(20)   JVMTI Tag Weak OopStorage      Min:  0.0, Avg:  0.0, Max:  0.0, Diff:  0.0, Sum:  0.0, Workers: 4
[11.779s][debug][gc,phases      ] GC(20)     Dead                           Min: 0, Avg:  0.0, Max: 0, Diff: 0, Sum: 0, Workers: 4
[11.779s][debug][gc,phases      ] GC(20)     Total                          Min: 0, Avg:  0.0, Max: 0, Diff: 0, Sum: 0, Workers: 4
[11.779s][debug][gc,phases      ] GC(20)   StringTable Weak               Min:  0.1, Avg:  0.1, Max:  0.2, Diff:  0.0, Sum:  0.5, Workers: 4
[11.779s][debug][gc,phases      ] GC(20)     Dead                           Min: 0, Avg:  4.2, Max: 11, Diff: 11, Sum: 17, Workers: 4
[11.779s][debug][gc,phases      ] GC(20)     Total                          Min: 8064, Avg: 10194.5, Max: 12224, Diff: 4160, Sum: 40778, Workers: 4
[11.779s][debug][gc,phases      ] GC(20)   ResolvedMethodTable Weak       Min:  0.0, Avg:  0.0, Max:  0.0, Diff:  0.0, Sum:  0.1, Workers: 4
[11.779s][debug][gc,phases      ] GC(20)     Dead                           Min: 0, Avg:  6.2, Max: 25, Diff: 25, Sum: 25, Workers: 4
[11.779s][debug][gc,phases      ] GC(20)     Total                          Min: 1336, Avg: 1593.2, Max: 1710, Diff: 374, Sum: 6373, Workers: 4
[11.779s][debug][gc,phases      ] GC(20)   JNI Weak                       Min:  0.0, Avg:  0.0, Max:  0.0, Diff:  0.0, Sum:  0.0, Workers: 4
[11.779s][debug][gc,phases      ] GC(20)     Dead                           Min: 0, Avg:  0.0, Max: 0, Diff: 0, Sum: 0, Workers: 4
[11.779s][debug][gc,phases      ] GC(20)     Total                          Min: 0, Avg:  0.2, Max: 1, Diff: 1, Sum: 1, Workers: 4
[11.779s][debug][gc,phases      ] GC(20)   StringDedup Table Weak         Min:  0.0, Avg:  0.0, Max:  0.0, Diff:  0.0, Sum:  0.0, Workers: 4
[11.779s][debug][gc,phases      ] GC(20)     Dead                           Min: 0, Avg:  0.0, Max: 0, Diff: 0, Sum: 0, Workers: 4
[11.779s][debug][gc,phases      ] GC(20)     Total                          Min: 0, Avg:  0.0, Max: 0, Diff: 0, Sum: 0, Workers: 4
[11.779s][debug][gc,phases      ] GC(20)   StringDedup Requests0 Weak     Min:  0.0, Avg:  0.0, Max:  0.0, Diff:  0.0, Sum:  0.0, Workers: 4
[11.779s][debug][gc,phases      ] GC(20)     Dead                           Min: 0, Avg:  0.0, Max: 0, Diff: 0, Sum: 0, Workers: 4
[11.779s][debug][gc,phases      ] GC(20)     Total                          Min: 0, Avg:  0.0, Max: 0, Diff: 0, Sum: 0, Workers: 4
[11.779s][debug][gc,phases      ] GC(20)   StringDedup Requests1 Weak     Min:  0.0, Avg:  0.0, Max:  0.0, Diff:  0.0, Sum:  0.0, Workers: 4
[11.779s][debug][gc,phases      ] GC(20)     Dead                           Min: 0, Avg:  0.0, Max: 0, Diff: 0, Sum: 0, Workers: 4
[11.779s][debug][gc,phases      ] GC(20)     Total                          Min: 0, Avg:  0.0, Max: 0, Diff: 0, Sum: 0, Workers: 4
[11.779s][debug][gc,phases      ] GC(20)   Weak JFR Old Object Samples    Min:  0.0, Avg:  0.0, Max:  0.0, Diff:  0.0, Sum:  0.0, Workers: 4
[11.779s][debug][gc,phases      ] GC(20)     Dead                           Min: 0, Avg:  0.0, Max: 0, Diff: 0, Sum: 0, Workers: 4
[11.779s][debug][gc,phases      ] GC(20)     Total                          Min: 0, Avg:  0.0, Max: 0, Diff: 0, Sum: 0, Workers: 4
[11.779s][debug][gc,phases      ] GC(20) Weak Processing 0.386ms
[11.779s][debug][gc,age         ] GC(20) Desired survivor size 214433792 bytes, new threshold 14 (max threshold 15)
[11.779s][info ][gc,heap        ] GC(20) PSYoungGen: 1675077K(1876992K)->31195K(1866752K) Eden: 1646592K(1646592K)->0K(1646592K) From: 28485K(230400K)->31195K(220160K)
[11.779s][info ][gc,heap        ] GC(20) ParOldGen: 180286K(271872K)->180294K(271872K)
[11.779s][info ][gc,metaspace   ] GC(20) Metaspace: 61323K(62080K)->61323K(62080K) NonClass: 52244K(52672K)->52244K(52672K) Class: 9078K(9408K)->9078K(9408K)
[11.779s][info ][gc             ] GC(20) Pause Young (Allocation Failure) 1811M->206M(2088M) 23.659ms
[11.779s][info ][gc,cpu         ] GC(20) User=0.09s Sys=0.00s Real=0.03s
[11.779s][info ][safepoint      ] Safepoint "ParallelGCFailedAllocation", Time since last: 358805661 ns, Reaching safepoint: 2276658 ns, At safepoint: 23777607 ns, Total: 26054265 ns
[12.244s][info ][gc,start       ] GC(21) Pause Young (Allocation Failure)
[12.263s][debug][gc,phases      ] GC(21) Scavenge 19.021ms
[12.263s][debug][gc,ref         ] GC(21) Skipped phase 1 of Reference Processing: no references
[12.263s][debug][gc,ref         ] GC(21) ReferenceProcessor::execute queues: 1, RefProcThreadModel::Single, marks_oops_alive: false
[12.263s][debug][gc,ref         ] GC(21) Skipped phase 3 of Reference Processing: no references
[12.263s][debug][gc,ref         ] GC(21) ReferenceProcessor::execute queues: 1, RefProcThreadModel::Single, marks_oops_alive: false
[12.263s][debug][gc,phases      ] GC(21) Reference Processing 0.165ms
[12.263s][debug][gc,phases      ] GC(21)   VM Weak                        Min:  0.0, Avg:  0.0, Max:  0.0, Diff:  0.0, Sum:  0.0, Workers: 4
[12.263s][debug][gc,phases      ] GC(21)     Dead                           Min: 0, Avg:  0.0, Max: 0, Diff: 0, Sum: 0, Workers: 4
[12.263s][debug][gc,phases      ] GC(21)     Total                          Min: 0, Avg: 140.2, Max: 512, Diff: 512, Sum: 561, Workers: 4
[12.263s][debug][gc,phases      ] GC(21)   ObjectSynchronizer Weak        Min:  0.0, Avg:  0.0, Max:  0.0, Diff:  0.0, Sum:  0.0, Workers: 4
[12.263s][debug][gc,phases      ] GC(21)     Dead                           Min: 0, Avg:  0.0, Max: 0, Diff: 0, Sum: 0, Workers: 4
[12.263s][debug][gc,phases      ] GC(21)     Total                          Min: 0, Avg: 82.0, Max: 328, Diff: 328, Sum: 328, Workers: 4
[12.263s][debug][gc,phases      ] GC(21)   JVMTI Tag Weak OopStorage      Min:  0.0, Avg:  0.0, Max:  0.0, Diff:  0.0, Sum:  0.0, Workers: 4
[12.263s][debug][gc,phases      ] GC(21)     Dead                           Min: 0, Avg:  0.0, Max: 0, Diff: 0, Sum: 0, Workers: 4
[12.263s][debug][gc,phases      ] GC(21)     Total                          Min: 0, Avg:  0.0, Max: 0, Diff: 0, Sum: 0, Workers: 4
[12.263s][debug][gc,phases      ] GC(21)   StringTable Weak               Min:  0.1, Avg:  0.1, Max:  0.1, Diff:  0.0, Sum:  0.5, Workers: 4
[12.263s][debug][gc,phases      ] GC(21)     Dead                           Min: 1, Avg:  3.5, Max: 11, Diff: 10, Sum: 14, Workers: 4
[12.263s][debug][gc,phases      ] GC(21)     Total                          Min: 9728, Avg: 10544.8, Max: 11456, Diff: 1728, Sum: 42179, Workers: 4
[12.263s][debug][gc,phases      ] GC(21)   ResolvedMethodTable Weak       Min:  0.0, Avg:  0.0, Max:  0.0, Diff:  0.0, Sum:  0.1, Workers: 4
[12.263s][debug][gc,phases      ] GC(21)     Dead                           Min: 0, Avg: 33.0, Max: 86, Diff: 86, Sum: 132, Workers: 4
[12.263s][debug][gc,phases      ] GC(21)     Total                          Min: 1344, Avg: 1650.8, Max: 1856, Diff: 512, Sum: 6603, Workers: 4
[12.263s][debug][gc,phases      ] GC(21)   JNI Weak                       Min:  0.0, Avg:  0.0, Max:  0.0, Diff:  0.0, Sum:  0.0, Workers: 4
[12.263s][debug][gc,phases      ] GC(21)     Dead                           Min: 0, Avg:  0.0, Max: 0, Diff: 0, Sum: 0, Workers: 4
[12.263s][debug][gc,phases      ] GC(21)     Total                          Min: 0, Avg:  3.2, Max: 13, Diff: 13, Sum: 13, Workers: 4
[12.263s][debug][gc,phases      ] GC(21)   StringDedup Table Weak         Min:  0.0, Avg:  0.0, Max:  0.0, Diff:  0.0, Sum:  0.0, Workers: 4
[12.263s][debug][gc,phases      ] GC(21)     Dead                           Min: 0, Avg:  0.0, Max: 0, Diff: 0, Sum: 0, Workers: 4
[12.263s][debug][gc,phases      ] GC(21)     Total                          Min: 0, Avg:  0.0, Max: 0, Diff: 0, Sum: 0, Workers: 4
[12.263s][debug][gc,phases      ] GC(21)   StringDedup Requests0 Weak     Min:  0.0, Avg:  0.0, Max:  0.0, Diff:  0.0, Sum:  0.0, Workers: 4
[12.263s][debug][gc,phases      ] GC(21)     Dead                           Min: 0, Avg:  0.0, Max: 0, Diff: 0, Sum: 0, Workers: 4
[12.263s][debug][gc,phases      ] GC(21)     Total                          Min: 0, Avg:  0.0, Max: 0, Diff: 0, Sum: 0, Workers: 4
[12.263s][debug][gc,phases      ] GC(21)   StringDedup Requests1 Weak     Min:  0.0, Avg:  0.0, Max:  0.0, Diff:  0.0, Sum:  0.0, Workers: 4
[12.263s][debug][gc,phases      ] GC(21)     Dead                           Min: 0, Avg:  0.0, Max: 0, Diff: 0, Sum: 0, Workers: 4
[12.263s][debug][gc,phases      ] GC(21)     Total                          Min: 0, Avg:  0.0, Max: 0, Diff: 0, Sum: 0, Workers: 4
[12.263s][debug][gc,phases      ] GC(21)   Weak JFR Old Object Samples    Min:  0.0, Avg:  0.0, Max:  0.0, Diff:  0.0, Sum:  0.0, Workers: 4
[12.263s][debug][gc,phases      ] GC(21)     Dead                           Min: 0, Avg:  0.0, Max: 0, Diff: 0, Sum: 0, Workers: 4
[12.263s][debug][gc,phases      ] GC(21)     Total                          Min: 0, Avg:  0.0, Max: 0, Diff: 0, Sum: 0, Workers: 4
[12.263s][debug][gc,phases      ] GC(21) Weak Processing 0.352ms
[12.263s][debug][gc,age         ] GC(21) Desired survivor size 202899456 bytes, new threshold 15 (max threshold 15)
[12.263s][info ][gc,heap        ] GC(21) PSYoungGen: 1677787K(1866752K)->35011K(1899008K) Eden: 1646592K(1646592K)->0K(1689600K) From: 31195K(220160K)->35011K(209408K)
[12.263s][info ][gc,heap        ] GC(21) ParOldGen: 180294K(271872K)->180302K(271872K)
[12.263s][info ][gc,metaspace   ] GC(21) Metaspace: 65995K(66752K)->65995K(66752K) NonClass: 56345K(56768K)->56345K(56768K) Class: 9649K(9984K)->9649K(9984K)
[12.263s][info ][gc             ] GC(21) Pause Young (Allocation Failure) 1814M->210M(2120M) 19.672ms
[12.263s][info ][gc,cpu         ] GC(21) User=0.06s Sys=0.01s Real=0.02s
[12.264s][info ][safepoint      ] Safepoint "ParallelGCFailedAllocation", Time since last: 464114751 ns, Reaching safepoint: 266506 ns, At safepoint: 19778905 ns, Total: 20045411 ns
[12.634s][info ][gc,start       ] GC(22) Pause Young (Allocation Failure)
[12.683s][debug][gc,phases      ] GC(22) Scavenge 49.211ms
[12.683s][debug][gc,ref         ] GC(22) Skipped phase 1 of Reference Processing: no references
[12.683s][debug][gc,ref         ] GC(22) ReferenceProcessor::execute queues: 1, RefProcThreadModel::Single, marks_oops_alive: false
[12.683s][debug][gc,ref         ] GC(22) Skipped phase 3 of Reference Processing: no references
[12.683s][debug][gc,ref         ] GC(22) ReferenceProcessor::execute queues: 1, RefProcThreadModel::Single, marks_oops_alive: false
[12.683s][debug][gc,phases      ] GC(22) Reference Processing 0.229ms
[12.683s][debug][gc,phases      ] GC(22)   VM Weak                        Min:  0.0, Avg:  0.0, Max:  0.0, Diff:  0.0, Sum:  0.0, Workers: 4
[12.683s][debug][gc,phases      ] GC(22)     Dead                           Min: 0, Avg:  0.0, Max: 0, Diff: 0, Sum: 0, Workers: 4
[12.683s][debug][gc,phases      ] GC(22)     Total                          Min: 0, Avg: 142.8, Max: 507, Diff: 507, Sum: 571, Workers: 4
[12.683s][debug][gc,phases      ] GC(22)   ObjectSynchronizer Weak        Min:  0.0, Avg:  0.0, Max:  0.0, Diff:  0.0, Sum:  0.0, Workers: 4
[12.683s][debug][gc,phases      ] GC(22)     Dead                           Min: 0, Avg:  0.0, Max: 0, Diff: 0, Sum: 0, Workers: 4
[12.683s][debug][gc,phases      ] GC(22)     Total                          Min: 0, Avg: 82.0, Max: 136, Diff: 136, Sum: 328, Workers: 4
[12.683s][debug][gc,phases      ] GC(22)   JVMTI Tag Weak OopStorage      Min:  0.0, Avg:  0.0, Max:  0.0, Diff:  0.0, Sum:  0.0, Workers: 4
[12.683s][debug][gc,phases      ] GC(22)     Dead                           Min: 0, Avg:  0.0, Max: 0, Diff: 0, Sum: 0, Workers: 4
[12.683s][debug][gc,phases      ] GC(22)     Total                          Min: 0, Avg:  0.0, Max: 0, Diff: 0, Sum: 0, Workers: 4
[12.683s][debug][gc,phases      ] GC(22)   StringTable Weak               Min:  0.1, Avg:  0.1, Max:  0.2, Diff:  0.1, Sum:  0.6, Workers: 4
[12.683s][debug][gc,phases      ] GC(22)     Dead                           Min: 0, Avg:  0.5, Max: 2, Diff: 2, Sum: 2, Workers: 4
[12.683s][debug][gc,phases      ] GC(22)     Total                          Min: 4501, Avg: 10565.2, Max: 13440, Diff: 8939, Sum: 42261, Workers: 4
[12.683s][debug][gc,phases      ] GC(22)   ResolvedMethodTable Weak       Min:  0.0, Avg:  0.0, Max:  0.0, Diff:  0.0, Sum:  0.1, Workers: 4
[12.683s][debug][gc,phases      ] GC(22)     Dead                           Min: 0, Avg:  0.0, Max: 0, Diff: 0, Sum: 0, Workers: 4
[12.683s][debug][gc,phases      ] GC(22)     Total                          Min: 1600, Avg: 1666.0, Max: 1728, Diff: 128, Sum: 6664, Workers: 4
[12.683s][debug][gc,phases      ] GC(22)   JNI Weak                       Min:  0.0, Avg:  0.0, Max:  0.0, Diff:  0.0, Sum:  0.0, Workers: 4
[12.683s][debug][gc,phases      ] GC(22)     Dead                           Min: 0, Avg:  0.0, Max: 0, Diff: 0, Sum: 0, Workers: 4
[12.683s][debug][gc,phases      ] GC(22)     Total                          Min: 0, Avg:  2.8, Max: 11, Diff: 11, Sum: 11, Workers: 4
[12.683s][debug][gc,phases      ] GC(22)   StringDedup Table Weak         Min:  0.0, Avg:  0.0, Max:  0.0, Diff:  0.0, Sum:  0.0, Workers: 4
[12.683s][debug][gc,phases      ] GC(22)     Dead                           Min: 0, Avg:  0.0, Max: 0, Diff: 0, Sum: 0, Workers: 4
[12.684s][debug][gc,phases      ] GC(22)     Total                          Min: 0, Avg:  0.0, Max: 0, Diff: 0, Sum: 0, Workers: 4
[12.684s][debug][gc,phases      ] GC(22)   StringDedup Requests0 Weak     Min:  0.0, Avg:  0.0, Max:  0.0, Diff:  0.0, Sum:  0.0, Workers: 4
[12.684s][debug][gc,phases      ] GC(22)     Dead                           Min: 0, Avg:  0.0, Max: 0, Diff: 0, Sum: 0, Workers: 4
[12.684s][debug][gc,phases      ] GC(22)     Total                          Min: 0, Avg:  0.0, Max: 0, Diff: 0, Sum: 0, Workers: 4
[12.684s][debug][gc,phases      ] GC(22)   StringDedup Requests1 Weak     Min:  0.0, Avg:  0.0, Max:  0.0, Diff:  0.0, Sum:  0.0, Workers: 4
[12.684s][debug][gc,phases      ] GC(22)     Dead                           Min: 0, Avg:  0.0, Max: 0, Diff: 0, Sum: 0, Workers: 4
[12.684s][debug][gc,phases      ] GC(22)     Total                          Min: 0, Avg:  0.0, Max: 0, Diff: 0, Sum: 0, Workers: 4
[12.684s][debug][gc,phases      ] GC(22)   Weak JFR Old Object Samples    Min:  0.0, Avg:  0.0, Max:  0.0, Diff:  0.0, Sum:  0.0, Workers: 4
[12.684s][debug][gc,phases      ] GC(22)     Dead                           Min: 0, Avg:  0.0, Max: 0, Diff: 0, Sum: 0, Workers: 4
[12.684s][debug][gc,phases      ] GC(22)     Total                          Min: 0, Avg:  0.0, Max: 0, Diff: 0, Sum: 0, Workers: 4
[12.684s][debug][gc,phases      ] GC(22) Weak Processing 0.424ms
[12.684s][debug][gc,age         ] GC(22) Desired survivor size 191889408 bytes, new threshold 15 (max threshold 15)
[12.684s][info ][gc,heap        ] GC(22) PSYoungGen: 1724611K(1899008K)->64339K(1887744K) Eden: 1689600K(1689600K)->0K(1689600K) From: 35011K(209408K)->64339K(198144K)
[12.684s][info ][gc,heap        ] GC(22) ParOldGen: 180302K(271872K)->180310K(271872K)
[12.684s][info ][gc,metaspace   ] GC(22) Metaspace: 66120K(66880K)->66120K(66880K) NonClass: 56448K(56832K)->56448K(56832K) Class: 9671K(10048K)->9671K(10048K)
[12.684s][info ][gc             ] GC(22) Pause Young (Allocation Failure) 1860M->238M(2109M) 50.030ms
[12.684s][info ][gc,cpu         ] GC(22) User=0.24s Sys=0.00s Real=0.05s
[12.684s][info ][safepoint      ] Safepoint "ParallelGCFailedAllocation", Time since last: 369819143 ns, Reaching safepoint: 171305 ns, At safepoint: 50151380 ns, Total: 50322685 ns
[13.139s][info ][gc,start       ] GC(23) Pause Young (Allocation Failure)
[13.227s][debug][gc,phases      ] GC(23) Scavenge 88.641ms
[13.227s][debug][gc,ref         ] GC(23) Skipped phase 1 of Reference Processing: no references
[13.227s][debug][gc,ref         ] GC(23) ReferenceProcessor::execute queues: 1, RefProcThreadModel::Single, marks_oops_alive: false
[13.227s][debug][gc,ref         ] GC(23) Skipped phase 3 of Reference Processing: no references
[13.227s][debug][gc,ref         ] GC(23) ReferenceProcessor::execute queues: 1, RefProcThreadModel::Single, marks_oops_alive: false
[13.227s][debug][gc,phases      ] GC(23) Reference Processing 0.181ms
[13.228s][debug][gc,phases      ] GC(23)   VM Weak                        Min:  0.0, Avg:  0.0, Max:  0.0, Diff:  0.0, Sum:  0.0, Workers: 4
[13.228s][debug][gc,phases      ] GC(23)     Dead                           Min: 0, Avg:  0.0, Max: 0, Diff: 0, Sum: 0, Workers: 4
[13.228s][debug][gc,phases      ] GC(23)     Total                          Min: 0, Avg: 142.8, Max: 315, Diff: 315, Sum: 571, Workers: 4
[13.228s][debug][gc,phases      ] GC(23)   ObjectSynchronizer Weak        Min:  0.0, Avg:  0.0, Max:  0.0, Diff:  0.0, Sum:  0.0, Workers: 4
[13.228s][debug][gc,phases      ] GC(23)     Dead                           Min: 0, Avg:  0.0, Max: 0, Diff: 0, Sum: 0, Workers: 4
[13.228s][debug][gc,phases      ] GC(23)     Total                          Min: 0, Avg: 82.0, Max: 136, Diff: 136, Sum: 328, Workers: 4
[13.228s][debug][gc,phases      ] GC(23)   JVMTI Tag Weak OopStorage      Min:  0.0, Avg:  0.0, Max:  0.0, Diff:  0.0, Sum:  0.0, Workers: 4
[13.228s][debug][gc,phases      ] GC(23)     Dead                           Min: 0, Avg:  0.0, Max: 0, Diff: 0, Sum: 0, Workers: 4
[13.228s][debug][gc,phases      ] GC(23)     Total                          Min: 0, Avg:  0.0, Max: 0, Diff: 0, Sum: 0, Workers: 4
[13.228s][debug][gc,phases      ] GC(23)   StringTable Weak               Min:  0.1, Avg:  0.1, Max:  0.1, Diff:  0.0, Sum:  0.5, Workers: 4
[13.228s][debug][gc,phases      ] GC(23)     Dead                           Min: 0, Avg:  2.8, Max: 11, Diff: 11, Sum: 11, Workers: 4
[13.228s][debug][gc,phases      ] GC(23)     Total                          Min: 10112, Avg: 10565.2, Max: 11605, Diff: 1493, Sum: 42261, Workers: 4
[13.228s][debug][gc,phases      ] GC(23)   ResolvedMethodTable Weak       Min:  0.0, Avg:  0.0, Max:  0.0, Diff:  0.0, Sum:  0.1, Workers: 4
[13.228s][debug][gc,phases      ] GC(23)     Dead                           Min: 0, Avg:  0.0, Max: 0, Diff: 0, Sum: 0, Workers: 4
[13.228s][debug][gc,phases      ] GC(23)     Total                          Min: 1344, Avg: 1666.2, Max: 1865, Diff: 521, Sum: 6665, Workers: 4
[13.228s][debug][gc,phases      ] GC(23)   JNI Weak                       Min:  0.0, Avg:  0.0, Max:  0.0, Diff:  0.0, Sum:  0.0, Workers: 4
[13.228s][debug][gc,phases      ] GC(23)     Dead                           Min: 0, Avg:  0.0, Max: 0, Diff: 0, Sum: 0, Workers: 4
[13.228s][debug][gc,phases      ] GC(23)     Total                          Min: 0, Avg:  4.5, Max: 18, Diff: 18, Sum: 18, Workers: 4
[13.228s][debug][gc,phases      ] GC(23)   StringDedup Table Weak         Min:  0.0, Avg:  0.0, Max:  0.0, Diff:  0.0, Sum:  0.0, Workers: 4
[13.228s][debug][gc,phases      ] GC(23)     Dead                           Min: 0, Avg:  0.0, Max: 0, Diff: 0, Sum: 0, Workers: 4
[13.228s][debug][gc,phases      ] GC(23)     Total                          Min: 0, Avg:  0.0, Max: 0, Diff: 0, Sum: 0, Workers: 4
[13.228s][debug][gc,phases      ] GC(23)   StringDedup Requests0 Weak     Min:  0.0, Avg:  0.0, Max:  0.0, Diff:  0.0, Sum:  0.0, Workers: 4
[13.228s][debug][gc,phases      ] GC(23)     Dead                           Min: 0, Avg:  0.0, Max: 0, Diff: 0, Sum: 0, Workers: 4
[13.228s][debug][gc,phases      ] GC(23)     Total                          Min: 0, Avg:  0.0, Max: 0, Diff: 0, Sum: 0, Workers: 4
[13.228s][debug][gc,phases      ] GC(23)   StringDedup Requests1 Weak     Min:  0.0, Avg:  0.0, Max:  0.0, Diff:  0.0, Sum:  0.0, Workers: 4
[13.228s][debug][gc,phases      ] GC(23)     Dead                           Min: 0, Avg:  0.0, Max: 0, Diff: 0, Sum: 0, Workers: 4
[13.228s][debug][gc,phases      ] GC(23)     Total                          Min: 0, Avg:  0.0, Max: 0, Diff: 0, Sum: 0, Workers: 4
[13.228s][debug][gc,phases      ] GC(23)   Weak JFR Old Object Samples    Min:  0.0, Avg:  0.0, Max:  0.0, Diff:  0.0, Sum:  0.0, Workers: 4
[13.228s][debug][gc,phases      ] GC(23)     Dead                           Min: 0, Avg:  0.0, Max: 0, Diff: 0, Sum: 0, Workers: 4
[13.228s][debug][gc,phases      ] GC(23)     Total                          Min: 0, Avg:  0.0, Max: 0, Diff: 0, Sum: 0, Workers: 4
[13.228s][debug][gc,phases      ] GC(23) Weak Processing 0.353ms
[13.228s][debug][gc,age         ] GC(23) Desired survivor size 210763776 bytes, new threshold 15 (max threshold 15)
[13.228s][info ][gc,heap        ] GC(23) PSYoungGen: 1753939K(1887744K)->142128K(1872896K) Eden: 1689600K(1689600K)->0K(1685504K) From: 64339K(198144K)->142128K(187392K)
[13.228s][info ][gc,heap        ] GC(23) ParOldGen: 180310K(271872K)->181462K(271872K)
[13.228s][info ][gc,metaspace   ] GC(23) Metaspace: 66125K(66880K)->66125K(66880K) NonClass: 56453K(56832K)->56453K(56832K) Class: 9672K(10048K)->9672K(10048K)
[13.228s][info ][gc             ] GC(23) Pause Young (Allocation Failure) 1888M->316M(2094M) 89.322ms
[13.228s][info ][gc,cpu         ] GC(23) User=0.35s Sys=0.00s Real=0.10s
[13.228s][info ][safepoint      ] Safepoint "ParallelGCFailedAllocation", Time since last: 454700612 ns, Reaching safepoint: 143403 ns, At safepoint: 89443084 ns, Total: 89586487 ns
[13.522s][info ][gc,start       ] GC(24) Pause Young (Allocation Failure)
[13.723s][debug][gc,phases      ] GC(24) Scavenge 200.544ms
[13.723s][debug][gc,ref         ] GC(24) Skipped phase 1 of Reference Processing: no references
[13.723s][debug][gc,ref         ] GC(24) ReferenceProcessor::execute queues: 1, RefProcThreadModel::Single, marks_oops_alive: false
[13.723s][debug][gc,ref         ] GC(24) Skipped phase 3 of Reference Processing: no references
[13.723s][debug][gc,ref         ] GC(24) ReferenceProcessor::execute queues: 1, RefProcThreadModel::Single, marks_oops_alive: false
[13.723s][debug][gc,phases      ] GC(24) Reference Processing 0.135ms
[13.723s][debug][gc,phases      ] GC(24)   VM Weak                        Min:  0.0, Avg:  0.0, Max:  0.0, Diff:  0.0, Sum:  0.0, Workers: 4
[13.723s][debug][gc,phases      ] GC(24)     Dead                           Min: 0, Avg:  0.0, Max: 0, Diff: 0, Sum: 0, Workers: 4
[13.723s][debug][gc,phases      ] GC(24)     Total                          Min: 0, Avg: 142.8, Max: 507, Diff: 507, Sum: 571, Workers: 4
[13.723s][debug][gc,phases      ] GC(24)   ObjectSynchronizer Weak        Min:  0.0, Avg:  0.0, Max:  0.0, Diff:  0.0, Sum:  0.0, Workers: 4
[13.723s][debug][gc,phases      ] GC(24)     Dead                           Min: 0, Avg:  0.0, Max: 0, Diff: 0, Sum: 0, Workers: 4
[13.723s][debug][gc,phases      ] GC(24)     Total                          Min: 0, Avg: 82.0, Max: 192, Diff: 192, Sum: 328, Workers: 4
[13.723s][debug][gc,phases      ] GC(24)   JVMTI Tag Weak OopStorage      Min:  0.0, Avg:  0.0, Max:  0.0, Diff:  0.0, Sum:  0.0, Workers: 4
[13.723s][debug][gc,phases      ] GC(24)     Dead                           Min: 0, Avg:  0.0, Max: 0, Diff: 0, Sum: 0, Workers: 4
[13.723s][debug][gc,phases      ] GC(24)     Total                          Min: 0, Avg:  0.0, Max: 0, Diff: 0, Sum: 0, Workers: 4
[13.723s][debug][gc,phases      ] GC(24)   StringTable Weak               Min:  0.1, Avg:  0.1, Max:  0.1, Diff:  0.0, Sum:  0.6, Workers: 4
[13.723s][debug][gc,phases      ] GC(24)     Dead                           Min: 0, Avg:  2.8, Max: 11, Diff: 11, Sum: 11, Workers: 4
[13.723s][debug][gc,phases      ] GC(24)     Total                          Min: 10368, Avg: 10566.2, Max: 10816, Diff: 448, Sum: 42265, Workers: 4
[13.723s][debug][gc,phases      ] GC(24)   ResolvedMethodTable Weak       Min:  0.0, Avg:  0.0, Max:  0.0, Diff:  0.0, Sum:  0.1, Workers: 4
[13.723s][debug][gc,phases      ] GC(24)     Dead                           Min: 0, Avg:  0.0, Max: 0, Diff: 0, Sum: 0, Workers: 4
[13.723s][debug][gc,phases      ] GC(24)     Total                          Min: 1088, Avg: 1666.2, Max: 2112, Diff: 1024, Sum: 6665, Workers: 4
[13.723s][debug][gc,phases      ] GC(24)   JNI Weak                       Min:  0.0, Avg:  0.0, Max:  0.0, Diff:  0.0, Sum:  0.0, Workers: 4
[13.723s][debug][gc,phases      ] GC(24)     Dead                           Min: 0, Avg:  0.0, Max: 0, Diff: 0, Sum: 0, Workers: 4
[13.723s][debug][gc,phases      ] GC(24)     Total                          Min: 0, Avg:  0.2, Max: 1, Diff: 1, Sum: 1, Workers: 4
[13.723s][debug][gc,phases      ] GC(24)   StringDedup Table Weak         Min:  0.0, Avg:  0.0, Max:  0.0, Diff:  0.0, Sum:  0.0, Workers: 4
[13.723s][debug][gc,phases      ] GC(24)     Dead                           Min: 0, Avg:  0.0, Max: 0, Diff: 0, Sum: 0, Workers: 4
[13.723s][debug][gc,phases      ] GC(24)     Total                          Min: 0, Avg:  0.0, Max: 0, Diff: 0, Sum: 0, Workers: 4
[13.723s][debug][gc,phases      ] GC(24)   StringDedup Requests0 Weak     Min:  0.0, Avg:  0.0, Max:  0.0, Diff:  0.0, Sum:  0.0, Workers: 4
[13.723s][debug][gc,phases      ] GC(24)     Dead                           Min: 0, Avg:  0.0, Max: 0, Diff: 0, Sum: 0, Workers: 4
[13.723s][debug][gc,phases      ] GC(24)     Total                          Min: 0, Avg:  0.0, Max: 0, Diff: 0, Sum: 0, Workers: 4
[13.723s][debug][gc,phases      ] GC(24)   StringDedup Requests1 Weak     Min:  0.0, Avg:  0.0, Max:  0.0, Diff:  0.0, Sum:  0.0, Workers: 4
[13.723s][debug][gc,phases      ] GC(24)     Dead                           Min: 0, Avg:  0.0, Max: 0, Diff: 0, Sum: 0, Workers: 4
[13.723s][debug][gc,phases      ] GC(24)     Total                          Min: 0, Avg:  0.0, Max: 0, Diff: 0, Sum: 0, Workers: 4
[13.723s][debug][gc,phases      ] GC(24)   Weak JFR Old Object Samples    Min:  0.0, Avg:  0.0, Max:  0.0, Diff:  0.0, Sum:  0.0, Workers: 4
[13.723s][debug][gc,phases      ] GC(24)     Dead                           Min: 0, Avg:  0.0, Max: 0, Diff: 0, Sum: 0, Workers: 4
[13.723s][debug][gc,phases      ] GC(24)     Total                          Min: 0, Avg:  0.0, Max: 0, Diff: 0, Sum: 0, Workers: 4
[13.723s][debug][gc,phases      ] GC(24) Weak Processing 0.372ms
[13.723s][debug][gc,age         ] GC(24) Desired survivor size 281542656 bytes, new threshold 14 (max threshold 15)
[13.723s][info ][gc,heap        ] GC(24) PSYoungGen: 1827632K(1872896K)->205808K(1891328K) Eden: 1685504K(1685504K)->0K(1685504K) From: 142128K(187392K)->205808K(205824K)
[13.723s][info ][gc,heap        ] GC(24) ParOldGen: 181462K(271872K)->265666K(271872K)
[13.723s][info ][gc,metaspace   ] GC(24) Metaspace: 66139K(66944K)->66139K(66944K) NonClass: 56467K(56896K)->56467K(56896K) Class: 9672K(10048K)->9672K(10048K)
[13.723s][info ][gc             ] GC(24) Pause Young (Allocation Failure) 1962M->460M(2112M) 201.202ms
[13.723s][info ][gc,cpu         ] GC(24) User=0.76s Sys=0.04s Real=0.20s
[13.723s][debug][gc,phases      ] GC(25) Pre Compact 0.010ms
[13.723s][info ][gc,start       ] GC(25) Pause Full (Ergonomics)
[13.723s][info ][gc,phases,start] GC(25) Marking Phase
[13.903s][debug][gc,phases      ] GC(25) Par Mark 179.678ms
[13.903s][debug][gc,ref         ] GC(25) Skipped phase 1 of Reference Processing: no references
[13.903s][debug][gc,ref         ] GC(25) ReferenceProcessor::execute queues: 4, RefProcThreadModel::Multi, marks_oops_alive: false
[13.904s][debug][gc,ref         ] GC(25) Skipped phase 3 of Reference Processing: no references
[13.904s][debug][gc,ref         ] GC(25) ReferenceProcessor::execute queues: 1, RefProcThreadModel::Single, marks_oops_alive: false
[13.904s][debug][gc,phases      ] GC(25) Reference Processing 0.669ms
[13.904s][debug][gc,phases      ] GC(25)   VM Weak                        Min:  0.0, Avg:  0.0, Max:  0.0, Diff:  0.0, Sum:  0.0, Workers: 4
[13.904s][debug][gc,phases      ] GC(25)     Dead                           Min: 0, Avg:  0.0, Max: 0, Diff: 0, Sum: 0, Workers: 4
[13.904s][debug][gc,phases      ] GC(25)     Total                          Min: 0, Avg: 142.8, Max: 512, Diff: 512, Sum: 571, Workers: 4
[13.904s][debug][gc,phases      ] GC(25)   ObjectSynchronizer Weak        Min:  0.0, Avg:  0.0, Max:  0.0, Diff:  0.0, Sum:  0.0, Workers: 4
[13.904s][debug][gc,phases      ] GC(25)     Dead                           Min: 0, Avg:  0.0, Max: 0, Diff: 0, Sum: 0, Workers: 4
[13.904s][debug][gc,phases      ] GC(25)     Total                          Min: 0, Avg: 82.0, Max: 192, Diff: 192, Sum: 328, Workers: 4
[13.904s][debug][gc,phases      ] GC(25)   JVMTI Tag Weak OopStorage      Min:  0.0, Avg:  0.0, Max:  0.0, Diff:  0.0, Sum:  0.0, Workers: 4
[13.904s][debug][gc,phases      ] GC(25)     Dead                           Min: 0, Avg:  0.0, Max: 0, Diff: 0, Sum: 0, Workers: 4
[13.904s][debug][gc,phases      ] GC(25)     Total                          Min: 0, Avg:  0.0, Max: 0, Diff: 0, Sum: 0, Workers: 4
[13.904s][debug][gc,phases      ] GC(25)   StringTable Weak               Min:  0.1, Avg:  0.2, Max:  0.2, Diff:  0.1, Sum:  0.7, Workers: 4
[13.904s][debug][gc,phases      ] GC(25)     Dead                           Min: 0, Avg:  0.0, Max: 0, Diff: 0, Sum: 0, Workers: 4
[13.904s][debug][gc,phases      ] GC(25)     Total                          Min: 7168, Avg: 10566.2, Max: 15705, Diff: 8537, Sum: 42265, Workers: 4
[13.904s][debug][gc,phases      ] GC(25)   ResolvedMethodTable Weak       Min:  0.0, Avg:  0.0, Max:  0.0, Diff:  0.0, Sum:  0.1, Workers: 4
[13.904s][debug][gc,phases      ] GC(25)     Dead                           Min: 0, Avg:  0.2, Max: 1, Diff: 1, Sum: 1, Workers: 4
[13.904s][debug][gc,phases      ] GC(25)     Total                          Min: 1472, Avg: 1666.2, Max: 1920, Diff: 448, Sum: 6665, Workers: 4
[13.904s][debug][gc,phases      ] GC(25)   JNI Weak                       Min:  0.0, Avg:  0.0, Max:  0.0, Diff:  0.0, Sum:  0.0, Workers: 4
[13.904s][debug][gc,phases      ] GC(25)     Dead                           Min: 0, Avg:  0.0, Max: 0, Diff: 0, Sum: 0, Workers: 4
[13.904s][debug][gc,phases      ] GC(25)     Total                          Min: 0, Avg:  0.2, Max: 1, Diff: 1, Sum: 1, Workers: 4
[13.904s][debug][gc,phases      ] GC(25)   StringDedup Table Weak         Min:  0.0, Avg:  0.0, Max:  0.0, Diff:  0.0, Sum:  0.0, Workers: 4
[13.904s][debug][gc,phases      ] GC(25)     Dead                           Min: 0, Avg:  0.0, Max: 0, Diff: 0, Sum: 0, Workers: 4
[13.904s][debug][gc,phases      ] GC(25)     Total                          Min: 0, Avg:  0.0, Max: 0, Diff: 0, Sum: 0, Workers: 4
[13.904s][debug][gc,phases      ] GC(25)   StringDedup Requests0 Weak     Min:  0.0, Avg:  0.0, Max:  0.0, Diff:  0.0, Sum:  0.0, Workers: 4
[13.904s][debug][gc,phases      ] GC(25)     Dead                           Min: 0, Avg:  0.0, Max: 0, Diff: 0, Sum: 0, Workers: 4
[13.904s][debug][gc,phases      ] GC(25)     Total                          Min: 0, Avg:  0.0, Max: 0, Diff: 0, Sum: 0, Workers: 4
[13.904s][debug][gc,phases      ] GC(25)   StringDedup Requests1 Weak     Min:  0.0, Avg:  0.0, Max:  0.0, Diff:  0.0, Sum:  0.0, Workers: 4
[13.904s][debug][gc,phases      ] GC(25)     Dead                           Min: 0, Avg:  0.0, Max: 0, Diff: 0, Sum: 0, Workers: 4
[13.904s][debug][gc,phases      ] GC(25)     Total                          Min: 0, Avg:  0.0, Max: 0, Diff: 0, Sum: 0, Workers: 4
[13.904s][debug][gc,phases      ] GC(25)   Weak JFR Old Object Samples    Min:  0.0, Avg:  0.0, Max:  0.0, Diff:  0.0, Sum:  0.0, Workers: 4
[13.904s][debug][gc,phases      ] GC(25)     Dead                           Min: 0, Avg:  0.0, Max: 0, Diff: 0, Sum: 0, Workers: 4
[13.904s][debug][gc,phases      ] GC(25)     Total                          Min: 0, Avg:  0.0, Max: 0, Diff: 0, Sum: 0, Workers: 4
[13.904s][debug][gc,phases      ] GC(25) Weak Processing 0.424ms
[13.904s][debug][gc,phases      ] GC(25) ClassLoaderData 0.081ms
[13.904s][debug][gc,phases      ] GC(25) Trigger cleanups 0.000ms
[13.913s][debug][gc,phases      ] GC(25) Class Unloading 9.171ms
[13.913s][info ][gc,phases      ] GC(25) Marking Phase 190.111ms
[13.913s][info ][gc,phases,start] GC(25) Summary Phase
[13.913s][info ][gc,phases      ] GC(25) Summary Phase 0.012ms
[13.913s][info ][gc,phases,start] GC(25) Adjust Roots
[13.924s][info ][gc,phases      ] GC(25) Adjust Roots 10.581ms
[13.924s][info ][gc,phases,start] GC(25) Compaction Phase
[14.538s][info ][gc,phases      ] GC(25) Compaction Phase 614.085ms
[14.538s][info ][gc,phases,start] GC(25) Post Compact
[14.540s][info ][gc,phases      ] GC(25) Post Compact 2.065ms
[14.540s][info ][gc,heap        ] GC(25) PSYoungGen: 205808K(1891328K)->198216K(1884160K) Eden: 0K(1685504K)->0K(1685504K) From: 205808K(205824K)->198216K(198656K)
[14.540s][info ][gc,heap        ] GC(25) ParOldGen: 265666K(271872K)->271430K(363008K)
[14.540s][info ][gc,metaspace   ] GC(25) Metaspace: 66139K(66944K)->66139K(66944K) NonClass: 56467K(56896K)->56467K(56896K) Class: 9672K(10048K)->9672K(10048K)
[14.540s][info ][gc             ] GC(25) Pause Full (Ergonomics) 460M->458M(2194M) 817.189ms
[14.540s][info ][gc,cpu         ] GC(25) User=3.17s Sys=0.01s Real=0.82s
[14.561s][info ][safepoint      ] Safepoint "ParallelGCFailedAllocation", Time since last: 293675300 ns, Reaching safepoint: 196105 ns, At safepoint: 1038937334 ns, Total: 1039133439 ns
[14.875s][info ][safepoint      ] Safepoint "ICBufferFull", Time since last: 314094822 ns, Reaching safepoint: 210706 ns, At safepoint: 32100 ns, Total: 242806 ns
[14.922s][info ][safepoint      ] Safepoint "ICBufferFull", Time since last: 42121176 ns, Reaching safepoint: 4666320 ns, At safepoint: 71101 ns, Total: 4737421 ns
[14.942s][info ][safepoint      ] Safepoint "ICBufferFull", Time since last: 19673303 ns, Reaching safepoint: 164204 ns, At safepoint: 42201 ns, Total: 206405 ns
[14.966s][info ][safepoint      ] Safepoint "ICBufferFull", Time since last: 23809208 ns, Reaching safepoint: 146304 ns, At safepoint: 36401 ns, Total: 182705 ns
[14.986s][info ][safepoint      ] Safepoint "ICBufferFull", Time since last: 20219016 ns, Reaching safepoint: 123204 ns, At safepoint: 24100 ns, Total: 147304 ns
[15.034s][info ][safepoint      ] Safepoint "ICBufferFull", Time since last: 47441012 ns, Reaching safepoint: 136704 ns, At safepoint: 26600 ns, Total: 163304 ns
[15.050s][info ][safepoint      ] Safepoint "ICBufferFull", Time since last: 16021809 ns, Reaching safepoint: 140904 ns, At safepoint: 29301 ns, Total: 170205 ns
[15.067s][info ][safepoint      ] Safepoint "ICBufferFull", Time since last: 16791329 ns, Reaching safepoint: 128903 ns, At safepoint: 21001 ns, Total: 149904 ns
[15.070s][info ][gc,start       ] GC(26) Pause Young (Allocation Failure)
[15.248s][debug][gc,phases      ] GC(26) Scavenge 178.384ms
[15.248s][debug][gc,ref         ] GC(26) Skipped phase 1 of Reference Processing: no references
[15.248s][debug][gc,ref         ] GC(26) ReferenceProcessor::execute queues: 1, RefProcThreadModel::Single, marks_oops_alive: false
[15.248s][debug][gc,ref         ] GC(26) Skipped phase 3 of Reference Processing: no references
[15.248s][debug][gc,ref         ] GC(26) ReferenceProcessor::execute queues: 1, RefProcThreadModel::Single, marks_oops_alive: false
[15.248s][debug][gc,phases      ] GC(26) Reference Processing 0.187ms
[15.249s][debug][gc,phases      ] GC(26)   VM Weak                        Min:  0.0, Avg:  0.0, Max:  0.0, Diff:  0.0, Sum:  0.0, Workers: 4
[15.249s][debug][gc,phases      ] GC(26)     Dead                           Min: 0, Avg:  0.0, Max: 0, Diff: 0, Sum: 0, Workers: 4
[15.249s][debug][gc,phases      ] GC(26)     Total                          Min: 0, Avg: 145.0, Max: 516, Diff: 516, Sum: 580, Workers: 4
[15.249s][debug][gc,phases      ] GC(26)   ObjectSynchronizer Weak        Min:  0.0, Avg:  0.0, Max:  0.0, Diff:  0.0, Sum:  0.0, Workers: 4
[15.249s][debug][gc,phases      ] GC(26)     Dead                           Min: 0, Avg:  0.0, Max: 0, Diff: 0, Sum: 0, Workers: 4
[15.249s][debug][gc,phases      ] GC(26)     Total                          Min: 0, Avg: 82.0, Max: 192, Diff: 192, Sum: 328, Workers: 4
[15.249s][debug][gc,phases      ] GC(26)   JVMTI Tag Weak OopStorage      Min:  0.0, Avg:  0.0, Max:  0.0, Diff:  0.0, Sum:  0.0, Workers: 4
[15.249s][debug][gc,phases      ] GC(26)     Dead                           Min: 0, Avg:  0.0, Max: 0, Diff: 0, Sum: 0, Workers: 4
[15.249s][debug][gc,phases      ] GC(26)     Total                          Min: 0, Avg:  0.0, Max: 0, Diff: 0, Sum: 0, Workers: 4
[15.249s][debug][gc,phases      ] GC(26)   StringTable Weak               Min:  0.0, Avg:  0.1, Max:  0.2, Diff:  0.2, Sum:  0.5, Workers: 4
[15.249s][debug][gc,phases      ] GC(26)     Dead                           Min: 0, Avg:  4.0, Max: 15, Diff: 15, Sum: 16, Workers: 4
[15.249s][debug][gc,phases      ] GC(26)     Total                          Min: 0, Avg: 10620.2, Max: 21297, Diff: 21297, Sum: 42481, Workers: 4
[15.249s][debug][gc,phases      ] GC(26)   ResolvedMethodTable Weak       Min:  0.0, Avg:  0.0, Max:  0.0, Diff:  0.0, Sum:  0.1, Workers: 4
[15.249s][debug][gc,phases      ] GC(26)     Dead                           Min: 0, Avg:  9.2, Max: 29, Diff: 29, Sum: 37, Workers: 4
[15.249s][debug][gc,phases      ] GC(26)     Total                          Min: 0, Avg: 1708.2, Max: 3505, Diff: 3505, Sum: 6833, Workers: 4
[15.249s][debug][gc,phases      ] GC(26)   JNI Weak                       Min:  0.0, Avg:  0.0, Max:  0.0, Diff:  0.0, Sum:  0.0, Workers: 4
[15.249s][debug][gc,phases      ] GC(26)     Dead                           Min: 0, Avg:  0.0, Max: 0, Diff: 0, Sum: 0, Workers: 4
[15.249s][debug][gc,phases      ] GC(26)     Total                          Min: 0, Avg:  4.2, Max: 17, Diff: 17, Sum: 17, Workers: 4
[15.249s][debug][gc,phases      ] GC(26)   StringDedup Table Weak         Min:  0.0, Avg:  0.0, Max:  0.0, Diff:  0.0, Sum:  0.0, Workers: 4
[15.249s][debug][gc,phases      ] GC(26)     Dead                           Min: 0, Avg:  0.0, Max: 0, Diff: 0, Sum: 0, Workers: 4
[15.249s][debug][gc,phases      ] GC(26)     Total                          Min: 0, Avg:  0.0, Max: 0, Diff: 0, Sum: 0, Workers: 4
[15.249s][debug][gc,phases      ] GC(26)   StringDedup Requests0 Weak     Min:  0.0, Avg:  0.0, Max:  0.0, Diff:  0.0, Sum:  0.0, Workers: 4
[15.249s][debug][gc,phases      ] GC(26)     Dead                           Min: 0, Avg:  0.0, Max: 0, Diff: 0, Sum: 0, Workers: 4
[15.249s][debug][gc,phases      ] GC(26)     Total                          Min: 0, Avg:  0.0, Max: 0, Diff: 0, Sum: 0, Workers: 4
[15.249s][debug][gc,phases      ] GC(26)   StringDedup Requests1 Weak     Min:  0.0, Avg:  0.0, Max:  0.0, Diff:  0.0, Sum:  0.0, Workers: 4
[15.249s][debug][gc,phases      ] GC(26)     Dead                           Min: 0, Avg:  0.0, Max: 0, Diff: 0, Sum: 0, Workers: 4
[15.249s][debug][gc,phases      ] GC(26)     Total                          Min: 0, Avg:  0.0, Max: 0, Diff: 0, Sum: 0, Workers: 4
[15.249s][debug][gc,phases      ] GC(26)   Weak JFR Old Object Samples    Min:  0.0, Avg:  0.0, Max:  0.0, Diff:  0.0, Sum:  0.0, Workers: 4
[15.249s][debug][gc,phases      ] GC(26)     Dead                           Min: 0, Avg:  0.0, Max: 0, Diff: 0, Sum: 0, Workers: 4
[15.249s][debug][gc,phases      ] GC(26)     Total                          Min: 0, Avg:  0.0, Max: 0, Diff: 0, Sum: 0, Workers: 4
[15.249s][debug][gc,phases      ] GC(26) Weak Processing 0.484ms
[15.249s][debug][gc,age         ] GC(26) Desired survivor size 326631424 bytes, new threshold 13 (max threshold 15)
[15.249s][info ][gc,heap        ] GC(26) PSYoungGen: 1883720K(1884160K)->212989K(1672192K) Eden: 1685504K(1685504K)->0K(1459200K) From: 198216K(198656K)->212989K(212992K)
[15.249s][info ][gc,heap        ] GC(26) ParOldGen: 271430K(363008K)->316576K(363008K)
[15.249s][info ][gc,metaspace   ] GC(26) Metaspace: 66906K(67648K)->66906K(67648K) NonClass: 57123K(57536K)->57123K(57536K) Class: 9782K(10112K)->9782K(10112K)
[15.249s][info ][gc             ] GC(26) Pause Young (Allocation Failure) 2104M->517M(1987M) 179.187ms
[15.249s][info ][gc,cpu         ] GC(26) User=0.69s Sys=0.02s Real=0.18s
[15.249s][debug][gc,phases      ] GC(27) Pre Compact 0.011ms
[15.249s][info ][gc,start       ] GC(27) Pause Full (Ergonomics)
[15.249s][info ][gc,phases,start] GC(27) Marking Phase
[15.467s][debug][gc,phases      ] GC(27) Par Mark 218.332ms
[15.467s][debug][gc,ref         ] GC(27) Skipped phase 1 of Reference Processing: no references
[15.467s][debug][gc,ref         ] GC(27) ReferenceProcessor::execute queues: 4, RefProcThreadModel::Multi, marks_oops_alive: false
[15.468s][debug][gc,ref         ] GC(27) Skipped phase 3 of Reference Processing: no references
[15.468s][debug][gc,ref         ] GC(27) ReferenceProcessor::execute queues: 1, RefProcThreadModel::Single, marks_oops_alive: false
[15.468s][debug][gc,phases      ] GC(27) Reference Processing 0.389ms
[15.468s][debug][gc,phases      ] GC(27)   VM Weak                        Min:  0.0, Avg:  0.0, Max:  0.0, Diff:  0.0, Sum:  0.0, Workers: 4
[15.468s][debug][gc,phases      ] GC(27)     Dead                           Min: 0, Avg:  0.0, Max: 0, Diff: 0, Sum: 0, Workers: 4
[15.468s][debug][gc,phases      ] GC(27)     Total                          Min: 0, Avg: 145.0, Max: 452, Diff: 452, Sum: 580, Workers: 4
[15.468s][debug][gc,phases      ] GC(27)   ObjectSynchronizer Weak        Min:  0.0, Avg:  0.0, Max:  0.0, Diff:  0.0, Sum:  0.0, Workers: 4
[15.468s][debug][gc,phases      ] GC(27)     Dead                           Min: 0, Avg:  0.0, Max: 0, Diff: 0, Sum: 0, Workers: 4
[15.468s][debug][gc,phases      ] GC(27)     Total                          Min: 0, Avg: 82.0, Max: 136, Diff: 136, Sum: 328, Workers: 4
[15.468s][debug][gc,phases      ] GC(27)   JVMTI Tag Weak OopStorage      Min:  0.0, Avg:  0.0, Max:  0.0, Diff:  0.0, Sum:  0.0, Workers: 4
[15.468s][debug][gc,phases      ] GC(27)     Dead                           Min: 0, Avg:  0.0, Max: 0, Diff: 0, Sum: 0, Workers: 4
[15.468s][debug][gc,phases      ] GC(27)     Total                          Min: 0, Avg:  0.0, Max: 0, Diff: 0, Sum: 0, Workers: 4
[15.468s][debug][gc,phases      ] GC(27)   StringTable Weak               Min:  0.1, Avg:  0.1, Max:  0.1, Diff:  0.0, Sum:  0.6, Workers: 4
[15.468s][debug][gc,phases      ] GC(27)     Dead                           Min: 0, Avg:  0.0, Max: 0, Diff: 0, Sum: 0, Workers: 4
[15.468s][debug][gc,phases      ] GC(27)     Total                          Min: 9152, Avg: 10620.2, Max: 12352, Diff: 3200, Sum: 42481, Workers: 4
[15.468s][debug][gc,phases      ] GC(27)   ResolvedMethodTable Weak       Min:  0.0, Avg:  0.0, Max:  0.0, Diff:  0.0, Sum:  0.1, Workers: 4
[15.468s][debug][gc,phases      ] GC(27)     Dead                           Min: 0, Avg:  0.0, Max: 0, Diff: 0, Sum: 0, Workers: 4
[15.468s][debug][gc,phases      ] GC(27)     Total                          Min: 1472, Avg: 1708.2, Max: 1920, Diff: 448, Sum: 6833, Workers: 4
[15.468s][debug][gc,phases      ] GC(27)   JNI Weak                       Min:  0.0, Avg:  0.0, Max:  0.0, Diff:  0.0, Sum:  0.0, Workers: 4
[15.468s][debug][gc,phases      ] GC(27)     Dead                           Min: 0, Avg:  0.0, Max: 0, Diff: 0, Sum: 0, Workers: 4
[15.468s][debug][gc,phases      ] GC(27)     Total                          Min: 0, Avg:  4.2, Max: 17, Diff: 17, Sum: 17, Workers: 4
[15.468s][debug][gc,phases      ] GC(27)   StringDedup Table Weak         Min:  0.0, Avg:  0.0, Max:  0.0, Diff:  0.0, Sum:  0.0, Workers: 4
[15.468s][debug][gc,phases      ] GC(27)     Dead                           Min: 0, Avg:  0.0, Max: 0, Diff: 0, Sum: 0, Workers: 4
[15.468s][debug][gc,phases      ] GC(27)     Total                          Min: 0, Avg:  0.0, Max: 0, Diff: 0, Sum: 0, Workers: 4
[15.468s][debug][gc,phases      ] GC(27)   StringDedup Requests0 Weak     Min:  0.0, Avg:  0.0, Max:  0.0, Diff:  0.0, Sum:  0.0, Workers: 4
[15.468s][debug][gc,phases      ] GC(27)     Dead                           Min: 0, Avg:  0.0, Max: 0, Diff: 0, Sum: 0, Workers: 4
[15.468s][debug][gc,phases      ] GC(27)     Total                          Min: 0, Avg:  0.0, Max: 0, Diff: 0, Sum: 0, Workers: 4
[15.468s][debug][gc,phases      ] GC(27)   StringDedup Requests1 Weak     Min:  0.0, Avg:  0.0, Max:  0.0, Diff:  0.0, Sum:  0.0, Workers: 4
[15.468s][debug][gc,phases      ] GC(27)     Dead                           Min: 0, Avg:  0.0, Max: 0, Diff: 0, Sum: 0, Workers: 4
[15.468s][debug][gc,phases      ] GC(27)     Total                          Min: 0, Avg:  0.0, Max: 0, Diff: 0, Sum: 0, Workers: 4
[15.468s][debug][gc,phases      ] GC(27)   Weak JFR Old Object Samples    Min:  0.0, Avg:  0.0, Max:  0.0, Diff:  0.0, Sum:  0.0, Workers: 4
[15.468s][debug][gc,phases      ] GC(27)     Dead                           Min: 0, Avg:  0.0, Max: 0, Diff: 0, Sum: 0, Workers: 4
[15.468s][debug][gc,phases      ] GC(27)     Total                          Min: 0, Avg:  0.0, Max: 0, Diff: 0, Sum: 0, Workers: 4
[15.468s][debug][gc,phases      ] GC(27) Weak Processing 0.359ms
[15.468s][debug][gc,phases      ] GC(27) ClassLoaderData 0.083ms
[15.468s][debug][gc,phases      ] GC(27) Trigger cleanups 0.000ms
[15.476s][debug][gc,phases      ] GC(27) Class Unloading 8.395ms
[15.476s][info ][gc,phases      ] GC(27) Marking Phase 227.650ms
[15.476s][info ][gc,phases,start] GC(27) Summary Phase
[15.476s][info ][gc,phases      ] GC(27) Summary Phase 0.012ms
[15.476s][info ][gc,phases,start] GC(27) Adjust Roots
[15.485s][info ][gc,phases      ] GC(27) Adjust Roots 8.630ms
[15.485s][info ][gc,phases,start] GC(27) Compaction Phase
[16.049s][info ][gc,phases      ] GC(27) Compaction Phase 563.696ms
[16.049s][info ][gc,phases,start] GC(27) Post Compact
[16.051s][info ][gc,phases      ] GC(27) Post Compact 1.740ms
[16.051s][info ][gc,heap        ] GC(27) PSYoungGen: 212989K(1672192K)->166128K(1672192K) Eden: 0K(1459200K)->0K(1459200K) From: 212989K(212992K)->166128K(212992K)
[16.051s][info ][gc,heap        ] GC(27) ParOldGen: 316576K(363008K)->362642K(470016K)
[16.051s][info ][gc,metaspace   ] GC(27) Metaspace: 66906K(67648K)->66906K(67648K) NonClass: 57123K(57536K)->57123K(57536K) Class: 9782K(10112K)->9782K(10112K)
[16.051s][info ][gc             ] GC(27) Pause Full (Ergonomics) 517M->516M(2092M) 802.092ms
[16.051s][info ][gc,cpu         ] GC(27) User=3.13s Sys=0.00s Real=0.80s
[16.051s][info ][safepoint      ] Safepoint "ParallelGCFailedAllocation", Time since last: 2431062 ns, Reaching safepoint: 117703 ns, At safepoint: 981438770 ns, Total: 981556473 ns
[16.093s][info ][safepoint      ] Safepoint "ICBufferFull", Time since last: 41461159 ns, Reaching safepoint: 119003 ns, At safepoint: 29001 ns, Total: 148004 ns
[16.111s][info ][safepoint      ] Safepoint "ICBufferFull", Time since last: 17894357 ns, Reaching safepoint: 127603 ns, At safepoint: 22401 ns, Total: 150004 ns
[16.133s][info ][safepoint      ] Safepoint "ICBufferFull", Time since last: 22167166 ns, Reaching safepoint: 146604 ns, At safepoint: 47201 ns, Total: 193805 ns
[16.169s][info ][safepoint      ] Safepoint "ICBufferFull", Time since last: 35803115 ns, Reaching safepoint: 131703 ns, At safepoint: 25301 ns, Total: 157004 ns
[16.195s][info ][safepoint      ] Safepoint "ICBufferFull", Time since last: 18293167 ns, Reaching safepoint: 7807400 ns, At safepoint: 45701 ns, Total: 7853101 ns
[16.200s][info ][safepoint      ] Safepoint "ICBufferFull", Time since last: 4705820 ns, Reaching safepoint: 110303 ns, At safepoint: 29100 ns, Total: 139403 ns
[16.218s][info ][safepoint      ] Safepoint "ICBufferFull", Time since last: 18236866 ns, Reaching safepoint: 123203 ns, At safepoint: 35401 ns, Total: 158604 ns
[16.229s][info ][safepoint      ] Safepoint "ICBufferFull", Time since last: 10515269 ns, Reaching safepoint: 127703 ns, At safepoint: 24401 ns, Total: 152104 ns
[16.240s][info ][safepoint      ] Safepoint "ICBufferFull", Time since last: 11336190 ns, Reaching safepoint: 125203 ns, At safepoint: 25900 ns, Total: 151103 ns
[16.267s][info ][safepoint      ] Safepoint "ICBufferFull", Time since last: 25645756 ns, Reaching safepoint: 385709 ns, At safepoint: 28301 ns, Total: 414010 ns
[16.275s][info ][safepoint      ] Safepoint "ICBufferFull", Time since last: 8689422 ns, Reaching safepoint: 118203 ns, At safepoint: 24001 ns, Total: 142204 ns
[16.301s][info ][safepoint      ] Safepoint "ICBufferFull", Time since last: 25932662 ns, Reaching safepoint: 118503 ns, At safepoint: 23301 ns, Total: 141804 ns
[16.311s][info ][safepoint      ] Safepoint "ICBufferFull", Time since last: 8470816 ns, Reaching safepoint: 933524 ns, At safepoint: 23101 ns, Total: 956625 ns
[16.321s][info ][safepoint      ] Safepoint "ICBufferFull", Time since last: 9955354 ns, Reaching safepoint: 100203 ns, At safepoint: 29000 ns, Total: 129203 ns
[16.343s][info ][safepoint      ] Safepoint "ICBufferFull", Time since last: 21459949 ns, Reaching safepoint: 132403 ns, At safepoint: 33401 ns, Total: 165804 ns
[16.372s][info ][safepoint      ] Safepoint "ICBufferFull", Time since last: 29587456 ns, Reaching safepoint: 123803 ns, At safepoint: 24400 ns, Total: 148203 ns
[16.376s][info ][gc,start       ] GC(28) Pause Young (Allocation Failure)
[16.481s][debug][gc,phases      ] GC(28) Scavenge 104.595ms
[16.481s][debug][gc,ref         ] GC(28) Skipped phase 1 of Reference Processing: no references
[16.481s][debug][gc,ref         ] GC(28) ReferenceProcessor::execute queues: 1, RefProcThreadModel::Single, marks_oops_alive: false
[16.481s][debug][gc,ref         ] GC(28) Skipped phase 3 of Reference Processing: no references
[16.481s][debug][gc,ref         ] GC(28) ReferenceProcessor::execute queues: 1, RefProcThreadModel::Single, marks_oops_alive: false
[16.481s][debug][gc,phases      ] GC(28) Reference Processing 0.102ms
[16.481s][debug][gc,phases      ] GC(28)   VM Weak                        Min:  0.0, Avg:  0.0, Max:  0.0, Diff:  0.0, Sum:  0.0, Workers: 4
[16.481s][debug][gc,phases      ] GC(28)     Dead                           Min: 0, Avg:  0.0, Max: 0, Diff: 0, Sum: 0, Workers: 4
[16.481s][debug][gc,phases      ] GC(28)     Total                          Min: 0, Avg: 145.0, Max: 384, Diff: 384, Sum: 580, Workers: 4
[16.481s][debug][gc,phases      ] GC(28)   ObjectSynchronizer Weak        Min:  0.0, Avg:  0.0, Max:  0.0, Diff:  0.0, Sum:  0.0, Workers: 4
[16.481s][debug][gc,phases      ] GC(28)     Dead                           Min: 0, Avg:  0.0, Max: 0, Diff: 0, Sum: 0, Workers: 4
[16.481s][debug][gc,phases      ] GC(28)     Total                          Min: 8, Avg: 82.0, Max: 128, Diff: 120, Sum: 328, Workers: 4
[16.481s][debug][gc,phases      ] GC(28)   JVMTI Tag Weak OopStorage      Min:  0.0, Avg:  0.0, Max:  0.0, Diff:  0.0, Sum:  0.0, Workers: 4
[16.481s][debug][gc,phases      ] GC(28)     Dead                           Min: 0, Avg:  0.0, Max: 0, Diff: 0, Sum: 0, Workers: 4
[16.481s][debug][gc,phases      ] GC(28)     Total                          Min: 0, Avg:  0.0, Max: 0, Diff: 0, Sum: 0, Workers: 4
[16.481s][debug][gc,phases      ] GC(28)   StringTable Weak               Min:  0.1, Avg:  0.1, Max:  0.1, Diff:  0.0, Sum:  0.3, Workers: 4
[16.481s][debug][gc,phases      ] GC(28)     Dead                           Min: 0, Avg:  2.8, Max: 11, Diff: 11, Sum: 11, Workers: 4
[16.481s][debug][gc,phases      ] GC(28)     Total                          Min: 8761, Avg: 10622.2, Max: 11712, Diff: 2951, Sum: 42489, Workers: 4
[16.481s][debug][gc,phases      ] GC(28)   ResolvedMethodTable Weak       Min:  0.0, Avg:  0.0, Max:  0.0, Diff:  0.0, Sum:  0.1, Workers: 4
[16.481s][debug][gc,phases      ] GC(28)     Dead                           Min: 0, Avg:  0.0, Max: 0, Diff: 0, Sum: 0, Workers: 4
[16.481s][debug][gc,phases      ] GC(28)     Total                          Min: 1459, Avg: 1708.8, Max: 1856, Diff: 397, Sum: 6835, Workers: 4
[16.481s][debug][gc,phases      ] GC(28)   JNI Weak                       Min:  0.0, Avg:  0.0, Max:  0.0, Diff:  0.0, Sum:  0.0, Workers: 4
[16.481s][debug][gc,phases      ] GC(28)     Dead                           Min: 0, Avg:  0.0, Max: 0, Diff: 0, Sum: 0, Workers: 4
[16.481s][debug][gc,phases      ] GC(28)     Total                          Min: 0, Avg:  3.8, Max: 15, Diff: 15, Sum: 15, Workers: 4
[16.481s][debug][gc,phases      ] GC(28)   StringDedup Table Weak         Min:  0.0, Avg:  0.0, Max:  0.0, Diff:  0.0, Sum:  0.0, Workers: 4
[16.481s][debug][gc,phases      ] GC(28)     Dead                           Min: 0, Avg:  0.0, Max: 0, Diff: 0, Sum: 0, Workers: 4
[16.481s][debug][gc,phases      ] GC(28)     Total                          Min: 0, Avg:  0.0, Max: 0, Diff: 0, Sum: 0, Workers: 4
[16.481s][debug][gc,phases      ] GC(28)   StringDedup Requests0 Weak     Min:  0.0, Avg:  0.0, Max:  0.0, Diff:  0.0, Sum:  0.0, Workers: 4
[16.481s][debug][gc,phases      ] GC(28)     Dead                           Min: 0, Avg:  0.0, Max: 0, Diff: 0, Sum: 0, Workers: 4
[16.481s][debug][gc,phases      ] GC(28)     Total                          Min: 0, Avg:  0.0, Max: 0, Diff: 0, Sum: 0, Workers: 4
[16.481s][debug][gc,phases      ] GC(28)   StringDedup Requests1 Weak     Min:  0.0, Avg:  0.0, Max:  0.0, Diff:  0.0, Sum:  0.0, Workers: 4
[16.481s][debug][gc,phases      ] GC(28)     Dead                           Min: 0, Avg:  0.0, Max: 0, Diff: 0, Sum: 0, Workers: 4
[16.481s][debug][gc,phases      ] GC(28)     Total                          Min: 0, Avg:  0.0, Max: 0, Diff: 0, Sum: 0, Workers: 4
[16.481s][debug][gc,phases      ] GC(28)   Weak JFR Old Object Samples    Min:  0.0, Avg:  0.0, Max:  0.0, Diff:  0.0, Sum:  0.0, Workers: 4
[16.481s][debug][gc,phases      ] GC(28)     Dead                           Min: 0, Avg:  0.0, Max: 0, Diff: 0, Sum: 0, Workers: 4
[16.481s][debug][gc,phases      ] GC(28)     Total                          Min: 0, Avg:  0.0, Max: 0, Diff: 0, Sum: 0, Workers: 4
[16.481s][debug][gc,phases      ] GC(28) Weak Processing 0.290ms
[16.481s][debug][gc,age         ] GC(28) Desired survivor size 328728576 bytes, new threshold 14 (max threshold 15)
[16.481s][info ][gc,heap        ] GC(28) PSYoungGen: 1625328K(1672192K)->167680K(1627136K) Eden: 1459200K(1459200K)->0K(1459200K) From: 166128K(212992K)->167680K(167936K)
[16.481s][info ][gc,heap        ] GC(28) ParOldGen: 362642K(470016K)->362650K(470016K)
[16.481s][info ][gc,metaspace   ] GC(28) Metaspace: 66977K(67712K)->66977K(67712K) NonClass: 57192K(57600K)->57192K(57600K) Class: 9784K(10112K)->9784K(10112K)
[16.481s][info ][gc             ] GC(28) Pause Young (Allocation Failure) 1941M->517M(2048M) 105.110ms
[16.481s][info ][gc,cpu         ] GC(28) User=0.46s Sys=0.00s Real=0.11s
[16.481s][info ][safepoint      ] Safepoint "ParallelGCFailedAllocation", Time since last: 3624993 ns, Reaching safepoint: 98803 ns, At safepoint: 105211287 ns, Total: 105310090 ns
[16.504s][info ][safepoint      ] Safepoint "ICBufferFull", Time since last: 22443374 ns, Reaching safepoint: 108202 ns, At safepoint: 20801 ns, Total: 129003 ns
[16.525s][info ][safepoint      ] Safepoint "ICBufferFull", Time since last: 21455648 ns, Reaching safepoint: 115403 ns, At safepoint: 25701 ns, Total: 141104 ns
[16.532s][info ][safepoint      ] Safepoint "ICBufferFull", Time since last: 6190258 ns, Reaching safepoint: 105203 ns, At safepoint: 21900 ns, Total: 127103 ns
[16.545s][info ][safepoint      ] Safepoint "ICBufferFull", Time since last: 13248939 ns, Reaching safepoint: 110902 ns, At safepoint: 26401 ns, Total: 137303 ns
[16.563s][info ][safepoint      ] Safepoint "ICBufferFull", Time since last: 18198465 ns, Reaching safepoint: 112103 ns, At safepoint: 20300 ns, Total: 132403 ns
[16.570s][info ][safepoint      ] Safepoint "ICBufferFull", Time since last: 6335362 ns, Reaching safepoint: 97403 ns, At safepoint: 24400 ns, Total: 121803 ns
[16.584s][info ][safepoint      ] Safepoint "ICBufferFull", Time since last: 14011058 ns, Reaching safepoint: 118803 ns, At safepoint: 27601 ns, Total: 146404 ns
[16.603s][info ][safepoint      ] Safepoint "ICBufferFull", Time since last: 18979485 ns, Reaching safepoint: 114203 ns, At safepoint: 23900 ns, Total: 138103 ns
[16.614s][info ][safepoint      ] Safepoint "ICBufferFull", Time since last: 5112931 ns, Reaching safepoint: 5243634 ns, At safepoint: 40601 ns, Total: 5284235 ns
[16.620s][info ][safepoint      ] Safepoint "ICBufferFull", Time since last: 6235259 ns, Reaching safepoint: 115103 ns, At safepoint: 27501 ns, Total: 142604 ns
[16.631s][info ][safepoint      ] Safepoint "ICBufferFull", Time since last: 10963680 ns, Reaching safepoint: 114203 ns, At safepoint: 26701 ns, Total: 140904 ns
[16.659s][info ][safepoint      ] Safepoint "ICBufferFull", Time since last: 27598105 ns, Reaching safepoint: 200505 ns, At safepoint: 24600 ns, Total: 225105 ns
[16.665s][info ][safepoint      ] Safepoint "ICBufferFull", Time since last: 6183458 ns, Reaching safepoint: 120503 ns, At safepoint: 34401 ns, Total: 154904 ns
[16.681s][info ][safepoint      ] Safepoint "ICBufferFull", Time since last: 15305791 ns, Reaching safepoint: 455512 ns, At safepoint: 28301 ns, Total: 483813 ns
[16.699s][info ][safepoint      ] Safepoint "ICBufferFull", Time since last: 17734653 ns, Reaching safepoint: 118203 ns, At safepoint: 36001 ns, Total: 154204 ns
[16.704s][info ][safepoint      ] Safepoint "ICBufferFull", Time since last: 4024702 ns, Reaching safepoint: 789021 ns, At safepoint: 31300 ns, Total: 820321 ns
[16.712s][info ][safepoint      ] Safepoint "ICBufferFull", Time since last: 4100705 ns, Reaching safepoint: 4253709 ns, At safepoint: 37501 ns, Total: 4291210 ns
[16.907s][info ][gc,start       ] GC(29) Pause Young (Allocation Failure)
[16.991s][debug][gc,phases      ] GC(29) Scavenge 84.085ms
[16.991s][debug][gc,ref         ] GC(29) Skipped phase 1 of Reference Processing: no references
[16.991s][debug][gc,ref         ] GC(29) ReferenceProcessor::execute queues: 1, RefProcThreadModel::Single, marks_oops_alive: false
[16.991s][debug][gc,ref         ] GC(29) Skipped phase 3 of Reference Processing: no references
[16.991s][debug][gc,ref         ] GC(29) ReferenceProcessor::execute queues: 1, RefProcThreadModel::Single, marks_oops_alive: false
[16.991s][debug][gc,phases      ] GC(29) Reference Processing 0.113ms
[16.992s][debug][gc,phases      ] GC(29)   VM Weak                        Min:  0.0, Avg:  0.0, Max:  0.0, Diff:  0.0, Sum:  0.0, Workers: 4
[16.992s][debug][gc,phases      ] GC(29)     Dead                           Min: 0, Avg:  0.0, Max: 0, Diff: 0, Sum: 0, Workers: 4
[16.992s][debug][gc,phases      ] GC(29)     Total                          Min: 0, Avg: 146.2, Max: 320, Diff: 320, Sum: 585, Workers: 4
[16.992s][debug][gc,phases      ] GC(29)   ObjectSynchronizer Weak        Min:  0.0, Avg:  0.0, Max:  0.0, Diff:  0.0, Sum:  0.0, Workers: 4
[16.992s][debug][gc,phases      ] GC(29)     Dead                           Min: 0, Avg:  0.0, Max: 0, Diff: 0, Sum: 0, Workers: 4
[16.992s][debug][gc,phases      ] GC(29)     Total                          Min: 0, Avg: 82.0, Max: 192, Diff: 192, Sum: 328, Workers: 4
[16.992s][debug][gc,phases      ] GC(29)   JVMTI Tag Weak OopStorage      Min:  0.0, Avg:  0.0, Max:  0.0, Diff:  0.0, Sum:  0.0, Workers: 4
[16.992s][debug][gc,phases      ] GC(29)     Dead                           Min: 0, Avg:  0.0, Max: 0, Diff: 0, Sum: 0, Workers: 4
[16.992s][debug][gc,phases      ] GC(29)     Total                          Min: 0, Avg:  0.0, Max: 0, Diff: 0, Sum: 0, Workers: 4
[16.992s][debug][gc,phases      ] GC(29)   StringTable Weak               Min:  0.1, Avg:  0.1, Max:  0.1, Diff:  0.0, Sum:  0.4, Workers: 4
[16.992s][debug][gc,phases      ] GC(29)     Dead                           Min: 0, Avg:  3.2, Max: 13, Diff: 13, Sum: 13, Workers: 4
[16.992s][debug][gc,phases      ] GC(29)     Total                          Min: 10185, Avg: 10642.2, Max: 11264, Diff: 1079, Sum: 42569, Workers: 4
[16.992s][debug][gc,phases      ] GC(29)   ResolvedMethodTable Weak       Min:  0.0, Avg:  0.0, Max:  0.0, Diff:  0.0, Sum:  0.1, Workers: 4
[16.992s][debug][gc,phases      ] GC(29)     Dead                           Min: 0, Avg:  6.2, Max: 25, Diff: 25, Sum: 25, Workers: 4
[16.992s][debug][gc,phases      ] GC(29)     Total                          Min: 1653, Avg: 1721.2, Max: 1791, Diff: 138, Sum: 6885, Workers: 4
[16.992s][debug][gc,phases      ] GC(29)   JNI Weak                       Min:  0.0, Avg:  0.0, Max:  0.0, Diff:  0.0, Sum:  0.0, Workers: 4
[16.992s][debug][gc,phases      ] GC(29)     Dead                           Min: 0, Avg:  0.0, Max: 0, Diff: 0, Sum: 0, Workers: 4
[16.992s][debug][gc,phases      ] GC(29)     Total                          Min: 0, Avg:  2.0, Max: 8, Diff: 8, Sum: 8, Workers: 4
[16.992s][debug][gc,phases      ] GC(29)   StringDedup Table Weak         Min:  0.0, Avg:  0.0, Max:  0.0, Diff:  0.0, Sum:  0.0, Workers: 4
[16.992s][debug][gc,phases      ] GC(29)     Dead                           Min: 0, Avg:  0.0, Max: 0, Diff: 0, Sum: 0, Workers: 4
[16.992s][debug][gc,phases      ] GC(29)     Total                          Min: 0, Avg:  0.0, Max: 0, Diff: 0, Sum: 0, Workers: 4
[16.992s][debug][gc,phases      ] GC(29)   StringDedup Requests0 Weak     Min:  0.0, Avg:  0.0, Max:  0.0, Diff:  0.0, Sum:  0.0, Workers: 4
[16.992s][debug][gc,phases      ] GC(29)     Dead                           Min: 0, Avg:  0.0, Max: 0, Diff: 0, Sum: 0, Workers: 4
[16.992s][debug][gc,phases      ] GC(29)     Total                          Min: 0, Avg:  0.0, Max: 0, Diff: 0, Sum: 0, Workers: 4
[16.992s][debug][gc,phases      ] GC(29)   StringDedup Requests1 Weak     Min:  0.0, Avg:  0.0, Max:  0.0, Diff:  0.0, Sum:  0.0, Workers: 4
[16.992s][debug][gc,phases      ] GC(29)     Dead                           Min: 0, Avg:  0.0, Max: 0, Diff: 0, Sum: 0, Workers: 4
[16.992s][debug][gc,phases      ] GC(29)     Total                          Min: 0, Avg:  0.0, Max: 0, Diff: 0, Sum: 0, Workers: 4
[16.992s][debug][gc,phases      ] GC(29)   Weak JFR Old Object Samples    Min:  0.0, Avg:  0.0, Max:  0.0, Diff:  0.0, Sum:  0.0, Workers: 4
[16.992s][debug][gc,phases      ] GC(29)     Dead                           Min: 0, Avg:  0.0, Max: 0, Diff: 0, Sum: 0, Workers: 4
[16.992s][debug][gc,phases      ] GC(29)     Total                          Min: 0, Avg:  0.0, Max: 0, Diff: 0, Sum: 0, Workers: 4
[16.992s][debug][gc,phases      ] GC(29) Weak Processing 0.312ms
[16.992s][debug][gc,age         ] GC(29) Desired survivor size 329252864 bytes, new threshold 15 (max threshold 15)
[16.992s][info ][gc,heap        ] GC(29) PSYoungGen: 1626880K(1627136K)->169456K(1775104K) Eden: 1459200K(1459200K)->0K(1454080K) From: 167680K(167936K)->169456K(321024K)
[16.992s][info ][gc,heap        ] GC(29) ParOldGen: 362650K(470016K)->362658K(470016K)
[16.992s][info ][gc,metaspace   ] GC(29) Metaspace: 67297K(68032K)->67297K(68032K) NonClass: 57476K(57856K)->57476K(57856K) Class: 9820K(10176K)->9820K(10176K)
[16.992s][info ][gc             ] GC(29) Pause Young (Allocation Failure) 1942M->519M(2192M) 84.646ms
[16.992s][info ][gc,cpu         ] GC(29) User=0.34s Sys=0.00s Real=0.08s
[16.992s][info ][safepoint      ] Safepoint "ParallelGCFailedAllocation", Time since last: 194699574 ns, Reaching safepoint: 185905 ns, At safepoint: 84756666 ns, Total: 84942571 ns
[17.346s][info ][gc,start       ] GC(30) Pause Young (Allocation Failure)
[17.431s][debug][gc,phases      ] GC(30) Scavenge 84.585ms
[17.431s][debug][gc,ref         ] GC(30) Skipped phase 1 of Reference Processing: no references
[17.431s][debug][gc,ref         ] GC(30) ReferenceProcessor::execute queues: 1, RefProcThreadModel::Single, marks_oops_alive: false
[17.431s][debug][gc,ref         ] GC(30) Skipped phase 3 of Reference Processing: no references
[17.431s][debug][gc,ref         ] GC(30) ReferenceProcessor::execute queues: 1, RefProcThreadModel::Single, marks_oops_alive: false
[17.431s][debug][gc,phases      ] GC(30) Reference Processing 0.150ms
[17.431s][debug][gc,phases      ] GC(30)   VM Weak                        Min:  0.0, Avg:  0.0, Max:  0.0, Diff:  0.0, Sum:  0.0, Workers: 4
[17.431s][debug][gc,phases      ] GC(30)     Dead                           Min: 0, Avg:  0.0, Max: 0, Diff: 0, Sum: 0, Workers: 4
[17.431s][debug][gc,phases      ] GC(30)     Total                          Min: 0, Avg: 146.2, Max: 585, Diff: 585, Sum: 585, Workers: 4
[17.431s][debug][gc,phases      ] GC(30)   ObjectSynchronizer Weak        Min:  0.0, Avg:  0.0, Max:  0.0, Diff:  0.0, Sum:  0.0, Workers: 4
[17.431s][debug][gc,phases      ] GC(30)     Dead                           Min: 0, Avg:  0.0, Max: 0, Diff: 0, Sum: 0, Workers: 4
[17.431s][debug][gc,phases      ] GC(30)     Total                          Min: 0, Avg: 82.0, Max: 328, Diff: 328, Sum: 328, Workers: 4
[17.431s][debug][gc,phases      ] GC(30)   JVMTI Tag Weak OopStorage      Min:  0.0, Avg:  0.0, Max:  0.0, Diff:  0.0, Sum:  0.0, Workers: 4
[17.431s][debug][gc,phases      ] GC(30)     Dead                           Min: 0, Avg:  0.0, Max: 0, Diff: 0, Sum: 0, Workers: 4
[17.431s][debug][gc,phases      ] GC(30)     Total                          Min: 0, Avg:  0.0, Max: 0, Diff: 0, Sum: 0, Workers: 4
[17.431s][debug][gc,phases      ] GC(30)   StringTable Weak               Min:  0.1, Avg:  0.1, Max:  0.1, Diff:  0.0, Sum:  0.5, Workers: 4
[17.431s][debug][gc,phases      ] GC(30)     Dead                           Min: 0, Avg:  2.8, Max: 11, Diff: 11, Sum: 11, Workers: 4
[17.431s][debug][gc,phases      ] GC(30)     Total                          Min: 8748, Avg: 10648.2, Max: 12672, Diff: 3924, Sum: 42593, Workers: 4
[17.431s][debug][gc,phases      ] GC(30)   ResolvedMethodTable Weak       Min:  0.0, Avg:  0.0, Max:  0.0, Diff:  0.0, Sum:  0.1, Workers: 4
[17.431s][debug][gc,phases      ] GC(30)     Dead                           Min: 0, Avg:  0.0, Max: 0, Diff: 0, Sum: 0, Workers: 4
[17.431s][debug][gc,phases      ] GC(30)     Total                          Min: 1653, Avg: 1721.2, Max: 1907, Diff: 254, Sum: 6885, Workers: 4
[17.431s][debug][gc,phases      ] GC(30)   JNI Weak                       Min:  0.0, Avg:  0.0, Max:  0.0, Diff:  0.0, Sum:  0.0, Workers: 4
[17.431s][debug][gc,phases      ] GC(30)     Dead                           Min: 0, Avg:  0.0, Max: 0, Diff: 0, Sum: 0, Workers: 4
[17.432s][debug][gc,phases      ] GC(30)     Total                          Min: 0, Avg:  1.5, Max: 6, Diff: 6, Sum: 6, Workers: 4
[17.432s][debug][gc,phases      ] GC(30)   StringDedup Table Weak         Min:  0.0, Avg:  0.0, Max:  0.0, Diff:  0.0, Sum:  0.0, Workers: 4
[17.432s][debug][gc,phases      ] GC(30)     Dead                           Min: 0, Avg:  0.0, Max: 0, Diff: 0, Sum: 0, Workers: 4
[17.432s][debug][gc,phases      ] GC(30)     Total                          Min: 0, Avg:  0.0, Max: 0, Diff: 0, Sum: 0, Workers: 4
[17.432s][debug][gc,phases      ] GC(30)   StringDedup Requests0 Weak     Min:  0.0, Avg:  0.0, Max:  0.0, Diff:  0.0, Sum:  0.0, Workers: 4
[17.432s][debug][gc,phases      ] GC(30)     Dead                           Min: 0, Avg:  0.0, Max: 0, Diff: 0, Sum: 0, Workers: 4
[17.432s][debug][gc,phases      ] GC(30)     Total                          Min: 0, Avg:  0.0, Max: 0, Diff: 0, Sum: 0, Workers: 4
[17.432s][debug][gc,phases      ] GC(30)   StringDedup Requests1 Weak     Min:  0.0, Avg:  0.0, Max:  0.0, Diff:  0.0, Sum:  0.0, Workers: 4
[17.432s][debug][gc,phases      ] GC(30)     Dead                           Min: 0, Avg:  0.0, Max: 0, Diff: 0, Sum: 0, Workers: 4
[17.432s][debug][gc,phases      ] GC(30)     Total                          Min: 0, Avg:  0.0, Max: 0, Diff: 0, Sum: 0, Workers: 4
[17.432s][debug][gc,phases      ] GC(30)   Weak JFR Old Object Samples    Min:  0.0, Avg:  0.0, Max:  0.0, Diff:  0.0, Sum:  0.0, Workers: 4
[17.432s][debug][gc,phases      ] GC(30)     Dead                           Min: 0, Avg:  0.0, Max: 0, Diff: 0, Sum: 0, Workers: 4
[17.432s][debug][gc,phases      ] GC(30)     Total                          Min: 0, Avg:  0.0, Max: 0, Diff: 0, Sum: 0, Workers: 4
[17.432s][debug][gc,phases      ] GC(30) Weak Processing 0.350ms
[17.432s][debug][gc,age         ] GC(30) Desired survivor size 328728576 bytes, new threshold 15 (max threshold 15)
[17.432s][info ][gc,heap        ] GC(30) PSYoungGen: 1623536K(1775104K)->170560K(1775616K) Eden: 1454080K(1454080K)->0K(1454080K) From: 169456K(321024K)->170560K(321536K)
[17.432s][info ][gc,heap        ] GC(30) ParOldGen: 362658K(470016K)->362658K(470016K)
[17.432s][info ][gc,metaspace   ] GC(30) Metaspace: 67538K(68288K)->67538K(68288K) NonClass: 57703K(58112K)->57703K(58112K) Class: 9834K(10176K)->9834K(10176K)
[17.432s][info ][gc             ] GC(30) Pause Young (Allocation Failure) 1939M->520M(2193M) 85.241ms
[17.432s][info ][gc,cpu         ] GC(30) User=0.32s Sys=0.00s Real=0.09s
[17.432s][info ][safepoint      ] Safepoint "ParallelGCFailedAllocation", Time since last: 354370554 ns, Reaching safepoint: 190605 ns, At safepoint: 85426582 ns, Total: 85617187 ns
[17.939s][info ][gc,start       ] GC(31) Pause Young (Allocation Failure)
[18.025s][debug][gc,phases      ] GC(31) Scavenge 85.566ms
[18.025s][debug][gc,ref         ] GC(31) Skipped phase 1 of Reference Processing: no references
[18.025s][debug][gc,ref         ] GC(31) ReferenceProcessor::execute queues: 1, RefProcThreadModel::Single, marks_oops_alive: false
[18.025s][debug][gc,ref         ] GC(31) Skipped phase 3 of Reference Processing: no references
[18.025s][debug][gc,ref         ] GC(31) ReferenceProcessor::execute queues: 1, RefProcThreadModel::Single, marks_oops_alive: false
[18.025s][debug][gc,phases      ] GC(31) Reference Processing 0.136ms
[18.025s][debug][gc,phases      ] GC(31)   VM Weak                        Min:  0.0, Avg:  0.0, Max:  0.0, Diff:  0.0, Sum:  0.0, Workers: 4
[18.025s][debug][gc,phases      ] GC(31)     Dead                           Min: 0, Avg:  0.0, Max: 0, Diff: 0, Sum: 0, Workers: 4
[18.025s][debug][gc,phases      ] GC(31)     Total                          Min: 0, Avg: 147.5, Max: 398, Diff: 398, Sum: 590, Workers: 4
[18.025s][debug][gc,phases      ] GC(31)   ObjectSynchronizer Weak        Min:  0.0, Avg:  0.0, Max:  0.0, Diff:  0.0, Sum:  0.0, Workers: 4
[18.025s][debug][gc,phases      ] GC(31)     Dead                           Min: 0, Avg:  0.0, Max: 0, Diff: 0, Sum: 0, Workers: 4
[18.025s][debug][gc,phases      ] GC(31)     Total                          Min: 0, Avg: 82.0, Max: 128, Diff: 128, Sum: 328, Workers: 4
[18.025s][debug][gc,phases      ] GC(31)   JVMTI Tag Weak OopStorage      Min:  0.0, Avg:  0.0, Max:  0.0, Diff:  0.0, Sum:  0.0, Workers: 4
[18.025s][debug][gc,phases      ] GC(31)     Dead                           Min: 0, Avg:  0.0, Max: 0, Diff: 0, Sum: 0, Workers: 4
[18.025s][debug][gc,phases      ] GC(31)     Total                          Min: 0, Avg:  0.0, Max: 0, Diff: 0, Sum: 0, Workers: 4
[18.025s][debug][gc,phases      ] GC(31)   StringTable Weak               Min:  0.1, Avg:  0.1, Max:  0.1, Diff:  0.0, Sum:  0.4, Workers: 4
[18.025s][debug][gc,phases      ] GC(31)     Dead                           Min: 0, Avg:  2.8, Max: 9, Diff: 9, Sum: 11, Workers: 4
[18.025s][debug][gc,phases      ] GC(31)     Total                          Min: 9984, Avg: 10659.2, Max: 12416, Diff: 2432, Sum: 42637, Workers: 4
[18.025s][debug][gc,phases      ] GC(31)   ResolvedMethodTable Weak       Min:  0.0, Avg:  0.0, Max:  0.0, Diff:  0.0, Sum:  0.1, Workers: 4
[18.025s][debug][gc,phases      ] GC(31)     Dead                           Min: 0, Avg:  4.2, Max: 16, Diff: 16, Sum: 17, Workers: 4
[18.025s][debug][gc,phases      ] GC(31)     Total                          Min: 1558, Avg: 1733.5, Max: 2112, Diff: 554, Sum: 6934, Workers: 4
[18.025s][debug][gc,phases      ] GC(31)   JNI Weak                       Min:  0.0, Avg:  0.0, Max:  0.0, Diff:  0.0, Sum:  0.0, Workers: 4
[18.025s][debug][gc,phases      ] GC(31)     Dead                           Min: 0, Avg:  0.0, Max: 0, Diff: 0, Sum: 0, Workers: 4
[18.025s][debug][gc,phases      ] GC(31)     Total                          Min: 0, Avg:  1.5, Max: 6, Diff: 6, Sum: 6, Workers: 4
[18.025s][debug][gc,phases      ] GC(31)   StringDedup Table Weak         Min:  0.0, Avg:  0.0, Max:  0.0, Diff:  0.0, Sum:  0.0, Workers: 4
[18.025s][debug][gc,phases      ] GC(31)     Dead                           Min: 0, Avg:  0.0, Max: 0, Diff: 0, Sum: 0, Workers: 4
[18.025s][debug][gc,phases      ] GC(31)     Total                          Min: 0, Avg:  0.0, Max: 0, Diff: 0, Sum: 0, Workers: 4
[18.025s][debug][gc,phases      ] GC(31)   StringDedup Requests0 Weak     Min:  0.0, Avg:  0.0, Max:  0.0, Diff:  0.0, Sum:  0.0, Workers: 4
[18.025s][debug][gc,phases      ] GC(31)     Dead                           Min: 0, Avg:  0.0, Max: 0, Diff: 0, Sum: 0, Workers: 4
[18.025s][debug][gc,phases      ] GC(31)     Total                          Min: 0, Avg:  0.0, Max: 0, Diff: 0, Sum: 0, Workers: 4
[18.025s][debug][gc,phases      ] GC(31)   StringDedup Requests1 Weak     Min:  0.0, Avg:  0.0, Max:  0.0, Diff:  0.0, Sum:  0.0, Workers: 4
[18.025s][debug][gc,phases      ] GC(31)     Dead                           Min: 0, Avg:  0.0, Max: 0, Diff: 0, Sum: 0, Workers: 4
[18.025s][debug][gc,phases      ] GC(31)     Total                          Min: 0, Avg:  0.0, Max: 0, Diff: 0, Sum: 0, Workers: 4
[18.025s][debug][gc,phases      ] GC(31)   Weak JFR Old Object Samples    Min:  0.0, Avg:  0.0, Max:  0.0, Diff:  0.0, Sum:  0.0, Workers: 4
[18.025s][debug][gc,phases      ] GC(31)     Dead                           Min: 0, Avg:  0.0, Max: 0, Diff: 0, Sum: 0, Workers: 4
[18.025s][debug][gc,phases      ] GC(31)     Total                          Min: 0, Avg:  0.0, Max: 0, Diff: 0, Sum: 0, Workers: 4
[18.025s][debug][gc,phases      ] GC(31) Weak Processing 0.310ms
[18.025s][debug][gc,age         ] GC(31) Desired survivor size 326631424 bytes, new threshold 15 (max threshold 15)
[18.025s][info ][gc,heap        ] GC(31) PSYoungGen: 1624640K(1775616K)->170112K(1778176K) Eden: 1454080K(1454080K)->0K(1457152K) From: 170560K(321536K)->170112K(321024K)
[18.025s][info ][gc,heap        ] GC(31) ParOldGen: 362658K(470016K)->362666K(470016K)
[18.025s][info ][gc,metaspace   ] GC(31) Metaspace: 67737K(68480K)->67737K(68480K) NonClass: 57878K(58304K)->57878K(58304K) Class: 9859K(10176K)->9859K(10176K)
[18.025s][info ][gc             ] GC(31) Pause Young (Allocation Failure) 1940M->520M(2195M) 86.156ms
[18.025s][info ][gc,cpu         ] GC(31) User=0.35s Sys=0.00s Real=0.08s
[18.025s][info ][safepoint      ] Safepoint "ParallelGCFailedAllocation", Time since last: 507185859 ns, Reaching safepoint: 185405 ns, At safepoint: 86265504 ns, Total: 86450909 ns
[18.347s][info ][gc,start       ] GC(32) Pause Young (Allocation Failure)
[18.430s][debug][gc,phases      ] GC(32) Scavenge 83.117ms
[18.430s][debug][gc,ref         ] GC(32) Skipped phase 1 of Reference Processing: no references
[18.430s][debug][gc,ref         ] GC(32) ReferenceProcessor::execute queues: 1, RefProcThreadModel::Single, marks_oops_alive: false
[18.430s][debug][gc,ref         ] GC(32) Skipped phase 3 of Reference Processing: no references
[18.430s][debug][gc,ref         ] GC(32) ReferenceProcessor::execute queues: 1, RefProcThreadModel::Single, marks_oops_alive: false
[18.430s][debug][gc,phases      ] GC(32) Reference Processing 0.175ms
[18.431s][debug][gc,phases      ] GC(32)   VM Weak                        Min:  0.0, Avg:  0.0, Max:  0.0, Diff:  0.0, Sum:  0.0, Workers: 4
[18.431s][debug][gc,phases      ] GC(32)     Dead                           Min: 0, Avg:  0.0, Max: 0, Diff: 0, Sum: 0, Workers: 4
[18.431s][debug][gc,phases      ] GC(32)     Total                          Min: 0, Avg: 147.5, Max: 590, Diff: 590, Sum: 590, Workers: 4
[18.431s][debug][gc,phases      ] GC(32)   ObjectSynchronizer Weak        Min:  0.0, Avg:  0.0, Max:  0.0, Diff:  0.0, Sum:  0.0, Workers: 4
[18.431s][debug][gc,phases      ] GC(32)     Dead                           Min: 0, Avg:  0.0, Max: 0, Diff: 0, Sum: 0, Workers: 4
[18.431s][debug][gc,phases      ] GC(32)     Total                          Min: 0, Avg: 82.0, Max: 328, Diff: 328, Sum: 328, Workers: 4
[18.431s][debug][gc,phases      ] GC(32)   JVMTI Tag Weak OopStorage      Min:  0.0, Avg:  0.0, Max:  0.0, Diff:  0.0, Sum:  0.0, Workers: 4
[18.431s][debug][gc,phases      ] GC(32)     Dead                           Min: 0, Avg:  0.0, Max: 0, Diff: 0, Sum: 0, Workers: 4
[18.431s][debug][gc,phases      ] GC(32)     Total                          Min: 0, Avg:  0.0, Max: 0, Diff: 0, Sum: 0, Workers: 4
[18.431s][debug][gc,phases      ] GC(32)   StringTable Weak               Min:  0.0, Avg:  0.1, Max:  0.5, Diff:  0.5, Sum:  0.5, Workers: 4
[18.431s][debug][gc,phases      ] GC(32)     Dead                           Min: 0, Avg:  2.8, Max: 11, Diff: 11, Sum: 11, Workers: 4
[18.431s][debug][gc,phases      ] GC(32)     Total                          Min: 0, Avg: 10661.5, Max: 42646, Diff: 42646, Sum: 42646, Workers: 4
[18.431s][debug][gc,phases      ] GC(32)   ResolvedMethodTable Weak       Min:  0.0, Avg:  0.0, Max:  0.1, Diff:  0.1, Sum:  0.1, Workers: 4
[18.431s][debug][gc,phases      ] GC(32)     Dead                           Min: 0, Avg:  4.0, Max: 16, Diff: 16, Sum: 16, Workers: 4
[18.431s][debug][gc,phases      ] GC(32)     Total                          Min: 0, Avg: 1735.0, Max: 6940, Diff: 6940, Sum: 6940, Workers: 4
[18.431s][debug][gc,phases      ] GC(32)   JNI Weak                       Min:  0.0, Avg:  0.0, Max:  0.0, Diff:  0.0, Sum:  0.0, Workers: 4
[18.431s][debug][gc,phases      ] GC(32)     Dead                           Min: 0, Avg:  0.0, Max: 0, Diff: 0, Sum: 0, Workers: 4
[18.431s][debug][gc,phases      ] GC(32)     Total                          Min: 0, Avg:  3.2, Max: 13, Diff: 13, Sum: 13, Workers: 4
[18.431s][debug][gc,phases      ] GC(32)   StringDedup Table Weak         Min:  0.0, Avg:  0.0, Max:  0.0, Diff:  0.0, Sum:  0.0, Workers: 4
[18.431s][debug][gc,phases      ] GC(32)     Dead                           Min: 0, Avg:  0.0, Max: 0, Diff: 0, Sum: 0, Workers: 4
[18.431s][debug][gc,phases      ] GC(32)     Total                          Min: 0, Avg:  0.0, Max: 0, Diff: 0, Sum: 0, Workers: 4
[18.431s][debug][gc,phases      ] GC(32)   StringDedup Requests0 Weak     Min:  0.0, Avg:  0.0, Max:  0.0, Diff:  0.0, Sum:  0.0, Workers: 4
[18.431s][debug][gc,phases      ] GC(32)     Dead                           Min: 0, Avg:  0.0, Max: 0, Diff: 0, Sum: 0, Workers: 4
[18.431s][debug][gc,phases      ] GC(32)     Total                          Min: 0, Avg:  0.0, Max: 0, Diff: 0, Sum: 0, Workers: 4
[18.431s][debug][gc,phases      ] GC(32)   StringDedup Requests1 Weak     Min:  0.0, Avg:  0.0, Max:  0.0, Diff:  0.0, Sum:  0.0, Workers: 4
[18.431s][debug][gc,phases      ] GC(32)     Dead                           Min: 0, Avg:  0.0, Max: 0, Diff: 0, Sum: 0, Workers: 4
[18.431s][debug][gc,phases      ] GC(32)     Total                          Min: 0, Avg:  0.0, Max: 0, Diff: 0, Sum: 0, Workers: 4
[18.431s][debug][gc,phases      ] GC(32)   Weak JFR Old Object Samples    Min:  0.0, Avg:  0.0, Max:  0.0, Diff:  0.0, Sum:  0.0, Workers: 4
[18.431s][debug][gc,phases      ] GC(32)     Dead                           Min: 0, Avg:  0.0, Max: 0, Diff: 0, Sum: 0, Workers: 4
[18.431s][debug][gc,phases      ] GC(32)     Total                          Min: 0, Avg:  0.0, Max: 0, Diff: 0, Sum: 0, Workers: 4
[18.431s][debug][gc,phases      ] GC(32) Weak Processing 0.863ms
[18.431s][debug][gc,age         ] GC(32) Desired survivor size 323485696 bytes, new threshold 15 (max threshold 15)
[18.431s][info ][gc,heap        ] GC(32) PSYoungGen: 1627264K(1778176K)->171008K(1776128K) Eden: 1457152K(1457152K)->0K(1457152K) From: 170112K(321024K)->171008K(318976K)
[18.431s][info ][gc,heap        ] GC(32) ParOldGen: 362666K(470016K)->362666K(470016K)
[18.431s][info ][gc,metaspace   ] GC(32) Metaspace: 67791K(68544K)->67791K(68544K) NonClass: 57929K(58368K)->57929K(58368K) Class: 9862K(10176K)->9862K(10176K)
[18.431s][info ][gc             ] GC(32) Pause Young (Allocation Failure) 1943M->521M(2193M) 84.320ms
[18.431s][info ][gc,cpu         ] GC(32) User=0.42s Sys=0.00s Real=0.08s
[18.431s][info ][safepoint      ] Safepoint "ParallelGCFailedAllocation", Time since last: 321461415 ns, Reaching safepoint: 143903 ns, At safepoint: 84448258 ns, Total: 84592161 ns
[18.801s][info ][gc,start       ] GC(33) Pause Young (Allocation Failure)
[18.882s][debug][gc,phases      ] GC(33) Scavenge 81.039ms
[18.882s][debug][gc,ref         ] GC(33) Skipped phase 1 of Reference Processing: no references
[18.882s][debug][gc,ref         ] GC(33) ReferenceProcessor::execute queues: 1, RefProcThreadModel::Single, marks_oops_alive: false
[18.882s][debug][gc,ref         ] GC(33) Skipped phase 3 of Reference Processing: no references
[18.882s][debug][gc,ref         ] GC(33) ReferenceProcessor::execute queues: 1, RefProcThreadModel::Single, marks_oops_alive: false
[18.882s][debug][gc,phases      ] GC(33) Reference Processing 0.115ms
[18.882s][debug][gc,phases      ] GC(33)   VM Weak                        Min:  0.0, Avg:  0.0, Max:  0.0, Diff:  0.0, Sum:  0.0, Workers: 4
[18.882s][debug][gc,phases      ] GC(33)     Dead                           Min: 0, Avg:  0.0, Max: 0, Diff: 0, Sum: 0, Workers: 4
[18.882s][debug][gc,phases      ] GC(33)     Total                          Min: 0, Avg: 147.5, Max: 334, Diff: 334, Sum: 590, Workers: 4
[18.882s][debug][gc,phases      ] GC(33)   ObjectSynchronizer Weak        Min:  0.0, Avg:  0.0, Max:  0.0, Diff:  0.0, Sum:  0.0, Workers: 4
[18.882s][debug][gc,phases      ] GC(33)     Dead                           Min: 0, Avg:  0.0, Max: 0, Diff: 0, Sum: 0, Workers: 4
[18.882s][debug][gc,phases      ] GC(33)     Total                          Min: 0, Avg: 82.0, Max: 192, Diff: 192, Sum: 328, Workers: 4
[18.882s][debug][gc,phases      ] GC(33)   JVMTI Tag Weak OopStorage      Min:  0.0, Avg:  0.0, Max:  0.0, Diff:  0.0, Sum:  0.0, Workers: 4
[18.882s][debug][gc,phases      ] GC(33)     Dead                           Min: 0, Avg:  0.0, Max: 0, Diff: 0, Sum: 0, Workers: 4
[18.882s][debug][gc,phases      ] GC(33)     Total                          Min: 0, Avg:  0.0, Max: 0, Diff: 0, Sum: 0, Workers: 4
[18.882s][debug][gc,phases      ] GC(33)   StringTable Weak               Min:  0.1, Avg:  0.1, Max:  0.1, Diff:  0.0, Sum:  0.4, Workers: 4
[18.882s][debug][gc,phases      ] GC(33)     Dead                           Min: 0, Avg:  2.8, Max: 8, Diff: 8, Sum: 11, Workers: 4
[18.882s][debug][gc,phases      ] GC(33)     Total                          Min: 6208, Avg: 10664.8, Max: 12480, Diff: 6272, Sum: 42659, Workers: 4
[18.882s][debug][gc,phases      ] GC(33)   ResolvedMethodTable Weak       Min:  0.0, Avg:  0.0, Max:  0.0, Diff:  0.0, Sum:  0.1, Workers: 4
[18.882s][debug][gc,phases      ] GC(33)     Dead                           Min: 0, Avg:  0.0, Max: 0, Diff: 0, Sum: 0, Workers: 4
[18.882s][debug][gc,phases      ] GC(33)     Total                          Min: 1600, Avg: 1735.5, Max: 1844, Diff: 244, Sum: 6942, Workers: 4
[18.882s][debug][gc,phases      ] GC(33)   JNI Weak                       Min:  0.0, Avg:  0.0, Max:  0.0, Diff:  0.0, Sum:  0.0, Workers: 4
[18.882s][debug][gc,phases      ] GC(33)     Dead                           Min: 0, Avg:  0.0, Max: 0, Diff: 0, Sum: 0, Workers: 4
[18.882s][debug][gc,phases      ] GC(33)     Total                          Min: 0, Avg:  4.2, Max: 17, Diff: 17, Sum: 17, Workers: 4
[18.882s][debug][gc,phases      ] GC(33)   StringDedup Table Weak         Min:  0.0, Avg:  0.0, Max:  0.0, Diff:  0.0, Sum:  0.0, Workers: 4
[18.882s][debug][gc,phases      ] GC(33)     Dead                           Min: 0, Avg:  0.0, Max: 0, Diff: 0, Sum: 0, Workers: 4
[18.882s][debug][gc,phases      ] GC(33)     Total                          Min: 0, Avg:  0.0, Max: 0, Diff: 0, Sum: 0, Workers: 4
[18.882s][debug][gc,phases      ] GC(33)   StringDedup Requests0 Weak     Min:  0.0, Avg:  0.0, Max:  0.0, Diff:  0.0, Sum:  0.0, Workers: 4
[18.882s][debug][gc,phases      ] GC(33)     Dead                           Min: 0, Avg:  0.0, Max: 0, Diff: 0, Sum: 0, Workers: 4
[18.882s][debug][gc,phases      ] GC(33)     Total                          Min: 0, Avg:  0.0, Max: 0, Diff: 0, Sum: 0, Workers: 4
[18.882s][debug][gc,phases      ] GC(33)   StringDedup Requests1 Weak     Min:  0.0, Avg:  0.0, Max:  0.0, Diff:  0.0, Sum:  0.0, Workers: 4
[18.882s][debug][gc,phases      ] GC(33)     Dead                           Min: 0, Avg:  0.0, Max: 0, Diff: 0, Sum: 0, Workers: 4
[18.882s][debug][gc,phases      ] GC(33)     Total                          Min: 0, Avg:  0.0, Max: 0, Diff: 0, Sum: 0, Workers: 4
[18.882s][debug][gc,phases      ] GC(33)   Weak JFR Old Object Samples    Min:  0.0, Avg:  0.0, Max:  0.0, Diff:  0.0, Sum:  0.0, Workers: 4
[18.882s][debug][gc,phases      ] GC(33)     Dead                           Min: 0, Avg:  0.0, Max: 0, Diff: 0, Sum: 0, Workers: 4
[18.882s][debug][gc,phases      ] GC(33)     Total                          Min: 0, Avg:  0.0, Max: 0, Diff: 0, Sum: 0, Workers: 4
[18.882s][debug][gc,phases      ] GC(33) Weak Processing 0.341ms
[18.882s][debug][gc,age         ] GC(33) Desired survivor size 319291392 bytes, new threshold 15 (max threshold 15)
[18.882s][info ][gc,heap        ] GC(33) PSYoungGen: 1628160K(1776128K)->170112K(1785344K) Eden: 1457152K(1457152K)->0K(1469440K) From: 171008K(318976K)->170112K(315904K)
[18.882s][info ][gc,heap        ] GC(33) ParOldGen: 362666K(470016K)->362674K(470016K)
[18.882s][info ][gc,metaspace   ] GC(33) Metaspace: 67863K(68608K)->67863K(68608K) NonClass: 58000K(58432K)->58000K(58432K) Class: 9863K(10176K)->9863K(10176K)
[18.882s][info ][gc             ] GC(33) Pause Young (Allocation Failure) 1944M->520M(2202M) 81.625ms
[18.882s][info ][gc,cpu         ] GC(33) User=0.34s Sys=0.00s Real=0.08s
[18.882s][info ][safepoint      ] Safepoint "ParallelGCFailedAllocation", Time since last: 368859526 ns, Reaching safepoint: 150604 ns, At safepoint: 81737689 ns, Total: 81888293 ns
[19.242s][info ][gc,start       ] GC(34) Pause Young (Allocation Failure)
[19.317s][debug][gc,phases      ] GC(34) Scavenge 74.482ms
[19.317s][debug][gc,ref         ] GC(34) Skipped phase 1 of Reference Processing: no references
[19.317s][debug][gc,ref         ] GC(34) ReferenceProcessor::execute queues: 1, RefProcThreadModel::Single, marks_oops_alive: false
[19.317s][debug][gc,ref         ] GC(34) Skipped phase 3 of Reference Processing: no references
[19.317s][debug][gc,ref         ] GC(34) ReferenceProcessor::execute queues: 1, RefProcThreadModel::Single, marks_oops_alive: false
[19.317s][debug][gc,phases      ] GC(34) Reference Processing 0.139ms
[19.317s][debug][gc,phases      ] GC(34)   VM Weak                        Min:  0.0, Avg:  0.0, Max:  0.0, Diff:  0.0, Sum:  0.0, Workers: 4
[19.317s][debug][gc,phases      ] GC(34)     Dead                           Min: 0, Avg:  0.0, Max: 0, Diff: 0, Sum: 0, Workers: 4
[19.317s][debug][gc,phases      ] GC(34)     Total                          Min: 0, Avg: 147.5, Max: 398, Diff: 398, Sum: 590, Workers: 4
[19.317s][debug][gc,phases      ] GC(34)   ObjectSynchronizer Weak        Min:  0.0, Avg:  0.0, Max:  0.0, Diff:  0.0, Sum:  0.0, Workers: 4
[19.317s][debug][gc,phases      ] GC(34)     Dead                           Min: 0, Avg:  0.0, Max: 0, Diff: 0, Sum: 0, Workers: 4
[19.317s][debug][gc,phases      ] GC(34)     Total                          Min: 0, Avg: 82.0, Max: 192, Diff: 192, Sum: 328, Workers: 4
[19.317s][debug][gc,phases      ] GC(34)   JVMTI Tag Weak OopStorage      Min:  0.0, Avg:  0.0, Max:  0.0, Diff:  0.0, Sum:  0.0, Workers: 4
[19.317s][debug][gc,phases      ] GC(34)     Dead                           Min: 0, Avg:  0.0, Max: 0, Diff: 0, Sum: 0, Workers: 4
[19.317s][debug][gc,phases      ] GC(34)     Total                          Min: 0, Avg:  0.0, Max: 0, Diff: 0, Sum: 0, Workers: 4
[19.317s][debug][gc,phases      ] GC(34)   StringTable Weak               Min:  0.1, Avg:  0.1, Max:  0.1, Diff:  0.0, Sum:  0.4, Workers: 4
[19.317s][debug][gc,phases      ] GC(34)     Dead                           Min: 0, Avg:  3.0, Max: 12, Diff: 12, Sum: 12, Workers: 4
[19.317s][debug][gc,phases      ] GC(34)     Total                          Min: 10048, Avg: 10670.2, Max: 11449, Diff: 1401, Sum: 42681, Workers: 4
[19.317s][debug][gc,phases      ] GC(34)   ResolvedMethodTable Weak       Min:  0.0, Avg:  0.0, Max:  0.0, Diff:  0.0, Sum:  0.1, Workers: 4
[19.317s][debug][gc,phases      ] GC(34)     Dead                           Min: 0, Avg:  0.0, Max: 0, Diff: 0, Sum: 0, Workers: 4
[19.317s][debug][gc,phases      ] GC(34)     Total                          Min: 1536, Avg: 1741.0, Max: 1908, Diff: 372, Sum: 6964, Workers: 4
[19.317s][debug][gc,phases      ] GC(34)   JNI Weak                       Min:  0.0, Avg:  0.0, Max:  0.0, Diff:  0.0, Sum:  0.0, Workers: 4
[19.317s][debug][gc,phases      ] GC(34)     Dead                           Min: 0, Avg:  0.0, Max: 0, Diff: 0, Sum: 0, Workers: 4
[19.317s][debug][gc,phases      ] GC(34)     Total                          Min: 0, Avg:  1.2, Max: 5, Diff: 5, Sum: 5, Workers: 4
[19.317s][debug][gc,phases      ] GC(34)   StringDedup Table Weak         Min:  0.0, Avg:  0.0, Max:  0.0, Diff:  0.0, Sum:  0.0, Workers: 4
[19.317s][debug][gc,phases      ] GC(34)     Dead                           Min: 0, Avg:  0.0, Max: 0, Diff: 0, Sum: 0, Workers: 4
[19.317s][debug][gc,phases      ] GC(34)     Total                          Min: 0, Avg:  0.0, Max: 0, Diff: 0, Sum: 0, Workers: 4
[19.317s][debug][gc,phases      ] GC(34)   StringDedup Requests0 Weak     Min:  0.0, Avg:  0.0, Max:  0.0, Diff:  0.0, Sum:  0.0, Workers: 4
[19.317s][debug][gc,phases      ] GC(34)     Dead                           Min: 0, Avg:  0.0, Max: 0, Diff: 0, Sum: 0, Workers: 4
[19.317s][debug][gc,phases      ] GC(34)     Total                          Min: 0, Avg:  0.0, Max: 0, Diff: 0, Sum: 0, Workers: 4
[19.317s][debug][gc,phases      ] GC(34)   StringDedup Requests1 Weak     Min:  0.0, Avg:  0.0, Max:  0.0, Diff:  0.0, Sum:  0.0, Workers: 4
[19.317s][debug][gc,phases      ] GC(34)     Dead                           Min: 0, Avg:  0.0, Max: 0, Diff: 0, Sum: 0, Workers: 4
[19.317s][debug][gc,phases      ] GC(34)     Total                          Min: 0, Avg:  0.0, Max: 0, Diff: 0, Sum: 0, Workers: 4
[19.317s][debug][gc,phases      ] GC(34)   Weak JFR Old Object Samples    Min:  0.0, Avg:  0.0, Max:  0.0, Diff:  0.0, Sum:  0.0, Workers: 4
[19.317s][debug][gc,phases      ] GC(34)     Dead                           Min: 0, Avg:  0.0, Max: 0, Diff: 0, Sum: 0, Workers: 4
[19.317s][debug][gc,phases      ] GC(34)     Total                          Min: 0, Avg:  0.0, Max: 0, Diff: 0, Sum: 0, Workers: 4
[19.317s][debug][gc,phases      ] GC(34) Weak Processing 0.301ms
[19.317s][debug][gc,age         ] GC(34) Desired survivor size 314572800 bytes, new threshold 15 (max threshold 15)
[19.317s][info ][gc,heap        ] GC(34) PSYoungGen: 1639552K(1785344K)->170480K(1781248K) Eden: 1469440K(1469440K)->0K(1469440K) From: 170112K(315904K)->170480K(311808K)
[19.318s][info ][gc,heap        ] GC(34) ParOldGen: 362674K(470016K)->362682K(470016K)
[19.318s][info ][gc,metaspace   ] GC(34) Metaspace: 67932K(68736K)->67932K(68736K) NonClass: 58060K(58496K)->58060K(58496K) Class: 9872K(10240K)->9872K(10240K)
[19.318s][info ][gc             ] GC(34) Pause Young (Allocation Failure) 1955M->520M(2198M) 75.058ms
[19.318s][info ][gc,cpu         ] GC(34) User=0.29s Sys=0.00s Real=0.07s
[19.318s][info ][safepoint      ] Safepoint "ParallelGCFailedAllocation", Time since last: 360044601 ns, Reaching safepoint: 178505 ns, At safepoint: 75171621 ns, Total: 75350126 ns
[19.747s][info ][gc,start       ] GC(35) Pause Young (Allocation Failure)
[19.827s][debug][gc,phases      ] GC(35) Scavenge 80.062ms
[19.827s][debug][gc,ref         ] GC(35) Skipped phase 1 of Reference Processing: no references
[19.827s][debug][gc,ref         ] GC(35) ReferenceProcessor::execute queues: 1, RefProcThreadModel::Single, marks_oops_alive: false
[19.827s][debug][gc,ref         ] GC(35) Skipped phase 3 of Reference Processing: no references
[19.827s][debug][gc,ref         ] GC(35) ReferenceProcessor::execute queues: 1, RefProcThreadModel::Single, marks_oops_alive: false
[19.827s][debug][gc,phases      ] GC(35) Reference Processing 0.129ms
[19.828s][debug][gc,phases      ] GC(35)   VM Weak                        Min:  0.0, Avg:  0.0, Max:  0.0, Diff:  0.0, Sum:  0.0, Workers: 4
[19.828s][debug][gc,phases      ] GC(35)     Dead                           Min: 0, Avg:  0.0, Max: 0, Diff: 0, Sum: 0, Workers: 4
[19.828s][debug][gc,phases      ] GC(35)     Total                          Min: 0, Avg: 147.5, Max: 590, Diff: 590, Sum: 590, Workers: 4
[19.828s][debug][gc,phases      ] GC(35)   ObjectSynchronizer Weak        Min:  0.0, Avg:  0.0, Max:  0.0, Diff:  0.0, Sum:  0.0, Workers: 4
[19.828s][debug][gc,phases      ] GC(35)     Dead                           Min: 0, Avg:  0.0, Max: 0, Diff: 0, Sum: 0, Workers: 4
[19.828s][debug][gc,phases      ] GC(35)     Total                          Min: 0, Avg: 82.0, Max: 192, Diff: 192, Sum: 328, Workers: 4
[19.828s][debug][gc,phases      ] GC(35)   JVMTI Tag Weak OopStorage      Min:  0.0, Avg:  0.0, Max:  0.0, Diff:  0.0, Sum:  0.0, Workers: 4
[19.828s][debug][gc,phases      ] GC(35)     Dead                           Min: 0, Avg:  0.0, Max: 0, Diff: 0, Sum: 0, Workers: 4
[19.828s][debug][gc,phases      ] GC(35)     Total                          Min: 0, Avg:  0.0, Max: 0, Diff: 0, Sum: 0, Workers: 4
[19.828s][debug][gc,phases      ] GC(35)   StringTable Weak               Min:  0.1, Avg:  0.1, Max:  0.1, Diff:  0.0, Sum:  0.4, Workers: 4
[19.828s][debug][gc,phases      ] GC(35)     Dead                           Min: 0, Avg:  2.8, Max: 11, Diff: 11, Sum: 11, Workers: 4
[19.828s][debug][gc,phases      ] GC(35)     Total                          Min: 9792, Avg: 10678.5, Max: 12261, Diff: 2469, Sum: 42714, Workers: 4
[19.828s][debug][gc,phases      ] GC(35)   ResolvedMethodTable Weak       Min:  0.0, Avg:  0.0, Max:  0.0, Diff:  0.0, Sum:  0.1, Workers: 4
[19.828s][debug][gc,phases      ] GC(35)     Dead                           Min: 0, Avg:  0.0, Max: 0, Diff: 0, Sum: 0, Workers: 4
[19.828s][debug][gc,phases      ] GC(35)     Total                          Min: 1652, Avg: 1741.0, Max: 1856, Diff: 204, Sum: 6964, Workers: 4
[19.828s][debug][gc,phases      ] GC(35)   JNI Weak                       Min:  0.0, Avg:  0.0, Max:  0.0, Diff:  0.0, Sum:  0.0, Workers: 4
[19.828s][debug][gc,phases      ] GC(35)     Dead                           Min: 0, Avg:  0.0, Max: 0, Diff: 0, Sum: 0, Workers: 4
[19.828s][debug][gc,phases      ] GC(35)     Total                          Min: 0, Avg:  1.8, Max: 7, Diff: 7, Sum: 7, Workers: 4
[19.828s][debug][gc,phases      ] GC(35)   StringDedup Table Weak         Min:  0.0, Avg:  0.0, Max:  0.0, Diff:  0.0, Sum:  0.0, Workers: 4
[19.828s][debug][gc,phases      ] GC(35)     Dead                           Min: 0, Avg:  0.0, Max: 0, Diff: 0, Sum: 0, Workers: 4
[19.828s][debug][gc,phases      ] GC(35)     Total                          Min: 0, Avg:  0.0, Max: 0, Diff: 0, Sum: 0, Workers: 4
[19.828s][debug][gc,phases      ] GC(35)   StringDedup Requests0 Weak     Min:  0.0, Avg:  0.0, Max:  0.0, Diff:  0.0, Sum:  0.0, Workers: 4
[19.828s][debug][gc,phases      ] GC(35)     Dead                           Min: 0, Avg:  0.0, Max: 0, Diff: 0, Sum: 0, Workers: 4
[19.828s][debug][gc,phases      ] GC(35)     Total                          Min: 0, Avg:  0.0, Max: 0, Diff: 0, Sum: 0, Workers: 4
[19.828s][debug][gc,phases      ] GC(35)   StringDedup Requests1 Weak     Min:  0.0, Avg:  0.0, Max:  0.0, Diff:  0.0, Sum:  0.0, Workers: 4
[19.828s][debug][gc,phases      ] GC(35)     Dead                           Min: 0, Avg:  0.0, Max: 0, Diff: 0, Sum: 0, Workers: 4
[19.828s][debug][gc,phases      ] GC(35)     Total                          Min: 0, Avg:  0.0, Max: 0, Diff: 0, Sum: 0, Workers: 4
[19.828s][debug][gc,phases      ] GC(35)   Weak JFR Old Object Samples    Min:  0.0, Avg:  0.0, Max:  0.0, Diff:  0.0, Sum:  0.0, Workers: 4
[19.828s][debug][gc,phases      ] GC(35)     Dead                           Min: 0, Avg:  0.0, Max: 0, Diff: 0, Sum: 0, Workers: 4
[19.828s][debug][gc,phases      ] GC(35)     Total                          Min: 0, Avg:  0.0, Max: 0, Diff: 0, Sum: 0, Workers: 4
[19.828s][debug][gc,phases      ] GC(35) Weak Processing 0.281ms
[19.828s][debug][gc,age         ] GC(35) Desired survivor size 308805632 bytes, new threshold 15 (max threshold 15)
[19.828s][info ][gc,heap        ] GC(35) PSYoungGen: 1639920K(1781248K)->168688K(1795584K) Eden: 1469440K(1469440K)->0K(1488384K) From: 170480K(311808K)->168688K(307200K)
[19.828s][info ][gc,heap        ] GC(35) ParOldGen: 362682K(470016K)->362690K(470016K)
[19.828s][info ][gc,metaspace   ] GC(35) Metaspace: 67979K(68736K)->67979K(68736K) NonClass: 58107K(58496K)->58107K(58496K) Class: 9872K(10240K)->9872K(10240K)
[19.828s][info ][gc             ] GC(35) Pause Young (Allocation Failure) 1955M->518M(2212M) 80.627ms
[19.828s][info ][gc,cpu         ] GC(35) User=0.32s Sys=0.00s Real=0.08s
[19.828s][info ][safepoint      ] Safepoint "ParallelGCFailedAllocation", Time since last: 420875756 ns, Reaching safepoint: 8568819 ns, At safepoint: 80783165 ns, Total: 89351984 ns
[20.139s][info ][gc,start       ] GC(36) Pause Young (Allocation Failure)
[20.212s][debug][gc,phases      ] GC(36) Scavenge 72.880ms
[20.212s][debug][gc,ref         ] GC(36) Skipped phase 1 of Reference Processing: no references
[20.213s][debug][gc,ref         ] GC(36) ReferenceProcessor::execute queues: 1, RefProcThreadModel::Single, marks_oops_alive: false
[20.213s][debug][gc,ref         ] GC(36) Skipped phase 3 of Reference Processing: no references
[20.213s][debug][gc,ref         ] GC(36) ReferenceProcessor::execute queues: 1, RefProcThreadModel::Single, marks_oops_alive: false
[20.213s][debug][gc,phases      ] GC(36) Reference Processing 0.140ms
[20.213s][debug][gc,phases      ] GC(36)   VM Weak                        Min:  0.0, Avg:  0.0, Max:  0.0, Diff:  0.0, Sum:  0.0, Workers: 4
[20.213s][debug][gc,phases      ] GC(36)     Dead                           Min: 0, Avg:  0.0, Max: 0, Diff: 0, Sum: 0, Workers: 4
[20.213s][debug][gc,phases      ] GC(36)     Total                          Min: 0, Avg: 147.8, Max: 320, Diff: 320, Sum: 591, Workers: 4
[20.213s][debug][gc,phases      ] GC(36)   ObjectSynchronizer Weak        Min:  0.0, Avg:  0.0, Max:  0.0, Diff:  0.0, Sum:  0.0, Workers: 4
[20.213s][debug][gc,phases      ] GC(36)     Dead                           Min: 0, Avg:  0.0, Max: 0, Diff: 0, Sum: 0, Workers: 4
[20.213s][debug][gc,phases      ] GC(36)     Total                          Min: 0, Avg: 82.0, Max: 136, Diff: 136, Sum: 328, Workers: 4
[20.213s][debug][gc,phases      ] GC(36)   JVMTI Tag Weak OopStorage      Min:  0.0, Avg:  0.0, Max:  0.0, Diff:  0.0, Sum:  0.0, Workers: 4
[20.213s][debug][gc,phases      ] GC(36)     Dead                           Min: 0, Avg:  0.0, Max: 0, Diff: 0, Sum: 0, Workers: 4
[20.213s][debug][gc,phases      ] GC(36)     Total                          Min: 0, Avg:  0.0, Max: 0, Diff: 0, Sum: 0, Workers: 4
[20.213s][debug][gc,phases      ] GC(36)   StringTable Weak               Min:  0.1, Avg:  0.1, Max:  0.1, Diff:  0.0, Sum:  0.4, Workers: 4
[20.213s][debug][gc,phases      ] GC(36)     Dead                           Min: 0, Avg:  3.0, Max: 6, Diff: 6, Sum: 12, Workers: 4
[20.213s][debug][gc,phases      ] GC(36)     Total                          Min: 10432, Avg: 10705.8, Max: 10880, Diff: 448, Sum: 42823, Workers: 4
[20.213s][debug][gc,phases      ] GC(36)   ResolvedMethodTable Weak       Min:  0.0, Avg:  0.0, Max:  0.0, Diff:  0.0, Sum:  0.1, Workers: 4
[20.213s][debug][gc,phases      ] GC(36)     Dead                           Min: 0, Avg:  0.0, Max: 0, Diff: 0, Sum: 0, Workers: 4
[20.213s][debug][gc,phases      ] GC(36)     Total                          Min: 1662, Avg: 1785.5, Max: 2112, Diff: 450, Sum: 7142, Workers: 4
[20.213s][debug][gc,phases      ] GC(36)   JNI Weak                       Min:  0.0, Avg:  0.0, Max:  0.0, Diff:  0.0, Sum:  0.0, Workers: 4
[20.213s][debug][gc,phases      ] GC(36)     Dead                           Min: 0, Avg:  0.0, Max: 0, Diff: 0, Sum: 0, Workers: 4
[20.213s][debug][gc,phases      ] GC(36)     Total                          Min: 0, Avg:  1.0, Max: 4, Diff: 4, Sum: 4, Workers: 4
[20.213s][debug][gc,phases      ] GC(36)   StringDedup Table Weak         Min:  0.0, Avg:  0.0, Max:  0.0, Diff:  0.0, Sum:  0.0, Workers: 4
[20.213s][debug][gc,phases      ] GC(36)     Dead                           Min: 0, Avg:  0.0, Max: 0, Diff: 0, Sum: 0, Workers: 4
[20.213s][debug][gc,phases      ] GC(36)     Total                          Min: 0, Avg:  0.0, Max: 0, Diff: 0, Sum: 0, Workers: 4
[20.213s][debug][gc,phases      ] GC(36)   StringDedup Requests0 Weak     Min:  0.0, Avg:  0.0, Max:  0.0, Diff:  0.0, Sum:  0.0, Workers: 4
[20.213s][debug][gc,phases      ] GC(36)     Dead                           Min: 0, Avg:  0.0, Max: 0, Diff: 0, Sum: 0, Workers: 4
[20.213s][debug][gc,phases      ] GC(36)     Total                          Min: 0, Avg:  0.0, Max: 0, Diff: 0, Sum: 0, Workers: 4
[20.213s][debug][gc,phases      ] GC(36)   StringDedup Requests1 Weak     Min:  0.0, Avg:  0.0, Max:  0.0, Diff:  0.0, Sum:  0.0, Workers: 4
[20.213s][debug][gc,phases      ] GC(36)     Dead                           Min: 0, Avg:  0.0, Max: 0, Diff: 0, Sum: 0, Workers: 4
[20.213s][debug][gc,phases      ] GC(36)     Total                          Min: 0, Avg:  0.0, Max: 0, Diff: 0, Sum: 0, Workers: 4
[20.213s][debug][gc,phases      ] GC(36)   Weak JFR Old Object Samples    Min:  0.0, Avg:  0.0, Max:  0.0, Diff:  0.0, Sum:  0.0, Workers: 4
[20.213s][debug][gc,phases      ] GC(36)     Dead                           Min: 0, Avg:  0.0, Max: 0, Diff: 0, Sum: 0, Workers: 4
[20.213s][debug][gc,phases      ] GC(36)     Total                          Min: 0, Avg:  0.0, Max: 0, Diff: 0, Sum: 0, Workers: 4
[20.213s][debug][gc,phases      ] GC(36) Weak Processing 0.310ms
[20.213s][debug][gc,age         ] GC(36) Desired survivor size 303038464 bytes, new threshold 15 (max threshold 15)
[20.213s][info ][gc,heap        ] GC(36) PSYoungGen: 1657072K(1795584K)->169632K(1789952K) Eden: 1488384K(1488384K)->0K(1488384K) From: 168688K(307200K)->169632K(301568K)
[20.213s][info ][gc,heap        ] GC(36) ParOldGen: 362690K(470016K)->362698K(470016K)
[20.213s][info ][gc,metaspace   ] GC(36) Metaspace: 68267K(68992K)->68267K(68992K) NonClass: 58320K(58688K)->58320K(58688K) Class: 9947K(10304K)->9947K(10304K)
[20.213s][info ][gc             ] GC(36) Pause Young (Allocation Failure) 1972M->519M(2207M) 73.459ms
[20.213s][info ][gc,cpu         ] GC(36) User=0.29s Sys=0.00s Real=0.07s
[20.213s][info ][safepoint      ] Safepoint "ParallelGCFailedAllocation", Time since last: 311400059 ns, Reaching safepoint: 204605 ns, At safepoint: 73571881 ns, Total: 73776486 ns
[20.596s][info ][gc,start       ] GC(37) Pause Young (Allocation Failure)
[20.668s][debug][gc,phases      ] GC(37) Scavenge 71.795ms
[20.668s][debug][gc,ref         ] GC(37) Skipped phase 1 of Reference Processing: no references
[20.668s][debug][gc,ref         ] GC(37) ReferenceProcessor::execute queues: 1, RefProcThreadModel::Single, marks_oops_alive: false
[20.668s][debug][gc,ref         ] GC(37) Skipped phase 3 of Reference Processing: no references
[20.668s][debug][gc,ref         ] GC(37) ReferenceProcessor::execute queues: 1, RefProcThreadModel::Single, marks_oops_alive: false
[20.668s][debug][gc,phases      ] GC(37) Reference Processing 0.171ms
[20.668s][debug][gc,phases      ] GC(37)   VM Weak                        Min:  0.0, Avg:  0.0, Max:  0.0, Diff:  0.0, Sum:  0.0, Workers: 4
[20.668s][debug][gc,phases      ] GC(37)     Dead                           Min: 0, Avg:  0.0, Max: 0, Diff: 0, Sum: 0, Workers: 4
[20.668s][debug][gc,phases      ] GC(37)     Total                          Min: 0, Avg: 147.8, Max: 576, Diff: 576, Sum: 591, Workers: 4
[20.668s][debug][gc,phases      ] GC(37)   ObjectSynchronizer Weak        Min:  0.0, Avg:  0.0, Max:  0.0, Diff:  0.0, Sum:  0.0, Workers: 4
[20.668s][debug][gc,phases      ] GC(37)     Dead                           Min: 0, Avg:  0.0, Max: 0, Diff: 0, Sum: 0, Workers: 4
[20.668s][debug][gc,phases      ] GC(37)     Total                          Min: 0, Avg: 82.0, Max: 200, Diff: 200, Sum: 328, Workers: 4
[20.668s][debug][gc,phases      ] GC(37)   JVMTI Tag Weak OopStorage      Min:  0.0, Avg:  0.0, Max:  0.0, Diff:  0.0, Sum:  0.0, Workers: 4
[20.668s][debug][gc,phases      ] GC(37)     Dead                           Min: 0, Avg:  0.0, Max: 0, Diff: 0, Sum: 0, Workers: 4
[20.668s][debug][gc,phases      ] GC(37)     Total                          Min: 0, Avg:  0.0, Max: 0, Diff: 0, Sum: 0, Workers: 4
[20.668s][debug][gc,phases      ] GC(37)   StringTable Weak               Min:  0.1, Avg:  0.1, Max:  0.1, Diff:  0.0, Sum:  0.4, Workers: 4
[20.668s][debug][gc,phases      ] GC(37)     Dead                           Min: 0, Avg:  2.8, Max: 11, Diff: 11, Sum: 11, Workers: 4
[20.668s][debug][gc,phases      ] GC(37)     Total                          Min: 9792, Avg: 10707.0, Max: 11986, Diff: 2194, Sum: 42828, Workers: 4
[20.668s][debug][gc,phases      ] GC(37)   ResolvedMethodTable Weak       Min:  0.0, Avg:  0.0, Max:  0.0, Diff:  0.0, Sum:  0.1, Workers: 4
[20.668s][debug][gc,phases      ] GC(37)     Dead                           Min: 0, Avg:  0.0, Max: 0, Diff: 0, Sum: 0, Workers: 4
[20.668s][debug][gc,phases      ] GC(37)     Total                          Min: 1662, Avg: 1785.5, Max: 1920, Diff: 258, Sum: 7142, Workers: 4
[20.668s][debug][gc,phases      ] GC(37)   JNI Weak                       Min:  0.0, Avg:  0.0, Max:  0.0, Diff:  0.0, Sum:  0.0, Workers: 4
[20.668s][debug][gc,phases      ] GC(37)     Dead                           Min: 0, Avg:  0.0, Max: 0, Diff: 0, Sum: 0, Workers: 4
[20.668s][debug][gc,phases      ] GC(37)     Total                          Min: 0, Avg:  0.0, Max: 0, Diff: 0, Sum: 0, Workers: 4
[20.668s][debug][gc,phases      ] GC(37)   StringDedup Table Weak         Min:  0.0, Avg:  0.0, Max:  0.0, Diff:  0.0, Sum:  0.0, Workers: 4
[20.668s][debug][gc,phases      ] GC(37)     Dead                           Min: 0, Avg:  0.0, Max: 0, Diff: 0, Sum: 0, Workers: 4
[20.668s][debug][gc,phases      ] GC(37)     Total                          Min: 0, Avg:  0.0, Max: 0, Diff: 0, Sum: 0, Workers: 4
[20.668s][debug][gc,phases      ] GC(37)   StringDedup Requests0 Weak     Min:  0.0, Avg:  0.0, Max:  0.0, Diff:  0.0, Sum:  0.0, Workers: 4
[20.668s][debug][gc,phases      ] GC(37)     Dead                           Min: 0, Avg:  0.0, Max: 0, Diff: 0, Sum: 0, Workers: 4
[20.668s][debug][gc,phases      ] GC(37)     Total                          Min: 0, Avg:  0.0, Max: 0, Diff: 0, Sum: 0, Workers: 4
[20.668s][debug][gc,phases      ] GC(37)   StringDedup Requests1 Weak     Min:  0.0, Avg:  0.0, Max:  0.0, Diff:  0.0, Sum:  0.0, Workers: 4
[20.668s][debug][gc,phases      ] GC(37)     Dead                           Min: 0, Avg:  0.0, Max: 0, Diff: 0, Sum: 0, Workers: 4
[20.668s][debug][gc,phases      ] GC(37)     Total                          Min: 0, Avg:  0.0, Max: 0, Diff: 0, Sum: 0, Workers: 4
[20.668s][debug][gc,phases      ] GC(37)   Weak JFR Old Object Samples    Min:  0.0, Avg:  0.0, Max:  0.0, Diff:  0.0, Sum:  0.0, Workers: 4
[20.668s][debug][gc,phases      ] GC(37)     Dead                           Min: 0, Avg:  0.0, Max: 0, Diff: 0, Sum: 0, Workers: 4
[20.668s][debug][gc,phases      ] GC(37)     Total                          Min: 0, Avg:  0.0, Max: 0, Diff: 0, Sum: 0, Workers: 4
[20.668s][debug][gc,phases      ] GC(37) Weak Processing 0.360ms
[20.668s][debug][gc,age         ] GC(37) Desired survivor size 295698432 bytes, new threshold 15 (max threshold 15)
[20.668s][info ][gc,heap        ] GC(37) PSYoungGen: 1658016K(1789952K)->165920K(1808384K) Eden: 1488384K(1488384K)->0K(1512448K) From: 169632K(301568K)->165920K(295936K)
[20.668s][info ][gc,heap        ] GC(37) ParOldGen: 362698K(470016K)->362706K(470016K)
[20.668s][info ][gc,metaspace   ] GC(37) Metaspace: 68271K(68992K)->68271K(68992K) NonClass: 58324K(58688K)->58324K(58688K) Class: 9947K(10304K)->9947K(10304K)
[20.668s][info ][gc             ] GC(37) Pause Young (Allocation Failure) 1973M->516M(2225M) 72.484ms
[20.668s][info ][gc,cpu         ] GC(37) User=0.28s Sys=0.01s Real=0.08s
[20.669s][info ][safepoint      ] Safepoint "ParallelGCFailedAllocation", Time since last: 382758083 ns, Reaching safepoint: 166504 ns, At safepoint: 72627656 ns, Total: 72794160 ns
[21.030s][info ][gc,start       ] GC(38) Pause Young (Allocation Failure)
[21.100s][debug][gc,phases      ] GC(38) Scavenge 69.713ms
[21.100s][debug][gc,ref         ] GC(38) Skipped phase 1 of Reference Processing: no references
[21.100s][debug][gc,ref         ] GC(38) ReferenceProcessor::execute queues: 1, RefProcThreadModel::Single, marks_oops_alive: false
[21.100s][debug][gc,ref         ] GC(38) Skipped phase 3 of Reference Processing: no references
[21.100s][debug][gc,ref         ] GC(38) ReferenceProcessor::execute queues: 1, RefProcThreadModel::Single, marks_oops_alive: false
[21.100s][debug][gc,phases      ] GC(38) Reference Processing 0.156ms
[21.101s][debug][gc,phases      ] GC(38)   VM Weak                        Min:  0.0, Avg:  0.0, Max:  0.0, Diff:  0.0, Sum:  0.0, Workers: 4
[21.101s][debug][gc,phases      ] GC(38)     Dead                           Min: 0, Avg:  0.0, Max: 0, Diff: 0, Sum: 0, Workers: 4
[21.101s][debug][gc,phases      ] GC(38)     Total                          Min: 0, Avg: 147.8, Max: 320, Diff: 320, Sum: 591, Workers: 4
[21.101s][debug][gc,phases      ] GC(38)   ObjectSynchronizer Weak        Min:  0.0, Avg:  0.0, Max:  0.0, Diff:  0.0, Sum:  0.0, Workers: 4
[21.101s][debug][gc,phases      ] GC(38)     Dead                           Min: 0, Avg:  0.0, Max: 0, Diff: 0, Sum: 0, Workers: 4
[21.101s][debug][gc,phases      ] GC(38)     Total                          Min: 0, Avg: 82.0, Max: 136, Diff: 136, Sum: 328, Workers: 4
[21.101s][debug][gc,phases      ] GC(38)   JVMTI Tag Weak OopStorage      Min:  0.0, Avg:  0.0, Max:  0.0, Diff:  0.0, Sum:  0.0, Workers: 4
[21.101s][debug][gc,phases      ] GC(38)     Dead                           Min: 0, Avg:  0.0, Max: 0, Diff: 0, Sum: 0, Workers: 4
[21.101s][debug][gc,phases      ] GC(38)     Total                          Min: 0, Avg:  0.0, Max: 0, Diff: 0, Sum: 0, Workers: 4
[21.101s][debug][gc,phases      ] GC(38)   StringTable Weak               Min:  0.1, Avg:  0.1, Max:  0.1, Diff:  0.0, Sum:  0.4, Workers: 4
[21.101s][debug][gc,phases      ] GC(38)     Dead                           Min: 0, Avg:  0.0, Max: 0, Diff: 0, Sum: 0, Workers: 4
[21.101s][debug][gc,phases      ] GC(38)     Total                          Min: 9728, Avg: 10708.5, Max: 11323, Diff: 1595, Sum: 42834, Workers: 4
[21.101s][debug][gc,phases      ] GC(38)   ResolvedMethodTable Weak       Min:  0.0, Avg:  0.0, Max:  0.0, Diff:  0.0, Sum:  0.1, Workers: 4
[21.101s][debug][gc,phases      ] GC(38)     Dead                           Min: 0, Avg:  0.0, Max: 0, Diff: 0, Sum: 0, Workers: 4
[21.101s][debug][gc,phases      ] GC(38)     Total                          Min: 1598, Avg: 1785.5, Max: 1920, Diff: 322, Sum: 7142, Workers: 4
[21.101s][debug][gc,phases      ] GC(38)   JNI Weak                       Min:  0.0, Avg:  0.0, Max:  0.0, Diff:  0.0, Sum:  0.0, Workers: 4
[21.101s][debug][gc,phases      ] GC(38)     Dead                           Min: 0, Avg:  0.0, Max: 0, Diff: 0, Sum: 0, Workers: 4
[21.101s][debug][gc,phases      ] GC(38)     Total                          Min: 0, Avg:  0.2, Max: 1, Diff: 1, Sum: 1, Workers: 4
[21.101s][debug][gc,phases      ] GC(38)   StringDedup Table Weak         Min:  0.0, Avg:  0.0, Max:  0.0, Diff:  0.0, Sum:  0.0, Workers: 4
[21.101s][debug][gc,phases      ] GC(38)     Dead                           Min: 0, Avg:  0.0, Max: 0, Diff: 0, Sum: 0, Workers: 4
[21.101s][debug][gc,phases      ] GC(38)     Total                          Min: 0, Avg:  0.0, Max: 0, Diff: 0, Sum: 0, Workers: 4
[21.101s][debug][gc,phases      ] GC(38)   StringDedup Requests0 Weak     Min:  0.0, Avg:  0.0, Max:  0.0, Diff:  0.0, Sum:  0.0, Workers: 4
[21.101s][debug][gc,phases      ] GC(38)     Dead                           Min: 0, Avg:  0.0, Max: 0, Diff: 0, Sum: 0, Workers: 4
[21.101s][debug][gc,phases      ] GC(38)     Total                          Min: 0, Avg:  0.0, Max: 0, Diff: 0, Sum: 0, Workers: 4
[21.101s][debug][gc,phases      ] GC(38)   StringDedup Requests1 Weak     Min:  0.0, Avg:  0.0, Max:  0.0, Diff:  0.0, Sum:  0.0, Workers: 4
[21.101s][debug][gc,phases      ] GC(38)     Dead                           Min: 0, Avg:  0.0, Max: 0, Diff: 0, Sum: 0, Workers: 4
[21.101s][debug][gc,phases      ] GC(38)     Total                          Min: 0, Avg:  0.0, Max: 0, Diff: 0, Sum: 0, Workers: 4
[21.101s][debug][gc,phases      ] GC(38)   Weak JFR Old Object Samples    Min:  0.0, Avg:  0.0, Max:  0.0, Diff:  0.0, Sum:  0.0, Workers: 4
[21.101s][debug][gc,phases      ] GC(38)     Dead                           Min: 0, Avg:  0.0, Max: 0, Diff: 0, Sum: 0, Workers: 4
[21.101s][debug][gc,phases      ] GC(38)     Total                          Min: 0, Avg:  0.0, Max: 0, Diff: 0, Sum: 0, Workers: 4
[21.101s][debug][gc,phases      ] GC(38) Weak Processing 0.375ms
[21.101s][debug][gc,age         ] GC(38) Desired survivor size 287309824 bytes, new threshold 15 (max threshold 15)
[21.101s][info ][gc,heap        ] GC(38) PSYoungGen: 1678368K(1808384K)->164048K(1801216K) Eden: 1512448K(1512448K)->0K(1512448K) From: 165920K(295936K)->164048K(288768K)
[21.101s][info ][gc,heap        ] GC(38) ParOldGen: 362706K(470016K)->362750K(470016K)
[21.101s][info ][gc,metaspace   ] GC(38) Metaspace: 68272K(68992K)->68272K(68992K) NonClass: 58325K(58688K)->58325K(58688K) Class: 9947K(10304K)->9947K(10304K)
[21.101s][info ][gc             ] GC(38) Pause Young (Allocation Failure) 1993M->514M(2218M) 70.415ms
[21.101s][info ][gc,cpu         ] GC(38) User=0.28s Sys=0.00s Real=0.07s
[21.101s][info ][safepoint      ] Safepoint "ParallelGCFailedAllocation", Time since last: 361601444 ns, Reaching safepoint: 160504 ns, At safepoint: 70547203 ns, Total: 70707707 ns
[21.430s][info ][gc,start       ] GC(39) Pause Young (Allocation Failure)
[21.498s][debug][gc,phases      ] GC(39) Scavenge 67.846ms
[21.498s][debug][gc,ref         ] GC(39) Skipped phase 1 of Reference Processing: no references
[21.498s][debug][gc,ref         ] GC(39) ReferenceProcessor::execute queues: 1, RefProcThreadModel::Single, marks_oops_alive: false
[21.498s][debug][gc,ref         ] GC(39) Skipped phase 3 of Reference Processing: no references
[21.498s][debug][gc,ref         ] GC(39) ReferenceProcessor::execute queues: 1, RefProcThreadModel::Single, marks_oops_alive: false
[21.498s][debug][gc,phases      ] GC(39) Reference Processing 0.126ms
[21.498s][debug][gc,phases      ] GC(39)   VM Weak                        Min:  0.0, Avg:  0.0, Max:  0.0, Diff:  0.0, Sum:  0.0, Workers: 4
[21.498s][debug][gc,phases      ] GC(39)     Dead                           Min: 0, Avg:  0.0, Max: 0, Diff: 0, Sum: 0, Workers: 4
[21.498s][debug][gc,phases      ] GC(39)     Total                          Min: 0, Avg: 147.8, Max: 384, Diff: 384, Sum: 591, Workers: 4
[21.498s][debug][gc,phases      ] GC(39)   ObjectSynchronizer Weak        Min:  0.0, Avg:  0.0, Max:  0.0, Diff:  0.0, Sum:  0.0, Workers: 4
[21.498s][debug][gc,phases      ] GC(39)     Dead                           Min: 0, Avg:  0.0, Max: 0, Diff: 0, Sum: 0, Workers: 4
[21.498s][debug][gc,phases      ] GC(39)     Total                          Min: 0, Avg: 82.0, Max: 192, Diff: 192, Sum: 328, Workers: 4
[21.498s][debug][gc,phases      ] GC(39)   JVMTI Tag Weak OopStorage      Min:  0.0, Avg:  0.0, Max:  0.0, Diff:  0.0, Sum:  0.0, Workers: 4
[21.498s][debug][gc,phases      ] GC(39)     Dead                           Min: 0, Avg:  0.0, Max: 0, Diff: 0, Sum: 0, Workers: 4
[21.498s][debug][gc,phases      ] GC(39)     Total                          Min: 0, Avg:  0.0, Max: 0, Diff: 0, Sum: 0, Workers: 4
[21.498s][debug][gc,phases      ] GC(39)   StringTable Weak               Min:  0.1, Avg:  0.1, Max:  0.1, Diff:  0.0, Sum:  0.4, Workers: 4
[21.498s][debug][gc,phases      ] GC(39)     Dead                           Min: 0, Avg:  2.8, Max: 11, Diff: 11, Sum: 11, Workers: 4
[21.498s][debug][gc,phases      ] GC(39)     Total                          Min: 10368, Avg: 10712.5, Max: 11170, Diff: 802, Sum: 42850, Workers: 4
[21.499s][debug][gc,phases      ] GC(39)   ResolvedMethodTable Weak       Min:  0.0, Avg:  0.0, Max:  0.0, Diff:  0.0, Sum:  0.1, Workers: 4
[21.499s][debug][gc,phases      ] GC(39)     Dead                           Min: 0, Avg:  0.0, Max: 0, Diff: 0, Sum: 0, Workers: 4
[21.499s][debug][gc,phases      ] GC(39)     Total                          Min: 1599, Avg: 1788.5, Max: 1983, Diff: 384, Sum: 7154, Workers: 4
[21.499s][debug][gc,phases      ] GC(39)   JNI Weak                       Min:  0.0, Avg:  0.0, Max:  0.0, Diff:  0.0, Sum:  0.0, Workers: 4
[21.499s][debug][gc,phases      ] GC(39)     Dead                           Min: 0, Avg:  0.0, Max: 0, Diff: 0, Sum: 0, Workers: 4
[21.499s][debug][gc,phases      ] GC(39)     Total                          Min: 0, Avg:  1.5, Max: 6, Diff: 6, Sum: 6, Workers: 4
[21.499s][debug][gc,phases      ] GC(39)   StringDedup Table Weak         Min:  0.0, Avg:  0.0, Max:  0.0, Diff:  0.0, Sum:  0.0, Workers: 4
[21.499s][debug][gc,phases      ] GC(39)     Dead                           Min: 0, Avg:  0.0, Max: 0, Diff: 0, Sum: 0, Workers: 4
[21.499s][debug][gc,phases      ] GC(39)     Total                          Min: 0, Avg:  0.0, Max: 0, Diff: 0, Sum: 0, Workers: 4
[21.499s][debug][gc,phases      ] GC(39)   StringDedup Requests0 Weak     Min:  0.0, Avg:  0.0, Max:  0.0, Diff:  0.0, Sum:  0.0, Workers: 4
[21.499s][debug][gc,phases      ] GC(39)     Dead                           Min: 0, Avg:  0.0, Max: 0, Diff: 0, Sum: 0, Workers: 4
[21.499s][debug][gc,phases      ] GC(39)     Total                          Min: 0, Avg:  0.0, Max: 0, Diff: 0, Sum: 0, Workers: 4
[21.499s][debug][gc,phases      ] GC(39)   StringDedup Requests1 Weak     Min:  0.0, Avg:  0.0, Max:  0.0, Diff:  0.0, Sum:  0.0, Workers: 4
[21.499s][debug][gc,phases      ] GC(39)     Dead                           Min: 0, Avg:  0.0, Max: 0, Diff: 0, Sum: 0, Workers: 4
[21.499s][debug][gc,phases      ] GC(39)     Total                          Min: 0, Avg:  0.0, Max: 0, Diff: 0, Sum: 0, Workers: 4
[21.499s][debug][gc,phases      ] GC(39)   Weak JFR Old Object Samples    Min:  0.0, Avg:  0.0, Max:  0.0, Diff:  0.0, Sum:  0.0, Workers: 4
[21.499s][debug][gc,phases      ] GC(39)     Dead                           Min: 0, Avg:  0.0, Max: 0, Diff: 0, Sum: 0, Workers: 4
[21.499s][debug][gc,phases      ] GC(39)     Total                          Min: 0, Avg:  0.0, Max: 0, Diff: 0, Sum: 0, Workers: 4
[21.499s][debug][gc,phases      ] GC(39) Weak Processing 0.290ms
[21.499s][debug][gc,age         ] GC(39) Desired survivor size 278921216 bytes, new threshold 15 (max threshold 15)
[21.499s][info ][gc,heap        ] GC(39) PSYoungGen: 1676496K(1801216K)->161456K(1824768K) Eden: 1512448K(1512448K)->0K(1544192K) From: 164048K(288768K)->161456K(280576K)
[21.499s][info ][gc,heap        ] GC(39) ParOldGen: 362750K(470016K)->363838K(470016K)
[21.499s][info ][gc,metaspace   ] GC(39) Metaspace: 68320K(69056K)->68320K(69056K) NonClass: 58364K(58752K)->58364K(58752K) Class: 9956K(10304K)->9956K(10304K)
[21.499s][info ][gc             ] GC(39) Pause Young (Allocation Failure) 1991M->512M(2241M) 68.391ms
[21.499s][info ][gc,cpu         ] GC(39) User=0.27s Sys=0.01s Real=0.06s
[21.499s][info ][safepoint      ] Safepoint "ParallelGCFailedAllocation", Time since last: 329128714 ns, Reaching safepoint: 205405 ns, At safepoint: 68491951 ns, Total: 68697356 ns
[21.894s][info ][gc,start       ] GC(40) Pause Young (Allocation Failure)
[21.967s][debug][gc,phases      ] GC(40) Scavenge 73.232ms
[21.967s][debug][gc,ref         ] GC(40) Skipped phase 1 of Reference Processing: no references
[21.967s][debug][gc,ref         ] GC(40) ReferenceProcessor::execute queues: 1, RefProcThreadModel::Single, marks_oops_alive: false
[21.967s][debug][gc,ref         ] GC(40) Skipped phase 3 of Reference Processing: no references
[21.967s][debug][gc,ref         ] GC(40) ReferenceProcessor::execute queues: 1, RefProcThreadModel::Single, marks_oops_alive: false
[21.967s][debug][gc,phases      ] GC(40) Reference Processing 0.158ms
[21.967s][debug][gc,phases      ] GC(40)   VM Weak                        Min:  0.0, Avg:  0.0, Max:  0.0, Diff:  0.0, Sum:  0.0, Workers: 4
[21.967s][debug][gc,phases      ] GC(40)     Dead                           Min: 0, Avg:  0.0, Max: 0, Diff: 0, Sum: 0, Workers: 4
[21.968s][debug][gc,phases      ] GC(40)     Total                          Min: 0, Avg: 147.8, Max: 448, Diff: 448, Sum: 591, Workers: 4
[21.968s][debug][gc,phases      ] GC(40)   ObjectSynchronizer Weak        Min:  0.0, Avg:  0.0, Max:  0.0, Diff:  0.0, Sum:  0.0, Workers: 4
[21.968s][debug][gc,phases      ] GC(40)     Dead                           Min: 0, Avg:  0.0, Max: 0, Diff: 0, Sum: 0, Workers: 4
[21.968s][debug][gc,phases      ] GC(40)     Total                          Min: 0, Avg: 82.0, Max: 192, Diff: 192, Sum: 328, Workers: 4
[21.968s][debug][gc,phases      ] GC(40)   JVMTI Tag Weak OopStorage      Min:  0.0, Avg:  0.0, Max:  0.0, Diff:  0.0, Sum:  0.0, Workers: 4
[21.968s][debug][gc,phases      ] GC(40)     Dead                           Min: 0, Avg:  0.0, Max: 0, Diff: 0, Sum: 0, Workers: 4
[21.968s][debug][gc,phases      ] GC(40)     Total                          Min: 0, Avg:  0.0, Max: 0, Diff: 0, Sum: 0, Workers: 4
[21.968s][debug][gc,phases      ] GC(40)   StringTable Weak               Min:  0.1, Avg:  0.1, Max:  0.1, Diff:  0.0, Sum:  0.4, Workers: 4
[21.968s][debug][gc,phases      ] GC(40)     Dead                           Min: 0, Avg:  2.8, Max: 11, Diff: 11, Sum: 11, Workers: 4
[21.968s][debug][gc,phases      ] GC(40)     Total                          Min: 10112, Avg: 10712.5, Max: 11264, Diff: 1152, Sum: 42850, Workers: 4
[21.968s][debug][gc,phases      ] GC(40)   ResolvedMethodTable Weak       Min:  0.0, Avg:  0.0, Max:  0.0, Diff:  0.0, Sum:  0.1, Workers: 4
[21.968s][debug][gc,phases      ] GC(40)     Dead                           Min: 0, Avg:  0.0, Max: 0, Diff: 0, Sum: 0, Workers: 4
[21.968s][debug][gc,phases      ] GC(40)     Total                          Min: 1599, Avg: 1788.5, Max: 2100, Diff: 501, Sum: 7154, Workers: 4
[21.968s][debug][gc,phases      ] GC(40)   JNI Weak                       Min:  0.0, Avg:  0.0, Max:  0.0, Diff:  0.0, Sum:  0.0, Workers: 4
[21.968s][debug][gc,phases      ] GC(40)     Dead                           Min: 0, Avg:  0.0, Max: 0, Diff: 0, Sum: 0, Workers: 4
[21.968s][debug][gc,phases      ] GC(40)     Total                          Min: 0, Avg:  2.8, Max: 11, Diff: 11, Sum: 11, Workers: 4
[21.968s][debug][gc,phases      ] GC(40)   StringDedup Table Weak         Min:  0.0, Avg:  0.0, Max:  0.0, Diff:  0.0, Sum:  0.0, Workers: 4
[21.968s][debug][gc,phases      ] GC(40)     Dead                           Min: 0, Avg:  0.0, Max: 0, Diff: 0, Sum: 0, Workers: 4
[21.968s][debug][gc,phases      ] GC(40)     Total                          Min: 0, Avg:  0.0, Max: 0, Diff: 0, Sum: 0, Workers: 4
[21.968s][debug][gc,phases      ] GC(40)   StringDedup Requests0 Weak     Min:  0.0, Avg:  0.0, Max:  0.0, Diff:  0.0, Sum:  0.0, Workers: 4
[21.968s][debug][gc,phases      ] GC(40)     Dead                           Min: 0, Avg:  0.0, Max: 0, Diff: 0, Sum: 0, Workers: 4
[21.968s][debug][gc,phases      ] GC(40)     Total                          Min: 0, Avg:  0.0, Max: 0, Diff: 0, Sum: 0, Workers: 4
[21.968s][debug][gc,phases      ] GC(40)   StringDedup Requests1 Weak     Min:  0.0, Avg:  0.0, Max:  0.0, Diff:  0.0, Sum:  0.0, Workers: 4
[21.968s][debug][gc,phases      ] GC(40)     Dead                           Min: 0, Avg:  0.0, Max: 0, Diff: 0, Sum: 0, Workers: 4
[21.968s][debug][gc,phases      ] GC(40)     Total                          Min: 0, Avg:  0.0, Max: 0, Diff: 0, Sum: 0, Workers: 4
[21.968s][debug][gc,phases      ] GC(40)   Weak JFR Old Object Samples    Min:  0.0, Avg:  0.0, Max:  0.0, Diff:  0.0, Sum:  0.0, Workers: 4
[21.968s][debug][gc,phases      ] GC(40)     Dead                           Min: 0, Avg:  0.0, Max: 0, Diff: 0, Sum: 0, Workers: 4
[21.968s][debug][gc,phases      ] GC(40)     Total                          Min: 0, Avg:  0.0, Max: 0, Diff: 0, Sum: 0, Workers: 4
[21.968s][debug][gc,phases      ] GC(40) Weak Processing 0.426ms
[21.968s][debug][gc,age         ] GC(40) Desired survivor size 267386880 bytes, new threshold 15 (max threshold 15)
[21.968s][info ][gc,heap        ] GC(40) PSYoungGen: 1705648K(1824768K)->144672K(1816576K) Eden: 1544192K(1544192K)->0K(1544192K) From: 161456K(280576K)->144672K(272384K)
[21.968s][info ][gc,heap        ] GC(40) ParOldGen: 363838K(470016K)->380590K(470016K)
[21.968s][info ][gc,metaspace   ] GC(40) Metaspace: 68334K(69120K)->68334K(69120K) NonClass: 58377K(58816K)->58377K(58816K) Class: 9956K(10304K)->9956K(10304K)
[21.968s][info ][gc             ] GC(40) Pause Young (Allocation Failure) 2020M->512M(2233M) 73.975ms
[21.968s][info ][gc,cpu         ] GC(40) User=0.36s Sys=0.00s Real=0.08s
[21.968s][info ][safepoint      ] Safepoint "ParallelGCFailedAllocation", Time since last: 394883995 ns, Reaching safepoint: 145803 ns, At safepoint: 74095995 ns, Total: 74241798 ns
[22.381s][info ][gc,start       ] GC(41) Pause Young (Allocation Failure)
[22.452s][debug][gc,phases      ] GC(41) Scavenge 70.364ms
[22.452s][debug][gc,ref         ] GC(41) Skipped phase 1 of Reference Processing: no references
[22.452s][debug][gc,ref         ] GC(41) ReferenceProcessor::execute queues: 1, RefProcThreadModel::Single, marks_oops_alive: false
[22.452s][debug][gc,ref         ] GC(41) Skipped phase 3 of Reference Processing: no references
[22.452s][debug][gc,ref         ] GC(41) ReferenceProcessor::execute queues: 1, RefProcThreadModel::Single, marks_oops_alive: false
[22.452s][debug][gc,phases      ] GC(41) Reference Processing 0.129ms
[22.452s][debug][gc,phases      ] GC(41)   VM Weak                        Min:  0.0, Avg:  0.0, Max:  0.0, Diff:  0.0, Sum:  0.0, Workers: 4
[22.452s][debug][gc,phases      ] GC(41)     Dead                           Min: 0, Avg:  0.0, Max: 0, Diff: 0, Sum: 0, Workers: 4
[22.452s][debug][gc,phases      ] GC(41)     Total                          Min: 0, Avg: 147.8, Max: 384, Diff: 384, Sum: 591, Workers: 4
[22.452s][debug][gc,phases      ] GC(41)   ObjectSynchronizer Weak        Min:  0.0, Avg:  0.0, Max:  0.0, Diff:  0.0, Sum:  0.0, Workers: 4
[22.452s][debug][gc,phases      ] GC(41)     Dead                           Min: 0, Avg:  0.0, Max: 0, Diff: 0, Sum: 0, Workers: 4
[22.452s][debug][gc,phases      ] GC(41)     Total                          Min: 0, Avg: 82.0, Max: 136, Diff: 136, Sum: 328, Workers: 4
[22.452s][debug][gc,phases      ] GC(41)   JVMTI Tag Weak OopStorage      Min:  0.0, Avg:  0.0, Max:  0.0, Diff:  0.0, Sum:  0.0, Workers: 4
[22.452s][debug][gc,phases      ] GC(41)     Dead                           Min: 0, Avg:  0.0, Max: 0, Diff: 0, Sum: 0, Workers: 4
[22.452s][debug][gc,phases      ] GC(41)     Total                          Min: 0, Avg:  0.0, Max: 0, Diff: 0, Sum: 0, Workers: 4
[22.452s][debug][gc,phases      ] GC(41)   StringTable Weak               Min:  0.1, Avg:  0.1, Max:  0.1, Diff:  0.0, Sum:  0.4, Workers: 4
[22.452s][debug][gc,phases      ] GC(41)     Dead                           Min: 0, Avg:  2.8, Max: 11, Diff: 11, Sum: 11, Workers: 4
[22.452s][debug][gc,phases      ] GC(41)     Total                          Min: 9251, Avg: 10712.8, Max: 11776, Diff: 2525, Sum: 42851, Workers: 4
[22.452s][debug][gc,phases      ] GC(41)   ResolvedMethodTable Weak       Min:  0.0, Avg:  0.0, Max:  0.0, Diff:  0.0, Sum:  0.1, Workers: 4
[22.452s][debug][gc,phases      ] GC(41)     Dead                           Min: 0, Avg:  0.0, Max: 0, Diff: 0, Sum: 0, Workers: 4
[22.452s][debug][gc,phases      ] GC(41)     Total                          Min: 1588, Avg: 1788.5, Max: 2111, Diff: 523, Sum: 7154, Workers: 4
[22.452s][debug][gc,phases      ] GC(41)   JNI Weak                       Min:  0.0, Avg:  0.0, Max:  0.0, Diff:  0.0, Sum:  0.0, Workers: 4
[22.452s][debug][gc,phases      ] GC(41)     Dead                           Min: 0, Avg:  0.0, Max: 0, Diff: 0, Sum: 0, Workers: 4
[22.452s][debug][gc,phases      ] GC(41)     Total                          Min: 0, Avg:  3.0, Max: 12, Diff: 12, Sum: 12, Workers: 4
[22.452s][debug][gc,phases      ] GC(41)   StringDedup Table Weak         Min:  0.0, Avg:  0.0, Max:  0.0, Diff:  0.0, Sum:  0.0, Workers: 4
[22.452s][debug][gc,phases      ] GC(41)     Dead                           Min: 0, Avg:  0.0, Max: 0, Diff: 0, Sum: 0, Workers: 4
[22.452s][debug][gc,phases      ] GC(41)     Total                          Min: 0, Avg:  0.0, Max: 0, Diff: 0, Sum: 0, Workers: 4
[22.452s][debug][gc,phases      ] GC(41)   StringDedup Requests0 Weak     Min:  0.0, Avg:  0.0, Max:  0.0, Diff:  0.0, Sum:  0.0, Workers: 4
[22.452s][debug][gc,phases      ] GC(41)     Dead                           Min: 0, Avg:  0.0, Max: 0, Diff: 0, Sum: 0, Workers: 4
[22.452s][debug][gc,phases      ] GC(41)     Total                          Min: 0, Avg:  0.0, Max: 0, Diff: 0, Sum: 0, Workers: 4
[22.452s][debug][gc,phases      ] GC(41)   StringDedup Requests1 Weak     Min:  0.0, Avg:  0.0, Max:  0.0, Diff:  0.0, Sum:  0.0, Workers: 4
[22.452s][debug][gc,phases      ] GC(41)     Dead                           Min: 0, Avg:  0.0, Max: 0, Diff: 0, Sum: 0, Workers: 4
[22.452s][debug][gc,phases      ] GC(41)     Total                          Min: 0, Avg:  0.0, Max: 0, Diff: 0, Sum: 0, Workers: 4
[22.452s][debug][gc,phases      ] GC(41)   Weak JFR Old Object Samples    Min:  0.0, Avg:  0.0, Max:  0.0, Diff:  0.0, Sum:  0.0, Workers: 4
[22.452s][debug][gc,phases      ] GC(41)     Dead                           Min: 0, Avg:  0.0, Max: 0, Diff: 0, Sum: 0, Workers: 4
[22.452s][debug][gc,phases      ] GC(41)     Total                          Min: 0, Avg:  0.0, Max: 0, Diff: 0, Sum: 0, Workers: 4
[22.452s][debug][gc,phases      ] GC(41) Weak Processing 0.301ms
[22.452s][debug][gc,age         ] GC(41) Desired survivor size 265289728 bytes, new threshold 15 (max threshold 15)
[22.452s][info ][gc,heap        ] GC(41) PSYoungGen: 1688864K(1816576K)->95376K(1838080K) Eden: 1544192K(1544192K)->0K(1576960K) From: 144672K(272384K)->95376K(261120K)
[22.452s][info ][gc,heap        ] GC(41) ParOldGen: 380590K(470016K)->431118K(470016K)
[22.452s][info ][gc,metaspace   ] GC(41) Metaspace: 68343K(69120K)->68343K(69120K) NonClass: 58386K(58816K)->58386K(58816K) Class: 9956K(10304K)->9956K(10304K)
[22.452s][info ][gc             ] GC(41) Pause Young (Allocation Failure) 2020M->514M(2254M) 70.933ms
[22.452s][info ][gc,cpu         ] GC(41) User=0.26s Sys=0.03s Real=0.07s
[22.452s][debug][gc,phases      ] GC(42) Pre Compact 0.010ms
[22.452s][info ][gc,start       ] GC(42) Pause Full (Ergonomics)
[22.452s][info ][gc,phases,start] GC(42) Marking Phase
[22.634s][debug][gc,phases      ] GC(42) Par Mark 181.177ms
[22.634s][debug][gc,ref         ] GC(42) Skipped phase 1 of Reference Processing: no references
[22.634s][debug][gc,ref         ] GC(42) ReferenceProcessor::execute queues: 4, RefProcThreadModel::Multi, marks_oops_alive: false
[22.634s][debug][gc,ref         ] GC(42) Skipped phase 3 of Reference Processing: no references
[22.634s][debug][gc,ref         ] GC(42) ReferenceProcessor::execute queues: 1, RefProcThreadModel::Single, marks_oops_alive: false
[22.634s][debug][gc,phases      ] GC(42) Reference Processing 0.587ms
[22.634s][debug][gc,phases      ] GC(42)   VM Weak                        Min:  0.0, Avg:  0.0, Max:  0.0, Diff:  0.0, Sum:  0.0, Workers: 4
[22.634s][debug][gc,phases      ] GC(42)     Dead                           Min: 0, Avg:  0.0, Max: 0, Diff: 0, Sum: 0, Workers: 4
[22.634s][debug][gc,phases      ] GC(42)     Total                          Min: 0, Avg: 147.8, Max: 207, Diff: 207, Sum: 591, Workers: 4
[22.634s][debug][gc,phases      ] GC(42)   ObjectSynchronizer Weak        Min:  0.0, Avg:  0.0, Max:  0.0, Diff:  0.0, Sum:  0.0, Workers: 4
[22.634s][debug][gc,phases      ] GC(42)     Dead                           Min: 0, Avg:  0.2, Max: 1, Diff: 1, Sum: 1, Workers: 4
[22.634s][debug][gc,phases      ] GC(42)     Total                          Min: 0, Avg: 82.0, Max: 128, Diff: 128, Sum: 328, Workers: 4
[22.635s][debug][gc,phases      ] GC(42)   JVMTI Tag Weak OopStorage      Min:  0.0, Avg:  0.0, Max:  0.0, Diff:  0.0, Sum:  0.0, Workers: 4
[22.635s][debug][gc,phases      ] GC(42)     Dead                           Min: 0, Avg:  0.0, Max: 0, Diff: 0, Sum: 0, Workers: 4
[22.635s][debug][gc,phases      ] GC(42)     Total                          Min: 0, Avg:  0.0, Max: 0, Diff: 0, Sum: 0, Workers: 4
[22.635s][debug][gc,phases      ] GC(42)   StringTable Weak               Min:  0.2, Avg:  0.2, Max:  0.2, Diff:  0.0, Sum:  0.6, Workers: 4
[22.635s][debug][gc,phases      ] GC(42)     Dead                           Min: 0, Avg:  0.0, Max: 0, Diff: 0, Sum: 0, Workers: 4
[22.635s][debug][gc,phases      ] GC(42)     Total                          Min: 9344, Avg: 10712.8, Max: 12323, Diff: 2979, Sum: 42851, Workers: 4
[22.635s][debug][gc,phases      ] GC(42)   ResolvedMethodTable Weak       Min:  0.0, Avg:  0.0, Max:  0.0, Diff:  0.0, Sum:  0.1, Workers: 4
[22.635s][debug][gc,phases      ] GC(42)     Dead                           Min: 0, Avg:  0.0, Max: 0, Diff: 0, Sum: 0, Workers: 4
[22.635s][debug][gc,phases      ] GC(42)     Total                          Min: 1536, Avg: 1788.5, Max: 2227, Diff: 691, Sum: 7154, Workers: 4
[22.635s][debug][gc,phases      ] GC(42)   JNI Weak                       Min:  0.0, Avg:  0.0, Max:  0.0, Diff:  0.0, Sum:  0.0, Workers: 4
[22.635s][debug][gc,phases      ] GC(42)     Dead                           Min: 0, Avg:  0.0, Max: 0, Diff: 0, Sum: 0, Workers: 4
[22.635s][debug][gc,phases      ] GC(42)     Total                          Min: 0, Avg:  3.0, Max: 12, Diff: 12, Sum: 12, Workers: 4
[22.635s][debug][gc,phases      ] GC(42)   StringDedup Table Weak         Min:  0.0, Avg:  0.0, Max:  0.0, Diff:  0.0, Sum:  0.0, Workers: 4
[22.635s][debug][gc,phases      ] GC(42)     Dead                           Min: 0, Avg:  0.0, Max: 0, Diff: 0, Sum: 0, Workers: 4
[22.635s][debug][gc,phases      ] GC(42)     Total                          Min: 0, Avg:  0.0, Max: 0, Diff: 0, Sum: 0, Workers: 4
[22.635s][debug][gc,phases      ] GC(42)   StringDedup Requests0 Weak     Min:  0.0, Avg:  0.0, Max:  0.0, Diff:  0.0, Sum:  0.0, Workers: 4
[22.635s][debug][gc,phases      ] GC(42)     Dead                           Min: 0, Avg:  0.0, Max: 0, Diff: 0, Sum: 0, Workers: 4
[22.635s][debug][gc,phases      ] GC(42)     Total                          Min: 0, Avg:  0.0, Max: 0, Diff: 0, Sum: 0, Workers: 4
[22.635s][debug][gc,phases      ] GC(42)   StringDedup Requests1 Weak     Min:  0.0, Avg:  0.0, Max:  0.0, Diff:  0.0, Sum:  0.0, Workers: 4
[22.635s][debug][gc,phases      ] GC(42)     Dead                           Min: 0, Avg:  0.0, Max: 0, Diff: 0, Sum: 0, Workers: 4
[22.635s][debug][gc,phases      ] GC(42)     Total                          Min: 0, Avg:  0.0, Max: 0, Diff: 0, Sum: 0, Workers: 4
[22.635s][debug][gc,phases      ] GC(42)   Weak JFR Old Object Samples    Min:  0.0, Avg:  0.0, Max:  0.0, Diff:  0.0, Sum:  0.0, Workers: 4
[22.635s][debug][gc,phases      ] GC(42)     Dead                           Min: 0, Avg:  0.0, Max: 0, Diff: 0, Sum: 0, Workers: 4
[22.635s][debug][gc,phases      ] GC(42)     Total                          Min: 0, Avg:  0.0, Max: 0, Diff: 0, Sum: 0, Workers: 4
[22.635s][debug][gc,phases      ] GC(42) Weak Processing 0.362ms
[22.635s][debug][gc,phases      ] GC(42) ClassLoaderData 0.084ms
[22.635s][debug][gc,phases      ] GC(42) Trigger cleanups 0.000ms
[22.645s][debug][gc,phases      ] GC(42) Class Unloading 9.922ms
[22.645s][info ][gc,phases      ] GC(42) Marking Phase 192.232ms
[22.645s][info ][gc,phases,start] GC(42) Summary Phase
[22.645s][info ][gc,phases      ] GC(42) Summary Phase 0.012ms
[22.645s][info ][gc,phases,start] GC(42) Adjust Roots
[22.654s][info ][gc,phases      ] GC(42) Adjust Roots 9.559ms
[22.654s][info ][gc,phases,start] GC(42) Compaction Phase
[23.125s][info ][gc,phases      ] GC(42) Compaction Phase 470.978ms
[23.125s][info ][gc,phases,start] GC(42) Post Compact
[23.127s][info ][gc,phases      ] GC(42) Post Compact 1.746ms
[23.127s][info ][gc,heap        ] GC(42) PSYoungGen: 95376K(1838080K)->19588K(1838080K) Eden: 0K(1576960K)->0K(1576960K) From: 95376K(261120K)->19588K(261120K)
[23.127s][info ][gc,heap        ] GC(42) ParOldGen: 431118K(470016K)->469708K(565248K)
[23.127s][info ][gc,metaspace   ] GC(42) Metaspace: 68343K(69120K)->68343K(69120K) NonClass: 58386K(58816K)->58386K(58816K) Class: 9956K(10304K)->9956K(10304K)
[23.127s][info ][gc             ] GC(42) Pause Full (Ergonomics) 514M->477M(2347M) 674.863ms
[23.127s][info ][gc,cpu         ] GC(42) User=2.60s Sys=0.02s Real=0.68s
[23.140s][info ][safepoint      ] Safepoint "ParallelGCFailedAllocation", Time since last: 411321415 ns, Reaching safepoint: 2173156 ns, At safepoint: 758353189 ns, Total: 760526345 ns
[23.494s][info ][gc,start       ] GC(43) Pause Young (Allocation Failure)
[23.560s][debug][gc,phases      ] GC(43) Scavenge 66.004ms
[23.560s][debug][gc,ref         ] GC(43) Skipped phase 1 of Reference Processing: no references
[23.561s][debug][gc,ref         ] GC(43) ReferenceProcessor::execute queues: 1, RefProcThreadModel::Single, marks_oops_alive: false
[23.561s][debug][gc,ref         ] GC(43) Skipped phase 3 of Reference Processing: no references
[23.561s][debug][gc,ref         ] GC(43) Skipped phase 4 of Reference Processing: no references
[23.561s][debug][gc,phases      ] GC(43) Reference Processing 0.110ms
[23.561s][debug][gc,phases      ] GC(43)   VM Weak                        Min:  0.0, Avg:  0.0, Max:  0.0, Diff:  0.0, Sum:  0.0, Workers: 4
[23.561s][debug][gc,phases      ] GC(43)     Dead                           Min: 0, Avg:  0.0, Max: 0, Diff: 0, Sum: 0, Workers: 4
[23.561s][debug][gc,phases      ] GC(43)     Total                          Min: 0, Avg: 147.8, Max: 335, Diff: 335, Sum: 591, Workers: 4
[23.561s][debug][gc,phases      ] GC(43)   ObjectSynchronizer Weak        Min:  0.0, Avg:  0.0, Max:  0.0, Diff:  0.0, Sum:  0.0, Workers: 4
[23.561s][debug][gc,phases      ] GC(43)     Dead                           Min: 0, Avg:  0.0, Max: 0, Diff: 0, Sum: 0, Workers: 4
[23.561s][debug][gc,phases      ] GC(43)     Total                          Min: 0, Avg: 82.0, Max: 192, Diff: 192, Sum: 328, Workers: 4
[23.561s][debug][gc,phases      ] GC(43)   JVMTI Tag Weak OopStorage      Min:  0.0, Avg:  0.0, Max:  0.0, Diff:  0.0, Sum:  0.0, Workers: 4
[23.561s][debug][gc,phases      ] GC(43)     Dead                           Min: 0, Avg:  0.0, Max: 0, Diff: 0, Sum: 0, Workers: 4
[23.561s][debug][gc,phases      ] GC(43)     Total                          Min: 0, Avg:  0.0, Max: 0, Diff: 0, Sum: 0, Workers: 4
[23.561s][debug][gc,phases      ] GC(43)   StringTable Weak               Min:  0.1, Avg:  0.1, Max:  0.1, Diff:  0.0, Sum:  0.4, Workers: 4
[23.561s][debug][gc,phases      ] GC(43)     Dead                           Min: 0, Avg:  2.8, Max: 11, Diff: 11, Sum: 11, Workers: 4
[23.561s][debug][gc,phases      ] GC(43)     Total                          Min: 9979, Avg: 10712.8, Max: 11840, Diff: 1861, Sum: 42851, Workers: 4
[23.561s][debug][gc,phases      ] GC(43)   ResolvedMethodTable Weak       Min:  0.0, Avg:  0.0, Max:  0.0, Diff:  0.0, Sum:  0.1, Workers: 4
[23.561s][debug][gc,phases      ] GC(43)     Dead                           Min: 0, Avg:  0.0, Max: 0, Diff: 0, Sum: 0, Workers: 4
[23.561s][debug][gc,phases      ] GC(43)     Total                          Min: 1599, Avg: 1788.5, Max: 1983, Diff: 384, Sum: 7154, Workers: 4
[23.561s][debug][gc,phases      ] GC(43)   JNI Weak                       Min:  0.0, Avg:  0.0, Max:  0.0, Diff:  0.0, Sum:  0.0, Workers: 4
[23.561s][debug][gc,phases      ] GC(43)     Dead                           Min: 0, Avg:  0.0, Max: 0, Diff: 0, Sum: 0, Workers: 4
[23.561s][debug][gc,phases      ] GC(43)     Total                          Min: 0, Avg:  3.2, Max: 13, Diff: 13, Sum: 13, Workers: 4
[23.561s][debug][gc,phases      ] GC(43)   StringDedup Table Weak         Min:  0.0, Avg:  0.0, Max:  0.0, Diff:  0.0, Sum:  0.0, Workers: 4
[23.561s][debug][gc,phases      ] GC(43)     Dead                           Min: 0, Avg:  0.0, Max: 0, Diff: 0, Sum: 0, Workers: 4
[23.561s][debug][gc,phases      ] GC(43)     Total                          Min: 0, Avg:  0.0, Max: 0, Diff: 0, Sum: 0, Workers: 4
[23.561s][debug][gc,phases      ] GC(43)   StringDedup Requests0 Weak     Min:  0.0, Avg:  0.0, Max:  0.0, Diff:  0.0, Sum:  0.0, Workers: 4
[23.561s][debug][gc,phases      ] GC(43)     Dead                           Min: 0, Avg:  0.0, Max: 0, Diff: 0, Sum: 0, Workers: 4
[23.561s][debug][gc,phases      ] GC(43)     Total                          Min: 0, Avg:  0.0, Max: 0, Diff: 0, Sum: 0, Workers: 4
[23.561s][debug][gc,phases      ] GC(43)   StringDedup Requests1 Weak     Min:  0.0, Avg:  0.0, Max:  0.0, Diff:  0.0, Sum:  0.0, Workers: 4
[23.561s][debug][gc,phases      ] GC(43)     Dead                           Min: 0, Avg:  0.0, Max: 0, Diff: 0, Sum: 0, Workers: 4
[23.561s][debug][gc,phases      ] GC(43)     Total                          Min: 0, Avg:  0.0, Max: 0, Diff: 0, Sum: 0, Workers: 4
[23.561s][debug][gc,phases      ] GC(43)   Weak JFR Old Object Samples    Min:  0.0, Avg:  0.0, Max:  0.0, Diff:  0.0, Sum:  0.0, Workers: 4
[23.561s][debug][gc,phases      ] GC(43)     Dead                           Min: 0, Avg:  0.0, Max: 0, Diff: 0, Sum: 0, Workers: 4
[23.561s][debug][gc,phases      ] GC(43)     Total                          Min: 0, Avg:  0.0, Max: 0, Diff: 0, Sum: 0, Workers: 4
[23.561s][debug][gc,phases      ] GC(43) Weak Processing 0.319ms
[23.561s][debug][gc,age         ] GC(43) Desired survivor size 275251200 bytes, new threshold 15 (max threshold 15)
[23.561s][info ][gc,heap        ] GC(43) PSYoungGen: 1596548K(1838080K)->17632K(1594880K) Eden: 1576960K(1576960K)->0K(1576960K) From: 19588K(261120K)->17632K(17920K)
[23.561s][info ][gc,heap        ] GC(43) ParOldGen: 469708K(565248K)->473156K(565248K)
[23.561s][info ][gc,metaspace   ] GC(43) Metaspace: 68346K(69120K)->68346K(69120K) NonClass: 58389K(58816K)->58389K(58816K) Class: 9956K(10304K)->9956K(10304K)
[23.561s][info ][gc             ] GC(43) Pause Young (Allocation Failure) 2017M->479M(2109M) 66.573ms
[23.561s][info ][gc,cpu         ] GC(43) User=0.32s Sys=0.00s Real=0.07s
[23.561s][info ][safepoint      ] Safepoint "ParallelGCFailedAllocation", Time since last: 354494864 ns, Reaching safepoint: 125904 ns, At safepoint: 66676404 ns, Total: 66802308 ns
[24.018s][info ][gc,start       ] GC(44) Pause Young (Allocation Failure)
[24.026s][debug][gc,phases      ] GC(44) Scavenge 8.053ms
[24.026s][debug][gc,ref         ] GC(44) Skipped phase 1 of Reference Processing: no references
[24.027s][debug][gc,ref         ] GC(44) ReferenceProcessor::execute queues: 1, RefProcThreadModel::Single, marks_oops_alive: false
[24.027s][debug][gc,ref         ] GC(44) Skipped phase 3 of Reference Processing: no references
[24.027s][debug][gc,ref         ] GC(44) Skipped phase 4 of Reference Processing: no references
[24.027s][debug][gc,phases      ] GC(44) Reference Processing 0.116ms
[24.027s][debug][gc,phases      ] GC(44)   VM Weak                        Min:  0.0, Avg:  0.0, Max:  0.0, Diff:  0.0, Sum:  0.0, Workers: 4
[24.027s][debug][gc,phases      ] GC(44)     Dead                           Min: 0, Avg:  0.0, Max: 0, Diff: 0, Sum: 0, Workers: 4
[24.027s][debug][gc,phases      ] GC(44)     Total                          Min: 0, Avg: 147.8, Max: 512, Diff: 512, Sum: 591, Workers: 4
[24.027s][debug][gc,phases      ] GC(44)   ObjectSynchronizer Weak        Min:  0.0, Avg:  0.0, Max:  0.0, Diff:  0.0, Sum:  0.0, Workers: 4
[24.027s][debug][gc,phases      ] GC(44)     Dead                           Min: 0, Avg:  0.0, Max: 0, Diff: 0, Sum: 0, Workers: 4
[24.027s][debug][gc,phases      ] GC(44)     Total                          Min: 8, Avg: 82.0, Max: 128, Diff: 120, Sum: 328, Workers: 4
[24.027s][debug][gc,phases      ] GC(44)   JVMTI Tag Weak OopStorage      Min:  0.0, Avg:  0.0, Max:  0.0, Diff:  0.0, Sum:  0.0, Workers: 4
[24.027s][debug][gc,phases      ] GC(44)     Dead                           Min: 0, Avg:  0.0, Max: 0, Diff: 0, Sum: 0, Workers: 4
[24.027s][debug][gc,phases      ] GC(44)     Total                          Min: 0, Avg:  0.0, Max: 0, Diff: 0, Sum: 0, Workers: 4
[24.027s][debug][gc,phases      ] GC(44)   StringTable Weak               Min:  0.1, Avg:  0.1, Max:  0.1, Diff:  0.0, Sum:  0.6, Workers: 4
[24.027s][debug][gc,phases      ] GC(44)     Dead                           Min: 0, Avg:  2.8, Max: 11, Diff: 11, Sum: 11, Workers: 4
[24.027s][debug][gc,phases      ] GC(44)     Total                          Min: 10088, Avg: 10712.8, Max: 11840, Diff: 1752, Sum: 42851, Workers: 4
[24.027s][debug][gc,phases      ] GC(44)   ResolvedMethodTable Weak       Min:  0.0, Avg:  0.0, Max:  0.0, Diff:  0.0, Sum:  0.1, Workers: 4
[24.027s][debug][gc,phases      ] GC(44)     Dead                           Min: 0, Avg:  0.0, Max: 0, Diff: 0, Sum: 0, Workers: 4
[24.027s][debug][gc,phases      ] GC(44)     Total                          Min: 1663, Avg: 1788.5, Max: 1972, Diff: 309, Sum: 7154, Workers: 4
[24.027s][debug][gc,phases      ] GC(44)   JNI Weak                       Min:  0.0, Avg:  0.0, Max:  0.0, Diff:  0.0, Sum:  0.0, Workers: 4
[24.027s][debug][gc,phases      ] GC(44)     Dead                           Min: 0, Avg:  0.0, Max: 0, Diff: 0, Sum: 0, Workers: 4
[24.027s][debug][gc,phases      ] GC(44)     Total                          Min: 0, Avg:  3.2, Max: 13, Diff: 13, Sum: 13, Workers: 4
[24.027s][debug][gc,phases      ] GC(44)   StringDedup Table Weak         Min:  0.0, Avg:  0.0, Max:  0.0, Diff:  0.0, Sum:  0.0, Workers: 4
[24.027s][debug][gc,phases      ] GC(44)     Dead                           Min: 0, Avg:  0.0, Max: 0, Diff: 0, Sum: 0, Workers: 4
[24.027s][debug][gc,phases      ] GC(44)     Total                          Min: 0, Avg:  0.0, Max: 0, Diff: 0, Sum: 0, Workers: 4
[24.027s][debug][gc,phases      ] GC(44)   StringDedup Requests0 Weak     Min:  0.0, Avg:  0.0, Max:  0.0, Diff:  0.0, Sum:  0.0, Workers: 4
[24.027s][debug][gc,phases      ] GC(44)     Dead                           Min: 0, Avg:  0.0, Max: 0, Diff: 0, Sum: 0, Workers: 4
[24.027s][debug][gc,phases      ] GC(44)     Total                          Min: 0, Avg:  0.0, Max: 0, Diff: 0, Sum: 0, Workers: 4
[24.027s][debug][gc,phases      ] GC(44)   StringDedup Requests1 Weak     Min:  0.0, Avg:  0.0, Max:  0.0, Diff:  0.0, Sum:  0.0, Workers: 4
[24.027s][debug][gc,phases      ] GC(44)     Dead                           Min: 0, Avg:  0.0, Max: 0, Diff: 0, Sum: 0, Workers: 4
[24.027s][debug][gc,phases      ] GC(44)     Total                          Min: 0, Avg:  0.0, Max: 0, Diff: 0, Sum: 0, Workers: 4
[24.027s][debug][gc,phases      ] GC(44)   Weak JFR Old Object Samples    Min:  0.0, Avg:  0.0, Max:  0.0, Diff:  0.0, Sum:  0.0, Workers: 4
[24.027s][debug][gc,phases      ] GC(44)     Dead                           Min: 0, Avg:  0.0, Max: 0, Diff: 0, Sum: 0, Workers: 4
[24.027s][debug][gc,phases      ] GC(44)     Total                          Min: 0, Avg:  0.0, Max: 0, Diff: 0, Sum: 0, Workers: 4
[24.027s][debug][gc,phases      ] GC(44) Weak Processing 0.404ms
[24.027s][debug][gc,age         ] GC(44) Desired survivor size 281018368 bytes, new threshold 15 (max threshold 15)
[24.027s][info ][gc,heap        ] GC(44) PSYoungGen: 1594592K(1594880K)->18432K(1817088K) Eden: 1576960K(1576960K)->0K(1548288K) From: 17632K(17920K)->18432K(268800K)
[24.027s][info ][gc,heap        ] GC(44) ParOldGen: 473156K(565248K)->473436K(565248K)
[24.027s][info ][gc,metaspace   ] GC(44) Metaspace: 68346K(69120K)->68346K(69120K) NonClass: 58389K(58816K)->58389K(58816K) Class: 9956K(10304K)->9956K(10304K)
[24.027s][info ][gc             ] GC(44) Pause Young (Allocation Failure) 2019M->480M(2326M) 8.731ms
[24.027s][info ][gc,cpu         ] GC(44) User=0.03s Sys=0.01s Real=0.02s
[24.027s][info ][safepoint      ] Safepoint "ParallelGCFailedAllocation", Time since last: 452564173 ns, Reaching safepoint: 4697920 ns, At safepoint: 8864427 ns, Total: 13562347 ns
[24.484s][info ][gc,start       ] GC(45) Pause Young (Allocation Failure)
[24.497s][debug][gc,phases      ] GC(45) Scavenge 12.864ms
[24.497s][debug][gc,ref         ] GC(45) Skipped phase 1 of Reference Processing: no references
[24.497s][debug][gc,ref         ] GC(45) ReferenceProcessor::execute queues: 1, RefProcThreadModel::Single, marks_oops_alive: false
[24.497s][debug][gc,ref         ] GC(45) Skipped phase 3 of Reference Processing: no references
[24.497s][debug][gc,ref         ] GC(45) Skipped phase 4 of Reference Processing: no references
[24.497s][debug][gc,phases      ] GC(45) Reference Processing 0.127ms
[24.497s][debug][gc,phases      ] GC(45)   VM Weak                        Min:  0.0, Avg:  0.0, Max:  0.0, Diff:  0.0, Sum:  0.0, Workers: 4
[24.497s][debug][gc,phases      ] GC(45)     Dead                           Min: 0, Avg:  0.0, Max: 0, Diff: 0, Sum: 0, Workers: 4
[24.497s][debug][gc,phases      ] GC(45)     Total                          Min: 0, Avg: 147.8, Max: 320, Diff: 320, Sum: 591, Workers: 4
[24.497s][debug][gc,phases      ] GC(45)   ObjectSynchronizer Weak        Min:  0.0, Avg:  0.0, Max:  0.0, Diff:  0.0, Sum:  0.0, Workers: 4
[24.497s][debug][gc,phases      ] GC(45)     Dead                           Min: 0, Avg:  0.0, Max: 0, Diff: 0, Sum: 0, Workers: 4
[24.497s][debug][gc,phases      ] GC(45)     Total                          Min: 0, Avg: 82.0, Max: 192, Diff: 192, Sum: 328, Workers: 4
[24.497s][debug][gc,phases      ] GC(45)   JVMTI Tag Weak OopStorage      Min:  0.0, Avg:  0.0, Max:  0.0, Diff:  0.0, Sum:  0.0, Workers: 4
[24.497s][debug][gc,phases      ] GC(45)     Dead                           Min: 0, Avg:  0.0, Max: 0, Diff: 0, Sum: 0, Workers: 4
[24.497s][debug][gc,phases      ] GC(45)     Total                          Min: 0, Avg:  0.0, Max: 0, Diff: 0, Sum: 0, Workers: 4
[24.497s][debug][gc,phases      ] GC(45)   StringTable Weak               Min:  0.1, Avg:  0.1, Max:  0.1, Diff:  0.0, Sum:  0.5, Workers: 4
[24.497s][debug][gc,phases      ] GC(45)     Dead                           Min: 0, Avg:  2.8, Max: 11, Diff: 11, Sum: 11, Workers: 4
[24.497s][debug][gc,phases      ] GC(45)     Total                          Min: 10355, Avg: 10715.5, Max: 11328, Diff: 973, Sum: 42862, Workers: 4
[24.497s][debug][gc,phases      ] GC(45)   ResolvedMethodTable Weak       Min:  0.0, Avg:  0.0, Max:  0.0, Diff:  0.0, Sum:  0.1, Workers: 4
[24.497s][debug][gc,phases      ] GC(45)     Dead                           Min: 0, Avg:  0.0, Max: 0, Diff: 0, Sum: 0, Workers: 4
[24.497s][debug][gc,phases      ] GC(45)     Total                          Min: 1599, Avg: 1788.5, Max: 1919, Diff: 320, Sum: 7154, Workers: 4
[24.497s][debug][gc,phases      ] GC(45)   JNI Weak                       Min:  0.0, Avg:  0.0, Max:  0.0, Diff:  0.0, Sum:  0.0, Workers: 4
[24.497s][debug][gc,phases      ] GC(45)     Dead                           Min: 0, Avg:  0.0, Max: 0, Diff: 0, Sum: 0, Workers: 4
[24.497s][debug][gc,phases      ] GC(45)     Total                          Min: 0, Avg:  2.5, Max: 10, Diff: 10, Sum: 10, Workers: 4
[24.497s][debug][gc,phases      ] GC(45)   StringDedup Table Weak         Min:  0.0, Avg:  0.0, Max:  0.0, Diff:  0.0, Sum:  0.0, Workers: 4
[24.497s][debug][gc,phases      ] GC(45)     Dead                           Min: 0, Avg:  0.0, Max: 0, Diff: 0, Sum: 0, Workers: 4
[24.497s][debug][gc,phases      ] GC(45)     Total                          Min: 0, Avg:  0.0, Max: 0, Diff: 0, Sum: 0, Workers: 4
[24.497s][debug][gc,phases      ] GC(45)   StringDedup Requests0 Weak     Min:  0.0, Avg:  0.0, Max:  0.0, Diff:  0.0, Sum:  0.0, Workers: 4
[24.497s][debug][gc,phases      ] GC(45)     Dead                           Min: 0, Avg:  0.0, Max: 0, Diff: 0, Sum: 0, Workers: 4
[24.497s][debug][gc,phases      ] GC(45)     Total                          Min: 0, Avg:  0.0, Max: 0, Diff: 0, Sum: 0, Workers: 4
[24.497s][debug][gc,phases      ] GC(45)   StringDedup Requests1 Weak     Min:  0.0, Avg:  0.0, Max:  0.0, Diff:  0.0, Sum:  0.0, Workers: 4
[24.497s][debug][gc,phases      ] GC(45)     Dead                           Min: 0, Avg:  0.0, Max: 0, Diff: 0, Sum: 0, Workers: 4
[24.497s][debug][gc,phases      ] GC(45)     Total                          Min: 0, Avg:  0.0, Max: 0, Diff: 0, Sum: 0, Workers: 4
[24.497s][debug][gc,phases      ] GC(45)   Weak JFR Old Object Samples    Min:  0.0, Avg:  0.0, Max:  0.0, Diff:  0.0, Sum:  0.0, Workers: 4
[24.497s][debug][gc,phases      ] GC(45)     Dead                           Min: 0, Avg:  0.0, Max: 0, Diff: 0, Sum: 0, Workers: 4
[24.497s][debug][gc,phases      ] GC(45)     Total                          Min: 0, Avg:  0.0, Max: 0, Diff: 0, Sum: 0, Workers: 4
[24.497s][debug][gc,phases      ] GC(45) Weak Processing 0.408ms
[24.497s][debug][gc,age         ] GC(45) Desired survivor size 282591232 bytes, new threshold 15 (max threshold 15)
[24.497s][info ][gc,heap        ] GC(45) PSYoungGen: 1566720K(1817088K)->21472K(1569792K) Eden: 1548288K(1548288K)->0K(1548288K) From: 18432K(268800K)->21472K(21504K)
[24.497s][info ][gc,heap        ] GC(45) ParOldGen: 473436K(565248K)->474204K(565248K)
[24.497s][info ][gc,metaspace   ] GC(45) Metaspace: 68356K(69120K)->68356K(69120K) NonClass: 58399K(58816K)->58399K(58816K) Class: 9956K(10304K)->9956K(10304K)
[24.497s][info ][gc             ] GC(45) Pause Young (Allocation Failure) 1992M->484M(2085M) 13.582ms
[24.497s][info ][gc,cpu         ] GC(45) User=0.06s Sys=0.00s Real=0.01s
[24.497s][info ][safepoint      ] Safepoint "ParallelGCFailedAllocation", Time since last: 456282168 ns, Reaching safepoint: 162704 ns, At safepoint: 13716851 ns, Total: 13879555 ns
[24.843s][info ][gc,start       ] GC(46) Pause Young (Allocation Failure)
[24.854s][debug][gc,phases      ] GC(46) Scavenge 10.639ms
[24.854s][debug][gc,ref         ] GC(46) Skipped phase 1 of Reference Processing: no references
[24.854s][debug][gc,ref         ] GC(46) ReferenceProcessor::execute queues: 1, RefProcThreadModel::Single, marks_oops_alive: false
[24.854s][debug][gc,ref         ] GC(46) Skipped phase 3 of Reference Processing: no references
[24.854s][debug][gc,ref         ] GC(46) Skipped phase 4 of Reference Processing: no references
[24.854s][debug][gc,phases      ] GC(46) Reference Processing 0.122ms
[24.854s][debug][gc,phases      ] GC(46)   VM Weak                        Min:  0.0, Avg:  0.0, Max:  0.0, Diff:  0.0, Sum:  0.0, Workers: 4
[24.854s][debug][gc,phases      ] GC(46)     Dead                           Min: 0, Avg:  0.0, Max: 0, Diff: 0, Sum: 0, Workers: 4
[24.854s][debug][gc,phases      ] GC(46)     Total                          Min: 0, Avg: 147.8, Max: 207, Diff: 207, Sum: 591, Workers: 4
[24.854s][debug][gc,phases      ] GC(46)   ObjectSynchronizer Weak        Min:  0.0, Avg:  0.0, Max:  0.0, Diff:  0.0, Sum:  0.0, Workers: 4
[24.854s][debug][gc,phases      ] GC(46)     Dead                           Min: 0, Avg:  0.0, Max: 0, Diff: 0, Sum: 0, Workers: 4
[24.854s][debug][gc,phases      ] GC(46)     Total                          Min: 0, Avg: 82.0, Max: 128, Diff: 128, Sum: 328, Workers: 4
[24.854s][debug][gc,phases      ] GC(46)   JVMTI Tag Weak OopStorage      Min:  0.0, Avg:  0.0, Max:  0.0, Diff:  0.0, Sum:  0.0, Workers: 4
[24.854s][debug][gc,phases      ] GC(46)     Dead                           Min: 0, Avg:  0.0, Max: 0, Diff: 0, Sum: 0, Workers: 4
[24.854s][debug][gc,phases      ] GC(46)     Total                          Min: 0, Avg:  0.0, Max: 0, Diff: 0, Sum: 0, Workers: 4
[24.854s][debug][gc,phases      ] GC(46)   StringTable Weak               Min:  0.1, Avg:  0.1, Max:  0.1, Diff:  0.0, Sum:  0.5, Workers: 4
[24.854s][debug][gc,phases      ] GC(46)     Dead                           Min: 0, Avg:  2.8, Max: 11, Diff: 11, Sum: 11, Workers: 4
[24.854s][debug][gc,phases      ] GC(46)     Total                          Min: 10362, Avg: 10717.2, Max: 11136, Diff: 774, Sum: 42869, Workers: 4
[24.854s][debug][gc,phases      ] GC(46)   ResolvedMethodTable Weak       Min:  0.0, Avg:  0.0, Max:  0.0, Diff:  0.0, Sum:  0.1, Workers: 4
[24.854s][debug][gc,phases      ] GC(46)     Dead                           Min: 0, Avg:  0.0, Max: 0, Diff: 0, Sum: 0, Workers: 4
[24.854s][debug][gc,phases      ] GC(46)     Total                          Min: 0, Avg: 1788.5, Max: 2560, Diff: 2560, Sum: 7154, Workers: 4
[24.854s][debug][gc,phases      ] GC(46)   JNI Weak                       Min:  0.0, Avg:  0.0, Max:  0.0, Diff:  0.0, Sum:  0.0, Workers: 4
[24.854s][debug][gc,phases      ] GC(46)     Dead                           Min: 0, Avg:  0.0, Max: 0, Diff: 0, Sum: 0, Workers: 4
[24.854s][debug][gc,phases      ] GC(46)     Total                          Min: 0, Avg:  1.2, Max: 5, Diff: 5, Sum: 5, Workers: 4
[24.854s][debug][gc,phases      ] GC(46)   StringDedup Table Weak         Min:  0.0, Avg:  0.0, Max:  0.0, Diff:  0.0, Sum:  0.0, Workers: 4
[24.854s][debug][gc,phases      ] GC(46)     Dead                           Min: 0, Avg:  0.0, Max: 0, Diff: 0, Sum: 0, Workers: 4
[24.854s][debug][gc,phases      ] GC(46)     Total                          Min: 0, Avg:  0.0, Max: 0, Diff: 0, Sum: 0, Workers: 4
[24.854s][debug][gc,phases      ] GC(46)   StringDedup Requests0 Weak     Min:  0.0, Avg:  0.0, Max:  0.0, Diff:  0.0, Sum:  0.0, Workers: 4
[24.854s][debug][gc,phases      ] GC(46)     Dead                           Min: 0, Avg:  0.0, Max: 0, Diff: 0, Sum: 0, Workers: 4
[24.854s][debug][gc,phases      ] GC(46)     Total                          Min: 0, Avg:  0.0, Max: 0, Diff: 0, Sum: 0, Workers: 4
[24.854s][debug][gc,phases      ] GC(46)   StringDedup Requests1 Weak     Min:  0.0, Avg:  0.0, Max:  0.0, Diff:  0.0, Sum:  0.0, Workers: 4
[24.854s][debug][gc,phases      ] GC(46)     Dead                           Min: 0, Avg:  0.0, Max: 0, Diff: 0, Sum: 0, Workers: 4
[24.854s][debug][gc,phases      ] GC(46)     Total                          Min: 0, Avg:  0.0, Max: 0, Diff: 0, Sum: 0, Workers: 4
[24.854s][debug][gc,phases      ] GC(46)   Weak JFR Old Object Samples    Min:  0.0, Avg:  0.0, Max:  0.0, Diff:  0.0, Sum:  0.0, Workers: 4
[24.854s][debug][gc,phases      ] GC(46)     Dead                           Min: 0, Avg:  0.0, Max: 0, Diff: 0, Sum: 0, Workers: 4
[24.854s][debug][gc,phases      ] GC(46)     Total                          Min: 0, Avg:  0.0, Max: 0, Diff: 0, Sum: 0, Workers: 4
[24.854s][debug][gc,phases      ] GC(46) Weak Processing 0.344ms
[24.854s][debug][gc,age         ] GC(46) Desired survivor size 280494080 bytes, new threshold 15 (max threshold 15)
[24.854s][info ][gc,heap        ] GC(46) PSYoungGen: 1569760K(1569792K)->24320K(1823232K) Eden: 1548288K(1548288K)->0K(1547264K) From: 21472K(21504K)->24320K(275968K)
[24.854s][info ][gc,heap        ] GC(46) ParOldGen: 474204K(565248K)->475140K(565248K)
[24.854s][info ][gc,metaspace   ] GC(46) Metaspace: 68356K(69120K)->68356K(69120K) NonClass: 58399K(58816K)->58399K(58816K) Class: 9956K(10304K)->9956K(10304K)
[24.854s][info ][gc             ] GC(46) Pause Young (Allocation Failure) 1996M->487M(2332M) 11.244ms
[24.854s][info ][gc,cpu         ] GC(46) User=0.05s Sys=0.00s Real=0.01s
[24.854s][info ][safepoint      ] Safepoint "ParallelGCFailedAllocation", Time since last: 345417433 ns, Reaching safepoint: 185005 ns, At safepoint: 11369291 ns, Total: 11554296 ns
[25.314s][info ][gc,start       ] GC(47) Pause Young (Allocation Failure)
[25.324s][debug][gc,phases      ] GC(47) Scavenge 10.160ms
[25.324s][debug][gc,ref         ] GC(47) Skipped phase 1 of Reference Processing: no references
[25.324s][debug][gc,ref         ] GC(47) ReferenceProcessor::execute queues: 1, RefProcThreadModel::Single, marks_oops_alive: false
[25.324s][debug][gc,ref         ] GC(47) Skipped phase 3 of Reference Processing: no references
[25.324s][debug][gc,ref         ] GC(47) ReferenceProcessor::execute queues: 1, RefProcThreadModel::Single, marks_oops_alive: false
[25.324s][debug][gc,phases      ] GC(47) Reference Processing 0.105ms
[25.324s][debug][gc,phases      ] GC(47)   VM Weak                        Min:  0.0, Avg:  0.0, Max:  0.0, Diff:  0.0, Sum:  0.0, Workers: 4
[25.324s][debug][gc,phases      ] GC(47)     Dead                           Min: 0, Avg:  0.0, Max: 0, Diff: 0, Sum: 0, Workers: 4
[25.324s][debug][gc,phases      ] GC(47)     Total                          Min: 0, Avg: 147.8, Max: 384, Diff: 384, Sum: 591, Workers: 4
[25.324s][debug][gc,phases      ] GC(47)   ObjectSynchronizer Weak        Min:  0.0, Avg:  0.0, Max:  0.0, Diff:  0.0, Sum:  0.0, Workers: 4
[25.324s][debug][gc,phases      ] GC(47)     Dead                           Min: 0, Avg:  0.0, Max: 0, Diff: 0, Sum: 0, Workers: 4
[25.324s][debug][gc,phases      ] GC(47)     Total                          Min: 0, Avg: 82.0, Max: 192, Diff: 192, Sum: 328, Workers: 4
[25.324s][debug][gc,phases      ] GC(47)   JVMTI Tag Weak OopStorage      Min:  0.0, Avg:  0.0, Max:  0.0, Diff:  0.0, Sum:  0.0, Workers: 4
[25.324s][debug][gc,phases      ] GC(47)     Dead                           Min: 0, Avg:  0.0, Max: 0, Diff: 0, Sum: 0, Workers: 4
[25.324s][debug][gc,phases      ] GC(47)     Total                          Min: 0, Avg:  0.0, Max: 0, Diff: 0, Sum: 0, Workers: 4
[25.324s][debug][gc,phases      ] GC(47)   StringTable Weak               Min:  0.1, Avg:  0.1, Max:  0.1, Diff:  0.0, Sum:  0.4, Workers: 4
[25.324s][debug][gc,phases      ] GC(47)     Dead                           Min: 0, Avg:  3.0, Max: 9, Diff: 9, Sum: 12, Workers: 4
[25.324s][debug][gc,phases      ] GC(47)     Total                          Min: 10048, Avg: 10720.5, Max: 11458, Diff: 1410, Sum: 42882, Workers: 4
[25.324s][debug][gc,phases      ] GC(47)   ResolvedMethodTable Weak       Min:  0.0, Avg:  0.0, Max:  0.0, Diff:  0.0, Sum:  0.1, Workers: 4
[25.324s][debug][gc,phases      ] GC(47)     Dead                           Min: 0, Avg:  0.0, Max: 0, Diff: 0, Sum: 0, Workers: 4
[25.324s][debug][gc,phases      ] GC(47)     Total                          Min: 1536, Avg: 1791.0, Max: 1983, Diff: 447, Sum: 7164, Workers: 4
[25.324s][debug][gc,phases      ] GC(47)   JNI Weak                       Min:  0.0, Avg:  0.0, Max:  0.0, Diff:  0.0, Sum:  0.0, Workers: 4
[25.324s][debug][gc,phases      ] GC(47)     Dead                           Min: 0, Avg:  0.0, Max: 0, Diff: 0, Sum: 0, Workers: 4
[25.324s][debug][gc,phases      ] GC(47)     Total                          Min: 0, Avg:  1.2, Max: 5, Diff: 5, Sum: 5, Workers: 4
[25.324s][debug][gc,phases      ] GC(47)   StringDedup Table Weak         Min:  0.0, Avg:  0.0, Max:  0.0, Diff:  0.0, Sum:  0.0, Workers: 4
[25.324s][debug][gc,phases      ] GC(47)     Dead                           Min: 0, Avg:  0.0, Max: 0, Diff: 0, Sum: 0, Workers: 4
[25.324s][debug][gc,phases      ] GC(47)     Total                          Min: 0, Avg:  0.0, Max: 0, Diff: 0, Sum: 0, Workers: 4
[25.324s][debug][gc,phases      ] GC(47)   StringDedup Requests0 Weak     Min:  0.0, Avg:  0.0, Max:  0.0, Diff:  0.0, Sum:  0.0, Workers: 4
[25.324s][debug][gc,phases      ] GC(47)     Dead                           Min: 0, Avg:  0.0, Max: 0, Diff: 0, Sum: 0, Workers: 4
[25.324s][debug][gc,phases      ] GC(47)     Total                          Min: 0, Avg:  0.0, Max: 0, Diff: 0, Sum: 0, Workers: 4
[25.325s][debug][gc,phases      ] GC(47)   StringDedup Requests1 Weak     Min:  0.0, Avg:  0.0, Max:  0.0, Diff:  0.0, Sum:  0.0, Workers: 4
[25.325s][debug][gc,phases      ] GC(47)     Dead                           Min: 0, Avg:  0.0, Max: 0, Diff: 0, Sum: 0, Workers: 4
[25.325s][debug][gc,phases      ] GC(47)     Total                          Min: 0, Avg:  0.0, Max: 0, Diff: 0, Sum: 0, Workers: 4
[25.325s][debug][gc,phases      ] GC(47)   Weak JFR Old Object Samples    Min:  0.0, Avg:  0.0, Max:  0.0, Diff:  0.0, Sum:  0.0, Workers: 4
[25.325s][debug][gc,phases      ] GC(47)     Dead                           Min: 0, Avg:  0.0, Max: 0, Diff: 0, Sum: 0, Workers: 4
[25.325s][debug][gc,phases      ] GC(47)     Total                          Min: 0, Avg:  0.0, Max: 0, Diff: 0, Sum: 0, Workers: 4
[25.325s][debug][gc,phases      ] GC(47) Weak Processing 0.290ms
[25.325s][debug][gc,age         ] GC(47) Desired survivor size 275775488 bytes, new threshold 15 (max threshold 15)
[25.325s][info ][gc,heap        ] GC(47) PSYoungGen: 1571584K(1823232K)->26992K(1821184K) Eden: 1547264K(1547264K)->0K(1547264K) From: 24320K(275968K)->26992K(273920K)
[25.325s][info ][gc,heap        ] GC(47) ParOldGen: 475140K(565248K)->476404K(565248K)
[25.325s][info ][gc,metaspace   ] GC(47) Metaspace: 68396K(69184K)->68396K(69184K) NonClass: 58430K(58880K)->58430K(58880K) Class: 9966K(10304K)->9966K(10304K)
[25.325s][info ][gc             ] GC(47) Pause Young (Allocation Failure) 1998M->491M(2330M) 10.693ms
[25.325s][info ][gc,cpu         ] GC(47) User=0.03s Sys=0.01s Real=0.01s
[25.325s][info ][safepoint      ] Safepoint "ParallelGCFailedAllocation", Time since last: 459417150 ns, Reaching safepoint: 198605 ns, At safepoint: 10811876 ns, Total: 11010481 ns
[25.419s][info ][safepoint      ] Safepoint "ICBufferFull", Time since last: 94580019 ns, Reaching safepoint: 124804 ns, At safepoint: 29000 ns, Total: 153804 ns
[25.614s][info ][safepoint      ] Safepoint "ICBufferFull", Time since last: 194122465 ns, Reaching safepoint: 143504 ns, At safepoint: 27500 ns, Total: 171004 ns
[25.615s][info ][safepoint      ] Safepoint "ICBufferFull", Time since last: 1530740 ns, Reaching safepoint: 105302 ns, At safepoint: 28901 ns, Total: 134203 ns
[25.617s][info ][safepoint      ] Safepoint "ICBufferFull", Time since last: 1480238 ns, Reaching safepoint: 107303 ns, At safepoint: 30600 ns, Total: 137903 ns
[25.621s][info ][safepoint      ] Safepoint "ICBufferFull", Time since last: 3816398 ns, Reaching safepoint: 102703 ns, At safepoint: 27600 ns, Total: 130303 ns
[25.624s][info ][safepoint      ] Safepoint "ICBufferFull", Time since last: 1096628 ns, Reaching safepoint: 2132255 ns, At safepoint: 28301 ns, Total: 2160556 ns
[25.628s][info ][safepoint      ] Safepoint "ICBufferFull", Time since last: 3428287 ns, Reaching safepoint: 111203 ns, At safepoint: 26301 ns, Total: 137504 ns
[25.634s][info ][safepoint      ] Safepoint "ICBufferFull", Time since last: 6091656 ns, Reaching safepoint: 114403 ns, At safepoint: 27000 ns, Total: 141403 ns
[25.728s][info ][gc,start       ] GC(48) Pause Young (Allocation Failure)
[25.737s][debug][gc,phases      ] GC(48) Scavenge 9.556ms
[25.737s][debug][gc,ref         ] GC(48) Skipped phase 1 of Reference Processing: no references
[25.738s][debug][gc,ref         ] GC(48) ReferenceProcessor::execute queues: 1, RefProcThreadModel::Single, marks_oops_alive: false
[25.738s][debug][gc,ref         ] GC(48) Skipped phase 3 of Reference Processing: no references
[25.738s][debug][gc,ref         ] GC(48) Skipped phase 4 of Reference Processing: no references
[25.738s][debug][gc,phases      ] GC(48) Reference Processing 0.107ms
[25.738s][debug][gc,phases      ] GC(48)   VM Weak                        Min:  0.0, Avg:  0.0, Max:  0.0, Diff:  0.0, Sum:  0.0, Workers: 4
[25.738s][debug][gc,phases      ] GC(48)     Dead                           Min: 0, Avg:  0.0, Max: 0, Diff: 0, Sum: 0, Workers: 4
[25.738s][debug][gc,phases      ] GC(48)     Total                          Min: 0, Avg: 147.8, Max: 463, Diff: 463, Sum: 591, Workers: 4
[25.738s][debug][gc,phases      ] GC(48)   ObjectSynchronizer Weak        Min:  0.0, Avg:  0.0, Max:  0.0, Diff:  0.0, Sum:  0.0, Workers: 4
[25.738s][debug][gc,phases      ] GC(48)     Dead                           Min: 0, Avg:  0.0, Max: 0, Diff: 0, Sum: 0, Workers: 4
[25.738s][debug][gc,phases      ] GC(48)     Total                          Min: 0, Avg: 82.0, Max: 192, Diff: 192, Sum: 328, Workers: 4
[25.738s][debug][gc,phases      ] GC(48)   JVMTI Tag Weak OopStorage      Min:  0.0, Avg:  0.0, Max:  0.0, Diff:  0.0, Sum:  0.0, Workers: 4
[25.738s][debug][gc,phases      ] GC(48)     Dead                           Min: 0, Avg:  0.0, Max: 0, Diff: 0, Sum: 0, Workers: 4
[25.738s][debug][gc,phases      ] GC(48)     Total                          Min: 0, Avg:  0.0, Max: 0, Diff: 0, Sum: 0, Workers: 4
[25.738s][debug][gc,phases      ] GC(48)   StringTable Weak               Min:  0.1, Avg:  0.1, Max:  0.1, Diff:  0.0, Sum:  0.4, Workers: 4
[25.738s][debug][gc,phases      ] GC(48)     Dead                           Min: 0, Avg:  2.8, Max: 11, Diff: 11, Sum: 11, Workers: 4
[25.738s][debug][gc,phases      ] GC(48)     Total                          Min: 8848, Avg: 10721.2, Max: 11831, Diff: 2983, Sum: 42885, Workers: 4
[25.738s][debug][gc,phases      ] GC(48)   ResolvedMethodTable Weak       Min:  0.0, Avg:  0.0, Max:  0.0, Diff:  0.0, Sum:  0.1, Workers: 4
[25.738s][debug][gc,phases      ] GC(48)     Dead                           Min: 0, Avg:  0.0, Max: 0, Diff: 0, Sum: 0, Workers: 4
[25.738s][debug][gc,phases      ] GC(48)     Total                          Min: 1664, Avg: 1791.0, Max: 1917, Diff: 253, Sum: 7164, Workers: 4
[25.738s][debug][gc,phases      ] GC(48)   JNI Weak                       Min:  0.0, Avg:  0.0, Max:  0.0, Diff:  0.0, Sum:  0.0, Workers: 4
[25.738s][debug][gc,phases      ] GC(48)     Dead                           Min: 0, Avg:  0.0, Max: 0, Diff: 0, Sum: 0, Workers: 4
[25.738s][debug][gc,phases      ] GC(48)     Total                          Min: 0, Avg:  1.0, Max: 4, Diff: 4, Sum: 4, Workers: 4
[25.738s][debug][gc,phases      ] GC(48)   StringDedup Table Weak         Min:  0.0, Avg:  0.0, Max:  0.0, Diff:  0.0, Sum:  0.0, Workers: 4
[25.738s][debug][gc,phases      ] GC(48)     Dead                           Min: 0, Avg:  0.0, Max: 0, Diff: 0, Sum: 0, Workers: 4
[25.738s][debug][gc,phases      ] GC(48)     Total                          Min: 0, Avg:  0.0, Max: 0, Diff: 0, Sum: 0, Workers: 4
[25.738s][debug][gc,phases      ] GC(48)   StringDedup Requests0 Weak     Min:  0.0, Avg:  0.0, Max:  0.0, Diff:  0.0, Sum:  0.0, Workers: 4
[25.738s][debug][gc,phases      ] GC(48)     Dead                           Min: 0, Avg:  0.0, Max: 0, Diff: 0, Sum: 0, Workers: 4
[25.738s][debug][gc,phases      ] GC(48)     Total                          Min: 0, Avg:  0.0, Max: 0, Diff: 0, Sum: 0, Workers: 4
[25.738s][debug][gc,phases      ] GC(48)   StringDedup Requests1 Weak     Min:  0.0, Avg:  0.0, Max:  0.0, Diff:  0.0, Sum:  0.0, Workers: 4
[25.738s][debug][gc,phases      ] GC(48)     Dead                           Min: 0, Avg:  0.0, Max: 0, Diff: 0, Sum: 0, Workers: 4
[25.738s][debug][gc,phases      ] GC(48)     Total                          Min: 0, Avg:  0.0, Max: 0, Diff: 0, Sum: 0, Workers: 4
[25.738s][debug][gc,phases      ] GC(48)   Weak JFR Old Object Samples    Min:  0.0, Avg:  0.0, Max:  0.0, Diff:  0.0, Sum:  0.0, Workers: 4
[25.738s][debug][gc,phases      ] GC(48)     Dead                           Min: 0, Avg:  0.0, Max: 0, Diff: 0, Sum: 0, Workers: 4
[25.738s][debug][gc,phases      ] GC(48)     Total                          Min: 0, Avg:  0.0, Max: 0, Diff: 0, Sum: 0, Workers: 4
[25.738s][debug][gc,phases      ] GC(48) Weak Processing 0.301ms
[25.738s][debug][gc,age         ] GC(48) Desired survivor size 269484032 bytes, new threshold 15 (max threshold 15)
[25.738s][info ][gc,heap        ] GC(48) PSYoungGen: 1574256K(1821184K)->27664K(1833984K) Eden: 1547264K(1547264K)->0K(1564672K) From: 26992K(273920K)->27664K(269312K)
[25.738s][info ][gc,heap        ] GC(48) ParOldGen: 476404K(565248K)->477852K(565248K)
[25.738s][info ][gc,metaspace   ] GC(48) Metaspace: 68443K(69184K)->68443K(69184K) NonClass: 58477K(58880K)->58477K(58880K) Class: 9966K(10304K)->9966K(10304K)
[25.738s][info ][gc             ] GC(48) Pause Young (Allocation Failure) 2002M->493M(2343M) 10.087ms
[25.738s][info ][gc,cpu         ] GC(48) User=0.04s Sys=0.00s Real=0.00s
[25.738s][info ][safepoint      ] Safepoint "ParallelGCFailedAllocation", Time since last: 91587343 ns, Reaching safepoint: 2204956 ns, At safepoint: 10215861 ns, Total: 12420817 ns
[25.905s][info ][safepoint      ] Safepoint "ICBufferFull", Time since last: 166688964 ns, Reaching safepoint: 141104 ns, At safepoint: 33501 ns, Total: 174605 ns
[26.007s][info ][safepoint      ] Safepoint "ICBufferFull", Time since last: 102060710 ns, Reaching safepoint: 139904 ns, At safepoint: 22900 ns, Total: 162804 ns
[26.061s][info ][safepoint      ] Safepoint "ICBufferFull", Time since last: 51736124 ns, Reaching safepoint: 2174155 ns, At safepoint: 37301 ns, Total: 2211456 ns
[26.098s][info ][gc,start       ] GC(49) Pause Young (Allocation Failure)
[26.110s][debug][gc,phases      ] GC(49) Scavenge 12.099ms
[26.110s][debug][gc,ref         ] GC(49) Skipped phase 1 of Reference Processing: no references
[26.111s][debug][gc,ref         ] GC(49) ReferenceProcessor::execute queues: 1, RefProcThreadModel::Single, marks_oops_alive: false
[26.111s][debug][gc,ref         ] GC(49) Skipped phase 3 of Reference Processing: no references
[26.111s][debug][gc,ref         ] GC(49) Skipped phase 4 of Reference Processing: no references
[26.111s][debug][gc,phases      ] GC(49) Reference Processing 0.115ms
[26.111s][debug][gc,phases      ] GC(49)   VM Weak                        Min:  0.0, Avg:  0.0, Max:  0.0, Diff:  0.0, Sum:  0.0, Workers: 4
[26.111s][debug][gc,phases      ] GC(49)     Dead                           Min: 0, Avg:  0.0, Max: 0, Diff: 0, Sum: 0, Workers: 4
[26.111s][debug][gc,phases      ] GC(49)     Total                          Min: 0, Avg: 147.8, Max: 384, Diff: 384, Sum: 591, Workers: 4
[26.111s][debug][gc,phases      ] GC(49)   ObjectSynchronizer Weak        Min:  0.0, Avg:  0.0, Max:  0.0, Diff:  0.0, Sum:  0.0, Workers: 4
[26.111s][debug][gc,phases      ] GC(49)     Dead                           Min: 0, Avg:  0.0, Max: 0, Diff: 0, Sum: 0, Workers: 4
[26.111s][debug][gc,phases      ] GC(49)     Total                          Min: 0, Avg: 82.0, Max: 136, Diff: 136, Sum: 328, Workers: 4
[26.111s][debug][gc,phases      ] GC(49)   JVMTI Tag Weak OopStorage      Min:  0.0, Avg:  0.0, Max:  0.0, Diff:  0.0, Sum:  0.0, Workers: 4
[26.111s][debug][gc,phases      ] GC(49)     Dead                           Min: 0, Avg:  0.0, Max: 0, Diff: 0, Sum: 0, Workers: 4
[26.111s][debug][gc,phases      ] GC(49)     Total                          Min: 0, Avg:  0.0, Max: 0, Diff: 0, Sum: 0, Workers: 4
[26.111s][debug][gc,phases      ] GC(49)   StringTable Weak               Min:  0.1, Avg:  0.1, Max:  0.1, Diff:  0.0, Sum:  0.4, Workers: 4
[26.111s][debug][gc,phases      ] GC(49)     Dead                           Min: 0, Avg:  0.0, Max: 0, Diff: 0, Sum: 0, Workers: 4
[26.111s][debug][gc,phases      ] GC(49)     Total                          Min: 10389, Avg: 10722.8, Max: 10999, Diff: 610, Sum: 42891, Workers: 4
[26.111s][debug][gc,phases      ] GC(49)   ResolvedMethodTable Weak       Min:  0.0, Avg:  0.0, Max:  0.0, Diff:  0.0, Sum:  0.1, Workers: 4
[26.111s][debug][gc,phases      ] GC(49)     Dead                           Min: 0, Avg:  0.0, Max: 0, Diff: 0, Sum: 0, Workers: 4
[26.111s][debug][gc,phases      ] GC(49)     Total                          Min: 1600, Avg: 1791.0, Max: 1981, Diff: 381, Sum: 7164, Workers: 4
[26.111s][debug][gc,phases      ] GC(49)   JNI Weak                       Min:  0.0, Avg:  0.0, Max:  0.0, Diff:  0.0, Sum:  0.0, Workers: 4
[26.111s][debug][gc,phases      ] GC(49)     Dead                           Min: 0, Avg:  0.0, Max: 0, Diff: 0, Sum: 0, Workers: 4
[26.111s][debug][gc,phases      ] GC(49)     Total                          Min: 0, Avg:  0.5, Max: 2, Diff: 2, Sum: 2, Workers: 4
[26.111s][debug][gc,phases      ] GC(49)   StringDedup Table Weak         Min:  0.0, Avg:  0.0, Max:  0.0, Diff:  0.0, Sum:  0.0, Workers: 4
[26.111s][debug][gc,phases      ] GC(49)     Dead                           Min: 0, Avg:  0.0, Max: 0, Diff: 0, Sum: 0, Workers: 4
[26.111s][debug][gc,phases      ] GC(49)     Total                          Min: 0, Avg:  0.0, Max: 0, Diff: 0, Sum: 0, Workers: 4
[26.111s][debug][gc,phases      ] GC(49)   StringDedup Requests0 Weak     Min:  0.0, Avg:  0.0, Max:  0.0, Diff:  0.0, Sum:  0.0, Workers: 4
[26.111s][debug][gc,phases      ] GC(49)     Dead                           Min: 0, Avg:  0.0, Max: 0, Diff: 0, Sum: 0, Workers: 4
[26.111s][debug][gc,phases      ] GC(49)     Total                          Min: 0, Avg:  0.0, Max: 0, Diff: 0, Sum: 0, Workers: 4
[26.111s][debug][gc,phases      ] GC(49)   StringDedup Requests1 Weak     Min:  0.0, Avg:  0.0, Max:  0.0, Diff:  0.0, Sum:  0.0, Workers: 4
[26.111s][debug][gc,phases      ] GC(49)     Dead                           Min: 0, Avg:  0.0, Max: 0, Diff: 0, Sum: 0, Workers: 4
[26.111s][debug][gc,phases      ] GC(49)     Total                          Min: 0, Avg:  0.0, Max: 0, Diff: 0, Sum: 0, Workers: 4
[26.111s][debug][gc,phases      ] GC(49)   Weak JFR Old Object Samples    Min:  0.0, Avg:  0.0, Max:  0.0, Diff:  0.0, Sum:  0.0, Workers: 4
[26.111s][debug][gc,phases      ] GC(49)     Dead                           Min: 0, Avg:  0.0, Max: 0, Diff: 0, Sum: 0, Workers: 4
[26.111s][debug][gc,phases      ] GC(49)     Total                          Min: 0, Avg:  0.0, Max: 0, Diff: 0, Sum: 0, Workers: 4
[26.111s][debug][gc,phases      ] GC(49) Weak Processing 0.383ms
[26.111s][debug][gc,age         ] GC(49) Desired survivor size 261619712 bytes, new threshold 15 (max threshold 15)
[26.111s][info ][gc,heap        ] GC(49) PSYoungGen: 1592336K(1833984K)->28048K(1827840K) Eden: 1564672K(1564672K)->0K(1564672K) From: 27664K(269312K)->28048K(263168K)
[26.111s][info ][gc,heap        ] GC(49) ParOldGen: 477852K(565248K)->479740K(565248K)
[26.111s][info ][gc,metaspace   ] GC(49) Metaspace: 68468K(69248K)->68468K(69248K) NonClass: 58502K(58944K)->58502K(58944K) Class: 9966K(10304K)->9966K(10304K)
[26.111s][info ][gc             ] GC(49) Pause Young (Allocation Failure) 2021M->495M(2337M) 12.752ms
[26.111s][info ][gc,cpu         ] GC(49) User=0.04s Sys=0.00s Real=0.02s
[26.111s][info ][safepoint      ] Safepoint "ParallelGCFailedAllocation", Time since last: 36160925 ns, Reaching safepoint: 1070127 ns, At safepoint: 12873230 ns, Total: 13943357 ns
[26.495s][info ][gc,start       ] GC(50) Pause Young (Allocation Failure)
[26.512s][debug][gc,phases      ] GC(50) Scavenge 16.948ms
[26.512s][debug][gc,ref         ] GC(50) Skipped phase 1 of Reference Processing: no references
[26.512s][debug][gc,ref         ] GC(50) ReferenceProcessor::execute queues: 1, RefProcThreadModel::Single, marks_oops_alive: false
[26.512s][debug][gc,ref         ] GC(50) Skipped phase 3 of Reference Processing: no references
[26.512s][debug][gc,ref         ] GC(50) ReferenceProcessor::execute queues: 1, RefProcThreadModel::Single, marks_oops_alive: false
[26.512s][debug][gc,phases      ] GC(50) Reference Processing 0.081ms
[26.512s][debug][gc,phases      ] GC(50)   VM Weak                        Min:  0.0, Avg:  0.0, Max:  0.0, Diff:  0.0, Sum:  0.0, Workers: 4
[26.512s][debug][gc,phases      ] GC(50)     Dead                           Min: 0, Avg:  0.0, Max: 0, Diff: 0, Sum: 0, Workers: 4
[26.512s][debug][gc,phases      ] GC(50)     Total                          Min: 0, Avg: 147.8, Max: 335, Diff: 335, Sum: 591, Workers: 4
[26.512s][debug][gc,phases      ] GC(50)   ObjectSynchronizer Weak        Min:  0.0, Avg:  0.0, Max:  0.0, Diff:  0.0, Sum:  0.0, Workers: 4
[26.513s][debug][gc,phases      ] GC(50)     Dead                           Min: 0, Avg:  0.0, Max: 0, Diff: 0, Sum: 0, Workers: 4
[26.513s][debug][gc,phases      ] GC(50)     Total                          Min: 0, Avg: 82.0, Max: 192, Diff: 192, Sum: 328, Workers: 4
[26.513s][debug][gc,phases      ] GC(50)   JVMTI Tag Weak OopStorage      Min:  0.0, Avg:  0.0, Max:  0.0, Diff:  0.0, Sum:  0.0, Workers: 4
[26.513s][debug][gc,phases      ] GC(50)     Dead                           Min: 0, Avg:  0.0, Max: 0, Diff: 0, Sum: 0, Workers: 4
[26.513s][debug][gc,phases      ] GC(50)     Total                          Min: 0, Avg:  0.0, Max: 0, Diff: 0, Sum: 0, Workers: 4
[26.513s][debug][gc,phases      ] GC(50)   StringTable Weak               Min:  0.1, Avg:  0.1, Max:  0.1, Diff:  0.0, Sum:  0.4, Workers: 4
[26.513s][debug][gc,phases      ] GC(50)     Dead                           Min: 0, Avg:  2.8, Max: 9, Diff: 9, Sum: 11, Workers: 4
[26.513s][debug][gc,phases      ] GC(50)     Total                          Min: 9344, Avg: 10725.0, Max: 12736, Diff: 3392, Sum: 42900, Workers: 4
[26.513s][debug][gc,phases      ] GC(50)   ResolvedMethodTable Weak       Min:  0.0, Avg:  0.0, Max:  0.0, Diff:  0.0, Sum:  0.1, Workers: 4
[26.513s][debug][gc,phases      ] GC(50)     Dead                           Min: 0, Avg:  0.0, Max: 0, Diff: 0, Sum: 0, Workers: 4
[26.513s][debug][gc,phases      ] GC(50)     Total                          Min: 1536, Avg: 1791.0, Max: 1983, Diff: 447, Sum: 7164, Workers: 4
[26.513s][debug][gc,phases      ] GC(50)   JNI Weak                       Min:  0.0, Avg:  0.0, Max:  0.0, Diff:  0.0, Sum:  0.0, Workers: 4
[26.513s][debug][gc,phases      ] GC(50)     Dead                           Min: 0, Avg:  0.0, Max: 0, Diff: 0, Sum: 0, Workers: 4
[26.513s][debug][gc,phases      ] GC(50)     Total                          Min: 0, Avg:  2.0, Max: 8, Diff: 8, Sum: 8, Workers: 4
[26.513s][debug][gc,phases      ] GC(50)   StringDedup Table Weak         Min:  0.0, Avg:  0.0, Max:  0.0, Diff:  0.0, Sum:  0.0, Workers: 4
[26.513s][debug][gc,phases      ] GC(50)     Dead                           Min: 0, Avg:  0.0, Max: 0, Diff: 0, Sum: 0, Workers: 4
[26.513s][debug][gc,phases      ] GC(50)     Total                          Min: 0, Avg:  0.0, Max: 0, Diff: 0, Sum: 0, Workers: 4
[26.513s][debug][gc,phases      ] GC(50)   StringDedup Requests0 Weak     Min:  0.0, Avg:  0.0, Max:  0.0, Diff:  0.0, Sum:  0.0, Workers: 4
[26.513s][debug][gc,phases      ] GC(50)     Dead                           Min: 0, Avg:  0.0, Max: 0, Diff: 0, Sum: 0, Workers: 4
[26.513s][debug][gc,phases      ] GC(50)     Total                          Min: 0, Avg:  0.0, Max: 0, Diff: 0, Sum: 0, Workers: 4
[26.513s][debug][gc,phases      ] GC(50)   StringDedup Requests1 Weak     Min:  0.0, Avg:  0.0, Max:  0.0, Diff:  0.0, Sum:  0.0, Workers: 4
[26.513s][debug][gc,phases      ] GC(50)     Dead                           Min: 0, Avg:  0.0, Max: 0, Diff: 0, Sum: 0, Workers: 4
[26.513s][debug][gc,phases      ] GC(50)     Total                          Min: 0, Avg:  0.0, Max: 0, Diff: 0, Sum: 0, Workers: 4
[26.513s][debug][gc,phases      ] GC(50)   Weak JFR Old Object Samples    Min:  0.0, Avg:  0.0, Max:  0.0, Diff:  0.0, Sum:  0.0, Workers: 4
[26.513s][debug][gc,phases      ] GC(50)     Dead                           Min: 0, Avg:  0.0, Max: 0, Diff: 0, Sum: 0, Workers: 4
[26.513s][debug][gc,phases      ] GC(50)     Total                          Min: 0, Avg:  0.0, Max: 0, Diff: 0, Sum: 0, Workers: 4
[26.513s][debug][gc,phases      ] GC(50) Weak Processing 0.292ms
[26.513s][debug][gc,age         ] GC(50) Desired survivor size 252706816 bytes, new threshold 15 (max threshold 15)
[26.513s][info ][gc,heap        ] GC(50) PSYoungGen: 1592720K(1827840K)->32000K(1850368K) Eden: 1564671K(1564672K)->0K(1594880K) From: 28048K(263168K)->32000K(255488K)
[26.513s][info ][gc,heap        ] GC(50) ParOldGen: 479740K(565248K)->481012K(565248K)
[26.513s][info ][gc,metaspace   ] GC(50) Metaspace: 68469K(69248K)->68469K(69248K) NonClass: 58503K(58944K)->58503K(58944K) Class: 9966K(10304K)->9966K(10304K)
[26.513s][info ][gc             ] GC(50) Pause Young (Allocation Failure) 2023M->500M(2359M) 17.464ms
[26.513s][info ][gc,cpu         ] GC(50) User=0.07s Sys=0.00s Real=0.02s
[26.513s][info ][safepoint      ] Safepoint "ParallelGCFailedAllocation", Time since last: 383291104 ns, Reaching safepoint: 741419 ns, At safepoint: 17595650 ns, Total: 18337069 ns
[26.772s][info ][safepoint      ] Safepoint "ICBufferFull", Time since last: 259041626 ns, Reaching safepoint: 143004 ns, At safepoint: 28800 ns, Total: 171804 ns
[26.837s][info ][gc,start       ] GC(51) Pause Young (Allocation Failure)
[26.853s][debug][gc,phases      ] GC(51) Scavenge 15.418ms
[26.853s][debug][gc,ref         ] GC(51) Skipped phase 1 of Reference Processing: no references
[26.853s][debug][gc,ref         ] GC(51) ReferenceProcessor::execute queues: 1, RefProcThreadModel::Single, marks_oops_alive: false
[26.853s][debug][gc,ref         ] GC(51) Skipped phase 3 of Reference Processing: no references
[26.853s][debug][gc,ref         ] GC(51) ReferenceProcessor::execute queues: 1, RefProcThreadModel::Single, marks_oops_alive: false
[26.853s][debug][gc,phases      ] GC(51) Reference Processing 0.267ms
[26.853s][debug][gc,phases      ] GC(51)   VM Weak                        Min:  0.0, Avg:  0.0, Max:  0.0, Diff:  0.0, Sum:  0.0, Workers: 4
[26.853s][debug][gc,phases      ] GC(51)     Dead                           Min: 0, Avg:  0.0, Max: 0, Diff: 0, Sum: 0, Workers: 4
[26.853s][debug][gc,phases      ] GC(51)     Total                          Min: 0, Avg: 147.8, Max: 576, Diff: 576, Sum: 591, Workers: 4
[26.853s][debug][gc,phases      ] GC(51)   ObjectSynchronizer Weak        Min:  0.0, Avg:  0.0, Max:  0.0, Diff:  0.0, Sum:  0.0, Workers: 4
[26.853s][debug][gc,phases      ] GC(51)     Dead                           Min: 0, Avg:  0.0, Max: 0, Diff: 0, Sum: 0, Workers: 4
[26.853s][debug][gc,phases      ] GC(51)     Total                          Min: 0, Avg: 82.0, Max: 192, Diff: 192, Sum: 328, Workers: 4
[26.853s][debug][gc,phases      ] GC(51)   JVMTI Tag Weak OopStorage      Min:  0.0, Avg:  0.0, Max:  0.0, Diff:  0.0, Sum:  0.0, Workers: 4
[26.853s][debug][gc,phases      ] GC(51)     Dead                           Min: 0, Avg:  0.0, Max: 0, Diff: 0, Sum: 0, Workers: 4
[26.853s][debug][gc,phases      ] GC(51)     Total                          Min: 0, Avg:  0.0, Max: 0, Diff: 0, Sum: 0, Workers: 4
[26.853s][debug][gc,phases      ] GC(51)   StringTable Weak               Min:  0.1, Avg:  0.1, Max:  0.1, Diff:  0.0, Sum:  0.4, Workers: 4
[26.853s][debug][gc,phases      ] GC(51)     Dead                           Min: 0, Avg:  2.8, Max: 11, Diff: 11, Sum: 11, Workers: 4
[26.853s][debug][gc,phases      ] GC(51)     Total                          Min: 9408, Avg: 10725.0, Max: 11839, Diff: 2431, Sum: 42900, Workers: 4
[26.853s][debug][gc,phases      ] GC(51)   ResolvedMethodTable Weak       Min:  0.0, Avg:  0.0, Max:  0.0, Diff:  0.0, Sum:  0.1, Workers: 4
[26.853s][debug][gc,phases      ] GC(51)     Dead                           Min: 0, Avg:  0.0, Max: 0, Diff: 0, Sum: 0, Workers: 4
[26.853s][debug][gc,phases      ] GC(51)     Total                          Min: 1536, Avg: 1791.0, Max: 2109, Diff: 573, Sum: 7164, Workers: 4
[26.853s][debug][gc,phases      ] GC(51)   JNI Weak                       Min:  0.0, Avg:  0.0, Max:  0.0, Diff:  0.0, Sum:  0.0, Workers: 4
[26.853s][debug][gc,phases      ] GC(51)     Dead                           Min: 0, Avg:  0.0, Max: 0, Diff: 0, Sum: 0, Workers: 4
[26.853s][debug][gc,phases      ] GC(51)     Total                          Min: 0, Avg:  0.2, Max: 1, Diff: 1, Sum: 1, Workers: 4
[26.853s][debug][gc,phases      ] GC(51)   StringDedup Table Weak         Min:  0.0, Avg:  0.0, Max:  0.0, Diff:  0.0, Sum:  0.0, Workers: 4
[26.853s][debug][gc,phases      ] GC(51)     Dead                           Min: 0, Avg:  0.0, Max: 0, Diff: 0, Sum: 0, Workers: 4
[26.853s][debug][gc,phases      ] GC(51)     Total                          Min: 0, Avg:  0.0, Max: 0, Diff: 0, Sum: 0, Workers: 4
[26.853s][debug][gc,phases      ] GC(51)   StringDedup Requests0 Weak     Min:  0.0, Avg:  0.0, Max:  0.0, Diff:  0.0, Sum:  0.0, Workers: 4
[26.853s][debug][gc,phases      ] GC(51)     Dead                           Min: 0, Avg:  0.0, Max: 0, Diff: 0, Sum: 0, Workers: 4
[26.853s][debug][gc,phases      ] GC(51)     Total                          Min: 0, Avg:  0.0, Max: 0, Diff: 0, Sum: 0, Workers: 4
[26.853s][debug][gc,phases      ] GC(51)   StringDedup Requests1 Weak     Min:  0.0, Avg:  0.0, Max:  0.0, Diff:  0.0, Sum:  0.0, Workers: 4
[26.853s][debug][gc,phases      ] GC(51)     Dead                           Min: 0, Avg:  0.0, Max: 0, Diff: 0, Sum: 0, Workers: 4
[26.853s][debug][gc,phases      ] GC(51)     Total                          Min: 0, Avg:  0.0, Max: 0, Diff: 0, Sum: 0, Workers: 4
[26.853s][debug][gc,phases      ] GC(51)   Weak JFR Old Object Samples    Min:  0.0, Avg:  0.0, Max:  0.0, Diff:  0.0, Sum:  0.0, Workers: 4
[26.853s][debug][gc,phases      ] GC(51)     Dead                           Min: 0, Avg:  0.0, Max: 0, Diff: 0, Sum: 0, Workers: 4
[26.853s][debug][gc,phases      ] GC(51)     Total                          Min: 0, Avg:  0.0, Max: 0, Diff: 0, Sum: 0, Workers: 4
[26.853s][debug][gc,phases      ] GC(51) Weak Processing 0.294ms
[26.853s][debug][gc,age         ] GC(51) Desired survivor size 242745344 bytes, new threshold 15 (max threshold 15)
[26.853s][info ][gc,heap        ] GC(51) PSYoungGen: 1626880K(1850368K)->32224K(1841664K) Eden: 1594880K(1594880K)->0K(1594880K) From: 32000K(255488K)->32224K(246784K)
[26.853s][info ][gc,heap        ] GC(51) ParOldGen: 481012K(565248K)->484388K(565248K)
[26.853s][info ][gc,metaspace   ] GC(51) Metaspace: 68479K(69248K)->68479K(69248K) NonClass: 58513K(58944K)->58513K(58944K) Class: 9966K(10304K)->9966K(10304K)
[26.853s][info ][gc             ] GC(51) Pause Young (Allocation Failure) 2058M->504M(2350M) 16.125ms
[26.853s][info ][gc,cpu         ] GC(51) User=0.06s Sys=0.00s Real=0.02s
[26.853s][info ][safepoint      ] Safepoint "ParallelGCFailedAllocation", Time since last: 64975663 ns, Reaching safepoint: 127603 ns, At safepoint: 16231415 ns, Total: 16359018 ns
[26.968s][info ][safepoint      ] Safepoint "ICBufferFull", Time since last: 114926140 ns, Reaching safepoint: 127903 ns, At safepoint: 25001 ns, Total: 152904 ns
[27.039s][info ][safepoint      ] Safepoint "ICBufferFull", Time since last: 70912814 ns, Reaching safepoint: 134704 ns, At safepoint: 23000 ns, Total: 157704 ns
[27.215s][info ][safepoint      ] Safepoint "ICBufferFull", Time since last: 173241632 ns, Reaching safepoint: 2169955 ns, At safepoint: 26001 ns, Total: 2195956 ns
[27.251s][info ][gc,start       ] GC(52) Pause Young (Allocation Failure)
[27.269s][debug][gc,phases      ] GC(52) Scavenge 18.585ms
[27.269s][debug][gc,ref         ] GC(52) Skipped phase 1 of Reference Processing: no references
[27.269s][debug][gc,ref         ] GC(52) ReferenceProcessor::execute queues: 1, RefProcThreadModel::Single, marks_oops_alive: false
[27.269s][debug][gc,ref         ] GC(52) Skipped phase 3 of Reference Processing: no references
[27.269s][debug][gc,ref         ] GC(52) ReferenceProcessor::execute queues: 1, RefProcThreadModel::Single, marks_oops_alive: false
[27.269s][debug][gc,phases      ] GC(52) Reference Processing 0.103ms
[27.270s][debug][gc,phases      ] GC(52)   VM Weak                        Min:  0.0, Avg:  0.0, Max:  0.0, Diff:  0.0, Sum:  0.0, Workers: 4
[27.270s][debug][gc,phases      ] GC(52)     Dead                           Min: 0, Avg:  0.0, Max: 0, Diff: 0, Sum: 0, Workers: 4
[27.270s][debug][gc,phases      ] GC(52)     Total                          Min: 0, Avg: 147.8, Max: 527, Diff: 527, Sum: 591, Workers: 4
[27.270s][debug][gc,phases      ] GC(52)   ObjectSynchronizer Weak        Min:  0.0, Avg:  0.0, Max:  0.0, Diff:  0.0, Sum:  0.0, Workers: 4
[27.270s][debug][gc,phases      ] GC(52)     Dead                           Min: 0, Avg:  0.0, Max: 0, Diff: 0, Sum: 0, Workers: 4
[27.270s][debug][gc,phases      ] GC(52)     Total                          Min: 0, Avg: 82.0, Max: 192, Diff: 192, Sum: 328, Workers: 4
[27.270s][debug][gc,phases      ] GC(52)   JVMTI Tag Weak OopStorage      Min:  0.0, Avg:  0.0, Max:  0.0, Diff:  0.0, Sum:  0.0, Workers: 4
[27.270s][debug][gc,phases      ] GC(52)     Dead                           Min: 0, Avg:  0.0, Max: 0, Diff: 0, Sum: 0, Workers: 4
[27.270s][debug][gc,phases      ] GC(52)     Total                          Min: 0, Avg:  0.0, Max: 0, Diff: 0, Sum: 0, Workers: 4
[27.270s][debug][gc,phases      ] GC(52)   StringTable Weak               Min:  0.1, Avg:  0.1, Max:  0.1, Diff:  0.0, Sum:  0.4, Workers: 4
[27.270s][debug][gc,phases      ] GC(52)     Dead                           Min: 0, Avg:  2.8, Max: 9, Diff: 9, Sum: 11, Workers: 4
[27.270s][debug][gc,phases      ] GC(52)     Total                          Min: 9856, Avg: 10727.5, Max: 11392, Diff: 1536, Sum: 42910, Workers: 4
[27.270s][debug][gc,phases      ] GC(52)   ResolvedMethodTable Weak       Min:  0.0, Avg:  0.0, Max:  0.0, Diff:  0.0, Sum:  0.1, Workers: 4
[27.270s][debug][gc,phases      ] GC(52)     Dead                           Min: 0, Avg:  0.0, Max: 0, Diff: 0, Sum: 0, Workers: 4
[27.270s][debug][gc,phases      ] GC(52)     Total                          Min: 1536, Avg: 1791.0, Max: 1919, Diff: 383, Sum: 7164, Workers: 4
[27.270s][debug][gc,phases      ] GC(52)   JNI Weak                       Min:  0.0, Avg:  0.0, Max:  0.0, Diff:  0.0, Sum:  0.0, Workers: 4
[27.270s][debug][gc,phases      ] GC(52)     Dead                           Min: 0, Avg:  0.0, Max: 0, Diff: 0, Sum: 0, Workers: 4
[27.270s][debug][gc,phases      ] GC(52)     Total                          Min: 0, Avg:  1.5, Max: 6, Diff: 6, Sum: 6, Workers: 4
[27.270s][debug][gc,phases      ] GC(52)   StringDedup Table Weak         Min:  0.0, Avg:  0.0, Max:  0.0, Diff:  0.0, Sum:  0.0, Workers: 4
[27.270s][debug][gc,phases      ] GC(52)     Dead                           Min: 0, Avg:  0.0, Max: 0, Diff: 0, Sum: 0, Workers: 4
[27.270s][debug][gc,phases      ] GC(52)     Total                          Min: 0, Avg:  0.0, Max: 0, Diff: 0, Sum: 0, Workers: 4
[27.270s][debug][gc,phases      ] GC(52)   StringDedup Requests0 Weak     Min:  0.0, Avg:  0.0, Max:  0.0, Diff:  0.0, Sum:  0.0, Workers: 4
[27.270s][debug][gc,phases      ] GC(52)     Dead                           Min: 0, Avg:  0.0, Max: 0, Diff: 0, Sum: 0, Workers: 4
[27.270s][debug][gc,phases      ] GC(52)     Total                          Min: 0, Avg:  0.0, Max: 0, Diff: 0, Sum: 0, Workers: 4
[27.270s][debug][gc,phases      ] GC(52)   StringDedup Requests1 Weak     Min:  0.0, Avg:  0.0, Max:  0.0, Diff:  0.0, Sum:  0.0, Workers: 4
[27.270s][debug][gc,phases      ] GC(52)     Dead                           Min: 0, Avg:  0.0, Max: 0, Diff: 0, Sum: 0, Workers: 4
[27.270s][debug][gc,phases      ] GC(52)     Total                          Min: 0, Avg:  0.0, Max: 0, Diff: 0, Sum: 0, Workers: 4
[27.270s][debug][gc,phases      ] GC(52)   Weak JFR Old Object Samples    Min:  0.0, Avg:  0.0, Max:  0.0, Diff:  0.0, Sum:  0.0, Workers: 4
[27.270s][debug][gc,phases      ] GC(52)     Dead                           Min: 0, Avg:  0.0, Max: 0, Diff: 0, Sum: 0, Workers: 4
[27.270s][debug][gc,phases      ] GC(52)     Total                          Min: 0, Avg:  0.0, Max: 0, Diff: 0, Sum: 0, Workers: 4
[27.270s][debug][gc,phases      ] GC(52) Weak Processing 0.295ms
[27.270s][debug][gc,age         ] GC(52) Desired survivor size 232259584 bytes, new threshold 15 (max threshold 15)
[27.270s][info ][gc,heap        ] GC(52) PSYoungGen: 1627104K(1841664K)->36288K(1870336K) Eden: 1594880K(1594880K)->0K(1633280K) From: 32224K(246784K)->36288K(237056K)
[27.270s][info ][gc,heap        ] GC(52) ParOldGen: 484388K(565248K)->484852K(565248K)
[27.270s][info ][gc,metaspace   ] GC(52) Metaspace: 68512K(69248K)->68512K(69248K) NonClass: 58546K(58944K)->58546K(58944K) Class: 9966K(10304K)->9966K(10304K)
[27.270s][info ][gc             ] GC(52) Pause Young (Allocation Failure) 2062M->508M(2378M) 19.103ms
[27.270s][info ][gc,cpu         ] GC(52) User=0.07s Sys=0.00s Real=0.02s
[27.270s][info ][safepoint      ] Safepoint "ParallelGCFailedAllocation", Time since last: 35643012 ns, Reaching safepoint: 113703 ns, At safepoint: 19204491 ns, Total: 19318194 ns
[27.603s][info ][gc,start       ] GC(53) Pause Young (Allocation Failure)
[27.621s][debug][gc,phases      ] GC(53) Scavenge 18.128ms
[27.621s][debug][gc,ref         ] GC(53) Skipped phase 1 of Reference Processing: no references
[27.621s][debug][gc,ref         ] GC(53) ReferenceProcessor::execute queues: 1, RefProcThreadModel::Single, marks_oops_alive: false
[27.621s][debug][gc,ref         ] GC(53) Skipped phase 3 of Reference Processing: no references
[27.621s][debug][gc,ref         ] GC(53) ReferenceProcessor::execute queues: 1, RefProcThreadModel::Single, marks_oops_alive: false
[27.621s][debug][gc,phases      ] GC(53) Reference Processing 0.104ms
[27.621s][debug][gc,phases      ] GC(53)   VM Weak                        Min:  0.0, Avg:  0.0, Max:  0.0, Diff:  0.0, Sum:  0.0, Workers: 4
[27.621s][debug][gc,phases      ] GC(53)     Dead                           Min: 0, Avg:  0.0, Max: 0, Diff: 0, Sum: 0, Workers: 4
[27.621s][debug][gc,phases      ] GC(53)     Total                          Min: 0, Avg: 147.8, Max: 527, Diff: 527, Sum: 591, Workers: 4
[27.621s][debug][gc,phases      ] GC(53)   ObjectSynchronizer Weak        Min:  0.0, Avg:  0.0, Max:  0.0, Diff:  0.0, Sum:  0.0, Workers: 4
[27.621s][debug][gc,phases      ] GC(53)     Dead                           Min: 0, Avg:  0.0, Max: 0, Diff: 0, Sum: 0, Workers: 4
[27.621s][debug][gc,phases      ] GC(53)     Total                          Min: 0, Avg: 82.0, Max: 192, Diff: 192, Sum: 328, Workers: 4
[27.621s][debug][gc,phases      ] GC(53)   JVMTI Tag Weak OopStorage      Min:  0.0, Avg:  0.0, Max:  0.0, Diff:  0.0, Sum:  0.0, Workers: 4
[27.621s][debug][gc,phases      ] GC(53)     Dead                           Min: 0, Avg:  0.0, Max: 0, Diff: 0, Sum: 0, Workers: 4
[27.621s][debug][gc,phases      ] GC(53)     Total                          Min: 0, Avg:  0.0, Max: 0, Diff: 0, Sum: 0, Workers: 4
[27.621s][debug][gc,phases      ] GC(53)   StringTable Weak               Min:  0.1, Avg:  0.1, Max:  0.1, Diff:  0.0, Sum:  0.4, Workers: 4
[27.621s][debug][gc,phases      ] GC(53)     Dead                           Min: 0, Avg:  0.0, Max: 0, Diff: 0, Sum: 0, Workers: 4
[27.621s][debug][gc,phases      ] GC(53)     Total                          Min: 10079, Avg: 10727.8, Max: 11840, Diff: 1761, Sum: 42911, Workers: 4
[27.621s][debug][gc,phases      ] GC(53)   ResolvedMethodTable Weak       Min:  0.0, Avg:  0.0, Max:  0.0, Diff:  0.0, Sum:  0.1, Workers: 4
[27.621s][debug][gc,phases      ] GC(53)     Dead                           Min: 0, Avg:  0.0, Max: 0, Diff: 0, Sum: 0, Workers: 4
[27.621s][debug][gc,phases      ] GC(53)     Total                          Min: 1600, Avg: 1791.0, Max: 1983, Diff: 383, Sum: 7164, Workers: 4
[27.621s][debug][gc,phases      ] GC(53)   JNI Weak                       Min:  0.0, Avg:  0.0, Max:  0.0, Diff:  0.0, Sum:  0.0, Workers: 4
[27.621s][debug][gc,phases      ] GC(53)     Dead                           Min: 0, Avg:  0.0, Max: 0, Diff: 0, Sum: 0, Workers: 4
[27.621s][debug][gc,phases      ] GC(53)     Total                          Min: 0, Avg:  0.8, Max: 3, Diff: 3, Sum: 3, Workers: 4
[27.621s][debug][gc,phases      ] GC(53)   StringDedup Table Weak         Min:  0.0, Avg:  0.0, Max:  0.0, Diff:  0.0, Sum:  0.0, Workers: 4
[27.621s][debug][gc,phases      ] GC(53)     Dead                           Min: 0, Avg:  0.0, Max: 0, Diff: 0, Sum: 0, Workers: 4
[27.621s][debug][gc,phases      ] GC(53)     Total                          Min: 0, Avg:  0.0, Max: 0, Diff: 0, Sum: 0, Workers: 4
[27.621s][debug][gc,phases      ] GC(53)   StringDedup Requests0 Weak     Min:  0.0, Avg:  0.0, Max:  0.0, Diff:  0.0, Sum:  0.0, Workers: 4
[27.621s][debug][gc,phases      ] GC(53)     Dead                           Min: 0, Avg:  0.0, Max: 0, Diff: 0, Sum: 0, Workers: 4
[27.621s][debug][gc,phases      ] GC(53)     Total                          Min: 0, Avg:  0.0, Max: 0, Diff: 0, Sum: 0, Workers: 4
[27.621s][debug][gc,phases      ] GC(53)   StringDedup Requests1 Weak     Min:  0.0, Avg:  0.0, Max:  0.0, Diff:  0.0, Sum:  0.0, Workers: 4
[27.621s][debug][gc,phases      ] GC(53)     Dead                           Min: 0, Avg:  0.0, Max: 0, Diff: 0, Sum: 0, Workers: 4
[27.621s][debug][gc,phases      ] GC(53)     Total                          Min: 0, Avg:  0.0, Max: 0, Diff: 0, Sum: 0, Workers: 4
[27.621s][debug][gc,phases      ] GC(53)   Weak JFR Old Object Samples    Min:  0.0, Avg:  0.0, Max:  0.0, Diff:  0.0, Sum:  0.0, Workers: 4
[27.621s][debug][gc,phases      ] GC(53)     Dead                           Min: 0, Avg:  0.0, Max: 0, Diff: 0, Sum: 0, Workers: 4
[27.621s][debug][gc,phases      ] GC(53)     Total                          Min: 0, Avg:  0.0, Max: 0, Diff: 0, Sum: 0, Workers: 4
[27.621s][debug][gc,phases      ] GC(53) Weak Processing 0.318ms
[27.621s][debug][gc,age         ] GC(53) Desired survivor size 221249536 bytes, new threshold 15 (max threshold 15)
[27.621s][info ][gc,heap        ] GC(53) PSYoungGen: 1669568K(1870336K)->37472K(1860096K) Eden: 1633280K(1633280K)->0K(1633280K) From: 36288K(237056K)->37472K(226816K)
[27.621s][info ][gc,heap        ] GC(53) ParOldGen: 484852K(565248K)->486580K(565248K)
[27.621s][info ][gc,metaspace   ] GC(53) Metaspace: 68514K(69248K)->68514K(69248K) NonClass: 58547K(58944K)->58547K(58944K) Class: 9966K(10304K)->9966K(10304K)
[27.621s][info ][gc             ] GC(53) Pause Young (Allocation Failure) 2103M->511M(2368M) 18.683ms
[27.621s][info ][gc,cpu         ] GC(53) User=0.07s Sys=0.00s Real=0.02s
[27.621s][info ][safepoint      ] Safepoint "ParallelGCFailedAllocation", Time since last: 332653210 ns, Reaching safepoint: 148104 ns, At safepoint: 18799481 ns, Total: 18947585 ns
[28.021s][info ][gc,start       ] GC(54) Pause Young (Allocation Failure)
[28.044s][debug][gc,phases      ] GC(54) Scavenge 22.486ms
[28.044s][debug][gc,ref         ] GC(54) Skipped phase 1 of Reference Processing: no references
[28.044s][debug][gc,ref         ] GC(54) ReferenceProcessor::execute queues: 1, RefProcThreadModel::Single, marks_oops_alive: false
[28.044s][debug][gc,ref         ] GC(54) Skipped phase 3 of Reference Processing: no references
[28.044s][debug][gc,ref         ] GC(54) ReferenceProcessor::execute queues: 1, RefProcThreadModel::Single, marks_oops_alive: false
[28.044s][debug][gc,phases      ] GC(54) Reference Processing 0.148ms
[28.044s][debug][gc,phases      ] GC(54)   VM Weak                        Min:  0.0, Avg:  0.0, Max:  0.0, Diff:  0.0, Sum:  0.0, Workers: 4
[28.044s][debug][gc,phases      ] GC(54)     Dead                           Min: 0, Avg:  0.0, Max: 0, Diff: 0, Sum: 0, Workers: 4
[28.044s][debug][gc,phases      ] GC(54)     Total                          Min: 0, Avg: 147.8, Max: 591, Diff: 591, Sum: 591, Workers: 4
[28.044s][debug][gc,phases      ] GC(54)   ObjectSynchronizer Weak        Min:  0.0, Avg:  0.0, Max:  0.0, Diff:  0.0, Sum:  0.0, Workers: 4
[28.044s][debug][gc,phases      ] GC(54)     Dead                           Min: 0, Avg:  0.0, Max: 0, Diff: 0, Sum: 0, Workers: 4
[28.044s][debug][gc,phases      ] GC(54)     Total                          Min: 0, Avg: 82.0, Max: 200, Diff: 200, Sum: 328, Workers: 4
[28.044s][debug][gc,phases      ] GC(54)   JVMTI Tag Weak OopStorage      Min:  0.0, Avg:  0.0, Max:  0.0, Diff:  0.0, Sum:  0.0, Workers: 4
[28.044s][debug][gc,phases      ] GC(54)     Dead                           Min: 0, Avg:  0.0, Max: 0, Diff: 0, Sum: 0, Workers: 4
[28.044s][debug][gc,phases      ] GC(54)     Total                          Min: 0, Avg:  0.0, Max: 0, Diff: 0, Sum: 0, Workers: 4
[28.044s][debug][gc,phases      ] GC(54)   StringTable Weak               Min:  0.1, Avg:  0.1, Max:  0.2, Diff:  0.1, Sum:  0.4, Workers: 4
[28.044s][debug][gc,phases      ] GC(54)     Dead                           Min: 0, Avg:  2.8, Max: 11, Diff: 11, Sum: 11, Workers: 4
[28.044s][debug][gc,phases      ] GC(54)     Total                          Min: 5361, Avg: 10730.0, Max: 16832, Diff: 11471, Sum: 42920, Workers: 4
[28.044s][debug][gc,phases      ] GC(54)   ResolvedMethodTable Weak       Min:  0.0, Avg:  0.0, Max:  0.0, Diff:  0.0, Sum:  0.1, Workers: 4
[28.044s][debug][gc,phases      ] GC(54)     Dead                           Min: 0, Avg:  0.0, Max: 0, Diff: 0, Sum: 0, Workers: 4
[28.044s][debug][gc,phases      ] GC(54)     Total                          Min: 1536, Avg: 1791.0, Max: 2047, Diff: 511, Sum: 7164, Workers: 4
[28.044s][debug][gc,phases      ] GC(54)   JNI Weak                       Min:  0.0, Avg:  0.0, Max:  0.0, Diff:  0.0, Sum:  0.0, Workers: 4
[28.044s][debug][gc,phases      ] GC(54)     Dead                           Min: 0, Avg:  0.0, Max: 0, Diff: 0, Sum: 0, Workers: 4
[28.044s][debug][gc,phases      ] GC(54)     Total                          Min: 0, Avg:  1.2, Max: 5, Diff: 5, Sum: 5, Workers: 4
[28.044s][debug][gc,phases      ] GC(54)   StringDedup Table Weak         Min:  0.0, Avg:  0.0, Max:  0.0, Diff:  0.0, Sum:  0.0, Workers: 4
[28.044s][debug][gc,phases      ] GC(54)     Dead                           Min: 0, Avg:  0.0, Max: 0, Diff: 0, Sum: 0, Workers: 4
[28.044s][debug][gc,phases      ] GC(54)     Total                          Min: 0, Avg:  0.0, Max: 0, Diff: 0, Sum: 0, Workers: 4
[28.044s][debug][gc,phases      ] GC(54)   StringDedup Requests0 Weak     Min:  0.0, Avg:  0.0, Max:  0.0, Diff:  0.0, Sum:  0.0, Workers: 4
[28.044s][debug][gc,phases      ] GC(54)     Dead                           Min: 0, Avg:  0.0, Max: 0, Diff: 0, Sum: 0, Workers: 4
[28.044s][debug][gc,phases      ] GC(54)     Total                          Min: 0, Avg:  0.0, Max: 0, Diff: 0, Sum: 0, Workers: 4
[28.044s][debug][gc,phases      ] GC(54)   StringDedup Requests1 Weak     Min:  0.0, Avg:  0.0, Max:  0.0, Diff:  0.0, Sum:  0.0, Workers: 4
[28.044s][debug][gc,phases      ] GC(54)     Dead                           Min: 0, Avg:  0.0, Max: 0, Diff: 0, Sum: 0, Workers: 4
[28.044s][debug][gc,phases      ] GC(54)     Total                          Min: 0, Avg:  0.0, Max: 0, Diff: 0, Sum: 0, Workers: 4
[28.044s][debug][gc,phases      ] GC(54)   Weak JFR Old Object Samples    Min:  0.0, Avg:  0.0, Max:  0.0, Diff:  0.0, Sum:  0.0, Workers: 4
[28.044s][debug][gc,phases      ] GC(54)     Dead                           Min: 0, Avg:  0.0, Max: 0, Diff: 0, Sum: 0, Workers: 4
[28.044s][debug][gc,phases      ] GC(54)     Total                          Min: 0, Avg:  0.0, Max: 0, Diff: 0, Sum: 0, Workers: 4
[28.044s][debug][gc,phases      ] GC(54) Weak Processing 0.391ms
[28.044s][debug][gc,age         ] GC(54) Desired survivor size 210239488 bytes, new threshold 15 (max threshold 15)
[28.044s][info ][gc,heap        ] GC(54) PSYoungGen: 1670752K(1860096K)->41168K(1891840K) Eden: 1633280K(1633280K)->0K(1675776K) From: 37472K(226816K)->41168K(216064K)
[28.044s][info ][gc,heap        ] GC(54) ParOldGen: 486580K(565248K)->488700K(565248K)
[28.044s][info ][gc,metaspace   ] GC(54) Metaspace: 68539K(69312K)->68539K(69312K) NonClass: 58572K(59008K)->58572K(59008K) Class: 9966K(10304K)->9966K(10304K)
[28.044s][info ][gc             ] GC(54) Pause Young (Allocation Failure) 2106M->517M(2399M) 23.167ms
[28.044s][info ][gc,cpu         ] GC(54) User=0.10s Sys=0.00s Real=0.02s
[28.044s][info ][safepoint      ] Safepoint "ParallelGCFailedAllocation", Time since last: 399150912 ns, Reaching safepoint: 475712 ns, At safepoint: 23274895 ns, Total: 23750607 ns
[28.429s][info ][gc,start       ] GC(55) Pause Young (Allocation Failure)
[28.448s][debug][gc,phases      ] GC(55) Scavenge 19.559ms
[28.449s][debug][gc,ref         ] GC(55) Skipped phase 1 of Reference Processing: no references
[28.449s][debug][gc,ref         ] GC(55) ReferenceProcessor::execute queues: 1, RefProcThreadModel::Single, marks_oops_alive: false
[28.449s][debug][gc,ref         ] GC(55) Skipped phase 3 of Reference Processing: no references
[28.449s][debug][gc,ref         ] GC(55) ReferenceProcessor::execute queues: 1, RefProcThreadModel::Single, marks_oops_alive: false
[28.449s][debug][gc,phases      ] GC(55) Reference Processing 0.104ms
[28.449s][debug][gc,phases      ] GC(55)   VM Weak                        Min:  0.0, Avg:  0.0, Max:  0.0, Diff:  0.0, Sum:  0.0, Workers: 4
[28.449s][debug][gc,phases      ] GC(55)     Dead                           Min: 0, Avg:  0.0, Max: 0, Diff: 0, Sum: 0, Workers: 4
[28.449s][debug][gc,phases      ] GC(55)     Total                          Min: 0, Avg: 147.8, Max: 591, Diff: 591, Sum: 591, Workers: 4
[28.449s][debug][gc,phases      ] GC(55)   ObjectSynchronizer Weak        Min:  0.0, Avg:  0.0, Max:  0.0, Diff:  0.0, Sum:  0.0, Workers: 4
[28.449s][debug][gc,phases      ] GC(55)     Dead                           Min: 0, Avg:  0.0, Max: 0, Diff: 0, Sum: 0, Workers: 4
[28.449s][debug][gc,phases      ] GC(55)     Total                          Min: 0, Avg: 82.0, Max: 320, Diff: 320, Sum: 328, Workers: 4
[28.449s][debug][gc,phases      ] GC(55)   JVMTI Tag Weak OopStorage      Min:  0.0, Avg:  0.0, Max:  0.0, Diff:  0.0, Sum:  0.0, Workers: 4
[28.449s][debug][gc,phases      ] GC(55)     Dead                           Min: 0, Avg:  0.0, Max: 0, Diff: 0, Sum: 0, Workers: 4
[28.449s][debug][gc,phases      ] GC(55)     Total                          Min: 0, Avg:  0.0, Max: 0, Diff: 0, Sum: 0, Workers: 4
[28.449s][debug][gc,phases      ] GC(55)   StringTable Weak               Min:  0.1, Avg:  0.1, Max:  0.1, Diff:  0.0, Sum:  0.4, Workers: 4
[28.449s][debug][gc,phases      ] GC(55)     Dead                           Min: 0, Avg:  2.8, Max: 11, Diff: 11, Sum: 11, Workers: 4
[28.449s][debug][gc,phases      ] GC(55)     Total                          Min: 10368, Avg: 10730.0, Max: 11136, Diff: 768, Sum: 42920, Workers: 4
[28.449s][debug][gc,phases      ] GC(55)   ResolvedMethodTable Weak       Min:  0.0, Avg:  0.0, Max:  0.0, Diff:  0.0, Sum:  0.1, Workers: 4
[28.449s][debug][gc,phases      ] GC(55)     Dead                           Min: 0, Avg:  0.0, Max: 0, Diff: 0, Sum: 0, Workers: 4
[28.449s][debug][gc,phases      ] GC(55)     Total                          Min: 1664, Avg: 1791.0, Max: 1917, Diff: 253, Sum: 7164, Workers: 4
[28.449s][debug][gc,phases      ] GC(55)   JNI Weak                       Min:  0.0, Avg:  0.0, Max:  0.0, Diff:  0.0, Sum:  0.0, Workers: 4
[28.449s][debug][gc,phases      ] GC(55)     Dead                           Min: 0, Avg:  0.0, Max: 0, Diff: 0, Sum: 0, Workers: 4
[28.449s][debug][gc,phases      ] GC(55)     Total                          Min: 0, Avg:  0.0, Max: 0, Diff: 0, Sum: 0, Workers: 4
[28.449s][debug][gc,phases      ] GC(55)   StringDedup Table Weak         Min:  0.0, Avg:  0.0, Max:  0.0, Diff:  0.0, Sum:  0.0, Workers: 4
[28.449s][debug][gc,phases      ] GC(55)     Dead                           Min: 0, Avg:  0.0, Max: 0, Diff: 0, Sum: 0, Workers: 4
[28.449s][debug][gc,phases      ] GC(55)     Total                          Min: 0, Avg:  0.0, Max: 0, Diff: 0, Sum: 0, Workers: 4
[28.449s][debug][gc,phases      ] GC(55)   StringDedup Requests0 Weak     Min:  0.0, Avg:  0.0, Max:  0.0, Diff:  0.0, Sum:  0.0, Workers: 4
[28.449s][debug][gc,phases      ] GC(55)     Dead                           Min: 0, Avg:  0.0, Max: 0, Diff: 0, Sum: 0, Workers: 4
[28.449s][debug][gc,phases      ] GC(55)     Total                          Min: 0, Avg:  0.0, Max: 0, Diff: 0, Sum: 0, Workers: 4
[28.449s][debug][gc,phases      ] GC(55)   StringDedup Requests1 Weak     Min:  0.0, Avg:  0.0, Max:  0.0, Diff:  0.0, Sum:  0.0, Workers: 4
[28.449s][debug][gc,phases      ] GC(55)     Dead                           Min: 0, Avg:  0.0, Max: 0, Diff: 0, Sum: 0, Workers: 4
[28.449s][debug][gc,phases      ] GC(55)     Total                          Min: 0, Avg:  0.0, Max: 0, Diff: 0, Sum: 0, Workers: 4
[28.449s][debug][gc,phases      ] GC(55)   Weak JFR Old Object Samples    Min:  0.0, Avg:  0.0, Max:  0.0, Diff:  0.0, Sum:  0.0, Workers: 4
[28.449s][debug][gc,phases      ] GC(55)     Dead                           Min: 0, Avg:  0.0, Max: 0, Diff: 0, Sum: 0, Workers: 4
[28.449s][debug][gc,phases      ] GC(55)     Total                          Min: 0, Avg:  0.0, Max: 0, Diff: 0, Sum: 0, Workers: 4
[28.449s][debug][gc,phases      ] GC(55) Weak Processing 0.303ms
[28.449s][debug][gc,age         ] GC(55) Desired survivor size 199229440 bytes, new threshold 15 (max threshold 15)
[28.449s][info ][gc,heap        ] GC(55) PSYoungGen: 1716944K(1891840K)->42352K(1881088K) Eden: 1675776K(1675776K)->0K(1675776K) From: 41168K(216064K)->42352K(205312K)
[28.449s][info ][gc,heap        ] GC(55) ParOldGen: 488700K(565248K)->489868K(565248K)
[28.449s][info ][gc,metaspace   ] GC(55) Metaspace: 68539K(69312K)->68539K(69312K) NonClass: 58573K(59008K)->58573K(59008K) Class: 9966K(10304K)->9966K(10304K)
[28.449s][info ][gc             ] GC(55) Pause Young (Allocation Failure) 2153M->519M(2389M) 20.099ms
[28.449s][info ][gc,cpu         ] GC(55) User=0.07s Sys=0.00s Real=0.02s
[28.449s][info ][safepoint      ] Safepoint "ParallelGCFailedAllocation", Time since last: 384383535 ns, Reaching safepoint: 111003 ns, At safepoint: 20206617 ns, Total: 20317620 ns
[28.790s][info ][gc,start       ] GC(56) Pause Young (Allocation Failure)
[28.812s][debug][gc,phases      ] GC(56) Scavenge 22.217ms
[28.812s][debug][gc,ref         ] GC(56) Skipped phase 1 of Reference Processing: no references
[28.812s][debug][gc,ref         ] GC(56) ReferenceProcessor::execute queues: 1, RefProcThreadModel::Single, marks_oops_alive: false
[28.812s][debug][gc,ref         ] GC(56) Skipped phase 3 of Reference Processing: no references
[28.812s][debug][gc,ref         ] GC(56) ReferenceProcessor::execute queues: 1, RefProcThreadModel::Single, marks_oops_alive: false
[28.812s][debug][gc,phases      ] GC(56) Reference Processing 0.139ms
[28.812s][debug][gc,phases      ] GC(56)   VM Weak                        Min:  0.0, Avg:  0.0, Max:  0.0, Diff:  0.0, Sum:  0.0, Workers: 4
[28.812s][debug][gc,phases      ] GC(56)     Dead                           Min: 0, Avg:  0.0, Max: 0, Diff: 0, Sum: 0, Workers: 4
[28.812s][debug][gc,phases      ] GC(56)     Total                          Min: 0, Avg: 147.8, Max: 384, Diff: 384, Sum: 591, Workers: 4
[28.812s][debug][gc,phases      ] GC(56)   ObjectSynchronizer Weak        Min:  0.0, Avg:  0.0, Max:  0.0, Diff:  0.0, Sum:  0.0, Workers: 4
[28.812s][debug][gc,phases      ] GC(56)     Dead                           Min: 0, Avg:  0.0, Max: 0, Diff: 0, Sum: 0, Workers: 4
[28.812s][debug][gc,phases      ] GC(56)     Total                          Min: 0, Avg: 82.0, Max: 192, Diff: 192, Sum: 328, Workers: 4
[28.812s][debug][gc,phases      ] GC(56)   JVMTI Tag Weak OopStorage      Min:  0.0, Avg:  0.0, Max:  0.0, Diff:  0.0, Sum:  0.0, Workers: 4
[28.812s][debug][gc,phases      ] GC(56)     Dead                           Min: 0, Avg:  0.0, Max: 0, Diff: 0, Sum: 0, Workers: 4
[28.812s][debug][gc,phases      ] GC(56)     Total                          Min: 0, Avg:  0.0, Max: 0, Diff: 0, Sum: 0, Workers: 4
[28.812s][debug][gc,phases      ] GC(56)   StringTable Weak               Min:  0.0, Avg:  0.1, Max:  0.2, Diff:  0.2, Sum:  0.5, Workers: 4
[28.812s][debug][gc,phases      ] GC(56)     Dead                           Min: 0, Avg:  2.8, Max: 9, Diff: 9, Sum: 11, Workers: 4
[28.812s][debug][gc,phases      ] GC(56)     Total                          Min: 0, Avg: 10730.0, Max: 22272, Diff: 22272, Sum: 42920, Workers: 4
[28.812s][debug][gc,phases      ] GC(56)   ResolvedMethodTable Weak       Min:  0.0, Avg:  0.0, Max:  0.0, Diff:  0.0, Sum:  0.1, Workers: 4
[28.812s][debug][gc,phases      ] GC(56)     Dead                           Min: 0, Avg:  0.0, Max: 0, Diff: 0, Sum: 0, Workers: 4
[28.812s][debug][gc,phases      ] GC(56)     Total                          Min: 1151, Avg: 1791.0, Max: 2368, Diff: 1217, Sum: 7164, Workers: 4
[28.812s][debug][gc,phases      ] GC(56)   JNI Weak                       Min:  0.0, Avg:  0.0, Max:  0.0, Diff:  0.0, Sum:  0.0, Workers: 4
[28.812s][debug][gc,phases      ] GC(56)     Dead                           Min: 0, Avg:  0.0, Max: 0, Diff: 0, Sum: 0, Workers: 4
[28.812s][debug][gc,phases      ] GC(56)     Total                          Min: 0, Avg:  0.5, Max: 2, Diff: 2, Sum: 2, Workers: 4
[28.812s][debug][gc,phases      ] GC(56)   StringDedup Table Weak         Min:  0.0, Avg:  0.0, Max:  0.0, Diff:  0.0, Sum:  0.0, Workers: 4
[28.812s][debug][gc,phases      ] GC(56)     Dead                           Min: 0, Avg:  0.0, Max: 0, Diff: 0, Sum: 0, Workers: 4
[28.812s][debug][gc,phases      ] GC(56)     Total                          Min: 0, Avg:  0.0, Max: 0, Diff: 0, Sum: 0, Workers: 4
[28.812s][debug][gc,phases      ] GC(56)   StringDedup Requests0 Weak     Min:  0.0, Avg:  0.0, Max:  0.0, Diff:  0.0, Sum:  0.0, Workers: 4
[28.812s][debug][gc,phases      ] GC(56)     Dead                           Min: 0, Avg:  0.0, Max: 0, Diff: 0, Sum: 0, Workers: 4
[28.812s][debug][gc,phases      ] GC(56)     Total                          Min: 0, Avg:  0.0, Max: 0, Diff: 0, Sum: 0, Workers: 4
[28.812s][debug][gc,phases      ] GC(56)   StringDedup Requests1 Weak     Min:  0.0, Avg:  0.0, Max:  0.0, Diff:  0.0, Sum:  0.0, Workers: 4
[28.813s][debug][gc,phases      ] GC(56)     Dead                           Min: 0, Avg:  0.0, Max: 0, Diff: 0, Sum: 0, Workers: 4
[28.813s][debug][gc,phases      ] GC(56)     Total                          Min: 0, Avg:  0.0, Max: 0, Diff: 0, Sum: 0, Workers: 4
[28.813s][debug][gc,phases      ] GC(56)   Weak JFR Old Object Samples    Min:  0.0, Avg:  0.0, Max:  0.0, Diff:  0.0, Sum:  0.0, Workers: 4
[28.813s][debug][gc,phases      ] GC(56)     Dead                           Min: 0, Avg:  0.0, Max: 0, Diff: 0, Sum: 0, Workers: 4
[28.813s][debug][gc,phases      ] GC(56)     Total                          Min: 0, Avg:  0.0, Max: 0, Diff: 0, Sum: 0, Workers: 4
[28.813s][debug][gc,phases      ] GC(56) Weak Processing 0.536ms
[28.813s][debug][gc,age         ] GC(56) Desired survivor size 188743680 bytes, new threshold 15 (max threshold 15)
[28.813s][info ][gc,heap        ] GC(56) PSYoungGen: 1718128K(1881088K)->43216K(1912832K) Eden: 1675776K(1675776K)->0K(1718272K) From: 42352K(205312K)->43216K(194560K)
[28.813s][info ][gc,heap        ] GC(56) ParOldGen: 489868K(565248K)->491220K(565248K)
[28.813s][info ][gc,metaspace   ] GC(56) Metaspace: 68539K(69312K)->68539K(69312K) NonClass: 58573K(59008K)->58573K(59008K) Class: 9966K(10304K)->9966K(10304K)
[28.813s][info ][gc             ] GC(56) Pause Young (Allocation Failure) 2156M->521M(2420M) 23.058ms
[28.813s][info ][gc,cpu         ] GC(56) User=0.11s Sys=0.00s Real=0.02s
[28.813s][info ][safepoint      ] Safepoint "ParallelGCFailedAllocation", Time since last: 338752367 ns, Reaching safepoint: 1675643 ns, At safepoint: 23213494 ns, Total: 24889137 ns
[29.255s][info ][gc,start       ] GC(57) Pause Young (Allocation Failure)
[29.285s][debug][gc,phases      ] GC(57) Scavenge 29.578ms
[29.285s][debug][gc,ref         ] GC(57) Skipped phase 1 of Reference Processing: no references
[29.285s][debug][gc,ref         ] GC(57) ReferenceProcessor::execute queues: 1, RefProcThreadModel::Single, marks_oops_alive: false
[29.285s][debug][gc,ref         ] GC(57) Skipped phase 3 of Reference Processing: no references
[29.285s][debug][gc,ref         ] GC(57) ReferenceProcessor::execute queues: 1, RefProcThreadModel::Single, marks_oops_alive: false
[29.285s][debug][gc,phases      ] GC(57) Reference Processing 0.106ms
[29.285s][debug][gc,phases      ] GC(57)   VM Weak                        Min:  0.0, Avg:  0.0, Max:  0.0, Diff:  0.0, Sum:  0.0, Workers: 4
[29.285s][debug][gc,phases      ] GC(57)     Dead                           Min: 0, Avg:  0.0, Max: 0, Diff: 0, Sum: 0, Workers: 4
[29.285s][debug][gc,phases      ] GC(57)     Total                          Min: 0, Avg: 147.8, Max: 399, Diff: 399, Sum: 591, Workers: 4
[29.285s][debug][gc,phases      ] GC(57)   ObjectSynchronizer Weak        Min:  0.0, Avg:  0.0, Max:  0.0, Diff:  0.0, Sum:  0.0, Workers: 4
[29.285s][debug][gc,phases      ] GC(57)     Dead                           Min: 0, Avg:  0.0, Max: 0, Diff: 0, Sum: 0, Workers: 4
[29.285s][debug][gc,phases      ] GC(57)     Total                          Min: 0, Avg: 82.0, Max: 128, Diff: 128, Sum: 328, Workers: 4
[29.285s][debug][gc,phases      ] GC(57)   JVMTI Tag Weak OopStorage      Min:  0.0, Avg:  0.0, Max:  0.0, Diff:  0.0, Sum:  0.0, Workers: 4
[29.285s][debug][gc,phases      ] GC(57)     Dead                           Min: 0, Avg:  0.0, Max: 0, Diff: 0, Sum: 0, Workers: 4
[29.285s][debug][gc,phases      ] GC(57)     Total                          Min: 0, Avg:  0.0, Max: 0, Diff: 0, Sum: 0, Workers: 4
[29.285s][debug][gc,phases      ] GC(57)   StringTable Weak               Min:  0.1, Avg:  0.1, Max:  0.1, Diff:  0.0, Sum:  0.4, Workers: 4
[29.285s][debug][gc,phases      ] GC(57)     Dead                           Min: 0, Avg:  2.8, Max: 11, Diff: 11, Sum: 11, Workers: 4
[29.285s][debug][gc,phases      ] GC(57)     Total                          Min: 10103, Avg: 10730.8, Max: 11776, Diff: 1673, Sum: 42923, Workers: 4
[29.285s][debug][gc,phases      ] GC(57)   ResolvedMethodTable Weak       Min:  0.0, Avg:  0.0, Max:  0.0, Diff:  0.0, Sum:  0.1, Workers: 4
[29.285s][debug][gc,phases      ] GC(57)     Dead                           Min: 0, Avg:  0.0, Max: 0, Diff: 0, Sum: 0, Workers: 4
[29.285s][debug][gc,phases      ] GC(57)     Total                          Min: 1600, Avg: 1791.0, Max: 1983, Diff: 383, Sum: 7164, Workers: 4
[29.285s][debug][gc,phases      ] GC(57)   JNI Weak                       Min:  0.0, Avg:  0.0, Max:  0.0, Diff:  0.0, Sum:  0.0, Workers: 4
[29.285s][debug][gc,phases      ] GC(57)     Dead                           Min: 0, Avg:  0.0, Max: 0, Diff: 0, Sum: 0, Workers: 4
[29.285s][debug][gc,phases      ] GC(57)     Total                          Min: 0, Avg:  1.2, Max: 5, Diff: 5, Sum: 5, Workers: 4
[29.285s][debug][gc,phases      ] GC(57)   StringDedup Table Weak         Min:  0.0, Avg:  0.0, Max:  0.0, Diff:  0.0, Sum:  0.0, Workers: 4
[29.285s][debug][gc,phases      ] GC(57)     Dead                           Min: 0, Avg:  0.0, Max: 0, Diff: 0, Sum: 0, Workers: 4
[29.285s][debug][gc,phases      ] GC(57)     Total                          Min: 0, Avg:  0.0, Max: 0, Diff: 0, Sum: 0, Workers: 4
[29.285s][debug][gc,phases      ] GC(57)   StringDedup Requests0 Weak     Min:  0.0, Avg:  0.0, Max:  0.0, Diff:  0.0, Sum:  0.0, Workers: 4
[29.285s][debug][gc,phases      ] GC(57)     Dead                           Min: 0, Avg:  0.0, Max: 0, Diff: 0, Sum: 0, Workers: 4
[29.285s][debug][gc,phases      ] GC(57)     Total                          Min: 0, Avg:  0.0, Max: 0, Diff: 0, Sum: 0, Workers: 4
[29.285s][debug][gc,phases      ] GC(57)   StringDedup Requests1 Weak     Min:  0.0, Avg:  0.0, Max:  0.0, Diff:  0.0, Sum:  0.0, Workers: 4
[29.285s][debug][gc,phases      ] GC(57)     Dead                           Min: 0, Avg:  0.0, Max: 0, Diff: 0, Sum: 0, Workers: 4
[29.285s][debug][gc,phases      ] GC(57)     Total                          Min: 0, Avg:  0.0, Max: 0, Diff: 0, Sum: 0, Workers: 4
[29.285s][debug][gc,phases      ] GC(57)   Weak JFR Old Object Samples    Min:  0.0, Avg:  0.0, Max:  0.0, Diff:  0.0, Sum:  0.0, Workers: 4
[29.285s][debug][gc,phases      ] GC(57)     Dead                           Min: 0, Avg:  0.0, Max: 0, Diff: 0, Sum: 0, Workers: 4
[29.285s][debug][gc,phases      ] GC(57)     Total                          Min: 0, Avg:  0.0, Max: 0, Diff: 0, Sum: 0, Workers: 4
[29.285s][debug][gc,phases      ] GC(57) Weak Processing 0.302ms
[29.285s][debug][gc,age         ] GC(57) Desired survivor size 177209344 bytes, new threshold 15 (max threshold 15)
[29.285s][info ][gc,heap        ] GC(57) PSYoungGen: 1761488K(1912832K)->51104K(1902592K) Eden: 1718272K(1718272K)->0K(1718272K) From: 43216K(194560K)->51104K(184320K)
[29.285s][info ][gc,heap        ] GC(57) ParOldGen: 491220K(565248K)->492865K(565248K)
[29.285s][info ][gc,metaspace   ] GC(57) Metaspace: 68622K(69376K)->68622K(69376K) NonClass: 58649K(59072K)->58649K(59072K) Class: 9972K(10304K)->9972K(10304K)
[29.285s][info ][gc             ] GC(57) Pause Young (Allocation Failure) 2199M->531M(2410M) 30.121ms
[29.285s][info ][gc,cpu         ] GC(57) User=0.12s Sys=0.00s Real=0.03s
[29.285s][info ][safepoint      ] Safepoint "ParallelGCFailedAllocation", Time since last: 442356519 ns, Reaching safepoint: 148704 ns, At safepoint: 30234973 ns, Total: 30383677 ns
[29.629s][info ][gc,start       ] GC(58) Pause Young (Allocation Failure)
[29.658s][debug][gc,phases      ] GC(58) Scavenge 28.222ms
[29.658s][debug][gc,ref         ] GC(58) Skipped phase 1 of Reference Processing: no references
[29.658s][debug][gc,ref         ] GC(58) ReferenceProcessor::execute queues: 1, RefProcThreadModel::Single, marks_oops_alive: false
[29.658s][debug][gc,ref         ] GC(58) Skipped phase 3 of Reference Processing: no references
[29.658s][debug][gc,ref         ] GC(58) ReferenceProcessor::execute queues: 1, RefProcThreadModel::Single, marks_oops_alive: false
[29.658s][debug][gc,phases      ] GC(58) Reference Processing 0.126ms
[29.658s][debug][gc,phases      ] GC(58)   VM Weak                        Min:  0.0, Avg:  0.0, Max:  0.0, Diff:  0.0, Sum:  0.0, Workers: 4
[29.658s][debug][gc,phases      ] GC(58)     Dead                           Min: 0, Avg:  0.0, Max: 0, Diff: 0, Sum: 0, Workers: 4
[29.658s][debug][gc,phases      ] GC(58)     Total                          Min: 0, Avg: 147.8, Max: 448, Diff: 448, Sum: 591, Workers: 4
[29.658s][debug][gc,phases      ] GC(58)   ObjectSynchronizer Weak        Min:  0.0, Avg:  0.0, Max:  0.0, Diff:  0.0, Sum:  0.0, Workers: 4
[29.658s][debug][gc,phases      ] GC(58)     Dead                           Min: 0, Avg:  0.0, Max: 0, Diff: 0, Sum: 0, Workers: 4
[29.658s][debug][gc,phases      ] GC(58)     Total                          Min: 0, Avg: 82.0, Max: 128, Diff: 128, Sum: 328, Workers: 4
[29.658s][debug][gc,phases      ] GC(58)   JVMTI Tag Weak OopStorage      Min:  0.0, Avg:  0.0, Max:  0.0, Diff:  0.0, Sum:  0.0, Workers: 4
[29.658s][debug][gc,phases      ] GC(58)     Dead                           Min: 0, Avg:  0.0, Max: 0, Diff: 0, Sum: 0, Workers: 4
[29.658s][debug][gc,phases      ] GC(58)     Total                          Min: 0, Avg:  0.0, Max: 0, Diff: 0, Sum: 0, Workers: 4
[29.658s][debug][gc,phases      ] GC(58)   StringTable Weak               Min:  0.1, Avg:  0.2, Max:  0.2, Diff:  0.0, Sum:  0.6, Workers: 4
[29.658s][debug][gc,phases      ] GC(58)     Dead                           Min: 0, Avg:  0.0, Max: 0, Diff: 0, Sum: 0, Workers: 4
[29.658s][debug][gc,phases      ] GC(58)     Total                          Min: 5120, Avg: 10730.8, Max: 13995, Diff: 8875, Sum: 42923, Workers: 4
[29.658s][debug][gc,phases      ] GC(58)   ResolvedMethodTable Weak       Min:  0.0, Avg:  0.0, Max:  0.0, Diff:  0.0, Sum:  0.1, Workers: 4
[29.658s][debug][gc,phases      ] GC(58)     Dead                           Min: 0, Avg:  0.0, Max: 0, Diff: 0, Sum: 0, Workers: 4
[29.658s][debug][gc,phases      ] GC(58)     Total                          Min: 192, Avg: 1791.0, Max: 3772, Diff: 3580, Sum: 7164, Workers: 4
[29.658s][debug][gc,phases      ] GC(58)   JNI Weak                       Min:  0.0, Avg:  0.0, Max:  0.0, Diff:  0.0, Sum:  0.0, Workers: 4
[29.658s][debug][gc,phases      ] GC(58)     Dead                           Min: 0, Avg:  0.0, Max: 0, Diff: 0, Sum: 0, Workers: 4
[29.658s][debug][gc,phases      ] GC(58)     Total                          Min: 0, Avg:  0.0, Max: 0, Diff: 0, Sum: 0, Workers: 4
[29.658s][debug][gc,phases      ] GC(58)   StringDedup Table Weak         Min:  0.0, Avg:  0.0, Max:  0.0, Diff:  0.0, Sum:  0.0, Workers: 4
[29.658s][debug][gc,phases      ] GC(58)     Dead                           Min: 0, Avg:  0.0, Max: 0, Diff: 0, Sum: 0, Workers: 4
[29.658s][debug][gc,phases      ] GC(58)     Total                          Min: 0, Avg:  0.0, Max: 0, Diff: 0, Sum: 0, Workers: 4
[29.658s][debug][gc,phases      ] GC(58)   StringDedup Requests0 Weak     Min:  0.0, Avg:  0.0, Max:  0.0, Diff:  0.0, Sum:  0.0, Workers: 4
[29.658s][debug][gc,phases      ] GC(58)     Dead                           Min: 0, Avg:  0.0, Max: 0, Diff: 0, Sum: 0, Workers: 4
[29.658s][debug][gc,phases      ] GC(58)     Total                          Min: 0, Avg:  0.0, Max: 0, Diff: 0, Sum: 0, Workers: 4
[29.658s][debug][gc,phases      ] GC(58)   StringDedup Requests1 Weak     Min:  0.0, Avg:  0.0, Max:  0.0, Diff:  0.0, Sum:  0.0, Workers: 4
[29.658s][debug][gc,phases      ] GC(58)     Dead                           Min: 0, Avg:  0.0, Max: 0, Diff: 0, Sum: 0, Workers: 4
[29.658s][debug][gc,phases      ] GC(58)     Total                          Min: 0, Avg:  0.0, Max: 0, Diff: 0, Sum: 0, Workers: 4
[29.658s][debug][gc,phases      ] GC(58)   Weak JFR Old Object Samples    Min:  0.0, Avg:  0.0, Max:  0.0, Diff:  0.0, Sum:  0.0, Workers: 4
[29.658s][debug][gc,phases      ] GC(58)     Dead                           Min: 0, Avg:  0.0, Max: 0, Diff: 0, Sum: 0, Workers: 4
[29.658s][debug][gc,phases      ] GC(58)     Total                          Min: 0, Avg:  0.0, Max: 0, Diff: 0, Sum: 0, Workers: 4
[29.658s][debug][gc,phases      ] GC(58) Weak Processing 0.418ms
[29.658s][debug][gc,age         ] GC(58) Desired survivor size 166723584 bytes, new threshold 15 (max threshold 15)
[29.658s][info ][gc,heap        ] GC(58) PSYoungGen: 1769376K(1902592K)->52864K(1934336K) Eden: 1718272K(1718272K)->0K(1761280K) From: 51104K(184320K)->52864K(173056K)
[29.658s][info ][gc,heap        ] GC(58) ParOldGen: 492865K(565248K)->493769K(565248K)
[29.658s][info ][gc,metaspace   ] GC(58) Metaspace: 68622K(69376K)->68622K(69376K) NonClass: 58649K(59072K)->58649K(59072K) Class: 9972K(10304K)->9972K(10304K)
[29.658s][info ][gc             ] GC(58) Pause Young (Allocation Failure) 2209M->533M(2441M) 28.924ms
[29.658s][info ][gc,cpu         ] GC(58) User=0.11s Sys=0.01s Real=0.02s
[29.658s][info ][safepoint      ] Safepoint "ParallelGCFailedAllocation", Time since last: 343684095 ns, Reaching safepoint: 146203 ns, At safepoint: 29040943 ns, Total: 29187146 ns
[30.023s][info ][gc,start       ] GC(59) Pause Young (Allocation Failure)
[30.048s][debug][gc,phases      ] GC(59) Scavenge 24.814ms
[30.048s][debug][gc,ref         ] GC(59) Skipped phase 1 of Reference Processing: no references
[30.048s][debug][gc,ref         ] GC(59) ReferenceProcessor::execute queues: 1, RefProcThreadModel::Single, marks_oops_alive: false
[30.048s][debug][gc,ref         ] GC(59) Skipped phase 3 of Reference Processing: no references
[30.048s][debug][gc,ref         ] GC(59) ReferenceProcessor::execute queues: 1, RefProcThreadModel::Single, marks_oops_alive: false
[30.048s][debug][gc,phases      ] GC(59) Reference Processing 0.105ms
[30.049s][debug][gc,phases      ] GC(59)   VM Weak                        Min:  0.0, Avg:  0.0, Max:  0.0, Diff:  0.0, Sum:  0.0, Workers: 4
[30.049s][debug][gc,phases      ] GC(59)     Dead                           Min: 0, Avg:  0.0, Max: 0, Diff: 0, Sum: 0, Workers: 4
[30.049s][debug][gc,phases      ] GC(59)     Total                          Min: 0, Avg: 147.8, Max: 335, Diff: 335, Sum: 591, Workers: 4
[30.049s][debug][gc,phases      ] GC(59)   ObjectSynchronizer Weak        Min:  0.0, Avg:  0.0, Max:  0.0, Diff:  0.0, Sum:  0.0, Workers: 4
[30.049s][debug][gc,phases      ] GC(59)     Dead                           Min: 0, Avg:  0.0, Max: 0, Diff: 0, Sum: 0, Workers: 4
[30.049s][debug][gc,phases      ] GC(59)     Total                          Min: 8, Avg: 82.0, Max: 128, Diff: 120, Sum: 328, Workers: 4
[30.049s][debug][gc,phases      ] GC(59)   JVMTI Tag Weak OopStorage      Min:  0.0, Avg:  0.0, Max:  0.0, Diff:  0.0, Sum:  0.0, Workers: 4
[30.049s][debug][gc,phases      ] GC(59)     Dead                           Min: 0, Avg:  0.0, Max: 0, Diff: 0, Sum: 0, Workers: 4
[30.049s][debug][gc,phases      ] GC(59)     Total                          Min: 0, Avg:  0.0, Max: 0, Diff: 0, Sum: 0, Workers: 4
[30.049s][debug][gc,phases      ] GC(59)   StringTable Weak               Min:  0.1, Avg:  0.1, Max:  0.1, Diff:  0.0, Sum:  0.4, Workers: 4
[30.049s][debug][gc,phases      ] GC(59)     Dead                           Min: 0, Avg:  2.8, Max: 9, Diff: 9, Sum: 11, Workers: 4
[30.049s][debug][gc,phases      ] GC(59)     Total                          Min: 9984, Avg: 10730.8, Max: 11712, Diff: 1728, Sum: 42923, Workers: 4
[30.049s][debug][gc,phases      ] GC(59)   ResolvedMethodTable Weak       Min:  0.0, Avg:  0.0, Max:  0.0, Diff:  0.0, Sum:  0.1, Workers: 4
[30.049s][debug][gc,phases      ] GC(59)     Dead                           Min: 0, Avg:  0.0, Max: 0, Diff: 0, Sum: 0, Workers: 4
[30.049s][debug][gc,phases      ] GC(59)     Total                          Min: 1663, Avg: 1791.0, Max: 2109, Diff: 446, Sum: 7164, Workers: 4
[30.049s][debug][gc,phases      ] GC(59)   JNI Weak                       Min:  0.0, Avg:  0.0, Max:  0.0, Diff:  0.0, Sum:  0.0, Workers: 4
[30.049s][debug][gc,phases      ] GC(59)     Dead                           Min: 0, Avg:  0.0, Max: 0, Diff: 0, Sum: 0, Workers: 4
[30.049s][debug][gc,phases      ] GC(59)     Total                          Min: 0, Avg:  0.0, Max: 0, Diff: 0, Sum: 0, Workers: 4
[30.049s][debug][gc,phases      ] GC(59)   StringDedup Table Weak         Min:  0.0, Avg:  0.0, Max:  0.0, Diff:  0.0, Sum:  0.0, Workers: 4
[30.049s][debug][gc,phases      ] GC(59)     Dead                           Min: 0, Avg:  0.0, Max: 0, Diff: 0, Sum: 0, Workers: 4
[30.049s][debug][gc,phases      ] GC(59)     Total                          Min: 0, Avg:  0.0, Max: 0, Diff: 0, Sum: 0, Workers: 4
[30.049s][debug][gc,phases      ] GC(59)   StringDedup Requests0 Weak     Min:  0.0, Avg:  0.0, Max:  0.0, Diff:  0.0, Sum:  0.0, Workers: 4
[30.049s][debug][gc,phases      ] GC(59)     Dead                           Min: 0, Avg:  0.0, Max: 0, Diff: 0, Sum: 0, Workers: 4
[30.049s][debug][gc,phases      ] GC(59)     Total                          Min: 0, Avg:  0.0, Max: 0, Diff: 0, Sum: 0, Workers: 4
[30.049s][debug][gc,phases      ] GC(59)   StringDedup Requests1 Weak     Min:  0.0, Avg:  0.0, Max:  0.0, Diff:  0.0, Sum:  0.0, Workers: 4
[30.049s][debug][gc,phases      ] GC(59)     Dead                           Min: 0, Avg:  0.0, Max: 0, Diff: 0, Sum: 0, Workers: 4
[30.049s][debug][gc,phases      ] GC(59)     Total                          Min: 0, Avg:  0.0, Max: 0, Diff: 0, Sum: 0, Workers: 4
[30.049s][debug][gc,phases      ] GC(59)   Weak JFR Old Object Samples    Min:  0.0, Avg:  0.0, Max:  0.0, Diff:  0.0, Sum:  0.0, Workers: 4
[30.049s][debug][gc,phases      ] GC(59)     Dead                           Min: 0, Avg:  0.0, Max: 0, Diff: 0, Sum: 0, Workers: 4
[30.049s][debug][gc,phases      ] GC(59)     Total                          Min: 0, Avg:  0.0, Max: 0, Diff: 0, Sum: 0, Workers: 4
[30.049s][debug][gc,phases      ] GC(59) Weak Processing 0.294ms
[30.049s][debug][gc,age         ] GC(59) Desired survivor size 156237824 bytes, new threshold 15 (max threshold 15)
[30.049s][info ][gc,heap        ] GC(59) PSYoungGen: 1814144K(1934336K)->54592K(1924096K) Eden: 1761280K(1761280K)->0K(1761280K) From: 52864K(173056K)->54592K(162816K)
[30.049s][info ][gc,heap        ] GC(59) ParOldGen: 493769K(565248K)->494769K(565248K)
[30.049s][info ][gc,metaspace   ] GC(59) Metaspace: 68622K(69376K)->68622K(69376K) NonClass: 58650K(59072K)->58650K(59072K) Class: 9972K(10304K)->9972K(10304K)
[30.049s][info ][gc             ] GC(59) Pause Young (Allocation Failure) 2253M->536M(2431M) 25.340ms
[30.049s][info ][gc,cpu         ] GC(59) User=0.08s Sys=0.01s Real=0.03s
[30.049s][info ][safepoint      ] Safepoint "ParallelGCFailedAllocation", Time since last: 364947340 ns, Reaching safepoint: 115303 ns, At safepoint: 25448851 ns, Total: 25564154 ns
[30.415s][info ][gc,start       ] GC(60) Pause Young (Allocation Failure)
[30.452s][debug][gc,phases      ] GC(60) Scavenge 36.707ms
[30.452s][debug][gc,ref         ] GC(60) Skipped phase 1 of Reference Processing: no references
[30.452s][debug][gc,ref         ] GC(60) ReferenceProcessor::execute queues: 1, RefProcThreadModel::Single, marks_oops_alive: false
[30.452s][debug][gc,ref         ] GC(60) Skipped phase 3 of Reference Processing: no references
[30.452s][debug][gc,ref         ] GC(60) ReferenceProcessor::execute queues: 1, RefProcThreadModel::Single, marks_oops_alive: false
[30.452s][debug][gc,phases      ] GC(60) Reference Processing 0.075ms
[30.452s][debug][gc,phases      ] GC(60)   VM Weak                        Min:  0.0, Avg:  0.0, Max:  0.0, Diff:  0.0, Sum:  0.0, Workers: 4
[30.452s][debug][gc,phases      ] GC(60)     Dead                           Min: 0, Avg:  0.0, Max: 0, Diff: 0, Sum: 0, Workers: 4
[30.452s][debug][gc,phases      ] GC(60)     Total                          Min: 0, Avg: 147.8, Max: 591, Diff: 591, Sum: 591, Workers: 4
[30.452s][debug][gc,phases      ] GC(60)   ObjectSynchronizer Weak        Min:  0.0, Avg:  0.0, Max:  0.0, Diff:  0.0, Sum:  0.0, Workers: 4
[30.452s][debug][gc,phases      ] GC(60)     Dead                           Min: 0, Avg:  0.0, Max: 0, Diff: 0, Sum: 0, Workers: 4
[30.452s][debug][gc,phases      ] GC(60)     Total                          Min: 0, Avg: 82.0, Max: 320, Diff: 320, Sum: 328, Workers: 4
[30.452s][debug][gc,phases      ] GC(60)   JVMTI Tag Weak OopStorage      Min:  0.0, Avg:  0.0, Max:  0.0, Diff:  0.0, Sum:  0.0, Workers: 4
[30.452s][debug][gc,phases      ] GC(60)     Dead                           Min: 0, Avg:  0.0, Max: 0, Diff: 0, Sum: 0, Workers: 4
[30.452s][debug][gc,phases      ] GC(60)     Total                          Min: 0, Avg:  0.0, Max: 0, Diff: 0, Sum: 0, Workers: 4
[30.452s][debug][gc,phases      ] GC(60)   StringTable Weak               Min:  0.1, Avg:  0.1, Max:  0.1, Diff:  0.0, Sum:  0.4, Workers: 4
[30.452s][debug][gc,phases      ] GC(60)     Dead                           Min: 0, Avg:  2.8, Max: 11, Diff: 11, Sum: 11, Workers: 4
[30.452s][debug][gc,phases      ] GC(60)     Total                          Min: 9856, Avg: 10730.8, Max: 11959, Diff: 2103, Sum: 42923, Workers: 4
[30.452s][debug][gc,phases      ] GC(60)   ResolvedMethodTable Weak       Min:  0.0, Avg:  0.0, Max:  0.0, Diff:  0.0, Sum:  0.1, Workers: 4
[30.452s][debug][gc,phases      ] GC(60)     Dead                           Min: 0, Avg:  0.0, Max: 0, Diff: 0, Sum: 0, Workers: 4
[30.452s][debug][gc,phases      ] GC(60)     Total                          Min: 1727, Avg: 1791.0, Max: 1917, Diff: 190, Sum: 7164, Workers: 4
[30.452s][debug][gc,phases      ] GC(60)   JNI Weak                       Min:  0.0, Avg:  0.0, Max:  0.0, Diff:  0.0, Sum:  0.0, Workers: 4
[30.452s][debug][gc,phases      ] GC(60)     Dead                           Min: 0, Avg:  0.0, Max: 0, Diff: 0, Sum: 0, Workers: 4
[30.452s][debug][gc,phases      ] GC(60)     Total                          Min: 0, Avg:  0.0, Max: 0, Diff: 0, Sum: 0, Workers: 4
[30.452s][debug][gc,phases      ] GC(60)   StringDedup Table Weak         Min:  0.0, Avg:  0.0, Max:  0.0, Diff:  0.0, Sum:  0.0, Workers: 4
[30.452s][debug][gc,phases      ] GC(60)     Dead                           Min: 0, Avg:  0.0, Max: 0, Diff: 0, Sum: 0, Workers: 4
[30.452s][debug][gc,phases      ] GC(60)     Total                          Min: 0, Avg:  0.0, Max: 0, Diff: 0, Sum: 0, Workers: 4
[30.452s][debug][gc,phases      ] GC(60)   StringDedup Requests0 Weak     Min:  0.0, Avg:  0.0, Max:  0.0, Diff:  0.0, Sum:  0.0, Workers: 4
[30.452s][debug][gc,phases      ] GC(60)     Dead                           Min: 0, Avg:  0.0, Max: 0, Diff: 0, Sum: 0, Workers: 4
[30.452s][debug][gc,phases      ] GC(60)     Total                          Min: 0, Avg:  0.0, Max: 0, Diff: 0, Sum: 0, Workers: 4
[30.452s][debug][gc,phases      ] GC(60)   StringDedup Requests1 Weak     Min:  0.0, Avg:  0.0, Max:  0.0, Diff:  0.0, Sum:  0.0, Workers: 4
[30.452s][debug][gc,phases      ] GC(60)     Dead                           Min: 0, Avg:  0.0, Max: 0, Diff: 0, Sum: 0, Workers: 4
[30.452s][debug][gc,phases      ] GC(60)     Total                          Min: 0, Avg:  0.0, Max: 0, Diff: 0, Sum: 0, Workers: 4
[30.452s][debug][gc,phases      ] GC(60)   Weak JFR Old Object Samples    Min:  0.0, Avg:  0.0, Max:  0.0, Diff:  0.0, Sum:  0.0, Workers: 4
[30.452s][debug][gc,phases      ] GC(60)     Dead                           Min: 0, Avg:  0.0, Max: 0, Diff: 0, Sum: 0, Workers: 4
[30.452s][debug][gc,phases      ] GC(60)     Total                          Min: 0, Avg:  0.0, Max: 0, Diff: 0, Sum: 0, Workers: 4
[30.452s][debug][gc,phases      ] GC(60) Weak Processing 0.301ms
[30.452s][debug][gc,age         ] GC(60) Desired survivor size 146800640 bytes, new threshold 15 (max threshold 15)
[30.452s][info ][gc,heap        ] GC(60) PSYoungGen: 1815872K(1924096K)->56816K(1953792K) Eden: 1761280K(1761280K)->0K(1801216K) From: 54592K(162816K)->56816K(152576K)
[30.452s][info ][gc,heap        ] GC(60) ParOldGen: 494769K(565248K)->498769K(565248K)
[30.452s][info ][gc,metaspace   ] GC(60) Metaspace: 68632K(69376K)->68632K(69376K) NonClass: 58660K(59072K)->58660K(59072K) Class: 9972K(10304K)->9972K(10304K)
[30.452s][info ][gc             ] GC(60) Pause Young (Allocation Failure) 2256M->542M(2460M) 37.204ms
[30.452s][info ][gc,cpu         ] GC(60) User=0.15s Sys=0.00s Real=0.04s
[30.452s][info ][safepoint      ] Safepoint "ParallelGCFailedAllocation", Time since last: 362812485 ns, Reaching safepoint: 3244083 ns, At safepoint: 37312055 ns, Total: 40556138 ns
[30.855s][info ][gc,start       ] GC(61) Pause Young (Allocation Failure)
[30.887s][debug][gc,phases      ] GC(61) Scavenge 31.514ms
[30.887s][debug][gc,ref         ] GC(61) Skipped phase 1 of Reference Processing: no references
[30.887s][debug][gc,ref         ] GC(61) ReferenceProcessor::execute queues: 1, RefProcThreadModel::Single, marks_oops_alive: false
[30.887s][debug][gc,ref         ] GC(61) Skipped phase 3 of Reference Processing: no references
[30.887s][debug][gc,ref         ] GC(61) ReferenceProcessor::execute queues: 1, RefProcThreadModel::Single, marks_oops_alive: false
[30.887s][debug][gc,phases      ] GC(61) Reference Processing 0.111ms
[30.887s][debug][gc,phases      ] GC(61)   VM Weak                        Min:  0.0, Avg:  0.0, Max:  0.0, Diff:  0.0, Sum:  0.0, Workers: 4
[30.887s][debug][gc,phases      ] GC(61)     Dead                           Min: 0, Avg:  0.0, Max: 0, Diff: 0, Sum: 0, Workers: 4
[30.887s][debug][gc,phases      ] GC(61)     Total                          Min: 0, Avg: 148.0, Max: 336, Diff: 336, Sum: 592, Workers: 4
[30.887s][debug][gc,phases      ] GC(61)   ObjectSynchronizer Weak        Min:  0.0, Avg:  0.0, Max:  0.0, Diff:  0.0, Sum:  0.0, Workers: 4
[30.887s][debug][gc,phases      ] GC(61)     Dead                           Min: 0, Avg:  0.0, Max: 0, Diff: 0, Sum: 0, Workers: 4
[30.887s][debug][gc,phases      ] GC(61)     Total                          Min: 0, Avg: 82.0, Max: 128, Diff: 128, Sum: 328, Workers: 4
[30.887s][debug][gc,phases      ] GC(61)   JVMTI Tag Weak OopStorage      Min:  0.0, Avg:  0.0, Max:  0.0, Diff:  0.0, Sum:  0.0, Workers: 4
[30.887s][debug][gc,phases      ] GC(61)     Dead                           Min: 0, Avg:  0.0, Max: 0, Diff: 0, Sum: 0, Workers: 4
[30.887s][debug][gc,phases      ] GC(61)     Total                          Min: 0, Avg:  0.0, Max: 0, Diff: 0, Sum: 0, Workers: 4
[30.887s][debug][gc,phases      ] GC(61)   StringTable Weak               Min:  0.1, Avg:  0.1, Max:  0.1, Diff:  0.0, Sum:  0.4, Workers: 4
[30.887s][debug][gc,phases      ] GC(61)     Dead                           Min: 0, Avg:  2.8, Max: 11, Diff: 11, Sum: 11, Workers: 4
[30.887s][debug][gc,phases      ] GC(61)     Total                          Min: 10252, Avg: 10739.0, Max: 11264, Diff: 1012, Sum: 42956, Workers: 4
[30.887s][debug][gc,phases      ] GC(61)   ResolvedMethodTable Weak       Min:  0.0, Avg:  0.0, Max:  0.0, Diff:  0.0, Sum:  0.1, Workers: 4
[30.887s][debug][gc,phases      ] GC(61)     Dead                           Min: 0, Avg:  0.0, Max: 0, Diff: 0, Sum: 0, Workers: 4
[30.887s][debug][gc,phases      ] GC(61)     Total                          Min: 1536, Avg: 1792.0, Max: 1920, Diff: 384, Sum: 7168, Workers: 4
[30.887s][debug][gc,phases      ] GC(61)   JNI Weak                       Min:  0.0, Avg:  0.0, Max:  0.0, Diff:  0.0, Sum:  0.0, Workers: 4
[30.887s][debug][gc,phases      ] GC(61)     Dead                           Min: 0, Avg:  0.0, Max: 0, Diff: 0, Sum: 0, Workers: 4
[30.887s][debug][gc,phases      ] GC(61)     Total                          Min: 0, Avg:  0.2, Max: 1, Diff: 1, Sum: 1, Workers: 4
[30.887s][debug][gc,phases      ] GC(61)   StringDedup Table Weak         Min:  0.0, Avg:  0.0, Max:  0.0, Diff:  0.0, Sum:  0.0, Workers: 4
[30.887s][debug][gc,phases      ] GC(61)     Dead                           Min: 0, Avg:  0.0, Max: 0, Diff: 0, Sum: 0, Workers: 4
[30.887s][debug][gc,phases      ] GC(61)     Total                          Min: 0, Avg:  0.0, Max: 0, Diff: 0, Sum: 0, Workers: 4
[30.887s][debug][gc,phases      ] GC(61)   StringDedup Requests0 Weak     Min:  0.0, Avg:  0.0, Max:  0.0, Diff:  0.0, Sum:  0.0, Workers: 4
[30.887s][debug][gc,phases      ] GC(61)     Dead                           Min: 0, Avg:  0.0, Max: 0, Diff: 0, Sum: 0, Workers: 4
[30.887s][debug][gc,phases      ] GC(61)     Total                          Min: 0, Avg:  0.0, Max: 0, Diff: 0, Sum: 0, Workers: 4
[30.887s][debug][gc,phases      ] GC(61)   StringDedup Requests1 Weak     Min:  0.0, Avg:  0.0, Max:  0.0, Diff:  0.0, Sum:  0.0, Workers: 4
[30.887s][debug][gc,phases      ] GC(61)     Dead                           Min: 0, Avg:  0.0, Max: 0, Diff: 0, Sum: 0, Workers: 4
[30.887s][debug][gc,phases      ] GC(61)     Total                          Min: 0, Avg:  0.0, Max: 0, Diff: 0, Sum: 0, Workers: 4
[30.887s][debug][gc,phases      ] GC(61)   Weak JFR Old Object Samples    Min:  0.0, Avg:  0.0, Max:  0.0, Diff:  0.0, Sum:  0.0, Workers: 4
[30.887s][debug][gc,phases      ] GC(61)     Dead                           Min: 0, Avg:  0.0, Max: 0, Diff: 0, Sum: 0, Workers: 4
[30.887s][debug][gc,phases      ] GC(61)     Total                          Min: 0, Avg:  0.0, Max: 0, Diff: 0, Sum: 0, Workers: 4
[30.887s][debug][gc,phases      ] GC(61) Weak Processing 0.311ms
[30.887s][debug][gc,age         ] GC(61) Desired survivor size 137887744 bytes, new threshold 15 (max threshold 15)
[30.887s][info ][gc,heap        ] GC(61) PSYoungGen: 1858032K(1953792K)->57664K(1944576K) Eden: 1801216K(1801216K)->0K(1801216K) From: 56816K(152576K)->57664K(143360K)
[30.887s][info ][gc,heap        ] GC(61) ParOldGen: 498769K(565248K)->502361K(565248K)
[30.887s][info ][gc,metaspace   ] GC(61) Metaspace: 68650K(69376K)->68650K(69376K) NonClass: 58676K(59072K)->58676K(59072K) Class: 9974K(10304K)->9974K(10304K)
[30.887s][info ][gc             ] GC(61) Pause Young (Allocation Failure) 2301M->546M(2451M) 32.100ms
[30.887s][info ][gc,cpu         ] GC(61) User=0.11s Sys=0.00s Real=0.04s
[30.887s][info ][safepoint      ] Safepoint "ParallelGCFailedAllocation", Time since last: 402823009 ns, Reaching safepoint: 142004 ns, At safepoint: 32216424 ns, Total: 32358428 ns
[31.166s][info ][safepoint      ] Safepoint "ICBufferFull", Time since last: 278114418 ns, Reaching safepoint: 201706 ns, At safepoint: 35600 ns, Total: 237306 ns
[31.264s][info ][gc,start       ] GC(62) Pause Young (Allocation Failure)
[31.295s][debug][gc,phases      ] GC(62) Scavenge 30.931ms
[31.295s][debug][gc,ref         ] GC(62) Skipped phase 1 of Reference Processing: no references
[31.295s][debug][gc,ref         ] GC(62) ReferenceProcessor::execute queues: 1, RefProcThreadModel::Single, marks_oops_alive: false
[31.295s][debug][gc,ref         ] GC(62) Skipped phase 3 of Reference Processing: no references
[31.295s][debug][gc,ref         ] GC(62) ReferenceProcessor::execute queues: 1, RefProcThreadModel::Single, marks_oops_alive: false
[31.295s][debug][gc,phases      ] GC(62) Reference Processing 0.102ms
[31.295s][debug][gc,phases      ] GC(62)   VM Weak                        Min:  0.0, Avg:  0.0, Max:  0.0, Diff:  0.0, Sum:  0.0, Workers: 4
[31.295s][debug][gc,phases      ] GC(62)     Dead                           Min: 0, Avg:  0.0, Max: 0, Diff: 0, Sum: 0, Workers: 4
[31.295s][debug][gc,phases      ] GC(62)     Total                          Min: 0, Avg: 148.5, Max: 594, Diff: 594, Sum: 594, Workers: 4
[31.295s][debug][gc,phases      ] GC(62)   ObjectSynchronizer Weak        Min:  0.0, Avg:  0.0, Max:  0.0, Diff:  0.0, Sum:  0.0, Workers: 4
[31.295s][debug][gc,phases      ] GC(62)     Dead                           Min: 0, Avg:  0.0, Max: 0, Diff: 0, Sum: 0, Workers: 4
[31.295s][debug][gc,phases      ] GC(62)     Total                          Min: 0, Avg: 82.0, Max: 136, Diff: 136, Sum: 328, Workers: 4
[31.295s][debug][gc,phases      ] GC(62)   JVMTI Tag Weak OopStorage      Min:  0.0, Avg:  0.0, Max:  0.0, Diff:  0.0, Sum:  0.0, Workers: 4
[31.295s][debug][gc,phases      ] GC(62)     Dead                           Min: 0, Avg:  0.0, Max: 0, Diff: 0, Sum: 0, Workers: 4
[31.295s][debug][gc,phases      ] GC(62)     Total                          Min: 0, Avg:  0.0, Max: 0, Diff: 0, Sum: 0, Workers: 4
[31.295s][debug][gc,phases      ] GC(62)   StringTable Weak               Min:  0.1, Avg:  0.1, Max:  0.1, Diff:  0.0, Sum:  0.4, Workers: 4
[31.295s][debug][gc,phases      ] GC(62)     Dead                           Min: 0, Avg:  2.8, Max: 11, Diff: 11, Sum: 11, Workers: 4
[31.295s][debug][gc,phases      ] GC(62)     Total                          Min: 9247, Avg: 10741.0, Max: 11381, Diff: 2134, Sum: 42964, Workers: 4
[31.295s][debug][gc,phases      ] GC(62)   ResolvedMethodTable Weak       Min:  0.0, Avg:  0.0, Max:  0.0, Diff:  0.0, Sum:  0.1, Workers: 4
[31.295s][debug][gc,phases      ] GC(62)     Dead                           Min: 0, Avg:  0.0, Max: 0, Diff: 0, Sum: 0, Workers: 4
[31.295s][debug][gc,phases      ] GC(62)     Total                          Min: 1610, Avg: 1794.5, Max: 1984, Diff: 374, Sum: 7178, Workers: 4
[31.295s][debug][gc,phases      ] GC(62)   JNI Weak                       Min:  0.0, Avg:  0.0, Max:  0.0, Diff:  0.0, Sum:  0.0, Workers: 4
[31.295s][debug][gc,phases      ] GC(62)     Dead                           Min: 0, Avg:  0.0, Max: 0, Diff: 0, Sum: 0, Workers: 4
[31.295s][debug][gc,phases      ] GC(62)     Total                          Min: 0, Avg:  1.2, Max: 5, Diff: 5, Sum: 5, Workers: 4
[31.295s][debug][gc,phases      ] GC(62)   StringDedup Table Weak         Min:  0.0, Avg:  0.0, Max:  0.0, Diff:  0.0, Sum:  0.0, Workers: 4
[31.295s][debug][gc,phases      ] GC(62)     Dead                           Min: 0, Avg:  0.0, Max: 0, Diff: 0, Sum: 0, Workers: 4
[31.295s][debug][gc,phases      ] GC(62)     Total                          Min: 0, Avg:  0.0, Max: 0, Diff: 0, Sum: 0, Workers: 4
[31.295s][debug][gc,phases      ] GC(62)   StringDedup Requests0 Weak     Min:  0.0, Avg:  0.0, Max:  0.0, Diff:  0.0, Sum:  0.0, Workers: 4
[31.295s][debug][gc,phases      ] GC(62)     Dead                           Min: 0, Avg:  0.0, Max: 0, Diff: 0, Sum: 0, Workers: 4
[31.295s][debug][gc,phases      ] GC(62)     Total                          Min: 0, Avg:  0.0, Max: 0, Diff: 0, Sum: 0, Workers: 4
[31.295s][debug][gc,phases      ] GC(62)   StringDedup Requests1 Weak     Min:  0.0, Avg:  0.0, Max:  0.0, Diff:  0.0, Sum:  0.0, Workers: 4
[31.295s][debug][gc,phases      ] GC(62)     Dead                           Min: 0, Avg:  0.0, Max: 0, Diff: 0, Sum: 0, Workers: 4
[31.295s][debug][gc,phases      ] GC(62)     Total                          Min: 0, Avg:  0.0, Max: 0, Diff: 0, Sum: 0, Workers: 4
[31.295s][debug][gc,phases      ] GC(62)   Weak JFR Old Object Samples    Min:  0.0, Avg:  0.0, Max:  0.0, Diff:  0.0, Sum:  0.0, Workers: 4
[31.295s][debug][gc,phases      ] GC(62)     Dead                           Min: 0, Avg:  0.0, Max: 0, Diff: 0, Sum: 0, Workers: 4
[31.295s][debug][gc,phases      ] GC(62)     Total                          Min: 0, Avg:  0.0, Max: 0, Diff: 0, Sum: 0, Workers: 4
[31.295s][debug][gc,phases      ] GC(62) Weak Processing 0.294ms
[31.295s][debug][gc,age         ] GC(62) Desired survivor size 130547712 bytes, new threshold 15 (max threshold 15)
[31.295s][info ][gc,heap        ] GC(62) PSYoungGen: 1858880K(1944576K)->57936K(1969664K) Eden: 1801216K(1801216K)->0K(1835008K) From: 57664K(143360K)->57936K(134656K)
[31.295s][info ][gc,heap        ] GC(62) ParOldGen: 502361K(565248K)->506277K(565248K)
[31.295s][info ][gc,metaspace   ] GC(62) Metaspace: 68672K(69440K)->68672K(69440K) NonClass: 58694K(59136K)->58694K(59136K) Class: 9978K(10304K)->9978K(10304K)
[31.295s][info ][gc             ] GC(62) Pause Young (Allocation Failure) 2305M->550M(2475M) 31.462ms
[31.295s][info ][gc,cpu         ] GC(62) User=0.12s Sys=0.00s Real=0.03s
[31.295s][info ][safepoint      ] Safepoint "ParallelGCFailedAllocation", Time since last: 97668700 ns, Reaching safepoint: 395210 ns, At safepoint: 31570408 ns, Total: 31965618 ns
[31.742s][info ][gc,start       ] GC(63) Pause Young (Allocation Failure)
[31.778s][debug][gc,phases      ] GC(63) Scavenge 35.857ms
[31.778s][debug][gc,ref         ] GC(63) Skipped phase 1 of Reference Processing: no references
[31.778s][debug][gc,ref         ] GC(63) ReferenceProcessor::execute queues: 1, RefProcThreadModel::Single, marks_oops_alive: false
[31.778s][debug][gc,ref         ] GC(63) Skipped phase 3 of Reference Processing: no references
[31.778s][debug][gc,ref         ] GC(63) ReferenceProcessor::execute queues: 1, RefProcThreadModel::Single, marks_oops_alive: false
[31.778s][debug][gc,phases      ] GC(63) Reference Processing 0.106ms
[31.778s][debug][gc,phases      ] GC(63)   VM Weak                        Min:  0.0, Avg:  0.0, Max:  0.0, Diff:  0.0, Sum:  0.0, Workers: 4
[31.778s][debug][gc,phases      ] GC(63)     Dead                           Min: 0, Avg:  0.0, Max: 0, Diff: 0, Sum: 0, Workers: 4
[31.778s][debug][gc,phases      ] GC(63)     Total                          Min: 0, Avg: 148.5, Max: 402, Diff: 402, Sum: 594, Workers: 4
[31.778s][debug][gc,phases      ] GC(63)   ObjectSynchronizer Weak        Min:  0.0, Avg:  0.0, Max:  0.0, Diff:  0.0, Sum:  0.0, Workers: 4
[31.778s][debug][gc,phases      ] GC(63)     Dead                           Min: 0, Avg:  0.0, Max: 0, Diff: 0, Sum: 0, Workers: 4
[31.778s][debug][gc,phases      ] GC(63)     Total                          Min: 0, Avg: 82.0, Max: 192, Diff: 192, Sum: 328, Workers: 4
[31.778s][debug][gc,phases      ] GC(63)   JVMTI Tag Weak OopStorage      Min:  0.0, Avg:  0.0, Max:  0.0, Diff:  0.0, Sum:  0.0, Workers: 4
[31.778s][debug][gc,phases      ] GC(63)     Dead                           Min: 0, Avg:  0.0, Max: 0, Diff: 0, Sum: 0, Workers: 4
[31.778s][debug][gc,phases      ] GC(63)     Total                          Min: 0, Avg:  0.0, Max: 0, Diff: 0, Sum: 0, Workers: 4
[31.778s][debug][gc,phases      ] GC(63)   StringTable Weak               Min:  0.1, Avg:  0.1, Max:  0.1, Diff:  0.0, Sum:  0.4, Workers: 4
[31.778s][debug][gc,phases      ] GC(63)     Dead                           Min: 0, Avg:  2.8, Max: 11, Diff: 11, Sum: 11, Workers: 4
[31.778s][debug][gc,phases      ] GC(63)     Total                          Min: 9856, Avg: 10741.2, Max: 12544, Diff: 2688, Sum: 42965, Workers: 4
[31.778s][debug][gc,phases      ] GC(63)   ResolvedMethodTable Weak       Min:  0.0, Avg:  0.0, Max:  0.0, Diff:  0.0, Sum:  0.1, Workers: 4
[31.778s][debug][gc,phases      ] GC(63)     Dead                           Min: 0, Avg:  0.0, Max: 0, Diff: 0, Sum: 0, Workers: 4
[31.778s][debug][gc,phases      ] GC(63)     Total                          Min: 1536, Avg: 1794.5, Max: 2112, Diff: 576, Sum: 7178, Workers: 4
[31.778s][debug][gc,phases      ] GC(63)   JNI Weak                       Min:  0.0, Avg:  0.0, Max:  0.0, Diff:  0.0, Sum:  0.0, Workers: 4
[31.778s][debug][gc,phases      ] GC(63)     Dead                           Min: 0, Avg:  0.0, Max: 0, Diff: 0, Sum: 0, Workers: 4
[31.778s][debug][gc,phases      ] GC(63)     Total                          Min: 0, Avg:  1.0, Max: 4, Diff: 4, Sum: 4, Workers: 4
[31.778s][debug][gc,phases      ] GC(63)   StringDedup Table Weak         Min:  0.0, Avg:  0.0, Max:  0.0, Diff:  0.0, Sum:  0.0, Workers: 4
[31.778s][debug][gc,phases      ] GC(63)     Dead                           Min: 0, Avg:  0.0, Max: 0, Diff: 0, Sum: 0, Workers: 4
[31.778s][debug][gc,phases      ] GC(63)     Total                          Min: 0, Avg:  0.0, Max: 0, Diff: 0, Sum: 0, Workers: 4
[31.778s][debug][gc,phases      ] GC(63)   StringDedup Requests0 Weak     Min:  0.0, Avg:  0.0, Max:  0.0, Diff:  0.0, Sum:  0.0, Workers: 4
[31.778s][debug][gc,phases      ] GC(63)     Dead                           Min: 0, Avg:  0.0, Max: 0, Diff: 0, Sum: 0, Workers: 4
[31.778s][debug][gc,phases      ] GC(63)     Total                          Min: 0, Avg:  0.0, Max: 0, Diff: 0, Sum: 0, Workers: 4
[31.778s][debug][gc,phases      ] GC(63)   StringDedup Requests1 Weak     Min:  0.0, Avg:  0.0, Max:  0.0, Diff:  0.0, Sum:  0.0, Workers: 4
[31.778s][debug][gc,phases      ] GC(63)     Dead                           Min: 0, Avg:  0.0, Max: 0, Diff: 0, Sum: 0, Workers: 4
[31.778s][debug][gc,phases      ] GC(63)     Total                          Min: 0, Avg:  0.0, Max: 0, Diff: 0, Sum: 0, Workers: 4
[31.778s][debug][gc,phases      ] GC(63)   Weak JFR Old Object Samples    Min:  0.0, Avg:  0.0, Max:  0.0, Diff:  0.0, Sum:  0.0, Workers: 4
[31.778s][debug][gc,phases      ] GC(63)     Dead                           Min: 0, Avg:  0.0, Max: 0, Diff: 0, Sum: 0, Workers: 4
[31.778s][debug][gc,phases      ] GC(63)     Total                          Min: 0, Avg:  0.0, Max: 0, Diff: 0, Sum: 0, Workers: 4
[31.778s][debug][gc,phases      ] GC(63) Weak Processing 0.330ms
[31.778s][debug][gc,age         ] GC(63) Desired survivor size 123731968 bytes, new threshold 15 (max threshold 15)
[31.778s][info ][gc,heap        ] GC(63) PSYoungGen: 1892944K(1969664K)->58880K(1962496K) Eden: 1835008K(1835008K)->0K(1835008K) From: 57936K(134656K)->58880K(127488K)
[31.778s][info ][gc,heap        ] GC(63) ParOldGen: 506277K(565248K)->508273K(565248K)
[31.778s][info ][gc,metaspace   ] GC(63) Metaspace: 68685K(69440K)->68685K(69440K) NonClass: 58706K(59136K)->58706K(59136K) Class: 9978K(10304K)->9978K(10304K)
[31.778s][info ][gc             ] GC(63) Pause Young (Allocation Failure) 2342M->553M(2468M) 36.543ms
[31.778s][info ][gc,cpu         ] GC(63) User=0.15s Sys=0.00s Real=0.03s
[31.778s][info ][safepoint      ] Safepoint "ParallelGCFailedAllocation", Time since last: 446166420 ns, Reaching safepoint: 156004 ns, At safepoint: 36655038 ns, Total: 36811042 ns
[32.200s][info ][gc,start       ] GC(64) Pause Young (Allocation Failure)
[32.226s][debug][gc,phases      ] GC(64) Scavenge 26.226ms
[32.227s][debug][gc,ref         ] GC(64) Skipped phase 1 of Reference Processing: no references
[32.227s][debug][gc,ref         ] GC(64) ReferenceProcessor::execute queues: 1, RefProcThreadModel::Single, marks_oops_alive: false
[32.227s][debug][gc,ref         ] GC(64) Skipped phase 3 of Reference Processing: no references
[32.227s][debug][gc,ref         ] GC(64) ReferenceProcessor::execute queues: 1, RefProcThreadModel::Single, marks_oops_alive: false
[32.227s][debug][gc,phases      ] GC(64) Reference Processing 0.290ms
[32.227s][debug][gc,phases      ] GC(64)   VM Weak                        Min:  0.0, Avg:  0.0, Max:  0.0, Diff:  0.0, Sum:  0.0, Workers: 4
[32.227s][debug][gc,phases      ] GC(64)     Dead                           Min: 0, Avg:  0.0, Max: 0, Diff: 0, Sum: 0, Workers: 4
[32.227s][debug][gc,phases      ] GC(64)     Total                          Min: 0, Avg: 149.5, Max: 342, Diff: 342, Sum: 598, Workers: 4
[32.227s][debug][gc,phases      ] GC(64)   ObjectSynchronizer Weak        Min:  0.0, Avg:  0.0, Max:  0.0, Diff:  0.0, Sum:  0.0, Workers: 4
[32.227s][debug][gc,phases      ] GC(64)     Dead                           Min: 0, Avg:  0.0, Max: 0, Diff: 0, Sum: 0, Workers: 4
[32.227s][debug][gc,phases      ] GC(64)     Total                          Min: 0, Avg: 82.0, Max: 136, Diff: 136, Sum: 328, Workers: 4
[32.227s][debug][gc,phases      ] GC(64)   JVMTI Tag Weak OopStorage      Min:  0.0, Avg:  0.0, Max:  0.0, Diff:  0.0, Sum:  0.0, Workers: 4
[32.227s][debug][gc,phases      ] GC(64)     Dead                           Min: 0, Avg:  0.0, Max: 0, Diff: 0, Sum: 0, Workers: 4
[32.227s][debug][gc,phases      ] GC(64)     Total                          Min: 0, Avg:  0.0, Max: 0, Diff: 0, Sum: 0, Workers: 4
[32.227s][debug][gc,phases      ] GC(64)   StringTable Weak               Min:  0.1, Avg:  0.1, Max:  0.1, Diff:  0.0, Sum:  0.4, Workers: 4
[32.227s][debug][gc,phases      ] GC(64)     Dead                           Min: 0, Avg:  3.0, Max: 11, Diff: 11, Sum: 12, Workers: 4
[32.227s][debug][gc,phases      ] GC(64)     Total                          Min: 9728, Avg: 10826.8, Max: 12800, Diff: 3072, Sum: 43307, Workers: 4
[32.227s][debug][gc,phases      ] GC(64)   ResolvedMethodTable Weak       Min:  0.0, Avg:  0.0, Max:  0.0, Diff:  0.0, Sum:  0.1, Workers: 4
[32.227s][debug][gc,phases      ] GC(64)     Dead                           Min: 0, Avg:  6.2, Max: 13, Diff: 13, Sum: 25, Workers: 4
[32.227s][debug][gc,phases      ] GC(64)     Total                          Min: 1600, Avg: 1826.8, Max: 2059, Diff: 459, Sum: 7307, Workers: 4
[32.227s][debug][gc,phases      ] GC(64)   JNI Weak                       Min:  0.0, Avg:  0.0, Max:  0.0, Diff:  0.0, Sum:  0.0, Workers: 4
[32.227s][debug][gc,phases      ] GC(64)     Dead                           Min: 0, Avg:  0.0, Max: 0, Diff: 0, Sum: 0, Workers: 4
[32.227s][debug][gc,phases      ] GC(64)     Total                          Min: 0, Avg:  0.5, Max: 2, Diff: 2, Sum: 2, Workers: 4
[32.227s][debug][gc,phases      ] GC(64)   StringDedup Table Weak         Min:  0.0, Avg:  0.0, Max:  0.0, Diff:  0.0, Sum:  0.0, Workers: 4
[32.227s][debug][gc,phases      ] GC(64)     Dead                           Min: 0, Avg:  0.0, Max: 0, Diff: 0, Sum: 0, Workers: 4
[32.227s][debug][gc,phases      ] GC(64)     Total                          Min: 0, Avg:  0.0, Max: 0, Diff: 0, Sum: 0, Workers: 4
[32.227s][debug][gc,phases      ] GC(64)   StringDedup Requests0 Weak     Min:  0.0, Avg:  0.0, Max:  0.0, Diff:  0.0, Sum:  0.0, Workers: 4
[32.227s][debug][gc,phases      ] GC(64)     Dead                           Min: 0, Avg:  0.0, Max: 0, Diff: 0, Sum: 0, Workers: 4
[32.227s][debug][gc,phases      ] GC(64)     Total                          Min: 0, Avg:  0.0, Max: 0, Diff: 0, Sum: 0, Workers: 4
[32.227s][debug][gc,phases      ] GC(64)   StringDedup Requests1 Weak     Min:  0.0, Avg:  0.0, Max:  0.0, Diff:  0.0, Sum:  0.0, Workers: 4
[32.227s][debug][gc,phases      ] GC(64)     Dead                           Min: 0, Avg:  0.0, Max: 0, Diff: 0, Sum: 0, Workers: 4
[32.227s][debug][gc,phases      ] GC(64)     Total                          Min: 0, Avg:  0.0, Max: 0, Diff: 0, Sum: 0, Workers: 4
[32.227s][debug][gc,phases      ] GC(64)   Weak JFR Old Object Samples    Min:  0.0, Avg:  0.0, Max:  0.0, Diff:  0.0, Sum:  0.0, Workers: 4
[32.227s][debug][gc,phases      ] GC(64)     Dead                           Min: 0, Avg:  0.0, Max: 0, Diff: 0, Sum: 0, Workers: 4
[32.227s][debug][gc,phases      ] GC(64)     Total                          Min: 0, Avg:  0.0, Max: 0, Diff: 0, Sum: 0, Workers: 4
[32.227s][debug][gc,phases      ] GC(64) Weak Processing 0.306ms
[32.227s][debug][gc,age         ] GC(64) Desired survivor size 117964800 bytes, new threshold 15 (max threshold 15)
[32.227s][info ][gc,heap        ] GC(64) PSYoungGen: 1893888K(1962496K)->53488K(1981952K) Eden: 1835008K(1835008K)->0K(1861120K) From: 58880K(127488K)->53488K(120832K)
[32.227s][info ][gc,heap        ] GC(64) ParOldGen: 508273K(565248K)->510201K(565248K)
[32.227s][info ][gc,metaspace   ] GC(64) Metaspace: 69340K(70080K)->69340K(70080K) NonClass: 59260K(59648K)->59260K(59648K) Class: 10079K(10432K)->10079K(10432K)
[32.227s][info ][gc             ] GC(64) Pause Young (Allocation Failure) 2345M->550M(2487M) 26.974ms
[32.227s][info ][gc,cpu         ] GC(64) User=0.10s Sys=0.01s Real=0.03s
[32.227s][info ][safepoint      ] Safepoint "ParallelGCFailedAllocation", Time since last: 421610892 ns, Reaching safepoint: 238806 ns, At safepoint: 27071893 ns, Total: 27310699 ns
[32.600s][info ][gc,start       ] GC(65) Pause Young (Allocation Failure)
[32.634s][debug][gc,phases      ] GC(65) Scavenge 34.023ms
[32.634s][debug][gc,ref         ] GC(65) Skipped phase 1 of Reference Processing: no references
[32.634s][debug][gc,ref         ] GC(65) ReferenceProcessor::execute queues: 1, RefProcThreadModel::Single, marks_oops_alive: false
[32.634s][debug][gc,ref         ] GC(65) Skipped phase 3 of Reference Processing: no references
[32.634s][debug][gc,ref         ] GC(65) ReferenceProcessor::execute queues: 1, RefProcThreadModel::Single, marks_oops_alive: false
[32.634s][debug][gc,phases      ] GC(65) Reference Processing 0.115ms
[32.634s][debug][gc,phases      ] GC(65)   VM Weak                        Min:  0.0, Avg:  0.0, Max:  0.0, Diff:  0.0, Sum:  0.0, Workers: 4
[32.634s][debug][gc,phases      ] GC(65)     Dead                           Min: 0, Avg:  0.0, Max: 0, Diff: 0, Sum: 0, Workers: 4
[32.634s][debug][gc,phases      ] GC(65)     Total                          Min: 0, Avg: 149.5, Max: 534, Diff: 534, Sum: 598, Workers: 4
[32.634s][debug][gc,phases      ] GC(65)   ObjectSynchronizer Weak        Min:  0.0, Avg:  0.0, Max:  0.0, Diff:  0.0, Sum:  0.0, Workers: 4
[32.634s][debug][gc,phases      ] GC(65)     Dead                           Min: 0, Avg:  0.0, Max: 0, Diff: 0, Sum: 0, Workers: 4
[32.634s][debug][gc,phases      ] GC(65)     Total                          Min: 0, Avg: 82.0, Max: 136, Diff: 136, Sum: 328, Workers: 4
[32.634s][debug][gc,phases      ] GC(65)   JVMTI Tag Weak OopStorage      Min:  0.0, Avg:  0.0, Max:  0.0, Diff:  0.0, Sum:  0.0, Workers: 4
[32.634s][debug][gc,phases      ] GC(65)     Dead                           Min: 0, Avg:  0.0, Max: 0, Diff: 0, Sum: 0, Workers: 4
[32.634s][debug][gc,phases      ] GC(65)     Total                          Min: 0, Avg:  0.0, Max: 0, Diff: 0, Sum: 0, Workers: 4
[32.634s][debug][gc,phases      ] GC(65)   StringTable Weak               Min:  0.1, Avg:  0.1, Max:  0.1, Diff:  0.0, Sum:  0.5, Workers: 4
[32.634s][debug][gc,phases      ] GC(65)     Dead                           Min: 0, Avg:  0.2, Max: 1, Diff: 1, Sum: 1, Workers: 4
[32.635s][debug][gc,phases      ] GC(65)     Total                          Min: 9462, Avg: 10861.5, Max: 12288, Diff: 2826, Sum: 43446, Workers: 4
[32.635s][debug][gc,phases      ] GC(65)   ResolvedMethodTable Weak       Min:  0.0, Avg:  0.0, Max:  0.0, Diff:  0.0, Sum:  0.1, Workers: 4
[32.635s][debug][gc,phases      ] GC(65)     Dead                           Min: 0, Avg:  4.0, Max: 16, Diff: 16, Sum: 16, Workers: 4
[32.635s][debug][gc,phases      ] GC(65)     Total                          Min: 1591, Avg: 1837.0, Max: 2048, Diff: 457, Sum: 7348, Workers: 4
[32.635s][debug][gc,phases      ] GC(65)   JNI Weak                       Min:  0.0, Avg:  0.0, Max:  0.0, Diff:  0.0, Sum:  0.0, Workers: 4
[32.635s][debug][gc,phases      ] GC(65)     Dead                           Min: 0, Avg:  0.0, Max: 0, Diff: 0, Sum: 0, Workers: 4
[32.635s][debug][gc,phases      ] GC(65)     Total                          Min: 0, Avg:  0.0, Max: 0, Diff: 0, Sum: 0, Workers: 4
[32.635s][debug][gc,phases      ] GC(65)   StringDedup Table Weak         Min:  0.0, Avg:  0.0, Max:  0.0, Diff:  0.0, Sum:  0.0, Workers: 4
[32.635s][debug][gc,phases      ] GC(65)     Dead                           Min: 0, Avg:  0.0, Max: 0, Diff: 0, Sum: 0, Workers: 4
[32.635s][debug][gc,phases      ] GC(65)     Total                          Min: 0, Avg:  0.0, Max: 0, Diff: 0, Sum: 0, Workers: 4
[32.635s][debug][gc,phases      ] GC(65)   StringDedup Requests0 Weak     Min:  0.0, Avg:  0.0, Max:  0.0, Diff:  0.0, Sum:  0.0, Workers: 4
[32.635s][debug][gc,phases      ] GC(65)     Dead                           Min: 0, Avg:  0.0, Max: 0, Diff: 0, Sum: 0, Workers: 4
[32.635s][debug][gc,phases      ] GC(65)     Total                          Min: 0, Avg:  0.0, Max: 0, Diff: 0, Sum: 0, Workers: 4
[32.635s][debug][gc,phases      ] GC(65)   StringDedup Requests1 Weak     Min:  0.0, Avg:  0.0, Max:  0.0, Diff:  0.0, Sum:  0.0, Workers: 4
[32.635s][debug][gc,phases      ] GC(65)     Dead                           Min: 0, Avg:  0.0, Max: 0, Diff: 0, Sum: 0, Workers: 4
[32.635s][debug][gc,phases      ] GC(65)     Total                          Min: 0, Avg:  0.0, Max: 0, Diff: 0, Sum: 0, Workers: 4
[32.635s][debug][gc,phases      ] GC(65)   Weak JFR Old Object Samples    Min:  0.0, Avg:  0.0, Max:  0.0, Diff:  0.0, Sum:  0.0, Workers: 4
[32.635s][debug][gc,phases      ] GC(65)     Dead                           Min: 0, Avg:  0.0, Max: 0, Diff: 0, Sum: 0, Workers: 4
[32.635s][debug][gc,phases      ] GC(65)     Total                          Min: 0, Avg:  0.0, Max: 0, Diff: 0, Sum: 0, Workers: 4
[32.635s][debug][gc,phases      ] GC(65) Weak Processing 0.339ms
[32.635s][debug][gc,age         ] GC(65) Desired survivor size 113246208 bytes, new threshold 15 (max threshold 15)
[32.635s][info ][gc,heap        ] GC(65) PSYoungGen: 1914608K(1981952K)->50960K(1976320K) Eden: 1861120K(1861120K)->0K(1861120K) From: 53488K(120832K)->50960K(115200K)
[32.635s][info ][gc,heap        ] GC(65) ParOldGen: 510201K(565248K)->515393K(565248K)
[32.635s][info ][gc,metaspace   ] GC(65) Metaspace: 69798K(70592K)->69798K(70592K) NonClass: 59667K(60096K)->59667K(60096K) Class: 10130K(10496K)->10130K(10496K)
[32.635s][info ][gc             ] GC(65) Pause Young (Allocation Failure) 2367M->553M(2482M) 34.599ms
[32.635s][info ][gc,cpu         ] GC(65) User=0.11s Sys=0.00s Real=0.03s
[32.635s][info ][safepoint      ] Safepoint "ParallelGCFailedAllocation", Time since last: 372512836 ns, Reaching safepoint: 259307 ns, At safepoint: 34707188 ns, Total: 34966495 ns
[33.095s][info ][gc,start       ] GC(66) Pause Young (Allocation Failure)
[33.121s][debug][gc,phases      ] GC(66) Scavenge 25.630ms
[33.121s][debug][gc,ref         ] GC(66) Skipped phase 1 of Reference Processing: no references
[33.121s][debug][gc,ref         ] GC(66) ReferenceProcessor::execute queues: 1, RefProcThreadModel::Single, marks_oops_alive: false
[33.121s][debug][gc,ref         ] GC(66) Skipped phase 3 of Reference Processing: no references
[33.121s][debug][gc,ref         ] GC(66) ReferenceProcessor::execute queues: 1, RefProcThreadModel::Single, marks_oops_alive: false
[33.121s][debug][gc,phases      ] GC(66) Reference Processing 0.124ms
[33.121s][debug][gc,phases      ] GC(66)   VM Weak                        Min:  0.0, Avg:  0.0, Max:  0.0, Diff:  0.0, Sum:  0.0, Workers: 4
[33.121s][debug][gc,phases      ] GC(66)     Dead                           Min: 0, Avg:  0.0, Max: 0, Diff: 0, Sum: 0, Workers: 4
[33.121s][debug][gc,phases      ] GC(66)     Total                          Min: 0, Avg: 152.2, Max: 384, Diff: 384, Sum: 609, Workers: 4
[33.121s][debug][gc,phases      ] GC(66)   ObjectSynchronizer Weak        Min:  0.0, Avg:  0.0, Max:  0.0, Diff:  0.0, Sum:  0.0, Workers: 4
[33.121s][debug][gc,phases      ] GC(66)     Dead                           Min: 0, Avg:  0.0, Max: 0, Diff: 0, Sum: 0, Workers: 4
[33.121s][debug][gc,phases      ] GC(66)     Total                          Min: 0, Avg: 82.0, Max: 136, Diff: 136, Sum: 328, Workers: 4
[33.121s][debug][gc,phases      ] GC(66)   JVMTI Tag Weak OopStorage      Min:  0.0, Avg:  0.0, Max:  0.0, Diff:  0.0, Sum:  0.0, Workers: 4
[33.122s][debug][gc,phases      ] GC(66)     Dead                           Min: 0, Avg:  0.0, Max: 0, Diff: 0, Sum: 0, Workers: 4
[33.122s][debug][gc,phases      ] GC(66)     Total                          Min: 0, Avg:  0.0, Max: 0, Diff: 0, Sum: 0, Workers: 4
[33.122s][debug][gc,phases      ] GC(66)   StringTable Weak               Min:  0.1, Avg:  0.1, Max:  0.1, Diff:  0.0, Sum:  0.5, Workers: 4
[33.122s][debug][gc,phases      ] GC(66)     Dead                           Min: 0, Avg:  0.8, Max: 2, Diff: 2, Sum: 3, Workers: 4
[33.122s][debug][gc,phases      ] GC(66)     Total                          Min: 10431, Avg: 10927.8, Max: 11584, Diff: 1153, Sum: 43711, Workers: 4
[33.122s][debug][gc,phases      ] GC(66)   ResolvedMethodTable Weak       Min:  0.0, Avg:  0.0, Max:  0.0, Diff:  0.0, Sum:  0.1, Workers: 4
[33.122s][debug][gc,phases      ] GC(66)     Dead                           Min: 0, Avg:  9.8, Max: 26, Diff: 26, Sum: 39, Workers: 4
[33.122s][debug][gc,phases      ] GC(66)     Total                          Min: 1609, Avg: 1874.2, Max: 2176, Diff: 567, Sum: 7497, Workers: 4
[33.122s][debug][gc,phases      ] GC(66)   JNI Weak                       Min:  0.0, Avg:  0.0, Max:  0.0, Diff:  0.0, Sum:  0.0, Workers: 4
[33.122s][debug][gc,phases      ] GC(66)     Dead                           Min: 0, Avg:  0.0, Max: 0, Diff: 0, Sum: 0, Workers: 4
[33.122s][debug][gc,phases      ] GC(66)     Total                          Min: 0, Avg:  4.5, Max: 18, Diff: 18, Sum: 18, Workers: 4
[33.122s][debug][gc,phases      ] GC(66)   StringDedup Table Weak         Min:  0.0, Avg:  0.0, Max:  0.0, Diff:  0.0, Sum:  0.0, Workers: 4
[33.122s][debug][gc,phases      ] GC(66)     Dead                           Min: 0, Avg:  0.0, Max: 0, Diff: 0, Sum: 0, Workers: 4
[33.122s][debug][gc,phases      ] GC(66)     Total                          Min: 0, Avg:  0.0, Max: 0, Diff: 0, Sum: 0, Workers: 4
[33.122s][debug][gc,phases      ] GC(66)   StringDedup Requests0 Weak     Min:  0.0, Avg:  0.0, Max:  0.0, Diff:  0.0, Sum:  0.0, Workers: 4
[33.122s][debug][gc,phases      ] GC(66)     Dead                           Min: 0, Avg:  0.0, Max: 0, Diff: 0, Sum: 0, Workers: 4
[33.122s][debug][gc,phases      ] GC(66)     Total                          Min: 0, Avg:  0.0, Max: 0, Diff: 0, Sum: 0, Workers: 4
[33.122s][debug][gc,phases      ] GC(66)   StringDedup Requests1 Weak     Min:  0.0, Avg:  0.0, Max:  0.0, Diff:  0.0, Sum:  0.0, Workers: 4
[33.122s][debug][gc,phases      ] GC(66)     Dead                           Min: 0, Avg:  0.0, Max: 0, Diff: 0, Sum: 0, Workers: 4
[33.122s][debug][gc,phases      ] GC(66)     Total                          Min: 0, Avg:  0.0, Max: 0, Diff: 0, Sum: 0, Workers: 4
[33.122s][debug][gc,phases      ] GC(66)   Weak JFR Old Object Samples    Min:  0.0, Avg:  0.0, Max:  0.0, Diff:  0.0, Sum:  0.0, Workers: 4
[33.122s][debug][gc,phases      ] GC(66)     Dead                           Min: 0, Avg:  0.0, Max: 0, Diff: 0, Sum: 0, Workers: 4
[33.122s][debug][gc,phases      ] GC(66)     Total                          Min: 0, Avg:  0.0, Max: 0, Diff: 0, Sum: 0, Workers: 4
[33.122s][debug][gc,phases      ] GC(66) Weak Processing 0.327ms
[33.122s][debug][gc,age         ] GC(66) Desired survivor size 109051904 bytes, new threshold 15 (max threshold 15)
[33.122s][info ][gc,heap        ] GC(66) PSYoungGen: 1912080K(1976320K)->49025K(1990656K) Eden: 1861120K(1861120K)->0K(1880064K) From: 50960K(115200K)->49025K(110592K)
[33.122s][info ][gc,heap        ] GC(66) ParOldGen: 515393K(565248K)->518198K(565248K)
[33.122s][info ][gc,metaspace   ] GC(66) Metaspace: 70558K(71296K)->70558K(71296K) NonClass: 60313K(60736K)->60313K(60736K) Class: 10244K(10560K)->10244K(10560K)
[33.122s][info ][gc             ] GC(66) Pause Young (Allocation Failure) 2370M->553M(2496M) 26.366ms
[33.122s][info ][gc,cpu         ] GC(66) User=0.12s Sys=0.00s Real=0.03s
[33.122s][info ][safepoint      ] Safepoint "ParallelGCFailedAllocation", Time since last: 459744170 ns, Reaching safepoint: 664917 ns, At safepoint: 26640482 ns, Total: 27305399 ns
[33.352s][info ][safepoint      ] Safepoint "ICBufferFull", Time since last: 228756956 ns, Reaching safepoint: 1146629 ns, At safepoint: 197905 ns, Total: 1344534 ns
[33.519s][info ][safepoint      ] Safepoint "ICBufferFull", Time since last: 166977775 ns, Reaching safepoint: 243606 ns, At safepoint: 25001 ns, Total: 268607 ns
[33.661s][info ][safepoint      ] Safepoint "ICBufferFull", Time since last: 142013436 ns, Reaching safepoint: 272007 ns, At safepoint: 23800 ns, Total: 295807 ns
[33.684s][info ][gc,start       ] GC(67) Pause Young (Allocation Failure)
[33.708s][debug][gc,phases      ] GC(67) Scavenge 24.067ms
[33.708s][debug][gc,ref         ] GC(67) Skipped phase 1 of Reference Processing: no references
[33.708s][debug][gc,ref         ] GC(67) ReferenceProcessor::execute queues: 1, RefProcThreadModel::Single, marks_oops_alive: false
[33.708s][debug][gc,ref         ] GC(67) Skipped phase 3 of Reference Processing: no references
[33.708s][debug][gc,ref         ] GC(67) ReferenceProcessor::execute queues: 1, RefProcThreadModel::Single, marks_oops_alive: false
[33.708s][debug][gc,phases      ] GC(67) Reference Processing 0.135ms
[33.709s][debug][gc,phases      ] GC(67)   VM Weak                        Min:  0.0, Avg:  0.0, Max:  0.0, Diff:  0.0, Sum:  0.0, Workers: 4
[33.709s][debug][gc,phases      ] GC(67)     Dead                           Min: 0, Avg:  0.0, Max: 0, Diff: 0, Sum: 0, Workers: 4
[33.709s][debug][gc,phases      ] GC(67)     Total                          Min: 0, Avg: 154.2, Max: 553, Diff: 553, Sum: 617, Workers: 4
[33.709s][debug][gc,phases      ] GC(67)   ObjectSynchronizer Weak        Min:  0.0, Avg:  0.0, Max:  0.0, Diff:  0.0, Sum:  0.0, Workers: 4
[33.709s][debug][gc,phases      ] GC(67)     Dead                           Min: 0, Avg:  0.0, Max: 0, Diff: 0, Sum: 0, Workers: 4
[33.709s][debug][gc,phases      ] GC(67)     Total                          Min: 0, Avg: 82.2, Max: 192, Diff: 192, Sum: 329, Workers: 4
[33.709s][debug][gc,phases      ] GC(67)   JVMTI Tag Weak OopStorage      Min:  0.0, Avg:  0.0, Max:  0.0, Diff:  0.0, Sum:  0.0, Workers: 4
[33.709s][debug][gc,phases      ] GC(67)     Dead                           Min: 0, Avg:  0.0, Max: 0, Diff: 0, Sum: 0, Workers: 4
[33.709s][debug][gc,phases      ] GC(67)     Total                          Min: 0, Avg:  0.0, Max: 0, Diff: 0, Sum: 0, Workers: 4
[33.709s][debug][gc,phases      ] GC(67)   StringTable Weak               Min:  0.1, Avg:  0.1, Max:  0.1, Diff:  0.0, Sum:  0.5, Workers: 4
[33.709s][debug][gc,phases      ] GC(67)     Dead                           Min: 0, Avg:  1.0, Max: 4, Diff: 4, Sum: 4, Workers: 4
[33.709s][debug][gc,phases      ] GC(67)     Total                          Min: 10496, Avg: 10964.8, Max: 11347, Diff: 851, Sum: 43859, Workers: 4
[33.709s][debug][gc,phases      ] GC(67)   ResolvedMethodTable Weak       Min:  0.0, Avg:  0.0, Max:  0.0, Diff:  0.0, Sum:  0.1, Workers: 4
[33.709s][debug][gc,phases      ] GC(67)     Dead                           Min: 0, Avg:  0.0, Max: 0, Diff: 0, Sum: 0, Workers: 4
[33.709s][debug][gc,phases      ] GC(67)     Total                          Min: 1726, Avg: 1896.0, Max: 2020, Diff: 294, Sum: 7584, Workers: 4
[33.709s][debug][gc,phases      ] GC(67)   JNI Weak                       Min:  0.0, Avg:  0.0, Max:  0.0, Diff:  0.0, Sum:  0.0, Workers: 4
[33.709s][debug][gc,phases      ] GC(67)     Dead                           Min: 0, Avg:  0.0, Max: 0, Diff: 0, Sum: 0, Workers: 4
[33.709s][debug][gc,phases      ] GC(67)     Total                          Min: 0, Avg:  3.0, Max: 12, Diff: 12, Sum: 12, Workers: 4
[33.709s][debug][gc,phases      ] GC(67)   StringDedup Table Weak         Min:  0.0, Avg:  0.0, Max:  0.0, Diff:  0.0, Sum:  0.0, Workers: 4
[33.709s][debug][gc,phases      ] GC(67)     Dead                           Min: 0, Avg:  0.0, Max: 0, Diff: 0, Sum: 0, Workers: 4
[33.709s][debug][gc,phases      ] GC(67)     Total                          Min: 0, Avg:  0.0, Max: 0, Diff: 0, Sum: 0, Workers: 4
[33.709s][debug][gc,phases      ] GC(67)   StringDedup Requests0 Weak     Min:  0.0, Avg:  0.0, Max:  0.0, Diff:  0.0, Sum:  0.0, Workers: 4
[33.709s][debug][gc,phases      ] GC(67)     Dead                           Min: 0, Avg:  0.0, Max: 0, Diff: 0, Sum: 0, Workers: 4
[33.709s][debug][gc,phases      ] GC(67)     Total                          Min: 0, Avg:  0.0, Max: 0, Diff: 0, Sum: 0, Workers: 4
[33.709s][debug][gc,phases      ] GC(67)   StringDedup Requests1 Weak     Min:  0.0, Avg:  0.0, Max:  0.0, Diff:  0.0, Sum:  0.0, Workers: 4
[33.709s][debug][gc,phases      ] GC(67)     Dead                           Min: 0, Avg:  0.0, Max: 0, Diff: 0, Sum: 0, Workers: 4
[33.709s][debug][gc,phases      ] GC(67)     Total                          Min: 0, Avg:  0.0, Max: 0, Diff: 0, Sum: 0, Workers: 4
[33.709s][debug][gc,phases      ] GC(67)   Weak JFR Old Object Samples    Min:  0.0, Avg:  0.0, Max:  0.0, Diff:  0.0, Sum:  0.0, Workers: 4
[33.709s][debug][gc,phases      ] GC(67)     Dead                           Min: 0, Avg:  0.0, Max: 0, Diff: 0, Sum: 0, Workers: 4
[33.709s][debug][gc,phases      ] GC(67)     Total                          Min: 0, Avg:  0.0, Max: 0, Diff: 0, Sum: 0, Workers: 4
[33.709s][debug][gc,phases      ] GC(67) Weak Processing 0.339ms
[33.709s][debug][gc,age         ] GC(67) Desired survivor size 105906176 bytes, new threshold 15 (max threshold 15)
[33.709s][info ][gc,heap        ] GC(67) PSYoungGen: 1929089K(1990656K)->45665K(1986560K) Eden: 1880064K(1880064K)->0K(1880064K) From: 49025K(110592K)->45665K(106496K)
[33.709s][info ][gc,heap        ] GC(67) ParOldGen: 518198K(565248K)->522446K(565248K)
[33.709s][info ][gc,metaspace   ] GC(67) Metaspace: 71273K(72000K)->71273K(72000K) NonClass: 60971K(61376K)->60971K(61376K) Class: 10301K(10624K)->10301K(10624K)
[33.709s][info ][gc             ] GC(67) Pause Young (Allocation Failure) 2389M->554M(2492M) 24.679ms
[33.709s][info ][gc,cpu         ] GC(67) User=0.12s Sys=0.01s Real=0.03s
[33.709s][info ][safepoint      ] Safepoint "ParallelGCFailedAllocation", Time since last: 22583978 ns, Reaching safepoint: 151204 ns, At safepoint: 24782035 ns, Total: 24933239 ns
[33.907s][info ][safepoint      ] Safepoint "ICBufferFull", Time since last: 197688161 ns, Reaching safepoint: 215206 ns, At safepoint: 20900 ns, Total: 236106 ns
[34.012s][info ][safepoint      ] Safepoint "ICBufferFull", Time since last: 104647580 ns, Reaching safepoint: 396010 ns, At safepoint: 24400 ns, Total: 420410 ns
[34.153s][info ][gc,start       ] GC(68) Pause Young (Allocation Failure)
[34.172s][debug][gc,phases      ] GC(68) Scavenge 19.434ms
[34.172s][debug][gc,ref         ] GC(68) Skipped phase 1 of Reference Processing: no references
[34.172s][debug][gc,ref         ] GC(68) ReferenceProcessor::execute queues: 1, RefProcThreadModel::Single, marks_oops_alive: false
[34.172s][debug][gc,ref         ] GC(68) Skipped phase 3 of Reference Processing: no references
[34.172s][debug][gc,ref         ] GC(68) ReferenceProcessor::execute queues: 1, RefProcThreadModel::Single, marks_oops_alive: false
[34.172s][debug][gc,phases      ] GC(68) Reference Processing 0.124ms
[34.173s][debug][gc,phases      ] GC(68)   VM Weak                        Min:  0.0, Avg:  0.0, Max:  0.0, Diff:  0.0, Sum:  0.0, Workers: 4
[34.173s][debug][gc,phases      ] GC(68)     Dead                           Min: 0, Avg:  0.0, Max: 0, Diff: 0, Sum: 0, Workers: 4
[34.173s][debug][gc,phases      ] GC(68)     Total                          Min: 0, Avg: 154.5, Max: 320, Diff: 320, Sum: 618, Workers: 4
[34.173s][debug][gc,phases      ] GC(68)   ObjectSynchronizer Weak        Min:  0.0, Avg:  0.0, Max:  0.0, Diff:  0.0, Sum:  0.0, Workers: 4
[34.173s][debug][gc,phases      ] GC(68)     Dead                           Min: 0, Avg:  0.0, Max: 0, Diff: 0, Sum: 0, Workers: 4
[34.173s][debug][gc,phases      ] GC(68)     Total                          Min: 0, Avg: 82.2, Max: 137, Diff: 137, Sum: 329, Workers: 4
[34.173s][debug][gc,phases      ] GC(68)   JVMTI Tag Weak OopStorage      Min:  0.0, Avg:  0.0, Max:  0.0, Diff:  0.0, Sum:  0.0, Workers: 4
[34.173s][debug][gc,phases      ] GC(68)     Dead                           Min: 0, Avg:  0.0, Max: 0, Diff: 0, Sum: 0, Workers: 4
[34.173s][debug][gc,phases      ] GC(68)     Total                          Min: 0, Avg:  0.0, Max: 0, Diff: 0, Sum: 0, Workers: 4
[34.173s][debug][gc,phases      ] GC(68)   StringTable Weak               Min:  0.1, Avg:  0.1, Max:  0.1, Diff:  0.0, Sum:  0.4, Workers: 4
[34.173s][debug][gc,phases      ] GC(68)     Dead                           Min: 0, Avg:  0.0, Max: 0, Diff: 0, Sum: 0, Workers: 4
[34.173s][debug][gc,phases      ] GC(68)     Total                          Min: 10112, Avg: 10968.0, Max: 11808, Diff: 1696, Sum: 43872, Workers: 4
[34.173s][debug][gc,phases      ] GC(68)   ResolvedMethodTable Weak       Min:  0.0, Avg:  0.0, Max:  0.0, Diff:  0.0, Sum:  0.1, Workers: 4
[34.173s][debug][gc,phases      ] GC(68)     Dead                           Min: 0, Avg:  0.0, Max: 0, Diff: 0, Sum: 0, Workers: 4
[34.173s][debug][gc,phases      ] GC(68)     Total                          Min: 1837, Avg: 1898.8, Max: 1984, Diff: 147, Sum: 7595, Workers: 4
[34.173s][debug][gc,phases      ] GC(68)   JNI Weak                       Min:  0.0, Avg:  0.0, Max:  0.0, Diff:  0.0, Sum:  0.0, Workers: 4
[34.173s][debug][gc,phases      ] GC(68)     Dead                           Min: 0, Avg:  0.0, Max: 0, Diff: 0, Sum: 0, Workers: 4
[34.173s][debug][gc,phases      ] GC(68)     Total                          Min: 0, Avg:  2.2, Max: 9, Diff: 9, Sum: 9, Workers: 4
[34.173s][debug][gc,phases      ] GC(68)   StringDedup Table Weak         Min:  0.0, Avg:  0.0, Max:  0.0, Diff:  0.0, Sum:  0.0, Workers: 4
[34.173s][debug][gc,phases      ] GC(68)     Dead                           Min: 0, Avg:  0.0, Max: 0, Diff: 0, Sum: 0, Workers: 4
[34.173s][debug][gc,phases      ] GC(68)     Total                          Min: 0, Avg:  0.0, Max: 0, Diff: 0, Sum: 0, Workers: 4
[34.173s][debug][gc,phases      ] GC(68)   StringDedup Requests0 Weak     Min:  0.0, Avg:  0.0, Max:  0.0, Diff:  0.0, Sum:  0.0, Workers: 4
[34.173s][debug][gc,phases      ] GC(68)     Dead                           Min: 0, Avg:  0.0, Max: 0, Diff: 0, Sum: 0, Workers: 4
[34.173s][debug][gc,phases      ] GC(68)     Total                          Min: 0, Avg:  0.0, Max: 0, Diff: 0, Sum: 0, Workers: 4
[34.173s][debug][gc,phases      ] GC(68)   StringDedup Requests1 Weak     Min:  0.0, Avg:  0.0, Max:  0.0, Diff:  0.0, Sum:  0.0, Workers: 4
[34.173s][debug][gc,phases      ] GC(68)     Dead                           Min: 0, Avg:  0.0, Max: 0, Diff: 0, Sum: 0, Workers: 4
[34.173s][debug][gc,phases      ] GC(68)     Total                          Min: 0, Avg:  0.0, Max: 0, Diff: 0, Sum: 0, Workers: 4
[34.173s][debug][gc,phases      ] GC(68)   Weak JFR Old Object Samples    Min:  0.0, Avg:  0.0, Max:  0.0, Diff:  0.0, Sum:  0.0, Workers: 4
[34.173s][debug][gc,phases      ] GC(68)     Dead                           Min: 0, Avg:  0.0, Max: 0, Diff: 0, Sum: 0, Workers: 4
[34.173s][debug][gc,phases      ] GC(68)     Total                          Min: 0, Avg:  0.0, Max: 0, Diff: 0, Sum: 0, Workers: 4
[34.173s][debug][gc,phases      ] GC(68) Weak Processing 0.319ms
[34.173s][debug][gc,age         ] GC(68) Desired survivor size 102760448 bytes, new threshold 15 (max threshold 15)
[34.173s][info ][gc,heap        ] GC(68) PSYoungGen: 1925729K(1986560K)->43985K(1996800K) Eden: 1880064K(1880064K)->0K(1893376K) From: 45665K(106496K)->43985K(103424K)
[34.173s][info ][gc,heap        ] GC(68) ParOldGen: 522446K(565248K)->524934K(565248K)
[34.173s][info ][gc,metaspace   ] GC(68) Metaspace: 71470K(72256K)->71470K(72256K) NonClass: 61161K(61568K)->61161K(61568K) Class: 10309K(10688K)->10309K(10688K)
[34.173s][info ][gc             ] GC(68) Pause Young (Allocation Failure) 2390M->555M(2502M) 20.009ms
[34.173s][info ][gc,cpu         ] GC(68) User=0.08s Sys=0.01s Real=0.02s
[34.173s][info ][safepoint      ] Safepoint "ParallelGCFailedAllocation", Time since last: 140604201 ns, Reaching safepoint: 231705 ns, At safepoint: 20114915 ns, Total: 20346620 ns
[34.592s][info ][gc,start       ] GC(69) Pause Young (Allocation Failure)
[34.614s][debug][gc,phases      ] GC(69) Scavenge 22.059ms
[34.614s][debug][gc,ref         ] GC(69) Skipped phase 1 of Reference Processing: no references
[34.614s][debug][gc,ref         ] GC(69) ReferenceProcessor::execute queues: 1, RefProcThreadModel::Single, marks_oops_alive: false
[34.614s][debug][gc,ref         ] GC(69) Skipped phase 3 of Reference Processing: no references
[34.614s][debug][gc,ref         ] GC(69) ReferenceProcessor::execute queues: 1, RefProcThreadModel::Single, marks_oops_alive: false
[34.614s][debug][gc,phases      ] GC(69) Reference Processing 0.118ms
[34.614s][debug][gc,phases      ] GC(69)   VM Weak                        Min:  0.0, Avg:  0.0, Max:  0.0, Diff:  0.0, Sum:  0.0, Workers: 4
[34.614s][debug][gc,phases      ] GC(69)     Dead                           Min: 0, Avg:  0.0, Max: 0, Diff: 0, Sum: 0, Workers: 4
[34.614s][debug][gc,phases      ] GC(69)     Total                          Min: 0, Avg: 154.5, Max: 618, Diff: 618, Sum: 618, Workers: 4
[34.614s][debug][gc,phases      ] GC(69)   ObjectSynchronizer Weak        Min:  0.0, Avg:  0.0, Max:  0.0, Diff:  0.0, Sum:  0.0, Workers: 4
[34.614s][debug][gc,phases      ] GC(69)     Dead                           Min: 0, Avg:  0.0, Max: 0, Diff: 0, Sum: 0, Workers: 4
[34.614s][debug][gc,phases      ] GC(69)     Total                          Min: 0, Avg: 82.2, Max: 265, Diff: 265, Sum: 329, Workers: 4
[34.614s][debug][gc,phases      ] GC(69)   JVMTI Tag Weak OopStorage      Min:  0.0, Avg:  0.0, Max:  0.0, Diff:  0.0, Sum:  0.0, Workers: 4
[34.614s][debug][gc,phases      ] GC(69)     Dead                           Min: 0, Avg:  0.0, Max: 0, Diff: 0, Sum: 0, Workers: 4
[34.614s][debug][gc,phases      ] GC(69)     Total                          Min: 0, Avg:  0.0, Max: 0, Diff: 0, Sum: 0, Workers: 4
[34.614s][debug][gc,phases      ] GC(69)   StringTable Weak               Min:  0.1, Avg:  0.1, Max:  0.2, Diff:  0.0, Sum:  0.6, Workers: 4
[34.614s][debug][gc,phases      ] GC(69)     Dead                           Min: 0, Avg:  0.0, Max: 0, Diff: 0, Sum: 0, Workers: 4
[34.614s][debug][gc,phases      ] GC(69)     Total                          Min: 9216, Avg: 10968.5, Max: 13696, Diff: 4480, Sum: 43874, Workers: 4
[34.614s][debug][gc,phases      ] GC(69)   ResolvedMethodTable Weak       Min:  0.0, Avg:  0.0, Max:  0.0, Diff:  0.0, Sum:  0.1, Workers: 4
[34.614s][debug][gc,phases      ] GC(69)     Dead                           Min: 0, Avg:  0.0, Max: 0, Diff: 0, Sum: 0, Workers: 4
[34.614s][debug][gc,phases      ] GC(69)     Total                          Min: 303, Avg: 1898.8, Max: 2813, Diff: 2510, Sum: 7595, Workers: 4
[34.614s][debug][gc,phases      ] GC(69)   JNI Weak                       Min:  0.0, Avg:  0.0, Max:  0.0, Diff:  0.0, Sum:  0.0, Workers: 4
[34.614s][debug][gc,phases      ] GC(69)     Dead                           Min: 0, Avg:  0.0, Max: 0, Diff: 0, Sum: 0, Workers: 4
[34.614s][debug][gc,phases      ] GC(69)     Total                          Min: 0, Avg:  1.8, Max: 7, Diff: 7, Sum: 7, Workers: 4
[34.614s][debug][gc,phases      ] GC(69)   StringDedup Table Weak         Min:  0.0, Avg:  0.0, Max:  0.0, Diff:  0.0, Sum:  0.0, Workers: 4
[34.614s][debug][gc,phases      ] GC(69)     Dead                           Min: 0, Avg:  0.0, Max: 0, Diff: 0, Sum: 0, Workers: 4
[34.614s][debug][gc,phases      ] GC(69)     Total                          Min: 0, Avg:  0.0, Max: 0, Diff: 0, Sum: 0, Workers: 4
[34.614s][debug][gc,phases      ] GC(69)   StringDedup Requests0 Weak     Min:  0.0, Avg:  0.0, Max:  0.0, Diff:  0.0, Sum:  0.0, Workers: 4
[34.614s][debug][gc,phases      ] GC(69)     Dead                           Min: 0, Avg:  0.0, Max: 0, Diff: 0, Sum: 0, Workers: 4
[34.614s][debug][gc,phases      ] GC(69)     Total                          Min: 0, Avg:  0.0, Max: 0, Diff: 0, Sum: 0, Workers: 4
[34.614s][debug][gc,phases      ] GC(69)   StringDedup Requests1 Weak     Min:  0.0, Avg:  0.0, Max:  0.0, Diff:  0.0, Sum:  0.0, Workers: 4
[34.614s][debug][gc,phases      ] GC(69)     Dead                           Min: 0, Avg:  0.0, Max: 0, Diff: 0, Sum: 0, Workers: 4
[34.614s][debug][gc,phases      ] GC(69)     Total                          Min: 0, Avg:  0.0, Max: 0, Diff: 0, Sum: 0, Workers: 4
[34.614s][debug][gc,phases      ] GC(69)   Weak JFR Old Object Samples    Min:  0.0, Avg:  0.0, Max:  0.0, Diff:  0.0, Sum:  0.0, Workers: 4
[34.614s][debug][gc,phases      ] GC(69)     Dead                           Min: 0, Avg:  0.0, Max: 0, Diff: 0, Sum: 0, Workers: 4
[34.614s][debug][gc,phases      ] GC(69)     Total                          Min: 0, Avg:  0.0, Max: 0, Diff: 0, Sum: 0, Workers: 4
[34.614s][debug][gc,phases      ] GC(69) Weak Processing 0.374ms
[34.614s][debug][gc,age         ] GC(69) Desired survivor size 100139008 bytes, new threshold 15 (max threshold 15)
[34.614s][info ][gc,heap        ] GC(69) PSYoungGen: 1937361K(1996800K)->40672K(1993728K) Eden: 1893376K(1893376K)->0K(1893376K) From: 43985K(103424K)->40672K(100352K)
[34.614s][info ][gc,heap        ] GC(69) ParOldGen: 524934K(565248K)->529954K(565248K)
[34.614s][info ][gc,metaspace   ] GC(69) Metaspace: 71568K(72384K)->71568K(72384K) NonClass: 61258K(61696K)->61258K(61696K) Class: 10309K(10688K)->10309K(10688K)
[34.615s][info ][gc             ] GC(69) Pause Young (Allocation Failure) 2404M->557M(2499M) 22.708ms
[34.615s][info ][gc,cpu         ] GC(69) User=0.09s Sys=0.00s Real=0.02s
[34.615s][info ][safepoint      ] Safepoint "ParallelGCFailedAllocation", Time since last: 415557140 ns, Reaching safepoint: 3320085 ns, At safepoint: 22834685 ns, Total: 26154770 ns
[35.068s][info ][safepoint      ] Safepoint "ICBufferFull", Time since last: 453113903 ns, Reaching safepoint: 255506 ns, At safepoint: 21301 ns, Total: 276807 ns
[35.092s][info ][gc,start       ] GC(70) Pause Young (Allocation Failure)
[35.112s][debug][gc,phases      ] GC(70) Scavenge 19.623ms
[35.112s][debug][gc,ref         ] GC(70) Skipped phase 1 of Reference Processing: no references
[35.112s][debug][gc,ref         ] GC(70) ReferenceProcessor::execute queues: 1, RefProcThreadModel::Single, marks_oops_alive: false
[35.112s][debug][gc,ref         ] GC(70) Skipped phase 3 of Reference Processing: no references
[35.112s][debug][gc,ref         ] GC(70) ReferenceProcessor::execute queues: 1, RefProcThreadModel::Single, marks_oops_alive: false
[35.112s][debug][gc,phases      ] GC(70) Reference Processing 0.118ms
[35.112s][debug][gc,phases      ] GC(70)   VM Weak                        Min:  0.0, Avg:  0.0, Max:  0.0, Diff:  0.0, Sum:  0.0, Workers: 4
[35.112s][debug][gc,phases      ] GC(70)     Dead                           Min: 0, Avg:  0.0, Max: 0, Diff: 0, Sum: 0, Workers: 4
[35.112s][debug][gc,phases      ] GC(70)     Total                          Min: 0, Avg: 154.8, Max: 320, Diff: 320, Sum: 619, Workers: 4
[35.112s][debug][gc,phases      ] GC(70)   ObjectSynchronizer Weak        Min:  0.0, Avg:  0.0, Max:  0.0, Diff:  0.0, Sum:  0.0, Workers: 4
[35.112s][debug][gc,phases      ] GC(70)     Dead                           Min: 0, Avg:  0.0, Max: 0, Diff: 0, Sum: 0, Workers: 4
[35.112s][debug][gc,phases      ] GC(70)     Total                          Min: 0, Avg: 82.2, Max: 192, Diff: 192, Sum: 329, Workers: 4
[35.112s][debug][gc,phases      ] GC(70)   JVMTI Tag Weak OopStorage      Min:  0.0, Avg:  0.0, Max:  0.0, Diff:  0.0, Sum:  0.0, Workers: 4
[35.112s][debug][gc,phases      ] GC(70)     Dead                           Min: 0, Avg:  0.0, Max: 0, Diff: 0, Sum: 0, Workers: 4
[35.112s][debug][gc,phases      ] GC(70)     Total                          Min: 0, Avg:  0.0, Max: 0, Diff: 0, Sum: 0, Workers: 4
[35.112s][debug][gc,phases      ] GC(70)   StringTable Weak               Min:  0.0, Avg:  0.1, Max:  0.1, Diff:  0.1, Sum:  0.4, Workers: 4
[35.112s][debug][gc,phases      ] GC(70)     Dead                           Min: 0, Avg:  0.5, Max: 1, Diff: 1, Sum: 2, Workers: 4
[35.112s][debug][gc,phases      ] GC(70)     Total                          Min: 0, Avg: 10977.5, Max: 15808, Diff: 15808, Sum: 43910, Workers: 4
[35.112s][debug][gc,phases      ] GC(70)   ResolvedMethodTable Weak       Min:  0.0, Avg:  0.0, Max:  0.0, Diff:  0.0, Sum:  0.1, Workers: 4
[35.112s][debug][gc,phases      ] GC(70)     Dead                           Min: 0, Avg:  0.0, Max: 0, Diff: 0, Sum: 0, Workers: 4
[35.112s][debug][gc,phases      ] GC(70)     Total                          Min: 0, Avg: 1904.5, Max: 2816, Diff: 2816, Sum: 7618, Workers: 4
[35.112s][debug][gc,phases      ] GC(70)   JNI Weak                       Min:  0.0, Avg:  0.0, Max:  0.0, Diff:  0.0, Sum:  0.0, Workers: 4
[35.112s][debug][gc,phases      ] GC(70)     Dead                           Min: 0, Avg:  0.0, Max: 0, Diff: 0, Sum: 0, Workers: 4
[35.112s][debug][gc,phases      ] GC(70)     Total                          Min: 0, Avg:  0.0, Max: 0, Diff: 0, Sum: 0, Workers: 4
[35.112s][debug][gc,phases      ] GC(70)   StringDedup Table Weak         Min:  0.0, Avg:  0.0, Max:  0.0, Diff:  0.0, Sum:  0.0, Workers: 4
[35.112s][debug][gc,phases      ] GC(70)     Dead                           Min: 0, Avg:  0.0, Max: 0, Diff: 0, Sum: 0, Workers: 4
[35.112s][debug][gc,phases      ] GC(70)     Total                          Min: 0, Avg:  0.0, Max: 0, Diff: 0, Sum: 0, Workers: 4
[35.112s][debug][gc,phases      ] GC(70)   StringDedup Requests0 Weak     Min:  0.0, Avg:  0.0, Max:  0.0, Diff:  0.0, Sum:  0.0, Workers: 4
[35.112s][debug][gc,phases      ] GC(70)     Dead                           Min: 0, Avg:  0.0, Max: 0, Diff: 0, Sum: 0, Workers: 4
[35.112s][debug][gc,phases      ] GC(70)     Total                          Min: 0, Avg:  0.0, Max: 0, Diff: 0, Sum: 0, Workers: 4
[35.112s][debug][gc,phases      ] GC(70)   StringDedup Requests1 Weak     Min:  0.0, Avg:  0.0, Max:  0.0, Diff:  0.0, Sum:  0.0, Workers: 4
[35.112s][debug][gc,phases      ] GC(70)     Dead                           Min: 0, Avg:  0.0, Max: 0, Diff: 0, Sum: 0, Workers: 4
[35.112s][debug][gc,phases      ] GC(70)     Total                          Min: 0, Avg:  0.0, Max: 0, Diff: 0, Sum: 0, Workers: 4
[35.112s][debug][gc,phases      ] GC(70)   Weak JFR Old Object Samples    Min:  0.0, Avg:  0.0, Max:  0.0, Diff:  0.0, Sum:  0.0, Workers: 4
[35.112s][debug][gc,phases      ] GC(70)     Dead                           Min: 0, Avg:  0.0, Max: 0, Diff: 0, Sum: 0, Workers: 4
[35.112s][debug][gc,phases      ] GC(70)     Total                          Min: 0, Avg:  0.0, Max: 0, Diff: 0, Sum: 0, Workers: 4
[35.112s][debug][gc,phases      ] GC(70) Weak Processing 0.357ms
[35.112s][debug][gc,age         ] GC(70) Desired survivor size 98041856 bytes, new threshold 15 (max threshold 15)
[35.112s][info ][gc,heap        ] GC(70) PSYoungGen: 1934048K(1993728K)->39616K(2001408K) Eden: 1893376K(1893376K)->0K(1903616K) From: 40672K(100352K)->39616K(97792K)
[35.112s][info ][gc,heap        ] GC(70) ParOldGen: 529954K(565248K)->532063K(565248K)
[35.112s][info ][gc,metaspace   ] GC(70) Metaspace: 71739K(72512K)->71739K(72512K) NonClass: 61407K(61824K)->61407K(61824K) Class: 10332K(10688K)->10332K(10688K)
[35.112s][info ][gc             ] GC(70) Pause Young (Allocation Failure) 2406M->558M(2506M) 20.238ms
[35.112s][info ][gc,cpu         ] GC(70) User=0.08s Sys=0.00s Real=0.02s
[35.113s][info ][safepoint      ] Safepoint "ParallelGCFailedAllocation", Time since last: 24081616 ns, Reaching safepoint: 124204 ns, At safepoint: 20348321 ns, Total: 20472525 ns
[35.642s][info ][safepoint      ] Safepoint "ICBufferFull", Time since last: 528979645 ns, Reaching safepoint: 233806 ns, At safepoint: 22401 ns, Total: 256207 ns
[35.683s][info ][gc,start       ] GC(71) Pause Young (Allocation Failure)
[35.704s][debug][gc,phases      ] GC(71) Scavenge 20.942ms
[35.704s][debug][gc,ref         ] GC(71) Skipped phase 1 of Reference Processing: no references
[35.704s][debug][gc,ref         ] GC(71) ReferenceProcessor::execute queues: 1, RefProcThreadModel::Single, marks_oops_alive: false
[35.704s][debug][gc,ref         ] GC(71) Skipped phase 3 of Reference Processing: no references
[35.704s][debug][gc,ref         ] GC(71) ReferenceProcessor::execute queues: 1, RefProcThreadModel::Single, marks_oops_alive: false
[35.704s][debug][gc,phases      ] GC(71) Reference Processing 0.147ms
[35.705s][debug][gc,phases      ] GC(71)   VM Weak                        Min:  0.0, Avg:  0.0, Max:  0.0, Diff:  0.0, Sum:  0.0, Workers: 4
[35.705s][debug][gc,phases      ] GC(71)     Dead                           Min: 0, Avg:  0.0, Max: 0, Diff: 0, Sum: 0, Workers: 4
[35.705s][debug][gc,phases      ] GC(71)     Total                          Min: 0, Avg: 154.8, Max: 619, Diff: 619, Sum: 619, Workers: 4
[35.705s][debug][gc,phases      ] GC(71)   ObjectSynchronizer Weak        Min:  0.0, Avg:  0.0, Max:  0.0, Diff:  0.0, Sum:  0.0, Workers: 4
[35.705s][debug][gc,phases      ] GC(71)     Dead                           Min: 0, Avg:  0.0, Max: 0, Diff: 0, Sum: 0, Workers: 4
[35.705s][debug][gc,phases      ] GC(71)     Total                          Min: 0, Avg: 82.2, Max: 192, Diff: 192, Sum: 329, Workers: 4
[35.705s][debug][gc,phases      ] GC(71)   JVMTI Tag Weak OopStorage      Min:  0.0, Avg:  0.0, Max:  0.0, Diff:  0.0, Sum:  0.0, Workers: 4
[35.705s][debug][gc,phases      ] GC(71)     Dead                           Min: 0, Avg:  0.0, Max: 0, Diff: 0, Sum: 0, Workers: 4
[35.705s][debug][gc,phases      ] GC(71)     Total                          Min: 0, Avg:  0.0, Max: 0, Diff: 0, Sum: 0, Workers: 4
[35.705s][debug][gc,phases      ] GC(71)   StringTable Weak               Min:  0.1, Avg:  0.1, Max:  0.1, Diff:  0.0, Sum:  0.4, Workers: 4
[35.705s][debug][gc,phases      ] GC(71)     Dead                           Min: 0, Avg:  0.0, Max: 0, Diff: 0, Sum: 0, Workers: 4
[35.705s][debug][gc,phases      ] GC(71)     Total                          Min: 10088, Avg: 10986.0, Max: 12544, Diff: 2456, Sum: 43944, Workers: 4
[35.705s][debug][gc,phases      ] GC(71)   ResolvedMethodTable Weak       Min:  0.0, Avg:  0.0, Max:  0.0, Diff:  0.0, Sum:  0.1, Workers: 4
[35.705s][debug][gc,phases      ] GC(71)     Dead                           Min: 0, Avg:  0.0, Max: 0, Diff: 0, Sum: 0, Workers: 4
[35.705s][debug][gc,phases      ] GC(71)     Total                          Min: 1600, Avg: 1907.2, Max: 2125, Diff: 525, Sum: 7629, Workers: 4
[35.705s][debug][gc,phases      ] GC(71)   JNI Weak                       Min:  0.0, Avg:  0.0, Max:  0.0, Diff:  0.0, Sum:  0.0, Workers: 4
[35.705s][debug][gc,phases      ] GC(71)     Dead                           Min: 0, Avg:  0.0, Max: 0, Diff: 0, Sum: 0, Workers: 4
[35.705s][debug][gc,phases      ] GC(71)     Total                          Min: 0, Avg:  3.2, Max: 13, Diff: 13, Sum: 13, Workers: 4
[35.705s][debug][gc,phases      ] GC(71)   StringDedup Table Weak         Min:  0.0, Avg:  0.0, Max:  0.0, Diff:  0.0, Sum:  0.0, Workers: 4
[35.705s][debug][gc,phases      ] GC(71)     Dead                           Min: 0, Avg:  0.0, Max: 0, Diff: 0, Sum: 0, Workers: 4
[35.705s][debug][gc,phases      ] GC(71)     Total                          Min: 0, Avg:  0.0, Max: 0, Diff: 0, Sum: 0, Workers: 4
[35.705s][debug][gc,phases      ] GC(71)   StringDedup Requests0 Weak     Min:  0.0, Avg:  0.0, Max:  0.0, Diff:  0.0, Sum:  0.0, Workers: 4
[35.705s][debug][gc,phases      ] GC(71)     Dead                           Min: 0, Avg:  0.0, Max: 0, Diff: 0, Sum: 0, Workers: 4
[35.705s][debug][gc,phases      ] GC(71)     Total                          Min: 0, Avg:  0.0, Max: 0, Diff: 0, Sum: 0, Workers: 4
[35.705s][debug][gc,phases      ] GC(71)   StringDedup Requests1 Weak     Min:  0.0, Avg:  0.0, Max:  0.0, Diff:  0.0, Sum:  0.0, Workers: 4
[35.705s][debug][gc,phases      ] GC(71)     Dead                           Min: 0, Avg:  0.0, Max: 0, Diff: 0, Sum: 0, Workers: 4
[35.705s][debug][gc,phases      ] GC(71)     Total                          Min: 0, Avg:  0.0, Max: 0, Diff: 0, Sum: 0, Workers: 4
[35.705s][debug][gc,phases      ] GC(71)   Weak JFR Old Object Samples    Min:  0.0, Avg:  0.0, Max:  0.0, Diff:  0.0, Sum:  0.0, Workers: 4
[35.705s][debug][gc,phases      ] GC(71)     Dead                           Min: 0, Avg:  0.0, Max: 0, Diff: 0, Sum: 0, Workers: 4
[35.705s][debug][gc,phases      ] GC(71)     Total                          Min: 0, Avg:  0.0, Max: 0, Diff: 0, Sum: 0, Workers: 4
[35.705s][debug][gc,phases      ] GC(71) Weak Processing 0.315ms
[35.705s][debug][gc,age         ] GC(71) Desired survivor size 95420416 bytes, new threshold 15 (max threshold 15)
[35.705s][info ][gc,heap        ] GC(71) PSYoungGen: 1943232K(2001408K)->39984K(1999360K) Eden: 1903616K(1903616K)->0K(1903616K) From: 39616K(97792K)->39984K(95744K)
[35.705s][info ][gc,heap        ] GC(71) ParOldGen: 532063K(565248K)->534215K(565248K)
[35.705s][info ][gc,metaspace   ] GC(71) Metaspace: 71927K(72704K)->71927K(72704K) NonClass: 61583K(62016K)->61583K(62016K) Class: 10344K(10688K)->10344K(10688K)
[35.705s][info ][gc             ] GC(71) Pause Young (Allocation Failure) 2417M->560M(2504M) 21.564ms
[35.705s][info ][gc,cpu         ] GC(71) User=0.10s Sys=0.01s Real=0.02s
[35.705s][info ][safepoint      ] Safepoint "ParallelGCFailedAllocation", Time since last: 41330658 ns, Reaching safepoint: 135004 ns, At safepoint: 21667854 ns, Total: 21802858 ns
[36.175s][info ][gc,start       ] GC(72) Pause Young (Allocation Failure)
[36.198s][debug][gc,phases      ] GC(72) Scavenge 22.544ms
[36.198s][debug][gc,ref         ] GC(72) Skipped phase 1 of Reference Processing: no references
[36.198s][debug][gc,ref         ] GC(72) ReferenceProcessor::execute queues: 1, RefProcThreadModel::Single, marks_oops_alive: false
[36.198s][debug][gc,ref         ] GC(72) Skipped phase 3 of Reference Processing: no references
[36.198s][debug][gc,ref         ] GC(72) ReferenceProcessor::execute queues: 1, RefProcThreadModel::Single, marks_oops_alive: false
[36.198s][debug][gc,phases      ] GC(72) Reference Processing 0.124ms
[36.204s][debug][gc,phases      ] GC(72)   VM Weak                        Min:  0.0, Avg:  0.0, Max:  0.0, Diff:  0.0, Sum:  0.0, Workers: 4
[36.204s][debug][gc,phases      ] GC(72)     Dead                           Min: 0, Avg:  0.0, Max: 0, Diff: 0, Sum: 0, Workers: 4
[36.204s][debug][gc,phases      ] GC(72)     Total                          Min: 0, Avg: 154.8, Max: 320, Diff: 320, Sum: 619, Workers: 4
[36.204s][debug][gc,phases      ] GC(72)   ObjectSynchronizer Weak        Min:  0.0, Avg:  0.0, Max:  0.0, Diff:  0.0, Sum:  0.0, Workers: 4
[36.204s][debug][gc,phases      ] GC(72)     Dead                           Min: 0, Avg:  0.0, Max: 0, Diff: 0, Sum: 0, Workers: 4
[36.204s][debug][gc,phases      ] GC(72)     Total                          Min: 0, Avg: 82.2, Max: 192, Diff: 192, Sum: 329, Workers: 4
[36.204s][debug][gc,phases      ] GC(72)   JVMTI Tag Weak OopStorage      Min:  0.0, Avg:  0.0, Max:  0.0, Diff:  0.0, Sum:  0.0, Workers: 4
[36.204s][debug][gc,phases      ] GC(72)     Dead                           Min: 0, Avg:  0.0, Max: 0, Diff: 0, Sum: 0, Workers: 4
[36.204s][debug][gc,phases      ] GC(72)     Total                          Min: 0, Avg:  0.0, Max: 0, Diff: 0, Sum: 0, Workers: 4
[36.204s][debug][gc,phases      ] GC(72)   StringTable Weak               Min:  0.1, Avg:  0.1, Max:  0.1, Diff:  0.0, Sum:  0.5, Workers: 4
[36.204s][debug][gc,phases      ] GC(72)     Dead                           Min: 0, Avg:  0.0, Max: 0, Diff: 0, Sum: 0, Workers: 4
[36.204s][debug][gc,phases      ] GC(72)     Total                          Min: 9856, Avg: 10989.0, Max: 11584, Diff: 1728, Sum: 43956, Workers: 4
[36.204s][debug][gc,phases      ] GC(72)   ResolvedMethodTable Weak       Min:  0.0, Avg:  0.0, Max:  0.0, Diff:  0.0, Sum:  0.1, Workers: 4
[36.204s][debug][gc,phases      ] GC(72)     Dead                           Min: 0, Avg:  0.0, Max: 0, Diff: 0, Sum: 0, Workers: 4
[36.204s][debug][gc,phases      ] GC(72)     Total                          Min: 1856, Avg: 1907.2, Max: 1997, Diff: 141, Sum: 7629, Workers: 4
[36.204s][debug][gc,phases      ] GC(72)   JNI Weak                       Min:  0.0, Avg:  0.0, Max:  0.0, Diff:  0.0, Sum:  0.0, Workers: 4
[36.204s][debug][gc,phases      ] GC(72)     Dead                           Min: 0, Avg:  0.0, Max: 0, Diff: 0, Sum: 0, Workers: 4
[36.204s][debug][gc,phases      ] GC(72)     Total                          Min: 0, Avg:  2.5, Max: 10, Diff: 10, Sum: 10, Workers: 4
[36.204s][debug][gc,phases      ] GC(72)   StringDedup Table Weak         Min:  0.0, Avg:  0.0, Max:  0.0, Diff:  0.0, Sum:  0.0, Workers: 4
[36.204s][debug][gc,phases      ] GC(72)     Dead                           Min: 0, Avg:  0.0, Max: 0, Diff: 0, Sum: 0, Workers: 4
[36.204s][debug][gc,phases      ] GC(72)     Total                          Min: 0, Avg:  0.0, Max: 0, Diff: 0, Sum: 0, Workers: 4
[36.204s][debug][gc,phases      ] GC(72)   StringDedup Requests0 Weak     Min:  0.0, Avg:  0.0, Max:  0.0, Diff:  0.0, Sum:  0.0, Workers: 4
[36.204s][debug][gc,phases      ] GC(72)     Dead                           Min: 0, Avg:  0.0, Max: 0, Diff: 0, Sum: 0, Workers: 4
[36.204s][debug][gc,phases      ] GC(72)     Total                          Min: 0, Avg:  0.0, Max: 0, Diff: 0, Sum: 0, Workers: 4
[36.204s][debug][gc,phases      ] GC(72)   StringDedup Requests1 Weak     Min:  0.0, Avg:  0.0, Max:  0.0, Diff:  0.0, Sum:  0.0, Workers: 4
[36.204s][debug][gc,phases      ] GC(72)     Dead                           Min: 0, Avg:  0.0, Max: 0, Diff: 0, Sum: 0, Workers: 4
[36.204s][debug][gc,phases      ] GC(72)     Total                          Min: 0, Avg:  0.0, Max: 0, Diff: 0, Sum: 0, Workers: 4
[36.204s][debug][gc,phases      ] GC(72)   Weak JFR Old Object Samples    Min:  0.0, Avg:  0.0, Max:  0.0, Diff:  0.0, Sum:  0.0, Workers: 4
[36.204s][debug][gc,phases      ] GC(72)     Dead                           Min: 0, Avg:  0.0, Max: 0, Diff: 0, Sum: 0, Workers: 4
[36.204s][debug][gc,phases      ] GC(72)     Total                          Min: 0, Avg:  0.0, Max: 0, Diff: 0, Sum: 0, Workers: 4
[36.204s][debug][gc,phases      ] GC(72) Weak Processing 6.382ms
[36.204s][debug][gc,age         ] GC(72) Desired survivor size 93323264 bytes, new threshold 15 (max threshold 15)
[36.205s][info ][gc,heap        ] GC(72) PSYoungGen: 1943600K(1999360K)->34288K(2006016K) Eden: 1903616K(1903616K)->0K(1912832K) From: 39984K(95744K)->34288K(93184K)
[36.205s][info ][gc,heap        ] GC(72) ParOldGen: 534215K(565248K)->543094K(565248K)
[36.205s][info ][gc,metaspace   ] GC(72) Metaspace: 72037K(72832K)->72037K(72832K) NonClass: 61693K(62144K)->61693K(62144K) Class: 10344K(10688K)->10344K(10688K)
[36.205s][info ][gc             ] GC(72) Pause Young (Allocation Failure) 2419M->563M(2511M) 29.200ms
[36.205s][info ][gc,cpu         ] GC(72) User=0.09s Sys=0.00s Real=0.03s
[36.205s][info ][safepoint      ] Safepoint "ParallelGCFailedAllocation", Time since last: 470150341 ns, Reaching safepoint: 231806 ns, At safepoint: 29314451 ns, Total: 29546257 ns
[36.751s][info ][gc,start       ] GC(73) Pause Young (Allocation Failure)
[36.780s][debug][gc,phases      ] GC(73) Scavenge 28.748ms
[36.780s][debug][gc,ref         ] GC(73) Skipped phase 1 of Reference Processing: no references
[36.780s][debug][gc,ref         ] GC(73) ReferenceProcessor::execute queues: 1, RefProcThreadModel::Single, marks_oops_alive: false
[36.780s][debug][gc,ref         ] GC(73) Skipped phase 3 of Reference Processing: no references
[36.780s][debug][gc,ref         ] GC(73) ReferenceProcessor::execute queues: 1, RefProcThreadModel::Single, marks_oops_alive: false
[36.780s][debug][gc,phases      ] GC(73) Reference Processing 0.131ms
[36.780s][debug][gc,phases      ] GC(73)   VM Weak                        Min:  0.0, Avg:  0.0, Max:  0.0, Diff:  0.0, Sum:  0.0, Workers: 4
[36.780s][debug][gc,phases      ] GC(73)     Dead                           Min: 0, Avg:  0.0, Max: 0, Diff: 0, Sum: 0, Workers: 4
[36.780s][debug][gc,phases      ] GC(73)     Total                          Min: 0, Avg: 154.8, Max: 320, Diff: 320, Sum: 619, Workers: 4
[36.780s][debug][gc,phases      ] GC(73)   ObjectSynchronizer Weak        Min:  0.0, Avg:  0.0, Max:  0.0, Diff:  0.0, Sum:  0.0, Workers: 4
[36.780s][debug][gc,phases      ] GC(73)     Dead                           Min: 0, Avg:  0.2, Max: 1, Diff: 1, Sum: 1, Workers: 4
[36.780s][debug][gc,phases      ] GC(73)     Total                          Min: 0, Avg: 82.5, Max: 192, Diff: 192, Sum: 330, Workers: 4
[36.780s][debug][gc,phases      ] GC(73)   JVMTI Tag Weak OopStorage      Min:  0.0, Avg:  0.0, Max:  0.0, Diff:  0.0, Sum:  0.0, Workers: 4
[36.780s][debug][gc,phases      ] GC(73)     Dead                           Min: 0, Avg:  0.0, Max: 0, Diff: 0, Sum: 0, Workers: 4
[36.780s][debug][gc,phases      ] GC(73)     Total                          Min: 0, Avg:  0.0, Max: 0, Diff: 0, Sum: 0, Workers: 4
[36.780s][debug][gc,phases      ] GC(73)   StringTable Weak               Min:  0.1, Avg:  0.1, Max:  0.1, Diff:  0.0, Sum:  0.5, Workers: 4
[36.780s][debug][gc,phases      ] GC(73)     Dead                           Min: 0, Avg:  0.0, Max: 0, Diff: 0, Sum: 0, Workers: 4
[36.780s][debug][gc,phases      ] GC(73)     Total                          Min: 10432, Avg: 10989.2, Max: 11381, Diff: 949, Sum: 43957, Workers: 4
[36.780s][debug][gc,phases      ] GC(73)   ResolvedMethodTable Weak       Min:  0.0, Avg:  0.0, Max:  0.0, Diff:  0.0, Sum:  0.1, Workers: 4
[36.780s][debug][gc,phases      ] GC(73)     Dead                           Min: 0, Avg:  0.0, Max: 0, Diff: 0, Sum: 0, Workers: 4
[36.780s][debug][gc,phases      ] GC(73)     Total                          Min: 1792, Avg: 1907.2, Max: 2048, Diff: 256, Sum: 7629, Workers: 4
[36.780s][debug][gc,phases      ] GC(73)   JNI Weak                       Min:  0.0, Avg:  0.0, Max:  0.0, Diff:  0.0, Sum:  0.0, Workers: 4
[36.780s][debug][gc,phases      ] GC(73)     Dead                           Min: 0, Avg:  0.0, Max: 0, Diff: 0, Sum: 0, Workers: 4
[36.780s][debug][gc,phases      ] GC(73)     Total                          Min: 0, Avg:  3.0, Max: 12, Diff: 12, Sum: 12, Workers: 4
[36.780s][debug][gc,phases      ] GC(73)   StringDedup Table Weak         Min:  0.0, Avg:  0.0, Max:  0.0, Diff:  0.0, Sum:  0.0, Workers: 4
[36.780s][debug][gc,phases      ] GC(73)     Dead                           Min: 0, Avg:  0.0, Max: 0, Diff: 0, Sum: 0, Workers: 4
[36.780s][debug][gc,phases      ] GC(73)     Total                          Min: 0, Avg:  0.0, Max: 0, Diff: 0, Sum: 0, Workers: 4
[36.780s][debug][gc,phases      ] GC(73)   StringDedup Requests0 Weak     Min:  0.0, Avg:  0.0, Max:  0.0, Diff:  0.0, Sum:  0.0, Workers: 4
[36.780s][debug][gc,phases      ] GC(73)     Dead                           Min: 0, Avg:  0.0, Max: 0, Diff: 0, Sum: 0, Workers: 4
[36.780s][debug][gc,phases      ] GC(73)     Total                          Min: 0, Avg:  0.0, Max: 0, Diff: 0, Sum: 0, Workers: 4
[36.780s][debug][gc,phases      ] GC(73)   StringDedup Requests1 Weak     Min:  0.0, Avg:  0.0, Max:  0.0, Diff:  0.0, Sum:  0.0, Workers: 4
[36.780s][debug][gc,phases      ] GC(73)     Dead                           Min: 0, Avg:  0.0, Max: 0, Diff: 0, Sum: 0, Workers: 4
[36.780s][debug][gc,phases      ] GC(73)     Total                          Min: 0, Avg:  0.0, Max: 0, Diff: 0, Sum: 0, Workers: 4
[36.780s][debug][gc,phases      ] GC(73)   Weak JFR Old Object Samples    Min:  0.0, Avg:  0.0, Max:  0.0, Diff:  0.0, Sum:  0.0, Workers: 4
[36.780s][debug][gc,phases      ] GC(73)     Dead                           Min: 0, Avg:  0.0, Max: 0, Diff: 0, Sum: 0, Workers: 4
[36.780s][debug][gc,phases      ] GC(73)     Total                          Min: 0, Avg:  0.0, Max: 0, Diff: 0, Sum: 0, Workers: 4
[36.780s][debug][gc,phases      ] GC(73) Weak Processing 0.345ms
[36.780s][debug][gc,age         ] GC(73) Desired survivor size 91226112 bytes, new threshold 15 (max threshold 15)
[36.780s][info ][gc,heap        ] GC(73) PSYoungGen: 1947120K(2006016K)->36112K(2003968K) Eden: 1912832K(1912832K)->0K(1912832K) From: 34288K(93184K)->36112K(91136K)
[36.780s][info ][gc,heap        ] GC(73) ParOldGen: 543094K(565248K)->545466K(565248K)
[36.780s][info ][gc,metaspace   ] GC(73) Metaspace: 72075K(72832K)->72075K(72832K) NonClass: 61729K(62144K)->61729K(62144K) Class: 10345K(10688K)->10345K(10688K)
[36.780s][info ][gc             ] GC(73) Pause Young (Allocation Failure) 2431M->567M(2509M) 29.355ms
[36.780s][info ][gc,cpu         ] GC(73) User=0.10s Sys=0.00s Real=0.03s
[36.780s][info ][safepoint      ] Safepoint "ParallelGCFailedAllocation", Time since last: 546055184 ns, Reaching safepoint: 201706 ns, At safepoint: 29474055 ns, Total: 29675761 ns
[37.234s][info ][gc,start       ] GC(74) Pause Young (Allocation Failure)
[37.257s][debug][gc,phases      ] GC(74) Scavenge 22.688ms
[37.257s][debug][gc,ref         ] GC(74) Skipped phase 1 of Reference Processing: no references
[37.257s][debug][gc,ref         ] GC(74) ReferenceProcessor::execute queues: 1, RefProcThreadModel::Single, marks_oops_alive: false
[37.257s][debug][gc,ref         ] GC(74) Skipped phase 3 of Reference Processing: no references
[37.257s][debug][gc,ref         ] GC(74) ReferenceProcessor::execute queues: 1, RefProcThreadModel::Single, marks_oops_alive: false
[37.257s][debug][gc,phases      ] GC(74) Reference Processing 0.115ms
[37.257s][debug][gc,phases      ] GC(74)   VM Weak                        Min:  0.0, Avg:  0.0, Max:  0.0, Diff:  0.0, Sum:  0.0, Workers: 4
[37.257s][debug][gc,phases      ] GC(74)     Dead                           Min: 0, Avg:  0.0, Max: 0, Diff: 0, Sum: 0, Workers: 4
[37.257s][debug][gc,phases      ] GC(74)     Total                          Min: 0, Avg: 154.8, Max: 619, Diff: 619, Sum: 619, Workers: 4
[37.257s][debug][gc,phases      ] GC(74)   ObjectSynchronizer Weak        Min:  0.0, Avg:  0.0, Max:  0.0, Diff:  0.0, Sum:  0.0, Workers: 4
[37.257s][debug][gc,phases      ] GC(74)     Dead                           Min: 0, Avg:  0.0, Max: 0, Diff: 0, Sum: 0, Workers: 4
[37.257s][debug][gc,phases      ] GC(74)     Total                          Min: 0, Avg: 82.5, Max: 192, Diff: 192, Sum: 330, Workers: 4
[37.257s][debug][gc,phases      ] GC(74)   JVMTI Tag Weak OopStorage      Min:  0.0, Avg:  0.0, Max:  0.0, Diff:  0.0, Sum:  0.0, Workers: 4
[37.257s][debug][gc,phases      ] GC(74)     Dead                           Min: 0, Avg:  0.0, Max: 0, Diff: 0, Sum: 0, Workers: 4
[37.257s][debug][gc,phases      ] GC(74)     Total                          Min: 0, Avg:  0.0, Max: 0, Diff: 0, Sum: 0, Workers: 4
[37.257s][debug][gc,phases      ] GC(74)   StringTable Weak               Min:  0.1, Avg:  0.1, Max:  0.1, Diff:  0.0, Sum:  0.4, Workers: 4
[37.257s][debug][gc,phases      ] GC(74)     Dead                           Min: 0, Avg:  0.0, Max: 0, Diff: 0, Sum: 0, Workers: 4
[37.257s][debug][gc,phases      ] GC(74)     Total                          Min: 9856, Avg: 10989.8, Max: 12279, Diff: 2423, Sum: 43959, Workers: 4
[37.257s][debug][gc,phases      ] GC(74)   ResolvedMethodTable Weak       Min:  0.0, Avg:  0.0, Max:  0.0, Diff:  0.0, Sum:  0.1, Workers: 4
[37.257s][debug][gc,phases      ] GC(74)     Dead                           Min: 0, Avg:  0.0, Max: 0, Diff: 0, Sum: 0, Workers: 4
[37.257s][debug][gc,phases      ] GC(74)     Total                          Min: 1856, Avg: 1907.2, Max: 2061, Diff: 205, Sum: 7629, Workers: 4
[37.257s][debug][gc,phases      ] GC(74)   JNI Weak                       Min:  0.0, Avg:  0.0, Max:  0.0, Diff:  0.0, Sum:  0.0, Workers: 4
[37.257s][debug][gc,phases      ] GC(74)     Dead                           Min: 0, Avg:  0.0, Max: 0, Diff: 0, Sum: 0, Workers: 4
[37.257s][debug][gc,phases      ] GC(74)     Total                          Min: 0, Avg:  2.2, Max: 9, Diff: 9, Sum: 9, Workers: 4
[37.257s][debug][gc,phases      ] GC(74)   StringDedup Table Weak         Min:  0.0, Avg:  0.0, Max:  0.0, Diff:  0.0, Sum:  0.0, Workers: 4
[37.257s][debug][gc,phases      ] GC(74)     Dead                           Min: 0, Avg:  0.0, Max: 0, Diff: 0, Sum: 0, Workers: 4
[37.257s][debug][gc,phases      ] GC(74)     Total                          Min: 0, Avg:  0.0, Max: 0, Diff: 0, Sum: 0, Workers: 4
[37.257s][debug][gc,phases      ] GC(74)   StringDedup Requests0 Weak     Min:  0.0, Avg:  0.0, Max:  0.0, Diff:  0.0, Sum:  0.0, Workers: 4
[37.257s][debug][gc,phases      ] GC(74)     Dead                           Min: 0, Avg:  0.0, Max: 0, Diff: 0, Sum: 0, Workers: 4
[37.257s][debug][gc,phases      ] GC(74)     Total                          Min: 0, Avg:  0.0, Max: 0, Diff: 0, Sum: 0, Workers: 4
[37.257s][debug][gc,phases      ] GC(74)   StringDedup Requests1 Weak     Min:  0.0, Avg:  0.0, Max:  0.0, Diff:  0.0, Sum:  0.0, Workers: 4
[37.257s][debug][gc,phases      ] GC(74)     Dead                           Min: 0, Avg:  0.0, Max: 0, Diff: 0, Sum: 0, Workers: 4
[37.257s][debug][gc,phases      ] GC(74)     Total                          Min: 0, Avg:  0.0, Max: 0, Diff: 0, Sum: 0, Workers: 4
[37.257s][debug][gc,phases      ] GC(74)   Weak JFR Old Object Samples    Min:  0.0, Avg:  0.0, Max:  0.0, Diff:  0.0, Sum:  0.0, Workers: 4
[37.257s][debug][gc,phases      ] GC(74)     Dead                           Min: 0, Avg:  0.0, Max: 0, Diff: 0, Sum: 0, Workers: 4
[37.257s][debug][gc,phases      ] GC(74)     Total                          Min: 0, Avg:  0.0, Max: 0, Diff: 0, Sum: 0, Workers: 4
[37.257s][debug][gc,phases      ] GC(74) Weak Processing 0.310ms
[37.257s][debug][gc,age         ] GC(74) Desired survivor size 88604672 bytes, new threshold 15 (max threshold 15)
[37.257s][info ][gc,heap        ] GC(74) PSYoungGen: 1948944K(2003968K)->37216K(2010624K) Eden: 1912832K(1912832K)->0K(1921536K) From: 36112K(91136K)->37216K(89088K)
[37.257s][info ][gc,heap        ] GC(74) ParOldGen: 545466K(565248K)->547885K(565248K)
[37.257s][info ][gc,metaspace   ] GC(74) Metaspace: 72136K(72896K)->72136K(72896K) NonClass: 61791K(62208K)->61791K(62208K) Class: 10345K(10688K)->10345K(10688K)
[37.258s][info ][gc             ] GC(74) Pause Young (Allocation Failure) 2435M->571M(2515M) 23.254ms
[37.258s][info ][gc,cpu         ] GC(74) User=0.09s Sys=0.00s Real=0.02s
[37.258s][info ][safepoint      ] Safepoint "ParallelGCFailedAllocation", Time since last: 450572240 ns, Reaching safepoint: 3301085 ns, At safepoint: 23368698 ns, Total: 26669783 ns
[37.711s][info ][gc,start       ] GC(75) Pause Young (Allocation Failure)
[37.734s][debug][gc,phases      ] GC(75) Scavenge 22.970ms
[37.734s][debug][gc,ref         ] GC(75) Skipped phase 1 of Reference Processing: no references
[37.734s][debug][gc,ref         ] GC(75) ReferenceProcessor::execute queues: 1, RefProcThreadModel::Single, marks_oops_alive: false
[37.735s][debug][gc,ref         ] GC(75) Skipped phase 3 of Reference Processing: no references
[37.735s][debug][gc,ref         ] GC(75) ReferenceProcessor::execute queues: 1, RefProcThreadModel::Single, marks_oops_alive: false
[37.735s][debug][gc,phases      ] GC(75) Reference Processing 0.103ms
[37.735s][debug][gc,phases      ] GC(75)   VM Weak                        Min:  0.0, Avg:  0.0, Max:  0.0, Diff:  0.0, Sum:  0.0, Workers: 4
[37.735s][debug][gc,phases      ] GC(75)     Dead                           Min: 0, Avg:  0.0, Max: 0, Diff: 0, Sum: 0, Workers: 4
[37.735s][debug][gc,phases      ] GC(75)     Total                          Min: 0, Avg: 154.8, Max: 427, Diff: 427, Sum: 619, Workers: 4
[37.735s][debug][gc,phases      ] GC(75)   ObjectSynchronizer Weak        Min:  0.0, Avg:  0.0, Max:  0.0, Diff:  0.0, Sum:  0.0, Workers: 4
[37.735s][debug][gc,phases      ] GC(75)     Dead                           Min: 0, Avg:  0.0, Max: 0, Diff: 0, Sum: 0, Workers: 4
[37.735s][debug][gc,phases      ] GC(75)     Total                          Min: 0, Avg: 82.5, Max: 192, Diff: 192, Sum: 330, Workers: 4
[37.735s][debug][gc,phases      ] GC(75)   JVMTI Tag Weak OopStorage      Min:  0.0, Avg:  0.0, Max:  0.0, Diff:  0.0, Sum:  0.0, Workers: 4
[37.735s][debug][gc,phases      ] GC(75)     Dead                           Min: 0, Avg:  0.0, Max: 0, Diff: 0, Sum: 0, Workers: 4
[37.735s][debug][gc,phases      ] GC(75)     Total                          Min: 0, Avg:  0.0, Max: 0, Diff: 0, Sum: 0, Workers: 4
[37.735s][debug][gc,phases      ] GC(75)   StringTable Weak               Min:  0.1, Avg:  0.1, Max:  0.1, Diff:  0.0, Sum:  0.4, Workers: 4
[37.735s][debug][gc,phases      ] GC(75)     Dead                           Min: 0, Avg:  0.0, Max: 0, Diff: 0, Sum: 0, Workers: 4
[37.735s][debug][gc,phases      ] GC(75)     Total                          Min: 9920, Avg: 10990.2, Max: 12160, Diff: 2240, Sum: 43961, Workers: 4
[37.735s][debug][gc,phases      ] GC(75)   ResolvedMethodTable Weak       Min:  0.0, Avg:  0.0, Max:  0.0, Diff:  0.0, Sum:  0.1, Workers: 4
[37.735s][debug][gc,phases      ] GC(75)     Dead                           Min: 0, Avg:  0.0, Max: 0, Diff: 0, Sum: 0, Workers: 4
[37.735s][debug][gc,phases      ] GC(75)     Total                          Min: 1664, Avg: 1907.2, Max: 2304, Diff: 640, Sum: 7629, Workers: 4
[37.735s][debug][gc,phases      ] GC(75)   JNI Weak                       Min:  0.0, Avg:  0.0, Max:  0.0, Diff:  0.0, Sum:  0.0, Workers: 4
[37.735s][debug][gc,phases      ] GC(75)     Dead                           Min: 0, Avg:  0.0, Max: 0, Diff: 0, Sum: 0, Workers: 4
[37.735s][debug][gc,phases      ] GC(75)     Total                          Min: 0, Avg:  1.2, Max: 5, Diff: 5, Sum: 5, Workers: 4
[37.735s][debug][gc,phases      ] GC(75)   StringDedup Table Weak         Min:  0.0, Avg:  0.0, Max:  0.0, Diff:  0.0, Sum:  0.0, Workers: 4
[37.735s][debug][gc,phases      ] GC(75)     Dead                           Min: 0, Avg:  0.0, Max: 0, Diff: 0, Sum: 0, Workers: 4
[37.735s][debug][gc,phases      ] GC(75)     Total                          Min: 0, Avg:  0.0, Max: 0, Diff: 0, Sum: 0, Workers: 4
[37.735s][debug][gc,phases      ] GC(75)   StringDedup Requests0 Weak     Min:  0.0, Avg:  0.0, Max:  0.0, Diff:  0.0, Sum:  0.0, Workers: 4
[37.735s][debug][gc,phases      ] GC(75)     Dead                           Min: 0, Avg:  0.0, Max: 0, Diff: 0, Sum: 0, Workers: 4
[37.735s][debug][gc,phases      ] GC(75)     Total                          Min: 0, Avg:  0.0, Max: 0, Diff: 0, Sum: 0, Workers: 4
[37.735s][debug][gc,phases      ] GC(75)   StringDedup Requests1 Weak     Min:  0.0, Avg:  0.0, Max:  0.0, Diff:  0.0, Sum:  0.0, Workers: 4
[37.735s][debug][gc,phases      ] GC(75)     Dead                           Min: 0, Avg:  0.0, Max: 0, Diff: 0, Sum: 0, Workers: 4
[37.735s][debug][gc,phases      ] GC(75)     Total                          Min: 0, Avg:  0.0, Max: 0, Diff: 0, Sum: 0, Workers: 4
[37.735s][debug][gc,phases      ] GC(75)   Weak JFR Old Object Samples    Min:  0.0, Avg:  0.0, Max:  0.0, Diff:  0.0, Sum:  0.0, Workers: 4
[37.735s][debug][gc,phases      ] GC(75)     Dead                           Min: 0, Avg:  0.0, Max: 0, Diff: 0, Sum: 0, Workers: 4
[37.735s][debug][gc,phases      ] GC(75)     Total                          Min: 0, Avg:  0.0, Max: 0, Diff: 0, Sum: 0, Workers: 4
[37.735s][debug][gc,phases      ] GC(75) Weak Processing 0.333ms
[37.735s][debug][gc,age         ] GC(75) Desired survivor size 87031808 bytes, new threshold 15 (max threshold 15)
[37.735s][info ][gc,heap        ] GC(75) PSYoungGen: 1958752K(2010624K)->32000K(2008064K) Eden: 1921536K(1921536K)->0K(1921536K) From: 37216K(89088K)->32000K(86528K)
[37.735s][info ][gc,heap        ] GC(75) ParOldGen: 547885K(565248K)->553741K(565248K)
[37.735s][info ][gc,metaspace   ] GC(75) Metaspace: 72154K(72896K)->72154K(72896K) NonClass: 61808K(62208K)->61808K(62208K) Class: 10345K(10688K)->10345K(10688K)
[37.735s][info ][gc             ] GC(75) Pause Young (Allocation Failure) 2447M->572M(2513M) 23.558ms
[37.735s][info ][gc,cpu         ] GC(75) User=0.08s Sys=0.00s Real=0.02s
[37.735s][info ][safepoint      ] Safepoint "ParallelGCFailedAllocation", Time since last: 450134330 ns, Reaching safepoint: 3597492 ns, At safepoint: 23676406 ns, Total: 27273898 ns
[38.167s][info ][gc,start       ] GC(76) Pause Young (Allocation Failure)
[38.186s][debug][gc,phases      ] GC(76) Scavenge 18.963ms
[38.186s][debug][gc,ref         ] GC(76) Skipped phase 1 of Reference Processing: no references
[38.186s][debug][gc,ref         ] GC(76) ReferenceProcessor::execute queues: 1, RefProcThreadModel::Single, marks_oops_alive: false
[38.186s][debug][gc,ref         ] GC(76) Skipped phase 3 of Reference Processing: no references
[38.186s][debug][gc,ref         ] GC(76) ReferenceProcessor::execute queues: 1, RefProcThreadModel::Single, marks_oops_alive: false
[38.186s][debug][gc,phases      ] GC(76) Reference Processing 0.119ms
[38.186s][debug][gc,phases      ] GC(76)   VM Weak                        Min:  0.0, Avg:  0.0, Max:  0.0, Diff:  0.0, Sum:  0.0, Workers: 4
[38.186s][debug][gc,phases      ] GC(76)     Dead                           Min: 0, Avg:  0.0, Max: 0, Diff: 0, Sum: 0, Workers: 4
[38.186s][debug][gc,phases      ] GC(76)     Total                          Min: 0, Avg: 154.8, Max: 320, Diff: 320, Sum: 619, Workers: 4
[38.186s][debug][gc,phases      ] GC(76)   ObjectSynchronizer Weak        Min:  0.0, Avg:  0.0, Max:  0.0, Diff:  0.0, Sum:  0.0, Workers: 4
[38.186s][debug][gc,phases      ] GC(76)     Dead                           Min: 0, Avg:  0.0, Max: 0, Diff: 0, Sum: 0, Workers: 4
[38.186s][debug][gc,phases      ] GC(76)     Total                          Min: 0, Avg: 82.5, Max: 192, Diff: 192, Sum: 330, Workers: 4
[38.186s][debug][gc,phases      ] GC(76)   JVMTI Tag Weak OopStorage      Min:  0.0, Avg:  0.0, Max:  0.0, Diff:  0.0, Sum:  0.0, Workers: 4
[38.186s][debug][gc,phases      ] GC(76)     Dead                           Min: 0, Avg:  0.0, Max: 0, Diff: 0, Sum: 0, Workers: 4
[38.186s][debug][gc,phases      ] GC(76)     Total                          Min: 0, Avg:  0.0, Max: 0, Diff: 0, Sum: 0, Workers: 4
[38.186s][debug][gc,phases      ] GC(76)   StringTable Weak               Min:  0.1, Avg:  0.1, Max:  0.1, Diff:  0.0, Sum:  0.4, Workers: 4
[38.186s][debug][gc,phases      ] GC(76)     Dead                           Min: 0, Avg:  0.0, Max: 0, Diff: 0, Sum: 0, Workers: 4
[38.186s][debug][gc,phases      ] GC(76)     Total                          Min: 9404, Avg: 10991.0, Max: 12544, Diff: 3140, Sum: 43964, Workers: 4
[38.186s][debug][gc,phases      ] GC(76)   ResolvedMethodTable Weak       Min:  0.0, Avg:  0.0, Max:  0.0, Diff:  0.0, Sum:  0.1, Workers: 4
[38.186s][debug][gc,phases      ] GC(76)     Dead                           Min: 0, Avg:  0.0, Max: 0, Diff: 0, Sum: 0, Workers: 4
[38.186s][debug][gc,phases      ] GC(76)     Total                          Min: 1664, Avg: 1907.5, Max: 2254, Diff: 590, Sum: 7630, Workers: 4
[38.186s][debug][gc,phases      ] GC(76)   JNI Weak                       Min:  0.0, Avg:  0.0, Max:  0.0, Diff:  0.0, Sum:  0.0, Workers: 4
[38.186s][debug][gc,phases      ] GC(76)     Dead                           Min: 0, Avg:  0.0, Max: 0, Diff: 0, Sum: 0, Workers: 4
[38.186s][debug][gc,phases      ] GC(76)     Total                          Min: 0, Avg:  0.0, Max: 0, Diff: 0, Sum: 0, Workers: 4
[38.186s][debug][gc,phases      ] GC(76)   StringDedup Table Weak         Min:  0.0, Avg:  0.0, Max:  0.0, Diff:  0.0, Sum:  0.0, Workers: 4
[38.186s][debug][gc,phases      ] GC(76)     Dead                           Min: 0, Avg:  0.0, Max: 0, Diff: 0, Sum: 0, Workers: 4
[38.186s][debug][gc,phases      ] GC(76)     Total                          Min: 0, Avg:  0.0, Max: 0, Diff: 0, Sum: 0, Workers: 4
[38.186s][debug][gc,phases      ] GC(76)   StringDedup Requests0 Weak     Min:  0.0, Avg:  0.0, Max:  0.0, Diff:  0.0, Sum:  0.0, Workers: 4
[38.186s][debug][gc,phases      ] GC(76)     Dead                           Min: 0, Avg:  0.0, Max: 0, Diff: 0, Sum: 0, Workers: 4
[38.186s][debug][gc,phases      ] GC(76)     Total                          Min: 0, Avg:  0.0, Max: 0, Diff: 0, Sum: 0, Workers: 4
[38.186s][debug][gc,phases      ] GC(76)   StringDedup Requests1 Weak     Min:  0.0, Avg:  0.0, Max:  0.0, Diff:  0.0, Sum:  0.0, Workers: 4
[38.186s][debug][gc,phases      ] GC(76)     Dead                           Min: 0, Avg:  0.0, Max: 0, Diff: 0, Sum: 0, Workers: 4
[38.186s][debug][gc,phases      ] GC(76)     Total                          Min: 0, Avg:  0.0, Max: 0, Diff: 0, Sum: 0, Workers: 4
[38.186s][debug][gc,phases      ] GC(76)   Weak JFR Old Object Samples    Min:  0.0, Avg:  0.0, Max:  0.0, Diff:  0.0, Sum:  0.0, Workers: 4
[38.186s][debug][gc,phases      ] GC(76)     Dead                           Min: 0, Avg:  0.0, Max: 0, Diff: 0, Sum: 0, Workers: 4
[38.186s][debug][gc,phases      ] GC(76)     Total                          Min: 0, Avg:  0.0, Max: 0, Diff: 0, Sum: 0, Workers: 4
[38.186s][debug][gc,phases      ] GC(76) Weak Processing 0.327ms
[38.186s][debug][gc,age         ] GC(76) Desired survivor size 85983232 bytes, new threshold 15 (max threshold 15)
[38.186s][info ][gc,heap        ] GC(76) PSYoungGen: 1953536K(2008064K)->28256K(2013184K) Eden: 1921536K(1921536K)->0K(1928192K) From: 32000K(86528K)->28256K(84992K)
[38.186s][info ][gc,heap        ] GC(76) ParOldGen: 553741K(565248K)->557777K(565248K)
[38.186s][info ][gc,metaspace   ] GC(76) Metaspace: 72159K(72896K)->72159K(72896K) NonClass: 61813K(62208K)->61813K(62208K) Class: 10346K(10688K)->10346K(10688K)
[38.186s][info ][gc             ] GC(76) Pause Young (Allocation Failure) 2448M->572M(2518M) 19.552ms
[38.186s][info ][gc,cpu         ] GC(76) User=0.07s Sys=0.00s Real=0.01s
[38.186s][debug][gc,phases      ] GC(77) Pre Compact 0.011ms
[38.186s][info ][gc,start       ] GC(77) Pause Full (Ergonomics)
[38.186s][info ][gc,phases,start] GC(77) Marking Phase
[38.305s][debug][gc,phases      ] GC(77) Par Mark 118.407ms
[38.305s][debug][gc,ref         ] GC(77) Skipped phase 1 of Reference Processing: no references
[38.305s][debug][gc,ref         ] GC(77) ReferenceProcessor::execute queues: 4, RefProcThreadModel::Multi, marks_oops_alive: false
[38.306s][debug][gc,ref         ] GC(77) Skipped phase 3 of Reference Processing: no references
[38.306s][debug][gc,ref         ] GC(77) ReferenceProcessor::execute queues: 1, RefProcThreadModel::Single, marks_oops_alive: false
[38.306s][debug][gc,phases      ] GC(77) Reference Processing 0.934ms
[38.306s][debug][gc,phases      ] GC(77)   VM Weak                        Min:  0.0, Avg:  0.0, Max:  0.0, Diff:  0.0, Sum:  0.0, Workers: 4
[38.306s][debug][gc,phases      ] GC(77)     Dead                           Min: 0, Avg:  0.0, Max: 0, Diff: 0, Sum: 0, Workers: 4
[38.306s][debug][gc,phases      ] GC(77)     Total                          Min: 0, Avg: 154.8, Max: 427, Diff: 427, Sum: 619, Workers: 4
[38.306s][debug][gc,phases      ] GC(77)   ObjectSynchronizer Weak        Min:  0.0, Avg:  0.0, Max:  0.0, Diff:  0.0, Sum:  0.0, Workers: 4
[38.306s][debug][gc,phases      ] GC(77)     Dead                           Min: 0, Avg:  0.0, Max: 0, Diff: 0, Sum: 0, Workers: 4
[38.306s][debug][gc,phases      ] GC(77)     Total                          Min: 0, Avg: 82.5, Max: 138, Diff: 138, Sum: 330, Workers: 4
[38.306s][debug][gc,phases      ] GC(77)   JVMTI Tag Weak OopStorage      Min:  0.0, Avg:  0.0, Max:  0.0, Diff:  0.0, Sum:  0.0, Workers: 4
[38.306s][debug][gc,phases      ] GC(77)     Dead                           Min: 0, Avg:  0.0, Max: 0, Diff: 0, Sum: 0, Workers: 4
[38.306s][debug][gc,phases      ] GC(77)     Total                          Min: 0, Avg:  0.0, Max: 0, Diff: 0, Sum: 0, Workers: 4
[38.306s][debug][gc,phases      ] GC(77)   StringTable Weak               Min:  0.2, Avg:  0.2, Max:  0.2, Diff:  0.0, Sum:  0.8, Workers: 4
[38.306s][debug][gc,phases      ] GC(77)     Dead                           Min: 0, Avg:  0.0, Max: 0, Diff: 0, Sum: 0, Workers: 4
[38.306s][debug][gc,phases      ] GC(77)     Total                          Min: 8960, Avg: 10991.0, Max: 12156, Diff: 3196, Sum: 43964, Workers: 4
[38.306s][debug][gc,phases      ] GC(77)   ResolvedMethodTable Weak       Min:  0.0, Avg:  0.0, Max:  0.0, Diff:  0.0, Sum:  0.1, Workers: 4
[38.306s][debug][gc,phases      ] GC(77)     Dead                           Min: 0, Avg:  0.0, Max: 0, Diff: 0, Sum: 0, Workers: 4
[38.306s][debug][gc,phases      ] GC(77)     Total                          Min: 1408, Avg: 1907.5, Max: 2510, Diff: 1102, Sum: 7630, Workers: 4
[38.306s][debug][gc,phases      ] GC(77)   JNI Weak                       Min:  0.0, Avg:  0.0, Max:  0.0, Diff:  0.0, Sum:  0.0, Workers: 4
[38.306s][debug][gc,phases      ] GC(77)     Dead                           Min: 0, Avg:  0.0, Max: 0, Diff: 0, Sum: 0, Workers: 4
[38.306s][debug][gc,phases      ] GC(77)     Total                          Min: 0, Avg:  0.0, Max: 0, Diff: 0, Sum: 0, Workers: 4
[38.306s][debug][gc,phases      ] GC(77)   StringDedup Table Weak         Min:  0.0, Avg:  0.0, Max:  0.0, Diff:  0.0, Sum:  0.0, Workers: 4
[38.306s][debug][gc,phases      ] GC(77)     Dead                           Min: 0, Avg:  0.0, Max: 0, Diff: 0, Sum: 0, Workers: 4
[38.306s][debug][gc,phases      ] GC(77)     Total                          Min: 0, Avg:  0.0, Max: 0, Diff: 0, Sum: 0, Workers: 4
[38.306s][debug][gc,phases      ] GC(77)   StringDedup Requests0 Weak     Min:  0.0, Avg:  0.0, Max:  0.0, Diff:  0.0, Sum:  0.0, Workers: 4
[38.306s][debug][gc,phases      ] GC(77)     Dead                           Min: 0, Avg:  0.0, Max: 0, Diff: 0, Sum: 0, Workers: 4
[38.306s][debug][gc,phases      ] GC(77)     Total                          Min: 0, Avg:  0.0, Max: 0, Diff: 0, Sum: 0, Workers: 4
[38.306s][debug][gc,phases      ] GC(77)   StringDedup Requests1 Weak     Min:  0.0, Avg:  0.0, Max:  0.0, Diff:  0.0, Sum:  0.0, Workers: 4
[38.306s][debug][gc,phases      ] GC(77)     Dead                           Min: 0, Avg:  0.0, Max: 0, Diff: 0, Sum: 0, Workers: 4
[38.306s][debug][gc,phases      ] GC(77)     Total                          Min: 0, Avg:  0.0, Max: 0, Diff: 0, Sum: 0, Workers: 4
[38.306s][debug][gc,phases      ] GC(77)   Weak JFR Old Object Samples    Min:  0.0, Avg:  0.0, Max:  0.0, Diff:  0.0, Sum:  0.0, Workers: 4
[38.306s][debug][gc,phases      ] GC(77)     Dead                           Min: 0, Avg:  0.0, Max: 0, Diff: 0, Sum: 0, Workers: 4
[38.306s][debug][gc,phases      ] GC(77)     Total                          Min: 0, Avg:  0.0, Max: 0, Diff: 0, Sum: 0, Workers: 4
[38.306s][debug][gc,phases      ] GC(77) Weak Processing 0.452ms
[38.307s][debug][gc,phases      ] GC(77) ClassLoaderData 0.106ms
[38.307s][debug][gc,phases      ] GC(77) Trigger cleanups 0.000ms
[38.320s][debug][gc,phases      ] GC(77) Class Unloading 13.198ms
[38.320s][info ][gc,phases      ] GC(77) Marking Phase 133.185ms
[38.320s][info ][gc,phases,start] GC(77) Summary Phase
[38.320s][info ][gc,phases      ] GC(77) Summary Phase 0.020ms
[38.320s][info ][gc,phases,start] GC(77) Adjust Roots
[38.331s][info ][gc,phases      ] GC(77) Adjust Roots 11.497ms
[38.331s][info ][gc,phases,start] GC(77) Compaction Phase
[38.463s][info ][gc,phases      ] GC(77) Compaction Phase 131.311ms
[38.463s][info ][gc,phases,start] GC(77) Post Compact
[38.465s][info ][gc,phases      ] GC(77) Post Compact 2.418ms
[38.466s][info ][gc,heap        ] GC(77) PSYoungGen: 28256K(2013184K)->0K(2012160K) Eden: 0K(1928192K)->0K(1928192K) From: 28256K(84992K)->0K(83968K)
[38.466s][info ][gc,heap        ] GC(77) ParOldGen: 557777K(565248K)->363837K(429056K)
[38.466s][info ][gc,metaspace   ] GC(77) Metaspace: 72159K(72896K)->72159K(72896K) NonClass: 61813K(62208K)->61813K(62208K) Class: 10346K(10688K)->10346K(10688K)
[38.466s][info ][gc             ] GC(77) Pause Full (Ergonomics) 572M->355M(2384M) 279.254ms
[38.466s][info ][gc,cpu         ] GC(77) User=1.01s Sys=0.02s Real=0.28s
[38.510s][info ][safepoint      ] Safepoint "ParallelGCFailedAllocation", Time since last: 431662958 ns, Reaching safepoint: 184405 ns, At safepoint: 343006886 ns, Total: 343191291 ns
[38.889s][info ][gc,start       ] GC(78) Pause Young (Allocation Failure)
[38.890s][debug][gc,phases      ] GC(78) Scavenge 1.657ms
[38.890s][debug][gc,ref         ] GC(78) Skipped phase 1 of Reference Processing: no references
[38.890s][debug][gc,ref         ] GC(78) ReferenceProcessor::execute queues: 1, RefProcThreadModel::Single, marks_oops_alive: false
[38.890s][debug][gc,ref         ] GC(78) Skipped phase 3 of Reference Processing: no references
[38.890s][debug][gc,ref         ] GC(78) ReferenceProcessor::execute queues: 1, RefProcThreadModel::Single, marks_oops_alive: false
[38.890s][debug][gc,phases      ] GC(78) Reference Processing 0.106ms
[38.891s][debug][gc,phases      ] GC(78)   VM Weak                        Min:  0.0, Avg:  0.0, Max:  0.0, Diff:  0.0, Sum:  0.0, Workers: 4
[38.891s][debug][gc,phases      ] GC(78)     Dead                           Min: 0, Avg:  0.0, Max: 0, Diff: 0, Sum: 0, Workers: 4
[38.891s][debug][gc,phases      ] GC(78)     Total                          Min: 0, Avg: 155.0, Max: 320, Diff: 320, Sum: 620, Workers: 4
[38.891s][debug][gc,phases      ] GC(78)   ObjectSynchronizer Weak        Min:  0.0, Avg:  0.0, Max:  0.0, Diff:  0.0, Sum:  0.0, Workers: 4
[38.891s][debug][gc,phases      ] GC(78)     Dead                           Min: 0, Avg:  0.0, Max: 0, Diff: 0, Sum: 0, Workers: 4
[38.891s][debug][gc,phases      ] GC(78)     Total                          Min: 0, Avg: 82.5, Max: 192, Diff: 192, Sum: 330, Workers: 4
[38.891s][debug][gc,phases      ] GC(78)   JVMTI Tag Weak OopStorage      Min:  0.0, Avg:  0.0, Max:  0.0, Diff:  0.0, Sum:  0.0, Workers: 4
[38.891s][debug][gc,phases      ] GC(78)     Dead                           Min: 0, Avg:  0.0, Max: 0, Diff: 0, Sum: 0, Workers: 4
[38.891s][debug][gc,phases      ] GC(78)     Total                          Min: 0, Avg:  0.0, Max: 0, Diff: 0, Sum: 0, Workers: 4
[38.891s][debug][gc,phases      ] GC(78)   StringTable Weak               Min:  0.1, Avg:  0.1, Max:  0.1, Diff:  0.0, Sum:  0.4, Workers: 4
[38.891s][debug][gc,phases      ] GC(78)     Dead                           Min: 0, Avg:  0.0, Max: 0, Diff: 0, Sum: 0, Workers: 4
[38.891s][debug][gc,phases      ] GC(78)     Total                          Min: 9863, Avg: 11073.8, Max: 12096, Diff: 2233, Sum: 44295, Workers: 4
[38.891s][debug][gc,phases      ] GC(78)   ResolvedMethodTable Weak       Min:  0.0, Avg:  0.0, Max:  0.0, Diff:  0.0, Sum:  0.1, Workers: 4
[38.891s][debug][gc,phases      ] GC(78)     Dead                           Min: 0, Avg: 18.2, Max: 40, Diff: 40, Sum: 73, Workers: 4
[38.891s][debug][gc,phases      ] GC(78)     Total                          Min: 1710, Avg: 1962.2, Max: 2237, Diff: 527, Sum: 7849, Workers: 4
[38.891s][debug][gc,phases      ] GC(78)   JNI Weak                       Min:  0.0, Avg:  0.0, Max:  0.0, Diff:  0.0, Sum:  0.0, Workers: 4
[38.891s][debug][gc,phases      ] GC(78)     Dead                           Min: 0, Avg:  0.0, Max: 0, Diff: 0, Sum: 0, Workers: 4
[38.891s][debug][gc,phases      ] GC(78)     Total                          Min: 0, Avg:  0.0, Max: 0, Diff: 0, Sum: 0, Workers: 4
[38.891s][debug][gc,phases      ] GC(78)   StringDedup Table Weak         Min:  0.0, Avg:  0.0, Max:  0.0, Diff:  0.0, Sum:  0.0, Workers: 4
[38.891s][debug][gc,phases      ] GC(78)     Dead                           Min: 0, Avg:  0.0, Max: 0, Diff: 0, Sum: 0, Workers: 4
[38.891s][debug][gc,phases      ] GC(78)     Total                          Min: 0, Avg:  0.0, Max: 0, Diff: 0, Sum: 0, Workers: 4
[38.891s][debug][gc,phases      ] GC(78)   StringDedup Requests0 Weak     Min:  0.0, Avg:  0.0, Max:  0.0, Diff:  0.0, Sum:  0.0, Workers: 4
[38.891s][debug][gc,phases      ] GC(78)     Dead                           Min: 0, Avg:  0.0, Max: 0, Diff: 0, Sum: 0, Workers: 4
[38.891s][debug][gc,phases      ] GC(78)     Total                          Min: 0, Avg:  0.0, Max: 0, Diff: 0, Sum: 0, Workers: 4
[38.891s][debug][gc,phases      ] GC(78)   StringDedup Requests1 Weak     Min:  0.0, Avg:  0.0, Max:  0.0, Diff:  0.0, Sum:  0.0, Workers: 4
[38.891s][debug][gc,phases      ] GC(78)     Dead                           Min: 0, Avg:  0.0, Max: 0, Diff: 0, Sum: 0, Workers: 4
[38.891s][debug][gc,phases      ] GC(78)     Total                          Min: 0, Avg:  0.0, Max: 0, Diff: 0, Sum: 0, Workers: 4
[38.891s][debug][gc,phases      ] GC(78)   Weak JFR Old Object Samples    Min:  0.0, Avg:  0.0, Max:  0.0, Diff:  0.0, Sum:  0.0, Workers: 4
[38.891s][debug][gc,phases      ] GC(78)     Dead                           Min: 0, Avg:  0.0, Max: 0, Diff: 0, Sum: 0, Workers: 4
[38.891s][debug][gc,phases      ] GC(78)     Total                          Min: 0, Avg:  0.0, Max: 0, Diff: 0, Sum: 0, Workers: 4
[38.891s][debug][gc,phases      ] GC(78) Weak Processing 0.326ms
[38.891s][debug][gc,age         ] GC(78) Desired survivor size 89128960 bytes, new threshold 15 (max threshold 15)
[38.891s][info ][gc,heap        ] GC(78) PSYoungGen: 1928192K(2012160K)->960K(2007040K) Eden: 1928192K(1928192K)->0K(1923072K) From: 0K(83968K)->960K(83968K)
[38.891s][info ][gc,heap        ] GC(78) ParOldGen: 363837K(429056K)->363837K(429056K)
[38.891s][info ][gc,metaspace   ] GC(78) Metaspace: 74030K(74816K)->74030K(74816K) NonClass: 63348K(63808K)->63348K(63808K) Class: 10681K(11008K)->10681K(11008K)
[38.891s][info ][gc             ] GC(78) Pause Young (Allocation Failure) 2238M->356M(2379M) 2.214ms
[38.891s][info ][gc,cpu         ] GC(78) User=0.00s Sys=0.01s Real=0.00s
[38.891s][info ][safepoint      ] Safepoint "ParallelGCFailedAllocation", Time since last: 378567298 ns, Reaching safepoint: 203306 ns, At safepoint: 2319959 ns, Total: 2523265 ns
[39.240s][info ][safepoint      ] Safepoint "ICBufferFull", Time since last: 349140545 ns, Reaching safepoint: 341309 ns, At safepoint: 34901 ns, Total: 376210 ns
[39.350s][info ][gc,start       ] GC(79) Pause Young (Allocation Failure)
[39.352s][debug][gc,phases      ] GC(79) Scavenge 2.033ms
[39.352s][debug][gc,ref         ] GC(79) Skipped phase 1 of Reference Processing: no references
[39.352s][debug][gc,ref         ] GC(79) ReferenceProcessor::execute queues: 1, RefProcThreadModel::Single, marks_oops_alive: false
[39.352s][debug][gc,ref         ] GC(79) Skipped phase 3 of Reference Processing: no references
[39.352s][debug][gc,ref         ] GC(79) ReferenceProcessor::execute queues: 1, RefProcThreadModel::Single, marks_oops_alive: false
[39.352s][debug][gc,phases      ] GC(79) Reference Processing 0.109ms
[39.352s][debug][gc,phases      ] GC(79)   VM Weak                        Min:  0.0, Avg:  0.0, Max:  0.0, Diff:  0.0, Sum:  0.0, Workers: 4
[39.352s][debug][gc,phases      ] GC(79)     Dead                           Min: 0, Avg:  0.0, Max: 0, Diff: 0, Sum: 0, Workers: 4
[39.352s][debug][gc,phases      ] GC(79)     Total                          Min: 0, Avg: 155.2, Max: 621, Diff: 621, Sum: 621, Workers: 4
[39.352s][debug][gc,phases      ] GC(79)   ObjectSynchronizer Weak        Min:  0.0, Avg:  0.0, Max:  0.0, Diff:  0.0, Sum:  0.0, Workers: 4
[39.352s][debug][gc,phases      ] GC(79)     Dead                           Min: 0, Avg:  0.0, Max: 0, Diff: 0, Sum: 0, Workers: 4
[39.352s][debug][gc,phases      ] GC(79)     Total                          Min: 0, Avg: 82.5, Max: 192, Diff: 192, Sum: 330, Workers: 4
[39.352s][debug][gc,phases      ] GC(79)   JVMTI Tag Weak OopStorage      Min:  0.0, Avg:  0.0, Max:  0.0, Diff:  0.0, Sum:  0.0, Workers: 4
[39.352s][debug][gc,phases      ] GC(79)     Dead                           Min: 0, Avg:  0.0, Max: 0, Diff: 0, Sum: 0, Workers: 4
[39.352s][debug][gc,phases      ] GC(79)     Total                          Min: 0, Avg:  0.0, Max: 0, Diff: 0, Sum: 0, Workers: 4
[39.352s][debug][gc,phases      ] GC(79)   StringTable Weak               Min:  0.1, Avg:  0.1, Max:  0.1, Diff:  0.1, Sum:  0.4, Workers: 4
[39.352s][debug][gc,phases      ] GC(79)     Dead                           Min: 0, Avg:  0.2, Max: 1, Diff: 1, Sum: 1, Workers: 4
[39.352s][debug][gc,phases      ] GC(79)     Total                          Min: 6848, Avg: 11398.0, Max: 16704, Diff: 9856, Sum: 45592, Workers: 4
[39.352s][debug][gc,phases      ] GC(79)   ResolvedMethodTable Weak       Min:  0.0, Avg:  0.0, Max:  0.0, Diff:  0.0, Sum:  0.1, Workers: 4
[39.352s][debug][gc,phases      ] GC(79)     Dead                           Min: 0, Avg:  0.0, Max: 0, Diff: 0, Sum: 0, Workers: 4
[39.352s][debug][gc,phases      ] GC(79)     Total                          Min: 1600, Avg: 1965.8, Max: 2295, Diff: 695, Sum: 7863, Workers: 4
[39.352s][debug][gc,phases      ] GC(79)   JNI Weak                       Min:  0.0, Avg:  0.0, Max:  0.0, Diff:  0.0, Sum:  0.0, Workers: 4
[39.352s][debug][gc,phases      ] GC(79)     Dead                           Min: 0, Avg:  0.0, Max: 0, Diff: 0, Sum: 0, Workers: 4
[39.352s][debug][gc,phases      ] GC(79)     Total                          Min: 0, Avg:  0.0, Max: 0, Diff: 0, Sum: 0, Workers: 4
[39.352s][debug][gc,phases      ] GC(79)   StringDedup Table Weak         Min:  0.0, Avg:  0.0, Max:  0.0, Diff:  0.0, Sum:  0.0, Workers: 4
[39.352s][debug][gc,phases      ] GC(79)     Dead                           Min: 0, Avg:  0.0, Max: 0, Diff: 0, Sum: 0, Workers: 4
[39.352s][debug][gc,phases      ] GC(79)     Total                          Min: 0, Avg:  0.0, Max: 0, Diff: 0, Sum: 0, Workers: 4
[39.352s][debug][gc,phases      ] GC(79)   StringDedup Requests0 Weak     Min:  0.0, Avg:  0.0, Max:  0.0, Diff:  0.0, Sum:  0.0, Workers: 4
[39.352s][debug][gc,phases      ] GC(79)     Dead                           Min: 0, Avg:  0.0, Max: 0, Diff: 0, Sum: 0, Workers: 4
[39.352s][debug][gc,phases      ] GC(79)     Total                          Min: 0, Avg:  0.0, Max: 0, Diff: 0, Sum: 0, Workers: 4
[39.352s][debug][gc,phases      ] GC(79)   StringDedup Requests1 Weak     Min:  0.0, Avg:  0.0, Max:  0.0, Diff:  0.0, Sum:  0.0, Workers: 4
[39.352s][debug][gc,phases      ] GC(79)     Dead                           Min: 0, Avg:  0.0, Max: 0, Diff: 0, Sum: 0, Workers: 4
[39.352s][debug][gc,phases      ] GC(79)     Total                          Min: 0, Avg:  0.0, Max: 0, Diff: 0, Sum: 0, Workers: 4
[39.352s][debug][gc,phases      ] GC(79)   Weak JFR Old Object Samples    Min:  0.0, Avg:  0.0, Max:  0.0, Diff:  0.0, Sum:  0.0, Workers: 4
[39.352s][debug][gc,phases      ] GC(79)     Dead                           Min: 0, Avg:  0.0, Max: 0, Diff: 0, Sum: 0, Workers: 4
[39.352s][debug][gc,phases      ] GC(79)     Total                          Min: 0, Avg:  0.0, Max: 0, Diff: 0, Sum: 0, Workers: 4
[39.352s][debug][gc,phases      ] GC(79) Weak Processing 0.332ms
[39.352s][debug][gc,age         ] GC(79) Desired survivor size 90701824 bytes, new threshold 15 (max threshold 15)
[39.352s][info ][gc,heap        ] GC(79) PSYoungGen: 1924032K(2007040K)->1568K(1925120K) Eden: 1923072K(1923072K)->0K(1923072K) From: 960K(83968K)->1568K(2048K)
[39.352s][info ][gc,heap        ] GC(79) ParOldGen: 363837K(429056K)->363845K(429056K)
[39.352s][info ][gc,metaspace   ] GC(79) Metaspace: 74822K(75648K)->74822K(75648K) NonClass: 64036K(64448K)->64036K(64448K) Class: 10785K(11200K)->10785K(11200K)
[39.352s][info ][gc             ] GC(79) Pause Young (Allocation Failure) 2234M->356M(2299M) 2.594ms
[39.353s][info ][gc,cpu         ] GC(79) User=0.01s Sys=0.00s Real=0.00s
[39.353s][info ][safepoint      ] Safepoint "ParallelGCFailedAllocation", Time since last: 109265699 ns, Reaching safepoint: 150404 ns, At safepoint: 2712169 ns, Total: 2862573 ns
[39.827s][info ][gc,start       ] GC(80) Pause Young (Allocation Failure)
[39.830s][debug][gc,phases      ] GC(80) Scavenge 3.345ms
[39.830s][debug][gc,ref         ] GC(80) Skipped phase 1 of Reference Processing: no references
[39.831s][debug][gc,ref         ] GC(80) ReferenceProcessor::execute queues: 1, RefProcThreadModel::Single, marks_oops_alive: false
[39.831s][debug][gc,ref         ] GC(80) Skipped phase 3 of Reference Processing: no references
[39.831s][debug][gc,ref         ] GC(80) ReferenceProcessor::execute queues: 1, RefProcThreadModel::Single, marks_oops_alive: false
[39.831s][debug][gc,phases      ] GC(80) Reference Processing 0.125ms
[39.831s][debug][gc,phases      ] GC(80)   VM Weak                        Min:  0.0, Avg:  0.0, Max:  0.0, Diff:  0.0, Sum:  0.0, Workers: 4
[39.831s][debug][gc,phases      ] GC(80)     Dead                           Min: 0, Avg:  0.0, Max: 0, Diff: 0, Sum: 0, Workers: 4
[39.831s][debug][gc,phases      ] GC(80)     Total                          Min: 0, Avg: 158.2, Max: 320, Diff: 320, Sum: 633, Workers: 4
[39.831s][debug][gc,phases      ] GC(80)   ObjectSynchronizer Weak        Min:  0.0, Avg:  0.0, Max:  0.0, Diff:  0.0, Sum:  0.0, Workers: 4
[39.831s][debug][gc,phases      ] GC(80)     Dead                           Min: 0, Avg:  0.5, Max: 2, Diff: 2, Sum: 2, Workers: 4
[39.831s][debug][gc,phases      ] GC(80)     Total                          Min: 0, Avg: 83.2, Max: 192, Diff: 192, Sum: 333, Workers: 4
[39.831s][debug][gc,phases      ] GC(80)   JVMTI Tag Weak OopStorage      Min:  0.0, Avg:  0.0, Max:  0.0, Diff:  0.0, Sum:  0.0, Workers: 4
[39.831s][debug][gc,phases      ] GC(80)     Dead                           Min: 0, Avg:  0.0, Max: 0, Diff: 0, Sum: 0, Workers: 4
[39.831s][debug][gc,phases      ] GC(80)     Total                          Min: 0, Avg:  0.0, Max: 0, Diff: 0, Sum: 0, Workers: 4
[39.831s][debug][gc,phases      ] GC(80)   StringTable Weak               Min:  0.1, Avg:  0.1, Max:  0.1, Diff:  0.0, Sum:  0.5, Workers: 4
[39.831s][debug][gc,phases      ] GC(80)     Dead                           Min: 0, Avg:  0.2, Max: 1, Diff: 1, Sum: 1, Workers: 4
[39.831s][debug][gc,phases      ] GC(80)     Total                          Min: 10048, Avg: 11579.8, Max: 12800, Diff: 2752, Sum: 46319, Workers: 4
[39.831s][debug][gc,phases      ] GC(80)   ResolvedMethodTable Weak       Min:  0.0, Avg:  0.0, Max:  0.0, Diff:  0.0, Sum:  0.1, Workers: 4
[39.831s][debug][gc,phases      ] GC(80)     Dead                           Min: 0, Avg:  1.0, Max: 3, Diff: 3, Sum: 4, Workers: 4
[39.831s][debug][gc,phases      ] GC(80)     Total                          Min: 1792, Avg: 1970.2, Max: 2304, Diff: 512, Sum: 7881, Workers: 4
[39.831s][debug][gc,phases      ] GC(80)   JNI Weak                       Min:  0.0, Avg:  0.0, Max:  0.0, Diff:  0.0, Sum:  0.0, Workers: 4
[39.831s][debug][gc,phases      ] GC(80)     Dead                           Min: 0, Avg:  0.0, Max: 0, Diff: 0, Sum: 0, Workers: 4
[39.831s][debug][gc,phases      ] GC(80)     Total                          Min: 0, Avg:  0.2, Max: 1, Diff: 1, Sum: 1, Workers: 4
[39.831s][debug][gc,phases      ] GC(80)   StringDedup Table Weak         Min:  0.0, Avg:  0.0, Max:  0.0, Diff:  0.0, Sum:  0.0, Workers: 4
[39.831s][debug][gc,phases      ] GC(80)     Dead                           Min: 0, Avg:  0.0, Max: 0, Diff: 0, Sum: 0, Workers: 4
[39.831s][debug][gc,phases      ] GC(80)     Total                          Min: 0, Avg:  0.0, Max: 0, Diff: 0, Sum: 0, Workers: 4
[39.831s][debug][gc,phases      ] GC(80)   StringDedup Requests0 Weak     Min:  0.0, Avg:  0.0, Max:  0.0, Diff:  0.0, Sum:  0.0, Workers: 4
[39.831s][debug][gc,phases      ] GC(80)     Dead                           Min: 0, Avg:  0.0, Max: 0, Diff: 0, Sum: 0, Workers: 4
[39.831s][debug][gc,phases      ] GC(80)     Total                          Min: 0, Avg:  0.0, Max: 0, Diff: 0, Sum: 0, Workers: 4
[39.831s][debug][gc,phases      ] GC(80)   StringDedup Requests1 Weak     Min:  0.0, Avg:  0.0, Max:  0.0, Diff:  0.0, Sum:  0.0, Workers: 4
[39.831s][debug][gc,phases      ] GC(80)     Dead                           Min: 0, Avg:  0.0, Max: 0, Diff: 0, Sum: 0, Workers: 4
[39.831s][debug][gc,phases      ] GC(80)     Total                          Min: 0, Avg:  0.0, Max: 0, Diff: 0, Sum: 0, Workers: 4
[39.831s][debug][gc,phases      ] GC(80)   Weak JFR Old Object Samples    Min:  0.0, Avg:  0.0, Max:  0.0, Diff:  0.0, Sum:  0.0, Workers: 4
[39.831s][debug][gc,phases      ] GC(80)     Dead                           Min: 0, Avg:  0.0, Max: 0, Diff: 0, Sum: 0, Workers: 4
[39.831s][debug][gc,phases      ] GC(80)     Total                          Min: 0, Avg:  0.0, Max: 0, Diff: 0, Sum: 0, Workers: 4
[39.831s][debug][gc,phases      ] GC(80) Weak Processing 0.353ms
[39.831s][debug][gc,age         ] GC(80) Desired survivor size 90701824 bytes, new threshold 15 (max threshold 15)
[39.831s][info ][gc,heap        ] GC(80) PSYoungGen: 1924640K(1925120K)->3315K(2008576K) Eden: 1923072K(1923072K)->0K(1920000K) From: 1568K(2048K)->3315K(88576K)
[39.831s][info ][gc,heap        ] GC(80) ParOldGen: 363845K(429056K)->363853K(429056K)
[39.831s][info ][gc,metaspace   ] GC(80) Metaspace: 77656K(78464K)->77656K(78464K) NonClass: 66497K(66944K)->66497K(66944K) Class: 11158K(11520K)->11158K(11520K)
[39.831s][info ][gc             ] GC(80) Pause Young (Allocation Failure) 2234M->358M(2380M) 3.962ms
[39.831s][info ][gc,cpu         ] GC(80) User=0.02s Sys=0.00s Real=0.00s
[39.831s][info ][safepoint      ] Safepoint "ParallelGCFailedAllocation", Time since last: 470872764 ns, Reaching safepoint: 3515690 ns, At safepoint: 4075705 ns, Total: 7591395 ns
[40.270s][info ][gc,start       ] GC(81) Pause Young (Allocation Failure)
[40.273s][debug][gc,phases      ] GC(81) Scavenge 3.056ms
[40.273s][debug][gc,ref         ] GC(81) Skipped phase 1 of Reference Processing: no references
[40.273s][debug][gc,ref         ] GC(81) ReferenceProcessor::execute queues: 1, RefProcThreadModel::Single, marks_oops_alive: false
[40.273s][debug][gc,ref         ] GC(81) Skipped phase 3 of Reference Processing: no references
[40.273s][debug][gc,ref         ] GC(81) ReferenceProcessor::execute queues: 1, RefProcThreadModel::Single, marks_oops_alive: false
[40.273s][debug][gc,phases      ] GC(81) Reference Processing 0.127ms
[40.274s][debug][gc,phases      ] GC(81)   VM Weak                        Min:  0.0, Avg:  0.0, Max:  0.0, Diff:  0.0, Sum:  0.0, Workers: 4
[40.274s][debug][gc,phases      ] GC(81)     Dead                           Min: 0, Avg:  0.0, Max: 0, Diff: 0, Sum: 0, Workers: 4
[40.274s][debug][gc,phases      ] GC(81)     Total                          Min: 0, Avg: 158.8, Max: 635, Diff: 635, Sum: 635, Workers: 4
[40.274s][debug][gc,phases      ] GC(81)   ObjectSynchronizer Weak        Min:  0.0, Avg:  0.0, Max:  0.0, Diff:  0.0, Sum:  0.0, Workers: 4
[40.274s][debug][gc,phases      ] GC(81)     Dead                           Min: 0, Avg:  0.0, Max: 0, Diff: 0, Sum: 0, Workers: 4
[40.274s][debug][gc,phases      ] GC(81)     Total                          Min: 0, Avg: 83.2, Max: 192, Diff: 192, Sum: 333, Workers: 4
[40.274s][debug][gc,phases      ] GC(81)   JVMTI Tag Weak OopStorage      Min:  0.0, Avg:  0.0, Max:  0.0, Diff:  0.0, Sum:  0.0, Workers: 4
[40.274s][debug][gc,phases      ] GC(81)     Dead                           Min: 0, Avg:  0.0, Max: 0, Diff: 0, Sum: 0, Workers: 4
[40.274s][debug][gc,phases      ] GC(81)     Total                          Min: 0, Avg:  0.0, Max: 0, Diff: 0, Sum: 0, Workers: 4
[40.274s][debug][gc,phases      ] GC(81)   StringTable Weak               Min:  0.1, Avg:  0.1, Max:  0.1, Diff:  0.0, Sum:  0.4, Workers: 4
[40.274s][debug][gc,phases      ] GC(81)     Dead                           Min: 0, Avg:  0.8, Max: 2, Diff: 2, Sum: 3, Workers: 4
[40.274s][debug][gc,phases      ] GC(81)     Total                          Min: 10933, Avg: 11629.2, Max: 12928, Diff: 1995, Sum: 46517, Workers: 4
[40.274s][debug][gc,phases      ] GC(81)   ResolvedMethodTable Weak       Min:  0.0, Avg:  0.0, Max:  0.0, Diff:  0.0, Sum:  0.1, Workers: 4
[40.274s][debug][gc,phases      ] GC(81)     Dead                           Min: 0, Avg:  7.0, Max: 28, Diff: 28, Sum: 28, Workers: 4
[40.274s][debug][gc,phases      ] GC(81)     Total                          Min: 1854, Avg: 1980.5, Max: 2175, Diff: 321, Sum: 7922, Workers: 4
[40.274s][debug][gc,phases      ] GC(81)   JNI Weak                       Min:  0.0, Avg:  0.0, Max:  0.0, Diff:  0.0, Sum:  0.0, Workers: 4
[40.274s][debug][gc,phases      ] GC(81)     Dead                           Min: 0, Avg:  0.0, Max: 0, Diff: 0, Sum: 0, Workers: 4
[40.274s][debug][gc,phases      ] GC(81)     Total                          Min: 0, Avg:  4.0, Max: 16, Diff: 16, Sum: 16, Workers: 4
[40.274s][debug][gc,phases      ] GC(81)   StringDedup Table Weak         Min:  0.0, Avg:  0.0, Max:  0.0, Diff:  0.0, Sum:  0.0, Workers: 4
[40.274s][debug][gc,phases      ] GC(81)     Dead                           Min: 0, Avg:  0.0, Max: 0, Diff: 0, Sum: 0, Workers: 4
[40.274s][debug][gc,phases      ] GC(81)     Total                          Min: 0, Avg:  0.0, Max: 0, Diff: 0, Sum: 0, Workers: 4
[40.274s][debug][gc,phases      ] GC(81)   StringDedup Requests0 Weak     Min:  0.0, Avg:  0.0, Max:  0.0, Diff:  0.0, Sum:  0.0, Workers: 4
[40.274s][debug][gc,phases      ] GC(81)     Dead                           Min: 0, Avg:  0.0, Max: 0, Diff: 0, Sum: 0, Workers: 4
[40.274s][debug][gc,phases      ] GC(81)     Total                          Min: 0, Avg:  0.0, Max: 0, Diff: 0, Sum: 0, Workers: 4
[40.274s][debug][gc,phases      ] GC(81)   StringDedup Requests1 Weak     Min:  0.0, Avg:  0.0, Max:  0.0, Diff:  0.0, Sum:  0.0, Workers: 4
[40.274s][debug][gc,phases      ] GC(81)     Dead                           Min: 0, Avg:  0.0, Max: 0, Diff: 0, Sum: 0, Workers: 4
[40.274s][debug][gc,phases      ] GC(81)     Total                          Min: 0, Avg:  0.0, Max: 0, Diff: 0, Sum: 0, Workers: 4
[40.274s][debug][gc,phases      ] GC(81)   Weak JFR Old Object Samples    Min:  0.0, Avg:  0.0, Max:  0.0, Diff:  0.0, Sum:  0.0, Workers: 4
[40.274s][debug][gc,phases      ] GC(81)     Dead                           Min: 0, Avg:  0.0, Max: 0, Diff: 0, Sum: 0, Workers: 4
[40.274s][debug][gc,phases      ] GC(81)     Total                          Min: 0, Avg:  0.0, Max: 0, Diff: 0, Sum: 0, Workers: 4
[40.274s][debug][gc,phases      ] GC(81) Weak Processing 0.306ms
[40.274s][debug][gc,age         ] GC(81) Desired survivor size 89653248 bytes, new threshold 15 (max threshold 15)
[40.274s][info ][gc,heap        ] GC(81) PSYoungGen: 1923315K(2008576K)->4635K(2008576K) Eden: 1920000K(1920000K)->0K(1920000K) From: 3315K(88576K)->4635K(88576K)
[40.274s][info ][gc,heap        ] GC(81) ParOldGen: 363853K(429056K)->363861K(429056K)
[40.274s][info ][gc,metaspace   ] GC(81) Metaspace: 78564K(79360K)->78564K(79360K) NonClass: 67298K(67712K)->67298K(67712K) Class: 11265K(11648K)->11265K(11648K)
[40.274s][info ][gc             ] GC(81) Pause Young (Allocation Failure) 2233M->359M(2380M) 3.638ms
[40.274s][info ][gc,cpu         ] GC(81) User=0.02s Sys=0.00s Real=0.00s
[40.274s][info ][safepoint      ] Safepoint "ParallelGCFailedAllocation", Time since last: 438720241 ns, Reaching safepoint: 302907 ns, At safepoint: 3747097 ns, Total: 4050004 ns
[40.640s][info ][safepoint      ] Safepoint "ICBufferFull", Time since last: 365659369 ns, Reaching safepoint: 301907 ns, At safepoint: 26901 ns, Total: 328808 ns
[40.835s][info ][gc,start       ] GC(82) Pause Young (Allocation Failure)
[40.840s][debug][gc,phases      ] GC(82) Scavenge 5.293ms
[40.840s][debug][gc,ref         ] GC(82) Skipped phase 1 of Reference Processing: no references
[40.840s][debug][gc,ref         ] GC(82) ReferenceProcessor::execute queues: 1, RefProcThreadModel::Single, marks_oops_alive: false
[40.840s][debug][gc,ref         ] GC(82) Skipped phase 3 of Reference Processing: no references
[40.840s][debug][gc,ref         ] GC(82) ReferenceProcessor::execute queues: 1, RefProcThreadModel::Single, marks_oops_alive: false
[40.840s][debug][gc,phases      ] GC(82) Reference Processing 0.063ms
[40.841s][debug][gc,phases      ] GC(82)   VM Weak                        Min:  0.0, Avg:  0.0, Max:  0.0, Diff:  0.0, Sum:  0.0, Workers: 4
[40.841s][debug][gc,phases      ] GC(82)     Dead                           Min: 0, Avg:  0.0, Max: 0, Diff: 0, Sum: 0, Workers: 4
[40.841s][debug][gc,phases      ] GC(82)     Total                          Min: 0, Avg: 159.0, Max: 320, Diff: 320, Sum: 636, Workers: 4
[40.841s][debug][gc,phases      ] GC(82)   ObjectSynchronizer Weak        Min:  0.0, Avg:  0.0, Max:  0.0, Diff:  0.0, Sum:  0.0, Workers: 4
[40.841s][debug][gc,phases      ] GC(82)     Dead                           Min: 0, Avg:  0.0, Max: 0, Diff: 0, Sum: 0, Workers: 4
[40.841s][debug][gc,phases      ] GC(82)     Total                          Min: 0, Avg: 83.5, Max: 192, Diff: 192, Sum: 334, Workers: 4
[40.841s][debug][gc,phases      ] GC(82)   JVMTI Tag Weak OopStorage      Min:  0.0, Avg:  0.0, Max:  0.0, Diff:  0.0, Sum:  0.0, Workers: 4
[40.841s][debug][gc,phases      ] GC(82)     Dead                           Min: 0, Avg:  0.0, Max: 0, Diff: 0, Sum: 0, Workers: 4
[40.841s][debug][gc,phases      ] GC(82)     Total                          Min: 0, Avg:  0.0, Max: 0, Diff: 0, Sum: 0, Workers: 4
[40.841s][debug][gc,phases      ] GC(82)   StringTable Weak               Min:  0.1, Avg:  0.1, Max:  0.1, Diff:  0.0, Sum:  0.5, Workers: 4
[40.841s][debug][gc,phases      ] GC(82)     Dead                           Min: 0, Avg:  0.2, Max: 1, Diff: 1, Sum: 1, Workers: 4
[40.841s][debug][gc,phases      ] GC(82)     Total                          Min: 10880, Avg: 11673.8, Max: 12391, Diff: 1511, Sum: 46695, Workers: 4
[40.841s][debug][gc,phases      ] GC(82)   ResolvedMethodTable Weak       Min:  0.0, Avg:  0.0, Max:  0.0, Diff:  0.0, Sum:  0.1, Workers: 4
[40.841s][debug][gc,phases      ] GC(82)     Dead                           Min: 0, Avg:  5.0, Max: 14, Diff: 14, Sum: 20, Workers: 4
[40.841s][debug][gc,phases      ] GC(82)     Total                          Min: 1215, Avg: 1998.2, Max: 2302, Diff: 1087, Sum: 7993, Workers: 4
[40.841s][debug][gc,phases      ] GC(82)   JNI Weak                       Min:  0.0, Avg:  0.0, Max:  0.0, Diff:  0.0, Sum:  0.0, Workers: 4
[40.841s][debug][gc,phases      ] GC(82)     Dead                           Min: 0, Avg:  0.0, Max: 0, Diff: 0, Sum: 0, Workers: 4
[40.841s][debug][gc,phases      ] GC(82)     Total                          Min: 0, Avg:  4.5, Max: 18, Diff: 18, Sum: 18, Workers: 4
[40.841s][debug][gc,phases      ] GC(82)   StringDedup Table Weak         Min:  0.0, Avg:  0.0, Max:  0.0, Diff:  0.0, Sum:  0.0, Workers: 4
[40.841s][debug][gc,phases      ] GC(82)     Dead                           Min: 0, Avg:  0.0, Max: 0, Diff: 0, Sum: 0, Workers: 4
[40.841s][debug][gc,phases      ] GC(82)     Total                          Min: 0, Avg:  0.0, Max: 0, Diff: 0, Sum: 0, Workers: 4
[40.841s][debug][gc,phases      ] GC(82)   StringDedup Requests0 Weak     Min:  0.0, Avg:  0.0, Max:  0.0, Diff:  0.0, Sum:  0.0, Workers: 4
[40.841s][debug][gc,phases      ] GC(82)     Dead                           Min: 0, Avg:  0.0, Max: 0, Diff: 0, Sum: 0, Workers: 4
[40.841s][debug][gc,phases      ] GC(82)     Total                          Min: 0, Avg:  0.0, Max: 0, Diff: 0, Sum: 0, Workers: 4
[40.841s][debug][gc,phases      ] GC(82)   StringDedup Requests1 Weak     Min:  0.0, Avg:  0.0, Max:  0.0, Diff:  0.0, Sum:  0.0, Workers: 4
[40.841s][debug][gc,phases      ] GC(82)     Dead                           Min: 0, Avg:  0.0, Max: 0, Diff: 0, Sum: 0, Workers: 4
[40.841s][debug][gc,phases      ] GC(82)     Total                          Min: 0, Avg:  0.0, Max: 0, Diff: 0, Sum: 0, Workers: 4
[40.841s][debug][gc,phases      ] GC(82)   Weak JFR Old Object Samples    Min:  0.0, Avg:  0.0, Max:  0.0, Diff:  0.0, Sum:  0.0, Workers: 4
[40.841s][debug][gc,phases      ] GC(82)     Dead                           Min: 0, Avg:  0.0, Max: 0, Diff: 0, Sum: 0, Workers: 4
[40.841s][debug][gc,phases      ] GC(82)     Total                          Min: 0, Avg:  0.0, Max: 0, Diff: 0, Sum: 0, Workers: 4
[40.841s][debug][gc,phases      ] GC(82) Weak Processing 0.377ms
[40.841s][debug][gc,age         ] GC(82) Desired survivor size 87031808 bytes, new threshold 15 (max threshold 15)
[40.841s][info ][gc,heap        ] GC(82) PSYoungGen: 1924635K(2008576K)->11083K(2012160K) Eden: 1920000K(1920000K)->0K(1924608K) From: 4635K(88576K)->11083K(87552K)
[40.841s][info ][gc,heap        ] GC(82) ParOldGen: 363861K(429056K)->363869K(429056K)
[40.841s][info ][gc,metaspace   ] GC(82) Metaspace: 79248K(80064K)->79248K(80064K) NonClass: 67898K(68288K)->67898K(68288K) Class: 11349K(11776K)->11349K(11776K)
[40.841s][info ][gc             ] GC(82) Pause Young (Allocation Failure) 2234M->366M(2384M) 5.874ms
[40.841s][info ][gc,cpu         ] GC(82) User=0.02s Sys=0.00s Real=0.01s
[40.841s][info ][safepoint      ] Safepoint "ParallelGCFailedAllocation", Time since last: 194993097 ns, Reaching safepoint: 206305 ns, At safepoint: 6002154 ns, Total: 6208459 ns
[41.042s][info ][safepoint      ] Safepoint "ICBufferFull", Time since last: 200942649 ns, Reaching safepoint: 286507 ns, At safepoint: 29801 ns, Total: 316308 ns
[41.165s][info ][safepoint      ] Safepoint "ICBufferFull", Time since last: 122533340 ns, Reaching safepoint: 264507 ns, At safepoint: 29701 ns, Total: 294208 ns
[41.393s][info ][gc,start       ] GC(83) Pause Young (Allocation Failure)
[41.399s][debug][gc,phases      ] GC(83) Scavenge 5.119ms
[41.399s][debug][gc,ref         ] GC(83) Skipped phase 1 of Reference Processing: no references
[41.399s][debug][gc,ref         ] GC(83) ReferenceProcessor::execute queues: 1, RefProcThreadModel::Single, marks_oops_alive: false
[41.399s][debug][gc,ref         ] GC(83) Skipped phase 3 of Reference Processing: no references
[41.399s][debug][gc,ref         ] GC(83) ReferenceProcessor::execute queues: 1, RefProcThreadModel::Single, marks_oops_alive: false
[41.399s][debug][gc,phases      ] GC(83) Reference Processing 0.127ms
[41.399s][debug][gc,phases      ] GC(83)   VM Weak                        Min:  0.0, Avg:  0.0, Max:  0.0, Diff:  0.0, Sum:  0.0, Workers: 4
[41.399s][debug][gc,phases      ] GC(83)     Dead                           Min: 0, Avg:  0.0, Max: 0, Diff: 0, Sum: 0, Workers: 4
[41.399s][debug][gc,phases      ] GC(83)     Total                          Min: 0, Avg: 163.0, Max: 396, Diff: 396, Sum: 652, Workers: 4
[41.399s][debug][gc,phases      ] GC(83)   ObjectSynchronizer Weak        Min:  0.0, Avg:  0.0, Max:  0.0, Diff:  0.0, Sum:  0.0, Workers: 4
[41.399s][debug][gc,phases      ] GC(83)     Dead                           Min: 0, Avg:  0.0, Max: 0, Diff: 0, Sum: 0, Workers: 4
[41.399s][debug][gc,phases      ] GC(83)     Total                          Min: 0, Avg: 83.8, Max: 192, Diff: 192, Sum: 335, Workers: 4
[41.399s][debug][gc,phases      ] GC(83)   JVMTI Tag Weak OopStorage      Min:  0.0, Avg:  0.0, Max:  0.0, Diff:  0.0, Sum:  0.0, Workers: 4
[41.399s][debug][gc,phases      ] GC(83)     Dead                           Min: 0, Avg:  0.0, Max: 0, Diff: 0, Sum: 0, Workers: 4
[41.399s][debug][gc,phases      ] GC(83)     Total                          Min: 0, Avg:  0.0, Max: 0, Diff: 0, Sum: 0, Workers: 4
[41.399s][debug][gc,phases      ] GC(83)   StringTable Weak               Min:  0.2, Avg:  0.3, Max:  0.4, Diff:  0.2, Sum:  1.1, Workers: 4
[41.399s][debug][gc,phases      ] GC(83)     Dead                           Min: 0, Avg:  0.2, Max: 1, Diff: 1, Sum: 1, Workers: 4
[41.399s][debug][gc,phases      ] GC(83)     Total                          Min: 4480, Avg: 11703.2, Max: 19485, Diff: 15005, Sum: 46813, Workers: 4
[41.399s][debug][gc,phases      ] GC(83)   ResolvedMethodTable Weak       Min:  0.0, Avg:  0.0, Max:  0.0, Diff:  0.0, Sum:  0.1, Workers: 4
[41.399s][debug][gc,phases      ] GC(83)     Dead                           Min: 0, Avg:  4.5, Max: 18, Diff: 18, Sum: 18, Workers: 4
[41.399s][debug][gc,phases      ] GC(83)     Total                          Min: 0, Avg: 2031.0, Max: 4412, Diff: 4412, Sum: 8124, Workers: 4
[41.399s][debug][gc,phases      ] GC(83)   JNI Weak                       Min:  0.0, Avg:  0.0, Max:  0.0, Diff:  0.0, Sum:  0.0, Workers: 4
[41.399s][debug][gc,phases      ] GC(83)     Dead                           Min: 0, Avg:  0.0, Max: 0, Diff: 0, Sum: 0, Workers: 4
[41.399s][debug][gc,phases      ] GC(83)     Total                          Min: 0, Avg:  9.5, Max: 38, Diff: 38, Sum: 38, Workers: 4
[41.399s][debug][gc,phases      ] GC(83)   StringDedup Table Weak         Min:  0.0, Avg:  0.0, Max:  0.0, Diff:  0.0, Sum:  0.0, Workers: 4
[41.399s][debug][gc,phases      ] GC(83)     Dead                           Min: 0, Avg:  0.0, Max: 0, Diff: 0, Sum: 0, Workers: 4
[41.399s][debug][gc,phases      ] GC(83)     Total                          Min: 0, Avg:  0.0, Max: 0, Diff: 0, Sum: 0, Workers: 4
[41.399s][debug][gc,phases      ] GC(83)   StringDedup Requests0 Weak     Min:  0.0, Avg:  0.0, Max:  0.0, Diff:  0.0, Sum:  0.0, Workers: 4
[41.399s][debug][gc,phases      ] GC(83)     Dead                           Min: 0, Avg:  0.0, Max: 0, Diff: 0, Sum: 0, Workers: 4
[41.399s][debug][gc,phases      ] GC(83)     Total                          Min: 0, Avg:  0.0, Max: 0, Diff: 0, Sum: 0, Workers: 4
[41.399s][debug][gc,phases      ] GC(83)   StringDedup Requests1 Weak     Min:  0.0, Avg:  0.0, Max:  0.0, Diff:  0.0, Sum:  0.0, Workers: 4
[41.399s][debug][gc,phases      ] GC(83)     Dead                           Min: 0, Avg:  0.0, Max: 0, Diff: 0, Sum: 0, Workers: 4
[41.399s][debug][gc,phases      ] GC(83)     Total                          Min: 0, Avg:  0.0, Max: 0, Diff: 0, Sum: 0, Workers: 4
[41.399s][debug][gc,phases      ] GC(83)   Weak JFR Old Object Samples    Min:  0.0, Avg:  0.0, Max:  0.0, Diff:  0.0, Sum:  0.0, Workers: 4
[41.399s][debug][gc,phases      ] GC(83)     Dead                           Min: 0, Avg:  0.0, Max: 0, Diff: 0, Sum: 0, Workers: 4
[41.399s][debug][gc,phases      ] GC(83)     Total                          Min: 0, Avg:  0.0, Max: 0, Diff: 0, Sum: 0, Workers: 4
[41.399s][debug][gc,phases      ] GC(83) Weak Processing 0.567ms
[41.399s][debug][gc,age         ] GC(83) Desired survivor size 84410368 bytes, new threshold 15 (max threshold 15)
[41.399s][info ][gc,heap        ] GC(83) PSYoungGen: 1935691K(2012160K)->8626K(2009600K) Eden: 1924608K(1924608K)->0K(1924608K) From: 11083K(87552K)->8626K(84992K)
[41.399s][info ][gc,heap        ] GC(83) ParOldGen: 363869K(429056K)->363877K(429056K)
[41.399s][info ][gc,metaspace   ] GC(83) Metaspace: 79858K(80704K)->79858K(80704K) NonClass: 68423K(68864K)->68423K(68864K) Class: 11435K(11840K)->11435K(11840K)
[41.399s][info ][gc             ] GC(83) Pause Young (Allocation Failure) 2245M->363M(2381M) 5.962ms
[41.399s][info ][gc,cpu         ] GC(83) User=0.03s Sys=0.00s Real=0.01s
[41.399s][info ][safepoint      ] Safepoint "ParallelGCFailedAllocation", Time since last: 225993691 ns, Reaching safepoint: 2305559 ns, At safepoint: 6079356 ns, Total: 8384915 ns
[41.677s][info ][safepoint      ] Safepoint "ICBufferFull", Time since last: 277009998 ns, Reaching safepoint: 309308 ns, At safepoint: 24301 ns, Total: 333609 ns
[41.886s][info ][gc,start       ] GC(84) Pause Young (Allocation Failure)
[41.892s][debug][gc,phases      ] GC(84) Scavenge 5.543ms
[41.892s][debug][gc,ref         ] GC(84) Skipped phase 1 of Reference Processing: no references
[41.892s][debug][gc,ref         ] GC(84) ReferenceProcessor::execute queues: 1, RefProcThreadModel::Single, marks_oops_alive: false
[41.892s][debug][gc,ref         ] GC(84) Skipped phase 3 of Reference Processing: no references
[41.892s][debug][gc,ref         ] GC(84) ReferenceProcessor::execute queues: 1, RefProcThreadModel::Single, marks_oops_alive: false
[41.892s][debug][gc,phases      ] GC(84) Reference Processing 0.119ms
[41.892s][debug][gc,phases      ] GC(84)   VM Weak                        Min:  0.0, Avg:  0.0, Max:  0.0, Diff:  0.0, Sum:  0.0, Workers: 4
[41.892s][debug][gc,phases      ] GC(84)     Dead                           Min: 0, Avg:  0.0, Max: 0, Diff: 0, Sum: 0, Workers: 4
[41.892s][debug][gc,phases      ] GC(84)     Total                          Min: 0, Avg: 163.0, Max: 512, Diff: 512, Sum: 652, Workers: 4
[41.892s][debug][gc,phases      ] GC(84)   ObjectSynchronizer Weak        Min:  0.0, Avg:  0.0, Max:  0.0, Diff:  0.0, Sum:  0.0, Workers: 4
[41.892s][debug][gc,phases      ] GC(84)     Dead                           Min: 0, Avg:  0.0, Max: 0, Diff: 0, Sum: 0, Workers: 4
[41.892s][debug][gc,phases      ] GC(84)     Total                          Min: 0, Avg: 83.8, Max: 192, Diff: 192, Sum: 335, Workers: 4
[41.892s][debug][gc,phases      ] GC(84)   JVMTI Tag Weak OopStorage      Min:  0.0, Avg:  0.0, Max:  0.0, Diff:  0.0, Sum:  0.0, Workers: 4
[41.892s][debug][gc,phases      ] GC(84)     Dead                           Min: 0, Avg:  0.0, Max: 0, Diff: 0, Sum: 0, Workers: 4
[41.892s][debug][gc,phases      ] GC(84)     Total                          Min: 0, Avg:  0.0, Max: 0, Diff: 0, Sum: 0, Workers: 4
[41.892s][debug][gc,phases      ] GC(84)   StringTable Weak               Min:  0.1, Avg:  0.1, Max:  0.1, Diff:  0.0, Sum:  0.5, Workers: 4
[41.892s][debug][gc,phases      ] GC(84)     Dead                           Min: 0, Avg:  0.0, Max: 0, Diff: 0, Sum: 0, Workers: 4
[41.892s][debug][gc,phases      ] GC(84)     Total                          Min: 10880, Avg: 11709.5, Max: 12480, Diff: 1600, Sum: 46838, Workers: 4
[41.892s][debug][gc,phases      ] GC(84)   ResolvedMethodTable Weak       Min:  0.0, Avg:  0.0, Max:  0.0, Diff:  0.0, Sum:  0.1, Workers: 4
[41.892s][debug][gc,phases      ] GC(84)     Dead                           Min: 0, Avg:  0.0, Max: 0, Diff: 0, Sum: 0, Workers: 4
[41.892s][debug][gc,phases      ] GC(84)     Total                          Min: 1216, Avg: 2032.8, Max: 2432, Diff: 1216, Sum: 8131, Workers: 4
[41.892s][debug][gc,phases      ] GC(84)   JNI Weak                       Min:  0.0, Avg:  0.0, Max:  0.0, Diff:  0.0, Sum:  0.0, Workers: 4
[41.892s][debug][gc,phases      ] GC(84)     Dead                           Min: 0, Avg:  0.0, Max: 0, Diff: 0, Sum: 0, Workers: 4
[41.892s][debug][gc,phases      ] GC(84)     Total                          Min: 0, Avg: 14.5, Max: 58, Diff: 58, Sum: 58, Workers: 4
[41.892s][debug][gc,phases      ] GC(84)   StringDedup Table Weak         Min:  0.0, Avg:  0.0, Max:  0.0, Diff:  0.0, Sum:  0.0, Workers: 4
[41.892s][debug][gc,phases      ] GC(84)     Dead                           Min: 0, Avg:  0.0, Max: 0, Diff: 0, Sum: 0, Workers: 4
[41.892s][debug][gc,phases      ] GC(84)     Total                          Min: 0, Avg:  0.0, Max: 0, Diff: 0, Sum: 0, Workers: 4
[41.892s][debug][gc,phases      ] GC(84)   StringDedup Requests0 Weak     Min:  0.0, Avg:  0.0, Max:  0.0, Diff:  0.0, Sum:  0.0, Workers: 4
[41.892s][debug][gc,phases      ] GC(84)     Dead                           Min: 0, Avg:  0.0, Max: 0, Diff: 0, Sum: 0, Workers: 4
[41.892s][debug][gc,phases      ] GC(84)     Total                          Min: 0, Avg:  0.0, Max: 0, Diff: 0, Sum: 0, Workers: 4
[41.892s][debug][gc,phases      ] GC(84)   StringDedup Requests1 Weak     Min:  0.0, Avg:  0.0, Max:  0.0, Diff:  0.0, Sum:  0.0, Workers: 4
[41.892s][debug][gc,phases      ] GC(84)     Dead                           Min: 0, Avg:  0.0, Max: 0, Diff: 0, Sum: 0, Workers: 4
[41.892s][debug][gc,phases      ] GC(84)     Total                          Min: 0, Avg:  0.0, Max: 0, Diff: 0, Sum: 0, Workers: 4
[41.892s][debug][gc,phases      ] GC(84)   Weak JFR Old Object Samples    Min:  0.0, Avg:  0.0, Max:  0.0, Diff:  0.0, Sum:  0.0, Workers: 4
[41.892s][debug][gc,phases      ] GC(84)     Dead                           Min: 0, Avg:  0.0, Max: 0, Diff: 0, Sum: 0, Workers: 4
[41.892s][debug][gc,phases      ] GC(84)     Total                          Min: 0, Avg:  0.0, Max: 0, Diff: 0, Sum: 0, Workers: 4
[41.892s][debug][gc,phases      ] GC(84) Weak Processing 0.326ms
[41.892s][debug][gc,age         ] GC(84) Desired survivor size 81788928 bytes, new threshold 15 (max threshold 15)
[41.892s][info ][gc,heap        ] GC(84) PSYoungGen: 1933234K(2009600K)->8415K(2017280K) Eden: 1924608K(1924608K)->0K(1934848K) From: 8626K(84992K)->8415K(82432K)
[41.892s][info ][gc,heap        ] GC(84) ParOldGen: 363877K(429056K)->363885K(429056K)
[41.892s][info ][gc,metaspace   ] GC(84) Metaspace: 80106K(80896K)->80106K(80896K) NonClass: 68656K(69056K)->68656K(69056K) Class: 11450K(11840K)->11450K(11840K)
[41.892s][info ][gc             ] GC(84) Pause Young (Allocation Failure) 2243M->363M(2389M) 6.120ms
[41.892s][info ][gc,cpu         ] GC(84) User=0.02s Sys=0.00s Real=0.01s
[41.892s][info ][safepoint      ] Safepoint "ParallelGCFailedAllocation", Time since last: 209220162 ns, Reaching safepoint: 206405 ns, At safepoint: 6238060 ns, Total: 6444465 ns
[42.389s][info ][safepoint      ] Safepoint "ICBufferFull", Time since last: 496147416 ns, Reaching safepoint: 259406 ns, At safepoint: 24401 ns, Total: 283807 ns
[42.424s][info ][gc,start       ] GC(85) Pause Young (Allocation Failure)
[42.431s][debug][gc,phases      ] GC(85) Scavenge 6.843ms
[42.431s][debug][gc,ref         ] GC(85) Skipped phase 1 of Reference Processing: no references
[42.432s][debug][gc,ref         ] GC(85) ReferenceProcessor::execute queues: 1, RefProcThreadModel::Single, marks_oops_alive: false
[42.432s][debug][gc,ref         ] GC(85) Skipped phase 3 of Reference Processing: no references
[42.432s][debug][gc,ref         ] GC(85) ReferenceProcessor::execute queues: 1, RefProcThreadModel::Single, marks_oops_alive: false
[42.432s][debug][gc,phases      ] GC(85) Reference Processing 0.138ms
[42.432s][debug][gc,phases      ] GC(85)   VM Weak                        Min:  0.0, Avg:  0.0, Max:  0.0, Diff:  0.0, Sum:  0.0, Workers: 4
[42.432s][debug][gc,phases      ] GC(85)     Dead                           Min: 0, Avg:  0.0, Max: 0, Diff: 0, Sum: 0, Workers: 4
[42.432s][debug][gc,phases      ] GC(85)     Total                          Min: 0, Avg: 163.5, Max: 398, Diff: 398, Sum: 654, Workers: 4
[42.432s][debug][gc,phases      ] GC(85)   ObjectSynchronizer Weak        Min:  0.0, Avg:  0.0, Max:  0.0, Diff:  0.0, Sum:  0.0, Workers: 4
[42.432s][debug][gc,phases      ] GC(85)     Dead                           Min: 0, Avg:  0.0, Max: 0, Diff: 0, Sum: 0, Workers: 4
[42.432s][debug][gc,phases      ] GC(85)     Total                          Min: 0, Avg: 83.8, Max: 192, Diff: 192, Sum: 335, Workers: 4
[42.432s][debug][gc,phases      ] GC(85)   JVMTI Tag Weak OopStorage      Min:  0.0, Avg:  0.0, Max:  0.0, Diff:  0.0, Sum:  0.0, Workers: 4
[42.432s][debug][gc,phases      ] GC(85)     Dead                           Min: 0, Avg:  0.0, Max: 0, Diff: 0, Sum: 0, Workers: 4
[42.432s][debug][gc,phases      ] GC(85)     Total                          Min: 0, Avg:  0.0, Max: 0, Diff: 0, Sum: 0, Workers: 4
[42.432s][debug][gc,phases      ] GC(85)   StringTable Weak               Min:  0.1, Avg:  0.1, Max:  0.1, Diff:  0.0, Sum:  0.5, Workers: 4
[42.432s][debug][gc,phases      ] GC(85)     Dead                           Min: 0, Avg:  0.0, Max: 0, Diff: 0, Sum: 0, Workers: 4
[42.432s][debug][gc,phases      ] GC(85)     Total                          Min: 10944, Avg: 11720.0, Max: 13184, Diff: 2240, Sum: 46880, Workers: 4
[42.432s][debug][gc,phases      ] GC(85)   ResolvedMethodTable Weak       Min:  0.0, Avg:  0.0, Max:  0.0, Diff:  0.0, Sum:  0.1, Workers: 4
[42.432s][debug][gc,phases      ] GC(85)     Dead                           Min: 0, Avg:  4.5, Max: 18, Diff: 18, Sum: 18, Workers: 4
[42.432s][debug][gc,phases      ] GC(85)     Total                          Min: 1920, Avg: 2037.8, Max: 2302, Diff: 382, Sum: 8151, Workers: 4
[42.432s][debug][gc,phases      ] GC(85)   JNI Weak                       Min:  0.0, Avg:  0.0, Max:  0.0, Diff:  0.0, Sum:  0.0, Workers: 4
[42.432s][debug][gc,phases      ] GC(85)     Dead                           Min: 0, Avg:  0.0, Max: 0, Diff: 0, Sum: 0, Workers: 4
[42.432s][debug][gc,phases      ] GC(85)     Total                          Min: 0, Avg: 14.8, Max: 47, Diff: 47, Sum: 59, Workers: 4
[42.432s][debug][gc,phases      ] GC(85)   StringDedup Table Weak         Min:  0.0, Avg:  0.0, Max:  0.0, Diff:  0.0, Sum:  0.0, Workers: 4
[42.432s][debug][gc,phases      ] GC(85)     Dead                           Min: 0, Avg:  0.0, Max: 0, Diff: 0, Sum: 0, Workers: 4
[42.432s][debug][gc,phases      ] GC(85)     Total                          Min: 0, Avg:  0.0, Max: 0, Diff: 0, Sum: 0, Workers: 4
[42.432s][debug][gc,phases      ] GC(85)   StringDedup Requests0 Weak     Min:  0.0, Avg:  0.0, Max:  0.0, Diff:  0.0, Sum:  0.0, Workers: 4
[42.432s][debug][gc,phases      ] GC(85)     Dead                           Min: 0, Avg:  0.0, Max: 0, Diff: 0, Sum: 0, Workers: 4
[42.432s][debug][gc,phases      ] GC(85)     Total                          Min: 0, Avg:  0.0, Max: 0, Diff: 0, Sum: 0, Workers: 4
[42.432s][debug][gc,phases      ] GC(85)   StringDedup Requests1 Weak     Min:  0.0, Avg:  0.0, Max:  0.0, Diff:  0.0, Sum:  0.0, Workers: 4
[42.432s][debug][gc,phases      ] GC(85)     Dead                           Min: 0, Avg:  0.0, Max: 0, Diff: 0, Sum: 0, Workers: 4
[42.432s][debug][gc,phases      ] GC(85)     Total                          Min: 0, Avg:  0.0, Max: 0, Diff: 0, Sum: 0, Workers: 4
[42.432s][debug][gc,phases      ] GC(85)   Weak JFR Old Object Samples    Min:  0.0, Avg:  0.0, Max:  0.0, Diff:  0.0, Sum:  0.0, Workers: 4
[42.432s][debug][gc,phases      ] GC(85)     Dead                           Min: 0, Avg:  0.0, Max: 0, Diff: 0, Sum: 0, Workers: 4
[42.432s][debug][gc,phases      ] GC(85)     Total                          Min: 0, Avg:  0.0, Max: 0, Diff: 0, Sum: 0, Workers: 4
[42.432s][debug][gc,phases      ] GC(85) Weak Processing 0.322ms
[42.432s][debug][gc,age         ] GC(85) Desired survivor size 76546048 bytes, new threshold 15 (max threshold 15)
[42.432s][info ][gc,heap        ] GC(85) PSYoungGen: 1943263K(2017280K)->25876K(2014720K) Eden: 1934848K(1934848K)->0K(1934848K) From: 8415K(82432K)->25876K(79872K)
[42.432s][info ][gc,heap        ] GC(85) ParOldGen: 363885K(429056K)->363893K(429056K)
[42.432s][info ][gc,metaspace   ] GC(85) Metaspace: 80238K(81024K)->80238K(81024K) NonClass: 68778K(69184K)->68778K(69184K) Class: 11460K(11840K)->11460K(11840K)
[42.432s][info ][gc             ] GC(85) Pause Young (Allocation Failure) 2253M->380M(2386M) 7.439ms
[42.432s][info ][gc,cpu         ] GC(85) User=0.03s Sys=0.01s Real=0.01s
[42.432s][info ][safepoint      ] Safepoint "ParallelGCFailedAllocation", Time since last: 35414408 ns, Reaching safepoint: 115903 ns, At safepoint: 7554193 ns, Total: 7670096 ns
[42.932s][info ][gc,start       ] GC(86) Pause Young (Allocation Failure)
[42.944s][debug][gc,phases      ] GC(86) Scavenge 11.384ms
[42.944s][debug][gc,ref         ] GC(86) Skipped phase 1 of Reference Processing: no references
[42.944s][debug][gc,ref         ] GC(86) ReferenceProcessor::execute queues: 1, RefProcThreadModel::Single, marks_oops_alive: false
[42.944s][debug][gc,ref         ] GC(86) Skipped phase 3 of Reference Processing: no references
[42.944s][debug][gc,ref         ] GC(86) ReferenceProcessor::execute queues: 1, RefProcThreadModel::Single, marks_oops_alive: false
[42.944s][debug][gc,phases      ] GC(86) Reference Processing 0.130ms
[42.944s][debug][gc,phases      ] GC(86)   VM Weak                        Min:  0.0, Avg:  0.0, Max:  0.0, Diff:  0.0, Sum:  0.0, Workers: 4
[42.944s][debug][gc,phases      ] GC(86)     Dead                           Min: 0, Avg:  0.0, Max: 0, Diff: 0, Sum: 0, Workers: 4
[42.944s][debug][gc,phases      ] GC(86)     Total                          Min: 0, Avg: 163.5, Max: 590, Diff: 590, Sum: 654, Workers: 4
[42.944s][debug][gc,phases      ] GC(86)   ObjectSynchronizer Weak        Min:  0.0, Avg:  0.0, Max:  0.0, Diff:  0.0, Sum:  0.0, Workers: 4
[42.944s][debug][gc,phases      ] GC(86)     Dead                           Min: 0, Avg:  0.0, Max: 0, Diff: 0, Sum: 0, Workers: 4
[42.944s][debug][gc,phases      ] GC(86)     Total                          Min: 0, Avg: 83.8, Max: 128, Diff: 128, Sum: 335, Workers: 4
[42.944s][debug][gc,phases      ] GC(86)   JVMTI Tag Weak OopStorage      Min:  0.0, Avg:  0.0, Max:  0.0, Diff:  0.0, Sum:  0.0, Workers: 4
[42.944s][debug][gc,phases      ] GC(86)     Dead                           Min: 0, Avg:  0.0, Max: 0, Diff: 0, Sum: 0, Workers: 4
[42.944s][debug][gc,phases      ] GC(86)     Total                          Min: 0, Avg:  0.0, Max: 0, Diff: 0, Sum: 0, Workers: 4
[42.944s][debug][gc,phases      ] GC(86)   StringTable Weak               Min:  0.0, Avg:  0.1, Max:  0.2, Diff:  0.2, Sum:  0.5, Workers: 4
[42.944s][debug][gc,phases      ] GC(86)     Dead                           Min: 0, Avg:  0.0, Max: 0, Diff: 0, Sum: 0, Workers: 4
[42.944s][debug][gc,phases      ] GC(86)     Total                          Min: 0, Avg: 11722.5, Max: 17002, Diff: 17002, Sum: 46890, Workers: 4
[42.944s][debug][gc,phases      ] GC(86)   ResolvedMethodTable Weak       Min:  0.0, Avg:  0.0, Max:  0.0, Diff:  0.0, Sum:  0.1, Workers: 4
[42.944s][debug][gc,phases      ] GC(86)     Dead                           Min: 0, Avg:  0.0, Max: 0, Diff: 0, Sum: 0, Workers: 4
[42.944s][debug][gc,phases      ] GC(86)     Total                          Min: 0, Avg: 2038.5, Max: 2848, Diff: 2848, Sum: 8154, Workers: 4
[42.944s][debug][gc,phases      ] GC(86)   JNI Weak                       Min:  0.0, Avg:  0.0, Max:  0.0, Diff:  0.0, Sum:  0.0, Workers: 4
[42.944s][debug][gc,phases      ] GC(86)     Dead                           Min: 0, Avg:  0.0, Max: 0, Diff: 0, Sum: 0, Workers: 4
[42.944s][debug][gc,phases      ] GC(86)     Total                          Min: 0, Avg: 11.8, Max: 41, Diff: 41, Sum: 47, Workers: 4
[42.944s][debug][gc,phases      ] GC(86)   StringDedup Table Weak         Min:  0.0, Avg:  0.0, Max:  0.0, Diff:  0.0, Sum:  0.0, Workers: 4
[42.944s][debug][gc,phases      ] GC(86)     Dead                           Min: 0, Avg:  0.0, Max: 0, Diff: 0, Sum: 0, Workers: 4
[42.944s][debug][gc,phases      ] GC(86)     Total                          Min: 0, Avg:  0.0, Max: 0, Diff: 0, Sum: 0, Workers: 4
[42.944s][debug][gc,phases      ] GC(86)   StringDedup Requests0 Weak     Min:  0.0, Avg:  0.0, Max:  0.0, Diff:  0.0, Sum:  0.0, Workers: 4
[42.944s][debug][gc,phases      ] GC(86)     Dead                           Min: 0, Avg:  0.0, Max: 0, Diff: 0, Sum: 0, Workers: 4
[42.944s][debug][gc,phases      ] GC(86)     Total                          Min: 0, Avg:  0.0, Max: 0, Diff: 0, Sum: 0, Workers: 4
[42.944s][debug][gc,phases      ] GC(86)   StringDedup Requests1 Weak     Min:  0.0, Avg:  0.0, Max:  0.0, Diff:  0.0, Sum:  0.0, Workers: 4
[42.944s][debug][gc,phases      ] GC(86)     Dead                           Min: 0, Avg:  0.0, Max: 0, Diff: 0, Sum: 0, Workers: 4
[42.944s][debug][gc,phases      ] GC(86)     Total                          Min: 0, Avg:  0.0, Max: 0, Diff: 0, Sum: 0, Workers: 4
[42.944s][debug][gc,phases      ] GC(86)   Weak JFR Old Object Samples    Min:  0.0, Avg:  0.0, Max:  0.0, Diff:  0.0, Sum:  0.0, Workers: 4
[42.944s][debug][gc,phases      ] GC(86)     Dead                           Min: 0, Avg:  0.0, Max: 0, Diff: 0, Sum: 0, Workers: 4
[42.944s][debug][gc,phases      ] GC(86)     Total                          Min: 0, Avg:  0.0, Max: 0, Diff: 0, Sum: 0, Workers: 4
[42.944s][debug][gc,phases      ] GC(86) Weak Processing 0.382ms
[42.944s][debug][gc,age         ] GC(86) Desired survivor size 75497472 bytes, new threshold 15 (max threshold 15)
[42.944s][info ][gc,heap        ] GC(86) PSYoungGen: 1960724K(2014720K)->34356K(2023424K) Eden: 1934848K(1934848K)->0K(1948672K) From: 25876K(79872K)->34356K(74752K)
[42.944s][info ][gc,heap        ] GC(86) ParOldGen: 363893K(429056K)->363901K(429056K)
[42.944s][info ][gc,metaspace   ] GC(86) Metaspace: 80320K(81088K)->80320K(81088K) NonClass: 68855K(69248K)->68855K(69248K) Class: 11465K(11840K)->11465K(11840K)
[42.944s][info ][gc             ] GC(86) Pause Young (Allocation Failure) 2270M->388M(2395M) 12.040ms
[42.944s][info ][gc,cpu         ] GC(86) User=0.05s Sys=0.00s Real=0.01s
[42.945s][info ][safepoint      ] Safepoint "ParallelGCFailedAllocation", Time since last: 500166520 ns, Reaching safepoint: 220305 ns, At safepoint: 12148912 ns, Total: 12369217 ns
[43.467s][info ][gc,start       ] GC(87) Pause Young (Allocation Failure)
[43.477s][debug][gc,phases      ] GC(87) Scavenge 10.162ms
[43.477s][debug][gc,ref         ] GC(87) Skipped phase 1 of Reference Processing: no references
[43.477s][debug][gc,ref         ] GC(87) ReferenceProcessor::execute queues: 1, RefProcThreadModel::Single, marks_oops_alive: false
[43.477s][debug][gc,ref         ] GC(87) Skipped phase 3 of Reference Processing: no references
[43.477s][debug][gc,ref         ] GC(87) ReferenceProcessor::execute queues: 1, RefProcThreadModel::Single, marks_oops_alive: false
[43.477s][debug][gc,phases      ] GC(87) Reference Processing 0.131ms
[43.478s][debug][gc,phases      ] GC(87)   VM Weak                        Min:  0.0, Avg:  0.0, Max:  0.0, Diff:  0.0, Sum:  0.0, Workers: 4
[43.478s][debug][gc,phases      ] GC(87)     Dead                           Min: 0, Avg:  0.0, Max: 0, Diff: 0, Sum: 0, Workers: 4
[43.478s][debug][gc,phases      ] GC(87)     Total                          Min: 0, Avg: 163.5, Max: 462, Diff: 462, Sum: 654, Workers: 4
[43.478s][debug][gc,phases      ] GC(87)   ObjectSynchronizer Weak        Min:  0.0, Avg:  0.0, Max:  0.0, Diff:  0.0, Sum:  0.0, Workers: 4
[43.478s][debug][gc,phases      ] GC(87)     Dead                           Min: 0, Avg:  0.0, Max: 0, Diff: 0, Sum: 0, Workers: 4
[43.478s][debug][gc,phases      ] GC(87)     Total                          Min: 0, Avg: 83.8, Max: 143, Diff: 143, Sum: 335, Workers: 4
[43.478s][debug][gc,phases      ] GC(87)   JVMTI Tag Weak OopStorage      Min:  0.0, Avg:  0.0, Max:  0.0, Diff:  0.0, Sum:  0.0, Workers: 4
[43.478s][debug][gc,phases      ] GC(87)     Dead                           Min: 0, Avg:  0.0, Max: 0, Diff: 0, Sum: 0, Workers: 4
[43.478s][debug][gc,phases      ] GC(87)     Total                          Min: 0, Avg:  0.0, Max: 0, Diff: 0, Sum: 0, Workers: 4
[43.478s][debug][gc,phases      ] GC(87)   StringTable Weak               Min:  0.1, Avg:  0.1, Max:  0.1, Diff:  0.0, Sum:  0.5, Workers: 4
[43.478s][debug][gc,phases      ] GC(87)     Dead                           Min: 0, Avg:  0.0, Max: 0, Diff: 0, Sum: 0, Workers: 4
[43.478s][debug][gc,phases      ] GC(87)     Total                          Min: 11072, Avg: 11724.0, Max: 12544, Diff: 1472, Sum: 46896, Workers: 4
[43.478s][debug][gc,phases      ] GC(87)   ResolvedMethodTable Weak       Min:  0.0, Avg:  0.0, Max:  0.0, Diff:  0.0, Sum:  0.1, Workers: 4
[43.478s][debug][gc,phases      ] GC(87)     Dead                           Min: 0, Avg:  0.0, Max: 0, Diff: 0, Sum: 0, Workers: 4
[43.478s][debug][gc,phases      ] GC(87)     Total                          Min: 481, Avg: 2038.5, Max: 2624, Diff: 2143, Sum: 8154, Workers: 4
[43.478s][debug][gc,phases      ] GC(87)   JNI Weak                       Min:  0.0, Avg:  0.0, Max:  0.0, Diff:  0.0, Sum:  0.0, Workers: 4
[43.478s][debug][gc,phases      ] GC(87)     Dead                           Min: 0, Avg:  0.0, Max: 0, Diff: 0, Sum: 0, Workers: 4
[43.478s][debug][gc,phases      ] GC(87)     Total                          Min: 0, Avg:  9.2, Max: 37, Diff: 37, Sum: 37, Workers: 4
[43.478s][debug][gc,phases      ] GC(87)   StringDedup Table Weak         Min:  0.0, Avg:  0.0, Max:  0.0, Diff:  0.0, Sum:  0.0, Workers: 4
[43.478s][debug][gc,phases      ] GC(87)     Dead                           Min: 0, Avg:  0.0, Max: 0, Diff: 0, Sum: 0, Workers: 4
[43.478s][debug][gc,phases      ] GC(87)     Total                          Min: 0, Avg:  0.0, Max: 0, Diff: 0, Sum: 0, Workers: 4
[43.478s][debug][gc,phases      ] GC(87)   StringDedup Requests0 Weak     Min:  0.0, Avg:  0.0, Max:  0.0, Diff:  0.0, Sum:  0.0, Workers: 4
[43.478s][debug][gc,phases      ] GC(87)     Dead                           Min: 0, Avg:  0.0, Max: 0, Diff: 0, Sum: 0, Workers: 4
[43.478s][debug][gc,phases      ] GC(87)     Total                          Min: 0, Avg:  0.0, Max: 0, Diff: 0, Sum: 0, Workers: 4
[43.478s][debug][gc,phases      ] GC(87)   StringDedup Requests1 Weak     Min:  0.0, Avg:  0.0, Max:  0.0, Diff:  0.0, Sum:  0.0, Workers: 4
[43.478s][debug][gc,phases      ] GC(87)     Dead                           Min: 0, Avg:  0.0, Max: 0, Diff: 0, Sum: 0, Workers: 4
[43.478s][debug][gc,phases      ] GC(87)     Total                          Min: 0, Avg:  0.0, Max: 0, Diff: 0, Sum: 0, Workers: 4
[43.478s][debug][gc,phases      ] GC(87)   Weak JFR Old Object Samples    Min:  0.0, Avg:  0.0, Max:  0.0, Diff:  0.0, Sum:  0.0, Workers: 4
[43.478s][debug][gc,phases      ] GC(87)     Dead                           Min: 0, Avg:  0.0, Max: 0, Diff: 0, Sum: 0, Workers: 4
[43.478s][debug][gc,phases      ] GC(87)     Total                          Min: 0, Avg:  0.0, Max: 0, Diff: 0, Sum: 0, Workers: 4
[43.478s][debug][gc,phases      ] GC(87) Weak Processing 0.352ms
[43.478s][debug][gc,age         ] GC(87) Desired survivor size 74448896 bytes, new threshold 15 (max threshold 15)
[43.478s][info ][gc,heap        ] GC(87) PSYoungGen: 1983028K(2023424K)->35509K(2022400K) Eden: 1948672K(1948672K)->0K(1948672K) From: 34356K(74752K)->35509K(73728K)
[43.478s][info ][gc,heap        ] GC(87) ParOldGen: 363901K(429056K)->363909K(429056K)
[43.478s][info ][gc,metaspace   ] GC(87) Metaspace: 80338K(81152K)->80338K(81152K) NonClass: 68873K(69312K)->68873K(69312K) Class: 11465K(11840K)->11465K(11840K)
[43.478s][info ][gc             ] GC(87) Pause Young (Allocation Failure) 2291M->390M(2394M) 10.784ms
[43.478s][info ][gc,cpu         ] GC(87) User=0.05s Sys=0.00s Real=0.00s
[43.478s][info ][safepoint      ] Safepoint "ParallelGCFailedAllocation", Time since last: 519812723 ns, Reaching safepoint: 2619768 ns, At safepoint: 10886779 ns, Total: 13506547 ns
[43.864s][info ][safepoint      ] Safepoint "ICBufferFull", Time since last: 386176698 ns, Reaching safepoint: 182205 ns, At safepoint: 24101 ns, Total: 206306 ns
[43.989s][info ][gc,start       ] GC(88) Pause Young (Allocation Failure)
[44.003s][debug][gc,phases      ] GC(88) Scavenge 13.643ms
[44.003s][debug][gc,ref         ] GC(88) Skipped phase 1 of Reference Processing: no references
[44.003s][debug][gc,ref         ] GC(88) ReferenceProcessor::execute queues: 1, RefProcThreadModel::Single, marks_oops_alive: false
[44.003s][debug][gc,ref         ] GC(88) Skipped phase 3 of Reference Processing: no references
[44.003s][debug][gc,ref         ] GC(88) ReferenceProcessor::execute queues: 1, RefProcThreadModel::Single, marks_oops_alive: false
[44.003s][debug][gc,phases      ] GC(88) Reference Processing 0.138ms
[44.003s][debug][gc,phases      ] GC(88)   VM Weak                        Min:  0.0, Avg:  0.0, Max:  0.0, Diff:  0.0, Sum:  0.0, Workers: 4
[44.003s][debug][gc,phases      ] GC(88)     Dead                           Min: 0, Avg:  0.0, Max: 0, Diff: 0, Sum: 0, Workers: 4
[44.003s][debug][gc,phases      ] GC(88)     Total                          Min: 0, Avg: 163.5, Max: 512, Diff: 512, Sum: 654, Workers: 4
[44.003s][debug][gc,phases      ] GC(88)   ObjectSynchronizer Weak        Min:  0.0, Avg:  0.0, Max:  0.0, Diff:  0.0, Sum:  0.0, Workers: 4
[44.003s][debug][gc,phases      ] GC(88)     Dead                           Min: 0, Avg:  0.0, Max: 0, Diff: 0, Sum: 0, Workers: 4
[44.003s][debug][gc,phases      ] GC(88)     Total                          Min: 0, Avg: 83.8, Max: 143, Diff: 143, Sum: 335, Workers: 4
[44.003s][debug][gc,phases      ] GC(88)   JVMTI Tag Weak OopStorage      Min:  0.0, Avg:  0.0, Max:  0.0, Diff:  0.0, Sum:  0.0, Workers: 4
[44.003s][debug][gc,phases      ] GC(88)     Dead                           Min: 0, Avg:  0.0, Max: 0, Diff: 0, Sum: 0, Workers: 4
[44.003s][debug][gc,phases      ] GC(88)     Total                          Min: 0, Avg:  0.0, Max: 0, Diff: 0, Sum: 0, Workers: 4
[44.003s][debug][gc,phases      ] GC(88)   StringTable Weak               Min:  0.1, Avg:  0.1, Max:  0.1, Diff:  0.0, Sum:  0.5, Workers: 4
[44.003s][debug][gc,phases      ] GC(88)     Dead                           Min: 0, Avg:  0.0, Max: 0, Diff: 0, Sum: 0, Workers: 4
[44.003s][debug][gc,phases      ] GC(88)     Total                          Min: 11264, Avg: 11724.0, Max: 12160, Diff: 896, Sum: 46896, Workers: 4
[44.003s][debug][gc,phases      ] GC(88)   ResolvedMethodTable Weak       Min:  0.0, Avg:  0.0, Max:  0.0, Diff:  0.0, Sum:  0.1, Workers: 4
[44.003s][debug][gc,phases      ] GC(88)     Dead                           Min: 0, Avg:  0.0, Max: 0, Diff: 0, Sum: 0, Workers: 4
[44.003s][debug][gc,phases      ] GC(88)     Total                          Min: 1279, Avg: 2038.5, Max: 2459, Diff: 1180, Sum: 8154, Workers: 4
[44.003s][debug][gc,phases      ] GC(88)   JNI Weak                       Min:  0.0, Avg:  0.0, Max:  0.0, Diff:  0.0, Sum:  0.0, Workers: 4
[44.003s][debug][gc,phases      ] GC(88)     Dead                           Min: 0, Avg:  0.0, Max: 0, Diff: 0, Sum: 0, Workers: 4
[44.003s][debug][gc,phases      ] GC(88)     Total                          Min: 0, Avg: 11.8, Max: 44, Diff: 44, Sum: 47, Workers: 4
[44.003s][debug][gc,phases      ] GC(88)   StringDedup Table Weak         Min:  0.0, Avg:  0.0, Max:  0.0, Diff:  0.0, Sum:  0.0, Workers: 4
[44.003s][debug][gc,phases      ] GC(88)     Dead                           Min: 0, Avg:  0.0, Max: 0, Diff: 0, Sum: 0, Workers: 4
[44.003s][debug][gc,phases      ] GC(88)     Total                          Min: 0, Avg:  0.0, Max: 0, Diff: 0, Sum: 0, Workers: 4
[44.003s][debug][gc,phases      ] GC(88)   StringDedup Requests0 Weak     Min:  0.0, Avg:  0.0, Max:  0.0, Diff:  0.0, Sum:  0.0, Workers: 4
[44.003s][debug][gc,phases      ] GC(88)     Dead                           Min: 0, Avg:  0.0, Max: 0, Diff: 0, Sum: 0, Workers: 4
[44.003s][debug][gc,phases      ] GC(88)     Total                          Min: 0, Avg:  0.0, Max: 0, Diff: 0, Sum: 0, Workers: 4
[44.003s][debug][gc,phases      ] GC(88)   StringDedup Requests1 Weak     Min:  0.0, Avg:  0.0, Max:  0.0, Diff:  0.0, Sum:  0.0, Workers: 4
[44.003s][debug][gc,phases      ] GC(88)     Dead                           Min: 0, Avg:  0.0, Max: 0, Diff: 0, Sum: 0, Workers: 4
[44.003s][debug][gc,phases      ] GC(88)     Total                          Min: 0, Avg:  0.0, Max: 0, Diff: 0, Sum: 0, Workers: 4
[44.003s][debug][gc,phases      ] GC(88)   Weak JFR Old Object Samples    Min:  0.0, Avg:  0.0, Max:  0.0, Diff:  0.0, Sum:  0.0, Workers: 4
[44.003s][debug][gc,phases      ] GC(88)     Dead                           Min: 0, Avg:  0.0, Max: 0, Diff: 0, Sum: 0, Workers: 4
[44.003s][debug][gc,phases      ] GC(88)     Total                          Min: 0, Avg:  0.0, Max: 0, Diff: 0, Sum: 0, Workers: 4
[44.003s][debug][gc,phases      ] GC(88) Weak Processing 0.338ms
[44.003s][debug][gc,age         ] GC(88) Desired survivor size 74973184 bytes, new threshold 15 (max threshold 15)
[44.004s][info ][gc,heap        ] GC(88) PSYoungGen: 1984181K(2022400K)->40531K(2023424K) Eden: 1948672K(1948672K)->0K(1950720K) From: 35509K(73728K)->40531K(72704K)
[44.004s][info ][gc,heap        ] GC(88) ParOldGen: 363909K(429056K)->363909K(429056K)
[44.004s][info ][gc,metaspace   ] GC(88) Metaspace: 80365K(81216K)->80365K(81216K) NonClass: 68900K(69376K)->68900K(69376K) Class: 11465K(11840K)->11465K(11840K)
[44.004s][info ][gc             ] GC(88) Pause Young (Allocation Failure) 2293M->394M(2395M) 14.274ms
[44.004s][info ][gc,cpu         ] GC(88) User=0.07s Sys=0.00s Real=0.01s
[44.004s][info ][safepoint      ] Safepoint "ParallelGCFailedAllocation", Time since last: 124852500 ns, Reaching safepoint: 136204 ns, At safepoint: 14384269 ns, Total: 14520473 ns
[44.257s][info ][safepoint      ] Safepoint "ICBufferFull", Time since last: 253185990 ns, Reaching safepoint: 182005 ns, At safepoint: 25300 ns, Total: 207305 ns
[44.280s][info ][safepoint      ] Safepoint "ICBufferFull", Time since last: 22761484 ns, Reaching safepoint: 149904 ns, At safepoint: 20700 ns, Total: 170604 ns
[44.354s][info ][safepoint      ] Safepoint "ICBufferFull", Time since last: 74104400 ns, Reaching safepoint: 134503 ns, At safepoint: 26301 ns, Total: 160804 ns
[44.421s][info ][safepoint      ] Safepoint "ICBufferFull", Time since last: 66960116 ns, Reaching safepoint: 126404 ns, At safepoint: 23800 ns, Total: 150204 ns
[44.518s][info ][gc,start       ] GC(89) Pause Young (Allocation Failure)
[44.529s][debug][gc,phases      ] GC(89) Scavenge 11.122ms
[44.529s][debug][gc,ref         ] GC(89) Skipped phase 1 of Reference Processing: no references
[44.529s][debug][gc,ref         ] GC(89) ReferenceProcessor::execute queues: 1, RefProcThreadModel::Single, marks_oops_alive: false
[44.529s][debug][gc,ref         ] GC(89) Skipped phase 3 of Reference Processing: no references
[44.529s][debug][gc,ref         ] GC(89) ReferenceProcessor::execute queues: 1, RefProcThreadModel::Single, marks_oops_alive: false
[44.529s][debug][gc,phases      ] GC(89) Reference Processing 0.135ms
[44.530s][debug][gc,phases      ] GC(89)   VM Weak                        Min:  0.0, Avg:  0.0, Max:  0.0, Diff:  0.0, Sum:  0.0, Workers: 4
[44.530s][debug][gc,phases      ] GC(89)     Dead                           Min: 0, Avg:  0.0, Max: 0, Diff: 0, Sum: 0, Workers: 4
[44.530s][debug][gc,phases      ] GC(89)     Total                          Min: 0, Avg: 163.5, Max: 654, Diff: 654, Sum: 654, Workers: 4
[44.530s][debug][gc,phases      ] GC(89)   ObjectSynchronizer Weak        Min:  0.0, Avg:  0.0, Max:  0.0, Diff:  0.0, Sum:  0.0, Workers: 4
[44.530s][debug][gc,phases      ] GC(89)     Dead                           Min: 0, Avg:  0.0, Max: 0, Diff: 0, Sum: 0, Workers: 4
[44.530s][debug][gc,phases      ] GC(89)     Total                          Min: 0, Avg: 83.8, Max: 335, Diff: 335, Sum: 335, Workers: 4
[44.530s][debug][gc,phases      ] GC(89)   JVMTI Tag Weak OopStorage      Min:  0.0, Avg:  0.0, Max:  0.0, Diff:  0.0, Sum:  0.0, Workers: 4
[44.530s][debug][gc,phases      ] GC(89)     Dead                           Min: 0, Avg:  0.0, Max: 0, Diff: 0, Sum: 0, Workers: 4
[44.530s][debug][gc,phases      ] GC(89)     Total                          Min: 0, Avg:  0.0, Max: 0, Diff: 0, Sum: 0, Workers: 4
[44.530s][debug][gc,phases      ] GC(89)   StringTable Weak               Min:  0.1, Avg:  0.1, Max:  0.1, Diff:  0.0, Sum:  0.5, Workers: 4
[44.530s][debug][gc,phases      ] GC(89)     Dead                           Min: 0, Avg:  0.0, Max: 0, Diff: 0, Sum: 0, Workers: 4
[44.530s][debug][gc,phases      ] GC(89)     Total                          Min: 10944, Avg: 11727.2, Max: 13632, Diff: 2688, Sum: 46909, Workers: 4
[44.530s][debug][gc,phases      ] GC(89)   ResolvedMethodTable Weak       Min:  0.0, Avg:  0.0, Max:  0.0, Diff:  0.0, Sum:  0.1, Workers: 4
[44.530s][debug][gc,phases      ] GC(89)     Dead                           Min: 0, Avg:  0.0, Max: 0, Diff: 0, Sum: 0, Workers: 4
[44.530s][debug][gc,phases      ] GC(89)     Total                          Min: 1824, Avg: 2038.5, Max: 2362, Diff: 538, Sum: 8154, Workers: 4
[44.530s][debug][gc,phases      ] GC(89)   JNI Weak                       Min:  0.0, Avg:  0.0, Max:  0.0, Diff:  0.0, Sum:  0.0, Workers: 4
[44.530s][debug][gc,phases      ] GC(89)     Dead                           Min: 0, Avg:  0.0, Max: 0, Diff: 0, Sum: 0, Workers: 4
[44.530s][debug][gc,phases      ] GC(89)     Total                          Min: 0, Avg:  1.8, Max: 7, Diff: 7, Sum: 7, Workers: 4
[44.530s][debug][gc,phases      ] GC(89)   StringDedup Table Weak         Min:  0.0, Avg:  0.0, Max:  0.0, Diff:  0.0, Sum:  0.0, Workers: 4
[44.530s][debug][gc,phases      ] GC(89)     Dead                           Min: 0, Avg:  0.0, Max: 0, Diff: 0, Sum: 0, Workers: 4
[44.530s][debug][gc,phases      ] GC(89)     Total                          Min: 0, Avg:  0.0, Max: 0, Diff: 0, Sum: 0, Workers: 4
[44.530s][debug][gc,phases      ] GC(89)   StringDedup Requests0 Weak     Min:  0.0, Avg:  0.0, Max:  0.0, Diff:  0.0, Sum:  0.0, Workers: 4
[44.530s][debug][gc,phases      ] GC(89)     Dead                           Min: 0, Avg:  0.0, Max: 0, Diff: 0, Sum: 0, Workers: 4
[44.530s][debug][gc,phases      ] GC(89)     Total                          Min: 0, Avg:  0.0, Max: 0, Diff: 0, Sum: 0, Workers: 4
[44.530s][debug][gc,phases      ] GC(89)   StringDedup Requests1 Weak     Min:  0.0, Avg:  0.0, Max:  0.0, Diff:  0.0, Sum:  0.0, Workers: 4
[44.530s][debug][gc,phases      ] GC(89)     Dead                           Min: 0, Avg:  0.0, Max: 0, Diff: 0, Sum: 0, Workers: 4
[44.530s][debug][gc,phases      ] GC(89)     Total                          Min: 0, Avg:  0.0, Max: 0, Diff: 0, Sum: 0, Workers: 4
[44.530s][debug][gc,phases      ] GC(89)   Weak JFR Old Object Samples    Min:  0.0, Avg:  0.0, Max:  0.0, Diff:  0.0, Sum:  0.0, Workers: 4
[44.530s][debug][gc,phases      ] GC(89)     Dead                           Min: 0, Avg:  0.0, Max: 0, Diff: 0, Sum: 0, Workers: 4
[44.530s][debug][gc,phases      ] GC(89)     Total                          Min: 0, Avg:  0.0, Max: 0, Diff: 0, Sum: 0, Workers: 4
[44.530s][debug][gc,phases      ] GC(89) Weak Processing 0.351ms
[44.530s][debug][gc,age         ] GC(89) Desired survivor size 76021760 bytes, new threshold 15 (max threshold 15)
[44.530s][info ][gc,heap        ] GC(89) PSYoungGen: 1991251K(2023424K)->42863K(1993728K) Eden: 1950720K(1950720K)->0K(1950720K) From: 40531K(72704K)->42863K(43008K)
[44.530s][info ][gc,heap        ] GC(89) ParOldGen: 363909K(429056K)->363909K(429056K)
[44.530s][info ][gc,metaspace   ] GC(89) Metaspace: 80405K(81216K)->80405K(81216K) NonClass: 68939K(69376K)->68939K(69376K) Class: 11465K(11840K)->11465K(11840K)
[44.530s][info ][gc             ] GC(89) Pause Young (Allocation Failure) 2299M->397M(2366M) 11.742ms
[44.530s][info ][gc,cpu         ] GC(89) User=0.05s Sys=0.00s Real=0.02s
[44.530s][info ][safepoint      ] Safepoint "ParallelGCFailedAllocation", Time since last: 96647378 ns, Reaching safepoint: 137803 ns, At safepoint: 11851104 ns, Total: 11988907 ns
[44.682s][info ][safepoint      ] Safepoint "ICBufferFull", Time since last: 152100699 ns, Reaching safepoint: 183805 ns, At safepoint: 25501 ns, Total: 209306 ns
[44.879s][info ][safepoint      ] Safepoint "ICBufferFull", Time since last: 196535938 ns, Reaching safepoint: 153804 ns, At safepoint: 28301 ns, Total: 182105 ns
[45.000s][info ][gc,start       ] GC(90) Pause Young (Allocation Failure)
[45.012s][debug][gc,phases      ] GC(90) Scavenge 12.066ms
[45.012s][debug][gc,ref         ] GC(90) Skipped phase 1 of Reference Processing: no references
[45.012s][debug][gc,ref         ] GC(90) ReferenceProcessor::execute queues: 1, RefProcThreadModel::Single, marks_oops_alive: false
[45.012s][debug][gc,ref         ] GC(90) Skipped phase 3 of Reference Processing: no references
[45.012s][debug][gc,ref         ] GC(90) ReferenceProcessor::execute queues: 1, RefProcThreadModel::Single, marks_oops_alive: false
[45.012s][debug][gc,phases      ] GC(90) Reference Processing 0.123ms
[45.012s][debug][gc,phases      ] GC(90)   VM Weak                        Min:  0.0, Avg:  0.0, Max:  0.0, Diff:  0.0, Sum:  0.0, Workers: 4
[45.012s][debug][gc,phases      ] GC(90)     Dead                           Min: 0, Avg:  0.0, Max: 0, Diff: 0, Sum: 0, Workers: 4
[45.012s][debug][gc,phases      ] GC(90)     Total                          Min: 0, Avg: 163.5, Max: 576, Diff: 576, Sum: 654, Workers: 4
[45.012s][debug][gc,phases      ] GC(90)   ObjectSynchronizer Weak        Min:  0.0, Avg:  0.0, Max:  0.0, Diff:  0.0, Sum:  0.0, Workers: 4
[45.012s][debug][gc,phases      ] GC(90)     Dead                           Min: 0, Avg:  0.0, Max: 0, Diff: 0, Sum: 0, Workers: 4
[45.012s][debug][gc,phases      ] GC(90)     Total                          Min: 0, Avg: 83.8, Max: 143, Diff: 143, Sum: 335, Workers: 4
[45.012s][debug][gc,phases      ] GC(90)   JVMTI Tag Weak OopStorage      Min:  0.0, Avg:  0.0, Max:  0.0, Diff:  0.0, Sum:  0.0, Workers: 4
[45.012s][debug][gc,phases      ] GC(90)     Dead                           Min: 0, Avg:  0.0, Max: 0, Diff: 0, Sum: 0, Workers: 4
[45.012s][debug][gc,phases      ] GC(90)     Total                          Min: 0, Avg:  0.0, Max: 0, Diff: 0, Sum: 0, Workers: 4
[45.012s][debug][gc,phases      ] GC(90)   StringTable Weak               Min:  0.1, Avg:  0.1, Max:  0.1, Diff:  0.0, Sum:  0.5, Workers: 4
[45.012s][debug][gc,phases      ] GC(90)     Dead                           Min: 0, Avg:  0.0, Max: 0, Diff: 0, Sum: 0, Workers: 4
[45.012s][debug][gc,phases      ] GC(90)     Total                          Min: 11072, Avg: 11730.5, Max: 12170, Diff: 1098, Sum: 46922, Workers: 4
[45.012s][debug][gc,phases      ] GC(90)   ResolvedMethodTable Weak       Min:  0.0, Avg:  0.0, Max:  0.0, Diff:  0.0, Sum:  0.1, Workers: 4
[45.012s][debug][gc,phases      ] GC(90)     Dead                           Min: 0, Avg:  0.0, Max: 0, Diff: 0, Sum: 0, Workers: 4
[45.012s][debug][gc,phases      ] GC(90)     Total                          Min: 1919, Avg: 2038.5, Max: 2240, Diff: 321, Sum: 8154, Workers: 4
[45.012s][debug][gc,phases      ] GC(90)   JNI Weak                       Min:  0.0, Avg:  0.0, Max:  0.0, Diff:  0.0, Sum:  0.0, Workers: 4
[45.012s][debug][gc,phases      ] GC(90)     Dead                           Min: 0, Avg:  0.0, Max: 0, Diff: 0, Sum: 0, Workers: 4
[45.012s][debug][gc,phases      ] GC(90)     Total                          Min: 0, Avg:  2.5, Max: 10, Diff: 10, Sum: 10, Workers: 4
[45.012s][debug][gc,phases      ] GC(90)   StringDedup Table Weak         Min:  0.0, Avg:  0.0, Max:  0.0, Diff:  0.0, Sum:  0.0, Workers: 4
[45.012s][debug][gc,phases      ] GC(90)     Dead                           Min: 0, Avg:  0.0, Max: 0, Diff: 0, Sum: 0, Workers: 4
[45.012s][debug][gc,phases      ] GC(90)     Total                          Min: 0, Avg:  0.0, Max: 0, Diff: 0, Sum: 0, Workers: 4
[45.012s][debug][gc,phases      ] GC(90)   StringDedup Requests0 Weak     Min:  0.0, Avg:  0.0, Max:  0.0, Diff:  0.0, Sum:  0.0, Workers: 4
[45.012s][debug][gc,phases      ] GC(90)     Dead                           Min: 0, Avg:  0.0, Max: 0, Diff: 0, Sum: 0, Workers: 4
[45.012s][debug][gc,phases      ] GC(90)     Total                          Min: 0, Avg:  0.0, Max: 0, Diff: 0, Sum: 0, Workers: 4
[45.012s][debug][gc,phases      ] GC(90)   StringDedup Requests1 Weak     Min:  0.0, Avg:  0.0, Max:  0.0, Diff:  0.0, Sum:  0.0, Workers: 4
[45.012s][debug][gc,phases      ] GC(90)     Dead                           Min: 0, Avg:  0.0, Max: 0, Diff: 0, Sum: 0, Workers: 4
[45.012s][debug][gc,phases      ] GC(90)     Total                          Min: 0, Avg:  0.0, Max: 0, Diff: 0, Sum: 0, Workers: 4
[45.012s][debug][gc,phases      ] GC(90)   Weak JFR Old Object Samples    Min:  0.0, Avg:  0.0, Max:  0.0, Diff:  0.0, Sum:  0.0, Workers: 4
[45.012s][debug][gc,phases      ] GC(90)     Dead                           Min: 0, Avg:  0.0, Max: 0, Diff: 0, Sum: 0, Workers: 4
[45.012s][debug][gc,phases      ] GC(90)     Total                          Min: 0, Avg:  0.0, Max: 0, Diff: 0, Sum: 0, Workers: 4
[45.012s][debug][gc,phases      ] GC(90) Weak Processing 0.324ms
[45.013s][debug][gc,age         ] GC(90) Desired survivor size 77594624 bytes, new threshold 15 (max threshold 15)
[45.013s][info ][gc,heap        ] GC(90) PSYoungGen: 1993583K(1993728K)->45076K(2019840K) Eden: 1950720K(1950720K)->0K(1945600K) From: 42863K(43008K)->45076K(74240K)
[45.013s][info ][gc,heap        ] GC(90) ParOldGen: 363909K(429056K)->363917K(429056K)
[45.013s][info ][gc,metaspace   ] GC(90) Metaspace: 80477K(81344K)->80477K(81344K) NonClass: 69005K(69440K)->69005K(69440K) Class: 11471K(11904K)->11471K(11904K)
[45.013s][info ][gc             ] GC(90) Pause Young (Allocation Failure) 2302M->399M(2391M) 12.662ms
[45.013s][info ][gc,cpu         ] GC(90) User=0.05s Sys=0.00s Real=0.01s
[45.013s][info ][safepoint      ] Safepoint "ParallelGCFailedAllocation", Time since last: 117201705 ns, Reaching safepoint: 3659694 ns, At safepoint: 12794928 ns, Total: 16454622 ns
[45.523s][info ][gc,start       ] GC(91) Pause Young (Allocation Failure)
[45.536s][debug][gc,phases      ] GC(91) Scavenge 13.307ms
[45.536s][debug][gc,ref         ] GC(91) Skipped phase 1 of Reference Processing: no references
[45.536s][debug][gc,ref         ] GC(91) ReferenceProcessor::execute queues: 1, RefProcThreadModel::Single, marks_oops_alive: false
[45.536s][debug][gc,ref         ] GC(91) Skipped phase 3 of Reference Processing: no references
[45.536s][debug][gc,ref         ] GC(91) ReferenceProcessor::execute queues: 1, RefProcThreadModel::Single, marks_oops_alive: false
[45.536s][debug][gc,phases      ] GC(91) Reference Processing 0.197ms
[45.537s][debug][gc,phases      ] GC(91)   VM Weak                        Min:  0.0, Avg:  0.0, Max:  0.0, Diff:  0.0, Sum:  0.0, Workers: 4
[45.537s][debug][gc,phases      ] GC(91)     Dead                           Min: 0, Avg:  0.0, Max: 0, Diff: 0, Sum: 0, Workers: 4
[45.537s][debug][gc,phases      ] GC(91)     Total                          Min: 0, Avg: 163.5, Max: 654, Diff: 654, Sum: 654, Workers: 4
[45.537s][debug][gc,phases      ] GC(91)   ObjectSynchronizer Weak        Min:  0.0, Avg:  0.0, Max:  0.0, Diff:  0.0, Sum:  0.0, Workers: 4
[45.537s][debug][gc,phases      ] GC(91)     Dead                           Min: 0, Avg:  0.0, Max: 0, Diff: 0, Sum: 0, Workers: 4
[45.537s][debug][gc,phases      ] GC(91)     Total                          Min: 0, Avg: 83.8, Max: 143, Diff: 143, Sum: 335, Workers: 4
[45.537s][debug][gc,phases      ] GC(91)   JVMTI Tag Weak OopStorage      Min:  0.0, Avg:  0.0, Max:  0.0, Diff:  0.0, Sum:  0.0, Workers: 4
[45.537s][debug][gc,phases      ] GC(91)     Dead                           Min: 0, Avg:  0.0, Max: 0, Diff: 0, Sum: 0, Workers: 4
[45.537s][debug][gc,phases      ] GC(91)     Total                          Min: 0, Avg:  0.0, Max: 0, Diff: 0, Sum: 0, Workers: 4
[45.537s][debug][gc,phases      ] GC(91)   StringTable Weak               Min:  0.0, Avg:  0.1, Max:  0.2, Diff:  0.2, Sum:  0.5, Workers: 4
[45.537s][debug][gc,phases      ] GC(91)     Dead                           Min: 0, Avg:  0.0, Max: 0, Diff: 0, Sum: 0, Workers: 4
[45.537s][debug][gc,phases      ] GC(91)     Total                          Min: 0, Avg: 11731.8, Max: 17536, Diff: 17536, Sum: 46927, Workers: 4
[45.537s][debug][gc,phases      ] GC(91)   ResolvedMethodTable Weak       Min:  0.0, Avg:  0.0, Max:  0.0, Diff:  0.0, Sum:  0.1, Workers: 4
[45.537s][debug][gc,phases      ] GC(91)     Dead                           Min: 0, Avg:  0.0, Max: 0, Diff: 0, Sum: 0, Workers: 4
[45.537s][debug][gc,phases      ] GC(91)     Total                          Min: 0, Avg: 2040.0, Max: 2849, Diff: 2849, Sum: 8160, Workers: 4
[45.537s][debug][gc,phases      ] GC(91)   JNI Weak                       Min:  0.0, Avg:  0.0, Max:  0.0, Diff:  0.0, Sum:  0.0, Workers: 4
[45.537s][debug][gc,phases      ] GC(91)     Dead                           Min: 0, Avg:  0.0, Max: 0, Diff: 0, Sum: 0, Workers: 4
[45.537s][debug][gc,phases      ] GC(91)     Total                          Min: 0, Avg:  3.2, Max: 13, Diff: 13, Sum: 13, Workers: 4
[45.537s][debug][gc,phases      ] GC(91)   StringDedup Table Weak         Min:  0.0, Avg:  0.0, Max:  0.0, Diff:  0.0, Sum:  0.0, Workers: 4
[45.537s][debug][gc,phases      ] GC(91)     Dead                           Min: 0, Avg:  0.0, Max: 0, Diff: 0, Sum: 0, Workers: 4
[45.537s][debug][gc,phases      ] GC(91)     Total                          Min: 0, Avg:  0.0, Max: 0, Diff: 0, Sum: 0, Workers: 4
[45.537s][debug][gc,phases      ] GC(91)   StringDedup Requests0 Weak     Min:  0.0, Avg:  0.0, Max:  0.0, Diff:  0.0, Sum:  0.0, Workers: 4
[45.537s][debug][gc,phases      ] GC(91)     Dead                           Min: 0, Avg:  0.0, Max: 0, Diff: 0, Sum: 0, Workers: 4
[45.537s][debug][gc,phases      ] GC(91)     Total                          Min: 0, Avg:  0.0, Max: 0, Diff: 0, Sum: 0, Workers: 4
[45.537s][debug][gc,phases      ] GC(91)   StringDedup Requests1 Weak     Min:  0.0, Avg:  0.0, Max:  0.0, Diff:  0.0, Sum:  0.0, Workers: 4
[45.537s][debug][gc,phases      ] GC(91)     Dead                           Min: 0, Avg:  0.0, Max: 0, Diff: 0, Sum: 0, Workers: 4
[45.537s][debug][gc,phases      ] GC(91)     Total                          Min: 0, Avg:  0.0, Max: 0, Diff: 0, Sum: 0, Workers: 4
[45.537s][debug][gc,phases      ] GC(91)   Weak JFR Old Object Samples    Min:  0.0, Avg:  0.0, Max:  0.0, Diff:  0.0, Sum:  0.0, Workers: 4
[45.537s][debug][gc,phases      ] GC(91)     Dead                           Min: 0, Avg:  0.0, Max: 0, Diff: 0, Sum: 0, Workers: 4
[45.537s][debug][gc,phases      ] GC(91)     Total                          Min: 0, Avg:  0.0, Max: 0, Diff: 0, Sum: 0, Workers: 4
[45.537s][debug][gc,phases      ] GC(91) Weak Processing 0.449ms
[45.537s][debug][gc,age         ] GC(91) Desired survivor size 80216064 bytes, new threshold 15 (max threshold 15)
[45.537s][info ][gc,heap        ] GC(91) PSYoungGen: 1990676K(2019840K)->49504K(1995264K) Eden: 1945600K(1945600K)->0K(1945600K) From: 45076K(74240K)->49504K(49664K)
[45.537s][info ][gc,heap        ] GC(91) ParOldGen: 363917K(429056K)->363917K(429056K)
[45.537s][info ][gc,metaspace   ] GC(91) Metaspace: 80509K(81408K)->80509K(81408K) NonClass: 69035K(69504K)->69035K(69504K) Class: 11473K(11904K)->11473K(11904K)
[45.537s][info ][gc             ] GC(91) Pause Young (Allocation Failure) 2299M->403M(2367M) 14.121ms
[45.537s][info ][gc,cpu         ] GC(91) User=0.05s Sys=0.00s Real=0.01s
[45.537s][info ][safepoint      ] Safepoint "ParallelGCFailedAllocation", Time since last: 509487162 ns, Reaching safepoint: 598315 ns, At safepoint: 14246066 ns, Total: 14844381 ns
[46.061s][info ][safepoint      ] Safepoint "ICBufferFull", Time since last: 523552923 ns, Reaching safepoint: 160605 ns, At safepoint: 27900 ns, Total: 188505 ns
[46.062s][info ][safepoint      ] Safepoint "ICBufferFull", Time since last: 1238532 ns, Reaching safepoint: 113903 ns, At safepoint: 24501 ns, Total: 138404 ns
[46.089s][info ][gc,start       ] GC(92) Pause Young (Allocation Failure)
[46.105s][debug][gc,phases      ] GC(92) Scavenge 16.126ms
[46.105s][debug][gc,ref         ] GC(92) Skipped phase 1 of Reference Processing: no references
[46.105s][debug][gc,ref         ] GC(92) ReferenceProcessor::execute queues: 1, RefProcThreadModel::Single, marks_oops_alive: false
[46.105s][debug][gc,ref         ] GC(92) Skipped phase 3 of Reference Processing: no references
[46.105s][debug][gc,ref         ] GC(92) ReferenceProcessor::execute queues: 1, RefProcThreadModel::Single, marks_oops_alive: false
[46.105s][debug][gc,phases      ] GC(92) Reference Processing 0.138ms
[46.106s][debug][gc,phases      ] GC(92)   VM Weak                        Min:  0.0, Avg:  0.0, Max:  0.0, Diff:  0.0, Sum:  0.0, Workers: 4
[46.106s][debug][gc,phases      ] GC(92)     Dead                           Min: 0, Avg:  0.0, Max: 0, Diff: 0, Sum: 0, Workers: 4
[46.106s][debug][gc,phases      ] GC(92)     Total                          Min: 0, Avg: 163.5, Max: 398, Diff: 398, Sum: 654, Workers: 4
[46.106s][debug][gc,phases      ] GC(92)   ObjectSynchronizer Weak        Min:  0.0, Avg:  0.0, Max:  0.0, Diff:  0.0, Sum:  0.0, Workers: 4
[46.106s][debug][gc,phases      ] GC(92)     Dead                           Min: 0, Avg:  0.0, Max: 0, Diff: 0, Sum: 0, Workers: 4
[46.106s][debug][gc,phases      ] GC(92)     Total                          Min: 0, Avg: 83.8, Max: 192, Diff: 192, Sum: 335, Workers: 4
[46.106s][debug][gc,phases      ] GC(92)   JVMTI Tag Weak OopStorage      Min:  0.0, Avg:  0.0, Max:  0.0, Diff:  0.0, Sum:  0.0, Workers: 4
[46.106s][debug][gc,phases      ] GC(92)     Dead                           Min: 0, Avg:  0.0, Max: 0, Diff: 0, Sum: 0, Workers: 4
[46.106s][debug][gc,phases      ] GC(92)     Total                          Min: 0, Avg:  0.0, Max: 0, Diff: 0, Sum: 0, Workers: 4
[46.106s][debug][gc,phases      ] GC(92)   StringTable Weak               Min:  0.1, Avg:  0.2, Max:  0.2, Diff:  0.0, Sum:  0.7, Workers: 4
[46.106s][debug][gc,phases      ] GC(92)     Dead                           Min: 0, Avg:  0.0, Max: 0, Diff: 0, Sum: 0, Workers: 4
[46.106s][debug][gc,phases      ] GC(92)     Total                          Min: 8256, Avg: 11731.8, Max: 16207, Diff: 7951, Sum: 46927, Workers: 4
[46.106s][debug][gc,phases      ] GC(92)   ResolvedMethodTable Weak       Min:  0.0, Avg:  0.0, Max:  0.0, Diff:  0.0, Sum:  0.1, Workers: 4
[46.106s][debug][gc,phases      ] GC(92)     Dead                           Min: 0, Avg:  0.0, Max: 0, Diff: 0, Sum: 0, Workers: 4
[46.106s][debug][gc,phases      ] GC(92)     Total                          Min: 1792, Avg: 2040.0, Max: 2367, Diff: 575, Sum: 8160, Workers: 4
[46.106s][debug][gc,phases      ] GC(92)   JNI Weak                       Min:  0.0, Avg:  0.0, Max:  0.0, Diff:  0.0, Sum:  0.0, Workers: 4
[46.106s][debug][gc,phases      ] GC(92)     Dead                           Min: 0, Avg:  0.0, Max: 0, Diff: 0, Sum: 0, Workers: 4
[46.106s][debug][gc,phases      ] GC(92)     Total                          Min: 0, Avg:  3.0, Max: 12, Diff: 12, Sum: 12, Workers: 4
[46.106s][debug][gc,phases      ] GC(92)   StringDedup Table Weak         Min:  0.0, Avg:  0.0, Max:  0.0, Diff:  0.0, Sum:  0.0, Workers: 4
[46.106s][debug][gc,phases      ] GC(92)     Dead                           Min: 0, Avg:  0.0, Max: 0, Diff: 0, Sum: 0, Workers: 4
[46.106s][debug][gc,phases      ] GC(92)     Total                          Min: 0, Avg:  0.0, Max: 0, Diff: 0, Sum: 0, Workers: 4
[46.106s][debug][gc,phases      ] GC(92)   StringDedup Requests0 Weak     Min:  0.0, Avg:  0.0, Max:  0.0, Diff:  0.0, Sum:  0.0, Workers: 4
[46.106s][debug][gc,phases      ] GC(92)     Dead                           Min: 0, Avg:  0.0, Max: 0, Diff: 0, Sum: 0, Workers: 4
[46.106s][debug][gc,phases      ] GC(92)     Total                          Min: 0, Avg:  0.0, Max: 0, Diff: 0, Sum: 0, Workers: 4
[46.106s][debug][gc,phases      ] GC(92)   StringDedup Requests1 Weak     Min:  0.0, Avg:  0.0, Max:  0.0, Diff:  0.0, Sum:  0.0, Workers: 4
[46.106s][debug][gc,phases      ] GC(92)     Dead                           Min: 0, Avg:  0.0, Max: 0, Diff: 0, Sum: 0, Workers: 4
[46.106s][debug][gc,phases      ] GC(92)     Total                          Min: 0, Avg:  0.0, Max: 0, Diff: 0, Sum: 0, Workers: 4
[46.106s][debug][gc,phases      ] GC(92)   Weak JFR Old Object Samples    Min:  0.0, Avg:  0.0, Max:  0.0, Diff:  0.0, Sum:  0.0, Workers: 4
[46.106s][debug][gc,phases      ] GC(92)     Dead                           Min: 0, Avg:  0.0, Max: 0, Diff: 0, Sum: 0, Workers: 4
[46.106s][debug][gc,phases      ] GC(92)     Total                          Min: 0, Avg:  0.0, Max: 0, Diff: 0, Sum: 0, Workers: 4
[46.106s][debug][gc,phases      ] GC(92) Weak Processing 0.433ms
[46.106s][debug][gc,age         ] GC(92) Desired survivor size 83361792 bytes, new threshold 15 (max threshold 15)
[46.106s][info ][gc,heap        ] GC(92) PSYoungGen: 1995104K(1995264K)->53229K(2012672K) Eden: 1945600K(1945600K)->0K(1934336K) From: 49504K(49664K)->53229K(78336K)
[46.106s][info ][gc,heap        ] GC(92) ParOldGen: 363917K(429056K)->363917K(429056K)
[46.106s][info ][gc,metaspace   ] GC(92) Metaspace: 80525K(81408K)->80525K(81408K) NonClass: 69052K(69504K)->69052K(69504K) Class: 11473K(11904K)->11473K(11904K)
[46.106s][info ][gc             ] GC(92) Pause Young (Allocation Failure) 2303M->407M(2384M) 16.849ms
[46.106s][info ][gc,cpu         ] GC(92) User=0.06s Sys=0.00s Real=0.01s
[46.106s][info ][safepoint      ] Safepoint "ParallelGCFailedAllocation", Time since last: 26707184 ns, Reaching safepoint: 133504 ns, At safepoint: 16986335 ns, Total: 17119839 ns
[46.318s][info ][safepoint      ] Safepoint "ICBufferFull", Time since last: 211964235 ns, Reaching safepoint: 144804 ns, At safepoint: 27501 ns, Total: 172305 ns
[46.594s][info ][gc,start       ] GC(93) Pause Young (Allocation Failure)
[46.608s][debug][gc,phases      ] GC(93) Scavenge 14.421ms
[46.608s][debug][gc,ref         ] GC(93) Skipped phase 1 of Reference Processing: no references
[46.608s][debug][gc,ref         ] GC(93) ReferenceProcessor::execute queues: 1, RefProcThreadModel::Single, marks_oops_alive: false
[46.608s][debug][gc,ref         ] GC(93) Skipped phase 3 of Reference Processing: no references
[46.608s][debug][gc,ref         ] GC(93) ReferenceProcessor::execute queues: 1, RefProcThreadModel::Single, marks_oops_alive: false
[46.609s][debug][gc,phases      ] GC(93) Reference Processing 0.150ms
[46.609s][debug][gc,phases      ] GC(93)   VM Weak                        Min:  0.0, Avg:  0.0, Max:  0.0, Diff:  0.0, Sum:  0.0, Workers: 4
[46.609s][debug][gc,phases      ] GC(93)     Dead                           Min: 0, Avg:  0.0, Max: 0, Diff: 0, Sum: 0, Workers: 4
[46.609s][debug][gc,phases      ] GC(93)     Total                          Min: 0, Avg: 163.5, Max: 448, Diff: 448, Sum: 654, Workers: 4
[46.609s][debug][gc,phases      ] GC(93)   ObjectSynchronizer Weak        Min:  0.0, Avg:  0.0, Max:  0.0, Diff:  0.0, Sum:  0.0, Workers: 4
[46.609s][debug][gc,phases      ] GC(93)     Dead                           Min: 0, Avg:  0.0, Max: 0, Diff: 0, Sum: 0, Workers: 4
[46.609s][debug][gc,phases      ] GC(93)     Total                          Min: 0, Avg: 83.8, Max: 192, Diff: 192, Sum: 335, Workers: 4
[46.609s][debug][gc,phases      ] GC(93)   JVMTI Tag Weak OopStorage      Min:  0.0, Avg:  0.0, Max:  0.0, Diff:  0.0, Sum:  0.0, Workers: 4
[46.609s][debug][gc,phases      ] GC(93)     Dead                           Min: 0, Avg:  0.0, Max: 0, Diff: 0, Sum: 0, Workers: 4
[46.609s][debug][gc,phases      ] GC(93)     Total                          Min: 0, Avg:  0.0, Max: 0, Diff: 0, Sum: 0, Workers: 4
[46.609s][debug][gc,phases      ] GC(93)   StringTable Weak               Min:  0.1, Avg:  0.1, Max:  0.2, Diff:  0.1, Sum:  0.5, Workers: 4
[46.609s][debug][gc,phases      ] GC(93)     Dead                           Min: 0, Avg:  0.0, Max: 0, Diff: 0, Sum: 0, Workers: 4
[46.609s][debug][gc,phases      ] GC(93)     Total                          Min: 7680, Avg: 11734.2, Max: 15705, Diff: 8025, Sum: 46937, Workers: 4
[46.609s][debug][gc,phases      ] GC(93)   ResolvedMethodTable Weak       Min:  0.0, Avg:  0.0, Max:  0.0, Diff:  0.0, Sum:  0.1, Workers: 4
[46.609s][debug][gc,phases      ] GC(93)     Dead                           Min: 0, Avg:  0.0, Max: 0, Diff: 0, Sum: 0, Workers: 4
[46.609s][debug][gc,phases      ] GC(93)     Total                          Min: 1536, Avg: 2040.0, Max: 2464, Diff: 928, Sum: 8160, Workers: 4
[46.609s][debug][gc,phases      ] GC(93)   JNI Weak                       Min:  0.0, Avg:  0.0, Max:  0.0, Diff:  0.0, Sum:  0.0, Workers: 4
[46.609s][debug][gc,phases      ] GC(93)     Dead                           Min: 0, Avg:  0.0, Max: 0, Diff: 0, Sum: 0, Workers: 4
[46.609s][debug][gc,phases      ] GC(93)     Total                          Min: 0, Avg:  4.8, Max: 19, Diff: 19, Sum: 19, Workers: 4
[46.609s][debug][gc,phases      ] GC(93)   StringDedup Table Weak         Min:  0.0, Avg:  0.0, Max:  0.0, Diff:  0.0, Sum:  0.0, Workers: 4
[46.609s][debug][gc,phases      ] GC(93)     Dead                           Min: 0, Avg:  0.0, Max: 0, Diff: 0, Sum: 0, Workers: 4
[46.609s][debug][gc,phases      ] GC(93)     Total                          Min: 0, Avg:  0.0, Max: 0, Diff: 0, Sum: 0, Workers: 4
[46.609s][debug][gc,phases      ] GC(93)   StringDedup Requests0 Weak     Min:  0.0, Avg:  0.0, Max:  0.0, Diff:  0.0, Sum:  0.0, Workers: 4
[46.609s][debug][gc,phases      ] GC(93)     Dead                           Min: 0, Avg:  0.0, Max: 0, Diff: 0, Sum: 0, Workers: 4
[46.609s][debug][gc,phases      ] GC(93)     Total                          Min: 0, Avg:  0.0, Max: 0, Diff: 0, Sum: 0, Workers: 4
[46.609s][debug][gc,phases      ] GC(93)   StringDedup Requests1 Weak     Min:  0.0, Avg:  0.0, Max:  0.0, Diff:  0.0, Sum:  0.0, Workers: 4
[46.609s][debug][gc,phases      ] GC(93)     Dead                           Min: 0, Avg:  0.0, Max: 0, Diff: 0, Sum: 0, Workers: 4
[46.609s][debug][gc,phases      ] GC(93)     Total                          Min: 0, Avg:  0.0, Max: 0, Diff: 0, Sum: 0, Workers: 4
[46.609s][debug][gc,phases      ] GC(93)   Weak JFR Old Object Samples    Min:  0.0, Avg:  0.0, Max:  0.0, Diff:  0.0, Sum:  0.0, Workers: 4
[46.609s][debug][gc,phases      ] GC(93)     Dead                           Min: 0, Avg:  0.0, Max: 0, Diff: 0, Sum: 0, Workers: 4
[46.609s][debug][gc,phases      ] GC(93)     Total                          Min: 0, Avg:  0.0, Max: 0, Diff: 0, Sum: 0, Workers: 4
[46.609s][debug][gc,phases      ] GC(93) Weak Processing 0.418ms
[46.609s][debug][gc,age         ] GC(93) Desired survivor size 86507520 bytes, new threshold 15 (max threshold 15)
[46.609s][info ][gc,heap        ] GC(93) PSYoungGen: 1987565K(2012672K)->55273K(1989632K) Eden: 1934336K(1934336K)->0K(1934336K) From: 53229K(78336K)->55273K(55296K)
[46.609s][info ][gc,heap        ] GC(93) ParOldGen: 363917K(429056K)->364685K(429056K)
[46.609s][info ][gc,metaspace   ] GC(93) Metaspace: 80546K(81408K)->80546K(81408K) NonClass: 69072K(69504K)->69072K(69504K) Class: 11473K(11904K)->11473K(11904K)
[46.609s][info ][gc             ] GC(93) Pause Young (Allocation Failure) 2296M->410M(2362M) 15.143ms
[46.609s][info ][gc,cpu         ] GC(93) User=0.07s Sys=0.00s Real=0.02s
[46.609s][info ][safepoint      ] Safepoint "ParallelGCFailedAllocation", Time since last: 275619067 ns, Reaching safepoint: 145404 ns, At safepoint: 15259191 ns, Total: 15404595 ns
[47.164s][info ][gc,start       ] GC(94) Pause Young (Allocation Failure)
[47.180s][debug][gc,phases      ] GC(94) Scavenge 16.656ms
[47.181s][debug][gc,ref         ] GC(94) Skipped phase 1 of Reference Processing: no references
[47.181s][debug][gc,ref         ] GC(94) ReferenceProcessor::execute queues: 1, RefProcThreadModel::Single, marks_oops_alive: false
[47.181s][debug][gc,ref         ] GC(94) Skipped phase 3 of Reference Processing: no references
[47.181s][debug][gc,ref         ] GC(94) ReferenceProcessor::execute queues: 1, RefProcThreadModel::Single, marks_oops_alive: false
[47.181s][debug][gc,phases      ] GC(94) Reference Processing 0.176ms
[47.181s][debug][gc,phases      ] GC(94)   VM Weak                        Min:  0.0, Avg:  0.0, Max:  0.0, Diff:  0.0, Sum:  0.0, Workers: 4
[47.181s][debug][gc,phases      ] GC(94)     Dead                           Min: 0, Avg:  0.0, Max: 0, Diff: 0, Sum: 0, Workers: 4
[47.181s][debug][gc,phases      ] GC(94)     Total                          Min: 0, Avg: 163.5, Max: 334, Diff: 334, Sum: 654, Workers: 4
[47.181s][debug][gc,phases      ] GC(94)   ObjectSynchronizer Weak        Min:  0.0, Avg:  0.0, Max:  0.0, Diff:  0.0, Sum:  0.0, Workers: 4
[47.181s][debug][gc,phases      ] GC(94)     Dead                           Min: 0, Avg:  0.0, Max: 0, Diff: 0, Sum: 0, Workers: 4
[47.181s][debug][gc,phases      ] GC(94)     Total                          Min: 0, Avg: 83.8, Max: 192, Diff: 192, Sum: 335, Workers: 4
[47.181s][debug][gc,phases      ] GC(94)   JVMTI Tag Weak OopStorage      Min:  0.0, Avg:  0.0, Max:  0.0, Diff:  0.0, Sum:  0.0, Workers: 4
[47.181s][debug][gc,phases      ] GC(94)     Dead                           Min: 0, Avg:  0.0, Max: 0, Diff: 0, Sum: 0, Workers: 4
[47.181s][debug][gc,phases      ] GC(94)     Total                          Min: 0, Avg:  0.0, Max: 0, Diff: 0, Sum: 0, Workers: 4
[47.181s][debug][gc,phases      ] GC(94)   StringTable Weak               Min:  0.1, Avg:  0.1, Max:  0.1, Diff:  0.0, Sum:  0.5, Workers: 4
[47.181s][debug][gc,phases      ] GC(94)     Dead                           Min: 0, Avg:  0.0, Max: 0, Diff: 0, Sum: 0, Workers: 4
[47.181s][debug][gc,phases      ] GC(94)     Total                          Min: 11008, Avg: 11734.2, Max: 12377, Diff: 1369, Sum: 46937, Workers: 4
[47.181s][debug][gc,phases      ] GC(94)   ResolvedMethodTable Weak       Min:  0.0, Avg:  0.0, Max:  0.0, Diff:  0.0, Sum:  0.1, Workers: 4
[47.181s][debug][gc,phases      ] GC(94)     Dead                           Min: 0, Avg:  0.0, Max: 0, Diff: 0, Sum: 0, Workers: 4
[47.181s][debug][gc,phases      ] GC(94)     Total                          Min: 1440, Avg: 2040.0, Max: 2368, Diff: 928, Sum: 8160, Workers: 4
[47.181s][debug][gc,phases      ] GC(94)   JNI Weak                       Min:  0.0, Avg:  0.0, Max:  0.0, Diff:  0.0, Sum:  0.0, Workers: 4
[47.181s][debug][gc,phases      ] GC(94)     Dead                           Min: 0, Avg:  0.0, Max: 0, Diff: 0, Sum: 0, Workers: 4
[47.181s][debug][gc,phases      ] GC(94)     Total                          Min: 0, Avg:  2.5, Max: 10, Diff: 10, Sum: 10, Workers: 4
[47.181s][debug][gc,phases      ] GC(94)   StringDedup Table Weak         Min:  0.0, Avg:  0.0, Max:  0.0, Diff:  0.0, Sum:  0.0, Workers: 4
[47.181s][debug][gc,phases      ] GC(94)     Dead                           Min: 0, Avg:  0.0, Max: 0, Diff: 0, Sum: 0, Workers: 4
[47.181s][debug][gc,phases      ] GC(94)     Total                          Min: 0, Avg:  0.0, Max: 0, Diff: 0, Sum: 0, Workers: 4
[47.181s][debug][gc,phases      ] GC(94)   StringDedup Requests0 Weak     Min:  0.0, Avg:  0.0, Max:  0.0, Diff:  0.0, Sum:  0.0, Workers: 4
[47.181s][debug][gc,phases      ] GC(94)     Dead                           Min: 0, Avg:  0.0, Max: 0, Diff: 0, Sum: 0, Workers: 4
[47.181s][debug][gc,phases      ] GC(94)     Total                          Min: 0, Avg:  0.0, Max: 0, Diff: 0, Sum: 0, Workers: 4
[47.181s][debug][gc,phases      ] GC(94)   StringDedup Requests1 Weak     Min:  0.0, Avg:  0.0, Max:  0.0, Diff:  0.0, Sum:  0.0, Workers: 4
[47.181s][debug][gc,phases      ] GC(94)     Dead                           Min: 0, Avg:  0.0, Max: 0, Diff: 0, Sum: 0, Workers: 4
[47.181s][debug][gc,phases      ] GC(94)     Total                          Min: 0, Avg:  0.0, Max: 0, Diff: 0, Sum: 0, Workers: 4
[47.181s][debug][gc,phases      ] GC(94)   Weak JFR Old Object Samples    Min:  0.0, Avg:  0.0, Max:  0.0, Diff:  0.0, Sum:  0.0, Workers: 4
[47.181s][debug][gc,phases      ] GC(94)     Dead                           Min: 0, Avg:  0.0, Max: 0, Diff: 0, Sum: 0, Workers: 4
[47.181s][debug][gc,phases      ] GC(94)     Total                          Min: 0, Avg:  0.0, Max: 0, Diff: 0, Sum: 0, Workers: 4
[47.181s][debug][gc,phases      ] GC(94) Weak Processing 0.409ms
[47.181s][debug][gc,age         ] GC(94) Desired survivor size 89653248 bytes, new threshold 15 (max threshold 15)
[47.181s][info ][gc,heap        ] GC(94) PSYoungGen: 1989609K(1989632K)->57732K(2006528K) Eden: 1934336K(1934336K)->0K(1922048K) From: 55273K(55296K)->57732K(84480K)
[47.181s][info ][gc,heap        ] GC(94) ParOldGen: 364685K(429056K)->365326K(429056K)
[47.181s][info ][gc,metaspace   ] GC(94) Metaspace: 80570K(81472K)->80570K(81472K) NonClass: 69096K(69568K)->69096K(69568K) Class: 11473K(11904K)->11473K(11904K)
[47.181s][info ][gc             ] GC(94) Pause Young (Allocation Failure) 2299M->413M(2378M) 17.403ms
[47.181s][info ][gc,cpu         ] GC(94) User=0.08s Sys=0.00s Real=0.02s
[47.181s][info ][safepoint      ] Safepoint "ParallelGCFailedAllocation", Time since last: 554444718 ns, Reaching safepoint: 200905 ns, At safepoint: 17532550 ns, Total: 17733455 ns
[47.339s][info ][safepoint      ] Safepoint "ICBufferFull", Time since last: 157813347 ns, Reaching safepoint: 145003 ns, At safepoint: 30701 ns, Total: 175704 ns
[47.353s][info ][safepoint      ] Safepoint "ICBufferFull", Time since last: 11103885 ns, Reaching safepoint: 2694469 ns, At safepoint: 34901 ns, Total: 2729370 ns
[47.460s][info ][safepoint      ] Safepoint "ICBufferFull", Time since last: 104728286 ns, Reaching safepoint: 1538839 ns, At safepoint: 527714 ns, Total: 2066553 ns
[47.577s][info ][safepoint      ] Safepoint "ICBufferFull", Time since last: 117180505 ns, Reaching safepoint: 135803 ns, At safepoint: 28001 ns, Total: 163804 ns
[47.593s][info ][safepoint      ] Safepoint "ICBufferFull", Time since last: 14924883 ns, Reaching safepoint: 620015 ns, At safepoint: 28501 ns, Total: 648516 ns
[47.674s][info ][gc,start       ] GC(95) Pause Young (Allocation Failure)
[47.688s][debug][gc,phases      ] GC(95) Scavenge 13.366ms
[47.688s][debug][gc,ref         ] GC(95) Skipped phase 1 of Reference Processing: no references
[47.688s][debug][gc,ref         ] GC(95) ReferenceProcessor::execute queues: 1, RefProcThreadModel::Single, marks_oops_alive: false
[47.688s][debug][gc,ref         ] GC(95) Skipped phase 3 of Reference Processing: no references
[47.688s][debug][gc,ref         ] GC(95) ReferenceProcessor::execute queues: 1, RefProcThreadModel::Single, marks_oops_alive: false
[47.688s][debug][gc,phases      ] GC(95) Reference Processing 0.136ms
[47.688s][debug][gc,phases      ] GC(95)   VM Weak                        Min:  0.0, Avg:  0.0, Max:  0.0, Diff:  0.0, Sum:  0.0, Workers: 4
[47.688s][debug][gc,phases      ] GC(95)     Dead                           Min: 0, Avg:  0.0, Max: 0, Diff: 0, Sum: 0, Workers: 4
[47.688s][debug][gc,phases      ] GC(95)     Total                          Min: 0, Avg: 163.5, Max: 384, Diff: 384, Sum: 654, Workers: 4
[47.688s][debug][gc,phases      ] GC(95)   ObjectSynchronizer Weak        Min:  0.0, Avg:  0.0, Max:  0.0, Diff:  0.0, Sum:  0.0, Workers: 4
[47.688s][debug][gc,phases      ] GC(95)     Dead                           Min: 0, Avg:  0.0, Max: 0, Diff: 0, Sum: 0, Workers: 4
[47.688s][debug][gc,phases      ] GC(95)     Total                          Min: 0, Avg: 83.8, Max: 192, Diff: 192, Sum: 335, Workers: 4
[47.688s][debug][gc,phases      ] GC(95)   JVMTI Tag Weak OopStorage      Min:  0.0, Avg:  0.0, Max:  0.0, Diff:  0.0, Sum:  0.0, Workers: 4
[47.688s][debug][gc,phases      ] GC(95)     Dead                           Min: 0, Avg:  0.0, Max: 0, Diff: 0, Sum: 0, Workers: 4
[47.688s][debug][gc,phases      ] GC(95)     Total                          Min: 0, Avg:  0.0, Max: 0, Diff: 0, Sum: 0, Workers: 4
[47.688s][debug][gc,phases      ] GC(95)   StringTable Weak               Min:  0.0, Avg:  0.1, Max:  0.1, Diff:  0.1, Sum:  0.5, Workers: 4
[47.688s][debug][gc,phases      ] GC(95)     Dead                           Min: 0, Avg:  0.0, Max: 0, Diff: 0, Sum: 0, Workers: 4
[47.688s][debug][gc,phases      ] GC(95)     Total                          Min: 4800, Avg: 11740.2, Max: 14272, Diff: 9472, Sum: 46961, Workers: 4
[47.688s][debug][gc,phases      ] GC(95)   ResolvedMethodTable Weak       Min:  0.0, Avg:  0.0, Max:  0.0, Diff:  0.0, Sum:  0.1, Workers: 4
[47.688s][debug][gc,phases      ] GC(95)     Dead                           Min: 0, Avg:  0.0, Max: 0, Diff: 0, Sum: 0, Workers: 4
[47.688s][debug][gc,phases      ] GC(95)     Total                          Min: 1920, Avg: 2040.0, Max: 2176, Diff: 256, Sum: 8160, Workers: 4
[47.688s][debug][gc,phases      ] GC(95)   JNI Weak                       Min:  0.0, Avg:  0.0, Max:  0.0, Diff:  0.0, Sum:  0.0, Workers: 4
[47.688s][debug][gc,phases      ] GC(95)     Dead                           Min: 0, Avg:  0.0, Max: 0, Diff: 0, Sum: 0, Workers: 4
[47.688s][debug][gc,phases      ] GC(95)     Total                          Min: 0, Avg:  0.8, Max: 3, Diff: 3, Sum: 3, Workers: 4
[47.688s][debug][gc,phases      ] GC(95)   StringDedup Table Weak         Min:  0.0, Avg:  0.0, Max:  0.0, Diff:  0.0, Sum:  0.0, Workers: 4
[47.688s][debug][gc,phases      ] GC(95)     Dead                           Min: 0, Avg:  0.0, Max: 0, Diff: 0, Sum: 0, Workers: 4
[47.688s][debug][gc,phases      ] GC(95)     Total                          Min: 0, Avg:  0.0, Max: 0, Diff: 0, Sum: 0, Workers: 4
[47.688s][debug][gc,phases      ] GC(95)   StringDedup Requests0 Weak     Min:  0.0, Avg:  0.0, Max:  0.0, Diff:  0.0, Sum:  0.0, Workers: 4
[47.688s][debug][gc,phases      ] GC(95)     Dead                           Min: 0, Avg:  0.0, Max: 0, Diff: 0, Sum: 0, Workers: 4
[47.688s][debug][gc,phases      ] GC(95)     Total                          Min: 0, Avg:  0.0, Max: 0, Diff: 0, Sum: 0, Workers: 4
[47.688s][debug][gc,phases      ] GC(95)   StringDedup Requests1 Weak     Min:  0.0, Avg:  0.0, Max:  0.0, Diff:  0.0, Sum:  0.0, Workers: 4
[47.688s][debug][gc,phases      ] GC(95)     Dead                           Min: 0, Avg:  0.0, Max: 0, Diff: 0, Sum: 0, Workers: 4
[47.688s][debug][gc,phases      ] GC(95)     Total                          Min: 0, Avg:  0.0, Max: 0, Diff: 0, Sum: 0, Workers: 4
[47.688s][debug][gc,phases      ] GC(95)   Weak JFR Old Object Samples    Min:  0.0, Avg:  0.0, Max:  0.0, Diff:  0.0, Sum:  0.0, Workers: 4
[47.688s][debug][gc,phases      ] GC(95)     Dead                           Min: 0, Avg:  0.0, Max: 0, Diff: 0, Sum: 0, Workers: 4
[47.688s][debug][gc,phases      ] GC(95)     Total                          Min: 0, Avg:  0.0, Max: 0, Diff: 0, Sum: 0, Workers: 4
[47.688s][debug][gc,phases      ] GC(95) Weak Processing 0.347ms
[47.688s][debug][gc,age         ] GC(95) Desired survivor size 91750400 bytes, new threshold 15 (max threshold 15)
[47.688s][info ][gc,heap        ] GC(95) PSYoungGen: 1979780K(2006528K)->58356K(1980416K) Eden: 1922048K(1922048K)->0K(1922048K) From: 57732K(84480K)->58356K(58368K)
[47.688s][info ][gc,heap        ] GC(95) ParOldGen: 365326K(429056K)->367033K(429056K)
[47.688s][info ][gc,metaspace   ] GC(95) Metaspace: 80596K(81472K)->80596K(81472K) NonClass: 69121K(69568K)->69121K(69568K) Class: 11474K(11904K)->11474K(11904K)
[47.688s][info ][gc             ] GC(95) Pause Young (Allocation Failure) 2290M->415M(2353M) 13.982ms
[47.688s][info ][gc,cpu         ] GC(95) User=0.06s Sys=0.00s Real=0.02s
[47.688s][info ][safepoint      ] Safepoint "ParallelGCFailedAllocation", Time since last: 81064579 ns, Reaching safepoint: 227706 ns, At safepoint: 14103761 ns, Total: 14331467 ns
[47.839s][info ][safepoint      ] Safepoint "ICBufferFull", Time since last: 150807368 ns, Reaching safepoint: 154204 ns, At safepoint: 28401 ns, Total: 182605 ns
[47.976s][info ][safepoint      ] Safepoint "ICBufferFull", Time since last: 136717906 ns, Reaching safepoint: 168705 ns, At safepoint: 26900 ns, Total: 195605 ns
[48.096s][info ][safepoint      ] Safepoint "ICBufferFull", Time since last: 119372462 ns, Reaching safepoint: 216205 ns, At safepoint: 25801 ns, Total: 242006 ns
[48.163s][info ][gc,start       ] GC(96) Pause Young (Allocation Failure)
[48.179s][debug][gc,phases      ] GC(96) Scavenge 15.916ms
[48.179s][debug][gc,ref         ] GC(96) Skipped phase 1 of Reference Processing: no references
[48.179s][debug][gc,ref         ] GC(96) ReferenceProcessor::execute queues: 1, RefProcThreadModel::Single, marks_oops_alive: false
[48.179s][debug][gc,ref         ] GC(96) Skipped phase 3 of Reference Processing: no references
[48.179s][debug][gc,ref         ] GC(96) ReferenceProcessor::execute queues: 1, RefProcThreadModel::Single, marks_oops_alive: false
[48.179s][debug][gc,phases      ] GC(96) Reference Processing 0.115ms
[48.179s][debug][gc,phases      ] GC(96)   VM Weak                        Min:  0.0, Avg:  0.0, Max:  0.0, Diff:  0.0, Sum:  0.0, Workers: 4
[48.179s][debug][gc,phases      ] GC(96)     Dead                           Min: 0, Avg:  0.0, Max: 0, Diff: 0, Sum: 0, Workers: 4
[48.179s][debug][gc,phases      ] GC(96)     Total                          Min: 0, Avg: 163.5, Max: 384, Diff: 384, Sum: 654, Workers: 4
[48.179s][debug][gc,phases      ] GC(96)   ObjectSynchronizer Weak        Min:  0.0, Avg:  0.0, Max:  0.0, Diff:  0.0, Sum:  0.0, Workers: 4
[48.179s][debug][gc,phases      ] GC(96)     Dead                           Min: 0, Avg:  0.0, Max: 0, Diff: 0, Sum: 0, Workers: 4
[48.179s][debug][gc,phases      ] GC(96)     Total                          Min: 0, Avg: 83.8, Max: 128, Diff: 128, Sum: 335, Workers: 4
[48.179s][debug][gc,phases      ] GC(96)   JVMTI Tag Weak OopStorage      Min:  0.0, Avg:  0.0, Max:  0.0, Diff:  0.0, Sum:  0.0, Workers: 4
[48.179s][debug][gc,phases      ] GC(96)     Dead                           Min: 0, Avg:  0.0, Max: 0, Diff: 0, Sum: 0, Workers: 4
[48.179s][debug][gc,phases      ] GC(96)     Total                          Min: 0, Avg:  0.0, Max: 0, Diff: 0, Sum: 0, Workers: 4
[48.179s][debug][gc,phases      ] GC(96)   StringTable Weak               Min:  0.1, Avg:  0.1, Max:  0.1, Diff:  0.0, Sum:  0.4, Workers: 4
[48.179s][debug][gc,phases      ] GC(96)     Dead                           Min: 0, Avg:  0.0, Max: 0, Diff: 0, Sum: 0, Workers: 4
[48.179s][debug][gc,phases      ] GC(96)     Total                          Min: 10866, Avg: 11740.5, Max: 12608, Diff: 1742, Sum: 46962, Workers: 4
[48.179s][debug][gc,phases      ] GC(96)   ResolvedMethodTable Weak       Min:  0.0, Avg:  0.0, Max:  0.0, Diff:  0.0, Sum:  0.1, Workers: 4
[48.179s][debug][gc,phases      ] GC(96)     Dead                           Min: 0, Avg:  0.0, Max: 0, Diff: 0, Sum: 0, Workers: 4
[48.179s][debug][gc,phases      ] GC(96)     Total                          Min: 1856, Avg: 2040.5, Max: 2402, Diff: 546, Sum: 8162, Workers: 4
[48.179s][debug][gc,phases      ] GC(96)   JNI Weak                       Min:  0.0, Avg:  0.0, Max:  0.0, Diff:  0.0, Sum:  0.0, Workers: 4
[48.179s][debug][gc,phases      ] GC(96)     Dead                           Min: 0, Avg:  0.0, Max: 0, Diff: 0, Sum: 0, Workers: 4
[48.179s][debug][gc,phases      ] GC(96)     Total                          Min: 0, Avg:  2.8, Max: 11, Diff: 11, Sum: 11, Workers: 4
[48.179s][debug][gc,phases      ] GC(96)   StringDedup Table Weak         Min:  0.0, Avg:  0.0, Max:  0.0, Diff:  0.0, Sum:  0.0, Workers: 4
[48.179s][debug][gc,phases      ] GC(96)     Dead                           Min: 0, Avg:  0.0, Max: 0, Diff: 0, Sum: 0, Workers: 4
[48.179s][debug][gc,phases      ] GC(96)     Total                          Min: 0, Avg:  0.0, Max: 0, Diff: 0, Sum: 0, Workers: 4
[48.179s][debug][gc,phases      ] GC(96)   StringDedup Requests0 Weak     Min:  0.0, Avg:  0.0, Max:  0.0, Diff:  0.0, Sum:  0.0, Workers: 4
[48.179s][debug][gc,phases      ] GC(96)     Dead                           Min: 0, Avg:  0.0, Max: 0, Diff: 0, Sum: 0, Workers: 4
[48.179s][debug][gc,phases      ] GC(96)     Total                          Min: 0, Avg:  0.0, Max: 0, Diff: 0, Sum: 0, Workers: 4
[48.179s][debug][gc,phases      ] GC(96)   StringDedup Requests1 Weak     Min:  0.0, Avg:  0.0, Max:  0.0, Diff:  0.0, Sum:  0.0, Workers: 4
[48.179s][debug][gc,phases      ] GC(96)     Dead                           Min: 0, Avg:  0.0, Max: 0, Diff: 0, Sum: 0, Workers: 4
[48.179s][debug][gc,phases      ] GC(96)     Total                          Min: 0, Avg:  0.0, Max: 0, Diff: 0, Sum: 0, Workers: 4
[48.179s][debug][gc,phases      ] GC(96)   Weak JFR Old Object Samples    Min:  0.0, Avg:  0.0, Max:  0.0, Diff:  0.0, Sum:  0.0, Workers: 4
[48.179s][debug][gc,phases      ] GC(96)     Dead                           Min: 0, Avg:  0.0, Max: 0, Diff: 0, Sum: 0, Workers: 4
[48.179s][debug][gc,phases      ] GC(96)     Total                          Min: 0, Avg:  0.0, Max: 0, Diff: 0, Sum: 0, Workers: 4
[48.179s][debug][gc,phases      ] GC(96) Weak Processing 0.318ms
[48.179s][debug][gc,age         ] GC(96) Desired survivor size 94371840 bytes, new threshold 15 (max threshold 15)
[48.179s][info ][gc,heap        ] GC(96) PSYoungGen: 1980404K(1980416K)->60449K(2002432K) Eden: 1922048K(1922048K)->0K(1912832K) From: 58356K(58368K)->60449K(89600K)
[48.179s][info ][gc,heap        ] GC(96) ParOldGen: 367033K(429056K)->367826K(429056K)
[48.179s][info ][gc,metaspace   ] GC(96) Metaspace: 80608K(81472K)->80608K(81472K) NonClass: 69132K(69568K)->69132K(69568K) Class: 11475K(11904K)->11475K(11904K)
[48.179s][info ][gc             ] GC(96) Pause Young (Allocation Failure) 2292M->418M(2374M) 16.488ms
[48.179s][info ][gc,cpu         ] GC(96) User=0.08s Sys=0.00s Real=0.02s
[48.179s][info ][safepoint      ] Safepoint "ParallelGCFailedAllocation", Time since last: 66353902 ns, Reaching safepoint: 814021 ns, At safepoint: 16607026 ns, Total: 17421047 ns
[48.374s][info ][safepoint      ] Safepoint "ICBufferFull", Time since last: 194285783 ns, Reaching safepoint: 141403 ns, At safepoint: 25701 ns, Total: 167104 ns
[48.677s][info ][safepoint      ] Safepoint "ICBufferFull", Time since last: 303353780 ns, Reaching safepoint: 143604 ns, At safepoint: 29700 ns, Total: 173304 ns
[48.679s][info ][gc,start       ] GC(97) Pause Young (Allocation Failure)
[48.693s][debug][gc,phases      ] GC(97) Scavenge 14.348ms
[48.693s][debug][gc,ref         ] GC(97) Skipped phase 1 of Reference Processing: no references
[48.693s][debug][gc,ref         ] GC(97) ReferenceProcessor::execute queues: 1, RefProcThreadModel::Single, marks_oops_alive: false
[48.693s][debug][gc,ref         ] GC(97) Skipped phase 3 of Reference Processing: no references
[48.693s][debug][gc,ref         ] GC(97) ReferenceProcessor::execute queues: 1, RefProcThreadModel::Single, marks_oops_alive: false
[48.693s][debug][gc,phases      ] GC(97) Reference Processing 0.135ms
[48.694s][debug][gc,phases      ] GC(97)   VM Weak                        Min:  0.0, Avg:  0.0, Max:  0.0, Diff:  0.0, Sum:  0.0, Workers: 4
[48.694s][debug][gc,phases      ] GC(97)     Dead                           Min: 0, Avg:  0.0, Max: 0, Diff: 0, Sum: 0, Workers: 4
[48.694s][debug][gc,phases      ] GC(97)     Total                          Min: 0, Avg: 163.5, Max: 654, Diff: 654, Sum: 654, Workers: 4
[48.694s][debug][gc,phases      ] GC(97)   ObjectSynchronizer Weak        Min:  0.0, Avg:  0.0, Max:  0.0, Diff:  0.0, Sum:  0.0, Workers: 4
[48.694s][debug][gc,phases      ] GC(97)     Dead                           Min: 0, Avg:  0.0, Max: 0, Diff: 0, Sum: 0, Workers: 4
[48.694s][debug][gc,phases      ] GC(97)     Total                          Min: 0, Avg: 83.8, Max: 271, Diff: 271, Sum: 335, Workers: 4
[48.694s][debug][gc,phases      ] GC(97)   JVMTI Tag Weak OopStorage      Min:  0.0, Avg:  0.0, Max:  0.0, Diff:  0.0, Sum:  0.0, Workers: 4
[48.694s][debug][gc,phases      ] GC(97)     Dead                           Min: 0, Avg:  0.0, Max: 0, Diff: 0, Sum: 0, Workers: 4
[48.694s][debug][gc,phases      ] GC(97)     Total                          Min: 0, Avg:  0.0, Max: 0, Diff: 0, Sum: 0, Workers: 4
[48.694s][debug][gc,phases      ] GC(97)   StringTable Weak               Min:  0.1, Avg:  0.1, Max:  0.1, Diff:  0.0, Sum:  0.4, Workers: 4
[48.694s][debug][gc,phases      ] GC(97)     Dead                           Min: 0, Avg:  0.0, Max: 0, Diff: 0, Sum: 0, Workers: 4
[48.694s][debug][gc,phases      ] GC(97)     Total                          Min: 10816, Avg: 11740.5, Max: 12480, Diff: 1664, Sum: 46962, Workers: 4
[48.694s][debug][gc,phases      ] GC(97)   ResolvedMethodTable Weak       Min:  0.0, Avg:  0.0, Max:  0.0, Diff:  0.0, Sum:  0.1, Workers: 4
[48.694s][debug][gc,phases      ] GC(97)     Dead                           Min: 0, Avg:  0.0, Max: 0, Diff: 0, Sum: 0, Workers: 4
[48.694s][debug][gc,phases      ] GC(97)     Total                          Min: 1826, Avg: 2040.5, Max: 2304, Diff: 478, Sum: 8162, Workers: 4
[48.694s][debug][gc,phases      ] GC(97)   JNI Weak                       Min:  0.0, Avg:  0.0, Max:  0.0, Diff:  0.0, Sum:  0.0, Workers: 4
[48.694s][debug][gc,phases      ] GC(97)     Dead                           Min: 0, Avg:  0.0, Max: 0, Diff: 0, Sum: 0, Workers: 4
[48.694s][debug][gc,phases      ] GC(97)     Total                          Min: 0, Avg:  0.0, Max: 0, Diff: 0, Sum: 0, Workers: 4
[48.694s][debug][gc,phases      ] GC(97)   StringDedup Table Weak         Min:  0.0, Avg:  0.0, Max:  0.0, Diff:  0.0, Sum:  0.0, Workers: 4
[48.694s][debug][gc,phases      ] GC(97)     Dead                           Min: 0, Avg:  0.0, Max: 0, Diff: 0, Sum: 0, Workers: 4
[48.694s][debug][gc,phases      ] GC(97)     Total                          Min: 0, Avg:  0.0, Max: 0, Diff: 0, Sum: 0, Workers: 4
[48.694s][debug][gc,phases      ] GC(97)   StringDedup Requests0 Weak     Min:  0.0, Avg:  0.0, Max:  0.0, Diff:  0.0, Sum:  0.0, Workers: 4
[48.694s][debug][gc,phases      ] GC(97)     Dead                           Min: 0, Avg:  0.0, Max: 0, Diff: 0, Sum: 0, Workers: 4
[48.694s][debug][gc,phases      ] GC(97)     Total                          Min: 0, Avg:  0.0, Max: 0, Diff: 0, Sum: 0, Workers: 4
[48.694s][debug][gc,phases      ] GC(97)   StringDedup Requests1 Weak     Min:  0.0, Avg:  0.0, Max:  0.0, Diff:  0.0, Sum:  0.0, Workers: 4
[48.694s][debug][gc,phases      ] GC(97)     Dead                           Min: 0, Avg:  0.0, Max: 0, Diff: 0, Sum: 0, Workers: 4
[48.694s][debug][gc,phases      ] GC(97)     Total                          Min: 0, Avg:  0.0, Max: 0, Diff: 0, Sum: 0, Workers: 4
[48.694s][debug][gc,phases      ] GC(97)   Weak JFR Old Object Samples    Min:  0.0, Avg:  0.0, Max:  0.0, Diff:  0.0, Sum:  0.0, Workers: 4
[48.694s][debug][gc,phases      ] GC(97)     Dead                           Min: 0, Avg:  0.0, Max: 0, Diff: 0, Sum: 0, Workers: 4
[48.694s][debug][gc,phases      ] GC(97)     Total                          Min: 0, Avg:  0.0, Max: 0, Diff: 0, Sum: 0, Workers: 4
[48.694s][debug][gc,phases      ] GC(97) Weak Processing 0.359ms
[48.694s][debug][gc,age         ] GC(97) Desired survivor size 96468992 bytes, new threshold 15 (max threshold 15)
[48.694s][info ][gc,heap        ] GC(97) PSYoungGen: 1973281K(2002432K)->61175K(1974272K) Eden: 1912832K(1912832K)->0K(1912832K) From: 60449K(89600K)->61175K(61440K)
[48.694s][info ][gc,heap        ] GC(97) ParOldGen: 367826K(429056K)->368902K(429056K)
[48.694s][info ][gc,metaspace   ] GC(97) Metaspace: 80641K(81472K)->80641K(81472K) NonClass: 69166K(69568K)->69166K(69568K) Class: 11475K(11904K)->11475K(11904K)
[48.694s][info ][gc             ] GC(97) Pause Young (Allocation Failure) 2286M->419M(2347M) 14.978ms
[48.694s][info ][gc,cpu         ] GC(97) User=0.06s Sys=0.00s Real=0.01s
[48.694s][info ][safepoint      ] Safepoint "ParallelGCFailedAllocation", Time since last: 1297134 ns, Reaching safepoint: 108103 ns, At safepoint: 15108387 ns, Total: 15216490 ns
[48.870s][info ][safepoint      ] Safepoint "ICBufferFull", Time since last: 175636505 ns, Reaching safepoint: 214706 ns, At safepoint: 22400 ns, Total: 237106 ns
[49.260s][info ][gc,start       ] GC(98) Pause Young (Allocation Failure)
[49.277s][debug][gc,phases      ] GC(98) Scavenge 16.638ms
[49.277s][debug][gc,ref         ] GC(98) Skipped phase 1 of Reference Processing: no references
[49.277s][debug][gc,ref         ] GC(98) ReferenceProcessor::execute queues: 1, RefProcThreadModel::Single, marks_oops_alive: false
[49.277s][debug][gc,ref         ] GC(98) Skipped phase 3 of Reference Processing: no references
[49.277s][debug][gc,ref         ] GC(98) ReferenceProcessor::execute queues: 1, RefProcThreadModel::Single, marks_oops_alive: false
[49.277s][debug][gc,phases      ] GC(98) Reference Processing 0.130ms
[49.277s][debug][gc,phases      ] GC(98)   VM Weak                        Min:  0.0, Avg:  0.0, Max:  0.0, Diff:  0.0, Sum:  0.0, Workers: 4
[49.277s][debug][gc,phases      ] GC(98)     Dead                           Min: 0, Avg:  0.0, Max: 0, Diff: 0, Sum: 0, Workers: 4
[49.277s][debug][gc,phases      ] GC(98)     Total                          Min: 0, Avg: 164.2, Max: 401, Diff: 401, Sum: 657, Workers: 4
[49.277s][debug][gc,phases      ] GC(98)   ObjectSynchronizer Weak        Min:  0.0, Avg:  0.0, Max:  0.0, Diff:  0.0, Sum:  0.0, Workers: 4
[49.277s][debug][gc,phases      ] GC(98)     Dead                           Min: 0, Avg:  0.0, Max: 0, Diff: 0, Sum: 0, Workers: 4
[49.277s][debug][gc,phases      ] GC(98)     Total                          Min: 0, Avg: 83.8, Max: 143, Diff: 143, Sum: 335, Workers: 4
[49.277s][debug][gc,phases      ] GC(98)   JVMTI Tag Weak OopStorage      Min:  0.0, Avg:  0.0, Max:  0.0, Diff:  0.0, Sum:  0.0, Workers: 4
[49.277s][debug][gc,phases      ] GC(98)     Dead                           Min: 0, Avg:  0.0, Max: 0, Diff: 0, Sum: 0, Workers: 4
[49.277s][debug][gc,phases      ] GC(98)     Total                          Min: 0, Avg:  0.0, Max: 0, Diff: 0, Sum: 0, Workers: 4
[49.277s][debug][gc,phases      ] GC(98)   StringTable Weak               Min:  0.1, Avg:  0.1, Max:  0.1, Diff:  0.0, Sum:  0.5, Workers: 4
[49.277s][debug][gc,phases      ] GC(98)     Dead                           Min: 0, Avg:  0.5, Max: 2, Diff: 2, Sum: 2, Workers: 4
[49.277s][debug][gc,phases      ] GC(98)     Total                          Min: 11647, Avg: 11746.5, Max: 11903, Diff: 256, Sum: 46986, Workers: 4
[49.278s][debug][gc,phases      ] GC(98)   ResolvedMethodTable Weak       Min:  0.0, Avg:  0.0, Max:  0.0, Diff:  0.0, Sum:  0.1, Workers: 4
[49.278s][debug][gc,phases      ] GC(98)     Dead                           Min: 0, Avg:  0.0, Max: 0, Diff: 0, Sum: 0, Workers: 4
[49.278s][debug][gc,phases      ] GC(98)     Total                          Min: 1854, Avg: 2046.5, Max: 2240, Diff: 386, Sum: 8186, Workers: 4
[49.278s][debug][gc,phases      ] GC(98)   JNI Weak                       Min:  0.0, Avg:  0.0, Max:  0.0, Diff:  0.0, Sum:  0.0, Workers: 4
[49.278s][debug][gc,phases      ] GC(98)     Dead                           Min: 0, Avg:  0.0, Max: 0, Diff: 0, Sum: 0, Workers: 4
[49.278s][debug][gc,phases      ] GC(98)     Total                          Min: 0, Avg:  4.8, Max: 19, Diff: 19, Sum: 19, Workers: 4
[49.278s][debug][gc,phases      ] GC(98)   StringDedup Table Weak         Min:  0.0, Avg:  0.0, Max:  0.0, Diff:  0.0, Sum:  0.0, Workers: 4
[49.278s][debug][gc,phases      ] GC(98)     Dead                           Min: 0, Avg:  0.0, Max: 0, Diff: 0, Sum: 0, Workers: 4
[49.278s][debug][gc,phases      ] GC(98)     Total                          Min: 0, Avg:  0.0, Max: 0, Diff: 0, Sum: 0, Workers: 4
[49.278s][debug][gc,phases      ] GC(98)   StringDedup Requests0 Weak     Min:  0.0, Avg:  0.0, Max:  0.0, Diff:  0.0, Sum:  0.0, Workers: 4
[49.278s][debug][gc,phases      ] GC(98)     Dead                           Min: 0, Avg:  0.0, Max: 0, Diff: 0, Sum: 0, Workers: 4
[49.278s][debug][gc,phases      ] GC(98)     Total                          Min: 0, Avg:  0.0, Max: 0, Diff: 0, Sum: 0, Workers: 4
[49.278s][debug][gc,phases      ] GC(98)   StringDedup Requests1 Weak     Min:  0.0, Avg:  0.0, Max:  0.0, Diff:  0.0, Sum:  0.0, Workers: 4
[49.278s][debug][gc,phases      ] GC(98)     Dead                           Min: 0, Avg:  0.0, Max: 0, Diff: 0, Sum: 0, Workers: 4
[49.278s][debug][gc,phases      ] GC(98)     Total                          Min: 0, Avg:  0.0, Max: 0, Diff: 0, Sum: 0, Workers: 4
[49.278s][debug][gc,phases      ] GC(98)   Weak JFR Old Object Samples    Min:  0.0, Avg:  0.0, Max:  0.0, Diff:  0.0, Sum:  0.0, Workers: 4
[49.278s][debug][gc,phases      ] GC(98)     Dead                           Min: 0, Avg:  0.0, Max: 0, Diff: 0, Sum: 0, Workers: 4
[49.278s][debug][gc,phases      ] GC(98)     Total                          Min: 0, Avg:  0.0, Max: 0, Diff: 0, Sum: 0, Workers: 4
[49.278s][debug][gc,phases      ] GC(98) Weak Processing 0.357ms
[49.278s][debug][gc,age         ] GC(98) Desired survivor size 97517568 bytes, new threshold 15 (max threshold 15)
[49.278s][info ][gc,heap        ] GC(98) PSYoungGen: 1974007K(1974272K)->60343K(2000896K) Eden: 1912832K(1912832K)->0K(1906688K) From: 61175K(61440K)->60343K(94208K)
[49.278s][info ][gc,heap        ] GC(98) ParOldGen: 368902K(429056K)->370443K(429056K)
[49.278s][info ][gc,metaspace   ] GC(98) Metaspace: 80849K(81664K)->80849K(81664K) NonClass: 69357K(69760K)->69357K(69760K) Class: 11491K(11904K)->11491K(11904K)
[49.278s][info ][gc             ] GC(98) Pause Young (Allocation Failure) 2287M->420M(2373M) 17.272ms
[49.278s][info ][gc,cpu         ] GC(98) User=0.08s Sys=0.00s Real=0.01s
[49.278s][info ][safepoint      ] Safepoint "ParallelGCFailedAllocation", Time since last: 390224410 ns, Reaching safepoint: 260406 ns, At safepoint: 17390646 ns, Total: 17651052 ns
[49.706s][info ][safepoint      ] Safepoint "ICBufferFull", Time since last: 428439090 ns, Reaching safepoint: 138503 ns, At safepoint: 3300 ns, Total: 141803 ns
[50.007s][info ][safepoint      ] Safepoint "ICBufferFull", Time since last: 300854918 ns, Reaching safepoint: 142004 ns, At safepoint: 10100 ns, Total: 152104 ns
[50.506s][info ][safepoint      ] Safepoint "ICBufferFull", Time since last: 498604691 ns, Reaching safepoint: 198305 ns, At safepoint: 10000 ns, Total: 208305 ns
[51.092s][info ][safepoint      ] Safepoint "ICBufferFull", Time since last: 585691226 ns, Reaching safepoint: 236407 ns, At safepoint: 13800 ns, Total: 250207 ns
[51.577s][info ][safepoint      ] Safepoint "ICBufferFull", Time since last: 484860740 ns, Reaching safepoint: 168404 ns, At safepoint: 7600 ns, Total: 176004 ns
[51.997s][info ][safepoint      ] Safepoint "ICBufferFull", Time since last: 419523464 ns, Reaching safepoint: 165605 ns, At safepoint: 11600 ns, Total: 177205 ns
[52.997s][info ][safepoint      ] Safepoint "Cleanup", Time since last: 1000140564 ns, Reaching safepoint: 183805 ns, At safepoint: 8100 ns, Total: 191905 ns
[53.997s][info ][safepoint      ] Safepoint "Cleanup", Time since last: 1000123766 ns, Reaching safepoint: 93703 ns, At safepoint: 9300 ns, Total: 103003 ns
[54.998s][info ][safepoint      ] Safepoint "Cleanup", Time since last: 1000124669 ns, Reaching safepoint: 126703 ns, At safepoint: 9901 ns, Total: 136604 ns
[55.998s][info ][safepoint      ] Safepoint "Cleanup", Time since last: 1000138473 ns, Reaching safepoint: 137603 ns, At safepoint: 10300 ns, Total: 147903 ns
[57.256s][info ][safepoint      ] Safepoint "Cleanup", Time since last: 1257866193 ns, Reaching safepoint: 152104 ns, At safepoint: 18400 ns, Total: 170504 ns
[58.256s][info ][safepoint      ] Safepoint "Cleanup", Time since last: 1000129580 ns, Reaching safepoint: 117803 ns, At safepoint: 10700 ns, Total: 128503 ns
[59.256s][info ][safepoint      ] Safepoint "Cleanup", Time since last: 1000134183 ns, Reaching safepoint: 81802 ns, At safepoint: 7700 ns, Total: 89502 ns
[60.257s][info ][safepoint      ] Safepoint "Cleanup", Time since last: 1000131185 ns, Reaching safepoint: 144404 ns, At safepoint: 7900 ns, Total: 152304 ns
[61.257s][info ][safepoint      ] Safepoint "Cleanup", Time since last: 1000088787 ns, Reaching safepoint: 155704 ns, At safepoint: 10401 ns, Total: 166105 ns
[62.257s][info ][safepoint      ] Safepoint "Cleanup", Time since last: 1000120991 ns, Reaching safepoint: 210205 ns, At safepoint: 35601 ns, Total: 245806 ns
[63.258s][info ][safepoint      ] Safepoint "Cleanup", Time since last: 1000113894 ns, Reaching safepoint: 133503 ns, At safepoint: 15101 ns, Total: 148604 ns
[64.258s][info ][safepoint      ] Safepoint "Cleanup", Time since last: 1000128097 ns, Reaching safepoint: 95702 ns, At safepoint: 5200 ns, Total: 100902 ns
[65.258s][info ][safepoint      ] Safepoint "Cleanup", Time since last: 1000187802 ns, Reaching safepoint: 126203 ns, At safepoint: 32401 ns, Total: 158604 ns
[66.258s][info ][safepoint      ] Safepoint "Cleanup", Time since last: 1000138503 ns, Reaching safepoint: 98303 ns, At safepoint: 8700 ns, Total: 107003 ns
[67.259s][info ][safepoint      ] Safepoint "Cleanup", Time since last: 1000118506 ns, Reaching safepoint: 71702 ns, At safepoint: 7300 ns, Total: 79002 ns
[68.259s][info ][safepoint      ] Safepoint "Cleanup", Time since last: 1000120309 ns, Reaching safepoint: 131403 ns, At safepoint: 18801 ns, Total: 150204 ns
[69.749s][info ][safepoint      ] Safepoint "Cleanup", Time since last: 1489694098 ns, Reaching safepoint: 151004 ns, At safepoint: 11100 ns, Total: 162104 ns
[70.749s][info ][safepoint      ] Safepoint "Cleanup", Time since last: 1000126517 ns, Reaching safepoint: 65401 ns, At safepoint: 10901 ns, Total: 76302 ns
[72.749s][info ][safepoint      ] Safepoint "Cleanup", Time since last: 2000183839 ns, Reaching safepoint: 60602 ns, At safepoint: 8700 ns, Total: 69302 ns
[73.749s][info ][safepoint      ] Safepoint "Cleanup", Time since last: 1000119725 ns, Reaching safepoint: 72401 ns, At safepoint: 6501 ns, Total: 78902 ns
[74.750s][info ][safepoint      ] Safepoint "Cleanup", Time since last: 1000141028 ns, Reaching safepoint: 71202 ns, At safepoint: 14900 ns, Total: 86102 ns
[75.750s][info ][safepoint      ] Safepoint "Cleanup", Time since last: 1000119531 ns, Reaching safepoint: 60401 ns, At safepoint: 11500 ns, Total: 71901 ns
[76.750s][info ][safepoint      ] Safepoint "Cleanup", Time since last: 1000125334 ns, Reaching safepoint: 64602 ns, At safepoint: 5100 ns, Total: 69702 ns
[77.371s][info ][gc,start       ] GC(99) Pause Young (Allocation Failure)
[77.386s][debug][gc,phases      ] GC(99) Scavenge 15.518ms
[77.386s][debug][gc,ref         ] GC(99) Skipped phase 1 of Reference Processing: no references
[77.386s][debug][gc,ref         ] GC(99) ReferenceProcessor::execute queues: 1, RefProcThreadModel::Single, marks_oops_alive: false
[77.386s][debug][gc,ref         ] GC(99) Skipped phase 3 of Reference Processing: no references
[77.386s][debug][gc,ref         ] GC(99) ReferenceProcessor::execute queues: 1, RefProcThreadModel::Single, marks_oops_alive: false
[77.386s][debug][gc,phases      ] GC(99) Reference Processing 0.117ms
[77.387s][debug][gc,phases      ] GC(99)   VM Weak                        Min:  0.0, Avg:  0.0, Max:  0.0, Diff:  0.0, Sum:  0.0, Workers: 4
[77.387s][debug][gc,phases      ] GC(99)     Dead                           Min: 0, Avg:  0.0, Max: 0, Diff: 0, Sum: 0, Workers: 4
[77.387s][debug][gc,phases      ] GC(99)     Total                          Min: 0, Avg: 164.2, Max: 448, Diff: 448, Sum: 657, Workers: 4
[77.387s][debug][gc,phases      ] GC(99)   ObjectSynchronizer Weak        Min:  0.0, Avg:  0.0, Max:  0.0, Diff:  0.0, Sum:  0.0, Workers: 4
[77.387s][debug][gc,phases      ] GC(99)     Dead                           Min: 0, Avg:  0.0, Max: 0, Diff: 0, Sum: 0, Workers: 4
[77.387s][debug][gc,phases      ] GC(99)     Total                          Min: 0, Avg: 84.2, Max: 209, Diff: 209, Sum: 337, Workers: 4
[77.387s][debug][gc,phases      ] GC(99)   JVMTI Tag Weak OopStorage      Min:  0.0, Avg:  0.0, Max:  0.0, Diff:  0.0, Sum:  0.0, Workers: 4
[77.387s][debug][gc,phases      ] GC(99)     Dead                           Min: 0, Avg:  0.0, Max: 0, Diff: 0, Sum: 0, Workers: 4
[77.387s][debug][gc,phases      ] GC(99)     Total                          Min: 0, Avg:  0.0, Max: 0, Diff: 0, Sum: 0, Workers: 4
[77.387s][debug][gc,phases      ] GC(99)   StringTable Weak               Min:  0.1, Avg:  0.1, Max:  0.1, Diff:  0.0, Sum:  0.5, Workers: 4
[77.387s][debug][gc,phases      ] GC(99)     Dead                           Min: 0, Avg:  0.2, Max: 1, Diff: 1, Sum: 1, Workers: 4
[77.387s][debug][gc,phases      ] GC(99)     Total                          Min: 11008, Avg: 11848.5, Max: 13282, Diff: 2274, Sum: 47394, Workers: 4
[77.387s][debug][gc,phases      ] GC(99)   ResolvedMethodTable Weak       Min:  0.0, Avg:  0.0, Max:  0.0, Diff:  0.0, Sum:  0.1, Workers: 4
[77.387s][debug][gc,phases      ] GC(99)     Dead                           Min: 0, Avg:  0.0, Max: 0, Diff: 0, Sum: 0, Workers: 4
[77.387s][debug][gc,phases      ] GC(99)     Total                          Min: 1664, Avg: 2051.5, Max: 2318, Diff: 654, Sum: 8206, Workers: 4
[77.387s][debug][gc,phases      ] GC(99)   JNI Weak                       Min:  0.0, Avg:  0.0, Max:  0.0, Diff:  0.0, Sum:  0.0, Workers: 4
[77.387s][debug][gc,phases      ] GC(99)     Dead                           Min: 0, Avg:  0.0, Max: 0, Diff: 0, Sum: 0, Workers: 4
[77.387s][debug][gc,phases      ] GC(99)     Total                          Min: 0, Avg:  0.0, Max: 0, Diff: 0, Sum: 0, Workers: 4
[77.387s][debug][gc,phases      ] GC(99)   StringDedup Table Weak         Min:  0.0, Avg:  0.0, Max:  0.0, Diff:  0.0, Sum:  0.0, Workers: 4
[77.387s][debug][gc,phases      ] GC(99)     Dead                           Min: 0, Avg:  0.0, Max: 0, Diff: 0, Sum: 0, Workers: 4
[77.387s][debug][gc,phases      ] GC(99)     Total                          Min: 0, Avg:  0.0, Max: 0, Diff: 0, Sum: 0, Workers: 4
[77.387s][debug][gc,phases      ] GC(99)   StringDedup Requests0 Weak     Min:  0.0, Avg:  0.0, Max:  0.0, Diff:  0.0, Sum:  0.0, Workers: 4
[77.387s][debug][gc,phases      ] GC(99)     Dead                           Min: 0, Avg:  0.0, Max: 0, Diff: 0, Sum: 0, Workers: 4
[77.387s][debug][gc,phases      ] GC(99)     Total                          Min: 0, Avg:  0.0, Max: 0, Diff: 0, Sum: 0, Workers: 4
[77.387s][debug][gc,phases      ] GC(99)   StringDedup Requests1 Weak     Min:  0.0, Avg:  0.0, Max:  0.0, Diff:  0.0, Sum:  0.0, Workers: 4
[77.387s][debug][gc,phases      ] GC(99)     Dead                           Min: 0, Avg:  0.0, Max: 0, Diff: 0, Sum: 0, Workers: 4
[77.387s][debug][gc,phases      ] GC(99)     Total                          Min: 0, Avg:  0.0, Max: 0, Diff: 0, Sum: 0, Workers: 4
[77.387s][debug][gc,phases      ] GC(99)   Weak JFR Old Object Samples    Min:  0.0, Avg:  0.0, Max:  0.0, Diff:  0.0, Sum:  0.0, Workers: 4
[77.387s][debug][gc,phases      ] GC(99)     Dead                           Min: 0, Avg:  0.0, Max: 0, Diff: 0, Sum: 0, Workers: 4
[77.387s][debug][gc,phases      ] GC(99)     Total                          Min: 0, Avg:  0.0, Max: 0, Diff: 0, Sum: 0, Workers: 4
[77.387s][debug][gc,phases      ] GC(99) Weak Processing 0.321ms
[77.387s][debug][gc,age         ] GC(99) Desired survivor size 98041856 bytes, new threshold 15 (max threshold 15)
[77.387s][info ][gc,heap        ] GC(99) PSYoungGen: 1967031K(2000896K)->61046K(1968128K) Eden: 1906688K(1906688K)->0K(1906688K) From: 60343K(94208K)->61046K(61440K)
[77.387s][info ][gc,heap        ] GC(99) ParOldGen: 370443K(429056K)->371524K(429056K)
[77.387s][info ][gc,metaspace   ] GC(99) Metaspace: 81310K(82112K)->81310K(82112K) NonClass: 69806K(70208K)->69806K(70208K) Class: 11504K(11904K)->11504K(11904K)
[77.387s][info ][gc             ] GC(99) Pause Young (Allocation Failure) 2282M->422M(2341M) 16.089ms
[77.387s][info ][gc,cpu         ] GC(99) User=0.07s Sys=0.00s Real=0.01s
[77.387s][info ][safepoint      ] Safepoint "ParallelGCFailedAllocation", Time since last: 620521168 ns, Reaching safepoint: 66701 ns, At safepoint: 16179117 ns, Total: 16245818 ns
[78.387s][info ][safepoint      ] Safepoint "Cleanup", Time since last: 1000100137 ns, Reaching safepoint: 85903 ns, At safepoint: 6500 ns, Total: 92403 ns
[79.387s][info ][safepoint      ] Safepoint "Cleanup", Time since last: 1000127141 ns, Reaching safepoint: 89102 ns, At safepoint: 6201 ns, Total: 95303 ns
[80.387s][info ][safepoint      ] Safepoint "Cleanup", Time since last: 1000117243 ns, Reaching safepoint: 99503 ns, At safepoint: 13200 ns, Total: 112703 ns
[81.388s][info ][safepoint      ] Safepoint "Cleanup", Time since last: 1000124047 ns, Reaching safepoint: 84802 ns, At safepoint: 6200 ns, Total: 91002 ns
[82.388s][info ][safepoint      ] Safepoint "Cleanup", Time since last: 1000117150 ns, Reaching safepoint: 61902 ns, At safepoint: 4100 ns, Total: 66002 ns
[83.388s][info ][safepoint      ] Safepoint "Cleanup", Time since last: 1000119552 ns, Reaching safepoint: 60402 ns, At safepoint: 2900 ns, Total: 63302 ns
[84.388s][info ][safepoint      ] Safepoint "Cleanup", Time since last: 1000116055 ns, Reaching safepoint: 66602 ns, At safepoint: 4900 ns, Total: 71502 ns
[85.389s][info ][safepoint      ] Safepoint "Cleanup", Time since last: 1000519668 ns, Reaching safepoint: 132404 ns, At safepoint: 12800 ns, Total: 145204 ns
[86.389s][info ][safepoint      ] Safepoint "Cleanup", Time since last: 1000120261 ns, Reaching safepoint: 166504 ns, At safepoint: 10801 ns, Total: 177305 ns
[87.389s][info ][safepoint      ] Safepoint "Cleanup", Time since last: 1000123664 ns, Reaching safepoint: 168404 ns, At safepoint: 10800 ns, Total: 179204 ns
[88.390s][info ][safepoint      ] Safepoint "Cleanup", Time since last: 1000111767 ns, Reaching safepoint: 162604 ns, At safepoint: 6700 ns, Total: 169304 ns
[89.390s][info ][safepoint      ] Safepoint "Cleanup", Time since last: 1000242873 ns, Reaching safepoint: 131103 ns, At safepoint: 11200 ns, Total: 142303 ns
[90.390s][info ][safepoint      ] Safepoint "Cleanup", Time since last: 1000116073 ns, Reaching safepoint: 230306 ns, At safepoint: 13500 ns, Total: 243806 ns
[91.594s][info ][safepoint      ] Safepoint "Cleanup", Time since last: 1203718822 ns, Reaching safepoint: 194605 ns, At safepoint: 10201 ns, Total: 204806 ns
[92.736s][info ][safepoint      ] Safepoint "Cleanup", Time since last: 1141749529 ns, Reaching safepoint: 170104 ns, At safepoint: 20901 ns, Total: 191005 ns
[93.737s][info ][safepoint      ] Safepoint "Cleanup", Time since last: 1000105381 ns, Reaching safepoint: 113103 ns, At safepoint: 10500 ns, Total: 123603 ns
[94.737s][info ][safepoint      ] Safepoint "Cleanup", Time since last: 1000140585 ns, Reaching safepoint: 93803 ns, At safepoint: 8500 ns, Total: 102303 ns
[95.737s][info ][safepoint      ] Safepoint "Cleanup", Time since last: 1000126887 ns, Reaching safepoint: 97803 ns, At safepoint: 7700 ns, Total: 105503 ns
[96.737s][info ][safepoint      ] Safepoint "Cleanup", Time since last: 1000150991 ns, Reaching safepoint: 75502 ns, At safepoint: 10900 ns, Total: 86402 ns
[97.737s][info ][safepoint      ] Safepoint "Cleanup", Time since last: 1000125893 ns, Reaching safepoint: 58601 ns, At safepoint: 3801 ns, Total: 62402 ns
[98.738s][info ][safepoint      ] Safepoint "Cleanup", Time since last: 1000125495 ns, Reaching safepoint: 72902 ns, At safepoint: 12300 ns, Total: 85202 ns
[99.738s][info ][safepoint      ] Safepoint "Cleanup", Time since last: 1000129399 ns, Reaching safepoint: 64802 ns, At safepoint: 3700 ns, Total: 68502 ns
[101.738s][info ][safepoint      ] Safepoint "Cleanup", Time since last: 2000211904 ns, Reaching safepoint: 113003 ns, At safepoint: 11400 ns, Total: 124403 ns
[102.738s][info ][safepoint      ] Safepoint "Cleanup", Time since last: 1000125207 ns, Reaching safepoint: 102803 ns, At safepoint: 10700 ns, Total: 113503 ns
[103.739s][info ][safepoint      ] Safepoint "Cleanup", Time since last: 1000130009 ns, Reaching safepoint: 150804 ns, At safepoint: 10901 ns, Total: 161705 ns
[104.739s][info ][safepoint      ] Safepoint "Cleanup", Time since last: 1000135612 ns, Reaching safepoint: 149204 ns, At safepoint: 13400 ns, Total: 162604 ns
[105.739s][info ][safepoint      ] Safepoint "Cleanup", Time since last: 1000120315 ns, Reaching safepoint: 118703 ns, At safepoint: 7900 ns, Total: 126603 ns
[106.740s][info ][safepoint      ] Safepoint "Cleanup", Time since last: 1000126018 ns, Reaching safepoint: 130103 ns, At safepoint: 11801 ns, Total: 141904 ns
[107.740s][info ][safepoint      ] Safepoint "Cleanup", Time since last: 1000130020 ns, Reaching safepoint: 227806 ns, At safepoint: 12200 ns, Total: 240006 ns
[108.740s][info ][safepoint      ] Safepoint "Cleanup", Time since last: 1000115823 ns, Reaching safepoint: 125903 ns, At safepoint: 8901 ns, Total: 134804 ns
[109.740s][info ][safepoint      ] Safepoint "Cleanup", Time since last: 1000112425 ns, Reaching safepoint: 70102 ns, At safepoint: 10400 ns, Total: 80502 ns
[110.741s][info ][safepoint      ] Safepoint "Cleanup", Time since last: 1000124929 ns, Reaching safepoint: 142003 ns, At safepoint: 13301 ns, Total: 155304 ns
[112.068s][info ][safepoint      ] Safepoint "Cleanup", Time since last: 1327442086 ns, Reaching safepoint: 156704 ns, At safepoint: 12000 ns, Total: 168704 ns
[113.068s][info ][safepoint      ] Safepoint "Cleanup", Time since last: 1000119135 ns, Reaching safepoint: 72402 ns, At safepoint: 11000 ns, Total: 83402 ns
[114.069s][info ][safepoint      ] Safepoint "Cleanup", Time since last: 1000115737 ns, Reaching safepoint: 60102 ns, At safepoint: 3200 ns, Total: 63302 ns
[114.957s][info ][safepoint      ] Safepoint "ICBufferFull", Time since last: 888318651 ns, Reaching safepoint: 189705 ns, At safepoint: 23100 ns, Total: 212805 ns
[114.958s][info ][safepoint      ] Safepoint "ICBufferFull", Time since last: 997626 ns, Reaching safepoint: 53001 ns, At safepoint: 6901 ns, Total: 59902 ns
[114.979s][info ][safepoint      ] Safepoint "ICBufferFull", Time since last: 20709235 ns, Reaching safepoint: 41001 ns, At safepoint: 2600 ns, Total: 43601 ns
[115.018s][info ][safepoint      ] Safepoint "ICBufferFull", Time since last: 38966107 ns, Reaching safepoint: 80802 ns, At safepoint: 12000 ns, Total: 92802 ns
[115.084s][info ][safepoint      ] Safepoint "ICBufferFull", Time since last: 66109408 ns, Reaching safepoint: 68002 ns, At safepoint: 4100 ns, Total: 72102 ns
[115.278s][info ][safepoint      ] Safepoint "ICBufferFull", Time since last: 193691005 ns, Reaching safepoint: 69402 ns, At safepoint: 3700 ns, Total: 73102 ns
[115.996s][info ][safepoint      ] Safepoint "ICBufferFull", Time since last: 717703445 ns, Reaching safepoint: 87102 ns, At safepoint: 5900 ns, Total: 93002 ns
[116.996s][info ][safepoint      ] Safepoint "Cleanup", Time since last: 1000116545 ns, Reaching safepoint: 133604 ns, At safepoint: 9700 ns, Total: 143304 ns
[117.996s][info ][safepoint      ] Safepoint "Cleanup", Time since last: 1000116648 ns, Reaching safepoint: 162104 ns, At safepoint: 8300 ns, Total: 170404 ns
[118.997s][info ][safepoint      ] Safepoint "Cleanup", Time since last: 1000102750 ns, Reaching safepoint: 220906 ns, At safepoint: 9500 ns, Total: 230406 ns
[119.997s][info ][safepoint      ] Safepoint "Cleanup", Time since last: 1000098853 ns, Reaching safepoint: 72302 ns, At safepoint: 8000 ns, Total: 80302 ns
[120.997s][info ][safepoint      ] Safepoint "Cleanup", Time since last: 1000110455 ns, Reaching safepoint: 137404 ns, At safepoint: 8100 ns, Total: 145504 ns
[121.997s][info ][safepoint      ] Safepoint "Cleanup", Time since last: 1000091258 ns, Reaching safepoint: 53401 ns, At safepoint: 4800 ns, Total: 58201 ns
[123.294s][info ][safepoint      ] Safepoint "Cleanup", Time since last: 1296602629 ns, Reaching safepoint: 206305 ns, At safepoint: 9100 ns, Total: 215405 ns
[124.847s][info ][safepoint      ] Safepoint "Cleanup", Time since last: 1552814959 ns, Reaching safepoint: 268107 ns, At safepoint: 16200 ns, Total: 284307 ns
[125.847s][info ][safepoint      ] Safepoint "Cleanup", Time since last: 1000114369 ns, Reaching safepoint: 67302 ns, At safepoint: 5800 ns, Total: 73102 ns
[126.393s][info ][gc,start       ] GC(100) Pause Young (Allocation Failure)
[126.415s][debug][gc,phases      ] GC(100) Scavenge 22.064ms
[126.415s][debug][gc,ref         ] GC(100) Skipped phase 1 of Reference Processing: no references
[126.415s][debug][gc,ref         ] GC(100) ReferenceProcessor::execute queues: 1, RefProcThreadModel::Single, marks_oops_alive: false
[126.415s][debug][gc,ref         ] GC(100) Skipped phase 3 of Reference Processing: no references
[126.415s][debug][gc,ref         ] GC(100) ReferenceProcessor::execute queues: 1, RefProcThreadModel::Single, marks_oops_alive: false
[126.415s][debug][gc,phases      ] GC(100) Reference Processing 0.136ms
[126.415s][debug][gc,phases      ] GC(100)   VM Weak                        Min:  0.0, Avg:  0.0, Max:  0.0, Diff:  0.0, Sum:  0.0, Workers: 4
[126.417s][debug][gc,phases      ] GC(100)     Dead                           Min: 0, Avg:  0.0, Max: 0, Diff: 0, Sum: 0, Workers: 4
[126.417s][debug][gc,phases      ] GC(100)     Total                          Min: 0, Avg: 168.5, Max: 354, Diff: 354, Sum: 674, Workers: 4
[126.417s][debug][gc,phases      ] GC(100)   ObjectSynchronizer Weak        Min:  0.0, Avg:  0.0, Max:  0.0, Diff:  0.0, Sum:  0.0, Workers: 4
[126.417s][debug][gc,phases      ] GC(100)     Dead                           Min: 0, Avg:  0.0, Max: 0, Diff: 0, Sum: 0, Workers: 4
[126.417s][debug][gc,phases      ] GC(100)     Total                          Min: 0, Avg: 84.8, Max: 147, Diff: 147, Sum: 339, Workers: 4
[126.417s][debug][gc,phases      ] GC(100)   JVMTI Tag Weak OopStorage      Min:  0.0, Avg:  0.0, Max:  0.0, Diff:  0.0, Sum:  0.0, Workers: 4
[126.417s][debug][gc,phases      ] GC(100)     Dead                           Min: 0, Avg:  0.0, Max: 0, Diff: 0, Sum: 0, Workers: 4
[126.417s][debug][gc,phases      ] GC(100)     Total                          Min: 0, Avg:  0.0, Max: 0, Diff: 0, Sum: 0, Workers: 4
[126.417s][debug][gc,phases      ] GC(100)   StringTable Weak               Min:  0.1, Avg:  0.1, Max:  0.1, Diff:  0.0, Sum:  0.5, Workers: 4
[126.417s][debug][gc,phases      ] GC(100)     Dead                           Min: 0, Avg:  0.8, Max: 2, Diff: 2, Sum: 3, Workers: 4
[126.417s][debug][gc,phases      ] GC(100)     Total                          Min: 11200, Avg: 11913.2, Max: 13312, Diff: 2112, Sum: 47653, Workers: 4
[126.417s][debug][gc,phases      ] GC(100)   ResolvedMethodTable Weak       Min:  0.0, Avg:  0.0, Max:  0.0, Diff:  0.0, Sum:  0.1, Workers: 4
[126.417s][debug][gc,phases      ] GC(100)     Dead                           Min: 0, Avg:  0.0, Max: 0, Diff: 0, Sum: 0, Workers: 4
[126.417s][debug][gc,phases      ] GC(100)     Total                          Min: 1179, Avg: 2007.2, Max: 2463, Diff: 1284, Sum: 8029, Workers: 4
[126.417s][debug][gc,phases      ] GC(100)   JNI Weak                       Min:  0.0, Avg:  0.0, Max:  0.0, Diff:  0.0, Sum:  0.0, Workers: 4
[126.417s][debug][gc,phases      ] GC(100)     Dead                           Min: 0, Avg:  0.0, Max: 0, Diff: 0, Sum: 0, Workers: 4
[126.417s][debug][gc,phases      ] GC(100)     Total                          Min: 0, Avg:  0.2, Max: 1, Diff: 1, Sum: 1, Workers: 4
[126.417s][debug][gc,phases      ] GC(100)   StringDedup Table Weak         Min:  0.0, Avg:  0.0, Max:  0.0, Diff:  0.0, Sum:  0.0, Workers: 4
[126.417s][debug][gc,phases      ] GC(100)     Dead                           Min: 0, Avg:  0.0, Max: 0, Diff: 0, Sum: 0, Workers: 4
[126.417s][debug][gc,phases      ] GC(100)     Total                          Min: 0, Avg:  0.0, Max: 0, Diff: 0, Sum: 0, Workers: 4
[126.417s][debug][gc,phases      ] GC(100)   StringDedup Requests0 Weak     Min:  0.0, Avg:  0.0, Max:  0.0, Diff:  0.0, Sum:  0.0, Workers: 4
[126.417s][debug][gc,phases      ] GC(100)     Dead                           Min: 0, Avg:  0.0, Max: 0, Diff: 0, Sum: 0, Workers: 4
[126.417s][debug][gc,phases      ] GC(100)     Total                          Min: 0, Avg:  0.0, Max: 0, Diff: 0, Sum: 0, Workers: 4
[126.417s][debug][gc,phases      ] GC(100)   StringDedup Requests1 Weak     Min:  0.0, Avg:  0.0, Max:  0.0, Diff:  0.0, Sum:  0.0, Workers: 4
[126.417s][debug][gc,phases      ] GC(100)     Dead                           Min: 0, Avg:  0.0, Max: 0, Diff: 0, Sum: 0, Workers: 4
[126.417s][debug][gc,phases      ] GC(100)     Total                          Min: 0, Avg:  0.0, Max: 0, Diff: 0, Sum: 0, Workers: 4
[126.417s][debug][gc,phases      ] GC(100)   Weak JFR Old Object Samples    Min:  0.0, Avg:  0.0, Max:  0.0, Diff:  0.0, Sum:  0.0, Workers: 4
[126.417s][debug][gc,phases      ] GC(100)     Dead                           Min: 0, Avg:  0.0, Max: 0, Diff: 0, Sum: 0, Workers: 4
[126.417s][debug][gc,phases      ] GC(100)     Total                          Min: 0, Avg:  0.0, Max: 0, Diff: 0, Sum: 0, Workers: 4
[126.417s][debug][gc,phases      ] GC(100) Weak Processing 1.559ms
[126.417s][debug][gc,age         ] GC(100) Desired survivor size 95420416 bytes, new threshold 15 (max threshold 15)
[126.417s][info ][gc,heap        ] GC(100) PSYoungGen: 1967734K(1968128K)->54104K(2003968K) Eden: 1906688K(1906688K)->0K(1908224K) From: 61046K(61440K)->54104K(95744K)
[126.417s][info ][gc,heap        ] GC(100) ParOldGen: 371524K(429056K)->388968K(429056K)
[126.417s][info ][gc,metaspace   ] GC(100) Metaspace: 81912K(82752K)->81912K(82752K) NonClass: 70347K(70784K)->70347K(70784K) Class: 11564K(11968K)->11564K(11968K)
[126.417s][info ][gc             ] GC(100) Pause Young (Allocation Failure) 2284M->432M(2376M) 23.914ms
[126.417s][info ][gc,cpu         ] GC(100) User=0.10s Sys=0.00s Real=0.02s
[126.417s][info ][safepoint      ] Safepoint "ParallelGCFailedAllocation", Time since last: 543297654 ns, Reaching safepoint: 2170956 ns, At safepoint: 24020421 ns, Total: 26191377 ns
[127.417s][info ][safepoint      ] Safepoint "Cleanup", Time since last: 1000089772 ns, Reaching safepoint: 72502 ns, At safepoint: 8900 ns, Total: 81402 ns
[128.417s][info ][safepoint      ] Safepoint "Cleanup", Time since last: 1000113275 ns, Reaching safepoint: 65902 ns, At safepoint: 3300 ns, Total: 69202 ns
[129.417s][info ][safepoint      ] Safepoint "Cleanup", Time since last: 1000119978 ns, Reaching safepoint: 133703 ns, At safepoint: 12901 ns, Total: 146604 ns
[130.418s][info ][safepoint      ] Safepoint "Cleanup", Time since last: 1000119580 ns, Reaching safepoint: 110603 ns, At safepoint: 6100 ns, Total: 116703 ns
[131.418s][info ][safepoint      ] Safepoint "Cleanup", Time since last: 1000118083 ns, Reaching safepoint: 64902 ns, At safepoint: 3900 ns, Total: 68802 ns
[132.418s][info ][safepoint      ] Safepoint "Cleanup", Time since last: 1000125086 ns, Reaching safepoint: 57001 ns, At safepoint: 9500 ns, Total: 66501 ns
[133.418s][info ][safepoint      ] Safepoint "Cleanup", Time since last: 1000110388 ns, Reaching safepoint: 79403 ns, At safepoint: 3700 ns, Total: 83103 ns
[134.418s][info ][safepoint      ] Safepoint "Cleanup", Time since last: 1000117290 ns, Reaching safepoint: 63702 ns, At safepoint: 10600 ns, Total: 74302 ns
[135.419s][info ][safepoint      ] Safepoint "Cleanup", Time since last: 1000104793 ns, Reaching safepoint: 70402 ns, At safepoint: 11700 ns, Total: 82102 ns
[136.419s][info ][safepoint      ] Safepoint "Cleanup", Time since last: 1000114296 ns, Reaching safepoint: 92303 ns, At safepoint: 13500 ns, Total: 105803 ns
[137.419s][info ][safepoint      ] Safepoint "Cleanup", Time since last: 1000119099 ns, Reaching safepoint: 96402 ns, At safepoint: 11000 ns, Total: 107402 ns
[138.419s][info ][safepoint      ] Safepoint "Cleanup", Time since last: 1000119901 ns, Reaching safepoint: 69102 ns, At safepoint: 4100 ns, Total: 73202 ns
[139.419s][info ][safepoint      ] Safepoint "Cleanup", Time since last: 1000120804 ns, Reaching safepoint: 66102 ns, At safepoint: 8800 ns, Total: 74902 ns
[140.420s][info ][safepoint      ] Safepoint "Cleanup", Time since last: 1000114306 ns, Reaching safepoint: 60502 ns, At safepoint: 3500 ns, Total: 64002 ns
[141.420s][info ][safepoint      ] Safepoint "Cleanup", Time since last: 1000153609 ns, Reaching safepoint: 92203 ns, At safepoint: 11600 ns, Total: 103803 ns
[142.420s][info ][safepoint      ] Safepoint "Cleanup", Time since last: 1000482321 ns, Reaching safepoint: 75902 ns, At safepoint: 10700 ns, Total: 86602 ns
[143.421s][info ][safepoint      ] Safepoint "Cleanup", Time since last: 1000124514 ns, Reaching safepoint: 87002 ns, At safepoint: 12001 ns, Total: 99003 ns
[145.067s][info ][safepoint      ] Safepoint "Cleanup", Time since last: 1645998154 ns, Reaching safepoint: 135104 ns, At safepoint: 12600 ns, Total: 147704 ns
[147.067s][info ][safepoint      ] Safepoint "Cleanup", Time since last: 2000200242 ns, Reaching safepoint: 52402 ns, At safepoint: 7100 ns, Total: 59502 ns
[148.069s][info ][safepoint      ] Safepoint "Cleanup", Time since last: 1001832170 ns, Reaching safepoint: 98803 ns, At safepoint: 23100 ns, Total: 121903 ns
[149.069s][info ][safepoint      ] Safepoint "Cleanup", Time since last: 1000137129 ns, Reaching safepoint: 57201 ns, At safepoint: 7600 ns, Total: 64801 ns
[150.069s][info ][safepoint      ] Safepoint "Cleanup", Time since last: 1000110731 ns, Reaching safepoint: 59801 ns, At safepoint: 3200 ns, Total: 63001 ns
[154.070s][info ][safepoint      ] Safepoint "Cleanup", Time since last: 4000475247 ns, Reaching safepoint: 75402 ns, At safepoint: 8301 ns, Total: 83703 ns
[155.070s][info ][safepoint      ] Safepoint "Cleanup", Time since last: 1000102242 ns, Reaching safepoint: 91003 ns, At safepoint: 5800 ns, Total: 96803 ns
[156.070s][info ][safepoint      ] Safepoint "Cleanup", Time since last: 1000119045 ns, Reaching safepoint: 48801 ns, At safepoint: 3101 ns, Total: 51902 ns
[158.071s][info ][safepoint      ] Safepoint "Cleanup", Time since last: 2000265899 ns, Reaching safepoint: 113303 ns, At safepoint: 6800 ns, Total: 120103 ns
[159.071s][info ][safepoint      ] Safepoint "Cleanup", Time since last: 1000140653 ns, Reaching safepoint: 112203 ns, At safepoint: 8500 ns, Total: 120703 ns
[160.071s][info ][safepoint      ] Safepoint "Cleanup", Time since last: 1000127056 ns, Reaching safepoint: 68602 ns, At safepoint: 14400 ns, Total: 83002 ns
[161.071s][info ][safepoint      ] Safepoint "Cleanup", Time since last: 1000120758 ns, Reaching safepoint: 67402 ns, At safepoint: 10900 ns, Total: 78302 ns
[162.072s][info ][safepoint      ] Safepoint "Cleanup", Time since last: 1000136161 ns, Reaching safepoint: 73401 ns, At safepoint: 13001 ns, Total: 86402 ns
[163.072s][info ][safepoint      ] Safepoint "Cleanup", Time since last: 1000114662 ns, Reaching safepoint: 89103 ns, At safepoint: 8800 ns, Total: 97903 ns
[164.072s][info ][safepoint      ] Safepoint "Cleanup", Time since last: 1000124165 ns, Reaching safepoint: 59402 ns, At safepoint: 5000 ns, Total: 64402 ns
[165.072s][info ][safepoint      ] Safepoint "Cleanup", Time since last: 1000140368 ns, Reaching safepoint: 71602 ns, At safepoint: 10400 ns, Total: 82002 ns
[166.072s][info ][safepoint      ] Safepoint "Cleanup", Time since last: 1000117170 ns, Reaching safepoint: 61902 ns, At safepoint: 7000 ns, Total: 68902 ns
[167.073s][info ][safepoint      ] Safepoint "Cleanup", Time since last: 1000117172 ns, Reaching safepoint: 193705 ns, At safepoint: 14300 ns, Total: 208005 ns
[168.073s][info ][safepoint      ] Safepoint "Cleanup", Time since last: 1000122875 ns, Reaching safepoint: 63602 ns, At safepoint: 6400 ns, Total: 70002 ns
[169.073s][info ][safepoint      ] Safepoint "Cleanup", Time since last: 1000122877 ns, Reaching safepoint: 67702 ns, At safepoint: 11000 ns, Total: 78702 ns
[170.074s][info ][safepoint      ] Safepoint "Cleanup", Time since last: 1000574992 ns, Reaching safepoint: 77802 ns, At safepoint: 3200 ns, Total: 81002 ns
[171.074s][info ][safepoint      ] Safepoint "Cleanup", Time since last: 1000119482 ns, Reaching safepoint: 74602 ns, At safepoint: 8300 ns, Total: 82902 ns
[172.074s][info ][safepoint      ] Safepoint "Cleanup", Time since last: 1000116985 ns, Reaching safepoint: 65501 ns, At safepoint: 2700 ns, Total: 68201 ns
[173.074s][info ][safepoint      ] Safepoint "Cleanup", Time since last: 1000118587 ns, Reaching safepoint: 75002 ns, At safepoint: 10100 ns, Total: 85102 ns
[174.075s][info ][safepoint      ] Safepoint "Cleanup", Time since last: 1000086189 ns, Reaching safepoint: 69402 ns, At safepoint: 12200 ns, Total: 81602 ns
[175.075s][info ][safepoint      ] Safepoint "Cleanup", Time since last: 1000136392 ns, Reaching safepoint: 67502 ns, At safepoint: 4300 ns, Total: 71802 ns
[176.075s][info ][safepoint      ] Safepoint "Cleanup", Time since last: 1000118894 ns, Reaching safepoint: 66301 ns, At safepoint: 3701 ns, Total: 70002 ns
[177.075s][info ][safepoint      ] Safepoint "Cleanup", Time since last: 1000127896 ns, Reaching safepoint: 64602 ns, At safepoint: 7600 ns, Total: 72202 ns
[178.075s][info ][safepoint      ] Safepoint "Cleanup", Time since last: 1000120999 ns, Reaching safepoint: 63501 ns, At safepoint: 3601 ns, Total: 67102 ns
[179.076s][info ][safepoint      ] Safepoint "Cleanup", Time since last: 1000109300 ns, Reaching safepoint: 104803 ns, At safepoint: 9800 ns, Total: 114603 ns
[180.076s][info ][safepoint      ] Safepoint "Cleanup", Time since last: 1000118304 ns, Reaching safepoint: 65101 ns, At safepoint: 6901 ns, Total: 72002 ns
[181.857s][info ][safepoint      ] Safepoint "Cleanup", Time since last: 1781129015 ns, Reaching safepoint: 133404 ns, At safepoint: 14100 ns, Total: 147504 ns
[182.541s][info ][gc,start       ] GC(101) Pause Young (Allocation Failure)
[182.555s][debug][gc,phases      ] GC(101) Scavenge 13.754ms
[182.555s][debug][gc,ref         ] GC(101) Skipped phase 1 of Reference Processing: no references
[182.555s][debug][gc,ref         ] GC(101) ReferenceProcessor::execute queues: 1, RefProcThreadModel::Single, marks_oops_alive: false
[182.555s][debug][gc,ref         ] GC(101) Skipped phase 3 of Reference Processing: no references
[182.555s][debug][gc,ref         ] GC(101) ReferenceProcessor::execute queues: 1, RefProcThreadModel::Single, marks_oops_alive: false
[182.555s][debug][gc,phases      ] GC(101) Reference Processing 0.135ms
[182.555s][debug][gc,phases      ] GC(101)   VM Weak                        Min:  0.0, Avg:  0.0, Max:  0.0, Diff:  0.0, Sum:  0.0, Workers: 4
[182.555s][debug][gc,phases      ] GC(101)     Dead                           Min: 0, Avg:  0.0, Max: 0, Diff: 0, Sum: 0, Workers: 4
[182.555s][debug][gc,phases      ] GC(101)     Total                          Min: 0, Avg: 168.5, Max: 354, Diff: 354, Sum: 674, Workers: 4
[182.555s][debug][gc,phases      ] GC(101)   ObjectSynchronizer Weak        Min:  0.0, Avg:  0.0, Max:  0.0, Diff:  0.0, Sum:  0.0, Workers: 4
[182.555s][debug][gc,phases      ] GC(101)     Dead                           Min: 0, Avg:  0.0, Max: 0, Diff: 0, Sum: 0, Workers: 4
[182.555s][debug][gc,phases      ] GC(101)     Total                          Min: 0, Avg: 84.8, Max: 147, Diff: 147, Sum: 339, Workers: 4
[182.555s][debug][gc,phases      ] GC(101)   JVMTI Tag Weak OopStorage      Min:  0.0, Avg:  0.0, Max:  0.0, Diff:  0.0, Sum:  0.0, Workers: 4
[182.555s][debug][gc,phases      ] GC(101)     Dead                           Min: 0, Avg:  0.0, Max: 0, Diff: 0, Sum: 0, Workers: 4
[182.555s][debug][gc,phases      ] GC(101)     Total                          Min: 0, Avg:  0.0, Max: 0, Diff: 0, Sum: 0, Workers: 4
[182.555s][debug][gc,phases      ] GC(101)   StringTable Weak               Min:  0.1, Avg:  0.1, Max:  0.1, Diff:  0.0, Sum:  0.5, Workers: 4
[182.555s][debug][gc,phases      ] GC(101)     Dead                           Min: 0, Avg:  0.2, Max: 1, Diff: 1, Sum: 1, Workers: 4
[182.555s][debug][gc,phases      ] GC(101)     Total                          Min: 11648, Avg: 11937.2, Max: 12229, Diff: 581, Sum: 47749, Workers: 4
[182.555s][debug][gc,phases      ] GC(101)   ResolvedMethodTable Weak       Min:  0.0, Avg:  0.0, Max:  0.0, Diff:  0.0, Sum:  0.1, Workers: 4
[182.555s][debug][gc,phases      ] GC(101)     Dead                           Min: 0, Avg:  0.0, Max: 0, Diff: 0, Sum: 0, Workers: 4
[182.555s][debug][gc,phases      ] GC(101)     Total                          Min: 1773, Avg: 2012.0, Max: 2152, Diff: 379, Sum: 8048, Workers: 4
[182.555s][debug][gc,phases      ] GC(101)   JNI Weak                       Min:  0.0, Avg:  0.0, Max:  0.0, Diff:  0.0, Sum:  0.0, Workers: 4
[182.555s][debug][gc,phases      ] GC(101)     Dead                           Min: 0, Avg:  0.0, Max: 0, Diff: 0, Sum: 0, Workers: 4
[182.555s][debug][gc,phases      ] GC(101)     Total                          Min: 0, Avg:  0.0, Max: 0, Diff: 0, Sum: 0, Workers: 4
[182.555s][debug][gc,phases      ] GC(101)   StringDedup Table Weak         Min:  0.0, Avg:  0.0, Max:  0.0, Diff:  0.0, Sum:  0.0, Workers: 4
[182.555s][debug][gc,phases      ] GC(101)     Dead                           Min: 0, Avg:  0.0, Max: 0, Diff: 0, Sum: 0, Workers: 4
[182.555s][debug][gc,phases      ] GC(101)     Total                          Min: 0, Avg:  0.0, Max: 0, Diff: 0, Sum: 0, Workers: 4
[182.555s][debug][gc,phases      ] GC(101)   StringDedup Requests0 Weak     Min:  0.0, Avg:  0.0, Max:  0.0, Diff:  0.0, Sum:  0.0, Workers: 4
[182.555s][debug][gc,phases      ] GC(101)     Dead                           Min: 0, Avg:  0.0, Max: 0, Diff: 0, Sum: 0, Workers: 4
[182.555s][debug][gc,phases      ] GC(101)     Total                          Min: 0, Avg:  0.0, Max: 0, Diff: 0, Sum: 0, Workers: 4
[182.555s][debug][gc,phases      ] GC(101)   StringDedup Requests1 Weak     Min:  0.0, Avg:  0.0, Max:  0.0, Diff:  0.0, Sum:  0.0, Workers: 4
[182.555s][debug][gc,phases      ] GC(101)     Dead                           Min: 0, Avg:  0.0, Max: 0, Diff: 0, Sum: 0, Workers: 4
[182.555s][debug][gc,phases      ] GC(101)     Total                          Min: 0, Avg:  0.0, Max: 0, Diff: 0, Sum: 0, Workers: 4
[182.555s][debug][gc,phases      ] GC(101)   Weak JFR Old Object Samples    Min:  0.0, Avg:  0.0, Max:  0.0, Diff:  0.0, Sum:  0.0, Workers: 4
[182.555s][debug][gc,phases      ] GC(101)     Dead                           Min: 0, Avg:  0.0, Max: 0, Diff: 0, Sum: 0, Workers: 4
[182.555s][debug][gc,phases      ] GC(101)     Total                          Min: 0, Avg:  0.0, Max: 0, Diff: 0, Sum: 0, Workers: 4
[182.555s][debug][gc,phases      ] GC(101) Weak Processing 0.341ms
[182.555s][debug][gc,age         ] GC(101) Desired survivor size 91750400 bytes, new threshold 15 (max threshold 15)
[182.555s][info ][gc,heap        ] GC(101) PSYoungGen: 1962328K(2003968K)->49859K(2001408K) Eden: 1908224K(1908224K)->0K(1908224K) From: 54104K(95744K)->49859K(93184K)
[182.555s][info ][gc,heap        ] GC(101) ParOldGen: 388968K(429056K)->390057K(429056K)
[182.555s][info ][gc,metaspace   ] GC(101) Metaspace: 82254K(83136K)->82254K(83136K) NonClass: 70675K(71168K)->70675K(71168K) Class: 11579K(11968K)->11579K(11968K)
[182.555s][info ][gc             ] GC(101) Pause Young (Allocation Failure) 2296M->429M(2373M) 14.374ms
[182.556s][info ][gc,cpu         ] GC(101) User=0.05s Sys=0.00s Real=0.01s
[182.556s][info ][safepoint      ] Safepoint "ParallelGCFailedAllocation", Time since last: 683890186 ns, Reaching safepoint: 129403 ns, At safepoint: 14461676 ns, Total: 14591079 ns
[184.416s][info ][safepoint      ] Safepoint "Cleanup", Time since last: 1860507491 ns, Reaching safepoint: 74502 ns, At safepoint: 4100 ns, Total: 78602 ns
[185.416s][info ][safepoint      ] Safepoint "Cleanup", Time since last: 1000116916 ns, Reaching safepoint: 82802 ns, At safepoint: 10901 ns, Total: 93703 ns
[187.417s][info ][safepoint      ] Safepoint "Cleanup", Time since last: 2000204238 ns, Reaching safepoint: 58201 ns, At safepoint: 7900 ns, Total: 66101 ns
[188.417s][info ][safepoint      ] Safepoint "Cleanup", Time since last: 1000115623 ns, Reaching safepoint: 67002 ns, At safepoint: 8500 ns, Total: 75502 ns
[189.417s][info ][safepoint      ] Safepoint "Cleanup", Time since last: 1000119526 ns, Reaching safepoint: 59901 ns, At safepoint: 13900 ns, Total: 73801 ns
[190.418s][info ][safepoint      ] Safepoint "Cleanup", Time since last: 1000829447 ns, Reaching safepoint: 81002 ns, At safepoint: 3200 ns, Total: 84202 ns
[191.420s][info ][safepoint      ] Safepoint "Cleanup", Time since last: 1001918076 ns, Reaching safepoint: 95503 ns, At safepoint: 6100 ns, Total: 101603 ns
[192.420s][info ][safepoint      ] Safepoint "Cleanup", Time since last: 1000155433 ns, Reaching safepoint: 55702 ns, At safepoint: 3600 ns, Total: 59302 ns
[193.420s][info ][safepoint      ] Safepoint "Cleanup", Time since last: 1000115034 ns, Reaching safepoint: 95703 ns, At safepoint: 10000 ns, Total: 105703 ns
[194.421s][info ][safepoint      ] Safepoint "Cleanup", Time since last: 1000133237 ns, Reaching safepoint: 88702 ns, At safepoint: 11401 ns, Total: 100103 ns
[195.421s][info ][safepoint      ] Safepoint "Cleanup", Time since last: 1000141339 ns, Reaching safepoint: 73602 ns, At safepoint: 10001 ns, Total: 83603 ns
[196.421s][info ][safepoint      ] Safepoint "Cleanup", Time since last: 1000119441 ns, Reaching safepoint: 66902 ns, At safepoint: 8800 ns, Total: 75702 ns
[197.421s][info ][safepoint      ] Safepoint "Cleanup", Time since last: 1000134844 ns, Reaching safepoint: 61902 ns, At safepoint: 6400 ns, Total: 68302 ns
[200.422s][info ][safepoint      ] Safepoint "Cleanup", Time since last: 3000369845 ns, Reaching safepoint: 176704 ns, At safepoint: 9301 ns, Total: 186005 ns
[201.422s][info ][safepoint      ] Safepoint "Cleanup", Time since last: 1000128653 ns, Reaching safepoint: 85102 ns, At safepoint: 10100 ns, Total: 95202 ns
[202.422s][info ][safepoint      ] Safepoint "Cleanup", Time since last: 1000117255 ns, Reaching safepoint: 68602 ns, At safepoint: 9600 ns, Total: 78202 ns
[203.422s][info ][safepoint      ] Safepoint "Cleanup", Time since last: 1000122958 ns, Reaching safepoint: 64601 ns, At safepoint: 2900 ns, Total: 67501 ns
[204.423s][info ][safepoint      ] Safepoint "Cleanup", Time since last: 1000120160 ns, Reaching safepoint: 85002 ns, At safepoint: 8700 ns, Total: 93702 ns
[205.423s][info ][safepoint      ] Safepoint "Cleanup", Time since last: 1000127062 ns, Reaching safepoint: 68702 ns, At safepoint: 7800 ns, Total: 76502 ns
[206.423s][info ][safepoint      ] Safepoint "Cleanup", Time since last: 1000112464 ns, Reaching safepoint: 57502 ns, At safepoint: 3300 ns, Total: 60802 ns
[208.424s][info ][safepoint      ] Safepoint "Cleanup", Time since last: 2000195433 ns, Reaching safepoint: 844422 ns, At safepoint: 12701 ns, Total: 857123 ns
[209.424s][info ][safepoint      ] Safepoint "Cleanup", Time since last: 1000124871 ns, Reaching safepoint: 61801 ns, At safepoint: 9100 ns, Total: 70901 ns
[210.424s][info ][safepoint      ] Safepoint "Cleanup", Time since last: 1000118673 ns, Reaching safepoint: 75102 ns, At safepoint: 9000 ns, Total: 84102 ns
[211.425s][info ][safepoint      ] Safepoint "Cleanup", Time since last: 1000112075 ns, Reaching safepoint: 73702 ns, At safepoint: 11401 ns, Total: 85103 ns
[212.425s][info ][safepoint      ] Safepoint "Cleanup", Time since last: 1000136578 ns, Reaching safepoint: 72101 ns, At safepoint: 10301 ns, Total: 82402 ns
[213.425s][info ][safepoint      ] Safepoint "Cleanup", Time since last: 1000125379 ns, Reaching safepoint: 70902 ns, At safepoint: 17101 ns, Total: 88003 ns
[214.425s][info ][safepoint      ] Safepoint "Cleanup", Time since last: 1000119382 ns, Reaching safepoint: 296107 ns, At safepoint: 11401 ns, Total: 307508 ns
[217.426s][info ][safepoint      ] Safepoint "Cleanup", Time since last: 3000264456 ns, Reaching safepoint: 65001 ns, At safepoint: 12801 ns, Total: 77802 ns
[218.426s][info ][safepoint      ] Safepoint "Cleanup", Time since last: 1000114790 ns, Reaching safepoint: 72602 ns, At safepoint: 10300 ns, Total: 82902 ns
[221.426s][info ][safepoint      ] Safepoint "Cleanup", Time since last: 3000223582 ns, Reaching safepoint: 63101 ns, At safepoint: 10501 ns, Total: 73602 ns
[222.427s][info ][safepoint      ] Safepoint "Cleanup", Time since last: 1000116499 ns, Reaching safepoint: 63902 ns, At safepoint: 4900 ns, Total: 68802 ns
[225.427s][info ][safepoint      ] Safepoint "Cleanup", Time since last: 3000348610 ns, Reaching safepoint: 57502 ns, At safepoint: 7500 ns, Total: 65002 ns
[226.427s][info ][safepoint      ] Safepoint "Cleanup", Time since last: 1000117108 ns, Reaching safepoint: 56701 ns, At safepoint: 6201 ns, Total: 62902 ns
[227.427s][info ][safepoint      ] Safepoint "Cleanup", Time since last: 1000109709 ns, Reaching safepoint: 59502 ns, At safepoint: 5400 ns, Total: 64902 ns
[228.428s][info ][safepoint      ] Safepoint "Cleanup", Time since last: 1000123112 ns, Reaching safepoint: 108503 ns, At safepoint: 7201 ns, Total: 115704 ns
[232.428s][info ][safepoint      ] Safepoint "Cleanup", Time since last: 4000341066 ns, Reaching safepoint: 75602 ns, At safepoint: 4600 ns, Total: 80202 ns
[233.428s][info ][safepoint      ] Safepoint "Cleanup", Time since last: 1000106623 ns, Reaching safepoint: 88702 ns, At safepoint: 11201 ns, Total: 99903 ns
[236.428s][info ][safepoint      ] Safepoint "Cleanup", Time since last: 3000273879 ns, Reaching safepoint: 69602 ns, At safepoint: 9300 ns, Total: 78902 ns
[237.429s][info ][safepoint      ] Safepoint "Cleanup", Time since last: 1000116831 ns, Reaching safepoint: 66602 ns, At safepoint: 10600 ns, Total: 77202 ns
[238.429s][info ][safepoint      ] Safepoint "Cleanup", Time since last: 1000111934 ns, Reaching safepoint: 60101 ns, At safepoint: 5800 ns, Total: 65901 ns
[241.429s][info ][safepoint      ] Safepoint "Cleanup", Time since last: 3000259711 ns, Reaching safepoint: 65402 ns, At safepoint: 4400 ns, Total: 69802 ns
[243.429s][info ][safepoint      ] Safepoint "Cleanup", Time since last: 2000201985 ns, Reaching safepoint: 75102 ns, At safepoint: 8000 ns, Total: 83102 ns
[244.430s][info ][safepoint      ] Safepoint "Cleanup", Time since last: 1000123646 ns, Reaching safepoint: 62702 ns, At safepoint: 12700 ns, Total: 75402 ns
[244.545s][info ][gc,start       ] GC(102) Pause Young (Allocation Failure)
[244.560s][debug][gc,phases      ] GC(102) Scavenge 14.931ms
[244.560s][debug][gc,ref         ] GC(102) Skipped phase 1 of Reference Processing: no references
[244.560s][debug][gc,ref         ] GC(102) ReferenceProcessor::execute queues: 1, RefProcThreadModel::Single, marks_oops_alive: false
[244.560s][debug][gc,ref         ] GC(102) Skipped phase 3 of Reference Processing: no references
[244.560s][debug][gc,ref         ] GC(102) ReferenceProcessor::execute queues: 1, RefProcThreadModel::Single, marks_oops_alive: false
[244.560s][debug][gc,phases      ] GC(102) Reference Processing 0.146ms
[244.560s][debug][gc,phases      ] GC(102)   VM Weak                        Min:  0.0, Avg:  0.0, Max:  0.0, Diff:  0.0, Sum:  0.0, Workers: 4
[244.560s][debug][gc,phases      ] GC(102)     Dead                           Min: 0, Avg:  0.0, Max: 0, Diff: 0, Sum: 0, Workers: 4
[244.560s][debug][gc,phases      ] GC(102)     Total                          Min: 0, Avg: 169.0, Max: 356, Diff: 356, Sum: 676, Workers: 4
[244.560s][debug][gc,phases      ] GC(102)   ObjectSynchronizer Weak        Min:  0.0, Avg:  0.0, Max:  0.0, Diff:  0.0, Sum:  0.0, Workers: 4
[244.560s][debug][gc,phases      ] GC(102)     Dead                           Min: 0, Avg:  0.0, Max: 0, Diff: 0, Sum: 0, Workers: 4
[244.560s][debug][gc,phases      ] GC(102)     Total                          Min: 0, Avg: 84.8, Max: 147, Diff: 147, Sum: 339, Workers: 4
[244.560s][debug][gc,phases      ] GC(102)   JVMTI Tag Weak OopStorage      Min:  0.0, Avg:  0.0, Max:  0.0, Diff:  0.0, Sum:  0.0, Workers: 4
[244.560s][debug][gc,phases      ] GC(102)     Dead                           Min: 0, Avg:  0.0, Max: 0, Diff: 0, Sum: 0, Workers: 4
[244.560s][debug][gc,phases      ] GC(102)     Total                          Min: 0, Avg:  0.0, Max: 0, Diff: 0, Sum: 0, Workers: 4
[244.560s][debug][gc,phases      ] GC(102)   StringTable Weak               Min:  0.1, Avg:  0.1, Max:  0.1, Diff:  0.0, Sum:  0.6, Workers: 4
[244.560s][debug][gc,phases      ] GC(102)     Dead                           Min: 0, Avg:  0.2, Max: 1, Diff: 1, Sum: 1, Workers: 4
[244.560s][debug][gc,phases      ] GC(102)     Total                          Min: 10944, Avg: 11955.5, Max: 12992, Diff: 2048, Sum: 47822, Workers: 4
[244.560s][debug][gc,phases      ] GC(102)   ResolvedMethodTable Weak       Min:  0.0, Avg:  0.0, Max:  0.0, Diff:  0.0, Sum:  0.1, Workers: 4
[244.560s][debug][gc,phases      ] GC(102)     Dead                           Min: 0, Avg:  4.2, Max: 16, Diff: 16, Sum: 17, Workers: 4
[244.560s][debug][gc,phases      ] GC(102)     Total                          Min: 1838, Avg: 2024.2, Max: 2146, Diff: 308, Sum: 8097, Workers: 4
[244.560s][debug][gc,phases      ] GC(102)   JNI Weak                       Min:  0.0, Avg:  0.0, Max:  0.0, Diff:  0.0, Sum:  0.0, Workers: 4
[244.560s][debug][gc,phases      ] GC(102)     Dead                           Min: 0, Avg:  0.0, Max: 0, Diff: 0, Sum: 0, Workers: 4
[244.560s][debug][gc,phases      ] GC(102)     Total                          Min: 0, Avg:  0.0, Max: 0, Diff: 0, Sum: 0, Workers: 4
[244.560s][debug][gc,phases      ] GC(102)   StringDedup Table Weak         Min:  0.0, Avg:  0.0, Max:  0.0, Diff:  0.0, Sum:  0.0, Workers: 4
[244.560s][debug][gc,phases      ] GC(102)     Dead                           Min: 0, Avg:  0.0, Max: 0, Diff: 0, Sum: 0, Workers: 4
[244.560s][debug][gc,phases      ] GC(102)     Total                          Min: 0, Avg:  0.0, Max: 0, Diff: 0, Sum: 0, Workers: 4
[244.560s][debug][gc,phases      ] GC(102)   StringDedup Requests0 Weak     Min:  0.0, Avg:  0.0, Max:  0.0, Diff:  0.0, Sum:  0.0, Workers: 4
[244.560s][debug][gc,phases      ] GC(102)     Dead                           Min: 0, Avg:  0.0, Max: 0, Diff: 0, Sum: 0, Workers: 4
[244.560s][debug][gc,phases      ] GC(102)     Total                          Min: 0, Avg:  0.0, Max: 0, Diff: 0, Sum: 0, Workers: 4
[244.560s][debug][gc,phases      ] GC(102)   StringDedup Requests1 Weak     Min:  0.0, Avg:  0.0, Max:  0.0, Diff:  0.0, Sum:  0.0, Workers: 4
[244.560s][debug][gc,phases      ] GC(102)     Dead                           Min: 0, Avg:  0.0, Max: 0, Diff: 0, Sum: 0, Workers: 4
[244.560s][debug][gc,phases      ] GC(102)     Total                          Min: 0, Avg:  0.0, Max: 0, Diff: 0, Sum: 0, Workers: 4
[244.560s][debug][gc,phases      ] GC(102)   Weak JFR Old Object Samples    Min:  0.0, Avg:  0.0, Max:  0.0, Diff:  0.0, Sum:  0.0, Workers: 4
[244.560s][debug][gc,phases      ] GC(102)     Dead                           Min: 0, Avg:  0.0, Max: 0, Diff: 0, Sum: 0, Workers: 4
[244.560s][debug][gc,phases      ] GC(102)     Total                          Min: 0, Avg:  0.0, Max: 0, Diff: 0, Sum: 0, Workers: 4
[244.560s][debug][gc,phases      ] GC(102) Weak Processing 0.372ms
[244.560s][debug][gc,age         ] GC(102) Desired survivor size 87556096 bytes, new threshold 15 (max threshold 15)
[244.560s][info ][gc,heap        ] GC(102) PSYoungGen: 1958083K(2001408K)->48818K(2011648K) Eden: 1908224K(1908224K)->0K(1922048K) From: 49859K(93184K)->48818K(89600K)
[244.560s][info ][gc,heap        ] GC(102) ParOldGen: 390057K(429056K)->391257K(429056K)
[244.560s][info ][gc,metaspace   ] GC(102) Metaspace: 82596K(83520K)->82596K(83520K) NonClass: 70992K(71488K)->70992K(71488K) Class: 11604K(12032K)->11604K(12032K)
[244.560s][info ][gc             ] GC(102) Pause Young (Allocation Failure) 2293M->429M(2383M) 15.603ms
[244.560s][info ][gc,cpu         ] GC(102) User=0.06s Sys=0.00s Real=0.02s
[244.560s][info ][safepoint      ] Safepoint "ParallelGCFailedAllocation", Time since last: 114866403 ns, Reaching safepoint: 36101 ns, At safepoint: 15689010 ns, Total: 15725111 ns
[245.560s][info ][safepoint      ] Safepoint "Cleanup", Time since last: 1000101248 ns, Reaching safepoint: 79202 ns, At safepoint: 7400 ns, Total: 86602 ns
[246.561s][info ][safepoint      ] Safepoint "Cleanup", Time since last: 1000119751 ns, Reaching safepoint: 56401 ns, At safepoint: 9301 ns, Total: 65702 ns
[247.561s][info ][safepoint      ] Safepoint "Cleanup", Time since last: 1000129452 ns, Reaching safepoint: 69202 ns, At safepoint: 5900 ns, Total: 75102 ns
[248.561s][info ][safepoint      ] Safepoint "Cleanup", Time since last: 1000112955 ns, Reaching safepoint: 70102 ns, At safepoint: 10700 ns, Total: 80802 ns
[249.561s][info ][safepoint      ] Safepoint "Cleanup", Time since last: 1000119357 ns, Reaching safepoint: 93002 ns, At safepoint: 10200 ns, Total: 103202 ns
[250.561s][info ][safepoint      ] Safepoint "Cleanup", Time since last: 1000115759 ns, Reaching safepoint: 72702 ns, At safepoint: 9500 ns, Total: 82202 ns
[251.562s][info ][safepoint      ] Safepoint "Cleanup", Time since last: 1000122161 ns, Reaching safepoint: 67802 ns, At safepoint: 11100 ns, Total: 78902 ns
[253.562s][info ][safepoint      ] Safepoint "Cleanup", Time since last: 2000195127 ns, Reaching safepoint: 58101 ns, At safepoint: 9500 ns, Total: 67601 ns
[254.562s][info ][safepoint      ] Safepoint "Cleanup", Time since last: 1000123467 ns, Reaching safepoint: 70502 ns, At safepoint: 9301 ns, Total: 79803 ns
[255.562s][info ][safepoint      ] Safepoint "Cleanup", Time since last: 1000117168 ns, Reaching safepoint: 71502 ns, At safepoint: 5700 ns, Total: 77202 ns
[256.563s][info ][safepoint      ] Safepoint "Cleanup", Time since last: 1000132572 ns, Reaching safepoint: 84702 ns, At safepoint: 11300 ns, Total: 96002 ns
[258.563s][info ][safepoint      ] Safepoint "Cleanup", Time since last: 2000218448 ns, Reaching safepoint: 76702 ns, At safepoint: 10100 ns, Total: 86802 ns
[259.563s][info ][safepoint      ] Safepoint "Cleanup", Time since last: 1000137778 ns, Reaching safepoint: 85702 ns, At safepoint: 5900 ns, Total: 91602 ns
[266.564s][info ][safepoint      ] Safepoint "Cleanup", Time since last: 7000599290 ns, Reaching safepoint: 61601 ns, At safepoint: 3800 ns, Total: 65401 ns
[267.564s][info ][safepoint      ] Safepoint "Cleanup", Time since last: 1000138494 ns, Reaching safepoint: 79902 ns, At safepoint: 6400 ns, Total: 86302 ns
[270.564s][info ][safepoint      ] Safepoint "Cleanup", Time since last: 3000276689 ns, Reaching safepoint: 73702 ns, At safepoint: 3400 ns, Total: 77102 ns
[272.565s][info ][safepoint      ] Safepoint "Cleanup", Time since last: 2000190103 ns, Reaching safepoint: 80402 ns, At safepoint: 12400 ns, Total: 92802 ns
[273.565s][info ][safepoint      ] Safepoint "Cleanup", Time since last: 1000124406 ns, Reaching safepoint: 58701 ns, At safepoint: 4400 ns, Total: 63101 ns
[274.565s][info ][safepoint      ] Safepoint "Cleanup", Time since last: 1000115607 ns, Reaching safepoint: 60202 ns, At safepoint: 4900 ns, Total: 65102 ns
[275.565s][info ][safepoint      ] Safepoint "Cleanup", Time since last: 1000123509 ns, Reaching safepoint: 66101 ns, At safepoint: 7201 ns, Total: 73302 ns
[277.145s][info ][safepoint      ] Safepoint "Cleanup", Time since last: 1579803804 ns, Reaching safepoint: 176404 ns, At safepoint: 10101 ns, Total: 186505 ns
[278.145s][info ][safepoint      ] Safepoint "Cleanup", Time since last: 1000129314 ns, Reaching safepoint: 68401 ns, At safepoint: 13801 ns, Total: 82202 ns
[279.146s][info ][safepoint      ] Safepoint "Cleanup", Time since last: 1000152017 ns, Reaching safepoint: 139403 ns, At safepoint: 6800 ns, Total: 146203 ns
[286.146s][info ][safepoint      ] Safepoint "Cleanup", Time since last: 7000523557 ns, Reaching safepoint: 136704 ns, At safepoint: 7300 ns, Total: 144004 ns
[289.147s][info ][safepoint      ] Safepoint "Cleanup", Time since last: 3000267497 ns, Reaching safepoint: 71402 ns, At safepoint: 8800 ns, Total: 80202 ns
[290.147s][info ][safepoint      ] Safepoint "Cleanup", Time since last: 1000157438 ns, Reaching safepoint: 125704 ns, At safepoint: 5500 ns, Total: 131204 ns
[291.147s][info ][safepoint      ] Safepoint "Cleanup", Time since last: 1000107438 ns, Reaching safepoint: 49602 ns, At safepoint: 3300 ns, Total: 52902 ns
[292.147s][info ][safepoint      ] Safepoint "Cleanup", Time since last: 1000123041 ns, Reaching safepoint: 64801 ns, At safepoint: 5401 ns, Total: 70202 ns
[293.147s][info ][safepoint      ] Safepoint "Cleanup", Time since last: 1000104942 ns, Reaching safepoint: 45401 ns, At safepoint: 2700 ns, Total: 48101 ns
[294.148s][info ][safepoint      ] Safepoint "Cleanup", Time since last: 1000115045 ns, Reaching safepoint: 50301 ns, At safepoint: 3200 ns, Total: 53501 ns
[295.148s][info ][safepoint      ] Safepoint "Cleanup", Time since last: 1000111146 ns, Reaching safepoint: 51502 ns, At safepoint: 3000 ns, Total: 54502 ns
[298.148s][info ][safepoint      ] Safepoint "Cleanup", Time since last: 3000249147 ns, Reaching safepoint: 121704 ns, At safepoint: 6500 ns, Total: 128204 ns
[299.148s][info ][safepoint      ] Safepoint "Cleanup", Time since last: 1000117054 ns, Reaching safepoint: 58001 ns, At safepoint: 3400 ns, Total: 61401 ns
[300.149s][info ][safepoint      ] Safepoint "Cleanup", Time since last: 1000113856 ns, Reaching safepoint: 51401 ns, At safepoint: 3400 ns, Total: 54801 ns
[301.149s][info ][safepoint      ] Safepoint "Cleanup", Time since last: 1000108858 ns, Reaching safepoint: 53701 ns, At safepoint: 3800 ns, Total: 57501 ns
[302.149s][info ][safepoint      ] Safepoint "Cleanup", Time since last: 1000109960 ns, Reaching safepoint: 53501 ns, At safepoint: 5200 ns, Total: 58701 ns
[304.149s][info ][safepoint      ] Safepoint "Cleanup", Time since last: 2000174223 ns, Reaching safepoint: 58102 ns, At safepoint: 3100 ns, Total: 61202 ns
[305.149s][info ][safepoint      ] Safepoint "Cleanup", Time since last: 1000114065 ns, Reaching safepoint: 68302 ns, At safepoint: 3600 ns, Total: 71902 ns
[306.149s][info ][safepoint      ] Safepoint "Cleanup", Time since last: 1000112466 ns, Reaching safepoint: 49002 ns, At safepoint: 2900 ns, Total: 51902 ns
[311.150s][info ][safepoint      ] Safepoint "Cleanup", Time since last: 5000380656 ns, Reaching safepoint: 67702 ns, At safepoint: 3500 ns, Total: 71202 ns
[312.150s][info ][safepoint      ] Safepoint "Cleanup", Time since last: 1000111278 ns, Reaching safepoint: 46401 ns, At safepoint: 3500 ns, Total: 49901 ns
[314.150s][info ][safepoint      ] Safepoint "Cleanup", Time since last: 2000181460 ns, Reaching safepoint: 51602 ns, At safepoint: 2900 ns, Total: 54502 ns
[315.150s][info ][safepoint      ] Safepoint "Cleanup", Time since last: 1000104583 ns, Reaching safepoint: 57901 ns, At safepoint: 4200 ns, Total: 62101 ns
[315.458s][info ][gc,start       ] GC(103) Pause Young (Allocation Failure)
[315.473s][debug][gc,phases      ] GC(103) Scavenge 14.740ms
[315.473s][debug][gc,ref         ] GC(103) Skipped phase 1 of Reference Processing: no references
[315.473s][debug][gc,ref         ] GC(103) ReferenceProcessor::execute queues: 1, RefProcThreadModel::Single, marks_oops_alive: false
[315.473s][debug][gc,ref         ] GC(103) Skipped phase 3 of Reference Processing: no references
[315.473s][debug][gc,ref         ] GC(103) ReferenceProcessor::execute queues: 1, RefProcThreadModel::Single, marks_oops_alive: false
[315.473s][debug][gc,phases      ] GC(103) Reference Processing 0.179ms
[315.473s][debug][gc,phases      ] GC(103)   VM Weak                        Min:  0.0, Avg:  0.0, Max:  0.0, Diff:  0.0, Sum:  0.0, Workers: 4
[315.473s][debug][gc,phases      ] GC(103)     Dead                           Min: 0, Avg:  0.0, Max: 0, Diff: 0, Sum: 0, Workers: 4
[315.473s][debug][gc,phases      ] GC(103)     Total                          Min: 0, Avg: 169.0, Max: 548, Diff: 548, Sum: 676, Workers: 4
[315.473s][debug][gc,phases      ] GC(103)   ObjectSynchronizer Weak        Min:  0.0, Avg:  0.0, Max:  0.0, Diff:  0.0, Sum:  0.0, Workers: 4
[315.473s][debug][gc,phases      ] GC(103)     Dead                           Min: 0, Avg:  0.0, Max: 0, Diff: 0, Sum: 0, Workers: 4
[315.473s][debug][gc,phases      ] GC(103)     Total                          Min: 0, Avg: 84.8, Max: 147, Diff: 147, Sum: 339, Workers: 4
[315.474s][debug][gc,phases      ] GC(103)   JVMTI Tag Weak OopStorage      Min:  0.0, Avg:  0.0, Max:  0.0, Diff:  0.0, Sum:  0.0, Workers: 4
[315.474s][debug][gc,phases      ] GC(103)     Dead                           Min: 0, Avg:  0.0, Max: 0, Diff: 0, Sum: 0, Workers: 4
[315.474s][debug][gc,phases      ] GC(103)     Total                          Min: 0, Avg:  0.0, Max: 0, Diff: 0, Sum: 0, Workers: 4
[315.474s][debug][gc,phases      ] GC(103)   StringTable Weak               Min:  0.0, Avg:  0.2, Max:  0.2, Diff:  0.2, Sum:  0.6, Workers: 4
[315.474s][debug][gc,phases      ] GC(103)     Dead                           Min: 0, Avg:  0.0, Max: 0, Diff: 0, Sum: 0, Workers: 4
[315.474s][debug][gc,phases      ] GC(103)     Total                          Min: 0, Avg: 11959.0, Max: 17088, Diff: 17088, Sum: 47836, Workers: 4
[315.474s][debug][gc,phases      ] GC(103)   ResolvedMethodTable Weak       Min:  0.0, Avg:  0.0, Max:  0.0, Diff:  0.0, Sum:  0.1, Workers: 4
[315.474s][debug][gc,phases      ] GC(103)     Dead                           Min: 0, Avg:  4.5, Max: 13, Diff: 13, Sum: 18, Workers: 4
[315.474s][debug][gc,phases      ] GC(103)     Total                          Min: 1133, Avg: 2027.2, Max: 2492, Diff: 1359, Sum: 8109, Workers: 4
[315.474s][debug][gc,phases      ] GC(103)   JNI Weak                       Min:  0.0, Avg:  0.0, Max:  0.0, Diff:  0.0, Sum:  0.0, Workers: 4
[315.474s][debug][gc,phases      ] GC(103)     Dead                           Min: 0, Avg:  0.0, Max: 0, Diff: 0, Sum: 0, Workers: 4
[315.474s][debug][gc,phases      ] GC(103)     Total                          Min: 0, Avg:  0.0, Max: 0, Diff: 0, Sum: 0, Workers: 4
[315.474s][debug][gc,phases      ] GC(103)   StringDedup Table Weak         Min:  0.0, Avg:  0.0, Max:  0.0, Diff:  0.0, Sum:  0.0, Workers: 4
[315.474s][debug][gc,phases      ] GC(103)     Dead                           Min: 0, Avg:  0.0, Max: 0, Diff: 0, Sum: 0, Workers: 4
[315.474s][debug][gc,phases      ] GC(103)     Total                          Min: 0, Avg:  0.0, Max: 0, Diff: 0, Sum: 0, Workers: 4
[315.474s][debug][gc,phases      ] GC(103)   StringDedup Requests0 Weak     Min:  0.0, Avg:  0.0, Max:  0.0, Diff:  0.0, Sum:  0.0, Workers: 4
[315.474s][debug][gc,phases      ] GC(103)     Dead                           Min: 0, Avg:  0.0, Max: 0, Diff: 0, Sum: 0, Workers: 4
[315.474s][debug][gc,phases      ] GC(103)     Total                          Min: 0, Avg:  0.0, Max: 0, Diff: 0, Sum: 0, Workers: 4
[315.474s][debug][gc,phases      ] GC(103)   StringDedup Requests1 Weak     Min:  0.0, Avg:  0.0, Max:  0.0, Diff:  0.0, Sum:  0.0, Workers: 4
[315.474s][debug][gc,phases      ] GC(103)     Dead                           Min: 0, Avg:  0.0, Max: 0, Diff: 0, Sum: 0, Workers: 4
[315.474s][debug][gc,phases      ] GC(103)     Total                          Min: 0, Avg:  0.0, Max: 0, Diff: 0, Sum: 0, Workers: 4
[315.474s][debug][gc,phases      ] GC(103)   Weak JFR Old Object Samples    Min:  0.0, Avg:  0.0, Max:  0.0, Diff:  0.0, Sum:  0.0, Workers: 4
[315.474s][debug][gc,phases      ] GC(103)     Dead                           Min: 0, Avg:  0.0, Max: 0, Diff: 0, Sum: 0, Workers: 4
[315.474s][debug][gc,phases      ] GC(103)     Total                          Min: 0, Avg:  0.0, Max: 0, Diff: 0, Sum: 0, Workers: 4
[315.474s][debug][gc,phases      ] GC(103) Weak Processing 0.531ms
[315.474s][debug][gc,age         ] GC(103) Desired survivor size 84410368 bytes, new threshold 15 (max threshold 15)
[315.474s][info ][gc,heap        ] GC(103) PSYoungGen: 1970866K(2011648K)->43724K(2007552K) Eden: 1922048K(1922048K)->0K(1922048K) From: 48818K(89600K)->43724K(85504K)
[315.474s][info ][gc,heap        ] GC(103) ParOldGen: 391257K(429056K)->396749K(429056K)
[315.474s][info ][gc,metaspace   ] GC(103) Metaspace: 82696K(83584K)->82696K(83584K) NonClass: 71090K(71552K)->71090K(71552K) Class: 11606K(12032K)->11606K(12032K)
[315.474s][info ][gc             ] GC(103) Pause Young (Allocation Failure) 2306M->430M(2379M) 15.626ms
[315.474s][info ][gc,cpu         ] GC(103) User=0.06s Sys=0.00s Real=0.02s
[315.474s][info ][safepoint      ] Safepoint "ParallelGCFailedAllocation", Time since last: 307501482 ns, Reaching safepoint: 50901 ns, At safepoint: 15730514 ns, Total: 15781415 ns
[322.474s][info ][safepoint      ] Safepoint "Cleanup", Time since last: 7000536530 ns, Reaching safepoint: 91502 ns, At safepoint: 10501 ns, Total: 102003 ns
[325.475s][info ][safepoint      ] Safepoint "Cleanup", Time since last: 3000269998 ns, Reaching safepoint: 140904 ns, At safepoint: 7600 ns, Total: 148504 ns
[328.475s][info ][safepoint      ] Safepoint "Cleanup", Time since last: 3000242713 ns, Reaching safepoint: 96603 ns, At safepoint: 14500 ns, Total: 111103 ns
[329.475s][info ][safepoint      ] Safepoint "Cleanup", Time since last: 1000117309 ns, Reaching safepoint: 77602 ns, At safepoint: 24901 ns, Total: 102503 ns
[330.476s][info ][safepoint      ] Safepoint "Cleanup", Time since last: 1000117510 ns, Reaching safepoint: 55202 ns, At safepoint: 2900 ns, Total: 58102 ns
[332.476s][info ][safepoint      ] Safepoint "Cleanup", Time since last: 2000183725 ns, Reaching safepoint: 71802 ns, At safepoint: 16900 ns, Total: 88702 ns
[333.476s][info ][safepoint      ] Safepoint "Cleanup", Time since last: 1000117616 ns, Reaching safepoint: 67202 ns, At safepoint: 3000 ns, Total: 70202 ns
[334.476s][info ][safepoint      ] Safepoint "Cleanup", Time since last: 1000119318 ns, Reaching safepoint: 78402 ns, At safepoint: 6100 ns, Total: 84502 ns
[335.476s][info ][safepoint      ] Safepoint "Cleanup", Time since last: 1000104419 ns, Reaching safepoint: 90703 ns, At safepoint: 8700 ns, Total: 99403 ns
[336.477s][info ][safepoint      ] Safepoint "Cleanup", Time since last: 1000102321 ns, Reaching safepoint: 117503 ns, At safepoint: 28201 ns, Total: 145704 ns
[337.477s][info ][safepoint      ] Safepoint "Cleanup", Time since last: 1000124923 ns, Reaching safepoint: 59401 ns, At safepoint: 10901 ns, Total: 70302 ns
[338.477s][info ][safepoint      ] Safepoint "Cleanup", Time since last: 1000122524 ns, Reaching safepoint: 73302 ns, At safepoint: 12101 ns, Total: 85403 ns
[342.478s][info ][safepoint      ] Safepoint "Cleanup", Time since last: 4000341312 ns, Reaching safepoint: 95403 ns, At safepoint: 10100 ns, Total: 105503 ns
[343.478s][info ][safepoint      ] Safepoint "Cleanup", Time since last: 1000122433 ns, Reaching safepoint: 84602 ns, At safepoint: 8301 ns, Total: 92903 ns
[344.479s][info ][safepoint      ] Safepoint "Cleanup", Time since last: 1001608074 ns, Reaching safepoint: 91202 ns, At safepoint: 5500 ns, Total: 96702 ns
[345.480s][info ][safepoint      ] Safepoint "Cleanup", Time since last: 1000127637 ns, Reaching safepoint: 84203 ns, At safepoint: 11900 ns, Total: 96103 ns
[347.480s][info ][safepoint      ] Safepoint "Cleanup", Time since last: 2000179477 ns, Reaching safepoint: 56501 ns, At safepoint: 18701 ns, Total: 75202 ns
[348.480s][info ][safepoint      ] Safepoint "Cleanup", Time since last: 1000126442 ns, Reaching safepoint: 68602 ns, At safepoint: 7200 ns, Total: 75802 ns
[349.480s][info ][safepoint      ] Safepoint "Cleanup", Time since last: 1000110843 ns, Reaching safepoint: 74202 ns, At safepoint: 11501 ns, Total: 85703 ns
[350.481s][info ][safepoint      ] Safepoint "Cleanup", Time since last: 1000113845 ns, Reaching safepoint: 57001 ns, At safepoint: 7000 ns, Total: 64001 ns
[351.481s][info ][safepoint      ] Safepoint "Cleanup", Time since last: 1000118647 ns, Reaching safepoint: 61802 ns, At safepoint: 8000 ns, Total: 69802 ns
[352.481s][info ][safepoint      ] Safepoint "Cleanup", Time since last: 1000134449 ns, Reaching safepoint: 62102 ns, At safepoint: 3200 ns, Total: 65302 ns
[353.481s][info ][safepoint      ] Safepoint "Cleanup", Time since last: 1000128950 ns, Reaching safepoint: 55302 ns, At safepoint: 6200 ns, Total: 61502 ns
[355.481s][info ][safepoint      ] Safepoint "Cleanup", Time since last: 2000191604 ns, Reaching safepoint: 56602 ns, At safepoint: 6000 ns, Total: 62602 ns
[357.482s][info ][safepoint      ] Safepoint "Cleanup", Time since last: 2000178211 ns, Reaching safepoint: 52001 ns, At safepoint: 7400 ns, Total: 59401 ns
[358.482s][info ][safepoint      ] Safepoint "Cleanup", Time since last: 1000101058 ns, Reaching safepoint: 56002 ns, At safepoint: 7300 ns, Total: 63302 ns
[359.482s][info ][safepoint      ] Safepoint "Cleanup", Time since last: 1000103460 ns, Reaching safepoint: 38401 ns, At safepoint: 6400 ns, Total: 44801 ns
[362.482s][info ][safepoint      ] Safepoint "Cleanup", Time since last: 3000239188 ns, Reaching safepoint: 58201 ns, At safepoint: 7901 ns, Total: 66102 ns
[363.482s][info ][safepoint      ] Safepoint "Cleanup", Time since last: 1000121167 ns, Reaching safepoint: 59001 ns, At safepoint: 3300 ns, Total: 62301 ns
[364.485s][info ][safepoint      ] Safepoint "Cleanup", Time since last: 1002471231 ns, Reaching safepoint: 58401 ns, At safepoint: 7901 ns, Total: 66302 ns
[366.698s][info ][safepoint      ] Safepoint "Cleanup", Time since last: 2213021953 ns, Reaching safepoint: 110802 ns, At safepoint: 102303 ns, Total: 213105 ns
[367.700s][info ][safepoint      ] Safepoint "Cleanup", Time since last: 1001281805 ns, Reaching safepoint: 92202 ns, At safepoint: 5600 ns, Total: 97802 ns
[369.623s][info ][safepoint      ] Safepoint "Cleanup", Time since last: 1923236722 ns, Reaching safepoint: 72802 ns, At safepoint: 34101 ns, Total: 106903 ns
[370.623s][info ][safepoint      ] Safepoint "Cleanup", Time since last: 1000104978 ns, Reaching safepoint: 119703 ns, At safepoint: 10100 ns, Total: 129803 ns
[371.623s][info ][safepoint      ] Safepoint "Cleanup", Time since last: 1000119581 ns, Reaching safepoint: 58601 ns, At safepoint: 9800 ns, Total: 68401 ns
[372.623s][info ][safepoint      ] Safepoint "Cleanup", Time since last: 1000102182 ns, Reaching safepoint: 60001 ns, At safepoint: 8301 ns, Total: 68302 ns
[373.624s][info ][safepoint      ] Safepoint "Cleanup", Time since last: 1000098883 ns, Reaching safepoint: 64701 ns, At safepoint: 6801 ns, Total: 71502 ns
[375.624s][info ][safepoint      ] Safepoint "Cleanup", Time since last: 2000195570 ns, Reaching safepoint: 65202 ns, At safepoint: 5600 ns, Total: 70802 ns
[376.624s][info ][safepoint      ] Safepoint "Cleanup", Time since last: 1000112588 ns, Reaching safepoint: 48801 ns, At safepoint: 3601 ns, Total: 52402 ns
[377.624s][info ][safepoint      ] Safepoint "Cleanup", Time since last: 1000111489 ns, Reaching safepoint: 46801 ns, At safepoint: 3401 ns, Total: 50202 ns
[378.624s][info ][safepoint      ] Safepoint "Cleanup", Time since last: 1000112791 ns, Reaching safepoint: 59401 ns, At safepoint: 3701 ns, Total: 63102 ns
[383.626s][info ][safepoint      ] Safepoint "Cleanup", Time since last: 5000468978 ns, Reaching safepoint: 213605 ns, At safepoint: 414011 ns, Total: 627616 ns
[383.793s][info ][gc,start       ] GC(104) Pause Young (Allocation Failure)
[383.807s][debug][gc,phases      ] GC(104) Scavenge 14.119ms
[383.807s][debug][gc,ref         ] GC(104) Skipped phase 1 of Reference Processing: no references
[383.807s][debug][gc,ref         ] GC(104) ReferenceProcessor::execute queues: 1, RefProcThreadModel::Single, marks_oops_alive: false
[383.807s][debug][gc,ref         ] GC(104) Skipped phase 3 of Reference Processing: no references
[383.807s][debug][gc,ref         ] GC(104) ReferenceProcessor::execute queues: 1, RefProcThreadModel::Single, marks_oops_alive: false
[383.807s][debug][gc,phases      ] GC(104) Reference Processing 0.137ms
[383.808s][debug][gc,phases      ] GC(104)   VM Weak                        Min:  0.0, Avg:  0.0, Max:  0.0, Diff:  0.0, Sum:  0.0, Workers: 4
[383.808s][debug][gc,phases      ] GC(104)     Dead                           Min: 0, Avg:  0.0, Max: 0, Diff: 0, Sum: 0, Workers: 4
[383.808s][debug][gc,phases      ] GC(104)     Total                          Min: 0, Avg: 169.0, Max: 512, Diff: 512, Sum: 676, Workers: 4
[383.808s][debug][gc,phases      ] GC(104)   ObjectSynchronizer Weak        Min:  0.0, Avg:  0.0, Max:  0.0, Diff:  0.0, Sum:  0.0, Workers: 4
[383.808s][debug][gc,phases      ] GC(104)     Dead                           Min: 0, Avg:  0.0, Max: 0, Diff: 0, Sum: 0, Workers: 4
[383.808s][debug][gc,phases      ] GC(104)     Total                          Min: 0, Avg: 84.8, Max: 211, Diff: 211, Sum: 339, Workers: 4
[383.808s][debug][gc,phases      ] GC(104)   JVMTI Tag Weak OopStorage      Min:  0.0, Avg:  0.0, Max:  0.0, Diff:  0.0, Sum:  0.0, Workers: 4
[383.808s][debug][gc,phases      ] GC(104)     Dead                           Min: 0, Avg:  0.0, Max: 0, Diff: 0, Sum: 0, Workers: 4
[383.808s][debug][gc,phases      ] GC(104)     Total                          Min: 0, Avg:  0.0, Max: 0, Diff: 0, Sum: 0, Workers: 4
[383.808s][debug][gc,phases      ] GC(104)   StringTable Weak               Min:  0.2, Avg:  0.5, Max:  0.7, Diff:  0.5, Sum:  1.9, Workers: 4
[383.808s][debug][gc,phases      ] GC(104)     Dead                           Min: 0, Avg:  0.0, Max: 0, Diff: 0, Sum: 0, Workers: 4
[383.808s][debug][gc,phases      ] GC(104)     Total                          Min: 640, Avg: 11976.2, Max: 23552, Diff: 22912, Sum: 47905, Workers: 4
[383.808s][debug][gc,phases      ] GC(104)   ResolvedMethodTable Weak       Min:  0.0, Avg:  0.0, Max:  0.0, Diff:  0.0, Sum:  0.1, Workers: 4
[383.808s][debug][gc,phases      ] GC(104)     Dead                           Min: 0, Avg:  0.0, Max: 0, Diff: 0, Sum: 0, Workers: 4
[383.808s][debug][gc,phases      ] GC(104)     Total                          Min: 0, Avg: 2031.0, Max: 4367, Diff: 4367, Sum: 8124, Workers: 4
[383.808s][debug][gc,phases      ] GC(104)   JNI Weak                       Min:  0.0, Avg:  0.0, Max:  0.0, Diff:  0.0, Sum:  0.0, Workers: 4
[383.808s][debug][gc,phases      ] GC(104)     Dead                           Min: 0, Avg:  0.0, Max: 0, Diff: 0, Sum: 0, Workers: 4
[383.808s][debug][gc,phases      ] GC(104)     Total                          Min: 0, Avg:  0.0, Max: 0, Diff: 0, Sum: 0, Workers: 4
[383.808s][debug][gc,phases      ] GC(104)   StringDedup Table Weak         Min:  0.0, Avg:  0.0, Max:  0.0, Diff:  0.0, Sum:  0.0, Workers: 4
[383.808s][debug][gc,phases      ] GC(104)     Dead                           Min: 0, Avg:  0.0, Max: 0, Diff: 0, Sum: 0, Workers: 4
[383.808s][debug][gc,phases      ] GC(104)     Total                          Min: 0, Avg:  0.0, Max: 0, Diff: 0, Sum: 0, Workers: 4
[383.808s][debug][gc,phases      ] GC(104)   StringDedup Requests0 Weak     Min:  0.0, Avg:  0.0, Max:  0.0, Diff:  0.0, Sum:  0.0, Workers: 4
[383.808s][debug][gc,phases      ] GC(104)     Dead                           Min: 0, Avg:  0.0, Max: 0, Diff: 0, Sum: 0, Workers: 4
[383.808s][debug][gc,phases      ] GC(104)     Total                          Min: 0, Avg:  0.0, Max: 0, Diff: 0, Sum: 0, Workers: 4
[383.808s][debug][gc,phases      ] GC(104)   StringDedup Requests1 Weak     Min:  0.0, Avg:  0.0, Max:  0.0, Diff:  0.0, Sum:  0.0, Workers: 4
[383.808s][debug][gc,phases      ] GC(104)     Dead                           Min: 0, Avg:  0.0, Max: 0, Diff: 0, Sum: 0, Workers: 4
[383.808s][debug][gc,phases      ] GC(104)     Total                          Min: 0, Avg:  0.0, Max: 0, Diff: 0, Sum: 0, Workers: 4
[383.808s][debug][gc,phases      ] GC(104)   Weak JFR Old Object Samples    Min:  0.0, Avg:  0.0, Max:  0.0, Diff:  0.0, Sum:  0.0, Workers: 4
[383.808s][debug][gc,phases      ] GC(104)     Dead                           Min: 0, Avg:  0.0, Max: 0, Diff: 0, Sum: 0, Workers: 4
[383.808s][debug][gc,phases      ] GC(104)     Total                          Min: 0, Avg:  0.0, Max: 0, Diff: 0, Sum: 0, Workers: 4
[383.808s][debug][gc,phases      ] GC(104) Weak Processing 0.996ms
[383.808s][debug][gc,age         ] GC(104) Desired survivor size 82313216 bytes, new threshold 15 (max threshold 15)
[383.808s][info ][gc,heap        ] GC(104) PSYoungGen: 1965772K(2007552K)->41229K(2016768K) Eden: 1922048K(1922048K)->0K(1934336K) From: 43724K(85504K)->41229K(82432K)
[383.808s][info ][gc,heap        ] GC(104) ParOldGen: 396749K(429056K)->399512K(429056K)
[383.808s][info ][gc,metaspace   ] GC(104) Metaspace: 82821K(83712K)->82821K(83712K) NonClass: 71205K(71680K)->71205K(71680K) Class: 11616K(12032K)->11616K(12032K)
[383.808s][info ][gc             ] GC(104) Pause Young (Allocation Failure) 2307M->430M(2388M) 15.413ms
[383.808s][info ][gc,cpu         ] GC(104) User=0.06s Sys=0.00s Real=0.02s
[383.808s][info ][safepoint      ] Safepoint "ParallelGCFailedAllocation", Time since last: 167311417 ns, Reaching safepoint: 39601 ns, At safepoint: 15490309 ns, Total: 15529910 ns
[384.809s][info ][safepoint      ] Safepoint "Cleanup", Time since last: 1000093500 ns, Reaching safepoint: 61502 ns, At safepoint: 11200 ns, Total: 72702 ns
[385.809s][info ][safepoint      ] Safepoint "Cleanup", Time since last: 1000114403 ns, Reaching safepoint: 85602 ns, At safepoint: 14801 ns, Total: 100403 ns
[386.809s][info ][safepoint      ] Safepoint "Cleanup", Time since last: 1000124604 ns, Reaching safepoint: 61102 ns, At safepoint: 16200 ns, Total: 77302 ns
[387.809s][info ][safepoint      ] Safepoint "Cleanup", Time since last: 1000121707 ns, Reaching safepoint: 65101 ns, At safepoint: 6200 ns, Total: 71301 ns
[388.809s][info ][safepoint      ] Safepoint "Cleanup", Time since last: 1000119108 ns, Reaching safepoint: 57602 ns, At safepoint: 4800 ns, Total: 62402 ns
[389.810s][info ][safepoint      ] Safepoint "Cleanup", Time since last: 1000558721 ns, Reaching safepoint: 58701 ns, At safepoint: 8800 ns, Total: 67501 ns
[394.810s][info ][safepoint      ] Safepoint "Cleanup", Time since last: 5000418065 ns, Reaching safepoint: 82102 ns, At safepoint: 8800 ns, Total: 90902 ns
[395.811s][info ][safepoint      ] Safepoint "Cleanup", Time since last: 1000127719 ns, Reaching safepoint: 63702 ns, At safepoint: 13300 ns, Total: 77002 ns
[396.811s][info ][safepoint      ] Safepoint "Cleanup", Time since last: 1000131921 ns, Reaching safepoint: 102602 ns, At safepoint: 10801 ns, Total: 113403 ns
[398.811s][info ][safepoint      ] Safepoint "Cleanup", Time since last: 2000191543 ns, Reaching safepoint: 61802 ns, At safepoint: 3000 ns, Total: 64802 ns
[399.811s][info ][safepoint      ] Safepoint "Cleanup", Time since last: 1000141725 ns, Reaching safepoint: 84702 ns, At safepoint: 25701 ns, Total: 110403 ns
[400.812s][info ][safepoint      ] Safepoint "Cleanup", Time since last: 1000275430 ns, Reaching safepoint: 61302 ns, At safepoint: 32501 ns, Total: 93803 ns
[401.812s][info ][safepoint      ] Safepoint "Cleanup", Time since last: 1000116028 ns, Reaching safepoint: 51401 ns, At safepoint: 2800 ns, Total: 54201 ns
[402.812s][info ][safepoint      ] Safepoint "Cleanup", Time since last: 1000185031 ns, Reaching safepoint: 65602 ns, At safepoint: 7300 ns, Total: 72902 ns
[404.812s][info ][safepoint      ] Safepoint "Cleanup", Time since last: 2000184162 ns, Reaching safepoint: 70302 ns, At safepoint: 5000 ns, Total: 75302 ns
[407.813s][info ][safepoint      ] Safepoint "Cleanup", Time since last: 3000244603 ns, Reaching safepoint: 89202 ns, At safepoint: 8900 ns, Total: 98102 ns
[409.813s][info ][safepoint      ] Safepoint "Cleanup", Time since last: 2000214578 ns, Reaching safepoint: 56702 ns, At safepoint: 4000 ns, Total: 60702 ns
[410.813s][info ][safepoint      ] Safepoint "Cleanup", Time since last: 1000115941 ns, Reaching safepoint: 70402 ns, At safepoint: 7900 ns, Total: 78302 ns
[412.814s][info ][safepoint      ] Safepoint "Cleanup", Time since last: 2000201587 ns, Reaching safepoint: 63401 ns, At safepoint: 8600 ns, Total: 72001 ns
[413.814s][info ][safepoint      ] Safepoint "Cleanup", Time since last: 1000116346 ns, Reaching safepoint: 84402 ns, At safepoint: 13001 ns, Total: 97403 ns
[414.814s][info ][safepoint      ] Safepoint "Cleanup", Time since last: 1000146448 ns, Reaching safepoint: 77202 ns, At safepoint: 12100 ns, Total: 89302 ns
[416.814s][info ][safepoint      ] Safepoint "Cleanup", Time since last: 2000230199 ns, Reaching safepoint: 78402 ns, At safepoint: 9501 ns, Total: 87903 ns
[418.815s][info ][safepoint      ] Safepoint "Cleanup", Time since last: 2000210904 ns, Reaching safepoint: 57702 ns, At safepoint: 6500 ns, Total: 64202 ns
[420.815s][info ][safepoint      ] Safepoint "Cleanup", Time since last: 2000146408 ns, Reaching safepoint: 63002 ns, At safepoint: 3600 ns, Total: 66602 ns
[421.815s][info ][safepoint      ] Safepoint "Cleanup", Time since last: 1000125258 ns, Reaching safepoint: 59702 ns, At safepoint: 6200 ns, Total: 65902 ns
[422.815s][info ][safepoint      ] Safepoint "Cleanup", Time since last: 1000109259 ns, Reaching safepoint: 85302 ns, At safepoint: 5300 ns, Total: 90602 ns
[423.815s][info ][safepoint      ] Safepoint "Cleanup", Time since last: 1000136261 ns, Reaching safepoint: 64002 ns, At safepoint: 5800 ns, Total: 69802 ns
[426.816s][info ][safepoint      ] Safepoint "Cleanup", Time since last: 3000278289 ns, Reaching safepoint: 74702 ns, At safepoint: 12400 ns, Total: 87102 ns
[432.816s][info ][safepoint      ] Safepoint "Cleanup", Time since last: 6000498315 ns, Reaching safepoint: 57502 ns, At safepoint: 36701 ns, Total: 94203 ns
[434.817s][info ][safepoint      ] Safepoint "Cleanup", Time since last: 2000188050 ns, Reaching safepoint: 65602 ns, At safepoint: 4200 ns, Total: 69802 ns
[435.817s][info ][safepoint      ] Safepoint "Cleanup", Time since last: 1000089378 ns, Reaching safepoint: 57701 ns, At safepoint: 3800 ns, Total: 61501 ns
[446.818s][info ][safepoint      ] Safepoint "Cleanup", Time since last: 11000911242 ns, Reaching safepoint: 70302 ns, At safepoint: 3200 ns, Total: 73502 ns
[449.818s][info ][safepoint      ] Safepoint "Cleanup", Time since last: 3000497493 ns, Reaching safepoint: 60101 ns, At safepoint: 3100 ns, Total: 63201 ns
[450.819s][info ][safepoint      ] Safepoint "Cleanup", Time since last: 1000122100 ns, Reaching safepoint: 58201 ns, At safepoint: 8501 ns, Total: 66702 ns
[451.819s][info ][safepoint      ] Safepoint "Cleanup", Time since last: 1000134701 ns, Reaching safepoint: 46601 ns, At safepoint: 3000 ns, Total: 49601 ns
[453.662s][info ][gc,start       ] GC(105) Pause Young (Allocation Failure)
[453.674s][debug][gc,phases      ] GC(105) Scavenge 12.793ms
[453.674s][debug][gc,ref         ] GC(105) Skipped phase 1 of Reference Processing: no references
[453.676s][debug][gc,ref         ] GC(105) ReferenceProcessor::execute queues: 1, RefProcThreadModel::Single, marks_oops_alive: false
[453.676s][debug][gc,ref         ] GC(105) Skipped phase 3 of Reference Processing: no references
[453.676s][debug][gc,ref         ] GC(105) ReferenceProcessor::execute queues: 1, RefProcThreadModel::Single, marks_oops_alive: false
[453.676s][debug][gc,phases      ] GC(105) Reference Processing 1.142ms
[453.676s][debug][gc,phases      ] GC(105)   VM Weak                        Min:  0.0, Avg:  0.0, Max:  0.0, Diff:  0.0, Sum:  0.0, Workers: 4
[453.676s][debug][gc,phases      ] GC(105)     Dead                           Min: 0, Avg:  0.0, Max: 0, Diff: 0, Sum: 0, Workers: 4
[453.676s][debug][gc,phases      ] GC(105)     Total                          Min: 0, Avg: 170.0, Max: 680, Diff: 680, Sum: 680, Workers: 4
[453.676s][debug][gc,phases      ] GC(105)   ObjectSynchronizer Weak        Min:  0.0, Avg:  0.0, Max:  0.0, Diff:  0.0, Sum:  0.0, Workers: 4
[453.676s][debug][gc,phases      ] GC(105)     Dead                           Min: 0, Avg:  0.0, Max: 0, Diff: 0, Sum: 0, Workers: 4
[453.676s][debug][gc,phases      ] GC(105)     Total                          Min: 0, Avg: 84.8, Max: 128, Diff: 128, Sum: 339, Workers: 4
[453.676s][debug][gc,phases      ] GC(105)   JVMTI Tag Weak OopStorage      Min:  0.0, Avg:  0.0, Max:  0.0, Diff:  0.0, Sum:  0.0, Workers: 4
[453.676s][debug][gc,phases      ] GC(105)     Dead                           Min: 0, Avg:  0.0, Max: 0, Diff: 0, Sum: 0, Workers: 4
[453.676s][debug][gc,phases      ] GC(105)     Total                          Min: 0, Avg:  0.0, Max: 0, Diff: 0, Sum: 0, Workers: 4
[453.676s][debug][gc,phases      ] GC(105)   StringTable Weak               Min:  0.1, Avg:  0.1, Max:  0.1, Diff:  0.0, Sum:  0.5, Workers: 4
[453.676s][debug][gc,phases      ] GC(105)     Dead                           Min: 0, Avg:  0.0, Max: 0, Diff: 0, Sum: 0, Workers: 4
[453.676s][debug][gc,phases      ] GC(105)     Total                          Min: 11122, Avg: 11980.5, Max: 12480, Diff: 1358, Sum: 47922, Workers: 4
[453.676s][debug][gc,phases      ] GC(105)   ResolvedMethodTable Weak       Min:  0.0, Avg:  0.0, Max:  0.0, Diff:  0.0, Sum:  0.1, Workers: 4
[453.676s][debug][gc,phases      ] GC(105)     Dead                           Min: 0, Avg:  0.0, Max: 0, Diff: 0, Sum: 0, Workers: 4
[453.676s][debug][gc,phases      ] GC(105)     Total                          Min: 1913, Avg: 2034.0, Max: 2164, Diff: 251, Sum: 8136, Workers: 4
[453.676s][debug][gc,phases      ] GC(105)   JNI Weak                       Min:  0.0, Avg:  0.0, Max:  0.0, Diff:  0.0, Sum:  0.0, Workers: 4
[453.676s][debug][gc,phases      ] GC(105)     Dead                           Min: 0, Avg:  0.0, Max: 0, Diff: 0, Sum: 0, Workers: 4
[453.676s][debug][gc,phases      ] GC(105)     Total                          Min: 0, Avg:  0.0, Max: 0, Diff: 0, Sum: 0, Workers: 4
[453.676s][debug][gc,phases      ] GC(105)   StringDedup Table Weak         Min:  0.0, Avg:  0.0, Max:  0.0, Diff:  0.0, Sum:  0.0, Workers: 4
[453.676s][debug][gc,phases      ] GC(105)     Dead                           Min: 0, Avg:  0.0, Max: 0, Diff: 0, Sum: 0, Workers: 4
[453.676s][debug][gc,phases      ] GC(105)     Total                          Min: 0, Avg:  0.0, Max: 0, Diff: 0, Sum: 0, Workers: 4
[453.676s][debug][gc,phases      ] GC(105)   StringDedup Requests0 Weak     Min:  0.0, Avg:  0.0, Max:  0.0, Diff:  0.0, Sum:  0.0, Workers: 4
[453.676s][debug][gc,phases      ] GC(105)     Dead                           Min: 0, Avg:  0.0, Max: 0, Diff: 0, Sum: 0, Workers: 4
[453.676s][debug][gc,phases      ] GC(105)     Total                          Min: 0, Avg:  0.0, Max: 0, Diff: 0, Sum: 0, Workers: 4
[453.676s][debug][gc,phases      ] GC(105)   StringDedup Requests1 Weak     Min:  0.0, Avg:  0.0, Max:  0.0, Diff:  0.0, Sum:  0.0, Workers: 4
[453.676s][debug][gc,phases      ] GC(105)     Dead                           Min: 0, Avg:  0.0, Max: 0, Diff: 0, Sum: 0, Workers: 4
[453.676s][debug][gc,phases      ] GC(105)     Total                          Min: 0, Avg:  0.0, Max: 0, Diff: 0, Sum: 0, Workers: 4
[453.676s][debug][gc,phases      ] GC(105)   Weak JFR Old Object Samples    Min:  0.0, Avg:  0.0, Max:  0.0, Diff:  0.0, Sum:  0.0, Workers: 4
[453.676s][debug][gc,phases      ] GC(105)     Dead                           Min: 0, Avg:  0.0, Max: 0, Diff: 0, Sum: 0, Workers: 4
[453.676s][debug][gc,phases      ] GC(105)     Total                          Min: 0, Avg:  0.0, Max: 0, Diff: 0, Sum: 0, Workers: 4
[453.676s][debug][gc,phases      ] GC(105) Weak Processing 0.680ms
[453.676s][debug][gc,age         ] GC(105) Desired survivor size 80216064 bytes, new threshold 15 (max threshold 15)
[453.676s][info ][gc,heap        ] GC(105) PSYoungGen: 1975565K(2016768K)->38812K(2014720K) Eden: 1934336K(1934336K)->0K(1934336K) From: 41229K(82432K)->38812K(80384K)
[453.676s][info ][gc,heap        ] GC(105) ParOldGen: 399512K(429056K)->402152K(429056K)
[453.676s][info ][gc,metaspace   ] GC(105) Metaspace: 82852K(83712K)->82852K(83712K) NonClass: 71232K(71680K)->71232K(71680K) Class: 11620K(12032K)->11620K(12032K)
[453.676s][info ][gc             ] GC(105) Pause Young (Allocation Failure) 2319M->430M(2386M) 14.759ms
[453.676s][info ][gc,cpu         ] GC(105) User=0.04s Sys=0.01s Real=0.01s
[453.676s][info ][safepoint      ] Safepoint "ParallelGCFailedAllocation", Time since last: 1842786633 ns, Reaching safepoint: 90102 ns, At safepoint: 14849493 ns, Total: 14939595 ns
[454.677s][info ][safepoint      ] Safepoint "Cleanup", Time since last: 1000092204 ns, Reaching safepoint: 62402 ns, At safepoint: 12700 ns, Total: 75102 ns
[456.677s][info ][safepoint      ] Safepoint "Cleanup", Time since last: 2000187012 ns, Reaching safepoint: 62302 ns, At safepoint: 8800 ns, Total: 71102 ns
[457.678s][info ][safepoint      ] Safepoint "Cleanup", Time since last: 1000122309 ns, Reaching safepoint: 795921 ns, At safepoint: 14100 ns, Total: 810021 ns
[459.683s][info ][safepoint      ] Safepoint "Cleanup", Time since last: 2004756841 ns, Reaching safepoint: 193706 ns, At safepoint: 10200 ns, Total: 203906 ns
[460.683s][info ][safepoint      ] Safepoint "Cleanup", Time since last: 1000143413 ns, Reaching safepoint: 65502 ns, At safepoint: 15800 ns, Total: 81302 ns
[461.683s][info ][safepoint      ] Safepoint "Cleanup", Time since last: 1000124415 ns, Reaching safepoint: 80002 ns, At safepoint: 35901 ns, Total: 115903 ns
[462.683s][info ][safepoint      ] Safepoint "Cleanup", Time since last: 1000074914 ns, Reaching safepoint: 60602 ns, At safepoint: 2900 ns, Total: 63502 ns
[463.683s][info ][safepoint      ] Safepoint "Cleanup", Time since last: 1000112816 ns, Reaching safepoint: 43702 ns, At safepoint: 2600 ns, Total: 46302 ns
[465.684s][info ][safepoint      ] Safepoint "Cleanup", Time since last: 2000183336 ns, Reaching safepoint: 71202 ns, At safepoint: 12600 ns, Total: 83802 ns
[467.684s][info ][safepoint      ] Safepoint "Cleanup", Time since last: 2000195342 ns, Reaching safepoint: 68302 ns, At safepoint: 5200 ns, Total: 73502 ns
[468.684s][info ][safepoint      ] Safepoint "Cleanup", Time since last: 1000110823 ns, Reaching safepoint: 66202 ns, At safepoint: 9000 ns, Total: 75202 ns
[469.684s][info ][safepoint      ] Safepoint "Cleanup", Time since last: 1000117625 ns, Reaching safepoint: 68802 ns, At safepoint: 6500 ns, Total: 75302 ns
[470.685s][info ][safepoint      ] Safepoint "Cleanup", Time since last: 1000113426 ns, Reaching safepoint: 55202 ns, At safepoint: 2600 ns, Total: 57802 ns
[471.685s][info ][safepoint      ] Safepoint "Cleanup", Time since last: 1000127428 ns, Reaching safepoint: 61601 ns, At safepoint: 9001 ns, Total: 70602 ns
[474.685s][info ][safepoint      ] Safepoint "Cleanup", Time since last: 3000269288 ns, Reaching safepoint: 57502 ns, At safepoint: 3700 ns, Total: 61202 ns
[476.685s][info ][safepoint      ] Safepoint "Cleanup", Time since last: 2000201966 ns, Reaching safepoint: 56701 ns, At safepoint: 8101 ns, Total: 64802 ns
[477.940s][info ][safepoint      ] Safepoint "Cleanup", Time since last: 1254894395 ns, Reaching safepoint: 162105 ns, At safepoint: 8700 ns, Total: 170805 ns
[480.941s][info ][safepoint      ] Safepoint "Cleanup", Time since last: 3000263813 ns, Reaching safepoint: 131303 ns, At safepoint: 12501 ns, Total: 143804 ns
[481.941s][info ][safepoint      ] Safepoint "Cleanup", Time since last: 1000130541 ns, Reaching safepoint: 128404 ns, At safepoint: 10300 ns, Total: 138704 ns
[482.941s][info ][safepoint      ] Safepoint "Cleanup", Time since last: 1000118342 ns, Reaching safepoint: 132004 ns, At safepoint: 9700 ns, Total: 141704 ns
[484.942s][info ][safepoint      ] Safepoint "Cleanup", Time since last: 2000200688 ns, Reaching safepoint: 125203 ns, At safepoint: 12101 ns, Total: 137304 ns
[487.942s][info ][safepoint      ] Safepoint "Cleanup", Time since last: 3000281940 ns, Reaching safepoint: 125104 ns, At safepoint: 13400 ns, Total: 138504 ns
[488.942s][info ][safepoint      ] Safepoint "Cleanup", Time since last: 1000137051 ns, Reaching safepoint: 157204 ns, At safepoint: 16300 ns, Total: 173504 ns
[489.943s][info ][safepoint      ] Safepoint "Cleanup", Time since last: 1000137652 ns, Reaching safepoint: 123004 ns, At safepoint: 6000 ns, Total: 129004 ns
[490.943s][info ][safepoint      ] Safepoint "Cleanup", Time since last: 1000136553 ns, Reaching safepoint: 168405 ns, At safepoint: 11200 ns, Total: 179605 ns
[492.943s][info ][safepoint      ] Safepoint "Cleanup", Time since last: 2000187108 ns, Reaching safepoint: 119603 ns, At safepoint: 37801 ns, Total: 157404 ns
[493.944s][info ][safepoint      ] Safepoint "Cleanup", Time since last: 1000118957 ns, Reaching safepoint: 125203 ns, At safepoint: 10601 ns, Total: 135804 ns
[494.944s][info ][safepoint      ] Safepoint "Cleanup", Time since last: 1000116657 ns, Reaching safepoint: 127904 ns, At safepoint: 6400 ns, Total: 134304 ns
[495.944s][info ][safepoint      ] Safepoint "Cleanup", Time since last: 1000122859 ns, Reaching safepoint: 129604 ns, At safepoint: 12700 ns, Total: 142304 ns
[501.945s][info ][safepoint      ] Safepoint "Cleanup", Time since last: 6000516077 ns, Reaching safepoint: 128903 ns, At safepoint: 6900 ns, Total: 135803 ns
[503.945s][info ][safepoint      ] Safepoint "Cleanup", Time since last: 2000183236 ns, Reaching safepoint: 146204 ns, At safepoint: 13400 ns, Total: 159604 ns
[506.946s][info ][safepoint      ] Safepoint "Cleanup", Time since last: 3000278114 ns, Reaching safepoint: 122503 ns, At safepoint: 10000 ns, Total: 132503 ns
[510.946s][info ][safepoint      ] Safepoint "Cleanup", Time since last: 4000321401 ns, Reaching safepoint: 61901 ns, At safepoint: 11300 ns, Total: 73201 ns
[511.946s][info ][safepoint      ] Safepoint "Cleanup", Time since last: 1000114280 ns, Reaching safepoint: 52501 ns, At safepoint: 6600 ns, Total: 59101 ns
[512.946s][info ][safepoint      ] Safepoint "Cleanup", Time since last: 1000111580 ns, Reaching safepoint: 54302 ns, At safepoint: 2600 ns, Total: 56902 ns
[515.947s][info ][safepoint      ] Safepoint "Cleanup", Time since last: 3000221445 ns, Reaching safepoint: 54802 ns, At safepoint: 9600 ns, Total: 64402 ns
[517.947s][info ][safepoint      ] Safepoint "Cleanup", Time since last: 2000176070 ns, Reaching safepoint: 56702 ns, At safepoint: 10300 ns, Total: 67002 ns
[525.947s][info ][safepoint      ] Safepoint "Cleanup", Time since last: 8000614027 ns, Reaching safepoint: 51802 ns, At safepoint: 5200 ns, Total: 57002 ns
[526.948s][info ][safepoint      ] Safepoint "Cleanup", Time since last: 1000109497 ns, Reaching safepoint: 40401 ns, At safepoint: 2400 ns, Total: 42801 ns
[528.275s][info ][gc,start       ] GC(106) Pause Young (Allocation Failure)
[528.288s][debug][gc,phases      ] GC(106) Scavenge 12.609ms
[528.288s][debug][gc,ref         ] GC(106) Skipped phase 1 of Reference Processing: no references
[528.288s][debug][gc,ref         ] GC(106) ReferenceProcessor::execute queues: 1, RefProcThreadModel::Single, marks_oops_alive: false
[528.288s][debug][gc,ref         ] GC(106) Skipped phase 3 of Reference Processing: no references
[528.288s][debug][gc,ref         ] GC(106) ReferenceProcessor::execute queues: 1, RefProcThreadModel::Single, marks_oops_alive: false
[528.288s][debug][gc,phases      ] GC(106) Reference Processing 0.188ms
[528.288s][debug][gc,phases      ] GC(106)   VM Weak                        Min:  0.0, Avg:  0.0, Max:  0.0, Diff:  0.0, Sum:  0.0, Workers: 4
[528.288s][debug][gc,phases      ] GC(106)     Dead                           Min: 0, Avg:  0.0, Max: 0, Diff: 0, Sum: 0, Workers: 4
[528.288s][debug][gc,phases      ] GC(106)     Total                          Min: 0, Avg: 170.0, Max: 640, Diff: 640, Sum: 680, Workers: 4
[528.289s][debug][gc,phases      ] GC(106)   ObjectSynchronizer Weak        Min:  0.0, Avg:  0.0, Max:  0.0, Diff:  0.0, Sum:  0.0, Workers: 4
[528.289s][debug][gc,phases      ] GC(106)     Dead                           Min: 0, Avg:  0.0, Max: 0, Diff: 0, Sum: 0, Workers: 4
[528.289s][debug][gc,phases      ] GC(106)     Total                          Min: 0, Avg: 84.8, Max: 256, Diff: 256, Sum: 339, Workers: 4
[528.289s][debug][gc,phases      ] GC(106)   JVMTI Tag Weak OopStorage      Min:  0.0, Avg:  0.0, Max:  0.0, Diff:  0.0, Sum:  0.0, Workers: 4
[528.289s][debug][gc,phases      ] GC(106)     Dead                           Min: 0, Avg:  0.0, Max: 0, Diff: 0, Sum: 0, Workers: 4
[528.289s][debug][gc,phases      ] GC(106)     Total                          Min: 0, Avg:  0.0, Max: 0, Diff: 0, Sum: 0, Workers: 4
[528.289s][debug][gc,phases      ] GC(106)   StringTable Weak               Min:  0.1, Avg:  0.1, Max:  0.1, Diff:  0.0, Sum:  0.5, Workers: 4
[528.289s][debug][gc,phases      ] GC(106)     Dead                           Min: 0, Avg:  0.0, Max: 0, Diff: 0, Sum: 0, Workers: 4
[528.289s][debug][gc,phases      ] GC(106)     Total                          Min: 11392, Avg: 11981.5, Max: 12416, Diff: 1024, Sum: 47926, Workers: 4
[528.289s][debug][gc,phases      ] GC(106)   ResolvedMethodTable Weak       Min:  0.0, Avg:  0.0, Max:  0.0, Diff:  0.0, Sum:  0.1, Workers: 4
[528.289s][debug][gc,phases      ] GC(106)     Dead                           Min: 0, Avg:  0.0, Max: 0, Diff: 0, Sum: 0, Workers: 4
[528.289s][debug][gc,phases      ] GC(106)     Total                          Min: 1773, Avg: 2034.5, Max: 2350, Diff: 577, Sum: 8138, Workers: 4
[528.289s][debug][gc,phases      ] GC(106)   JNI Weak                       Min:  0.0, Avg:  0.0, Max:  0.0, Diff:  0.0, Sum:  0.0, Workers: 4
[528.289s][debug][gc,phases      ] GC(106)     Dead                           Min: 0, Avg:  0.0, Max: 0, Diff: 0, Sum: 0, Workers: 4
[528.289s][debug][gc,phases      ] GC(106)     Total                          Min: 0, Avg:  0.0, Max: 0, Diff: 0, Sum: 0, Workers: 4
[528.289s][debug][gc,phases      ] GC(106)   StringDedup Table Weak         Min:  0.0, Avg:  0.0, Max:  0.0, Diff:  0.0, Sum:  0.0, Workers: 4
[528.289s][debug][gc,phases      ] GC(106)     Dead                           Min: 0, Avg:  0.0, Max: 0, Diff: 0, Sum: 0, Workers: 4
[528.289s][debug][gc,phases      ] GC(106)     Total                          Min: 0, Avg:  0.0, Max: 0, Diff: 0, Sum: 0, Workers: 4
[528.289s][debug][gc,phases      ] GC(106)   StringDedup Requests0 Weak     Min:  0.0, Avg:  0.0, Max:  0.0, Diff:  0.0, Sum:  0.0, Workers: 4
[528.289s][debug][gc,phases      ] GC(106)     Dead                           Min: 0, Avg:  0.0, Max: 0, Diff: 0, Sum: 0, Workers: 4
[528.289s][debug][gc,phases      ] GC(106)     Total                          Min: 0, Avg:  0.0, Max: 0, Diff: 0, Sum: 0, Workers: 4
[528.289s][debug][gc,phases      ] GC(106)   StringDedup Requests1 Weak     Min:  0.0, Avg:  0.0, Max:  0.0, Diff:  0.0, Sum:  0.0, Workers: 4
[528.289s][debug][gc,phases      ] GC(106)     Dead                           Min: 0, Avg:  0.0, Max: 0, Diff: 0, Sum: 0, Workers: 4
[528.289s][debug][gc,phases      ] GC(106)     Total                          Min: 0, Avg:  0.0, Max: 0, Diff: 0, Sum: 0, Workers: 4
[528.289s][debug][gc,phases      ] GC(106)   Weak JFR Old Object Samples    Min:  0.0, Avg:  0.0, Max:  0.0, Diff:  0.0, Sum:  0.0, Workers: 4
[528.289s][debug][gc,phases      ] GC(106)     Dead                           Min: 0, Avg:  0.0, Max: 0, Diff: 0, Sum: 0, Workers: 4
[528.289s][debug][gc,phases      ] GC(106)     Total                          Min: 0, Avg:  0.0, Max: 0, Diff: 0, Sum: 0, Workers: 4
[528.289s][debug][gc,phases      ] GC(106) Weak Processing 0.350ms
[528.289s][debug][gc,age         ] GC(106) Desired survivor size 79167488 bytes, new threshold 15 (max threshold 15)
[528.289s][info ][gc,heap        ] GC(106) PSYoungGen: 1973148K(2014720K)->35316K(2019840K) Eden: 1934336K(1934336K)->0K(1941504K) From: 38812K(80384K)->35316K(78336K)
[528.289s][info ][gc,heap        ] GC(106) ParOldGen: 402152K(429056K)->405866K(429056K)
[528.289s][info ][gc,metaspace   ] GC(106) Metaspace: 82899K(83776K)->82899K(83776K) NonClass: 71277K(71744K)->71277K(71744K) Class: 11622K(12032K)->11622K(12032K)
[528.289s][info ][gc             ] GC(106) Pause Young (Allocation Failure) 2319M->430M(2391M) 13.285ms
[528.289s][info ][gc,cpu         ] GC(106) User=0.05s Sys=0.00s Real=0.02s
[528.289s][info ][safepoint      ] Safepoint "ParallelGCFailedAllocation", Time since last: 1327685211 ns, Reaching safepoint: 32501 ns, At safepoint: 13366055 ns, Total: 13398556 ns
[531.291s][info ][safepoint      ] Safepoint "Cleanup", Time since last: 3001836944 ns, Reaching safepoint: 128003 ns, At safepoint: 14301 ns, Total: 142304 ns
[534.291s][info ][safepoint      ] Safepoint "Cleanup", Time since last: 3000213711 ns, Reaching safepoint: 114703 ns, At safepoint: 7200 ns, Total: 121903 ns
[535.291s][info ][safepoint      ] Safepoint "Cleanup", Time since last: 1000147108 ns, Reaching safepoint: 148404 ns, At safepoint: 19701 ns, Total: 168105 ns
[545.292s][info ][safepoint      ] Safepoint "Cleanup", Time since last: 10000809627 ns, Reaching safepoint: 166905 ns, At safepoint: 16500 ns, Total: 183405 ns
[547.293s][info ][safepoint      ] Safepoint "Cleanup", Time since last: 2000219841 ns, Reaching safepoint: 135904 ns, At safepoint: 6800 ns, Total: 142704 ns
[548.293s][info ][safepoint      ] Safepoint "Cleanup", Time since last: 1000129223 ns, Reaching safepoint: 130603 ns, At safepoint: 6401 ns, Total: 137004 ns
[549.293s][info ][safepoint      ] Safepoint "Cleanup", Time since last: 1000116923 ns, Reaching safepoint: 134704 ns, At safepoint: 6500 ns, Total: 141204 ns
[551.294s][info ][safepoint      ] Safepoint "Cleanup", Time since last: 2000195149 ns, Reaching safepoint: 116604 ns, At safepoint: 7900 ns, Total: 124504 ns
[552.294s][info ][safepoint      ] Safepoint "Cleanup", Time since last: 1000132427 ns, Reaching safepoint: 127204 ns, At safepoint: 9200 ns, Total: 136404 ns
[553.294s][info ][safepoint      ] Safepoint "Cleanup", Time since last: 1000121028 ns, Reaching safepoint: 144604 ns, At safepoint: 7700 ns, Total: 152304 ns
[554.294s][info ][safepoint      ] Safepoint "Cleanup", Time since last: 1000153830 ns, Reaching safepoint: 156205 ns, At safepoint: 39101 ns, Total: 195306 ns
[557.295s][info ][safepoint      ] Safepoint "Cleanup", Time since last: 3000331294 ns, Reaching safepoint: 133403 ns, At safepoint: 13401 ns, Total: 146804 ns
[559.295s][info ][safepoint      ] Safepoint "Cleanup", Time since last: 2000186867 ns, Reaching safepoint: 119203 ns, At safepoint: 7200 ns, Total: 126403 ns
[564.296s][info ][safepoint      ] Safepoint "Cleanup", Time since last: 5000471689 ns, Reaching safepoint: 169304 ns, At safepoint: 15301 ns, Total: 184605 ns
[570.297s][info ][safepoint      ] Safepoint "Cleanup", Time since last: 6000549462 ns, Reaching safepoint: 56401 ns, At safepoint: 2501 ns, Total: 58902 ns
[571.297s][info ][safepoint      ] Safepoint "Cleanup", Time since last: 1000564660 ns, Reaching safepoint: 71302 ns, At safepoint: 9100 ns, Total: 80402 ns
[574.298s][info ][safepoint      ] Safepoint "Cleanup", Time since last: 3000436753 ns, Reaching safepoint: 58802 ns, At safepoint: 3500 ns, Total: 62302 ns
[575.298s][info ][safepoint      ] Safepoint "Cleanup", Time since last: 1000773770 ns, Reaching safepoint: 63802 ns, At safepoint: 4400 ns, Total: 68202 ns
[576.299s][info ][safepoint      ] Safepoint "Cleanup", Time since last: 1000131654 ns, Reaching safepoint: 54402 ns, At safepoint: 2600 ns, Total: 57002 ns
[577.299s][info ][safepoint      ] Safepoint "Cleanup", Time since last: 1000119755 ns, Reaching safepoint: 52801 ns, At safepoint: 3300 ns, Total: 56101 ns
[580.299s][info ][safepoint      ] Safepoint "Cleanup", Time since last: 3000234868 ns, Reaching safepoint: 58901 ns, At safepoint: 11301 ns, Total: 70202 ns
[582.300s][info ][safepoint      ] Safepoint "Cleanup", Time since last: 2000637430 ns, Reaching safepoint: 63701 ns, At safepoint: 12701 ns, Total: 76402 ns
[588.300s][info ][safepoint      ] Safepoint "Cleanup", Time since last: 6000512478 ns, Reaching safepoint: 62902 ns, At safepoint: 18301 ns, Total: 81203 ns
[589.301s][info ][safepoint      ] Safepoint "Cleanup", Time since last: 1000129868 ns, Reaching safepoint: 84102 ns, At safepoint: 11100 ns, Total: 95202 ns
[601.302s][info ][safepoint      ] Safepoint "Cleanup", Time since last: 12000865980 ns, Reaching safepoint: 58001 ns, At safepoint: 3500 ns, Total: 61501 ns
[604.691s][info ][gc,start       ] GC(107) Pause Young (Allocation Failure)
[604.701s][debug][gc,phases      ] GC(107) Scavenge 10.094ms
[604.701s][debug][gc,ref         ] GC(107) Skipped phase 1 of Reference Processing: no references
[604.701s][debug][gc,ref         ] GC(107) ReferenceProcessor::execute queues: 1, RefProcThreadModel::Single, marks_oops_alive: false
[604.701s][debug][gc,ref         ] GC(107) Skipped phase 3 of Reference Processing: no references
[604.701s][debug][gc,ref         ] GC(107) ReferenceProcessor::execute queues: 1, RefProcThreadModel::Single, marks_oops_alive: false
[604.701s][debug][gc,phases      ] GC(107) Reference Processing 0.159ms
[604.701s][debug][gc,phases      ] GC(107)   VM Weak                        Min:  0.0, Avg:  0.0, Max:  0.0, Diff:  0.0, Sum:  0.0, Workers: 4
[604.701s][debug][gc,phases      ] GC(107)     Dead                           Min: 0, Avg:  0.0, Max: 0, Diff: 0, Sum: 0, Workers: 4
[604.701s][debug][gc,phases      ] GC(107)     Total                          Min: 0, Avg: 170.0, Max: 512, Diff: 512, Sum: 680, Workers: 4
[604.701s][debug][gc,phases      ] GC(107)   ObjectSynchronizer Weak        Min:  0.0, Avg:  0.0, Max:  0.0, Diff:  0.0, Sum:  0.0, Workers: 4
[604.701s][debug][gc,phases      ] GC(107)     Dead                           Min: 0, Avg:  0.0, Max: 0, Diff: 0, Sum: 0, Workers: 4
[604.701s][debug][gc,phases      ] GC(107)     Total                          Min: 19, Avg: 84.8, Max: 128, Diff: 109, Sum: 339, Workers: 4
[604.701s][debug][gc,phases      ] GC(107)   JVMTI Tag Weak OopStorage      Min:  0.0, Avg:  0.0, Max:  0.0, Diff:  0.0, Sum:  0.0, Workers: 4
[604.701s][debug][gc,phases      ] GC(107)     Dead                           Min: 0, Avg:  0.0, Max: 0, Diff: 0, Sum: 0, Workers: 4
[604.701s][debug][gc,phases      ] GC(107)     Total                          Min: 0, Avg:  0.0, Max: 0, Diff: 0, Sum: 0, Workers: 4
[604.701s][debug][gc,phases      ] GC(107)   StringTable Weak               Min:  0.1, Avg:  0.1, Max:  0.1, Diff:  0.0, Sum:  0.5, Workers: 4
[604.701s][debug][gc,phases      ] GC(107)     Dead                           Min: 0, Avg:  0.0, Max: 0, Diff: 0, Sum: 0, Workers: 4
[604.701s][debug][gc,phases      ] GC(107)     Total                          Min: 11008, Avg: 11986.0, Max: 13376, Diff: 2368, Sum: 47944, Workers: 4
[604.701s][debug][gc,phases      ] GC(107)   ResolvedMethodTable Weak       Min:  0.0, Avg:  0.0, Max:  0.0, Diff:  0.0, Sum:  0.1, Workers: 4
[604.701s][debug][gc,phases      ] GC(107)     Dead                           Min: 0, Avg:  0.0, Max: 0, Diff: 0, Sum: 0, Workers: 4
[604.701s][debug][gc,phases      ] GC(107)     Total                          Min: 1772, Avg: 2034.5, Max: 2286, Diff: 514, Sum: 8138, Workers: 4
[604.701s][debug][gc,phases      ] GC(107)   JNI Weak                       Min:  0.0, Avg:  0.0, Max:  0.0, Diff:  0.0, Sum:  0.0, Workers: 4
[604.701s][debug][gc,phases      ] GC(107)     Dead                           Min: 0, Avg:  0.0, Max: 0, Diff: 0, Sum: 0, Workers: 4
[604.701s][debug][gc,phases      ] GC(107)     Total                          Min: 0, Avg:  0.0, Max: 0, Diff: 0, Sum: 0, Workers: 4
[604.702s][debug][gc,phases      ] GC(107)   StringDedup Table Weak         Min:  0.0, Avg:  0.0, Max:  0.0, Diff:  0.0, Sum:  0.0, Workers: 4
[604.702s][debug][gc,phases      ] GC(107)     Dead                           Min: 0, Avg:  0.0, Max: 0, Diff: 0, Sum: 0, Workers: 4
[604.702s][debug][gc,phases      ] GC(107)     Total                          Min: 0, Avg:  0.0, Max: 0, Diff: 0, Sum: 0, Workers: 4
[604.702s][debug][gc,phases      ] GC(107)   StringDedup Requests0 Weak     Min:  0.0, Avg:  0.0, Max:  0.0, Diff:  0.0, Sum:  0.0, Workers: 4
[604.702s][debug][gc,phases      ] GC(107)     Dead                           Min: 0, Avg:  0.0, Max: 0, Diff: 0, Sum: 0, Workers: 4
[604.702s][debug][gc,phases      ] GC(107)     Total                          Min: 0, Avg:  0.0, Max: 0, Diff: 0, Sum: 0, Workers: 4
[604.702s][debug][gc,phases      ] GC(107)   StringDedup Requests1 Weak     Min:  0.0, Avg:  0.0, Max:  0.0, Diff:  0.0, Sum:  0.0, Workers: 4
[604.702s][debug][gc,phases      ] GC(107)     Dead                           Min: 0, Avg:  0.0, Max: 0, Diff: 0, Sum: 0, Workers: 4
[604.702s][debug][gc,phases      ] GC(107)     Total                          Min: 0, Avg:  0.0, Max: 0, Diff: 0, Sum: 0, Workers: 4
[604.702s][debug][gc,phases      ] GC(107)   Weak JFR Old Object Samples    Min:  0.0, Avg:  0.0, Max:  0.0, Diff:  0.0, Sum:  0.0, Workers: 4
[604.702s][debug][gc,phases      ] GC(107)     Dead                           Min: 0, Avg:  0.0, Max: 0, Diff: 0, Sum: 0, Workers: 4
[604.702s][debug][gc,phases      ] GC(107)     Total                          Min: 0, Avg:  0.0, Max: 0, Diff: 0, Sum: 0, Workers: 4
[604.702s][debug][gc,phases      ] GC(107) Weak Processing 0.376ms
[604.702s][debug][gc,age         ] GC(107) Desired survivor size 78118912 bytes, new threshold 15 (max threshold 15)
[604.702s][info ][gc,heap        ] GC(107) PSYoungGen: 1976820K(2019840K)->32982K(2018816K) Eden: 1941504K(1941504K)->0K(1941504K) From: 35316K(78336K)->32982K(77312K)
[604.702s][info ][gc,heap        ] GC(107) ParOldGen: 405866K(429056K)->408557K(429056K)
[604.702s][info ][gc,metaspace   ] GC(107) Metaspace: 82966K(83840K)->82966K(83840K) NonClass: 71344K(71808K)->71344K(71808K) Class: 11622K(12032K)->11622K(12032K)
[604.702s][info ][gc             ] GC(107) Pause Young (Allocation Failure) 2326M->431M(2390M) 10.789ms
[604.702s][info ][gc,cpu         ] GC(107) User=0.04s Sys=0.00s Real=0.01s
[604.702s][info ][safepoint      ] Safepoint "ParallelGCFailedAllocation", Time since last: 3389018017 ns, Reaching safepoint: 131204 ns, At safepoint: 10880790 ns, Total: 11011994 ns
[610.702s][info ][safepoint      ] Safepoint "Cleanup", Time since last: 6000444117 ns, Reaching safepoint: 51801 ns, At safepoint: 3900 ns, Total: 55701 ns
[613.703s][info ][safepoint      ] Safepoint "Cleanup", Time since last: 3000267774 ns, Reaching safepoint: 70702 ns, At safepoint: 15800 ns, Total: 86502 ns
[615.703s][info ][safepoint      ] Safepoint "Cleanup", Time since last: 2000196188 ns, Reaching safepoint: 65502 ns, At safepoint: 3700 ns, Total: 69202 ns
[620.703s][info ][safepoint      ] Safepoint "Cleanup", Time since last: 5000405885 ns, Reaching safepoint: 63701 ns, At safepoint: 4501 ns, Total: 68202 ns
[628.704s][info ][safepoint      ] Safepoint "Cleanup", Time since last: 8000551124 ns, Reaching safepoint: 57202 ns, At safepoint: 8800 ns, Total: 66002 ns
[629.704s][info ][safepoint      ] Safepoint "Cleanup", Time since last: 1000120809 ns, Reaching safepoint: 57302 ns, At safepoint: 3400 ns, Total: 60702 ns
[634.705s][info ][safepoint      ] Safepoint "Cleanup", Time since last: 5000393053 ns, Reaching safepoint: 69302 ns, At safepoint: 10901 ns, Total: 80203 ns
[635.705s][info ][safepoint      ] Safepoint "Cleanup", Time since last: 1000114514 ns, Reaching safepoint: 47401 ns, At safepoint: 7201 ns, Total: 54602 ns
[636.705s][info ][safepoint      ] Safepoint "Cleanup", Time since last: 1000122015 ns, Reaching safepoint: 98403 ns, At safepoint: 11200 ns, Total: 109603 ns
[637.705s][info ][safepoint      ] Safepoint "Cleanup", Time since last: 1000121217 ns, Reaching safepoint: 57702 ns, At safepoint: 9100 ns, Total: 66802 ns
[638.705s][info ][safepoint      ] Safepoint "Cleanup", Time since last: 1000123718 ns, Reaching safepoint: 49701 ns, At safepoint: 3300 ns, Total: 53001 ns
[641.706s][info ][safepoint      ] Safepoint "Cleanup", Time since last: 3000260856 ns, Reaching safepoint: 51301 ns, At safepoint: 4301 ns, Total: 55602 ns
[644.706s][info ][safepoint      ] Safepoint "Cleanup", Time since last: 3000266564 ns, Reaching safepoint: 62302 ns, At safepoint: 4800 ns, Total: 67102 ns
[645.706s][info ][safepoint      ] Safepoint "Cleanup", Time since last: 1000117524 ns, Reaching safepoint: 79002 ns, At safepoint: 10901 ns, Total: 89903 ns
[646.706s][info ][safepoint      ] Safepoint "Cleanup", Time since last: 1000153626 ns, Reaching safepoint: 97603 ns, At safepoint: 23500 ns, Total: 121103 ns
[647.707s][info ][safepoint      ] Safepoint "Cleanup", Time since last: 1000500937 ns, Reaching safepoint: 60001 ns, At safepoint: 3700 ns, Total: 63701 ns
[648.707s][info ][safepoint      ] Safepoint "Cleanup", Time since last: 1000124528 ns, Reaching safepoint: 53301 ns, At safepoint: 12200 ns, Total: 65501 ns
[650.707s][info ][safepoint      ] Safepoint "Cleanup", Time since last: 2000188856 ns, Reaching safepoint: 59802 ns, At safepoint: 3100 ns, Total: 62902 ns
[651.708s][info ][safepoint      ] Safepoint "Cleanup", Time since last: 1000126230 ns, Reaching safepoint: 60802 ns, At safepoint: 9400 ns, Total: 70202 ns
[654.708s][info ][safepoint      ] Safepoint "Cleanup", Time since last: 3000268393 ns, Reaching safepoint: 68902 ns, At safepoint: 9700 ns, Total: 78602 ns
[656.712s][info ][safepoint      ] Safepoint "Cleanup", Time since last: 2004284777 ns, Reaching safepoint: 61601 ns, At safepoint: 5900 ns, Total: 67501 ns
[658.713s][info ][safepoint      ] Safepoint "Cleanup", Time since last: 2000488079 ns, Reaching safepoint: 58602 ns, At safepoint: 2600 ns, Total: 61202 ns
[661.713s][info ][safepoint      ] Safepoint "Cleanup", Time since last: 3000259012 ns, Reaching safepoint: 78402 ns, At safepoint: 11901 ns, Total: 90303 ns
[662.713s][info ][safepoint      ] Safepoint "Cleanup", Time since last: 1000118140 ns, Reaching safepoint: 48401 ns, At safepoint: 3100 ns, Total: 51501 ns
[669.715s][info ][safepoint      ] Safepoint "Cleanup", Time since last: 7001715131 ns, Reaching safepoint: 62301 ns, At safepoint: 4000 ns, Total: 66301 ns
[671.715s][info ][safepoint      ] Safepoint "Cleanup", Time since last: 2000191895 ns, Reaching safepoint: 54201 ns, At safepoint: 5901 ns, Total: 60102 ns
[673.716s][info ][safepoint      ] Safepoint "Cleanup", Time since last: 2000186898 ns, Reaching safepoint: 55401 ns, At safepoint: 4100 ns, Total: 59501 ns
[674.975s][info ][gc,start       ] GC(108) Pause Young (Allocation Failure)
[674.986s][debug][gc,phases      ] GC(108) Scavenge 10.214ms
[674.986s][debug][gc,ref         ] GC(108) Skipped phase 1 of Reference Processing: no references
[674.986s][debug][gc,ref         ] GC(108) ReferenceProcessor::execute queues: 1, RefProcThreadModel::Single, marks_oops_alive: false
[674.986s][debug][gc,ref         ] GC(108) Skipped phase 3 of Reference Processing: no references
[674.986s][debug][gc,ref         ] GC(108) ReferenceProcessor::execute queues: 1, RefProcThreadModel::Single, marks_oops_alive: false
[674.986s][debug][gc,phases      ] GC(108) Reference Processing 0.164ms
[674.986s][debug][gc,phases      ] GC(108)   VM Weak                        Min:  0.0, Avg:  0.0, Max:  0.0, Diff:  0.0, Sum:  0.0, Workers: 4
[674.986s][debug][gc,phases      ] GC(108)     Dead                           Min: 0, Avg:  0.0, Max: 0, Diff: 0, Sum: 0, Workers: 4
[674.986s][debug][gc,phases      ] GC(108)     Total                          Min: 0, Avg: 170.0, Max: 576, Diff: 576, Sum: 680, Workers: 4
[674.986s][debug][gc,phases      ] GC(108)   ObjectSynchronizer Weak        Min:  0.0, Avg:  0.0, Max:  0.0, Diff:  0.0, Sum:  0.0, Workers: 4
[674.986s][debug][gc,phases      ] GC(108)     Dead                           Min: 0, Avg:  0.0, Max: 0, Diff: 0, Sum: 0, Workers: 4
[674.986s][debug][gc,phases      ] GC(108)     Total                          Min: 0, Avg: 84.8, Max: 211, Diff: 211, Sum: 339, Workers: 4
[674.986s][debug][gc,phases      ] GC(108)   JVMTI Tag Weak OopStorage      Min:  0.0, Avg:  0.0, Max:  0.0, Diff:  0.0, Sum:  0.0, Workers: 4
[674.986s][debug][gc,phases      ] GC(108)     Dead                           Min: 0, Avg:  0.0, Max: 0, Diff: 0, Sum: 0, Workers: 4
[674.986s][debug][gc,phases      ] GC(108)     Total                          Min: 0, Avg:  0.0, Max: 0, Diff: 0, Sum: 0, Workers: 4
[674.986s][debug][gc,phases      ] GC(108)   StringTable Weak               Min:  0.1, Avg:  0.1, Max:  0.1, Diff:  0.0, Sum:  0.5, Workers: 4
[674.986s][debug][gc,phases      ] GC(108)     Dead                           Min: 0, Avg:  0.0, Max: 0, Diff: 0, Sum: 0, Workers: 4
[674.986s][debug][gc,phases      ] GC(108)     Total                          Min: 11008, Avg: 12005.2, Max: 13205, Diff: 2197, Sum: 48021, Workers: 4
[674.986s][debug][gc,phases      ] GC(108)   ResolvedMethodTable Weak       Min:  0.0, Avg:  0.0, Max:  0.0, Diff:  0.0, Sum:  0.1, Workers: 4
[674.986s][debug][gc,phases      ] GC(108)     Dead                           Min: 0, Avg:  0.0, Max: 0, Diff: 0, Sum: 0, Workers: 4
[674.986s][debug][gc,phases      ] GC(108)     Total                          Min: 1787, Avg: 2034.5, Max: 2350, Diff: 563, Sum: 8138, Workers: 4
[674.986s][debug][gc,phases      ] GC(108)   JNI Weak                       Min:  0.0, Avg:  0.0, Max:  0.0, Diff:  0.0, Sum:  0.0, Workers: 4
[674.986s][debug][gc,phases      ] GC(108)     Dead                           Min: 0, Avg:  0.0, Max: 0, Diff: 0, Sum: 0, Workers: 4
[674.986s][debug][gc,phases      ] GC(108)     Total                          Min: 0, Avg:  0.0, Max: 0, Diff: 0, Sum: 0, Workers: 4
[674.986s][debug][gc,phases      ] GC(108)   StringDedup Table Weak         Min:  0.0, Avg:  0.0, Max:  0.0, Diff:  0.0, Sum:  0.0, Workers: 4
[674.986s][debug][gc,phases      ] GC(108)     Dead                           Min: 0, Avg:  0.0, Max: 0, Diff: 0, Sum: 0, Workers: 4
[674.986s][debug][gc,phases      ] GC(108)     Total                          Min: 0, Avg:  0.0, Max: 0, Diff: 0, Sum: 0, Workers: 4
[674.986s][debug][gc,phases      ] GC(108)   StringDedup Requests0 Weak     Min:  0.0, Avg:  0.0, Max:  0.0, Diff:  0.0, Sum:  0.0, Workers: 4
[674.986s][debug][gc,phases      ] GC(108)     Dead                           Min: 0, Avg:  0.0, Max: 0, Diff: 0, Sum: 0, Workers: 4
[674.986s][debug][gc,phases      ] GC(108)     Total                          Min: 0, Avg:  0.0, Max: 0, Diff: 0, Sum: 0, Workers: 4
[674.986s][debug][gc,phases      ] GC(108)   StringDedup Requests1 Weak     Min:  0.0, Avg:  0.0, Max:  0.0, Diff:  0.0, Sum:  0.0, Workers: 4
[674.986s][debug][gc,phases      ] GC(108)     Dead                           Min: 0, Avg:  0.0, Max: 0, Diff: 0, Sum: 0, Workers: 4
[674.986s][debug][gc,phases      ] GC(108)     Total                          Min: 0, Avg:  0.0, Max: 0, Diff: 0, Sum: 0, Workers: 4
[674.986s][debug][gc,phases      ] GC(108)   Weak JFR Old Object Samples    Min:  0.0, Avg:  0.0, Max:  0.0, Diff:  0.0, Sum:  0.0, Workers: 4
[674.986s][debug][gc,phases      ] GC(108)     Dead                           Min: 0, Avg:  0.0, Max: 0, Diff: 0, Sum: 0, Workers: 4
[674.986s][debug][gc,phases      ] GC(108)     Total                          Min: 0, Avg:  0.0, Max: 0, Diff: 0, Sum: 0, Workers: 4
[674.986s][debug][gc,phases      ] GC(108) Weak Processing 0.386ms
[674.986s][debug][gc,age         ] GC(108) Desired survivor size 77594624 bytes, new threshold 15 (max threshold 15)
[674.986s][info ][gc,heap        ] GC(108) PSYoungGen: 1974486K(2018816K)->28665K(2021376K) Eden: 1941504K(1941504K)->0K(1945088K) From: 32982K(77312K)->28665K(76288K)
[674.986s][info ][gc,heap        ] GC(108) ParOldGen: 408557K(429056K)->413209K(429056K)
[674.986s][info ][gc,metaspace   ] GC(108) Metaspace: 82989K(83840K)->82989K(83840K) NonClass: 71367K(71808K)->71367K(71808K) Class: 11622K(12032K)->11622K(12032K)
[674.986s][info ][gc             ] GC(108) Pause Young (Allocation Failure) 2327M->431M(2393M) 10.919ms
[674.986s][info ][gc,cpu         ] GC(108) User=0.04s Sys=0.00s Real=0.01s
[674.986s][info ][safepoint      ] Safepoint "ParallelGCFailedAllocation", Time since last: 1259479189 ns, Reaching safepoint: 107703 ns, At safepoint: 11023695 ns, Total: 11131398 ns
[676.987s][info ][safepoint      ] Safepoint "Cleanup", Time since last: 2000168203 ns, Reaching safepoint: 67102 ns, At safepoint: 3900 ns, Total: 71002 ns
[677.987s][info ][safepoint      ] Safepoint "Cleanup", Time since last: 1000103754 ns, Reaching safepoint: 61801 ns, At safepoint: 3700 ns, Total: 65501 ns
[685.987s][info ][safepoint      ] Safepoint "Cleanup", Time since last: 8000655256 ns, Reaching safepoint: 58402 ns, At safepoint: 5900 ns, Total: 64302 ns
[686.988s][info ][safepoint      ] Safepoint "Cleanup", Time since last: 1000126562 ns, Reaching safepoint: 59702 ns, At safepoint: 6800 ns, Total: 66502 ns
[690.988s][info ][safepoint      ] Safepoint "Cleanup", Time since last: 4000328552 ns, Reaching safepoint: 54702 ns, At safepoint: 3700 ns, Total: 58402 ns
[691.989s][info ][safepoint      ] Safepoint "Cleanup", Time since last: 1000887287 ns, Reaching safepoint: 141604 ns, At safepoint: 8400 ns, Total: 150004 ns
[693.989s][info ][safepoint      ] Safepoint "Cleanup", Time since last: 2000151833 ns, Reaching safepoint: 118103 ns, At safepoint: 10800 ns, Total: 128903 ns
[694.990s][info ][safepoint      ] Safepoint "Cleanup", Time since last: 1000138570 ns, Reaching safepoint: 100002 ns, At safepoint: 6801 ns, Total: 106803 ns
[695.990s][info ][safepoint      ] Safepoint "Cleanup", Time since last: 1000120869 ns, Reaching safepoint: 131304 ns, At safepoint: 12300 ns, Total: 143604 ns
[697.990s][info ][safepoint      ] Safepoint "Cleanup", Time since last: 2000217042 ns, Reaching safepoint: 143204 ns, At safepoint: 13700 ns, Total: 156904 ns
[701.991s][info ][safepoint      ] Safepoint "Cleanup", Time since last: 4000299490 ns, Reaching safepoint: 121803 ns, At safepoint: 9000 ns, Total: 130803 ns
[702.991s][info ][safepoint      ] Safepoint "Cleanup", Time since last: 1000107676 ns, Reaching safepoint: 99402 ns, At safepoint: 9000 ns, Total: 108402 ns
[704.991s][info ][safepoint      ] Safepoint "Cleanup", Time since last: 2000173953 ns, Reaching safepoint: 122803 ns, At safepoint: 7000 ns, Total: 129803 ns
[708.993s][info ][safepoint      ] Safepoint "Cleanup", Time since last: 4001012133 ns, Reaching safepoint: 775220 ns, At safepoint: 9301 ns, Total: 784521 ns
[709.993s][info ][safepoint      ] Safepoint "Cleanup", Time since last: 1000121181 ns, Reaching safepoint: 116003 ns, At safepoint: 5501 ns, Total: 121504 ns
[713.994s][info ][safepoint      ] Safepoint "Cleanup", Time since last: 4001012949 ns, Reaching safepoint: 133803 ns, At safepoint: 8001 ns, Total: 141804 ns
[714.995s][info ][safepoint      ] Safepoint "Cleanup", Time since last: 1000128886 ns, Reaching safepoint: 143604 ns, At safepoint: 8100 ns, Total: 151704 ns
[715.995s][info ][safepoint      ] Safepoint "Cleanup", Time since last: 1000145487 ns, Reaching safepoint: 141104 ns, At safepoint: 7400 ns, Total: 148504 ns
[716.995s][info ][safepoint      ] Safepoint "Cleanup", Time since last: 1000115087 ns, Reaching safepoint: 114604 ns, At safepoint: 5800 ns, Total: 120404 ns
[717.995s][info ][safepoint      ] Safepoint "Cleanup", Time since last: 1000105388 ns, Reaching safepoint: 55301 ns, At safepoint: 7500 ns, Total: 62801 ns
[720.996s][info ][safepoint      ] Safepoint "Cleanup", Time since last: 3000237467 ns, Reaching safepoint: 127803 ns, At safepoint: 12501 ns, Total: 140304 ns
[723.996s][info ][safepoint      ] Safepoint "Cleanup", Time since last: 3000237874 ns, Reaching safepoint: 131103 ns, At safepoint: 6500 ns, Total: 137603 ns
[725.241s][info ][safepoint      ] Safepoint "Cleanup", Time since last: 1244439340 ns, Reaching safepoint: 338709 ns, At safepoint: 20101 ns, Total: 358810 ns
[733.242s][info ][safepoint      ] Safepoint "Cleanup", Time since last: 8000658074 ns, Reaching safepoint: 133804 ns, At safepoint: 13700 ns, Total: 147504 ns
[736.242s][info ][safepoint      ] Safepoint "Cleanup", Time since last: 3000246204 ns, Reaching safepoint: 177105 ns, At safepoint: 22100 ns, Total: 199205 ns
[739.242s][info ][safepoint      ] Safepoint "Cleanup", Time since last: 3000257712 ns, Reaching safepoint: 92402 ns, At safepoint: 34401 ns, Total: 126803 ns
[740.243s][info ][safepoint      ] Safepoint "Cleanup", Time since last: 1000117606 ns, Reaching safepoint: 139204 ns, At safepoint: 7700 ns, Total: 146904 ns
[743.544s][info ][gc,start       ] GC(109) Pause Young (Allocation Failure)
[743.555s][debug][gc,phases      ] GC(109) Scavenge 11.168ms
[743.555s][debug][gc,ref         ] GC(109) Skipped phase 1 of Reference Processing: no references
[743.555s][debug][gc,ref         ] GC(109) ReferenceProcessor::execute queues: 1, RefProcThreadModel::Single, marks_oops_alive: false
[743.555s][debug][gc,ref         ] GC(109) Skipped phase 3 of Reference Processing: no references
[743.555s][debug][gc,ref         ] GC(109) ReferenceProcessor::execute queues: 1, RefProcThreadModel::Single, marks_oops_alive: false
[743.555s][debug][gc,phases      ] GC(109) Reference Processing 0.123ms
[743.555s][debug][gc,phases      ] GC(109)   VM Weak                        Min:  0.0, Avg:  0.0, Max:  0.0, Diff:  0.0, Sum:  0.0, Workers: 4
[743.555s][debug][gc,phases      ] GC(109)     Dead                           Min: 0, Avg:  0.0, Max: 0, Diff: 0, Sum: 0, Workers: 4
[743.555s][debug][gc,phases      ] GC(109)     Total                          Min: 0, Avg: 170.0, Max: 448, Diff: 448, Sum: 680, Workers: 4
[743.555s][debug][gc,phases      ] GC(109)   ObjectSynchronizer Weak        Min:  0.0, Avg:  0.0, Max:  0.0, Diff:  0.0, Sum:  0.0, Workers: 4
[743.555s][debug][gc,phases      ] GC(109)     Dead                           Min: 0, Avg:  0.0, Max: 0, Diff: 0, Sum: 0, Workers: 4
[743.555s][debug][gc,phases      ] GC(109)     Total                          Min: 0, Avg: 85.0, Max: 128, Diff: 128, Sum: 340, Workers: 4
[743.555s][debug][gc,phases      ] GC(109)   JVMTI Tag Weak OopStorage      Min:  0.0, Avg:  0.0, Max:  0.0, Diff:  0.0, Sum:  0.0, Workers: 4
[743.555s][debug][gc,phases      ] GC(109)     Dead                           Min: 0, Avg:  0.0, Max: 0, Diff: 0, Sum: 0, Workers: 4
[743.555s][debug][gc,phases      ] GC(109)     Total                          Min: 0, Avg:  0.0, Max: 0, Diff: 0, Sum: 0, Workers: 4
[743.555s][debug][gc,phases      ] GC(109)   StringTable Weak               Min:  0.1, Avg:  0.1, Max:  0.1, Diff:  0.0, Sum:  0.5, Workers: 4
[743.555s][debug][gc,phases      ] GC(109)     Dead                           Min: 0, Avg:  0.0, Max: 0, Diff: 0, Sum: 0, Workers: 4
[743.555s][debug][gc,phases      ] GC(109)     Total                          Min: 11648, Avg: 12006.8, Max: 12416, Diff: 768, Sum: 48027, Workers: 4
[743.555s][debug][gc,phases      ] GC(109)   ResolvedMethodTable Weak       Min:  0.0, Avg:  0.0, Max:  0.0, Diff:  0.0, Sum:  0.1, Workers: 4
[743.555s][debug][gc,phases      ] GC(109)     Dead                           Min: 0, Avg:  0.0, Max: 0, Diff: 0, Sum: 0, Workers: 4
[743.555s][debug][gc,phases      ] GC(109)     Total                          Min: 1963, Avg: 2034.5, Max: 2114, Diff: 151, Sum: 8138, Workers: 4
[743.555s][debug][gc,phases      ] GC(109)   JNI Weak                       Min:  0.0, Avg:  0.0, Max:  0.0, Diff:  0.0, Sum:  0.0, Workers: 4
[743.555s][debug][gc,phases      ] GC(109)     Dead                           Min: 0, Avg:  0.0, Max: 0, Diff: 0, Sum: 0, Workers: 4
[743.555s][debug][gc,phases      ] GC(109)     Total                          Min: 0, Avg:  0.0, Max: 0, Diff: 0, Sum: 0, Workers: 4
[743.555s][debug][gc,phases      ] GC(109)   StringDedup Table Weak         Min:  0.0, Avg:  0.0, Max:  0.0, Diff:  0.0, Sum:  0.0, Workers: 4
[743.555s][debug][gc,phases      ] GC(109)     Dead                           Min: 0, Avg:  0.0, Max: 0, Diff: 0, Sum: 0, Workers: 4
[743.555s][debug][gc,phases      ] GC(109)     Total                          Min: 0, Avg:  0.0, Max: 0, Diff: 0, Sum: 0, Workers: 4
[743.555s][debug][gc,phases      ] GC(109)   StringDedup Requests0 Weak     Min:  0.0, Avg:  0.0, Max:  0.0, Diff:  0.0, Sum:  0.0, Workers: 4
[743.555s][debug][gc,phases      ] GC(109)     Dead                           Min: 0, Avg:  0.0, Max: 0, Diff: 0, Sum: 0, Workers: 4
[743.555s][debug][gc,phases      ] GC(109)     Total                          Min: 0, Avg:  0.0, Max: 0, Diff: 0, Sum: 0, Workers: 4
[743.555s][debug][gc,phases      ] GC(109)   StringDedup Requests1 Weak     Min:  0.0, Avg:  0.0, Max:  0.0, Diff:  0.0, Sum:  0.0, Workers: 4
[743.555s][debug][gc,phases      ] GC(109)     Dead                           Min: 0, Avg:  0.0, Max: 0, Diff: 0, Sum: 0, Workers: 4
[743.555s][debug][gc,phases      ] GC(109)     Total                          Min: 0, Avg:  0.0, Max: 0, Diff: 0, Sum: 0, Workers: 4
[743.555s][debug][gc,phases      ] GC(109)   Weak JFR Old Object Samples    Min:  0.0, Avg:  0.0, Max:  0.0, Diff:  0.0, Sum:  0.0, Workers: 4
[743.555s][debug][gc,phases      ] GC(109)     Dead                           Min: 0, Avg:  0.0, Max: 0, Diff: 0, Sum: 0, Workers: 4
[743.555s][debug][gc,phases      ] GC(109)     Total                          Min: 0, Avg:  0.0, Max: 0, Diff: 0, Sum: 0, Workers: 4
[743.555s][debug][gc,phases      ] GC(109) Weak Processing 0.332ms
[743.555s][debug][gc,age         ] GC(109) Desired survivor size 77070336 bytes, new threshold 15 (max threshold 15)
[743.555s][info ][gc,heap        ] GC(109) PSYoungGen: 1973753K(2021376K)->26808K(2020864K) Eden: 1945088K(1945088K)->0K(1945088K) From: 28665K(76288K)->26808K(75776K)
[743.555s][info ][gc,heap        ] GC(109) ParOldGen: 413209K(429056K)->415125K(429056K)
[743.555s][info ][gc,metaspace   ] GC(109) Metaspace: 83022K(83904K)->83022K(83904K) NonClass: 71400K(71872K)->71400K(71872K) Class: 11622K(12032K)->11622K(12032K)
[743.555s][info ][gc             ] GC(109) Pause Young (Allocation Failure) 2331M->431M(2392M) 11.769ms
[743.555s][info ][gc,cpu         ] GC(109) User=0.05s Sys=0.00s Real=0.01s
[743.556s][info ][safepoint      ] Safepoint "ParallelGCFailedAllocation", Time since last: 3300852879 ns, Reaching safepoint: 49101 ns, At safepoint: 11857318 ns, Total: 11906419 ns
[744.556s][info ][safepoint      ] Safepoint "Cleanup", Time since last: 1000083908 ns, Reaching safepoint: 53802 ns, At safepoint: 2800 ns, Total: 56602 ns
[745.556s][info ][safepoint      ] Safepoint "Cleanup", Time since last: 1000107010 ns, Reaching safepoint: 59802 ns, At safepoint: 3300 ns, Total: 63102 ns
[747.556s][info ][safepoint      ] Safepoint "Cleanup", Time since last: 2000235123 ns, Reaching safepoint: 90302 ns, At safepoint: 21001 ns, Total: 111303 ns
[751.557s][info ][safepoint      ] Safepoint "Cleanup", Time since last: 4000327751 ns, Reaching safepoint: 56702 ns, At safepoint: 5200 ns, Total: 61902 ns
[761.093s][info ][safepoint      ] Safepoint "Cleanup", Time since last: 9536390727 ns, Reaching safepoint: 132903 ns, At safepoint: 14401 ns, Total: 147304 ns
[770.094s][info ][safepoint      ] Safepoint "Cleanup", Time since last: 9000725225 ns, Reaching safepoint: 132304 ns, At safepoint: 39601 ns, Total: 171905 ns
[774.095s][info ][safepoint      ] Safepoint "Cleanup", Time since last: 4000366021 ns, Reaching safepoint: 134103 ns, At safepoint: 7200 ns, Total: 141303 ns
[777.095s][info ][safepoint      ] Safepoint "Cleanup", Time since last: 3000306600 ns, Reaching safepoint: 136403 ns, At safepoint: 10401 ns, Total: 146804 ns
[778.095s][info ][safepoint      ] Safepoint "Cleanup", Time since last: 1000128835 ns, Reaching safepoint: 136304 ns, At safepoint: 12700 ns, Total: 149004 ns
[781.096s][info ][safepoint      ] Safepoint "Cleanup", Time since last: 3000280307 ns, Reaching safepoint: 135204 ns, At safepoint: 9400 ns, Total: 144604 ns
[785.096s][info ][safepoint      ] Safepoint "Cleanup", Time since last: 4000367753 ns, Reaching safepoint: 69002 ns, At safepoint: 10600 ns, Total: 79602 ns
[786.096s][info ][safepoint      ] Safepoint "Cleanup", Time since last: 1000111841 ns, Reaching safepoint: 58801 ns, At safepoint: 2501 ns, Total: 61302 ns
[787.494s][info ][safepoint      ] Safepoint "Cleanup", Time since last: 1397765713 ns, Reaching safepoint: 107203 ns, At safepoint: 13901 ns, Total: 121104 ns
[788.494s][info ][safepoint      ] Safepoint "Cleanup", Time since last: 1000124842 ns, Reaching safepoint: 154504 ns, At safepoint: 11401 ns, Total: 165905 ns
[794.495s][info ][safepoint      ] Safepoint "Cleanup", Time since last: 6000478964 ns, Reaching safepoint: 119203 ns, At safepoint: 9200 ns, Total: 128403 ns
[795.495s][info ][safepoint      ] Safepoint "Cleanup", Time since last: 1000140348 ns, Reaching safepoint: 161905 ns, At safepoint: 21800 ns, Total: 183705 ns
[796.496s][info ][safepoint      ] Safepoint "Cleanup", Time since last: 1000133249 ns, Reaching safepoint: 43201 ns, At safepoint: 5800 ns, Total: 49001 ns
[803.497s][info ][safepoint      ] Safepoint "Cleanup", Time since last: 7001403773 ns, Reaching safepoint: 56601 ns, At safepoint: 3200 ns, Total: 59801 ns
[805.497s][info ][safepoint      ] Safepoint "Cleanup", Time since last: 2000175307 ns, Reaching safepoint: 73702 ns, At safepoint: 10700 ns, Total: 84402 ns
[809.498s][info ][safepoint      ] Safepoint "Cleanup", Time since last: 4000308721 ns, Reaching safepoint: 71402 ns, At safepoint: 3300 ns, Total: 74702 ns
[811.498s][info ][safepoint      ] Safepoint "Cleanup", Time since last: 2000750830 ns, Reaching safepoint: 54602 ns, At safepoint: 4300 ns, Total: 58902 ns
[812.476s][info ][gc,start       ] GC(110) Pause Young (Allocation Failure)
[812.484s][debug][gc,phases      ] GC(110) Scavenge 8.366ms
[812.484s][debug][gc,ref         ] GC(110) Skipped phase 1 of Reference Processing: no references
[812.484s][debug][gc,ref         ] GC(110) ReferenceProcessor::execute queues: 1, RefProcThreadModel::Single, marks_oops_alive: false
[812.484s][debug][gc,ref         ] GC(110) Skipped phase 3 of Reference Processing: no references
[812.484s][debug][gc,ref         ] GC(110) ReferenceProcessor::execute queues: 1, RefProcThreadModel::Single, marks_oops_alive: false
[812.484s][debug][gc,phases      ] GC(110) Reference Processing 0.117ms
[812.485s][debug][gc,phases      ] GC(110)   VM Weak                        Min:  0.0, Avg:  0.0, Max:  0.0, Diff:  0.0, Sum:  0.0, Workers: 4
[812.485s][debug][gc,phases      ] GC(110)     Dead                           Min: 0, Avg:  0.0, Max: 0, Diff: 0, Sum: 0, Workers: 4
[812.485s][debug][gc,phases      ] GC(110)     Total                          Min: 0, Avg: 170.0, Max: 680, Diff: 680, Sum: 680, Workers: 4
[812.485s][debug][gc,phases      ] GC(110)   ObjectSynchronizer Weak        Min:  0.0, Avg:  0.0, Max:  0.0, Diff:  0.0, Sum:  0.0, Workers: 4
[812.485s][debug][gc,phases      ] GC(110)     Dead                           Min: 0, Avg:  0.0, Max: 0, Diff: 0, Sum: 0, Workers: 4
[812.485s][debug][gc,phases      ] GC(110)     Total                          Min: 0, Avg: 85.0, Max: 192, Diff: 192, Sum: 340, Workers: 4
[812.485s][debug][gc,phases      ] GC(110)   JVMTI Tag Weak OopStorage      Min:  0.0, Avg:  0.0, Max:  0.0, Diff:  0.0, Sum:  0.0, Workers: 4
[812.485s][debug][gc,phases      ] GC(110)     Dead                           Min: 0, Avg:  0.0, Max: 0, Diff: 0, Sum: 0, Workers: 4
[812.485s][debug][gc,phases      ] GC(110)     Total                          Min: 0, Avg:  0.0, Max: 0, Diff: 0, Sum: 0, Workers: 4
[812.485s][debug][gc,phases      ] GC(110)   StringTable Weak               Min:  0.1, Avg:  0.1, Max:  0.1, Diff:  0.0, Sum:  0.4, Workers: 4
[812.485s][debug][gc,phases      ] GC(110)     Dead                           Min: 0, Avg:  0.0, Max: 0, Diff: 0, Sum: 0, Workers: 4
[812.485s][debug][gc,phases      ] GC(110)     Total                          Min: 10752, Avg: 12007.5, Max: 13086, Diff: 2334, Sum: 48030, Workers: 4
[812.485s][debug][gc,phases      ] GC(110)   ResolvedMethodTable Weak       Min:  0.0, Avg:  0.0, Max:  0.0, Diff:  0.0, Sum:  0.1, Workers: 4
[812.485s][debug][gc,phases      ] GC(110)     Dead                           Min: 0, Avg:  0.0, Max: 0, Diff: 0, Sum: 0, Workers: 4
[812.485s][debug][gc,phases      ] GC(110)     Total                          Min: 1908, Avg: 2035.0, Max: 2238, Diff: 330, Sum: 8140, Workers: 4
[812.485s][debug][gc,phases      ] GC(110)   JNI Weak                       Min:  0.0, Avg:  0.0, Max:  0.0, Diff:  0.0, Sum:  0.0, Workers: 4
[812.485s][debug][gc,phases      ] GC(110)     Dead                           Min: 0, Avg:  0.0, Max: 0, Diff: 0, Sum: 0, Workers: 4
[812.485s][debug][gc,phases      ] GC(110)     Total                          Min: 0, Avg:  0.0, Max: 0, Diff: 0, Sum: 0, Workers: 4
[812.485s][debug][gc,phases      ] GC(110)   StringDedup Table Weak         Min:  0.0, Avg:  0.0, Max:  0.0, Diff:  0.0, Sum:  0.0, Workers: 4
[812.485s][debug][gc,phases      ] GC(110)     Dead                           Min: 0, Avg:  0.0, Max: 0, Diff: 0, Sum: 0, Workers: 4
[812.485s][debug][gc,phases      ] GC(110)     Total                          Min: 0, Avg:  0.0, Max: 0, Diff: 0, Sum: 0, Workers: 4
[812.485s][debug][gc,phases      ] GC(110)   StringDedup Requests0 Weak     Min:  0.0, Avg:  0.0, Max:  0.0, Diff:  0.0, Sum:  0.0, Workers: 4
[812.485s][debug][gc,phases      ] GC(110)     Dead                           Min: 0, Avg:  0.0, Max: 0, Diff: 0, Sum: 0, Workers: 4
[812.485s][debug][gc,phases      ] GC(110)     Total                          Min: 0, Avg:  0.0, Max: 0, Diff: 0, Sum: 0, Workers: 4
[812.485s][debug][gc,phases      ] GC(110)   StringDedup Requests1 Weak     Min:  0.0, Avg:  0.0, Max:  0.0, Diff:  0.0, Sum:  0.0, Workers: 4
[812.485s][debug][gc,phases      ] GC(110)     Dead                           Min: 0, Avg:  0.0, Max: 0, Diff: 0, Sum: 0, Workers: 4
[812.485s][debug][gc,phases      ] GC(110)     Total                          Min: 0, Avg:  0.0, Max: 0, Diff: 0, Sum: 0, Workers: 4
[812.485s][debug][gc,phases      ] GC(110)   Weak JFR Old Object Samples    Min:  0.0, Avg:  0.0, Max:  0.0, Diff:  0.0, Sum:  0.0, Workers: 4
[812.485s][debug][gc,phases      ] GC(110)     Dead                           Min: 0, Avg:  0.0, Max: 0, Diff: 0, Sum: 0, Workers: 4
[812.485s][debug][gc,phases      ] GC(110)     Total                          Min: 0, Avg:  0.0, Max: 0, Diff: 0, Sum: 0, Workers: 4
[812.485s][debug][gc,phases      ] GC(110) Weak Processing 0.327ms
[812.485s][debug][gc,age         ] GC(110) Desired survivor size 76021760 bytes, new threshold 15 (max threshold 15)
[812.485s][info ][gc,heap        ] GC(110) PSYoungGen: 1971896K(2020864K)->24457K(2022912K) Eden: 1945088K(1945088K)->0K(1947648K) From: 26808K(75776K)->24457K(75264K)
[812.485s][info ][gc,heap        ] GC(110) ParOldGen: 415125K(429056K)->417586K(429056K)
[812.485s][info ][gc,metaspace   ] GC(110) Metaspace: 83047K(83904K)->83047K(83904K) NonClass: 71425K(71872K)->71425K(71872K) Class: 11622K(12032K)->11622K(12032K)
[812.485s][info ][gc             ] GC(110) Pause Young (Allocation Failure) 2331M->431M(2394M) 8.945ms
[812.485s][info ][gc,cpu         ] GC(110) User=0.03s Sys=0.00s Real=0.01s
[812.485s][info ][safepoint      ] Safepoint "ParallelGCFailedAllocation", Time since last: 977135642 ns, Reaching safepoint: 96703 ns, At safepoint: 9029242 ns, Total: 9125945 ns
[815.485s][info ][safepoint      ] Safepoint "Cleanup", Time since last: 3000226179 ns, Reaching safepoint: 49401 ns, At safepoint: 2500 ns, Total: 51901 ns
[823.486s][info ][safepoint      ] Safepoint "Cleanup", Time since last: 8000596906 ns, Reaching safepoint: 128304 ns, At safepoint: 9100 ns, Total: 137404 ns
[824.486s][info ][safepoint      ] Safepoint "Cleanup", Time since last: 1000125468 ns, Reaching safepoint: 79202 ns, At safepoint: 8100 ns, Total: 87302 ns
[827.487s][info ][safepoint      ] Safepoint "Cleanup", Time since last: 3000756617 ns, Reaching safepoint: 67402 ns, At safepoint: 6600 ns, Total: 74002 ns
[828.487s][info ][safepoint      ] Safepoint "Cleanup", Time since last: 1000120070 ns, Reaching safepoint: 61902 ns, At safepoint: 8200 ns, Total: 70102 ns
[834.488s][info ][safepoint      ] Safepoint "Cleanup", Time since last: 6000462728 ns, Reaching safepoint: 60102 ns, At safepoint: 9000 ns, Total: 69102 ns
[837.488s][info ][safepoint      ] Safepoint "Cleanup", Time since last: 3000275924 ns, Reaching safepoint: 78602 ns, At safepoint: 8901 ns, Total: 87503 ns
[838.488s][info ][safepoint      ] Safepoint "Cleanup", Time since last: 1000115276 ns, Reaching safepoint: 69202 ns, At safepoint: 3800 ns, Total: 73002 ns
[839.488s][info ][safepoint      ] Safepoint "Cleanup", Time since last: 1000118278 ns, Reaching safepoint: 71001 ns, At safepoint: 5501 ns, Total: 76502 ns
[842.489s][info ][safepoint      ] Safepoint "Cleanup", Time since last: 3000295934 ns, Reaching safepoint: 58202 ns, At safepoint: 6900 ns, Total: 65102 ns
[855.490s][info ][safepoint      ] Safepoint "Cleanup", Time since last: 13001036075 ns, Reaching safepoint: 131904 ns, At safepoint: 11900 ns, Total: 143804 ns
[864.491s][info ][safepoint      ] Safepoint "Cleanup", Time since last: 9000747808 ns, Reaching safepoint: 138404 ns, At safepoint: 16600 ns, Total: 155004 ns
[871.492s][info ][safepoint      ] Safepoint "Cleanup", Time since last: 7000695267 ns, Reaching safepoint: 119403 ns, At safepoint: 6600 ns, Total: 126003 ns
[872.492s][info ][safepoint      ] Safepoint "Cleanup", Time since last: 1000112098 ns, Reaching safepoint: 161704 ns, At safepoint: 16901 ns, Total: 178605 ns
[873.492s][info ][safepoint      ] Safepoint "Cleanup", Time since last: 1000113898 ns, Reaching safepoint: 134204 ns, At safepoint: 10000 ns, Total: 144204 ns
[874.492s][info ][safepoint      ] Safepoint "Cleanup", Time since last: 1000138000 ns, Reaching safepoint: 121603 ns, At safepoint: 8201 ns, Total: 129804 ns
[877.493s][info ][safepoint      ] Safepoint "Cleanup", Time since last: 3000263499 ns, Reaching safepoint: 129903 ns, At safepoint: 11101 ns, Total: 141004 ns
[879.493s][info ][safepoint      ] Safepoint "Cleanup", Time since last: 2000195103 ns, Reaching safepoint: 121603 ns, At safepoint: 12700 ns, Total: 134303 ns
[880.493s][info ][safepoint      ] Safepoint "Cleanup", Time since last: 1000075202 ns, Reaching safepoint: 124803 ns, At safepoint: 20401 ns, Total: 145204 ns
[883.494s][info ][safepoint      ] Safepoint "Cleanup", Time since last: 3000256110 ns, Reaching safepoint: 122003 ns, At safepoint: 6700 ns, Total: 128703 ns
[883.755s][info ][gc,start       ] GC(111) Pause Young (Allocation Failure)
[883.764s][debug][gc,phases      ] GC(111) Scavenge 9.146ms
[883.764s][debug][gc,ref         ] GC(111) Skipped phase 1 of Reference Processing: no references
[883.764s][debug][gc,ref         ] GC(111) ReferenceProcessor::execute queues: 1, RefProcThreadModel::Single, marks_oops_alive: false
[883.764s][debug][gc,ref         ] GC(111) Skipped phase 3 of Reference Processing: no references
[883.764s][debug][gc,ref         ] GC(111) ReferenceProcessor::execute queues: 1, RefProcThreadModel::Single, marks_oops_alive: false
[883.764s][debug][gc,phases      ] GC(111) Reference Processing 0.122ms
[883.764s][debug][gc,phases      ] GC(111)   VM Weak                        Min:  0.0, Avg:  0.0, Max:  0.0, Diff:  0.0, Sum:  0.0, Workers: 4
[883.764s][debug][gc,phases      ] GC(111)     Dead                           Min: 0, Avg:  0.0, Max: 0, Diff: 0, Sum: 0, Workers: 4
[883.764s][debug][gc,phases      ] GC(111)     Total                          Min: 0, Avg: 171.2, Max: 512, Diff: 512, Sum: 685, Workers: 4
[883.764s][debug][gc,phases      ] GC(111)   ObjectSynchronizer Weak        Min:  0.0, Avg:  0.0, Max:  0.0, Diff:  0.0, Sum:  0.0, Workers: 4
[883.764s][debug][gc,phases      ] GC(111)     Dead                           Min: 0, Avg:  0.0, Max: 0, Diff: 0, Sum: 0, Workers: 4
[883.764s][debug][gc,phases      ] GC(111)     Total                          Min: 0, Avg: 85.0, Max: 212, Diff: 212, Sum: 340, Workers: 4
[883.764s][debug][gc,phases      ] GC(111)   JVMTI Tag Weak OopStorage      Min:  0.0, Avg:  0.0, Max:  0.0, Diff:  0.0, Sum:  0.0, Workers: 4
[883.764s][debug][gc,phases      ] GC(111)     Dead                           Min: 0, Avg:  0.0, Max: 0, Diff: 0, Sum: 0, Workers: 4
[883.764s][debug][gc,phases      ] GC(111)     Total                          Min: 0, Avg:  0.0, Max: 0, Diff: 0, Sum: 0, Workers: 4
[883.764s][debug][gc,phases      ] GC(111)   StringTable Weak               Min:  0.1, Avg:  0.1, Max:  0.1, Diff:  0.0, Sum:  0.5, Workers: 4
[883.764s][debug][gc,phases      ] GC(111)     Dead                           Min: 0, Avg:  0.2, Max: 1, Diff: 1, Sum: 1, Workers: 4
[883.764s][debug][gc,phases      ] GC(111)     Total                          Min: 10752, Avg: 12012.2, Max: 13120, Diff: 2368, Sum: 48049, Workers: 4
[883.764s][debug][gc,phases      ] GC(111)   ResolvedMethodTable Weak       Min:  0.0, Avg:  0.0, Max:  0.0, Diff:  0.0, Sum:  0.1, Workers: 4
[883.764s][debug][gc,phases      ] GC(111)     Dead                           Min: 1, Avg:  4.5, Max: 7, Diff: 6, Sum: 18, Workers: 4
[883.764s][debug][gc,phases      ] GC(111)     Total                          Min: 1806, Avg: 2045.5, Max: 2298, Diff: 492, Sum: 8182, Workers: 4
[883.764s][debug][gc,phases      ] GC(111)   JNI Weak                       Min:  0.0, Avg:  0.0, Max:  0.0, Diff:  0.0, Sum:  0.0, Workers: 4
[883.764s][debug][gc,phases      ] GC(111)     Dead                           Min: 0, Avg:  0.0, Max: 0, Diff: 0, Sum: 0, Workers: 4
[883.764s][debug][gc,phases      ] GC(111)     Total                          Min: 0, Avg:  0.0, Max: 0, Diff: 0, Sum: 0, Workers: 4
[883.764s][debug][gc,phases      ] GC(111)   StringDedup Table Weak         Min:  0.0, Avg:  0.0, Max:  0.0, Diff:  0.0, Sum:  0.0, Workers: 4
[883.765s][debug][gc,phases      ] GC(111)     Dead                           Min: 0, Avg:  0.0, Max: 0, Diff: 0, Sum: 0, Workers: 4
[883.765s][debug][gc,phases      ] GC(111)     Total                          Min: 0, Avg:  0.0, Max: 0, Diff: 0, Sum: 0, Workers: 4
[883.765s][debug][gc,phases      ] GC(111)   StringDedup Requests0 Weak     Min:  0.0, Avg:  0.0, Max:  0.0, Diff:  0.0, Sum:  0.0, Workers: 4
[883.765s][debug][gc,phases      ] GC(111)     Dead                           Min: 0, Avg:  0.0, Max: 0, Diff: 0, Sum: 0, Workers: 4
[883.765s][debug][gc,phases      ] GC(111)     Total                          Min: 0, Avg:  0.0, Max: 0, Diff: 0, Sum: 0, Workers: 4
[883.765s][debug][gc,phases      ] GC(111)   StringDedup Requests1 Weak     Min:  0.0, Avg:  0.0, Max:  0.0, Diff:  0.0, Sum:  0.0, Workers: 4
[883.765s][debug][gc,phases      ] GC(111)     Dead                           Min: 0, Avg:  0.0, Max: 0, Diff: 0, Sum: 0, Workers: 4
[883.765s][debug][gc,phases      ] GC(111)     Total                          Min: 0, Avg:  0.0, Max: 0, Diff: 0, Sum: 0, Workers: 4
[883.765s][debug][gc,phases      ] GC(111)   Weak JFR Old Object Samples    Min:  0.0, Avg:  0.0, Max:  0.0, Diff:  0.0, Sum:  0.0, Workers: 4
[883.765s][debug][gc,phases      ] GC(111)     Dead                           Min: 0, Avg:  0.0, Max: 0, Diff: 0, Sum: 0, Workers: 4
[883.765s][debug][gc,phases      ] GC(111)     Total                          Min: 0, Avg:  0.0, Max: 0, Diff: 0, Sum: 0, Workers: 4
[883.765s][debug][gc,phases      ] GC(111) Weak Processing 0.339ms
[883.765s][debug][gc,age         ] GC(111) Desired survivor size 76021760 bytes, new threshold 15 (max threshold 15)
[883.765s][info ][gc,heap        ] GC(111) PSYoungGen: 1972105K(2022912K)->21384K(2021888K) Eden: 1947648K(1947648K)->0K(1947648K) From: 24457K(75264K)->21384K(74240K)
[883.765s][info ][gc,heap        ] GC(111) ParOldGen: 417586K(429056K)->420810K(429056K)
[883.765s][info ][gc,metaspace   ] GC(111) Metaspace: 83118K(83968K)->83118K(83968K) NonClass: 71482K(71936K)->71482K(71936K) Class: 11635K(12032K)->11635K(12032K)
[883.765s][info ][gc             ] GC(111) Pause Young (Allocation Failure) 2333M->431M(2393M) 9.742ms
[883.765s][info ][gc,cpu         ] GC(111) User=0.04s Sys=0.00s Real=0.01s
[883.765s][info ][safepoint      ] Safepoint "ParallelGCFailedAllocation", Time since last: 261091824 ns, Reaching safepoint: 30601 ns, At safepoint: 9821764 ns, Total: 9852365 ns
[893.765s][info ][safepoint      ] Safepoint "Cleanup", Time since last: 10000713169 ns, Reaching safepoint: 51401 ns, At safepoint: 3800 ns, Total: 55201 ns
[897.766s][info ][safepoint      ] Safepoint "Cleanup", Time since last: 4000326446 ns, Reaching safepoint: 59401 ns, At safepoint: 3100 ns, Total: 62501 ns
[898.766s][info ][safepoint      ] Safepoint "Cleanup", Time since last: 1000119614 ns, Reaching safepoint: 124203 ns, At safepoint: 9501 ns, Total: 133704 ns
[901.766s][info ][safepoint      ] Safepoint "Cleanup", Time since last: 3000279042 ns, Reaching safepoint: 105503 ns, At safepoint: 48701 ns, Total: 154204 ns
[903.767s][info ][safepoint      ] Safepoint "Cleanup", Time since last: 2000193032 ns, Reaching safepoint: 53101 ns, At safepoint: 3600 ns, Total: 56701 ns
[913.768s][info ][safepoint      ] Safepoint "Cleanup", Time since last: 10000899290 ns, Reaching safepoint: 54601 ns, At safepoint: 10801 ns, Total: 65402 ns
[916.768s][info ][safepoint      ] Safepoint "Cleanup", Time since last: 3000272168 ns, Reaching safepoint: 89402 ns, At safepoint: 3700 ns, Total: 93102 ns
[925.769s][info ][safepoint      ] Safepoint "Cleanup", Time since last: 9000667130 ns, Reaching safepoint: 52001 ns, At safepoint: 2801 ns, Total: 54802 ns
[934.770s][info ][safepoint      ] Safepoint "Cleanup", Time since last: 9000705175 ns, Reaching safepoint: 799621 ns, At safepoint: 10401 ns, Total: 810022 ns
[935.771s][info ][safepoint      ] Safepoint "Cleanup", Time since last: 1000127334 ns, Reaching safepoint: 70602 ns, At safepoint: 11000 ns, Total: 81602 ns
[936.771s][info ][safepoint      ] Safepoint "Cleanup", Time since last: 1000116535 ns, Reaching safepoint: 78502 ns, At safepoint: 9401 ns, Total: 87903 ns
[937.771s][info ][safepoint      ] Safepoint "Cleanup", Time since last: 1000140936 ns, Reaching safepoint: 58101 ns, At safepoint: 4100 ns, Total: 62201 ns
[938.771s][info ][safepoint      ] Safepoint "Cleanup", Time since last: 1000109636 ns, Reaching safepoint: 55802 ns, At safepoint: 4500 ns, Total: 60302 ns
[939.771s][info ][safepoint      ] Safepoint "Cleanup", Time since last: 1000111736 ns, Reaching safepoint: 53202 ns, At safepoint: 7600 ns, Total: 60802 ns
[943.775s][info ][safepoint      ] Safepoint "Cleanup", Time since last: 4000340148 ns, Reaching safepoint: 2884277 ns, At safepoint: 137404 ns, Total: 3021681 ns
[949.775s][info ][safepoint      ] Safepoint "Cleanup", Time since last: 6000408235 ns, Reaching safepoint: 54401 ns, At safepoint: 9101 ns, Total: 63502 ns
[951.849s][info ][gc,start       ] GC(112) Pause Young (Allocation Failure)
[951.856s][debug][gc,phases      ] GC(112) Scavenge 7.392ms
[951.856s][debug][gc,ref         ] GC(112) Skipped phase 1 of Reference Processing: no references
[951.856s][debug][gc,ref         ] GC(112) ReferenceProcessor::execute queues: 1, RefProcThreadModel::Single, marks_oops_alive: false
[951.856s][debug][gc,ref         ] GC(112) Skipped phase 3 of Reference Processing: no references
[951.856s][debug][gc,ref         ] GC(112) ReferenceProcessor::execute queues: 1, RefProcThreadModel::Single, marks_oops_alive: false
[951.856s][debug][gc,phases      ] GC(112) Reference Processing 0.128ms
[951.856s][debug][gc,phases      ] GC(112)   VM Weak                        Min:  0.0, Avg:  0.0, Max:  0.0, Diff:  0.0, Sum:  0.0, Workers: 4
[951.856s][debug][gc,phases      ] GC(112)     Dead                           Min: 0, Avg:  0.0, Max: 0, Diff: 0, Sum: 0, Workers: 4
[951.856s][debug][gc,phases      ] GC(112)     Total                          Min: 0, Avg: 172.2, Max: 640, Diff: 640, Sum: 689, Workers: 4
[951.856s][debug][gc,phases      ] GC(112)   ObjectSynchronizer Weak        Min:  0.0, Avg:  0.0, Max:  0.0, Diff:  0.0, Sum:  0.0, Workers: 4
[951.856s][debug][gc,phases      ] GC(112)     Dead                           Min: 0, Avg:  0.0, Max: 0, Diff: 0, Sum: 0, Workers: 4
[951.856s][debug][gc,phases      ] GC(112)     Total                          Min: 0, Avg: 85.0, Max: 212, Diff: 212, Sum: 340, Workers: 4
[951.856s][debug][gc,phases      ] GC(112)   JVMTI Tag Weak OopStorage      Min:  0.0, Avg:  0.0, Max:  0.0, Diff:  0.0, Sum:  0.0, Workers: 4
[951.856s][debug][gc,phases      ] GC(112)     Dead                           Min: 0, Avg:  0.0, Max: 0, Diff: 0, Sum: 0, Workers: 4
[951.856s][debug][gc,phases      ] GC(112)     Total                          Min: 0, Avg:  0.0, Max: 0, Diff: 0, Sum: 0, Workers: 4
[951.856s][debug][gc,phases      ] GC(112)   StringTable Weak               Min:  0.1, Avg:  0.1, Max:  0.1, Diff:  0.0, Sum:  0.6, Workers: 4
[951.856s][debug][gc,phases      ] GC(112)     Dead                           Min: 0, Avg:  0.0, Max: 0, Diff: 0, Sum: 0, Workers: 4
[951.856s][debug][gc,phases      ] GC(112)     Total                          Min: 4480, Avg: 12013.5, Max: 15542, Diff: 11062, Sum: 48054, Workers: 4
[951.856s][debug][gc,phases      ] GC(112)   ResolvedMethodTable Weak       Min:  0.0, Avg:  0.0, Max:  0.0, Diff:  0.0, Sum:  0.1, Workers: 4
[951.856s][debug][gc,phases      ] GC(112)     Dead                           Min: 0, Avg:  0.0, Max: 0, Diff: 0, Sum: 0, Workers: 4
[951.856s][debug][gc,phases      ] GC(112)     Total                          Min: 316, Avg: 2048.8, Max: 2940, Diff: 2624, Sum: 8195, Workers: 4
[951.856s][debug][gc,phases      ] GC(112)   JNI Weak                       Min:  0.0, Avg:  0.0, Max:  0.0, Diff:  0.0, Sum:  0.0, Workers: 4
[951.856s][debug][gc,phases      ] GC(112)     Dead                           Min: 0, Avg:  0.0, Max: 0, Diff: 0, Sum: 0, Workers: 4
[951.856s][debug][gc,phases      ] GC(112)     Total                          Min: 0, Avg:  0.0, Max: 0, Diff: 0, Sum: 0, Workers: 4
[951.856s][debug][gc,phases      ] GC(112)   StringDedup Table Weak         Min:  0.0, Avg:  0.0, Max:  0.0, Diff:  0.0, Sum:  0.0, Workers: 4
[951.856s][debug][gc,phases      ] GC(112)     Dead                           Min: 0, Avg:  0.0, Max: 0, Diff: 0, Sum: 0, Workers: 4
[951.857s][debug][gc,phases      ] GC(112)     Total                          Min: 0, Avg:  0.0, Max: 0, Diff: 0, Sum: 0, Workers: 4
[951.857s][debug][gc,phases      ] GC(112)   StringDedup Requests0 Weak     Min:  0.0, Avg:  0.0, Max:  0.0, Diff:  0.0, Sum:  0.0, Workers: 4
[951.857s][debug][gc,phases      ] GC(112)     Dead                           Min: 0, Avg:  0.0, Max: 0, Diff: 0, Sum: 0, Workers: 4
[951.857s][debug][gc,phases      ] GC(112)     Total                          Min: 0, Avg:  0.0, Max: 0, Diff: 0, Sum: 0, Workers: 4
[951.857s][debug][gc,phases      ] GC(112)   StringDedup Requests1 Weak     Min:  0.0, Avg:  0.0, Max:  0.0, Diff:  0.0, Sum:  0.0, Workers: 4
[951.857s][debug][gc,phases      ] GC(112)     Dead                           Min: 0, Avg:  0.0, Max: 0, Diff: 0, Sum: 0, Workers: 4
[951.857s][debug][gc,phases      ] GC(112)     Total                          Min: 0, Avg:  0.0, Max: 0, Diff: 0, Sum: 0, Workers: 4
[951.857s][debug][gc,phases      ] GC(112)   Weak JFR Old Object Samples    Min:  0.0, Avg:  0.0, Max:  0.0, Diff:  0.0, Sum:  0.0, Workers: 4
[951.857s][debug][gc,phases      ] GC(112)     Dead                           Min: 0, Avg:  0.0, Max: 0, Diff: 0, Sum: 0, Workers: 4
[951.857s][debug][gc,phases      ] GC(112)     Total                          Min: 0, Avg:  0.0, Max: 0, Diff: 0, Sum: 0, Workers: 4
[951.857s][debug][gc,phases      ] GC(112) Weak Processing 0.483ms
[951.857s][debug][gc,age         ] GC(112) Desired survivor size 74973184 bytes, new threshold 15 (max threshold 15)
[951.857s][info ][gc,heap        ] GC(112) PSYoungGen: 1969032K(2021888K)->19520K(2023936K) Eden: 1947648K(1947648K)->0K(1949696K) From: 21384K(74240K)->19520K(74240K)
[951.857s][info ][gc,heap        ] GC(112) ParOldGen: 420810K(429056K)->422644K(429056K)
[951.857s][info ][gc,metaspace   ] GC(112) Metaspace: 83152K(84032K)->83152K(84032K) NonClass: 71513K(72000K)->71513K(72000K) Class: 11639K(12032K)->11639K(12032K)
[951.857s][info ][gc             ] GC(112) Pause Young (Allocation Failure) 2333M->431M(2395M) 8.142ms
[951.857s][info ][gc,cpu         ] GC(112) User=0.03s Sys=0.00s Real=0.00s
[951.857s][debug][gc,phases      ] GC(113) Pre Compact 0.009ms
[951.857s][info ][gc,start       ] GC(113) Pause Full (Ergonomics)
[951.857s][info ][gc,phases,start] GC(113) Marking Phase
[952.003s][debug][gc,phases      ] GC(113) Par Mark 145.870ms
[952.003s][debug][gc,ref         ] GC(113) Skipped phase 1 of Reference Processing: no references
[952.003s][debug][gc,ref         ] GC(113) ReferenceProcessor::execute queues: 4, RefProcThreadModel::Multi, marks_oops_alive: false
[952.004s][debug][gc,ref         ] GC(113) ReferenceProcessor::execute queues: 4, RefProcThreadModel::Multi, marks_oops_alive: true
[952.004s][debug][gc,ref         ] GC(113) ReferenceProcessor::execute queues: 1, RefProcThreadModel::Single, marks_oops_alive: false
[952.004s][debug][gc,phases      ] GC(113) Reference Processing 0.889ms
[952.004s][debug][gc,phases      ] GC(113)   VM Weak                        Min:  0.0, Avg:  0.0, Max:  0.0, Diff:  0.0, Sum:  0.0, Workers: 4
[952.004s][debug][gc,phases      ] GC(113)     Dead                           Min: 0, Avg:  0.0, Max: 0, Diff: 0, Sum: 0, Workers: 4
[952.004s][debug][gc,phases      ] GC(113)     Total                          Min: 0, Avg: 172.2, Max: 497, Diff: 497, Sum: 689, Workers: 4
[952.004s][debug][gc,phases      ] GC(113)   ObjectSynchronizer Weak        Min:  0.0, Avg:  0.0, Max:  0.0, Diff:  0.0, Sum:  0.0, Workers: 4
[952.004s][debug][gc,phases      ] GC(113)     Dead                           Min: 0, Avg:  0.0, Max: 0, Diff: 0, Sum: 0, Workers: 4
[952.004s][debug][gc,phases      ] GC(113)     Total                          Min: 0, Avg: 85.0, Max: 148, Diff: 148, Sum: 340, Workers: 4
[952.004s][debug][gc,phases      ] GC(113)   JVMTI Tag Weak OopStorage      Min:  0.0, Avg:  0.0, Max:  0.0, Diff:  0.0, Sum:  0.0, Workers: 4
[952.004s][debug][gc,phases      ] GC(113)     Dead                           Min: 0, Avg:  0.0, Max: 0, Diff: 0, Sum: 0, Workers: 4
[952.004s][debug][gc,phases      ] GC(113)     Total                          Min: 0, Avg:  0.0, Max: 0, Diff: 0, Sum: 0, Workers: 4
[952.004s][debug][gc,phases      ] GC(113)   StringTable Weak               Min:  0.2, Avg:  0.2, Max:  0.2, Diff:  0.0, Sum:  0.7, Workers: 4
[952.004s][debug][gc,phases      ] GC(113)     Dead                           Min: 0, Avg:  0.0, Max: 0, Diff: 0, Sum: 0, Workers: 4
[952.004s][debug][gc,phases      ] GC(113)     Total                          Min: 10688, Avg: 12013.5, Max: 12662, Diff: 1974, Sum: 48054, Workers: 4
[952.004s][debug][gc,phases      ] GC(113)   ResolvedMethodTable Weak       Min:  0.0, Avg:  0.0, Max:  0.0, Diff:  0.0, Sum:  0.1, Workers: 4
[952.004s][debug][gc,phases      ] GC(113)     Dead                           Min: 0, Avg:  0.0, Max: 0, Diff: 0, Sum: 0, Workers: 4
[952.004s][debug][gc,phases      ] GC(113)     Total                          Min: 1790, Avg: 2048.8, Max: 2188, Diff: 398, Sum: 8195, Workers: 4
[952.004s][debug][gc,phases      ] GC(113)   JNI Weak                       Min:  0.0, Avg:  0.0, Max:  0.0, Diff:  0.0, Sum:  0.0, Workers: 4
[952.004s][debug][gc,phases      ] GC(113)     Dead                           Min: 0, Avg:  0.0, Max: 0, Diff: 0, Sum: 0, Workers: 4
[952.004s][debug][gc,phases      ] GC(113)     Total                          Min: 0, Avg:  0.0, Max: 0, Diff: 0, Sum: 0, Workers: 4
[952.004s][debug][gc,phases      ] GC(113)   StringDedup Table Weak         Min:  0.0, Avg:  0.0, Max:  0.0, Diff:  0.0, Sum:  0.0, Workers: 4
[952.004s][debug][gc,phases      ] GC(113)     Dead                           Min: 0, Avg:  0.0, Max: 0, Diff: 0, Sum: 0, Workers: 4
[952.004s][debug][gc,phases      ] GC(113)     Total                          Min: 0, Avg:  0.0, Max: 0, Diff: 0, Sum: 0, Workers: 4
[952.004s][debug][gc,phases      ] GC(113)   StringDedup Requests0 Weak     Min:  0.0, Avg:  0.0, Max:  0.0, Diff:  0.0, Sum:  0.0, Workers: 4
[952.004s][debug][gc,phases      ] GC(113)     Dead                           Min: 0, Avg:  0.0, Max: 0, Diff: 0, Sum: 0, Workers: 4
[952.004s][debug][gc,phases      ] GC(113)     Total                          Min: 0, Avg:  0.0, Max: 0, Diff: 0, Sum: 0, Workers: 4
[952.004s][debug][gc,phases      ] GC(113)   StringDedup Requests1 Weak     Min:  0.0, Avg:  0.0, Max:  0.0, Diff:  0.0, Sum:  0.0, Workers: 4
[952.004s][debug][gc,phases      ] GC(113)     Dead                           Min: 0, Avg:  0.0, Max: 0, Diff: 0, Sum: 0, Workers: 4
[952.004s][debug][gc,phases      ] GC(113)     Total                          Min: 0, Avg:  0.0, Max: 0, Diff: 0, Sum: 0, Workers: 4
[952.004s][debug][gc,phases      ] GC(113)   Weak JFR Old Object Samples    Min:  0.0, Avg:  0.0, Max:  0.0, Diff:  0.0, Sum:  0.0, Workers: 4
[952.004s][debug][gc,phases      ] GC(113)     Dead                           Min: 0, Avg:  0.0, Max: 0, Diff: 0, Sum: 0, Workers: 4
[952.004s][debug][gc,phases      ] GC(113)     Total                          Min: 0, Avg:  0.0, Max: 0, Diff: 0, Sum: 0, Workers: 4
[952.004s][debug][gc,phases      ] GC(113) Weak Processing 0.366ms
[952.004s][debug][gc,phases      ] GC(113) ClassLoaderData 0.094ms
[952.004s][debug][gc,phases      ] GC(113) Trigger cleanups 0.000ms
[952.023s][debug][gc,phases      ] GC(113) Class Unloading 19.200ms
[952.023s][info ][gc,phases      ] GC(113) Marking Phase 166.518ms
[952.023s][info ][gc,phases,start] GC(113) Summary Phase
[952.023s][info ][gc,phases      ] GC(113) Summary Phase 0.016ms
[952.023s][info ][gc,phases,start] GC(113) Adjust Roots
[952.040s][info ][gc,phases      ] GC(113) Adjust Roots 16.791ms
[952.040s][info ][gc,phases,start] GC(113) Compaction Phase
[952.151s][info ][gc,phases      ] GC(113) Compaction Phase 111.001ms
[952.151s][info ][gc,phases,start] GC(113) Post Compact
[952.153s][info ][gc,phases      ] GC(113) Post Compact 1.383ms
[952.153s][info ][gc,heap        ] GC(113) PSYoungGen: 19520K(2023936K)->0K(2022912K) Eden: 0K(1949696K)->0K(1949696K) From: 19520K(74240K)->0K(73216K)
[952.153s][info ][gc,heap        ] GC(113) ParOldGen: 422644K(429056K)->419819K(498688K)
[952.153s][info ][gc,metaspace   ] GC(113) Metaspace: 83152K(84032K)->83152K(84032K) NonClass: 71513K(72000K)->71513K(72000K) Class: 11639K(12032K)->11639K(12032K)
[952.153s][info ][gc             ] GC(113) Pause Full (Ergonomics) 431M->409M(2462M) 296.020ms
[952.153s][info ][gc,cpu         ] GC(113) User=1.04s Sys=0.01s Real=0.30s
[952.153s][info ][safepoint      ] Safepoint "ParallelGCFailedAllocation", Time since last: 2073346554 ns, Reaching safepoint: 31901 ns, At safepoint: 304311498 ns, Total: 304343399 ns
[954.153s][info ][safepoint      ] Safepoint "Cleanup", Time since last: 2000159986 ns, Reaching safepoint: 63502 ns, At safepoint: 31501 ns, Total: 95003 ns
[955.153s][info ][safepoint      ] Safepoint "Cleanup", Time since last: 1000107944 ns, Reaching safepoint: 52601 ns, At safepoint: 3800 ns, Total: 56401 ns
[971.154s][info ][safepoint      ] Safepoint "Cleanup", Time since last: 16001181965 ns, Reaching safepoint: 63201 ns, At safepoint: 8001 ns, Total: 71202 ns
[973.155s][info ][safepoint      ] Safepoint "Cleanup", Time since last: 2000195106 ns, Reaching safepoint: 57401 ns, At safepoint: 3700 ns, Total: 61101 ns
[974.155s][info ][safepoint      ] Safepoint "Cleanup", Time since last: 1000130355 ns, Reaching safepoint: 58701 ns, At safepoint: 8201 ns, Total: 66902 ns
[975.155s][info ][safepoint      ] Safepoint "Cleanup", Time since last: 1000123955 ns, Reaching safepoint: 71002 ns, At safepoint: 4500 ns, Total: 75502 ns
[983.156s][info ][safepoint      ] Safepoint "Cleanup", Time since last: 8000576146 ns, Reaching safepoint: 61401 ns, At safepoint: 9401 ns, Total: 70802 ns
[986.157s][info ][safepoint      ] Safepoint "Cleanup", Time since last: 3000721389 ns, Reaching safepoint: 51201 ns, At safepoint: 8700 ns, Total: 59901 ns
[991.157s][info ][safepoint      ] Safepoint "Cleanup", Time since last: 5000380503 ns, Reaching safepoint: 89902 ns, At safepoint: 3200 ns, Total: 93102 ns
[995.157s][info ][safepoint      ] Safepoint "Cleanup", Time since last: 4000390353 ns, Reaching safepoint: 49402 ns, At safepoint: 32301 ns, Total: 81703 ns
[996.158s][info ][safepoint      ] Safepoint "Cleanup", Time since last: 1000116765 ns, Reaching safepoint: 99202 ns, At safepoint: 38701 ns, Total: 137903 ns
[997.158s][info ][safepoint      ] Safepoint "Cleanup", Time since last: 1000159267 ns, Reaching safepoint: 76702 ns, At safepoint: 32401 ns, Total: 109103 ns
[998.158s][info ][safepoint      ] Safepoint "Cleanup", Time since last: 1000151767 ns, Reaching safepoint: 63602 ns, At safepoint: 12200 ns, Total: 75802 ns
[1001.159s][info ][safepoint      ] Safepoint "Cleanup", Time since last: 3000285599 ns, Reaching safepoint: 65202 ns, At safepoint: 6300 ns, Total: 71502 ns
[1002.159s][info ][safepoint      ] Safepoint "Cleanup", Time since last: 1000130068 ns, Reaching safepoint: 89702 ns, At safepoint: 24901 ns, Total: 114603 ns
[1018.160s][info ][safepoint      ] Safepoint "Cleanup", Time since last: 16001127729 ns, Reaching safepoint: 58102 ns, At safepoint: 3400 ns, Total: 61502 ns
[1022.160s][info ][safepoint      ] Safepoint "Cleanup", Time since last: 4000357103 ns, Reaching safepoint: 82802 ns, At safepoint: 3500 ns, Total: 86302 ns
[1023.064s][info ][gc,start       ] GC(114) Pause Young (Allocation Failure)
[1023.067s][debug][gc,phases      ] GC(114) Scavenge 2.536ms
[1023.067s][debug][gc,ref         ] GC(114) Skipped phase 1 of Reference Processing: no references
[1023.067s][debug][gc,ref         ] GC(114) ReferenceProcessor::execute queues: 1, RefProcThreadModel::Single, marks_oops_alive: false
[1023.067s][debug][gc,ref         ] GC(114) ReferenceProcessor::execute queues: 4, RefProcThreadModel::Multi, marks_oops_alive: true
[1023.067s][debug][gc,ref         ] GC(114) ReferenceProcessor::execute queues: 1, RefProcThreadModel::Single, marks_oops_alive: false
[1023.067s][debug][gc,phases      ] GC(114) Reference Processing 0.169ms
[1023.067s][debug][gc,phases      ] GC(114)   VM Weak                        Min:  0.0, Avg:  0.0, Max:  0.0, Diff:  0.0, Sum:  0.0, Workers: 4
[1023.067s][debug][gc,phases      ] GC(114)     Dead                           Min: 0, Avg:  0.0, Max: 0, Diff: 0, Sum: 0, Workers: 4
[1023.067s][debug][gc,phases      ] GC(114)     Total                          Min: 0, Avg: 173.0, Max: 576, Diff: 576, Sum: 692, Workers: 4
[1023.067s][debug][gc,phases      ] GC(114)   ObjectSynchronizer Weak        Min:  0.0, Avg:  0.0, Max:  0.0, Diff:  0.0, Sum:  0.0, Workers: 4
[1023.067s][debug][gc,phases      ] GC(114)     Dead                           Min: 0, Avg:  0.0, Max: 0, Diff: 0, Sum: 0, Workers: 4
[1023.067s][debug][gc,phases      ] GC(114)     Total                          Min: 0, Avg: 85.0, Max: 192, Diff: 192, Sum: 340, Workers: 4
[1023.067s][debug][gc,phases      ] GC(114)   JVMTI Tag Weak OopStorage      Min:  0.0, Avg:  0.0, Max:  0.0, Diff:  0.0, Sum:  0.0, Workers: 4
[1023.067s][debug][gc,phases      ] GC(114)     Dead                           Min: 0, Avg:  0.0, Max: 0, Diff: 0, Sum: 0, Workers: 4
[1023.067s][debug][gc,phases      ] GC(114)     Total                          Min: 0, Avg:  0.0, Max: 0, Diff: 0, Sum: 0, Workers: 4
[1023.067s][debug][gc,phases      ] GC(114)   StringTable Weak               Min:  0.1, Avg:  0.1, Max:  0.1, Diff:  0.0, Sum:  0.4, Workers: 4
[1023.067s][debug][gc,phases      ] GC(114)     Dead                           Min: 0, Avg:  0.5, Max: 2, Diff: 2, Sum: 2, Workers: 4
[1023.067s][debug][gc,phases      ] GC(114)     Total                          Min: 11200, Avg: 12026.0, Max: 12840, Diff: 1640, Sum: 48104, Workers: 4
[1023.067s][debug][gc,phases      ] GC(114)   ResolvedMethodTable Weak       Min:  0.0, Avg:  0.0, Max:  0.0, Diff:  0.0, Sum:  0.1, Workers: 4
[1023.067s][debug][gc,phases      ] GC(114)     Dead                           Min: 0, Avg:  0.0, Max: 0, Diff: 0, Sum: 0, Workers: 4
[1023.067s][debug][gc,phases      ] GC(114)     Total                          Min: 1856, Avg: 2053.0, Max: 2260, Diff: 404, Sum: 8212, Workers: 4
[1023.067s][debug][gc,phases      ] GC(114)   JNI Weak                       Min:  0.0, Avg:  0.0, Max:  0.0, Diff:  0.0, Sum:  0.0, Workers: 4
[1023.067s][debug][gc,phases      ] GC(114)     Dead                           Min: 0, Avg:  0.0, Max: 0, Diff: 0, Sum: 0, Workers: 4
[1023.067s][debug][gc,phases      ] GC(114)     Total                          Min: 0, Avg:  0.0, Max: 0, Diff: 0, Sum: 0, Workers: 4
[1023.067s][debug][gc,phases      ] GC(114)   StringDedup Table Weak         Min:  0.0, Avg:  0.0, Max:  0.0, Diff:  0.0, Sum:  0.0, Workers: 4
[1023.067s][debug][gc,phases      ] GC(114)     Dead                           Min: 0, Avg:  0.0, Max: 0, Diff: 0, Sum: 0, Workers: 4
[1023.067s][debug][gc,phases      ] GC(114)     Total                          Min: 0, Avg:  0.0, Max: 0, Diff: 0, Sum: 0, Workers: 4
[1023.067s][debug][gc,phases      ] GC(114)   StringDedup Requests0 Weak     Min:  0.0, Avg:  0.0, Max:  0.0, Diff:  0.0, Sum:  0.0, Workers: 4
[1023.067s][debug][gc,phases      ] GC(114)     Dead                           Min: 0, Avg:  0.0, Max: 0, Diff: 0, Sum: 0, Workers: 4
[1023.067s][debug][gc,phases      ] GC(114)     Total                          Min: 0, Avg:  0.0, Max: 0, Diff: 0, Sum: 0, Workers: 4
[1023.067s][debug][gc,phases      ] GC(114)   StringDedup Requests1 Weak     Min:  0.0, Avg:  0.0, Max:  0.0, Diff:  0.0, Sum:  0.0, Workers: 4
[1023.067s][debug][gc,phases      ] GC(114)     Dead                           Min: 0, Avg:  0.0, Max: 0, Diff: 0, Sum: 0, Workers: 4
[1023.067s][debug][gc,phases      ] GC(114)     Total                          Min: 0, Avg:  0.0, Max: 0, Diff: 0, Sum: 0, Workers: 4
[1023.067s][debug][gc,phases      ] GC(114)   Weak JFR Old Object Samples    Min:  0.0, Avg:  0.0, Max:  0.0, Diff:  0.0, Sum:  0.0, Workers: 4
[1023.067s][debug][gc,phases      ] GC(114)     Dead                           Min: 0, Avg:  0.0, Max: 0, Diff: 0, Sum: 0, Workers: 4
[1023.067s][debug][gc,phases      ] GC(114)     Total                          Min: 0, Avg:  0.0, Max: 0, Diff: 0, Sum: 0, Workers: 4
[1023.067s][debug][gc,phases      ] GC(114) Weak Processing 0.297ms
[1023.067s][debug][gc,age         ] GC(114) Desired survivor size 77070336 bytes, new threshold 15 (max threshold 15)
[1023.067s][info ][gc,heap        ] GC(114) PSYoungGen: 1949696K(2022912K)->2656K(2019840K) Eden: 1949696K(1949696K)->0K(1946624K) From: 0K(73216K)->2656K(73216K)
[1023.067s][info ][gc,heap        ] GC(114) ParOldGen: 419819K(498688K)->419827K(498688K)
[1023.067s][info ][gc,metaspace   ] GC(114) Metaspace: 83265K(84160K)->83265K(84160K) NonClass: 71611K(72064K)->71611K(72064K) Class: 11654K(12096K)->11654K(12096K)
[1023.067s][info ][gc             ] GC(114) Pause Young (Allocation Failure) 2313M->412M(2459M) 3.146ms
[1023.067s][info ][gc,cpu         ] GC(114) User=0.01s Sys=0.00s Real=0.01s
[1023.067s][info ][safepoint      ] Safepoint "ParallelGCFailedAllocation", Time since last: 903710677 ns, Reaching safepoint: 73702 ns, At safepoint: 3222387 ns, Total: 3296089 ns
[1024.068s][info ][safepoint      ] Safepoint "Cleanup", Time since last: 1000089277 ns, Reaching safepoint: 49401 ns, At safepoint: 3001 ns, Total: 52402 ns
[1025.068s][info ][safepoint      ] Safepoint "Cleanup", Time since last: 1000066877 ns, Reaching safepoint: 66001 ns, At safepoint: 27501 ns, Total: 93502 ns
[1026.068s][info ][safepoint      ] Safepoint "Cleanup", Time since last: 1000105179 ns, Reaching safepoint: 60301 ns, At safepoint: 2900 ns, Total: 63201 ns
[1029.068s][info ][safepoint      ] Safepoint "Cleanup", Time since last: 3000270938 ns, Reaching safepoint: 65301 ns, At safepoint: 5701 ns, Total: 71002 ns
[1034.069s][info ][safepoint      ] Safepoint "Cleanup", Time since last: 5001008819 ns, Reaching safepoint: 66402 ns, At safepoint: 8500 ns, Total: 74902 ns
[1044.070s][info ][safepoint      ] Safepoint "Cleanup", Time since last: 10000736537 ns, Reaching safepoint: 61702 ns, At safepoint: 5800 ns, Total: 67502 ns
[1045.070s][info ][safepoint      ] Safepoint "Cleanup", Time since last: 1000130688 ns, Reaching safepoint: 64801 ns, At safepoint: 5101 ns, Total: 69902 ns
[1048.071s][info ][safepoint      ] Safepoint "Cleanup", Time since last: 3000415466 ns, Reaching safepoint: 57501 ns, At safepoint: 3100 ns, Total: 60601 ns
[1053.071s][info ][safepoint      ] Safepoint "Cleanup", Time since last: 5000402245 ns, Reaching safepoint: 205906 ns, At safepoint: 9200 ns, Total: 215106 ns
[1061.072s][info ][safepoint      ] Safepoint "Cleanup", Time since last: 8000604332 ns, Reaching safepoint: 64002 ns, At safepoint: 3500 ns, Total: 67502 ns
[1069.073s][info ][safepoint      ] Safepoint "Cleanup", Time since last: 8000539658 ns, Reaching safepoint: 77702 ns, At safepoint: 11100 ns, Total: 88802 ns
[1073.073s][info ][safepoint      ] Safepoint "Cleanup", Time since last: 4000331691 ns, Reaching safepoint: 64301 ns, At safepoint: 3600 ns, Total: 67901 ns
[1074.073s][info ][safepoint      ] Safepoint "Cleanup", Time since last: 1000183602 ns, Reaching safepoint: 51001 ns, At safepoint: 2700 ns, Total: 53701 ns
[1079.074s][info ][safepoint      ] Safepoint "Cleanup", Time since last: 5000428200 ns, Reaching safepoint: 59701 ns, At safepoint: 3401 ns, Total: 63102 ns
[1083.074s][info ][safepoint      ] Safepoint "Cleanup", Time since last: 4000257104 ns, Reaching safepoint: 46102 ns, At safepoint: 4600 ns, Total: 50702 ns
[1085.074s][info ][safepoint      ] Safepoint "Cleanup", Time since last: 2000180406 ns, Reaching safepoint: 60202 ns, At safepoint: 11400 ns, Total: 71602 ns
[1087.075s][info ][safepoint      ] Safepoint "Cleanup", Time since last: 2000176408 ns, Reaching safepoint: 55301 ns, At safepoint: 12100 ns, Total: 67401 ns
[1091.993s][info ][gc,start       ] GC(115) Pause Young (Allocation Failure)
[1091.995s][debug][gc,phases      ] GC(115) Scavenge 2.374ms
[1091.995s][debug][gc,ref         ] GC(115) Skipped phase 1 of Reference Processing: no references
[1091.995s][debug][gc,ref         ] GC(115) ReferenceProcessor::execute queues: 1, RefProcThreadModel::Single, marks_oops_alive: false
[1091.995s][debug][gc,ref         ] GC(115) ReferenceProcessor::execute queues: 4, RefProcThreadModel::Multi, marks_oops_alive: true
[1091.995s][debug][gc,ref         ] GC(115) ReferenceProcessor::execute queues: 1, RefProcThreadModel::Single, marks_oops_alive: false
[1091.995s][debug][gc,phases      ] GC(115) Reference Processing 0.211ms
[1091.996s][debug][gc,phases      ] GC(115)   VM Weak                        Min:  0.0, Avg:  0.0, Max:  0.0, Diff:  0.0, Sum:  0.0, Workers: 4
[1091.996s][debug][gc,phases      ] GC(115)     Dead                           Min: 0, Avg:  0.0, Max: 0, Diff: 0, Sum: 0, Workers: 4
[1091.996s][debug][gc,phases      ] GC(115)     Total                          Min: 0, Avg: 173.0, Max: 692, Diff: 692, Sum: 692, Workers: 4
[1091.996s][debug][gc,phases      ] GC(115)   ObjectSynchronizer Weak        Min:  0.0, Avg:  0.0, Max:  0.0, Diff:  0.0, Sum:  0.0, Workers: 4
[1091.996s][debug][gc,phases      ] GC(115)     Dead                           Min: 0, Avg:  0.0, Max: 0, Diff: 0, Sum: 0, Workers: 4
[1091.996s][debug][gc,phases      ] GC(115)     Total                          Min: 0, Avg: 85.0, Max: 148, Diff: 148, Sum: 340, Workers: 4
[1091.996s][debug][gc,phases      ] GC(115)   JVMTI Tag Weak OopStorage      Min:  0.0, Avg:  0.0, Max:  0.0, Diff:  0.0, Sum:  0.0, Workers: 4
[1091.996s][debug][gc,phases      ] GC(115)     Dead                           Min: 0, Avg:  0.0, Max: 0, Diff: 0, Sum: 0, Workers: 4
[1091.996s][debug][gc,phases      ] GC(115)     Total                          Min: 0, Avg:  0.0, Max: 0, Diff: 0, Sum: 0, Workers: 4
[1091.996s][debug][gc,phases      ] GC(115)   StringTable Weak               Min:  0.1, Avg:  0.1, Max:  0.1, Diff:  0.0, Sum:  0.4, Workers: 4
[1091.996s][debug][gc,phases      ] GC(115)     Dead                           Min: 0, Avg:  0.2, Max: 1, Diff: 1, Sum: 1, Workers: 4
[1091.996s][debug][gc,phases      ] GC(115)     Total                          Min: 11520, Avg: 12027.2, Max: 12480, Diff: 960, Sum: 48109, Workers: 4
[1091.996s][debug][gc,phases      ] GC(115)   ResolvedMethodTable Weak       Min:  0.0, Avg:  0.0, Max:  0.0, Diff:  0.0, Sum:  0.1, Workers: 4
[1091.996s][debug][gc,phases      ] GC(115)     Dead                           Min: 0, Avg:  0.0, Max: 0, Diff: 0, Sum: 0, Workers: 4
[1091.996s][debug][gc,phases      ] GC(115)     Total                          Min: 1940, Avg: 2053.0, Max: 2176, Diff: 236, Sum: 8212, Workers: 4
[1091.996s][debug][gc,phases      ] GC(115)   JNI Weak                       Min:  0.0, Avg:  0.0, Max:  0.0, Diff:  0.0, Sum:  0.0, Workers: 4
[1091.996s][debug][gc,phases      ] GC(115)     Dead                           Min: 0, Avg:  0.0, Max: 0, Diff: 0, Sum: 0, Workers: 4
[1091.996s][debug][gc,phases      ] GC(115)     Total                          Min: 0, Avg:  0.0, Max: 0, Diff: 0, Sum: 0, Workers: 4
[1091.996s][debug][gc,phases      ] GC(115)   StringDedup Table Weak         Min:  0.0, Avg:  0.0, Max:  0.0, Diff:  0.0, Sum:  0.0, Workers: 4
[1091.996s][debug][gc,phases      ] GC(115)     Dead                           Min: 0, Avg:  0.0, Max: 0, Diff: 0, Sum: 0, Workers: 4
[1091.996s][debug][gc,phases      ] GC(115)     Total                          Min: 0, Avg:  0.0, Max: 0, Diff: 0, Sum: 0, Workers: 4
[1091.996s][debug][gc,phases      ] GC(115)   StringDedup Requests0 Weak     Min:  0.0, Avg:  0.0, Max:  0.0, Diff:  0.0, Sum:  0.0, Workers: 4
[1091.996s][debug][gc,phases      ] GC(115)     Dead                           Min: 0, Avg:  0.0, Max: 0, Diff: 0, Sum: 0, Workers: 4
[1091.996s][debug][gc,phases      ] GC(115)     Total                          Min: 0, Avg:  0.0, Max: 0, Diff: 0, Sum: 0, Workers: 4
[1091.996s][debug][gc,phases      ] GC(115)   StringDedup Requests1 Weak     Min:  0.0, Avg:  0.0, Max:  0.0, Diff:  0.0, Sum:  0.0, Workers: 4
[1091.996s][debug][gc,phases      ] GC(115)     Dead                           Min: 0, Avg:  0.0, Max: 0, Diff: 0, Sum: 0, Workers: 4
[1091.996s][debug][gc,phases      ] GC(115)     Total                          Min: 0, Avg:  0.0, Max: 0, Diff: 0, Sum: 0, Workers: 4
[1091.996s][debug][gc,phases      ] GC(115)   Weak JFR Old Object Samples    Min:  0.0, Avg:  0.0, Max:  0.0, Diff:  0.0, Sum:  0.0, Workers: 4
[1091.996s][debug][gc,phases      ] GC(115)     Dead                           Min: 0, Avg:  0.0, Max: 0, Diff: 0, Sum: 0, Workers: 4
[1091.996s][debug][gc,phases      ] GC(115)     Total                          Min: 0, Avg:  0.0, Max: 0, Diff: 0, Sum: 0, Workers: 4
[1091.996s][debug][gc,phases      ] GC(115) Weak Processing 0.300ms
[1091.996s][debug][gc,age         ] GC(115) Desired survivor size 77594624 bytes, new threshold 15 (max threshold 15)
[1091.996s][info ][gc,heap        ] GC(115) PSYoungGen: 1949280K(2019840K)->3440K(1950208K) Eden: 1946624K(1946624K)->0K(1946624K) From: 2656K(73216K)->3440K(3584K)
[1091.996s][info ][gc,heap        ] GC(115) ParOldGen: 419827K(498688K)->419835K(498688K)
[1091.996s][info ][gc,metaspace   ] GC(115) Metaspace: 83318K(84224K)->83318K(84224K) NonClass: 71663K(72128K)->71663K(72128K) Class: 11654K(12096K)->11654K(12096K)
[1091.996s][info ][gc             ] GC(115) Pause Young (Allocation Failure) 2313M->413M(2391M) 3.029ms
[1091.996s][info ][gc,cpu         ] GC(115) User=0.01s Sys=0.00s Real=0.00s
[1091.996s][info ][safepoint      ] Safepoint "ParallelGCFailedAllocation", Time since last: 4917904598 ns, Reaching safepoint: 61602 ns, At safepoint: 3117784 ns, Total: 3179386 ns
[1096.996s][info ][safepoint      ] Safepoint "Cleanup", Time since last: 5000397035 ns, Reaching safepoint: 99002 ns, At safepoint: 22001 ns, Total: 121003 ns
[1097.996s][info ][safepoint      ] Safepoint "Cleanup", Time since last: 1000083408 ns, Reaching safepoint: 55702 ns, At safepoint: 3300 ns, Total: 59002 ns
[1112.998s][info ][safepoint      ] Safepoint "Cleanup", Time since last: 15001033164 ns, Reaching safepoint: 55802 ns, At safepoint: 7300 ns, Total: 63102 ns
[1113.998s][info ][safepoint      ] Safepoint "Cleanup", Time since last: 1000109515 ns, Reaching safepoint: 44601 ns, At safepoint: 4000 ns, Total: 48601 ns
[1122.998s][info ][safepoint      ] Safepoint "Cleanup", Time since last: 9000627244 ns, Reaching safepoint: 70802 ns, At safepoint: 4100 ns, Total: 74902 ns
[1144.000s][info ][safepoint      ] Safepoint "Cleanup", Time since last: 21001440651 ns, Reaching safepoint: 58101 ns, At safepoint: 7100 ns, Total: 65201 ns
[1145.000s][info ][safepoint      ] Safepoint "Cleanup", Time since last: 1000114527 ns, Reaching safepoint: 51401 ns, At safepoint: 2601 ns, Total: 54002 ns
[1147.000s][info ][safepoint      ] Safepoint "Cleanup", Time since last: 2000187353 ns, Reaching safepoint: 45001 ns, At safepoint: 5500 ns, Total: 50501 ns
[1148.001s][info ][safepoint      ] Safepoint "Cleanup", Time since last: 1000114928 ns, Reaching safepoint: 45601 ns, At safepoint: 29001 ns, Total: 74602 ns
[1149.001s][info ][safepoint      ] Safepoint "Cleanup", Time since last: 1000098228 ns, Reaching safepoint: 41301 ns, At safepoint: 3000 ns, Total: 44301 ns
[1150.001s][info ][safepoint      ] Safepoint "Cleanup", Time since last: 1000113228 ns, Reaching safepoint: 51602 ns, At safepoint: 7600 ns, Total: 59202 ns
[1151.001s][info ][safepoint      ] Safepoint "Cleanup", Time since last: 1000125729 ns, Reaching safepoint: 46901 ns, At safepoint: 3300 ns, Total: 50201 ns
[1154.442s][info ][safepoint      ] Safepoint "Cleanup", Time since last: 3440353281 ns, Reaching safepoint: 155904 ns, At safepoint: 10601 ns, Total: 166505 ns
[1162.341s][info ][gc,start       ] GC(116) Pause Young (Allocation Failure)
[1162.343s][debug][gc,phases      ] GC(116) Scavenge 2.116ms
[1162.343s][debug][gc,ref         ] GC(116) Skipped phase 1 of Reference Processing: no references
[1162.343s][debug][gc,ref         ] GC(116) ReferenceProcessor::execute queues: 1, RefProcThreadModel::Single, marks_oops_alive: false
[1162.343s][debug][gc,ref         ] GC(116) ReferenceProcessor::execute queues: 4, RefProcThreadModel::Multi, marks_oops_alive: true
[1162.343s][debug][gc,ref         ] GC(116) ReferenceProcessor::execute queues: 1, RefProcThreadModel::Single, marks_oops_alive: false
[1162.343s][debug][gc,phases      ] GC(116) Reference Processing 0.240ms
[1162.343s][debug][gc,phases      ] GC(116)   VM Weak                        Min:  0.0, Avg:  0.0, Max:  0.0, Diff:  0.0, Sum:  0.0, Workers: 4
[1162.343s][debug][gc,phases      ] GC(116)     Dead                           Min: 0, Avg:  0.0, Max: 0, Diff: 0, Sum: 0, Workers: 4
[1162.343s][debug][gc,phases      ] GC(116)     Total                          Min: 0, Avg: 173.2, Max: 320, Diff: 320, Sum: 693, Workers: 4
[1162.343s][debug][gc,phases      ] GC(116)   ObjectSynchronizer Weak        Min:  0.0, Avg:  0.0, Max:  0.0, Diff:  0.0, Sum:  0.0, Workers: 4
[1162.343s][debug][gc,phases      ] GC(116)     Dead                           Min: 0, Avg:  0.0, Max: 0, Diff: 0, Sum: 0, Workers: 4
[1162.343s][debug][gc,phases      ] GC(116)     Total                          Min: 0, Avg: 85.0, Max: 128, Diff: 128, Sum: 340, Workers: 4
[1162.344s][debug][gc,phases      ] GC(116)   JVMTI Tag Weak OopStorage      Min:  0.0, Avg:  0.0, Max:  0.0, Diff:  0.0, Sum:  0.0, Workers: 4
[1162.344s][debug][gc,phases      ] GC(116)     Dead                           Min: 0, Avg:  0.0, Max: 0, Diff: 0, Sum: 0, Workers: 4
[1162.344s][debug][gc,phases      ] GC(116)     Total                          Min: 0, Avg:  0.0, Max: 0, Diff: 0, Sum: 0, Workers: 4
[1162.344s][debug][gc,phases      ] GC(116)   StringTable Weak               Min:  0.1, Avg:  0.1, Max:  0.1, Diff:  0.0, Sum:  0.4, Workers: 4
[1162.344s][debug][gc,phases      ] GC(116)     Dead                           Min: 0, Avg:  0.2, Max: 1, Diff: 1, Sum: 1, Workers: 4
[1162.344s][debug][gc,phases      ] GC(116)     Total                          Min: 10368, Avg: 12036.8, Max: 14208, Diff: 3840, Sum: 48147, Workers: 4
[1162.344s][debug][gc,phases      ] GC(116)   ResolvedMethodTable Weak       Min:  0.0, Avg:  0.0, Max:  0.0, Diff:  0.0, Sum:  0.1, Workers: 4
[1162.344s][debug][gc,phases      ] GC(116)     Dead                           Min: 0, Avg:  0.0, Max: 0, Diff: 0, Sum: 0, Workers: 4
[1162.344s][debug][gc,phases      ] GC(116)     Total                          Min: 1856, Avg: 2053.0, Max: 2260, Diff: 404, Sum: 8212, Workers: 4
[1162.344s][debug][gc,phases      ] GC(116)   JNI Weak                       Min:  0.0, Avg:  0.0, Max:  0.0, Diff:  0.0, Sum:  0.0, Workers: 4
[1162.344s][debug][gc,phases      ] GC(116)     Dead                           Min: 0, Avg:  0.0, Max: 0, Diff: 0, Sum: 0, Workers: 4
[1162.344s][debug][gc,phases      ] GC(116)     Total                          Min: 0, Avg:  0.0, Max: 0, Diff: 0, Sum: 0, Workers: 4
[1162.344s][debug][gc,phases      ] GC(116)   StringDedup Table Weak         Min:  0.0, Avg:  0.0, Max:  0.0, Diff:  0.0, Sum:  0.0, Workers: 4
[1162.344s][debug][gc,phases      ] GC(116)     Dead                           Min: 0, Avg:  0.0, Max: 0, Diff: 0, Sum: 0, Workers: 4
[1162.344s][debug][gc,phases      ] GC(116)     Total                          Min: 0, Avg:  0.0, Max: 0, Diff: 0, Sum: 0, Workers: 4
[1162.344s][debug][gc,phases      ] GC(116)   StringDedup Requests0 Weak     Min:  0.0, Avg:  0.0, Max:  0.0, Diff:  0.0, Sum:  0.0, Workers: 4
[1162.344s][debug][gc,phases      ] GC(116)     Dead                           Min: 0, Avg:  0.0, Max: 0, Diff: 0, Sum: 0, Workers: 4
[1162.344s][debug][gc,phases      ] GC(116)     Total                          Min: 0, Avg:  0.0, Max: 0, Diff: 0, Sum: 0, Workers: 4
[1162.344s][debug][gc,phases      ] GC(116)   StringDedup Requests1 Weak     Min:  0.0, Avg:  0.0, Max:  0.0, Diff:  0.0, Sum:  0.0, Workers: 4
[1162.344s][debug][gc,phases      ] GC(116)     Dead                           Min: 0, Avg:  0.0, Max: 0, Diff: 0, Sum: 0, Workers: 4
[1162.344s][debug][gc,phases      ] GC(116)     Total                          Min: 0, Avg:  0.0, Max: 0, Diff: 0, Sum: 0, Workers: 4
[1162.344s][debug][gc,phases      ] GC(116)   Weak JFR Old Object Samples    Min:  0.0, Avg:  0.0, Max:  0.0, Diff:  0.0, Sum:  0.0, Workers: 4
[1162.344s][debug][gc,phases      ] GC(116)     Dead                           Min: 0, Avg:  0.0, Max: 0, Diff: 0, Sum: 0, Workers: 4
[1162.344s][debug][gc,phases      ] GC(116)     Total                          Min: 0, Avg:  0.0, Max: 0, Diff: 0, Sum: 0, Workers: 4
[1162.344s][debug][gc,phases      ] GC(116) Weak Processing 0.313ms
[1162.344s][debug][gc,age         ] GC(116) Desired survivor size 77594624 bytes, new threshold 15 (max threshold 15)
[1162.344s][info ][gc,heap        ] GC(116) PSYoungGen: 1950064K(1950208K)->3552K(2021376K) Eden: 1946624K(1946624K)->0K(1945600K) From: 3440K(3584K)->3552K(75776K)
[1162.344s][info ][gc,heap        ] GC(116) ParOldGen: 419835K(498688K)->419835K(498688K)
[1162.344s][info ][gc,metaspace   ] GC(116) Metaspace: 83360K(84224K)->83360K(84224K) NonClass: 71705K(72128K)->71705K(72128K) Class: 11655K(12096K)->11655K(12096K)
[1162.344s][info ][gc             ] GC(116) Pause Young (Allocation Failure) 2314M->413M(2461M) 2.794ms
[1162.344s][info ][gc,cpu         ] GC(116) User=0.01s Sys=0.00s Real=0.00s
[1162.344s][info ][safepoint      ] Safepoint "ParallelGCFailedAllocation", Time since last: 7899209103 ns, Reaching safepoint: 102803 ns, At safepoint: 2885578 ns, Total: 2988381 ns
[1163.344s][info ][safepoint      ] Safepoint "Cleanup", Time since last: 1000099233 ns, Reaching safepoint: 128103 ns, At safepoint: 10901 ns, Total: 139004 ns
[1164.344s][info ][safepoint      ] Safepoint "Cleanup", Time since last: 1000090633 ns, Reaching safepoint: 119703 ns, At safepoint: 6100 ns, Total: 125803 ns
[1165.344s][info ][safepoint      ] Safepoint "Cleanup", Time since last: 1000094233 ns, Reaching safepoint: 117203 ns, At safepoint: 5801 ns, Total: 123004 ns
[1171.345s][info ][safepoint      ] Safepoint "Cleanup", Time since last: 6000451203 ns, Reaching safepoint: 154805 ns, At safepoint: 8500 ns, Total: 163305 ns
[1185.346s][info ][safepoint      ] Safepoint "Cleanup", Time since last: 14000995621 ns, Reaching safepoint: 54101 ns, At safepoint: 4000 ns, Total: 58101 ns
[1186.346s][info ][safepoint      ] Safepoint "Cleanup", Time since last: 1000115841 ns, Reaching safepoint: 78903 ns, At safepoint: 4400 ns, Total: 83303 ns
[1187.346s][info ][safepoint      ] Safepoint "Cleanup", Time since last: 1000116141 ns, Reaching safepoint: 65002 ns, At safepoint: 5500 ns, Total: 70502 ns
[1188.347s][info ][safepoint      ] Safepoint "Cleanup", Time since last: 1000109741 ns, Reaching safepoint: 351510 ns, At safepoint: 9500 ns, Total: 361010 ns
[1189.347s][info ][safepoint      ] Safepoint "Cleanup", Time since last: 1000122642 ns, Reaching safepoint: 65402 ns, At safepoint: 8000 ns, Total: 73402 ns
[1190.347s][info ][safepoint      ] Safepoint "Cleanup", Time since last: 1000116242 ns, Reaching safepoint: 139004 ns, At safepoint: 18801 ns, Total: 157805 ns
[1190.829s][info ][safepoint      ] Safepoint "ICBufferFull", Time since last: 481410917 ns, Reaching safepoint: 224606 ns, At safepoint: 16000 ns, Total: 240606 ns
[1191.829s][info ][safepoint      ] Safepoint "Cleanup", Time since last: 1000112243 ns, Reaching safepoint: 111203 ns, At safepoint: 9500 ns, Total: 120703 ns
[1192.829s][info ][safepoint      ] Safepoint "Cleanup", Time since last: 1000110143 ns, Reaching safepoint: 61502 ns, At safepoint: 6100 ns, Total: 67602 ns
[1193.830s][info ][safepoint      ] Safepoint "Cleanup", Time since last: 1000131544 ns, Reaching safepoint: 93202 ns, At safepoint: 10500 ns, Total: 103702 ns
[1194.830s][info ][safepoint      ] Safepoint "Cleanup", Time since last: 1000123444 ns, Reaching safepoint: 60702 ns, At safepoint: 6300 ns, Total: 67002 ns
[1195.830s][info ][safepoint      ] Safepoint "Cleanup", Time since last: 1000117044 ns, Reaching safepoint: 56502 ns, At safepoint: 4000 ns, Total: 60502 ns
[1196.830s][info ][safepoint      ] Safepoint "Cleanup", Time since last: 1000121344 ns, Reaching safepoint: 61402 ns, At safepoint: 7700 ns, Total: 69102 ns
[1197.830s][info ][safepoint      ] Safepoint "Cleanup", Time since last: 1000132445 ns, Reaching safepoint: 74402 ns, At safepoint: 3100 ns, Total: 77502 ns
[1200.831s][info ][safepoint      ] Safepoint "Cleanup", Time since last: 3000270534 ns, Reaching safepoint: 77702 ns, At safepoint: 9701 ns, Total: 87403 ns
[1203.831s][info ][safepoint      ] Safepoint "Cleanup", Time since last: 3000274637 ns, Reaching safepoint: 60601 ns, At safepoint: 7800 ns, Total: 68401 ns
[1204.831s][info ][safepoint      ] Safepoint "Cleanup", Time since last: 1000113647 ns, Reaching safepoint: 53602 ns, At safepoint: 21900 ns, Total: 75502 ns
[1205.831s][info ][safepoint      ] Safepoint "Cleanup", Time since last: 1000097947 ns, Reaching safepoint: 56502 ns, At safepoint: 2700 ns, Total: 59202 ns
[1209.832s][info ][safepoint      ] Safepoint "Cleanup", Time since last: 4000314888 ns, Reaching safepoint: 67002 ns, At safepoint: 9700 ns, Total: 76702 ns
[1210.832s][info ][safepoint      ] Safepoint "Cleanup", Time since last: 1000114049 ns, Reaching safepoint: 61001 ns, At safepoint: 5400 ns, Total: 66401 ns
[1215.832s][info ][safepoint      ] Safepoint "Cleanup", Time since last: 5000373244 ns, Reaching safepoint: 48601 ns, At safepoint: 2600 ns, Total: 51201 ns
[1216.833s][info ][safepoint      ] Safepoint "Cleanup", Time since last: 1000119851 ns, Reaching safepoint: 47601 ns, At safepoint: 2600 ns, Total: 50201 ns
[1219.833s][info ][safepoint      ] Safepoint "Cleanup", Time since last: 3000315053 ns, Reaching safepoint: 79302 ns, At safepoint: 13901 ns, Total: 93203 ns
[1220.833s][info ][safepoint      ] Safepoint "Cleanup", Time since last: 1000108951 ns, Reaching safepoint: 70802 ns, At safepoint: 5600 ns, Total: 76402 ns
[1221.833s][info ][safepoint      ] Safepoint "Cleanup", Time since last: 1000116153 ns, Reaching safepoint: 45801 ns, At safepoint: 2500 ns, Total: 48301 ns
[1222.834s][info ][safepoint      ] Safepoint "Cleanup", Time since last: 1000118153 ns, Reaching safepoint: 68802 ns, At safepoint: 3300 ns, Total: 72102 ns
[1223.834s][info ][safepoint      ] Safepoint "Cleanup", Time since last: 1000161954 ns, Reaching safepoint: 164304 ns, At safepoint: 15401 ns, Total: 179705 ns
[1224.944s][info ][gc,start       ] GC(117) Pause Young (Allocation Failure)
[1224.951s][debug][gc,phases      ] GC(117) Scavenge 7.459ms
[1224.951s][debug][gc,ref         ] GC(117) Skipped phase 1 of Reference Processing: no references
[1224.951s][debug][gc,ref         ] GC(117) ReferenceProcessor::execute queues: 1, RefProcThreadModel::Single, marks_oops_alive: false
[1224.951s][debug][gc,ref         ] GC(117) ReferenceProcessor::execute queues: 4, RefProcThreadModel::Multi, marks_oops_alive: true
[1224.952s][debug][gc,ref         ] GC(117) ReferenceProcessor::execute queues: 1, RefProcThreadModel::Single, marks_oops_alive: false
[1224.952s][debug][gc,phases      ] GC(117) Reference Processing 0.636ms
[1224.952s][debug][gc,phases      ] GC(117)   VM Weak                        Min:  0.0, Avg:  0.0, Max:  0.0, Diff:  0.0, Sum:  0.0, Workers: 4
[1224.952s][debug][gc,phases      ] GC(117)     Dead                           Min: 0, Avg:  0.0, Max: 0, Diff: 0, Sum: 0, Workers: 4
[1224.952s][debug][gc,phases      ] GC(117)     Total                          Min: 0, Avg: 173.5, Max: 448, Diff: 448, Sum: 694, Workers: 4
[1224.952s][debug][gc,phases      ] GC(117)   ObjectSynchronizer Weak        Min:  0.0, Avg:  0.0, Max:  0.0, Diff:  0.0, Sum:  0.0, Workers: 4
[1224.952s][debug][gc,phases      ] GC(117)     Dead                           Min: 0, Avg:  0.0, Max: 0, Diff: 0, Sum: 0, Workers: 4
[1224.952s][debug][gc,phases      ] GC(117)     Total                          Min: 23, Avg: 85.8, Max: 128, Diff: 105, Sum: 343, Workers: 4
[1224.952s][debug][gc,phases      ] GC(117)   JVMTI Tag Weak OopStorage      Min:  0.0, Avg:  0.0, Max:  0.0, Diff:  0.0, Sum:  0.0, Workers: 4
[1224.952s][debug][gc,phases      ] GC(117)     Dead                           Min: 0, Avg:  0.0, Max: 0, Diff: 0, Sum: 0, Workers: 4
[1224.952s][debug][gc,phases      ] GC(117)     Total                          Min: 0, Avg:  0.0, Max: 0, Diff: 0, Sum: 0, Workers: 4
[1224.952s][debug][gc,phases      ] GC(117)   StringTable Weak               Min:  0.1, Avg:  0.1, Max:  0.1, Diff:  0.0, Sum:  0.6, Workers: 4
[1224.952s][debug][gc,phases      ] GC(117)     Dead                           Min: 0, Avg:  0.5, Max: 2, Diff: 2, Sum: 2, Workers: 4
[1224.952s][debug][gc,phases      ] GC(117)     Total                          Min: 11328, Avg: 12052.2, Max: 12736, Diff: 1408, Sum: 48209, Workers: 4
[1224.952s][debug][gc,phases      ] GC(117)   ResolvedMethodTable Weak       Min:  0.0, Avg:  0.0, Max:  0.0, Diff:  0.0, Sum:  0.1, Workers: 4
[1224.952s][debug][gc,phases      ] GC(117)     Dead                           Min: 0, Avg:  0.0, Max: 0, Diff: 0, Sum: 0, Workers: 4
[1224.952s][debug][gc,phases      ] GC(117)     Total                          Min: 1856, Avg: 2053.5, Max: 2262, Diff: 406, Sum: 8214, Workers: 4
[1224.952s][debug][gc,phases      ] GC(117)   JNI Weak                       Min:  0.0, Avg:  0.0, Max:  0.0, Diff:  0.0, Sum:  0.0, Workers: 4
[1224.952s][debug][gc,phases      ] GC(117)     Dead                           Min: 0, Avg:  0.0, Max: 0, Diff: 0, Sum: 0, Workers: 4
[1224.952s][debug][gc,phases      ] GC(117)     Total                          Min: 0, Avg:  0.0, Max: 0, Diff: 0, Sum: 0, Workers: 4
[1224.952s][debug][gc,phases      ] GC(117)   StringDedup Table Weak         Min:  0.0, Avg:  0.0, Max:  0.0, Diff:  0.0, Sum:  0.0, Workers: 4
[1224.952s][debug][gc,phases      ] GC(117)     Dead                           Min: 0, Avg:  0.0, Max: 0, Diff: 0, Sum: 0, Workers: 4
[1224.952s][debug][gc,phases      ] GC(117)     Total                          Min: 0, Avg:  0.0, Max: 0, Diff: 0, Sum: 0, Workers: 4
[1224.952s][debug][gc,phases      ] GC(117)   StringDedup Requests0 Weak     Min:  0.0, Avg:  0.0, Max:  0.0, Diff:  0.0, Sum:  0.0, Workers: 4
[1224.952s][debug][gc,phases      ] GC(117)     Dead                           Min: 0, Avg:  0.0, Max: 0, Diff: 0, Sum: 0, Workers: 4
[1224.952s][debug][gc,phases      ] GC(117)     Total                          Min: 0, Avg:  0.0, Max: 0, Diff: 0, Sum: 0, Workers: 4
[1224.952s][debug][gc,phases      ] GC(117)   StringDedup Requests1 Weak     Min:  0.0, Avg:  0.0, Max:  0.0, Diff:  0.0, Sum:  0.0, Workers: 4
[1224.952s][debug][gc,phases      ] GC(117)     Dead                           Min: 0, Avg:  0.0, Max: 0, Diff: 0, Sum: 0, Workers: 4
[1224.952s][debug][gc,phases      ] GC(117)     Total                          Min: 0, Avg:  0.0, Max: 0, Diff: 0, Sum: 0, Workers: 4
[1224.952s][debug][gc,phases      ] GC(117)   Weak JFR Old Object Samples    Min:  0.0, Avg:  0.0, Max:  0.0, Diff:  0.0, Sum:  0.0, Workers: 4
[1224.952s][debug][gc,phases      ] GC(117)     Dead                           Min: 0, Avg:  0.0, Max: 0, Diff: 0, Sum: 0, Workers: 4
[1224.952s][debug][gc,phases      ] GC(117)     Total                          Min: 0, Avg:  0.0, Max: 0, Diff: 0, Sum: 0, Workers: 4
[1224.952s][debug][gc,phases      ] GC(117) Weak Processing 0.355ms
[1224.952s][debug][gc,age         ] GC(117) Desired survivor size 73400320 bytes, new threshold 15 (max threshold 15)
[1224.952s][info ][gc,heap        ] GC(117) PSYoungGen: 1949152K(2021376K)->22009K(2021376K) Eden: 1945600K(1945600K)->0K(1945600K) From: 3552K(75776K)->22009K(75776K)
[1224.952s][info ][gc,heap        ] GC(117) ParOldGen: 419835K(498688K)->419843K(498688K)
[1224.952s][info ][gc,metaspace   ] GC(117) Metaspace: 83463K(84352K)->83463K(84352K) NonClass: 71803K(72256K)->71803K(72256K) Class: 11659K(12096K)->11659K(12096K)
[1224.952s][info ][gc             ] GC(117) Pause Young (Allocation Failure) 2313M->431M(2461M) 8.625ms
[1224.952s][info ][gc,cpu         ] GC(117) User=0.03s Sys=0.00s Real=0.01s
[1224.952s][info ][safepoint      ] Safepoint "ParallelGCFailedAllocation", Time since last: 1109526212 ns, Reaching safepoint: 30001 ns, At safepoint: 8708336 ns, Total: 8738337 ns
[1225.952s][info ][safepoint      ] Safepoint "Cleanup", Time since last: 1000084352 ns, Reaching safepoint: 65402 ns, At safepoint: 4300 ns, Total: 69702 ns
[1229.096s][info ][safepoint      ] Safepoint "Cleanup", Time since last: 3142998721 ns, Reaching safepoint: 197406 ns, At safepoint: 15900 ns, Total: 213306 ns
[1230.096s][info ][safepoint      ] Safepoint "Cleanup", Time since last: 1000123855 ns, Reaching safepoint: 49302 ns, At safepoint: 2700 ns, Total: 52002 ns
[1231.096s][info ][safepoint      ] Safepoint "Cleanup", Time since last: 1000125155 ns, Reaching safepoint: 130803 ns, At safepoint: 6401 ns, Total: 137204 ns
[1234.097s][info ][safepoint      ] Safepoint "Cleanup", Time since last: 3000544472 ns, Reaching safepoint: 64302 ns, At safepoint: 8300 ns, Total: 72602 ns
[1235.097s][info ][safepoint      ] Safepoint "Cleanup", Time since last: 1000115956 ns, Reaching safepoint: 56602 ns, At safepoint: 2900 ns, Total: 59502 ns
[1237.471s][info ][safepoint      ] Safepoint "Cleanup", Time since last: 2374509239 ns, Reaching safepoint: 120903 ns, At safepoint: 10300 ns, Total: 131203 ns
[1238.643s][info ][safepoint      ] Safepoint "Cleanup", Time since last: 1171529095 ns, Reaching safepoint: 162405 ns, At safepoint: 15800 ns, Total: 178205 ns
[1239.643s][info ][safepoint      ] Safepoint "Cleanup", Time since last: 1000105657 ns, Reaching safepoint: 204106 ns, At safepoint: 15900 ns, Total: 220006 ns
[1241.644s][info ][safepoint      ] Safepoint "Cleanup", Time since last: 2000183615 ns, Reaching safepoint: 128004 ns, At safepoint: 8500 ns, Total: 136504 ns
[1242.644s][info ][safepoint      ] Safepoint "Cleanup", Time since last: 1000116858 ns, Reaching safepoint: 153905 ns, At safepoint: 10200 ns, Total: 164105 ns
[1244.645s][info ][safepoint      ] Safepoint "Cleanup", Time since last: 2000376022 ns, Reaching safepoint: 144304 ns, At safepoint: 7800 ns, Total: 152104 ns
[1246.645s][info ][safepoint      ] Safepoint "Cleanup", Time since last: 2000195118 ns, Reaching safepoint: 57001 ns, At safepoint: 15201 ns, Total: 72202 ns
[1247.645s][info ][safepoint      ] Safepoint "Cleanup", Time since last: 1000121660 ns, Reaching safepoint: 147604 ns, At safepoint: 30001 ns, Total: 177605 ns
[1248.645s][info ][safepoint      ] Safepoint "Cleanup", Time since last: 1000132460 ns, Reaching safepoint: 136404 ns, At safepoint: 11600 ns, Total: 148004 ns
[1251.646s][info ][safepoint      ] Safepoint "Cleanup", Time since last: 3000268281 ns, Reaching safepoint: 83302 ns, At safepoint: 15001 ns, Total: 98303 ns
[1252.646s][info ][safepoint      ] Safepoint "Cleanup", Time since last: 1000132061 ns, Reaching safepoint: 59502 ns, At safepoint: 3400 ns, Total: 62902 ns
[1255.646s][info ][safepoint      ] Safepoint "Cleanup", Time since last: 3000260884 ns, Reaching safepoint: 60701 ns, At safepoint: 3001 ns, Total: 63702 ns
[1256.647s][info ][safepoint      ] Safepoint "Cleanup", Time since last: 1000112362 ns, Reaching safepoint: 58802 ns, At safepoint: 5100 ns, Total: 63902 ns
[1257.647s][info ][safepoint      ] Safepoint "Cleanup", Time since last: 1000115063 ns, Reaching safepoint: 61201 ns, At safepoint: 12101 ns, Total: 73302 ns
[1258.647s][info ][safepoint      ] Safepoint "Cleanup", Time since last: 1000080462 ns, Reaching safepoint: 42801 ns, At safepoint: 6700 ns, Total: 49501 ns
[1260.647s][info ][safepoint      ] Safepoint "Cleanup", Time since last: 2000184326 ns, Reaching safepoint: 43801 ns, At safepoint: 7400 ns, Total: 51201 ns
[1263.648s][info ][safepoint      ] Safepoint "Cleanup", Time since last: 3000442096 ns, Reaching safepoint: 60502 ns, At safepoint: 4900 ns, Total: 65402 ns
[1264.648s][info ][safepoint      ] Safepoint "Cleanup", Time since last: 1000119965 ns, Reaching safepoint: 33801 ns, At safepoint: 3100 ns, Total: 36901 ns
[1265.648s][info ][safepoint      ] Safepoint "Cleanup", Time since last: 1000117865 ns, Reaching safepoint: 58201 ns, At safepoint: 4301 ns, Total: 62502 ns
[1270.648s][info ][safepoint      ] Safepoint "Cleanup", Time since last: 5000331923 ns, Reaching safepoint: 52401 ns, At safepoint: 31401 ns, Total: 83802 ns
[1272.649s][info ][safepoint      ] Safepoint "Cleanup", Time since last: 2000168032 ns, Reaching safepoint: 65002 ns, At safepoint: 9300 ns, Total: 74302 ns
[1273.649s][info ][safepoint      ] Safepoint "Cleanup", Time since last: 1000105668 ns, Reaching safepoint: 59401 ns, At safepoint: 4600 ns, Total: 64001 ns
[1278.649s][info ][safepoint      ] Safepoint "Cleanup", Time since last: 5000423837 ns, Reaching safepoint: 45901 ns, At safepoint: 8901 ns, Total: 54802 ns
[1286.650s][info ][safepoint      ] Safepoint "Cleanup", Time since last: 8000593851 ns, Reaching safepoint: 54101 ns, At safepoint: 2900 ns, Total: 57001 ns
[1291.650s][info ][safepoint      ] Safepoint "Cleanup", Time since last: 5000399954 ns, Reaching safepoint: 56002 ns, At safepoint: 8200 ns, Total: 64202 ns
[1293.651s][info ][safepoint      ] Safepoint "Cleanup", Time since last: 2000186544 ns, Reaching safepoint: 52902 ns, At safepoint: 3200 ns, Total: 56102 ns
[1294.043s][info ][gc,start       ] GC(118) Pause Young (Allocation Failure)
[1294.047s][debug][gc,phases      ] GC(118) Scavenge 4.571ms
[1294.047s][debug][gc,ref         ] GC(118) Skipped phase 1 of Reference Processing: no references
[1294.047s][debug][gc,ref         ] GC(118) ReferenceProcessor::execute queues: 1, RefProcThreadModel::Single, marks_oops_alive: false
[1294.047s][debug][gc,ref         ] GC(118) Skipped phase 3 of Reference Processing: no references
[1294.047s][debug][gc,ref         ] GC(118) ReferenceProcessor::execute queues: 1, RefProcThreadModel::Single, marks_oops_alive: false
[1294.047s][debug][gc,phases      ] GC(118) Reference Processing 0.116ms
[1294.048s][debug][gc,phases      ] GC(118)   VM Weak                        Min:  0.0, Avg:  0.0, Max:  0.0, Diff:  0.0, Sum:  0.0, Workers: 4
[1294.048s][debug][gc,phases      ] GC(118)     Dead                           Min: 0, Avg:  0.0, Max: 0, Diff: 0, Sum: 0, Workers: 4
[1294.048s][debug][gc,phases      ] GC(118)     Total                          Min: 0, Avg: 174.8, Max: 379, Diff: 379, Sum: 699, Workers: 4
[1294.048s][debug][gc,phases      ] GC(118)   ObjectSynchronizer Weak        Min:  0.0, Avg:  0.0, Max:  0.0, Diff:  0.0, Sum:  0.0, Workers: 4
[1294.048s][debug][gc,phases      ] GC(118)     Dead                           Min: 0, Avg:  0.0, Max: 0, Diff: 0, Sum: 0, Workers: 4
[1294.048s][debug][gc,phases      ] GC(118)     Total                          Min: 0, Avg: 85.8, Max: 192, Diff: 192, Sum: 343, Workers: 4
[1294.048s][debug][gc,phases      ] GC(118)   JVMTI Tag Weak OopStorage      Min:  0.0, Avg:  0.0, Max:  0.0, Diff:  0.0, Sum:  0.0, Workers: 4
[1294.048s][debug][gc,phases      ] GC(118)     Dead                           Min: 0, Avg:  0.0, Max: 0, Diff: 0, Sum: 0, Workers: 4
[1294.048s][debug][gc,phases      ] GC(118)     Total                          Min: 0, Avg:  0.0, Max: 0, Diff: 0, Sum: 0, Workers: 4
[1294.048s][debug][gc,phases      ] GC(118)   StringTable Weak               Min:  0.1, Avg:  0.1, Max:  0.1, Diff:  0.0, Sum:  0.4, Workers: 4
[1294.048s][debug][gc,phases      ] GC(118)     Dead                           Min: 0, Avg:  0.0, Max: 0, Diff: 0, Sum: 0, Workers: 4
[1294.048s][debug][gc,phases      ] GC(118)     Total                          Min: 10940, Avg: 12063.0, Max: 13120, Diff: 2180, Sum: 48252, Workers: 4
[1294.048s][debug][gc,phases      ] GC(118)   ResolvedMethodTable Weak       Min:  0.0, Avg:  0.0, Max:  0.0, Diff:  0.0, Sum:  0.1, Workers: 4
[1294.048s][debug][gc,phases      ] GC(118)     Dead                           Min: 0, Avg:  0.0, Max: 0, Diff: 0, Sum: 0, Workers: 4
[1294.048s][debug][gc,phases      ] GC(118)     Total                          Min: 1920, Avg: 2061.0, Max: 2164, Diff: 244, Sum: 8244, Workers: 4
[1294.048s][debug][gc,phases      ] GC(118)   JNI Weak                       Min:  0.0, Avg:  0.0, Max:  0.0, Diff:  0.0, Sum:  0.0, Workers: 4
[1294.048s][debug][gc,phases      ] GC(118)     Dead                           Min: 0, Avg:  0.0, Max: 0, Diff: 0, Sum: 0, Workers: 4
[1294.048s][debug][gc,phases      ] GC(118)     Total                          Min: 0, Avg:  0.0, Max: 0, Diff: 0, Sum: 0, Workers: 4
[1294.048s][debug][gc,phases      ] GC(118)   StringDedup Table Weak         Min:  0.0, Avg:  0.0, Max:  0.0, Diff:  0.0, Sum:  0.0, Workers: 4
[1294.048s][debug][gc,phases      ] GC(118)     Dead                           Min: 0, Avg:  0.0, Max: 0, Diff: 0, Sum: 0, Workers: 4
[1294.048s][debug][gc,phases      ] GC(118)     Total                          Min: 0, Avg:  0.0, Max: 0, Diff: 0, Sum: 0, Workers: 4
[1294.048s][debug][gc,phases      ] GC(118)   StringDedup Requests0 Weak     Min:  0.0, Avg:  0.0, Max:  0.0, Diff:  0.0, Sum:  0.0, Workers: 4
[1294.048s][debug][gc,phases      ] GC(118)     Dead                           Min: 0, Avg:  0.0, Max: 0, Diff: 0, Sum: 0, Workers: 4
[1294.048s][debug][gc,phases      ] GC(118)     Total                          Min: 0, Avg:  0.0, Max: 0, Diff: 0, Sum: 0, Workers: 4
[1294.048s][debug][gc,phases      ] GC(118)   StringDedup Requests1 Weak     Min:  0.0, Avg:  0.0, Max:  0.0, Diff:  0.0, Sum:  0.0, Workers: 4
[1294.048s][debug][gc,phases      ] GC(118)     Dead                           Min: 0, Avg:  0.0, Max: 0, Diff: 0, Sum: 0, Workers: 4
[1294.048s][debug][gc,phases      ] GC(118)     Total                          Min: 0, Avg:  0.0, Max: 0, Diff: 0, Sum: 0, Workers: 4
[1294.048s][debug][gc,phases      ] GC(118)   Weak JFR Old Object Samples    Min:  0.0, Avg:  0.0, Max:  0.0, Diff:  0.0, Sum:  0.0, Workers: 4
[1294.048s][debug][gc,phases      ] GC(118)     Dead                           Min: 0, Avg:  0.0, Max: 0, Diff: 0, Sum: 0, Workers: 4
[1294.048s][debug][gc,phases      ] GC(118)     Total                          Min: 0, Avg:  0.0, Max: 0, Diff: 0, Sum: 0, Workers: 4
[1294.048s][debug][gc,phases      ] GC(118) Weak Processing 0.323ms
[1294.048s][debug][gc,age         ] GC(118) Desired survivor size 69730304 bytes, new threshold 15 (max threshold 15)
[1294.048s][info ][gc,heap        ] GC(118) PSYoungGen: 1967609K(2021376K)->21897K(2029056K) Eden: 1945600K(1945600K)->0K(1957376K) From: 22009K(75776K)->21897K(71680K)
[1294.048s][info ][gc,heap        ] GC(118) ParOldGen: 419843K(498688K)->419851K(498688K)
[1294.048s][info ][gc,metaspace   ] GC(118) Metaspace: 83536K(84416K)->83536K(84416K) NonClass: 71864K(72320K)->71864K(72320K) Class: 11672K(12096K)->11672K(12096K)
[1294.048s][info ][gc             ] GC(118) Pause Young (Allocation Failure) 2331M->431M(2468M) 5.141ms
[1294.048s][info ][gc,cpu         ] GC(118) User=0.02s Sys=0.00s Real=0.01s
[1294.048s][info ][safepoint      ] Safepoint "ParallelGCFailedAllocation", Time since last: 391941110 ns, Reaching safepoint: 38301 ns, At safepoint: 5221541 ns, Total: 5259842 ns
[1299.048s][info ][safepoint      ] Safepoint "Cleanup", Time since last: 5000366863 ns, Reaching safepoint: 61402 ns, At safepoint: 5700 ns, Total: 67102 ns
[1307.049s][info ][safepoint      ] Safepoint "Cleanup", Time since last: 8000537793 ns, Reaching safepoint: 58902 ns, At safepoint: 6700 ns, Total: 65602 ns
[1310.050s][info ][safepoint      ] Safepoint "Cleanup", Time since last: 3001239155 ns, Reaching safepoint: 54601 ns, At safepoint: 8001 ns, Total: 62602 ns
[1314.050s][info ][safepoint      ] Safepoint "Cleanup", Time since last: 4000303506 ns, Reaching safepoint: 53902 ns, At safepoint: 4400 ns, Total: 58302 ns
[1315.051s][info ][safepoint      ] Safepoint "Cleanup", Time since last: 1000112178 ns, Reaching safepoint: 74702 ns, At safepoint: 18101 ns, Total: 92803 ns
[1316.051s][info ][safepoint      ] Safepoint "Cleanup", Time since last: 1000122579 ns, Reaching safepoint: 51001 ns, At safepoint: 2900 ns, Total: 53901 ns
[1317.051s][info ][safepoint      ] Safepoint "Cleanup", Time since last: 1000139380 ns, Reaching safepoint: 54901 ns, At safepoint: 3500 ns, Total: 58401 ns
[1319.051s][info ][safepoint      ] Safepoint "Cleanup", Time since last: 2000172658 ns, Reaching safepoint: 55201 ns, At safepoint: 6100 ns, Total: 61301 ns
[1325.052s][info ][safepoint      ] Safepoint "Cleanup", Time since last: 6000386474 ns, Reaching safepoint: 66502 ns, At safepoint: 8700 ns, Total: 75202 ns
[1326.052s][info ][safepoint      ] Safepoint "Cleanup", Time since last: 1000124982 ns, Reaching safepoint: 63401 ns, At safepoint: 7800 ns, Total: 71201 ns
[1327.052s][info ][safepoint      ] Safepoint "Cleanup", Time since last: 1000114082 ns, Reaching safepoint: 36101 ns, At safepoint: 3100 ns, Total: 39201 ns
[1328.052s][info ][safepoint      ] Safepoint "Cleanup", Time since last: 1000134082 ns, Reaching safepoint: 48502 ns, At safepoint: 3300 ns, Total: 51802 ns
[1331.053s][info ][safepoint      ] Safepoint "Cleanup", Time since last: 3000243944 ns, Reaching safepoint: 51001 ns, At safepoint: 3700 ns, Total: 54701 ns
[1338.053s][info ][safepoint      ] Safepoint "Cleanup", Time since last: 7000505976 ns, Reaching safepoint: 64602 ns, At safepoint: 8600 ns, Total: 73202 ns
[1339.053s][info ][safepoint      ] Safepoint "Cleanup", Time since last: 1000109584 ns, Reaching safepoint: 34401 ns, At safepoint: 3100 ns, Total: 37501 ns
[1341.054s][info ][safepoint      ] Safepoint "Cleanup", Time since last: 2000179269 ns, Reaching safepoint: 53901 ns, At safepoint: 9300 ns, Total: 63201 ns
[1352.054s][info ][safepoint      ] Safepoint "Cleanup", Time since last: 11000796138 ns, Reaching safepoint: 46501 ns, At safepoint: 4500 ns, Total: 51001 ns
[1353.055s][info ][safepoint      ] Safepoint "Cleanup", Time since last: 1000124288 ns, Reaching safepoint: 53902 ns, At safepoint: 3100 ns, Total: 57002 ns
[1354.055s][info ][safepoint      ] Safepoint "Cleanup", Time since last: 1000105888 ns, Reaching safepoint: 51001 ns, At safepoint: 4800 ns, Total: 55801 ns
[1356.055s][info ][safepoint      ] Safepoint "Cleanup", Time since last: 2000189076 ns, Reaching safepoint: 43701 ns, At safepoint: 2700 ns, Total: 46401 ns
[1358.055s][info ][safepoint      ] Safepoint "Cleanup", Time since last: 2000145976 ns, Reaching safepoint: 57601 ns, At safepoint: 9901 ns, Total: 67502 ns
[1361.055s][info ][safepoint      ] Safepoint "Cleanup", Time since last: 3000199164 ns, Reaching safepoint: 46901 ns, At safepoint: 3600 ns, Total: 50501 ns
[1365.944s][info ][gc,start       ] GC(119) Pause Young (Allocation Failure)
[1365.949s][debug][gc,phases      ] GC(119) Scavenge 4.611ms
[1365.949s][debug][gc,ref         ] GC(119) Skipped phase 1 of Reference Processing: no references
[1365.949s][debug][gc,ref         ] GC(119) ReferenceProcessor::execute queues: 1, RefProcThreadModel::Single, marks_oops_alive: false
[1365.949s][debug][gc,ref         ] GC(119) Skipped phase 3 of Reference Processing: no references
[1365.949s][debug][gc,ref         ] GC(119) ReferenceProcessor::execute queues: 1, RefProcThreadModel::Single, marks_oops_alive: false
[1365.949s][debug][gc,phases      ] GC(119) Reference Processing 0.115ms
[1365.949s][debug][gc,phases      ] GC(119)   VM Weak                        Min:  0.0, Avg:  0.0, Max:  0.0, Diff:  0.0, Sum:  0.0, Workers: 4
[1365.949s][debug][gc,phases      ] GC(119)     Dead                           Min: 0, Avg:  0.0, Max: 0, Diff: 0, Sum: 0, Workers: 4
[1365.949s][debug][gc,phases      ] GC(119)     Total                          Min: 0, Avg: 174.8, Max: 512, Diff: 512, Sum: 699, Workers: 4
[1365.949s][debug][gc,phases      ] GC(119)   ObjectSynchronizer Weak        Min:  0.0, Avg:  0.0, Max:  0.0, Diff:  0.0, Sum:  0.0, Workers: 4
[1365.949s][debug][gc,phases      ] GC(119)     Dead                           Min: 0, Avg:  0.0, Max: 0, Diff: 0, Sum: 0, Workers: 4
[1365.949s][debug][gc,phases      ] GC(119)     Total                          Min: 0, Avg: 85.8, Max: 151, Diff: 151, Sum: 343, Workers: 4
[1365.949s][debug][gc,phases      ] GC(119)   JVMTI Tag Weak OopStorage      Min:  0.0, Avg:  0.0, Max:  0.0, Diff:  0.0, Sum:  0.0, Workers: 4
[1365.949s][debug][gc,phases      ] GC(119)     Dead                           Min: 0, Avg:  0.0, Max: 0, Diff: 0, Sum: 0, Workers: 4
[1365.949s][debug][gc,phases      ] GC(119)     Total                          Min: 0, Avg:  0.0, Max: 0, Diff: 0, Sum: 0, Workers: 4
[1365.949s][debug][gc,phases      ] GC(119)   StringTable Weak               Min:  0.1, Avg:  0.1, Max:  0.1, Diff:  0.0, Sum:  0.4, Workers: 4
[1365.949s][debug][gc,phases      ] GC(119)     Dead                           Min: 0, Avg:  0.0, Max: 0, Diff: 0, Sum: 0, Workers: 4
[1365.949s][debug][gc,phases      ] GC(119)     Total                          Min: 10880, Avg: 12067.2, Max: 13120, Diff: 2240, Sum: 48269, Workers: 4
[1365.949s][debug][gc,phases      ] GC(119)   ResolvedMethodTable Weak       Min:  0.0, Avg:  0.0, Max:  0.0, Diff:  0.0, Sum:  0.1, Workers: 4
[1365.949s][debug][gc,phases      ] GC(119)     Dead                           Min: 0, Avg:  0.0, Max: 0, Diff: 0, Sum: 0, Workers: 4
[1365.949s][debug][gc,phases      ] GC(119)     Total                          Min: 1856, Avg: 2061.0, Max: 2164, Diff: 308, Sum: 8244, Workers: 4
[1365.949s][debug][gc,phases      ] GC(119)   JNI Weak                       Min:  0.0, Avg:  0.0, Max:  0.0, Diff:  0.0, Sum:  0.0, Workers: 4
[1365.949s][debug][gc,phases      ] GC(119)     Dead                           Min: 0, Avg:  0.0, Max: 0, Diff: 0, Sum: 0, Workers: 4
[1365.949s][debug][gc,phases      ] GC(119)     Total                          Min: 0, Avg:  0.0, Max: 0, Diff: 0, Sum: 0, Workers: 4
[1365.949s][debug][gc,phases      ] GC(119)   StringDedup Table Weak         Min:  0.0, Avg:  0.0, Max:  0.0, Diff:  0.0, Sum:  0.0, Workers: 4
[1365.949s][debug][gc,phases      ] GC(119)     Dead                           Min: 0, Avg:  0.0, Max: 0, Diff: 0, Sum: 0, Workers: 4
[1365.949s][debug][gc,phases      ] GC(119)     Total                          Min: 0, Avg:  0.0, Max: 0, Diff: 0, Sum: 0, Workers: 4
[1365.949s][debug][gc,phases      ] GC(119)   StringDedup Requests0 Weak     Min:  0.0, Avg:  0.0, Max:  0.0, Diff:  0.0, Sum:  0.0, Workers: 4
[1365.949s][debug][gc,phases      ] GC(119)     Dead                           Min: 0, Avg:  0.0, Max: 0, Diff: 0, Sum: 0, Workers: 4
[1365.949s][debug][gc,phases      ] GC(119)     Total                          Min: 0, Avg:  0.0, Max: 0, Diff: 0, Sum: 0, Workers: 4
[1365.949s][debug][gc,phases      ] GC(119)   StringDedup Requests1 Weak     Min:  0.0, Avg:  0.0, Max:  0.0, Diff:  0.0, Sum:  0.0, Workers: 4
[1365.949s][debug][gc,phases      ] GC(119)     Dead                           Min: 0, Avg:  0.0, Max: 0, Diff: 0, Sum: 0, Workers: 4
[1365.949s][debug][gc,phases      ] GC(119)     Total                          Min: 0, Avg:  0.0, Max: 0, Diff: 0, Sum: 0, Workers: 4
[1365.949s][debug][gc,phases      ] GC(119)   Weak JFR Old Object Samples    Min:  0.0, Avg:  0.0, Max:  0.0, Diff:  0.0, Sum:  0.0, Workers: 4
[1365.949s][debug][gc,phases      ] GC(119)     Dead                           Min: 0, Avg:  0.0, Max: 0, Diff: 0, Sum: 0, Workers: 4
[1365.949s][debug][gc,phases      ] GC(119)     Total                          Min: 0, Avg:  0.0, Max: 0, Diff: 0, Sum: 0, Workers: 4
[1365.949s][debug][gc,phases      ] GC(119) Weak Processing 0.316ms
[1365.949s][debug][gc,age         ] GC(119) Desired survivor size 66060288 bytes, new threshold 15 (max threshold 15)
[1365.949s][info ][gc,heap        ] GC(119) PSYoungGen: 1979273K(2029056K)->22425K(2025472K) Eden: 1957376K(1957376K)->0K(1957376K) From: 21897K(71680K)->22425K(68096K)
[1365.949s][info ][gc,heap        ] GC(119) ParOldGen: 419851K(498688K)->419859K(498688K)
[1365.949s][info ][gc,metaspace   ] GC(119) Metaspace: 83553K(84480K)->83553K(84480K) NonClass: 71877K(72384K)->71877K(72384K) Class: 11675K(12096K)->11675K(12096K)
[1365.949s][info ][gc             ] GC(119) Pause Young (Allocation Failure) 2342M->431M(2465M) 5.181ms
[1365.949s][info ][gc,cpu         ] GC(119) User=0.02s Sys=0.00s Real=0.01s
[1365.949s][info ][safepoint      ] Safepoint "ParallelGCFailedAllocation", Time since last: 4888593119 ns, Reaching safepoint: 44301 ns, At safepoint: 5269543 ns, Total: 5313844 ns
[1367.950s][info ][safepoint      ] Safepoint "Cleanup", Time since last: 2000131580 ns, Reaching safepoint: 48101 ns, At safepoint: 3000 ns, Total: 51101 ns
[1370.950s][info ][safepoint      ] Safepoint "Cleanup", Time since last: 3000245973 ns, Reaching safepoint: 47301 ns, At safepoint: 8700 ns, Total: 56001 ns
[1374.950s][info ][safepoint      ] Safepoint "Cleanup", Time since last: 4000236765 ns, Reaching safepoint: 52401 ns, At safepoint: 2800 ns, Total: 55201 ns
[1382.951s][info ][safepoint      ] Safepoint "Cleanup", Time since last: 8000514241 ns, Reaching safepoint: 63201 ns, At safepoint: 2801 ns, Total: 66002 ns
[1407.952s][info ][safepoint      ] Safepoint "Cleanup", Time since last: 25001529703 ns, Reaching safepoint: 59602 ns, At safepoint: 8800 ns, Total: 68402 ns
[1408.953s][info ][safepoint      ] Safepoint "Cleanup", Time since last: 1000152802 ns, Reaching safepoint: 77002 ns, At safepoint: 6700 ns, Total: 83702 ns
[1410.953s][info ][safepoint      ] Safepoint "Cleanup", Time since last: 2000257502 ns, Reaching safepoint: 59302 ns, At safepoint: 3100 ns, Total: 62402 ns
[1414.953s][info ][safepoint      ] Safepoint "Cleanup", Time since last: 4000320502 ns, Reaching safepoint: 62601 ns, At safepoint: 6000 ns, Total: 68601 ns
[1431.955s][info ][safepoint      ] Safepoint "Cleanup", Time since last: 17001613752 ns, Reaching safepoint: 202806 ns, At safepoint: 8200 ns, Total: 211006 ns
[1432.955s][info ][safepoint      ] Safepoint "Cleanup", Time since last: 1000107505 ns, Reaching safepoint: 78002 ns, At safepoint: 5400 ns, Total: 83402 ns
[1435.956s][info ][safepoint      ] Safepoint "Cleanup", Time since last: 3000243715 ns, Reaching safepoint: 55202 ns, At safepoint: 7700 ns, Total: 62902 ns
[1438.956s][info ][safepoint      ] Safepoint "Cleanup", Time since last: 3000251317 ns, Reaching safepoint: 52501 ns, At safepoint: 2800 ns, Total: 55301 ns
[1439.732s][info ][gc,start       ] GC(120) Pause Young (Allocation Failure)
[1439.736s][debug][gc,phases      ] GC(120) Scavenge 4.345ms
[1439.736s][debug][gc,ref         ] GC(120) Skipped phase 1 of Reference Processing: no references
[1439.736s][debug][gc,ref         ] GC(120) ReferenceProcessor::execute queues: 1, RefProcThreadModel::Single, marks_oops_alive: false
[1439.736s][debug][gc,ref         ] GC(120) Skipped phase 3 of Reference Processing: no references
[1439.736s][debug][gc,ref         ] GC(120) ReferenceProcessor::execute queues: 1, RefProcThreadModel::Single, marks_oops_alive: false
[1439.736s][debug][gc,phases      ] GC(120) Reference Processing 0.126ms
[1439.737s][debug][gc,phases      ] GC(120)   VM Weak                        Min:  0.0, Avg:  0.0, Max:  0.0, Diff:  0.0, Sum:  0.0, Workers: 4
[1439.737s][debug][gc,phases      ] GC(120)     Dead                           Min: 0, Avg:  0.0, Max: 0, Diff: 0, Sum: 0, Workers: 4
[1439.737s][debug][gc,phases      ] GC(120)     Total                          Min: 0, Avg: 174.8, Max: 576, Diff: 576, Sum: 699, Workers: 4
[1439.737s][debug][gc,phases      ] GC(120)   ObjectSynchronizer Weak        Min:  0.0, Avg:  0.0, Max:  0.0, Diff:  0.0, Sum:  0.0, Workers: 4
[1439.737s][debug][gc,phases      ] GC(120)     Dead                           Min: 0, Avg:  0.0, Max: 0, Diff: 0, Sum: 0, Workers: 4
[1439.737s][debug][gc,phases      ] GC(120)     Total                          Min: 0, Avg: 85.8, Max: 192, Diff: 192, Sum: 343, Workers: 4
[1439.737s][debug][gc,phases      ] GC(120)   JVMTI Tag Weak OopStorage      Min:  0.0, Avg:  0.0, Max:  0.0, Diff:  0.0, Sum:  0.0, Workers: 4
[1439.737s][debug][gc,phases      ] GC(120)     Dead                           Min: 0, Avg:  0.0, Max: 0, Diff: 0, Sum: 0, Workers: 4
[1439.737s][debug][gc,phases      ] GC(120)     Total                          Min: 0, Avg:  0.0, Max: 0, Diff: 0, Sum: 0, Workers: 4
[1439.737s][debug][gc,phases      ] GC(120)   StringTable Weak               Min:  0.1, Avg:  0.1, Max:  0.1, Diff:  0.0, Sum:  0.4, Workers: 4
[1439.737s][debug][gc,phases      ] GC(120)     Dead                           Min: 0, Avg:  0.0, Max: 0, Diff: 0, Sum: 0, Workers: 4
[1439.737s][debug][gc,phases      ] GC(120)     Total                          Min: 10944, Avg: 12071.2, Max: 13248, Diff: 2304, Sum: 48285, Workers: 4
[1439.737s][debug][gc,phases      ] GC(120)   ResolvedMethodTable Weak       Min:  0.0, Avg:  0.0, Max:  0.0, Diff:  0.0, Sum:  0.1, Workers: 4
[1439.737s][debug][gc,phases      ] GC(120)     Dead                           Min: 0, Avg:  0.0, Max: 0, Diff: 0, Sum: 0, Workers: 4
[1439.737s][debug][gc,phases      ] GC(120)     Total                          Min: 1664, Avg: 2061.0, Max: 2368, Diff: 704, Sum: 8244, Workers: 4
[1439.737s][debug][gc,phases      ] GC(120)   JNI Weak                       Min:  0.0, Avg:  0.0, Max:  0.0, Diff:  0.0, Sum:  0.0, Workers: 4
[1439.737s][debug][gc,phases      ] GC(120)     Dead                           Min: 0, Avg:  0.0, Max: 0, Diff: 0, Sum: 0, Workers: 4
[1439.737s][debug][gc,phases      ] GC(120)     Total                          Min: 0, Avg:  0.0, Max: 0, Diff: 0, Sum: 0, Workers: 4
[1439.737s][debug][gc,phases      ] GC(120)   StringDedup Table Weak         Min:  0.0, Avg:  0.0, Max:  0.0, Diff:  0.0, Sum:  0.0, Workers: 4
[1439.737s][debug][gc,phases      ] GC(120)     Dead                           Min: 0, Avg:  0.0, Max: 0, Diff: 0, Sum: 0, Workers: 4
[1439.737s][debug][gc,phases      ] GC(120)     Total                          Min: 0, Avg:  0.0, Max: 0, Diff: 0, Sum: 0, Workers: 4
[1439.737s][debug][gc,phases      ] GC(120)   StringDedup Requests0 Weak     Min:  0.0, Avg:  0.0, Max:  0.0, Diff:  0.0, Sum:  0.0, Workers: 4
[1439.737s][debug][gc,phases      ] GC(120)     Dead                           Min: 0, Avg:  0.0, Max: 0, Diff: 0, Sum: 0, Workers: 4
[1439.737s][debug][gc,phases      ] GC(120)     Total                          Min: 0, Avg:  0.0, Max: 0, Diff: 0, Sum: 0, Workers: 4
[1439.737s][debug][gc,phases      ] GC(120)   StringDedup Requests1 Weak     Min:  0.0, Avg:  0.0, Max:  0.0, Diff:  0.0, Sum:  0.0, Workers: 4
[1439.737s][debug][gc,phases      ] GC(120)     Dead                           Min: 0, Avg:  0.0, Max: 0, Diff: 0, Sum: 0, Workers: 4
[1439.737s][debug][gc,phases      ] GC(120)     Total                          Min: 0, Avg:  0.0, Max: 0, Diff: 0, Sum: 0, Workers: 4
[1439.737s][debug][gc,phases      ] GC(120)   Weak JFR Old Object Samples    Min:  0.0, Avg:  0.0, Max:  0.0, Diff:  0.0, Sum:  0.0, Workers: 4
[1439.737s][debug][gc,phases      ] GC(120)     Dead                           Min: 0, Avg:  0.0, Max: 0, Diff: 0, Sum: 0, Workers: 4
[1439.737s][debug][gc,phases      ] GC(120)     Total                          Min: 0, Avg:  0.0, Max: 0, Diff: 0, Sum: 0, Workers: 4
[1439.737s][debug][gc,phases      ] GC(120) Weak Processing 0.316ms
[1439.737s][debug][gc,age         ] GC(120) Desired survivor size 62914560 bytes, new threshold 15 (max threshold 15)
[1439.737s][info ][gc,heap        ] GC(120) PSYoungGen: 1979801K(2025472K)->22265K(2035712K) Eden: 1957376K(1957376K)->0K(1971200K) From: 22425K(68096K)->22265K(64512K)
[1439.737s][info ][gc,heap        ] GC(120) ParOldGen: 419859K(498688K)->419859K(498688K)
[1439.737s][info ][gc,metaspace   ] GC(120) Metaspace: 83566K(84480K)->83566K(84480K) NonClass: 71890K(72384K)->71890K(72384K) Class: 11675K(12096K)->11675K(12096K)
[1439.737s][info ][gc             ] GC(120) Pause Young (Allocation Failure) 2343M->431M(2475M) 4.925ms
[1439.737s][info ][gc,cpu         ] GC(120) User=0.02s Sys=0.00s Real=0.00s
[1439.737s][info ][safepoint      ] Safepoint "ParallelGCFailedAllocation", Time since last: 775824828 ns, Reaching safepoint: 47001 ns, At safepoint: 5005436 ns, Total: 5052437 ns
[1445.737s][info ][safepoint      ] Safepoint "Cleanup", Time since last: 6000422437 ns, Reaching safepoint: 48702 ns, At safepoint: 5900 ns, Total: 54602 ns
[1447.737s][info ][safepoint      ] Safepoint "Cleanup", Time since last: 2000188615 ns, Reaching safepoint: 53502 ns, At safepoint: 8900 ns, Total: 62402 ns
[1462.739s][info ][safepoint      ] Safepoint "Cleanup", Time since last: 15001046731 ns, Reaching safepoint: 67502 ns, At safepoint: 12000 ns, Total: 79502 ns
[1463.739s][info ][safepoint      ] Safepoint "Cleanup", Time since last: 1000116512 ns, Reaching safepoint: 120103 ns, At safepoint: 6400 ns, Total: 126503 ns
[1466.739s][info ][safepoint      ] Safepoint "Cleanup", Time since last: 3000392037 ns, Reaching safepoint: 125904 ns, At safepoint: 9800 ns, Total: 135704 ns
[1471.740s][info ][safepoint      ] Safepoint "Cleanup", Time since last: 5000363458 ns, Reaching safepoint: 127203 ns, At safepoint: 6300 ns, Total: 133503 ns
[1486.741s][info ][safepoint      ] Safepoint "Cleanup", Time since last: 15001113602 ns, Reaching safepoint: 118403 ns, At safepoint: 5400 ns, Total: 123803 ns
[1494.742s][info ][safepoint      ] Safepoint "Cleanup", Time since last: 8000605045 ns, Reaching safepoint: 124103 ns, At safepoint: 5200 ns, Total: 129303 ns
[1506.695s][info ][safepoint      ] Safepoint "Cleanup", Time since last: 11952483630 ns, Reaching safepoint: 149604 ns, At safepoint: 10201 ns, Total: 159805 ns
[1509.695s][info ][safepoint      ] Safepoint "Cleanup", Time since last: 3000288246 ns, Reaching safepoint: 562015 ns, At safepoint: 10201 ns, Total: 572216 ns
[1515.813s][info ][gc,start       ] GC(121) Pause Young (Allocation Failure)
[1515.819s][debug][gc,phases      ] GC(121) Scavenge 5.917ms
[1515.819s][debug][gc,ref         ] GC(121) Skipped phase 1 of Reference Processing: no references
[1515.819s][debug][gc,ref         ] GC(121) ReferenceProcessor::execute queues: 1, RefProcThreadModel::Single, marks_oops_alive: false
[1515.819s][debug][gc,ref         ] GC(121) Skipped phase 3 of Reference Processing: no references
[1515.819s][debug][gc,ref         ] GC(121) ReferenceProcessor::execute queues: 1, RefProcThreadModel::Single, marks_oops_alive: false
[1515.819s][debug][gc,phases      ] GC(121) Reference Processing 0.122ms
[1515.819s][debug][gc,phases      ] GC(121)   VM Weak                        Min:  0.0, Avg:  0.0, Max:  0.0, Diff:  0.0, Sum:  0.0, Workers: 4
[1515.819s][debug][gc,phases      ] GC(121)     Dead                           Min: 0, Avg:  0.0, Max: 0, Diff: 0, Sum: 0, Workers: 4
[1515.819s][debug][gc,phases      ] GC(121)     Total                          Min: 0, Avg: 174.8, Max: 384, Diff: 384, Sum: 699, Workers: 4
[1515.819s][debug][gc,phases      ] GC(121)   ObjectSynchronizer Weak        Min:  0.0, Avg:  0.0, Max:  0.0, Diff:  0.0, Sum:  0.0, Workers: 4
[1515.819s][debug][gc,phases      ] GC(121)     Dead                           Min: 0, Avg:  0.0, Max: 0, Diff: 0, Sum: 0, Workers: 4
[1515.819s][debug][gc,phases      ] GC(121)     Total                          Min: 0, Avg: 85.8, Max: 192, Diff: 192, Sum: 343, Workers: 4
[1515.819s][debug][gc,phases      ] GC(121)   JVMTI Tag Weak OopStorage      Min:  0.0, Avg:  0.0, Max:  0.0, Diff:  0.0, Sum:  0.0, Workers: 4
[1515.819s][debug][gc,phases      ] GC(121)     Dead                           Min: 0, Avg:  0.0, Max: 0, Diff: 0, Sum: 0, Workers: 4
[1515.819s][debug][gc,phases      ] GC(121)     Total                          Min: 0, Avg:  0.0, Max: 0, Diff: 0, Sum: 0, Workers: 4
[1515.819s][debug][gc,phases      ] GC(121)   StringTable Weak               Min:  0.1, Avg:  0.1, Max:  0.1, Diff:  0.0, Sum:  0.5, Workers: 4
[1515.819s][debug][gc,phases      ] GC(121)     Dead                           Min: 0, Avg:  0.0, Max: 0, Diff: 0, Sum: 0, Workers: 4
[1515.819s][debug][gc,phases      ] GC(121)     Total                          Min: 10846, Avg: 12071.5, Max: 12992, Diff: 2146, Sum: 48286, Workers: 4
[1515.819s][debug][gc,phases      ] GC(121)   ResolvedMethodTable Weak       Min:  0.0, Avg:  0.0, Max:  0.0, Diff:  0.0, Sum:  0.1, Workers: 4
[1515.819s][debug][gc,phases      ] GC(121)     Dead                           Min: 0, Avg:  0.0, Max: 0, Diff: 0, Sum: 0, Workers: 4
[1515.819s][debug][gc,phases      ] GC(121)     Total                          Min: 1984, Avg: 2061.0, Max: 2112, Diff: 128, Sum: 8244, Workers: 4
[1515.819s][debug][gc,phases      ] GC(121)   JNI Weak                       Min:  0.0, Avg:  0.0, Max:  0.0, Diff:  0.0, Sum:  0.0, Workers: 4
[1515.819s][debug][gc,phases      ] GC(121)     Dead                           Min: 0, Avg:  0.0, Max: 0, Diff: 0, Sum: 0, Workers: 4
[1515.819s][debug][gc,phases      ] GC(121)     Total                          Min: 0, Avg:  0.0, Max: 0, Diff: 0, Sum: 0, Workers: 4
[1515.819s][debug][gc,phases      ] GC(121)   StringDedup Table Weak         Min:  0.0, Avg:  0.0, Max:  0.0, Diff:  0.0, Sum:  0.0, Workers: 4
[1515.819s][debug][gc,phases      ] GC(121)     Dead                           Min: 0, Avg:  0.0, Max: 0, Diff: 0, Sum: 0, Workers: 4
[1515.819s][debug][gc,phases      ] GC(121)     Total                          Min: 0, Avg:  0.0, Max: 0, Diff: 0, Sum: 0, Workers: 4
[1515.819s][debug][gc,phases      ] GC(121)   StringDedup Requests0 Weak     Min:  0.0, Avg:  0.0, Max:  0.0, Diff:  0.0, Sum:  0.0, Workers: 4
[1515.819s][debug][gc,phases      ] GC(121)     Dead                           Min: 0, Avg:  0.0, Max: 0, Diff: 0, Sum: 0, Workers: 4
[1515.819s][debug][gc,phases      ] GC(121)     Total                          Min: 0, Avg:  0.0, Max: 0, Diff: 0, Sum: 0, Workers: 4
[1515.819s][debug][gc,phases      ] GC(121)   StringDedup Requests1 Weak     Min:  0.0, Avg:  0.0, Max:  0.0, Diff:  0.0, Sum:  0.0, Workers: 4
[1515.819s][debug][gc,phases      ] GC(121)     Dead                           Min: 0, Avg:  0.0, Max: 0, Diff: 0, Sum: 0, Workers: 4
[1515.819s][debug][gc,phases      ] GC(121)     Total                          Min: 0, Avg:  0.0, Max: 0, Diff: 0, Sum: 0, Workers: 4
[1515.819s][debug][gc,phases      ] GC(121)   Weak JFR Old Object Samples    Min:  0.0, Avg:  0.0, Max:  0.0, Diff:  0.0, Sum:  0.0, Workers: 4
[1515.819s][debug][gc,phases      ] GC(121)     Dead                           Min: 0, Avg:  0.0, Max: 0, Diff: 0, Sum: 0, Workers: 4
[1515.819s][debug][gc,phases      ] GC(121)     Total                          Min: 0, Avg:  0.0, Max: 0, Diff: 0, Sum: 0, Workers: 4
[1515.819s][debug][gc,phases      ] GC(121) Weak Processing 0.361ms
[1515.819s][debug][gc,age         ] GC(121) Desired survivor size 59768832 bytes, new threshold 15 (max threshold 15)
[1515.819s][info ][gc,heap        ] GC(121) PSYoungGen: 1993465K(2035712K)->22020K(2032640K) Eden: 1971200K(1971200K)->0K(1971200K) From: 22265K(64512K)->22020K(61440K)
[1515.819s][info ][gc,heap        ] GC(121) ParOldGen: 419859K(498688K)->419867K(498688K)
[1515.819s][info ][gc,metaspace   ] GC(121) Metaspace: 83577K(84480K)->83577K(84480K) NonClass: 71901K(72384K)->71901K(72384K) Class: 11675K(12096K)->11675K(12096K)
[1515.819s][info ][gc             ] GC(121) Pause Young (Allocation Failure) 2356M->431M(2472M) 6.537ms
[1515.819s][info ][gc,cpu         ] GC(121) User=0.02s Sys=0.00s Real=0.01s
[1515.819s][info ][safepoint      ] Safepoint "ParallelGCFailedAllocation", Time since last: 6117105629 ns, Reaching safepoint: 72602 ns, At safepoint: 6635586 ns, Total: 6708188 ns
[1524.820s][info ][safepoint      ] Safepoint "Cleanup", Time since last: 9000890704 ns, Reaching safepoint: 88302 ns, At safepoint: 55702 ns, Total: 144004 ns
[1526.820s][info ][safepoint      ] Safepoint "Cleanup", Time since last: 2000204421 ns, Reaching safepoint: 61402 ns, At safepoint: 7900 ns, Total: 69302 ns
[1529.821s][info ][safepoint      ] Safepoint "Cleanup", Time since last: 3000249671 ns, Reaching safepoint: 67002 ns, At safepoint: 10000 ns, Total: 77002 ns
[1534.821s][info ][safepoint      ] Safepoint "Cleanup", Time since last: 5000387260 ns, Reaching safepoint: 62402 ns, At safepoint: 8600 ns, Total: 71002 ns
[1535.821s][info ][safepoint      ] Safepoint "Cleanup", Time since last: 1000132350 ns, Reaching safepoint: 55702 ns, At safepoint: 2300 ns, Total: 58002 ns
[1545.822s][info ][safepoint      ] Safepoint "Cleanup", Time since last: 10000710717 ns, Reaching safepoint: 66602 ns, At safepoint: 8601 ns, Total: 75203 ns
[1552.823s][info ][safepoint      ] Safepoint "Cleanup", Time since last: 7000495823 ns, Reaching safepoint: 48901 ns, At safepoint: 3200 ns, Total: 52101 ns
[1557.823s][info ][safepoint      ] Safepoint "Cleanup", Time since last: 5000347825 ns, Reaching safepoint: 79602 ns, At safepoint: 3100 ns, Total: 82702 ns
[1558.823s][info ][safepoint      ] Safepoint "Cleanup", Time since last: 1000118523 ns, Reaching safepoint: 60902 ns, At safepoint: 8000 ns, Total: 68902 ns
[1559.824s][info ][safepoint      ] Safepoint "Cleanup", Time since last: 1000112022 ns, Reaching safepoint: 52201 ns, At safepoint: 2200 ns, Total: 54401 ns
[1562.824s][info ][safepoint      ] Safepoint "Cleanup", Time since last: 3000262556 ns, Reaching safepoint: 51202 ns, At safepoint: 7500 ns, Total: 58702 ns
[1574.825s][info ][safepoint      ] Safepoint "Cleanup", Time since last: 12000873319 ns, Reaching safepoint: 61702 ns, At safepoint: 11000 ns, Total: 72702 ns
[1588.826s][info ][safepoint      ] Safepoint "Cleanup", Time since last: 14001081941 ns, Reaching safepoint: 59501 ns, At safepoint: 8201 ns, Total: 67702 ns
[1588.897s][info ][gc,start       ] GC(122) Pause Young (Allocation Failure)
[1588.911s][debug][gc,phases      ] GC(122) Scavenge 14.071ms
[1588.911s][debug][gc,ref         ] GC(122) Skipped phase 1 of Reference Processing: no references
[1588.911s][debug][gc,ref         ] GC(122) ReferenceProcessor::execute queues: 1, RefProcThreadModel::Single, marks_oops_alive: false
[1588.911s][debug][gc,ref         ] GC(122) Skipped phase 3 of Reference Processing: no references
[1588.911s][debug][gc,ref         ] GC(122) ReferenceProcessor::execute queues: 1, RefProcThreadModel::Single, marks_oops_alive: false
[1588.911s][debug][gc,phases      ] GC(122) Reference Processing 0.143ms
[1588.911s][debug][gc,phases      ] GC(122)   VM Weak                        Min:  0.0, Avg:  0.0, Max:  0.0, Diff:  0.0, Sum:  0.0, Workers: 4
[1588.911s][debug][gc,phases      ] GC(122)     Dead                           Min: 0, Avg:  0.0, Max: 0, Diff: 0, Sum: 0, Workers: 4
[1588.911s][debug][gc,phases      ] GC(122)     Total                          Min: 0, Avg: 174.8, Max: 699, Diff: 699, Sum: 699, Workers: 4
[1588.911s][debug][gc,phases      ] GC(122)   ObjectSynchronizer Weak        Min:  0.0, Avg:  0.0, Max:  0.0, Diff:  0.0, Sum:  0.0, Workers: 4
[1588.911s][debug][gc,phases      ] GC(122)     Dead                           Min: 0, Avg:  0.0, Max: 0, Diff: 0, Sum: 0, Workers: 4
[1588.911s][debug][gc,phases      ] GC(122)     Total                          Min: 0, Avg: 85.8, Max: 192, Diff: 192, Sum: 343, Workers: 4
[1588.911s][debug][gc,phases      ] GC(122)   JVMTI Tag Weak OopStorage      Min:  0.0, Avg:  0.0, Max:  0.0, Diff:  0.0, Sum:  0.0, Workers: 4
[1588.911s][debug][gc,phases      ] GC(122)     Dead                           Min: 0, Avg:  0.0, Max: 0, Diff: 0, Sum: 0, Workers: 4
[1588.911s][debug][gc,phases      ] GC(122)     Total                          Min: 0, Avg:  0.0, Max: 0, Diff: 0, Sum: 0, Workers: 4
[1588.911s][debug][gc,phases      ] GC(122)   StringTable Weak               Min:  0.0, Avg:  0.1, Max:  0.2, Diff:  0.2, Sum:  0.5, Workers: 4
[1588.911s][debug][gc,phases      ] GC(122)     Dead                           Min: 0, Avg:  0.0, Max: 0, Diff: 0, Sum: 0, Workers: 4
[1588.911s][debug][gc,phases      ] GC(122)     Total                          Min: 0, Avg: 12071.8, Max: 16576, Diff: 16576, Sum: 48287, Workers: 4
[1588.911s][debug][gc,phases      ] GC(122)   ResolvedMethodTable Weak       Min:  0.0, Avg:  0.0, Max:  0.0, Diff:  0.0, Sum:  0.1, Workers: 4
[1588.911s][debug][gc,phases      ] GC(122)     Dead                           Min: 0, Avg:  0.0, Max: 0, Diff: 0, Sum: 0, Workers: 4
[1588.911s][debug][gc,phases      ] GC(122)     Total                          Min: 0, Avg: 2061.0, Max: 2804, Diff: 2804, Sum: 8244, Workers: 4
[1588.911s][debug][gc,phases      ] GC(122)   JNI Weak                       Min:  0.0, Avg:  0.0, Max:  0.0, Diff:  0.0, Sum:  0.0, Workers: 4
[1588.911s][debug][gc,phases      ] GC(122)     Dead                           Min: 0, Avg:  0.0, Max: 0, Diff: 0, Sum: 0, Workers: 4
[1588.911s][debug][gc,phases      ] GC(122)     Total                          Min: 0, Avg:  0.0, Max: 0, Diff: 0, Sum: 0, Workers: 4
[1588.911s][debug][gc,phases      ] GC(122)   StringDedup Table Weak         Min:  0.0, Avg:  0.0, Max:  0.0, Diff:  0.0, Sum:  0.0, Workers: 4
[1588.911s][debug][gc,phases      ] GC(122)     Dead                           Min: 0, Avg:  0.0, Max: 0, Diff: 0, Sum: 0, Workers: 4
[1588.911s][debug][gc,phases      ] GC(122)     Total                          Min: 0, Avg:  0.0, Max: 0, Diff: 0, Sum: 0, Workers: 4
[1588.911s][debug][gc,phases      ] GC(122)   StringDedup Requests0 Weak     Min:  0.0, Avg:  0.0, Max:  0.0, Diff:  0.0, Sum:  0.0, Workers: 4
[1588.911s][debug][gc,phases      ] GC(122)     Dead                           Min: 0, Avg:  0.0, Max: 0, Diff: 0, Sum: 0, Workers: 4
[1588.911s][debug][gc,phases      ] GC(122)     Total                          Min: 0, Avg:  0.0, Max: 0, Diff: 0, Sum: 0, Workers: 4
[1588.911s][debug][gc,phases      ] GC(122)   StringDedup Requests1 Weak     Min:  0.0, Avg:  0.0, Max:  0.0, Diff:  0.0, Sum:  0.0, Workers: 4
[1588.911s][debug][gc,phases      ] GC(122)     Dead                           Min: 0, Avg:  0.0, Max: 0, Diff: 0, Sum: 0, Workers: 4
[1588.911s][debug][gc,phases      ] GC(122)     Total                          Min: 0, Avg:  0.0, Max: 0, Diff: 0, Sum: 0, Workers: 4
[1588.911s][debug][gc,phases      ] GC(122)   Weak JFR Old Object Samples    Min:  0.0, Avg:  0.0, Max:  0.0, Diff:  0.0, Sum:  0.0, Workers: 4
[1588.911s][debug][gc,phases      ] GC(122)     Dead                           Min: 0, Avg:  0.0, Max: 0, Diff: 0, Sum: 0, Workers: 4
[1588.911s][debug][gc,phases      ] GC(122)     Total                          Min: 0, Avg:  0.0, Max: 0, Diff: 0, Sum: 0, Workers: 4
[1588.911s][debug][gc,phases      ] GC(122) Weak Processing 0.432ms
[1588.912s][debug][gc,age         ] GC(122) Desired survivor size 56623104 bytes, new threshold 15 (max threshold 15)
[1588.912s][info ][gc,heap        ] GC(122) PSYoungGen: 1993220K(2032640K)->22441K(2041856K) Eden: 1971200K(1971200K)->0K(1983488K) From: 22020K(61440K)->22441K(58368K)
[1588.912s][info ][gc,heap        ] GC(122) ParOldGen: 419867K(498688K)->419867K(498688K)
[1588.912s][info ][gc,metaspace   ] GC(122) Metaspace: 83582K(84480K)->83582K(84480K) NonClass: 71907K(72384K)->71907K(72384K) Class: 11675K(12096K)->11675K(12096K)
[1588.912s][info ][gc             ] GC(122) Pause Young (Allocation Failure) 2356M->431M(2481M) 14.794ms
[1588.912s][info ][gc,cpu         ] GC(122) User=0.03s Sys=0.00s Real=0.02s
[1588.912s][info ][safepoint      ] Safepoint "ParallelGCFailedAllocation", Time since last: 70616376 ns, Reaching safepoint: 105503 ns, At safepoint: 14891117 ns, Total: 14996620 ns
[1599.916s][info ][safepoint      ] Safepoint "Cleanup", Time since last: 11000755402 ns, Reaching safepoint: 3201490 ns, At safepoint: 13100 ns, Total: 3214590 ns
[1600.916s][info ][safepoint      ] Safepoint "Cleanup", Time since last: 1000135778 ns, Reaching safepoint: 65402 ns, At safepoint: 3900 ns, Total: 69302 ns
[1610.917s][info ][safepoint      ] Safepoint "Cleanup", Time since last: 10000727902 ns, Reaching safepoint: 59901 ns, At safepoint: 2900 ns, Total: 62801 ns
[1620.919s][info ][safepoint      ] Safepoint "Cleanup", Time since last: 10001897233 ns, Reaching safepoint: 51201 ns, At safepoint: 9700 ns, Total: 60901 ns
[1626.919s][info ][safepoint      ] Safepoint "Cleanup", Time since last: 6000472313 ns, Reaching safepoint: 51501 ns, At safepoint: 2800 ns, Total: 54301 ns
[1630.919s][info ][safepoint      ] Safepoint "Cleanup", Time since last: 4000317589 ns, Reaching safepoint: 58202 ns, At safepoint: 3000 ns, Total: 61202 ns
[1633.920s][info ][safepoint      ] Safepoint "Cleanup", Time since last: 3000261931 ns, Reaching safepoint: 64302 ns, At safepoint: 10300 ns, Total: 74602 ns
[1637.920s][info ][safepoint      ] Safepoint "Cleanup", Time since last: 4000328562 ns, Reaching safepoint: 56401 ns, At safepoint: 11001 ns, Total: 67402 ns
[1654.922s][info ][safepoint      ] Safepoint "Cleanup", Time since last: 17001272111 ns, Reaching safepoint: 89502 ns, At safepoint: 14601 ns, Total: 104103 ns
[1663.991s][info ][gc,start       ] GC(123) Pause Young (Allocation Failure)
[1663.996s][debug][gc,phases      ] GC(123) Scavenge 5.101ms
[1663.996s][debug][gc,ref         ] GC(123) Skipped phase 1 of Reference Processing: no references
[1663.996s][debug][gc,ref         ] GC(123) ReferenceProcessor::execute queues: 1, RefProcThreadModel::Single, marks_oops_alive: false
[1663.996s][debug][gc,ref         ] GC(123) Skipped phase 3 of Reference Processing: no references
[1663.996s][debug][gc,ref         ] GC(123) ReferenceProcessor::execute queues: 1, RefProcThreadModel::Single, marks_oops_alive: false
[1663.996s][debug][gc,phases      ] GC(123) Reference Processing 0.125ms
[1663.996s][debug][gc,phases      ] GC(123)   VM Weak                        Min:  0.0, Avg:  0.0, Max:  0.0, Diff:  0.0, Sum:  0.0, Workers: 4
[1663.996s][debug][gc,phases      ] GC(123)     Dead                           Min: 0, Avg:  0.0, Max: 0, Diff: 0, Sum: 0, Workers: 4
[1663.996s][debug][gc,phases      ] GC(123)     Total                          Min: 0, Avg: 174.8, Max: 635, Diff: 635, Sum: 699, Workers: 4
[1663.996s][debug][gc,phases      ] GC(123)   ObjectSynchronizer Weak        Min:  0.0, Avg:  0.0, Max:  0.0, Diff:  0.0, Sum:  0.0, Workers: 4
[1663.996s][debug][gc,phases      ] GC(123)     Dead                           Min: 0, Avg:  0.0, Max: 0, Diff: 0, Sum: 0, Workers: 4
[1663.996s][debug][gc,phases      ] GC(123)     Total                          Min: 0, Avg: 85.8, Max: 215, Diff: 215, Sum: 343, Workers: 4
[1663.996s][debug][gc,phases      ] GC(123)   JVMTI Tag Weak OopStorage      Min:  0.0, Avg:  0.0, Max:  0.0, Diff:  0.0, Sum:  0.0, Workers: 4
[1663.996s][debug][gc,phases      ] GC(123)     Dead                           Min: 0, Avg:  0.0, Max: 0, Diff: 0, Sum: 0, Workers: 4
[1663.996s][debug][gc,phases      ] GC(123)     Total                          Min: 0, Avg:  0.0, Max: 0, Diff: 0, Sum: 0, Workers: 4
[1663.996s][debug][gc,phases      ] GC(123)   StringTable Weak               Min:  0.1, Avg:  0.1, Max:  0.1, Diff:  0.0, Sum:  0.4, Workers: 4
[1663.996s][debug][gc,phases      ] GC(123)     Dead                           Min: 0, Avg:  0.0, Max: 0, Diff: 0, Sum: 0, Workers: 4
[1663.996s][debug][gc,phases      ] GC(123)     Total                          Min: 11648, Avg: 12072.2, Max: 12800, Diff: 1152, Sum: 48289, Workers: 4
[1663.996s][debug][gc,phases      ] GC(123)   ResolvedMethodTable Weak       Min:  0.0, Avg:  0.0, Max:  0.0, Diff:  0.0, Sum:  0.1, Workers: 4
[1663.996s][debug][gc,phases      ] GC(123)     Dead                           Min: 0, Avg:  0.0, Max: 0, Diff: 0, Sum: 0, Workers: 4
[1663.996s][debug][gc,phases      ] GC(123)     Total                          Min: 1984, Avg: 2061.0, Max: 2112, Diff: 128, Sum: 8244, Workers: 4
[1663.996s][debug][gc,phases      ] GC(123)   JNI Weak                       Min:  0.0, Avg:  0.0, Max:  0.0, Diff:  0.0, Sum:  0.0, Workers: 4
[1663.996s][debug][gc,phases      ] GC(123)     Dead                           Min: 0, Avg:  0.0, Max: 0, Diff: 0, Sum: 0, Workers: 4
[1663.996s][debug][gc,phases      ] GC(123)     Total                          Min: 0, Avg:  0.0, Max: 0, Diff: 0, Sum: 0, Workers: 4
[1663.996s][debug][gc,phases      ] GC(123)   StringDedup Table Weak         Min:  0.0, Avg:  0.0, Max:  0.0, Diff:  0.0, Sum:  0.0, Workers: 4
[1663.996s][debug][gc,phases      ] GC(123)     Dead                           Min: 0, Avg:  0.0, Max: 0, Diff: 0, Sum: 0, Workers: 4
[1663.996s][debug][gc,phases      ] GC(123)     Total                          Min: 0, Avg:  0.0, Max: 0, Diff: 0, Sum: 0, Workers: 4
[1663.996s][debug][gc,phases      ] GC(123)   StringDedup Requests0 Weak     Min:  0.0, Avg:  0.0, Max:  0.0, Diff:  0.0, Sum:  0.0, Workers: 4
[1663.996s][debug][gc,phases      ] GC(123)     Dead                           Min: 0, Avg:  0.0, Max: 0, Diff: 0, Sum: 0, Workers: 4
[1663.996s][debug][gc,phases      ] GC(123)     Total                          Min: 0, Avg:  0.0, Max: 0, Diff: 0, Sum: 0, Workers: 4
[1663.996s][debug][gc,phases      ] GC(123)   StringDedup Requests1 Weak     Min:  0.0, Avg:  0.0, Max:  0.0, Diff:  0.0, Sum:  0.0, Workers: 4
[1663.996s][debug][gc,phases      ] GC(123)     Dead                           Min: 0, Avg:  0.0, Max: 0, Diff: 0, Sum: 0, Workers: 4
[1663.996s][debug][gc,phases      ] GC(123)     Total                          Min: 0, Avg:  0.0, Max: 0, Diff: 0, Sum: 0, Workers: 4
[1663.996s][debug][gc,phases      ] GC(123)   Weak JFR Old Object Samples    Min:  0.0, Avg:  0.0, Max:  0.0, Diff:  0.0, Sum:  0.0, Workers: 4
[1663.996s][debug][gc,phases      ] GC(123)     Dead                           Min: 0, Avg:  0.0, Max: 0, Diff: 0, Sum: 0, Workers: 4
[1663.996s][debug][gc,phases      ] GC(123)     Total                          Min: 0, Avg:  0.0, Max: 0, Diff: 0, Sum: 0, Workers: 4
[1663.996s][debug][gc,phases      ] GC(123) Weak Processing 0.333ms
[1663.996s][debug][gc,age         ] GC(123) Desired survivor size 54001664 bytes, new threshold 15 (max threshold 15)
[1663.997s][info ][gc,heap        ] GC(123) PSYoungGen: 2005929K(2041856K)->22633K(2038784K) Eden: 1983488K(1983488K)->0K(1983488K) From: 22441K(58368K)->22633K(55296K)
[1663.997s][info ][gc,heap        ] GC(123) ParOldGen: 419867K(498688K)->419867K(498688K)
[1663.997s][info ][gc,metaspace   ] GC(123) Metaspace: 83595K(84480K)->83595K(84480K) NonClass: 71919K(72384K)->71919K(72384K) Class: 11675K(12096K)->11675K(12096K)
[1663.997s][info ][gc             ] GC(123) Pause Young (Allocation Failure) 2368M->432M(2478M) 5.721ms
[1663.997s][info ][gc,cpu         ] GC(123) User=0.02s Sys=0.00s Real=0.00s
[1663.997s][info ][safepoint      ] Safepoint "ParallelGCFailedAllocation", Time since last: 9069089269 ns, Reaching safepoint: 117704 ns, At safepoint: 5833863 ns, Total: 5951567 ns
[1667.997s][info ][safepoint      ] Safepoint "Cleanup", Time since last: 4000296546 ns, Reaching safepoint: 48002 ns, At safepoint: 2200 ns, Total: 50202 ns
[1671.997s][info ][safepoint      ] Safepoint "Cleanup", Time since last: 4000328533 ns, Reaching safepoint: 52201 ns, At safepoint: 13401 ns, Total: 65602 ns
[1672.997s][info ][safepoint      ] Safepoint "Cleanup", Time since last: 1000075906 ns, Reaching safepoint: 51001 ns, At safepoint: 2400 ns, Total: 53401 ns
[1674.998s][info ][safepoint      ] Safepoint "Cleanup", Time since last: 2000179110 ns, Reaching safepoint: 52301 ns, At safepoint: 2100 ns, Total: 54401 ns
[1679.998s][info ][safepoint      ] Safepoint "Cleanup", Time since last: 5000339606 ns, Reaching safepoint: 62501 ns, At safepoint: 12801 ns, Total: 75302 ns
[1680.998s][info ][safepoint      ] Safepoint "Cleanup", Time since last: 1000121600 ns, Reaching safepoint: 46901 ns, At safepoint: 5300 ns, Total: 52201 ns
[1692.999s][info ][safepoint      ] Safepoint "Cleanup", Time since last: 12000835812 ns, Reaching safepoint: 63602 ns, At safepoint: 15101 ns, Total: 78703 ns
[1696.000s][info ][safepoint      ] Safepoint "Cleanup", Time since last: 3000247359 ns, Reaching safepoint: 1034029 ns, At safepoint: 6600 ns, Total: 1040629 ns
[1713.002s][info ][safepoint      ] Safepoint "Cleanup", Time since last: 17001148218 ns, Reaching safepoint: 49501 ns, At safepoint: 3000 ns, Total: 52501 ns
[1721.002s][info ][safepoint      ] Safepoint "Cleanup", Time since last: 8000566936 ns, Reaching safepoint: 41902 ns, At safepoint: 3000 ns, Total: 44902 ns
[1724.003s][info ][safepoint      ] Safepoint "Cleanup", Time since last: 3000210087 ns, Reaching safepoint: 43001 ns, At safepoint: 2000 ns, Total: 45001 ns
[1727.003s][info ][safepoint      ] Safepoint "Cleanup", Time since last: 3000252382 ns, Reaching safepoint: 48701 ns, At safepoint: 2600 ns, Total: 51301 ns
[1735.003s][info ][safepoint      ] Safepoint "Cleanup", Time since last: 8000552544 ns, Reaching safepoint: 54602 ns, At safepoint: 8500 ns, Total: 63102 ns
[1739.493s][info ][gc,start       ] GC(124) Pause Young (Allocation Failure)
[1739.497s][debug][gc,phases      ] GC(124) Scavenge 4.391ms
[1739.497s][debug][gc,ref         ] GC(124) Skipped phase 1 of Reference Processing: no references
[1739.497s][debug][gc,ref         ] GC(124) ReferenceProcessor::execute queues: 1, RefProcThreadModel::Single, marks_oops_alive: false
[1739.497s][debug][gc,ref         ] GC(124) Skipped phase 3 of Reference Processing: no references
[1739.497s][debug][gc,ref         ] GC(124) ReferenceProcessor::execute queues: 1, RefProcThreadModel::Single, marks_oops_alive: false
[1739.497s][debug][gc,phases      ] GC(124) Reference Processing 0.121ms
[1739.498s][debug][gc,phases      ] GC(124)   VM Weak                        Min:  0.0, Avg:  0.0, Max:  0.0, Diff:  0.0, Sum:  0.0, Workers: 4
[1739.498s][debug][gc,phases      ] GC(124)     Dead                           Min: 0, Avg:  0.0, Max: 0, Diff: 0, Sum: 0, Workers: 4
[1739.498s][debug][gc,phases      ] GC(124)     Total                          Min: 0, Avg: 174.8, Max: 699, Diff: 699, Sum: 699, Workers: 4
[1739.498s][debug][gc,phases      ] GC(124)   ObjectSynchronizer Weak        Min:  0.0, Avg:  0.0, Max:  0.0, Diff:  0.0, Sum:  0.0, Workers: 4
[1739.498s][debug][gc,phases      ] GC(124)     Dead                           Min: 0, Avg:  0.0, Max: 0, Diff: 0, Sum: 0, Workers: 4
[1739.498s][debug][gc,phases      ] GC(124)     Total                          Min: 0, Avg: 85.8, Max: 215, Diff: 215, Sum: 343, Workers: 4
[1739.498s][debug][gc,phases      ] GC(124)   JVMTI Tag Weak OopStorage      Min:  0.0, Avg:  0.0, Max:  0.0, Diff:  0.0, Sum:  0.0, Workers: 4
[1739.498s][debug][gc,phases      ] GC(124)     Dead                           Min: 0, Avg:  0.0, Max: 0, Diff: 0, Sum: 0, Workers: 4
[1739.498s][debug][gc,phases      ] GC(124)     Total                          Min: 0, Avg:  0.0, Max: 0, Diff: 0, Sum: 0, Workers: 4
[1739.498s][debug][gc,phases      ] GC(124)   StringTable Weak               Min:  0.1, Avg:  0.1, Max:  0.1, Diff:  0.0, Sum:  0.4, Workers: 4
[1739.498s][debug][gc,phases      ] GC(124)     Dead                           Min: 0, Avg:  0.0, Max: 0, Diff: 0, Sum: 0, Workers: 4
[1739.498s][debug][gc,phases      ] GC(124)     Total                          Min: 11328, Avg: 12072.5, Max: 12800, Diff: 1472, Sum: 48290, Workers: 4
[1739.498s][debug][gc,phases      ] GC(124)   ResolvedMethodTable Weak       Min:  0.0, Avg:  0.0, Max:  0.0, Diff:  0.0, Sum:  0.1, Workers: 4
[1739.498s][debug][gc,phases      ] GC(124)     Dead                           Min: 0, Avg:  0.0, Max: 0, Diff: 0, Sum: 0, Workers: 4
[1739.498s][debug][gc,phases      ] GC(124)     Total                          Min: 1920, Avg: 2061.0, Max: 2164, Diff: 244, Sum: 8244, Workers: 4
[1739.498s][debug][gc,phases      ] GC(124)   JNI Weak                       Min:  0.0, Avg:  0.0, Max:  0.0, Diff:  0.0, Sum:  0.0, Workers: 4
[1739.498s][debug][gc,phases      ] GC(124)     Dead                           Min: 0, Avg:  0.0, Max: 0, Diff: 0, Sum: 0, Workers: 4
[1739.498s][debug][gc,phases      ] GC(124)     Total                          Min: 0, Avg:  0.0, Max: 0, Diff: 0, Sum: 0, Workers: 4
[1739.498s][debug][gc,phases      ] GC(124)   StringDedup Table Weak         Min:  0.0, Avg:  0.0, Max:  0.0, Diff:  0.0, Sum:  0.0, Workers: 4
[1739.498s][debug][gc,phases      ] GC(124)     Dead                           Min: 0, Avg:  0.0, Max: 0, Diff: 0, Sum: 0, Workers: 4
[1739.498s][debug][gc,phases      ] GC(124)     Total                          Min: 0, Avg:  0.0, Max: 0, Diff: 0, Sum: 0, Workers: 4
[1739.498s][debug][gc,phases      ] GC(124)   StringDedup Requests0 Weak     Min:  0.0, Avg:  0.0, Max:  0.0, Diff:  0.0, Sum:  0.0, Workers: 4
[1739.498s][debug][gc,phases      ] GC(124)     Dead                           Min: 0, Avg:  0.0, Max: 0, Diff: 0, Sum: 0, Workers: 4
[1739.498s][debug][gc,phases      ] GC(124)     Total                          Min: 0, Avg:  0.0, Max: 0, Diff: 0, Sum: 0, Workers: 4
[1739.498s][debug][gc,phases      ] GC(124)   StringDedup Requests1 Weak     Min:  0.0, Avg:  0.0, Max:  0.0, Diff:  0.0, Sum:  0.0, Workers: 4
[1739.498s][debug][gc,phases      ] GC(124)     Dead                           Min: 0, Avg:  0.0, Max: 0, Diff: 0, Sum: 0, Workers: 4
[1739.498s][debug][gc,phases      ] GC(124)     Total                          Min: 0, Avg:  0.0, Max: 0, Diff: 0, Sum: 0, Workers: 4
[1739.498s][debug][gc,phases      ] GC(124)   Weak JFR Old Object Samples    Min:  0.0, Avg:  0.0, Max:  0.0, Diff:  0.0, Sum:  0.0, Workers: 4
[1739.498s][debug][gc,phases      ] GC(124)     Dead                           Min: 0, Avg:  0.0, Max: 0, Diff: 0, Sum: 0, Workers: 4
[1739.498s][debug][gc,phases      ] GC(124)     Total                          Min: 0, Avg:  0.0, Max: 0, Diff: 0, Sum: 0, Workers: 4
[1739.498s][debug][gc,phases      ] GC(124) Weak Processing 0.316ms
[1739.498s][debug][gc,age         ] GC(124) Desired survivor size 51380224 bytes, new threshold 15 (max threshold 15)
[1739.498s][info ][gc,heap        ] GC(124) PSYoungGen: 2006121K(2038784K)->23049K(2046976K) Eden: 1983488K(1983488K)->0K(1994240K) From: 22633K(55296K)->23049K(52736K)
[1739.498s][info ][gc,heap        ] GC(124) ParOldGen: 419867K(498688K)->419867K(498688K)
[1739.498s][info ][gc,metaspace   ] GC(124) Metaspace: 83608K(84480K)->83608K(84480K) NonClass: 71932K(72384K)->71932K(72384K) Class: 11675K(12096K)->11675K(12096K)
[1739.498s][info ][gc             ] GC(124) Pause Young (Allocation Failure) 2369M->432M(2486M) 4.974ms
[1739.498s][info ][gc,cpu         ] GC(124) User=0.02s Sys=0.00s Real=0.00s
[1739.498s][info ][safepoint      ] Safepoint "ParallelGCFailedAllocation", Time since last: 4489187218 ns, Reaching safepoint: 36301 ns, At safepoint: 5054440 ns, Total: 5090741 ns
[1743.499s][info ][safepoint      ] Safepoint "Cleanup", Time since last: 4000812704 ns, Reaching safepoint: 61702 ns, At safepoint: 10700 ns, Total: 72402 ns
[1745.499s][info ][safepoint      ] Safepoint "Cleanup", Time since last: 2000159590 ns, Reaching safepoint: 51701 ns, At safepoint: 8601 ns, Total: 60302 ns
[1750.499s][info ][safepoint      ] Safepoint "Cleanup", Time since last: 5000365110 ns, Reaching safepoint: 53702 ns, At safepoint: 33401 ns, Total: 87103 ns
[1753.500s][info ][safepoint      ] Safepoint "Cleanup", Time since last: 3000189116 ns, Reaching safepoint: 53501 ns, At safepoint: 10501 ns, Total: 64002 ns
[1783.502s][info ][safepoint      ] Safepoint "Cleanup", Time since last: 30002207594 ns, Reaching safepoint: 63002 ns, At safepoint: 11801 ns, Total: 74803 ns
[1795.503s][info ][safepoint      ] Safepoint "Cleanup", Time since last: 12001146839 ns, Reaching safepoint: 67602 ns, At safepoint: 5900 ns, Total: 73502 ns
[1798.503s][info ][safepoint      ] Safepoint "Cleanup", Time since last: 3000223217 ns, Reaching safepoint: 48601 ns, At safepoint: 3100 ns, Total: 51701 ns
[1802.504s][info ][safepoint      ] Safepoint "Cleanup", Time since last: 4000306813 ns, Reaching safepoint: 52101 ns, At safepoint: 7701 ns, Total: 59802 ns
[1814.592s][info ][gc,start       ] GC(125) Pause Young (Allocation Failure)
[1814.597s][debug][gc,phases      ] GC(125) Scavenge 4.841ms
[1814.597s][debug][gc,ref         ] GC(125) Skipped phase 1 of Reference Processing: no references
[1814.597s][debug][gc,ref         ] GC(125) ReferenceProcessor::execute queues: 1, RefProcThreadModel::Single, marks_oops_alive: false
[1814.597s][debug][gc,ref         ] GC(125) Skipped phase 3 of Reference Processing: no references
[1814.597s][debug][gc,ref         ] GC(125) ReferenceProcessor::execute queues: 1, RefProcThreadModel::Single, marks_oops_alive: false
[1814.597s][debug][gc,phases      ] GC(125) Reference Processing 0.136ms
[1814.597s][debug][gc,phases      ] GC(125)   VM Weak                        Min:  0.0, Avg:  0.0, Max:  0.0, Diff:  0.0, Sum:  0.0, Workers: 4
[1814.597s][debug][gc,phases      ] GC(125)     Dead                           Min: 0, Avg:  0.0, Max: 0, Diff: 0, Sum: 0, Workers: 4
[1814.597s][debug][gc,phases      ] GC(125)     Total                          Min: 0, Avg: 174.8, Max: 512, Diff: 512, Sum: 699, Workers: 4
[1814.597s][debug][gc,phases      ] GC(125)   ObjectSynchronizer Weak        Min:  0.0, Avg:  0.0, Max:  0.0, Diff:  0.0, Sum:  0.0, Workers: 4
[1814.597s][debug][gc,phases      ] GC(125)     Dead                           Min: 0, Avg:  0.0, Max: 0, Diff: 0, Sum: 0, Workers: 4
[1814.597s][debug][gc,phases      ] GC(125)     Total                          Min: 0, Avg: 85.8, Max: 192, Diff: 192, Sum: 343, Workers: 4
[1814.597s][debug][gc,phases      ] GC(125)   JVMTI Tag Weak OopStorage      Min:  0.0, Avg:  0.0, Max:  0.0, Diff:  0.0, Sum:  0.0, Workers: 4
[1814.597s][debug][gc,phases      ] GC(125)     Dead                           Min: 0, Avg:  0.0, Max: 0, Diff: 0, Sum: 0, Workers: 4
[1814.597s][debug][gc,phases      ] GC(125)     Total                          Min: 0, Avg:  0.0, Max: 0, Diff: 0, Sum: 0, Workers: 4
[1814.597s][debug][gc,phases      ] GC(125)   StringTable Weak               Min:  0.1, Avg:  0.1, Max:  0.1, Diff:  0.0, Sum:  0.4, Workers: 4
[1814.597s][debug][gc,phases      ] GC(125)     Dead                           Min: 0, Avg:  0.0, Max: 0, Diff: 0, Sum: 0, Workers: 4
[1814.597s][debug][gc,phases      ] GC(125)     Total                          Min: 11364, Avg: 12073.0, Max: 13184, Diff: 1820, Sum: 48292, Workers: 4
[1814.597s][debug][gc,phases      ] GC(125)   ResolvedMethodTable Weak       Min:  0.0, Avg:  0.0, Max:  0.0, Diff:  0.0, Sum:  0.1, Workers: 4
[1814.597s][debug][gc,phases      ] GC(125)     Dead                           Min: 0, Avg:  0.0, Max: 0, Diff: 0, Sum: 0, Workers: 4
[1814.597s][debug][gc,phases      ] GC(125)     Total                          Min: 1908, Avg: 2061.0, Max: 2240, Diff: 332, Sum: 8244, Workers: 4
[1814.597s][debug][gc,phases      ] GC(125)   JNI Weak                       Min:  0.0, Avg:  0.0, Max:  0.0, Diff:  0.0, Sum:  0.0, Workers: 4
[1814.597s][debug][gc,phases      ] GC(125)     Dead                           Min: 0, Avg:  0.0, Max: 0, Diff: 0, Sum: 0, Workers: 4
[1814.597s][debug][gc,phases      ] GC(125)     Total                          Min: 0, Avg:  0.0, Max: 0, Diff: 0, Sum: 0, Workers: 4
[1814.597s][debug][gc,phases      ] GC(125)   StringDedup Table Weak         Min:  0.0, Avg:  0.0, Max:  0.0, Diff:  0.0, Sum:  0.0, Workers: 4
[1814.597s][debug][gc,phases      ] GC(125)     Dead                           Min: 0, Avg:  0.0, Max: 0, Diff: 0, Sum: 0, Workers: 4
[1814.597s][debug][gc,phases      ] GC(125)     Total                          Min: 0, Avg:  0.0, Max: 0, Diff: 0, Sum: 0, Workers: 4
[1814.597s][debug][gc,phases      ] GC(125)   StringDedup Requests0 Weak     Min:  0.0, Avg:  0.0, Max:  0.0, Diff:  0.0, Sum:  0.0, Workers: 4
[1814.597s][debug][gc,phases      ] GC(125)     Dead                           Min: 0, Avg:  0.0, Max: 0, Diff: 0, Sum: 0, Workers: 4
[1814.597s][debug][gc,phases      ] GC(125)     Total                          Min: 0, Avg:  0.0, Max: 0, Diff: 0, Sum: 0, Workers: 4
[1814.597s][debug][gc,phases      ] GC(125)   StringDedup Requests1 Weak     Min:  0.0, Avg:  0.0, Max:  0.0, Diff:  0.0, Sum:  0.0, Workers: 4
[1814.597s][debug][gc,phases      ] GC(125)     Dead                           Min: 0, Avg:  0.0, Max: 0, Diff: 0, Sum: 0, Workers: 4
[1814.597s][debug][gc,phases      ] GC(125)     Total                          Min: 0, Avg:  0.0, Max: 0, Diff: 0, Sum: 0, Workers: 4
[1814.597s][debug][gc,phases      ] GC(125)   Weak JFR Old Object Samples    Min:  0.0, Avg:  0.0, Max:  0.0, Diff:  0.0, Sum:  0.0, Workers: 4
[1814.597s][debug][gc,phases      ] GC(125)     Dead                           Min: 0, Avg:  0.0, Max: 0, Diff: 0, Sum: 0, Workers: 4
[1814.597s][debug][gc,phases      ] GC(125)     Total                          Min: 0, Avg:  0.0, Max: 0, Diff: 0, Sum: 0, Workers: 4
[1814.597s][debug][gc,phases      ] GC(125) Weak Processing 0.321ms
[1814.597s][debug][gc,age         ] GC(125) Desired survivor size 48758784 bytes, new threshold 15 (max threshold 15)
[1814.597s][info ][gc,heap        ] GC(125) PSYoungGen: 2017289K(2046976K)->23209K(2044416K) Eden: 1994240K(1994240K)->0K(1994240K) From: 23049K(52736K)->23209K(50176K)
[1814.597s][info ][gc,heap        ] GC(125) ParOldGen: 419867K(498688K)->419867K(498688K)
[1814.597s][info ][gc,metaspace   ] GC(125) Metaspace: 83618K(84544K)->83618K(84544K) NonClass: 71942K(72448K)->71942K(72448K) Class: 11675K(12096K)->11675K(12096K)
[1814.597s][info ][gc             ] GC(125) Pause Young (Allocation Failure) 2380M->432M(2483M) 5.426ms
[1814.597s][info ][gc,cpu         ] GC(125) User=0.02s Sys=0.00s Real=0.00s
[1814.597s][info ][safepoint      ] Safepoint "ParallelGCFailedAllocation", Time since last: 12087991591 ns, Reaching safepoint: 52902 ns, At safepoint: 5522753 ns, Total: 5575655 ns
[1821.598s][info ][safepoint      ] Safepoint "Cleanup", Time since last: 7000466835 ns, Reaching safepoint: 61502 ns, At safepoint: 9000 ns, Total: 70502 ns
[1824.598s][info ][safepoint      ] Safepoint "Cleanup", Time since last: 3000245063 ns, Reaching safepoint: 47002 ns, At safepoint: 4300 ns, Total: 51302 ns
[1825.598s][info ][safepoint      ] Safepoint "Cleanup", Time since last: 1000076286 ns, Reaching safepoint: 48001 ns, At safepoint: 5601 ns, Total: 53602 ns
[1826.598s][info ][safepoint      ] Safepoint "Cleanup", Time since last: 1000138187 ns, Reaching safepoint: 49401 ns, At safepoint: 2500 ns, Total: 51901 ns
[1829.599s][info ][safepoint      ] Safepoint "Cleanup", Time since last: 3000252454 ns, Reaching safepoint: 53301 ns, At safepoint: 6500 ns, Total: 59801 ns
[1830.599s][info ][safepoint      ] Safepoint "Cleanup", Time since last: 1000125385 ns, Reaching safepoint: 189605 ns, At safepoint: 7000 ns, Total: 196605 ns
[1831.599s][info ][safepoint      ] Safepoint "Cleanup", Time since last: 1000109283 ns, Reaching safepoint: 42102 ns, At safepoint: 2400 ns, Total: 44502 ns
[1834.600s][info ][safepoint      ] Safepoint "Cleanup", Time since last: 3000200742 ns, Reaching safepoint: 105903 ns, At safepoint: 12000 ns, Total: 117903 ns
[1835.600s][info ][safepoint      ] Safepoint "Cleanup", Time since last: 1000102280 ns, Reaching safepoint: 61902 ns, At safepoint: 8100 ns, Total: 70002 ns
[1837.600s][info ][safepoint      ] Safepoint "Cleanup", Time since last: 2000173958 ns, Reaching safepoint: 59402 ns, At safepoint: 5100 ns, Total: 64502 ns
[1839.600s][info ][safepoint      ] Safepoint "Cleanup", Time since last: 2000182455 ns, Reaching safepoint: 63002 ns, At safepoint: 2400 ns, Total: 65402 ns
[1840.600s][info ][safepoint      ] Safepoint "Cleanup", Time since last: 1000091177 ns, Reaching safepoint: 48601 ns, At safepoint: 4800 ns, Total: 53401 ns
[1849.601s][info ][safepoint      ] Safepoint "Cleanup", Time since last: 9000622156 ns, Reaching safepoint: 74202 ns, At safepoint: 6500 ns, Total: 80702 ns
[1851.601s][info ][safepoint      ] Safepoint "Cleanup", Time since last: 2000183040 ns, Reaching safepoint: 54402 ns, At safepoint: 2300 ns, Total: 56702 ns
[1858.602s][info ][safepoint      ] Safepoint "Cleanup", Time since last: 7000520566 ns, Reaching safepoint: 61002 ns, At safepoint: 12600 ns, Total: 73602 ns
[1859.602s][info ][safepoint      ] Safepoint "Cleanup", Time since last: 1000111365 ns, Reaching safepoint: 55902 ns, At safepoint: 4000 ns, Total: 59902 ns
[1860.602s][info ][safepoint      ] Safepoint "Cleanup", Time since last: 1000092964 ns, Reaching safepoint: 54201 ns, At safepoint: 2501 ns, Total: 56702 ns
[1866.603s][info ][safepoint      ] Safepoint "Cleanup", Time since last: 6000442467 ns, Reaching safepoint: 53602 ns, At safepoint: 6200 ns, Total: 59802 ns
[1869.603s][info ][safepoint      ] Safepoint "Cleanup", Time since last: 3000231675 ns, Reaching safepoint: 46002 ns, At safepoint: 2900 ns, Total: 48902 ns
[1885.604s][info ][safepoint      ] Safepoint "Cleanup", Time since last: 16001016638 ns, Reaching safepoint: 62001 ns, At safepoint: 7301 ns, Total: 69302 ns
[1888.842s][info ][gc,start       ] GC(126) Pause Young (Allocation Failure)
[1888.847s][debug][gc,phases      ] GC(126) Scavenge 4.528ms
[1888.847s][debug][gc,ref         ] GC(126) Skipped phase 1 of Reference Processing: no references
[1888.847s][debug][gc,ref         ] GC(126) ReferenceProcessor::execute queues: 1, RefProcThreadModel::Single, marks_oops_alive: false
[1888.847s][debug][gc,ref         ] GC(126) Skipped phase 3 of Reference Processing: no references
[1888.847s][debug][gc,ref         ] GC(126) ReferenceProcessor::execute queues: 1, RefProcThreadModel::Single, marks_oops_alive: false
[1888.847s][debug][gc,phases      ] GC(126) Reference Processing 0.117ms
[1888.847s][debug][gc,phases      ] GC(126)   VM Weak                        Min:  0.0, Avg:  0.0, Max:  0.0, Diff:  0.0, Sum:  0.0, Workers: 4
[1888.847s][debug][gc,phases      ] GC(126)     Dead                           Min: 0, Avg:  0.0, Max: 0, Diff: 0, Sum: 0, Workers: 4
[1888.847s][debug][gc,phases      ] GC(126)     Total                          Min: 0, Avg: 174.8, Max: 384, Diff: 384, Sum: 699, Workers: 4
[1888.847s][debug][gc,phases      ] GC(126)   ObjectSynchronizer Weak        Min:  0.0, Avg:  0.0, Max:  0.0, Diff:  0.0, Sum:  0.0, Workers: 4
[1888.847s][debug][gc,phases      ] GC(126)     Dead                           Min: 0, Avg:  0.0, Max: 0, Diff: 0, Sum: 0, Workers: 4
[1888.847s][debug][gc,phases      ] GC(126)     Total                          Min: 0, Avg: 85.8, Max: 192, Diff: 192, Sum: 343, Workers: 4
[1888.847s][debug][gc,phases      ] GC(126)   JVMTI Tag Weak OopStorage      Min:  0.0, Avg:  0.0, Max:  0.0, Diff:  0.0, Sum:  0.0, Workers: 4
[1888.847s][debug][gc,phases      ] GC(126)     Dead                           Min: 0, Avg:  0.0, Max: 0, Diff: 0, Sum: 0, Workers: 4
[1888.847s][debug][gc,phases      ] GC(126)     Total                          Min: 0, Avg:  0.0, Max: 0, Diff: 0, Sum: 0, Workers: 4
[1888.847s][debug][gc,phases      ] GC(126)   StringTable Weak               Min:  0.1, Avg:  0.1, Max:  0.1, Diff:  0.0, Sum:  0.4, Workers: 4
[1888.847s][debug][gc,phases      ] GC(126)     Dead                           Min: 0, Avg:  0.0, Max: 0, Diff: 0, Sum: 0, Workers: 4
[1888.847s][debug][gc,phases      ] GC(126)     Total                          Min: 10758, Avg: 12081.5, Max: 13568, Diff: 2810, Sum: 48326, Workers: 4
[1888.847s][debug][gc,phases      ] GC(126)   ResolvedMethodTable Weak       Min:  0.0, Avg:  0.0, Max:  0.0, Diff:  0.0, Sum:  0.1, Workers: 4
[1888.847s][debug][gc,phases      ] GC(126)     Dead                           Min: 0, Avg:  0.0, Max: 0, Diff: 0, Sum: 0, Workers: 4
[1888.847s][debug][gc,phases      ] GC(126)     Total                          Min: 1920, Avg: 2066.2, Max: 2249, Diff: 329, Sum: 8265, Workers: 4
[1888.847s][debug][gc,phases      ] GC(126)   JNI Weak                       Min:  0.0, Avg:  0.0, Max:  0.0, Diff:  0.0, Sum:  0.0, Workers: 4
[1888.847s][debug][gc,phases      ] GC(126)     Dead                           Min: 0, Avg:  0.0, Max: 0, Diff: 0, Sum: 0, Workers: 4
[1888.847s][debug][gc,phases      ] GC(126)     Total                          Min: 0, Avg:  0.0, Max: 0, Diff: 0, Sum: 0, Workers: 4
[1888.847s][debug][gc,phases      ] GC(126)   StringDedup Table Weak         Min:  0.0, Avg:  0.0, Max:  0.0, Diff:  0.0, Sum:  0.0, Workers: 4
[1888.847s][debug][gc,phases      ] GC(126)     Dead                           Min: 0, Avg:  0.0, Max: 0, Diff: 0, Sum: 0, Workers: 4
[1888.847s][debug][gc,phases      ] GC(126)     Total                          Min: 0, Avg:  0.0, Max: 0, Diff: 0, Sum: 0, Workers: 4
[1888.847s][debug][gc,phases      ] GC(126)   StringDedup Requests0 Weak     Min:  0.0, Avg:  0.0, Max:  0.0, Diff:  0.0, Sum:  0.0, Workers: 4
[1888.847s][debug][gc,phases      ] GC(126)     Dead                           Min: 0, Avg:  0.0, Max: 0, Diff: 0, Sum: 0, Workers: 4
[1888.847s][debug][gc,phases      ] GC(126)     Total                          Min: 0, Avg:  0.0, Max: 0, Diff: 0, Sum: 0, Workers: 4
[1888.847s][debug][gc,phases      ] GC(126)   StringDedup Requests1 Weak     Min:  0.0, Avg:  0.0, Max:  0.0, Diff:  0.0, Sum:  0.0, Workers: 4
[1888.847s][debug][gc,phases      ] GC(126)     Dead                           Min: 0, Avg:  0.0, Max: 0, Diff: 0, Sum: 0, Workers: 4
[1888.847s][debug][gc,phases      ] GC(126)     Total                          Min: 0, Avg:  0.0, Max: 0, Diff: 0, Sum: 0, Workers: 4
[1888.847s][debug][gc,phases      ] GC(126)   Weak JFR Old Object Samples    Min:  0.0, Avg:  0.0, Max:  0.0, Diff:  0.0, Sum:  0.0, Workers: 4
[1888.847s][debug][gc,phases      ] GC(126)     Dead                           Min: 0, Avg:  0.0, Max: 0, Diff: 0, Sum: 0, Workers: 4
[1888.847s][debug][gc,phases      ] GC(126)     Total                          Min: 0, Avg:  0.0, Max: 0, Diff: 0, Sum: 0, Workers: 4
[1888.847s][debug][gc,phases      ] GC(126) Weak Processing 0.318ms
[1888.847s][debug][gc,age         ] GC(126) Desired survivor size 46661632 bytes, new threshold 15 (max threshold 15)
[1888.847s][info ][gc,heap        ] GC(126) PSYoungGen: 2017449K(2044416K)->23205K(2051584K) Eden: 1994240K(1994240K)->0K(2003968K) From: 23209K(50176K)->23205K(47616K)
[1888.847s][info ][gc,heap        ] GC(126) ParOldGen: 419867K(498688K)->419875K(498688K)
[1888.847s][info ][gc,metaspace   ] GC(126) Metaspace: 83665K(84544K)->83665K(84544K) NonClass: 71980K(72448K)->71980K(72448K) Class: 11685K(12096K)->11685K(12096K)
[1888.847s][info ][gc             ] GC(126) Pause Young (Allocation Failure) 2380M->432M(2490M) 5.098ms
[1888.847s][info ][gc,cpu         ] GC(126) User=0.01s Sys=0.01s Real=0.01s
[1888.847s][info ][safepoint      ] Safepoint "ParallelGCFailedAllocation", Time since last: 3238103940 ns, Reaching safepoint: 34001 ns, At safepoint: 5187244 ns, Total: 5221245 ns
[1889.848s][info ][safepoint      ] Safepoint "Cleanup", Time since last: 1000080946 ns, Reaching safepoint: 44001 ns, At safepoint: 2500 ns, Total: 46501 ns
[1891.848s][info ][safepoint      ] Safepoint "Cleanup", Time since last: 2000173790 ns, Reaching safepoint: 50302 ns, At safepoint: 3900 ns, Total: 54202 ns
[1893.848s][info ][safepoint      ] Safepoint "Cleanup", Time since last: 2000155387 ns, Reaching safepoint: 47901 ns, At safepoint: 2900 ns, Total: 50801 ns
[1894.848s][info ][safepoint      ] Safepoint "Cleanup", Time since last: 1000132845 ns, Reaching safepoint: 155604 ns, At safepoint: 20200 ns, Total: 175804 ns
[1895.848s][info ][safepoint      ] Safepoint "Cleanup", Time since last: 1000086843 ns, Reaching safepoint: 64702 ns, At safepoint: 5600 ns, Total: 70302 ns
[1907.850s][info ][safepoint      ] Safepoint "Cleanup", Time since last: 12001471475 ns, Reaching safepoint: 63102 ns, At safepoint: 10000 ns, Total: 73102 ns
[1908.850s][info ][safepoint      ] Safepoint "Cleanup", Time since last: 1000124336 ns, Reaching safepoint: 56802 ns, At safepoint: 4300 ns, Total: 61102 ns
[1921.851s][info ][safepoint      ] Safepoint "Cleanup", Time since last: 13000896096 ns, Reaching safepoint: 47701 ns, At safepoint: 5000 ns, Total: 52701 ns
[1934.852s][info ][safepoint      ] Safepoint "Cleanup", Time since last: 13000957103 ns, Reaching safepoint: 141704 ns, At safepoint: 56302 ns, Total: 198006 ns
[1953.853s][info ][safepoint      ] Safepoint "Cleanup", Time since last: 19001200773 ns, Reaching safepoint: 50902 ns, At safepoint: 2400 ns, Total: 53302 ns
[1969.855s][info ][safepoint      ] Safepoint "Cleanup", Time since last: 16001279391 ns, Reaching safepoint: 48201 ns, At safepoint: 4100 ns, Total: 52301 ns
[1971.313s][info ][gc,start       ] GC(127) Pause Young (Allocation Failure)
[1971.317s][debug][gc,phases      ] GC(127) Scavenge 4.365ms
[1971.317s][debug][gc,ref         ] GC(127) Skipped phase 1 of Reference Processing: no references
[1971.317s][debug][gc,ref         ] GC(127) ReferenceProcessor::execute queues: 1, RefProcThreadModel::Single, marks_oops_alive: false
[1971.317s][debug][gc,ref         ] GC(127) Skipped phase 3 of Reference Processing: no references
[1971.317s][debug][gc,ref         ] GC(127) ReferenceProcessor::execute queues: 1, RefProcThreadModel::Single, marks_oops_alive: false
[1971.317s][debug][gc,phases      ] GC(127) Reference Processing 0.121ms
[1971.318s][debug][gc,phases      ] GC(127)   VM Weak                        Min:  0.0, Avg:  0.0, Max:  0.0, Diff:  0.0, Sum:  0.0, Workers: 4
[1971.318s][debug][gc,phases      ] GC(127)     Dead                           Min: 0, Avg:  0.0, Max: 0, Diff: 0, Sum: 0, Workers: 4
[1971.318s][debug][gc,phases      ] GC(127)     Total                          Min: 0, Avg: 174.8, Max: 379, Diff: 379, Sum: 699, Workers: 4
[1971.318s][debug][gc,phases      ] GC(127)   ObjectSynchronizer Weak        Min:  0.0, Avg:  0.0, Max:  0.0, Diff:  0.0, Sum:  0.0, Workers: 4
[1971.318s][debug][gc,phases      ] GC(127)     Dead                           Min: 0, Avg:  0.0, Max: 0, Diff: 0, Sum: 0, Workers: 4
[1971.318s][debug][gc,phases      ] GC(127)     Total                          Min: 0, Avg: 85.8, Max: 192, Diff: 192, Sum: 343, Workers: 4
[1971.318s][debug][gc,phases      ] GC(127)   JVMTI Tag Weak OopStorage      Min:  0.0, Avg:  0.0, Max:  0.0, Diff:  0.0, Sum:  0.0, Workers: 4
[1971.318s][debug][gc,phases      ] GC(127)     Dead                           Min: 0, Avg:  0.0, Max: 0, Diff: 0, Sum: 0, Workers: 4
[1971.318s][debug][gc,phases      ] GC(127)     Total                          Min: 0, Avg:  0.0, Max: 0, Diff: 0, Sum: 0, Workers: 4
[1971.318s][debug][gc,phases      ] GC(127)   StringTable Weak               Min:  0.1, Avg:  0.1, Max:  0.2, Diff:  0.1, Sum:  0.5, Workers: 4
[1971.318s][debug][gc,phases      ] GC(127)     Dead                           Min: 0, Avg:  0.0, Max: 0, Diff: 0, Sum: 0, Workers: 4
[1971.318s][debug][gc,phases      ] GC(127)     Total                          Min: 7104, Avg: 12089.0, Max: 14720, Diff: 7616, Sum: 48356, Workers: 4
[1971.318s][debug][gc,phases      ] GC(127)   ResolvedMethodTable Weak       Min:  0.0, Avg:  0.0, Max:  0.0, Diff:  0.0, Sum:  0.1, Workers: 4
[1971.318s][debug][gc,phases      ] GC(127)     Dead                           Min: 0, Avg:  0.0, Max: 0, Diff: 0, Sum: 0, Workers: 4
[1971.318s][debug][gc,phases      ] GC(127)     Total                          Min: 1728, Avg: 2066.2, Max: 2249, Diff: 521, Sum: 8265, Workers: 4
[1971.318s][debug][gc,phases      ] GC(127)   JNI Weak                       Min:  0.0, Avg:  0.0, Max:  0.0, Diff:  0.0, Sum:  0.0, Workers: 4
[1971.318s][debug][gc,phases      ] GC(127)     Dead                           Min: 0, Avg:  0.0, Max: 0, Diff: 0, Sum: 0, Workers: 4
[1971.318s][debug][gc,phases      ] GC(127)     Total                          Min: 0, Avg:  0.0, Max: 0, Diff: 0, Sum: 0, Workers: 4
[1971.318s][debug][gc,phases      ] GC(127)   StringDedup Table Weak         Min:  0.0, Avg:  0.0, Max:  0.0, Diff:  0.0, Sum:  0.0, Workers: 4
[1971.318s][debug][gc,phases      ] GC(127)     Dead                           Min: 0, Avg:  0.0, Max: 0, Diff: 0, Sum: 0, Workers: 4
[1971.318s][debug][gc,phases      ] GC(127)     Total                          Min: 0, Avg:  0.0, Max: 0, Diff: 0, Sum: 0, Workers: 4
[1971.318s][debug][gc,phases      ] GC(127)   StringDedup Requests0 Weak     Min:  0.0, Avg:  0.0, Max:  0.0, Diff:  0.0, Sum:  0.0, Workers: 4
[1971.318s][debug][gc,phases      ] GC(127)     Dead                           Min: 0, Avg:  0.0, Max: 0, Diff: 0, Sum: 0, Workers: 4
[1971.318s][debug][gc,phases      ] GC(127)     Total                          Min: 0, Avg:  0.0, Max: 0, Diff: 0, Sum: 0, Workers: 4
[1971.318s][debug][gc,phases      ] GC(127)   StringDedup Requests1 Weak     Min:  0.0, Avg:  0.0, Max:  0.0, Diff:  0.0, Sum:  0.0, Workers: 4
[1971.318s][debug][gc,phases      ] GC(127)     Dead                           Min: 0, Avg:  0.0, Max: 0, Diff: 0, Sum: 0, Workers: 4
[1971.318s][debug][gc,phases      ] GC(127)     Total                          Min: 0, Avg:  0.0, Max: 0, Diff: 0, Sum: 0, Workers: 4
[1971.318s][debug][gc,phases      ] GC(127)   Weak JFR Old Object Samples    Min:  0.0, Avg:  0.0, Max:  0.0, Diff:  0.0, Sum:  0.0, Workers: 4
[1971.318s][debug][gc,phases      ] GC(127)     Dead                           Min: 0, Avg:  0.0, Max: 0, Diff: 0, Sum: 0, Workers: 4
[1971.318s][debug][gc,phases      ] GC(127)     Total                          Min: 0, Avg:  0.0, Max: 0, Diff: 0, Sum: 0, Workers: 4
[1971.318s][debug][gc,phases      ] GC(127) Weak Processing 0.373ms
[1971.318s][debug][gc,age         ] GC(127) Desired survivor size 44564480 bytes, new threshold 15 (max threshold 15)
[1971.318s][info ][gc,heap        ] GC(127) PSYoungGen: 2027173K(2051584K)->23301K(2049536K) Eden: 2003968K(2003968K)->0K(2003968K) From: 23205K(47616K)->23301K(45568K)
[1971.318s][info ][gc,heap        ] GC(127) ParOldGen: 419875K(498688K)->419883K(498688K)
[1971.318s][info ][gc,metaspace   ] GC(127) Metaspace: 83683K(84544K)->83683K(84544K) NonClass: 71997K(72448K)->71997K(72448K) Class: 11685K(12096K)->11685K(12096K)
[1971.318s][info ][gc             ] GC(127) Pause Young (Allocation Failure) 2389M->432M(2488M) 4.988ms
[1971.318s][info ][gc,cpu         ] GC(127) User=0.02s Sys=0.00s Real=0.00s
[1971.318s][info ][safepoint      ] Safepoint "ParallelGCFailedAllocation", Time since last: 1457678176 ns, Reaching safepoint: 178505 ns, At safepoint: 5069341 ns, Total: 5247846 ns
[2000.322s][info ][safepoint      ] Safepoint "Cleanup", Time since last: 29004334671 ns, Reaching safepoint: 60302 ns, At safepoint: 2900 ns, Total: 63202 ns
[2027.325s][info ][safepoint      ] Safepoint "Cleanup", Time since last: 27002451575 ns, Reaching safepoint: 56302 ns, At safepoint: 6000 ns, Total: 62302 ns
[2042.326s][info ][safepoint      ] Safepoint "Cleanup", Time since last: 15001087857 ns, Reaching safepoint: 61602 ns, At safepoint: 9200 ns, Total: 70802 ns
[2054.645s][info ][gc,start       ] GC(128) Pause Young (Allocation Failure)
[2054.650s][debug][gc,phases      ] GC(128) Scavenge 4.961ms
[2054.650s][debug][gc,ref         ] GC(128) Skipped phase 1 of Reference Processing: no references
[2054.650s][debug][gc,ref         ] GC(128) ReferenceProcessor::execute queues: 1, RefProcThreadModel::Single, marks_oops_alive: false
[2054.650s][debug][gc,ref         ] GC(128) Skipped phase 3 of Reference Processing: no references
[2054.650s][debug][gc,ref         ] GC(128) ReferenceProcessor::execute queues: 1, RefProcThreadModel::Single, marks_oops_alive: false
[2054.650s][debug][gc,phases      ] GC(128) Reference Processing 0.158ms
[2054.650s][debug][gc,phases      ] GC(128)   VM Weak                        Min:  0.0, Avg:  0.0, Max:  0.0, Diff:  0.0, Sum:  0.0, Workers: 4
[2054.650s][debug][gc,phases      ] GC(128)     Dead                           Min: 0, Avg:  0.0, Max: 0, Diff: 0, Sum: 0, Workers: 4
[2054.650s][debug][gc,phases      ] GC(128)     Total                          Min: 0, Avg: 174.8, Max: 379, Diff: 379, Sum: 699, Workers: 4
[2054.650s][debug][gc,phases      ] GC(128)   ObjectSynchronizer Weak        Min:  0.0, Avg:  0.0, Max:  0.0, Diff:  0.0, Sum:  0.0, Workers: 4
[2054.650s][debug][gc,phases      ] GC(128)     Dead                           Min: 0, Avg:  0.0, Max: 0, Diff: 0, Sum: 0, Workers: 4
[2054.650s][debug][gc,phases      ] GC(128)     Total                          Min: 0, Avg: 85.8, Max: 151, Diff: 151, Sum: 343, Workers: 4
[2054.650s][debug][gc,phases      ] GC(128)   JVMTI Tag Weak OopStorage      Min:  0.0, Avg:  0.0, Max:  0.0, Diff:  0.0, Sum:  0.0, Workers: 4
[2054.650s][debug][gc,phases      ] GC(128)     Dead                           Min: 0, Avg:  0.0, Max: 0, Diff: 0, Sum: 0, Workers: 4
[2054.650s][debug][gc,phases      ] GC(128)     Total                          Min: 0, Avg:  0.0, Max: 0, Diff: 0, Sum: 0, Workers: 4
[2054.650s][debug][gc,phases      ] GC(128)   StringTable Weak               Min:  0.1, Avg:  0.1, Max:  0.1, Diff:  0.0, Sum:  0.4, Workers: 4
[2054.650s][debug][gc,phases      ] GC(128)     Dead                           Min: 0, Avg:  0.0, Max: 0, Diff: 0, Sum: 0, Workers: 4
[2054.650s][debug][gc,phases      ] GC(128)     Total                          Min: 11072, Avg: 12089.5, Max: 13286, Diff: 2214, Sum: 48358, Workers: 4
[2054.650s][debug][gc,phases      ] GC(128)   ResolvedMethodTable Weak       Min:  0.0, Avg:  0.0, Max:  0.0, Diff:  0.0, Sum:  0.1, Workers: 4
[2054.650s][debug][gc,phases      ] GC(128)     Dead                           Min: 0, Avg:  0.0, Max: 0, Diff: 0, Sum: 0, Workers: 4
[2054.650s][debug][gc,phases      ] GC(128)     Total                          Min: 1984, Avg: 2066.2, Max: 2240, Diff: 256, Sum: 8265, Workers: 4
[2054.650s][debug][gc,phases      ] GC(128)   JNI Weak                       Min:  0.0, Avg:  0.0, Max:  0.0, Diff:  0.0, Sum:  0.0, Workers: 4
[2054.650s][debug][gc,phases      ] GC(128)     Dead                           Min: 0, Avg:  0.0, Max: 0, Diff: 0, Sum: 0, Workers: 4
[2054.650s][debug][gc,phases      ] GC(128)     Total                          Min: 0, Avg:  0.0, Max: 0, Diff: 0, Sum: 0, Workers: 4
[2054.650s][debug][gc,phases      ] GC(128)   StringDedup Table Weak         Min:  0.0, Avg:  0.0, Max:  0.0, Diff:  0.0, Sum:  0.0, Workers: 4
[2054.650s][debug][gc,phases      ] GC(128)     Dead                           Min: 0, Avg:  0.0, Max: 0, Diff: 0, Sum: 0, Workers: 4
[2054.650s][debug][gc,phases      ] GC(128)     Total                          Min: 0, Avg:  0.0, Max: 0, Diff: 0, Sum: 0, Workers: 4
[2054.650s][debug][gc,phases      ] GC(128)   StringDedup Requests0 Weak     Min:  0.0, Avg:  0.0, Max:  0.0, Diff:  0.0, Sum:  0.0, Workers: 4
[2054.650s][debug][gc,phases      ] GC(128)     Dead                           Min: 0, Avg:  0.0, Max: 0, Diff: 0, Sum: 0, Workers: 4
[2054.650s][debug][gc,phases      ] GC(128)     Total                          Min: 0, Avg:  0.0, Max: 0, Diff: 0, Sum: 0, Workers: 4
[2054.650s][debug][gc,phases      ] GC(128)   StringDedup Requests1 Weak     Min:  0.0, Avg:  0.0, Max:  0.0, Diff:  0.0, Sum:  0.0, Workers: 4
[2054.650s][debug][gc,phases      ] GC(128)     Dead                           Min: 0, Avg:  0.0, Max: 0, Diff: 0, Sum: 0, Workers: 4
[2054.650s][debug][gc,phases      ] GC(128)     Total                          Min: 0, Avg:  0.0, Max: 0, Diff: 0, Sum: 0, Workers: 4
[2054.650s][debug][gc,phases      ] GC(128)   Weak JFR Old Object Samples    Min:  0.0, Avg:  0.0, Max:  0.0, Diff:  0.0, Sum:  0.0, Workers: 4
[2054.650s][debug][gc,phases      ] GC(128)     Dead                           Min: 0, Avg:  0.0, Max: 0, Diff: 0, Sum: 0, Workers: 4
[2054.650s][debug][gc,phases      ] GC(128)     Total                          Min: 0, Avg:  0.0, Max: 0, Diff: 0, Sum: 0, Workers: 4
[2054.650s][debug][gc,phases      ] GC(128) Weak Processing 0.332ms
[2054.650s][debug][gc,age         ] GC(128) Desired survivor size 42991616 bytes, new threshold 15 (max threshold 15)
[2054.650s][info ][gc,heap        ] GC(128) PSYoungGen: 2027269K(2049536K)->23285K(2055168K) Eden: 2003968K(2003968K)->0K(2011648K) From: 23301K(45568K)->23285K(43520K)
[2054.650s][info ][gc,heap        ] GC(128) ParOldGen: 419883K(498688K)->419883K(498688K)
[2054.650s][info ][gc,metaspace   ] GC(128) Metaspace: 83685K(84544K)->83685K(84544K) NonClass: 71999K(72448K)->71999K(72448K) Class: 11685K(12096K)->11685K(12096K)
[2054.650s][info ][gc             ] GC(128) Pause Young (Allocation Failure) 2389M->432M(2494M) 5.598ms
[2054.650s][info ][gc,cpu         ] GC(128) User=0.02s Sys=0.00s Real=0.01s
[2054.650s][info ][safepoint      ] Safepoint "ParallelGCFailedAllocation", Time since last: 12318766968 ns, Reaching safepoint: 59001 ns, At safepoint: 5682657 ns, Total: 5741658 ns
[2060.651s][info ][safepoint      ] Safepoint "Cleanup", Time since last: 6000411863 ns, Reaching safepoint: 74702 ns, At safepoint: 10300 ns, Total: 85002 ns
[2064.651s][info ][safepoint      ] Safepoint "Cleanup", Time since last: 4000309734 ns, Reaching safepoint: 56002 ns, At safepoint: 5100 ns, Total: 61102 ns
[2065.651s][info ][safepoint      ] Safepoint "Cleanup", Time since last: 1000106758 ns, Reaching safepoint: 46801 ns, At safepoint: 2600 ns, Total: 49401 ns
[2086.653s][info ][safepoint      ] Safepoint "Cleanup", Time since last: 21002037323 ns, Reaching safepoint: 77102 ns, At safepoint: 4500 ns, Total: 81602 ns
[2087.654s][info ][safepoint      ] Safepoint "Cleanup", Time since last: 1000121550 ns, Reaching safepoint: 57101 ns, At safepoint: 6600 ns, Total: 63701 ns
[2088.654s][info ][safepoint      ] Safepoint "Cleanup", Time since last: 1000115149 ns, Reaching safepoint: 54102 ns, At safepoint: 2400 ns, Total: 56502 ns
[2092.654s][info ][safepoint      ] Safepoint "Cleanup", Time since last: 4000311288 ns, Reaching safepoint: 45901 ns, At safepoint: 2200 ns, Total: 48101 ns
[2107.656s][info ][safepoint      ] Safepoint "Cleanup", Time since last: 15001711764 ns, Reaching safepoint: 55202 ns, At safepoint: 2800 ns, Total: 58002 ns
[2124.658s][info ][safepoint      ] Safepoint "Cleanup", Time since last: 17001692740 ns, Reaching safepoint: 59702 ns, At safepoint: 6000 ns, Total: 65702 ns
[2126.658s][info ][safepoint      ] Safepoint "Cleanup", Time since last: 2000191968 ns, Reaching safepoint: 54101 ns, At safepoint: 7000 ns, Total: 61101 ns
[2127.658s][info ][safepoint      ] Safepoint "Cleanup", Time since last: 1000163636 ns, Reaching safepoint: 57801 ns, At safepoint: 8201 ns, Total: 66002 ns
[2132.659s][info ][safepoint      ] Safepoint "Cleanup", Time since last: 5000712568 ns, Reaching safepoint: 65101 ns, At safepoint: 9801 ns, Total: 74902 ns
[2134.660s][info ][safepoint      ] Safepoint "Cleanup", Time since last: 2000502470 ns, Reaching safepoint: 62002 ns, At safepoint: 7400 ns, Total: 69402 ns
[2135.660s][info ][safepoint      ] Safepoint "Cleanup", Time since last: 1000113531 ns, Reaching safepoint: 55202 ns, At safepoint: 7600 ns, Total: 62802 ns
[2136.660s][info ][safepoint      ] Safepoint "Cleanup", Time since last: 1000128431 ns, Reaching safepoint: 60401 ns, At safepoint: 3701 ns, Total: 64102 ns
[2138.486s][info ][gc,start       ] GC(129) Pause Young (Allocation Failure)
[2138.491s][debug][gc,phases      ] GC(129) Scavenge 5.004ms
[2138.491s][debug][gc,ref         ] GC(129) Skipped phase 1 of Reference Processing: no references
[2138.491s][debug][gc,ref         ] GC(129) ReferenceProcessor::execute queues: 1, RefProcThreadModel::Single, marks_oops_alive: false
[2138.491s][debug][gc,ref         ] GC(129) Skipped phase 3 of Reference Processing: no references
[2138.491s][debug][gc,ref         ] GC(129) ReferenceProcessor::execute queues: 1, RefProcThreadModel::Single, marks_oops_alive: false
[2138.491s][debug][gc,phases      ] GC(129) Reference Processing 0.118ms
[2138.491s][debug][gc,phases      ] GC(129)   VM Weak                        Min:  0.0, Avg:  0.0, Max:  0.0, Diff:  0.0, Sum:  0.0, Workers: 4
[2138.491s][debug][gc,phases      ] GC(129)     Dead                           Min: 0, Avg:  0.0, Max: 0, Diff: 0, Sum: 0, Workers: 4
[2138.491s][debug][gc,phases      ] GC(129)     Total                          Min: 0, Avg: 174.8, Max: 699, Diff: 699, Sum: 699, Workers: 4
[2138.491s][debug][gc,phases      ] GC(129)   ObjectSynchronizer Weak        Min:  0.0, Avg:  0.0, Max:  0.0, Diff:  0.0, Sum:  0.0, Workers: 4
[2138.491s][debug][gc,phases      ] GC(129)     Dead                           Min: 0, Avg:  0.0, Max: 0, Diff: 0, Sum: 0, Workers: 4
[2138.491s][debug][gc,phases      ] GC(129)     Total                          Min: 0, Avg: 85.8, Max: 343, Diff: 343, Sum: 343, Workers: 4
[2138.491s][debug][gc,phases      ] GC(129)   JVMTI Tag Weak OopStorage      Min:  0.0, Avg:  0.0, Max:  0.0, Diff:  0.0, Sum:  0.0, Workers: 4
[2138.491s][debug][gc,phases      ] GC(129)     Dead                           Min: 0, Avg:  0.0, Max: 0, Diff: 0, Sum: 0, Workers: 4
[2138.491s][debug][gc,phases      ] GC(129)     Total                          Min: 0, Avg:  0.0, Max: 0, Diff: 0, Sum: 0, Workers: 4
[2138.491s][debug][gc,phases      ] GC(129)   StringTable Weak               Min:  0.1, Avg:  0.1, Max:  0.1, Diff:  0.0, Sum:  0.4, Workers: 4
[2138.491s][debug][gc,phases      ] GC(129)     Dead                           Min: 0, Avg:  0.0, Max: 0, Diff: 0, Sum: 0, Workers: 4
[2138.491s][debug][gc,phases      ] GC(129)     Total                          Min: 10475, Avg: 12090.8, Max: 14592, Diff: 4117, Sum: 48363, Workers: 4
[2138.491s][debug][gc,phases      ] GC(129)   ResolvedMethodTable Weak       Min:  0.0, Avg:  0.0, Max:  0.0, Diff:  0.0, Sum:  0.1, Workers: 4
[2138.491s][debug][gc,phases      ] GC(129)     Dead                           Min: 0, Avg:  0.0, Max: 0, Diff: 0, Sum: 0, Workers: 4
[2138.491s][debug][gc,phases      ] GC(129)     Total                          Min: 1801, Avg: 2066.2, Max: 2368, Diff: 567, Sum: 8265, Workers: 4
[2138.491s][debug][gc,phases      ] GC(129)   JNI Weak                       Min:  0.0, Avg:  0.0, Max:  0.0, Diff:  0.0, Sum:  0.0, Workers: 4
[2138.491s][debug][gc,phases      ] GC(129)     Dead                           Min: 0, Avg:  0.0, Max: 0, Diff: 0, Sum: 0, Workers: 4
[2138.491s][debug][gc,phases      ] GC(129)     Total                          Min: 0, Avg:  0.0, Max: 0, Diff: 0, Sum: 0, Workers: 4
[2138.491s][debug][gc,phases      ] GC(129)   StringDedup Table Weak         Min:  0.0, Avg:  0.0, Max:  0.0, Diff:  0.0, Sum:  0.0, Workers: 4
[2138.491s][debug][gc,phases      ] GC(129)     Dead                           Min: 0, Avg:  0.0, Max: 0, Diff: 0, Sum: 0, Workers: 4
[2138.491s][debug][gc,phases      ] GC(129)     Total                          Min: 0, Avg:  0.0, Max: 0, Diff: 0, Sum: 0, Workers: 4
[2138.491s][debug][gc,phases      ] GC(129)   StringDedup Requests0 Weak     Min:  0.0, Avg:  0.0, Max:  0.0, Diff:  0.0, Sum:  0.0, Workers: 4
[2138.491s][debug][gc,phases      ] GC(129)     Dead                           Min: 0, Avg:  0.0, Max: 0, Diff: 0, Sum: 0, Workers: 4
[2138.491s][debug][gc,phases      ] GC(129)     Total                          Min: 0, Avg:  0.0, Max: 0, Diff: 0, Sum: 0, Workers: 4
[2138.491s][debug][gc,phases      ] GC(129)   StringDedup Requests1 Weak     Min:  0.0, Avg:  0.0, Max:  0.0, Diff:  0.0, Sum:  0.0, Workers: 4
[2138.491s][debug][gc,phases      ] GC(129)     Dead                           Min: 0, Avg:  0.0, Max: 0, Diff: 0, Sum: 0, Workers: 4
[2138.491s][debug][gc,phases      ] GC(129)     Total                          Min: 0, Avg:  0.0, Max: 0, Diff: 0, Sum: 0, Workers: 4
[2138.491s][debug][gc,phases      ] GC(129)   Weak JFR Old Object Samples    Min:  0.0, Avg:  0.0, Max:  0.0, Diff:  0.0, Sum:  0.0, Workers: 4
[2138.491s][debug][gc,phases      ] GC(129)     Dead                           Min: 0, Avg:  0.0, Max: 0, Diff: 0, Sum: 0, Workers: 4
[2138.491s][debug][gc,phases      ] GC(129)     Total                          Min: 0, Avg:  0.0, Max: 0, Diff: 0, Sum: 0, Workers: 4
[2138.491s][debug][gc,phases      ] GC(129) Weak Processing 0.329ms
[2138.491s][debug][gc,age         ] GC(129) Desired survivor size 41418752 bytes, new threshold 15 (max threshold 15)
[2138.491s][info ][gc,heap        ] GC(129) PSYoungGen: 2034933K(2055168K)->22885K(2053632K) Eden: 2011648K(2011648K)->0K(2011648K) From: 23285K(43520K)->22885K(41984K)
[2138.491s][info ][gc,heap        ] GC(129) ParOldGen: 419883K(498688K)->420371K(498688K)
[2138.491s][info ][gc,metaspace   ] GC(129) Metaspace: 83690K(84544K)->83690K(84544K) NonClass: 72005K(72448K)->72005K(72448K) Class: 11685K(12096K)->11685K(12096K)
[2138.491s][info ][gc             ] GC(129) Pause Young (Allocation Failure) 2397M->432M(2492M) 5.583ms
[2138.491s][info ][gc,cpu         ] GC(129) User=0.03s Sys=0.00s Real=0.01s
[2138.491s][info ][safepoint      ] Safepoint "ParallelGCFailedAllocation", Time since last: 1825503133 ns, Reaching safepoint: 67401 ns, At safepoint: 5661857 ns, Total: 5729258 ns
[2172.501s][info ][safepoint      ] Safepoint "Cleanup", Time since last: 34009338456 ns, Reaching safepoint: 52801 ns, At safepoint: 2400 ns, Total: 55201 ns
[2185.501s][info ][safepoint      ] Safepoint "Cleanup", Time since last: 13000866985 ns, Reaching safepoint: 46602 ns, At safepoint: 9100 ns, Total: 55702 ns
[2190.502s][info ][safepoint      ] Safepoint "Cleanup", Time since last: 5000338456 ns, Reaching safepoint: 47301 ns, At safepoint: 3000 ns, Total: 50301 ns
[2211.506s][info ][safepoint      ] Safepoint "Cleanup", Time since last: 21004056221 ns, Reaching safepoint: 69002 ns, At safepoint: 37801 ns, Total: 106803 ns
[2218.510s][info ][safepoint      ] Safepoint "Cleanup", Time since last: 7004304923 ns, Reaching safepoint: 67302 ns, At safepoint: 3000 ns, Total: 70302 ns
[2221.511s][info ][safepoint      ] Safepoint "Cleanup", Time since last: 3000262605 ns, Reaching safepoint: 42301 ns, At safepoint: 6300 ns, Total: 48601 ns
[2223.542s][info ][gc,start       ] GC(130) Pause Young (Allocation Failure)
[2223.546s][debug][gc,phases      ] GC(130) Scavenge 4.362ms
[2223.546s][debug][gc,ref         ] GC(130) Skipped phase 1 of Reference Processing: no references
[2223.546s][debug][gc,ref         ] GC(130) ReferenceProcessor::execute queues: 1, RefProcThreadModel::Single, marks_oops_alive: false
[2223.546s][debug][gc,ref         ] GC(130) Skipped phase 3 of Reference Processing: no references
[2223.546s][debug][gc,ref         ] GC(130) ReferenceProcessor::execute queues: 1, RefProcThreadModel::Single, marks_oops_alive: false
[2223.546s][debug][gc,phases      ] GC(130) Reference Processing 0.116ms
[2223.546s][debug][gc,phases      ] GC(130)   VM Weak                        Min:  0.0, Avg:  0.0, Max:  0.0, Diff:  0.0, Sum:  0.0, Workers: 4
[2223.546s][debug][gc,phases      ] GC(130)     Dead                           Min: 0, Avg:  0.0, Max: 0, Diff: 0, Sum: 0, Workers: 4
[2223.546s][debug][gc,phases      ] GC(130)     Total                          Min: 0, Avg: 174.8, Max: 379, Diff: 379, Sum: 699, Workers: 4
[2223.546s][debug][gc,phases      ] GC(130)   ObjectSynchronizer Weak        Min:  0.0, Avg:  0.0, Max:  0.0, Diff:  0.0, Sum:  0.0, Workers: 4
[2223.546s][debug][gc,phases      ] GC(130)     Dead                           Min: 0, Avg:  0.0, Max: 0, Diff: 0, Sum: 0, Workers: 4
[2223.546s][debug][gc,phases      ] GC(130)     Total                          Min: 0, Avg: 85.8, Max: 151, Diff: 151, Sum: 343, Workers: 4
[2223.546s][debug][gc,phases      ] GC(130)   JVMTI Tag Weak OopStorage      Min:  0.0, Avg:  0.0, Max:  0.0, Diff:  0.0, Sum:  0.0, Workers: 4
[2223.546s][debug][gc,phases      ] GC(130)     Dead                           Min: 0, Avg:  0.0, Max: 0, Diff: 0, Sum: 0, Workers: 4
[2223.546s][debug][gc,phases      ] GC(130)     Total                          Min: 0, Avg:  0.0, Max: 0, Diff: 0, Sum: 0, Workers: 4
[2223.546s][debug][gc,phases      ] GC(130)   StringTable Weak               Min:  0.1, Avg:  0.1, Max:  0.1, Diff:  0.0, Sum:  0.4, Workers: 4
[2223.546s][debug][gc,phases      ] GC(130)     Dead                           Min: 0, Avg:  0.0, Max: 0, Diff: 0, Sum: 0, Workers: 4
[2223.546s][debug][gc,phases      ] GC(130)     Total                          Min: 11328, Avg: 12092.5, Max: 12850, Diff: 1522, Sum: 48370, Workers: 4
[2223.546s][debug][gc,phases      ] GC(130)   ResolvedMethodTable Weak       Min:  0.0, Avg:  0.0, Max:  0.0, Diff:  0.0, Sum:  0.1, Workers: 4
[2223.546s][debug][gc,phases      ] GC(130)     Dead                           Min: 0, Avg:  0.0, Max: 0, Diff: 0, Sum: 0, Workers: 4
[2223.546s][debug][gc,phases      ] GC(130)     Total                          Min: 1792, Avg: 2066.2, Max: 2240, Diff: 448, Sum: 8265, Workers: 4
[2223.546s][debug][gc,phases      ] GC(130)   JNI Weak                       Min:  0.0, Avg:  0.0, Max:  0.0, Diff:  0.0, Sum:  0.0, Workers: 4
[2223.546s][debug][gc,phases      ] GC(130)     Dead                           Min: 0, Avg:  0.0, Max: 0, Diff: 0, Sum: 0, Workers: 4
[2223.546s][debug][gc,phases      ] GC(130)     Total                          Min: 0, Avg:  0.0, Max: 0, Diff: 0, Sum: 0, Workers: 4
[2223.546s][debug][gc,phases      ] GC(130)   StringDedup Table Weak         Min:  0.0, Avg:  0.0, Max:  0.0, Diff:  0.0, Sum:  0.0, Workers: 4
[2223.546s][debug][gc,phases      ] GC(130)     Dead                           Min: 0, Avg:  0.0, Max: 0, Diff: 0, Sum: 0, Workers: 4
[2223.546s][debug][gc,phases      ] GC(130)     Total                          Min: 0, Avg:  0.0, Max: 0, Diff: 0, Sum: 0, Workers: 4
[2223.546s][debug][gc,phases      ] GC(130)   StringDedup Requests0 Weak     Min:  0.0, Avg:  0.0, Max:  0.0, Diff:  0.0, Sum:  0.0, Workers: 4
[2223.546s][debug][gc,phases      ] GC(130)     Dead                           Min: 0, Avg:  0.0, Max: 0, Diff: 0, Sum: 0, Workers: 4
[2223.546s][debug][gc,phases      ] GC(130)     Total                          Min: 0, Avg:  0.0, Max: 0, Diff: 0, Sum: 0, Workers: 4
[2223.546s][debug][gc,phases      ] GC(130)   StringDedup Requests1 Weak     Min:  0.0, Avg:  0.0, Max:  0.0, Diff:  0.0, Sum:  0.0, Workers: 4
[2223.546s][debug][gc,phases      ] GC(130)     Dead                           Min: 0, Avg:  0.0, Max: 0, Diff: 0, Sum: 0, Workers: 4
[2223.546s][debug][gc,phases      ] GC(130)     Total                          Min: 0, Avg:  0.0, Max: 0, Diff: 0, Sum: 0, Workers: 4
[2223.546s][debug][gc,phases      ] GC(130)   Weak JFR Old Object Samples    Min:  0.0, Avg:  0.0, Max:  0.0, Diff:  0.0, Sum:  0.0, Workers: 4
[2223.546s][debug][gc,phases      ] GC(130)     Dead                           Min: 0, Avg:  0.0, Max: 0, Diff: 0, Sum: 0, Workers: 4
[2223.546s][debug][gc,phases      ] GC(130)     Total                          Min: 0, Avg:  0.0, Max: 0, Diff: 0, Sum: 0, Workers: 4
[2223.546s][debug][gc,phases      ] GC(130) Weak Processing 0.340ms
[2223.546s][debug][gc,age         ] GC(130) Desired survivor size 39845888 bytes, new threshold 15 (max threshold 15)
[2223.546s][info ][gc,heap        ] GC(130) PSYoungGen: 2034533K(2053632K)->22421K(2058240K) Eden: 2011648K(2011648K)->0K(2017792K) From: 22885K(41984K)->22421K(40448K)
[2223.546s][info ][gc,heap        ] GC(130) ParOldGen: 420371K(498688K)->420620K(498688K)
[2223.547s][info ][gc,metaspace   ] GC(130) Metaspace: 83691K(84544K)->83691K(84544K) NonClass: 72006K(72448K)->72006K(72448K) Class: 11685K(12096K)->11685K(12096K)
[2223.547s][info ][gc             ] GC(130) Pause Young (Allocation Failure) 2397M->432M(2497M) 4.949ms
[2223.547s][info ][gc,cpu         ] GC(130) User=0.02s Sys=0.00s Real=0.00s
[2223.547s][info ][safepoint      ] Safepoint "ParallelGCFailedAllocation", Time since last: 2030750346 ns, Reaching safepoint: 59801 ns, At safepoint: 5021539 ns, Total: 5081340 ns
[2244.548s][info ][safepoint      ] Safepoint "Cleanup", Time since last: 21001618736 ns, Reaching safepoint: 53802 ns, At safepoint: 2300 ns, Total: 56102 ns
[2250.809s][info ][safepoint      ] Safepoint "Cleanup", Time since last: 6260766839 ns, Reaching safepoint: 92903 ns, At safepoint: 14600 ns, Total: 107503 ns
[2251.809s][info ][safepoint      ] Safepoint "Cleanup", Time since last: 1000118193 ns, Reaching safepoint: 64202 ns, At safepoint: 2700 ns, Total: 66902 ns
[2263.810s][info ][safepoint      ] Safepoint "Cleanup", Time since last: 12000793975 ns, Reaching safepoint: 52302 ns, At safepoint: 5100 ns, Total: 57402 ns
[2264.810s][info ][safepoint      ] Safepoint "Cleanup", Time since last: 1000120989 ns, Reaching safepoint: 58302 ns, At safepoint: 3200 ns, Total: 61502 ns
[2266.811s][info ][safepoint      ] Safepoint "Cleanup", Time since last: 2000206477 ns, Reaching safepoint: 55901 ns, At safepoint: 2900 ns, Total: 58801 ns
[2268.811s][info ][safepoint      ] Safepoint "Cleanup", Time since last: 2000193876 ns, Reaching safepoint: 49301 ns, At safepoint: 2800 ns, Total: 52101 ns
[2290.812s][info ][safepoint      ] Safepoint "Cleanup", Time since last: 22001521137 ns, Reaching safepoint: 35201 ns, At safepoint: 29901 ns, Total: 65102 ns
[2307.818s][info ][safepoint      ] Safepoint "Cleanup", Time since last: 17005086138 ns, Reaching safepoint: 62701 ns, At safepoint: 6301 ns, Total: 69002 ns
[2309.192s][info ][gc,start       ] GC(131) Pause Young (Allocation Failure)
[2309.197s][debug][gc,phases      ] GC(131) Scavenge 4.494ms
[2309.197s][debug][gc,ref         ] GC(131) Skipped phase 1 of Reference Processing: no references
[2309.197s][debug][gc,ref         ] GC(131) ReferenceProcessor::execute queues: 1, RefProcThreadModel::Single, marks_oops_alive: false
[2309.197s][debug][gc,ref         ] GC(131) Skipped phase 3 of Reference Processing: no references
[2309.197s][debug][gc,ref         ] GC(131) ReferenceProcessor::execute queues: 1, RefProcThreadModel::Single, marks_oops_alive: false
[2309.197s][debug][gc,phases      ] GC(131) Reference Processing 0.125ms
[2309.197s][debug][gc,phases      ] GC(131)   VM Weak                        Min:  0.0, Avg:  0.0, Max:  0.0, Diff:  0.0, Sum:  0.0, Workers: 4
[2309.197s][debug][gc,phases      ] GC(131)     Dead                           Min: 0, Avg:  0.0, Max: 0, Diff: 0, Sum: 0, Workers: 4
[2309.197s][debug][gc,phases      ] GC(131)     Total                          Min: 0, Avg: 174.8, Max: 507, Diff: 507, Sum: 699, Workers: 4
[2309.197s][debug][gc,phases      ] GC(131)   ObjectSynchronizer Weak        Min:  0.0, Avg:  0.0, Max:  0.0, Diff:  0.0, Sum:  0.0, Workers: 4
[2309.197s][debug][gc,phases      ] GC(131)     Dead                           Min: 0, Avg:  0.0, Max: 0, Diff: 0, Sum: 0, Workers: 4
[2309.197s][debug][gc,phases      ] GC(131)     Total                          Min: 0, Avg: 85.8, Max: 128, Diff: 128, Sum: 343, Workers: 4
[2309.197s][debug][gc,phases      ] GC(131)   JVMTI Tag Weak OopStorage      Min:  0.0, Avg:  0.0, Max:  0.0, Diff:  0.0, Sum:  0.0, Workers: 4
[2309.197s][debug][gc,phases      ] GC(131)     Dead                           Min: 0, Avg:  0.0, Max: 0, Diff: 0, Sum: 0, Workers: 4
[2309.197s][debug][gc,phases      ] GC(131)     Total                          Min: 0, Avg:  0.0, Max: 0, Diff: 0, Sum: 0, Workers: 4
[2309.197s][debug][gc,phases      ] GC(131)   StringTable Weak               Min:  0.1, Avg:  0.1, Max:  0.1, Diff:  0.0, Sum:  0.4, Workers: 4
[2309.197s][debug][gc,phases      ] GC(131)     Dead                           Min: 0, Avg:  0.0, Max: 0, Diff: 0, Sum: 0, Workers: 4
[2309.197s][debug][gc,phases      ] GC(131)     Total                          Min: 10816, Avg: 12092.5, Max: 13248, Diff: 2432, Sum: 48370, Workers: 4
[2309.197s][debug][gc,phases      ] GC(131)   ResolvedMethodTable Weak       Min:  0.0, Avg:  0.0, Max:  0.0, Diff:  0.0, Sum:  0.1, Workers: 4
[2309.197s][debug][gc,phases      ] GC(131)     Dead                           Min: 0, Avg:  0.0, Max: 0, Diff: 0, Sum: 0, Workers: 4
[2309.197s][debug][gc,phases      ] GC(131)     Total                          Min: 1673, Avg: 2066.2, Max: 2432, Diff: 759, Sum: 8265, Workers: 4
[2309.197s][debug][gc,phases      ] GC(131)   JNI Weak                       Min:  0.0, Avg:  0.0, Max:  0.0, Diff:  0.0, Sum:  0.0, Workers: 4
[2309.197s][debug][gc,phases      ] GC(131)     Dead                           Min: 0, Avg:  0.0, Max: 0, Diff: 0, Sum: 0, Workers: 4
[2309.197s][debug][gc,phases      ] GC(131)     Total                          Min: 0, Avg:  0.0, Max: 0, Diff: 0, Sum: 0, Workers: 4
[2309.197s][debug][gc,phases      ] GC(131)   StringDedup Table Weak         Min:  0.0, Avg:  0.0, Max:  0.0, Diff:  0.0, Sum:  0.0, Workers: 4
[2309.197s][debug][gc,phases      ] GC(131)     Dead                           Min: 0, Avg:  0.0, Max: 0, Diff: 0, Sum: 0, Workers: 4
[2309.197s][debug][gc,phases      ] GC(131)     Total                          Min: 0, Avg:  0.0, Max: 0, Diff: 0, Sum: 0, Workers: 4
[2309.197s][debug][gc,phases      ] GC(131)   StringDedup Requests0 Weak     Min:  0.0, Avg:  0.0, Max:  0.0, Diff:  0.0, Sum:  0.0, Workers: 4
[2309.197s][debug][gc,phases      ] GC(131)     Dead                           Min: 0, Avg:  0.0, Max: 0, Diff: 0, Sum: 0, Workers: 4
[2309.197s][debug][gc,phases      ] GC(131)     Total                          Min: 0, Avg:  0.0, Max: 0, Diff: 0, Sum: 0, Workers: 4
[2309.197s][debug][gc,phases      ] GC(131)   StringDedup Requests1 Weak     Min:  0.0, Avg:  0.0, Max:  0.0, Diff:  0.0, Sum:  0.0, Workers: 4
[2309.197s][debug][gc,phases      ] GC(131)     Dead                           Min: 0, Avg:  0.0, Max: 0, Diff: 0, Sum: 0, Workers: 4
[2309.197s][debug][gc,phases      ] GC(131)     Total                          Min: 0, Avg:  0.0, Max: 0, Diff: 0, Sum: 0, Workers: 4
[2309.197s][debug][gc,phases      ] GC(131)   Weak JFR Old Object Samples    Min:  0.0, Avg:  0.0, Max:  0.0, Diff:  0.0, Sum:  0.0, Workers: 4
[2309.197s][debug][gc,phases      ] GC(131)     Dead                           Min: 0, Avg:  0.0, Max: 0, Diff: 0, Sum: 0, Workers: 4
[2309.197s][debug][gc,phases      ] GC(131)     Total                          Min: 0, Avg:  0.0, Max: 0, Diff: 0, Sum: 0, Workers: 4
[2309.197s][debug][gc,phases      ] GC(131) Weak Processing 0.303ms
[2309.197s][debug][gc,age         ] GC(131) Desired survivor size 38273024 bytes, new threshold 15 (max threshold 15)
[2309.197s][info ][gc,heap        ] GC(131) PSYoungGen: 2040213K(2058240K)->22453K(2056704K) Eden: 2017792K(2017792K)->0K(2017792K) From: 22421K(40448K)->22453K(38912K)
[2309.197s][info ][gc,heap        ] GC(131) ParOldGen: 420620K(498688K)->420744K(498688K)
[2309.197s][info ][gc,metaspace   ] GC(131) Metaspace: 83692K(84544K)->83692K(84544K) NonClass: 72006K(72448K)->72006K(72448K) Class: 11685K(12096K)->11685K(12096K)
[2309.197s][info ][gc             ] GC(131) Pause Young (Allocation Failure) 2403M->432M(2495M) 5.050ms
[2309.197s][info ][gc,cpu         ] GC(131) User=0.02s Sys=0.00s Real=0.00s
[2309.197s][info ][safepoint      ] Safepoint "ParallelGCFailedAllocation", Time since last: 1374759107 ns, Reaching safepoint: 35401 ns, At safepoint: 5131241 ns, Total: 5166642 ns
[2316.198s][info ][safepoint      ] Safepoint "Cleanup", Time since last: 7000460623 ns, Reaching safepoint: 63301 ns, At safepoint: 7501 ns, Total: 70802 ns
[2338.200s][info ][safepoint      ] Safepoint "Cleanup", Time since last: 22001457460 ns, Reaching safepoint: 57702 ns, At safepoint: 2600 ns, Total: 60302 ns
[2343.200s][info ][safepoint      ] Safepoint "Cleanup", Time since last: 5000404239 ns, Reaching safepoint: 120104 ns, At safepoint: 10100 ns, Total: 130204 ns
[2345.554s][info ][safepoint      ] Safepoint "Cleanup", Time since last: 2354311296 ns, Reaching safepoint: 62202 ns, At safepoint: 5700 ns, Total: 67902 ns
[2346.555s][info ][safepoint      ] Safepoint "Cleanup", Time since last: 1000153669 ns, Reaching safepoint: 48601 ns, At safepoint: 2400 ns, Total: 51001 ns
[2353.556s][info ][safepoint      ] Safepoint "Cleanup", Time since last: 7000922670 ns, Reaching safepoint: 76002 ns, At safepoint: 8700 ns, Total: 84702 ns
[2364.557s][info ][safepoint      ] Safepoint "Cleanup", Time since last: 11000813297 ns, Reaching safepoint: 78002 ns, At safepoint: 37001 ns, Total: 115003 ns
[2394.041s][info ][gc,start       ] GC(132) Pause Young (Allocation Failure)
[2394.046s][debug][gc,phases      ] GC(132) Scavenge 5.221ms
[2394.046s][debug][gc,ref         ] GC(132) Skipped phase 1 of Reference Processing: no references
[2394.046s][debug][gc,ref         ] GC(132) ReferenceProcessor::execute queues: 1, RefProcThreadModel::Single, marks_oops_alive: false
[2394.046s][debug][gc,ref         ] GC(132) Skipped phase 3 of Reference Processing: no references
[2394.046s][debug][gc,ref         ] GC(132) ReferenceProcessor::execute queues: 1, RefProcThreadModel::Single, marks_oops_alive: false
[2394.046s][debug][gc,phases      ] GC(132) Reference Processing 0.120ms
[2394.046s][debug][gc,phases      ] GC(132)   VM Weak                        Min:  0.0, Avg:  0.0, Max:  0.0, Diff:  0.0, Sum:  0.0, Workers: 4
[2394.046s][debug][gc,phases      ] GC(132)     Dead                           Min: 0, Avg:  0.0, Max: 0, Diff: 0, Sum: 0, Workers: 4
[2394.046s][debug][gc,phases      ] GC(132)     Total                          Min: 0, Avg: 174.8, Max: 699, Diff: 699, Sum: 699, Workers: 4
[2394.046s][debug][gc,phases      ] GC(132)   ObjectSynchronizer Weak        Min:  0.0, Avg:  0.0, Max:  0.0, Diff:  0.0, Sum:  0.0, Workers: 4
[2394.046s][debug][gc,phases      ] GC(132)     Dead                           Min: 0, Avg:  0.0, Max: 0, Diff: 0, Sum: 0, Workers: 4
[2394.046s][debug][gc,phases      ] GC(132)     Total                          Min: 0, Avg: 85.8, Max: 256, Diff: 256, Sum: 343, Workers: 4
[2394.046s][debug][gc,phases      ] GC(132)   JVMTI Tag Weak OopStorage      Min:  0.0, Avg:  0.0, Max:  0.0, Diff:  0.0, Sum:  0.0, Workers: 4
[2394.046s][debug][gc,phases      ] GC(132)     Dead                           Min: 0, Avg:  0.0, Max: 0, Diff: 0, Sum: 0, Workers: 4
[2394.046s][debug][gc,phases      ] GC(132)     Total                          Min: 0, Avg:  0.0, Max: 0, Diff: 0, Sum: 0, Workers: 4
[2394.046s][debug][gc,phases      ] GC(132)   StringTable Weak               Min:  0.1, Avg:  0.1, Max:  0.2, Diff:  0.0, Sum:  0.6, Workers: 4
[2394.046s][debug][gc,phases      ] GC(132)     Dead                           Min: 0, Avg:  0.0, Max: 0, Diff: 0, Sum: 0, Workers: 4
[2394.046s][debug][gc,phases      ] GC(132)     Total                          Min: 10176, Avg: 12092.5, Max: 13632, Diff: 3456, Sum: 48370, Workers: 4
[2394.046s][debug][gc,phases      ] GC(132)   ResolvedMethodTable Weak       Min:  0.0, Avg:  0.0, Max:  0.0, Diff:  0.0, Sum:  0.1, Workers: 4
[2394.046s][debug][gc,phases      ] GC(132)     Dead                           Min: 0, Avg:  0.0, Max: 0, Diff: 0, Sum: 0, Workers: 4
[2394.046s][debug][gc,phases      ] GC(132)     Total                          Min: 1792, Avg: 2066.2, Max: 2249, Diff: 457, Sum: 8265, Workers: 4
[2394.046s][debug][gc,phases      ] GC(132)   JNI Weak                       Min:  0.0, Avg:  0.0, Max:  0.0, Diff:  0.0, Sum:  0.0, Workers: 4
[2394.046s][debug][gc,phases      ] GC(132)     Dead                           Min: 0, Avg:  0.0, Max: 0, Diff: 0, Sum: 0, Workers: 4
[2394.046s][debug][gc,phases      ] GC(132)     Total                          Min: 0, Avg:  0.0, Max: 0, Diff: 0, Sum: 0, Workers: 4
[2394.046s][debug][gc,phases      ] GC(132)   StringDedup Table Weak         Min:  0.0, Avg:  0.0, Max:  0.0, Diff:  0.0, Sum:  0.0, Workers: 4
[2394.046s][debug][gc,phases      ] GC(132)     Dead                           Min: 0, Avg:  0.0, Max: 0, Diff: 0, Sum: 0, Workers: 4
[2394.046s][debug][gc,phases      ] GC(132)     Total                          Min: 0, Avg:  0.0, Max: 0, Diff: 0, Sum: 0, Workers: 4
[2394.046s][debug][gc,phases      ] GC(132)   StringDedup Requests0 Weak     Min:  0.0, Avg:  0.0, Max:  0.0, Diff:  0.0, Sum:  0.0, Workers: 4
[2394.046s][debug][gc,phases      ] GC(132)     Dead                           Min: 0, Avg:  0.0, Max: 0, Diff: 0, Sum: 0, Workers: 4
[2394.046s][debug][gc,phases      ] GC(132)     Total                          Min: 0, Avg:  0.0, Max: 0, Diff: 0, Sum: 0, Workers: 4
[2394.047s][debug][gc,phases      ] GC(132)   StringDedup Requests1 Weak     Min:  0.0, Avg:  0.0, Max:  0.0, Diff:  0.0, Sum:  0.0, Workers: 4
[2394.047s][debug][gc,phases      ] GC(132)     Dead                           Min: 0, Avg:  0.0, Max: 0, Diff: 0, Sum: 0, Workers: 4
[2394.047s][debug][gc,phases      ] GC(132)     Total                          Min: 0, Avg:  0.0, Max: 0, Diff: 0, Sum: 0, Workers: 4
[2394.047s][debug][gc,phases      ] GC(132)   Weak JFR Old Object Samples    Min:  0.0, Avg:  0.0, Max:  0.0, Diff:  0.0, Sum:  0.0, Workers: 4
[2394.047s][debug][gc,phases      ] GC(132)     Dead                           Min: 0, Avg:  0.0, Max: 0, Diff: 0, Sum: 0, Workers: 4
[2394.047s][debug][gc,phases      ] GC(132)     Total                          Min: 0, Avg:  0.0, Max: 0, Diff: 0, Sum: 0, Workers: 4
[2394.047s][debug][gc,phases      ] GC(132) Weak Processing 0.397ms
[2394.047s][debug][gc,age         ] GC(132) Desired survivor size 40370176 bytes, new threshold 15 (max threshold 15)
[2394.047s][info ][gc,heap        ] GC(132) PSYoungGen: 2040245K(2056704K)->4256K(2055680K) Eden: 2017792K(2017792K)->0K(2018304K) From: 22453K(38912K)->4256K(37376K)
[2394.047s][info ][gc,heap        ] GC(132) ParOldGen: 420744K(498688K)->439090K(498688K)
[2394.047s][info ][gc,metaspace   ] GC(132) Metaspace: 83700K(84608K)->83700K(84608K) NonClass: 72014K(72512K)->72014K(72512K) Class: 11685K(12096K)->11685K(12096K)
[2394.047s][info ][gc             ] GC(132) Pause Young (Allocation Failure) 2403M->432M(2494M) 5.886ms
[2394.047s][info ][gc,cpu         ] GC(132) User=0.02s Sys=0.00s Real=0.00s
[2394.047s][info ][safepoint      ] Safepoint "ParallelGCFailedAllocation", Time since last: 29483918577 ns, Reaching safepoint: 130704 ns, At safepoint: 5971964 ns, Total: 6102668 ns
[2417.049s][info ][safepoint      ] Safepoint "Cleanup", Time since last: 23002327033 ns, Reaching safepoint: 67502 ns, At safepoint: 8700 ns, Total: 76202 ns
[2427.050s][info ][safepoint      ] Safepoint "Cleanup", Time since last: 10000700992 ns, Reaching safepoint: 52401 ns, At safepoint: 33401 ns, Total: 85802 ns
[2435.056s][info ][safepoint      ] Safepoint "Cleanup", Time since last: 8006119532 ns, Reaching safepoint: 51401 ns, At safepoint: 3000 ns, Total: 54401 ns
[2453.059s][info ][safepoint      ] Safepoint "Cleanup", Time since last: 18002676744 ns, Reaching safepoint: 87002 ns, At safepoint: 28301 ns, Total: 115303 ns
[2456.059s][info ][safepoint      ] Safepoint "Cleanup", Time since last: 3000291230 ns, Reaching safepoint: 66102 ns, At safepoint: 10400 ns, Total: 76502 ns
[2457.059s][info ][safepoint      ] Safepoint "Cleanup", Time since last: 1000138845 ns, Reaching safepoint: 58501 ns, At safepoint: 30301 ns, Total: 88802 ns
[2458.060s][info ][safepoint      ] Safepoint "Cleanup", Time since last: 1000114843 ns, Reaching safepoint: 47302 ns, At safepoint: 2600 ns, Total: 49902 ns
[2466.060s][info ][safepoint      ] Safepoint "Cleanup", Time since last: 8000639331 ns, Reaching safepoint: 59102 ns, At safepoint: 2700 ns, Total: 61802 ns
[2470.061s][info ][safepoint      ] Safepoint "Cleanup", Time since last: 4000330761 ns, Reaching safepoint: 62302 ns, At safepoint: 7400 ns, Total: 69702 ns
[2481.441s][info ][gc,start       ] GC(133) Pause Young (Allocation Failure)
[2481.443s][debug][gc,phases      ] GC(133) Scavenge 2.202ms
[2481.443s][debug][gc,ref         ] GC(133) Skipped phase 1 of Reference Processing: no references
[2481.443s][debug][gc,ref         ] GC(133) ReferenceProcessor::execute queues: 1, RefProcThreadModel::Single, marks_oops_alive: false
[2481.443s][debug][gc,ref         ] GC(133) Skipped phase 3 of Reference Processing: no references
[2481.443s][debug][gc,ref         ] GC(133) ReferenceProcessor::execute queues: 1, RefProcThreadModel::Single, marks_oops_alive: false
[2481.443s][debug][gc,phases      ] GC(133) Reference Processing 0.127ms
[2481.443s][debug][gc,phases      ] GC(133)   VM Weak                        Min:  0.0, Avg:  0.0, Max:  0.0, Diff:  0.0, Sum:  0.0, Workers: 4
[2481.443s][debug][gc,phases      ] GC(133)     Dead                           Min: 0, Avg:  0.0, Max: 0, Diff: 0, Sum: 0, Workers: 4
[2481.443s][debug][gc,phases      ] GC(133)     Total                          Min: 0, Avg: 174.8, Max: 571, Diff: 571, Sum: 699, Workers: 4
[2481.443s][debug][gc,phases      ] GC(133)   ObjectSynchronizer Weak        Min:  0.0, Avg:  0.0, Max:  0.0, Diff:  0.0, Sum:  0.0, Workers: 4
[2481.443s][debug][gc,phases      ] GC(133)     Dead                           Min: 0, Avg:  0.0, Max: 0, Diff: 0, Sum: 0, Workers: 4
[2481.443s][debug][gc,phases      ] GC(133)     Total                          Min: 0, Avg: 85.8, Max: 215, Diff: 215, Sum: 343, Workers: 4
[2481.443s][debug][gc,phases      ] GC(133)   JVMTI Tag Weak OopStorage      Min:  0.0, Avg:  0.0, Max:  0.0, Diff:  0.0, Sum:  0.0, Workers: 4
[2481.443s][debug][gc,phases      ] GC(133)     Dead                           Min: 0, Avg:  0.0, Max: 0, Diff: 0, Sum: 0, Workers: 4
[2481.443s][debug][gc,phases      ] GC(133)     Total                          Min: 0, Avg:  0.0, Max: 0, Diff: 0, Sum: 0, Workers: 4
[2481.443s][debug][gc,phases      ] GC(133)   StringTable Weak               Min:  0.1, Avg:  0.1, Max:  0.1, Diff:  0.0, Sum:  0.4, Workers: 4
[2481.443s][debug][gc,phases      ] GC(133)     Dead                           Min: 0, Avg:  0.0, Max: 0, Diff: 0, Sum: 0, Workers: 4
[2481.443s][debug][gc,phases      ] GC(133)     Total                          Min: 10738, Avg: 12092.5, Max: 13696, Diff: 2958, Sum: 48370, Workers: 4
[2481.443s][debug][gc,phases      ] GC(133)   ResolvedMethodTable Weak       Min:  0.0, Avg:  0.0, Max:  0.0, Diff:  0.0, Sum:  0.1, Workers: 4
[2481.443s][debug][gc,phases      ] GC(133)     Dead                           Min: 0, Avg:  0.0, Max: 0, Diff: 0, Sum: 0, Workers: 4
[2481.443s][debug][gc,phases      ] GC(133)     Total                          Min: 1920, Avg: 2066.2, Max: 2240, Diff: 320, Sum: 8265, Workers: 4
[2481.443s][debug][gc,phases      ] GC(133)   JNI Weak                       Min:  0.0, Avg:  0.0, Max:  0.0, Diff:  0.0, Sum:  0.0, Workers: 4
[2481.443s][debug][gc,phases      ] GC(133)     Dead                           Min: 0, Avg:  0.0, Max: 0, Diff: 0, Sum: 0, Workers: 4
[2481.443s][debug][gc,phases      ] GC(133)     Total                          Min: 0, Avg:  0.0, Max: 0, Diff: 0, Sum: 0, Workers: 4
[2481.443s][debug][gc,phases      ] GC(133)   StringDedup Table Weak         Min:  0.0, Avg:  0.0, Max:  0.0, Diff:  0.0, Sum:  0.0, Workers: 4
[2481.443s][debug][gc,phases      ] GC(133)     Dead                           Min: 0, Avg:  0.0, Max: 0, Diff: 0, Sum: 0, Workers: 4
[2481.443s][debug][gc,phases      ] GC(133)     Total                          Min: 0, Avg:  0.0, Max: 0, Diff: 0, Sum: 0, Workers: 4
[2481.443s][debug][gc,phases      ] GC(133)   StringDedup Requests0 Weak     Min:  0.0, Avg:  0.0, Max:  0.0, Diff:  0.0, Sum:  0.0, Workers: 4
[2481.443s][debug][gc,phases      ] GC(133)     Dead                           Min: 0, Avg:  0.0, Max: 0, Diff: 0, Sum: 0, Workers: 4
[2481.443s][debug][gc,phases      ] GC(133)     Total                          Min: 0, Avg:  0.0, Max: 0, Diff: 0, Sum: 0, Workers: 4
[2481.443s][debug][gc,phases      ] GC(133)   StringDedup Requests1 Weak     Min:  0.0, Avg:  0.0, Max:  0.0, Diff:  0.0, Sum:  0.0, Workers: 4
[2481.443s][debug][gc,phases      ] GC(133)     Dead                           Min: 0, Avg:  0.0, Max: 0, Diff: 0, Sum: 0, Workers: 4
[2481.443s][debug][gc,phases      ] GC(133)     Total                          Min: 0, Avg:  0.0, Max: 0, Diff: 0, Sum: 0, Workers: 4
[2481.443s][debug][gc,phases      ] GC(133)   Weak JFR Old Object Samples    Min:  0.0, Avg:  0.0, Max:  0.0, Diff:  0.0, Sum:  0.0, Workers: 4
[2481.443s][debug][gc,phases      ] GC(133)     Dead                           Min: 0, Avg:  0.0, Max: 0, Diff: 0, Sum: 0, Workers: 4
[2481.443s][debug][gc,phases      ] GC(133)     Total                          Min: 0, Avg:  0.0, Max: 0, Diff: 0, Sum: 0, Workers: 4
[2481.443s][debug][gc,phases      ] GC(133) Weak Processing 0.301ms
[2481.443s][debug][gc,age         ] GC(133) Desired survivor size 41943040 bytes, new threshold 15 (max threshold 15)
[2481.443s][info ][gc,heap        ] GC(133) PSYoungGen: 2022560K(2055680K)->4016K(2022400K) Eden: 2018304K(2018304K)->0K(2018304K) From: 4256K(37376K)->4016K(4096K)
[2481.443s][info ][gc,heap        ] GC(133) ParOldGen: 439090K(498688K)->439218K(498688K)
[2481.443s][info ][gc,metaspace   ] GC(133) Metaspace: 83708K(84608K)->83708K(84608K) NonClass: 72023K(72512K)->72023K(72512K) Class: 11685K(12096K)->11685K(12096K)
[2481.443s][info ][gc             ] GC(133) Pause Young (Allocation Failure) 2403M->432M(2462M) 2.754ms
[2481.443s][info ][gc,cpu         ] GC(133) User=0.01s Sys=0.00s Real=0.00s
[2481.443s][info ][safepoint      ] Safepoint "ParallelGCFailedAllocation", Time since last: 11379846262 ns, Reaching safepoint: 99403 ns, At safepoint: 2834278 ns, Total: 2933681 ns
[2484.444s][info ][safepoint      ] Safepoint "Cleanup", Time since last: 3000231412 ns, Reaching safepoint: 118303 ns, At safepoint: 9101 ns, Total: 127404 ns
[2486.597s][info ][safepoint      ] Safepoint "Cleanup", Time since last: 2152861878 ns, Reaching safepoint: 67502 ns, At safepoint: 3000 ns, Total: 70502 ns
[2499.598s][info ][safepoint      ] Safepoint "Cleanup", Time since last: 13000884559 ns, Reaching safepoint: 45201 ns, At safepoint: 2200 ns, Total: 47401 ns
[2514.599s][info ][safepoint      ] Safepoint "Cleanup", Time since last: 15000955689 ns, Reaching safepoint: 56302 ns, At safepoint: 4100 ns, Total: 60402 ns
[2524.599s][info ][safepoint      ] Safepoint "Cleanup", Time since last: 10000698806 ns, Reaching safepoint: 54402 ns, At safepoint: 3700 ns, Total: 58102 ns
[2544.601s][info ][safepoint      ] Safepoint "Cleanup", Time since last: 20001279558 ns, Reaching safepoint: 77202 ns, At safepoint: 2500 ns, Total: 79702 ns
[2566.891s][info ][gc,start       ] GC(134) Pause Young (Allocation Failure)
[2566.893s][debug][gc,phases      ] GC(134) Scavenge 1.907ms
[2566.893s][debug][gc,ref         ] GC(134) Skipped phase 1 of Reference Processing: no references
[2566.893s][debug][gc,ref         ] GC(134) ReferenceProcessor::execute queues: 1, RefProcThreadModel::Single, marks_oops_alive: false
[2566.893s][debug][gc,ref         ] GC(134) Skipped phase 3 of Reference Processing: no references
[2566.893s][debug][gc,ref         ] GC(134) ReferenceProcessor::execute queues: 1, RefProcThreadModel::Single, marks_oops_alive: false
[2566.893s][debug][gc,phases      ] GC(134) Reference Processing 0.106ms
[2566.894s][debug][gc,phases      ] GC(134)   VM Weak                        Min:  0.0, Avg:  0.0, Max:  0.0, Diff:  0.0, Sum:  0.0, Workers: 4
[2566.894s][debug][gc,phases      ] GC(134)     Dead                           Min: 0, Avg:  0.0, Max: 0, Diff: 0, Sum: 0, Workers: 4
[2566.894s][debug][gc,phases      ] GC(134)     Total                          Min: 0, Avg: 174.8, Max: 699, Diff: 699, Sum: 699, Workers: 4
[2566.894s][debug][gc,phases      ] GC(134)   ObjectSynchronizer Weak        Min:  0.0, Avg:  0.0, Max:  0.0, Diff:  0.0, Sum:  0.0, Workers: 4
[2566.894s][debug][gc,phases      ] GC(134)     Dead                           Min: 0, Avg:  0.0, Max: 0, Diff: 0, Sum: 0, Workers: 4
[2566.894s][debug][gc,phases      ] GC(134)     Total                          Min: 0, Avg: 85.8, Max: 215, Diff: 215, Sum: 343, Workers: 4
[2566.894s][debug][gc,phases      ] GC(134)   JVMTI Tag Weak OopStorage      Min:  0.0, Avg:  0.0, Max:  0.0, Diff:  0.0, Sum:  0.0, Workers: 4
[2566.894s][debug][gc,phases      ] GC(134)     Dead                           Min: 0, Avg:  0.0, Max: 0, Diff: 0, Sum: 0, Workers: 4
[2566.894s][debug][gc,phases      ] GC(134)     Total                          Min: 0, Avg:  0.0, Max: 0, Diff: 0, Sum: 0, Workers: 4
[2566.894s][debug][gc,phases      ] GC(134)   StringTable Weak               Min:  0.1, Avg:  0.1, Max:  0.1, Diff:  0.0, Sum:  0.4, Workers: 4
[2566.894s][debug][gc,phases      ] GC(134)     Dead                           Min: 0, Avg:  0.0, Max: 0, Diff: 0, Sum: 0, Workers: 4
[2566.894s][debug][gc,phases      ] GC(134)     Total                          Min: 10240, Avg: 12101.2, Max: 13461, Diff: 3221, Sum: 48405, Workers: 4
[2566.894s][debug][gc,phases      ] GC(134)   ResolvedMethodTable Weak       Min:  0.0, Avg:  0.0, Max:  0.0, Diff:  0.0, Sum:  0.1, Workers: 4
[2566.894s][debug][gc,phases      ] GC(134)     Dead                           Min: 0, Avg:  0.0, Max: 0, Diff: 0, Sum: 0, Workers: 4
[2566.894s][debug][gc,phases      ] GC(134)     Total                          Min: 1472, Avg: 2066.2, Max: 2505, Diff: 1033, Sum: 8265, Workers: 4
[2566.894s][debug][gc,phases      ] GC(134)   JNI Weak                       Min:  0.0, Avg:  0.0, Max:  0.0, Diff:  0.0, Sum:  0.0, Workers: 4
[2566.894s][debug][gc,phases      ] GC(134)     Dead                           Min: 0, Avg:  0.0, Max: 0, Diff: 0, Sum: 0, Workers: 4
[2566.894s][debug][gc,phases      ] GC(134)     Total                          Min: 0, Avg:  0.0, Max: 0, Diff: 0, Sum: 0, Workers: 4
[2566.894s][debug][gc,phases      ] GC(134)   StringDedup Table Weak         Min:  0.0, Avg:  0.0, Max:  0.0, Diff:  0.0, Sum:  0.0, Workers: 4
[2566.894s][debug][gc,phases      ] GC(134)     Dead                           Min: 0, Avg:  0.0, Max: 0, Diff: 0, Sum: 0, Workers: 4
[2566.894s][debug][gc,phases      ] GC(134)     Total                          Min: 0, Avg:  0.0, Max: 0, Diff: 0, Sum: 0, Workers: 4
[2566.894s][debug][gc,phases      ] GC(134)   StringDedup Requests0 Weak     Min:  0.0, Avg:  0.0, Max:  0.0, Diff:  0.0, Sum:  0.0, Workers: 4
[2566.894s][debug][gc,phases      ] GC(134)     Dead                           Min: 0, Avg:  0.0, Max: 0, Diff: 0, Sum: 0, Workers: 4
[2566.894s][debug][gc,phases      ] GC(134)     Total                          Min: 0, Avg:  0.0, Max: 0, Diff: 0, Sum: 0, Workers: 4
[2566.894s][debug][gc,phases      ] GC(134)   StringDedup Requests1 Weak     Min:  0.0, Avg:  0.0, Max:  0.0, Diff:  0.0, Sum:  0.0, Workers: 4
[2566.894s][debug][gc,phases      ] GC(134)     Dead                           Min: 0, Avg:  0.0, Max: 0, Diff: 0, Sum: 0, Workers: 4
[2566.894s][debug][gc,phases      ] GC(134)     Total                          Min: 0, Avg:  0.0, Max: 0, Diff: 0, Sum: 0, Workers: 4
[2566.894s][debug][gc,phases      ] GC(134)   Weak JFR Old Object Samples    Min:  0.0, Avg:  0.0, Max:  0.0, Diff:  0.0, Sum:  0.0, Workers: 4
[2566.894s][debug][gc,phases      ] GC(134)     Dead                           Min: 0, Avg:  0.0, Max: 0, Diff: 0, Sum: 0, Workers: 4
[2566.894s][debug][gc,phases      ] GC(134)     Total                          Min: 0, Avg:  0.0, Max: 0, Diff: 0, Sum: 0, Workers: 4
[2566.894s][debug][gc,phases      ] GC(134) Weak Processing 0.322ms
[2566.894s][debug][gc,age         ] GC(134) Desired survivor size 42467328 bytes, new threshold 15 (max threshold 15)
[2566.894s][info ][gc,heap        ] GC(134) PSYoungGen: 2022320K(2022400K)->3760K(2055168K) Eden: 2018304K(2018304K)->0K(2014208K) From: 4016K(4096K)->3760K(40960K)
[2566.894s][info ][gc,heap        ] GC(134) ParOldGen: 439218K(498688K)->439330K(498688K)
[2566.894s][info ][gc,metaspace   ] GC(134) Metaspace: 83709K(84608K)->83709K(84608K) NonClass: 72023K(72512K)->72023K(72512K) Class: 11685K(12096K)->11685K(12096K)
[2566.894s][info ][gc             ] GC(134) Pause Young (Allocation Failure) 2403M->432M(2494M) 2.451ms
[2566.894s][info ][gc,cpu         ] GC(134) User=0.01s Sys=0.00s Real=0.00s
[2566.894s][info ][safepoint      ] Safepoint "ParallelGCFailedAllocation", Time since last: 22290282488 ns, Reaching safepoint: 141603 ns, At safepoint: 2539570 ns, Total: 2681173 ns
[2571.894s][info ][safepoint      ] Safepoint "Cleanup", Time since last: 5000595219 ns, Reaching safepoint: 54702 ns, At safepoint: 3600 ns, Total: 58302 ns
[2573.895s][info ][safepoint      ] Safepoint "Cleanup", Time since last: 2000181045 ns, Reaching safepoint: 103102 ns, At safepoint: 9801 ns, Total: 112903 ns
[2595.896s][info ][safepoint      ] Safepoint "Cleanup", Time since last: 22001661743 ns, Reaching safepoint: 58102 ns, At safepoint: 2400 ns, Total: 60502 ns
[2603.897s][info ][safepoint      ] Safepoint "Cleanup", Time since last: 8000651645 ns, Reaching safepoint: 51901 ns, At safepoint: 2800 ns, Total: 54701 ns
[2617.899s][info ][safepoint      ] Safepoint "Cleanup", Time since last: 14001559442 ns, Reaching safepoint: 59302 ns, At safepoint: 9500 ns, Total: 68802 ns
[2643.901s][info ][safepoint      ] Safepoint "Cleanup", Time since last: 26001855247 ns, Reaching safepoint: 59302 ns, At safepoint: 4300 ns, Total: 63602 ns
[2649.901s][info ][safepoint      ] Safepoint "Cleanup", Time since last: 6000452568 ns, Reaching safepoint: 48401 ns, At safepoint: 2600 ns, Total: 51001 ns
[2652.791s][info ][gc,start       ] GC(135) Pause Young (Allocation Failure)
[2652.793s][debug][gc,phases      ] GC(135) Scavenge 2.336ms
[2652.793s][debug][gc,ref         ] GC(135) Skipped phase 1 of Reference Processing: no references
[2652.793s][debug][gc,ref         ] GC(135) ReferenceProcessor::execute queues: 1, RefProcThreadModel::Single, marks_oops_alive: false
[2652.793s][debug][gc,ref         ] GC(135) Skipped phase 3 of Reference Processing: no references
[2652.793s][debug][gc,ref         ] GC(135) ReferenceProcessor::execute queues: 1, RefProcThreadModel::Single, marks_oops_alive: false
[2652.793s][debug][gc,phases      ] GC(135) Reference Processing 0.118ms
[2652.793s][debug][gc,phases      ] GC(135)   VM Weak                        Min:  0.0, Avg:  0.0, Max:  0.0, Diff:  0.0, Sum:  0.0, Workers: 4
[2652.793s][debug][gc,phases      ] GC(135)     Dead                           Min: 0, Avg:  0.0, Max: 0, Diff: 0, Sum: 0, Workers: 4
[2652.793s][debug][gc,phases      ] GC(135)     Total                          Min: 0, Avg: 174.8, Max: 571, Diff: 571, Sum: 699, Workers: 4
[2652.793s][debug][gc,phases      ] GC(135)   ObjectSynchronizer Weak        Min:  0.0, Avg:  0.0, Max:  0.0, Diff:  0.0, Sum:  0.0, Workers: 4
[2652.793s][debug][gc,phases      ] GC(135)     Dead                           Min: 0, Avg:  0.0, Max: 0, Diff: 0, Sum: 0, Workers: 4
[2652.793s][debug][gc,phases      ] GC(135)     Total                          Min: 0, Avg: 85.8, Max: 151, Diff: 151, Sum: 343, Workers: 4
[2652.793s][debug][gc,phases      ] GC(135)   JVMTI Tag Weak OopStorage      Min:  0.0, Avg:  0.0, Max:  0.0, Diff:  0.0, Sum:  0.0, Workers: 4
[2652.793s][debug][gc,phases      ] GC(135)     Dead                           Min: 0, Avg:  0.0, Max: 0, Diff: 0, Sum: 0, Workers: 4
[2652.793s][debug][gc,phases      ] GC(135)     Total                          Min: 0, Avg:  0.0, Max: 0, Diff: 0, Sum: 0, Workers: 4
[2652.793s][debug][gc,phases      ] GC(135)   StringTable Weak               Min:  0.1, Avg:  0.1, Max:  0.1, Diff:  0.0, Sum:  0.4, Workers: 4
[2652.793s][debug][gc,phases      ] GC(135)     Dead                           Min: 0, Avg:  0.0, Max: 0, Diff: 0, Sum: 0, Workers: 4
[2652.793s][debug][gc,phases      ] GC(135)     Total                          Min: 9536, Avg: 12101.2, Max: 13568, Diff: 4032, Sum: 48405, Workers: 4
[2652.793s][debug][gc,phases      ] GC(135)   ResolvedMethodTable Weak       Min:  0.0, Avg:  0.0, Max:  0.0, Diff:  0.0, Sum:  0.1, Workers: 4
[2652.793s][debug][gc,phases      ] GC(135)     Dead                           Min: 0, Avg:  0.0, Max: 0, Diff: 0, Sum: 0, Workers: 4
[2652.793s][debug][gc,phases      ] GC(135)     Total                          Min: 1865, Avg: 2066.2, Max: 2304, Diff: 439, Sum: 8265, Workers: 4
[2652.793s][debug][gc,phases      ] GC(135)   JNI Weak                       Min:  0.0, Avg:  0.0, Max:  0.0, Diff:  0.0, Sum:  0.0, Workers: 4
[2652.793s][debug][gc,phases      ] GC(135)     Dead                           Min: 0, Avg:  0.0, Max: 0, Diff: 0, Sum: 0, Workers: 4
[2652.793s][debug][gc,phases      ] GC(135)     Total                          Min: 0, Avg:  0.0, Max: 0, Diff: 0, Sum: 0, Workers: 4
[2652.794s][debug][gc,phases      ] GC(135)   StringDedup Table Weak         Min:  0.0, Avg:  0.0, Max:  0.0, Diff:  0.0, Sum:  0.0, Workers: 4
[2652.794s][debug][gc,phases      ] GC(135)     Dead                           Min: 0, Avg:  0.0, Max: 0, Diff: 0, Sum: 0, Workers: 4
[2652.794s][debug][gc,phases      ] GC(135)     Total                          Min: 0, Avg:  0.0, Max: 0, Diff: 0, Sum: 0, Workers: 4
[2652.794s][debug][gc,phases      ] GC(135)   StringDedup Requests0 Weak     Min:  0.0, Avg:  0.0, Max:  0.0, Diff:  0.0, Sum:  0.0, Workers: 4
[2652.794s][debug][gc,phases      ] GC(135)     Dead                           Min: 0, Avg:  0.0, Max: 0, Diff: 0, Sum: 0, Workers: 4
[2652.794s][debug][gc,phases      ] GC(135)     Total                          Min: 0, Avg:  0.0, Max: 0, Diff: 0, Sum: 0, Workers: 4
[2652.794s][debug][gc,phases      ] GC(135)   StringDedup Requests1 Weak     Min:  0.0, Avg:  0.0, Max:  0.0, Diff:  0.0, Sum:  0.0, Workers: 4
[2652.794s][debug][gc,phases      ] GC(135)     Dead                           Min: 0, Avg:  0.0, Max: 0, Diff: 0, Sum: 0, Workers: 4
[2652.794s][debug][gc,phases      ] GC(135)     Total                          Min: 0, Avg:  0.0, Max: 0, Diff: 0, Sum: 0, Workers: 4
[2652.794s][debug][gc,phases      ] GC(135)   Weak JFR Old Object Samples    Min:  0.0, Avg:  0.0, Max:  0.0, Diff:  0.0, Sum:  0.0, Workers: 4
[2652.794s][debug][gc,phases      ] GC(135)     Dead                           Min: 0, Avg:  0.0, Max: 0, Diff: 0, Sum: 0, Workers: 4
[2652.794s][debug][gc,phases      ] GC(135)     Total                          Min: 0, Avg:  0.0, Max: 0, Diff: 0, Sum: 0, Workers: 4
[2652.794s][debug][gc,phases      ] GC(135) Weak Processing 0.326ms
[2652.794s][debug][gc,age         ] GC(135) Desired survivor size 42467328 bytes, new threshold 15 (max threshold 15)
[2652.794s][info ][gc,heap        ] GC(135) PSYoungGen: 2017968K(2055168K)->3744K(2055680K) Eden: 2014208K(2014208K)->0K(2014208K) From: 3760K(40960K)->3744K(41472K)
[2652.794s][info ][gc,heap        ] GC(135) ParOldGen: 439330K(498688K)->439362K(498688K)
[2652.794s][info ][gc,metaspace   ] GC(135) Metaspace: 83710K(84608K)->83710K(84608K) NonClass: 72025K(72512K)->72025K(72512K) Class: 11685K(12096K)->11685K(12096K)
[2652.794s][info ][gc             ] GC(135) Pause Young (Allocation Failure) 2399M->432M(2494M) 2.901ms
[2652.794s][info ][gc,cpu         ] GC(135) User=0.02s Sys=0.00s Real=0.00s
[2652.794s][info ][safepoint      ] Safepoint "ParallelGCFailedAllocation", Time since last: 2889342082 ns, Reaching safepoint: 139904 ns, At safepoint: 2987582 ns, Total: 3127486 ns
[2654.794s][info ][safepoint      ] Safepoint "Cleanup", Time since last: 2000183721 ns, Reaching safepoint: 140704 ns, At safepoint: 7800 ns, Total: 148504 ns
[2662.795s][info ][safepoint      ] Safepoint "Cleanup", Time since last: 8000809184 ns, Reaching safepoint: 40701 ns, At safepoint: 2400 ns, Total: 43101 ns
[2678.796s][info ][safepoint      ] Safepoint "Cleanup", Time since last: 16001182529 ns, Reaching safepoint: 46701 ns, At safepoint: 2800 ns, Total: 49501 ns
[2696.797s][info ][safepoint      ] Safepoint "Cleanup", Time since last: 18001225904 ns, Reaching safepoint: 55102 ns, At safepoint: 2900 ns, Total: 58002 ns
[2697.798s][info ][safepoint      ] Safepoint "Cleanup", Time since last: 1000118006 ns, Reaching safepoint: 59301 ns, At safepoint: 3300 ns, Total: 62601 ns
[2701.798s][info ][safepoint      ] Safepoint "Cleanup", Time since last: 4000282118 ns, Reaching safepoint: 49301 ns, At safepoint: 6200 ns, Total: 55501 ns
[2704.798s][info ][safepoint      ] Safepoint "Cleanup", Time since last: 3000194912 ns, Reaching safepoint: 61801 ns, At safepoint: 17501 ns, Total: 79302 ns
[2706.798s][info ][safepoint      ] Safepoint "Cleanup", Time since last: 2000149107 ns, Reaching safepoint: 47802 ns, At safepoint: 2800 ns, Total: 50602 ns
[2715.800s][info ][safepoint      ] Safepoint "Cleanup", Time since last: 9001130440 ns, Reaching safepoint: 55202 ns, At safepoint: 3100 ns, Total: 58302 ns
[2716.800s][info ][safepoint      ] Safepoint "Cleanup", Time since last: 1000115403 ns, Reaching safepoint: 47002 ns, At safepoint: 3400 ns, Total: 50402 ns
[2730.801s][info ][safepoint      ] Safepoint "Cleanup", Time since last: 14000956420 ns, Reaching safepoint: 56802 ns, At safepoint: 6100 ns, Total: 62902 ns
[2734.801s][info ][safepoint      ] Safepoint "Cleanup", Time since last: 4000310302 ns, Reaching safepoint: 124204 ns, At safepoint: 6800 ns, Total: 131004 ns
[2737.440s][info ][gc,start       ] GC(136) Pause Young (Allocation Failure)
[2737.442s][debug][gc,phases      ] GC(136) Scavenge 2.159ms
[2737.442s][debug][gc,ref         ] GC(136) Skipped phase 1 of Reference Processing: no references
[2737.442s][debug][gc,ref         ] GC(136) ReferenceProcessor::execute queues: 1, RefProcThreadModel::Single, marks_oops_alive: false
[2737.442s][debug][gc,ref         ] GC(136) Skipped phase 3 of Reference Processing: no references
[2737.442s][debug][gc,ref         ] GC(136) ReferenceProcessor::execute queues: 1, RefProcThreadModel::Single, marks_oops_alive: false
[2737.442s][debug][gc,phases      ] GC(136) Reference Processing 0.125ms
[2737.442s][debug][gc,phases      ] GC(136)   VM Weak                        Min:  0.0, Avg:  0.0, Max:  0.0, Diff:  0.0, Sum:  0.0, Workers: 4
[2737.442s][debug][gc,phases      ] GC(136)     Dead                           Min: 0, Avg:  0.0, Max: 0, Diff: 0, Sum: 0, Workers: 4
[2737.442s][debug][gc,phases      ] GC(136)     Total                          Min: 0, Avg: 174.8, Max: 640, Diff: 640, Sum: 699, Workers: 4
[2737.442s][debug][gc,phases      ] GC(136)   ObjectSynchronizer Weak        Min:  0.0, Avg:  0.0, Max:  0.0, Diff:  0.0, Sum:  0.0, Workers: 4
[2737.442s][debug][gc,phases      ] GC(136)     Dead                           Min: 0, Avg:  0.0, Max: 0, Diff: 0, Sum: 0, Workers: 4
[2737.442s][debug][gc,phases      ] GC(136)     Total                          Min: 0, Avg: 85.8, Max: 215, Diff: 215, Sum: 343, Workers: 4
[2737.442s][debug][gc,phases      ] GC(136)   JVMTI Tag Weak OopStorage      Min:  0.0, Avg:  0.0, Max:  0.0, Diff:  0.0, Sum:  0.0, Workers: 4
[2737.442s][debug][gc,phases      ] GC(136)     Dead                           Min: 0, Avg:  0.0, Max: 0, Diff: 0, Sum: 0, Workers: 4
[2737.442s][debug][gc,phases      ] GC(136)     Total                          Min: 0, Avg:  0.0, Max: 0, Diff: 0, Sum: 0, Workers: 4
[2737.442s][debug][gc,phases      ] GC(136)   StringTable Weak               Min:  0.1, Avg:  0.1, Max:  0.1, Diff:  0.0, Sum:  0.4, Workers: 4
[2737.443s][debug][gc,phases      ] GC(136)     Dead                           Min: 0, Avg:  0.0, Max: 0, Diff: 0, Sum: 0, Workers: 4
[2737.443s][debug][gc,phases      ] GC(136)     Total                          Min: 11520, Avg: 12133.5, Max: 13206, Diff: 1686, Sum: 48534, Workers: 4
[2737.443s][debug][gc,phases      ] GC(136)   ResolvedMethodTable Weak       Min:  0.0, Avg:  0.0, Max:  0.0, Diff:  0.0, Sum:  0.1, Workers: 4
[2737.443s][debug][gc,phases      ] GC(136)     Dead                           Min: 0, Avg:  0.0, Max: 0, Diff: 0, Sum: 0, Workers: 4
[2737.443s][debug][gc,phases      ] GC(136)     Total                          Min: 1856, Avg: 2066.2, Max: 2377, Diff: 521, Sum: 8265, Workers: 4
[2737.443s][debug][gc,phases      ] GC(136)   JNI Weak                       Min:  0.0, Avg:  0.0, Max:  0.0, Diff:  0.0, Sum:  0.0, Workers: 4
[2737.443s][debug][gc,phases      ] GC(136)     Dead                           Min: 0, Avg:  0.0, Max: 0, Diff: 0, Sum: 0, Workers: 4
[2737.443s][debug][gc,phases      ] GC(136)     Total                          Min: 0, Avg:  0.0, Max: 0, Diff: 0, Sum: 0, Workers: 4
[2737.443s][debug][gc,phases      ] GC(136)   StringDedup Table Weak         Min:  0.0, Avg:  0.0, Max:  0.0, Diff:  0.0, Sum:  0.0, Workers: 4
[2737.443s][debug][gc,phases      ] GC(136)     Dead                           Min: 0, Avg:  0.0, Max: 0, Diff: 0, Sum: 0, Workers: 4
[2737.443s][debug][gc,phases      ] GC(136)     Total                          Min: 0, Avg:  0.0, Max: 0, Diff: 0, Sum: 0, Workers: 4
[2737.443s][debug][gc,phases      ] GC(136)   StringDedup Requests0 Weak     Min:  0.0, Avg:  0.0, Max:  0.0, Diff:  0.0, Sum:  0.0, Workers: 4
[2737.443s][debug][gc,phases      ] GC(136)     Dead                           Min: 0, Avg:  0.0, Max: 0, Diff: 0, Sum: 0, Workers: 4
[2737.443s][debug][gc,phases      ] GC(136)     Total                          Min: 0, Avg:  0.0, Max: 0, Diff: 0, Sum: 0, Workers: 4
[2737.443s][debug][gc,phases      ] GC(136)   StringDedup Requests1 Weak     Min:  0.0, Avg:  0.0, Max:  0.0, Diff:  0.0, Sum:  0.0, Workers: 4
[2737.443s][debug][gc,phases      ] GC(136)     Dead                           Min: 0, Avg:  0.0, Max: 0, Diff: 0, Sum: 0, Workers: 4
[2737.443s][debug][gc,phases      ] GC(136)     Total                          Min: 0, Avg:  0.0, Max: 0, Diff: 0, Sum: 0, Workers: 4
[2737.443s][debug][gc,phases      ] GC(136)   Weak JFR Old Object Samples    Min:  0.0, Avg:  0.0, Max:  0.0, Diff:  0.0, Sum:  0.0, Workers: 4
[2737.443s][debug][gc,phases      ] GC(136)     Dead                           Min: 0, Avg:  0.0, Max: 0, Diff: 0, Sum: 0, Workers: 4
[2737.443s][debug][gc,phases      ] GC(136)     Total                          Min: 0, Avg:  0.0, Max: 0, Diff: 0, Sum: 0, Workers: 4
[2737.443s][debug][gc,phases      ] GC(136) Weak Processing 0.326ms
[2737.443s][debug][gc,age         ] GC(136) Desired survivor size 42467328 bytes, new threshold 15 (max threshold 15)
[2737.443s][info ][gc,heap        ] GC(136) PSYoungGen: 2017952K(2055680K)->3664K(2055680K) Eden: 2014208K(2014208K)->0K(2014208K) From: 3744K(41472K)->3664K(41472K)
[2737.443s][info ][gc,heap        ] GC(136) ParOldGen: 439362K(498688K)->439482K(498688K)
[2737.443s][info ][gc,metaspace   ] GC(136) Metaspace: 83714K(84608K)->83714K(84608K) NonClass: 72028K(72512K)->72028K(72512K) Class: 11686K(12096K)->11686K(12096K)
[2737.443s][info ][gc             ] GC(136) Pause Young (Allocation Failure) 2399M->432M(2494M) 2.732ms
[2737.443s][info ][gc,cpu         ] GC(136) User=0.01s Sys=0.01s Real=0.00s
[2737.443s][info ][safepoint      ] Safepoint "ParallelGCFailedAllocation", Time since last: 2638694959 ns, Reaching safepoint: 48001 ns, At safepoint: 2804178 ns, Total: 2852179 ns
[2750.444s][info ][safepoint      ] Safepoint "Cleanup", Time since last: 13000882888 ns, Reaching safepoint: 121104 ns, At safepoint: 10900 ns, Total: 132004 ns
[2754.444s][info ][safepoint      ] Safepoint "Cleanup", Time since last: 4000321994 ns, Reaching safepoint: 122404 ns, At safepoint: 6300 ns, Total: 128704 ns
[2761.446s][info ][safepoint      ] Safepoint "Cleanup", Time since last: 7001490211 ns, Reaching safepoint: 107403 ns, At safepoint: 10600 ns, Total: 118003 ns
[2789.448s][info ][safepoint      ] Safepoint "Cleanup", Time since last: 28001979783 ns, Reaching safepoint: 45301 ns, At safepoint: 2000 ns, Total: 47301 ns
[2815.450s][info ][safepoint      ] Safepoint "Cleanup", Time since last: 26001917422 ns, Reaching safepoint: 49901 ns, At safepoint: 9000 ns, Total: 58901 ns
[2821.290s][info ][gc,start       ] GC(137) Pause Young (Allocation Failure)
[2821.293s][debug][gc,phases      ] GC(137) Scavenge 2.068ms
[2821.293s][debug][gc,ref         ] GC(137) Skipped phase 1 of Reference Processing: no references
[2821.293s][debug][gc,ref         ] GC(137) ReferenceProcessor::execute queues: 1, RefProcThreadModel::Single, marks_oops_alive: false
[2821.293s][debug][gc,ref         ] GC(137) Skipped phase 3 of Reference Processing: no references
[2821.293s][debug][gc,ref         ] GC(137) ReferenceProcessor::execute queues: 1, RefProcThreadModel::Single, marks_oops_alive: false
[2821.293s][debug][gc,phases      ] GC(137) Reference Processing 0.116ms
[2821.293s][debug][gc,phases      ] GC(137)   VM Weak                        Min:  0.0, Avg:  0.0, Max:  0.0, Diff:  0.0, Sum:  0.0, Workers: 4
[2821.293s][debug][gc,phases      ] GC(137)     Dead                           Min: 0, Avg:  0.0, Max: 0, Diff: 0, Sum: 0, Workers: 4
[2821.293s][debug][gc,phases      ] GC(137)     Total                          Min: 0, Avg: 174.8, Max: 507, Diff: 507, Sum: 699, Workers: 4
[2821.293s][debug][gc,phases      ] GC(137)   ObjectSynchronizer Weak        Min:  0.0, Avg:  0.0, Max:  0.0, Diff:  0.0, Sum:  0.0, Workers: 4
[2821.293s][debug][gc,phases      ] GC(137)     Dead                           Min: 0, Avg:  0.0, Max: 0, Diff: 0, Sum: 0, Workers: 4
[2821.293s][debug][gc,phases      ] GC(137)     Total                          Min: 0, Avg: 85.8, Max: 215, Diff: 215, Sum: 343, Workers: 4
[2821.293s][debug][gc,phases      ] GC(137)   JVMTI Tag Weak OopStorage      Min:  0.0, Avg:  0.0, Max:  0.0, Diff:  0.0, Sum:  0.0, Workers: 4
[2821.293s][debug][gc,phases      ] GC(137)     Dead                           Min: 0, Avg:  0.0, Max: 0, Diff: 0, Sum: 0, Workers: 4
[2821.293s][debug][gc,phases      ] GC(137)     Total                          Min: 0, Avg:  0.0, Max: 0, Diff: 0, Sum: 0, Workers: 4
[2821.293s][debug][gc,phases      ] GC(137)   StringTable Weak               Min:  0.1, Avg:  0.1, Max:  0.1, Diff:  0.0, Sum:  0.4, Workers: 4
[2821.293s][debug][gc,phases      ] GC(137)     Dead                           Min: 0, Avg:  0.0, Max: 0, Diff: 0, Sum: 0, Workers: 4
[2821.293s][debug][gc,phases      ] GC(137)     Total                          Min: 10816, Avg: 12136.2, Max: 13760, Diff: 2944, Sum: 48545, Workers: 4
[2821.293s][debug][gc,phases      ] GC(137)   ResolvedMethodTable Weak       Min:  0.0, Avg:  0.0, Max:  0.0, Diff:  0.0, Sum:  0.1, Workers: 4
[2821.293s][debug][gc,phases      ] GC(137)     Dead                           Min: 0, Avg:  4.2, Max: 17, Diff: 17, Sum: 17, Workers: 4
[2821.293s][debug][gc,phases      ] GC(137)     Total                          Min: 1790, Avg: 2068.0, Max: 2304, Diff: 514, Sum: 8272, Workers: 4
[2821.293s][debug][gc,phases      ] GC(137)   JNI Weak                       Min:  0.0, Avg:  0.0, Max:  0.0, Diff:  0.0, Sum:  0.0, Workers: 4
[2821.293s][debug][gc,phases      ] GC(137)     Dead                           Min: 0, Avg:  0.0, Max: 0, Diff: 0, Sum: 0, Workers: 4
[2821.293s][debug][gc,phases      ] GC(137)     Total                          Min: 0, Avg:  0.0, Max: 0, Diff: 0, Sum: 0, Workers: 4
[2821.293s][debug][gc,phases      ] GC(137)   StringDedup Table Weak         Min:  0.0, Avg:  0.0, Max:  0.0, Diff:  0.0, Sum:  0.0, Workers: 4
[2821.293s][debug][gc,phases      ] GC(137)     Dead                           Min: 0, Avg:  0.0, Max: 0, Diff: 0, Sum: 0, Workers: 4
[2821.293s][debug][gc,phases      ] GC(137)     Total                          Min: 0, Avg:  0.0, Max: 0, Diff: 0, Sum: 0, Workers: 4
[2821.293s][debug][gc,phases      ] GC(137)   StringDedup Requests0 Weak     Min:  0.0, Avg:  0.0, Max:  0.0, Diff:  0.0, Sum:  0.0, Workers: 4
[2821.293s][debug][gc,phases      ] GC(137)     Dead                           Min: 0, Avg:  0.0, Max: 0, Diff: 0, Sum: 0, Workers: 4
[2821.293s][debug][gc,phases      ] GC(137)     Total                          Min: 0, Avg:  0.0, Max: 0, Diff: 0, Sum: 0, Workers: 4
[2821.293s][debug][gc,phases      ] GC(137)   StringDedup Requests1 Weak     Min:  0.0, Avg:  0.0, Max:  0.0, Diff:  0.0, Sum:  0.0, Workers: 4
[2821.293s][debug][gc,phases      ] GC(137)     Dead                           Min: 0, Avg:  0.0, Max: 0, Diff: 0, Sum: 0, Workers: 4
[2821.293s][debug][gc,phases      ] GC(137)     Total                          Min: 0, Avg:  0.0, Max: 0, Diff: 0, Sum: 0, Workers: 4
[2821.293s][debug][gc,phases      ] GC(137)   Weak JFR Old Object Samples    Min:  0.0, Avg:  0.0, Max:  0.0, Diff:  0.0, Sum:  0.0, Workers: 4
[2821.293s][debug][gc,phases      ] GC(137)     Dead                           Min: 0, Avg:  0.0, Max: 0, Diff: 0, Sum: 0, Workers: 4
[2821.293s][debug][gc,phases      ] GC(137)     Total                          Min: 0, Avg:  0.0, Max: 0, Diff: 0, Sum: 0, Workers: 4
[2821.293s][debug][gc,phases      ] GC(137) Weak Processing 0.318ms
[2821.293s][debug][gc,age         ] GC(137) Desired survivor size 41943040 bytes, new threshold 15 (max threshold 15)
[2821.293s][info ][gc,heap        ] GC(137) PSYoungGen: 2017872K(2055680K)->3632K(2055680K) Eden: 2014208K(2014208K)->0K(2014208K) From: 3664K(41472K)->3632K(41472K)
[2821.293s][info ][gc,heap        ] GC(137) ParOldGen: 439482K(498688K)->439554K(498688K)
[2821.293s][info ][gc,metaspace   ] GC(137) Metaspace: 83722K(84608K)->83722K(84608K) NonClass: 72036K(72512K)->72036K(72512K) Class: 11686K(12096K)->11686K(12096K)
[2821.293s][info ][gc             ] GC(137) Pause Young (Allocation Failure) 2399M->432M(2494M) 2.632ms
[2821.293s][info ][gc,cpu         ] GC(137) User=0.01s Sys=0.00s Real=0.00s
[2821.293s][info ][safepoint      ] Safepoint "ParallelGCFailedAllocation", Time since last: 5840540554 ns, Reaching safepoint: 90403 ns, At safepoint: 2717574 ns, Total: 2807977 ns
[2850.295s][info ][safepoint      ] Safepoint "Cleanup", Time since last: 29002041006 ns, Reaching safepoint: 125303 ns, At safepoint: 5700 ns, Total: 131003 ns
[2852.295s][info ][safepoint      ] Safepoint "Cleanup", Time since last: 2000149277 ns, Reaching safepoint: 50702 ns, At safepoint: 2700 ns, Total: 53402 ns
[2867.297s][info ][safepoint      ] Safepoint "Cleanup", Time since last: 15000963012 ns, Reaching safepoint: 52901 ns, At safepoint: 7800 ns, Total: 60701 ns
[2868.297s][info ][safepoint      ] Safepoint "Cleanup", Time since last: 1000118489 ns, Reaching safepoint: 60701 ns, At safepoint: 6401 ns, Total: 67102 ns
[2887.298s][info ][safepoint      ] Safepoint "Cleanup", Time since last: 19001354135 ns, Reaching safepoint: 64402 ns, At safepoint: 34901 ns, Total: 99303 ns
[2906.683s][info ][gc,start       ] GC(138) Pause Young (Allocation Failure)
[2906.687s][debug][gc,phases      ] GC(138) Scavenge 3.690ms
[2906.687s][debug][gc,ref         ] GC(138) Skipped phase 1 of Reference Processing: no references
[2906.687s][debug][gc,ref         ] GC(138) ReferenceProcessor::execute queues: 1, RefProcThreadModel::Single, marks_oops_alive: false
[2906.687s][debug][gc,ref         ] GC(138) Skipped phase 3 of Reference Processing: no references
[2906.687s][debug][gc,ref         ] GC(138) ReferenceProcessor::execute queues: 1, RefProcThreadModel::Single, marks_oops_alive: false
[2906.687s][debug][gc,phases      ] GC(138) Reference Processing 0.122ms
[2906.687s][debug][gc,phases      ] GC(138)   VM Weak                        Min:  0.0, Avg:  0.0, Max:  0.0, Diff:  0.0, Sum:  0.0, Workers: 4
[2906.687s][debug][gc,phases      ] GC(138)     Dead                           Min: 0, Avg:  0.0, Max: 0, Diff: 0, Sum: 0, Workers: 4
[2906.687s][debug][gc,phases      ] GC(138)     Total                          Min: 0, Avg: 174.8, Max: 699, Diff: 699, Sum: 699, Workers: 4
[2906.687s][debug][gc,phases      ] GC(138)   ObjectSynchronizer Weak        Min:  0.0, Avg:  0.0, Max:  0.0, Diff:  0.0, Sum:  0.0, Workers: 4
[2906.687s][debug][gc,phases      ] GC(138)     Dead                           Min: 0, Avg:  0.0, Max: 0, Diff: 0, Sum: 0, Workers: 4
[2906.687s][debug][gc,phases      ] GC(138)     Total                          Min: 0, Avg: 85.8, Max: 215, Diff: 215, Sum: 343, Workers: 4
[2906.687s][debug][gc,phases      ] GC(138)   JVMTI Tag Weak OopStorage      Min:  0.0, Avg:  0.0, Max:  0.0, Diff:  0.0, Sum:  0.0, Workers: 4
[2906.687s][debug][gc,phases      ] GC(138)     Dead                           Min: 0, Avg:  0.0, Max: 0, Diff: 0, Sum: 0, Workers: 4
[2906.687s][debug][gc,phases      ] GC(138)     Total                          Min: 0, Avg:  0.0, Max: 0, Diff: 0, Sum: 0, Workers: 4
[2906.687s][debug][gc,phases      ] GC(138)   StringTable Weak               Min:  0.1, Avg:  0.1, Max:  0.1, Diff:  0.0, Sum:  0.4, Workers: 4
[2906.688s][debug][gc,phases      ] GC(138)     Dead                           Min: 0, Avg:  0.0, Max: 0, Diff: 0, Sum: 0, Workers: 4
[2906.688s][debug][gc,phases      ] GC(138)     Total                          Min: 11072, Avg: 12137.8, Max: 13184, Diff: 2112, Sum: 48551, Workers: 4
[2906.688s][debug][gc,phases      ] GC(138)   ResolvedMethodTable Weak       Min:  0.0, Avg:  0.0, Max:  0.0, Diff:  0.0, Sum:  0.1, Workers: 4
[2906.688s][debug][gc,phases      ] GC(138)     Dead                           Min: 0, Avg:  0.0, Max: 0, Diff: 0, Sum: 0, Workers: 4
[2906.688s][debug][gc,phases      ] GC(138)     Total                          Min: 1917, Avg: 2068.0, Max: 2266, Diff: 349, Sum: 8272, Workers: 4
[2906.688s][debug][gc,phases      ] GC(138)   JNI Weak                       Min:  0.0, Avg:  0.0, Max:  0.0, Diff:  0.0, Sum:  0.0, Workers: 4
[2906.688s][debug][gc,phases      ] GC(138)     Dead                           Min: 0, Avg:  0.0, Max: 0, Diff: 0, Sum: 0, Workers: 4
[2906.688s][debug][gc,phases      ] GC(138)     Total                          Min: 0, Avg:  0.0, Max: 0, Diff: 0, Sum: 0, Workers: 4
[2906.688s][debug][gc,phases      ] GC(138)   StringDedup Table Weak         Min:  0.0, Avg:  0.0, Max:  0.0, Diff:  0.0, Sum:  0.0, Workers: 4
[2906.688s][debug][gc,phases      ] GC(138)     Dead                           Min: 0, Avg:  0.0, Max: 0, Diff: 0, Sum: 0, Workers: 4
[2906.688s][debug][gc,phases      ] GC(138)     Total                          Min: 0, Avg:  0.0, Max: 0, Diff: 0, Sum: 0, Workers: 4
[2906.688s][debug][gc,phases      ] GC(138)   StringDedup Requests0 Weak     Min:  0.0, Avg:  0.0, Max:  0.0, Diff:  0.0, Sum:  0.0, Workers: 4
[2906.688s][debug][gc,phases      ] GC(138)     Dead                           Min: 0, Avg:  0.0, Max: 0, Diff: 0, Sum: 0, Workers: 4
[2906.688s][debug][gc,phases      ] GC(138)     Total                          Min: 0, Avg:  0.0, Max: 0, Diff: 0, Sum: 0, Workers: 4
[2906.688s][debug][gc,phases      ] GC(138)   StringDedup Requests1 Weak     Min:  0.0, Avg:  0.0, Max:  0.0, Diff:  0.0, Sum:  0.0, Workers: 4
[2906.688s][debug][gc,phases      ] GC(138)     Dead                           Min: 0, Avg:  0.0, Max: 0, Diff: 0, Sum: 0, Workers: 4
[2906.688s][debug][gc,phases      ] GC(138)     Total                          Min: 0, Avg:  0.0, Max: 0, Diff: 0, Sum: 0, Workers: 4
[2906.688s][debug][gc,phases      ] GC(138)   Weak JFR Old Object Samples    Min:  0.0, Avg:  0.0, Max:  0.0, Diff:  0.0, Sum:  0.0, Workers: 4
[2906.688s][debug][gc,phases      ] GC(138)     Dead                           Min: 0, Avg:  0.0, Max: 0, Diff: 0, Sum: 0, Workers: 4
[2906.688s][debug][gc,phases      ] GC(138)     Total                          Min: 0, Avg:  0.0, Max: 0, Diff: 0, Sum: 0, Workers: 4
[2906.688s][debug][gc,phases      ] GC(138) Weak Processing 0.313ms
[2906.688s][debug][gc,age         ] GC(138) Desired survivor size 40894464 bytes, new threshold 15 (max threshold 15)
[2906.688s][info ][gc,heap        ] GC(138) PSYoungGen: 2017840K(2055680K)->3856K(2057216K) Eden: 2014208K(2014208K)->0K(2016256K) From: 3632K(41472K)->3856K(40960K)
[2906.688s][info ][gc,heap        ] GC(138) ParOldGen: 439554K(498688K)->439586K(498688K)
[2906.688s][info ][gc,metaspace   ] GC(138) Metaspace: 83723K(84608K)->83723K(84608K) NonClass: 72037K(72512K)->72037K(72512K) Class: 11686K(12096K)->11686K(12096K)
[2906.688s][info ][gc             ] GC(138) Pause Young (Allocation Failure) 2399M->433M(2496M) 4.258ms
[2906.688s][info ][gc,cpu         ] GC(138) User=0.01s Sys=0.00s Real=0.01s
[2906.688s][info ][safepoint      ] Safepoint "ParallelGCFailedAllocation", Time since last: 19385154753 ns, Reaching safepoint: 32001 ns, At safepoint: 4351219 ns, Total: 4383220 ns
[2917.689s][info ][safepoint      ] Safepoint "Cleanup", Time since last: 11000725014 ns, Reaching safepoint: 59402 ns, At safepoint: 35401 ns, Total: 94803 ns
[2964.692s][info ][safepoint      ] Safepoint "Cleanup", Time since last: 47003627714 ns, Reaching safepoint: 129704 ns, At safepoint: 5900 ns, Total: 135604 ns
[2993.492s][info ][gc,start       ] GC(139) Pause Young (Allocation Failure)
[2993.494s][debug][gc,phases      ] GC(139) Scavenge 2.420ms
[2993.494s][debug][gc,ref         ] GC(139) Skipped phase 1 of Reference Processing: no references
[2993.494s][debug][gc,ref         ] GC(139) ReferenceProcessor::execute queues: 1, RefProcThreadModel::Single, marks_oops_alive: false
[2993.494s][debug][gc,ref         ] GC(139) Skipped phase 3 of Reference Processing: no references
[2993.494s][debug][gc,ref         ] GC(139) Skipped phase 4 of Reference Processing: no references
[2993.494s][debug][gc,phases      ] GC(139) Reference Processing 0.122ms
[2993.494s][debug][gc,phases      ] GC(139)   VM Weak                        Min:  0.0, Avg:  0.0, Max:  0.0, Diff:  0.0, Sum:  0.0, Workers: 4
[2993.494s][debug][gc,phases      ] GC(139)     Dead                           Min: 0, Avg:  0.0, Max: 0, Diff: 0, Sum: 0, Workers: 4
[2993.494s][debug][gc,phases      ] GC(139)     Total                          Min: 0, Avg: 174.8, Max: 571, Diff: 571, Sum: 699, Workers: 4
[2993.494s][debug][gc,phases      ] GC(139)   ObjectSynchronizer Weak        Min:  0.0, Avg:  0.0, Max:  0.0, Diff:  0.0, Sum:  0.0, Workers: 4
[2993.494s][debug][gc,phases      ] GC(139)     Dead                           Min: 0, Avg:  0.0, Max: 0, Diff: 0, Sum: 0, Workers: 4
[2993.494s][debug][gc,phases      ] GC(139)     Total                          Min: 0, Avg: 85.8, Max: 192, Diff: 192, Sum: 343, Workers: 4
[2993.494s][debug][gc,phases      ] GC(139)   JVMTI Tag Weak OopStorage      Min:  0.0, Avg:  0.0, Max:  0.0, Diff:  0.0, Sum:  0.0, Workers: 4
[2993.494s][debug][gc,phases      ] GC(139)     Dead                           Min: 0, Avg:  0.0, Max: 0, Diff: 0, Sum: 0, Workers: 4
[2993.494s][debug][gc,phases      ] GC(139)     Total                          Min: 0, Avg:  0.0, Max: 0, Diff: 0, Sum: 0, Workers: 4
[2993.494s][debug][gc,phases      ] GC(139)   StringTable Weak               Min:  0.1, Avg:  0.1, Max:  0.1, Diff:  0.0, Sum:  0.4, Workers: 4
[2993.494s][debug][gc,phases      ] GC(139)     Dead                           Min: 0, Avg:  0.0, Max: 0, Diff: 0, Sum: 0, Workers: 4
[2993.494s][debug][gc,phases      ] GC(139)     Total                          Min: 11456, Avg: 12139.0, Max: 13952, Diff: 2496, Sum: 48556, Workers: 4
[2993.494s][debug][gc,phases      ] GC(139)   ResolvedMethodTable Weak       Min:  0.0, Avg:  0.0, Max:  0.0, Diff:  0.0, Sum:  0.1, Workers: 4
[2993.494s][debug][gc,phases      ] GC(139)     Dead                           Min: 0, Avg:  0.0, Max: 0, Diff: 0, Sum: 0, Workers: 4
[2993.494s][debug][gc,phases      ] GC(139)     Total                          Min: 704, Avg: 2068.0, Max: 2555, Diff: 1851, Sum: 8272, Workers: 4
[2993.495s][debug][gc,phases      ] GC(139)   JNI Weak                       Min:  0.0, Avg:  0.0, Max:  0.0, Diff:  0.0, Sum:  0.0, Workers: 4
[2993.495s][debug][gc,phases      ] GC(139)     Dead                           Min: 0, Avg:  0.0, Max: 0, Diff: 0, Sum: 0, Workers: 4
[2993.495s][debug][gc,phases      ] GC(139)     Total                          Min: 0, Avg:  0.0, Max: 0, Diff: 0, Sum: 0, Workers: 4
[2993.495s][debug][gc,phases      ] GC(139)   StringDedup Table Weak         Min:  0.0, Avg:  0.0, Max:  0.0, Diff:  0.0, Sum:  0.0, Workers: 4
[2993.495s][debug][gc,phases      ] GC(139)     Dead                           Min: 0, Avg:  0.0, Max: 0, Diff: 0, Sum: 0, Workers: 4
[2993.495s][debug][gc,phases      ] GC(139)     Total                          Min: 0, Avg:  0.0, Max: 0, Diff: 0, Sum: 0, Workers: 4
[2993.495s][debug][gc,phases      ] GC(139)   StringDedup Requests0 Weak     Min:  0.0, Avg:  0.0, Max:  0.0, Diff:  0.0, Sum:  0.0, Workers: 4
[2993.495s][debug][gc,phases      ] GC(139)     Dead                           Min: 0, Avg:  0.0, Max: 0, Diff: 0, Sum: 0, Workers: 4
[2993.495s][debug][gc,phases      ] GC(139)     Total                          Min: 0, Avg:  0.0, Max: 0, Diff: 0, Sum: 0, Workers: 4
[2993.495s][debug][gc,phases      ] GC(139)   StringDedup Requests1 Weak     Min:  0.0, Avg:  0.0, Max:  0.0, Diff:  0.0, Sum:  0.0, Workers: 4
[2993.495s][debug][gc,phases      ] GC(139)     Dead                           Min: 0, Avg:  0.0, Max: 0, Diff: 0, Sum: 0, Workers: 4
[2993.495s][debug][gc,phases      ] GC(139)     Total                          Min: 0, Avg:  0.0, Max: 0, Diff: 0, Sum: 0, Workers: 4
[2993.495s][debug][gc,phases      ] GC(139)   Weak JFR Old Object Samples    Min:  0.0, Avg:  0.0, Max:  0.0, Diff:  0.0, Sum:  0.0, Workers: 4
[2993.495s][debug][gc,phases      ] GC(139)     Dead                           Min: 0, Avg:  0.0, Max: 0, Diff: 0, Sum: 0, Workers: 4
[2993.495s][debug][gc,phases      ] GC(139)     Total                          Min: 0, Avg:  0.0, Max: 0, Diff: 0, Sum: 0, Workers: 4
[2993.495s][debug][gc,phases      ] GC(139) Weak Processing 0.410ms
[2993.495s][debug][gc,age         ] GC(139) Desired survivor size 39845888 bytes, new threshold 15 (max threshold 15)
[2993.495s][info ][gc,heap        ] GC(139) PSYoungGen: 2020112K(2057216K)->3536K(2056192K) Eden: 2016256K(2016256K)->0K(2016256K) From: 3856K(40960K)->3536K(39936K)
[2993.495s][info ][gc,heap        ] GC(139) ParOldGen: 439586K(498688K)->439646K(498688K)
[2993.495s][info ][gc,metaspace   ] GC(139) Metaspace: 83724K(84608K)->83724K(84608K) NonClass: 72038K(72512K)->72038K(72512K) Class: 11686K(12096K)->11686K(12096K)
[2993.495s][info ][gc             ] GC(139) Pause Young (Allocation Failure) 2402M->432M(2495M) 3.082ms
[2993.495s][info ][gc,cpu         ] GC(139) User=0.01s Sys=0.00s Real=0.00s
[2993.495s][info ][safepoint      ] Safepoint "ParallelGCFailedAllocation", Time since last: 28799144392 ns, Reaching safepoint: 106903 ns, At safepoint: 3168287 ns, Total: 3275190 ns
[3006.496s][info ][safepoint      ] Safepoint "Cleanup", Time since last: 13001050801 ns, Reaching safepoint: 59202 ns, At safepoint: 8300 ns, Total: 67502 ns
[3029.497s][info ][safepoint      ] Safepoint "Cleanup", Time since last: 23001560136 ns, Reaching safepoint: 46901 ns, At safepoint: 13201 ns, Total: 60102 ns
[3031.498s][info ][safepoint      ] Safepoint "Cleanup", Time since last: 2000194451 ns, Reaching safepoint: 56801 ns, At safepoint: 5800 ns, Total: 62601 ns
[3033.498s][info ][safepoint      ] Safepoint "Cleanup", Time since last: 2000457458 ns, Reaching safepoint: 120704 ns, At safepoint: 13300 ns, Total: 134004 ns
[3035.499s][info ][safepoint      ] Safepoint "Cleanup", Time since last: 2000175650 ns, Reaching safepoint: 77502 ns, At safepoint: 12500 ns, Total: 90002 ns
[3077.326s][info ][gc,start       ] GC(140) Pause Young (Allocation Failure)
[3077.329s][debug][gc,phases      ] GC(140) Scavenge 2.433ms
[3077.329s][debug][gc,ref         ] GC(140) Skipped phase 1 of Reference Processing: no references
[3077.329s][debug][gc,ref         ] GC(140) ReferenceProcessor::execute queues: 1, RefProcThreadModel::Single, marks_oops_alive: false
[3077.329s][debug][gc,ref         ] GC(140) Skipped phase 3 of Reference Processing: no references
[3077.329s][debug][gc,ref         ] GC(140) Skipped phase 4 of Reference Processing: no references
[3077.329s][debug][gc,phases      ] GC(140) Reference Processing 0.111ms
[3077.329s][debug][gc,phases      ] GC(140)   VM Weak                        Min:  0.0, Avg:  0.0, Max:  0.0, Diff:  0.0, Sum:  0.0, Workers: 4
[3077.329s][debug][gc,phases      ] GC(140)     Dead                           Min: 0, Avg:  0.0, Max: 0, Diff: 0, Sum: 0, Workers: 4
[3077.329s][debug][gc,phases      ] GC(140)     Total                          Min: 0, Avg: 174.8, Max: 699, Diff: 699, Sum: 699, Workers: 4
[3077.329s][debug][gc,phases      ] GC(140)   ObjectSynchronizer Weak        Min:  0.0, Avg:  0.0, Max:  0.0, Diff:  0.0, Sum:  0.0, Workers: 4
[3077.329s][debug][gc,phases      ] GC(140)     Dead                           Min: 0, Avg:  0.0, Max: 0, Diff: 0, Sum: 0, Workers: 4
[3077.329s][debug][gc,phases      ] GC(140)     Total                          Min: 0, Avg: 85.8, Max: 320, Diff: 320, Sum: 343, Workers: 4
[3077.329s][debug][gc,phases      ] GC(140)   JVMTI Tag Weak OopStorage      Min:  0.0, Avg:  0.0, Max:  0.0, Diff:  0.0, Sum:  0.0, Workers: 4
[3077.329s][debug][gc,phases      ] GC(140)     Dead                           Min: 0, Avg:  0.0, Max: 0, Diff: 0, Sum: 0, Workers: 4
[3077.329s][debug][gc,phases      ] GC(140)     Total                          Min: 0, Avg:  0.0, Max: 0, Diff: 0, Sum: 0, Workers: 4
[3077.329s][debug][gc,phases      ] GC(140)   StringTable Weak               Min:  0.1, Avg:  0.1, Max:  0.1, Diff:  0.0, Sum:  0.5, Workers: 4
[3077.329s][debug][gc,phases      ] GC(140)     Dead                           Min: 0, Avg:  0.0, Max: 0, Diff: 0, Sum: 0, Workers: 4
[3077.329s][debug][gc,phases      ] GC(140)     Total                          Min: 11648, Avg: 12141.2, Max: 12416, Diff: 768, Sum: 48565, Workers: 4
[3077.329s][debug][gc,phases      ] GC(140)   ResolvedMethodTable Weak       Min:  0.0, Avg:  0.0, Max:  0.0, Diff:  0.0, Sum:  0.1, Workers: 4
[3077.329s][debug][gc,phases      ] GC(140)     Dead                           Min: 0, Avg:  0.0, Max: 0, Diff: 0, Sum: 0, Workers: 4
[3077.329s][debug][gc,phases      ] GC(140)     Total                          Min: 1816, Avg: 2068.0, Max: 2176, Diff: 360, Sum: 8272, Workers: 4
[3077.329s][debug][gc,phases      ] GC(140)   JNI Weak                       Min:  0.0, Avg:  0.0, Max:  0.0, Diff:  0.0, Sum:  0.0, Workers: 4
[3077.329s][debug][gc,phases      ] GC(140)     Dead                           Min: 0, Avg:  0.0, Max: 0, Diff: 0, Sum: 0, Workers: 4
[3077.329s][debug][gc,phases      ] GC(140)     Total                          Min: 0, Avg:  0.0, Max: 0, Diff: 0, Sum: 0, Workers: 4
[3077.329s][debug][gc,phases      ] GC(140)   StringDedup Table Weak         Min:  0.0, Avg:  0.0, Max:  0.0, Diff:  0.0, Sum:  0.0, Workers: 4
[3077.329s][debug][gc,phases      ] GC(140)     Dead                           Min: 0, Avg:  0.0, Max: 0, Diff: 0, Sum: 0, Workers: 4
[3077.329s][debug][gc,phases      ] GC(140)     Total                          Min: 0, Avg:  0.0, Max: 0, Diff: 0, Sum: 0, Workers: 4
[3077.329s][debug][gc,phases      ] GC(140)   StringDedup Requests0 Weak     Min:  0.0, Avg:  0.0, Max:  0.0, Diff:  0.0, Sum:  0.0, Workers: 4
[3077.329s][debug][gc,phases      ] GC(140)     Dead                           Min: 0, Avg:  0.0, Max: 0, Diff: 0, Sum: 0, Workers: 4
[3077.329s][debug][gc,phases      ] GC(140)     Total                          Min: 0, Avg:  0.0, Max: 0, Diff: 0, Sum: 0, Workers: 4
[3077.329s][debug][gc,phases      ] GC(140)   StringDedup Requests1 Weak     Min:  0.0, Avg:  0.0, Max:  0.0, Diff:  0.0, Sum:  0.0, Workers: 4
[3077.329s][debug][gc,phases      ] GC(140)     Dead                           Min: 0, Avg:  0.0, Max: 0, Diff: 0, Sum: 0, Workers: 4
[3077.329s][debug][gc,phases      ] GC(140)     Total                          Min: 0, Avg:  0.0, Max: 0, Diff: 0, Sum: 0, Workers: 4
[3077.329s][debug][gc,phases      ] GC(140)   Weak JFR Old Object Samples    Min:  0.0, Avg:  0.0, Max:  0.0, Diff:  0.0, Sum:  0.0, Workers: 4
[3077.329s][debug][gc,phases      ] GC(140)     Dead                           Min: 0, Avg:  0.0, Max: 0, Diff: 0, Sum: 0, Workers: 4
[3077.329s][debug][gc,phases      ] GC(140)     Total                          Min: 0, Avg:  0.0, Max: 0, Diff: 0, Sum: 0, Workers: 4
[3077.329s][debug][gc,phases      ] GC(140) Weak Processing 0.361ms
[3077.329s][debug][gc,age         ] GC(140) Desired survivor size 38797312 bytes, new threshold 15 (max threshold 15)
[3077.329s][info ][gc,heap        ] GC(140) PSYoungGen: 2019792K(2056192K)->3328K(2059264K) Eden: 2016256K(2016256K)->0K(2020352K) From: 3536K(39936K)->3328K(38912K)
[3077.329s][info ][gc,heap        ] GC(140) ParOldGen: 439646K(498688K)->440130K(498688K)
[3077.329s][info ][gc,metaspace   ] GC(140) Metaspace: 83751K(84608K)->83751K(84608K) NonClass: 72065K(72512K)->72065K(72512K) Class: 11686K(12096K)->11686K(12096K)
[3077.329s][info ][gc             ] GC(140) Pause Young (Allocation Failure) 2401M->433M(2498M) 3.021ms
[3077.329s][info ][gc,cpu         ] GC(140) User=0.01s Sys=0.00s Real=0.01s
[3077.329s][info ][safepoint      ] Safepoint "ParallelGCFailedAllocation", Time since last: 41827627155 ns, Reaching safepoint: 57802 ns, At safepoint: 3132686 ns, Total: 3190488 ns
[3085.330s][info ][safepoint      ] Safepoint "Cleanup", Time since last: 8000607074 ns, Reaching safepoint: 59302 ns, At safepoint: 2200 ns, Total: 61502 ns
[3086.330s][info ][safepoint      ] Safepoint "Cleanup", Time since last: 1000126573 ns, Reaching safepoint: 65302 ns, At safepoint: 2100 ns, Total: 67402 ns
[3094.331s][info ][safepoint      ] Safepoint "Cleanup", Time since last: 8000591770 ns, Reaching safepoint: 55501 ns, At safepoint: 2800 ns, Total: 58301 ns
[3146.335s][info ][safepoint      ] Safepoint "Cleanup", Time since last: 52003837719 ns, Reaching safepoint: 54802 ns, At safepoint: 28800 ns, Total: 83602 ns
[3190.338s][info ][safepoint      ] Safepoint "Cleanup", Time since last: 44002922993 ns, Reaching safepoint: 47102 ns, At safepoint: 3300 ns, Total: 50402 ns
[3237.341s][info ][safepoint      ] Safepoint "Cleanup", Time since last: 47003118064 ns, Reaching safepoint: 52901 ns, At safepoint: 8001 ns, Total: 60902 ns
[3290.344s][info ][safepoint      ] Safepoint "Cleanup", Time since last: 53003385699 ns, Reaching safepoint: 45902 ns, At safepoint: 37801 ns, Total: 83703 ns
[3301.345s][info ][safepoint      ] Safepoint "Cleanup", Time since last: 11000749530 ns, Reaching safepoint: 50901 ns, At safepoint: 31801 ns, Total: 82702 ns
[3307.346s][info ][safepoint      ] Safepoint "Cleanup", Time since last: 6000459229 ns, Reaching safepoint: 38901 ns, At safepoint: 3300 ns, Total: 42201 ns
[3326.347s][info ][safepoint      ] Safepoint "Cleanup", Time since last: 19001328158 ns, Reaching safepoint: 39101 ns, At safepoint: 29201 ns, Total: 68302 ns
[3335.348s][info ][safepoint      ] Safepoint "Cleanup", Time since last: 9000772782 ns, Reaching safepoint: 147804 ns, At safepoint: 3800 ns, Total: 151604 ns
[3393.353s][info ][safepoint      ] Safepoint "Cleanup", Time since last: 58004417541 ns, Reaching safepoint: 44402 ns, At safepoint: 6700 ns, Total: 51102 ns
[3394.353s][info ][safepoint      ] Safepoint "Cleanup", Time since last: 1000098119 ns, Reaching safepoint: 161205 ns, At safepoint: 10900 ns, Total: 172105 ns
[3394.499s][info ][gc,heap,exit   ] Heap
[3394.499s][info ][gc,heap,exit   ]  PSYoungGen      total 2059264K, used 1497160K [0x0000000780000000, 0x0000000800000000, 0x0000000800000000)
[3394.499s][info ][gc,heap,exit   ]   eden space 2020352K, 73% used [0x0000000780000000,0x00000007db2d2338,0x00000007fb500000)
[3394.499s][info ][gc,heap,exit   ]   from space 38912K, 8% used [0x00000007fda00000,0x00000007fdd400c0,0x0000000800000000)
[3394.499s][info ][gc,heap,exit   ]   to   space 37888K, 0% used [0x00000007fb500000,0x00000007fb500000,0x00000007fda00000)
[3394.499s][info ][gc,heap,exit   ]  ParOldGen       total 498688K, used 440130K [0x0000000740000000, 0x000000075e700000, 0x0000000780000000)
[3394.499s][info ][gc,heap,exit   ]   object space 498688K, 88% used [0x0000000740000000,0x000000075add0950,0x000000075e700000)
[3394.499s][info ][gc,heap,exit   ]  Metaspace       used 83832K, committed 84672K, reserved 1122304K
[3394.499s][info ][gc,heap,exit   ]   class space    used 11695K, committed 12096K, reserved 1048576K
