[0.003s][info][gc] Using Parallel
[0.005s][info][gc,init] Version: 17.0.3+7-LTS (release)
[0.005s][info][gc,init] CPUs: 8 total, 8 available
[0.005s][info][gc,init] Memory: 32112M
[0.005s][info][gc,init] Large Page Support: Disabled
[0.005s][info][gc,init] NUMA Support: Disabled
[0.005s][info][gc,init] Compressed Oops: Enabled (Zero based)
[0.005s][info][gc,init] Alignments: Space 512K, Generation 512K, Heap 2M
[0.005s][info][gc,init] Heap Min Capacity: 2054M
[0.005s][info][gc,init] Heap Initial Capacity: 2054M
[0.005s][info][gc,init] Heap Max Capacity: 3G
[0.005s][info][gc,init] Pre-touch: Disabled
[0.005s][info][gc,init] Parallel Workers: 4
[0.005s][info][gc,metaspace] CDS archive(s) not mapped
[0.005s][info][gc,metaspace] Compressed class space mapped at: 0x0000000800000000-0x0000000840000000, reserved size: 1073741824
[0.005s][info][gc,metaspace] Narrow klass base: 0x0000000800000000, Narrow klass shift: 0, Narrow klass range: 0x40000000
[0.874s][info][safepoint   ] Safepoint "ICBufferFull", Time since last: 840082312 ns, Reaching safepoint: 160101 ns, At safepoint: 6100 ns, Total: 166201 ns
[1.150s][info][safepoint   ] Safepoint "ICBufferFull", Time since last: 275608347 ns, Reaching safepoint: 256901 ns, At safepoint: 2700 ns, Total: 259601 ns
[1.387s][info][gc,start    ] GC(0) Pause Young (Metadata GC Threshold)
[1.410s][debug][gc,phases   ] GC(0) Scavenge 22.590ms
[1.410s][debug][gc,ref      ] GC(0) Skipped phase 1 of Reference Processing: no references
[1.410s][debug][gc,ref      ] GC(0) ReferenceProcessor::execute queues: 1, RefProcThreadModel::Single, marks_oops_alive: false
[1.410s][debug][gc,ref      ] GC(0) Skipped phase 3 of Reference Processing: no references
[1.410s][debug][gc,ref      ] GC(0) ReferenceProcessor::execute queues: 1, RefProcThreadModel::Single, marks_oops_alive: false
[1.410s][debug][gc,phases   ] GC(0) Reference Processing 0.415ms
[1.411s][debug][gc,phases   ] GC(0)   VM Weak                        Min:  0.0, Avg:  0.0, Max:  0.0, Diff:  0.0, Sum:  0.0, Workers: 4
[1.411s][debug][gc,phases   ] GC(0)     Dead                           Min: 0, Avg:  0.0, Max: 0, Diff: 0, Sum: 0, Workers: 4
[1.411s][debug][gc,phases   ] GC(0)     Total                          Min: 0, Avg: 31.8, Max: 64, Diff: 64, Sum: 127, Workers: 4
[1.411s][debug][gc,phases   ] GC(0)   ObjectSynchronizer Weak        Min:  0.0, Avg:  0.0, Max:  0.0, Diff:  0.0, Sum:  0.0, Workers: 4
[1.411s][debug][gc,phases   ] GC(0)     Dead                           Min: 0, Avg:  0.0, Max: 0, Diff: 0, Sum: 0, Workers: 4
[1.411s][debug][gc,phases   ] GC(0)     Total                          Min: 0, Avg:  2.2, Max: 9, Diff: 9, Sum: 9, Workers: 4
[1.411s][debug][gc,phases   ] GC(0)   JVMTI Tag Weak OopStorage      Min:  0.0, Avg:  0.0, Max:  0.0, Diff:  0.0, Sum:  0.0, Workers: 4
[1.411s][debug][gc,phases   ] GC(0)     Dead                           Min: 0, Avg:  0.0, Max: 0, Diff: 0, Sum: 0, Workers: 4
[1.411s][debug][gc,phases   ] GC(0)     Total                          Min: 0, Avg:  0.0, Max: 0, Diff: 0, Sum: 0, Workers: 4
[1.411s][debug][gc,phases   ] GC(0)   StringTable Weak               Min:  0.0, Avg:  0.3, Max:  0.6, Diff:  0.6, Sum:  1.1, Workers: 4
[1.411s][debug][gc,phases   ] GC(0)     Dead                           Min: 0, Avg:  7.5, Max: 22, Diff: 22, Sum: 30, Workers: 4
[1.411s][debug][gc,phases   ] GC(0)     Total                          Min: 0, Avg: 2872.0, Max: 6080, Diff: 6080, Sum: 11488, Workers: 4
[1.411s][debug][gc,phases   ] GC(0)   ResolvedMethodTable Weak       Min:  0.0, Avg:  0.0, Max:  0.0, Diff:  0.0, Sum:  0.1, Workers: 4
[1.411s][debug][gc,phases   ] GC(0)     Dead                           Min: 0, Avg:  7.0, Max: 16, Diff: 16, Sum: 28, Workers: 4
[1.411s][debug][gc,phases   ] GC(0)     Total                          Min: 0, Avg: 157.8, Max: 320, Diff: 320, Sum: 631, Workers: 4
[1.411s][debug][gc,phases   ] GC(0)   JNI Weak                       Min:  0.0, Avg:  0.0, Max:  0.0, Diff:  0.0, Sum:  0.0, Workers: 4
[1.411s][debug][gc,phases   ] GC(0)     Dead                           Min: 0, Avg:  0.0, Max: 0, Diff: 0, Sum: 0, Workers: 4
[1.411s][debug][gc,phases   ] GC(0)     Total                          Min: 0, Avg:  0.0, Max: 0, Diff: 0, Sum: 0, Workers: 4
[1.411s][debug][gc,phases   ] GC(0)   StringDedup Table Weak         Min:  0.0, Avg:  0.0, Max:  0.0, Diff:  0.0, Sum:  0.0, Workers: 4
[1.411s][debug][gc,phases   ] GC(0)     Dead                           Min: 0, Avg:  0.0, Max: 0, Diff: 0, Sum: 0, Workers: 4
[1.411s][debug][gc,phases   ] GC(0)     Total                          Min: 0, Avg:  0.0, Max: 0, Diff: 0, Sum: 0, Workers: 4
[1.411s][debug][gc,phases   ] GC(0)   StringDedup Requests0 Weak     Min:  0.0, Avg:  0.0, Max:  0.0, Diff:  0.0, Sum:  0.0, Workers: 4
[1.411s][debug][gc,phases   ] GC(0)     Dead                           Min: 0, Avg:  0.0, Max: 0, Diff: 0, Sum: 0, Workers: 4
[1.411s][debug][gc,phases   ] GC(0)     Total                          Min: 0, Avg:  0.0, Max: 0, Diff: 0, Sum: 0, Workers: 4
[1.411s][debug][gc,phases   ] GC(0)   StringDedup Requests1 Weak     Min:  0.0, Avg:  0.0, Max:  0.0, Diff:  0.0, Sum:  0.0, Workers: 4
[1.411s][debug][gc,phases   ] GC(0)     Dead                           Min: 0, Avg:  0.0, Max: 0, Diff: 0, Sum: 0, Workers: 4
[1.411s][debug][gc,phases   ] GC(0)     Total                          Min: 0, Avg:  0.0, Max: 0, Diff: 0, Sum: 0, Workers: 4
[1.411s][debug][gc,phases   ] GC(0)   Weak JFR Old Object Samples    Min:  0.0, Avg:  0.0, Max:  0.0, Diff:  0.0, Sum:  0.0, Workers: 4
[1.411s][debug][gc,phases   ] GC(0)     Dead                           Min: 0, Avg:  0.0, Max: 0, Diff: 0, Sum: 0, Workers: 4
[1.411s][debug][gc,phases   ] GC(0)     Total                          Min: 0, Avg:  0.0, Max: 0, Diff: 0, Sum: 0, Workers: 4
[1.411s][debug][gc,phases   ] GC(0) Weak Processing 0.836ms
[1.411s][debug][gc,age      ] GC(0) Desired survivor size 536870912 bytes, new threshold 7 (max threshold 15)
[1.411s][info ][gc,heap     ] GC(0) PSYoungGen: 314574K(1572864K)->16938K(1572864K) Eden: 314574K(1048576K)->0K(1048576K) From: 0K(524288K)->16938K(524288K)
[1.411s][info ][gc,heap     ] GC(0) ParOldGen: 0K(6144K)->88K(6144K)
[1.411s][info ][gc,metaspace] GC(0) Metaspace: 21310K(21504K)->21310K(21504K) NonClass: 18807K(18880K)->18807K(18880K) Class: 2502K(2624K)->2502K(2624K)
[1.411s][info ][gc          ] GC(0) Pause Young (Metadata GC Threshold) 307M->16M(1542M) 24.239ms
[1.411s][info ][gc,cpu      ] GC(0) User=0.04s Sys=0.02s Real=0.03s
[1.411s][debug][gc,phases   ] GC(1) Pre Compact 0.017ms
[1.411s][info ][gc,start    ] GC(1) Pause Full (Metadata GC Threshold)
[1.411s][info ][gc,phases,start] GC(1) Marking Phase
[1.419s][debug][gc,phases      ] GC(1) Par Mark 8.272ms
[1.419s][debug][gc,ref         ] GC(1) Skipped phase 1 of Reference Processing: no references
[1.419s][debug][gc,ref         ] GC(1) ReferenceProcessor::execute queues: 1, RefProcThreadModel::Single, marks_oops_alive: false
[1.419s][debug][gc,ref         ] GC(1) Skipped phase 3 of Reference Processing: no references
[1.419s][debug][gc,ref         ] GC(1) ReferenceProcessor::execute queues: 1, RefProcThreadModel::Single, marks_oops_alive: false
[1.419s][debug][gc,phases      ] GC(1) Reference Processing 0.066ms
[1.419s][debug][gc,phases      ] GC(1)   VM Weak                        Min:  0.0, Avg:  0.0, Max:  0.0, Diff:  0.0, Sum:  0.0, Workers: 4
[1.419s][debug][gc,phases      ] GC(1)     Dead                           Min: 0, Avg:  0.0, Max: 0, Diff: 0, Sum: 0, Workers: 4
[1.419s][debug][gc,phases      ] GC(1)     Total                          Min: 0, Avg: 31.8, Max: 127, Diff: 127, Sum: 127, Workers: 4
[1.419s][debug][gc,phases      ] GC(1)   ObjectSynchronizer Weak        Min:  0.0, Avg:  0.0, Max:  0.0, Diff:  0.0, Sum:  0.0, Workers: 4
[1.419s][debug][gc,phases      ] GC(1)     Dead                           Min: 0, Avg:  0.0, Max: 0, Diff: 0, Sum: 0, Workers: 4
[1.420s][debug][gc,phases      ] GC(1)     Total                          Min: 0, Avg:  2.2, Max: 9, Diff: 9, Sum: 9, Workers: 4
[1.420s][debug][gc,phases      ] GC(1)   JVMTI Tag Weak OopStorage      Min:  0.0, Avg:  0.0, Max:  0.0, Diff:  0.0, Sum:  0.0, Workers: 4
[1.420s][debug][gc,phases      ] GC(1)     Dead                           Min: 0, Avg:  0.0, Max: 0, Diff: 0, Sum: 0, Workers: 4
[1.420s][debug][gc,phases      ] GC(1)     Total                          Min: 0, Avg:  0.0, Max: 0, Diff: 0, Sum: 0, Workers: 4
[1.420s][debug][gc,phases      ] GC(1)   StringTable Weak               Min:  0.0, Avg:  0.0, Max:  0.1, Diff:  0.1, Sum:  0.2, Workers: 4
[1.420s][debug][gc,phases      ] GC(1)     Dead                           Min: 0, Avg:  0.0, Max: 0, Diff: 0, Sum: 0, Workers: 4
[1.420s][debug][gc,phases      ] GC(1)     Total                          Min: 0, Avg: 2872.0, Max: 4160, Diff: 4160, Sum: 11488, Workers: 4
[1.420s][debug][gc,phases      ] GC(1)   ResolvedMethodTable Weak       Min:  0.0, Avg:  0.0, Max:  0.0, Diff:  0.0, Sum:  0.0, Workers: 4
[1.420s][debug][gc,phases      ] GC(1)     Dead                           Min: 0, Avg:  0.0, Max: 0, Diff: 0, Sum: 0, Workers: 4
[1.420s][debug][gc,phases      ] GC(1)     Total                          Min: 0, Avg: 157.8, Max: 256, Diff: 256, Sum: 631, Workers: 4
[1.420s][debug][gc,phases      ] GC(1)   JNI Weak                       Min:  0.0, Avg:  0.0, Max:  0.0, Diff:  0.0, Sum:  0.0, Workers: 4
[1.420s][debug][gc,phases      ] GC(1)     Dead                           Min: 0, Avg:  0.0, Max: 0, Diff: 0, Sum: 0, Workers: 4
[1.420s][debug][gc,phases      ] GC(1)     Total                          Min: 0, Avg:  0.0, Max: 0, Diff: 0, Sum: 0, Workers: 4
[1.420s][debug][gc,phases      ] GC(1)   StringDedup Table Weak         Min:  0.0, Avg:  0.0, Max:  0.0, Diff:  0.0, Sum:  0.0, Workers: 4
[1.420s][debug][gc,phases      ] GC(1)     Dead                           Min: 0, Avg:  0.0, Max: 0, Diff: 0, Sum: 0, Workers: 4
[1.420s][debug][gc,phases      ] GC(1)     Total                          Min: 0, Avg:  0.0, Max: 0, Diff: 0, Sum: 0, Workers: 4
[1.420s][debug][gc,phases      ] GC(1)   StringDedup Requests0 Weak     Min:  0.0, Avg:  0.0, Max:  0.0, Diff:  0.0, Sum:  0.0, Workers: 4
[1.420s][debug][gc,phases      ] GC(1)     Dead                           Min: 0, Avg:  0.0, Max: 0, Diff: 0, Sum: 0, Workers: 4
[1.420s][debug][gc,phases      ] GC(1)     Total                          Min: 0, Avg:  0.0, Max: 0, Diff: 0, Sum: 0, Workers: 4
[1.420s][debug][gc,phases      ] GC(1)   StringDedup Requests1 Weak     Min:  0.0, Avg:  0.0, Max:  0.0, Diff:  0.0, Sum:  0.0, Workers: 4
[1.420s][debug][gc,phases      ] GC(1)     Dead                           Min: 0, Avg:  0.0, Max: 0, Diff: 0, Sum: 0, Workers: 4
[1.420s][debug][gc,phases      ] GC(1)     Total                          Min: 0, Avg:  0.0, Max: 0, Diff: 0, Sum: 0, Workers: 4
[1.420s][debug][gc,phases      ] GC(1)   Weak JFR Old Object Samples    Min:  0.0, Avg:  0.0, Max:  0.0, Diff:  0.0, Sum:  0.0, Workers: 4
[1.420s][debug][gc,phases      ] GC(1)     Dead                           Min: 0, Avg:  0.0, Max: 0, Diff: 0, Sum: 0, Workers: 4
[1.420s][debug][gc,phases      ] GC(1)     Total                          Min: 0, Avg:  0.0, Max: 0, Diff: 0, Sum: 0, Workers: 4
[1.420s][debug][gc,phases      ] GC(1) Weak Processing 0.257ms
[1.420s][debug][gc,phases      ] GC(1) ClassLoaderData 0.016ms
[1.420s][debug][gc,phases      ] GC(1) Trigger cleanups 0.001ms
[1.422s][debug][gc,phases      ] GC(1) Class Unloading 2.280ms
[1.422s][info ][gc,phases      ] GC(1) Marking Phase 10.966ms
[1.422s][info ][gc,phases,start] GC(1) Summary Phase
[1.422s][info ][gc,phases      ] GC(1) Summary Phase 0.006ms
[1.422s][info ][gc,phases,start] GC(1) Adjust Roots
[1.425s][info ][gc,phases      ] GC(1) Adjust Roots 3.496ms
[1.425s][info ][gc,phases,start] GC(1) Compaction Phase
[1.446s][info ][gc,phases      ] GC(1) Compaction Phase 20.501ms
[1.446s][info ][gc,phases,start] GC(1) Post Compact
[1.447s][info ][gc,phases      ] GC(1) Post Compact 0.583ms
[1.447s][info ][gc,heap        ] GC(1) PSYoungGen: 16938K(1572864K)->11216K(1572864K) Eden: 0K(1048576K)->0K(1048576K) From: 16938K(524288K)->11216K(524288K)
[1.447s][info ][gc,heap        ] GC(1) ParOldGen: 88K(6144K)->5693K(6144K)
[1.447s][info ][gc,metaspace   ] GC(1) Metaspace: 21310K(21504K)->21310K(21504K) NonClass: 18807K(18880K)->18807K(18880K) Class: 2502K(2624K)->2502K(2624K)
[1.447s][info ][gc             ] GC(1) Pause Full (Metadata GC Threshold) 16M->16M(1542M) 35.723ms
[1.447s][info ][gc,cpu         ] GC(1) User=0.08s Sys=0.00s Real=0.03s
[1.447s][info ][safepoint      ] Safepoint "CollectForMetadataAllocation", Time since last: 236905144 ns, Reaching safepoint: 101700 ns, At safepoint: 60129016 ns, Total: 60230716 ns
[1.946s][info ][safepoint      ] Safepoint "ICBufferFull", Time since last: 499264319 ns, Reaching safepoint: 101700 ns, At safepoint: 6900 ns, Total: 108600 ns
[1.972s][info ][safepoint      ] Safepoint "ICBufferFull", Time since last: 24671330 ns, Reaching safepoint: 1032205 ns, At safepoint: 5000 ns, Total: 1037205 ns
[1.978s][info ][safepoint      ] Safepoint "ICBufferFull", Time since last: 6388534 ns, Reaching safepoint: 36200 ns, At safepoint: 9800 ns, Total: 46000 ns
[1.993s][info ][safepoint      ] Safepoint "ICBufferFull", Time since last: 14190474 ns, Reaching safepoint: 69801 ns, At safepoint: 6400 ns, Total: 76201 ns
[1.996s][info ][safepoint      ] Safepoint "ICBufferFull", Time since last: 3850220 ns, Reaching safepoint: 53500 ns, At safepoint: 2800 ns, Total: 56300 ns
[2.002s][info ][safepoint      ] Safepoint "ICBufferFull", Time since last: 5384428 ns, Reaching safepoint: 51201 ns, At safepoint: 2700 ns, Total: 53901 ns
[2.006s][info ][safepoint      ] Safepoint "ICBufferFull", Time since last: 4496323 ns, Reaching safepoint: 122701 ns, At safepoint: 6900 ns, Total: 129601 ns
[2.016s][info ][safepoint      ] Safepoint "ICBufferFull", Time since last: 6998337 ns, Reaching safepoint: 2997315 ns, At safepoint: 13800 ns, Total: 3011115 ns
[2.024s][info ][safepoint      ] Safepoint "ICBufferFull", Time since last: 7938342 ns, Reaching safepoint: 60000 ns, At safepoint: 3900 ns, Total: 63900 ns
[2.045s][info ][safepoint      ] Safepoint "ICBufferFull", Time since last: 20890810 ns, Reaching safepoint: 70500 ns, At safepoint: 4400 ns, Total: 74900 ns
[2.048s][info ][safepoint      ] Safepoint "ICBufferFull", Time since last: 2587714 ns, Reaching safepoint: 37300 ns, At safepoint: 6800 ns, Total: 44100 ns
[2.049s][info ][safepoint      ] Safepoint "ICBufferFull", Time since last: 584003 ns, Reaching safepoint: 19300 ns, At safepoint: 2500 ns, Total: 21800 ns
[2.133s][info ][safepoint      ] Safepoint "ICBufferFull", Time since last: 84209742 ns, Reaching safepoint: 87901 ns, At safepoint: 5400 ns, Total: 93301 ns
[2.157s][info ][safepoint      ] Safepoint "ICBufferFull", Time since last: 23736224 ns, Reaching safepoint: 71001 ns, At safepoint: 7100 ns, Total: 78101 ns
[2.158s][info ][safepoint      ] Safepoint "ICBufferFull", Time since last: 1578908 ns, Reaching safepoint: 34900 ns, At safepoint: 6100 ns, Total: 41000 ns
[2.161s][info ][safepoint      ] Safepoint "ICBufferFull", Time since last: 2670714 ns, Reaching safepoint: 108201 ns, At safepoint: 6800 ns, Total: 115001 ns
[2.163s][info ][safepoint      ] Safepoint "ICBufferFull", Time since last: 1688809 ns, Reaching safepoint: 36000 ns, At safepoint: 8400 ns, Total: 44400 ns
[2.165s][info ][safepoint      ] Safepoint "ICBufferFull", Time since last: 1655708 ns, Reaching safepoint: 37501 ns, At safepoint: 2400 ns, Total: 39901 ns
[2.166s][info ][safepoint      ] Safepoint "ICBufferFull", Time since last: 1106805 ns, Reaching safepoint: 25101 ns, At safepoint: 2100 ns, Total: 27201 ns
[2.167s][info ][safepoint      ] Safepoint "ICBufferFull", Time since last: 1466207 ns, Reaching safepoint: 24900 ns, At safepoint: 1900 ns, Total: 26800 ns
[2.168s][info ][safepoint      ] Safepoint "ICBufferFull", Time since last: 1042806 ns, Reaching safepoint: 26800 ns, At safepoint: 1800 ns, Total: 28600 ns
[2.170s][info ][safepoint      ] Safepoint "ICBufferFull", Time since last: 1398007 ns, Reaching safepoint: 25901 ns, At safepoint: 2300 ns, Total: 28201 ns
[2.171s][info ][safepoint      ] Safepoint "ICBufferFull", Time since last: 1081305 ns, Reaching safepoint: 32600 ns, At safepoint: 1900 ns, Total: 34500 ns
[2.173s][info ][safepoint      ] Safepoint "ICBufferFull", Time since last: 2204112 ns, Reaching safepoint: 28000 ns, At safepoint: 6600 ns, Total: 34600 ns
[2.174s][info ][safepoint      ] Safepoint "ICBufferFull", Time since last: 564603 ns, Reaching safepoint: 25900 ns, At safepoint: 1800 ns, Total: 27700 ns
[2.175s][info ][safepoint      ] Safepoint "ICBufferFull", Time since last: 1552308 ns, Reaching safepoint: 27401 ns, At safepoint: 2400 ns, Total: 29801 ns
[2.177s][info ][safepoint      ] Safepoint "ICBufferFull", Time since last: 2085811 ns, Reaching safepoint: 29800 ns, At safepoint: 2000 ns, Total: 31800 ns
[2.180s][info ][safepoint      ] Safepoint "ICBufferFull", Time since last: 2284912 ns, Reaching safepoint: 70700 ns, At safepoint: 3400 ns, Total: 74100 ns
[2.191s][info ][safepoint      ] Safepoint "ICBufferFull", Time since last: 11549261 ns, Reaching safepoint: 39300 ns, At safepoint: 5200 ns, Total: 44500 ns
[2.222s][info ][safepoint      ] Safepoint "ICBufferFull", Time since last: 30488360 ns, Reaching safepoint: 41700 ns, At safepoint: 2400 ns, Total: 44100 ns
[2.227s][info ][safepoint      ] Safepoint "ICBufferFull", Time since last: 4940426 ns, Reaching safepoint: 34800 ns, At safepoint: 2200 ns, Total: 37000 ns
[2.305s][info ][safepoint      ] Safepoint "ICBufferFull", Time since last: 74731992 ns, Reaching safepoint: 3807920 ns, At safepoint: 21600 ns, Total: 3829520 ns
[2.306s][info ][safepoint      ] Safepoint "ICBufferFull", Time since last: 879505 ns, Reaching safepoint: 43800 ns, At safepoint: 2700 ns, Total: 46500 ns
[2.314s][info ][safepoint      ] Safepoint "ICBufferFull", Time since last: 7185138 ns, Reaching safepoint: 62900 ns, At safepoint: 3500 ns, Total: 66400 ns
[2.314s][info ][safepoint      ] Safepoint "ICBufferFull", Time since last: 735404 ns, Reaching safepoint: 30100 ns, At safepoint: 5400 ns, Total: 35500 ns
[2.374s][info ][safepoint      ] Safepoint "ICBufferFull", Time since last: 60035315 ns, Reaching safepoint: 67600 ns, At safepoint: 2700 ns, Total: 70300 ns
[2.378s][info ][safepoint      ] Safepoint "ICBufferFull", Time since last: 3472918 ns, Reaching safepoint: 47201 ns, At safepoint: 7800 ns, Total: 55001 ns
[2.380s][info ][safepoint      ] Safepoint "ICBufferFull", Time since last: 2152611 ns, Reaching safepoint: 26600 ns, At safepoint: 6000 ns, Total: 32600 ns
[2.381s][info ][safepoint      ] Safepoint "ICBufferFull", Time since last: 1184106 ns, Reaching safepoint: 92401 ns, At safepoint: 6200 ns, Total: 98601 ns
[2.383s][info ][safepoint      ] Safepoint "ICBufferFull", Time since last: 1801109 ns, Reaching safepoint: 20100 ns, At safepoint: 2900 ns, Total: 23000 ns
[2.385s][info ][safepoint      ] Safepoint "ICBufferFull", Time since last: 1908710 ns, Reaching safepoint: 27500 ns, At safepoint: 2400 ns, Total: 29900 ns
[2.386s][info ][safepoint      ] Safepoint "ICBufferFull", Time since last: 1098006 ns, Reaching safepoint: 24000 ns, At safepoint: 2300 ns, Total: 26300 ns
[2.387s][info ][safepoint      ] Safepoint "ICBufferFull", Time since last: 575403 ns, Reaching safepoint: 23800 ns, At safepoint: 1801 ns, Total: 25601 ns
[2.388s][info ][safepoint      ] Safepoint "ICBufferFull", Time since last: 1031005 ns, Reaching safepoint: 95100 ns, At safepoint: 7300 ns, Total: 102400 ns
[2.391s][info ][safepoint      ] Safepoint "ICBufferFull", Time since last: 2981316 ns, Reaching safepoint: 34300 ns, At safepoint: 6800 ns, Total: 41100 ns
[2.392s][info ][safepoint      ] Safepoint "ICBufferFull", Time since last: 1300307 ns, Reaching safepoint: 37500 ns, At safepoint: 6400 ns, Total: 43900 ns
[2.394s][info ][safepoint      ] Safepoint "ICBufferFull", Time since last: 1152406 ns, Reaching safepoint: 29601 ns, At safepoint: 2500 ns, Total: 32101 ns
[2.395s][info ][safepoint      ] Safepoint "ICBufferFull", Time since last: 1452607 ns, Reaching safepoint: 28800 ns, At safepoint: 3100 ns, Total: 31900 ns
[2.398s][info ][safepoint      ] Safepoint "ICBufferFull", Time since last: 2550514 ns, Reaching safepoint: 42900 ns, At safepoint: 10900 ns, Total: 53800 ns
[2.400s][info ][safepoint      ] Safepoint "ICBufferFull", Time since last: 2407413 ns, Reaching safepoint: 31700 ns, At safepoint: 3100 ns, Total: 34800 ns
[2.413s][info ][safepoint      ] Safepoint "ICBufferFull", Time since last: 9107348 ns, Reaching safepoint: 4067221 ns, At safepoint: 12900 ns, Total: 4080121 ns
[2.415s][info ][safepoint      ] Safepoint "ICBufferFull", Time since last: 1742809 ns, Reaching safepoint: 42300 ns, At safepoint: 2600 ns, Total: 44900 ns
[2.418s][info ][safepoint      ] Safepoint "ICBufferFull", Time since last: 2724615 ns, Reaching safepoint: 29000 ns, At safepoint: 2600 ns, Total: 31600 ns
[2.420s][info ][safepoint      ] Safepoint "ICBufferFull", Time since last: 2368312 ns, Reaching safepoint: 22800 ns, At safepoint: 2900 ns, Total: 25700 ns
[2.429s][info ][safepoint      ] Safepoint "ICBufferFull", Time since last: 8869147 ns, Reaching safepoint: 65700 ns, At safepoint: 3400 ns, Total: 69100 ns
[2.436s][info ][safepoint      ] Safepoint "ICBufferFull", Time since last: 6500634 ns, Reaching safepoint: 45300 ns, At safepoint: 6200 ns, Total: 51500 ns
[2.441s][info ][safepoint      ] Safepoint "ICBufferFull", Time since last: 5575830 ns, Reaching safepoint: 48900 ns, At safepoint: 2800 ns, Total: 51700 ns
[2.442s][info ][safepoint      ] Safepoint "ICBufferFull", Time since last: 692604 ns, Reaching safepoint: 36500 ns, At safepoint: 6500 ns, Total: 43000 ns
[2.445s][info ][safepoint      ] Safepoint "ICBufferFull", Time since last: 2399812 ns, Reaching safepoint: 32201 ns, At safepoint: 2700 ns, Total: 34901 ns
[2.447s][info ][safepoint      ] Safepoint "ICBufferFull", Time since last: 2431012 ns, Reaching safepoint: 41001 ns, At safepoint: 2600 ns, Total: 43601 ns
[2.450s][info ][safepoint      ] Safepoint "ICBufferFull", Time since last: 2555913 ns, Reaching safepoint: 51000 ns, At safepoint: 7600 ns, Total: 58600 ns
[2.452s][info ][safepoint      ] Safepoint "ICBufferFull", Time since last: 2135611 ns, Reaching safepoint: 31701 ns, At safepoint: 7200 ns, Total: 38901 ns
[2.454s][info ][safepoint      ] Safepoint "ICBufferFull", Time since last: 2020110 ns, Reaching safepoint: 39400 ns, At safepoint: 12400 ns, Total: 51800 ns
[2.458s][info ][safepoint      ] Safepoint "ICBufferFull", Time since last: 3482219 ns, Reaching safepoint: 112600 ns, At safepoint: 7100 ns, Total: 119700 ns
[2.460s][info ][safepoint      ] Safepoint "ICBufferFull", Time since last: 2175112 ns, Reaching safepoint: 37900 ns, At safepoint: 7000 ns, Total: 44900 ns
[2.462s][info ][safepoint      ] Safepoint "ICBufferFull", Time since last: 1970910 ns, Reaching safepoint: 48201 ns, At safepoint: 4200 ns, Total: 52401 ns
[2.464s][info ][safepoint      ] Safepoint "ICBufferFull", Time since last: 2019410 ns, Reaching safepoint: 33400 ns, At safepoint: 6000 ns, Total: 39400 ns
[2.466s][info ][safepoint      ] Safepoint "ICBufferFull", Time since last: 1981211 ns, Reaching safepoint: 22500 ns, At safepoint: 6500 ns, Total: 29000 ns
[2.468s][info ][safepoint      ] Safepoint "ICBufferFull", Time since last: 2372512 ns, Reaching safepoint: 40301 ns, At safepoint: 3200 ns, Total: 43501 ns
[2.470s][info ][safepoint      ] Safepoint "ICBufferFull", Time since last: 1943410 ns, Reaching safepoint: 27700 ns, At safepoint: 6400 ns, Total: 34100 ns
[2.473s][info ][safepoint      ] Safepoint "ICBufferFull", Time since last: 3147316 ns, Reaching safepoint: 49601 ns, At safepoint: 2800 ns, Total: 52401 ns
[2.485s][info ][safepoint      ] Safepoint "ICBufferFull", Time since last: 11487160 ns, Reaching safepoint: 40100 ns, At safepoint: 2700 ns, Total: 42800 ns
[2.486s][info ][safepoint      ] Safepoint "ICBufferFull", Time since last: 1058906 ns, Reaching safepoint: 35300 ns, At safepoint: 1900 ns, Total: 37200 ns
[2.488s][info ][safepoint      ] Safepoint "ICBufferFull", Time since last: 1604108 ns, Reaching safepoint: 31200 ns, At safepoint: 2300 ns, Total: 33500 ns
[2.488s][info ][safepoint      ] Safepoint "ICBufferFull", Time since last: 512003 ns, Reaching safepoint: 27600 ns, At safepoint: 5700 ns, Total: 33300 ns
[2.490s][info ][safepoint      ] Safepoint "ICBufferFull", Time since last: 1869510 ns, Reaching safepoint: 40800 ns, At safepoint: 3000 ns, Total: 43800 ns
[2.494s][info ][safepoint      ] Safepoint "ICBufferFull", Time since last: 3525019 ns, Reaching safepoint: 35000 ns, At safepoint: 3300 ns, Total: 38300 ns
[2.500s][info ][safepoint      ] Safepoint "ICBufferFull", Time since last: 6470934 ns, Reaching safepoint: 47700 ns, At safepoint: 2900 ns, Total: 50600 ns
[2.506s][info ][safepoint      ] Safepoint "ICBufferFull", Time since last: 5951331 ns, Reaching safepoint: 57601 ns, At safepoint: 3100 ns, Total: 60701 ns
[2.508s][info ][safepoint      ] Safepoint "ICBufferFull", Time since last: 1617908 ns, Reaching safepoint: 94301 ns, At safepoint: 6200 ns, Total: 100501 ns
[2.509s][info ][safepoint      ] Safepoint "ICBufferFull", Time since last: 662003 ns, Reaching safepoint: 17800 ns, At safepoint: 2200 ns, Total: 20000 ns
[2.514s][info ][safepoint      ] Safepoint "ICBufferFull", Time since last: 4838026 ns, Reaching safepoint: 29300 ns, At safepoint: 3100 ns, Total: 32400 ns
[2.515s][info ][safepoint      ] Safepoint "ICBufferFull", Time since last: 1582508 ns, Reaching safepoint: 22600 ns, At safepoint: 2700 ns, Total: 25300 ns
[2.519s][info ][safepoint      ] Safepoint "ICBufferFull", Time since last: 4184622 ns, Reaching safepoint: 47900 ns, At safepoint: 10401 ns, Total: 58301 ns
[2.520s][info ][safepoint      ] Safepoint "ICBufferFull", Time since last: 688303 ns, Reaching safepoint: 19100 ns, At safepoint: 1800 ns, Total: 20900 ns
[2.523s][info ][safepoint      ] Safepoint "ICBufferFull", Time since last: 3338118 ns, Reaching safepoint: 28900 ns, At safepoint: 3100 ns, Total: 32000 ns
[2.527s][info ][safepoint      ] Safepoint "ICBufferFull", Time since last: 3042316 ns, Reaching safepoint: 26600 ns, At safepoint: 3000 ns, Total: 29600 ns
[2.527s][info ][safepoint      ] Safepoint "ICBufferFull", Time since last: 667704 ns, Reaching safepoint: 17900 ns, At safepoint: 2300 ns, Total: 20200 ns
[2.533s][info ][safepoint      ] Safepoint "ICBufferFull", Time since last: 5859230 ns, Reaching safepoint: 44601 ns, At safepoint: 3100 ns, Total: 47701 ns
[2.561s][info ][safepoint      ] Safepoint "ICBufferFull", Time since last: 28252848 ns, Reaching safepoint: 61200 ns, At safepoint: 3600 ns, Total: 64800 ns
[2.562s][info ][safepoint      ] Safepoint "ICBufferFull", Time since last: 776504 ns, Reaching safepoint: 23700 ns, At safepoint: 2200 ns, Total: 25900 ns
[2.590s][info ][safepoint      ] Safepoint "ICBufferFull", Time since last: 27444644 ns, Reaching safepoint: 42900 ns, At safepoint: 3300 ns, Total: 46200 ns
[2.592s][info ][safepoint      ] Safepoint "ICBufferFull", Time since last: 2102111 ns, Reaching safepoint: 57701 ns, At safepoint: 3300 ns, Total: 61001 ns
[2.593s][info ][safepoint      ] Safepoint "ICBufferFull", Time since last: 1361207 ns, Reaching safepoint: 35100 ns, At safepoint: 2800 ns, Total: 37900 ns
[2.595s][info ][safepoint      ] Safepoint "ICBufferFull", Time since last: 1322607 ns, Reaching safepoint: 122501 ns, At safepoint: 8000 ns, Total: 130501 ns
[2.598s][info ][safepoint      ] Safepoint "ICBufferFull", Time since last: 3122216 ns, Reaching safepoint: 111601 ns, At safepoint: 6500 ns, Total: 118101 ns
[2.605s][info ][safepoint      ] Safepoint "ICBufferFull", Time since last: 6882336 ns, Reaching safepoint: 56600 ns, At safepoint: 3500 ns, Total: 60100 ns
[2.607s][info ][safepoint      ] Safepoint "ICBufferFull", Time since last: 1772709 ns, Reaching safepoint: 42700 ns, At safepoint: 3300 ns, Total: 46000 ns
[2.609s][info ][safepoint      ] Safepoint "ICBufferFull", Time since last: 2115712 ns, Reaching safepoint: 26800 ns, At safepoint: 2000 ns, Total: 28800 ns
[2.613s][info ][safepoint      ] Safepoint "ICBufferFull", Time since last: 4109321 ns, Reaching safepoint: 58501 ns, At safepoint: 4000 ns, Total: 62501 ns
[2.616s][info ][safepoint      ] Safepoint "ICBufferFull", Time since last: 2964815 ns, Reaching safepoint: 39800 ns, At safepoint: 2800 ns, Total: 42600 ns
[2.618s][info ][safepoint      ] Safepoint "ICBufferFull", Time since last: 2161512 ns, Reaching safepoint: 39100 ns, At safepoint: 2600 ns, Total: 41700 ns
[2.620s][info ][safepoint      ] Safepoint "ICBufferFull", Time since last: 1768909 ns, Reaching safepoint: 27900 ns, At safepoint: 2300 ns, Total: 30200 ns
[2.628s][info ][safepoint      ] Safepoint "ICBufferFull", Time since last: 7537540 ns, Reaching safepoint: 63200 ns, At safepoint: 3900 ns, Total: 67100 ns
[2.629s][info ][safepoint      ] Safepoint "ICBufferFull", Time since last: 1405608 ns, Reaching safepoint: 42800 ns, At safepoint: 2900 ns, Total: 45700 ns
[2.632s][info ][safepoint      ] Safepoint "ICBufferFull", Time since last: 2932015 ns, Reaching safepoint: 35200 ns, At safepoint: 5600 ns, Total: 40800 ns
[2.633s][info ][safepoint      ] Safepoint "ICBufferFull", Time since last: 849505 ns, Reaching safepoint: 13500 ns, At safepoint: 4200 ns, Total: 17700 ns
[2.637s][info ][safepoint      ] Safepoint "ICBufferFull", Time since last: 4413923 ns, Reaching safepoint: 51400 ns, At safepoint: 3200 ns, Total: 54600 ns
[2.639s][info ][safepoint      ] Safepoint "ICBufferFull", Time since last: 1766310 ns, Reaching safepoint: 38200 ns, At safepoint: 3000 ns, Total: 41200 ns
[2.641s][info ][safepoint      ] Safepoint "ICBufferFull", Time since last: 1939410 ns, Reaching safepoint: 33500 ns, At safepoint: 2700 ns, Total: 36200 ns
[2.643s][info ][safepoint      ] Safepoint "ICBufferFull", Time since last: 1466908 ns, Reaching safepoint: 18900 ns, At safepoint: 2600 ns, Total: 21500 ns
[2.644s][info ][safepoint      ] Safepoint "ICBufferFull", Time since last: 1436907 ns, Reaching safepoint: 102301 ns, At safepoint: 6200 ns, Total: 108501 ns
[2.646s][info ][safepoint      ] Safepoint "ICBufferFull", Time since last: 1620909 ns, Reaching safepoint: 21300 ns, At safepoint: 2500 ns, Total: 23800 ns
[2.648s][info ][safepoint      ] Safepoint "ICBufferFull", Time since last: 1912210 ns, Reaching safepoint: 25300 ns, At safepoint: 2400 ns, Total: 27700 ns
[2.650s][info ][safepoint      ] Safepoint "ICBufferFull", Time since last: 2191011 ns, Reaching safepoint: 36901 ns, At safepoint: 2100 ns, Total: 39001 ns
[2.652s][info ][safepoint      ] Safepoint "ICBufferFull", Time since last: 1960810 ns, Reaching safepoint: 95100 ns, At safepoint: 4200 ns, Total: 99300 ns
[2.654s][info ][safepoint      ] Safepoint "ICBufferFull", Time since last: 1430808 ns, Reaching safepoint: 27300 ns, At safepoint: 2300 ns, Total: 29600 ns
[2.655s][info ][safepoint      ] Safepoint "ICBufferFull", Time since last: 1421907 ns, Reaching safepoint: 30701 ns, At safepoint: 2500 ns, Total: 33201 ns
[2.657s][info ][safepoint      ] Safepoint "ICBufferFull", Time since last: 2196211 ns, Reaching safepoint: 27400 ns, At safepoint: 5600 ns, Total: 33000 ns
[2.659s][info ][safepoint      ] Safepoint "ICBufferFull", Time since last: 1841310 ns, Reaching safepoint: 118001 ns, At safepoint: 9100 ns, Total: 127101 ns
[2.661s][info ][safepoint      ] Safepoint "ICBufferFull", Time since last: 1415807 ns, Reaching safepoint: 27400 ns, At safepoint: 3600 ns, Total: 31000 ns
[2.662s][info ][safepoint      ] Safepoint "ICBufferFull", Time since last: 1285207 ns, Reaching safepoint: 38800 ns, At safepoint: 3000 ns, Total: 41800 ns
[2.663s][info ][safepoint      ] Safepoint "ICBufferFull", Time since last: 1232107 ns, Reaching safepoint: 17400 ns, At safepoint: 6400 ns, Total: 23800 ns
[2.664s][info ][safepoint      ] Safepoint "ICBufferFull", Time since last: 689603 ns, Reaching safepoint: 27101 ns, At safepoint: 2200 ns, Total: 29301 ns
[2.666s][info ][safepoint      ] Safepoint "ICBufferFull", Time since last: 1827609 ns, Reaching safepoint: 36400 ns, At safepoint: 2500 ns, Total: 38900 ns
[2.669s][info ][safepoint      ] Safepoint "ICBufferFull", Time since last: 3228517 ns, Reaching safepoint: 56001 ns, At safepoint: 9900 ns, Total: 65901 ns
[2.671s][info ][safepoint      ] Safepoint "ICBufferFull", Time since last: 1595508 ns, Reaching safepoint: 23600 ns, At safepoint: 2400 ns, Total: 26000 ns
[2.673s][info ][safepoint      ] Safepoint "ICBufferFull", Time since last: 1720809 ns, Reaching safepoint: 32500 ns, At safepoint: 2500 ns, Total: 35000 ns
[2.675s][info ][safepoint      ] Safepoint "ICBufferFull", Time since last: 2183812 ns, Reaching safepoint: 47500 ns, At safepoint: 3900 ns, Total: 51400 ns
[2.677s][info ][safepoint      ] Safepoint "ICBufferFull", Time since last: 1879410 ns, Reaching safepoint: 35300 ns, At safepoint: 2400 ns, Total: 37700 ns
[2.677s][info ][safepoint      ] Safepoint "ICBufferFull", Time since last: 711304 ns, Reaching safepoint: 31000 ns, At safepoint: 2100 ns, Total: 33100 ns
[2.680s][info ][safepoint      ] Safepoint "ICBufferFull", Time since last: 2085011 ns, Reaching safepoint: 30900 ns, At safepoint: 2900 ns, Total: 33800 ns
[2.683s][info ][safepoint      ] Safepoint "ICBufferFull", Time since last: 3048716 ns, Reaching safepoint: 48600 ns, At safepoint: 8100 ns, Total: 56700 ns
[2.685s][info ][safepoint      ] Safepoint "ICBufferFull", Time since last: 2006611 ns, Reaching safepoint: 46500 ns, At safepoint: 9800 ns, Total: 56300 ns
[2.686s][info ][safepoint      ] Safepoint "ICBufferFull", Time since last: 1219507 ns, Reaching safepoint: 44600 ns, At safepoint: 2600 ns, Total: 47200 ns
[2.687s][info ][safepoint      ] Safepoint "ICBufferFull", Time since last: 1375207 ns, Reaching safepoint: 46000 ns, At safepoint: 2900 ns, Total: 48900 ns
[2.689s][info ][safepoint      ] Safepoint "ICBufferFull", Time since last: 1252807 ns, Reaching safepoint: 36400 ns, At safepoint: 2800 ns, Total: 39200 ns
[2.690s][info ][safepoint      ] Safepoint "ICBufferFull", Time since last: 1484608 ns, Reaching safepoint: 34300 ns, At safepoint: 2300 ns, Total: 36600 ns
[2.692s][info ][safepoint      ] Safepoint "ICBufferFull", Time since last: 1811109 ns, Reaching safepoint: 40901 ns, At safepoint: 2500 ns, Total: 43401 ns
[2.693s][info ][safepoint      ] Safepoint "ICBufferFull", Time since last: 1241306 ns, Reaching safepoint: 38200 ns, At safepoint: 2400 ns, Total: 40600 ns
[2.696s][info ][safepoint      ] Safepoint "ICBufferFull", Time since last: 2217912 ns, Reaching safepoint: 42200 ns, At safepoint: 3000 ns, Total: 45200 ns
[2.697s][info ][safepoint      ] Safepoint "ICBufferFull", Time since last: 967305 ns, Reaching safepoint: 33201 ns, At safepoint: 2100 ns, Total: 35301 ns
[2.698s][info ][safepoint      ] Safepoint "ICBufferFull", Time since last: 1007405 ns, Reaching safepoint: 34400 ns, At safepoint: 2300 ns, Total: 36700 ns
[2.700s][info ][safepoint      ] Safepoint "ICBufferFull", Time since last: 1799709 ns, Reaching safepoint: 32701 ns, At safepoint: 2200 ns, Total: 34901 ns
[2.701s][info ][safepoint      ] Safepoint "ICBufferFull", Time since last: 1050305 ns, Reaching safepoint: 32900 ns, At safepoint: 3200 ns, Total: 36100 ns
[2.701s][info ][safepoint      ] Safepoint "ICBufferFull", Time since last: 690204 ns, Reaching safepoint: 24900 ns, At safepoint: 2000 ns, Total: 26900 ns
[2.704s][info ][safepoint      ] Safepoint "ICBufferFull", Time since last: 2234512 ns, Reaching safepoint: 42300 ns, At safepoint: 2900 ns, Total: 45200 ns
[2.705s][info ][safepoint      ] Safepoint "ICBufferFull", Time since last: 1780409 ns, Reaching safepoint: 26100 ns, At safepoint: 11601 ns, Total: 37701 ns
[2.706s][info ][safepoint      ] Safepoint "ICBufferFull", Time since last: 925404 ns, Reaching safepoint: 35001 ns, At safepoint: 2600 ns, Total: 37601 ns
[2.707s][info ][safepoint      ] Safepoint "ICBufferFull", Time since last: 884304 ns, Reaching safepoint: 32300 ns, At safepoint: 2400 ns, Total: 34700 ns
[2.708s][info ][safepoint      ] Safepoint "ICBufferFull", Time since last: 905805 ns, Reaching safepoint: 32800 ns, At safepoint: 7800 ns, Total: 40600 ns
[2.709s][info ][safepoint      ] Safepoint "ICBufferFull", Time since last: 914805 ns, Reaching safepoint: 41100 ns, At safepoint: 8000 ns, Total: 49100 ns
[2.710s][info ][safepoint      ] Safepoint "ICBufferFull", Time since last: 959005 ns, Reaching safepoint: 26401 ns, At safepoint: 5900 ns, Total: 32301 ns
[2.711s][info ][safepoint      ] Safepoint "ICBufferFull", Time since last: 885204 ns, Reaching safepoint: 24400 ns, At safepoint: 2300 ns, Total: 26700 ns
[2.712s][info ][safepoint      ] Safepoint "ICBufferFull", Time since last: 886605 ns, Reaching safepoint: 21500 ns, At safepoint: 2200 ns, Total: 23700 ns
[2.713s][info ][safepoint      ] Safepoint "ICBufferFull", Time since last: 1068806 ns, Reaching safepoint: 40700 ns, At safepoint: 2600 ns, Total: 43300 ns
[2.715s][info ][safepoint      ] Safepoint "ICBufferFull", Time since last: 1325807 ns, Reaching safepoint: 38500 ns, At safepoint: 2700 ns, Total: 41200 ns
[2.716s][info ][safepoint      ] Safepoint "ICBufferFull", Time since last: 1097006 ns, Reaching safepoint: 23600 ns, At safepoint: 7000 ns, Total: 30600 ns
[2.717s][info ][safepoint      ] Safepoint "ICBufferFull", Time since last: 1104806 ns, Reaching safepoint: 21800 ns, At safepoint: 2100 ns, Total: 23900 ns
[2.718s][info ][safepoint      ] Safepoint "ICBufferFull", Time since last: 1586208 ns, Reaching safepoint: 30100 ns, At safepoint: 2700 ns, Total: 32800 ns
[2.722s][info ][safepoint      ] Safepoint "ICBufferFull", Time since last: 3552519 ns, Reaching safepoint: 32200 ns, At safepoint: 6600 ns, Total: 38800 ns
[2.724s][info ][safepoint      ] Safepoint "ICBufferFull", Time since last: 2396013 ns, Reaching safepoint: 32100 ns, At safepoint: 2200 ns, Total: 34300 ns
[2.874s][info ][safepoint      ] Safepoint "ICBufferFull", Time since last: 149461583 ns, Reaching safepoint: 84801 ns, At safepoint: 2900 ns, Total: 87701 ns
[3.069s][info ][safepoint      ] Safepoint "ICBufferFull", Time since last: 194308118 ns, Reaching safepoint: 253202 ns, At safepoint: 14700 ns, Total: 267902 ns
[3.274s][info ][gc,start       ] GC(2) Pause Young (Metadata GC Threshold)
[3.329s][debug][gc,phases      ] GC(2) Scavenge 54.255ms
[3.329s][debug][gc,ref         ] GC(2) Skipped phase 1 of Reference Processing: no references
[3.329s][debug][gc,ref         ] GC(2) ReferenceProcessor::execute queues: 2, RefProcThreadModel::Multi, marks_oops_alive: false
[3.329s][debug][gc,ref         ] GC(2) Skipped phase 3 of Reference Processing: no references
[3.329s][debug][gc,ref         ] GC(2) ReferenceProcessor::execute queues: 1, RefProcThreadModel::Single, marks_oops_alive: false
[3.329s][debug][gc,phases      ] GC(2) Reference Processing 0.373ms
[3.330s][debug][gc,phases      ] GC(2)   VM Weak                        Min:  0.0, Avg:  0.0, Max:  0.0, Diff:  0.0, Sum:  0.0, Workers: 4
[3.330s][debug][gc,phases      ] GC(2)     Dead                           Min: 0, Avg:  0.0, Max: 0, Diff: 0, Sum: 0, Workers: 4
[3.330s][debug][gc,phases      ] GC(2)     Total                          Min: 0, Avg: 68.2, Max: 192, Diff: 192, Sum: 273, Workers: 4
[3.330s][debug][gc,phases      ] GC(2)   ObjectSynchronizer Weak        Min:  0.0, Avg:  0.0, Max:  0.0, Diff:  0.0, Sum:  0.0, Workers: 4
[3.330s][debug][gc,phases      ] GC(2)     Dead                           Min: 0, Avg:  0.8, Max: 3, Diff: 3, Sum: 3, Workers: 4
[3.330s][debug][gc,phases      ] GC(2)     Total                          Min: 0, Avg:  3.2, Max: 13, Diff: 13, Sum: 13, Workers: 4
[3.330s][debug][gc,phases      ] GC(2)   JVMTI Tag Weak OopStorage      Min:  0.0, Avg:  0.0, Max:  0.0, Diff:  0.0, Sum:  0.0, Workers: 4
[3.330s][debug][gc,phases      ] GC(2)     Dead                           Min: 0, Avg:  0.0, Max: 0, Diff: 0, Sum: 0, Workers: 4
[3.330s][debug][gc,phases      ] GC(2)     Total                          Min: 0, Avg:  0.0, Max: 0, Diff: 0, Sum: 0, Workers: 4
[3.330s][debug][gc,phases      ] GC(2)   StringTable Weak               Min:  0.0, Avg:  0.2, Max:  0.4, Diff:  0.4, Sum:  0.9, Workers: 4
[3.330s][debug][gc,phases      ] GC(2)     Dead                           Min: 0, Avg:  6.0, Max: 17, Diff: 17, Sum: 24, Workers: 4
[3.330s][debug][gc,phases      ] GC(2)     Total                          Min: 0, Avg: 4937.2, Max: 10405, Diff: 10405, Sum: 19749, Workers: 4
[3.330s][debug][gc,phases      ] GC(2)   ResolvedMethodTable Weak       Min:  0.0, Avg:  0.0, Max:  0.0, Diff:  0.0, Sum:  0.1, Workers: 4
[3.330s][debug][gc,phases      ] GC(2)     Dead                           Min: 0, Avg: 18.2, Max: 38, Diff: 38, Sum: 73, Workers: 4
[3.330s][debug][gc,phases      ] GC(2)     Total                          Min: 0, Avg: 472.8, Max: 1059, Diff: 1059, Sum: 1891, Workers: 4
[3.330s][debug][gc,phases      ] GC(2)   JNI Weak                       Min:  0.0, Avg:  0.0, Max:  0.0, Diff:  0.0, Sum:  0.0, Workers: 4
[3.330s][debug][gc,phases      ] GC(2)     Dead                           Min: 0, Avg:  0.0, Max: 0, Diff: 0, Sum: 0, Workers: 4
[3.330s][debug][gc,phases      ] GC(2)     Total                          Min: 0, Avg:  0.0, Max: 0, Diff: 0, Sum: 0, Workers: 4
[3.330s][debug][gc,phases      ] GC(2)   StringDedup Table Weak         Min:  0.0, Avg:  0.0, Max:  0.0, Diff:  0.0, Sum:  0.0, Workers: 4
[3.330s][debug][gc,phases      ] GC(2)     Dead                           Min: 0, Avg:  0.0, Max: 0, Diff: 0, Sum: 0, Workers: 4
[3.330s][debug][gc,phases      ] GC(2)     Total                          Min: 0, Avg:  0.0, Max: 0, Diff: 0, Sum: 0, Workers: 4
[3.330s][debug][gc,phases      ] GC(2)   StringDedup Requests0 Weak     Min:  0.0, Avg:  0.0, Max:  0.0, Diff:  0.0, Sum:  0.0, Workers: 4
[3.330s][debug][gc,phases      ] GC(2)     Dead                           Min: 0, Avg:  0.0, Max: 0, Diff: 0, Sum: 0, Workers: 4
[3.330s][debug][gc,phases      ] GC(2)     Total                          Min: 0, Avg:  0.0, Max: 0, Diff: 0, Sum: 0, Workers: 4
[3.330s][debug][gc,phases      ] GC(2)   StringDedup Requests1 Weak     Min:  0.0, Avg:  0.0, Max:  0.0, Diff:  0.0, Sum:  0.0, Workers: 4
[3.330s][debug][gc,phases      ] GC(2)     Dead                           Min: 0, Avg:  0.0, Max: 0, Diff: 0, Sum: 0, Workers: 4
[3.330s][debug][gc,phases      ] GC(2)     Total                          Min: 0, Avg:  0.0, Max: 0, Diff: 0, Sum: 0, Workers: 4
[3.330s][debug][gc,phases      ] GC(2)   Weak JFR Old Object Samples    Min:  0.0, Avg:  0.0, Max:  0.0, Diff:  0.0, Sum:  0.0, Workers: 4
[3.330s][debug][gc,phases      ] GC(2)     Dead                           Min: 0, Avg:  0.0, Max: 0, Diff: 0, Sum: 0, Workers: 4
[3.330s][debug][gc,phases      ] GC(2)     Total                          Min: 0, Avg:  0.0, Max: 0, Diff: 0, Sum: 0, Workers: 4
[3.330s][debug][gc,phases      ] GC(2) Weak Processing 0.765ms
[3.330s][debug][gc,age         ] GC(2) Desired survivor size 536870912 bytes, new threshold 7 (max threshold 15)
[3.330s][info ][gc,heap        ] GC(2) PSYoungGen: 455114K(1572864K)->56569K(1572864K) Eden: 443897K(1048576K)->0K(1048576K) From: 11216K(524288K)->56569K(524288K)
[3.330s][info ][gc,heap        ] GC(2) ParOldGen: 5693K(6144K)->5701K(6144K)
[3.330s][info ][gc,metaspace   ] GC(2) Metaspace: 35426K(35840K)->35426K(35840K) NonClass: 30958K(31168K)->30958K(31168K) Class: 4467K(4672K)->4467K(4672K)
[3.330s][info ][gc             ] GC(2) Pause Young (Metadata GC Threshold) 450M->60M(1542M) 55.558ms
[3.330s][info ][gc,cpu         ] GC(2) User=0.13s Sys=0.02s Real=0.06s
[3.330s][debug][gc,phases      ] GC(3) Pre Compact 0.013ms
[3.330s][info ][gc,start       ] GC(3) Pause Full (Metadata GC Threshold)
[3.330s][info ][gc,phases,start] GC(3) Marking Phase
[3.365s][debug][gc,phases      ] GC(3) Par Mark 34.888ms
[3.365s][debug][gc,ref         ] GC(3) Skipped phase 1 of Reference Processing: no references
[3.365s][debug][gc,ref         ] GC(3) ReferenceProcessor::execute queues: 2, RefProcThreadModel::Multi, marks_oops_alive: false
[3.365s][debug][gc,ref         ] GC(3) Skipped phase 3 of Reference Processing: no references
[3.365s][debug][gc,ref         ] GC(3) ReferenceProcessor::execute queues: 1, RefProcThreadModel::Single, marks_oops_alive: false
[3.365s][debug][gc,phases      ] GC(3) Reference Processing 0.563ms
[3.366s][debug][gc,phases      ] GC(3)   VM Weak                        Min:  0.0, Avg:  0.0, Max:  0.0, Diff:  0.0, Sum:  0.0, Workers: 4
[3.366s][debug][gc,phases      ] GC(3)     Dead                           Min: 0, Avg:  0.0, Max: 0, Diff: 0, Sum: 0, Workers: 4
[3.366s][debug][gc,phases      ] GC(3)     Total                          Min: 0, Avg: 68.2, Max: 273, Diff: 273, Sum: 273, Workers: 4
[3.366s][debug][gc,phases      ] GC(3)   ObjectSynchronizer Weak        Min:  0.0, Avg:  0.0, Max:  0.0, Diff:  0.0, Sum:  0.0, Workers: 4
[3.366s][debug][gc,phases      ] GC(3)     Dead                           Min: 0, Avg:  0.0, Max: 0, Diff: 0, Sum: 0, Workers: 4
[3.366s][debug][gc,phases      ] GC(3)     Total                          Min: 0, Avg:  3.2, Max: 13, Diff: 13, Sum: 13, Workers: 4
[3.366s][debug][gc,phases      ] GC(3)   JVMTI Tag Weak OopStorage      Min:  0.0, Avg:  0.0, Max:  0.0, Diff:  0.0, Sum:  0.0, Workers: 4
[3.366s][debug][gc,phases      ] GC(3)     Dead                           Min: 0, Avg:  0.0, Max: 0, Diff: 0, Sum: 0, Workers: 4
[3.366s][debug][gc,phases      ] GC(3)     Total                          Min: 0, Avg:  0.0, Max: 0, Diff: 0, Sum: 0, Workers: 4
[3.366s][debug][gc,phases      ] GC(3)   StringTable Weak               Min:  0.0, Avg:  0.1, Max:  0.1, Diff:  0.1, Sum:  0.3, Workers: 4
[3.366s][debug][gc,phases      ] GC(3)     Dead                           Min: 0, Avg:  0.0, Max: 0, Diff: 0, Sum: 0, Workers: 4
[3.366s][debug][gc,phases      ] GC(3)     Total                          Min: 0, Avg: 4937.2, Max: 7744, Diff: 7744, Sum: 19749, Workers: 4
[3.366s][debug][gc,phases      ] GC(3)   ResolvedMethodTable Weak       Min:  0.0, Avg:  0.0, Max:  0.0, Diff:  0.0, Sum:  0.0, Workers: 4
[3.366s][debug][gc,phases      ] GC(3)     Dead                           Min: 0, Avg:  0.0, Max: 0, Diff: 0, Sum: 0, Workers: 4
[3.366s][debug][gc,phases      ] GC(3)     Total                          Min: 0, Avg: 472.8, Max: 640, Diff: 640, Sum: 1891, Workers: 4
[3.366s][debug][gc,phases      ] GC(3)   JNI Weak                       Min:  0.0, Avg:  0.0, Max:  0.0, Diff:  0.0, Sum:  0.0, Workers: 4
[3.366s][debug][gc,phases      ] GC(3)     Dead                           Min: 0, Avg:  0.0, Max: 0, Diff: 0, Sum: 0, Workers: 4
[3.366s][debug][gc,phases      ] GC(3)     Total                          Min: 0, Avg:  0.0, Max: 0, Diff: 0, Sum: 0, Workers: 4
[3.366s][debug][gc,phases      ] GC(3)   StringDedup Table Weak         Min:  0.0, Avg:  0.0, Max:  0.0, Diff:  0.0, Sum:  0.0, Workers: 4
[3.366s][debug][gc,phases      ] GC(3)     Dead                           Min: 0, Avg:  0.0, Max: 0, Diff: 0, Sum: 0, Workers: 4
[3.366s][debug][gc,phases      ] GC(3)     Total                          Min: 0, Avg:  0.0, Max: 0, Diff: 0, Sum: 0, Workers: 4
[3.366s][debug][gc,phases      ] GC(3)   StringDedup Requests0 Weak     Min:  0.0, Avg:  0.0, Max:  0.0, Diff:  0.0, Sum:  0.0, Workers: 4
[3.366s][debug][gc,phases      ] GC(3)     Dead                           Min: 0, Avg:  0.0, Max: 0, Diff: 0, Sum: 0, Workers: 4
[3.366s][debug][gc,phases      ] GC(3)     Total                          Min: 0, Avg:  0.0, Max: 0, Diff: 0, Sum: 0, Workers: 4
[3.366s][debug][gc,phases      ] GC(3)   StringDedup Requests1 Weak     Min:  0.0, Avg:  0.0, Max:  0.0, Diff:  0.0, Sum:  0.0, Workers: 4
[3.366s][debug][gc,phases      ] GC(3)     Dead                           Min: 0, Avg:  0.0, Max: 0, Diff: 0, Sum: 0, Workers: 4
[3.366s][debug][gc,phases      ] GC(3)     Total                          Min: 0, Avg:  0.0, Max: 0, Diff: 0, Sum: 0, Workers: 4
[3.366s][debug][gc,phases      ] GC(3)   Weak JFR Old Object Samples    Min:  0.0, Avg:  0.0, Max:  0.0, Diff:  0.0, Sum:  0.0, Workers: 4
[3.366s][debug][gc,phases      ] GC(3)     Dead                           Min: 0, Avg:  0.0, Max: 0, Diff: 0, Sum: 0, Workers: 4
[3.366s][debug][gc,phases      ] GC(3)     Total                          Min: 0, Avg:  0.0, Max: 0, Diff: 0, Sum: 0, Workers: 4
[3.366s][debug][gc,phases      ] GC(3) Weak Processing 0.360ms
[3.366s][debug][gc,phases      ] GC(3) ClassLoaderData 0.037ms
[3.366s][debug][gc,phases      ] GC(3) Trigger cleanups 0.001ms
[3.371s][debug][gc,phases      ] GC(3) Class Unloading 4.805ms
[3.371s][info ][gc,phases      ] GC(3) Marking Phase 40.734ms
[3.371s][info ][gc,phases,start] GC(3) Summary Phase
[3.371s][info ][gc,phases      ] GC(3) Summary Phase 0.010ms
[3.371s][info ][gc,phases,start] GC(3) Adjust Roots
[3.378s][info ][gc,phases      ] GC(3) Adjust Roots 7.107ms
[3.378s][info ][gc,phases,start] GC(3) Compaction Phase
[3.719s][info ][gc,phases      ] GC(3) Compaction Phase 340.797ms
[3.719s][info ][gc,phases,start] GC(3) Post Compact
[3.720s][info ][gc,phases      ] GC(3) Post Compact 1.035ms
[3.720s][info ][gc,heap        ] GC(3) PSYoungGen: 56569K(1572864K)->56395K(1572864K) Eden: 0K(1048576K)->0K(1048576K) From: 56569K(524288K)->56395K(524288K)
[3.720s][info ][gc,heap        ] GC(3) ParOldGen: 5701K(6144K)->5648K(6144K)
[3.720s][info ][gc,metaspace   ] GC(3) Metaspace: 35426K(35840K)->35426K(35840K) NonClass: 30958K(31168K)->30958K(31168K) Class: 4467K(4672K)->4467K(4672K)
[3.720s][info ][gc             ] GC(3) Pause Full (Metadata GC Threshold) 60M->60M(1542M) 389.877ms
[3.720s][info ][gc,cpu         ] GC(3) User=0.79s Sys=0.00s Real=0.38s
[3.720s][info ][safepoint      ] Safepoint "CollectForMetadataAllocation", Time since last: 205562577 ns, Reaching safepoint: 141601 ns, At safepoint: 445610933 ns, Total: 445752534 ns
[4.059s][info ][safepoint      ] Safepoint "ICBufferFull", Time since last: 338689174 ns, Reaching safepoint: 156101 ns, At safepoint: 8700 ns, Total: 164801 ns
[4.302s][info ][safepoint      ] Safepoint "ICBufferFull", Time since last: 243298074 ns, Reaching safepoint: 247601 ns, At safepoint: 6400 ns, Total: 254001 ns
[4.532s][info ][safepoint      ] Safepoint "ICBufferFull", Time since last: 227247489 ns, Reaching safepoint: 2247212 ns, At safepoint: 20600 ns, Total: 2267812 ns
[4.690s][info ][safepoint      ] Safepoint "ICBufferFull", Time since last: 157808326 ns, Reaching safepoint: 681403 ns, At safepoint: 16901 ns, Total: 698304 ns
[5.007s][info ][safepoint      ] Safepoint "ICBufferFull", Time since last: 313311039 ns, Reaching safepoint: 3360817 ns, At safepoint: 19701 ns, Total: 3380518 ns
[5.126s][info ][safepoint      ] Safepoint "ICBufferFull", Time since last: 118661920 ns, Reaching safepoint: 195401 ns, At safepoint: 11300 ns, Total: 206701 ns
[5.133s][info ][safepoint      ] Safepoint "ICBufferFull", Time since last: 7008737 ns, Reaching safepoint: 123201 ns, At safepoint: 8400 ns, Total: 131601 ns
[5.666s][info ][safepoint      ] Safepoint "ICBufferFull", Time since last: 532650085 ns, Reaching safepoint: 238901 ns, At safepoint: 15200 ns, Total: 254101 ns
[5.688s][info ][safepoint      ] Safepoint "ICBufferFull", Time since last: 13371770 ns, Reaching safepoint: 8952147 ns, At safepoint: 23700 ns, Total: 8975847 ns
[5.688s][info ][safepoint      ] Safepoint "ICBufferFull", Time since last: 79701 ns, Reaching safepoint: 182501 ns, At safepoint: 14700 ns, Total: 197201 ns
[5.690s][info ][safepoint      ] Safepoint "ICBufferFull", Time since last: 881604 ns, Reaching safepoint: 199101 ns, At safepoint: 20600 ns, Total: 219701 ns
[6.030s][info ][safepoint      ] Safepoint "ICBufferFull", Time since last: 340462980 ns, Reaching safepoint: 400402 ns, At safepoint: 25201 ns, Total: 425603 ns
[6.189s][info ][gc,start       ] GC(4) Pause Young (Allocation Failure)
[6.377s][debug][gc,phases      ] GC(4) Scavenge 188.364ms
[6.378s][debug][gc,ref         ] GC(4) Skipped phase 1 of Reference Processing: no references
[6.378s][debug][gc,ref         ] GC(4) ReferenceProcessor::execute queues: 4, RefProcThreadModel::Multi, marks_oops_alive: false
[6.378s][debug][gc,ref         ] GC(4) Skipped phase 3 of Reference Processing: no references
[6.378s][debug][gc,ref         ] GC(4) ReferenceProcessor::execute queues: 3, RefProcThreadModel::Multi, marks_oops_alive: false
[6.379s][debug][gc,phases      ] GC(4) Reference Processing 0.998ms
[6.380s][debug][gc,phases      ] GC(4)   VM Weak                        Min:  0.0, Avg:  0.0, Max:  0.0, Diff:  0.0, Sum:  0.0, Workers: 4
[6.380s][debug][gc,phases      ] GC(4)     Dead                           Min: 0, Avg:  0.0, Max: 0, Diff: 0, Sum: 0, Workers: 4
[6.380s][debug][gc,phases      ] GC(4)     Total                          Min: 0, Avg: 101.5, Max: 406, Diff: 406, Sum: 406, Workers: 4
[6.380s][debug][gc,phases      ] GC(4)   ObjectSynchronizer Weak        Min:  0.0, Avg:  0.0, Max:  0.0, Diff:  0.0, Sum:  0.0, Workers: 4
[6.380s][debug][gc,phases      ] GC(4)     Dead                           Min: 0, Avg: 44.0, Max: 176, Diff: 176, Sum: 176, Workers: 4
[6.380s][debug][gc,phases      ] GC(4)     Total                          Min: 0, Avg: 54.0, Max: 216, Diff: 216, Sum: 216, Workers: 4
[6.380s][debug][gc,phases      ] GC(4)   JVMTI Tag Weak OopStorage      Min:  0.0, Avg:  0.0, Max:  0.0, Diff:  0.0, Sum:  0.0, Workers: 4
[6.380s][debug][gc,phases      ] GC(4)     Dead                           Min: 0, Avg:  0.0, Max: 0, Diff: 0, Sum: 0, Workers: 4
[6.380s][debug][gc,phases      ] GC(4)     Total                          Min: 0, Avg:  0.0, Max: 0, Diff: 0, Sum: 0, Workers: 4
[6.380s][debug][gc,phases      ] GC(4)   StringTable Weak               Min:  0.0, Avg:  0.3, Max:  1.3, Diff:  1.3, Sum:  1.3, Workers: 4
[6.380s][debug][gc,phases      ] GC(4)     Dead                           Min: 0, Avg:  6.5, Max: 26, Diff: 26, Sum: 26, Workers: 4
[6.380s][debug][gc,phases      ] GC(4)     Total                          Min: 0, Avg: 9483.5, Max: 37934, Diff: 37934, Sum: 37934, Workers: 4
[6.380s][debug][gc,phases      ] GC(4)   ResolvedMethodTable Weak       Min:  0.0, Avg:  0.1, Max:  0.2, Diff:  0.2, Sum:  0.2, Workers: 4
[6.380s][debug][gc,phases      ] GC(4)     Dead                           Min: 0, Avg: 32.0, Max: 128, Diff: 128, Sum: 128, Workers: 4
[6.380s][debug][gc,phases      ] GC(4)     Total                          Min: 0, Avg: 1177.2, Max: 4709, Diff: 4709, Sum: 4709, Workers: 4
[6.380s][debug][gc,phases      ] GC(4)   JNI Weak                       Min:  0.0, Avg:  0.0, Max:  0.0, Diff:  0.0, Sum:  0.0, Workers: 4
[6.380s][debug][gc,phases      ] GC(4)     Dead                           Min: 0, Avg:  0.0, Max: 0, Diff: 0, Sum: 0, Workers: 4
[6.380s][debug][gc,phases      ] GC(4)     Total                          Min: 0, Avg:  3.2, Max: 13, Diff: 13, Sum: 13, Workers: 4
[6.380s][debug][gc,phases      ] GC(4)   StringDedup Table Weak         Min:  0.0, Avg:  0.0, Max:  0.0, Diff:  0.0, Sum:  0.0, Workers: 4
[6.380s][debug][gc,phases      ] GC(4)     Dead                           Min: 0, Avg:  0.0, Max: 0, Diff: 0, Sum: 0, Workers: 4
[6.380s][debug][gc,phases      ] GC(4)     Total                          Min: 0, Avg:  0.0, Max: 0, Diff: 0, Sum: 0, Workers: 4
[6.380s][debug][gc,phases      ] GC(4)   StringDedup Requests0 Weak     Min:  0.0, Avg:  0.0, Max:  0.0, Diff:  0.0, Sum:  0.0, Workers: 4
[6.380s][debug][gc,phases      ] GC(4)     Dead                           Min: 0, Avg:  0.0, Max: 0, Diff: 0, Sum: 0, Workers: 4
[6.380s][debug][gc,phases      ] GC(4)     Total                          Min: 0, Avg:  0.0, Max: 0, Diff: 0, Sum: 0, Workers: 4
[6.380s][debug][gc,phases      ] GC(4)   StringDedup Requests1 Weak     Min:  0.0, Avg:  0.0, Max:  0.0, Diff:  0.0, Sum:  0.0, Workers: 4
[6.380s][debug][gc,phases      ] GC(4)     Dead                           Min: 0, Avg:  0.0, Max: 0, Diff: 0, Sum: 0, Workers: 4
[6.380s][debug][gc,phases      ] GC(4)     Total                          Min: 0, Avg:  0.0, Max: 0, Diff: 0, Sum: 0, Workers: 4
[6.380s][debug][gc,phases      ] GC(4)   Weak JFR Old Object Samples    Min:  0.0, Avg:  0.0, Max:  0.0, Diff:  0.0, Sum:  0.0, Workers: 4
[6.380s][debug][gc,phases      ] GC(4)     Dead                           Min: 0, Avg:  0.0, Max: 0, Diff: 0, Sum: 0, Workers: 4
[6.380s][debug][gc,phases      ] GC(4)     Total                          Min: 0, Avg:  0.0, Max: 0, Diff: 0, Sum: 0, Workers: 4
[6.380s][debug][gc,phases      ] GC(4) Weak Processing 1.811ms
[6.380s][debug][gc,age         ] GC(4) Desired survivor size 536870912 bytes, new threshold 7 (max threshold 15)
[6.380s][info ][gc,heap        ] GC(4) PSYoungGen: 1104971K(1572864K)->168766K(1572864K) Eden: 1048576K(1048576K)->0K(1048576K) From: 56395K(524288K)->168766K(524288K)
[6.380s][info ][gc,heap        ] GC(4) ParOldGen: 5648K(6144K)->5664K(6144K)
[6.380s][info ][gc,metaspace   ] GC(4) Metaspace: 52797K(53376K)->52797K(53376K) NonClass: 45014K(45312K)->45014K(45312K) Class: 7782K(8064K)->7782K(8064K)
[6.380s][info ][gc             ] GC(4) Pause Young (Allocation Failure) 1084M->170M(1542M) 191.341ms
[6.380s][info ][gc,cpu         ] GC(4) User=0.48s Sys=0.05s Real=0.19s
[6.380s][info ][safepoint      ] Safepoint "ParallelGCFailedAllocation", Time since last: 158357927 ns, Reaching safepoint: 174301 ns, At safepoint: 191479201 ns, Total: 191653502 ns
[6.754s][info ][safepoint      ] Safepoint "ICBufferFull", Time since last: 362165692 ns, Reaching safepoint: 10867156 ns, At safepoint: 21500 ns, Total: 10888656 ns
[6.759s][info ][safepoint      ] Safepoint "ICBufferFull", Time since last: 5482229 ns, Reaching safepoint: 265801 ns, At safepoint: 16801 ns, Total: 282602 ns
[6.777s][info ][safepoint      ] Safepoint "ICBufferFull", Time since last: 9074647 ns, Reaching safepoint: 8767346 ns, At safepoint: 20600 ns, Total: 8787946 ns
[6.789s][info ][safepoint      ] Safepoint "ICBufferFull", Time since last: 3154216 ns, Reaching safepoint: 9045048 ns, At safepoint: 30200 ns, Total: 9075248 ns
[6.817s][info ][safepoint      ] Safepoint "ICBufferFull", Time since last: 19640102 ns, Reaching safepoint: 7846641 ns, At safepoint: 39100 ns, Total: 7885741 ns
[6.846s][info ][gc,start       ] GC(5) Pause Young (Allocation Failure)
[7.022s][debug][gc,phases      ] GC(5) Scavenge 175.764ms
[7.022s][debug][gc,ref         ] GC(5) Skipped phase 1 of Reference Processing: no references
[7.022s][debug][gc,ref         ] GC(5) ReferenceProcessor::execute queues: 4, RefProcThreadModel::Multi, marks_oops_alive: false
[7.025s][debug][gc,ref         ] GC(5) Skipped phase 3 of Reference Processing: no references
[7.025s][debug][gc,ref         ] GC(5) ReferenceProcessor::execute queues: 1, RefProcThreadModel::Single, marks_oops_alive: false
[7.025s][debug][gc,phases      ] GC(5) Reference Processing 2.966ms
[7.029s][debug][gc,phases      ] GC(5)   VM Weak                        Min:  0.0, Avg:  0.0, Max:  0.0, Diff:  0.0, Sum:  0.0, Workers: 4
[7.029s][debug][gc,phases      ] GC(5)     Dead                           Min: 0, Avg:  0.0, Max: 0, Diff: 0, Sum: 0, Workers: 4
[7.029s][debug][gc,phases      ] GC(5)     Total                          Min: 0, Avg: 104.8, Max: 419, Diff: 419, Sum: 419, Workers: 4
[7.029s][debug][gc,phases      ] GC(5)   ObjectSynchronizer Weak        Min:  0.0, Avg:  0.0, Max:  0.0, Diff:  0.0, Sum:  0.0, Workers: 4
[7.029s][debug][gc,phases      ] GC(5)     Dead                           Min: 0, Avg:  0.0, Max: 0, Diff: 0, Sum: 0, Workers: 4
[7.029s][debug][gc,phases      ] GC(5)     Total                          Min: 0, Avg: 54.0, Max: 216, Diff: 216, Sum: 216, Workers: 4
[7.029s][debug][gc,phases      ] GC(5)   JVMTI Tag Weak OopStorage      Min:  0.0, Avg:  0.0, Max:  0.0, Diff:  0.0, Sum:  0.0, Workers: 4
[7.029s][debug][gc,phases      ] GC(5)     Dead                           Min: 0, Avg:  0.0, Max: 0, Diff: 0, Sum: 0, Workers: 4
[7.029s][debug][gc,phases      ] GC(5)     Total                          Min: 0, Avg:  0.0, Max: 0, Diff: 0, Sum: 0, Workers: 4
[7.029s][debug][gc,phases      ] GC(5)   StringTable Weak               Min:  0.0, Avg:  0.5, Max:  0.9, Diff:  0.9, Sum:  2.2, Workers: 4
[7.029s][debug][gc,phases      ] GC(5)     Dead                           Min: 0, Avg:  3.8, Max: 13, Diff: 13, Sum: 15, Workers: 4
[7.029s][debug][gc,phases      ] GC(5)     Total                          Min: 0, Avg: 9533.5, Max: 17526, Diff: 17526, Sum: 38134, Workers: 4
[7.029s][debug][gc,phases      ] GC(5)   ResolvedMethodTable Weak       Min:  0.0, Avg:  0.1, Max:  0.1, Diff:  0.1, Sum:  0.3, Workers: 4
[7.029s][debug][gc,phases      ] GC(5)     Dead                           Min: 0, Avg:  5.0, Max: 18, Diff: 18, Sum: 20, Workers: 4
[7.029s][debug][gc,phases      ] GC(5)     Total                          Min: 0, Avg: 1188.2, Max: 1792, Diff: 1792, Sum: 4753, Workers: 4
[7.029s][debug][gc,phases      ] GC(5)   JNI Weak                       Min:  0.0, Avg:  0.0, Max:  0.0, Diff:  0.0, Sum:  0.0, Workers: 4
[7.029s][debug][gc,phases      ] GC(5)     Dead                           Min: 0, Avg:  0.0, Max: 0, Diff: 0, Sum: 0, Workers: 4
[7.030s][debug][gc,phases      ] GC(5)     Total                          Min: 0, Avg:  2.5, Max: 10, Diff: 10, Sum: 10, Workers: 4
[7.030s][debug][gc,phases      ] GC(5)   StringDedup Table Weak         Min:  0.0, Avg:  0.0, Max:  0.0, Diff:  0.0, Sum:  0.0, Workers: 4
[7.030s][debug][gc,phases      ] GC(5)     Dead                           Min: 0, Avg:  0.0, Max: 0, Diff: 0, Sum: 0, Workers: 4
[7.030s][debug][gc,phases      ] GC(5)     Total                          Min: 0, Avg:  0.0, Max: 0, Diff: 0, Sum: 0, Workers: 4
[7.030s][debug][gc,phases      ] GC(5)   StringDedup Requests0 Weak     Min:  0.0, Avg:  0.0, Max:  0.0, Diff:  0.0, Sum:  0.0, Workers: 4
[7.030s][debug][gc,phases      ] GC(5)     Dead                           Min: 0, Avg:  0.0, Max: 0, Diff: 0, Sum: 0, Workers: 4
[7.030s][debug][gc,phases      ] GC(5)     Total                          Min: 0, Avg:  0.0, Max: 0, Diff: 0, Sum: 0, Workers: 4
[7.030s][debug][gc,phases      ] GC(5)   StringDedup Requests1 Weak     Min:  0.0, Avg:  0.0, Max:  0.0, Diff:  0.0, Sum:  0.0, Workers: 4
[7.030s][debug][gc,phases      ] GC(5)     Dead                           Min: 0, Avg:  0.0, Max: 0, Diff: 0, Sum: 0, Workers: 4
[7.030s][debug][gc,phases      ] GC(5)     Total                          Min: 0, Avg:  0.0, Max: 0, Diff: 0, Sum: 0, Workers: 4
[7.030s][debug][gc,phases      ] GC(5)   Weak JFR Old Object Samples    Min:  0.0, Avg:  0.0, Max:  0.0, Diff:  0.0, Sum:  0.0, Workers: 4
[7.030s][debug][gc,phases      ] GC(5)     Dead                           Min: 0, Avg:  0.0, Max: 0, Diff: 0, Sum: 0, Workers: 4
[7.030s][debug][gc,phases      ] GC(5)     Total                          Min: 0, Avg:  0.0, Max: 0, Diff: 0, Sum: 0, Workers: 4
[7.030s][debug][gc,phases      ] GC(5) Weak Processing 4.754ms
[7.030s][debug][gc,age         ] GC(5) Desired survivor size 536870912 bytes, new threshold 7 (max threshold 15)
[7.030s][info ][gc,heap        ] GC(5) PSYoungGen: 1217342K(1572864K)->175166K(1572864K) Eden: 1048576K(1048576K)->0K(1048576K) From: 168766K(524288K)->175166K(524288K)
[7.030s][info ][gc,heap        ] GC(5) ParOldGen: 5664K(6144K)->5672K(6144K)
[7.030s][info ][gc,metaspace   ] GC(5) Metaspace: 53360K(53952K)->53360K(53952K) NonClass: 45490K(45824K)->45490K(45824K) Class: 7870K(8128K)->7870K(8128K)
[7.030s][info ][gc             ] GC(5) Pause Young (Allocation Failure) 1194M->176M(1542M) 183.670ms
[7.030s][info ][gc,cpu         ] GC(5) User=0.39s Sys=0.01s Real=0.19s
[7.030s][info ][safepoint      ] Safepoint "ParallelGCFailedAllocation", Time since last: 27972647 ns, Reaching safepoint: 1055505 ns, At safepoint: 183790360 ns, Total: 184845865 ns
[7.043s][info ][safepoint      ] Safepoint "ICBufferFull", Time since last: 7637940 ns, Reaching safepoint: 5400328 ns, At safepoint: 27800 ns, Total: 5428128 ns
[7.057s][info ][safepoint      ] Safepoint "ICBufferFull", Time since last: 9879252 ns, Reaching safepoint: 4715325 ns, At safepoint: 28600 ns, Total: 4743925 ns
[7.069s][info ][safepoint      ] Safepoint "ICBufferFull", Time since last: 6531234 ns, Reaching safepoint: 5454628 ns, At safepoint: 42901 ns, Total: 5497529 ns
[7.081s][info ][safepoint      ] Safepoint "ICBufferFull", Time since last: 5945431 ns, Reaching safepoint: 5746630 ns, At safepoint: 32800 ns, Total: 5779430 ns
[7.098s][info ][safepoint      ] Safepoint "ICBufferFull", Time since last: 16715887 ns, Reaching safepoint: 120001 ns, At safepoint: 24500 ns, Total: 144501 ns
[7.123s][info ][safepoint      ] Safepoint "ICBufferFull", Time since last: 18860998 ns, Reaching safepoint: 5803131 ns, At safepoint: 27300 ns, Total: 5830431 ns
[7.141s][info ][safepoint      ] Safepoint "ICBufferFull", Time since last: 7873341 ns, Reaching safepoint: 9861251 ns, At safepoint: 43401 ns, Total: 9904652 ns
[7.150s][info ][safepoint      ] Safepoint "ICBufferFull", Time since last: 2901915 ns, Reaching safepoint: 6185032 ns, At safepoint: 26400 ns, Total: 6211432 ns
[7.153s][info ][safepoint      ] Safepoint "ICBufferFull", Time since last: 3357118 ns, Reaching safepoint: 472602 ns, At safepoint: 16000 ns, Total: 488602 ns
[7.178s][info ][safepoint      ] Safepoint "ICBufferFull", Time since last: 17286091 ns, Reaching safepoint: 6965536 ns, At safepoint: 26500 ns, Total: 6992036 ns
[7.209s][info ][safepoint      ] Safepoint "ICBufferFull", Time since last: 15688582 ns, Reaching safepoint: 15919883 ns, At safepoint: 45101 ns, Total: 15964984 ns
[7.225s][info ][safepoint      ] Safepoint "ICBufferFull", Time since last: 7974941 ns, Reaching safepoint: 8023942 ns, At safepoint: 43900 ns, Total: 8067842 ns
[7.237s][info ][safepoint      ] Safepoint "ICBufferFull", Time since last: 2713415 ns, Reaching safepoint: 9229648 ns, At safepoint: 78600 ns, Total: 9308248 ns
[7.265s][info ][safepoint      ] Safepoint "ICBufferFull", Time since last: 15404081 ns, Reaching safepoint: 12557265 ns, At safepoint: 30900 ns, Total: 12588165 ns
[7.289s][info ][safepoint      ] Safepoint "ICBufferFull", Time since last: 12929668 ns, Reaching safepoint: 11023057 ns, At safepoint: 41001 ns, Total: 11064058 ns
[7.296s][info ][safepoint      ] Safepoint "ICBufferFull", Time since last: 3247417 ns, Reaching safepoint: 2821314 ns, At safepoint: 28600 ns, Total: 2849914 ns
[7.305s][info ][safepoint      ] Safepoint "ICBufferFull", Time since last: 6671335 ns, Reaching safepoint: 3203017 ns, At safepoint: 31900 ns, Total: 3234917 ns
[7.332s][info ][safepoint      ] Safepoint "ICBufferFull", Time since last: 19925704 ns, Reaching safepoint: 6541734 ns, At safepoint: 26400 ns, Total: 6568134 ns
[7.352s][info ][safepoint      ] Safepoint "ICBufferFull", Time since last: 11831462 ns, Reaching safepoint: 8639545 ns, At safepoint: 37800 ns, Total: 8677345 ns
[7.363s][info ][safepoint      ] Safepoint "ICBufferFull", Time since last: 2516114 ns, Reaching safepoint: 7528739 ns, At safepoint: 43700 ns, Total: 7572439 ns
[7.373s][info ][safepoint      ] Safepoint "ICBufferFull", Time since last: 2396613 ns, Reaching safepoint: 7648339 ns, At safepoint: 37901 ns, Total: 7686240 ns
[7.397s][info ][safepoint      ] Safepoint "ICBufferFull", Time since last: 16766687 ns, Reaching safepoint: 7412739 ns, At safepoint: 44900 ns, Total: 7457639 ns
[7.399s][info ][safepoint      ] Safepoint "ICBufferFull", Time since last: 2286712 ns, Reaching safepoint: 116601 ns, At safepoint: 19600 ns, Total: 136201 ns
[7.409s][info ][safepoint      ] Safepoint "ICBufferFull", Time since last: 1788409 ns, Reaching safepoint: 8293543 ns, At safepoint: 38901 ns, Total: 8332444 ns
[7.416s][info ][safepoint      ] Safepoint "ICBufferFull", Time since last: 2893615 ns, Reaching safepoint: 3810720 ns, At safepoint: 36400 ns, Total: 3847120 ns
[7.430s][info ][safepoint      ] Safepoint "ICBufferFull", Time since last: 8406844 ns, Reaching safepoint: 5354928 ns, At safepoint: 27700 ns, Total: 5382628 ns
[7.440s][info ][safepoint      ] Safepoint "ICBufferFull", Time since last: 6948336 ns, Reaching safepoint: 3246517 ns, At safepoint: 27000 ns, Total: 3273517 ns
[7.445s][info ][safepoint      ] Safepoint "ICBufferFull", Time since last: 2999716 ns, Reaching safepoint: 2145011 ns, At safepoint: 25500 ns, Total: 2170511 ns
[7.452s][info ][safepoint      ] Safepoint "ICBufferFull", Time since last: 6401633 ns, Reaching safepoint: 137201 ns, At safepoint: 11700 ns, Total: 148901 ns
[7.458s][info ][safepoint      ] Safepoint "ICBufferFull", Time since last: 4526624 ns, Reaching safepoint: 1082005 ns, At safepoint: 16301 ns, Total: 1098306 ns
[7.483s][info ][safepoint      ] Safepoint "ICBufferFull", Time since last: 14137773 ns, Reaching safepoint: 11710861 ns, At safepoint: 28101 ns, Total: 11738962 ns
[7.489s][info ][safepoint      ] Safepoint "ICBufferFull", Time since last: 5392128 ns, Reaching safepoint: 137800 ns, At safepoint: 16401 ns, Total: 154201 ns
[7.496s][info ][safepoint      ] Safepoint "ICBufferFull", Time since last: 6417333 ns, Reaching safepoint: 140401 ns, At safepoint: 16500 ns, Total: 156901 ns
[7.506s][info ][safepoint      ] Safepoint "ICBufferFull", Time since last: 8044142 ns, Reaching safepoint: 2559813 ns, At safepoint: 26600 ns, Total: 2586413 ns
[7.512s][info ][safepoint      ] Safepoint "ICBufferFull", Time since last: 5634230 ns, Reaching safepoint: 126300 ns, At safepoint: 15500 ns, Total: 141800 ns
[7.519s][info ][safepoint      ] Safepoint "ICBufferFull", Time since last: 6937437 ns, Reaching safepoint: 119700 ns, At safepoint: 14900 ns, Total: 134600 ns
[7.529s][info ][safepoint      ] Safepoint "ICBufferFull", Time since last: 7896242 ns, Reaching safepoint: 2549713 ns, At safepoint: 24500 ns, Total: 2574213 ns
[7.549s][info ][safepoint      ] Safepoint "ICBufferFull", Time since last: 9092247 ns, Reaching safepoint: 10824657 ns, At safepoint: 41300 ns, Total: 10865957 ns
[7.552s][info ][safepoint      ] Safepoint "ICBufferFull", Time since last: 2560014 ns, Reaching safepoint: 117300 ns, At safepoint: 13400 ns, Total: 130700 ns
[7.561s][info ][safepoint      ] Safepoint "ICBufferFull", Time since last: 7620640 ns, Reaching safepoint: 1699209 ns, At safepoint: 24400 ns, Total: 1723609 ns
[7.568s][info ][safepoint      ] Safepoint "ICBufferFull", Time since last: 6371233 ns, Reaching safepoint: 111701 ns, At safepoint: 20300 ns, Total: 132001 ns
[7.570s][info ][safepoint      ] Safepoint "ICBufferFull", Time since last: 1732209 ns, Reaching safepoint: 180801 ns, At safepoint: 27500 ns, Total: 208301 ns
[7.572s][info ][safepoint      ] Safepoint "ICBufferFull", Time since last: 2189112 ns, Reaching safepoint: 250201 ns, At safepoint: 18200 ns, Total: 268401 ns
[7.581s][info ][safepoint      ] Safepoint "ICBufferFull", Time since last: 7531239 ns, Reaching safepoint: 1382607 ns, At safepoint: 29401 ns, Total: 1412008 ns
[7.584s][info ][safepoint      ] Safepoint "ICBufferFull", Time since last: 2926915 ns, Reaching safepoint: 136901 ns, At safepoint: 19300 ns, Total: 156201 ns
[7.587s][info ][safepoint      ] Safepoint "ICBufferFull", Time since last: 2592113 ns, Reaching safepoint: 117201 ns, At safepoint: 19400 ns, Total: 136601 ns
[7.601s][info ][safepoint      ] Safepoint "ICBufferFull", Time since last: 10303954 ns, Reaching safepoint: 3183316 ns, At safepoint: 21200 ns, Total: 3204516 ns
[7.624s][info ][safepoint      ] Safepoint "ICBufferFull", Time since last: 18803699 ns, Reaching safepoint: 4298522 ns, At safepoint: 20800 ns, Total: 4319322 ns
[7.637s][info ][safepoint      ] Safepoint "ICBufferFull", Time since last: 8145543 ns, Reaching safepoint: 5487628 ns, At safepoint: 31500 ns, Total: 5519128 ns
[7.647s][info ][safepoint      ] Safepoint "ICBufferFull", Time since last: 7578540 ns, Reaching safepoint: 2395212 ns, At safepoint: 18101 ns, Total: 2413313 ns
[7.650s][info ][safepoint      ] Safepoint "ICBufferFull", Time since last: 1499807 ns, Reaching safepoint: 1005706 ns, At safepoint: 29200 ns, Total: 1034906 ns
[7.659s][info ][safepoint      ] Safepoint "ICBufferFull", Time since last: 2060211 ns, Reaching safepoint: 7094737 ns, At safepoint: 32200 ns, Total: 7126937 ns
[7.662s][info ][safepoint      ] Safepoint "ICBufferFull", Time since last: 2543813 ns, Reaching safepoint: 127401 ns, At safepoint: 18500 ns, Total: 145901 ns
[7.682s][info ][safepoint      ] Safepoint "ICBufferFull", Time since last: 13634871 ns, Reaching safepoint: 6147632 ns, At safepoint: 45500 ns, Total: 6193132 ns
[7.690s][info ][safepoint      ] Safepoint "ICBufferFull", Time since last: 3786120 ns, Reaching safepoint: 4100721 ns, At safepoint: 27301 ns, Total: 4128022 ns
[7.700s][info ][safepoint      ] Safepoint "ICBufferFull", Time since last: 5904830 ns, Reaching safepoint: 4064322 ns, At safepoint: 27600 ns, Total: 4091922 ns
[7.708s][info ][safepoint      ] Safepoint "ICBufferFull", Time since last: 5657329 ns, Reaching safepoint: 2921215 ns, At safepoint: 25401 ns, Total: 2946616 ns
[7.728s][info ][safepoint      ] Safepoint "ICBufferFull", Time since last: 9428349 ns, Reaching safepoint: 10262853 ns, At safepoint: 27701 ns, Total: 10290554 ns
[7.754s][info ][safepoint      ] Safepoint "ICBufferFull", Time since last: 25627533 ns, Reaching safepoint: 854505 ns, At safepoint: 15200 ns, Total: 869705 ns
[7.763s][info ][safepoint      ] Safepoint "ICBufferFull", Time since last: 4521223 ns, Reaching safepoint: 4223122 ns, At safepoint: 22501 ns, Total: 4245623 ns
[7.810s][info ][safepoint      ] Safepoint "ICBufferFull", Time since last: 39984808 ns, Reaching safepoint: 6672235 ns, At safepoint: 23100 ns, Total: 6695335 ns
[7.840s][info ][safepoint      ] Safepoint "ICBufferFull", Time since last: 25146731 ns, Reaching safepoint: 5315528 ns, At safepoint: 29700 ns, Total: 5345228 ns
[7.848s][info ][safepoint      ] Safepoint "ICBufferFull", Time since last: 7288438 ns, Reaching safepoint: 135001 ns, At safepoint: 13300 ns, Total: 148301 ns
[7.852s][info ][safepoint      ] Safepoint "ICBufferFull", Time since last: 4472123 ns, Reaching safepoint: 111001 ns, At safepoint: 24200 ns, Total: 135201 ns
[7.855s][info ][safepoint      ] Safepoint "ICBufferFull", Time since last: 2504813 ns, Reaching safepoint: 99901 ns, At safepoint: 21700 ns, Total: 121601 ns
[7.870s][info ][safepoint      ] Safepoint "ICBufferFull", Time since last: 10415754 ns, Reaching safepoint: 4285423 ns, At safepoint: 36100 ns, Total: 4321523 ns
[7.874s][info ][safepoint      ] Safepoint "ICBufferFull", Time since last: 3678019 ns, Reaching safepoint: 120901 ns, At safepoint: 20400 ns, Total: 141301 ns
[7.876s][info ][safepoint      ] Safepoint "ICBufferFull", Time since last: 1622508 ns, Reaching safepoint: 704304 ns, At safepoint: 23000 ns, Total: 727304 ns
[7.881s][info ][safepoint      ] Safepoint "ICBufferFull", Time since last: 1537208 ns, Reaching safepoint: 3200017 ns, At safepoint: 26200 ns, Total: 3226217 ns
[7.892s][info ][safepoint      ] Safepoint "ICBufferFull", Time since last: 11476160 ns, Reaching safepoint: 199901 ns, At safepoint: 20200 ns, Total: 220101 ns
[7.926s][info ][safepoint      ] Safepoint "ICBufferFull", Time since last: 22591918 ns, Reaching safepoint: 10637855 ns, At safepoint: 20400 ns, Total: 10658255 ns
[7.953s][info ][safepoint      ] Safepoint "ICBufferFull", Time since last: 11791662 ns, Reaching safepoint: 15986983 ns, At safepoint: 35601 ns, Total: 16022584 ns
[7.958s][info ][safepoint      ] Safepoint "ICBufferFull", Time since last: 1432107 ns, Reaching safepoint: 3049016 ns, At safepoint: 28100 ns, Total: 3077116 ns
[7.968s][info ][safepoint      ] Safepoint "ICBufferFull", Time since last: 1400007 ns, Reaching safepoint: 8925947 ns, At safepoint: 33300 ns, Total: 8959247 ns
[7.977s][info ][safepoint      ] Safepoint "ICBufferFull", Time since last: 2772215 ns, Reaching safepoint: 6216432 ns, At safepoint: 39100 ns, Total: 6255532 ns
[7.988s][info ][gc,start       ] GC(6) Pause Young (Allocation Failure)
[8.143s][debug][gc,phases      ] GC(6) Scavenge 154.259ms
[8.143s][debug][gc,ref         ] GC(6) Skipped phase 1 of Reference Processing: no references
[8.143s][debug][gc,ref         ] GC(6) ReferenceProcessor::execute queues: 4, RefProcThreadModel::Multi, marks_oops_alive: false
[8.145s][debug][gc,ref         ] GC(6) Skipped phase 3 of Reference Processing: no references
[8.145s][debug][gc,ref         ] GC(6) ReferenceProcessor::execute queues: 1, RefProcThreadModel::Single, marks_oops_alive: false
[8.145s][debug][gc,phases      ] GC(6) Reference Processing 2.218ms
[8.147s][debug][gc,phases      ] GC(6)   VM Weak                        Min:  0.0, Avg:  0.0, Max:  0.0, Diff:  0.0, Sum:  0.0, Workers: 4
[8.148s][debug][gc,phases      ] GC(6)     Dead                           Min: 0, Avg:  0.0, Max: 0, Diff: 0, Sum: 0, Workers: 4
[8.148s][debug][gc,phases      ] GC(6)     Total                          Min: 0, Avg: 105.5, Max: 422, Diff: 422, Sum: 422, Workers: 4
[8.148s][debug][gc,phases      ] GC(6)   ObjectSynchronizer Weak        Min:  0.0, Avg:  0.0, Max:  0.0, Diff:  0.0, Sum:  0.0, Workers: 4
[8.148s][debug][gc,phases      ] GC(6)     Dead                           Min: 0, Avg:  0.0, Max: 0, Diff: 0, Sum: 0, Workers: 4
[8.148s][debug][gc,phases      ] GC(6)     Total                          Min: 0, Avg: 54.0, Max: 216, Diff: 216, Sum: 216, Workers: 4
[8.148s][debug][gc,phases      ] GC(6)   JVMTI Tag Weak OopStorage      Min:  0.0, Avg:  0.0, Max:  0.0, Diff:  0.0, Sum:  0.0, Workers: 4
[8.148s][debug][gc,phases      ] GC(6)     Dead                           Min: 0, Avg:  0.0, Max: 0, Diff: 0, Sum: 0, Workers: 4
[8.148s][debug][gc,phases      ] GC(6)     Total                          Min: 0, Avg:  0.0, Max: 0, Diff: 0, Sum: 0, Workers: 4
[8.148s][debug][gc,phases      ] GC(6)   StringTable Weak               Min:  0.0, Avg:  0.3, Max:  0.7, Diff:  0.7, Sum:  1.4, Workers: 4
[8.148s][debug][gc,phases      ] GC(6)     Dead                           Min: 0, Avg:  3.2, Max: 10, Diff: 10, Sum: 13, Workers: 4
[8.148s][debug][gc,phases      ] GC(6)     Total                          Min: 0, Avg: 9544.2, Max: 21760, Diff: 21760, Sum: 38177, Workers: 4
[8.148s][debug][gc,phases      ] GC(6)   ResolvedMethodTable Weak       Min:  0.0, Avg:  0.1, Max:  0.1, Diff:  0.1, Sum:  0.2, Workers: 4
[8.148s][debug][gc,phases      ] GC(6)     Dead                           Min: 0, Avg:  0.0, Max: 0, Diff: 0, Sum: 0, Workers: 4
[8.148s][debug][gc,phases      ] GC(6)     Total                          Min: 0, Avg: 1188.5, Max: 1728, Diff: 1728, Sum: 4754, Workers: 4
[8.148s][debug][gc,phases      ] GC(6)   JNI Weak                       Min:  0.0, Avg:  0.0, Max:  0.0, Diff:  0.0, Sum:  0.0, Workers: 4
[8.148s][debug][gc,phases      ] GC(6)     Dead                           Min: 0, Avg:  0.0, Max: 0, Diff: 0, Sum: 0, Workers: 4
[8.148s][debug][gc,phases      ] GC(6)     Total                          Min: 0, Avg:  2.2, Max: 9, Diff: 9, Sum: 9, Workers: 4
[8.148s][debug][gc,phases      ] GC(6)   StringDedup Table Weak         Min:  0.0, Avg:  0.0, Max:  0.0, Diff:  0.0, Sum:  0.0, Workers: 4
[8.148s][debug][gc,phases      ] GC(6)     Dead                           Min: 0, Avg:  0.0, Max: 0, Diff: 0, Sum: 0, Workers: 4
[8.148s][debug][gc,phases      ] GC(6)     Total                          Min: 0, Avg:  0.0, Max: 0, Diff: 0, Sum: 0, Workers: 4
[8.148s][debug][gc,phases      ] GC(6)   StringDedup Requests0 Weak     Min:  0.0, Avg:  0.0, Max:  0.0, Diff:  0.0, Sum:  0.0, Workers: 4
[8.148s][debug][gc,phases      ] GC(6)     Dead                           Min: 0, Avg:  0.0, Max: 0, Diff: 0, Sum: 0, Workers: 4
[8.148s][debug][gc,phases      ] GC(6)     Total                          Min: 0, Avg:  0.0, Max: 0, Diff: 0, Sum: 0, Workers: 4
[8.148s][debug][gc,phases      ] GC(6)   StringDedup Requests1 Weak     Min:  0.0, Avg:  0.0, Max:  0.0, Diff:  0.0, Sum:  0.0, Workers: 4
[8.148s][debug][gc,phases      ] GC(6)     Dead                           Min: 0, Avg:  0.0, Max: 0, Diff: 0, Sum: 0, Workers: 4
[8.148s][debug][gc,phases      ] GC(6)     Total                          Min: 0, Avg:  0.0, Max: 0, Diff: 0, Sum: 0, Workers: 4
[8.148s][debug][gc,phases      ] GC(6)   Weak JFR Old Object Samples    Min:  0.0, Avg:  0.0, Max:  0.0, Diff:  0.0, Sum:  0.0, Workers: 4
[8.148s][debug][gc,phases      ] GC(6)     Dead                           Min: 0, Avg:  0.0, Max: 0, Diff: 0, Sum: 0, Workers: 4
[8.148s][debug][gc,phases      ] GC(6)     Total                          Min: 0, Avg:  0.0, Max: 0, Diff: 0, Sum: 0, Workers: 4
[8.148s][debug][gc,phases      ] GC(6) Weak Processing 2.761ms
[8.148s][debug][gc,age         ] GC(6) Desired survivor size 268959744 bytes, new threshold 6 (max threshold 15)
[8.148s][info ][gc,heap        ] GC(6) PSYoungGen: 1223742K(1572864K)->179422K(1572864K) Eden: 1048576K(1048576K)->0K(1048576K) From: 175166K(524288K)->179422K(524288K)
[8.148s][info ][gc,heap        ] GC(6) ParOldGen: 5672K(6144K)->5680K(6144K)
[8.148s][info ][gc,metaspace   ] GC(6) Metaspace: 53510K(54144K)->53510K(54144K) NonClass: 45633K(46016K)->45633K(46016K) Class: 7877K(8128K)->7877K(8128K)
[8.148s][info ][gc             ] GC(6) Pause Young (Allocation Failure) 1200M->180M(1542M) 159.405ms
[8.148s][info ][gc,cpu         ] GC(6) User=0.34s Sys=0.00s Real=0.16s
[8.148s][info ][safepoint      ] Safepoint "ParallelGCFailedAllocation", Time since last: 4208022 ns, Reaching safepoint: 6795236 ns, At safepoint: 159544632 ns, Total: 166339868 ns
[8.155s][info ][safepoint      ] Safepoint "ICBufferFull", Time since last: 1555208 ns, Reaching safepoint: 5350828 ns, At safepoint: 40801 ns, Total: 5391629 ns
[8.180s][info ][safepoint      ] Safepoint "ICBufferFull", Time since last: 9955152 ns, Reaching safepoint: 15582281 ns, At safepoint: 37200 ns, Total: 15619481 ns
[8.201s][info ][safepoint      ] Safepoint "ICBufferFull", Time since last: 6738035 ns, Reaching safepoint: 14268775 ns, At safepoint: 46900 ns, Total: 14315675 ns
[8.224s][info ][safepoint      ] Safepoint "ICBufferFull", Time since last: 16992289 ns, Reaching safepoint: 5234227 ns, At safepoint: 34900 ns, Total: 5269127 ns
[8.228s][info ][safepoint      ] Safepoint "ICBufferFull", Time since last: 1477008 ns, Reaching safepoint: 2980015 ns, At safepoint: 32301 ns, Total: 3012316 ns
[8.233s][info ][safepoint      ] Safepoint "ICBufferFull", Time since last: 1391007 ns, Reaching safepoint: 3842820 ns, At safepoint: 33500 ns, Total: 3876320 ns
[8.241s][info ][safepoint      ] Safepoint "ICBufferFull", Time since last: 1358907 ns, Reaching safepoint: 6596835 ns, At safepoint: 28200 ns, Total: 6625035 ns
[8.246s][info ][safepoint      ] Safepoint "ICBufferFull", Time since last: 1383607 ns, Reaching safepoint: 2700514 ns, At safepoint: 28000 ns, Total: 2728514 ns
[8.265s][info ][safepoint      ] Safepoint "ICBufferFull", Time since last: 9270849 ns, Reaching safepoint: 10600555 ns, At safepoint: 33700 ns, Total: 10634255 ns
[8.273s][info ][safepoint      ] Safepoint "ICBufferFull", Time since last: 1399407 ns, Reaching safepoint: 6579535 ns, At safepoint: 28700 ns, Total: 6608235 ns
[8.285s][info ][safepoint      ] Safepoint "ICBufferFull", Time since last: 1381907 ns, Reaching safepoint: 10582155 ns, At safepoint: 33800 ns, Total: 10615955 ns
[8.306s][info ][safepoint      ] Safepoint "ICBufferFull", Time since last: 11382860 ns, Reaching safepoint: 8930446 ns, At safepoint: 38200 ns, Total: 8968646 ns
[8.325s][info ][safepoint      ] Safepoint "ICBufferFull", Time since last: 7612840 ns, Reaching safepoint: 11969763 ns, At safepoint: 49500 ns, Total: 12019263 ns
[8.330s][info ][safepoint      ] Safepoint "ICBufferFull", Time since last: 3974521 ns, Reaching safepoint: 969005 ns, At safepoint: 15300 ns, Total: 984305 ns
[8.341s][info ][safepoint      ] Safepoint "ICBufferFull", Time since last: 926905 ns, Reaching safepoint: 10066852 ns, At safepoint: 45700 ns, Total: 10112552 ns
[8.373s][info ][safepoint      ] Safepoint "ICBufferFull", Time since last: 15966784 ns, Reaching safepoint: 15988183 ns, At safepoint: 24800 ns, Total: 16012983 ns
[8.385s][info ][safepoint      ] Safepoint "ICBufferFull", Time since last: 4030321 ns, Reaching safepoint: 7944841 ns, At safepoint: 47001 ns, Total: 7991842 ns
[8.393s][info ][safepoint      ] Safepoint "ICBufferFull", Time since last: 101700 ns, Reaching safepoint: 7845141 ns, At safepoint: 39900 ns, Total: 7885041 ns
[8.416s][info ][safepoint      ] Safepoint "ICBufferFull", Time since last: 12076763 ns, Reaching safepoint: 10342354 ns, At safepoint: 50301 ns, Total: 10392655 ns
[8.434s][info ][safepoint      ] Safepoint "ICBufferFull", Time since last: 17535291 ns, Reaching safepoint: 161301 ns, At safepoint: 12800 ns, Total: 174101 ns
[8.461s][info ][safepoint      ] Safepoint "ICBufferFull", Time since last: 19078299 ns, Reaching safepoint: 8718746 ns, At safepoint: 39700 ns, Total: 8758446 ns
[8.686s][info ][safepoint      ] Safepoint "ICBufferFull", Time since last: 212667909 ns, Reaching safepoint: 11396459 ns, At safepoint: 25501 ns, Total: 11421960 ns
[8.710s][info ][safepoint      ] Safepoint "ICBufferFull", Time since last: 249201 ns, Reaching safepoint: 23955025 ns, At safepoint: 57300 ns, Total: 24012325 ns
[8.769s][info ][safepoint      ] Safepoint "ICBufferFull", Time since last: 39603907 ns, Reaching safepoint: 19981304 ns, At safepoint: 42900 ns, Total: 20024204 ns
[8.805s][info ][safepoint      ] Safepoint "ICBufferFull", Time since last: 27878245 ns, Reaching safepoint: 8071942 ns, At safepoint: 47201 ns, Total: 8119143 ns
[8.816s][info ][safepoint      ] Safepoint "ICBufferFull", Time since last: 10717256 ns, Reaching safepoint: 185400 ns, At safepoint: 17601 ns, Total: 203001 ns
[8.913s][info ][safepoint      ] Safepoint "ICBufferFull", Time since last: 77042901 ns, Reaching safepoint: 20003705 ns, At safepoint: 28900 ns, Total: 20032605 ns
[8.950s][info ][safepoint      ] Safepoint "ICBufferFull", Time since last: 28748650 ns, Reaching safepoint: 7777140 ns, At safepoint: 26800 ns, Total: 7803940 ns
[8.977s][info ][safepoint      ] Safepoint "ICBufferFull", Time since last: 12871667 ns, Reaching safepoint: 14595177 ns, At safepoint: 25900 ns, Total: 14621077 ns
[8.999s][info ][safepoint      ] Safepoint "ICBufferFull", Time since last: 8409344 ns, Reaching safepoint: 13035268 ns, At safepoint: 36400 ns, Total: 13071668 ns
[9.063s][info ][safepoint      ] Safepoint "ICBufferFull", Time since last: 53588679 ns, Reaching safepoint: 10008252 ns, At safepoint: 19000 ns, Total: 10027252 ns
[9.082s][info ][safepoint      ] Safepoint "ICBufferFull", Time since last: 18938999 ns, Reaching safepoint: 354202 ns, At safepoint: 12300 ns, Total: 366502 ns
[9.126s][info ][safepoint      ] Safepoint "ICBufferFull", Time since last: 27538144 ns, Reaching safepoint: 16094084 ns, At safepoint: 22000 ns, Total: 16116084 ns
[9.138s][info ][safepoint      ] Safepoint "ICBufferFull", Time since last: 7798640 ns, Reaching safepoint: 4503024 ns, At safepoint: 31600 ns, Total: 4534624 ns
[9.156s][info ][safepoint      ] Safepoint "ICBufferFull", Time since last: 12709566 ns, Reaching safepoint: 3788520 ns, At safepoint: 1763409 ns, Total: 5551929 ns
[9.166s][info ][safepoint      ] Safepoint "ICBufferFull", Time since last: 9798251 ns, Reaching safepoint: 194201 ns, At safepoint: 25401 ns, Total: 219602 ns
[9.185s][info ][safepoint      ] Safepoint "ICBufferFull", Time since last: 18814198 ns, Reaching safepoint: 118200 ns, At safepoint: 24600 ns, Total: 142800 ns
[9.208s][info ][safepoint      ] Safepoint "ICBufferFull", Time since last: 20295406 ns, Reaching safepoint: 2156311 ns, At safepoint: 20801 ns, Total: 2177112 ns
[9.234s][info ][safepoint      ] Safepoint "ICBufferFull", Time since last: 25891135 ns, Reaching safepoint: 125300 ns, At safepoint: 20700 ns, Total: 146000 ns
[9.247s][info ][safepoint      ] Safepoint "ICBufferFull", Time since last: 9290749 ns, Reaching safepoint: 3982121 ns, At safepoint: 34500 ns, Total: 4016621 ns
[9.288s][info ][safepoint      ] Safepoint "ICBufferFull", Time since last: 22490817 ns, Reaching safepoint: 18834098 ns, At safepoint: 41000 ns, Total: 18875098 ns
[9.314s][info ][gc,start       ] GC(7) Pause Young (Allocation Failure)
[9.502s][debug][gc,phases      ] GC(7) Scavenge 187.634ms
[9.502s][debug][gc,ref         ] GC(7) Skipped phase 1 of Reference Processing: no references
[9.502s][debug][gc,ref         ] GC(7) ReferenceProcessor::execute queues: 4, RefProcThreadModel::Multi, marks_oops_alive: false
[9.505s][debug][gc,ref         ] GC(7) Skipped phase 3 of Reference Processing: no references
[9.505s][debug][gc,ref         ] GC(7) ReferenceProcessor::execute queues: 1, RefProcThreadModel::Single, marks_oops_alive: false
[9.505s][debug][gc,phases      ] GC(7) Reference Processing 3.918ms
[9.513s][debug][gc,phases      ] GC(7)   VM Weak                        Min:  0.0, Avg:  0.0, Max:  0.0, Diff:  0.0, Sum:  0.0, Workers: 4
[9.513s][debug][gc,phases      ] GC(7)     Dead                           Min: 0, Avg:  0.0, Max: 0, Diff: 0, Sum: 0, Workers: 4
[9.513s][debug][gc,phases      ] GC(7)     Total                          Min: 53, Avg: 109.2, Max: 128, Diff: 75, Sum: 437, Workers: 4
[9.513s][debug][gc,phases      ] GC(7)   ObjectSynchronizer Weak        Min:  0.0, Avg:  0.0, Max:  0.0, Diff:  0.0, Sum:  0.0, Workers: 4
[9.513s][debug][gc,phases      ] GC(7)     Dead                           Min: 0, Avg:  0.0, Max: 0, Diff: 0, Sum: 0, Workers: 4
[9.513s][debug][gc,phases      ] GC(7)     Total                          Min: 0, Avg: 54.0, Max: 128, Diff: 128, Sum: 216, Workers: 4
[9.513s][debug][gc,phases      ] GC(7)   JVMTI Tag Weak OopStorage      Min:  0.0, Avg:  0.0, Max:  0.0, Diff:  0.0, Sum:  0.0, Workers: 4
[9.514s][debug][gc,phases      ] GC(7)     Dead                           Min: 0, Avg:  0.0, Max: 0, Diff: 0, Sum: 0, Workers: 4
[9.514s][debug][gc,phases      ] GC(7)     Total                          Min: 0, Avg:  0.0, Max: 0, Diff: 0, Sum: 0, Workers: 4
[9.514s][debug][gc,phases      ] GC(7)   StringTable Weak               Min:  0.5, Avg:  0.5, Max:  0.5, Diff:  0.0, Sum:  1.8, Workers: 4
[9.514s][debug][gc,phases      ] GC(7)     Dead                           Min: 0, Avg:  3.5, Max: 14, Diff: 14, Sum: 14, Workers: 4
[9.514s][debug][gc,phases      ] GC(7)     Total                          Min: 8895, Avg: 9583.8, Max: 9984, Diff: 1089, Sum: 38335, Workers: 4
[9.514s][debug][gc,phases      ] GC(7)   ResolvedMethodTable Weak       Min:  0.1, Avg:  0.1, Max:  0.1, Diff:  0.0, Sum:  0.3, Workers: 4
[9.514s][debug][gc,phases      ] GC(7)     Dead                           Min: 0, Avg:  0.0, Max: 0, Diff: 0, Sum: 0, Workers: 4
[9.514s][debug][gc,phases      ] GC(7)     Total                          Min: 1088, Avg: 1228.0, Max: 1408, Diff: 320, Sum: 4912, Workers: 4
[9.514s][debug][gc,phases      ] GC(7)   JNI Weak                       Min:  0.0, Avg:  0.0, Max:  0.0, Diff:  0.0, Sum:  0.0, Workers: 4
[9.514s][debug][gc,phases      ] GC(7)     Dead                           Min: 0, Avg:  0.0, Max: 0, Diff: 0, Sum: 0, Workers: 4
[9.514s][debug][gc,phases      ] GC(7)     Total                          Min: 0, Avg:  2.0, Max: 8, Diff: 8, Sum: 8, Workers: 4
[9.514s][debug][gc,phases      ] GC(7)   StringDedup Table Weak         Min:  0.0, Avg:  0.0, Max:  0.0, Diff:  0.0, Sum:  0.0, Workers: 4
[9.514s][debug][gc,phases      ] GC(7)     Dead                           Min: 0, Avg:  0.0, Max: 0, Diff: 0, Sum: 0, Workers: 4
[9.514s][debug][gc,phases      ] GC(7)     Total                          Min: 0, Avg:  0.0, Max: 0, Diff: 0, Sum: 0, Workers: 4
[9.514s][debug][gc,phases      ] GC(7)   StringDedup Requests0 Weak     Min:  0.0, Avg:  0.0, Max:  0.0, Diff:  0.0, Sum:  0.0, Workers: 4
[9.514s][debug][gc,phases      ] GC(7)     Dead                           Min: 0, Avg:  0.0, Max: 0, Diff: 0, Sum: 0, Workers: 4
[9.514s][debug][gc,phases      ] GC(7)     Total                          Min: 0, Avg:  0.0, Max: 0, Diff: 0, Sum: 0, Workers: 4
[9.514s][debug][gc,phases      ] GC(7)   StringDedup Requests1 Weak     Min:  0.0, Avg:  0.0, Max:  0.0, Diff:  0.0, Sum:  0.0, Workers: 4
[9.514s][debug][gc,phases      ] GC(7)     Dead                           Min: 0, Avg:  0.0, Max: 0, Diff: 0, Sum: 0, Workers: 4
[9.514s][debug][gc,phases      ] GC(7)     Total                          Min: 0, Avg:  0.0, Max: 0, Diff: 0, Sum: 0, Workers: 4
[9.514s][debug][gc,phases      ] GC(7)   Weak JFR Old Object Samples    Min:  0.0, Avg:  0.0, Max:  0.0, Diff:  0.0, Sum:  0.0, Workers: 4
[9.514s][debug][gc,phases      ] GC(7)     Dead                           Min: 0, Avg:  0.0, Max: 0, Diff: 0, Sum: 0, Workers: 4
[9.514s][debug][gc,phases      ] GC(7)     Total                          Min: 0, Avg:  0.0, Max: 0, Diff: 0, Sum: 0, Workers: 4
[9.514s][debug][gc,phases      ] GC(7) Weak Processing 8.149ms
[9.514s][debug][gc,age         ] GC(7) Desired survivor size 282591232 bytes, new threshold 5 (max threshold 15)
[9.514s][info ][gc,heap        ] GC(7) PSYoungGen: 1227998K(1572864K)->183239K(1807872K) Eden: 1048576K(1048576K)->0K(1545216K) From: 179422K(524288K)->183239K(262656K)
[9.514s][info ][gc,heap        ] GC(7) ParOldGen: 5680K(6144K)->5688K(6144K)
[9.514s][info ][gc,metaspace   ] GC(7) Metaspace: 54065K(54656K)->54065K(54656K) NonClass: 46104K(46464K)->46104K(46464K) Class: 7960K(8192K)->7960K(8192K)
[9.514s][info ][gc             ] GC(7) Pause Young (Allocation Failure) 1204M->184M(1771M) 199.920ms
[9.514s][info ][gc,cpu         ] GC(7) User=0.37s Sys=0.08s Real=0.20s
[9.514s][info ][safepoint      ] Safepoint "ParallelGCFailedAllocation", Time since last: 8711046 ns, Reaching safepoint: 16744787 ns, At safepoint: 200092942 ns, Total: 216837729 ns
[9.533s][info ][safepoint      ] Safepoint "ICBufferFull", Time since last: 7572140 ns, Reaching safepoint: 11995562 ns, At safepoint: 44801 ns, Total: 12040363 ns
[9.554s][info ][safepoint      ] Safepoint "ICBufferFull", Time since last: 5224727 ns, Reaching safepoint: 14924478 ns, At safepoint: 62300 ns, Total: 14986778 ns
[9.581s][info ][safepoint      ] Safepoint "ICBufferFull", Time since last: 15749982 ns, Reaching safepoint: 12004962 ns, At safepoint: 48801 ns, Total: 12053763 ns
[9.584s][info ][safepoint      ] Safepoint "ICBufferFull", Time since last: 2873215 ns, Reaching safepoint: 118200 ns, At safepoint: 19200 ns, Total: 137400 ns
[9.594s][info ][safepoint      ] Safepoint "ICBufferFull", Time since last: 8236043 ns, Reaching safepoint: 1771510 ns, At safepoint: 26100 ns, Total: 1797610 ns
[9.603s][info ][safepoint      ] Safepoint "ICBufferFull", Time since last: 8435044 ns, Reaching safepoint: 122700 ns, At safepoint: 17300 ns, Total: 140000 ns
[9.612s][info ][safepoint      ] Safepoint "ICBufferFull", Time since last: 9059948 ns, Reaching safepoint: 137000 ns, At safepoint: 16200 ns, Total: 153200 ns
[9.631s][info ][safepoint      ] Safepoint "ICBufferFull", Time since last: 2729815 ns, Reaching safepoint: 15654781 ns, At safepoint: 34100 ns, Total: 15688881 ns
[9.645s][info ][safepoint      ] Safepoint "ICBufferFull", Time since last: 5295028 ns, Reaching safepoint: 9452949 ns, At safepoint: 36000 ns, Total: 9488949 ns
[9.655s][info ][safepoint      ] Safepoint "ICBufferFull", Time since last: 3230117 ns, Reaching safepoint: 6585534 ns, At safepoint: 27501 ns, Total: 6613035 ns
[9.661s][info ][safepoint      ] Safepoint "ICBufferFull", Time since last: 5590629 ns, Reaching safepoint: 245601 ns, At safepoint: 18400 ns, Total: 264001 ns
[9.677s][info ][safepoint      ] Safepoint "ICBufferFull", Time since last: 6021031 ns, Reaching safepoint: 10215154 ns, At safepoint: 28400 ns, Total: 10243554 ns
[9.694s][info ][safepoint      ] Safepoint "ICBufferFull", Time since last: 6553134 ns, Reaching safepoint: 9791351 ns, At safepoint: 31200 ns, Total: 9822551 ns
[9.777s][info ][safepoint      ] Safepoint "ICBufferFull", Time since last: 65658542 ns, Reaching safepoint: 17986694 ns, At safepoint: 34200 ns, Total: 18020894 ns
[9.860s][info ][safepoint      ] Safepoint "ICBufferFull", Time since last: 79908116 ns, Reaching safepoint: 2915516 ns, At safepoint: 22700 ns, Total: 2938216 ns
[9.988s][info ][safepoint      ] Safepoint "ICBufferFull", Time since last: 117060810 ns, Reaching safepoint: 10634655 ns, At safepoint: 28800 ns, Total: 10663455 ns
[10.021s][info ][safepoint      ] Safepoint "ICBufferFull", Time since last: 29341353 ns, Reaching safepoint: 4038621 ns, At safepoint: 22400 ns, Total: 4061021 ns
[10.194s][info ][safepoint      ] Safepoint "ICBufferFull", Time since last: 170617989 ns, Reaching safepoint: 1406207 ns, At safepoint: 19601 ns, Total: 1425808 ns
[10.195s][info ][safepoint      ] Safepoint "ICBufferFull", Time since last: 1608908 ns, Reaching safepoint: 184801 ns, At safepoint: 13200 ns, Total: 198001 ns
[10.202s][info ][safepoint      ] Safepoint "ICBufferFull", Time since last: 683704 ns, Reaching safepoint: 5942930 ns, At safepoint: 19901 ns, Total: 5962831 ns
[10.231s][info ][safepoint      ] Safepoint "ICBufferFull", Time since last: 710803 ns, Reaching safepoint: 27816545 ns, At safepoint: 25100 ns, Total: 27841645 ns
[10.241s][info ][safepoint      ] Safepoint "ICBufferFull", Time since last: 882905 ns, Reaching safepoint: 10032652 ns, At safepoint: 40100 ns, Total: 10072752 ns
[10.258s][info ][safepoint      ] Safepoint "ICBufferFull", Time since last: 15927583 ns, Reaching safepoint: 608804 ns, At safepoint: 18400 ns, Total: 627204 ns
[10.262s][info ][safepoint      ] Safepoint "ICBufferFull", Time since last: 759704 ns, Reaching safepoint: 3214316 ns, At safepoint: 24500 ns, Total: 3238816 ns
[10.268s][info ][safepoint      ] Safepoint "ICBufferFull", Time since last: 1937811 ns, Reaching safepoint: 4133521 ns, At safepoint: 37800 ns, Total: 4171321 ns
[10.270s][info ][safepoint      ] Safepoint "ICBufferFull", Time since last: 699304 ns, Reaching safepoint: 1376807 ns, At safepoint: 39200 ns, Total: 1416007 ns
[10.271s][info ][safepoint      ] Safepoint "ICBufferFull", Time since last: 570903 ns, Reaching safepoint: 102601 ns, At safepoint: 12500 ns, Total: 115101 ns
[10.273s][info ][safepoint      ] Safepoint "ICBufferFull", Time since last: 1692609 ns, Reaching safepoint: 111300 ns, At safepoint: 17300 ns, Total: 128600 ns
[10.274s][info ][safepoint      ] Safepoint "ICBufferFull", Time since last: 1166206 ns, Reaching safepoint: 64501 ns, At safepoint: 17900 ns, Total: 82401 ns
[10.275s][info ][safepoint      ] Safepoint "ICBufferFull", Time since last: 641603 ns, Reaching safepoint: 110801 ns, At safepoint: 15900 ns, Total: 126701 ns
[10.276s][info ][safepoint      ] Safepoint "ICBufferFull", Time since last: 916405 ns, Reaching safepoint: 88700 ns, At safepoint: 18800 ns, Total: 107500 ns
[10.277s][info ][safepoint      ] Safepoint "ICBufferFull", Time since last: 660704 ns, Reaching safepoint: 94600 ns, At safepoint: 15800 ns, Total: 110400 ns
[10.277s][info ][safepoint      ] Safepoint "ICBufferFull", Time since last: 670504 ns, Reaching safepoint: 165901 ns, At safepoint: 16400 ns, Total: 182301 ns
[10.282s][info ][safepoint      ] Safepoint "ICBufferFull", Time since last: 640003 ns, Reaching safepoint: 4258422 ns, At safepoint: 17400 ns, Total: 4275822 ns
[10.286s][info ][safepoint      ] Safepoint "ICBufferFull", Time since last: 715904 ns, Reaching safepoint: 3175517 ns, At safepoint: 16400 ns, Total: 3191917 ns
[10.289s][info ][safepoint      ] Safepoint "ICBufferFull", Time since last: 662803 ns, Reaching safepoint: 2558413 ns, At safepoint: 17800 ns, Total: 2576213 ns
[10.296s][info ][safepoint      ] Safepoint "ICBufferFull", Time since last: 672904 ns, Reaching safepoint: 5376028 ns, At safepoint: 29900 ns, Total: 5405928 ns
[10.308s][info ][safepoint      ] Safepoint "ICBufferFull", Time since last: 690704 ns, Reaching safepoint: 11380159 ns, At safepoint: 32000 ns, Total: 11412159 ns
[10.314s][info ][safepoint      ] Safepoint "ICBufferFull", Time since last: 803504 ns, Reaching safepoint: 5084727 ns, At safepoint: 24700 ns, Total: 5109427 ns
[10.321s][info ][safepoint      ] Safepoint "ICBufferFull", Time since last: 685803 ns, Reaching safepoint: 7106437 ns, At safepoint: 36201 ns, Total: 7142638 ns
[10.332s][info ][safepoint      ] Safepoint "ICBufferFull", Time since last: 725803 ns, Reaching safepoint: 9471450 ns, At safepoint: 28800 ns, Total: 9500250 ns
[10.337s][info ][safepoint      ] Safepoint "ICBufferFull", Time since last: 754404 ns, Reaching safepoint: 5021826 ns, At safepoint: 23600 ns, Total: 5045426 ns
[10.357s][info ][safepoint      ] Safepoint "ICBufferFull", Time since last: 8286643 ns, Reaching safepoint: 11657661 ns, At safepoint: 38000 ns, Total: 11695661 ns
[10.377s][info ][safepoint      ] Safepoint "ICBufferFull", Time since last: 9259348 ns, Reaching safepoint: 10701756 ns, At safepoint: 43400 ns, Total: 10745156 ns
[10.385s][info ][safepoint      ] Safepoint "ICBufferFull", Time since last: 792004 ns, Reaching safepoint: 7158238 ns, At safepoint: 42000 ns, Total: 7200238 ns
[10.397s][info ][safepoint      ] Safepoint "ICBufferFull", Time since last: 788104 ns, Reaching safepoint: 11173858 ns, At safepoint: 39400 ns, Total: 11213258 ns
[10.408s][info ][safepoint      ] Safepoint "ICBufferFull", Time since last: 761404 ns, Reaching safepoint: 10185953 ns, At safepoint: 38200 ns, Total: 10224153 ns
[10.409s][info ][safepoint      ] Safepoint "ICBufferFull", Time since last: 762504 ns, Reaching safepoint: 293102 ns, At safepoint: 14400 ns, Total: 307502 ns
[10.410s][info ][safepoint      ] Safepoint "ICBufferFull", Time since last: 635203 ns, Reaching safepoint: 92301 ns, At safepoint: 13900 ns, Total: 106201 ns
[10.417s][info ][safepoint      ] Safepoint "ICBufferFull", Time since last: 651103 ns, Reaching safepoint: 6584535 ns, At safepoint: 28000 ns, Total: 6612535 ns
[10.421s][info ][safepoint      ] Safepoint "ICBufferFull", Time since last: 751804 ns, Reaching safepoint: 3210916 ns, At safepoint: 21000 ns, Total: 3231916 ns
[10.422s][info ][safepoint      ] Safepoint "ICBufferFull", Time since last: 717204 ns, Reaching safepoint: 245901 ns, At safepoint: 12201 ns, Total: 258102 ns
[10.429s][info ][safepoint      ] Safepoint "ICBufferFull", Time since last: 6928236 ns, Reaching safepoint: 111800 ns, At safepoint: 17800 ns, Total: 129600 ns
[10.437s][info ][safepoint      ] Safepoint "ICBufferFull", Time since last: 730304 ns, Reaching safepoint: 7213638 ns, At safepoint: 51700 ns, Total: 7265338 ns
[10.445s][info ][safepoint      ] Safepoint "ICBufferFull", Time since last: 805404 ns, Reaching safepoint: 7074237 ns, At safepoint: 38800 ns, Total: 7113037 ns
[10.457s][info ][safepoint      ] Safepoint "ICBufferFull", Time since last: 3419218 ns, Reaching safepoint: 8541644 ns, At safepoint: 33201 ns, Total: 8574845 ns
[10.468s][info ][safepoint      ] Safepoint "ICBufferFull", Time since last: 774004 ns, Reaching safepoint: 9979552 ns, At safepoint: 40800 ns, Total: 10020352 ns
[10.469s][info ][safepoint      ] Safepoint "ICBufferFull", Time since last: 707703 ns, Reaching safepoint: 105501 ns, At safepoint: 16700 ns, Total: 122201 ns
[10.470s][info ][safepoint      ] Safepoint "ICBufferFull", Time since last: 670104 ns, Reaching safepoint: 95000 ns, At safepoint: 16100 ns, Total: 111100 ns
[10.500s][info ][safepoint      ] Safepoint "ICBufferFull", Time since last: 11603961 ns, Reaching safepoint: 19001198 ns, At safepoint: 50701 ns, Total: 19051899 ns
[10.501s][info ][safepoint      ] Safepoint "ICBufferFull", Time since last: 826204 ns, Reaching safepoint: 120501 ns, At safepoint: 20000 ns, Total: 140501 ns
[10.504s][info ][safepoint      ] Safepoint "ICBufferFull", Time since last: 753004 ns, Reaching safepoint: 2150311 ns, At safepoint: 24100 ns, Total: 2174411 ns
[10.509s][info ][safepoint      ] Safepoint "ICBufferFull", Time since last: 4756925 ns, Reaching safepoint: 128400 ns, At safepoint: 17700 ns, Total: 146100 ns
[10.510s][info ][safepoint      ] Safepoint "ICBufferFull", Time since last: 737804 ns, Reaching safepoint: 99401 ns, At safepoint: 16200 ns, Total: 115601 ns
[10.512s][info ][safepoint      ] Safepoint "ICBufferFull", Time since last: 1680509 ns, Reaching safepoint: 102800 ns, At safepoint: 16700 ns, Total: 119500 ns
[10.513s][info ][safepoint      ] Safepoint "ICBufferFull", Time since last: 704204 ns, Reaching safepoint: 103600 ns, At safepoint: 17701 ns, Total: 121301 ns
[10.514s][info ][safepoint      ] Safepoint "ICBufferFull", Time since last: 720403 ns, Reaching safepoint: 102201 ns, At safepoint: 20900 ns, Total: 123101 ns
[10.533s][info ][safepoint      ] Safepoint "ICBufferFull", Time since last: 12676566 ns, Reaching safepoint: 6478434 ns, At safepoint: 49000 ns, Total: 6527434 ns
[10.543s][info ][safepoint      ] Safepoint "ICBufferFull", Time since last: 1318007 ns, Reaching safepoint: 8723045 ns, At safepoint: 45000 ns, Total: 8768045 ns
[10.549s][info ][safepoint      ] Safepoint "ICBufferFull", Time since last: 925405 ns, Reaching safepoint: 5574629 ns, At safepoint: 30600 ns, Total: 5605229 ns
[10.554s][info ][safepoint      ] Safepoint "ICBufferFull", Time since last: 850705 ns, Reaching safepoint: 4000621 ns, At safepoint: 30200 ns, Total: 4030821 ns
[10.560s][info ][safepoint      ] Safepoint "ICBufferFull", Time since last: 833104 ns, Reaching safepoint: 4386823 ns, At safepoint: 24600 ns, Total: 4411423 ns
[10.577s][info ][safepoint      ] Safepoint "ICBufferFull", Time since last: 697704 ns, Reaching safepoint: 17205089 ns, At safepoint: 35001 ns, Total: 17240090 ns
[10.601s][info ][safepoint      ] Safepoint "ICBufferFull", Time since last: 812204 ns, Reaching safepoint: 22484117 ns, At safepoint: 38400 ns, Total: 22522517 ns
[10.611s][info ][safepoint      ] Safepoint "ICBufferFull", Time since last: 863104 ns, Reaching safepoint: 9536150 ns, At safepoint: 40300 ns, Total: 9576450 ns
[10.612s][info ][safepoint      ] Safepoint "ICBufferFull", Time since last: 794604 ns, Reaching safepoint: 308602 ns, At safepoint: 16800 ns, Total: 325402 ns
[10.621s][info ][safepoint      ] Safepoint "ICBufferFull", Time since last: 707504 ns, Reaching safepoint: 8215543 ns, At safepoint: 34500 ns, Total: 8250043 ns
[11.054s][info ][gc,start       ] GC(8) Pause Young (Allocation Failure)
[11.233s][debug][gc,phases      ] GC(8) Scavenge 178.855ms
[11.233s][debug][gc,ref         ] GC(8) Skipped phase 1 of Reference Processing: no references
[11.233s][debug][gc,ref         ] GC(8) ReferenceProcessor::execute queues: 3, RefProcThreadModel::Multi, marks_oops_alive: false
[11.233s][debug][gc,ref         ] GC(8) Skipped phase 3 of Reference Processing: no references
[11.233s][debug][gc,ref         ] GC(8) ReferenceProcessor::execute queues: 1, RefProcThreadModel::Single, marks_oops_alive: false
[11.233s][debug][gc,phases      ] GC(8) Reference Processing 0.456ms
[11.234s][debug][gc,phases      ] GC(8)   VM Weak                        Min:  0.0, Avg:  0.0, Max:  0.0, Diff:  0.0, Sum:  0.0, Workers: 4
[11.234s][debug][gc,phases      ] GC(8)     Dead                           Min: 0, Avg:  0.0, Max: 0, Diff: 0, Sum: 0, Workers: 4
[11.234s][debug][gc,phases      ] GC(8)     Total                          Min: 0, Avg: 111.0, Max: 192, Diff: 192, Sum: 444, Workers: 4
[11.234s][debug][gc,phases      ] GC(8)   ObjectSynchronizer Weak        Min:  0.0, Avg:  0.0, Max:  0.0, Diff:  0.0, Sum:  0.0, Workers: 4
[11.234s][debug][gc,phases      ] GC(8)     Dead                           Min: 0, Avg:  0.0, Max: 0, Diff: 0, Sum: 0, Workers: 4
[11.234s][debug][gc,phases      ] GC(8)     Total                          Min: 0, Avg: 54.0, Max: 128, Diff: 128, Sum: 216, Workers: 4
[11.234s][debug][gc,phases      ] GC(8)   JVMTI Tag Weak OopStorage      Min:  0.0, Avg:  0.0, Max:  0.0, Diff:  0.0, Sum:  0.0, Workers: 4
[11.234s][debug][gc,phases      ] GC(8)     Dead                           Min: 0, Avg:  0.0, Max: 0, Diff: 0, Sum: 0, Workers: 4
[11.234s][debug][gc,phases      ] GC(8)     Total                          Min: 0, Avg:  0.0, Max: 0, Diff: 0, Sum: 0, Workers: 4
[11.234s][debug][gc,phases      ] GC(8)   StringTable Weak               Min:  0.0, Avg:  0.5, Max:  0.7, Diff:  0.7, Sum:  2.0, Workers: 4
[11.234s][debug][gc,phases      ] GC(8)     Dead                           Min: 0, Avg:  3.8, Max: 15, Diff: 15, Sum: 15, Workers: 4
[11.234s][debug][gc,phases      ] GC(8)     Total                          Min: 0, Avg: 9602.2, Max: 13120, Diff: 13120, Sum: 38409, Workers: 4
[11.234s][debug][gc,phases      ] GC(8)   ResolvedMethodTable Weak       Min:  0.0, Avg:  0.1, Max:  0.1, Diff:  0.1, Sum:  0.3, Workers: 4
[11.234s][debug][gc,phases      ] GC(8)     Dead                           Min: 0, Avg:  3.5, Max: 14, Diff: 14, Sum: 14, Workers: 4
[11.234s][debug][gc,phases      ] GC(8)     Total                          Min: 0, Avg: 1247.5, Max: 1792, Diff: 1792, Sum: 4990, Workers: 4
[11.234s][debug][gc,phases      ] GC(8)   JNI Weak                       Min:  0.0, Avg:  0.0, Max:  0.0, Diff:  0.0, Sum:  0.0, Workers: 4
[11.234s][debug][gc,phases      ] GC(8)     Dead                           Min: 0, Avg:  0.0, Max: 0, Diff: 0, Sum: 0, Workers: 4
[11.234s][debug][gc,phases      ] GC(8)     Total                          Min: 0, Avg:  0.8, Max: 3, Diff: 3, Sum: 3, Workers: 4
[11.234s][debug][gc,phases      ] GC(8)   StringDedup Table Weak         Min:  0.0, Avg:  0.0, Max:  0.0, Diff:  0.0, Sum:  0.0, Workers: 4
[11.234s][debug][gc,phases      ] GC(8)     Dead                           Min: 0, Avg:  0.0, Max: 0, Diff: 0, Sum: 0, Workers: 4
[11.234s][debug][gc,phases      ] GC(8)     Total                          Min: 0, Avg:  0.0, Max: 0, Diff: 0, Sum: 0, Workers: 4
[11.234s][debug][gc,phases      ] GC(8)   StringDedup Requests0 Weak     Min:  0.0, Avg:  0.0, Max:  0.0, Diff:  0.0, Sum:  0.0, Workers: 4
[11.234s][debug][gc,phases      ] GC(8)     Dead                           Min: 0, Avg:  0.0, Max: 0, Diff: 0, Sum: 0, Workers: 4
[11.234s][debug][gc,phases      ] GC(8)     Total                          Min: 0, Avg:  0.0, Max: 0, Diff: 0, Sum: 0, Workers: 4
[11.234s][debug][gc,phases      ] GC(8)   StringDedup Requests1 Weak     Min:  0.0, Avg:  0.0, Max:  0.0, Diff:  0.0, Sum:  0.0, Workers: 4
[11.234s][debug][gc,phases      ] GC(8)     Dead                           Min: 0, Avg:  0.0, Max: 0, Diff: 0, Sum: 0, Workers: 4
[11.234s][debug][gc,phases      ] GC(8)     Total                          Min: 0, Avg:  0.0, Max: 0, Diff: 0, Sum: 0, Workers: 4
[11.234s][debug][gc,phases      ] GC(8)   Weak JFR Old Object Samples    Min:  0.0, Avg:  0.0, Max:  0.0, Diff:  0.0, Sum:  0.0, Workers: 4
[11.234s][debug][gc,phases      ] GC(8)     Dead                           Min: 0, Avg:  0.0, Max: 0, Diff: 0, Sum: 0, Workers: 4
[11.234s][debug][gc,phases      ] GC(8)     Total                          Min: 0, Avg:  0.0, Max: 0, Diff: 0, Sum: 0, Workers: 4
[11.234s][debug][gc,phases      ] GC(8) Weak Processing 0.972ms
[11.234s][debug][gc,age         ] GC(8) Desired survivor size 262144000 bytes, new threshold 4 (max threshold 15)
[11.234s][info ][gc,heap        ] GC(8) PSYoungGen: 1728455K(1807872K)->127398K(1821184K) Eden: 1545216K(1545216K)->0K(1545216K) From: 183239K(262656K)->127398K(275968K)
[11.234s][info ][gc,heap        ] GC(8) ParOldGen: 5688K(6144K)->61922K(61952K)
[11.234s][info ][gc,metaspace   ] GC(8) Metaspace: 54427K(54976K)->54427K(54976K) NonClass: 46421K(46720K)->46421K(46720K) Class: 8006K(8256K)->8006K(8256K)
[11.234s][info ][gc             ] GC(8) Pause Young (Allocation Failure) 1693M->184M(1839M) 180.448ms
[11.234s][info ][gc,cpu         ] GC(8) User=0.40s Sys=0.03s Real=0.18s
[11.234s][debug][gc,phases      ] GC(9) Pre Compact 0.010ms
[11.234s][info ][gc,start       ] GC(9) Pause Full (Ergonomics)
[11.234s][info ][gc,phases,start] GC(9) Marking Phase
[11.369s][debug][gc,phases      ] GC(9) Par Mark 135.079ms
[11.369s][debug][gc,ref         ] GC(9) Skipped phase 1 of Reference Processing: no references
[11.370s][debug][gc,ref         ] GC(9) ReferenceProcessor::execute queues: 4, RefProcThreadModel::Multi, marks_oops_alive: false
[11.377s][debug][gc,ref         ] GC(9) Skipped phase 3 of Reference Processing: no references
[11.377s][debug][gc,ref         ] GC(9) ReferenceProcessor::execute queues: 1, RefProcThreadModel::Single, marks_oops_alive: false
[11.377s][debug][gc,phases      ] GC(9) Reference Processing 7.995ms
[11.378s][debug][gc,phases      ] GC(9)   VM Weak                        Min:  0.0, Avg:  0.0, Max:  0.0, Diff:  0.0, Sum:  0.0, Workers: 4
[11.378s][debug][gc,phases      ] GC(9)     Dead                           Min: 0, Avg:  0.0, Max: 0, Diff: 0, Sum: 0, Workers: 4
[11.378s][debug][gc,phases      ] GC(9)     Total                          Min: 0, Avg: 111.0, Max: 192, Diff: 192, Sum: 444, Workers: 4
[11.378s][debug][gc,phases      ] GC(9)   ObjectSynchronizer Weak        Min:  0.0, Avg:  0.0, Max:  0.0, Diff:  0.0, Sum:  0.0, Workers: 4
[11.378s][debug][gc,phases      ] GC(9)     Dead                           Min: 0, Avg:  0.0, Max: 0, Diff: 0, Sum: 0, Workers: 4
[11.378s][debug][gc,phases      ] GC(9)     Total                          Min: 0, Avg: 54.0, Max: 128, Diff: 128, Sum: 216, Workers: 4
[11.378s][debug][gc,phases      ] GC(9)   JVMTI Tag Weak OopStorage      Min:  0.0, Avg:  0.0, Max:  0.0, Diff:  0.0, Sum:  0.0, Workers: 4
[11.378s][debug][gc,phases      ] GC(9)     Dead                           Min: 0, Avg:  0.0, Max: 0, Diff: 0, Sum: 0, Workers: 4
[11.378s][debug][gc,phases      ] GC(9)     Total                          Min: 0, Avg:  0.0, Max: 0, Diff: 0, Sum: 0, Workers: 4
[11.378s][debug][gc,phases      ] GC(9)   StringTable Weak               Min:  0.0, Avg:  0.2, Max:  0.2, Diff:  0.2, Sum:  0.7, Workers: 4
[11.378s][debug][gc,phases      ] GC(9)     Dead                           Min: 0, Avg:  0.0, Max: 0, Diff: 0, Sum: 0, Workers: 4
[11.378s][debug][gc,phases      ] GC(9)     Total                          Min: 0, Avg: 9602.2, Max: 13120, Diff: 13120, Sum: 38409, Workers: 4
[11.378s][debug][gc,phases      ] GC(9)   ResolvedMethodTable Weak       Min:  0.0, Avg:  0.0, Max:  0.0, Diff:  0.0, Sum:  0.1, Workers: 4
[11.378s][debug][gc,phases      ] GC(9)     Dead                           Min: 0, Avg:  0.0, Max: 0, Diff: 0, Sum: 0, Workers: 4
[11.378s][debug][gc,phases      ] GC(9)     Total                          Min: 0, Avg: 1247.5, Max: 1726, Diff: 1726, Sum: 4990, Workers: 4
[11.378s][debug][gc,phases      ] GC(9)   JNI Weak                       Min:  0.0, Avg:  0.0, Max:  0.0, Diff:  0.0, Sum:  0.0, Workers: 4
[11.378s][debug][gc,phases      ] GC(9)     Dead                           Min: 0, Avg:  0.0, Max: 0, Diff: 0, Sum: 0, Workers: 4
[11.378s][debug][gc,phases      ] GC(9)     Total                          Min: 0, Avg:  0.8, Max: 3, Diff: 3, Sum: 3, Workers: 4
[11.378s][debug][gc,phases      ] GC(9)   StringDedup Table Weak         Min:  0.0, Avg:  0.0, Max:  0.0, Diff:  0.0, Sum:  0.0, Workers: 4
[11.378s][debug][gc,phases      ] GC(9)     Dead                           Min: 0, Avg:  0.0, Max: 0, Diff: 0, Sum: 0, Workers: 4
[11.378s][debug][gc,phases      ] GC(9)     Total                          Min: 0, Avg:  0.0, Max: 0, Diff: 0, Sum: 0, Workers: 4
[11.378s][debug][gc,phases      ] GC(9)   StringDedup Requests0 Weak     Min:  0.0, Avg:  0.0, Max:  0.0, Diff:  0.0, Sum:  0.0, Workers: 4
[11.378s][debug][gc,phases      ] GC(9)     Dead                           Min: 0, Avg:  0.0, Max: 0, Diff: 0, Sum: 0, Workers: 4
[11.378s][debug][gc,phases      ] GC(9)     Total                          Min: 0, Avg:  0.0, Max: 0, Diff: 0, Sum: 0, Workers: 4
[11.378s][debug][gc,phases      ] GC(9)   StringDedup Requests1 Weak     Min:  0.0, Avg:  0.0, Max:  0.0, Diff:  0.0, Sum:  0.0, Workers: 4
[11.378s][debug][gc,phases      ] GC(9)     Dead                           Min: 0, Avg:  0.0, Max: 0, Diff: 0, Sum: 0, Workers: 4
[11.378s][debug][gc,phases      ] GC(9)     Total                          Min: 0, Avg:  0.0, Max: 0, Diff: 0, Sum: 0, Workers: 4
[11.378s][debug][gc,phases      ] GC(9)   Weak JFR Old Object Samples    Min:  0.0, Avg:  0.0, Max:  0.0, Diff:  0.0, Sum:  0.0, Workers: 4
[11.378s][debug][gc,phases      ] GC(9)     Dead                           Min: 0, Avg:  0.0, Max: 0, Diff: 0, Sum: 0, Workers: 4
[11.378s][debug][gc,phases      ] GC(9)     Total                          Min: 0, Avg:  0.0, Max: 0, Diff: 0, Sum: 0, Workers: 4
[11.378s][debug][gc,phases      ] GC(9) Weak Processing 0.521ms
[11.378s][debug][gc,phases      ] GC(9) ClassLoaderData 0.066ms
[11.378s][debug][gc,phases      ] GC(9) Trigger cleanups 0.001ms
[11.386s][debug][gc,phases      ] GC(9) Class Unloading 8.039ms
[11.386s][info ][gc,phases      ] GC(9) Marking Phase 151.791ms
[11.386s][info ][gc,phases,start] GC(9) Summary Phase
[11.386s][info ][gc,phases      ] GC(9) Summary Phase 0.013ms
[11.386s][info ][gc,phases,start] GC(9) Adjust Roots
[11.402s][info ][gc,phases      ] GC(9) Adjust Roots 16.158ms
[11.402s][info ][gc,phases,start] GC(9) Compaction Phase
[12.566s][info ][gc,phases      ] GC(9) Compaction Phase 1163.886ms
[12.566s][info ][gc,phases,start] GC(9) Post Compact
[12.568s][info ][gc,phases      ] GC(9) Post Compact 1.614ms
[12.568s][info ][gc,heap        ] GC(9) PSYoungGen: 127398K(1821184K)->127186K(1821184K) Eden: 0K(1545216K)->0K(1545216K) From: 127398K(275968K)->127186K(275968K)
[12.568s][info ][gc,heap        ] GC(9) ParOldGen: 61922K(61952K)->61627K(99840K)
[12.568s][info ][gc,metaspace   ] GC(9) Metaspace: 54427K(54976K)->54427K(54976K) NonClass: 46421K(46720K)->46421K(46720K) Class: 8006K(8256K)->8006K(8256K)
[12.568s][info ][gc             ] GC(9) Pause Full (Ergonomics) 184M->184M(1876M) 1333.759ms
[12.568s][info ][gc,cpu         ] GC(9) User=2.55s Sys=0.00s Real=1.33s
[12.621s][info ][safepoint      ] Safepoint "ParallelGCFailedAllocation", Time since last: 420376688 ns, Reaching safepoint: 12000262 ns, At safepoint: 1567678953 ns, Total: 1579679215 ns
[13.354s][info ][gc,start       ] GC(10) Pause Young (Allocation Failure)
[13.596s][debug][gc,phases      ] GC(10) Scavenge 242.196ms
[13.596s][debug][gc,ref         ] GC(10) Skipped phase 1 of Reference Processing: no references
[13.596s][debug][gc,ref         ] GC(10) ReferenceProcessor::execute queues: 1, RefProcThreadModel::Single, marks_oops_alive: false
[13.596s][debug][gc,ref         ] GC(10) Skipped phase 3 of Reference Processing: no references
[13.596s][debug][gc,ref         ] GC(10) ReferenceProcessor::execute queues: 1, RefProcThreadModel::Single, marks_oops_alive: false
[13.596s][debug][gc,phases      ] GC(10) Reference Processing 0.287ms
[13.597s][debug][gc,phases      ] GC(10)   VM Weak                        Min:  0.0, Avg:  0.0, Max:  0.0, Diff:  0.0, Sum:  0.0, Workers: 4
[13.597s][debug][gc,phases      ] GC(10)     Dead                           Min: 0, Avg:  0.0, Max: 0, Diff: 0, Sum: 0, Workers: 4
[13.597s][debug][gc,phases      ] GC(10)     Total                          Min: 0, Avg: 130.2, Max: 320, Diff: 320, Sum: 521, Workers: 4
[13.597s][debug][gc,phases      ] GC(10)   ObjectSynchronizer Weak        Min:  0.0, Avg:  0.0, Max:  0.0, Diff:  0.0, Sum:  0.0, Workers: 4
[13.597s][debug][gc,phases      ] GC(10)     Dead                           Min: 0, Avg:  0.0, Max: 0, Diff: 0, Sum: 0, Workers: 4
[13.597s][debug][gc,phases      ] GC(10)     Total                          Min: 0, Avg: 54.0, Max: 128, Diff: 128, Sum: 216, Workers: 4
[13.597s][debug][gc,phases      ] GC(10)   JVMTI Tag Weak OopStorage      Min:  0.0, Avg:  0.0, Max:  0.0, Diff:  0.0, Sum:  0.0, Workers: 4
[13.597s][debug][gc,phases      ] GC(10)     Dead                           Min: 0, Avg:  0.0, Max: 0, Diff: 0, Sum: 0, Workers: 4
[13.597s][debug][gc,phases      ] GC(10)     Total                          Min: 0, Avg:  0.0, Max: 0, Diff: 0, Sum: 0, Workers: 4
[13.597s][debug][gc,phases      ] GC(10)   StringTable Weak               Min:  0.0, Avg:  0.2, Max:  0.5, Diff:  0.5, Sum:  1.0, Workers: 4
[13.597s][debug][gc,phases      ] GC(10)     Dead                           Min: 0, Avg:  4.2, Max: 17, Diff: 17, Sum: 17, Workers: 4
[13.597s][debug][gc,phases      ] GC(10)     Total                          Min: 0, Avg: 9817.2, Max: 19941, Diff: 19941, Sum: 39269, Workers: 4
[13.597s][debug][gc,phases      ] GC(10)   ResolvedMethodTable Weak       Min:  0.0, Avg:  0.1, Max:  0.1, Diff:  0.1, Sum:  0.2, Workers: 4
[13.597s][debug][gc,phases      ] GC(10)     Dead                           Min: 0, Avg:  9.2, Max: 32, Diff: 32, Sum: 37, Workers: 4
[13.597s][debug][gc,phases      ] GC(10)     Total                          Min: 0, Avg: 1451.2, Max: 3245, Diff: 3245, Sum: 5805, Workers: 4
[13.597s][debug][gc,phases      ] GC(10)   JNI Weak                       Min:  0.0, Avg:  0.0, Max:  0.0, Diff:  0.0, Sum:  0.0, Workers: 4
[13.597s][debug][gc,phases      ] GC(10)     Dead                           Min: 0, Avg:  0.0, Max: 0, Diff: 0, Sum: 0, Workers: 4
[13.597s][debug][gc,phases      ] GC(10)     Total                          Min: 0, Avg:  0.0, Max: 0, Diff: 0, Sum: 0, Workers: 4
[13.597s][debug][gc,phases      ] GC(10)   StringDedup Table Weak         Min:  0.0, Avg:  0.0, Max:  0.0, Diff:  0.0, Sum:  0.0, Workers: 4
[13.597s][debug][gc,phases      ] GC(10)     Dead                           Min: 0, Avg:  0.0, Max: 0, Diff: 0, Sum: 0, Workers: 4
[13.597s][debug][gc,phases      ] GC(10)     Total                          Min: 0, Avg:  0.0, Max: 0, Diff: 0, Sum: 0, Workers: 4
[13.597s][debug][gc,phases      ] GC(10)   StringDedup Requests0 Weak     Min:  0.0, Avg:  0.0, Max:  0.0, Diff:  0.0, Sum:  0.0, Workers: 4
[13.597s][debug][gc,phases      ] GC(10)     Dead                           Min: 0, Avg:  0.0, Max: 0, Diff: 0, Sum: 0, Workers: 4
[13.597s][debug][gc,phases      ] GC(10)     Total                          Min: 0, Avg:  0.0, Max: 0, Diff: 0, Sum: 0, Workers: 4
[13.597s][debug][gc,phases      ] GC(10)   StringDedup Requests1 Weak     Min:  0.0, Avg:  0.0, Max:  0.0, Diff:  0.0, Sum:  0.0, Workers: 4
[13.597s][debug][gc,phases      ] GC(10)     Dead                           Min: 0, Avg:  0.0, Max: 0, Diff: 0, Sum: 0, Workers: 4
[13.597s][debug][gc,phases      ] GC(10)     Total                          Min: 0, Avg:  0.0, Max: 0, Diff: 0, Sum: 0, Workers: 4
[13.597s][debug][gc,phases      ] GC(10)   Weak JFR Old Object Samples    Min:  0.0, Avg:  0.0, Max:  0.0, Diff:  0.0, Sum:  0.0, Workers: 4
[13.597s][debug][gc,phases      ] GC(10)     Dead                           Min: 0, Avg:  0.0, Max: 0, Diff: 0, Sum: 0, Workers: 4
[13.597s][debug][gc,phases      ] GC(10)     Total                          Min: 0, Avg:  0.0, Max: 0, Diff: 0, Sum: 0, Workers: 4
[13.597s][debug][gc,phases      ] GC(10) Weak Processing 0.880ms
[13.597s][debug][gc,age         ] GC(10) Desired survivor size 270008320 bytes, new threshold 5 (max threshold 15)
[13.597s][info ][gc,heap        ] GC(10) PSYoungGen: 1672402K(1821184K)->12669K(1825792K) Eden: 1545216K(1545216K)->0K(1569792K) From: 127186K(275968K)->12669K(256000K)
[13.597s][info ][gc,heap        ] GC(10) ParOldGen: 61627K(99840K)->179883K(180224K)
[13.597s][info ][gc,metaspace   ] GC(10) Metaspace: 57364K(57984K)->57364K(57984K) NonClass: 48814K(49152K)->48814K(49152K) Class: 8549K(8832K)->8549K(8832K)
[13.597s][info ][gc             ] GC(10) Pause Young (Allocation Failure) 1693M->188M(1959M) 243.527ms
[13.597s][info ][gc,cpu         ] GC(10) User=0.41s Sys=0.02s Real=0.24s
[13.597s][debug][gc,phases      ] GC(11) Pre Compact 0.031ms
[13.597s][info ][gc,start       ] GC(11) Pause Full (Ergonomics)
[13.597s][info ][gc,phases,start] GC(11) Marking Phase
[13.749s][debug][gc,phases      ] GC(11) Par Mark 151.942ms
[13.749s][debug][gc,ref         ] GC(11) Skipped phase 1 of Reference Processing: no references
[13.750s][debug][gc,ref         ] GC(11) ReferenceProcessor::execute queues: 4, RefProcThreadModel::Multi, marks_oops_alive: false
[13.754s][debug][gc,ref         ] GC(11) Skipped phase 3 of Reference Processing: no references
[13.754s][debug][gc,ref         ] GC(11) ReferenceProcessor::execute queues: 1, RefProcThreadModel::Single, marks_oops_alive: false
[13.754s][debug][gc,phases      ] GC(11) Reference Processing 4.101ms
[13.754s][debug][gc,phases      ] GC(11)   VM Weak                        Min:  0.0, Avg:  0.0, Max:  0.0, Diff:  0.0, Sum:  0.0, Workers: 4
[13.754s][debug][gc,phases      ] GC(11)     Dead                           Min: 0, Avg:  0.0, Max: 0, Diff: 0, Sum: 0, Workers: 4
[13.754s][debug][gc,phases      ] GC(11)     Total                          Min: 0, Avg: 130.2, Max: 265, Diff: 265, Sum: 521, Workers: 4
[13.754s][debug][gc,phases      ] GC(11)   ObjectSynchronizer Weak        Min:  0.0, Avg:  0.0, Max:  0.0, Diff:  0.0, Sum:  0.0, Workers: 4
[13.754s][debug][gc,phases      ] GC(11)     Dead                           Min: 0, Avg:  0.0, Max: 0, Diff: 0, Sum: 0, Workers: 4
[13.754s][debug][gc,phases      ] GC(11)     Total                          Min: 0, Avg: 54.0, Max: 128, Diff: 128, Sum: 216, Workers: 4
[13.754s][debug][gc,phases      ] GC(11)   JVMTI Tag Weak OopStorage      Min:  0.0, Avg:  0.0, Max:  0.0, Diff:  0.0, Sum:  0.0, Workers: 4
[13.754s][debug][gc,phases      ] GC(11)     Dead                           Min: 0, Avg:  0.0, Max: 0, Diff: 0, Sum: 0, Workers: 4
[13.754s][debug][gc,phases      ] GC(11)     Total                          Min: 0, Avg:  0.0, Max: 0, Diff: 0, Sum: 0, Workers: 4
[13.754s][debug][gc,phases      ] GC(11)   StringTable Weak               Min:  0.0, Avg:  0.2, Max:  0.3, Diff:  0.3, Sum:  0.6, Workers: 4
[13.754s][debug][gc,phases      ] GC(11)     Dead                           Min: 0, Avg:  0.0, Max: 0, Diff: 0, Sum: 0, Workers: 4
[13.754s][debug][gc,phases      ] GC(11)     Total                          Min: 0, Avg: 9817.2, Max: 20096, Diff: 20096, Sum: 39269, Workers: 4
[13.754s][debug][gc,phases      ] GC(11)   ResolvedMethodTable Weak       Min:  0.0, Avg:  0.0, Max:  0.0, Diff:  0.0, Sum:  0.1, Workers: 4
[13.754s][debug][gc,phases      ] GC(11)     Dead                           Min: 0, Avg:  0.0, Max: 0, Diff: 0, Sum: 0, Workers: 4
[13.754s][debug][gc,phases      ] GC(11)     Total                          Min: 0, Avg: 1451.2, Max: 2925, Diff: 2925, Sum: 5805, Workers: 4
[13.754s][debug][gc,phases      ] GC(11)   JNI Weak                       Min:  0.0, Avg:  0.0, Max:  0.0, Diff:  0.0, Sum:  0.0, Workers: 4
[13.754s][debug][gc,phases      ] GC(11)     Dead                           Min: 0, Avg:  0.0, Max: 0, Diff: 0, Sum: 0, Workers: 4
[13.754s][debug][gc,phases      ] GC(11)     Total                          Min: 0, Avg:  0.0, Max: 0, Diff: 0, Sum: 0, Workers: 4
[13.754s][debug][gc,phases      ] GC(11)   StringDedup Table Weak         Min:  0.0, Avg:  0.0, Max:  0.0, Diff:  0.0, Sum:  0.0, Workers: 4
[13.754s][debug][gc,phases      ] GC(11)     Dead                           Min: 0, Avg:  0.0, Max: 0, Diff: 0, Sum: 0, Workers: 4
[13.754s][debug][gc,phases      ] GC(11)     Total                          Min: 0, Avg:  0.0, Max: 0, Diff: 0, Sum: 0, Workers: 4
[13.754s][debug][gc,phases      ] GC(11)   StringDedup Requests0 Weak     Min:  0.0, Avg:  0.0, Max:  0.0, Diff:  0.0, Sum:  0.0, Workers: 4
[13.754s][debug][gc,phases      ] GC(11)     Dead                           Min: 0, Avg:  0.0, Max: 0, Diff: 0, Sum: 0, Workers: 4
[13.754s][debug][gc,phases      ] GC(11)     Total                          Min: 0, Avg:  0.0, Max: 0, Diff: 0, Sum: 0, Workers: 4
[13.754s][debug][gc,phases      ] GC(11)   StringDedup Requests1 Weak     Min:  0.0, Avg:  0.0, Max:  0.0, Diff:  0.0, Sum:  0.0, Workers: 4
[13.754s][debug][gc,phases      ] GC(11)     Dead                           Min: 0, Avg:  0.0, Max: 0, Diff: 0, Sum: 0, Workers: 4
[13.754s][debug][gc,phases      ] GC(11)     Total                          Min: 0, Avg:  0.0, Max: 0, Diff: 0, Sum: 0, Workers: 4
[13.754s][debug][gc,phases      ] GC(11)   Weak JFR Old Object Samples    Min:  0.0, Avg:  0.0, Max:  0.0, Diff:  0.0, Sum:  0.0, Workers: 4
[13.754s][debug][gc,phases      ] GC(11)     Dead                           Min: 0, Avg:  0.0, Max: 0, Diff: 0, Sum: 0, Workers: 4
[13.754s][debug][gc,phases      ] GC(11)     Total                          Min: 0, Avg:  0.0, Max: 0, Diff: 0, Sum: 0, Workers: 4
[13.754s][debug][gc,phases      ] GC(11) Weak Processing 0.625ms
[13.754s][debug][gc,phases      ] GC(11) ClassLoaderData 0.075ms
[13.754s][debug][gc,phases      ] GC(11) Trigger cleanups 0.001ms
[13.763s][debug][gc,phases      ] GC(11) Class Unloading 8.411ms
[13.763s][info ][gc,phases      ] GC(11) Marking Phase 165.259ms
[13.763s][info ][gc,phases,start] GC(11) Summary Phase
[13.763s][info ][gc,phases      ] GC(11) Summary Phase 0.013ms
[13.763s][info ][gc,phases,start] GC(11) Adjust Roots
[13.780s][info ][gc,phases      ] GC(11) Adjust Roots 16.892ms
[13.780s][info ][gc,phases,start] GC(11) Compaction Phase
[14.376s][info ][gc,phases      ] GC(11) Compaction Phase 596.114ms
[14.376s][info ][gc,phases,start] GC(11) Post Compact
[14.377s][info ][gc,phases      ] GC(11) Post Compact 0.786ms
[14.377s][info ][gc,heap        ] GC(11) PSYoungGen: 12669K(1825792K)->12092K(1825792K) Eden: 0K(1569792K)->0K(1569792K) From: 12669K(256000K)->12092K(256000K)
[14.377s][info ][gc,heap        ] GC(11) ParOldGen: 179883K(180224K)->179942K(271360K)
[14.377s][info ][gc,metaspace   ] GC(11) Metaspace: 57364K(57984K)->57364K(57984K) NonClass: 48814K(49152K)->48814K(49152K) Class: 8549K(8832K)->8549K(8832K)
[14.377s][info ][gc             ] GC(11) Pause Full (Ergonomics) 188M->187M(2048M) 779.393ms
[14.377s][info ][gc,cpu         ] GC(11) User=1.60s Sys=0.00s Real=0.78s
[14.417s][info ][safepoint      ] Safepoint "ParallelGCFailedAllocation", Time since last: 725799272 ns, Reaching safepoint: 6547334 ns, At safepoint: 1063698122 ns, Total: 1070245456 ns
[15.198s][info ][gc,start       ] GC(12) Pause Young (Allocation Failure)
[15.266s][debug][gc,phases      ] GC(12) Scavenge 68.639ms
[15.267s][debug][gc,ref         ] GC(12) Skipped phase 1 of Reference Processing: no references
[15.267s][debug][gc,ref         ] GC(12) ReferenceProcessor::execute queues: 1, RefProcThreadModel::Single, marks_oops_alive: false
[15.267s][debug][gc,ref         ] GC(12) Skipped phase 3 of Reference Processing: no references
[15.267s][debug][gc,ref         ] GC(12) ReferenceProcessor::execute queues: 1, RefProcThreadModel::Single, marks_oops_alive: false
[15.267s][debug][gc,phases      ] GC(12) Reference Processing 0.160ms
[15.267s][debug][gc,phases      ] GC(12)   VM Weak                        Min:  0.0, Avg:  0.0, Max:  0.0, Diff:  0.0, Sum:  0.0, Workers: 4
[15.267s][debug][gc,phases      ] GC(12)     Dead                           Min: 0, Avg:  0.0, Max: 0, Diff: 0, Sum: 0, Workers: 4
[15.267s][debug][gc,phases      ] GC(12)     Total                          Min: 0, Avg: 131.8, Max: 335, Diff: 335, Sum: 527, Workers: 4
[15.267s][debug][gc,phases      ] GC(12)   ObjectSynchronizer Weak        Min:  0.0, Avg:  0.0, Max:  0.0, Diff:  0.0, Sum:  0.0, Workers: 4
[15.267s][debug][gc,phases      ] GC(12)     Dead                           Min: 0, Avg:  0.5, Max: 2, Diff: 2, Sum: 2, Workers: 4
[15.267s][debug][gc,phases      ] GC(12)     Total                          Min: 0, Avg: 59.5, Max: 128, Diff: 128, Sum: 238, Workers: 4
[15.267s][debug][gc,phases      ] GC(12)   JVMTI Tag Weak OopStorage      Min:  0.0, Avg:  0.0, Max:  0.0, Diff:  0.0, Sum:  0.0, Workers: 4
[15.267s][debug][gc,phases      ] GC(12)     Dead                           Min: 0, Avg:  0.0, Max: 0, Diff: 0, Sum: 0, Workers: 4
[15.267s][debug][gc,phases      ] GC(12)     Total                          Min: 0, Avg:  0.0, Max: 0, Diff: 0, Sum: 0, Workers: 4
[15.267s][debug][gc,phases      ] GC(12)   StringTable Weak               Min:  0.0, Avg:  0.1, Max:  0.2, Diff:  0.2, Sum:  0.5, Workers: 4
[15.267s][debug][gc,phases      ] GC(12)     Dead                           Min: 0, Avg:  3.8, Max: 13, Diff: 13, Sum: 15, Workers: 4
[15.267s][debug][gc,phases      ] GC(12)     Total                          Min: 0, Avg: 9921.2, Max: 13957, Diff: 13957, Sum: 39685, Workers: 4
[15.267s][debug][gc,phases      ] GC(12)   ResolvedMethodTable Weak       Min:  0.0, Avg:  0.0, Max:  0.0, Diff:  0.0, Sum:  0.1, Workers: 4
[15.267s][debug][gc,phases      ] GC(12)     Dead                           Min: 0, Avg:  7.0, Max: 21, Diff: 21, Sum: 28, Workers: 4
[15.267s][debug][gc,phases      ] GC(12)     Total                          Min: 0, Avg: 1505.0, Max: 2180, Diff: 2180, Sum: 6020, Workers: 4
[15.267s][debug][gc,phases      ] GC(12)   JNI Weak                       Min:  0.0, Avg:  0.0, Max:  0.0, Diff:  0.0, Sum:  0.0, Workers: 4
[15.267s][debug][gc,phases      ] GC(12)     Dead                           Min: 0, Avg:  0.0, Max: 0, Diff: 0, Sum: 0, Workers: 4
[15.267s][debug][gc,phases      ] GC(12)     Total                          Min: 0, Avg:  1.5, Max: 6, Diff: 6, Sum: 6, Workers: 4
[15.267s][debug][gc,phases      ] GC(12)   StringDedup Table Weak         Min:  0.0, Avg:  0.0, Max:  0.0, Diff:  0.0, Sum:  0.0, Workers: 4
[15.267s][debug][gc,phases      ] GC(12)     Dead                           Min: 0, Avg:  0.0, Max: 0, Diff: 0, Sum: 0, Workers: 4
[15.267s][debug][gc,phases      ] GC(12)     Total                          Min: 0, Avg:  0.0, Max: 0, Diff: 0, Sum: 0, Workers: 4
[15.267s][debug][gc,phases      ] GC(12)   StringDedup Requests0 Weak     Min:  0.0, Avg:  0.0, Max:  0.0, Diff:  0.0, Sum:  0.0, Workers: 4
[15.267s][debug][gc,phases      ] GC(12)     Dead                           Min: 0, Avg:  0.0, Max: 0, Diff: 0, Sum: 0, Workers: 4
[15.267s][debug][gc,phases      ] GC(12)     Total                          Min: 0, Avg:  0.0, Max: 0, Diff: 0, Sum: 0, Workers: 4
[15.267s][debug][gc,phases      ] GC(12)   StringDedup Requests1 Weak     Min:  0.0, Avg:  0.0, Max:  0.0, Diff:  0.0, Sum:  0.0, Workers: 4
[15.267s][debug][gc,phases      ] GC(12)     Dead                           Min: 0, Avg:  0.0, Max: 0, Diff: 0, Sum: 0, Workers: 4
[15.267s][debug][gc,phases      ] GC(12)     Total                          Min: 0, Avg:  0.0, Max: 0, Diff: 0, Sum: 0, Workers: 4
[15.267s][debug][gc,phases      ] GC(12)   Weak JFR Old Object Samples    Min:  0.0, Avg:  0.0, Max:  0.0, Diff:  0.0, Sum:  0.0, Workers: 4
[15.267s][debug][gc,phases      ] GC(12)     Dead                           Min: 0, Avg:  0.0, Max: 0, Diff: 0, Sum: 0, Workers: 4
[15.267s][debug][gc,phases      ] GC(12)     Total                          Min: 0, Avg:  0.0, Max: 0, Diff: 0, Sum: 0, Workers: 4
[15.267s][debug][gc,phases      ] GC(12) Weak Processing 0.398ms
[15.267s][debug][gc,age         ] GC(12) Desired survivor size 271056896 bytes, new threshold 6 (max threshold 15)
[15.267s][info ][gc,heap        ] GC(12) PSYoungGen: 1581884K(1825792K)->19729K(1589760K) Eden: 1569792K(1569792K)->0K(1569792K) From: 12092K(256000K)->19729K(19968K)
[15.267s][info ][gc,heap        ] GC(12) ParOldGen: 179942K(271360K)->179950K(271360K)
[15.267s][info ][gc,metaspace   ] GC(12) Metaspace: 58535K(59264K)->58535K(59264K) NonClass: 49833K(50240K)->49833K(50240K) Class: 8701K(9024K)->8701K(9024K)
[15.267s][info ][gc             ] GC(12) Pause Young (Allocation Failure) 1720M->195M(1817M) 69.334ms
[15.267s][info ][gc,cpu         ] GC(12) User=0.16s Sys=0.00s Real=0.07s
[15.267s][info ][safepoint      ] Safepoint "ParallelGCFailedAllocation", Time since last: 779330943 ns, Reaching safepoint: 1005805 ns, At safepoint: 69465560 ns, Total: 70471365 ns
[16.086s][info ][gc,start       ] GC(13) Pause Young (Allocation Failure)
[16.118s][debug][gc,phases      ] GC(13) Scavenge 31.134ms
[16.118s][debug][gc,ref         ] GC(13) Skipped phase 1 of Reference Processing: no references
[16.118s][debug][gc,ref         ] GC(13) ReferenceProcessor::execute queues: 1, RefProcThreadModel::Single, marks_oops_alive: false
[16.118s][debug][gc,ref         ] GC(13) Skipped phase 3 of Reference Processing: no references
[16.118s][debug][gc,ref         ] GC(13) ReferenceProcessor::execute queues: 1, RefProcThreadModel::Single, marks_oops_alive: false
[16.118s][debug][gc,phases      ] GC(13) Reference Processing 0.294ms
[16.119s][debug][gc,phases      ] GC(13)   VM Weak                        Min:  0.0, Avg:  0.0, Max:  0.0, Diff:  0.0, Sum:  0.0, Workers: 4
[16.119s][debug][gc,phases      ] GC(13)     Dead                           Min: 0, Avg:  0.0, Max: 0, Diff: 0, Sum: 0, Workers: 4
[16.119s][debug][gc,phases      ] GC(13)     Total                          Min: 0, Avg: 132.5, Max: 530, Diff: 530, Sum: 530, Workers: 4
[16.119s][debug][gc,phases      ] GC(13)   ObjectSynchronizer Weak        Min:  0.0, Avg:  0.0, Max:  0.0, Diff:  0.0, Sum:  0.0, Workers: 4
[16.119s][debug][gc,phases      ] GC(13)     Dead                           Min: 0, Avg:  0.0, Max: 0, Diff: 0, Sum: 0, Workers: 4
[16.119s][debug][gc,phases      ] GC(13)     Total                          Min: 0, Avg: 59.5, Max: 238, Diff: 238, Sum: 238, Workers: 4
[16.119s][debug][gc,phases      ] GC(13)   JVMTI Tag Weak OopStorage      Min:  0.0, Avg:  0.0, Max:  0.0, Diff:  0.0, Sum:  0.0, Workers: 4
[16.119s][debug][gc,phases      ] GC(13)     Dead                           Min: 0, Avg:  0.0, Max: 0, Diff: 0, Sum: 0, Workers: 4
[16.119s][debug][gc,phases      ] GC(13)     Total                          Min: 0, Avg:  0.0, Max: 0, Diff: 0, Sum: 0, Workers: 4
[16.119s][debug][gc,phases      ] GC(13)   StringTable Weak               Min:  0.0, Avg:  0.1, Max:  0.5, Diff:  0.5, Sum:  0.5, Workers: 4
[16.119s][debug][gc,phases      ] GC(13)     Dead                           Min: 0, Avg:  3.5, Max: 14, Diff: 14, Sum: 14, Workers: 4
[16.119s][debug][gc,phases      ] GC(13)     Total                          Min: 0, Avg: 10023.2, Max: 40093, Diff: 40093, Sum: 40093, Workers: 4
[16.119s][debug][gc,phases      ] GC(13)   ResolvedMethodTable Weak       Min:  0.0, Avg:  0.0, Max:  0.1, Diff:  0.1, Sum:  0.1, Workers: 4
[16.119s][debug][gc,phases      ] GC(13)     Dead                           Min: 0, Avg: 11.5, Max: 46, Diff: 46, Sum: 46, Workers: 4
[16.119s][debug][gc,phases      ] GC(13)     Total                          Min: 0, Avg: 1545.0, Max: 6180, Diff: 6180, Sum: 6180, Workers: 4
[16.119s][debug][gc,phases      ] GC(13)   JNI Weak                       Min:  0.0, Avg:  0.0, Max:  0.0, Diff:  0.0, Sum:  0.0, Workers: 4
[16.119s][debug][gc,phases      ] GC(13)     Dead                           Min: 0, Avg:  0.0, Max: 0, Diff: 0, Sum: 0, Workers: 4
[16.119s][debug][gc,phases      ] GC(13)     Total                          Min: 0, Avg:  3.5, Max: 14, Diff: 14, Sum: 14, Workers: 4
[16.119s][debug][gc,phases      ] GC(13)   StringDedup Table Weak         Min:  0.0, Avg:  0.0, Max:  0.0, Diff:  0.0, Sum:  0.0, Workers: 4
[16.119s][debug][gc,phases      ] GC(13)     Dead                           Min: 0, Avg:  0.0, Max: 0, Diff: 0, Sum: 0, Workers: 4
[16.119s][debug][gc,phases      ] GC(13)     Total                          Min: 0, Avg:  0.0, Max: 0, Diff: 0, Sum: 0, Workers: 4
[16.119s][debug][gc,phases      ] GC(13)   StringDedup Requests0 Weak     Min:  0.0, Avg:  0.0, Max:  0.0, Diff:  0.0, Sum:  0.0, Workers: 4
[16.119s][debug][gc,phases      ] GC(13)     Dead                           Min: 0, Avg:  0.0, Max: 0, Diff: 0, Sum: 0, Workers: 4
[16.119s][debug][gc,phases      ] GC(13)     Total                          Min: 0, Avg:  0.0, Max: 0, Diff: 0, Sum: 0, Workers: 4
[16.119s][debug][gc,phases      ] GC(13)   StringDedup Requests1 Weak     Min:  0.0, Avg:  0.0, Max:  0.0, Diff:  0.0, Sum:  0.0, Workers: 4
[16.119s][debug][gc,phases      ] GC(13)     Dead                           Min: 0, Avg:  0.0, Max: 0, Diff: 0, Sum: 0, Workers: 4
[16.119s][debug][gc,phases      ] GC(13)     Total                          Min: 0, Avg:  0.0, Max: 0, Diff: 0, Sum: 0, Workers: 4
[16.119s][debug][gc,phases      ] GC(13)   Weak JFR Old Object Samples    Min:  0.0, Avg:  0.0, Max:  0.0, Diff:  0.0, Sum:  0.0, Workers: 4
[16.119s][debug][gc,phases      ] GC(13)     Dead                           Min: 0, Avg:  0.0, Max: 0, Diff: 0, Sum: 0, Workers: 4
[16.119s][debug][gc,phases      ] GC(13)     Total                          Min: 0, Avg:  0.0, Max: 0, Diff: 0, Sum: 0, Workers: 4
[16.119s][debug][gc,phases      ] GC(13) Weak Processing 0.888ms
[16.119s][debug][gc,age         ] GC(13) Desired survivor size 268435456 bytes, new threshold 7 (max threshold 15)
[16.119s][info ][gc,heap        ] GC(13) PSYoungGen: 1589521K(1589760K)->27401K(1835008K) Eden: 1569792K(1569792K)->0K(1570304K) From: 19729K(19968K)->27401K(264704K)
[16.119s][info ][gc,heap        ] GC(13) ParOldGen: 179950K(271360K)->179958K(271360K)
[16.119s][info ][gc,metaspace   ] GC(13) Metaspace: 59447K(60160K)->59447K(60160K) NonClass: 50619K(51008K)->50619K(51008K) Class: 8828K(9152K)->8828K(9152K)
[16.119s][info ][gc             ] GC(13) Pause Young (Allocation Failure) 1728M->202M(2057M) 32.517ms
[16.119s][info ][gc,cpu         ] GC(13) User=0.07s Sys=0.00s Real=0.03s
[16.119s][info ][safepoint      ] Safepoint "ParallelGCFailedAllocation", Time since last: 811370306 ns, Reaching safepoint: 7675240 ns, At safepoint: 32650169 ns, Total: 40325409 ns
[16.809s][info ][safepoint      ] Safepoint "ICBufferFull", Time since last: 676702105 ns, Reaching safepoint: 13781971 ns, At safepoint: 37601 ns, Total: 13819572 ns
[17.168s][info ][gc,start       ] GC(14) Pause Young (Allocation Failure)
[17.225s][debug][gc,phases      ] GC(14) Scavenge 57.698ms
[17.225s][debug][gc,ref         ] GC(14) Skipped phase 1 of Reference Processing: no references
[17.226s][debug][gc,ref         ] GC(14) ReferenceProcessor::execute queues: 1, RefProcThreadModel::Single, marks_oops_alive: false
[17.226s][debug][gc,ref         ] GC(14) Skipped phase 3 of Reference Processing: no references
[17.226s][debug][gc,ref         ] GC(14) ReferenceProcessor::execute queues: 1, RefProcThreadModel::Single, marks_oops_alive: false
[17.226s][debug][gc,phases      ] GC(14) Reference Processing 0.250ms
[17.226s][debug][gc,phases      ] GC(14)   VM Weak                        Min:  0.0, Avg:  0.0, Max:  0.0, Diff:  0.0, Sum:  0.0, Workers: 4
[17.226s][debug][gc,phases      ] GC(14)     Dead                           Min: 0, Avg:  0.0, Max: 0, Diff: 0, Sum: 0, Workers: 4
[17.226s][debug][gc,phases      ] GC(14)     Total                          Min: 0, Avg: 136.0, Max: 320, Diff: 320, Sum: 544, Workers: 4
[17.226s][debug][gc,phases      ] GC(14)   ObjectSynchronizer Weak        Min:  0.0, Avg:  0.0, Max:  0.0, Diff:  0.0, Sum:  0.0, Workers: 4
[17.226s][debug][gc,phases      ] GC(14)     Dead                           Min: 0, Avg:  0.0, Max: 0, Diff: 0, Sum: 0, Workers: 4
[17.226s][debug][gc,phases      ] GC(14)     Total                          Min: 0, Avg: 59.5, Max: 128, Diff: 128, Sum: 238, Workers: 4
[17.226s][debug][gc,phases      ] GC(14)   JVMTI Tag Weak OopStorage      Min:  0.0, Avg:  0.0, Max:  0.0, Diff:  0.0, Sum:  0.0, Workers: 4
[17.226s][debug][gc,phases      ] GC(14)     Dead                           Min: 0, Avg:  0.0, Max: 0, Diff: 0, Sum: 0, Workers: 4
[17.226s][debug][gc,phases      ] GC(14)     Total                          Min: 0, Avg:  0.0, Max: 0, Diff: 0, Sum: 0, Workers: 4
[17.226s][debug][gc,phases      ] GC(14)   StringTable Weak               Min:  0.0, Avg:  0.1, Max:  0.2, Diff:  0.2, Sum:  0.5, Workers: 4
[17.226s][debug][gc,phases      ] GC(14)     Dead                           Min: 0, Avg:  3.2, Max: 12, Diff: 12, Sum: 13, Workers: 4
[17.226s][debug][gc,phases      ] GC(14)     Total                          Min: 0, Avg: 10124.8, Max: 20736, Diff: 20736, Sum: 40499, Workers: 4
[17.226s][debug][gc,phases      ] GC(14)   ResolvedMethodTable Weak       Min:  0.0, Avg:  0.0, Max:  0.1, Diff:  0.1, Sum:  0.1, Workers: 4
[17.226s][debug][gc,phases      ] GC(14)     Dead                           Min: 0, Avg:  4.0, Max: 14, Diff: 14, Sum: 16, Workers: 4
[17.226s][debug][gc,phases      ] GC(14)     Total                          Min: 0, Avg: 1572.2, Max: 3327, Diff: 3327, Sum: 6289, Workers: 4
[17.226s][debug][gc,phases      ] GC(14)   JNI Weak                       Min:  0.0, Avg:  0.0, Max:  0.0, Diff:  0.0, Sum:  0.0, Workers: 4
[17.226s][debug][gc,phases      ] GC(14)     Dead                           Min: 0, Avg:  0.0, Max: 0, Diff: 0, Sum: 0, Workers: 4
[17.226s][debug][gc,phases      ] GC(14)     Total                          Min: 0, Avg:  3.8, Max: 15, Diff: 15, Sum: 15, Workers: 4
[17.226s][debug][gc,phases      ] GC(14)   StringDedup Table Weak         Min:  0.0, Avg:  0.0, Max:  0.0, Diff:  0.0, Sum:  0.0, Workers: 4
[17.226s][debug][gc,phases      ] GC(14)     Dead                           Min: 0, Avg:  0.0, Max: 0, Diff: 0, Sum: 0, Workers: 4
[17.226s][debug][gc,phases      ] GC(14)     Total                          Min: 0, Avg:  0.0, Max: 0, Diff: 0, Sum: 0, Workers: 4
[17.226s][debug][gc,phases      ] GC(14)   StringDedup Requests0 Weak     Min:  0.0, Avg:  0.0, Max:  0.0, Diff:  0.0, Sum:  0.0, Workers: 4
[17.226s][debug][gc,phases      ] GC(14)     Dead                           Min: 0, Avg:  0.0, Max: 0, Diff: 0, Sum: 0, Workers: 4
[17.226s][debug][gc,phases      ] GC(14)     Total                          Min: 0, Avg:  0.0, Max: 0, Diff: 0, Sum: 0, Workers: 4
[17.226s][debug][gc,phases      ] GC(14)   StringDedup Requests1 Weak     Min:  0.0, Avg:  0.0, Max:  0.0, Diff:  0.0, Sum:  0.0, Workers: 4
[17.226s][debug][gc,phases      ] GC(14)     Dead                           Min: 0, Avg:  0.0, Max: 0, Diff: 0, Sum: 0, Workers: 4
[17.226s][debug][gc,phases      ] GC(14)     Total                          Min: 0, Avg:  0.0, Max: 0, Diff: 0, Sum: 0, Workers: 4
[17.226s][debug][gc,phases      ] GC(14)   Weak JFR Old Object Samples    Min:  0.0, Avg:  0.0, Max:  0.0, Diff:  0.0, Sum:  0.0, Workers: 4
[17.226s][debug][gc,phases      ] GC(14)     Dead                           Min: 0, Avg:  0.0, Max: 0, Diff: 0, Sum: 0, Workers: 4
[17.226s][debug][gc,phases      ] GC(14)     Total                          Min: 0, Avg:  0.0, Max: 0, Diff: 0, Sum: 0, Workers: 4
[17.226s][debug][gc,phases      ] GC(14) Weak Processing 0.569ms
[17.226s][debug][gc,age         ] GC(14) Desired survivor size 264765440 bytes, new threshold 8 (max threshold 15)
[17.226s][info ][gc,heap        ] GC(14) PSYoungGen: 1597705K(1835008K)->19833K(1832448K) Eden: 1570304K(1570304K)->0K(1570304K) From: 27401K(264704K)->19833K(262144K)
[17.226s][info ][gc,heap        ] GC(14) ParOldGen: 179958K(271360K)->179966K(271360K)
[17.226s][info ][gc,metaspace   ] GC(14) Metaspace: 60553K(61248K)->60553K(61248K) NonClass: 51582K(51968K)->51582K(51968K) Class: 8971K(9280K)->8971K(9280K)
[17.226s][info ][gc             ] GC(14) Pause Young (Allocation Failure) 1736M->195M(2054M) 58.679ms
[17.226s][info ][gc,cpu         ] GC(14) User=0.07s Sys=0.00s Real=0.06s
[17.226s][info ][safepoint      ] Safepoint "ParallelGCFailedAllocation", Time since last: 350897917 ns, Reaching safepoint: 7284538 ns, At safepoint: 58802804 ns, Total: 66087342 ns
[18.070s][info ][gc,start       ] GC(15) Pause Young (Allocation Failure)
[18.117s][debug][gc,phases      ] GC(15) Scavenge 47.819ms
[18.117s][debug][gc,ref         ] GC(15) Skipped phase 1 of Reference Processing: no references
[18.118s][debug][gc,ref         ] GC(15) ReferenceProcessor::execute queues: 1, RefProcThreadModel::Single, marks_oops_alive: false
[18.118s][debug][gc,ref         ] GC(15) Skipped phase 3 of Reference Processing: no references
[18.118s][debug][gc,ref         ] GC(15) ReferenceProcessor::execute queues: 1, RefProcThreadModel::Single, marks_oops_alive: false
[18.118s][debug][gc,phases      ] GC(15) Reference Processing 0.218ms
[18.118s][debug][gc,phases      ] GC(15)   VM Weak                        Min:  0.0, Avg:  0.0, Max:  0.0, Diff:  0.0, Sum:  0.0, Workers: 4
[18.118s][debug][gc,phases      ] GC(15)     Dead                           Min: 0, Avg:  0.0, Max: 0, Diff: 0, Sum: 0, Workers: 4
[18.118s][debug][gc,phases      ] GC(15)     Total                          Min: 0, Avg: 136.0, Max: 544, Diff: 544, Sum: 544, Workers: 4
[18.118s][debug][gc,phases      ] GC(15)   ObjectSynchronizer Weak        Min:  0.0, Avg:  0.0, Max:  0.0, Diff:  0.0, Sum:  0.0, Workers: 4
[18.118s][debug][gc,phases      ] GC(15)     Dead                           Min: 0, Avg:  0.0, Max: 0, Diff: 0, Sum: 0, Workers: 4
[18.118s][debug][gc,phases      ] GC(15)     Total                          Min: 0, Avg: 59.5, Max: 238, Diff: 238, Sum: 238, Workers: 4
[18.118s][debug][gc,phases      ] GC(15)   JVMTI Tag Weak OopStorage      Min:  0.0, Avg:  0.0, Max:  0.0, Diff:  0.0, Sum:  0.0, Workers: 4
[18.118s][debug][gc,phases      ] GC(15)     Dead                           Min: 0, Avg:  0.0, Max: 0, Diff: 0, Sum: 0, Workers: 4
[18.118s][debug][gc,phases      ] GC(15)     Total                          Min: 0, Avg:  0.0, Max: 0, Diff: 0, Sum: 0, Workers: 4
[18.118s][debug][gc,phases      ] GC(15)   StringTable Weak               Min:  0.0, Avg:  0.1, Max:  0.5, Diff:  0.5, Sum:  0.5, Workers: 4
[18.118s][debug][gc,phases      ] GC(15)     Dead                           Min: 0, Avg:  2.8, Max: 11, Diff: 11, Sum: 11, Workers: 4
[18.118s][debug][gc,phases      ] GC(15)     Total                          Min: 0, Avg: 10129.8, Max: 40519, Diff: 40519, Sum: 40519, Workers: 4
[18.118s][debug][gc,phases      ] GC(15)   ResolvedMethodTable Weak       Min:  0.0, Avg:  0.0, Max:  0.2, Diff:  0.2, Sum:  0.2, Workers: 4
[18.118s][debug][gc,phases      ] GC(15)     Dead                           Min: 0, Avg:  0.0, Max: 0, Diff: 0, Sum: 0, Workers: 4
[18.119s][debug][gc,phases      ] GC(15)     Total                          Min: 0, Avg: 1573.8, Max: 6295, Diff: 6295, Sum: 6295, Workers: 4
[18.119s][debug][gc,phases      ] GC(15)   JNI Weak                       Min:  0.0, Avg:  0.0, Max:  0.0, Diff:  0.0, Sum:  0.0, Workers: 4
[18.119s][debug][gc,phases      ] GC(15)     Dead                           Min: 0, Avg:  0.0, Max: 0, Diff: 0, Sum: 0, Workers: 4
[18.119s][debug][gc,phases      ] GC(15)     Total                          Min: 0, Avg:  4.2, Max: 17, Diff: 17, Sum: 17, Workers: 4
[18.119s][debug][gc,phases      ] GC(15)   StringDedup Table Weak         Min:  0.0, Avg:  0.0, Max:  0.0, Diff:  0.0, Sum:  0.0, Workers: 4
[18.119s][debug][gc,phases      ] GC(15)     Dead                           Min: 0, Avg:  0.0, Max: 0, Diff: 0, Sum: 0, Workers: 4
[18.119s][debug][gc,phases      ] GC(15)     Total                          Min: 0, Avg:  0.0, Max: 0, Diff: 0, Sum: 0, Workers: 4
[18.119s][debug][gc,phases      ] GC(15)   StringDedup Requests0 Weak     Min:  0.0, Avg:  0.0, Max:  0.0, Diff:  0.0, Sum:  0.0, Workers: 4
[18.119s][debug][gc,phases      ] GC(15)     Dead                           Min: 0, Avg:  0.0, Max: 0, Diff: 0, Sum: 0, Workers: 4
[18.119s][debug][gc,phases      ] GC(15)     Total                          Min: 0, Avg:  0.0, Max: 0, Diff: 0, Sum: 0, Workers: 4
[18.119s][debug][gc,phases      ] GC(15)   StringDedup Requests1 Weak     Min:  0.0, Avg:  0.0, Max:  0.0, Diff:  0.0, Sum:  0.0, Workers: 4
[18.119s][debug][gc,phases      ] GC(15)     Dead                           Min: 0, Avg:  0.0, Max: 0, Diff: 0, Sum: 0, Workers: 4
[18.119s][debug][gc,phases      ] GC(15)     Total                          Min: 0, Avg:  0.0, Max: 0, Diff: 0, Sum: 0, Workers: 4
[18.119s][debug][gc,phases      ] GC(15)   Weak JFR Old Object Samples    Min:  0.0, Avg:  0.0, Max:  0.0, Diff:  0.0, Sum:  0.0, Workers: 4
[18.119s][debug][gc,phases      ] GC(15)     Dead                           Min: 0, Avg:  0.0, Max: 0, Diff: 0, Sum: 0, Workers: 4
[18.119s][debug][gc,phases      ] GC(15)     Total                          Min: 0, Avg:  0.0, Max: 0, Diff: 0, Sum: 0, Workers: 4
[18.119s][debug][gc,phases      ] GC(15) Weak Processing 0.972ms
[18.119s][debug][gc,age         ] GC(15) Desired survivor size 259522560 bytes, new threshold 9 (max threshold 15)
[18.119s][info ][gc,heap        ] GC(15) PSYoungGen: 1590137K(1832448K)->20865K(1843712K) Eden: 1570304K(1570304K)->0K(1585152K) From: 19833K(262144K)->20865K(258560K)
[18.119s][info ][gc,heap        ] GC(15) ParOldGen: 179966K(271360K)->179966K(271360K)
[18.119s][info ][gc,metaspace   ] GC(15) Metaspace: 60702K(61440K)->60702K(61440K) NonClass: 51715K(52096K)->51715K(52096K) Class: 8987K(9344K)->8987K(9344K)
[18.119s][info ][gc             ] GC(15) Pause Young (Allocation Failure) 1728M->196M(2065M) 49.222ms
[18.119s][info ][gc,cpu         ] GC(15) User=0.06s Sys=0.00s Real=0.04s
[18.119s][info ][safepoint      ] Safepoint "ParallelGCFailedAllocation", Time since last: 826236376 ns, Reaching safepoint: 16834787 ns, At safepoint: 49386455 ns, Total: 66221242 ns
[18.984s][info ][safepoint      ] Safepoint "ICBufferFull", Time since last: 865029973 ns, Reaching safepoint: 361502 ns, At safepoint: 14500 ns, Total: 376002 ns
[19.148s][info ][gc,start       ] GC(16) Pause Young (Allocation Failure)
[19.176s][debug][gc,phases      ] GC(16) Scavenge 27.692ms
[19.176s][debug][gc,ref         ] GC(16) Skipped phase 1 of Reference Processing: no references
[19.176s][debug][gc,ref         ] GC(16) ReferenceProcessor::execute queues: 1, RefProcThreadModel::Single, marks_oops_alive: false
[19.176s][debug][gc,ref         ] GC(16) Skipped phase 3 of Reference Processing: no references
[19.176s][debug][gc,ref         ] GC(16) ReferenceProcessor::execute queues: 1, RefProcThreadModel::Single, marks_oops_alive: false
[19.176s][debug][gc,phases      ] GC(16) Reference Processing 0.169ms
[19.176s][debug][gc,phases      ] GC(16)   VM Weak                        Min:  0.0, Avg:  0.0, Max:  0.0, Diff:  0.0, Sum:  0.0, Workers: 4
[19.176s][debug][gc,phases      ] GC(16)     Dead                           Min: 0, Avg:  0.0, Max: 0, Diff: 0, Sum: 0, Workers: 4
[19.176s][debug][gc,phases      ] GC(16)     Total                          Min: 0, Avg: 136.0, Max: 288, Diff: 288, Sum: 544, Workers: 4
[19.176s][debug][gc,phases      ] GC(16)   ObjectSynchronizer Weak        Min:  0.0, Avg:  0.0, Max:  0.0, Diff:  0.0, Sum:  0.0, Workers: 4
[19.176s][debug][gc,phases      ] GC(16)     Dead                           Min: 0, Avg:  0.0, Max: 0, Diff: 0, Sum: 0, Workers: 4
[19.176s][debug][gc,phases      ] GC(16)     Total                          Min: 0, Avg: 59.5, Max: 174, Diff: 174, Sum: 238, Workers: 4
[19.176s][debug][gc,phases      ] GC(16)   JVMTI Tag Weak OopStorage      Min:  0.0, Avg:  0.0, Max:  0.0, Diff:  0.0, Sum:  0.0, Workers: 4
[19.176s][debug][gc,phases      ] GC(16)     Dead                           Min: 0, Avg:  0.0, Max: 0, Diff: 0, Sum: 0, Workers: 4
[19.176s][debug][gc,phases      ] GC(16)     Total                          Min: 0, Avg:  0.0, Max: 0, Diff: 0, Sum: 0, Workers: 4
[19.176s][debug][gc,phases      ] GC(16)   StringTable Weak               Min:  0.0, Avg:  0.1, Max:  0.3, Diff:  0.3, Sum:  0.5, Workers: 4
[19.176s][debug][gc,phases      ] GC(16)     Dead                           Min: 0, Avg:  2.8, Max: 11, Diff: 11, Sum: 11, Workers: 4
[19.176s][debug][gc,phases      ] GC(16)     Total                          Min: 0, Avg: 10131.0, Max: 20725, Diff: 20725, Sum: 40524, Workers: 4
[19.176s][debug][gc,phases      ] GC(16)   ResolvedMethodTable Weak       Min:  0.0, Avg:  0.0, Max:  0.1, Diff:  0.1, Sum:  0.1, Workers: 4
[19.176s][debug][gc,phases      ] GC(16)     Dead                           Min: 0, Avg:  0.0, Max: 0, Diff: 0, Sum: 0, Workers: 4
[19.176s][debug][gc,phases      ] GC(16)     Total                          Min: 0, Avg: 1573.8, Max: 3327, Diff: 3327, Sum: 6295, Workers: 4
[19.176s][debug][gc,phases      ] GC(16)   JNI Weak                       Min:  0.0, Avg:  0.0, Max:  0.0, Diff:  0.0, Sum:  0.0, Workers: 4
[19.176s][debug][gc,phases      ] GC(16)     Dead                           Min: 0, Avg:  0.0, Max: 0, Diff: 0, Sum: 0, Workers: 4
[19.176s][debug][gc,phases      ] GC(16)     Total                          Min: 0, Avg:  1.0, Max: 4, Diff: 4, Sum: 4, Workers: 4
[19.176s][debug][gc,phases      ] GC(16)   StringDedup Table Weak         Min:  0.0, Avg:  0.0, Max:  0.0, Diff:  0.0, Sum:  0.0, Workers: 4
[19.176s][debug][gc,phases      ] GC(16)     Dead                           Min: 0, Avg:  0.0, Max: 0, Diff: 0, Sum: 0, Workers: 4
[19.176s][debug][gc,phases      ] GC(16)     Total                          Min: 0, Avg:  0.0, Max: 0, Diff: 0, Sum: 0, Workers: 4
[19.176s][debug][gc,phases      ] GC(16)   StringDedup Requests0 Weak     Min:  0.0, Avg:  0.0, Max:  0.0, Diff:  0.0, Sum:  0.0, Workers: 4
[19.176s][debug][gc,phases      ] GC(16)     Dead                           Min: 0, Avg:  0.0, Max: 0, Diff: 0, Sum: 0, Workers: 4
[19.176s][debug][gc,phases      ] GC(16)     Total                          Min: 0, Avg:  0.0, Max: 0, Diff: 0, Sum: 0, Workers: 4
[19.176s][debug][gc,phases      ] GC(16)   StringDedup Requests1 Weak     Min:  0.0, Avg:  0.0, Max:  0.0, Diff:  0.0, Sum:  0.0, Workers: 4
[19.176s][debug][gc,phases      ] GC(16)     Dead                           Min: 0, Avg:  0.0, Max: 0, Diff: 0, Sum: 0, Workers: 4
[19.176s][debug][gc,phases      ] GC(16)     Total                          Min: 0, Avg:  0.0, Max: 0, Diff: 0, Sum: 0, Workers: 4
[19.176s][debug][gc,phases      ] GC(16)   Weak JFR Old Object Samples    Min:  0.0, Avg:  0.0, Max:  0.0, Diff:  0.0, Sum:  0.0, Workers: 4
[19.176s][debug][gc,phases      ] GC(16)     Dead                           Min: 0, Avg:  0.0, Max: 0, Diff: 0, Sum: 0, Workers: 4
[19.176s][debug][gc,phases      ] GC(16)     Total                          Min: 0, Avg:  0.0, Max: 0, Diff: 0, Sum: 0, Workers: 4
[19.177s][debug][gc,phases      ] GC(16) Weak Processing 0.568ms
[19.177s][debug][gc,age         ] GC(16) Desired survivor size 252182528 bytes, new threshold 10 (max threshold 15)
[19.177s][info ][gc,heap        ] GC(16) PSYoungGen: 1606017K(1843712K)->24041K(1838592K) Eden: 1585152K(1585152K)->0K(1585152K) From: 20865K(258560K)->24041K(253440K)
[19.177s][info ][gc,heap        ] GC(16) ParOldGen: 179966K(271360K)->179966K(271360K)
[19.177s][info ][gc,metaspace   ] GC(16) Metaspace: 60722K(61504K)->60722K(61504K) NonClass: 51734K(52160K)->51734K(52160K) Class: 8988K(9344K)->8988K(9344K)
[19.177s][info ][gc             ] GC(16) Pause Young (Allocation Failure) 1744M->199M(2060M) 28.584ms
[19.177s][info ][gc,cpu         ] GC(16) User=0.05s Sys=0.00s Real=0.03s
[19.177s][info ][safepoint      ] Safepoint "ParallelGCFailedAllocation", Time since last: 163482345 ns, Reaching safepoint: 168801 ns, At safepoint: 28697349 ns, Total: 28866150 ns
[19.542s][info ][safepoint      ] Safepoint "ICBufferFull", Time since last: 358233351 ns, Reaching safepoint: 6680634 ns, At safepoint: 27600 ns, Total: 6708234 ns
[19.974s][info ][gc,start       ] GC(17) Pause Young (Allocation Failure)
[20.031s][debug][gc,phases      ] GC(17) Scavenge 56.868ms
[20.031s][debug][gc,ref         ] GC(17) Skipped phase 1 of Reference Processing: no references
[20.031s][debug][gc,ref         ] GC(17) ReferenceProcessor::execute queues: 1, RefProcThreadModel::Single, marks_oops_alive: false
[20.031s][debug][gc,ref         ] GC(17) Skipped phase 3 of Reference Processing: no references
[20.031s][debug][gc,ref         ] GC(17) ReferenceProcessor::execute queues: 1, RefProcThreadModel::Single, marks_oops_alive: false
[20.031s][debug][gc,phases      ] GC(17) Reference Processing 0.249ms
[20.031s][debug][gc,phases      ] GC(17)   VM Weak                        Min:  0.0, Avg:  0.0, Max:  0.0, Diff:  0.0, Sum:  0.0, Workers: 4
[20.031s][debug][gc,phases      ] GC(17)     Dead                           Min: 0, Avg:  0.0, Max: 0, Diff: 0, Sum: 0, Workers: 4
[20.031s][debug][gc,phases      ] GC(17)     Total                          Min: 0, Avg: 136.0, Max: 544, Diff: 544, Sum: 544, Workers: 4
[20.031s][debug][gc,phases      ] GC(17)   ObjectSynchronizer Weak        Min:  0.0, Avg:  0.0, Max:  0.0, Diff:  0.0, Sum:  0.0, Workers: 4
[20.031s][debug][gc,phases      ] GC(17)     Dead                           Min: 0, Avg:  0.0, Max: 0, Diff: 0, Sum: 0, Workers: 4
[20.031s][debug][gc,phases      ] GC(17)     Total                          Min: 0, Avg: 59.5, Max: 238, Diff: 238, Sum: 238, Workers: 4
[20.031s][debug][gc,phases      ] GC(17)   JVMTI Tag Weak OopStorage      Min:  0.0, Avg:  0.0, Max:  0.0, Diff:  0.0, Sum:  0.0, Workers: 4
[20.031s][debug][gc,phases      ] GC(17)     Dead                           Min: 0, Avg:  0.0, Max: 0, Diff: 0, Sum: 0, Workers: 4
[20.031s][debug][gc,phases      ] GC(17)     Total                          Min: 0, Avg:  0.0, Max: 0, Diff: 0, Sum: 0, Workers: 4
[20.031s][debug][gc,phases      ] GC(17)   StringTable Weak               Min:  0.0, Avg:  0.1, Max:  0.4, Diff:  0.4, Sum:  0.5, Workers: 4
[20.032s][debug][gc,phases      ] GC(17)     Dead                           Min: 0, Avg:  2.8, Max: 11, Diff: 11, Sum: 11, Workers: 4
[20.032s][debug][gc,phases      ] GC(17)     Total                          Min: 0, Avg: 10144.0, Max: 40576, Diff: 40576, Sum: 40576, Workers: 4
[20.032s][debug][gc,phases      ] GC(17)   ResolvedMethodTable Weak       Min:  0.0, Avg:  0.0, Max:  0.1, Diff:  0.1, Sum:  0.1, Workers: 4
[20.032s][debug][gc,phases      ] GC(17)     Dead                           Min: 0, Avg:  0.0, Max: 0, Diff: 0, Sum: 0, Workers: 4
[20.032s][debug][gc,phases      ] GC(17)     Total                          Min: 0, Avg: 1573.8, Max: 6295, Diff: 6295, Sum: 6295, Workers: 4
[20.032s][debug][gc,phases      ] GC(17)   JNI Weak                       Min:  0.0, Avg:  0.0, Max:  0.0, Diff:  0.0, Sum:  0.0, Workers: 4
[20.032s][debug][gc,phases      ] GC(17)     Dead                           Min: 0, Avg:  0.0, Max: 0, Diff: 0, Sum: 0, Workers: 4
[20.032s][debug][gc,phases      ] GC(17)     Total                          Min: 0, Avg:  2.0, Max: 8, Diff: 8, Sum: 8, Workers: 4
[20.032s][debug][gc,phases      ] GC(17)   StringDedup Table Weak         Min:  0.0, Avg:  0.0, Max:  0.0, Diff:  0.0, Sum:  0.0, Workers: 4
[20.032s][debug][gc,phases      ] GC(17)     Dead                           Min: 0, Avg:  0.0, Max: 0, Diff: 0, Sum: 0, Workers: 4
[20.032s][debug][gc,phases      ] GC(17)     Total                          Min: 0, Avg:  0.0, Max: 0, Diff: 0, Sum: 0, Workers: 4
[20.032s][debug][gc,phases      ] GC(17)   StringDedup Requests0 Weak     Min:  0.0, Avg:  0.0, Max:  0.0, Diff:  0.0, Sum:  0.0, Workers: 4
[20.032s][debug][gc,phases      ] GC(17)     Dead                           Min: 0, Avg:  0.0, Max: 0, Diff: 0, Sum: 0, Workers: 4
[20.032s][debug][gc,phases      ] GC(17)     Total                          Min: 0, Avg:  0.0, Max: 0, Diff: 0, Sum: 0, Workers: 4
[20.032s][debug][gc,phases      ] GC(17)   StringDedup Requests1 Weak     Min:  0.0, Avg:  0.0, Max:  0.0, Diff:  0.0, Sum:  0.0, Workers: 4
[20.032s][debug][gc,phases      ] GC(17)     Dead                           Min: 0, Avg:  0.0, Max: 0, Diff: 0, Sum: 0, Workers: 4
[20.032s][debug][gc,phases      ] GC(17)     Total                          Min: 0, Avg:  0.0, Max: 0, Diff: 0, Sum: 0, Workers: 4
[20.032s][debug][gc,phases      ] GC(17)   Weak JFR Old Object Samples    Min:  0.0, Avg:  0.0, Max:  0.0, Diff:  0.0, Sum:  0.0, Workers: 4
[20.032s][debug][gc,phases      ] GC(17)     Dead                           Min: 0, Avg:  0.0, Max: 0, Diff: 0, Sum: 0, Workers: 4
[20.032s][debug][gc,phases      ] GC(17)     Total                          Min: 0, Avg:  0.0, Max: 0, Diff: 0, Sum: 0, Workers: 4
[20.032s][debug][gc,phases      ] GC(17) Weak Processing 0.815ms
[20.032s][debug][gc,age         ] GC(17) Desired survivor size 243269632 bytes, new threshold 11 (max threshold 15)
[20.032s][info ][gc,heap        ] GC(17) PSYoungGen: 1609193K(1838592K)->27025K(1859584K) Eden: 1585152K(1585152K)->0K(1613312K) From: 24041K(253440K)->27025K(246272K)
[20.032s][info ][gc,heap        ] GC(17) ParOldGen: 179966K(271360K)->179974K(271360K)
[20.032s][info ][gc,metaspace   ] GC(17) Metaspace: 60732K(61504K)->60732K(61504K) NonClass: 51742K(52160K)->51742K(52160K) Class: 8989K(9344K)->8989K(9344K)
[20.032s][info ][gc             ] GC(17) Pause Young (Allocation Failure) 1747M->202M(2081M) 58.100ms
[20.032s][info ][gc,cpu         ] GC(17) User=0.09s Sys=0.00s Real=0.06s
[20.032s][info ][safepoint      ] Safepoint "ParallelGCFailedAllocation", Time since last: 415806148 ns, Reaching safepoint: 16146784 ns, At safepoint: 58249700 ns, Total: 74396484 ns
[21.004s][info ][gc,start       ] GC(18) Pause Young (Allocation Failure)
[21.065s][debug][gc,phases      ] GC(18) Scavenge 61.329ms
[21.065s][debug][gc,ref         ] GC(18) Skipped phase 1 of Reference Processing: no references
[21.066s][debug][gc,ref         ] GC(18) ReferenceProcessor::execute queues: 1, RefProcThreadModel::Single, marks_oops_alive: false
[21.066s][debug][gc,ref         ] GC(18) Skipped phase 3 of Reference Processing: no references
[21.066s][debug][gc,ref         ] GC(18) ReferenceProcessor::execute queues: 1, RefProcThreadModel::Single, marks_oops_alive: false
[21.066s][debug][gc,phases      ] GC(18) Reference Processing 0.249ms
[21.066s][debug][gc,phases      ] GC(18)   VM Weak                        Min:  0.0, Avg:  0.0, Max:  0.0, Diff:  0.0, Sum:  0.0, Workers: 4
[21.066s][debug][gc,phases      ] GC(18)     Dead                           Min: 0, Avg:  0.0, Max: 0, Diff: 0, Sum: 0, Workers: 4
[21.066s][debug][gc,phases      ] GC(18)     Total                          Min: 0, Avg: 136.0, Max: 544, Diff: 544, Sum: 544, Workers: 4
[21.066s][debug][gc,phases      ] GC(18)   ObjectSynchronizer Weak        Min:  0.0, Avg:  0.0, Max:  0.0, Diff:  0.0, Sum:  0.0, Workers: 4
[21.066s][debug][gc,phases      ] GC(18)     Dead                           Min: 0, Avg:  0.0, Max: 0, Diff: 0, Sum: 0, Workers: 4
[21.066s][debug][gc,phases      ] GC(18)     Total                          Min: 0, Avg: 59.5, Max: 238, Diff: 238, Sum: 238, Workers: 4
[21.066s][debug][gc,phases      ] GC(18)   JVMTI Tag Weak OopStorage      Min:  0.0, Avg:  0.0, Max:  0.0, Diff:  0.0, Sum:  0.0, Workers: 4
[21.066s][debug][gc,phases      ] GC(18)     Dead                           Min: 0, Avg:  0.0, Max: 0, Diff: 0, Sum: 0, Workers: 4
[21.066s][debug][gc,phases      ] GC(18)     Total                          Min: 0, Avg:  0.0, Max: 0, Diff: 0, Sum: 0, Workers: 4
[21.066s][debug][gc,phases      ] GC(18)   StringTable Weak               Min:  0.0, Avg:  0.1, Max:  0.5, Diff:  0.5, Sum:  0.5, Workers: 4
[21.066s][debug][gc,phases      ] GC(18)     Dead                           Min: 0, Avg:  2.8, Max: 11, Diff: 11, Sum: 11, Workers: 4
[21.066s][debug][gc,phases      ] GC(18)     Total                          Min: 0, Avg: 10145.5, Max: 40582, Diff: 40582, Sum: 40582, Workers: 4
[21.067s][debug][gc,phases      ] GC(18)   ResolvedMethodTable Weak       Min:  0.0, Avg:  0.0, Max:  0.1, Diff:  0.1, Sum:  0.1, Workers: 4
[21.067s][debug][gc,phases      ] GC(18)     Dead                           Min: 0, Avg:  0.0, Max: 0, Diff: 0, Sum: 0, Workers: 4
[21.067s][debug][gc,phases      ] GC(18)     Total                          Min: 0, Avg: 1573.8, Max: 6295, Diff: 6295, Sum: 6295, Workers: 4
[21.067s][debug][gc,phases      ] GC(18)   JNI Weak                       Min:  0.0, Avg:  0.0, Max:  0.0, Diff:  0.0, Sum:  0.0, Workers: 4
[21.067s][debug][gc,phases      ] GC(18)     Dead                           Min: 0, Avg:  0.0, Max: 0, Diff: 0, Sum: 0, Workers: 4
[21.067s][debug][gc,phases      ] GC(18)     Total                          Min: 0, Avg:  0.5, Max: 2, Diff: 2, Sum: 2, Workers: 4
[21.067s][debug][gc,phases      ] GC(18)   StringDedup Table Weak         Min:  0.0, Avg:  0.0, Max:  0.0, Diff:  0.0, Sum:  0.0, Workers: 4
[21.067s][debug][gc,phases      ] GC(18)     Dead                           Min: 0, Avg:  0.0, Max: 0, Diff: 0, Sum: 0, Workers: 4
[21.067s][debug][gc,phases      ] GC(18)     Total                          Min: 0, Avg:  0.0, Max: 0, Diff: 0, Sum: 0, Workers: 4
[21.067s][debug][gc,phases      ] GC(18)   StringDedup Requests0 Weak     Min:  0.0, Avg:  0.0, Max:  0.0, Diff:  0.0, Sum:  0.0, Workers: 4
[21.067s][debug][gc,phases      ] GC(18)     Dead                           Min: 0, Avg:  0.0, Max: 0, Diff: 0, Sum: 0, Workers: 4
[21.067s][debug][gc,phases      ] GC(18)     Total                          Min: 0, Avg:  0.0, Max: 0, Diff: 0, Sum: 0, Workers: 4
[21.067s][debug][gc,phases      ] GC(18)   StringDedup Requests1 Weak     Min:  0.0, Avg:  0.0, Max:  0.0, Diff:  0.0, Sum:  0.0, Workers: 4
[21.067s][debug][gc,phases      ] GC(18)     Dead                           Min: 0, Avg:  0.0, Max: 0, Diff: 0, Sum: 0, Workers: 4
[21.067s][debug][gc,phases      ] GC(18)     Total                          Min: 0, Avg:  0.0, Max: 0, Diff: 0, Sum: 0, Workers: 4
[21.067s][debug][gc,phases      ] GC(18)   Weak JFR Old Object Samples    Min:  0.0, Avg:  0.0, Max:  0.0, Diff:  0.0, Sum:  0.0, Workers: 4
[21.067s][debug][gc,phases      ] GC(18)     Dead                           Min: 0, Avg:  0.0, Max: 0, Diff: 0, Sum: 0, Workers: 4
[21.067s][debug][gc,phases      ] GC(18)     Total                          Min: 0, Avg:  0.0, Max: 0, Diff: 0, Sum: 0, Workers: 4
[21.067s][debug][gc,phases      ] GC(18) Weak Processing 0.921ms
[21.067s][debug][gc,age         ] GC(18) Desired survivor size 233308160 bytes, new threshold 12 (max threshold 15)
[21.067s][info ][gc,heap        ] GC(18) PSYoungGen: 1640337K(1859584K)->30895K(1850880K) Eden: 1613312K(1613312K)->0K(1613312K) From: 27025K(246272K)->30895K(237568K)
[21.067s][info ][gc,heap        ] GC(18) ParOldGen: 179974K(271360K)->179974K(271360K)
[21.067s][info ][gc,metaspace   ] GC(18) Metaspace: 60743K(61504K)->60743K(61504K) NonClass: 51752K(52160K)->51752K(52160K) Class: 8990K(9344K)->8990K(9344K)
[21.067s][info ][gc             ] GC(18) Pause Young (Allocation Failure) 1777M->205M(2072M) 62.664ms
[21.067s][info ][gc,cpu         ] GC(18) User=0.07s Sys=0.00s Real=0.06s
[21.067s][info ][safepoint      ] Safepoint "ParallelGCFailedAllocation", Time since last: 965476185 ns, Reaching safepoint: 6722834 ns, At safepoint: 62812324 ns, Total: 69535158 ns
[21.958s][info ][gc,start       ] GC(19) Pause Young (Allocation Failure)
[22.013s][debug][gc,phases      ] GC(19) Scavenge 55.778ms
[22.013s][debug][gc,ref         ] GC(19) Skipped phase 1 of Reference Processing: no references
[22.014s][debug][gc,ref         ] GC(19) ReferenceProcessor::execute queues: 1, RefProcThreadModel::Single, marks_oops_alive: false
[22.014s][debug][gc,ref         ] GC(19) Skipped phase 3 of Reference Processing: no references
[22.014s][debug][gc,ref         ] GC(19) ReferenceProcessor::execute queues: 1, RefProcThreadModel::Single, marks_oops_alive: false
[22.014s][debug][gc,phases      ] GC(19) Reference Processing 0.271ms
[22.015s][debug][gc,phases      ] GC(19)   VM Weak                        Min:  0.0, Avg:  0.0, Max:  0.0, Diff:  0.0, Sum:  0.0, Workers: 4
[22.015s][debug][gc,phases      ] GC(19)     Dead                           Min: 0, Avg:  0.0, Max: 0, Diff: 0, Sum: 0, Workers: 4
[22.015s][debug][gc,phases      ] GC(19)     Total                          Min: 0, Avg: 137.2, Max: 549, Diff: 549, Sum: 549, Workers: 4
[22.015s][debug][gc,phases      ] GC(19)   ObjectSynchronizer Weak        Min:  0.0, Avg:  0.0, Max:  0.0, Diff:  0.0, Sum:  0.0, Workers: 4
[22.015s][debug][gc,phases      ] GC(19)     Dead                           Min: 0, Avg:  0.0, Max: 0, Diff: 0, Sum: 0, Workers: 4
[22.015s][debug][gc,phases      ] GC(19)     Total                          Min: 0, Avg: 59.5, Max: 238, Diff: 238, Sum: 238, Workers: 4
[22.015s][debug][gc,phases      ] GC(19)   JVMTI Tag Weak OopStorage      Min:  0.0, Avg:  0.0, Max:  0.0, Diff:  0.0, Sum:  0.0, Workers: 4
[22.015s][debug][gc,phases      ] GC(19)     Dead                           Min: 0, Avg:  0.0, Max: 0, Diff: 0, Sum: 0, Workers: 4
[22.015s][debug][gc,phases      ] GC(19)     Total                          Min: 0, Avg:  0.0, Max: 0, Diff: 0, Sum: 0, Workers: 4
[22.015s][debug][gc,phases      ] GC(19)   StringTable Weak               Min:  0.0, Avg:  0.1, Max:  0.6, Diff:  0.6, Sum:  0.6, Workers: 4
[22.015s][debug][gc,phases      ] GC(19)     Dead                           Min: 0, Avg:  4.2, Max: 17, Diff: 17, Sum: 17, Workers: 4
[22.015s][debug][gc,phases      ] GC(19)     Total                          Min: 0, Avg: 10308.2, Max: 41233, Diff: 41233, Sum: 41233, Workers: 4
[22.015s][debug][gc,phases      ] GC(19)   ResolvedMethodTable Weak       Min:  0.0, Avg:  0.0, Max:  0.1, Diff:  0.1, Sum:  0.1, Workers: 4
[22.015s][debug][gc,phases      ] GC(19)     Dead                           Min: 0, Avg: 11.0, Max: 44, Diff: 44, Sum: 44, Workers: 4
[22.015s][debug][gc,phases      ] GC(19)     Total                          Min: 0, Avg: 1596.2, Max: 6385, Diff: 6385, Sum: 6385, Workers: 4
[22.015s][debug][gc,phases      ] GC(19)   JNI Weak                       Min:  0.0, Avg:  0.0, Max:  0.0, Diff:  0.0, Sum:  0.0, Workers: 4
[22.015s][debug][gc,phases      ] GC(19)     Dead                           Min: 0, Avg:  0.0, Max: 0, Diff: 0, Sum: 0, Workers: 4
[22.015s][debug][gc,phases      ] GC(19)     Total                          Min: 0, Avg:  0.2, Max: 1, Diff: 1, Sum: 1, Workers: 4
[22.015s][debug][gc,phases      ] GC(19)   StringDedup Table Weak         Min:  0.0, Avg:  0.0, Max:  0.0, Diff:  0.0, Sum:  0.0, Workers: 4
[22.015s][debug][gc,phases      ] GC(19)     Dead                           Min: 0, Avg:  0.0, Max: 0, Diff: 0, Sum: 0, Workers: 4
[22.015s][debug][gc,phases      ] GC(19)     Total                          Min: 0, Avg:  0.0, Max: 0, Diff: 0, Sum: 0, Workers: 4
[22.015s][debug][gc,phases      ] GC(19)   StringDedup Requests0 Weak     Min:  0.0, Avg:  0.0, Max:  0.0, Diff:  0.0, Sum:  0.0, Workers: 4
[22.015s][debug][gc,phases      ] GC(19)     Dead                           Min: 0, Avg:  0.0, Max: 0, Diff: 0, Sum: 0, Workers: 4
[22.015s][debug][gc,phases      ] GC(19)     Total                          Min: 0, Avg:  0.0, Max: 0, Diff: 0, Sum: 0, Workers: 4
[22.015s][debug][gc,phases      ] GC(19)   StringDedup Requests1 Weak     Min:  0.0, Avg:  0.0, Max:  0.0, Diff:  0.0, Sum:  0.0, Workers: 4
[22.015s][debug][gc,phases      ] GC(19)     Dead                           Min: 0, Avg:  0.0, Max: 0, Diff: 0, Sum: 0, Workers: 4
[22.015s][debug][gc,phases      ] GC(19)     Total                          Min: 0, Avg:  0.0, Max: 0, Diff: 0, Sum: 0, Workers: 4
[22.015s][debug][gc,phases      ] GC(19)   Weak JFR Old Object Samples    Min:  0.0, Avg:  0.0, Max:  0.0, Diff:  0.0, Sum:  0.0, Workers: 4
[22.015s][debug][gc,phases      ] GC(19)     Dead                           Min: 0, Avg:  0.0, Max: 0, Diff: 0, Sum: 0, Workers: 4
[22.015s][debug][gc,phases      ] GC(19)     Total                          Min: 0, Avg:  0.0, Max: 0, Diff: 0, Sum: 0, Workers: 4
[22.015s][debug][gc,phases      ] GC(19) Weak Processing 0.981ms
[22.015s][debug][gc,age         ] GC(19) Desired survivor size 223346688 bytes, new threshold 13 (max threshold 15)
[22.015s][info ][gc,heap        ] GC(19) PSYoungGen: 1644207K(1850880K)->31555K(1879040K) Eden: 1613312K(1613312K)->0K(1651200K) From: 30895K(237568K)->31555K(227840K)
[22.015s][info ][gc,heap        ] GC(19) ParOldGen: 179974K(271360K)->179982K(271360K)
[22.015s][info ][gc,metaspace   ] GC(19) Metaspace: 61989K(62720K)->61989K(62720K) NonClass: 52841K(53248K)->52841K(53248K) Class: 9148K(9472K)->9148K(9472K)
[22.015s][info ][gc             ] GC(19) Pause Young (Allocation Failure) 1781M->206M(2100M) 57.225ms
[22.015s][info ][gc,cpu         ] GC(19) User=0.08s Sys=0.00s Real=0.06s
[22.015s][info ][safepoint      ] Safepoint "ParallelGCFailedAllocation", Time since last: 885114366 ns, Reaching safepoint: 5632629 ns, At safepoint: 57362396 ns, Total: 62995025 ns
[23.130s][info ][safepoint      ] Safepoint "Cleanup", Time since last: 1082951481 ns, Reaching safepoint: 31730363 ns, At safepoint: 45101 ns, Total: 31775464 ns
[23.165s][info ][gc,start       ] GC(20) Pause Young (Allocation Failure)
[23.248s][debug][gc,phases      ] GC(20) Scavenge 82.785ms
[23.248s][debug][gc,ref         ] GC(20) Skipped phase 1 of Reference Processing: no references
[23.249s][debug][gc,ref         ] GC(20) ReferenceProcessor::execute queues: 1, RefProcThreadModel::Single, marks_oops_alive: false
[23.249s][debug][gc,ref         ] GC(20) Skipped phase 3 of Reference Processing: no references
[23.249s][debug][gc,ref         ] GC(20) ReferenceProcessor::execute queues: 1, RefProcThreadModel::Single, marks_oops_alive: false
[23.249s][debug][gc,phases      ] GC(20) Reference Processing 0.428ms
[23.249s][debug][gc,phases      ] GC(20)   VM Weak                        Min:  0.0, Avg:  0.0, Max:  0.0, Diff:  0.0, Sum:  0.0, Workers: 4
[23.249s][debug][gc,phases      ] GC(20)     Dead                           Min: 0, Avg:  0.0, Max: 0, Diff: 0, Sum: 0, Workers: 4
[23.249s][debug][gc,phases      ] GC(20)     Total                          Min: 0, Avg: 142.8, Max: 315, Diff: 315, Sum: 571, Workers: 4
[23.249s][debug][gc,phases      ] GC(20)   ObjectSynchronizer Weak        Min:  0.0, Avg:  0.0, Max:  0.0, Diff:  0.0, Sum:  0.0, Workers: 4
[23.250s][debug][gc,phases      ] GC(20)     Dead                           Min: 0, Avg:  0.0, Max: 0, Diff: 0, Sum: 0, Workers: 4
[23.250s][debug][gc,phases      ] GC(20)     Total                          Min: 0, Avg: 59.8, Max: 239, Diff: 239, Sum: 239, Workers: 4
[23.250s][debug][gc,phases      ] GC(20)   JVMTI Tag Weak OopStorage      Min:  0.0, Avg:  0.0, Max:  0.0, Diff:  0.0, Sum:  0.0, Workers: 4
[23.250s][debug][gc,phases      ] GC(20)     Dead                           Min: 0, Avg:  0.0, Max: 0, Diff: 0, Sum: 0, Workers: 4
[23.250s][debug][gc,phases      ] GC(20)     Total                          Min: 0, Avg:  0.0, Max: 0, Diff: 0, Sum: 0, Workers: 4
[23.250s][debug][gc,phases      ] GC(20)   StringTable Weak               Min:  0.0, Avg:  0.2, Max:  0.5, Diff:  0.5, Sum:  1.0, Workers: 4
[23.250s][debug][gc,phases      ] GC(20)     Dead                           Min: 0, Avg:  3.8, Max: 11, Diff: 11, Sum: 15, Workers: 4
[23.250s][debug][gc,phases      ] GC(20)     Total                          Min: 0, Avg: 10526.5, Max: 21242, Diff: 21242, Sum: 42106, Workers: 4
[23.250s][debug][gc,phases      ] GC(20)   ResolvedMethodTable Weak       Min:  0.0, Avg:  0.1, Max:  0.1, Diff:  0.1, Sum:  0.2, Workers: 4
[23.250s][debug][gc,phases      ] GC(20)     Dead                           Min: 0, Avg: 30.2, Max: 82, Diff: 82, Sum: 121, Workers: 4
[23.250s][debug][gc,phases      ] GC(20)     Total                          Min: 0, Avg: 1660.2, Max: 2495, Diff: 2495, Sum: 6641, Workers: 4
[23.250s][debug][gc,phases      ] GC(20)   JNI Weak                       Min:  0.0, Avg:  0.0, Max:  0.0, Diff:  0.0, Sum:  0.0, Workers: 4
[23.250s][debug][gc,phases      ] GC(20)     Dead                           Min: 0, Avg:  0.0, Max: 0, Diff: 0, Sum: 0, Workers: 4
[23.250s][debug][gc,phases      ] GC(20)     Total                          Min: 0, Avg:  7.2, Max: 29, Diff: 29, Sum: 29, Workers: 4
[23.250s][debug][gc,phases      ] GC(20)   StringDedup Table Weak         Min:  0.0, Avg:  0.0, Max:  0.0, Diff:  0.0, Sum:  0.0, Workers: 4
[23.250s][debug][gc,phases      ] GC(20)     Dead                           Min: 0, Avg:  0.0, Max: 0, Diff: 0, Sum: 0, Workers: 4
[23.250s][debug][gc,phases      ] GC(20)     Total                          Min: 0, Avg:  0.0, Max: 0, Diff: 0, Sum: 0, Workers: 4
[23.250s][debug][gc,phases      ] GC(20)   StringDedup Requests0 Weak     Min:  0.0, Avg:  0.0, Max:  0.0, Diff:  0.0, Sum:  0.0, Workers: 4
[23.250s][debug][gc,phases      ] GC(20)     Dead                           Min: 0, Avg:  0.0, Max: 0, Diff: 0, Sum: 0, Workers: 4
[23.250s][debug][gc,phases      ] GC(20)     Total                          Min: 0, Avg:  0.0, Max: 0, Diff: 0, Sum: 0, Workers: 4
[23.250s][debug][gc,phases      ] GC(20)   StringDedup Requests1 Weak     Min:  0.0, Avg:  0.0, Max:  0.0, Diff:  0.0, Sum:  0.0, Workers: 4
[23.250s][debug][gc,phases      ] GC(20)     Dead                           Min: 0, Avg:  0.0, Max: 0, Diff: 0, Sum: 0, Workers: 4
[23.250s][debug][gc,phases      ] GC(20)     Total                          Min: 0, Avg:  0.0, Max: 0, Diff: 0, Sum: 0, Workers: 4
[23.250s][debug][gc,phases      ] GC(20)   Weak JFR Old Object Samples    Min:  0.0, Avg:  0.0, Max:  0.0, Diff:  0.0, Sum:  0.0, Workers: 4
[23.250s][debug][gc,phases      ] GC(20)     Dead                           Min: 0, Avg:  0.0, Max: 0, Diff: 0, Sum: 0, Workers: 4
[23.250s][debug][gc,phases      ] GC(20)     Total                          Min: 0, Avg:  0.0, Max: 0, Diff: 0, Sum: 0, Workers: 4
[23.250s][debug][gc,phases      ] GC(20) Weak Processing 0.879ms
[23.250s][debug][gc,age         ] GC(20) Desired survivor size 210763776 bytes, new threshold 14 (max threshold 15)
[23.250s][info ][gc,heap        ] GC(20) PSYoungGen: 1682755K(1879040K)->43875K(1869312K) Eden: 1651200K(1651200K)->0K(1651200K) From: 31555K(227840K)->43875K(218112K)
[23.250s][info ][gc,heap        ] GC(20) ParOldGen: 179982K(271360K)->179990K(271360K)
[23.250s][info ][gc,metaspace   ] GC(20) Metaspace: 66063K(66816K)->66063K(66816K) NonClass: 56420K(56832K)->56420K(56832K) Class: 9643K(9984K)->9643K(9984K)
[23.250s][info ][gc             ] GC(20) Pause Young (Allocation Failure) 1819M->218M(2090M) 84.328ms
[23.250s][info ][gc,cpu         ] GC(20) User=0.13s Sys=0.00s Real=0.09s
[23.250s][info ][safepoint      ] Safepoint "ParallelGCFailedAllocation", Time since last: 22056613 ns, Reaching safepoint: 13724271 ns, At safepoint: 84494735 ns, Total: 98219006 ns
[24.265s][info ][safepoint      ] Safepoint "Cleanup", Time since last: 1001056554 ns, Reaching safepoint: 14484375 ns, At safepoint: 49900 ns, Total: 14534275 ns
[24.317s][info ][gc,start       ] GC(21) Pause Young (Allocation Failure)
[24.525s][debug][gc,phases      ] GC(21) Scavenge 207.951ms
[24.525s][debug][gc,ref         ] GC(21) Skipped phase 1 of Reference Processing: no references
[24.526s][debug][gc,ref         ] GC(21) ReferenceProcessor::execute queues: 1, RefProcThreadModel::Single, marks_oops_alive: false
[24.526s][debug][gc,ref         ] GC(21) Skipped phase 3 of Reference Processing: no references
[24.526s][debug][gc,ref         ] GC(21) ReferenceProcessor::execute queues: 1, RefProcThreadModel::Single, marks_oops_alive: false
[24.526s][debug][gc,phases      ] GC(21) Reference Processing 0.253ms
[24.526s][debug][gc,phases      ] GC(21)   VM Weak                        Min:  0.0, Avg:  0.0, Max:  0.0, Diff:  0.0, Sum:  0.0, Workers: 4
[24.526s][debug][gc,phases      ] GC(21)     Dead                           Min: 0, Avg:  0.0, Max: 0, Diff: 0, Sum: 0, Workers: 4
[24.526s][debug][gc,phases      ] GC(21)     Total                          Min: 0, Avg: 142.8, Max: 571, Diff: 571, Sum: 571, Workers: 4
[24.527s][debug][gc,phases      ] GC(21)   ObjectSynchronizer Weak        Min:  0.0, Avg:  0.0, Max:  0.0, Diff:  0.0, Sum:  0.0, Workers: 4
[24.527s][debug][gc,phases      ] GC(21)     Dead                           Min: 0, Avg:  0.0, Max: 0, Diff: 0, Sum: 0, Workers: 4
[24.527s][debug][gc,phases      ] GC(21)     Total                          Min: 0, Avg: 59.8, Max: 239, Diff: 239, Sum: 239, Workers: 4
[24.527s][debug][gc,phases      ] GC(21)   JVMTI Tag Weak OopStorage      Min:  0.0, Avg:  0.0, Max:  0.0, Diff:  0.0, Sum:  0.0, Workers: 4
[24.527s][debug][gc,phases      ] GC(21)     Dead                           Min: 0, Avg:  0.0, Max: 0, Diff: 0, Sum: 0, Workers: 4
[24.527s][debug][gc,phases      ] GC(21)     Total                          Min: 0, Avg:  0.0, Max: 0, Diff: 0, Sum: 0, Workers: 4
[24.527s][debug][gc,phases      ] GC(21)   StringTable Weak               Min:  0.0, Avg:  0.1, Max:  0.5, Diff:  0.5, Sum:  0.5, Workers: 4
[24.527s][debug][gc,phases      ] GC(21)     Dead                           Min: 0, Avg:  2.8, Max: 11, Diff: 11, Sum: 11, Workers: 4
[24.527s][debug][gc,phases      ] GC(21)     Total                          Min: 0, Avg: 10543.8, Max: 42175, Diff: 42175, Sum: 42175, Workers: 4
[24.527s][debug][gc,phases      ] GC(21)   ResolvedMethodTable Weak       Min:  0.0, Avg:  0.0, Max:  0.1, Diff:  0.1, Sum:  0.1, Workers: 4
[24.527s][debug][gc,phases      ] GC(21)     Dead                           Min: 0, Avg:  0.0, Max: 0, Diff: 0, Sum: 0, Workers: 4
[24.527s][debug][gc,phases      ] GC(21)     Total                          Min: 0, Avg: 1665.0, Max: 6660, Diff: 6660, Sum: 6660, Workers: 4
[24.527s][debug][gc,phases      ] GC(21)   JNI Weak                       Min:  0.0, Avg:  0.0, Max:  0.0, Diff:  0.0, Sum:  0.0, Workers: 4
[24.527s][debug][gc,phases      ] GC(21)     Dead                           Min: 0, Avg:  0.0, Max: 0, Diff: 0, Sum: 0, Workers: 4
[24.527s][debug][gc,phases      ] GC(21)     Total                          Min: 0, Avg:  0.8, Max: 3, Diff: 3, Sum: 3, Workers: 4
[24.527s][debug][gc,phases      ] GC(21)   StringDedup Table Weak         Min:  0.0, Avg:  0.0, Max:  0.0, Diff:  0.0, Sum:  0.0, Workers: 4
[24.527s][debug][gc,phases      ] GC(21)     Dead                           Min: 0, Avg:  0.0, Max: 0, Diff: 0, Sum: 0, Workers: 4
[24.527s][debug][gc,phases      ] GC(21)     Total                          Min: 0, Avg:  0.0, Max: 0, Diff: 0, Sum: 0, Workers: 4
[24.527s][debug][gc,phases      ] GC(21)   StringDedup Requests0 Weak     Min:  0.0, Avg:  0.0, Max:  0.0, Diff:  0.0, Sum:  0.0, Workers: 4
[24.527s][debug][gc,phases      ] GC(21)     Dead                           Min: 0, Avg:  0.0, Max: 0, Diff: 0, Sum: 0, Workers: 4
[24.527s][debug][gc,phases      ] GC(21)     Total                          Min: 0, Avg:  0.0, Max: 0, Diff: 0, Sum: 0, Workers: 4
[24.527s][debug][gc,phases      ] GC(21)   StringDedup Requests1 Weak     Min:  0.0, Avg:  0.0, Max:  0.0, Diff:  0.0, Sum:  0.0, Workers: 4
[24.527s][debug][gc,phases      ] GC(21)     Dead                           Min: 0, Avg:  0.0, Max: 0, Diff: 0, Sum: 0, Workers: 4
[24.527s][debug][gc,phases      ] GC(21)     Total                          Min: 0, Avg:  0.0, Max: 0, Diff: 0, Sum: 0, Workers: 4
[24.527s][debug][gc,phases      ] GC(21)   Weak JFR Old Object Samples    Min:  0.0, Avg:  0.0, Max:  0.0, Diff:  0.0, Sum:  0.0, Workers: 4
[24.527s][debug][gc,phases      ] GC(21)     Dead                           Min: 0, Avg:  0.0, Max: 0, Diff: 0, Sum: 0, Workers: 4
[24.527s][debug][gc,phases      ] GC(21)     Total                          Min: 0, Avg:  0.0, Max: 0, Diff: 0, Sum: 0, Workers: 4
[24.527s][debug][gc,phases      ] GC(21) Weak Processing 0.955ms
[24.527s][debug][gc,age         ] GC(21) Desired survivor size 211812352 bytes, new threshold 15 (max threshold 15)
[24.527s][info ][gc,heap        ] GC(21) PSYoungGen: 1695075K(1869312K)->102531K(1889280K) Eden: 1651200K(1651200K)->0K(1683456K) From: 43875K(218112K)->102531K(205824K)
[24.527s][info ][gc,heap        ] GC(21) ParOldGen: 179990K(271360K)->179990K(271360K)
[24.527s][info ][gc,metaspace   ] GC(21) Metaspace: 66103K(66816K)->66103K(66816K) NonClass: 56453K(56832K)->56453K(56832K) Class: 9650K(9984K)->9650K(9984K)
[24.527s][info ][gc             ] GC(21) Pause Young (Allocation Failure) 1831M->275M(2110M) 209.333ms
[24.527s][info ][gc,cpu         ] GC(21) User=0.34s Sys=0.00s Real=0.21s
[24.527s][info ][safepoint      ] Safepoint "ParallelGCFailedAllocation", Time since last: 41783615 ns, Reaching safepoint: 10054652 ns, At safepoint: 209497977 ns, Total: 219552629 ns
[25.453s][info ][gc,start       ] GC(22) Pause Young (Allocation Failure)
[25.749s][debug][gc,phases      ] GC(22) Scavenge 295.891ms
[25.749s][debug][gc,ref         ] GC(22) Skipped phase 1 of Reference Processing: no references
[25.750s][debug][gc,ref         ] GC(22) ReferenceProcessor::execute queues: 1, RefProcThreadModel::Single, marks_oops_alive: false
[25.750s][debug][gc,ref         ] GC(22) Skipped phase 3 of Reference Processing: no references
[25.750s][debug][gc,ref         ] GC(22) ReferenceProcessor::execute queues: 1, RefProcThreadModel::Single, marks_oops_alive: false
[25.750s][debug][gc,phases      ] GC(22) Reference Processing 0.263ms
[25.750s][debug][gc,phases      ] GC(22)   VM Weak                        Min:  0.0, Avg:  0.0, Max:  0.0, Diff:  0.0, Sum:  0.0, Workers: 4
[25.750s][debug][gc,phases      ] GC(22)     Dead                           Min: 0, Avg:  0.0, Max: 0, Diff: 0, Sum: 0, Workers: 4
[25.750s][debug][gc,phases      ] GC(22)     Total                          Min: 0, Avg: 142.8, Max: 379, Diff: 379, Sum: 571, Workers: 4
[25.750s][debug][gc,phases      ] GC(22)   ObjectSynchronizer Weak        Min:  0.0, Avg:  0.0, Max:  0.0, Diff:  0.0, Sum:  0.0, Workers: 4
[25.750s][debug][gc,phases      ] GC(22)     Dead                           Min: 0, Avg:  0.0, Max: 0, Diff: 0, Sum: 0, Workers: 4
[25.750s][debug][gc,phases      ] GC(22)     Total                          Min: 0, Avg: 59.8, Max: 239, Diff: 239, Sum: 239, Workers: 4
[25.750s][debug][gc,phases      ] GC(22)   JVMTI Tag Weak OopStorage      Min:  0.0, Avg:  0.0, Max:  0.0, Diff:  0.0, Sum:  0.0, Workers: 4
[25.750s][debug][gc,phases      ] GC(22)     Dead                           Min: 0, Avg:  0.0, Max: 0, Diff: 0, Sum: 0, Workers: 4
[25.750s][debug][gc,phases      ] GC(22)     Total                          Min: 0, Avg:  0.0, Max: 0, Diff: 0, Sum: 0, Workers: 4
[25.750s][debug][gc,phases      ] GC(22)   StringTable Weak               Min:  0.0, Avg:  0.1, Max:  0.3, Diff:  0.3, Sum:  0.5, Workers: 4
[25.750s][debug][gc,phases      ] GC(22)     Dead                           Min: 0, Avg:  2.8, Max: 11, Diff: 11, Sum: 11, Workers: 4
[25.750s][debug][gc,phases      ] GC(22)     Total                          Min: 0, Avg: 10543.8, Max: 21631, Diff: 21631, Sum: 42175, Workers: 4
[25.750s][debug][gc,phases      ] GC(22)   ResolvedMethodTable Weak       Min:  0.0, Avg:  0.0, Max:  0.1, Diff:  0.1, Sum:  0.1, Workers: 4
[25.750s][debug][gc,phases      ] GC(22)     Dead                           Min: 0, Avg:  0.2, Max: 1, Diff: 1, Sum: 1, Workers: 4
[25.750s][debug][gc,phases      ] GC(22)     Total                          Min: 0, Avg: 1665.2, Max: 3397, Diff: 3397, Sum: 6661, Workers: 4
[25.750s][debug][gc,phases      ] GC(22)   JNI Weak                       Min:  0.0, Avg:  0.0, Max:  0.0, Diff:  0.0, Sum:  0.0, Workers: 4
[25.750s][debug][gc,phases      ] GC(22)     Dead                           Min: 0, Avg:  0.0, Max: 0, Diff: 0, Sum: 0, Workers: 4
[25.750s][debug][gc,phases      ] GC(22)     Total                          Min: 0, Avg:  2.5, Max: 10, Diff: 10, Sum: 10, Workers: 4
[25.750s][debug][gc,phases      ] GC(22)   StringDedup Table Weak         Min:  0.0, Avg:  0.0, Max:  0.0, Diff:  0.0, Sum:  0.0, Workers: 4
[25.750s][debug][gc,phases      ] GC(22)     Dead                           Min: 0, Avg:  0.0, Max: 0, Diff: 0, Sum: 0, Workers: 4
[25.750s][debug][gc,phases      ] GC(22)     Total                          Min: 0, Avg:  0.0, Max: 0, Diff: 0, Sum: 0, Workers: 4
[25.750s][debug][gc,phases      ] GC(22)   StringDedup Requests0 Weak     Min:  0.0, Avg:  0.0, Max:  0.0, Diff:  0.0, Sum:  0.0, Workers: 4
[25.750s][debug][gc,phases      ] GC(22)     Dead                           Min: 0, Avg:  0.0, Max: 0, Diff: 0, Sum: 0, Workers: 4
[25.750s][debug][gc,phases      ] GC(22)     Total                          Min: 0, Avg:  0.0, Max: 0, Diff: 0, Sum: 0, Workers: 4
[25.750s][debug][gc,phases      ] GC(22)   StringDedup Requests1 Weak     Min:  0.0, Avg:  0.0, Max:  0.0, Diff:  0.0, Sum:  0.0, Workers: 4
[25.750s][debug][gc,phases      ] GC(22)     Dead                           Min: 0, Avg:  0.0, Max: 0, Diff: 0, Sum: 0, Workers: 4
[25.750s][debug][gc,phases      ] GC(22)     Total                          Min: 0, Avg:  0.0, Max: 0, Diff: 0, Sum: 0, Workers: 4
[25.750s][debug][gc,phases      ] GC(22)   Weak JFR Old Object Samples    Min:  0.0, Avg:  0.0, Max:  0.0, Diff:  0.0, Sum:  0.0, Workers: 4
[25.750s][debug][gc,phases      ] GC(22)     Dead                           Min: 0, Avg:  0.0, Max: 0, Diff: 0, Sum: 0, Workers: 4
[25.750s][debug][gc,phases      ] GC(22)     Total                          Min: 0, Avg:  0.0, Max: 0, Diff: 0, Sum: 0, Workers: 4
[25.750s][debug][gc,phases      ] GC(22) Weak Processing 0.596ms
[25.750s][debug][gc,age         ] GC(22) Desired survivor size 233832448 bytes, new threshold 15 (max threshold 15)
[25.750s][info ][gc,heap        ] GC(22) PSYoungGen: 1785987K(1889280K)->162414K(1846272K) Eden: 1683456K(1683456K)->0K(1683456K) From: 102531K(205824K)->162414K(162816K)
[25.750s][info ][gc,heap        ] GC(22) ParOldGen: 179990K(271360K)->179998K(271360K)
[25.750s][info ][gc,metaspace   ] GC(22) Metaspace: 66108K(66816K)->66108K(66816K) NonClass: 56457K(56832K)->56457K(56832K) Class: 9650K(9984K)->9650K(9984K)
[25.750s][info ][gc             ] GC(22) Pause Young (Allocation Failure) 1919M->334M(2068M) 296.921ms
[25.750s][info ][gc,cpu         ] GC(22) User=0.48s Sys=0.04s Real=0.30s
[25.750s][info ][safepoint      ] Safepoint "ParallelGCFailedAllocation", Time since last: 912379093 ns, Reaching safepoint: 14213273 ns, At safepoint: 297067426 ns, Total: 311280699 ns
[26.763s][info ][safepoint      ] Safepoint "Cleanup", Time since last: 1000092738 ns, Reaching safepoint: 12180363 ns, At safepoint: 25000 ns, Total: 12205363 ns
[26.909s][info ][gc,start       ] GC(23) Pause Young (Allocation Failure)
[27.229s][debug][gc,phases      ] GC(23) Scavenge 320.470ms
[27.230s][debug][gc,ref         ] GC(23) Skipped phase 1 of Reference Processing: no references
[27.230s][debug][gc,ref         ] GC(23) ReferenceProcessor::execute queues: 1, RefProcThreadModel::Single, marks_oops_alive: false
[27.230s][debug][gc,ref         ] GC(23) Skipped phase 3 of Reference Processing: no references
[27.230s][debug][gc,ref         ] GC(23) ReferenceProcessor::execute queues: 1, RefProcThreadModel::Single, marks_oops_alive: false
[27.230s][debug][gc,phases      ] GC(23) Reference Processing 0.261ms
[27.230s][debug][gc,phases      ] GC(23)   VM Weak                        Min:  0.0, Avg:  0.0, Max:  0.0, Diff:  0.0, Sum:  0.0, Workers: 4
[27.230s][debug][gc,phases      ] GC(23)     Dead                           Min: 0, Avg:  0.0, Max: 0, Diff: 0, Sum: 0, Workers: 4
[27.230s][debug][gc,phases      ] GC(23)     Total                          Min: 0, Avg: 142.8, Max: 379, Diff: 379, Sum: 571, Workers: 4
[27.230s][debug][gc,phases      ] GC(23)   ObjectSynchronizer Weak        Min:  0.0, Avg:  0.0, Max:  0.0, Diff:  0.0, Sum:  0.0, Workers: 4
[27.230s][debug][gc,phases      ] GC(23)     Dead                           Min: 0, Avg:  0.0, Max: 0, Diff: 0, Sum: 0, Workers: 4
[27.230s][debug][gc,phases      ] GC(23)     Total                          Min: 0, Avg: 59.8, Max: 192, Diff: 192, Sum: 239, Workers: 4
[27.230s][debug][gc,phases      ] GC(23)   JVMTI Tag Weak OopStorage      Min:  0.0, Avg:  0.0, Max:  0.0, Diff:  0.0, Sum:  0.0, Workers: 4
[27.230s][debug][gc,phases      ] GC(23)     Dead                           Min: 0, Avg:  0.0, Max: 0, Diff: 0, Sum: 0, Workers: 4
[27.230s][debug][gc,phases      ] GC(23)     Total                          Min: 0, Avg:  0.0, Max: 0, Diff: 0, Sum: 0, Workers: 4
[27.230s][debug][gc,phases      ] GC(23)   StringTable Weak               Min:  0.0, Avg:  0.1, Max:  0.3, Diff:  0.3, Sum:  0.6, Workers: 4
[27.230s][debug][gc,phases      ] GC(23)     Dead                           Min: 0, Avg:  2.8, Max: 11, Diff: 11, Sum: 11, Workers: 4
[27.230s][debug][gc,phases      ] GC(23)     Total                          Min: 0, Avg: 10543.8, Max: 21824, Diff: 21824, Sum: 42175, Workers: 4
[27.230s][debug][gc,phases      ] GC(23)   ResolvedMethodTable Weak       Min:  0.0, Avg:  0.0, Max:  0.1, Diff:  0.1, Sum:  0.1, Workers: 4
[27.230s][debug][gc,phases      ] GC(23)     Dead                           Min: 0, Avg:  0.0, Max: 0, Diff: 0, Sum: 0, Workers: 4
[27.230s][debug][gc,phases      ] GC(23)     Total                          Min: 0, Avg: 1665.2, Max: 3456, Diff: 3456, Sum: 6661, Workers: 4
[27.230s][debug][gc,phases      ] GC(23)   JNI Weak                       Min:  0.0, Avg:  0.0, Max:  0.0, Diff:  0.0, Sum:  0.0, Workers: 4
[27.230s][debug][gc,phases      ] GC(23)     Dead                           Min: 0, Avg:  0.0, Max: 0, Diff: 0, Sum: 0, Workers: 4
[27.230s][debug][gc,phases      ] GC(23)     Total                          Min: 0, Avg:  2.8, Max: 11, Diff: 11, Sum: 11, Workers: 4
[27.230s][debug][gc,phases      ] GC(23)   StringDedup Table Weak         Min:  0.0, Avg:  0.0, Max:  0.0, Diff:  0.0, Sum:  0.0, Workers: 4
[27.230s][debug][gc,phases      ] GC(23)     Dead                           Min: 0, Avg:  0.0, Max: 0, Diff: 0, Sum: 0, Workers: 4
[27.230s][debug][gc,phases      ] GC(23)     Total                          Min: 0, Avg:  0.0, Max: 0, Diff: 0, Sum: 0, Workers: 4
[27.230s][debug][gc,phases      ] GC(23)   StringDedup Requests0 Weak     Min:  0.0, Avg:  0.0, Max:  0.0, Diff:  0.0, Sum:  0.0, Workers: 4
[27.230s][debug][gc,phases      ] GC(23)     Dead                           Min: 0, Avg:  0.0, Max: 0, Diff: 0, Sum: 0, Workers: 4
[27.230s][debug][gc,phases      ] GC(23)     Total                          Min: 0, Avg:  0.0, Max: 0, Diff: 0, Sum: 0, Workers: 4
[27.230s][debug][gc,phases      ] GC(23)   StringDedup Requests1 Weak     Min:  0.0, Avg:  0.0, Max:  0.0, Diff:  0.0, Sum:  0.0, Workers: 4
[27.230s][debug][gc,phases      ] GC(23)     Dead                           Min: 0, Avg:  0.0, Max: 0, Diff: 0, Sum: 0, Workers: 4
[27.230s][debug][gc,phases      ] GC(23)     Total                          Min: 0, Avg:  0.0, Max: 0, Diff: 0, Sum: 0, Workers: 4
[27.230s][debug][gc,phases      ] GC(23)   Weak JFR Old Object Samples    Min:  0.0, Avg:  0.0, Max:  0.0, Diff:  0.0, Sum:  0.0, Workers: 4
[27.230s][debug][gc,phases      ] GC(23)     Dead                           Min: 0, Avg:  0.0, Max: 0, Diff: 0, Sum: 0, Workers: 4
[27.230s][debug][gc,phases      ] GC(23)     Total                          Min: 0, Avg:  0.0, Max: 0, Diff: 0, Sum: 0, Workers: 4
[27.230s][debug][gc,phases      ] GC(23) Weak Processing 0.621ms
[27.230s][debug][gc,age         ] GC(23) Desired survivor size 272629760 bytes, new threshold 15 (max threshold 15)
[27.230s][info ][gc,heap        ] GC(23) PSYoungGen: 1845870K(1846272K)->219819K(1793024K) Eden: 1683456K(1683456K)->0K(1564672K) From: 162414K(162816K)->219819K(228352K)
[27.230s][info ][gc,heap        ] GC(23) ParOldGen: 179998K(271360K)->181782K(271360K)
[27.230s][info ][gc,metaspace   ] GC(23) Metaspace: 66108K(66816K)->66108K(66816K) NonClass: 56458K(56832K)->56458K(56832K) Class: 9650K(9984K)->9650K(9984K)
[27.230s][info ][gc             ] GC(23) Pause Young (Allocation Failure) 1978M->392M(2016M) 321.537ms
[27.230s][info ][gc,cpu         ] GC(23) User=0.58s Sys=0.02s Real=0.33s
[27.231s][info ][safepoint      ] Safepoint "ParallelGCFailedAllocation", Time since last: 134707292 ns, Reaching safepoint: 11378758 ns, At safepoint: 321691752 ns, Total: 333070510 ns
[27.879s][info ][gc,start       ] GC(24) Pause Young (Allocation Failure)
[28.153s][debug][gc,phases      ] GC(24) Scavenge 274.850ms
[28.153s][debug][gc,ref         ] GC(24) Skipped phase 1 of Reference Processing: no references
[28.154s][debug][gc,ref         ] GC(24) ReferenceProcessor::execute queues: 1, RefProcThreadModel::Single, marks_oops_alive: false
[28.154s][debug][gc,ref         ] GC(24) Skipped phase 3 of Reference Processing: no references
[28.154s][debug][gc,ref         ] GC(24) ReferenceProcessor::execute queues: 1, RefProcThreadModel::Single, marks_oops_alive: false
[28.154s][debug][gc,phases      ] GC(24) Reference Processing 0.270ms
[28.154s][debug][gc,phases      ] GC(24)   VM Weak                        Min:  0.0, Avg:  0.0, Max:  0.0, Diff:  0.0, Sum:  0.0, Workers: 4
[28.154s][debug][gc,phases      ] GC(24)     Dead                           Min: 0, Avg:  0.0, Max: 0, Diff: 0, Sum: 0, Workers: 4
[28.154s][debug][gc,phases      ] GC(24)     Total                          Min: 0, Avg: 142.8, Max: 571, Diff: 571, Sum: 571, Workers: 4
[28.154s][debug][gc,phases      ] GC(24)   ObjectSynchronizer Weak        Min:  0.0, Avg:  0.0, Max:  0.0, Diff:  0.0, Sum:  0.0, Workers: 4
[28.155s][debug][gc,phases      ] GC(24)     Dead                           Min: 0, Avg:  0.0, Max: 0, Diff: 0, Sum: 0, Workers: 4
[28.155s][debug][gc,phases      ] GC(24)     Total                          Min: 0, Avg: 59.8, Max: 239, Diff: 239, Sum: 239, Workers: 4
[28.155s][debug][gc,phases      ] GC(24)   JVMTI Tag Weak OopStorage      Min:  0.0, Avg:  0.0, Max:  0.0, Diff:  0.0, Sum:  0.0, Workers: 4
[28.155s][debug][gc,phases      ] GC(24)     Dead                           Min: 0, Avg:  0.0, Max: 0, Diff: 0, Sum: 0, Workers: 4
[28.155s][debug][gc,phases      ] GC(24)     Total                          Min: 0, Avg:  0.0, Max: 0, Diff: 0, Sum: 0, Workers: 4
[28.155s][debug][gc,phases      ] GC(24)   StringTable Weak               Min:  0.0, Avg:  0.1, Max:  0.5, Diff:  0.5, Sum:  0.5, Workers: 4
[28.155s][debug][gc,phases      ] GC(24)     Dead                           Min: 0, Avg:  2.8, Max: 11, Diff: 11, Sum: 11, Workers: 4
[28.155s][debug][gc,phases      ] GC(24)     Total                          Min: 0, Avg: 10546.0, Max: 42184, Diff: 42184, Sum: 42184, Workers: 4
[28.155s][debug][gc,phases      ] GC(24)   ResolvedMethodTable Weak       Min:  0.0, Avg:  0.0, Max:  0.1, Diff:  0.1, Sum:  0.1, Workers: 4
[28.155s][debug][gc,phases      ] GC(24)     Dead                           Min: 0, Avg:  0.0, Max: 0, Diff: 0, Sum: 0, Workers: 4
[28.155s][debug][gc,phases      ] GC(24)     Total                          Min: 0, Avg: 1665.2, Max: 6661, Diff: 6661, Sum: 6661, Workers: 4
[28.155s][debug][gc,phases      ] GC(24)   JNI Weak                       Min:  0.0, Avg:  0.0, Max:  0.0, Diff:  0.0, Sum:  0.0, Workers: 4
[28.155s][debug][gc,phases      ] GC(24)     Dead                           Min: 0, Avg:  0.0, Max: 0, Diff: 0, Sum: 0, Workers: 4
[28.155s][debug][gc,phases      ] GC(24)     Total                          Min: 0, Avg:  2.5, Max: 10, Diff: 10, Sum: 10, Workers: 4
[28.155s][debug][gc,phases      ] GC(24)   StringDedup Table Weak         Min:  0.0, Avg:  0.0, Max:  0.0, Diff:  0.0, Sum:  0.0, Workers: 4
[28.155s][debug][gc,phases      ] GC(24)     Dead                           Min: 0, Avg:  0.0, Max: 0, Diff: 0, Sum: 0, Workers: 4
[28.155s][debug][gc,phases      ] GC(24)     Total                          Min: 0, Avg:  0.0, Max: 0, Diff: 0, Sum: 0, Workers: 4
[28.155s][debug][gc,phases      ] GC(24)   StringDedup Requests0 Weak     Min:  0.0, Avg:  0.0, Max:  0.0, Diff:  0.0, Sum:  0.0, Workers: 4
[28.155s][debug][gc,phases      ] GC(24)     Dead                           Min: 0, Avg:  0.0, Max: 0, Diff: 0, Sum: 0, Workers: 4
[28.155s][debug][gc,phases      ] GC(24)     Total                          Min: 0, Avg:  0.0, Max: 0, Diff: 0, Sum: 0, Workers: 4
[28.155s][debug][gc,phases      ] GC(24)   StringDedup Requests1 Weak     Min:  0.0, Avg:  0.0, Max:  0.0, Diff:  0.0, Sum:  0.0, Workers: 4
[28.155s][debug][gc,phases      ] GC(24)     Dead                           Min: 0, Avg:  0.0, Max: 0, Diff: 0, Sum: 0, Workers: 4
[28.155s][debug][gc,phases      ] GC(24)     Total                          Min: 0, Avg:  0.0, Max: 0, Diff: 0, Sum: 0, Workers: 4
[28.155s][debug][gc,phases      ] GC(24)   Weak JFR Old Object Samples    Min:  0.0, Avg:  0.0, Max:  0.0, Diff:  0.0, Sum:  0.0, Workers: 4
[28.155s][debug][gc,phases      ] GC(24)     Dead                           Min: 0, Avg:  0.0, Max: 0, Diff: 0, Sum: 0, Workers: 4
[28.155s][debug][gc,phases      ] GC(24)     Total                          Min: 0, Avg:  0.0, Max: 0, Diff: 0, Sum: 0, Workers: 4
[28.155s][debug][gc,phases      ] GC(24) Weak Processing 0.912ms
[28.155s][debug][gc,age         ] GC(24) Desired survivor size 317194240 bytes, new threshold 15 (max threshold 15)
[28.155s][info ][gc,heap        ] GC(24) PSYoungGen: 1784491K(1793024K)->254275K(1819136K) Eden: 1564672K(1564672K)->0K(1564672K) From: 219819K(228352K)->254275K(254464K)
[28.155s][info ][gc,heap        ] GC(24) ParOldGen: 181782K(271360K)->184458K(271360K)
[28.155s][info ][gc,metaspace   ] GC(24) Metaspace: 66137K(66880K)->66137K(66880K) NonClass: 56487K(56896K)->56487K(56896K) Class: 9650K(9984K)->9650K(9984K)
[28.155s][info ][gc             ] GC(24) Pause Young (Allocation Failure) 1920M->428M(2041M) 276.194ms
[28.155s][info ][gc,cpu         ] GC(24) User=0.61s Sys=0.01s Real=0.28s
[28.155s][info ][safepoint      ] Safepoint "ParallelGCFailedAllocation", Time since last: 638814078 ns, Reaching safepoint: 9107847 ns, At safepoint: 276326418 ns, Total: 285434265 ns
[28.974s][info ][safepoint      ] Safepoint "ICBufferFull", Time since last: 809533350 ns, Reaching safepoint: 9723550 ns, At safepoint: 45000 ns, Total: 9768550 ns
[29.208s][info ][safepoint      ] Safepoint "ICBufferFull", Time since last: 226266160 ns, Reaching safepoint: 7899441 ns, At safepoint: 37800 ns, Total: 7937241 ns
[29.297s][info ][gc,start       ] GC(25) Pause Young (Allocation Failure)
[29.737s][debug][gc,phases      ] GC(25) Scavenge 439.908ms
[29.738s][debug][gc,ref         ] GC(25) Skipped phase 1 of Reference Processing: no references
[29.738s][debug][gc,ref         ] GC(25) ReferenceProcessor::execute queues: 1, RefProcThreadModel::Single, marks_oops_alive: false
[29.738s][debug][gc,ref         ] GC(25) Skipped phase 3 of Reference Processing: no references
[29.738s][debug][gc,ref         ] GC(25) ReferenceProcessor::execute queues: 1, RefProcThreadModel::Single, marks_oops_alive: false
[29.738s][debug][gc,phases      ] GC(25) Reference Processing 0.342ms
[29.739s][debug][gc,phases      ] GC(25)   VM Weak                        Min:  0.0, Avg:  0.0, Max:  0.0, Diff:  0.0, Sum:  0.0, Workers: 4
[29.739s][debug][gc,phases      ] GC(25)     Dead                           Min: 0, Avg:  0.0, Max: 0, Diff: 0, Sum: 0, Workers: 4
[29.739s][debug][gc,phases      ] GC(25)     Total                          Min: 0, Avg: 146.2, Max: 585, Diff: 585, Sum: 585, Workers: 4
[29.739s][debug][gc,phases      ] GC(25)   ObjectSynchronizer Weak        Min:  0.0, Avg:  0.0, Max:  0.0, Diff:  0.0, Sum:  0.0, Workers: 4
[29.739s][debug][gc,phases      ] GC(25)     Dead                           Min: 0, Avg:  0.0, Max: 0, Diff: 0, Sum: 0, Workers: 4
[29.739s][debug][gc,phases      ] GC(25)     Total                          Min: 0, Avg: 59.8, Max: 239, Diff: 239, Sum: 239, Workers: 4
[29.739s][debug][gc,phases      ] GC(25)   JVMTI Tag Weak OopStorage      Min:  0.0, Avg:  0.0, Max:  0.0, Diff:  0.0, Sum:  0.0, Workers: 4
[29.739s][debug][gc,phases      ] GC(25)     Dead                           Min: 0, Avg:  0.0, Max: 0, Diff: 0, Sum: 0, Workers: 4
[29.739s][debug][gc,phases      ] GC(25)     Total                          Min: 0, Avg:  0.0, Max: 0, Diff: 0, Sum: 0, Workers: 4
[29.739s][debug][gc,phases      ] GC(25)   StringTable Weak               Min:  0.0, Avg:  0.2, Max:  0.9, Diff:  0.9, Sum:  0.9, Workers: 4
[29.739s][debug][gc,phases      ] GC(25)     Dead                           Min: 0, Avg:  4.0, Max: 16, Diff: 16, Sum: 16, Workers: 4
[29.739s][debug][gc,phases      ] GC(25)     Total                          Min: 0, Avg: 10601.5, Max: 42406, Diff: 42406, Sum: 42406, Workers: 4
[29.739s][debug][gc,phases      ] GC(25)   ResolvedMethodTable Weak       Min:  0.0, Avg:  0.0, Max:  0.2, Diff:  0.2, Sum:  0.2, Workers: 4
[29.739s][debug][gc,phases      ] GC(25)     Dead                           Min: 0, Avg: 10.5, Max: 42, Diff: 42, Sum: 42, Workers: 4
[29.739s][debug][gc,phases      ] GC(25)     Total                          Min: 0, Avg: 1714.5, Max: 6858, Diff: 6858, Sum: 6858, Workers: 4
[29.739s][debug][gc,phases      ] GC(25)   JNI Weak                       Min:  0.0, Avg:  0.0, Max:  0.0, Diff:  0.0, Sum:  0.0, Workers: 4
[29.739s][debug][gc,phases      ] GC(25)     Dead                           Min: 0, Avg:  0.0, Max: 0, Diff: 0, Sum: 0, Workers: 4
[29.739s][debug][gc,phases      ] GC(25)     Total                          Min: 0, Avg:  1.2, Max: 5, Diff: 5, Sum: 5, Workers: 4
[29.739s][debug][gc,phases      ] GC(25)   StringDedup Table Weak         Min:  0.0, Avg:  0.0, Max:  0.0, Diff:  0.0, Sum:  0.0, Workers: 4
[29.739s][debug][gc,phases      ] GC(25)     Dead                           Min: 0, Avg:  0.0, Max: 0, Diff: 0, Sum: 0, Workers: 4
[29.739s][debug][gc,phases      ] GC(25)     Total                          Min: 0, Avg:  0.0, Max: 0, Diff: 0, Sum: 0, Workers: 4
[29.739s][debug][gc,phases      ] GC(25)   StringDedup Requests0 Weak     Min:  0.0, Avg:  0.0, Max:  0.0, Diff:  0.0, Sum:  0.0, Workers: 4
[29.739s][debug][gc,phases      ] GC(25)     Dead                           Min: 0, Avg:  0.0, Max: 0, Diff: 0, Sum: 0, Workers: 4
[29.739s][debug][gc,phases      ] GC(25)     Total                          Min: 0, Avg:  0.0, Max: 0, Diff: 0, Sum: 0, Workers: 4
[29.739s][debug][gc,phases      ] GC(25)   StringDedup Requests1 Weak     Min:  0.0, Avg:  0.0, Max:  0.0, Diff:  0.0, Sum:  0.0, Workers: 4
[29.739s][debug][gc,phases      ] GC(25)     Dead                           Min: 0, Avg:  0.0, Max: 0, Diff: 0, Sum: 0, Workers: 4
[29.739s][debug][gc,phases      ] GC(25)     Total                          Min: 0, Avg:  0.0, Max: 0, Diff: 0, Sum: 0, Workers: 4
[29.739s][debug][gc,phases      ] GC(25)   Weak JFR Old Object Samples    Min:  0.0, Avg:  0.0, Max:  0.0, Diff:  0.0, Sum:  0.0, Workers: 4
[29.739s][debug][gc,phases      ] GC(25)     Dead                           Min: 0, Avg:  0.0, Max: 0, Diff: 0, Sum: 0, Workers: 4
[29.739s][debug][gc,phases      ] GC(25)     Total                          Min: 0, Avg:  0.0, Max: 0, Diff: 0, Sum: 0, Workers: 4
[29.739s][debug][gc,phases      ] GC(25) Weak Processing 1.331ms
[29.739s][debug][gc,age         ] GC(25) Desired survivor size 386924544 bytes, new threshold 14 (max threshold 15)
[29.739s][info ][gc,heap        ] GC(25) PSYoungGen: 1818947K(1819136K)->277998K(1619456K) Eden: 1564672K(1564672K)->0K(1341440K) From: 254275K(254464K)->277998K(278016K)
[29.739s][info ][gc,heap        ] GC(25) ParOldGen: 184458K(271360K)->252175K(271360K)
[29.739s][info ][gc,metaspace   ] GC(25) Metaspace: 66981K(67776K)->66981K(67776K) NonClass: 57206K(57664K)->57206K(57664K) Class: 9774K(10112K)->9774K(10112K)
[29.739s][info ][gc             ] GC(25) Pause Young (Allocation Failure) 1956M->517M(1846M) 441.786ms
[29.739s][info ][gc,cpu         ] GC(25) User=0.96s Sys=0.02s Real=0.44s
[29.739s][debug][gc,phases      ] GC(26) Pre Compact 0.018ms
[29.739s][info ][gc,start       ] GC(26) Pause Full (Ergonomics)
[29.739s][info ][gc,phases,start] GC(26) Marking Phase
[30.173s][debug][gc,phases      ] GC(26) Par Mark 433.917ms
[30.173s][debug][gc,ref         ] GC(26) Skipped phase 1 of Reference Processing: no references
[30.174s][debug][gc,ref         ] GC(26) ReferenceProcessor::execute queues: 1, RefProcThreadModel::Single, marks_oops_alive: false
[30.174s][debug][gc,ref         ] GC(26) Skipped phase 3 of Reference Processing: no references
[30.174s][debug][gc,ref         ] GC(26) ReferenceProcessor::execute queues: 1, RefProcThreadModel::Single, marks_oops_alive: false
[30.174s][debug][gc,phases      ] GC(26) Reference Processing 0.190ms
[30.174s][debug][gc,phases      ] GC(26)   VM Weak                        Min:  0.0, Avg:  0.0, Max:  0.0, Diff:  0.0, Sum:  0.0, Workers: 4
[30.174s][debug][gc,phases      ] GC(26)     Dead                           Min: 0, Avg:  0.0, Max: 0, Diff: 0, Sum: 0, Workers: 4
[30.174s][debug][gc,phases      ] GC(26)     Total                          Min: 0, Avg: 146.2, Max: 457, Diff: 457, Sum: 585, Workers: 4
[30.174s][debug][gc,phases      ] GC(26)   ObjectSynchronizer Weak        Min:  0.0, Avg:  0.0, Max:  0.0, Diff:  0.0, Sum:  0.0, Workers: 4
[30.174s][debug][gc,phases      ] GC(26)     Dead                           Min: 0, Avg:  0.0, Max: 0, Diff: 0, Sum: 0, Workers: 4
[30.174s][debug][gc,phases      ] GC(26)     Total                          Min: 0, Avg: 59.8, Max: 175, Diff: 175, Sum: 239, Workers: 4
[30.174s][debug][gc,phases      ] GC(26)   JVMTI Tag Weak OopStorage      Min:  0.0, Avg:  0.0, Max:  0.0, Diff:  0.0, Sum:  0.0, Workers: 4
[30.174s][debug][gc,phases      ] GC(26)     Dead                           Min: 0, Avg:  0.0, Max: 0, Diff: 0, Sum: 0, Workers: 4
[30.174s][debug][gc,phases      ] GC(26)     Total                          Min: 0, Avg:  0.0, Max: 0, Diff: 0, Sum: 0, Workers: 4
[30.174s][debug][gc,phases      ] GC(26)   StringTable Weak               Min:  0.0, Avg:  0.2, Max:  0.4, Diff:  0.4, Sum:  0.7, Workers: 4
[30.174s][debug][gc,phases      ] GC(26)     Dead                           Min: 0, Avg:  0.0, Max: 0, Diff: 0, Sum: 0, Workers: 4
[30.174s][debug][gc,phases      ] GC(26)     Total                          Min: 0, Avg: 10601.5, Max: 21542, Diff: 21542, Sum: 42406, Workers: 4
[30.174s][debug][gc,phases      ] GC(26)   ResolvedMethodTable Weak       Min:  0.0, Avg:  0.0, Max:  0.1, Diff:  0.1, Sum:  0.1, Workers: 4
[30.174s][debug][gc,phases      ] GC(26)     Dead                           Min: 0, Avg:  0.2, Max: 1, Diff: 1, Sum: 1, Workers: 4
[30.174s][debug][gc,phases      ] GC(26)     Total                          Min: 0, Avg: 1714.5, Max: 3455, Diff: 3455, Sum: 6858, Workers: 4
[30.174s][debug][gc,phases      ] GC(26)   JNI Weak                       Min:  0.0, Avg:  0.0, Max:  0.0, Diff:  0.0, Sum:  0.0, Workers: 4
[30.174s][debug][gc,phases      ] GC(26)     Dead                           Min: 0, Avg:  0.0, Max: 0, Diff: 0, Sum: 0, Workers: 4
[30.174s][debug][gc,phases      ] GC(26)     Total                          Min: 0, Avg:  1.2, Max: 5, Diff: 5, Sum: 5, Workers: 4
[30.174s][debug][gc,phases      ] GC(26)   StringDedup Table Weak         Min:  0.0, Avg:  0.0, Max:  0.0, Diff:  0.0, Sum:  0.0, Workers: 4
[30.174s][debug][gc,phases      ] GC(26)     Dead                           Min: 0, Avg:  0.0, Max: 0, Diff: 0, Sum: 0, Workers: 4
[30.174s][debug][gc,phases      ] GC(26)     Total                          Min: 0, Avg:  0.0, Max: 0, Diff: 0, Sum: 0, Workers: 4
[30.174s][debug][gc,phases      ] GC(26)   StringDedup Requests0 Weak     Min:  0.0, Avg:  0.0, Max:  0.0, Diff:  0.0, Sum:  0.0, Workers: 4
[30.174s][debug][gc,phases      ] GC(26)     Dead                           Min: 0, Avg:  0.0, Max: 0, Diff: 0, Sum: 0, Workers: 4
[30.174s][debug][gc,phases      ] GC(26)     Total                          Min: 0, Avg:  0.0, Max: 0, Diff: 0, Sum: 0, Workers: 4
[30.174s][debug][gc,phases      ] GC(26)   StringDedup Requests1 Weak     Min:  0.0, Avg:  0.0, Max:  0.0, Diff:  0.0, Sum:  0.0, Workers: 4
[30.174s][debug][gc,phases      ] GC(26)     Dead                           Min: 0, Avg:  0.0, Max: 0, Diff: 0, Sum: 0, Workers: 4
[30.174s][debug][gc,phases      ] GC(26)     Total                          Min: 0, Avg:  0.0, Max: 0, Diff: 0, Sum: 0, Workers: 4
[30.174s][debug][gc,phases      ] GC(26)   Weak JFR Old Object Samples    Min:  0.0, Avg:  0.0, Max:  0.0, Diff:  0.0, Sum:  0.0, Workers: 4
[30.174s][debug][gc,phases      ] GC(26)     Dead                           Min: 0, Avg:  0.0, Max: 0, Diff: 0, Sum: 0, Workers: 4
[30.174s][debug][gc,phases      ] GC(26)     Total                          Min: 0, Avg:  0.0, Max: 0, Diff: 0, Sum: 0, Workers: 4
[30.174s][debug][gc,phases      ] GC(26) Weak Processing 0.692ms
[30.174s][debug][gc,phases      ] GC(26) ClassLoaderData 0.081ms
[30.174s][debug][gc,phases      ] GC(26) Trigger cleanups 0.001ms
[30.183s][debug][gc,phases      ] GC(26) Class Unloading 9.019ms
[30.183s][info ][gc,phases      ] GC(26) Marking Phase 444.020ms
[30.183s][info ][gc,phases,start] GC(26) Summary Phase
[30.183s][info ][gc,phases      ] GC(26) Summary Phase 0.028ms
[30.183s][info ][gc,phases,start] GC(26) Adjust Roots
[30.201s][info ][gc,phases      ] GC(26) Adjust Roots 17.907ms
[30.201s][info ][gc,phases,start] GC(26) Compaction Phase
[31.086s][info ][gc,phases      ] GC(26) Compaction Phase 884.212ms
[31.086s][info ][gc,phases,start] GC(26) Post Compact
[31.088s][info ][gc,phases      ] GC(26) Post Compact 2.518ms
[31.088s][info ][gc,heap        ] GC(26) PSYoungGen: 277998K(1619456K)->257093K(1619456K) Eden: 0K(1341440K)->0K(1341440K) From: 277998K(278016K)->257093K(278016K)
[31.088s][info ][gc,heap        ] GC(26) ParOldGen: 252175K(271360K)->271204K(355840K)
[31.088s][info ][gc,metaspace   ] GC(26) Metaspace: 66981K(67776K)->66981K(67776K) NonClass: 57206K(57664K)->57206K(57664K) Class: 9774K(10112K)->9774K(10112K)
[31.088s][info ][gc             ] GC(26) Pause Full (Ergonomics) 517M->515M(1929M) 1349.066ms
[31.088s][info ][gc,cpu         ] GC(26) User=4.26s Sys=0.00s Real=1.35s
[31.109s][info ][safepoint      ] Safepoint "ParallelGCFailedAllocation", Time since last: 79995910 ns, Reaching safepoint: 9126147 ns, At safepoint: 1811946778 ns, Total: 1821072925 ns
[31.114s][info ][safepoint      ] Safepoint "ICBufferFull", Time since last: 4081921 ns, Reaching safepoint: 132100 ns, At safepoint: 22400 ns, Total: 154500 ns
[31.118s][info ][safepoint      ] Safepoint "ICBufferFull", Time since last: 47701 ns, Reaching safepoint: 4223921 ns, At safepoint: 15000 ns, Total: 4238921 ns
[31.175s][info ][safepoint      ] Safepoint "ICBufferFull", Time since last: 56900892 ns, Reaching safepoint: 205501 ns, At safepoint: 15800 ns, Total: 221301 ns
[31.233s][info ][safepoint      ] Safepoint "ICBufferFull", Time since last: 50514958 ns, Reaching safepoint: 7467038 ns, At safepoint: 25701 ns, Total: 7492739 ns
[31.255s][info ][safepoint      ] Safepoint "ICBufferFull", Time since last: 18501894 ns, Reaching safepoint: 3187917 ns, At safepoint: 16400 ns, Total: 3204317 ns
[31.286s][info ][safepoint      ] Safepoint "ICBufferFull", Time since last: 31584161 ns, Reaching safepoint: 128301 ns, At safepoint: 20600 ns, Total: 148901 ns
[31.326s][info ][safepoint      ] Safepoint "ICBufferFull", Time since last: 35976984 ns, Reaching safepoint: 3182816 ns, At safepoint: 25700 ns, Total: 3208516 ns
[31.401s][info ][safepoint      ] Safepoint "ICBufferFull", Time since last: 32350466 ns, Reaching safepoint: 43406522 ns, At safepoint: 45900 ns, Total: 43452422 ns
[31.469s][info ][safepoint      ] Safepoint "ICBufferFull", Time since last: 53811675 ns, Reaching safepoint: 14150873 ns, At safepoint: 31600 ns, Total: 14182473 ns
[31.545s][info ][safepoint      ] Safepoint "ICBufferFull", Time since last: 56467088 ns, Reaching safepoint: 19489500 ns, At safepoint: 42900 ns, Total: 19532400 ns
[31.585s][info ][safepoint      ] Safepoint "ICBufferFull", Time since last: 25812932 ns, Reaching safepoint: 14174873 ns, At safepoint: 30800 ns, Total: 14205673 ns
[31.665s][info ][safepoint      ] Safepoint "ICBufferFull", Time since last: 67901447 ns, Reaching safepoint: 11210558 ns, At safepoint: 29300 ns, Total: 11239858 ns
[31.713s][info ][safepoint      ] Safepoint "ICBufferFull", Time since last: 28975948 ns, Reaching safepoint: 19773601 ns, At safepoint: 44600 ns, Total: 19818201 ns
[31.765s][info ][safepoint      ] Safepoint "ICBufferFull", Time since last: 40009905 ns, Reaching safepoint: 11072556 ns, At safepoint: 46101 ns, Total: 11118657 ns
[31.837s][info ][safepoint      ] Safepoint "ICBufferFull", Time since last: 63076722 ns, Reaching safepoint: 9815950 ns, At safepoint: 31001 ns, Total: 9846951 ns
[31.845s][info ][gc,start       ] GC(27) Pause Young (Allocation Failure)
[32.177s][debug][gc,phases      ] GC(27) Scavenge 331.862ms
[32.177s][debug][gc,ref         ] GC(27) Skipped phase 1 of Reference Processing: no references
[32.178s][debug][gc,ref         ] GC(27) ReferenceProcessor::execute queues: 1, RefProcThreadModel::Single, marks_oops_alive: false
[32.178s][debug][gc,ref         ] GC(27) Skipped phase 3 of Reference Processing: no references
[32.178s][debug][gc,ref         ] GC(27) ReferenceProcessor::execute queues: 1, RefProcThreadModel::Single, marks_oops_alive: false
[32.178s][debug][gc,phases      ] GC(27) Reference Processing 0.139ms
[32.178s][debug][gc,phases      ] GC(27)   VM Weak                        Min:  0.0, Avg:  0.0, Max:  0.0, Diff:  0.0, Sum:  0.0, Workers: 4
[32.178s][debug][gc,phases      ] GC(27)     Dead                           Min: 0, Avg:  0.0, Max: 0, Diff: 0, Sum: 0, Workers: 4
[32.178s][debug][gc,phases      ] GC(27)     Total                          Min: 0, Avg: 146.2, Max: 585, Diff: 585, Sum: 585, Workers: 4
[32.178s][debug][gc,phases      ] GC(27)   ObjectSynchronizer Weak        Min:  0.0, Avg:  0.0, Max:  0.0, Diff:  0.0, Sum:  0.0, Workers: 4
[32.178s][debug][gc,phases      ] GC(27)     Dead                           Min: 0, Avg:  0.0, Max: 0, Diff: 0, Sum: 0, Workers: 4
[32.178s][debug][gc,phases      ] GC(27)     Total                          Min: 0, Avg: 59.8, Max: 239, Diff: 239, Sum: 239, Workers: 4
[32.178s][debug][gc,phases      ] GC(27)   JVMTI Tag Weak OopStorage      Min:  0.0, Avg:  0.0, Max:  0.0, Diff:  0.0, Sum:  0.0, Workers: 4
[32.178s][debug][gc,phases      ] GC(27)     Dead                           Min: 0, Avg:  0.0, Max: 0, Diff: 0, Sum: 0, Workers: 4
[32.178s][debug][gc,phases      ] GC(27)     Total                          Min: 0, Avg:  0.0, Max: 0, Diff: 0, Sum: 0, Workers: 4
[32.178s][debug][gc,phases      ] GC(27)   StringTable Weak               Min:  0.0, Avg:  0.1, Max:  0.4, Diff:  0.4, Sum:  0.4, Workers: 4
[32.178s][debug][gc,phases      ] GC(27)     Dead                           Min: 0, Avg:  3.0, Max: 12, Diff: 12, Sum: 12, Workers: 4
[32.178s][debug][gc,phases      ] GC(27)     Total                          Min: 0, Avg: 10614.2, Max: 42457, Diff: 42457, Sum: 42457, Workers: 4
[32.178s][debug][gc,phases      ] GC(27)   ResolvedMethodTable Weak       Min:  0.0, Avg:  0.0, Max:  0.1, Diff:  0.1, Sum:  0.1, Workers: 4
[32.178s][debug][gc,phases      ] GC(27)     Dead                           Min: 0, Avg:  0.0, Max: 0, Diff: 0, Sum: 0, Workers: 4
[32.178s][debug][gc,phases      ] GC(27)     Total                          Min: 0, Avg: 1717.8, Max: 6871, Diff: 6871, Sum: 6871, Workers: 4
[32.178s][debug][gc,phases      ] GC(27)   JNI Weak                       Min:  0.0, Avg:  0.0, Max:  0.0, Diff:  0.0, Sum:  0.0, Workers: 4
[32.178s][debug][gc,phases      ] GC(27)     Dead                           Min: 0, Avg:  0.0, Max: 0, Diff: 0, Sum: 0, Workers: 4
[32.178s][debug][gc,phases      ] GC(27)     Total                          Min: 0, Avg:  2.5, Max: 10, Diff: 10, Sum: 10, Workers: 4
[32.178s][debug][gc,phases      ] GC(27)   StringDedup Table Weak         Min:  0.0, Avg:  0.0, Max:  0.0, Diff:  0.0, Sum:  0.0, Workers: 4
[32.178s][debug][gc,phases      ] GC(27)     Dead                           Min: 0, Avg:  0.0, Max: 0, Diff: 0, Sum: 0, Workers: 4
[32.178s][debug][gc,phases      ] GC(27)     Total                          Min: 0, Avg:  0.0, Max: 0, Diff: 0, Sum: 0, Workers: 4
[32.178s][debug][gc,phases      ] GC(27)   StringDedup Requests0 Weak     Min:  0.0, Avg:  0.0, Max:  0.0, Diff:  0.0, Sum:  0.0, Workers: 4
[32.178s][debug][gc,phases      ] GC(27)     Dead                           Min: 0, Avg:  0.0, Max: 0, Diff: 0, Sum: 0, Workers: 4
[32.178s][debug][gc,phases      ] GC(27)     Total                          Min: 0, Avg:  0.0, Max: 0, Diff: 0, Sum: 0, Workers: 4
[32.178s][debug][gc,phases      ] GC(27)   StringDedup Requests1 Weak     Min:  0.0, Avg:  0.0, Max:  0.0, Diff:  0.0, Sum:  0.0, Workers: 4
[32.178s][debug][gc,phases      ] GC(27)     Dead                           Min: 0, Avg:  0.0, Max: 0, Diff: 0, Sum: 0, Workers: 4
[32.178s][debug][gc,phases      ] GC(27)     Total                          Min: 0, Avg:  0.0, Max: 0, Diff: 0, Sum: 0, Workers: 4
[32.178s][debug][gc,phases      ] GC(27)   Weak JFR Old Object Samples    Min:  0.0, Avg:  0.0, Max:  0.0, Diff:  0.0, Sum:  0.0, Workers: 4
[32.178s][debug][gc,phases      ] GC(27)     Dead                           Min: 0, Avg:  0.0, Max: 0, Diff: 0, Sum: 0, Workers: 4
[32.178s][debug][gc,phases      ] GC(27)     Total                          Min: 0, Avg:  0.0, Max: 0, Diff: 0, Sum: 0, Workers: 4
[32.178s][debug][gc,phases      ] GC(27) Weak Processing 0.783ms
[32.178s][debug][gc,age         ] GC(27) Desired survivor size 409468928 bytes, new threshold 15 (max threshold 15)
[32.178s][info ][gc,heap        ] GC(27) PSYoungGen: 1598533K(1619456K)->256864K(1598464K) Eden: 1341440K(1341440K)->0K(1341440K) From: 257093K(278016K)->256864K(257024K)
[32.178s][info ][gc,heap        ] GC(27) ParOldGen: 271204K(355840K)->272300K(355840K)
[32.178s][info ][gc,metaspace   ] GC(27) Metaspace: 67095K(67904K)->67095K(67904K) NonClass: 57304K(57728K)->57304K(57728K) Class: 9790K(10176K)->9790K(10176K)
[32.178s][info ][gc             ] GC(27) Pause Young (Allocation Failure) 1825M->516M(1908M) 332.951ms
[32.178s][info ][gc,cpu         ] GC(27) User=0.73s Sys=0.00s Real=0.33s
[32.179s][info ][safepoint      ] Safepoint "ParallelGCFailedAllocation", Time since last: 3932120 ns, Reaching safepoint: 4019520 ns, At safepoint: 333095804 ns, Total: 337115324 ns
[32.245s][info ][safepoint      ] Safepoint "ICBufferFull", Time since last: 50313057 ns, Reaching safepoint: 16050582 ns, At safepoint: 40300 ns, Total: 16090882 ns
[32.269s][info ][safepoint      ] Safepoint "ICBufferFull", Time since last: 12516964 ns, Reaching safepoint: 11960761 ns, At safepoint: 32301 ns, Total: 11993062 ns
[32.273s][info ][safepoint      ] Safepoint "ICBufferFull", Time since last: 76200 ns, Reaching safepoint: 3717619 ns, At safepoint: 27200 ns, Total: 3744819 ns
[32.329s][info ][safepoint      ] Safepoint "ICBufferFull", Time since last: 39166400 ns, Reaching safepoint: 16966987 ns, At safepoint: 44200 ns, Total: 17011187 ns
[32.357s][info ][safepoint      ] Safepoint "ICBufferFull", Time since last: 11584459 ns, Reaching safepoint: 16212783 ns, At safepoint: 70000 ns, Total: 16282783 ns
[32.401s][info ][safepoint      ] Safepoint "ICBufferFull", Time since last: 28882648 ns, Reaching safepoint: 15206678 ns, At safepoint: 51800 ns, Total: 15258478 ns
[32.443s][info ][safepoint      ] Safepoint "ICBufferFull", Time since last: 34410776 ns, Reaching safepoint: 6637434 ns, At safepoint: 42800 ns, Total: 6680234 ns
[32.457s][info ][safepoint      ] Safepoint "ICBufferFull", Time since last: 14242173 ns, Reaching safepoint: 137000 ns, At safepoint: 28701 ns, Total: 165701 ns
[32.505s][info ][safepoint      ] Safepoint "ICBufferFull", Time since last: 29285149 ns, Reaching safepoint: 19176098 ns, At safepoint: 49700 ns, Total: 19225798 ns
[32.530s][info ][safepoint      ] Safepoint "ICBufferFull", Time since last: 19723201 ns, Reaching safepoint: 4464323 ns, At safepoint: 40400 ns, Total: 4504723 ns
[32.591s][info ][safepoint      ] Safepoint "ICBufferFull", Time since last: 60568410 ns, Reaching safepoint: 771404 ns, At safepoint: 23500 ns, Total: 794904 ns
[32.633s][info ][safepoint      ] Safepoint "ICBufferFull", Time since last: 27283639 ns, Reaching safepoint: 15113177 ns, At safepoint: 35701 ns, Total: 15148878 ns
[32.683s][info ][safepoint      ] Safepoint "ICBufferFull", Time since last: 35998184 ns, Reaching safepoint: 13389668 ns, At safepoint: 30100 ns, Total: 13419768 ns
[32.694s][info ][safepoint      ] Safepoint "ICBufferFull", Time since last: 7772440 ns, Reaching safepoint: 3559318 ns, At safepoint: 32800 ns, Total: 3592118 ns
[32.749s][info ][safepoint      ] Safepoint "ICBufferFull", Time since last: 46267437 ns, Reaching safepoint: 8909545 ns, At safepoint: 33300 ns, Total: 8942845 ns
[32.791s][info ][safepoint      ] Safepoint "ICBufferFull", Time since last: 25834832 ns, Reaching safepoint: 15299478 ns, At safepoint: 29801 ns, Total: 15329279 ns
[32.796s][info ][safepoint      ] Safepoint "ICBufferFull", Time since last: 2803514 ns, Reaching safepoint: 2149811 ns, At safepoint: 34100 ns, Total: 2183911 ns
[32.814s][info ][safepoint      ] Safepoint "ICBufferFull", Time since last: 13800771 ns, Reaching safepoint: 4327322 ns, At safepoint: 25700 ns, Total: 4353022 ns
[32.840s][info ][safepoint      ] Safepoint "ICBufferFull", Time since last: 26117833 ns, Reaching safepoint: 133701 ns, At safepoint: 20800 ns, Total: 154501 ns
[32.896s][info ][safepoint      ] Safepoint "ICBufferFull", Time since last: 46549638 ns, Reaching safepoint: 9207447 ns, At safepoint: 40700 ns, Total: 9248147 ns
[32.922s][info ][safepoint      ] Safepoint "ICBufferFull", Time since last: 22965017 ns, Reaching safepoint: 3213817 ns, At safepoint: 29500 ns, Total: 3243317 ns
[32.949s][info ][safepoint      ] Safepoint "ICBufferFull", Time since last: 22081513 ns, Reaching safepoint: 5272127 ns, At safepoint: 31200 ns, Total: 5303327 ns
[32.973s][info ][safepoint      ] Safepoint "ICBufferFull", Time since last: 23114018 ns, Reaching safepoint: 325602 ns, At safepoint: 19900 ns, Total: 345502 ns
[33.003s][info ][safepoint      ] Safepoint "ICBufferFull", Time since last: 29622651 ns, Reaching safepoint: 119301 ns, At safepoint: 23200 ns, Total: 142501 ns
[33.026s][info ][safepoint      ] Safepoint "ICBufferFull", Time since last: 21377309 ns, Reaching safepoint: 2165911 ns, At safepoint: 28400 ns, Total: 2194311 ns
[33.085s][info ][safepoint      ] Safepoint "ICBufferFull", Time since last: 39995105 ns, Reaching safepoint: 19146998 ns, At safepoint: 35200 ns, Total: 19182198 ns
[33.111s][info ][safepoint      ] Safepoint "ICBufferFull", Time since last: 25683131 ns, Reaching safepoint: 117501 ns, At safepoint: 35300 ns, Total: 152801 ns
[33.132s][info ][safepoint      ] Safepoint "ICBufferFull", Time since last: 13396268 ns, Reaching safepoint: 7005336 ns, At safepoint: 50800 ns, Total: 7056136 ns
[33.157s][info ][safepoint      ] Safepoint "ICBufferFull", Time since last: 13936171 ns, Reaching safepoint: 10891856 ns, At safepoint: 22300 ns, Total: 10914156 ns
[33.218s][info ][safepoint      ] Safepoint "ICBufferFull", Time since last: 45039830 ns, Reaching safepoint: 16058982 ns, At safepoint: 27101 ns, Total: 16086083 ns
[33.245s][info ][safepoint      ] Safepoint "ICBufferFull", Time since last: 20533504 ns, Reaching safepoint: 7212337 ns, At safepoint: 25300 ns, Total: 7237637 ns
[33.263s][info ][safepoint      ] Safepoint "ICBufferFull", Time since last: 11926561 ns, Reaching safepoint: 5252927 ns, At safepoint: 39300 ns, Total: 5292227 ns
[33.297s][info ][gc,start       ] GC(28) Pause Young (Allocation Failure)
[33.489s][debug][gc,phases      ] GC(28) Scavenge 192.587ms
[33.489s][debug][gc,ref         ] GC(28) Skipped phase 1 of Reference Processing: no references
[33.489s][debug][gc,ref         ] GC(28) ReferenceProcessor::execute queues: 1, RefProcThreadModel::Single, marks_oops_alive: false
[33.489s][debug][gc,ref         ] GC(28) Skipped phase 3 of Reference Processing: no references
[33.489s][debug][gc,ref         ] GC(28) ReferenceProcessor::execute queues: 1, RefProcThreadModel::Single, marks_oops_alive: false
[33.490s][debug][gc,phases      ] GC(28) Reference Processing 0.199ms
[33.490s][debug][gc,phases      ] GC(28)   VM Weak                        Min:  0.0, Avg:  0.0, Max:  0.0, Diff:  0.0, Sum:  0.0, Workers: 4
[33.490s][debug][gc,phases      ] GC(28)     Dead                           Min: 0, Avg:  0.0, Max: 0, Diff: 0, Sum: 0, Workers: 4
[33.490s][debug][gc,phases      ] GC(28)     Total                          Min: 0, Avg: 146.5, Max: 586, Diff: 586, Sum: 586, Workers: 4
[33.490s][debug][gc,phases      ] GC(28)   ObjectSynchronizer Weak        Min:  0.0, Avg:  0.0, Max:  0.0, Diff:  0.0, Sum:  0.0, Workers: 4
[33.490s][debug][gc,phases      ] GC(28)     Dead                           Min: 0, Avg:  0.0, Max: 0, Diff: 0, Sum: 0, Workers: 4
[33.490s][debug][gc,phases      ] GC(28)     Total                          Min: 0, Avg: 59.8, Max: 239, Diff: 239, Sum: 239, Workers: 4
[33.490s][debug][gc,phases      ] GC(28)   JVMTI Tag Weak OopStorage      Min:  0.0, Avg:  0.0, Max:  0.0, Diff:  0.0, Sum:  0.0, Workers: 4
[33.490s][debug][gc,phases      ] GC(28)     Dead                           Min: 0, Avg:  0.0, Max: 0, Diff: 0, Sum: 0, Workers: 4
[33.490s][debug][gc,phases      ] GC(28)     Total                          Min: 0, Avg:  0.0, Max: 0, Diff: 0, Sum: 0, Workers: 4
[33.490s][debug][gc,phases      ] GC(28)   StringTable Weak               Min:  0.0, Avg:  0.1, Max:  0.3, Diff:  0.3, Sum:  0.5, Workers: 4
[33.490s][debug][gc,phases      ] GC(28)     Dead                           Min: 0, Avg:  2.8, Max: 11, Diff: 11, Sum: 11, Workers: 4
[33.490s][debug][gc,phases      ] GC(28)     Total                          Min: 0, Avg: 10618.8, Max: 23019, Diff: 23019, Sum: 42475, Workers: 4
[33.490s][debug][gc,phases      ] GC(28)   ResolvedMethodTable Weak       Min:  0.0, Avg:  0.0, Max:  0.0, Diff:  0.0, Sum:  0.1, Workers: 4
[33.490s][debug][gc,phases      ] GC(28)     Dead                           Min: 0, Avg:  0.0, Max: 0, Diff: 0, Sum: 0, Workers: 4
[33.490s][debug][gc,phases      ] GC(28)     Total                          Min: 0, Avg: 1719.0, Max: 3612, Diff: 3612, Sum: 6876, Workers: 4
[33.490s][debug][gc,phases      ] GC(28)   JNI Weak                       Min:  0.0, Avg:  0.0, Max:  0.0, Diff:  0.0, Sum:  0.0, Workers: 4
[33.490s][debug][gc,phases      ] GC(28)     Dead                           Min: 0, Avg:  0.0, Max: 0, Diff: 0, Sum: 0, Workers: 4
[33.490s][debug][gc,phases      ] GC(28)     Total                          Min: 0, Avg:  1.2, Max: 5, Diff: 5, Sum: 5, Workers: 4
[33.490s][debug][gc,phases      ] GC(28)   StringDedup Table Weak         Min:  0.0, Avg:  0.0, Max:  0.0, Diff:  0.0, Sum:  0.0, Workers: 4
[33.490s][debug][gc,phases      ] GC(28)     Dead                           Min: 0, Avg:  0.0, Max: 0, Diff: 0, Sum: 0, Workers: 4
[33.490s][debug][gc,phases      ] GC(28)     Total                          Min: 0, Avg:  0.0, Max: 0, Diff: 0, Sum: 0, Workers: 4
[33.490s][debug][gc,phases      ] GC(28)   StringDedup Requests0 Weak     Min:  0.0, Avg:  0.0, Max:  0.0, Diff:  0.0, Sum:  0.0, Workers: 4
[33.490s][debug][gc,phases      ] GC(28)     Dead                           Min: 0, Avg:  0.0, Max: 0, Diff: 0, Sum: 0, Workers: 4
[33.490s][debug][gc,phases      ] GC(28)     Total                          Min: 0, Avg:  0.0, Max: 0, Diff: 0, Sum: 0, Workers: 4
[33.490s][debug][gc,phases      ] GC(28)   StringDedup Requests1 Weak     Min:  0.0, Avg:  0.0, Max:  0.0, Diff:  0.0, Sum:  0.0, Workers: 4
[33.490s][debug][gc,phases      ] GC(28)     Dead                           Min: 0, Avg:  0.0, Max: 0, Diff: 0, Sum: 0, Workers: 4
[33.490s][debug][gc,phases      ] GC(28)     Total                          Min: 0, Avg:  0.0, Max: 0, Diff: 0, Sum: 0, Workers: 4
[33.490s][debug][gc,phases      ] GC(28)   Weak JFR Old Object Samples    Min:  0.0, Avg:  0.0, Max:  0.0, Diff:  0.0, Sum:  0.0, Workers: 4
[33.490s][debug][gc,phases      ] GC(28)     Dead                           Min: 0, Avg:  0.0, Max: 0, Diff: 0, Sum: 0, Workers: 4
[33.490s][debug][gc,phases      ] GC(28)     Total                          Min: 0, Avg:  0.0, Max: 0, Diff: 0, Sum: 0, Workers: 4
[33.490s][debug][gc,phases      ] GC(28) Weak Processing 0.580ms
[33.490s][debug][gc,age         ] GC(28) Desired survivor size 426770432 bytes, new threshold 15 (max threshold 15)
[33.490s][info ][gc,heap        ] GC(28) PSYoungGen: 1598304K(1598464K)->257296K(1663488K) Eden: 1341440K(1341440K)->0K(1263616K) From: 256864K(257024K)->257296K(399872K)
[33.490s][info ][gc,heap        ] GC(28) ParOldGen: 272300K(355840K)->272308K(355840K)
[33.490s][info ][gc,metaspace   ] GC(28) Metaspace: 67295K(68096K)->67295K(68096K) NonClass: 57490K(57920K)->57490K(57920K) Class: 9804K(10176K)->9804K(10176K)
[33.490s][info ][gc             ] GC(28) Pause Young (Allocation Failure) 1826M->517M(1972M) 193.552ms
[33.490s][info ][gc,cpu         ] GC(28) User=0.59s Sys=0.00s Real=0.20s
[33.490s][info ][safepoint      ] Safepoint "ParallelGCFailedAllocation", Time since last: 23261119 ns, Reaching safepoint: 10664155 ns, At safepoint: 193677888 ns, Total: 204342043 ns
[33.508s][info ][safepoint      ] Safepoint "ICBufferFull", Time since last: 17266689 ns, Reaching safepoint: 313701 ns, At safepoint: 13900 ns, Total: 327601 ns
[33.516s][info ][safepoint      ] Safepoint "ICBufferFull", Time since last: 8381643 ns, Reaching safepoint: 126101 ns, At safepoint: 14200 ns, Total: 140301 ns
[33.536s][info ][safepoint      ] Safepoint "ICBufferFull", Time since last: 15424378 ns, Reaching safepoint: 4248622 ns, At safepoint: 33800 ns, Total: 4282422 ns
[33.554s][info ][safepoint      ] Safepoint "ICBufferFull", Time since last: 18049793 ns, Reaching safepoint: 128000 ns, At safepoint: 19100 ns, Total: 147100 ns
[33.568s][info ][safepoint      ] Safepoint "ICBufferFull", Time since last: 13612070 ns, Reaching safepoint: 193101 ns, At safepoint: 22500 ns, Total: 215601 ns
[33.608s][info ][safepoint      ] Safepoint "ICBufferFull", Time since last: 37360391 ns, Reaching safepoint: 2154811 ns, At safepoint: 17200 ns, Total: 2172011 ns
[33.612s][info ][safepoint      ] Safepoint "ICBufferFull", Time since last: 4569623 ns, Reaching safepoint: 184801 ns, At safepoint: 17800 ns, Total: 202601 ns
[33.661s][info ][safepoint      ] Safepoint "ICBufferFull", Time since last: 35084979 ns, Reaching safepoint: 13912271 ns, At safepoint: 37100 ns, Total: 13949371 ns
[33.690s][info ][safepoint      ] Safepoint "ICBufferFull", Time since last: 14228673 ns, Reaching safepoint: 14496674 ns, At safepoint: 31500 ns, Total: 14528174 ns
[33.701s][info ][safepoint      ] Safepoint "ICBufferFull", Time since last: 5073726 ns, Reaching safepoint: 6089631 ns, At safepoint: 38600 ns, Total: 6128231 ns
[33.721s][info ][safepoint      ] Safepoint "ICBufferFull", Time since last: 11397359 ns, Reaching safepoint: 8562543 ns, At safepoint: 39100 ns, Total: 8601643 ns
[33.730s][info ][safepoint      ] Safepoint "ICBufferFull", Time since last: 7121437 ns, Reaching safepoint: 1459507 ns, At safepoint: 19300 ns, Total: 1478807 ns
[33.753s][info ][safepoint      ] Safepoint "ICBufferFull", Time since last: 16194383 ns, Reaching safepoint: 7202537 ns, At safepoint: 25200 ns, Total: 7227737 ns
[33.761s][info ][safepoint      ] Safepoint "ICBufferFull", Time since last: 4106421 ns, Reaching safepoint: 3873420 ns, At safepoint: 34500 ns, Total: 3907920 ns
[33.769s][info ][safepoint      ] Safepoint "ICBufferFull", Time since last: 4564623 ns, Reaching safepoint: 3395217 ns, At safepoint: 25501 ns, Total: 3420718 ns
[33.786s][info ][safepoint      ] Safepoint "ICBufferFull", Time since last: 8100241 ns, Reaching safepoint: 8876145 ns, At safepoint: 32400 ns, Total: 8908545 ns
[33.819s][info ][safepoint      ] Safepoint "ICBufferFull", Time since last: 26203134 ns, Reaching safepoint: 6674334 ns, At safepoint: 34100 ns, Total: 6708434 ns
[33.835s][info ][safepoint      ] Safepoint "ICBufferFull", Time since last: 4827525 ns, Reaching safepoint: 10606154 ns, At safepoint: 33400 ns, Total: 10639554 ns
[33.840s][info ][safepoint      ] Safepoint "ICBufferFull", Time since last: 4369823 ns, Reaching safepoint: 514802 ns, At safepoint: 20200 ns, Total: 535002 ns
[33.851s][info ][safepoint      ] Safepoint "ICBufferFull", Time since last: 5365528 ns, Reaching safepoint: 6362832 ns, At safepoint: 37401 ns, Total: 6400233 ns
[33.870s][info ][safepoint      ] Safepoint "ICBufferFull", Time since last: 9975150 ns, Reaching safepoint: 8680545 ns, At safepoint: 25900 ns, Total: 8706445 ns
[33.876s][info ][safepoint      ] Safepoint "ICBufferFull", Time since last: 5547528 ns, Reaching safepoint: 115301 ns, At safepoint: 16100 ns, Total: 131401 ns
[33.896s][info ][safepoint      ] Safepoint "ICBufferFull", Time since last: 4769724 ns, Reaching safepoint: 15570980 ns, At safepoint: 30000 ns, Total: 15600980 ns
[33.912s][info ][safepoint      ] Safepoint "ICBufferFull", Time since last: 5201326 ns, Reaching safepoint: 10515054 ns, At safepoint: 38000 ns, Total: 10553054 ns
[33.922s][info ][safepoint      ] Safepoint "ICBufferFull", Time since last: 5717330 ns, Reaching safepoint: 4338622 ns, At safepoint: 31400 ns, Total: 4370022 ns
[33.939s][info ][safepoint      ] Safepoint "ICBufferFull", Time since last: 6516333 ns, Reaching safepoint: 9976251 ns, At safepoint: 44300 ns, Total: 10020551 ns
[33.973s][info ][safepoint      ] Safepoint "ICBufferFull", Time since last: 28264545 ns, Reaching safepoint: 5694529 ns, At safepoint: 28800 ns, Total: 5723329 ns
[33.990s][info ][safepoint      ] Safepoint "ICBufferFull", Time since last: 12434263 ns, Reaching safepoint: 5324327 ns, At safepoint: 17901 ns, Total: 5342228 ns
[34.021s][info ][safepoint      ] Safepoint "ICBufferFull", Time since last: 12556264 ns, Reaching safepoint: 18457994 ns, At safepoint: 43100 ns, Total: 18501094 ns
[34.057s][info ][safepoint      ] Safepoint "ICBufferFull", Time since last: 15562880 ns, Reaching safepoint: 20408004 ns, At safepoint: 40600 ns, Total: 20448604 ns
[34.081s][info ][safepoint      ] Safepoint "ICBufferFull", Time since last: 12935366 ns, Reaching safepoint: 11021656 ns, At safepoint: 33800 ns, Total: 11055456 ns
[34.105s][info ][safepoint      ] Safepoint "ICBufferFull", Time since last: 11948861 ns, Reaching safepoint: 12018662 ns, At safepoint: 38300 ns, Total: 12056962 ns
[34.129s][info ][safepoint      ] Safepoint "ICBufferFull", Time since last: 12020761 ns, Reaching safepoint: 11952561 ns, At safepoint: 38101 ns, Total: 11990662 ns
[34.157s][info ][safepoint      ] Safepoint "ICBufferFull", Time since last: 12218262 ns, Reaching safepoint: 15717280 ns, At safepoint: 47700 ns, Total: 15764980 ns
[34.193s][info ][safepoint      ] Safepoint "ICBufferFull", Time since last: 20977007 ns, Reaching safepoint: 14059272 ns, At safepoint: 45101 ns, Total: 14104373 ns
[34.225s][info ][safepoint      ] Safepoint "ICBufferFull", Time since last: 14989476 ns, Reaching safepoint: 17881491 ns, At safepoint: 48601 ns, Total: 17930092 ns
[34.249s][info ][safepoint      ] Safepoint "ICBufferFull", Time since last: 11383458 ns, Reaching safepoint: 12602164 ns, At safepoint: 53800 ns, Total: 12655964 ns
[34.269s][info ][safepoint      ] Safepoint "ICBufferFull", Time since last: 8619944 ns, Reaching safepoint: 11289658 ns, At safepoint: 45500 ns, Total: 11335158 ns
[34.284s][info ][safepoint      ] Safepoint "ICBufferFull", Time since last: 6531133 ns, Reaching safepoint: 7911541 ns, At safepoint: 43400 ns, Total: 7954941 ns
[34.294s][info ][safepoint      ] Safepoint "ICBufferFull", Time since last: 5324927 ns, Reaching safepoint: 4712124 ns, At safepoint: 34000 ns, Total: 4746124 ns
[34.309s][info ][safepoint      ] Safepoint "ICBufferFull", Time since last: 5040526 ns, Reaching safepoint: 10371453 ns, At safepoint: 46800 ns, Total: 10418253 ns
[34.333s][info ][safepoint      ] Safepoint "ICBufferFull", Time since last: 6135132 ns, Reaching safepoint: 17806890 ns, At safepoint: 56101 ns, Total: 17862991 ns
[34.365s][info ][safepoint      ] Safepoint "ICBufferFull", Time since last: 24711426 ns, Reaching safepoint: 6932635 ns, At safepoint: 35500 ns, Total: 6968135 ns
[34.389s][info ][safepoint      ] Safepoint "ICBufferFull", Time since last: 12641665 ns, Reaching safepoint: 11629759 ns, At safepoint: 47400 ns, Total: 11677159 ns
[34.405s][info ][safepoint      ] Safepoint "ICBufferFull", Time since last: 5532329 ns, Reaching safepoint: 10434253 ns, At safepoint: 36600 ns, Total: 10470853 ns
[34.425s][info ][safepoint      ] Safepoint "ICBufferFull", Time since last: 5876930 ns, Reaching safepoint: 14073372 ns, At safepoint: 50400 ns, Total: 14123772 ns
[34.441s][info ][safepoint      ] Safepoint "ICBufferFull", Time since last: 5983831 ns, Reaching safepoint: 9956550 ns, At safepoint: 45801 ns, Total: 10002351 ns
[34.456s][info ][safepoint      ] Safepoint "ICBufferFull", Time since last: 5719329 ns, Reaching safepoint: 8798145 ns, At safepoint: 49100 ns, Total: 8847245 ns
[34.481s][info ][safepoint      ] Safepoint "ICBufferFull", Time since last: 12282463 ns, Reaching safepoint: 13124966 ns, At safepoint: 56801 ns, Total: 13181767 ns
[34.496s][info ][safepoint      ] Safepoint "ICBufferFull", Time since last: 6402932 ns, Reaching safepoint: 8562344 ns, At safepoint: 59600 ns, Total: 8621944 ns
[34.507s][info ][gc,start       ] GC(29) Pause Young (Allocation Failure)
[34.782s][debug][gc,phases      ] GC(29) Scavenge 275.136ms
[34.782s][debug][gc,ref         ] GC(29) Skipped phase 1 of Reference Processing: no references
[34.782s][debug][gc,ref         ] GC(29) ReferenceProcessor::execute queues: 1, RefProcThreadModel::Single, marks_oops_alive: false
[34.782s][debug][gc,ref         ] GC(29) Skipped phase 3 of Reference Processing: no references
[34.782s][debug][gc,ref         ] GC(29) ReferenceProcessor::execute queues: 1, RefProcThreadModel::Single, marks_oops_alive: false
[34.783s][debug][gc,phases      ] GC(29) Reference Processing 0.137ms
[34.785s][debug][gc,phases      ] GC(29)   VM Weak                        Min:  0.0, Avg:  0.0, Max:  0.0, Diff:  0.0, Sum:  0.0, Workers: 4
[34.785s][debug][gc,phases      ] GC(29)     Dead                           Min: 0, Avg:  0.0, Max: 0, Diff: 0, Sum: 0, Workers: 4
[34.785s][debug][gc,phases      ] GC(29)     Total                          Min: 0, Avg: 146.5, Max: 586, Diff: 586, Sum: 586, Workers: 4
[34.785s][debug][gc,phases      ] GC(29)   ObjectSynchronizer Weak        Min:  0.0, Avg:  0.0, Max:  0.0, Diff:  0.0, Sum:  0.0, Workers: 4
[34.785s][debug][gc,phases      ] GC(29)     Dead                           Min: 0, Avg:  0.0, Max: 0, Diff: 0, Sum: 0, Workers: 4
[34.785s][debug][gc,phases      ] GC(29)     Total                          Min: 0, Avg: 59.8, Max: 239, Diff: 239, Sum: 239, Workers: 4
[34.785s][debug][gc,phases      ] GC(29)   JVMTI Tag Weak OopStorage      Min:  0.0, Avg:  0.0, Max:  0.0, Diff:  0.0, Sum:  0.0, Workers: 4
[34.785s][debug][gc,phases      ] GC(29)     Dead                           Min: 0, Avg:  0.0, Max: 0, Diff: 0, Sum: 0, Workers: 4
[34.785s][debug][gc,phases      ] GC(29)     Total                          Min: 0, Avg:  0.0, Max: 0, Diff: 0, Sum: 0, Workers: 4
[34.785s][debug][gc,phases      ] GC(29)   StringTable Weak               Min:  0.0, Avg:  0.1, Max:  0.4, Diff:  0.4, Sum:  0.4, Workers: 4
[34.785s][debug][gc,phases      ] GC(29)     Dead                           Min: 0, Avg:  2.8, Max: 11, Diff: 11, Sum: 11, Workers: 4
[34.785s][debug][gc,phases      ] GC(29)     Total                          Min: 0, Avg: 10621.0, Max: 42484, Diff: 42484, Sum: 42484, Workers: 4
[34.785s][debug][gc,phases      ] GC(29)   ResolvedMethodTable Weak       Min:  0.0, Avg:  0.0, Max:  0.1, Diff:  0.1, Sum:  0.1, Workers: 4
[34.785s][debug][gc,phases      ] GC(29)     Dead                           Min: 0, Avg:  0.0, Max: 0, Diff: 0, Sum: 0, Workers: 4
[34.785s][debug][gc,phases      ] GC(29)     Total                          Min: 0, Avg: 1719.0, Max: 6876, Diff: 6876, Sum: 6876, Workers: 4
[34.786s][debug][gc,phases      ] GC(29)   JNI Weak                       Min:  0.0, Avg:  0.0, Max:  0.0, Diff:  0.0, Sum:  0.0, Workers: 4
[34.786s][debug][gc,phases      ] GC(29)     Dead                           Min: 0, Avg:  0.0, Max: 0, Diff: 0, Sum: 0, Workers: 4
[34.786s][debug][gc,phases      ] GC(29)     Total                          Min: 0, Avg:  1.5, Max: 6, Diff: 6, Sum: 6, Workers: 4
[34.786s][debug][gc,phases      ] GC(29)   StringDedup Table Weak         Min:  0.0, Avg:  0.0, Max:  0.0, Diff:  0.0, Sum:  0.0, Workers: 4
[34.786s][debug][gc,phases      ] GC(29)     Dead                           Min: 0, Avg:  0.0, Max: 0, Diff: 0, Sum: 0, Workers: 4
[34.786s][debug][gc,phases      ] GC(29)     Total                          Min: 0, Avg:  0.0, Max: 0, Diff: 0, Sum: 0, Workers: 4
[34.786s][debug][gc,phases      ] GC(29)   StringDedup Requests0 Weak     Min:  0.0, Avg:  0.0, Max:  0.0, Diff:  0.0, Sum:  0.0, Workers: 4
[34.786s][debug][gc,phases      ] GC(29)     Dead                           Min: 0, Avg:  0.0, Max: 0, Diff: 0, Sum: 0, Workers: 4
[34.786s][debug][gc,phases      ] GC(29)     Total                          Min: 0, Avg:  0.0, Max: 0, Diff: 0, Sum: 0, Workers: 4
[34.786s][debug][gc,phases      ] GC(29)   StringDedup Requests1 Weak     Min:  0.0, Avg:  0.0, Max:  0.0, Diff:  0.0, Sum:  0.0, Workers: 4
[34.786s][debug][gc,phases      ] GC(29)     Dead                           Min: 0, Avg:  0.0, Max: 0, Diff: 0, Sum: 0, Workers: 4
[34.786s][debug][gc,phases      ] GC(29)     Total                          Min: 0, Avg:  0.0, Max: 0, Diff: 0, Sum: 0, Workers: 4
[34.786s][debug][gc,phases      ] GC(29)   Weak JFR Old Object Samples    Min:  0.0, Avg:  0.0, Max:  0.0, Diff:  0.0, Sum:  0.0, Workers: 4
[34.786s][debug][gc,phases      ] GC(29)     Dead                           Min: 0, Avg:  0.0, Max: 0, Diff: 0, Sum: 0, Workers: 4
[34.786s][debug][gc,phases      ] GC(29)     Total                          Min: 0, Avg:  0.0, Max: 0, Diff: 0, Sum: 0, Workers: 4
[34.786s][debug][gc,phases      ] GC(29) Weak Processing 3.065ms
[34.786s][debug][gc,age         ] GC(29) Desired survivor size 437780480 bytes, new threshold 15 (max threshold 15)
[34.786s][info ][gc,heap        ] GC(29) PSYoungGen: 1520912K(1663488K)->255104K(1519104K) Eden: 1263616K(1263616K)->0K(1263616K) From: 257296K(399872K)->255104K(255488K)
[34.786s][info ][gc,heap        ] GC(29) ParOldGen: 272308K(355840K)->273772K(355840K)
[34.786s][info ][gc,metaspace   ] GC(29) Metaspace: 67339K(68096K)->67339K(68096K) NonClass: 57534K(57920K)->57534K(57920K) Class: 9804K(10176K)->9804K(10176K)
[34.786s][info ][gc             ] GC(29) Pause Young (Allocation Failure) 1751M->516M(1831M) 278.513ms
[34.786s][info ][gc,cpu         ] GC(29) User=0.61s Sys=0.00s Real=0.28s
[34.786s][info ][safepoint      ] Safepoint "ParallelGCFailedAllocation", Time since last: 4306322 ns, Reaching safepoint: 6289232 ns, At safepoint: 278665522 ns, Total: 284954754 ns
[34.812s][info ][safepoint      ] Safepoint "ICBufferFull", Time since last: 7811940 ns, Reaching safepoint: 18195293 ns, At safepoint: 51300 ns, Total: 18246593 ns
[34.832s][info ][safepoint      ] Safepoint "ICBufferFull", Time since last: 6091531 ns, Reaching safepoint: 14064572 ns, At safepoint: 56500 ns, Total: 14121072 ns
[34.852s][info ][safepoint      ] Safepoint "ICBufferFull", Time since last: 6921235 ns, Reaching safepoint: 13222568 ns, At safepoint: 45300 ns, Total: 13267868 ns
[34.869s][info ][safepoint      ] Safepoint "ICBufferFull", Time since last: 5046526 ns, Reaching safepoint: 12143862 ns, At safepoint: 49300 ns, Total: 12193162 ns
[34.889s][info ][safepoint      ] Safepoint "ICBufferFull", Time since last: 6895235 ns, Reaching safepoint: 12492764 ns, At safepoint: 46500 ns, Total: 12539264 ns
[34.903s][info ][safepoint      ] Safepoint "ICBufferFull", Time since last: 7884740 ns, Reaching safepoint: 6038331 ns, At safepoint: 36300 ns, Total: 6074631 ns
[34.933s][info ][safepoint      ] Safepoint "ICBufferFull", Time since last: 11414258 ns, Reaching safepoint: 18781396 ns, At safepoint: 68501 ns, Total: 18849897 ns
[34.953s][info ][safepoint      ] Safepoint "ICBufferFull", Time since last: 5832629 ns, Reaching safepoint: 14332573 ns, At safepoint: 46801 ns, Total: 14379374 ns
[34.967s][info ][safepoint      ] Safepoint "ICBufferFull", Time since last: 4883325 ns, Reaching safepoint: 9068346 ns, At safepoint: 38800 ns, Total: 9107146 ns
[34.984s][info ][safepoint      ] Safepoint "ICBufferFull", Time since last: 5376127 ns, Reaching safepoint: 10972356 ns, At safepoint: 44001 ns, Total: 11016357 ns
[34.997s][info ][safepoint      ] Safepoint "ICBufferFull", Time since last: 6601833 ns, Reaching safepoint: 7081336 ns, At safepoint: 29301 ns, Total: 7110637 ns
[35.034s][info ][safepoint      ] Safepoint "ICBufferFull", Time since last: 24161923 ns, Reaching safepoint: 12487564 ns, At safepoint: 47300 ns, Total: 12534864 ns
[35.061s][info ][safepoint      ] Safepoint "ICBufferFull", Time since last: 12981466 ns, Reaching safepoint: 14347473 ns, At safepoint: 32400 ns, Total: 14379873 ns
[35.075s][info ][safepoint      ] Safepoint "ICBufferFull", Time since last: 5439828 ns, Reaching safepoint: 7583539 ns, At safepoint: 38400 ns, Total: 7621939 ns
[35.089s][info ][safepoint      ] Safepoint "ICBufferFull", Time since last: 5784129 ns, Reaching safepoint: 9070747 ns, At safepoint: 35300 ns, Total: 9106047 ns
[35.109s][info ][safepoint      ] Safepoint "ICBufferFull", Time since last: 5626229 ns, Reaching safepoint: 14328773 ns, At safepoint: 35700 ns, Total: 14364473 ns
[35.117s][info ][safepoint      ] Safepoint "ICBufferFull", Time since last: 6647534 ns, Reaching safepoint: 1380507 ns, At safepoint: 27300 ns, Total: 1407807 ns
[35.141s][info ][safepoint      ] Safepoint "ICBufferFull", Time since last: 11488359 ns, Reaching safepoint: 12434463 ns, At safepoint: 34800 ns, Total: 12469263 ns
[35.161s][info ][safepoint      ] Safepoint "ICBufferFull", Time since last: 5958431 ns, Reaching safepoint: 13998871 ns, At safepoint: 42500 ns, Total: 14041371 ns
[35.176s][info ][safepoint      ] Safepoint "ICBufferFull", Time since last: 5267727 ns, Reaching safepoint: 8844245 ns, At safepoint: 30900 ns, Total: 8875145 ns
[35.185s][info ][safepoint      ] Safepoint "ICBufferFull", Time since last: 4945326 ns, Reaching safepoint: 4863124 ns, At safepoint: 37701 ns, Total: 4900825 ns
[35.226s][info ][safepoint      ] Safepoint "ICBufferFull", Time since last: 24773026 ns, Reaching safepoint: 15702180 ns, At safepoint: 40500 ns, Total: 15742680 ns
[35.234s][info ][safepoint      ] Safepoint "ICBufferFull", Time since last: 3300817 ns, Reaching safepoint: 4700024 ns, At safepoint: 33200 ns, Total: 4733224 ns
[35.253s][info ][safepoint      ] Safepoint "ICBufferFull", Time since last: 7941041 ns, Reaching safepoint: 11526759 ns, At safepoint: 33500 ns, Total: 11560259 ns
[35.273s][info ][safepoint      ] Safepoint "ICBufferFull", Time since last: 5969030 ns, Reaching safepoint: 14000172 ns, At safepoint: 46900 ns, Total: 14047072 ns
[35.285s][info ][safepoint      ] Safepoint "ICBufferFull", Time since last: 7244937 ns, Reaching safepoint: 4710724 ns, At safepoint: 36000 ns, Total: 4746724 ns
[35.301s][info ][safepoint      ] Safepoint "ICBufferFull", Time since last: 6030631 ns, Reaching safepoint: 9875050 ns, At safepoint: 41000 ns, Total: 9916050 ns
[35.314s][info ][safepoint      ] Safepoint "ICBufferFull", Time since last: 5391628 ns, Reaching safepoint: 7064936 ns, At safepoint: 31100 ns, Total: 7096036 ns
[35.337s][info ][safepoint      ] Safepoint "ICBufferFull", Time since last: 12198362 ns, Reaching safepoint: 11335258 ns, At safepoint: 31500 ns, Total: 11366758 ns
[35.346s][info ][safepoint      ] Safepoint "ICBufferFull", Time since last: 6264932 ns, Reaching safepoint: 1762609 ns, At safepoint: 22800 ns, Total: 1785409 ns
[35.358s][info ][safepoint      ] Safepoint "ICBufferFull", Time since last: 5903530 ns, Reaching safepoint: 6078331 ns, At safepoint: 34600 ns, Total: 6112931 ns
[35.377s][info ][safepoint      ] Safepoint "ICBufferFull", Time since last: 8708945 ns, Reaching safepoint: 11188057 ns, At safepoint: 38000 ns, Total: 11226057 ns
[35.393s][info ][safepoint      ] Safepoint "ICBufferFull", Time since last: 7012036 ns, Reaching safepoint: 8944445 ns, At safepoint: 31900 ns, Total: 8976345 ns
[35.405s][info ][safepoint      ] Safepoint "ICBufferFull", Time since last: 5106626 ns, Reaching safepoint: 6878535 ns, At safepoint: 40101 ns, Total: 6918636 ns
[35.420s][info ][safepoint      ] Safepoint "ICBufferFull", Time since last: 7815739 ns, Reaching safepoint: 7033436 ns, At safepoint: 44601 ns, Total: 7078037 ns
[35.439s][info ][safepoint      ] Safepoint "ICBufferFull", Time since last: 5603328 ns, Reaching safepoint: 12613764 ns, At safepoint: 48101 ns, Total: 12661865 ns
[35.453s][info ][safepoint      ] Safepoint "ICBufferFull", Time since last: 4868924 ns, Reaching safepoint: 9860251 ns, At safepoint: 31300 ns, Total: 9891551 ns
[35.468s][info ][safepoint      ] Safepoint "ICBufferFull", Time since last: 5011725 ns, Reaching safepoint: 9112447 ns, At safepoint: 40200 ns, Total: 9152647 ns
[35.487s][info ][safepoint      ] Safepoint "ICBufferFull", Time since last: 9696949 ns, Reaching safepoint: 9803850 ns, At safepoint: 50601 ns, Total: 9854451 ns
[35.499s][info ][safepoint      ] Safepoint "ICBufferFull", Time since last: 5121726 ns, Reaching safepoint: 6234832 ns, At safepoint: 34800 ns, Total: 6269632 ns
[35.516s][info ][safepoint      ] Safepoint "ICBufferFull", Time since last: 9487848 ns, Reaching safepoint: 8383743 ns, At safepoint: 51000 ns, Total: 8434743 ns
[35.537s][info ][safepoint      ] Safepoint "ICBufferFull", Time since last: 5745329 ns, Reaching safepoint: 15240678 ns, At safepoint: 41700 ns, Total: 15282378 ns
[35.549s][info ][safepoint      ] Safepoint "ICBufferFull", Time since last: 5276827 ns, Reaching safepoint: 6697234 ns, At safepoint: 28800 ns, Total: 6726034 ns
[35.562s][info ][safepoint      ] Safepoint "ICBufferFull", Time since last: 4933926 ns, Reaching safepoint: 7882940 ns, At safepoint: 32800 ns, Total: 7915740 ns
[35.570s][info ][safepoint      ] Safepoint "ICBufferFull", Time since last: 4908025 ns, Reaching safepoint: 2684814 ns, At safepoint: 34200 ns, Total: 2719014 ns
[35.585s][info ][safepoint      ] Safepoint "ICBufferFull", Time since last: 4946025 ns, Reaching safepoint: 10530654 ns, At safepoint: 31700 ns, Total: 10562354 ns
[35.609s][info ][safepoint      ] Safepoint "ICBufferFull", Time since last: 10043551 ns, Reaching safepoint: 13951571 ns, At safepoint: 34600 ns, Total: 13986171 ns
[35.633s][info ][safepoint      ] Safepoint "ICBufferFull", Time since last: 13473769 ns, Reaching safepoint: 10488353 ns, At safepoint: 32001 ns, Total: 10520354 ns
[35.649s][info ][safepoint      ] Safepoint "ICBufferFull", Time since last: 8809744 ns, Reaching safepoint: 7161537 ns, At safepoint: 43900 ns, Total: 7205437 ns
[35.665s][info ][safepoint      ] Safepoint "ICBufferFull", Time since last: 6227632 ns, Reaching safepoint: 9715549 ns, At safepoint: 43001 ns, Total: 9758550 ns
[35.671s][info ][safepoint      ] Safepoint "ICBufferFull", Time since last: 4873125 ns, Reaching safepoint: 607103 ns, At safepoint: 18000 ns, Total: 625103 ns
[35.680s][info ][safepoint      ] Safepoint "ICBufferFull", Time since last: 5068526 ns, Reaching safepoint: 3493517 ns, At safepoint: 38801 ns, Total: 3532318 ns
[35.709s][info ][safepoint      ] Safepoint "ICBufferFull", Time since last: 6533133 ns, Reaching safepoint: 23324219 ns, At safepoint: 36400 ns, Total: 23360619 ns
[35.722s][info ][safepoint      ] Safepoint "ICBufferFull", Time since last: 6993236 ns, Reaching safepoint: 5030225 ns, At safepoint: 46300 ns, Total: 5076525 ns
[35.761s][info ][safepoint      ] Safepoint "ICBufferFull", Time since last: 23861822 ns, Reaching safepoint: 15950481 ns, At safepoint: 66101 ns, Total: 16016582 ns
[35.772s][info ][safepoint      ] Safepoint "ICBufferFull", Time since last: 6919035 ns, Reaching safepoint: 3705319 ns, At safepoint: 45000 ns, Total: 3750319 ns
[35.778s][info ][safepoint      ] Safepoint "ICBufferFull", Time since last: 5241227 ns, Reaching safepoint: 204701 ns, At safepoint: 17900 ns, Total: 222601 ns
[35.814s][info ][safepoint      ] Safepoint "ICBufferFull", Time since last: 21466009 ns, Reaching safepoint: 14973177 ns, At safepoint: 47700 ns, Total: 15020877 ns
[35.825s][info ][safepoint      ] Safepoint "ICBufferFull", Time since last: 7419938 ns, Reaching safepoint: 3199616 ns, At safepoint: 36000 ns, Total: 3235616 ns
[35.838s][info ][safepoint      ] Safepoint "ICBufferFull", Time since last: 5752029 ns, Reaching safepoint: 7646539 ns, At safepoint: 56301 ns, Total: 7702840 ns
[35.844s][info ][safepoint      ] Safepoint "ICBufferFull", Time since last: 5927630 ns, Reaching safepoint: 130801 ns, At safepoint: 15400 ns, Total: 146201 ns
[35.862s][info ][safepoint      ] Safepoint "ICBufferFull", Time since last: 5755429 ns, Reaching safepoint: 11520359 ns, At safepoint: 52200 ns, Total: 11572559 ns
[35.905s][info ][safepoint      ] Safepoint "ICBufferFull", Time since last: 28187244 ns, Reaching safepoint: 15650079 ns, At safepoint: 55601 ns, Total: 15705680 ns
[35.949s][info ][safepoint      ] Safepoint "ICBufferFull", Time since last: 23963522 ns, Reaching safepoint: 20031302 ns, At safepoint: 45300 ns, Total: 20076602 ns
[36.017s][info ][safepoint      ] Safepoint "ICBufferFull", Time since last: 42146315 ns, Reaching safepoint: 25769831 ns, At safepoint: 50301 ns, Total: 25820132 ns
[36.047s][info ][safepoint      ] Safepoint "ICBufferFull", Time since last: 20146602 ns, Reaching safepoint: 9324448 ns, At safepoint: 42500 ns, Total: 9366948 ns
[36.100s][info ][safepoint      ] Safepoint "ICBufferFull", Time since last: 30069153 ns, Reaching safepoint: 22589015 ns, At safepoint: 39301 ns, Total: 22628316 ns
[36.126s][info ][safepoint      ] Safepoint "ICBufferFull", Time since last: 14512374 ns, Reaching safepoint: 11388158 ns, At safepoint: 31700 ns, Total: 11419858 ns
[36.153s][info ][safepoint      ] Safepoint "ICBufferFull", Time since last: 12078361 ns, Reaching safepoint: 15757481 ns, At safepoint: 39100 ns, Total: 15796581 ns
[36.172s][info ][safepoint      ] Safepoint "ICBufferFull", Time since last: 9654149 ns, Reaching safepoint: 8487743 ns, At safepoint: 30300 ns, Total: 8518043 ns
[36.192s][info ][safepoint      ] Safepoint "ICBufferFull", Time since last: 14006072 ns, Reaching safepoint: 5860030 ns, At safepoint: 27900 ns, Total: 5887930 ns
[36.205s][info ][gc,start       ] GC(30) Pause Young (Allocation Failure)
[36.521s][debug][gc,phases      ] GC(30) Scavenge 315.425ms
[36.521s][debug][gc,ref         ] GC(30) Skipped phase 1 of Reference Processing: no references
[36.521s][debug][gc,ref         ] GC(30) ReferenceProcessor::execute queues: 1, RefProcThreadModel::Single, marks_oops_alive: false
[36.521s][debug][gc,ref         ] GC(30) Skipped phase 3 of Reference Processing: no references
[36.521s][debug][gc,ref         ] GC(30) ReferenceProcessor::execute queues: 1, RefProcThreadModel::Single, marks_oops_alive: false
[36.521s][debug][gc,phases      ] GC(30) Reference Processing 0.186ms
[36.525s][debug][gc,phases      ] GC(30)   VM Weak                        Min:  0.0, Avg:  0.0, Max:  0.0, Diff:  0.0, Sum:  0.0, Workers: 4
[36.525s][debug][gc,phases      ] GC(30)     Dead                           Min: 0, Avg:  0.0, Max: 0, Diff: 0, Sum: 0, Workers: 4
[36.525s][debug][gc,phases      ] GC(30)     Total                          Min: 0, Avg: 147.2, Max: 589, Diff: 589, Sum: 589, Workers: 4
[36.525s][debug][gc,phases      ] GC(30)   ObjectSynchronizer Weak        Min:  0.0, Avg:  0.0, Max:  0.0, Diff:  0.0, Sum:  0.0, Workers: 4
[36.525s][debug][gc,phases      ] GC(30)     Dead                           Min: 0, Avg:  0.0, Max: 0, Diff: 0, Sum: 0, Workers: 4
[36.525s][debug][gc,phases      ] GC(30)     Total                          Min: 0, Avg: 59.8, Max: 239, Diff: 239, Sum: 239, Workers: 4
[36.525s][debug][gc,phases      ] GC(30)   JVMTI Tag Weak OopStorage      Min:  0.0, Avg:  0.0, Max:  0.0, Diff:  0.0, Sum:  0.0, Workers: 4
[36.525s][debug][gc,phases      ] GC(30)     Dead                           Min: 0, Avg:  0.0, Max: 0, Diff: 0, Sum: 0, Workers: 4
[36.525s][debug][gc,phases      ] GC(30)     Total                          Min: 0, Avg:  0.0, Max: 0, Diff: 0, Sum: 0, Workers: 4
[36.525s][debug][gc,phases      ] GC(30)   StringTable Weak               Min:  0.0, Avg:  0.2, Max:  0.3, Diff:  0.3, Sum:  0.6, Workers: 4
[36.525s][debug][gc,phases      ] GC(30)     Dead                           Min: 0, Avg:  2.8, Max: 11, Diff: 11, Sum: 11, Workers: 4
[36.525s][debug][gc,phases      ] GC(30)     Total                          Min: 0, Avg: 10632.2, Max: 17024, Diff: 17024, Sum: 42529, Workers: 4
[36.526s][debug][gc,phases      ] GC(30)   ResolvedMethodTable Weak       Min:  0.0, Avg:  0.0, Max:  0.0, Diff:  0.0, Sum:  0.1, Workers: 4
[36.526s][debug][gc,phases      ] GC(30)     Dead                           Min: 0, Avg:  6.0, Max: 24, Diff: 24, Sum: 24, Workers: 4
[36.526s][debug][gc,phases      ] GC(30)     Total                          Min: 0, Avg: 1724.8, Max: 2560, Diff: 2560, Sum: 6899, Workers: 4
[36.526s][debug][gc,phases      ] GC(30)   JNI Weak                       Min:  0.0, Avg:  0.0, Max:  0.0, Diff:  0.0, Sum:  0.0, Workers: 4
[36.526s][debug][gc,phases      ] GC(30)     Dead                           Min: 0, Avg:  0.0, Max: 0, Diff: 0, Sum: 0, Workers: 4
[36.526s][debug][gc,phases      ] GC(30)     Total                          Min: 0, Avg:  0.2, Max: 1, Diff: 1, Sum: 1, Workers: 4
[36.526s][debug][gc,phases      ] GC(30)   StringDedup Table Weak         Min:  0.0, Avg:  0.0, Max:  0.0, Diff:  0.0, Sum:  0.0, Workers: 4
[36.526s][debug][gc,phases      ] GC(30)     Dead                           Min: 0, Avg:  0.0, Max: 0, Diff: 0, Sum: 0, Workers: 4
[36.526s][debug][gc,phases      ] GC(30)     Total                          Min: 0, Avg:  0.0, Max: 0, Diff: 0, Sum: 0, Workers: 4
[36.526s][debug][gc,phases      ] GC(30)   StringDedup Requests0 Weak     Min:  0.0, Avg:  0.0, Max:  0.0, Diff:  0.0, Sum:  0.0, Workers: 4
[36.526s][debug][gc,phases      ] GC(30)     Dead                           Min: 0, Avg:  0.0, Max: 0, Diff: 0, Sum: 0, Workers: 4
[36.526s][debug][gc,phases      ] GC(30)     Total                          Min: 0, Avg:  0.0, Max: 0, Diff: 0, Sum: 0, Workers: 4
[36.526s][debug][gc,phases      ] GC(30)   StringDedup Requests1 Weak     Min:  0.0, Avg:  0.0, Max:  0.0, Diff:  0.0, Sum:  0.0, Workers: 4
[36.526s][debug][gc,phases      ] GC(30)     Dead                           Min: 0, Avg:  0.0, Max: 0, Diff: 0, Sum: 0, Workers: 4
[36.526s][debug][gc,phases      ] GC(30)     Total                          Min: 0, Avg:  0.0, Max: 0, Diff: 0, Sum: 0, Workers: 4
[36.526s][debug][gc,phases      ] GC(30)   Weak JFR Old Object Samples    Min:  0.0, Avg:  0.0, Max:  0.0, Diff:  0.0, Sum:  0.0, Workers: 4
[36.526s][debug][gc,phases      ] GC(30)     Dead                           Min: 0, Avg:  0.0, Max: 0, Diff: 0, Sum: 0, Workers: 4
[36.526s][debug][gc,phases      ] GC(30)     Total                          Min: 0, Avg:  0.0, Max: 0, Diff: 0, Sum: 0, Workers: 4
[36.526s][debug][gc,phases      ] GC(30) Weak Processing 4.420ms
[36.526s][debug][gc,age         ] GC(30) Desired survivor size 444071936 bytes, new threshold 15 (max threshold 15)
[36.526s][info ][gc,heap        ] GC(30) PSYoungGen: 1518720K(1519104K)->251440K(1657344K) Eden: 1263616K(1263616K)->0K(1229824K) From: 255104K(255488K)->251440K(427520K)
[36.526s][info ][gc,heap        ] GC(30) ParOldGen: 273772K(355840K)->275213K(355840K)
[36.526s][info ][gc,metaspace   ] GC(30) Metaspace: 67498K(68224K)->67498K(68224K) NonClass: 57683K(58048K)->57683K(58048K) Class: 9814K(10176K)->9814K(10176K)
[36.526s][info ][gc             ] GC(30) Pause Young (Allocation Failure) 1750M->514M(1966M) 320.234ms
[36.526s][info ][gc,cpu         ] GC(30) User=0.69s Sys=0.00s Real=0.32s
[36.526s][info ][safepoint      ] Safepoint "ParallelGCFailedAllocation", Time since last: 2486513 ns, Reaching safepoint: 11405558 ns, At safepoint: 320397332 ns, Total: 331802890 ns
[36.541s][info ][safepoint      ] Safepoint "ICBufferFull", Time since last: 7756039 ns, Reaching safepoint: 7597339 ns, At safepoint: 66700 ns, Total: 7664039 ns
[36.557s][info ][safepoint      ] Safepoint "ICBufferFull", Time since last: 5105226 ns, Reaching safepoint: 10950756 ns, At safepoint: 83500 ns, Total: 11034256 ns
[36.577s][info ][safepoint      ] Safepoint "ICBufferFull", Time since last: 5549929 ns, Reaching safepoint: 14464373 ns, At safepoint: 51200 ns, Total: 14515573 ns
[36.592s][info ][safepoint      ] Safepoint "ICBufferFull", Time since last: 5838630 ns, Reaching safepoint: 8458243 ns, At safepoint: 57601 ns, Total: 8515844 ns
[36.605s][info ][safepoint      ] Safepoint "ICBufferFull", Time since last: 5925230 ns, Reaching safepoint: 7664539 ns, At safepoint: 61700 ns, Total: 7726239 ns
[36.631s][info ][safepoint      ] Safepoint "ICBufferFull", Time since last: 15353078 ns, Reaching safepoint: 10462954 ns, At safepoint: 50400 ns, Total: 10513354 ns
[36.648s][info ][safepoint      ] Safepoint "ICBufferFull", Time since last: 5452428 ns, Reaching safepoint: 11322757 ns, At safepoint: 73401 ns, Total: 11396158 ns
[36.668s][info ][safepoint      ] Safepoint "ICBufferFull", Time since last: 5794429 ns, Reaching safepoint: 14156272 ns, At safepoint: 72601 ns, Total: 14228873 ns
[36.689s][info ][safepoint      ] Safepoint "ICBufferFull", Time since last: 8817944 ns, Reaching safepoint: 12383064 ns, At safepoint: 54700 ns, Total: 12437764 ns
[36.718s][info ][safepoint      ] Safepoint "ICBufferFull", Time since last: 20718705 ns, Reaching safepoint: 7960841 ns, At safepoint: 40200 ns, Total: 8001041 ns
[36.734s][info ][safepoint      ] Safepoint "ICBufferFull", Time since last: 8946446 ns, Reaching safepoint: 7045536 ns, At safepoint: 36600 ns, Total: 7082136 ns
[36.769s][info ][safepoint      ] Safepoint "ICBufferFull", Time since last: 20007402 ns, Reaching safepoint: 15170777 ns, At safepoint: 43700 ns, Total: 15214477 ns
[36.794s][info ][safepoint      ] Safepoint "ICBufferFull", Time since last: 8883545 ns, Reaching safepoint: 15660280 ns, At safepoint: 52300 ns, Total: 15712580 ns
[36.824s][info ][safepoint      ] Safepoint "ICBufferFull", Time since last: 21445910 ns, Reaching safepoint: 8853945 ns, At safepoint: 48000 ns, Total: 8901945 ns
[36.849s][info ][safepoint      ] Safepoint "ICBufferFull", Time since last: 8417243 ns, Reaching safepoint: 16597484 ns, At safepoint: 40300 ns, Total: 16637784 ns
[36.869s][info ][safepoint      ] Safepoint "ICBufferFull", Time since last: 11372258 ns, Reaching safepoint: 7975441 ns, At safepoint: 38700 ns, Total: 8014141 ns
[36.894s][info ][safepoint      ] Safepoint "ICBufferFull", Time since last: 4925525 ns, Reaching safepoint: 19898502 ns, At safepoint: 37600 ns, Total: 19936102 ns
[36.933s][info ][safepoint      ] Safepoint "ICBufferFull", Time since last: 17889391 ns, Reaching safepoint: 21820711 ns, At safepoint: 51200 ns, Total: 21871911 ns
[36.970s][info ][safepoint      ] Safepoint "ICBufferFull", Time since last: 23140818 ns, Reaching safepoint: 13809370 ns, At safepoint: 48501 ns, Total: 13857871 ns
[36.996s][info ][safepoint      ] Safepoint "ICBufferFull", Time since last: 9181846 ns, Reaching safepoint: 16579285 ns, At safepoint: 40100 ns, Total: 16619385 ns
[37.027s][info ][safepoint      ] Safepoint "ICBufferFull", Time since last: 18924196 ns, Reaching safepoint: 11409859 ns, At safepoint: 52400 ns, Total: 11462259 ns
[37.056s][info ][safepoint      ] Safepoint "ICBufferFull", Time since last: 17284988 ns, Reaching safepoint: 11621059 ns, At safepoint: 50100 ns, Total: 11671159 ns
[37.081s][info ][safepoint      ] Safepoint "ICBufferFull", Time since last: 10998556 ns, Reaching safepoint: 14823476 ns, At safepoint: 63800 ns, Total: 14887276 ns
[37.097s][info ][safepoint      ] Safepoint "ICBufferFull", Time since last: 7616739 ns, Reaching safepoint: 8373743 ns, At safepoint: 49000 ns, Total: 8422743 ns
[37.125s][info ][safepoint      ] Safepoint "ICBufferFull", Time since last: 17832191 ns, Reaching safepoint: 10079851 ns, At safepoint: 51800 ns, Total: 10131651 ns
[37.158s][info ][safepoint      ] Safepoint "ICBufferFull", Time since last: 13593369 ns, Reaching safepoint: 19116898 ns, At safepoint: 40300 ns, Total: 19157198 ns
[37.187s][info ][safepoint      ] Safepoint "ICBufferFull", Time since last: 21647910 ns, Reaching safepoint: 6879235 ns, At safepoint: 48000 ns, Total: 6927235 ns
[37.200s][info ][safepoint      ] Safepoint "ICBufferFull", Time since last: 7570039 ns, Reaching safepoint: 5398228 ns, At safepoint: 34300 ns, Total: 5432528 ns
[37.225s][info ][safepoint      ] Safepoint "ICBufferFull", Time since last: 19115697 ns, Reaching safepoint: 6519833 ns, At safepoint: 41800 ns, Total: 6561633 ns
[37.285s][info ][safepoint      ] Safepoint "ICBufferFull", Time since last: 48487847 ns, Reaching safepoint: 11496959 ns, At safepoint: 35900 ns, Total: 11532859 ns
[37.301s][info ][safepoint      ] Safepoint "ICBufferFull", Time since last: 15168777 ns, Reaching safepoint: 781004 ns, At safepoint: 18000 ns, Total: 799004 ns
[37.333s][info ][safepoint      ] Safepoint "ICBufferFull", Time since last: 21023607 ns, Reaching safepoint: 10968756 ns, At safepoint: 38700 ns, Total: 11007456 ns
[37.361s][info ][safepoint      ] Safepoint "ICBufferFull", Time since last: 12454764 ns, Reaching safepoint: 14821675 ns, At safepoint: 69200 ns, Total: 14890875 ns
[37.383s][info ][safepoint      ] Safepoint "ICBufferFull", Time since last: 21834612 ns, Reaching safepoint: 131700 ns, At safepoint: 31800 ns, Total: 163500 ns
[37.385s][info ][gc,start       ] GC(31) Pause Young (Allocation Failure)
[37.589s][debug][gc,phases      ] GC(31) Scavenge 204.149ms
[37.589s][debug][gc,ref         ] GC(31) Skipped phase 1 of Reference Processing: no references
[37.590s][debug][gc,ref         ] GC(31) ReferenceProcessor::execute queues: 1, RefProcThreadModel::Single, marks_oops_alive: false
[37.590s][debug][gc,ref         ] GC(31) Skipped phase 3 of Reference Processing: no references
[37.590s][debug][gc,ref         ] GC(31) ReferenceProcessor::execute queues: 1, RefProcThreadModel::Single, marks_oops_alive: false
[37.590s][debug][gc,phases      ] GC(31) Reference Processing 0.168ms
[37.593s][debug][gc,phases      ] GC(31)   VM Weak                        Min:  0.0, Avg:  0.0, Max:  0.0, Diff:  0.0, Sum:  0.0, Workers: 4
[37.593s][debug][gc,phases      ] GC(31)     Dead                           Min: 0, Avg:  0.0, Max: 0, Diff: 0, Sum: 0, Workers: 4
[37.593s][debug][gc,phases      ] GC(31)     Total                          Min: 0, Avg: 147.2, Max: 589, Diff: 589, Sum: 589, Workers: 4
[37.593s][debug][gc,phases      ] GC(31)   ObjectSynchronizer Weak        Min:  0.0, Avg:  0.0, Max:  0.0, Diff:  0.0, Sum:  0.0, Workers: 4
[37.593s][debug][gc,phases      ] GC(31)     Dead                           Min: 0, Avg:  0.0, Max: 0, Diff: 0, Sum: 0, Workers: 4
[37.593s][debug][gc,phases      ] GC(31)     Total                          Min: 0, Avg: 59.8, Max: 239, Diff: 239, Sum: 239, Workers: 4
[37.593s][debug][gc,phases      ] GC(31)   JVMTI Tag Weak OopStorage      Min:  0.0, Avg:  0.0, Max:  0.0, Diff:  0.0, Sum:  0.0, Workers: 4
[37.593s][debug][gc,phases      ] GC(31)     Dead                           Min: 0, Avg:  0.0, Max: 0, Diff: 0, Sum: 0, Workers: 4
[37.594s][debug][gc,phases      ] GC(31)     Total                          Min: 0, Avg:  0.0, Max: 0, Diff: 0, Sum: 0, Workers: 4
[37.594s][debug][gc,phases      ] GC(31)   StringTable Weak               Min:  0.0, Avg:  0.1, Max:  0.4, Diff:  0.4, Sum:  0.5, Workers: 4
[37.594s][debug][gc,phases      ] GC(31)     Dead                           Min: 0, Avg:  2.8, Max: 11, Diff: 11, Sum: 11, Workers: 4
[37.594s][debug][gc,phases      ] GC(31)     Total                          Min: 0, Avg: 10635.5, Max: 37376, Diff: 37376, Sum: 42542, Workers: 4
[37.594s][debug][gc,phases      ] GC(31)   ResolvedMethodTable Weak       Min:  0.0, Avg:  0.0, Max:  0.0, Diff:  0.0, Sum:  0.1, Workers: 4
[37.594s][debug][gc,phases      ] GC(31)     Dead                           Min: 0, Avg:  0.0, Max: 0, Diff: 0, Sum: 0, Workers: 4
[37.594s][debug][gc,phases      ] GC(31)     Total                          Min: 0, Avg: 1724.8, Max: 3648, Diff: 3648, Sum: 6899, Workers: 4
[37.594s][debug][gc,phases      ] GC(31)   JNI Weak                       Min:  0.0, Avg:  0.0, Max:  0.0, Diff:  0.0, Sum:  0.0, Workers: 4
[37.594s][debug][gc,phases      ] GC(31)     Dead                           Min: 0, Avg:  0.0, Max: 0, Diff: 0, Sum: 0, Workers: 4
[37.594s][debug][gc,phases      ] GC(31)     Total                          Min: 0, Avg:  0.0, Max: 0, Diff: 0, Sum: 0, Workers: 4
[37.594s][debug][gc,phases      ] GC(31)   StringDedup Table Weak         Min:  0.0, Avg:  0.0, Max:  0.0, Diff:  0.0, Sum:  0.0, Workers: 4
[37.594s][debug][gc,phases      ] GC(31)     Dead                           Min: 0, Avg:  0.0, Max: 0, Diff: 0, Sum: 0, Workers: 4
[37.594s][debug][gc,phases      ] GC(31)     Total                          Min: 0, Avg:  0.0, Max: 0, Diff: 0, Sum: 0, Workers: 4
[37.594s][debug][gc,phases      ] GC(31)   StringDedup Requests0 Weak     Min:  0.0, Avg:  0.0, Max:  0.0, Diff:  0.0, Sum:  0.0, Workers: 4
[37.594s][debug][gc,phases      ] GC(31)     Dead                           Min: 0, Avg:  0.0, Max: 0, Diff: 0, Sum: 0, Workers: 4
[37.594s][debug][gc,phases      ] GC(31)     Total                          Min: 0, Avg:  0.0, Max: 0, Diff: 0, Sum: 0, Workers: 4
[37.594s][debug][gc,phases      ] GC(31)   StringDedup Requests1 Weak     Min:  0.0, Avg:  0.0, Max:  0.0, Diff:  0.0, Sum:  0.0, Workers: 4
[37.594s][debug][gc,phases      ] GC(31)     Dead                           Min: 0, Avg:  0.0, Max: 0, Diff: 0, Sum: 0, Workers: 4
[37.594s][debug][gc,phases      ] GC(31)     Total                          Min: 0, Avg:  0.0, Max: 0, Diff: 0, Sum: 0, Workers: 4
[37.594s][debug][gc,phases      ] GC(31)   Weak JFR Old Object Samples    Min:  0.0, Avg:  0.0, Max:  0.0, Diff:  0.0, Sum:  0.0, Workers: 4
[37.594s][debug][gc,phases      ] GC(31)     Dead                           Min: 0, Avg:  0.0, Max: 0, Diff: 0, Sum: 0, Workers: 4
[37.594s][debug][gc,phases      ] GC(31)     Total                          Min: 0, Avg:  0.0, Max: 0, Diff: 0, Sum: 0, Workers: 4
[37.594s][debug][gc,phases      ] GC(31) Weak Processing 3.970ms
[37.594s][debug][gc,age         ] GC(31) Desired survivor size 446693376 bytes, new threshold 15 (max threshold 15)
[37.594s][info ][gc,heap        ] GC(31) PSYoungGen: 1481264K(1657344K)->250432K(1480704K) Eden: 1229824K(1229824K)->0K(1229824K) From: 251440K(427520K)->250432K(250880K)
[37.594s][info ][gc,heap        ] GC(31) ParOldGen: 275213K(355840K)->275229K(355840K)
[37.594s][info ][gc,metaspace   ] GC(31) Metaspace: 67520K(68288K)->67520K(68288K) NonClass: 57705K(58112K)->57705K(58112K) Class: 9814K(10176K)->9814K(10176K)
[37.594s][info ][gc             ] GC(31) Pause Young (Allocation Failure) 1715M->513M(1793M) 208.460ms
[37.594s][info ][gc,cpu         ] GC(31) User=0.58s Sys=0.00s Real=0.21s
[37.594s][info ][safepoint      ] Safepoint "ParallelGCFailedAllocation", Time since last: 2279012 ns, Reaching safepoint: 108601 ns, At safepoint: 208593661 ns, Total: 208702262 ns
[37.621s][info ][safepoint      ] Safepoint "ICBufferFull", Time since last: 16300583 ns, Reaching safepoint: 11287657 ns, At safepoint: 68001 ns, Total: 11355658 ns
[37.657s][info ][safepoint      ] Safepoint "ICBufferFull", Time since last: 21891111 ns, Reaching safepoint: 14048871 ns, At safepoint: 67001 ns, Total: 14115872 ns
[37.689s][info ][safepoint      ] Safepoint "ICBufferFull", Time since last: 20228503 ns, Reaching safepoint: 11690859 ns, At safepoint: 58201 ns, Total: 11749060 ns
[37.699s][info ][safepoint      ] Safepoint "ICBufferFull", Time since last: 4324122 ns, Reaching safepoint: 4841824 ns, At safepoint: 36000 ns, Total: 4877824 ns
[37.705s][info ][safepoint      ] Safepoint "ICBufferFull", Time since last: 4943826 ns, Reaching safepoint: 1225906 ns, At safepoint: 32900 ns, Total: 1258806 ns
[37.734s][info ][safepoint      ] Safepoint "ICBufferFull", Time since last: 20671805 ns, Reaching safepoint: 8937146 ns, At safepoint: 42700 ns, Total: 8979846 ns
[37.753s][info ][safepoint      ] Safepoint "ICBufferFull", Time since last: 8013741 ns, Reaching safepoint: 10925955 ns, At safepoint: 39300 ns, Total: 10965255 ns
[37.809s][info ][safepoint      ] Safepoint "ICBufferFull", Time since last: 39908703 ns, Reaching safepoint: 15985782 ns, At safepoint: 41500 ns, Total: 16027282 ns
[37.816s][info ][safepoint      ] Safepoint "ICBufferFull", Time since last: 1501808 ns, Reaching safepoint: 4556623 ns, At safepoint: 38000 ns, Total: 4594623 ns
[37.836s][info ][safepoint      ] Safepoint "ICBufferFull", Time since last: 10014351 ns, Reaching safepoint: 10160852 ns, At safepoint: 33200 ns, Total: 10194052 ns
[37.845s][info ][safepoint      ] Safepoint "ICBufferFull", Time since last: 5093326 ns, Reaching safepoint: 4608423 ns, At safepoint: 36500 ns, Total: 4644923 ns
[37.853s][info ][safepoint      ] Safepoint "ICBufferFull", Time since last: 3850320 ns, Reaching safepoint: 4104321 ns, At safepoint: 33700 ns, Total: 4138021 ns
[37.861s][info ][safepoint      ] Safepoint "ICBufferFull", Time since last: 4464223 ns, Reaching safepoint: 3499518 ns, At safepoint: 29900 ns, Total: 3529418 ns
[37.870s][info ][safepoint      ] Safepoint "ICBufferFull", Time since last: 6733434 ns, Reaching safepoint: 1785409 ns, At safepoint: 24500 ns, Total: 1809909 ns
[37.897s][info ][safepoint      ] Safepoint "ICBufferFull", Time since last: 19792901 ns, Reaching safepoint: 7649539 ns, At safepoint: 44300 ns, Total: 7693839 ns
[37.937s][info ][safepoint      ] Safepoint "ICBufferFull", Time since last: 33235569 ns, Reaching safepoint: 6730934 ns, At safepoint: 35201 ns, Total: 6766135 ns
[38.676s][info ][gc,start       ] GC(32) Pause Young (Allocation Failure)
[38.933s][debug][gc,phases      ] GC(32) Scavenge 256.892ms
[38.933s][debug][gc,ref         ] GC(32) Skipped phase 1 of Reference Processing: no references
[38.934s][debug][gc,ref         ] GC(32) ReferenceProcessor::execute queues: 1, RefProcThreadModel::Single, marks_oops_alive: false
[38.934s][debug][gc,ref         ] GC(32) Skipped phase 3 of Reference Processing: no references
[38.934s][debug][gc,ref         ] GC(32) ReferenceProcessor::execute queues: 1, RefProcThreadModel::Single, marks_oops_alive: false
[38.934s][debug][gc,phases      ] GC(32) Reference Processing 0.170ms
[38.934s][debug][gc,phases      ] GC(32)   VM Weak                        Min:  0.0, Avg:  0.0, Max:  0.0, Diff:  0.0, Sum:  0.0, Workers: 4
[38.934s][debug][gc,phases      ] GC(32)     Dead                           Min: 0, Avg:  0.0, Max: 0, Diff: 0, Sum: 0, Workers: 4
[38.934s][debug][gc,phases      ] GC(32)     Total                          Min: 0, Avg: 147.2, Max: 589, Diff: 589, Sum: 589, Workers: 4
[38.934s][debug][gc,phases      ] GC(32)   ObjectSynchronizer Weak        Min:  0.0, Avg:  0.0, Max:  0.0, Diff:  0.0, Sum:  0.0, Workers: 4
[38.934s][debug][gc,phases      ] GC(32)     Dead                           Min: 0, Avg:  0.0, Max: 0, Diff: 0, Sum: 0, Workers: 4
[38.934s][debug][gc,phases      ] GC(32)     Total                          Min: 0, Avg: 59.8, Max: 239, Diff: 239, Sum: 239, Workers: 4
[38.934s][debug][gc,phases      ] GC(32)   JVMTI Tag Weak OopStorage      Min:  0.0, Avg:  0.0, Max:  0.0, Diff:  0.0, Sum:  0.0, Workers: 4
[38.934s][debug][gc,phases      ] GC(32)     Dead                           Min: 0, Avg:  0.0, Max: 0, Diff: 0, Sum: 0, Workers: 4
[38.934s][debug][gc,phases      ] GC(32)     Total                          Min: 0, Avg:  0.0, Max: 0, Diff: 0, Sum: 0, Workers: 4
[38.934s][debug][gc,phases      ] GC(32)   StringTable Weak               Min:  0.0, Avg:  0.1, Max:  0.4, Diff:  0.4, Sum:  0.4, Workers: 4
[38.934s][debug][gc,phases      ] GC(32)     Dead                           Min: 0, Avg:  2.8, Max: 11, Diff: 11, Sum: 11, Workers: 4
[38.934s][debug][gc,phases      ] GC(32)     Total                          Min: 0, Avg: 10640.8, Max: 42563, Diff: 42563, Sum: 42563, Workers: 4
[38.934s][debug][gc,phases      ] GC(32)   ResolvedMethodTable Weak       Min:  0.0, Avg:  0.0, Max:  0.1, Diff:  0.1, Sum:  0.1, Workers: 4
[38.934s][debug][gc,phases      ] GC(32)     Dead                           Min: 0, Avg:  0.0, Max: 0, Diff: 0, Sum: 0, Workers: 4
[38.934s][debug][gc,phases      ] GC(32)     Total                          Min: 0, Avg: 1724.8, Max: 6899, Diff: 6899, Sum: 6899, Workers: 4
[38.934s][debug][gc,phases      ] GC(32)   JNI Weak                       Min:  0.0, Avg:  0.0, Max:  0.0, Diff:  0.0, Sum:  0.0, Workers: 4
[38.934s][debug][gc,phases      ] GC(32)     Dead                           Min: 0, Avg:  0.0, Max: 0, Diff: 0, Sum: 0, Workers: 4
[38.934s][debug][gc,phases      ] GC(32)     Total                          Min: 0, Avg:  1.2, Max: 5, Diff: 5, Sum: 5, Workers: 4
[38.934s][debug][gc,phases      ] GC(32)   StringDedup Table Weak         Min:  0.0, Avg:  0.0, Max:  0.0, Diff:  0.0, Sum:  0.0, Workers: 4
[38.934s][debug][gc,phases      ] GC(32)     Dead                           Min: 0, Avg:  0.0, Max: 0, Diff: 0, Sum: 0, Workers: 4
[38.934s][debug][gc,phases      ] GC(32)     Total                          Min: 0, Avg:  0.0, Max: 0, Diff: 0, Sum: 0, Workers: 4
[38.934s][debug][gc,phases      ] GC(32)   StringDedup Requests0 Weak     Min:  0.0, Avg:  0.0, Max:  0.0, Diff:  0.0, Sum:  0.0, Workers: 4
[38.934s][debug][gc,phases      ] GC(32)     Dead                           Min: 0, Avg:  0.0, Max: 0, Diff: 0, Sum: 0, Workers: 4
[38.934s][debug][gc,phases      ] GC(32)     Total                          Min: 0, Avg:  0.0, Max: 0, Diff: 0, Sum: 0, Workers: 4
[38.934s][debug][gc,phases      ] GC(32)   StringDedup Requests1 Weak     Min:  0.0, Avg:  0.0, Max:  0.0, Diff:  0.0, Sum:  0.0, Workers: 4
[38.934s][debug][gc,phases      ] GC(32)     Dead                           Min: 0, Avg:  0.0, Max: 0, Diff: 0, Sum: 0, Workers: 4
[38.934s][debug][gc,phases      ] GC(32)     Total                          Min: 0, Avg:  0.0, Max: 0, Diff: 0, Sum: 0, Workers: 4
[38.934s][debug][gc,phases      ] GC(32)   Weak JFR Old Object Samples    Min:  0.0, Avg:  0.0, Max:  0.0, Diff:  0.0, Sum:  0.0, Workers: 4
[38.934s][debug][gc,phases      ] GC(32)     Dead                           Min: 0, Avg:  0.0, Max: 0, Diff: 0, Sum: 0, Workers: 4
[38.934s][debug][gc,phases      ] GC(32)     Total                          Min: 0, Avg:  0.0, Max: 0, Diff: 0, Sum: 0, Workers: 4
[38.934s][debug][gc,phases      ] GC(32) Weak Processing 0.810ms
[38.934s][debug][gc,age         ] GC(32) Desired survivor size 445644800 bytes, new threshold 15 (max threshold 15)
[38.934s][info ][gc,heap        ] GC(32) PSYoungGen: 1480256K(1480704K)->247792K(1661952K) Eden: 1229824K(1229824K)->0K(1225728K) From: 250432K(250880K)->247792K(436224K)
[38.934s][info ][gc,heap        ] GC(32) ParOldGen: 275229K(355840K)->275253K(355840K)
[38.935s][info ][gc,metaspace   ] GC(32) Metaspace: 67704K(68480K)->67704K(68480K) NonClass: 57875K(58304K)->57875K(58304K) Class: 9829K(10176K)->9829K(10176K)
[38.935s][info ][gc             ] GC(32) Pause Young (Allocation Failure) 1714M->510M(1970M) 258.061ms
[38.935s][info ][gc,cpu         ] GC(32) User=0.57s Sys=0.00s Real=0.26s
[38.935s][info ][safepoint      ] Safepoint "ParallelGCFailedAllocation", Time since last: 725038487 ns, Reaching safepoint: 13897871 ns, At safepoint: 258203212 ns, Total: 272101083 ns
[39.593s][info ][gc,start       ] GC(33) Pause Young (Allocation Failure)
[39.865s][debug][gc,phases      ] GC(33) Scavenge 271.909ms
[39.865s][debug][gc,ref         ] GC(33) Skipped phase 1 of Reference Processing: no references
[39.866s][debug][gc,ref         ] GC(33) ReferenceProcessor::execute queues: 1, RefProcThreadModel::Single, marks_oops_alive: false
[39.866s][debug][gc,ref         ] GC(33) Skipped phase 3 of Reference Processing: no references
[39.866s][debug][gc,ref         ] GC(33) ReferenceProcessor::execute queues: 1, RefProcThreadModel::Single, marks_oops_alive: false
[39.866s][debug][gc,phases      ] GC(33) Reference Processing 0.185ms
[39.869s][debug][gc,phases      ] GC(33)   VM Weak                        Min:  0.0, Avg:  0.0, Max:  0.0, Diff:  0.0, Sum:  0.0, Workers: 4
[39.869s][debug][gc,phases      ] GC(33)     Dead                           Min: 0, Avg:  0.0, Max: 0, Diff: 0, Sum: 0, Workers: 4
[39.869s][debug][gc,phases      ] GC(33)     Total                          Min: 0, Avg: 147.2, Max: 589, Diff: 589, Sum: 589, Workers: 4
[39.869s][debug][gc,phases      ] GC(33)   ObjectSynchronizer Weak        Min:  0.0, Avg:  0.0, Max:  0.0, Diff:  0.0, Sum:  0.0, Workers: 4
[39.869s][debug][gc,phases      ] GC(33)     Dead                           Min: 0, Avg:  0.0, Max: 0, Diff: 0, Sum: 0, Workers: 4
[39.869s][debug][gc,phases      ] GC(33)     Total                          Min: 0, Avg: 59.8, Max: 239, Diff: 239, Sum: 239, Workers: 4
[39.869s][debug][gc,phases      ] GC(33)   JVMTI Tag Weak OopStorage      Min:  0.0, Avg:  0.0, Max:  0.0, Diff:  0.0, Sum:  0.0, Workers: 4
[39.869s][debug][gc,phases      ] GC(33)     Dead                           Min: 0, Avg:  0.0, Max: 0, Diff: 0, Sum: 0, Workers: 4
[39.869s][debug][gc,phases      ] GC(33)     Total                          Min: 0, Avg:  0.0, Max: 0, Diff: 0, Sum: 0, Workers: 4
[39.869s][debug][gc,phases      ] GC(33)   StringTable Weak               Min:  0.0, Avg:  0.1, Max:  0.5, Diff:  0.5, Sum:  0.5, Workers: 4
[39.869s][debug][gc,phases      ] GC(33)     Dead                           Min: 0, Avg:  2.8, Max: 11, Diff: 11, Sum: 11, Workers: 4
[39.869s][debug][gc,phases      ] GC(33)     Total                          Min: 0, Avg: 10644.0, Max: 42576, Diff: 42576, Sum: 42576, Workers: 4
[39.869s][debug][gc,phases      ] GC(33)   ResolvedMethodTable Weak       Min:  0.0, Avg:  0.0, Max:  0.1, Diff:  0.1, Sum:  0.1, Workers: 4
[39.870s][debug][gc,phases      ] GC(33)     Dead                           Min: 0, Avg:  0.0, Max: 0, Diff: 0, Sum: 0, Workers: 4
[39.870s][debug][gc,phases      ] GC(33)     Total                          Min: 0, Avg: 1728.0, Max: 6912, Diff: 6912, Sum: 6912, Workers: 4
[39.870s][debug][gc,phases      ] GC(33)   JNI Weak                       Min:  0.0, Avg:  0.0, Max:  0.0, Diff:  0.0, Sum:  0.0, Workers: 4
[39.870s][debug][gc,phases      ] GC(33)     Dead                           Min: 0, Avg:  0.0, Max: 0, Diff: 0, Sum: 0, Workers: 4
[39.870s][debug][gc,phases      ] GC(33)     Total                          Min: 0, Avg:  1.5, Max: 6, Diff: 6, Sum: 6, Workers: 4
[39.870s][debug][gc,phases      ] GC(33)   StringDedup Table Weak         Min:  0.0, Avg:  0.0, Max:  0.0, Diff:  0.0, Sum:  0.0, Workers: 4
[39.870s][debug][gc,phases      ] GC(33)     Dead                           Min: 0, Avg:  0.0, Max: 0, Diff: 0, Sum: 0, Workers: 4
[39.870s][debug][gc,phases      ] GC(33)     Total                          Min: 0, Avg:  0.0, Max: 0, Diff: 0, Sum: 0, Workers: 4
[39.870s][debug][gc,phases      ] GC(33)   StringDedup Requests0 Weak     Min:  0.0, Avg:  0.0, Max:  0.0, Diff:  0.0, Sum:  0.0, Workers: 4
[39.870s][debug][gc,phases      ] GC(33)     Dead                           Min: 0, Avg:  0.0, Max: 0, Diff: 0, Sum: 0, Workers: 4
[39.870s][debug][gc,phases      ] GC(33)     Total                          Min: 0, Avg:  0.0, Max: 0, Diff: 0, Sum: 0, Workers: 4
[39.870s][debug][gc,phases      ] GC(33)   StringDedup Requests1 Weak     Min:  0.0, Avg:  0.0, Max:  0.0, Diff:  0.0, Sum:  0.0, Workers: 4
[39.870s][debug][gc,phases      ] GC(33)     Dead                           Min: 0, Avg:  0.0, Max: 0, Diff: 0, Sum: 0, Workers: 4
[39.870s][debug][gc,phases      ] GC(33)     Total                          Min: 0, Avg:  0.0, Max: 0, Diff: 0, Sum: 0, Workers: 4
[39.870s][debug][gc,phases      ] GC(33)   Weak JFR Old Object Samples    Min:  0.0, Avg:  0.0, Max:  0.0, Diff:  0.0, Sum:  0.0, Workers: 4
[39.870s][debug][gc,phases      ] GC(33)     Dead                           Min: 0, Avg:  0.0, Max: 0, Diff: 0, Sum: 0, Workers: 4
[39.870s][debug][gc,phases      ] GC(33)     Total                          Min: 0, Avg:  0.0, Max: 0, Diff: 0, Sum: 0, Workers: 4
[39.870s][debug][gc,phases      ] GC(33) Weak Processing 3.981ms
[39.870s][debug][gc,age         ] GC(33) Desired survivor size 443023360 bytes, new threshold 15 (max threshold 15)
[39.870s][info ][gc,heap        ] GC(33) PSYoungGen: 1473520K(1661952K)->246784K(1660928K) Eden: 1225728K(1225728K)->0K(1225728K) From: 247792K(436224K)->246784K(435200K)
[39.870s][info ][gc,heap        ] GC(33) ParOldGen: 275253K(355840K)->275277K(355840K)
[39.870s][info ][gc,metaspace   ] GC(33) Metaspace: 67759K(68544K)->67759K(68544K) NonClass: 57921K(58368K)->57921K(58368K) Class: 9838K(10176K)->9838K(10176K)
[39.870s][info ][gc             ] GC(33) Pause Young (Allocation Failure) 1707M->509M(1969M) 276.264ms
[39.870s][info ][gc,cpu         ] GC(33) User=0.60s Sys=0.00s Real=0.28s
[39.870s][info ][safepoint      ] Safepoint "ParallelGCFailedAllocation", Time since last: 642414365 ns, Reaching safepoint: 16346183 ns, At safepoint: 276431504 ns, Total: 292777687 ns
[40.740s][info ][gc,start       ] GC(34) Pause Young (Allocation Failure)
[40.973s][debug][gc,phases      ] GC(34) Scavenge 233.637ms
[40.973s][debug][gc,ref         ] GC(34) Skipped phase 1 of Reference Processing: no references
[40.974s][debug][gc,ref         ] GC(34) ReferenceProcessor::execute queues: 1, RefProcThreadModel::Single, marks_oops_alive: false
[40.974s][debug][gc,ref         ] GC(34) Skipped phase 3 of Reference Processing: no references
[40.974s][debug][gc,ref         ] GC(34) ReferenceProcessor::execute queues: 1, RefProcThreadModel::Single, marks_oops_alive: false
[40.974s][debug][gc,phases      ] GC(34) Reference Processing 0.148ms
[40.974s][debug][gc,phases      ] GC(34)   VM Weak                        Min:  0.0, Avg:  0.0, Max:  0.0, Diff:  0.0, Sum:  0.0, Workers: 4
[40.974s][debug][gc,phases      ] GC(34)     Dead                           Min: 0, Avg:  0.0, Max: 0, Diff: 0, Sum: 0, Workers: 4
[40.974s][debug][gc,phases      ] GC(34)     Total                          Min: 0, Avg: 147.2, Max: 589, Diff: 589, Sum: 589, Workers: 4
[40.974s][debug][gc,phases      ] GC(34)   ObjectSynchronizer Weak        Min:  0.0, Avg:  0.0, Max:  0.0, Diff:  0.0, Sum:  0.0, Workers: 4
[40.974s][debug][gc,phases      ] GC(34)     Dead                           Min: 0, Avg:  0.0, Max: 0, Diff: 0, Sum: 0, Workers: 4
[40.974s][debug][gc,phases      ] GC(34)     Total                          Min: 0, Avg: 59.8, Max: 239, Diff: 239, Sum: 239, Workers: 4
[40.974s][debug][gc,phases      ] GC(34)   JVMTI Tag Weak OopStorage      Min:  0.0, Avg:  0.0, Max:  0.0, Diff:  0.0, Sum:  0.0, Workers: 4
[40.974s][debug][gc,phases      ] GC(34)     Dead                           Min: 0, Avg:  0.0, Max: 0, Diff: 0, Sum: 0, Workers: 4
[40.974s][debug][gc,phases      ] GC(34)     Total                          Min: 0, Avg:  0.0, Max: 0, Diff: 0, Sum: 0, Workers: 4
[40.974s][debug][gc,phases      ] GC(34)   StringTable Weak               Min:  0.0, Avg:  0.1, Max:  0.4, Diff:  0.4, Sum:  0.4, Workers: 4
[40.974s][debug][gc,phases      ] GC(34)     Dead                           Min: 0, Avg:  2.8, Max: 11, Diff: 11, Sum: 11, Workers: 4
[40.974s][debug][gc,phases      ] GC(34)     Total                          Min: 0, Avg: 10645.5, Max: 42582, Diff: 42582, Sum: 42582, Workers: 4
[40.974s][debug][gc,phases      ] GC(34)   ResolvedMethodTable Weak       Min:  0.0, Avg:  0.0, Max:  0.1, Diff:  0.1, Sum:  0.1, Workers: 4
[40.974s][debug][gc,phases      ] GC(34)     Dead                           Min: 0, Avg:  0.0, Max: 0, Diff: 0, Sum: 0, Workers: 4
[40.974s][debug][gc,phases      ] GC(34)     Total                          Min: 0, Avg: 1728.0, Max: 6912, Diff: 6912, Sum: 6912, Workers: 4
[40.974s][debug][gc,phases      ] GC(34)   JNI Weak                       Min:  0.0, Avg:  0.0, Max:  0.0, Diff:  0.0, Sum:  0.0, Workers: 4
[40.974s][debug][gc,phases      ] GC(34)     Dead                           Min: 0, Avg:  0.0, Max: 0, Diff: 0, Sum: 0, Workers: 4
[40.974s][debug][gc,phases      ] GC(34)     Total                          Min: 0, Avg:  3.5, Max: 14, Diff: 14, Sum: 14, Workers: 4
[40.974s][debug][gc,phases      ] GC(34)   StringDedup Table Weak         Min:  0.0, Avg:  0.0, Max:  0.0, Diff:  0.0, Sum:  0.0, Workers: 4
[40.974s][debug][gc,phases      ] GC(34)     Dead                           Min: 0, Avg:  0.0, Max: 0, Diff: 0, Sum: 0, Workers: 4
[40.974s][debug][gc,phases      ] GC(34)     Total                          Min: 0, Avg:  0.0, Max: 0, Diff: 0, Sum: 0, Workers: 4
[40.974s][debug][gc,phases      ] GC(34)   StringDedup Requests0 Weak     Min:  0.0, Avg:  0.0, Max:  0.0, Diff:  0.0, Sum:  0.0, Workers: 4
[40.974s][debug][gc,phases      ] GC(34)     Dead                           Min: 0, Avg:  0.0, Max: 0, Diff: 0, Sum: 0, Workers: 4
[40.974s][debug][gc,phases      ] GC(34)     Total                          Min: 0, Avg:  0.0, Max: 0, Diff: 0, Sum: 0, Workers: 4
[40.974s][debug][gc,phases      ] GC(34)   StringDedup Requests1 Weak     Min:  0.0, Avg:  0.0, Max:  0.0, Diff:  0.0, Sum:  0.0, Workers: 4
[40.974s][debug][gc,phases      ] GC(34)     Dead                           Min: 0, Avg:  0.0, Max: 0, Diff: 0, Sum: 0, Workers: 4
[40.974s][debug][gc,phases      ] GC(34)     Total                          Min: 0, Avg:  0.0, Max: 0, Diff: 0, Sum: 0, Workers: 4
[40.974s][debug][gc,phases      ] GC(34)   Weak JFR Old Object Samples    Min:  0.0, Avg:  0.0, Max:  0.0, Diff:  0.0, Sum:  0.0, Workers: 4
[40.974s][debug][gc,phases      ] GC(34)     Dead                           Min: 0, Avg:  0.0, Max: 0, Diff: 0, Sum: 0, Workers: 4
[40.974s][debug][gc,phases      ] GC(34)     Total                          Min: 0, Avg:  0.0, Max: 0, Diff: 0, Sum: 0, Workers: 4
[40.974s][debug][gc,phases      ] GC(34) Weak Processing 0.758ms
[40.974s][debug][gc,age         ] GC(34) Desired survivor size 436731904 bytes, new threshold 15 (max threshold 15)
[40.974s][info ][gc,heap        ] GC(34) PSYoungGen: 1472512K(1660928K)->242016K(1670656K) Eden: 1225728K(1225728K)->0K(1238016K) From: 246784K(435200K)->242016K(432640K)
[40.974s][info ][gc,heap        ] GC(34) ParOldGen: 275277K(355840K)->276381K(355840K)
[40.974s][info ][gc,metaspace   ] GC(34) Metaspace: 67792K(68544K)->67792K(68544K) NonClass: 57954K(58368K)->57954K(58368K) Class: 9838K(10176K)->9838K(10176K)
[40.974s][info ][gc             ] GC(34) Pause Young (Allocation Failure) 1706M->506M(1979M) 234.716ms
[40.974s][info ][gc,cpu         ] GC(34) User=0.57s Sys=0.00s Real=0.24s
[40.975s][info ][safepoint      ] Safepoint "ParallelGCFailedAllocation", Time since last: 865921997 ns, Reaching safepoint: 3956520 ns, At safepoint: 234866092 ns, Total: 238822612 ns
[41.562s][info ][gc,start       ] GC(35) Pause Young (Allocation Failure)
[41.809s][debug][gc,phases      ] GC(35) Scavenge 247.775ms
[41.809s][debug][gc,ref         ] GC(35) Skipped phase 1 of Reference Processing: no references
[41.810s][debug][gc,ref         ] GC(35) ReferenceProcessor::execute queues: 1, RefProcThreadModel::Single, marks_oops_alive: false
[41.810s][debug][gc,ref         ] GC(35) Skipped phase 3 of Reference Processing: no references
[41.810s][debug][gc,ref         ] GC(35) ReferenceProcessor::execute queues: 1, RefProcThreadModel::Single, marks_oops_alive: false
[41.810s][debug][gc,phases      ] GC(35) Reference Processing 0.154ms
[41.810s][debug][gc,phases      ] GC(35)   VM Weak                        Min:  0.0, Avg:  0.0, Max:  0.0, Diff:  0.0, Sum:  0.0, Workers: 4
[41.810s][debug][gc,phases      ] GC(35)     Dead                           Min: 0, Avg:  0.0, Max: 0, Diff: 0, Sum: 0, Workers: 4
[41.810s][debug][gc,phases      ] GC(35)     Total                          Min: 0, Avg: 147.2, Max: 589, Diff: 589, Sum: 589, Workers: 4
[41.810s][debug][gc,phases      ] GC(35)   ObjectSynchronizer Weak        Min:  0.0, Avg:  0.0, Max:  0.0, Diff:  0.0, Sum:  0.0, Workers: 4
[41.810s][debug][gc,phases      ] GC(35)     Dead                           Min: 0, Avg:  0.0, Max: 0, Diff: 0, Sum: 0, Workers: 4
[41.810s][debug][gc,phases      ] GC(35)     Total                          Min: 0, Avg: 59.8, Max: 239, Diff: 239, Sum: 239, Workers: 4
[41.810s][debug][gc,phases      ] GC(35)   JVMTI Tag Weak OopStorage      Min:  0.0, Avg:  0.0, Max:  0.0, Diff:  0.0, Sum:  0.0, Workers: 4
[41.810s][debug][gc,phases      ] GC(35)     Dead                           Min: 0, Avg:  0.0, Max: 0, Diff: 0, Sum: 0, Workers: 4
[41.810s][debug][gc,phases      ] GC(35)     Total                          Min: 0, Avg:  0.0, Max: 0, Diff: 0, Sum: 0, Workers: 4
[41.810s][debug][gc,phases      ] GC(35)   StringTable Weak               Min:  0.0, Avg:  0.1, Max:  0.4, Diff:  0.4, Sum:  0.4, Workers: 4
[41.810s][debug][gc,phases      ] GC(35)     Dead                           Min: 0, Avg:  2.8, Max: 11, Diff: 11, Sum: 11, Workers: 4
[41.810s][debug][gc,phases      ] GC(35)     Total                          Min: 0, Avg: 10645.5, Max: 42582, Diff: 42582, Sum: 42582, Workers: 4
[41.810s][debug][gc,phases      ] GC(35)   ResolvedMethodTable Weak       Min:  0.0, Avg:  0.0, Max:  0.1, Diff:  0.1, Sum:  0.1, Workers: 4
[41.810s][debug][gc,phases      ] GC(35)     Dead                           Min: 0, Avg:  0.0, Max: 0, Diff: 0, Sum: 0, Workers: 4
[41.810s][debug][gc,phases      ] GC(35)     Total                          Min: 0, Avg: 1728.0, Max: 6912, Diff: 6912, Sum: 6912, Workers: 4
[41.810s][debug][gc,phases      ] GC(35)   JNI Weak                       Min:  0.0, Avg:  0.0, Max:  0.0, Diff:  0.0, Sum:  0.0, Workers: 4
[41.810s][debug][gc,phases      ] GC(35)     Dead                           Min: 0, Avg:  0.0, Max: 0, Diff: 0, Sum: 0, Workers: 4
[41.810s][debug][gc,phases      ] GC(35)     Total                          Min: 0, Avg:  0.0, Max: 0, Diff: 0, Sum: 0, Workers: 4
[41.810s][debug][gc,phases      ] GC(35)   StringDedup Table Weak         Min:  0.0, Avg:  0.0, Max:  0.0, Diff:  0.0, Sum:  0.0, Workers: 4
[41.810s][debug][gc,phases      ] GC(35)     Dead                           Min: 0, Avg:  0.0, Max: 0, Diff: 0, Sum: 0, Workers: 4
[41.810s][debug][gc,phases      ] GC(35)     Total                          Min: 0, Avg:  0.0, Max: 0, Diff: 0, Sum: 0, Workers: 4
[41.810s][debug][gc,phases      ] GC(35)   StringDedup Requests0 Weak     Min:  0.0, Avg:  0.0, Max:  0.0, Diff:  0.0, Sum:  0.0, Workers: 4
[41.810s][debug][gc,phases      ] GC(35)     Dead                           Min: 0, Avg:  0.0, Max: 0, Diff: 0, Sum: 0, Workers: 4
[41.810s][debug][gc,phases      ] GC(35)     Total                          Min: 0, Avg:  0.0, Max: 0, Diff: 0, Sum: 0, Workers: 4
[41.810s][debug][gc,phases      ] GC(35)   StringDedup Requests1 Weak     Min:  0.0, Avg:  0.0, Max:  0.0, Diff:  0.0, Sum:  0.0, Workers: 4
[41.810s][debug][gc,phases      ] GC(35)     Dead                           Min: 0, Avg:  0.0, Max: 0, Diff: 0, Sum: 0, Workers: 4
[41.810s][debug][gc,phases      ] GC(35)     Total                          Min: 0, Avg:  0.0, Max: 0, Diff: 0, Sum: 0, Workers: 4
[41.810s][debug][gc,phases      ] GC(35)   Weak JFR Old Object Samples    Min:  0.0, Avg:  0.0, Max:  0.0, Diff:  0.0, Sum:  0.0, Workers: 4
[41.810s][debug][gc,phases      ] GC(35)     Dead                           Min: 0, Avg:  0.0, Max: 0, Diff: 0, Sum: 0, Workers: 4
[41.810s][debug][gc,phases      ] GC(35)     Total                          Min: 0, Avg:  0.0, Max: 0, Diff: 0, Sum: 0, Workers: 4
[41.810s][debug][gc,phases      ] GC(35) Weak Processing 0.730ms
[41.810s][debug][gc,age         ] GC(35) Desired survivor size 429916160 bytes, new threshold 15 (max threshold 15)
[41.810s][info ][gc,heap        ] GC(35) PSYoungGen: 1480032K(1670656K)->241312K(1664512K) Eden: 1238016K(1238016K)->0K(1238016K) From: 242016K(432640K)->241312K(426496K)
[41.810s][info ][gc,heap        ] GC(35) ParOldGen: 276381K(355840K)->276757K(355840K)
[41.810s][info ][gc,metaspace   ] GC(35) Metaspace: 67797K(68544K)->67797K(68544K) NonClass: 57958K(58368K)->57958K(58368K) Class: 9838K(10176K)->9838K(10176K)
[41.810s][info ][gc             ] GC(35) Pause Young (Allocation Failure) 1715M->505M(1973M) 248.853ms
[41.810s][info ][gc,cpu         ] GC(35) User=0.56s Sys=0.00s Real=0.25s
[41.810s][info ][safepoint      ] Safepoint "ParallelGCFailedAllocation", Time since last: 577699231 ns, Reaching safepoint: 9244047 ns, At safepoint: 249006763 ns, Total: 258250810 ns
[42.750s][info ][gc,start       ] GC(36) Pause Young (Allocation Failure)
[42.997s][debug][gc,phases      ] GC(36) Scavenge 247.752ms
[42.997s][debug][gc,ref         ] GC(36) Skipped phase 1 of Reference Processing: no references
[42.998s][debug][gc,ref         ] GC(36) ReferenceProcessor::execute queues: 1, RefProcThreadModel::Single, marks_oops_alive: false
[42.998s][debug][gc,ref         ] GC(36) Skipped phase 3 of Reference Processing: no references
[42.998s][debug][gc,ref         ] GC(36) ReferenceProcessor::execute queues: 1, RefProcThreadModel::Single, marks_oops_alive: false
[42.998s][debug][gc,phases      ] GC(36) Reference Processing 0.190ms
[42.998s][debug][gc,phases      ] GC(36)   VM Weak                        Min:  0.0, Avg:  0.0, Max:  0.0, Diff:  0.0, Sum:  0.0, Workers: 4
[42.998s][debug][gc,phases      ] GC(36)     Dead                           Min: 0, Avg:  0.0, Max: 0, Diff: 0, Sum: 0, Workers: 4
[42.998s][debug][gc,phases      ] GC(36)     Total                          Min: 0, Avg: 147.5, Max: 590, Diff: 590, Sum: 590, Workers: 4
[42.998s][debug][gc,phases      ] GC(36)   ObjectSynchronizer Weak        Min:  0.0, Avg:  0.0, Max:  0.0, Diff:  0.0, Sum:  0.0, Workers: 4
[42.998s][debug][gc,phases      ] GC(36)     Dead                           Min: 0, Avg:  0.0, Max: 0, Diff: 0, Sum: 0, Workers: 4
[42.998s][debug][gc,phases      ] GC(36)     Total                          Min: 0, Avg: 59.8, Max: 239, Diff: 239, Sum: 239, Workers: 4
[42.998s][debug][gc,phases      ] GC(36)   JVMTI Tag Weak OopStorage      Min:  0.0, Avg:  0.0, Max:  0.0, Diff:  0.0, Sum:  0.0, Workers: 4
[42.998s][debug][gc,phases      ] GC(36)     Dead                           Min: 0, Avg:  0.0, Max: 0, Diff: 0, Sum: 0, Workers: 4
[42.998s][debug][gc,phases      ] GC(36)     Total                          Min: 0, Avg:  0.0, Max: 0, Diff: 0, Sum: 0, Workers: 4
[42.998s][debug][gc,phases      ] GC(36)   StringTable Weak               Min:  0.0, Avg:  0.1, Max:  0.4, Diff:  0.4, Sum:  0.4, Workers: 4
[42.998s][debug][gc,phases      ] GC(36)     Dead                           Min: 0, Avg:  3.2, Max: 13, Diff: 13, Sum: 13, Workers: 4
[42.998s][debug][gc,phases      ] GC(36)     Total                          Min: 0, Avg: 10671.0, Max: 42684, Diff: 42684, Sum: 42684, Workers: 4
[42.998s][debug][gc,phases      ] GC(36)   ResolvedMethodTable Weak       Min:  0.0, Avg:  0.0, Max:  0.1, Diff:  0.1, Sum:  0.1, Workers: 4
[42.998s][debug][gc,phases      ] GC(36)     Dead                           Min: 0, Avg:  0.0, Max: 0, Diff: 0, Sum: 0, Workers: 4
[42.998s][debug][gc,phases      ] GC(36)     Total                          Min: 0, Avg: 1763.5, Max: 7054, Diff: 7054, Sum: 7054, Workers: 4
[42.998s][debug][gc,phases      ] GC(36)   JNI Weak                       Min:  0.0, Avg:  0.0, Max:  0.0, Diff:  0.0, Sum:  0.0, Workers: 4
[42.998s][debug][gc,phases      ] GC(36)     Dead                           Min: 0, Avg:  0.0, Max: 0, Diff: 0, Sum: 0, Workers: 4
[42.998s][debug][gc,phases      ] GC(36)     Total                          Min: 0, Avg:  6.5, Max: 26, Diff: 26, Sum: 26, Workers: 4
[42.998s][debug][gc,phases      ] GC(36)   StringDedup Table Weak         Min:  0.0, Avg:  0.0, Max:  0.0, Diff:  0.0, Sum:  0.0, Workers: 4
[42.998s][debug][gc,phases      ] GC(36)     Dead                           Min: 0, Avg:  0.0, Max: 0, Diff: 0, Sum: 0, Workers: 4
[42.998s][debug][gc,phases      ] GC(36)     Total                          Min: 0, Avg:  0.0, Max: 0, Diff: 0, Sum: 0, Workers: 4
[42.998s][debug][gc,phases      ] GC(36)   StringDedup Requests0 Weak     Min:  0.0, Avg:  0.0, Max:  0.0, Diff:  0.0, Sum:  0.0, Workers: 4
[42.998s][debug][gc,phases      ] GC(36)     Dead                           Min: 0, Avg:  0.0, Max: 0, Diff: 0, Sum: 0, Workers: 4
[42.998s][debug][gc,phases      ] GC(36)     Total                          Min: 0, Avg:  0.0, Max: 0, Diff: 0, Sum: 0, Workers: 4
[42.998s][debug][gc,phases      ] GC(36)   StringDedup Requests1 Weak     Min:  0.0, Avg:  0.0, Max:  0.0, Diff:  0.0, Sum:  0.0, Workers: 4
[42.998s][debug][gc,phases      ] GC(36)     Dead                           Min: 0, Avg:  0.0, Max: 0, Diff: 0, Sum: 0, Workers: 4
[42.998s][debug][gc,phases      ] GC(36)     Total                          Min: 0, Avg:  0.0, Max: 0, Diff: 0, Sum: 0, Workers: 4
[42.998s][debug][gc,phases      ] GC(36)   Weak JFR Old Object Samples    Min:  0.0, Avg:  0.0, Max:  0.0, Diff:  0.0, Sum:  0.0, Workers: 4
[42.998s][debug][gc,phases      ] GC(36)     Dead                           Min: 0, Avg:  0.0, Max: 0, Diff: 0, Sum: 0, Workers: 4
[42.998s][debug][gc,phases      ] GC(36)     Total                          Min: 0, Avg:  0.0, Max: 0, Diff: 0, Sum: 0, Workers: 4
[42.998s][debug][gc,phases      ] GC(36) Weak Processing 0.805ms
[42.998s][debug][gc,age         ] GC(36) Desired survivor size 420478976 bytes, new threshold 15 (max threshold 15)
[42.998s][info ][gc,heap        ] GC(36) PSYoungGen: 1479328K(1664512K)->236560K(1686528K) Eden: 1238016K(1238016K)->0K(1266688K) From: 241312K(426496K)->236560K(419840K)
[42.999s][info ][gc,heap        ] GC(36) ParOldGen: 276757K(355840K)->277877K(355840K)
[42.999s][info ][gc,metaspace   ] GC(36) Metaspace: 68105K(68864K)->68105K(68864K) NonClass: 58204K(58624K)->58204K(58624K) Class: 9900K(10240K)->9900K(10240K)
[42.999s][info ][gc             ] GC(36) Pause Young (Allocation Failure) 1714M->502M(1994M) 248.927ms
[42.999s][info ][gc,cpu         ] GC(36) User=0.58s Sys=0.00s Real=0.24s
[42.999s][info ][safepoint      ] Safepoint "ParallelGCFailedAllocation", Time since last: 918527056 ns, Reaching safepoint: 20514804 ns, At safepoint: 249076962 ns, Total: 269591766 ns
[43.804s][info ][gc,start       ] GC(37) Pause Young (Allocation Failure)
[44.177s][debug][gc,phases      ] GC(37) Scavenge 373.669ms
[44.177s][debug][gc,ref         ] GC(37) Skipped phase 1 of Reference Processing: no references
[44.178s][debug][gc,ref         ] GC(37) ReferenceProcessor::execute queues: 1, RefProcThreadModel::Single, marks_oops_alive: false
[44.178s][debug][gc,ref         ] GC(37) Skipped phase 3 of Reference Processing: no references
[44.178s][debug][gc,ref         ] GC(37) ReferenceProcessor::execute queues: 1, RefProcThreadModel::Single, marks_oops_alive: false
[44.178s][debug][gc,phases      ] GC(37) Reference Processing 0.164ms
[44.178s][debug][gc,phases      ] GC(37)   VM Weak                        Min:  0.0, Avg:  0.0, Max:  0.0, Diff:  0.0, Sum:  0.0, Workers: 4
[44.178s][debug][gc,phases      ] GC(37)     Dead                           Min: 0, Avg:  0.0, Max: 0, Diff: 0, Sum: 0, Workers: 4
[44.178s][debug][gc,phases      ] GC(37)     Total                          Min: 0, Avg: 147.5, Max: 590, Diff: 590, Sum: 590, Workers: 4
[44.178s][debug][gc,phases      ] GC(37)   ObjectSynchronizer Weak        Min:  0.0, Avg:  0.0, Max:  0.1, Diff:  0.1, Sum:  0.1, Workers: 4
[44.178s][debug][gc,phases      ] GC(37)     Dead                           Min: 0, Avg:  0.0, Max: 0, Diff: 0, Sum: 0, Workers: 4
[44.178s][debug][gc,phases      ] GC(37)     Total                          Min: 0, Avg: 59.8, Max: 239, Diff: 239, Sum: 239, Workers: 4
[44.178s][debug][gc,phases      ] GC(37)   JVMTI Tag Weak OopStorage      Min:  0.0, Avg:  0.0, Max:  0.0, Diff:  0.0, Sum:  0.0, Workers: 4
[44.178s][debug][gc,phases      ] GC(37)     Dead                           Min: 0, Avg:  0.0, Max: 0, Diff: 0, Sum: 0, Workers: 4
[44.178s][debug][gc,phases      ] GC(37)     Total                          Min: 0, Avg:  0.0, Max: 0, Diff: 0, Sum: 0, Workers: 4
[44.178s][debug][gc,phases      ] GC(37)   StringTable Weak               Min:  0.0, Avg:  0.1, Max:  0.2, Diff:  0.2, Sum:  0.5, Workers: 4
[44.178s][debug][gc,phases      ] GC(37)     Dead                           Min: 0, Avg:  2.8, Max: 7, Diff: 7, Sum: 11, Workers: 4
[44.178s][debug][gc,phases      ] GC(37)     Total                          Min: 0, Avg: 10671.0, Max: 23424, Diff: 23424, Sum: 42684, Workers: 4
[44.178s][debug][gc,phases      ] GC(37)   ResolvedMethodTable Weak       Min:  0.0, Avg:  0.0, Max:  0.0, Diff:  0.0, Sum:  0.1, Workers: 4
[44.178s][debug][gc,phases      ] GC(37)     Dead                           Min: 0, Avg:  0.0, Max: 0, Diff: 0, Sum: 0, Workers: 4
[44.178s][debug][gc,phases      ] GC(37)     Total                          Min: 0, Avg: 1763.5, Max: 3535, Diff: 3535, Sum: 7054, Workers: 4
[44.178s][debug][gc,phases      ] GC(37)   JNI Weak                       Min:  0.0, Avg:  0.0, Max:  0.0, Diff:  0.0, Sum:  0.0, Workers: 4
[44.178s][debug][gc,phases      ] GC(37)     Dead                           Min: 0, Avg:  0.0, Max: 0, Diff: 0, Sum: 0, Workers: 4
[44.178s][debug][gc,phases      ] GC(37)     Total                          Min: 0, Avg:  7.0, Max: 28, Diff: 28, Sum: 28, Workers: 4
[44.178s][debug][gc,phases      ] GC(37)   StringDedup Table Weak         Min:  0.0, Avg:  0.0, Max:  0.0, Diff:  0.0, Sum:  0.0, Workers: 4
[44.178s][debug][gc,phases      ] GC(37)     Dead                           Min: 0, Avg:  0.0, Max: 0, Diff: 0, Sum: 0, Workers: 4
[44.178s][debug][gc,phases      ] GC(37)     Total                          Min: 0, Avg:  0.0, Max: 0, Diff: 0, Sum: 0, Workers: 4
[44.178s][debug][gc,phases      ] GC(37)   StringDedup Requests0 Weak     Min:  0.0, Avg:  0.0, Max:  0.0, Diff:  0.0, Sum:  0.0, Workers: 4
[44.178s][debug][gc,phases      ] GC(37)     Dead                           Min: 0, Avg:  0.0, Max: 0, Diff: 0, Sum: 0, Workers: 4
[44.178s][debug][gc,phases      ] GC(37)     Total                          Min: 0, Avg:  0.0, Max: 0, Diff: 0, Sum: 0, Workers: 4
[44.178s][debug][gc,phases      ] GC(37)   StringDedup Requests1 Weak     Min:  0.0, Avg:  0.0, Max:  0.0, Diff:  0.0, Sum:  0.0, Workers: 4
[44.178s][debug][gc,phases      ] GC(37)     Dead                           Min: 0, Avg:  0.0, Max: 0, Diff: 0, Sum: 0, Workers: 4
[44.178s][debug][gc,phases      ] GC(37)     Total                          Min: 0, Avg:  0.0, Max: 0, Diff: 0, Sum: 0, Workers: 4
[44.178s][debug][gc,phases      ] GC(37)   Weak JFR Old Object Samples    Min:  0.0, Avg:  0.0, Max:  0.0, Diff:  0.0, Sum:  0.0, Workers: 4
[44.178s][debug][gc,phases      ] GC(37)     Dead                           Min: 0, Avg:  0.0, Max: 0, Diff: 0, Sum: 0, Workers: 4
[44.178s][debug][gc,phases      ] GC(37)     Total                          Min: 0, Avg:  0.0, Max: 0, Diff: 0, Sum: 0, Workers: 4
[44.178s][debug][gc,phases      ] GC(37) Weak Processing 0.623ms
[44.178s][debug][gc,age         ] GC(37) Desired survivor size 400556032 bytes, new threshold 14 (max threshold 15)
[44.178s][info ][gc,heap        ] GC(37) PSYoungGen: 1503248K(1686528K)->209088K(1677312K) Eden: 1266688K(1266688K)->0K(1266688K) From: 236560K(419840K)->209088K(410624K)
[44.178s][info ][gc,heap        ] GC(37) ParOldGen: 277877K(355840K)->302941K(355840K)
[44.178s][info ][gc,metaspace   ] GC(37) Metaspace: 68110K(68864K)->68110K(68864K) NonClass: 58209K(58624K)->58209K(58624K) Class: 9900K(10240K)->9900K(10240K)
[44.178s][info ][gc             ] GC(37) Pause Young (Allocation Failure) 1739M->500M(1985M) 374.638ms
[44.178s][info ][gc,cpu         ] GC(37) User=0.78s Sys=0.02s Real=0.37s
[44.178s][info ][safepoint      ] Safepoint "ParallelGCFailedAllocation", Time since last: 786768685 ns, Reaching safepoint: 18198892 ns, At safepoint: 374819198 ns, Total: 393018090 ns
[44.982s][info ][gc,start       ] GC(38) Pause Young (Allocation Failure)
[45.160s][debug][gc,phases      ] GC(38) Scavenge 177.783ms
[45.160s][debug][gc,ref         ] GC(38) Skipped phase 1 of Reference Processing: no references
[45.160s][debug][gc,ref         ] GC(38) ReferenceProcessor::execute queues: 1, RefProcThreadModel::Single, marks_oops_alive: false
[45.160s][debug][gc,ref         ] GC(38) Skipped phase 3 of Reference Processing: no references
[45.160s][debug][gc,ref         ] GC(38) ReferenceProcessor::execute queues: 1, RefProcThreadModel::Single, marks_oops_alive: false
[45.160s][debug][gc,phases      ] GC(38) Reference Processing 0.215ms
[45.160s][debug][gc,phases      ] GC(38)   VM Weak                        Min:  0.0, Avg:  0.0, Max:  0.0, Diff:  0.0, Sum:  0.0, Workers: 4
[45.160s][debug][gc,phases      ] GC(38)     Dead                           Min: 0, Avg:  0.0, Max: 0, Diff: 0, Sum: 0, Workers: 4
[45.160s][debug][gc,phases      ] GC(38)     Total                          Min: 0, Avg: 147.5, Max: 320, Diff: 320, Sum: 590, Workers: 4
[45.160s][debug][gc,phases      ] GC(38)   ObjectSynchronizer Weak        Min:  0.0, Avg:  0.0, Max:  0.0, Diff:  0.0, Sum:  0.0, Workers: 4
[45.160s][debug][gc,phases      ] GC(38)     Dead                           Min: 0, Avg:  0.0, Max: 0, Diff: 0, Sum: 0, Workers: 4
[45.160s][debug][gc,phases      ] GC(38)     Total                          Min: 0, Avg: 59.8, Max: 128, Diff: 128, Sum: 239, Workers: 4
[45.160s][debug][gc,phases      ] GC(38)   JVMTI Tag Weak OopStorage      Min:  0.0, Avg:  0.0, Max:  0.0, Diff:  0.0, Sum:  0.0, Workers: 4
[45.160s][debug][gc,phases      ] GC(38)     Dead                           Min: 0, Avg:  0.0, Max: 0, Diff: 0, Sum: 0, Workers: 4
[45.160s][debug][gc,phases      ] GC(38)     Total                          Min: 0, Avg:  0.0, Max: 0, Diff: 0, Sum: 0, Workers: 4
[45.160s][debug][gc,phases      ] GC(38)   StringTable Weak               Min:  0.0, Avg:  0.1, Max:  0.3, Diff:  0.3, Sum:  0.6, Workers: 4
[45.160s][debug][gc,phases      ] GC(38)     Dead                           Min: 0, Avg:  3.0, Max: 11, Diff: 11, Sum: 12, Workers: 4
[45.160s][debug][gc,phases      ] GC(38)     Total                          Min: 0, Avg: 10674.0, Max: 21513, Diff: 21513, Sum: 42696, Workers: 4
[45.160s][debug][gc,phases      ] GC(38)   ResolvedMethodTable Weak       Min:  0.0, Avg:  0.0, Max:  0.1, Diff:  0.1, Sum:  0.1, Workers: 4
[45.160s][debug][gc,phases      ] GC(38)     Dead                           Min: 0, Avg:  0.0, Max: 0, Diff: 0, Sum: 0, Workers: 4
[45.160s][debug][gc,phases      ] GC(38)     Total                          Min: 0, Avg: 1766.2, Max: 3674, Diff: 3674, Sum: 7065, Workers: 4
[45.160s][debug][gc,phases      ] GC(38)   JNI Weak                       Min:  0.0, Avg:  0.0, Max:  0.0, Diff:  0.0, Sum:  0.0, Workers: 4
[45.160s][debug][gc,phases      ] GC(38)     Dead                           Min: 0, Avg:  0.0, Max: 0, Diff: 0, Sum: 0, Workers: 4
[45.160s][debug][gc,phases      ] GC(38)     Total                          Min: 0, Avg:  6.0, Max: 24, Diff: 24, Sum: 24, Workers: 4
[45.160s][debug][gc,phases      ] GC(38)   StringDedup Table Weak         Min:  0.0, Avg:  0.0, Max:  0.0, Diff:  0.0, Sum:  0.0, Workers: 4
[45.160s][debug][gc,phases      ] GC(38)     Dead                           Min: 0, Avg:  0.0, Max: 0, Diff: 0, Sum: 0, Workers: 4
[45.160s][debug][gc,phases      ] GC(38)     Total                          Min: 0, Avg:  0.0, Max: 0, Diff: 0, Sum: 0, Workers: 4
[45.160s][debug][gc,phases      ] GC(38)   StringDedup Requests0 Weak     Min:  0.0, Avg:  0.0, Max:  0.0, Diff:  0.0, Sum:  0.0, Workers: 4
[45.160s][debug][gc,phases      ] GC(38)     Dead                           Min: 0, Avg:  0.0, Max: 0, Diff: 0, Sum: 0, Workers: 4
[45.160s][debug][gc,phases      ] GC(38)     Total                          Min: 0, Avg:  0.0, Max: 0, Diff: 0, Sum: 0, Workers: 4
[45.160s][debug][gc,phases      ] GC(38)   StringDedup Requests1 Weak     Min:  0.0, Avg:  0.0, Max:  0.0, Diff:  0.0, Sum:  0.0, Workers: 4
[45.160s][debug][gc,phases      ] GC(38)     Dead                           Min: 0, Avg:  0.0, Max: 0, Diff: 0, Sum: 0, Workers: 4
[45.160s][debug][gc,phases      ] GC(38)     Total                          Min: 0, Avg:  0.0, Max: 0, Diff: 0, Sum: 0, Workers: 4
[45.160s][debug][gc,phases      ] GC(38)   Weak JFR Old Object Samples    Min:  0.0, Avg:  0.0, Max:  0.0, Diff:  0.0, Sum:  0.0, Workers: 4
[45.160s][debug][gc,phases      ] GC(38)     Dead                           Min: 0, Avg:  0.0, Max: 0, Diff: 0, Sum: 0, Workers: 4
[45.160s][debug][gc,phases      ] GC(38)     Total                          Min: 0, Avg:  0.0, Max: 0, Diff: 0, Sum: 0, Workers: 4
[45.160s][debug][gc,phases      ] GC(38) Weak Processing 0.627ms
[45.160s][debug][gc,age         ] GC(38) Desired survivor size 393216000 bytes, new threshold 14 (max threshold 15)
[45.160s][info ][gc,heap        ] GC(38) PSYoungGen: 1475776K(1677312K)->141178K(1713152K) Eden: 1266688K(1266688K)->0K(1321984K) From: 209088K(410624K)->141178K(391168K)
[45.160s][info ][gc,heap        ] GC(38) ParOldGen: 302941K(355840K)->371685K(371712K)
[45.160s][info ][gc,metaspace   ] GC(38) Metaspace: 68199K(68928K)->68199K(68928K) NonClass: 58290K(58688K)->58290K(58688K) Class: 9909K(10240K)->9909K(10240K)
[45.160s][info ][gc             ] GC(38) Pause Young (Allocation Failure) 1737M->500M(2036M) 178.807ms
[45.160s][info ][gc,cpu         ] GC(38) User=0.48s Sys=0.01s Real=0.17s
[45.161s][debug][gc,phases      ] GC(39) Pre Compact 0.017ms
[45.161s][info ][gc,start       ] GC(39) Pause Full (Ergonomics)
[45.161s][info ][gc,phases,start] GC(39) Marking Phase
[45.541s][debug][gc,phases      ] GC(39) Par Mark 380.753ms
[45.541s][debug][gc,ref         ] GC(39) Skipped phase 1 of Reference Processing: no references
[45.542s][debug][gc,ref         ] GC(39) ReferenceProcessor::execute queues: 1, RefProcThreadModel::Single, marks_oops_alive: false
[45.542s][debug][gc,ref         ] GC(39) Skipped phase 3 of Reference Processing: no references
[45.542s][debug][gc,ref         ] GC(39) ReferenceProcessor::execute queues: 1, RefProcThreadModel::Single, marks_oops_alive: false
[45.542s][debug][gc,phases      ] GC(39) Reference Processing 0.222ms
[45.543s][debug][gc,phases      ] GC(39)   VM Weak                        Min:  0.0, Avg:  0.0, Max:  0.0, Diff:  0.0, Sum:  0.0, Workers: 4
[45.543s][debug][gc,phases      ] GC(39)     Dead                           Min: 0, Avg:  0.0, Max: 0, Diff: 0, Sum: 0, Workers: 4
[45.543s][debug][gc,phases      ] GC(39)     Total                          Min: 0, Avg: 147.5, Max: 590, Diff: 590, Sum: 590, Workers: 4
[45.543s][debug][gc,phases      ] GC(39)   ObjectSynchronizer Weak        Min:  0.0, Avg:  0.0, Max:  0.0, Diff:  0.0, Sum:  0.0, Workers: 4
[45.543s][debug][gc,phases      ] GC(39)     Dead                           Min: 0, Avg:  0.0, Max: 0, Diff: 0, Sum: 0, Workers: 4
[45.543s][debug][gc,phases      ] GC(39)     Total                          Min: 0, Avg: 59.8, Max: 239, Diff: 239, Sum: 239, Workers: 4
[45.543s][debug][gc,phases      ] GC(39)   JVMTI Tag Weak OopStorage      Min:  0.0, Avg:  0.0, Max:  0.0, Diff:  0.0, Sum:  0.0, Workers: 4
[45.543s][debug][gc,phases      ] GC(39)     Dead                           Min: 0, Avg:  0.0, Max: 0, Diff: 0, Sum: 0, Workers: 4
[45.543s][debug][gc,phases      ] GC(39)     Total                          Min: 0, Avg:  0.0, Max: 0, Diff: 0, Sum: 0, Workers: 4
[45.543s][debug][gc,phases      ] GC(39)   StringTable Weak               Min:  0.0, Avg:  0.2, Max:  0.7, Diff:  0.7, Sum:  0.7, Workers: 4
[45.543s][debug][gc,phases      ] GC(39)     Dead                           Min: 0, Avg:  0.0, Max: 0, Diff: 0, Sum: 0, Workers: 4
[45.543s][debug][gc,phases      ] GC(39)     Total                          Min: 0, Avg: 10674.0, Max: 42696, Diff: 42696, Sum: 42696, Workers: 4
[45.543s][debug][gc,phases      ] GC(39)   ResolvedMethodTable Weak       Min:  0.0, Avg:  0.0, Max:  0.1, Diff:  0.1, Sum:  0.1, Workers: 4
[45.543s][debug][gc,phases      ] GC(39)     Dead                           Min: 0, Avg:  0.0, Max: 0, Diff: 0, Sum: 0, Workers: 4
[45.543s][debug][gc,phases      ] GC(39)     Total                          Min: 0, Avg: 1766.2, Max: 7065, Diff: 7065, Sum: 7065, Workers: 4
[45.543s][debug][gc,phases      ] GC(39)   JNI Weak                       Min:  0.0, Avg:  0.0, Max:  0.0, Diff:  0.0, Sum:  0.0, Workers: 4
[45.543s][debug][gc,phases      ] GC(39)     Dead                           Min: 0, Avg:  0.0, Max: 0, Diff: 0, Sum: 0, Workers: 4
[45.543s][debug][gc,phases      ] GC(39)     Total                          Min: 0, Avg:  6.0, Max: 24, Diff: 24, Sum: 24, Workers: 4
[45.543s][debug][gc,phases      ] GC(39)   StringDedup Table Weak         Min:  0.0, Avg:  0.0, Max:  0.0, Diff:  0.0, Sum:  0.0, Workers: 4
[45.543s][debug][gc,phases      ] GC(39)     Dead                           Min: 0, Avg:  0.0, Max: 0, Diff: 0, Sum: 0, Workers: 4
[45.543s][debug][gc,phases      ] GC(39)     Total                          Min: 0, Avg:  0.0, Max: 0, Diff: 0, Sum: 0, Workers: 4
[45.543s][debug][gc,phases      ] GC(39)   StringDedup Requests0 Weak     Min:  0.0, Avg:  0.0, Max:  0.0, Diff:  0.0, Sum:  0.0, Workers: 4
[45.543s][debug][gc,phases      ] GC(39)     Dead                           Min: 0, Avg:  0.0, Max: 0, Diff: 0, Sum: 0, Workers: 4
[45.543s][debug][gc,phases      ] GC(39)     Total                          Min: 0, Avg:  0.0, Max: 0, Diff: 0, Sum: 0, Workers: 4
[45.543s][debug][gc,phases      ] GC(39)   StringDedup Requests1 Weak     Min:  0.0, Avg:  0.0, Max:  0.0, Diff:  0.0, Sum:  0.0, Workers: 4
[45.543s][debug][gc,phases      ] GC(39)     Dead                           Min: 0, Avg:  0.0, Max: 0, Diff: 0, Sum: 0, Workers: 4
[45.543s][debug][gc,phases      ] GC(39)     Total                          Min: 0, Avg:  0.0, Max: 0, Diff: 0, Sum: 0, Workers: 4
[45.543s][debug][gc,phases      ] GC(39)   Weak JFR Old Object Samples    Min:  0.0, Avg:  0.0, Max:  0.0, Diff:  0.0, Sum:  0.0, Workers: 4
[45.543s][debug][gc,phases      ] GC(39)     Dead                           Min: 0, Avg:  0.0, Max: 0, Diff: 0, Sum: 0, Workers: 4
[45.543s][debug][gc,phases      ] GC(39)     Total                          Min: 0, Avg:  0.0, Max: 0, Diff: 0, Sum: 0, Workers: 4
[45.543s][debug][gc,phases      ] GC(39) Weak Processing 1.079ms
[45.543s][debug][gc,phases      ] GC(39) ClassLoaderData 0.086ms
[45.543s][debug][gc,phases      ] GC(39) Trigger cleanups 0.001ms
[45.556s][debug][gc,phases      ] GC(39) Class Unloading 13.362ms
[45.556s][info ][gc,phases      ] GC(39) Marking Phase 395.609ms
[45.556s][info ][gc,phases,start] GC(39) Summary Phase
[45.556s][info ][gc,phases      ] GC(39) Summary Phase 0.015ms
[45.556s][info ][gc,phases,start] GC(39) Adjust Roots
[45.575s][info ][gc,phases      ] GC(39) Adjust Roots 18.476ms
[45.575s][info ][gc,phases,start] GC(39) Compaction Phase
[46.468s][info ][gc,phases      ] GC(39) Compaction Phase 892.795ms
[46.468s][info ][gc,phases,start] GC(39) Post Compact
[46.471s][info ][gc,phases      ] GC(39) Post Compact 3.095ms
[46.471s][info ][gc,heap        ] GC(39) PSYoungGen: 141178K(1713152K)->126918K(1713152K) Eden: 0K(1321984K)->0K(1321984K) From: 141178K(391168K)->126918K(391168K)
[46.471s][info ][gc,heap        ] GC(39) ParOldGen: 371685K(371712K)->371503K(459264K)
[46.471s][info ][gc,metaspace   ] GC(39) Metaspace: 68199K(68928K)->68199K(68928K) NonClass: 58290K(58688K)->58290K(58688K) Class: 9909K(10240K)->9909K(10240K)
[46.471s][info ][gc             ] GC(39) Pause Full (Ergonomics) 500M->486M(2121M) 1310.531ms
[46.471s][info ][gc,cpu         ] GC(39) User=3.54s Sys=0.00s Real=1.32s
[46.516s][info ][safepoint      ] Safepoint "ParallelGCFailedAllocation", Time since last: 795748626 ns, Reaching safepoint: 7452438 ns, At safepoint: 1534261855 ns, Total: 1541714293 ns
[46.824s][info ][safepoint      ] Safepoint "ICBufferFull", Time since last: 298827609 ns, Reaching safepoint: 8859845 ns, At safepoint: 26400 ns, Total: 8886245 ns
[47.174s][info ][safepoint      ] Safepoint "ICBufferFull", Time since last: 337962007 ns, Reaching safepoint: 11953260 ns, At safepoint: 48101 ns, Total: 12001361 ns
[47.330s][info ][gc,start       ] GC(40) Pause Young (Allocation Failure)
[47.523s][debug][gc,phases      ] GC(40) Scavenge 193.894ms
[47.524s][debug][gc,ref         ] GC(40) Skipped phase 1 of Reference Processing: no references
[47.524s][debug][gc,ref         ] GC(40) ReferenceProcessor::execute queues: 1, RefProcThreadModel::Single, marks_oops_alive: false
[47.524s][debug][gc,ref         ] GC(40) Skipped phase 3 of Reference Processing: no references
[47.524s][debug][gc,ref         ] GC(40) ReferenceProcessor::execute queues: 1, RefProcThreadModel::Single, marks_oops_alive: false
[47.524s][debug][gc,phases      ] GC(40) Reference Processing 0.140ms
[47.524s][debug][gc,phases      ] GC(40)   VM Weak                        Min:  0.0, Avg:  0.0, Max:  0.0, Diff:  0.0, Sum:  0.0, Workers: 4
[47.524s][debug][gc,phases      ] GC(40)     Dead                           Min: 0, Avg:  0.0, Max: 0, Diff: 0, Sum: 0, Workers: 4
[47.524s][debug][gc,phases      ] GC(40)     Total                          Min: 0, Avg: 147.5, Max: 270, Diff: 270, Sum: 590, Workers: 4
[47.524s][debug][gc,phases      ] GC(40)   ObjectSynchronizer Weak        Min:  0.0, Avg:  0.0, Max:  0.0, Diff:  0.0, Sum:  0.0, Workers: 4
[47.524s][debug][gc,phases      ] GC(40)     Dead                           Min: 0, Avg:  0.0, Max: 0, Diff: 0, Sum: 0, Workers: 4
[47.524s][debug][gc,phases      ] GC(40)     Total                          Min: 0, Avg: 59.8, Max: 128, Diff: 128, Sum: 239, Workers: 4
[47.524s][debug][gc,phases      ] GC(40)   JVMTI Tag Weak OopStorage      Min:  0.0, Avg:  0.0, Max:  0.0, Diff:  0.0, Sum:  0.0, Workers: 4
[47.524s][debug][gc,phases      ] GC(40)     Dead                           Min: 0, Avg:  0.0, Max: 0, Diff: 0, Sum: 0, Workers: 4
[47.524s][debug][gc,phases      ] GC(40)     Total                          Min: 0, Avg:  0.0, Max: 0, Diff: 0, Sum: 0, Workers: 4
[47.524s][debug][gc,phases      ] GC(40)   StringTable Weak               Min:  0.0, Avg:  0.1, Max:  0.2, Diff:  0.2, Sum:  0.5, Workers: 4
[47.524s][debug][gc,phases      ] GC(40)     Dead                           Min: 0, Avg:  2.8, Max: 11, Diff: 11, Sum: 11, Workers: 4
[47.524s][debug][gc,phases      ] GC(40)     Total                          Min: 0, Avg: 10679.5, Max: 15103, Diff: 15103, Sum: 42718, Workers: 4
[47.524s][debug][gc,phases      ] GC(40)   ResolvedMethodTable Weak       Min:  0.0, Avg:  0.0, Max:  0.0, Diff:  0.0, Sum:  0.1, Workers: 4
[47.524s][debug][gc,phases      ] GC(40)     Dead                           Min: 0, Avg:  0.0, Max: 0, Diff: 0, Sum: 0, Workers: 4
[47.524s][debug][gc,phases      ] GC(40)     Total                          Min: 0, Avg: 1776.5, Max: 2560, Diff: 2560, Sum: 7106, Workers: 4
[47.524s][debug][gc,phases      ] GC(40)   JNI Weak                       Min:  0.0, Avg:  0.0, Max:  0.0, Diff:  0.0, Sum:  0.0, Workers: 4
[47.524s][debug][gc,phases      ] GC(40)     Dead                           Min: 0, Avg:  0.0, Max: 0, Diff: 0, Sum: 0, Workers: 4
[47.524s][debug][gc,phases      ] GC(40)     Total                          Min: 0, Avg:  0.0, Max: 0, Diff: 0, Sum: 0, Workers: 4
[47.524s][debug][gc,phases      ] GC(40)   StringDedup Table Weak         Min:  0.0, Avg:  0.0, Max:  0.0, Diff:  0.0, Sum:  0.0, Workers: 4
[47.524s][debug][gc,phases      ] GC(40)     Dead                           Min: 0, Avg:  0.0, Max: 0, Diff: 0, Sum: 0, Workers: 4
[47.524s][debug][gc,phases      ] GC(40)     Total                          Min: 0, Avg:  0.0, Max: 0, Diff: 0, Sum: 0, Workers: 4
[47.524s][debug][gc,phases      ] GC(40)   StringDedup Requests0 Weak     Min:  0.0, Avg:  0.0, Max:  0.0, Diff:  0.0, Sum:  0.0, Workers: 4
[47.524s][debug][gc,phases      ] GC(40)     Dead                           Min: 0, Avg:  0.0, Max: 0, Diff: 0, Sum: 0, Workers: 4
[47.524s][debug][gc,phases      ] GC(40)     Total                          Min: 0, Avg:  0.0, Max: 0, Diff: 0, Sum: 0, Workers: 4
[47.524s][debug][gc,phases      ] GC(40)   StringDedup Requests1 Weak     Min:  0.0, Avg:  0.0, Max:  0.0, Diff:  0.0, Sum:  0.0, Workers: 4
[47.524s][debug][gc,phases      ] GC(40)     Dead                           Min: 0, Avg:  0.0, Max: 0, Diff: 0, Sum: 0, Workers: 4
[47.524s][debug][gc,phases      ] GC(40)     Total                          Min: 0, Avg:  0.0, Max: 0, Diff: 0, Sum: 0, Workers: 4
[47.524s][debug][gc,phases      ] GC(40)   Weak JFR Old Object Samples    Min:  0.0, Avg:  0.0, Max:  0.0, Diff:  0.0, Sum:  0.0, Workers: 4
[47.524s][debug][gc,phases      ] GC(40)     Dead                           Min: 0, Avg:  0.0, Max: 0, Diff: 0, Sum: 0, Workers: 4
[47.524s][debug][gc,phases      ] GC(40)     Total                          Min: 0, Avg:  0.0, Max: 0, Diff: 0, Sum: 0, Workers: 4
[47.524s][debug][gc,phases      ] GC(40) Weak Processing 0.405ms
[47.524s][debug][gc,age         ] GC(40) Desired survivor size 391118848 bytes, new threshold 14 (max threshold 15)
[47.524s][info ][gc,heap        ] GC(40) PSYoungGen: 1448902K(1713152K)->104144K(1705984K) Eden: 1321984K(1321984K)->0K(1321984K) From: 126918K(391168K)->104144K(384000K)
[47.524s][info ][gc,heap        ] GC(40) ParOldGen: 371503K(459264K)->397375K(459264K)
[47.524s][info ][gc,metaspace   ] GC(40) Metaspace: 68285K(69120K)->68285K(69120K) NonClass: 58360K(58816K)->58360K(58816K) Class: 9925K(10304K)->9925K(10304K)
[47.524s][info ][gc             ] GC(40) Pause Young (Allocation Failure) 1777M->489M(2114M) 194.603ms
[47.524s][info ][gc,cpu         ] GC(40) User=0.43s Sys=0.02s Real=0.19s
[47.524s][info ][safepoint      ] Safepoint "ParallelGCFailedAllocation", Time since last: 145623035 ns, Reaching safepoint: 10288852 ns, At safepoint: 194741083 ns, Total: 205029935 ns
[47.573s][info ][safepoint      ] Safepoint "ICBufferFull", Time since last: 48674845 ns, Reaching safepoint: 142301 ns, At safepoint: 26500 ns, Total: 168801 ns
[47.605s][info ][safepoint      ] Safepoint "ICBufferFull", Time since last: 26149232 ns, Reaching safepoint: 6241931 ns, At safepoint: 34701 ns, Total: 6276632 ns
[47.610s][info ][safepoint      ] Safepoint "ICBufferFull", Time since last: 3203416 ns, Reaching safepoint: 1636608 ns, At safepoint: 23100 ns, Total: 1659708 ns
[47.635s][info ][safepoint      ] Safepoint "ICBufferFull", Time since last: 7060536 ns, Reaching safepoint: 17357487 ns, At safepoint: 25601 ns, Total: 17383088 ns
[47.650s][info ][safepoint      ] Safepoint "ICBufferFull", Time since last: 6627433 ns, Reaching safepoint: 8270942 ns, At safepoint: 22300 ns, Total: 8293242 ns
[47.660s][info ][safepoint      ] Safepoint "ICBufferFull", Time since last: 1221506 ns, Reaching safepoint: 8632944 ns, At safepoint: 37100 ns, Total: 8670044 ns
[48.316s][info ][gc,start       ] GC(41) Pause Young (Allocation Failure)
[48.457s][debug][gc,phases      ] GC(41) Scavenge 141.281ms
[48.457s][debug][gc,ref         ] GC(41) Skipped phase 1 of Reference Processing: no references
[48.458s][debug][gc,ref         ] GC(41) ReferenceProcessor::execute queues: 1, RefProcThreadModel::Single, marks_oops_alive: false
[48.458s][debug][gc,ref         ] GC(41) Skipped phase 3 of Reference Processing: no references
[48.458s][debug][gc,ref         ] GC(41) ReferenceProcessor::execute queues: 1, RefProcThreadModel::Single, marks_oops_alive: false
[48.458s][debug][gc,phases      ] GC(41) Reference Processing 0.189ms
[48.461s][debug][gc,phases      ] GC(41)   VM Weak                        Min:  0.0, Avg:  0.0, Max:  0.0, Diff:  0.0, Sum:  0.0, Workers: 4
[48.461s][debug][gc,phases      ] GC(41)     Dead                           Min: 0, Avg:  0.0, Max: 0, Diff: 0, Sum: 0, Workers: 4
[48.461s][debug][gc,phases      ] GC(41)     Total                          Min: 0, Avg: 147.5, Max: 462, Diff: 462, Sum: 590, Workers: 4
[48.461s][debug][gc,phases      ] GC(41)   ObjectSynchronizer Weak        Min:  0.0, Avg:  0.0, Max:  0.0, Diff:  0.0, Sum:  0.0, Workers: 4
[48.461s][debug][gc,phases      ] GC(41)     Dead                           Min: 0, Avg:  0.0, Max: 0, Diff: 0, Sum: 0, Workers: 4
[48.461s][debug][gc,phases      ] GC(41)     Total                          Min: 0, Avg: 59.8, Max: 128, Diff: 128, Sum: 239, Workers: 4
[48.461s][debug][gc,phases      ] GC(41)   JVMTI Tag Weak OopStorage      Min:  0.0, Avg:  0.0, Max:  0.0, Diff:  0.0, Sum:  0.0, Workers: 4
[48.461s][debug][gc,phases      ] GC(41)     Dead                           Min: 0, Avg:  0.0, Max: 0, Diff: 0, Sum: 0, Workers: 4
[48.461s][debug][gc,phases      ] GC(41)     Total                          Min: 0, Avg:  0.0, Max: 0, Diff: 0, Sum: 0, Workers: 4
[48.461s][debug][gc,phases      ] GC(41)   StringTable Weak               Min:  0.0, Avg:  0.1, Max:  0.3, Diff:  0.3, Sum:  0.5, Workers: 4
[48.461s][debug][gc,phases      ] GC(41)     Dead                           Min: 0, Avg:  2.8, Max: 10, Diff: 10, Sum: 11, Workers: 4
[48.461s][debug][gc,phases      ] GC(41)     Total                          Min: 0, Avg: 10682.5, Max: 21504, Diff: 21504, Sum: 42730, Workers: 4
[48.461s][debug][gc,phases      ] GC(41)   ResolvedMethodTable Weak       Min:  0.0, Avg:  0.0, Max:  0.1, Diff:  0.1, Sum:  0.1, Workers: 4
[48.461s][debug][gc,phases      ] GC(41)     Dead                           Min: 0, Avg:  0.0, Max: 0, Diff: 0, Sum: 0, Workers: 4
[48.462s][debug][gc,phases      ] GC(41)     Total                          Min: 0, Avg: 1780.8, Max: 3667, Diff: 3667, Sum: 7123, Workers: 4
[48.462s][debug][gc,phases      ] GC(41)   JNI Weak                       Min:  0.0, Avg:  0.0, Max:  0.0, Diff:  0.0, Sum:  0.0, Workers: 4
[48.462s][debug][gc,phases      ] GC(41)     Dead                           Min: 0, Avg:  0.0, Max: 0, Diff: 0, Sum: 0, Workers: 4
[48.462s][debug][gc,phases      ] GC(41)     Total                          Min: 0, Avg:  2.8, Max: 11, Diff: 11, Sum: 11, Workers: 4
[48.462s][debug][gc,phases      ] GC(41)   StringDedup Table Weak         Min:  0.0, Avg:  0.0, Max:  0.0, Diff:  0.0, Sum:  0.0, Workers: 4
[48.462s][debug][gc,phases      ] GC(41)     Dead                           Min: 0, Avg:  0.0, Max: 0, Diff: 0, Sum: 0, Workers: 4
[48.462s][debug][gc,phases      ] GC(41)     Total                          Min: 0, Avg:  0.0, Max: 0, Diff: 0, Sum: 0, Workers: 4
[48.462s][debug][gc,phases      ] GC(41)   StringDedup Requests0 Weak     Min:  0.0, Avg:  0.0, Max:  0.0, Diff:  0.0, Sum:  0.0, Workers: 4
[48.462s][debug][gc,phases      ] GC(41)     Dead                           Min: 0, Avg:  0.0, Max: 0, Diff: 0, Sum: 0, Workers: 4
[48.462s][debug][gc,phases      ] GC(41)     Total                          Min: 0, Avg:  0.0, Max: 0, Diff: 0, Sum: 0, Workers: 4
[48.462s][debug][gc,phases      ] GC(41)   StringDedup Requests1 Weak     Min:  0.0, Avg:  0.0, Max:  0.0, Diff:  0.0, Sum:  0.0, Workers: 4
[48.462s][debug][gc,phases      ] GC(41)     Dead                           Min: 0, Avg:  0.0, Max: 0, Diff: 0, Sum: 0, Workers: 4
[48.462s][debug][gc,phases      ] GC(41)     Total                          Min: 0, Avg:  0.0, Max: 0, Diff: 0, Sum: 0, Workers: 4
[48.462s][debug][gc,phases      ] GC(41)   Weak JFR Old Object Samples    Min:  0.0, Avg:  0.0, Max:  0.0, Diff:  0.0, Sum:  0.0, Workers: 4
[48.462s][debug][gc,phases      ] GC(41)     Dead                           Min: 0, Avg:  0.0, Max: 0, Diff: 0, Sum: 0, Workers: 4
[48.462s][debug][gc,phases      ] GC(41)     Total                          Min: 0, Avg:  0.0, Max: 0, Diff: 0, Sum: 0, Workers: 4
[48.462s][debug][gc,phases      ] GC(41) Weak Processing 3.955ms
[48.462s][debug][gc,age         ] GC(41) Desired survivor size 395313152 bytes, new threshold 14 (max threshold 15)
[48.462s][info ][gc,heap        ] GC(41) PSYoungGen: 1426128K(1705984K)->52528K(1707008K) Eden: 1321984K(1321984K)->0K(1325056K) From: 104144K(384000K)->52528K(381952K)
[48.462s][info ][gc,heap        ] GC(41) ParOldGen: 397375K(459264K)->450551K(459264K)
[48.462s][info ][gc,metaspace   ] GC(41) Metaspace: 68340K(69120K)->68340K(69120K) NonClass: 58409K(58816K)->58409K(58816K) Class: 9931K(10304K)->9931K(10304K)
[48.462s][info ][gc             ] GC(41) Pause Young (Allocation Failure) 1780M->491M(2115M) 145.609ms
[48.462s][info ][gc,cpu         ] GC(41) User=0.20s Sys=0.01s Real=0.15s
[48.462s][debug][gc,phases      ] GC(42) Pre Compact 0.017ms
[48.462s][info ][gc,start       ] GC(42) Pause Full (Ergonomics)
[48.462s][info ][gc,phases,start] GC(42) Marking Phase
[48.849s][debug][gc,phases      ] GC(42) Par Mark 387.548ms
[48.849s][debug][gc,ref         ] GC(42) Skipped phase 1 of Reference Processing: no references
[48.850s][debug][gc,ref         ] GC(42) ReferenceProcessor::execute queues: 1, RefProcThreadModel::Single, marks_oops_alive: false
[48.850s][debug][gc,ref         ] GC(42) Skipped phase 3 of Reference Processing: no references
[48.850s][debug][gc,ref         ] GC(42) ReferenceProcessor::execute queues: 1, RefProcThreadModel::Single, marks_oops_alive: false
[48.850s][debug][gc,phases      ] GC(42) Reference Processing 0.208ms
[48.850s][debug][gc,phases      ] GC(42)   VM Weak                        Min:  0.0, Avg:  0.0, Max:  0.0, Diff:  0.0, Sum:  0.0, Workers: 4
[48.850s][debug][gc,phases      ] GC(42)     Dead                           Min: 0, Avg:  0.0, Max: 0, Diff: 0, Sum: 0, Workers: 4
[48.850s][debug][gc,phases      ] GC(42)     Total                          Min: 0, Avg: 147.5, Max: 590, Diff: 590, Sum: 590, Workers: 4
[48.850s][debug][gc,phases      ] GC(42)   ObjectSynchronizer Weak        Min:  0.0, Avg:  0.0, Max:  0.0, Diff:  0.0, Sum:  0.0, Workers: 4
[48.850s][debug][gc,phases      ] GC(42)     Dead                           Min: 0, Avg:  1.0, Max: 2, Diff: 2, Sum: 4, Workers: 4
[48.850s][debug][gc,phases      ] GC(42)     Total                          Min: 0, Avg: 59.8, Max: 128, Diff: 128, Sum: 239, Workers: 4
[48.850s][debug][gc,phases      ] GC(42)   JVMTI Tag Weak OopStorage      Min:  0.0, Avg:  0.0, Max:  0.0, Diff:  0.0, Sum:  0.0, Workers: 4
[48.850s][debug][gc,phases      ] GC(42)     Dead                           Min: 0, Avg:  0.0, Max: 0, Diff: 0, Sum: 0, Workers: 4
[48.850s][debug][gc,phases      ] GC(42)     Total                          Min: 0, Avg:  0.0, Max: 0, Diff: 0, Sum: 0, Workers: 4
[48.850s][debug][gc,phases      ] GC(42)   StringTable Weak               Min:  0.0, Avg:  0.2, Max:  0.4, Diff:  0.4, Sum:  0.8, Workers: 4
[48.850s][debug][gc,phases      ] GC(42)     Dead                           Min: 0, Avg:  0.0, Max: 0, Diff: 0, Sum: 0, Workers: 4
[48.850s][debug][gc,phases      ] GC(42)     Total                          Min: 0, Avg: 10682.5, Max: 21546, Diff: 21546, Sum: 42730, Workers: 4
[48.850s][debug][gc,phases      ] GC(42)   ResolvedMethodTable Weak       Min:  0.0, Avg:  0.0, Max:  0.1, Diff:  0.1, Sum:  0.1, Workers: 4
[48.850s][debug][gc,phases      ] GC(42)     Dead                           Min: 0, Avg:  0.0, Max: 0, Diff: 0, Sum: 0, Workers: 4
[48.850s][debug][gc,phases      ] GC(42)     Total                          Min: 0, Avg: 1780.8, Max: 3668, Diff: 3668, Sum: 7123, Workers: 4
[48.850s][debug][gc,phases      ] GC(42)   JNI Weak                       Min:  0.0, Avg:  0.0, Max:  0.0, Diff:  0.0, Sum:  0.0, Workers: 4
[48.850s][debug][gc,phases      ] GC(42)     Dead                           Min: 0, Avg:  0.0, Max: 0, Diff: 0, Sum: 0, Workers: 4
[48.850s][debug][gc,phases      ] GC(42)     Total                          Min: 0, Avg:  2.8, Max: 11, Diff: 11, Sum: 11, Workers: 4
[48.850s][debug][gc,phases      ] GC(42)   StringDedup Table Weak         Min:  0.0, Avg:  0.0, Max:  0.0, Diff:  0.0, Sum:  0.0, Workers: 4
[48.850s][debug][gc,phases      ] GC(42)     Dead                           Min: 0, Avg:  0.0, Max: 0, Diff: 0, Sum: 0, Workers: 4
[48.850s][debug][gc,phases      ] GC(42)     Total                          Min: 0, Avg:  0.0, Max: 0, Diff: 0, Sum: 0, Workers: 4
[48.850s][debug][gc,phases      ] GC(42)   StringDedup Requests0 Weak     Min:  0.0, Avg:  0.0, Max:  0.0, Diff:  0.0, Sum:  0.0, Workers: 4
[48.850s][debug][gc,phases      ] GC(42)     Dead                           Min: 0, Avg:  0.0, Max: 0, Diff: 0, Sum: 0, Workers: 4
[48.850s][debug][gc,phases      ] GC(42)     Total                          Min: 0, Avg:  0.0, Max: 0, Diff: 0, Sum: 0, Workers: 4
[48.850s][debug][gc,phases      ] GC(42)   StringDedup Requests1 Weak     Min:  0.0, Avg:  0.0, Max:  0.0, Diff:  0.0, Sum:  0.0, Workers: 4
[48.850s][debug][gc,phases      ] GC(42)     Dead                           Min: 0, Avg:  0.0, Max: 0, Diff: 0, Sum: 0, Workers: 4
[48.850s][debug][gc,phases      ] GC(42)     Total                          Min: 0, Avg:  0.0, Max: 0, Diff: 0, Sum: 0, Workers: 4
[48.850s][debug][gc,phases      ] GC(42)   Weak JFR Old Object Samples    Min:  0.0, Avg:  0.0, Max:  0.0, Diff:  0.0, Sum:  0.0, Workers: 4
[48.850s][debug][gc,phases      ] GC(42)     Dead                           Min: 0, Avg:  0.0, Max: 0, Diff: 0, Sum: 0, Workers: 4
[48.850s][debug][gc,phases      ] GC(42)     Total                          Min: 0, Avg:  0.0, Max: 0, Diff: 0, Sum: 0, Workers: 4
[48.850s][debug][gc,phases      ] GC(42) Weak Processing 0.710ms
[48.850s][debug][gc,phases      ] GC(42) ClassLoaderData 0.082ms
[48.850s][debug][gc,phases      ] GC(42) Trigger cleanups 0.000ms
[48.864s][debug][gc,phases      ] GC(42) Class Unloading 13.281ms
[48.864s][info ][gc,phases      ] GC(42) Marking Phase 401.965ms
[48.864s][info ][gc,phases,start] GC(42) Summary Phase
[48.864s][info ][gc,phases      ] GC(42) Summary Phase 0.016ms
[48.864s][info ][gc,phases,start] GC(42) Adjust Roots
[48.877s][info ][gc,phases      ] GC(42) Adjust Roots 13.630ms
[48.877s][info ][gc,phases,start] GC(42) Compaction Phase
[49.589s][info ][gc,phases      ] GC(42) Compaction Phase 712.044ms
[49.590s][info ][gc,phases,start] GC(42) Post Compact
[49.592s][info ][gc,phases      ] GC(42) Post Compact 2.594ms
[49.592s][info ][gc,heap        ] GC(42) PSYoungGen: 52528K(1707008K)->38153K(1707008K) Eden: 0K(1325056K)->0K(1325056K) From: 52528K(381952K)->38153K(381952K)
[49.592s][info ][gc,heap        ] GC(42) ParOldGen: 450551K(459264K)->459018K(563712K)
[49.592s][info ][gc,metaspace   ] GC(42) Metaspace: 68340K(69120K)->68340K(69120K) NonClass: 58409K(58816K)->58409K(58816K) Class: 9931K(10304K)->9931K(10304K)
[49.592s][info ][gc             ] GC(42) Pause Full (Ergonomics) 491M->485M(2217M) 1130.718ms
[49.592s][info ][gc,cpu         ] GC(42) User=2.88s Sys=0.01s Real=1.13s
[49.630s][info ][safepoint      ] Safepoint "ParallelGCFailedAllocation", Time since last: 655609608 ns, Reaching safepoint: 824904 ns, At safepoint: 1313633922 ns, Total: 1314458826 ns
[50.433s][info ][gc,start       ] GC(43) Pause Young (Allocation Failure)
[50.625s][debug][gc,phases      ] GC(43) Scavenge 191.869ms
[50.625s][debug][gc,ref         ] GC(43) Skipped phase 1 of Reference Processing: no references
[50.626s][debug][gc,ref         ] GC(43) ReferenceProcessor::execute queues: 1, RefProcThreadModel::Single, marks_oops_alive: false
[50.626s][debug][gc,ref         ] GC(43) Skipped phase 3 of Reference Processing: no references
[50.626s][debug][gc,ref         ] GC(43) ReferenceProcessor::execute queues: 1, RefProcThreadModel::Single, marks_oops_alive: false
[50.626s][debug][gc,phases      ] GC(43) Reference Processing 0.136ms
[50.626s][debug][gc,phases      ] GC(43)   VM Weak                        Min:  0.0, Avg:  0.0, Max:  0.0, Diff:  0.0, Sum:  0.0, Workers: 4
[50.626s][debug][gc,phases      ] GC(43)     Dead                           Min: 0, Avg:  0.0, Max: 0, Diff: 0, Sum: 0, Workers: 4
[50.626s][debug][gc,phases      ] GC(43)     Total                          Min: 0, Avg: 147.8, Max: 591, Diff: 591, Sum: 591, Workers: 4
[50.626s][debug][gc,phases      ] GC(43)   ObjectSynchronizer Weak        Min:  0.0, Avg:  0.0, Max:  0.0, Diff:  0.0, Sum:  0.0, Workers: 4
[50.626s][debug][gc,phases      ] GC(43)     Dead                           Min: 0, Avg:  0.0, Max: 0, Diff: 0, Sum: 0, Workers: 4
[50.626s][debug][gc,phases      ] GC(43)     Total                          Min: 0, Avg: 59.8, Max: 239, Diff: 239, Sum: 239, Workers: 4
[50.626s][debug][gc,phases      ] GC(43)   JVMTI Tag Weak OopStorage      Min:  0.0, Avg:  0.0, Max:  0.0, Diff:  0.0, Sum:  0.0, Workers: 4
[50.626s][debug][gc,phases      ] GC(43)     Dead                           Min: 0, Avg:  0.0, Max: 0, Diff: 0, Sum: 0, Workers: 4
[50.626s][debug][gc,phases      ] GC(43)     Total                          Min: 0, Avg:  0.0, Max: 0, Diff: 0, Sum: 0, Workers: 4
[50.626s][debug][gc,phases      ] GC(43)   StringTable Weak               Min:  0.0, Avg:  0.1, Max:  0.5, Diff:  0.5, Sum:  0.5, Workers: 4
[50.626s][debug][gc,phases      ] GC(43)     Dead                           Min: 0, Avg:  3.2, Max: 13, Diff: 13, Sum: 13, Workers: 4
[50.626s][debug][gc,phases      ] GC(43)     Total                          Min: 0, Avg: 10691.8, Max: 42767, Diff: 42767, Sum: 42767, Workers: 4
[50.626s][debug][gc,phases      ] GC(43)   ResolvedMethodTable Weak       Min:  0.0, Avg:  0.0, Max:  0.1, Diff:  0.1, Sum:  0.1, Workers: 4
[50.626s][debug][gc,phases      ] GC(43)     Dead                           Min: 0, Avg:  4.5, Max: 18, Diff: 18, Sum: 18, Workers: 4
[50.626s][debug][gc,phases      ] GC(43)     Total                          Min: 0, Avg: 1786.0, Max: 7144, Diff: 7144, Sum: 7144, Workers: 4
[50.626s][debug][gc,phases      ] GC(43)   JNI Weak                       Min:  0.0, Avg:  0.0, Max:  0.0, Diff:  0.0, Sum:  0.0, Workers: 4
[50.626s][debug][gc,phases      ] GC(43)     Dead                           Min: 0, Avg:  0.0, Max: 0, Diff: 0, Sum: 0, Workers: 4
[50.626s][debug][gc,phases      ] GC(43)     Total                          Min: 0, Avg:  3.5, Max: 14, Diff: 14, Sum: 14, Workers: 4
[50.626s][debug][gc,phases      ] GC(43)   StringDedup Table Weak         Min:  0.0, Avg:  0.0, Max:  0.0, Diff:  0.0, Sum:  0.0, Workers: 4
[50.626s][debug][gc,phases      ] GC(43)     Dead                           Min: 0, Avg:  0.0, Max: 0, Diff: 0, Sum: 0, Workers: 4
[50.626s][debug][gc,phases      ] GC(43)     Total                          Min: 0, Avg:  0.0, Max: 0, Diff: 0, Sum: 0, Workers: 4
[50.626s][debug][gc,phases      ] GC(43)   StringDedup Requests0 Weak     Min:  0.0, Avg:  0.0, Max:  0.0, Diff:  0.0, Sum:  0.0, Workers: 4
[50.626s][debug][gc,phases      ] GC(43)     Dead                           Min: 0, Avg:  0.0, Max: 0, Diff: 0, Sum: 0, Workers: 4
[50.626s][debug][gc,phases      ] GC(43)     Total                          Min: 0, Avg:  0.0, Max: 0, Diff: 0, Sum: 0, Workers: 4
[50.626s][debug][gc,phases      ] GC(43)   StringDedup Requests1 Weak     Min:  0.0, Avg:  0.0, Max:  0.0, Diff:  0.0, Sum:  0.0, Workers: 4
[50.626s][debug][gc,phases      ] GC(43)     Dead                           Min: 0, Avg:  0.0, Max: 0, Diff: 0, Sum: 0, Workers: 4
[50.626s][debug][gc,phases      ] GC(43)     Total                          Min: 0, Avg:  0.0, Max: 0, Diff: 0, Sum: 0, Workers: 4
[50.626s][debug][gc,phases      ] GC(43)   Weak JFR Old Object Samples    Min:  0.0, Avg:  0.0, Max:  0.0, Diff:  0.0, Sum:  0.0, Workers: 4
[50.626s][debug][gc,phases      ] GC(43)     Dead                           Min: 0, Avg:  0.0, Max: 0, Diff: 0, Sum: 0, Workers: 4
[50.626s][debug][gc,phases      ] GC(43)     Total                          Min: 0, Avg:  0.0, Max: 0, Diff: 0, Sum: 0, Workers: 4
[50.626s][debug][gc,phases      ] GC(43) Weak Processing 0.839ms
[50.626s][debug][gc,age         ] GC(43) Desired survivor size 396886016 bytes, new threshold 15 (max threshold 15)
[50.626s][info ][gc,heap        ] GC(43) PSYoungGen: 1363209K(1707008K)->44992K(1370112K) Eden: 1325056K(1325056K)->0K(1325056K) From: 38153K(381952K)->44992K(45056K)
[50.626s][info ][gc,heap        ] GC(43) ParOldGen: 459018K(563712K)->460578K(563712K)
[50.626s][info ][gc,metaspace   ] GC(43) Metaspace: 68455K(69248K)->68455K(69248K) NonClass: 58509K(58944K)->58509K(58944K) Class: 9946K(10304K)->9946K(10304K)
[50.626s][info ][gc             ] GC(43) Pause Young (Allocation Failure) 1779M->493M(1888M) 193.007ms
[50.627s][info ][gc,cpu         ] GC(43) User=0.41s Sys=0.00s Real=0.19s
[50.627s][info ][safepoint      ] Safepoint "ParallelGCFailedAllocation", Time since last: 784264451 ns, Reaching safepoint: 19513298 ns, At safepoint: 193155673 ns, Total: 212668971 ns
[51.361s][info ][gc,start       ] GC(44) Pause Young (Allocation Failure)
[51.417s][debug][gc,phases      ] GC(44) Scavenge 55.852ms
[51.417s][debug][gc,ref         ] GC(44) Skipped phase 1 of Reference Processing: no references
[51.418s][debug][gc,ref         ] GC(44) ReferenceProcessor::execute queues: 1, RefProcThreadModel::Single, marks_oops_alive: false
[51.418s][debug][gc,ref         ] GC(44) Skipped phase 3 of Reference Processing: no references
[51.418s][debug][gc,ref         ] GC(44) ReferenceProcessor::execute queues: 1, RefProcThreadModel::Single, marks_oops_alive: false
[51.418s][debug][gc,phases      ] GC(44) Reference Processing 0.151ms
[51.418s][debug][gc,phases      ] GC(44)   VM Weak                        Min:  0.0, Avg:  0.0, Max:  0.0, Diff:  0.0, Sum:  0.0, Workers: 4
[51.418s][debug][gc,phases      ] GC(44)     Dead                           Min: 0, Avg:  0.0, Max: 0, Diff: 0, Sum: 0, Workers: 4
[51.418s][debug][gc,phases      ] GC(44)     Total                          Min: 0, Avg: 147.8, Max: 591, Diff: 591, Sum: 591, Workers: 4
[51.418s][debug][gc,phases      ] GC(44)   ObjectSynchronizer Weak        Min:  0.0, Avg:  0.0, Max:  0.0, Diff:  0.0, Sum:  0.0, Workers: 4
[51.418s][debug][gc,phases      ] GC(44)     Dead                           Min: 0, Avg:  0.0, Max: 0, Diff: 0, Sum: 0, Workers: 4
[51.418s][debug][gc,phases      ] GC(44)     Total                          Min: 0, Avg: 59.8, Max: 239, Diff: 239, Sum: 239, Workers: 4
[51.418s][debug][gc,phases      ] GC(44)   JVMTI Tag Weak OopStorage      Min:  0.0, Avg:  0.0, Max:  0.0, Diff:  0.0, Sum:  0.0, Workers: 4
[51.418s][debug][gc,phases      ] GC(44)     Dead                           Min: 0, Avg:  0.0, Max: 0, Diff: 0, Sum: 0, Workers: 4
[51.418s][debug][gc,phases      ] GC(44)     Total                          Min: 0, Avg:  0.0, Max: 0, Diff: 0, Sum: 0, Workers: 4
[51.418s][debug][gc,phases      ] GC(44)   StringTable Weak               Min:  0.0, Avg:  0.1, Max:  0.4, Diff:  0.4, Sum:  0.4, Workers: 4
[51.418s][debug][gc,phases      ] GC(44)     Dead                           Min: 0, Avg:  2.8, Max: 11, Diff: 11, Sum: 11, Workers: 4
[51.418s][debug][gc,phases      ] GC(44)     Total                          Min: 0, Avg: 10692.0, Max: 42768, Diff: 42768, Sum: 42768, Workers: 4
[51.418s][debug][gc,phases      ] GC(44)   ResolvedMethodTable Weak       Min:  0.0, Avg:  0.0, Max:  0.1, Diff:  0.1, Sum:  0.1, Workers: 4
[51.418s][debug][gc,phases      ] GC(44)     Dead                           Min: 0, Avg:  0.0, Max: 0, Diff: 0, Sum: 0, Workers: 4
[51.418s][debug][gc,phases      ] GC(44)     Total                          Min: 0, Avg: 1786.0, Max: 7144, Diff: 7144, Sum: 7144, Workers: 4
[51.418s][debug][gc,phases      ] GC(44)   JNI Weak                       Min:  0.0, Avg:  0.0, Max:  0.0, Diff:  0.0, Sum:  0.0, Workers: 4
[51.418s][debug][gc,phases      ] GC(44)     Dead                           Min: 0, Avg:  0.0, Max: 0, Diff: 0, Sum: 0, Workers: 4
[51.418s][debug][gc,phases      ] GC(44)     Total                          Min: 0, Avg:  2.5, Max: 10, Diff: 10, Sum: 10, Workers: 4
[51.418s][debug][gc,phases      ] GC(44)   StringDedup Table Weak         Min:  0.0, Avg:  0.0, Max:  0.0, Diff:  0.0, Sum:  0.0, Workers: 4
[51.418s][debug][gc,phases      ] GC(44)     Dead                           Min: 0, Avg:  0.0, Max: 0, Diff: 0, Sum: 0, Workers: 4
[51.418s][debug][gc,phases      ] GC(44)     Total                          Min: 0, Avg:  0.0, Max: 0, Diff: 0, Sum: 0, Workers: 4
[51.418s][debug][gc,phases      ] GC(44)   StringDedup Requests0 Weak     Min:  0.0, Avg:  0.0, Max:  0.0, Diff:  0.0, Sum:  0.0, Workers: 4
[51.418s][debug][gc,phases      ] GC(44)     Dead                           Min: 0, Avg:  0.0, Max: 0, Diff: 0, Sum: 0, Workers: 4
[51.418s][debug][gc,phases      ] GC(44)     Total                          Min: 0, Avg:  0.0, Max: 0, Diff: 0, Sum: 0, Workers: 4
[51.418s][debug][gc,phases      ] GC(44)   StringDedup Requests1 Weak     Min:  0.0, Avg:  0.0, Max:  0.0, Diff:  0.0, Sum:  0.0, Workers: 4
[51.418s][debug][gc,phases      ] GC(44)     Dead                           Min: 0, Avg:  0.0, Max: 0, Diff: 0, Sum: 0, Workers: 4
[51.418s][debug][gc,phases      ] GC(44)     Total                          Min: 0, Avg:  0.0, Max: 0, Diff: 0, Sum: 0, Workers: 4
[51.418s][debug][gc,phases      ] GC(44)   Weak JFR Old Object Samples    Min:  0.0, Avg:  0.0, Max:  0.0, Diff:  0.0, Sum:  0.0, Workers: 4
[51.418s][debug][gc,phases      ] GC(44)     Dead                           Min: 0, Avg:  0.0, Max: 0, Diff: 0, Sum: 0, Workers: 4
[51.418s][debug][gc,phases      ] GC(44)     Total                          Min: 0, Avg:  0.0, Max: 0, Diff: 0, Sum: 0, Workers: 4
[51.418s][debug][gc,phases      ] GC(44) Weak Processing 0.760ms
[51.418s][debug][gc,age         ] GC(44) Desired survivor size 392691712 bytes, new threshold 15 (max threshold 15)
[51.418s][info ][gc,heap        ] GC(44) PSYoungGen: 1370048K(1370112K)->53504K(1713664K) Eden: 1325056K(1325056K)->0K(1326080K) From: 44992K(45056K)->53504K(387584K)
[51.418s][info ][gc,heap        ] GC(44) ParOldGen: 460578K(563712K)->460586K(563712K)
[51.418s][info ][gc,metaspace   ] GC(44) Metaspace: 68463K(69248K)->68463K(69248K) NonClass: 58516K(58944K)->58516K(58944K) Class: 9946K(10304K)->9946K(10304K)
[51.418s][info ][gc             ] GC(44) Pause Young (Allocation Failure) 1787M->502M(2224M) 56.926ms
[51.418s][info ][gc,cpu         ] GC(44) User=0.09s Sys=0.00s Real=0.05s
[51.419s][info ][safepoint      ] Safepoint "ParallelGCFailedAllocation", Time since last: 718887618 ns, Reaching safepoint: 15954280 ns, At safepoint: 57081788 ns, Total: 73036068 ns
[52.318s][info ][gc,start       ] GC(45) Pause Young (Allocation Failure)
[52.407s][debug][gc,phases      ] GC(45) Scavenge 88.665ms
[52.407s][debug][gc,ref         ] GC(45) Skipped phase 1 of Reference Processing: no references
[52.407s][debug][gc,ref         ] GC(45) ReferenceProcessor::execute queues: 1, RefProcThreadModel::Single, marks_oops_alive: false
[52.407s][debug][gc,ref         ] GC(45) Skipped phase 3 of Reference Processing: no references
[52.407s][debug][gc,ref         ] GC(45) ReferenceProcessor::execute queues: 1, RefProcThreadModel::Single, marks_oops_alive: false
[52.407s][debug][gc,phases      ] GC(45) Reference Processing 0.161ms
[52.407s][debug][gc,phases      ] GC(45)   VM Weak                        Min:  0.0, Avg:  0.0, Max:  0.0, Diff:  0.0, Sum:  0.0, Workers: 4
[52.407s][debug][gc,phases      ] GC(45)     Dead                           Min: 0, Avg:  0.0, Max: 0, Diff: 0, Sum: 0, Workers: 4
[52.407s][debug][gc,phases      ] GC(45)     Total                          Min: 0, Avg: 147.8, Max: 591, Diff: 591, Sum: 591, Workers: 4
[52.407s][debug][gc,phases      ] GC(45)   ObjectSynchronizer Weak        Min:  0.0, Avg:  0.0, Max:  0.0, Diff:  0.0, Sum:  0.0, Workers: 4
[52.407s][debug][gc,phases      ] GC(45)     Dead                           Min: 0, Avg:  0.0, Max: 0, Diff: 0, Sum: 0, Workers: 4
[52.407s][debug][gc,phases      ] GC(45)     Total                          Min: 0, Avg: 59.8, Max: 239, Diff: 239, Sum: 239, Workers: 4
[52.407s][debug][gc,phases      ] GC(45)   JVMTI Tag Weak OopStorage      Min:  0.0, Avg:  0.0, Max:  0.0, Diff:  0.0, Sum:  0.0, Workers: 4
[52.407s][debug][gc,phases      ] GC(45)     Dead                           Min: 0, Avg:  0.0, Max: 0, Diff: 0, Sum: 0, Workers: 4
[52.407s][debug][gc,phases      ] GC(45)     Total                          Min: 0, Avg:  0.0, Max: 0, Diff: 0, Sum: 0, Workers: 4
[52.407s][debug][gc,phases      ] GC(45)   StringTable Weak               Min:  0.0, Avg:  0.1, Max:  0.4, Diff:  0.4, Sum:  0.4, Workers: 4
[52.407s][debug][gc,phases      ] GC(45)     Dead                           Min: 0, Avg:  2.8, Max: 11, Diff: 11, Sum: 11, Workers: 4
[52.407s][debug][gc,phases      ] GC(45)     Total                          Min: 0, Avg: 10693.8, Max: 42775, Diff: 42775, Sum: 42775, Workers: 4
[52.407s][debug][gc,phases      ] GC(45)   ResolvedMethodTable Weak       Min:  0.0, Avg:  0.0, Max:  0.1, Diff:  0.1, Sum:  0.1, Workers: 4
[52.407s][debug][gc,phases      ] GC(45)     Dead                           Min: 0, Avg:  0.0, Max: 0, Diff: 0, Sum: 0, Workers: 4
[52.407s][debug][gc,phases      ] GC(45)     Total                          Min: 0, Avg: 1786.5, Max: 7146, Diff: 7146, Sum: 7146, Workers: 4
[52.407s][debug][gc,phases      ] GC(45)   JNI Weak                       Min:  0.0, Avg:  0.0, Max:  0.0, Diff:  0.0, Sum:  0.0, Workers: 4
[52.407s][debug][gc,phases      ] GC(45)     Dead                           Min: 0, Avg:  0.0, Max: 0, Diff: 0, Sum: 0, Workers: 4
[52.407s][debug][gc,phases      ] GC(45)     Total                          Min: 0, Avg:  1.0, Max: 4, Diff: 4, Sum: 4, Workers: 4
[52.407s][debug][gc,phases      ] GC(45)   StringDedup Table Weak         Min:  0.0, Avg:  0.0, Max:  0.0, Diff:  0.0, Sum:  0.0, Workers: 4
[52.408s][debug][gc,phases      ] GC(45)     Dead                           Min: 0, Avg:  0.0, Max: 0, Diff: 0, Sum: 0, Workers: 4
[52.408s][debug][gc,phases      ] GC(45)     Total                          Min: 0, Avg:  0.0, Max: 0, Diff: 0, Sum: 0, Workers: 4
[52.408s][debug][gc,phases      ] GC(45)   StringDedup Requests0 Weak     Min:  0.0, Avg:  0.0, Max:  0.0, Diff:  0.0, Sum:  0.0, Workers: 4
[52.408s][debug][gc,phases      ] GC(45)     Dead                           Min: 0, Avg:  0.0, Max: 0, Diff: 0, Sum: 0, Workers: 4
[52.408s][debug][gc,phases      ] GC(45)     Total                          Min: 0, Avg:  0.0, Max: 0, Diff: 0, Sum: 0, Workers: 4
[52.408s][debug][gc,phases      ] GC(45)   StringDedup Requests1 Weak     Min:  0.0, Avg:  0.0, Max:  0.0, Diff:  0.0, Sum:  0.0, Workers: 4
[52.408s][debug][gc,phases      ] GC(45)     Dead                           Min: 0, Avg:  0.0, Max: 0, Diff: 0, Sum: 0, Workers: 4
[52.408s][debug][gc,phases      ] GC(45)     Total                          Min: 0, Avg:  0.0, Max: 0, Diff: 0, Sum: 0, Workers: 4
[52.408s][debug][gc,phases      ] GC(45)   Weak JFR Old Object Samples    Min:  0.0, Avg:  0.0, Max:  0.0, Diff:  0.0, Sum:  0.0, Workers: 4
[52.408s][debug][gc,phases      ] GC(45)     Dead                           Min: 0, Avg:  0.0, Max: 0, Diff: 0, Sum: 0, Workers: 4
[52.408s][debug][gc,phases      ] GC(45)     Total                          Min: 0, Avg:  0.0, Max: 0, Diff: 0, Sum: 0, Workers: 4
[52.408s][debug][gc,phases      ] GC(45) Weak Processing 0.765ms
[52.408s][debug][gc,age         ] GC(45) Desired survivor size 385351680 bytes, new threshold 15 (max threshold 15)
[52.408s][info ][gc,heap        ] GC(45) PSYoungGen: 1379584K(1713664K)->60704K(1709568K) Eden: 1326080K(1326080K)->0K(1326080K) From: 53504K(387584K)->60704K(383488K)
[52.408s][info ][gc,heap        ] GC(45) ParOldGen: 460586K(563712K)->463722K(563712K)
[52.408s][info ][gc,metaspace   ] GC(45) Metaspace: 68497K(69248K)->68497K(69248K) NonClass: 58549K(58944K)->58549K(58944K) Class: 9947K(10304K)->9947K(10304K)
[52.408s][info ][gc             ] GC(45) Pause Young (Allocation Failure) 1797M->512M(2220M) 89.744ms
[52.408s][info ][gc,cpu         ] GC(45) User=0.09s Sys=0.01s Real=0.09s
[52.408s][info ][safepoint      ] Safepoint "ParallelGCFailedAllocation", Time since last: 891674584 ns, Reaching safepoint: 7648939 ns, At safepoint: 89892252 ns, Total: 97541191 ns
[53.326s][info ][gc,start       ] GC(46) Pause Young (Allocation Failure)
[53.377s][debug][gc,phases      ] GC(46) Scavenge 51.833ms
[53.377s][debug][gc,ref         ] GC(46) Skipped phase 1 of Reference Processing: no references
[53.378s][debug][gc,ref         ] GC(46) ReferenceProcessor::execute queues: 1, RefProcThreadModel::Single, marks_oops_alive: false
[53.378s][debug][gc,ref         ] GC(46) Skipped phase 3 of Reference Processing: no references
[53.378s][debug][gc,ref         ] GC(46) ReferenceProcessor::execute queues: 1, RefProcThreadModel::Single, marks_oops_alive: false
[53.378s][debug][gc,phases      ] GC(46) Reference Processing 0.177ms
[53.378s][debug][gc,phases      ] GC(46)   VM Weak                        Min:  0.0, Avg:  0.0, Max:  0.0, Diff:  0.0, Sum:  0.0, Workers: 4
[53.378s][debug][gc,phases      ] GC(46)     Dead                           Min: 0, Avg:  0.0, Max: 0, Diff: 0, Sum: 0, Workers: 4
[53.378s][debug][gc,phases      ] GC(46)     Total                          Min: 0, Avg: 147.8, Max: 591, Diff: 591, Sum: 591, Workers: 4
[53.378s][debug][gc,phases      ] GC(46)   ObjectSynchronizer Weak        Min:  0.0, Avg:  0.0, Max:  0.0, Diff:  0.0, Sum:  0.0, Workers: 4
[53.378s][debug][gc,phases      ] GC(46)     Dead                           Min: 0, Avg:  0.0, Max: 0, Diff: 0, Sum: 0, Workers: 4
[53.378s][debug][gc,phases      ] GC(46)     Total                          Min: 0, Avg: 59.8, Max: 239, Diff: 239, Sum: 239, Workers: 4
[53.378s][debug][gc,phases      ] GC(46)   JVMTI Tag Weak OopStorage      Min:  0.0, Avg:  0.0, Max:  0.0, Diff:  0.0, Sum:  0.0, Workers: 4
[53.378s][debug][gc,phases      ] GC(46)     Dead                           Min: 0, Avg:  0.0, Max: 0, Diff: 0, Sum: 0, Workers: 4
[53.378s][debug][gc,phases      ] GC(46)     Total                          Min: 0, Avg:  0.0, Max: 0, Diff: 0, Sum: 0, Workers: 4
[53.378s][debug][gc,phases      ] GC(46)   StringTable Weak               Min:  0.0, Avg:  0.1, Max:  0.5, Diff:  0.5, Sum:  0.5, Workers: 4
[53.378s][debug][gc,phases      ] GC(46)     Dead                           Min: 0, Avg:  2.8, Max: 11, Diff: 11, Sum: 11, Workers: 4
[53.378s][debug][gc,phases      ] GC(46)     Total                          Min: 0, Avg: 10694.8, Max: 42779, Diff: 42779, Sum: 42779, Workers: 4
[53.378s][debug][gc,phases      ] GC(46)   ResolvedMethodTable Weak       Min:  0.0, Avg:  0.0, Max:  0.1, Diff:  0.1, Sum:  0.1, Workers: 4
[53.378s][debug][gc,phases      ] GC(46)     Dead                           Min: 0, Avg:  0.0, Max: 0, Diff: 0, Sum: 0, Workers: 4
[53.378s][debug][gc,phases      ] GC(46)     Total                          Min: 0, Avg: 1786.5, Max: 7146, Diff: 7146, Sum: 7146, Workers: 4
[53.378s][debug][gc,phases      ] GC(46)   JNI Weak                       Min:  0.0, Avg:  0.0, Max:  0.0, Diff:  0.0, Sum:  0.0, Workers: 4
[53.378s][debug][gc,phases      ] GC(46)     Dead                           Min: 0, Avg:  0.0, Max: 0, Diff: 0, Sum: 0, Workers: 4
[53.378s][debug][gc,phases      ] GC(46)     Total                          Min: 0, Avg:  0.8, Max: 3, Diff: 3, Sum: 3, Workers: 4
[53.378s][debug][gc,phases      ] GC(46)   StringDedup Table Weak         Min:  0.0, Avg:  0.0, Max:  0.0, Diff:  0.0, Sum:  0.0, Workers: 4
[53.378s][debug][gc,phases      ] GC(46)     Dead                           Min: 0, Avg:  0.0, Max: 0, Diff: 0, Sum: 0, Workers: 4
[53.378s][debug][gc,phases      ] GC(46)     Total                          Min: 0, Avg:  0.0, Max: 0, Diff: 0, Sum: 0, Workers: 4
[53.378s][debug][gc,phases      ] GC(46)   StringDedup Requests0 Weak     Min:  0.0, Avg:  0.0, Max:  0.0, Diff:  0.0, Sum:  0.0, Workers: 4
[53.378s][debug][gc,phases      ] GC(46)     Dead                           Min: 0, Avg:  0.0, Max: 0, Diff: 0, Sum: 0, Workers: 4
[53.378s][debug][gc,phases      ] GC(46)     Total                          Min: 0, Avg:  0.0, Max: 0, Diff: 0, Sum: 0, Workers: 4
[53.378s][debug][gc,phases      ] GC(46)   StringDedup Requests1 Weak     Min:  0.0, Avg:  0.0, Max:  0.0, Diff:  0.0, Sum:  0.0, Workers: 4
[53.378s][debug][gc,phases      ] GC(46)     Dead                           Min: 0, Avg:  0.0, Max: 0, Diff: 0, Sum: 0, Workers: 4
[53.378s][debug][gc,phases      ] GC(46)     Total                          Min: 0, Avg:  0.0, Max: 0, Diff: 0, Sum: 0, Workers: 4
[53.378s][debug][gc,phases      ] GC(46)   Weak JFR Old Object Samples    Min:  0.0, Avg:  0.0, Max:  0.0, Diff:  0.0, Sum:  0.0, Workers: 4
[53.378s][debug][gc,phases      ] GC(46)     Dead                           Min: 0, Avg:  0.0, Max: 0, Diff: 0, Sum: 0, Workers: 4
[53.378s][debug][gc,phases      ] GC(46)     Total                          Min: 0, Avg:  0.0, Max: 0, Diff: 0, Sum: 0, Workers: 4
[53.379s][debug][gc,phases      ] GC(46) Weak Processing 0.832ms
[53.379s][debug][gc,age         ] GC(46) Desired survivor size 375390208 bytes, new threshold 15 (max threshold 15)
[53.379s][info ][gc,heap        ] GC(46) PSYoungGen: 1386784K(1709568K)->62928K(1730560K) Eden: 1326080K(1326080K)->0K(1354240K) From: 60704K(383488K)->62928K(376320K)
[53.379s][info ][gc,heap        ] GC(46) ParOldGen: 463722K(563712K)->468514K(563712K)
[53.379s][info ][gc,metaspace   ] GC(46) Metaspace: 68503K(69248K)->68503K(69248K) NonClass: 58555K(58944K)->58555K(58944K) Class: 9947K(10304K)->9947K(10304K)
[53.379s][info ][gc             ] GC(46) Pause Young (Allocation Failure) 1807M->518M(2240M) 53.037ms
[53.379s][info ][gc,cpu         ] GC(46) User=0.11s Sys=0.00s Real=0.05s
[53.379s][info ][safepoint      ] Safepoint "ParallelGCFailedAllocation", Time since last: 901682231 ns, Reaching safepoint: 16066481 ns, At safepoint: 53193067 ns, Total: 69259548 ns
[54.194s][info ][gc,start       ] GC(47) Pause Young (Allocation Failure)
[54.293s][debug][gc,phases      ] GC(47) Scavenge 99.801ms
[54.294s][debug][gc,ref         ] GC(47) Skipped phase 1 of Reference Processing: no references
[54.294s][debug][gc,ref         ] GC(47) ReferenceProcessor::execute queues: 1, RefProcThreadModel::Single, marks_oops_alive: false
[54.294s][debug][gc,ref         ] GC(47) Skipped phase 3 of Reference Processing: no references
[54.294s][debug][gc,ref         ] GC(47) ReferenceProcessor::execute queues: 1, RefProcThreadModel::Single, marks_oops_alive: false
[54.294s][debug][gc,phases      ] GC(47) Reference Processing 0.188ms
[54.295s][debug][gc,phases      ] GC(47)   VM Weak                        Min:  0.0, Avg:  0.0, Max:  0.0, Diff:  0.0, Sum:  0.0, Workers: 4
[54.295s][debug][gc,phases      ] GC(47)     Dead                           Min: 0, Avg:  0.0, Max: 0, Diff: 0, Sum: 0, Workers: 4
[54.295s][debug][gc,phases      ] GC(47)     Total                          Min: 0, Avg: 147.8, Max: 591, Diff: 591, Sum: 591, Workers: 4
[54.295s][debug][gc,phases      ] GC(47)   ObjectSynchronizer Weak        Min:  0.0, Avg:  0.0, Max:  0.0, Diff:  0.0, Sum:  0.0, Workers: 4
[54.295s][debug][gc,phases      ] GC(47)     Dead                           Min: 0, Avg:  0.0, Max: 0, Diff: 0, Sum: 0, Workers: 4
[54.295s][debug][gc,phases      ] GC(47)     Total                          Min: 0, Avg: 59.8, Max: 239, Diff: 239, Sum: 239, Workers: 4
[54.295s][debug][gc,phases      ] GC(47)   JVMTI Tag Weak OopStorage      Min:  0.0, Avg:  0.0, Max:  0.0, Diff:  0.0, Sum:  0.0, Workers: 4
[54.295s][debug][gc,phases      ] GC(47)     Dead                           Min: 0, Avg:  0.0, Max: 0, Diff: 0, Sum: 0, Workers: 4
[54.295s][debug][gc,phases      ] GC(47)     Total                          Min: 0, Avg:  0.0, Max: 0, Diff: 0, Sum: 0, Workers: 4
[54.295s][debug][gc,phases      ] GC(47)   StringTable Weak               Min:  0.0, Avg:  0.2, Max:  0.7, Diff:  0.7, Sum:  0.7, Workers: 4
[54.295s][debug][gc,phases      ] GC(47)     Dead                           Min: 0, Avg:  2.8, Max: 11, Diff: 11, Sum: 11, Workers: 4
[54.295s][debug][gc,phases      ] GC(47)     Total                          Min: 0, Avg: 10694.8, Max: 42779, Diff: 42779, Sum: 42779, Workers: 4
[54.295s][debug][gc,phases      ] GC(47)   ResolvedMethodTable Weak       Min:  0.0, Avg:  0.0, Max:  0.1, Diff:  0.1, Sum:  0.1, Workers: 4
[54.295s][debug][gc,phases      ] GC(47)     Dead                           Min: 0, Avg:  0.2, Max: 1, Diff: 1, Sum: 1, Workers: 4
[54.295s][debug][gc,phases      ] GC(47)     Total                          Min: 0, Avg: 1786.5, Max: 7146, Diff: 7146, Sum: 7146, Workers: 4
[54.295s][debug][gc,phases      ] GC(47)   JNI Weak                       Min:  0.0, Avg:  0.0, Max:  0.0, Diff:  0.0, Sum:  0.0, Workers: 4
[54.295s][debug][gc,phases      ] GC(47)     Dead                           Min: 0, Avg:  0.0, Max: 0, Diff: 0, Sum: 0, Workers: 4
[54.295s][debug][gc,phases      ] GC(47)     Total                          Min: 0, Avg:  2.8, Max: 11, Diff: 11, Sum: 11, Workers: 4
[54.295s][debug][gc,phases      ] GC(47)   StringDedup Table Weak         Min:  0.0, Avg:  0.0, Max:  0.0, Diff:  0.0, Sum:  0.0, Workers: 4
[54.295s][debug][gc,phases      ] GC(47)     Dead                           Min: 0, Avg:  0.0, Max: 0, Diff: 0, Sum: 0, Workers: 4
[54.295s][debug][gc,phases      ] GC(47)     Total                          Min: 0, Avg:  0.0, Max: 0, Diff: 0, Sum: 0, Workers: 4
[54.295s][debug][gc,phases      ] GC(47)   StringDedup Requests0 Weak     Min:  0.0, Avg:  0.0, Max:  0.0, Diff:  0.0, Sum:  0.0, Workers: 4
[54.295s][debug][gc,phases      ] GC(47)     Dead                           Min: 0, Avg:  0.0, Max: 0, Diff: 0, Sum: 0, Workers: 4
[54.295s][debug][gc,phases      ] GC(47)     Total                          Min: 0, Avg:  0.0, Max: 0, Diff: 0, Sum: 0, Workers: 4
[54.295s][debug][gc,phases      ] GC(47)   StringDedup Requests1 Weak     Min:  0.0, Avg:  0.0, Max:  0.0, Diff:  0.0, Sum:  0.0, Workers: 4
[54.295s][debug][gc,phases      ] GC(47)     Dead                           Min: 0, Avg:  0.0, Max: 0, Diff: 0, Sum: 0, Workers: 4
[54.295s][debug][gc,phases      ] GC(47)     Total                          Min: 0, Avg:  0.0, Max: 0, Diff: 0, Sum: 0, Workers: 4
[54.295s][debug][gc,phases      ] GC(47)   Weak JFR Old Object Samples    Min:  0.0, Avg:  0.0, Max:  0.0, Diff:  0.0, Sum:  0.0, Workers: 4
[54.295s][debug][gc,phases      ] GC(47)     Dead                           Min: 0, Avg:  0.0, Max: 0, Diff: 0, Sum: 0, Workers: 4
[54.295s][debug][gc,phases      ] GC(47)     Total                          Min: 0, Avg:  0.0, Max: 0, Diff: 0, Sum: 0, Workers: 4
[54.295s][debug][gc,phases      ] GC(47) Weak Processing 1.053ms
[54.295s][debug][gc,age         ] GC(47) Desired survivor size 363855872 bytes, new threshold 15 (max threshold 15)
[54.295s][info ][gc,heap        ] GC(47) PSYoungGen: 1417168K(1730560K)->65888K(1720832K) Eden: 1354240K(1354240K)->0K(1354240K) From: 62928K(376320K)->65888K(366592K)
[54.295s][info ][gc,heap        ] GC(47) ParOldGen: 468514K(563712K)->474026K(563712K)
[54.295s][info ][gc,metaspace   ] GC(47) Metaspace: 68516K(69248K)->68516K(69248K) NonClass: 58568K(58944K)->58568K(58944K) Class: 9947K(10304K)->9947K(10304K)
[54.295s][info ][gc             ] GC(47) Pause Young (Allocation Failure) 1841M->527M(2231M) 101.338ms
[54.295s][info ][gc,cpu         ] GC(47) User=0.14s Sys=0.00s Real=0.10s
[54.295s][info ][safepoint      ] Safepoint "ParallelGCFailedAllocation", Time since last: 802230728 ns, Reaching safepoint: 12566864 ns, At safepoint: 101538609 ns, Total: 114105473 ns
[55.082s][info ][safepoint      ] Safepoint "ICBufferFull", Time since last: 776946699 ns, Reaching safepoint: 9528948 ns, At safepoint: 33700 ns, Total: 9562648 ns
[55.261s][info ][gc,start       ] GC(48) Pause Young (Allocation Failure)
[55.353s][debug][gc,phases      ] GC(48) Scavenge 91.894ms
[55.353s][debug][gc,ref         ] GC(48) Skipped phase 1 of Reference Processing: no references
[55.354s][debug][gc,ref         ] GC(48) ReferenceProcessor::execute queues: 1, RefProcThreadModel::Single, marks_oops_alive: false
[55.354s][debug][gc,ref         ] GC(48) Skipped phase 3 of Reference Processing: no references
[55.354s][debug][gc,ref         ] GC(48) ReferenceProcessor::execute queues: 1, RefProcThreadModel::Single, marks_oops_alive: false
[55.354s][debug][gc,phases      ] GC(48) Reference Processing 0.154ms
[55.357s][debug][gc,phases      ] GC(48)   VM Weak                        Min:  0.0, Avg:  0.0, Max:  0.0, Diff:  0.0, Sum:  0.0, Workers: 4
[55.357s][debug][gc,phases      ] GC(48)     Dead                           Min: 0, Avg:  0.0, Max: 0, Diff: 0, Sum: 0, Workers: 4
[55.357s][debug][gc,phases      ] GC(48)     Total                          Min: 0, Avg: 147.8, Max: 591, Diff: 591, Sum: 591, Workers: 4
[55.357s][debug][gc,phases      ] GC(48)   ObjectSynchronizer Weak        Min:  0.0, Avg:  0.0, Max:  0.0, Diff:  0.0, Sum:  0.0, Workers: 4
[55.357s][debug][gc,phases      ] GC(48)     Dead                           Min: 0, Avg:  0.0, Max: 0, Diff: 0, Sum: 0, Workers: 4
[55.357s][debug][gc,phases      ] GC(48)     Total                          Min: 0, Avg: 59.8, Max: 239, Diff: 239, Sum: 239, Workers: 4
[55.357s][debug][gc,phases      ] GC(48)   JVMTI Tag Weak OopStorage      Min:  0.0, Avg:  0.0, Max:  0.0, Diff:  0.0, Sum:  0.0, Workers: 4
[55.357s][debug][gc,phases      ] GC(48)     Dead                           Min: 0, Avg:  0.0, Max: 0, Diff: 0, Sum: 0, Workers: 4
[55.357s][debug][gc,phases      ] GC(48)     Total                          Min: 0, Avg:  0.0, Max: 0, Diff: 0, Sum: 0, Workers: 4
[55.357s][debug][gc,phases      ] GC(48)   StringTable Weak               Min:  0.0, Avg:  0.1, Max:  0.4, Diff:  0.4, Sum:  0.4, Workers: 4
[55.357s][debug][gc,phases      ] GC(48)     Dead                           Min: 0, Avg:  2.8, Max: 11, Diff: 11, Sum: 11, Workers: 4
[55.358s][debug][gc,phases      ] GC(48)     Total                          Min: 0, Avg: 10695.8, Max: 42783, Diff: 42783, Sum: 42783, Workers: 4
[55.358s][debug][gc,phases      ] GC(48)   ResolvedMethodTable Weak       Min:  0.0, Avg:  0.0, Max:  0.1, Diff:  0.1, Sum:  0.1, Workers: 4
[55.358s][debug][gc,phases      ] GC(48)     Dead                           Min: 0, Avg:  0.0, Max: 0, Diff: 0, Sum: 0, Workers: 4
[55.358s][debug][gc,phases      ] GC(48)     Total                          Min: 0, Avg: 1786.5, Max: 7146, Diff: 7146, Sum: 7146, Workers: 4
[55.358s][debug][gc,phases      ] GC(48)   JNI Weak                       Min:  0.0, Avg:  0.0, Max:  0.0, Diff:  0.0, Sum:  0.0, Workers: 4
[55.358s][debug][gc,phases      ] GC(48)     Dead                           Min: 0, Avg:  0.0, Max: 0, Diff: 0, Sum: 0, Workers: 4
[55.358s][debug][gc,phases      ] GC(48)     Total                          Min: 0, Avg:  0.8, Max: 3, Diff: 3, Sum: 3, Workers: 4
[55.358s][debug][gc,phases      ] GC(48)   StringDedup Table Weak         Min:  0.0, Avg:  0.0, Max:  0.0, Diff:  0.0, Sum:  0.0, Workers: 4
[55.358s][debug][gc,phases      ] GC(48)     Dead                           Min: 0, Avg:  0.0, Max: 0, Diff: 0, Sum: 0, Workers: 4
[55.358s][debug][gc,phases      ] GC(48)     Total                          Min: 0, Avg:  0.0, Max: 0, Diff: 0, Sum: 0, Workers: 4
[55.358s][debug][gc,phases      ] GC(48)   StringDedup Requests0 Weak     Min:  0.0, Avg:  0.0, Max:  0.0, Diff:  0.0, Sum:  0.0, Workers: 4
[55.358s][debug][gc,phases      ] GC(48)     Dead                           Min: 0, Avg:  0.0, Max: 0, Diff: 0, Sum: 0, Workers: 4
[55.358s][debug][gc,phases      ] GC(48)     Total                          Min: 0, Avg:  0.0, Max: 0, Diff: 0, Sum: 0, Workers: 4
[55.358s][debug][gc,phases      ] GC(48)   StringDedup Requests1 Weak     Min:  0.0, Avg:  0.0, Max:  0.0, Diff:  0.0, Sum:  0.0, Workers: 4
[55.358s][debug][gc,phases      ] GC(48)     Dead                           Min: 0, Avg:  0.0, Max: 0, Diff: 0, Sum: 0, Workers: 4
[55.358s][debug][gc,phases      ] GC(48)     Total                          Min: 0, Avg:  0.0, Max: 0, Diff: 0, Sum: 0, Workers: 4
[55.358s][debug][gc,phases      ] GC(48)   Weak JFR Old Object Samples    Min:  0.0, Avg:  0.0, Max:  0.0, Diff:  0.0, Sum:  0.0, Workers: 4
[55.358s][debug][gc,phases      ] GC(48)     Dead                           Min: 0, Avg:  0.0, Max: 0, Diff: 0, Sum: 0, Workers: 4
[55.358s][debug][gc,phases      ] GC(48)     Total                          Min: 0, Avg:  0.0, Max: 0, Diff: 0, Sum: 0, Workers: 4
[55.358s][debug][gc,phases      ] GC(48) Weak Processing 3.979ms
[55.358s][debug][gc,age         ] GC(48) Desired survivor size 351272960 bytes, new threshold 15 (max threshold 15)
[55.358s][info ][gc,heap        ] GC(48) PSYoungGen: 1420128K(1720832K)->67568K(1754112K) Eden: 1354240K(1354240K)->0K(1398784K) From: 65888K(366592K)->67568K(355328K)
[55.358s][info ][gc,heap        ] GC(48) ParOldGen: 474026K(563712K)->475298K(563712K)
[55.358s][info ][gc,metaspace   ] GC(48) Metaspace: 68528K(69312K)->68528K(69312K) NonClass: 58581K(59008K)->58581K(59008K) Class: 9947K(10304K)->9947K(10304K)
[55.358s][info ][gc             ] GC(48) Pause Young (Allocation Failure) 1849M->530M(2263M) 96.208ms
[55.358s][info ][gc,cpu         ] GC(48) User=0.17s Sys=0.00s Real=0.09s
[55.358s][info ][safepoint      ] Safepoint "ParallelGCFailedAllocation", Time since last: 170824657 ns, Reaching safepoint: 9080045 ns, At safepoint: 96349484 ns, Total: 105429529 ns
[56.214s][info ][gc,start       ] GC(49) Pause Young (Allocation Failure)
[56.313s][debug][gc,phases      ] GC(49) Scavenge 99.158ms
[56.313s][debug][gc,ref         ] GC(49) Skipped phase 1 of Reference Processing: no references
[56.313s][debug][gc,ref         ] GC(49) ReferenceProcessor::execute queues: 1, RefProcThreadModel::Single, marks_oops_alive: false
[56.313s][debug][gc,ref         ] GC(49) Skipped phase 3 of Reference Processing: no references
[56.313s][debug][gc,ref         ] GC(49) Skipped phase 4 of Reference Processing: no references
[56.313s][debug][gc,phases      ] GC(49) Reference Processing 0.215ms
[56.317s][debug][gc,phases      ] GC(49)   VM Weak                        Min:  0.0, Avg:  0.0, Max:  0.0, Diff:  0.0, Sum:  0.0, Workers: 4
[56.317s][debug][gc,phases      ] GC(49)     Dead                           Min: 0, Avg:  0.0, Max: 0, Diff: 0, Sum: 0, Workers: 4
[56.317s][debug][gc,phases      ] GC(49)     Total                          Min: 0, Avg: 147.8, Max: 271, Diff: 271, Sum: 591, Workers: 4
[56.317s][debug][gc,phases      ] GC(49)   ObjectSynchronizer Weak        Min:  0.0, Avg:  0.0, Max:  0.0, Diff:  0.0, Sum:  0.0, Workers: 4
[56.317s][debug][gc,phases      ] GC(49)     Dead                           Min: 0, Avg:  0.0, Max: 0, Diff: 0, Sum: 0, Workers: 4
[56.317s][debug][gc,phases      ] GC(49)     Total                          Min: 0, Avg: 59.8, Max: 128, Diff: 128, Sum: 239, Workers: 4
[56.317s][debug][gc,phases      ] GC(49)   JVMTI Tag Weak OopStorage      Min:  0.0, Avg:  0.0, Max:  0.0, Diff:  0.0, Sum:  0.0, Workers: 4
[56.317s][debug][gc,phases      ] GC(49)     Dead                           Min: 0, Avg:  0.0, Max: 0, Diff: 0, Sum: 0, Workers: 4
[56.317s][debug][gc,phases      ] GC(49)     Total                          Min: 0, Avg:  0.0, Max: 0, Diff: 0, Sum: 0, Workers: 4
[56.317s][debug][gc,phases      ] GC(49)   StringTable Weak               Min:  0.0, Avg:  0.2, Max:  0.2, Diff:  0.2, Sum:  0.7, Workers: 4
[56.317s][debug][gc,phases      ] GC(49)     Dead                           Min: 0, Avg:  2.8, Max: 10, Diff: 10, Sum: 11, Workers: 4
[56.317s][debug][gc,phases      ] GC(49)     Total                          Min: 0, Avg: 10696.8, Max: 15104, Diff: 15104, Sum: 42787, Workers: 4
[56.317s][debug][gc,phases      ] GC(49)   ResolvedMethodTable Weak       Min:  0.0, Avg:  0.0, Max:  0.1, Diff:  0.1, Sum:  0.2, Workers: 4
[56.317s][debug][gc,phases      ] GC(49)     Dead                           Min: 0, Avg:  0.0, Max: 0, Diff: 0, Sum: 0, Workers: 4
[56.317s][debug][gc,phases      ] GC(49)     Total                          Min: 0, Avg: 1786.5, Max: 2686, Diff: 2686, Sum: 7146, Workers: 4
[56.318s][debug][gc,phases      ] GC(49)   JNI Weak                       Min:  0.0, Avg:  0.0, Max:  0.0, Diff:  0.0, Sum:  0.0, Workers: 4
[56.318s][debug][gc,phases      ] GC(49)     Dead                           Min: 0, Avg:  0.0, Max: 0, Diff: 0, Sum: 0, Workers: 4
[56.318s][debug][gc,phases      ] GC(49)     Total                          Min: 0, Avg:  0.5, Max: 2, Diff: 2, Sum: 2, Workers: 4
[56.318s][debug][gc,phases      ] GC(49)   StringDedup Table Weak         Min:  0.0, Avg:  0.0, Max:  0.0, Diff:  0.0, Sum:  0.0, Workers: 4
[56.318s][debug][gc,phases      ] GC(49)     Dead                           Min: 0, Avg:  0.0, Max: 0, Diff: 0, Sum: 0, Workers: 4
[56.318s][debug][gc,phases      ] GC(49)     Total                          Min: 0, Avg:  0.0, Max: 0, Diff: 0, Sum: 0, Workers: 4
[56.318s][debug][gc,phases      ] GC(49)   StringDedup Requests0 Weak     Min:  0.0, Avg:  0.0, Max:  0.0, Diff:  0.0, Sum:  0.0, Workers: 4
[56.318s][debug][gc,phases      ] GC(49)     Dead                           Min: 0, Avg:  0.0, Max: 0, Diff: 0, Sum: 0, Workers: 4
[56.318s][debug][gc,phases      ] GC(49)     Total                          Min: 0, Avg:  0.0, Max: 0, Diff: 0, Sum: 0, Workers: 4
[56.318s][debug][gc,phases      ] GC(49)   StringDedup Requests1 Weak     Min:  0.0, Avg:  0.0, Max:  0.0, Diff:  0.0, Sum:  0.0, Workers: 4
[56.318s][debug][gc,phases      ] GC(49)     Dead                           Min: 0, Avg:  0.0, Max: 0, Diff: 0, Sum: 0, Workers: 4
[56.318s][debug][gc,phases      ] GC(49)     Total                          Min: 0, Avg:  0.0, Max: 0, Diff: 0, Sum: 0, Workers: 4
[56.318s][debug][gc,phases      ] GC(49)   Weak JFR Old Object Samples    Min:  0.0, Avg:  0.0, Max:  0.0, Diff:  0.0, Sum:  0.0, Workers: 4
[56.318s][debug][gc,phases      ] GC(49)     Dead                           Min: 0, Avg:  0.0, Max: 0, Diff: 0, Sum: 0, Workers: 4
[56.318s][debug][gc,phases      ] GC(49)     Total                          Min: 0, Avg:  0.0, Max: 0, Diff: 0, Sum: 0, Workers: 4
[56.318s][debug][gc,phases      ] GC(49) Weak Processing 4.603ms
[56.318s][debug][gc,age         ] GC(49) Desired survivor size 338165760 bytes, new threshold 15 (max threshold 15)
[56.318s][info ][gc,heap        ] GC(49) PSYoungGen: 1466352K(1754112K)->66256K(1741824K) Eden: 1398784K(1398784K)->0K(1398784K) From: 67568K(355328K)->66256K(343040K)
[56.318s][info ][gc,heap        ] GC(49) ParOldGen: 475298K(563712K)->479750K(563712K)
[56.318s][info ][gc,metaspace   ] GC(49) Metaspace: 68535K(69312K)->68535K(69312K) NonClass: 58585K(59008K)->58585K(59008K) Class: 9949K(10304K)->9949K(10304K)
[56.318s][info ][gc             ] GC(49) Pause Young (Allocation Failure) 1896M->533M(2251M) 104.224ms
[56.318s][info ][gc,cpu         ] GC(49) User=0.13s Sys=0.00s Real=0.10s
[56.318s][info ][safepoint      ] Safepoint "ParallelGCFailedAllocation", Time since last: 843832930 ns, Reaching safepoint: 11844159 ns, At safepoint: 104397324 ns, Total: 116241483 ns
[56.729s][info ][safepoint      ] Safepoint "ICBufferFull", Time since last: 403261920 ns, Reaching safepoint: 8318341 ns, At safepoint: 27101 ns, Total: 8345442 ns
[56.888s][info ][safepoint      ] Safepoint "ICBufferFull", Time since last: 148098341 ns, Reaching safepoint: 10113751 ns, At safepoint: 43600 ns, Total: 10157351 ns
[56.939s][info ][safepoint      ] Safepoint "ICBufferFull", Time since last: 41834310 ns, Reaching safepoint: 8968945 ns, At safepoint: 24400 ns, Total: 8993345 ns
[57.237s][info ][gc,start       ] GC(50) Pause Young (Allocation Failure)
[57.307s][debug][gc,phases      ] GC(50) Scavenge 69.101ms
[57.307s][debug][gc,ref         ] GC(50) Skipped phase 1 of Reference Processing: no references
[57.307s][debug][gc,ref         ] GC(50) ReferenceProcessor::execute queues: 1, RefProcThreadModel::Single, marks_oops_alive: false
[57.307s][debug][gc,ref         ] GC(50) Skipped phase 3 of Reference Processing: no references
[57.307s][debug][gc,ref         ] GC(50) Skipped phase 4 of Reference Processing: no references
[57.307s][debug][gc,phases      ] GC(50) Reference Processing 0.153ms
[57.307s][debug][gc,phases      ] GC(50)   VM Weak                        Min:  0.0, Avg:  0.0, Max:  0.0, Diff:  0.0, Sum:  0.0, Workers: 4
[57.307s][debug][gc,phases      ] GC(50)     Dead                           Min: 0, Avg:  0.0, Max: 0, Diff: 0, Sum: 0, Workers: 4
[57.307s][debug][gc,phases      ] GC(50)     Total                          Min: 0, Avg: 147.8, Max: 591, Diff: 591, Sum: 591, Workers: 4
[57.307s][debug][gc,phases      ] GC(50)   ObjectSynchronizer Weak        Min:  0.0, Avg:  0.0, Max:  0.0, Diff:  0.0, Sum:  0.0, Workers: 4
[57.307s][debug][gc,phases      ] GC(50)     Dead                           Min: 0, Avg:  0.0, Max: 0, Diff: 0, Sum: 0, Workers: 4
[57.307s][debug][gc,phases      ] GC(50)     Total                          Min: 0, Avg: 59.8, Max: 239, Diff: 239, Sum: 239, Workers: 4
[57.307s][debug][gc,phases      ] GC(50)   JVMTI Tag Weak OopStorage      Min:  0.0, Avg:  0.0, Max:  0.0, Diff:  0.0, Sum:  0.0, Workers: 4
[57.307s][debug][gc,phases      ] GC(50)     Dead                           Min: 0, Avg:  0.0, Max: 0, Diff: 0, Sum: 0, Workers: 4
[57.307s][debug][gc,phases      ] GC(50)     Total                          Min: 0, Avg:  0.0, Max: 0, Diff: 0, Sum: 0, Workers: 4
[57.307s][debug][gc,phases      ] GC(50)   StringTable Weak               Min:  0.0, Avg:  0.1, Max:  0.4, Diff:  0.4, Sum:  0.4, Workers: 4
[57.308s][debug][gc,phases      ] GC(50)     Dead                           Min: 0, Avg:  2.8, Max: 11, Diff: 11, Sum: 11, Workers: 4
[57.308s][debug][gc,phases      ] GC(50)     Total                          Min: 0, Avg: 10702.5, Max: 42810, Diff: 42810, Sum: 42810, Workers: 4
[57.308s][debug][gc,phases      ] GC(50)   ResolvedMethodTable Weak       Min:  0.0, Avg:  0.0, Max:  0.1, Diff:  0.1, Sum:  0.1, Workers: 4
[57.308s][debug][gc,phases      ] GC(50)     Dead                           Min: 0, Avg:  0.0, Max: 0, Diff: 0, Sum: 0, Workers: 4
[57.308s][debug][gc,phases      ] GC(50)     Total                          Min: 0, Avg: 1786.5, Max: 7146, Diff: 7146, Sum: 7146, Workers: 4
[57.308s][debug][gc,phases      ] GC(50)   JNI Weak                       Min:  0.0, Avg:  0.0, Max:  0.0, Diff:  0.0, Sum:  0.0, Workers: 4
[57.308s][debug][gc,phases      ] GC(50)     Dead                           Min: 0, Avg:  0.0, Max: 0, Diff: 0, Sum: 0, Workers: 4
[57.308s][debug][gc,phases      ] GC(50)     Total                          Min: 0, Avg:  1.8, Max: 7, Diff: 7, Sum: 7, Workers: 4
[57.308s][debug][gc,phases      ] GC(50)   StringDedup Table Weak         Min:  0.0, Avg:  0.0, Max:  0.0, Diff:  0.0, Sum:  0.0, Workers: 4
[57.308s][debug][gc,phases      ] GC(50)     Dead                           Min: 0, Avg:  0.0, Max: 0, Diff: 0, Sum: 0, Workers: 4
[57.308s][debug][gc,phases      ] GC(50)     Total                          Min: 0, Avg:  0.0, Max: 0, Diff: 0, Sum: 0, Workers: 4
[57.308s][debug][gc,phases      ] GC(50)   StringDedup Requests0 Weak     Min:  0.0, Avg:  0.0, Max:  0.0, Diff:  0.0, Sum:  0.0, Workers: 4
[57.308s][debug][gc,phases      ] GC(50)     Dead                           Min: 0, Avg:  0.0, Max: 0, Diff: 0, Sum: 0, Workers: 4
[57.308s][debug][gc,phases      ] GC(50)     Total                          Min: 0, Avg:  0.0, Max: 0, Diff: 0, Sum: 0, Workers: 4
[57.308s][debug][gc,phases      ] GC(50)   StringDedup Requests1 Weak     Min:  0.0, Avg:  0.0, Max:  0.0, Diff:  0.0, Sum:  0.0, Workers: 4
[57.308s][debug][gc,phases      ] GC(50)     Dead                           Min: 0, Avg:  0.0, Max: 0, Diff: 0, Sum: 0, Workers: 4
[57.308s][debug][gc,phases      ] GC(50)     Total                          Min: 0, Avg:  0.0, Max: 0, Diff: 0, Sum: 0, Workers: 4
[57.308s][debug][gc,phases      ] GC(50)   Weak JFR Old Object Samples    Min:  0.0, Avg:  0.0, Max:  0.0, Diff:  0.0, Sum:  0.0, Workers: 4
[57.308s][debug][gc,phases      ] GC(50)     Dead                           Min: 0, Avg:  0.0, Max: 0, Diff: 0, Sum: 0, Workers: 4
[57.308s][debug][gc,phases      ] GC(50)     Total                          Min: 0, Avg:  0.0, Max: 0, Diff: 0, Sum: 0, Workers: 4
[57.308s][debug][gc,phases      ] GC(50) Weak Processing 0.768ms
[57.308s][debug][gc,age         ] GC(50) Desired survivor size 325058560 bytes, new threshold 15 (max threshold 15)
[57.308s][info ][gc,heap        ] GC(50) PSYoungGen: 1465040K(1741824K)->67328K(1779712K) Eden: 1398784K(1398784K)->0K(1449472K) From: 66256K(343040K)->67328K(330240K)
[57.308s][info ][gc,heap        ] GC(50) ParOldGen: 479750K(563712K)->481966K(563712K)
[57.308s][info ][gc,metaspace   ] GC(50) Metaspace: 68539K(69312K)->68539K(69312K) NonClass: 58590K(59008K)->58590K(59008K) Class: 9949K(10304K)->9949K(10304K)
[57.308s][info ][gc             ] GC(50) Pause Young (Allocation Failure) 1899M->536M(2288M) 70.199ms
[57.308s][info ][gc,cpu         ] GC(50) User=0.13s Sys=0.00s Real=0.07s
[57.308s][info ][safepoint      ] Safepoint "ParallelGCFailedAllocation", Time since last: 288880947 ns, Reaching safepoint: 10013750 ns, At safepoint: 70352253 ns, Total: 80366003 ns
[58.054s][info ][gc,start       ] GC(51) Pause Young (Allocation Failure)
[58.141s][debug][gc,phases      ] GC(51) Scavenge 87.755ms
[58.141s][debug][gc,ref         ] GC(51) Skipped phase 1 of Reference Processing: no references
[58.142s][debug][gc,ref         ] GC(51) ReferenceProcessor::execute queues: 1, RefProcThreadModel::Single, marks_oops_alive: false
[58.142s][debug][gc,ref         ] GC(51) Skipped phase 3 of Reference Processing: no references
[58.142s][debug][gc,ref         ] GC(51) Skipped phase 4 of Reference Processing: no references
[58.142s][debug][gc,phases      ] GC(51) Reference Processing 0.171ms
[58.142s][debug][gc,phases      ] GC(51)   VM Weak                        Min:  0.0, Avg:  0.0, Max:  0.0, Diff:  0.0, Sum:  0.0, Workers: 4
[58.142s][debug][gc,phases      ] GC(51)     Dead                           Min: 0, Avg:  0.0, Max: 0, Diff: 0, Sum: 0, Workers: 4
[58.142s][debug][gc,phases      ] GC(51)     Total                          Min: 0, Avg: 147.8, Max: 591, Diff: 591, Sum: 591, Workers: 4
[58.142s][debug][gc,phases      ] GC(51)   ObjectSynchronizer Weak        Min:  0.0, Avg:  0.0, Max:  0.0, Diff:  0.0, Sum:  0.0, Workers: 4
[58.142s][debug][gc,phases      ] GC(51)     Dead                           Min: 0, Avg:  0.0, Max: 0, Diff: 0, Sum: 0, Workers: 4
[58.142s][debug][gc,phases      ] GC(51)     Total                          Min: 0, Avg: 59.8, Max: 239, Diff: 239, Sum: 239, Workers: 4
[58.142s][debug][gc,phases      ] GC(51)   JVMTI Tag Weak OopStorage      Min:  0.0, Avg:  0.0, Max:  0.0, Diff:  0.0, Sum:  0.0, Workers: 4
[58.142s][debug][gc,phases      ] GC(51)     Dead                           Min: 0, Avg:  0.0, Max: 0, Diff: 0, Sum: 0, Workers: 4
[58.142s][debug][gc,phases      ] GC(51)     Total                          Min: 0, Avg:  0.0, Max: 0, Diff: 0, Sum: 0, Workers: 4
[58.142s][debug][gc,phases      ] GC(51)   StringTable Weak               Min:  0.0, Avg:  0.1, Max:  0.4, Diff:  0.4, Sum:  0.4, Workers: 4
[58.142s][debug][gc,phases      ] GC(51)     Dead                           Min: 0, Avg:  2.8, Max: 11, Diff: 11, Sum: 11, Workers: 4
[58.142s][debug][gc,phases      ] GC(51)     Total                          Min: 0, Avg: 10705.0, Max: 42820, Diff: 42820, Sum: 42820, Workers: 4
[58.142s][debug][gc,phases      ] GC(51)   ResolvedMethodTable Weak       Min:  0.0, Avg:  0.0, Max:  0.1, Diff:  0.1, Sum:  0.1, Workers: 4
[58.142s][debug][gc,phases      ] GC(51)     Dead                           Min: 0, Avg:  0.0, Max: 0, Diff: 0, Sum: 0, Workers: 4
[58.142s][debug][gc,phases      ] GC(51)     Total                          Min: 0, Avg: 1786.5, Max: 7146, Diff: 7146, Sum: 7146, Workers: 4
[58.142s][debug][gc,phases      ] GC(51)   JNI Weak                       Min:  0.0, Avg:  0.0, Max:  0.0, Diff:  0.0, Sum:  0.0, Workers: 4
[58.142s][debug][gc,phases      ] GC(51)     Dead                           Min: 0, Avg:  0.0, Max: 0, Diff: 0, Sum: 0, Workers: 4
[58.142s][debug][gc,phases      ] GC(51)     Total                          Min: 0, Avg:  2.5, Max: 10, Diff: 10, Sum: 10, Workers: 4
[58.142s][debug][gc,phases      ] GC(51)   StringDedup Table Weak         Min:  0.0, Avg:  0.0, Max:  0.0, Diff:  0.0, Sum:  0.0, Workers: 4
[58.142s][debug][gc,phases      ] GC(51)     Dead                           Min: 0, Avg:  0.0, Max: 0, Diff: 0, Sum: 0, Workers: 4
[58.142s][debug][gc,phases      ] GC(51)     Total                          Min: 0, Avg:  0.0, Max: 0, Diff: 0, Sum: 0, Workers: 4
[58.142s][debug][gc,phases      ] GC(51)   StringDedup Requests0 Weak     Min:  0.0, Avg:  0.0, Max:  0.0, Diff:  0.0, Sum:  0.0, Workers: 4
[58.142s][debug][gc,phases      ] GC(51)     Dead                           Min: 0, Avg:  0.0, Max: 0, Diff: 0, Sum: 0, Workers: 4
[58.142s][debug][gc,phases      ] GC(51)     Total                          Min: 0, Avg:  0.0, Max: 0, Diff: 0, Sum: 0, Workers: 4
[58.142s][debug][gc,phases      ] GC(51)   StringDedup Requests1 Weak     Min:  0.0, Avg:  0.0, Max:  0.0, Diff:  0.0, Sum:  0.0, Workers: 4
[58.142s][debug][gc,phases      ] GC(51)     Dead                           Min: 0, Avg:  0.0, Max: 0, Diff: 0, Sum: 0, Workers: 4
[58.142s][debug][gc,phases      ] GC(51)     Total                          Min: 0, Avg:  0.0, Max: 0, Diff: 0, Sum: 0, Workers: 4
[58.142s][debug][gc,phases      ] GC(51)   Weak JFR Old Object Samples    Min:  0.0, Avg:  0.0, Max:  0.0, Diff:  0.0, Sum:  0.0, Workers: 4
[58.142s][debug][gc,phases      ] GC(51)     Dead                           Min: 0, Avg:  0.0, Max: 0, Diff: 0, Sum: 0, Workers: 4
[58.142s][debug][gc,phases      ] GC(51)     Total                          Min: 0, Avg:  0.0, Max: 0, Diff: 0, Sum: 0, Workers: 4
[58.142s][debug][gc,phases      ] GC(51) Weak Processing 0.771ms
[58.142s][debug][gc,age         ] GC(51) Desired survivor size 311951360 bytes, new threshold 15 (max threshold 15)
[58.142s][info ][gc,heap        ] GC(51) PSYoungGen: 1516800K(1779712K)->66136K(1766912K) Eden: 1449472K(1449472K)->0K(1449472K) From: 67328K(330240K)->66136K(317440K)
[58.142s][info ][gc,heap        ] GC(51) ParOldGen: 481966K(563712K)->486294K(563712K)
[58.142s][info ][gc,metaspace   ] GC(51) Metaspace: 68550K(69312K)->68550K(69312K) NonClass: 58601K(59008K)->58601K(59008K) Class: 9949K(10304K)->9949K(10304K)
[58.142s][info ][gc             ] GC(51) Pause Young (Allocation Failure) 1951M->539M(2276M) 88.908ms
[58.142s][info ][gc,cpu         ] GC(51) User=0.15s Sys=0.00s Real=0.09s
[58.143s][info ][safepoint      ] Safepoint "ParallelGCFailedAllocation", Time since last: 737734892 ns, Reaching safepoint: 7964240 ns, At safepoint: 89070946 ns, Total: 97035186 ns
[59.025s][info ][safepoint      ] Safepoint "ICBufferFull", Time since last: 862833416 ns, Reaching safepoint: 20005900 ns, At safepoint: 35600 ns, Total: 20041500 ns
[59.185s][info ][gc,start       ] GC(52) Pause Young (Allocation Failure)
[59.293s][debug][gc,phases      ] GC(52) Scavenge 107.874ms
[59.294s][debug][gc,ref         ] GC(52) Skipped phase 1 of Reference Processing: no references
[59.294s][debug][gc,ref         ] GC(52) ReferenceProcessor::execute queues: 1, RefProcThreadModel::Single, marks_oops_alive: false
[59.294s][debug][gc,ref         ] GC(52) Skipped phase 3 of Reference Processing: no references
[59.294s][debug][gc,ref         ] GC(52) Skipped phase 4 of Reference Processing: no references
[59.294s][debug][gc,phases      ] GC(52) Reference Processing 0.201ms
[59.297s][debug][gc,phases      ] GC(52)   VM Weak                        Min:  0.0, Avg:  0.0, Max:  0.0, Diff:  0.0, Sum:  0.0, Workers: 4
[59.297s][debug][gc,phases      ] GC(52)     Dead                           Min: 0, Avg:  0.0, Max: 0, Diff: 0, Sum: 0, Workers: 4
[59.297s][debug][gc,phases      ] GC(52)     Total                          Min: 0, Avg: 147.8, Max: 320, Diff: 320, Sum: 591, Workers: 4
[59.297s][debug][gc,phases      ] GC(52)   ObjectSynchronizer Weak        Min:  0.0, Avg:  0.0, Max:  0.0, Diff:  0.0, Sum:  0.0, Workers: 4
[59.297s][debug][gc,phases      ] GC(52)     Dead                           Min: 0, Avg:  0.0, Max: 0, Diff: 0, Sum: 0, Workers: 4
[59.297s][debug][gc,phases      ] GC(52)     Total                          Min: 0, Avg: 59.8, Max: 175, Diff: 175, Sum: 239, Workers: 4
[59.297s][debug][gc,phases      ] GC(52)   JVMTI Tag Weak OopStorage      Min:  0.0, Avg:  0.0, Max:  0.0, Diff:  0.0, Sum:  0.0, Workers: 4
[59.297s][debug][gc,phases      ] GC(52)     Dead                           Min: 0, Avg:  0.0, Max: 0, Diff: 0, Sum: 0, Workers: 4
[59.297s][debug][gc,phases      ] GC(52)     Total                          Min: 0, Avg:  0.0, Max: 0, Diff: 0, Sum: 0, Workers: 4
[59.297s][debug][gc,phases      ] GC(52)   StringTable Weak               Min:  0.0, Avg:  0.2, Max:  0.3, Diff:  0.3, Sum:  0.7, Workers: 4
[59.297s][debug][gc,phases      ] GC(52)     Dead                           Min: 0, Avg:  2.8, Max: 11, Diff: 11, Sum: 11, Workers: 4
[59.297s][debug][gc,phases      ] GC(52)     Total                          Min: 0, Avg: 10705.2, Max: 21648, Diff: 21648, Sum: 42821, Workers: 4
[59.297s][debug][gc,phases      ] GC(52)   ResolvedMethodTable Weak       Min:  0.0, Avg:  0.0, Max:  0.1, Diff:  0.1, Sum:  0.1, Workers: 4
[59.297s][debug][gc,phases      ] GC(52)     Dead                           Min: 0, Avg:  0.0, Max: 0, Diff: 0, Sum: 0, Workers: 4
[59.297s][debug][gc,phases      ] GC(52)     Total                          Min: 0, Avg: 1786.5, Max: 3632, Diff: 3632, Sum: 7146, Workers: 4
[59.297s][debug][gc,phases      ] GC(52)   JNI Weak                       Min:  0.0, Avg:  0.0, Max:  0.0, Diff:  0.0, Sum:  0.0, Workers: 4
[59.298s][debug][gc,phases      ] GC(52)     Dead                           Min: 0, Avg:  0.0, Max: 0, Diff: 0, Sum: 0, Workers: 4
[59.298s][debug][gc,phases      ] GC(52)     Total                          Min: 0, Avg:  1.8, Max: 7, Diff: 7, Sum: 7, Workers: 4
[59.298s][debug][gc,phases      ] GC(52)   StringDedup Table Weak         Min:  0.0, Avg:  0.0, Max:  0.0, Diff:  0.0, Sum:  0.0, Workers: 4
[59.298s][debug][gc,phases      ] GC(52)     Dead                           Min: 0, Avg:  0.0, Max: 0, Diff: 0, Sum: 0, Workers: 4
[59.298s][debug][gc,phases      ] GC(52)     Total                          Min: 0, Avg:  0.0, Max: 0, Diff: 0, Sum: 0, Workers: 4
[59.298s][debug][gc,phases      ] GC(52)   StringDedup Requests0 Weak     Min:  0.0, Avg:  0.0, Max:  0.0, Diff:  0.0, Sum:  0.0, Workers: 4
[59.298s][debug][gc,phases      ] GC(52)     Dead                           Min: 0, Avg:  0.0, Max: 0, Diff: 0, Sum: 0, Workers: 4
[59.298s][debug][gc,phases      ] GC(52)     Total                          Min: 0, Avg:  0.0, Max: 0, Diff: 0, Sum: 0, Workers: 4
[59.298s][debug][gc,phases      ] GC(52)   StringDedup Requests1 Weak     Min:  0.0, Avg:  0.0, Max:  0.0, Diff:  0.0, Sum:  0.0, Workers: 4
[59.298s][debug][gc,phases      ] GC(52)     Dead                           Min: 0, Avg:  0.0, Max: 0, Diff: 0, Sum: 0, Workers: 4
[59.298s][debug][gc,phases      ] GC(52)     Total                          Min: 0, Avg:  0.0, Max: 0, Diff: 0, Sum: 0, Workers: 4
[59.298s][debug][gc,phases      ] GC(52)   Weak JFR Old Object Samples    Min:  0.0, Avg:  0.0, Max:  0.0, Diff:  0.0, Sum:  0.0, Workers: 4
[59.298s][debug][gc,phases      ] GC(52)     Dead                           Min: 0, Avg:  0.0, Max: 0, Diff: 0, Sum: 0, Workers: 4
[59.298s][debug][gc,phases      ] GC(52)     Total                          Min: 0, Avg:  0.0, Max: 0, Diff: 0, Sum: 0, Workers: 4
[59.298s][debug][gc,phases      ] GC(52) Weak Processing 3.912ms
[59.298s][debug][gc,age         ] GC(52) Desired survivor size 298319872 bytes, new threshold 15 (max threshold 15)
[59.298s][info ][gc,heap        ] GC(52) PSYoungGen: 1515608K(1766912K)->68705K(1805824K) Eden: 1449472K(1449472K)->0K(1501184K) From: 66136K(317440K)->68705K(304640K)
[59.298s][info ][gc,heap        ] GC(52) ParOldGen: 486294K(563712K)->487894K(563712K)
[59.298s][info ][gc,metaspace   ] GC(52) Metaspace: 68561K(69376K)->68561K(69376K) NonClass: 58612K(59072K)->58612K(59072K) Class: 9949K(10304K)->9949K(10304K)
[59.298s][info ][gc             ] GC(52) Pause Young (Allocation Failure) 1954M->543M(2314M) 112.214ms
[59.298s][info ][gc,cpu         ] GC(52) User=0.17s Sys=0.00s Real=0.11s
[59.298s][info ][safepoint      ] Safepoint "ParallelGCFailedAllocation", Time since last: 147476637 ns, Reaching safepoint: 12518163 ns, At safepoint: 112380762 ns, Total: 124898925 ns
[60.315s][info ][safepoint      ] Safepoint "Cleanup", Time since last: 1007595935 ns, Reaching safepoint: 9652548 ns, At safepoint: 42000 ns, Total: 9694548 ns
[60.369s][info ][gc,start       ] GC(53) Pause Young (Allocation Failure)
[60.477s][debug][gc,phases      ] GC(53) Scavenge 107.908ms
[60.477s][debug][gc,ref         ] GC(53) Skipped phase 1 of Reference Processing: no references
[60.478s][debug][gc,ref         ] GC(53) ReferenceProcessor::execute queues: 1, RefProcThreadModel::Single, marks_oops_alive: false
[60.478s][debug][gc,ref         ] GC(53) Skipped phase 3 of Reference Processing: no references
[60.478s][debug][gc,ref         ] GC(53) Skipped phase 4 of Reference Processing: no references
[60.478s][debug][gc,phases      ] GC(53) Reference Processing 0.116ms
[60.481s][debug][gc,phases      ] GC(53)   VM Weak                        Min:  0.0, Avg:  0.0, Max:  0.0, Diff:  0.0, Sum:  0.0, Workers: 4
[60.481s][debug][gc,phases      ] GC(53)     Dead                           Min: 0, Avg:  0.0, Max: 0, Diff: 0, Sum: 0, Workers: 4
[60.481s][debug][gc,phases      ] GC(53)     Total                          Min: 0, Avg: 147.8, Max: 320, Diff: 320, Sum: 591, Workers: 4
[60.481s][debug][gc,phases      ] GC(53)   ObjectSynchronizer Weak        Min:  0.0, Avg:  0.0, Max:  0.0, Diff:  0.0, Sum:  0.0, Workers: 4
[60.482s][debug][gc,phases      ] GC(53)     Dead                           Min: 0, Avg:  0.0, Max: 0, Diff: 0, Sum: 0, Workers: 4
[60.482s][debug][gc,phases      ] GC(53)     Total                          Min: 0, Avg: 59.8, Max: 128, Diff: 128, Sum: 239, Workers: 4
[60.482s][debug][gc,phases      ] GC(53)   JVMTI Tag Weak OopStorage      Min:  0.0, Avg:  0.0, Max:  0.0, Diff:  0.0, Sum:  0.0, Workers: 4
[60.482s][debug][gc,phases      ] GC(53)     Dead                           Min: 0, Avg:  0.0, Max: 0, Diff: 0, Sum: 0, Workers: 4
[60.482s][debug][gc,phases      ] GC(53)     Total                          Min: 0, Avg:  0.0, Max: 0, Diff: 0, Sum: 0, Workers: 4
[60.482s][debug][gc,phases      ] GC(53)   StringTable Weak               Min:  0.0, Avg:  0.1, Max:  0.2, Diff:  0.2, Sum:  0.5, Workers: 4
[60.482s][debug][gc,phases      ] GC(53)     Dead                           Min: 0, Avg:  2.8, Max: 9, Diff: 9, Sum: 11, Workers: 4
[60.482s][debug][gc,phases      ] GC(53)     Total                          Min: 0, Avg: 10707.5, Max: 21966, Diff: 21966, Sum: 42830, Workers: 4
[60.482s][debug][gc,phases      ] GC(53)   ResolvedMethodTable Weak       Min:  0.0, Avg:  0.0, Max:  0.0, Diff:  0.0, Sum:  0.1, Workers: 4
[60.482s][debug][gc,phases      ] GC(53)     Dead                           Min: 0, Avg:  0.0, Max: 0, Diff: 0, Sum: 0, Workers: 4
[60.482s][debug][gc,phases      ] GC(53)     Total                          Min: 0, Avg: 1786.5, Max: 3774, Diff: 3774, Sum: 7146, Workers: 4
[60.482s][debug][gc,phases      ] GC(53)   JNI Weak                       Min:  0.0, Avg:  0.0, Max:  0.0, Diff:  0.0, Sum:  0.0, Workers: 4
[60.482s][debug][gc,phases      ] GC(53)     Dead                           Min: 0, Avg:  0.0, Max: 0, Diff: 0, Sum: 0, Workers: 4
[60.482s][debug][gc,phases      ] GC(53)     Total                          Min: 0, Avg:  0.5, Max: 2, Diff: 2, Sum: 2, Workers: 4
[60.482s][debug][gc,phases      ] GC(53)   StringDedup Table Weak         Min:  0.0, Avg:  0.0, Max:  0.0, Diff:  0.0, Sum:  0.0, Workers: 4
[60.482s][debug][gc,phases      ] GC(53)     Dead                           Min: 0, Avg:  0.0, Max: 0, Diff: 0, Sum: 0, Workers: 4
[60.482s][debug][gc,phases      ] GC(53)     Total                          Min: 0, Avg:  0.0, Max: 0, Diff: 0, Sum: 0, Workers: 4
[60.482s][debug][gc,phases      ] GC(53)   StringDedup Requests0 Weak     Min:  0.0, Avg:  0.0, Max:  0.0, Diff:  0.0, Sum:  0.0, Workers: 4
[60.482s][debug][gc,phases      ] GC(53)     Dead                           Min: 0, Avg:  0.0, Max: 0, Diff: 0, Sum: 0, Workers: 4
[60.482s][debug][gc,phases      ] GC(53)     Total                          Min: 0, Avg:  0.0, Max: 0, Diff: 0, Sum: 0, Workers: 4
[60.482s][debug][gc,phases      ] GC(53)   StringDedup Requests1 Weak     Min:  0.0, Avg:  0.0, Max:  0.0, Diff:  0.0, Sum:  0.0, Workers: 4
[60.482s][debug][gc,phases      ] GC(53)     Dead                           Min: 0, Avg:  0.0, Max: 0, Diff: 0, Sum: 0, Workers: 4
[60.482s][debug][gc,phases      ] GC(53)     Total                          Min: 0, Avg:  0.0, Max: 0, Diff: 0, Sum: 0, Workers: 4
[60.482s][debug][gc,phases      ] GC(53)   Weak JFR Old Object Samples    Min:  0.0, Avg:  0.0, Max:  0.0, Diff:  0.0, Sum:  0.0, Workers: 4
[60.482s][debug][gc,phases      ] GC(53)     Dead                           Min: 0, Avg:  0.0, Max: 0, Diff: 0, Sum: 0, Workers: 4
[60.482s][debug][gc,phases      ] GC(53)     Total                          Min: 0, Avg:  0.0, Max: 0, Diff: 0, Sum: 0, Workers: 4
[60.482s][debug][gc,phases      ] GC(53) Weak Processing 4.082ms
[60.482s][debug][gc,age         ] GC(53) Desired survivor size 285212672 bytes, new threshold 15 (max threshold 15)
[60.482s][info ][gc,heap        ] GC(53) PSYoungGen: 1569889K(1805824K)->69426K(1792512K) Eden: 1501184K(1501184K)->0K(1501184K) From: 68705K(304640K)->69426K(291328K)
[60.482s][info ][gc,heap        ] GC(53) ParOldGen: 487894K(563712K)->490934K(563712K)
[60.482s][info ][gc,metaspace   ] GC(53) Metaspace: 68568K(69376K)->68568K(69376K) NonClass: 58619K(59072K)->58619K(59072K) Class: 9949K(10304K)->9949K(10304K)
[60.482s][info ][gc             ] GC(53) Pause Young (Allocation Failure) 2009M->547M(2301M) 112.307ms
[60.482s][info ][gc,cpu         ] GC(53) User=0.12s Sys=0.00s Real=0.11s
[60.482s][info ][safepoint      ] Safepoint "ParallelGCFailedAllocation", Time since last: 45150426 ns, Reaching safepoint: 9128645 ns, At safepoint: 112464362 ns, Total: 121593007 ns
[61.327s][info ][gc,start       ] GC(54) Pause Young (Allocation Failure)
[61.425s][debug][gc,phases      ] GC(54) Scavenge 98.682ms
[61.425s][debug][gc,ref         ] GC(54) Skipped phase 1 of Reference Processing: no references
[61.426s][debug][gc,ref         ] GC(54) ReferenceProcessor::execute queues: 1, RefProcThreadModel::Single, marks_oops_alive: false
[61.426s][debug][gc,ref         ] GC(54) Skipped phase 3 of Reference Processing: no references
[61.426s][debug][gc,ref         ] GC(54) Skipped phase 4 of Reference Processing: no references
[61.426s][debug][gc,phases      ] GC(54) Reference Processing 0.157ms
[61.429s][debug][gc,phases      ] GC(54)   VM Weak                        Min:  0.0, Avg:  0.0, Max:  0.0, Diff:  0.0, Sum:  0.0, Workers: 4
[61.429s][debug][gc,phases      ] GC(54)     Dead                           Min: 0, Avg:  0.0, Max: 0, Diff: 0, Sum: 0, Workers: 4
[61.429s][debug][gc,phases      ] GC(54)     Total                          Min: 0, Avg: 147.8, Max: 591, Diff: 591, Sum: 591, Workers: 4
[61.429s][debug][gc,phases      ] GC(54)   ObjectSynchronizer Weak        Min:  0.0, Avg:  0.0, Max:  0.0, Diff:  0.0, Sum:  0.0, Workers: 4
[61.429s][debug][gc,phases      ] GC(54)     Dead                           Min: 0, Avg:  0.0, Max: 0, Diff: 0, Sum: 0, Workers: 4
[61.429s][debug][gc,phases      ] GC(54)     Total                          Min: 0, Avg: 59.8, Max: 239, Diff: 239, Sum: 239, Workers: 4
[61.429s][debug][gc,phases      ] GC(54)   JVMTI Tag Weak OopStorage      Min:  0.0, Avg:  0.0, Max:  0.0, Diff:  0.0, Sum:  0.0, Workers: 4
[61.429s][debug][gc,phases      ] GC(54)     Dead                           Min: 0, Avg:  0.0, Max: 0, Diff: 0, Sum: 0, Workers: 4
[61.429s][debug][gc,phases      ] GC(54)     Total                          Min: 0, Avg:  0.0, Max: 0, Diff: 0, Sum: 0, Workers: 4
[61.429s][debug][gc,phases      ] GC(54)   StringTable Weak               Min:  0.0, Avg:  0.1, Max:  0.5, Diff:  0.5, Sum:  0.5, Workers: 4
[61.429s][debug][gc,phases      ] GC(54)     Dead                           Min: 0, Avg:  2.8, Max: 11, Diff: 11, Sum: 11, Workers: 4
[61.429s][debug][gc,phases      ] GC(54)     Total                          Min: 0, Avg: 10718.8, Max: 42875, Diff: 42875, Sum: 42875, Workers: 4
[61.429s][debug][gc,phases      ] GC(54)   ResolvedMethodTable Weak       Min:  0.0, Avg:  0.0, Max:  0.1, Diff:  0.1, Sum:  0.1, Workers: 4
[61.429s][debug][gc,phases      ] GC(54)     Dead                           Min: 0, Avg:  0.0, Max: 0, Diff: 0, Sum: 0, Workers: 4
[61.429s][debug][gc,phases      ] GC(54)     Total                          Min: 0, Avg: 1786.5, Max: 7146, Diff: 7146, Sum: 7146, Workers: 4
[61.429s][debug][gc,phases      ] GC(54)   JNI Weak                       Min:  0.0, Avg:  0.0, Max:  0.0, Diff:  0.0, Sum:  0.0, Workers: 4
[61.430s][debug][gc,phases      ] GC(54)     Dead                           Min: 0, Avg:  0.0, Max: 0, Diff: 0, Sum: 0, Workers: 4
[61.430s][debug][gc,phases      ] GC(54)     Total                          Min: 0, Avg:  0.0, Max: 0, Diff: 0, Sum: 0, Workers: 4
[61.430s][debug][gc,phases      ] GC(54)   StringDedup Table Weak         Min:  0.0, Avg:  0.0, Max:  0.0, Diff:  0.0, Sum:  0.0, Workers: 4
[61.430s][debug][gc,phases      ] GC(54)     Dead                           Min: 0, Avg:  0.0, Max: 0, Diff: 0, Sum: 0, Workers: 4
[61.430s][debug][gc,phases      ] GC(54)     Total                          Min: 0, Avg:  0.0, Max: 0, Diff: 0, Sum: 0, Workers: 4
[61.430s][debug][gc,phases      ] GC(54)   StringDedup Requests0 Weak     Min:  0.0, Avg:  0.0, Max:  0.0, Diff:  0.0, Sum:  0.0, Workers: 4
[61.430s][debug][gc,phases      ] GC(54)     Dead                           Min: 0, Avg:  0.0, Max: 0, Diff: 0, Sum: 0, Workers: 4
[61.430s][debug][gc,phases      ] GC(54)     Total                          Min: 0, Avg:  0.0, Max: 0, Diff: 0, Sum: 0, Workers: 4
[61.430s][debug][gc,phases      ] GC(54)   StringDedup Requests1 Weak     Min:  0.0, Avg:  0.0, Max:  0.0, Diff:  0.0, Sum:  0.0, Workers: 4
[61.430s][debug][gc,phases      ] GC(54)     Dead                           Min: 0, Avg:  0.0, Max: 0, Diff: 0, Sum: 0, Workers: 4
[61.430s][debug][gc,phases      ] GC(54)     Total                          Min: 0, Avg:  0.0, Max: 0, Diff: 0, Sum: 0, Workers: 4
[61.430s][debug][gc,phases      ] GC(54)   Weak JFR Old Object Samples    Min:  0.0, Avg:  0.0, Max:  0.0, Diff:  0.0, Sum:  0.0, Workers: 4
[61.430s][debug][gc,phases      ] GC(54)     Dead                           Min: 0, Avg:  0.0, Max: 0, Diff: 0, Sum: 0, Workers: 4
[61.430s][debug][gc,phases      ] GC(54)     Total                          Min: 0, Avg:  0.0, Max: 0, Diff: 0, Sum: 0, Workers: 4
[61.430s][debug][gc,phases      ] GC(54) Weak Processing 3.974ms
[61.430s][debug][gc,age         ] GC(54) Desired survivor size 272105472 bytes, new threshold 15 (max threshold 15)
[61.430s][info ][gc,heap        ] GC(54) PSYoungGen: 1570610K(1792512K)->69826K(1831424K) Eden: 1501184K(1501184K)->0K(1552896K) From: 69426K(291328K)->69826K(278528K)
[61.430s][info ][gc,heap        ] GC(54) ParOldGen: 490934K(563712K)->493966K(563712K)
[61.430s][info ][gc,metaspace   ] GC(54) Metaspace: 68584K(69376K)->68584K(69376K) NonClass: 58635K(59072K)->58635K(59072K) Class: 9949K(10304K)->9949K(10304K)
[61.430s][info ][gc             ] GC(54) Pause Young (Allocation Failure) 2013M->550M(2339M) 102.991ms
[61.430s][info ][gc,cpu         ] GC(54) User=0.12s Sys=0.00s Real=0.11s
[61.430s][info ][safepoint      ] Safepoint "ParallelGCFailedAllocation", Time since last: 779593393 ns, Reaching safepoint: 65198225 ns, At safepoint: 103132315 ns, Total: 168330540 ns
[62.451s][info ][gc,start       ] GC(55) Pause Young (Allocation Failure)
[62.529s][debug][gc,phases      ] GC(55) Scavenge 78.482ms
[62.529s][debug][gc,ref         ] GC(55) Skipped phase 1 of Reference Processing: no references
[62.530s][debug][gc,ref         ] GC(55) ReferenceProcessor::execute queues: 1, RefProcThreadModel::Single, marks_oops_alive: false
[62.530s][debug][gc,ref         ] GC(55) Skipped phase 3 of Reference Processing: no references
[62.530s][debug][gc,ref         ] GC(55) ReferenceProcessor::execute queues: 1, RefProcThreadModel::Single, marks_oops_alive: false
[62.530s][debug][gc,phases      ] GC(55) Reference Processing 0.155ms
[62.530s][debug][gc,phases      ] GC(55)   VM Weak                        Min:  0.0, Avg:  0.0, Max:  0.0, Diff:  0.0, Sum:  0.0, Workers: 4
[62.530s][debug][gc,phases      ] GC(55)     Dead                           Min: 0, Avg:  0.0, Max: 0, Diff: 0, Sum: 0, Workers: 4
[62.530s][debug][gc,phases      ] GC(55)     Total                          Min: 0, Avg: 148.5, Max: 338, Diff: 338, Sum: 594, Workers: 4
[62.530s][debug][gc,phases      ] GC(55)   ObjectSynchronizer Weak        Min:  0.0, Avg:  0.0, Max:  0.0, Diff:  0.0, Sum:  0.0, Workers: 4
[62.530s][debug][gc,phases      ] GC(55)     Dead                           Min: 0, Avg:  0.0, Max: 0, Diff: 0, Sum: 0, Workers: 4
[62.530s][debug][gc,phases      ] GC(55)     Total                          Min: 0, Avg: 59.8, Max: 128, Diff: 128, Sum: 239, Workers: 4
[62.530s][debug][gc,phases      ] GC(55)   JVMTI Tag Weak OopStorage      Min:  0.0, Avg:  0.0, Max:  0.0, Diff:  0.0, Sum:  0.0, Workers: 4
[62.530s][debug][gc,phases      ] GC(55)     Dead                           Min: 0, Avg:  0.0, Max: 0, Diff: 0, Sum: 0, Workers: 4
[62.530s][debug][gc,phases      ] GC(55)     Total                          Min: 0, Avg:  0.0, Max: 0, Diff: 0, Sum: 0, Workers: 4
[62.530s][debug][gc,phases      ] GC(55)   StringTable Weak               Min:  0.0, Avg:  0.1, Max:  0.2, Diff:  0.2, Sum:  0.5, Workers: 4
[62.530s][debug][gc,phases      ] GC(55)     Dead                           Min: 0, Avg:  2.8, Max: 11, Diff: 11, Sum: 11, Workers: 4
[62.530s][debug][gc,phases      ] GC(55)     Total                          Min: 0, Avg: 10740.2, Max: 22289, Diff: 22289, Sum: 42961, Workers: 4
[62.530s][debug][gc,phases      ] GC(55)   ResolvedMethodTable Weak       Min:  0.0, Avg:  0.0, Max:  0.0, Diff:  0.0, Sum:  0.1, Workers: 4
[62.530s][debug][gc,phases      ] GC(55)     Dead                           Min: 0, Avg:  0.0, Max: 0, Diff: 0, Sum: 0, Workers: 4
[62.530s][debug][gc,phases      ] GC(55)     Total                          Min: 0, Avg: 1789.8, Max: 3705, Diff: 3705, Sum: 7159, Workers: 4
[62.530s][debug][gc,phases      ] GC(55)   JNI Weak                       Min:  0.0, Avg:  0.0, Max:  0.0, Diff:  0.0, Sum:  0.0, Workers: 4
[62.530s][debug][gc,phases      ] GC(55)     Dead                           Min: 0, Avg:  0.0, Max: 0, Diff: 0, Sum: 0, Workers: 4
[62.530s][debug][gc,phases      ] GC(55)     Total                          Min: 0, Avg:  0.0, Max: 0, Diff: 0, Sum: 0, Workers: 4
[62.530s][debug][gc,phases      ] GC(55)   StringDedup Table Weak         Min:  0.0, Avg:  0.0, Max:  0.0, Diff:  0.0, Sum:  0.0, Workers: 4
[62.530s][debug][gc,phases      ] GC(55)     Dead                           Min: 0, Avg:  0.0, Max: 0, Diff: 0, Sum: 0, Workers: 4
[62.530s][debug][gc,phases      ] GC(55)     Total                          Min: 0, Avg:  0.0, Max: 0, Diff: 0, Sum: 0, Workers: 4
[62.530s][debug][gc,phases      ] GC(55)   StringDedup Requests0 Weak     Min:  0.0, Avg:  0.0, Max:  0.0, Diff:  0.0, Sum:  0.0, Workers: 4
[62.530s][debug][gc,phases      ] GC(55)     Dead                           Min: 0, Avg:  0.0, Max: 0, Diff: 0, Sum: 0, Workers: 4
[62.530s][debug][gc,phases      ] GC(55)     Total                          Min: 0, Avg:  0.0, Max: 0, Diff: 0, Sum: 0, Workers: 4
[62.530s][debug][gc,phases      ] GC(55)   StringDedup Requests1 Weak     Min:  0.0, Avg:  0.0, Max:  0.0, Diff:  0.0, Sum:  0.0, Workers: 4
[62.530s][debug][gc,phases      ] GC(55)     Dead                           Min: 0, Avg:  0.0, Max: 0, Diff: 0, Sum: 0, Workers: 4
[62.530s][debug][gc,phases      ] GC(55)     Total                          Min: 0, Avg:  0.0, Max: 0, Diff: 0, Sum: 0, Workers: 4
[62.530s][debug][gc,phases      ] GC(55)   Weak JFR Old Object Samples    Min:  0.0, Avg:  0.0, Max:  0.0, Diff:  0.0, Sum:  0.0, Workers: 4
[62.530s][debug][gc,phases      ] GC(55)     Dead                           Min: 0, Avg:  0.0, Max: 0, Diff: 0, Sum: 0, Workers: 4
[62.530s][debug][gc,phases      ] GC(55)     Total                          Min: 0, Avg:  0.0, Max: 0, Diff: 0, Sum: 0, Workers: 4
[62.530s][debug][gc,phases      ] GC(55) Weak Processing 0.535ms
[62.530s][debug][gc,age         ] GC(55) Desired survivor size 258998272 bytes, new threshold 15 (max threshold 15)
[62.530s][info ][gc,heap        ] GC(55) PSYoungGen: 1622722K(1831424K)->72443K(1818624K) Eden: 1552896K(1552896K)->0K(1552896K) From: 69826K(278528K)->72443K(265728K)
[62.530s][info ][gc,heap        ] GC(55) ParOldGen: 493966K(563712K)->498270K(563712K)
[62.530s][info ][gc,metaspace   ] GC(55) Metaspace: 68695K(69440K)->68695K(69440K) NonClass: 58733K(59136K)->58733K(59136K) Class: 9961K(10304K)->9961K(10304K)
[62.530s][info ][gc             ] GC(55) Pause Young (Allocation Failure) 2067M->557M(2326M) 79.352ms
[62.530s][info ][gc,cpu         ] GC(55) User=0.14s Sys=0.00s Real=0.08s
[62.530s][info ][safepoint      ] Safepoint "ParallelGCFailedAllocation", Time since last: 1000590891 ns, Reaching safepoint: 20447202 ns, At safepoint: 79493396 ns, Total: 99940598 ns
[62.813s][info ][safepoint      ] Safepoint "ICBufferFull", Time since last: 260424098 ns, Reaching safepoint: 22664013 ns, At safepoint: 47801 ns, Total: 22711814 ns
[62.837s][info ][safepoint      ] Safepoint "ICBufferFull", Time since last: 7980139 ns, Reaching safepoint: 16005880 ns, At safepoint: 37000 ns, Total: 16042880 ns
[62.896s][info ][safepoint      ] Safepoint "ICBufferFull", Time since last: 47957240 ns, Reaching safepoint: 10306551 ns, At safepoint: 50800 ns, Total: 10357351 ns
[63.386s][info ][safepoint      ] Safepoint "ICBufferFull", Time since last: 475314569 ns, Reaching safepoint: 14398672 ns, At safepoint: 46700 ns, Total: 14445372 ns
[63.399s][info ][gc,start       ] GC(56) Pause Young (Allocation Failure)
[63.497s][debug][gc,phases      ] GC(56) Scavenge 98.050ms
[63.497s][debug][gc,ref         ] GC(56) Skipped phase 1 of Reference Processing: no references
[63.498s][debug][gc,ref         ] GC(56) ReferenceProcessor::execute queues: 1, RefProcThreadModel::Single, marks_oops_alive: false
[63.498s][debug][gc,ref         ] GC(56) Skipped phase 3 of Reference Processing: no references
[63.498s][debug][gc,ref         ] GC(56) ReferenceProcessor::execute queues: 1, RefProcThreadModel::Single, marks_oops_alive: false
[63.498s][debug][gc,phases      ] GC(56) Reference Processing 0.172ms
[63.501s][debug][gc,phases      ] GC(56)   VM Weak                        Min:  0.0, Avg:  0.0, Max:  0.0, Diff:  0.0, Sum:  0.0, Workers: 4
[63.501s][debug][gc,phases      ] GC(56)     Dead                           Min: 0, Avg:  0.0, Max: 0, Diff: 0, Sum: 0, Workers: 4
[63.501s][debug][gc,phases      ] GC(56)     Total                          Min: 0, Avg: 148.5, Max: 594, Diff: 594, Sum: 594, Workers: 4
[63.501s][debug][gc,phases      ] GC(56)   ObjectSynchronizer Weak        Min:  0.0, Avg:  0.0, Max:  0.0, Diff:  0.0, Sum:  0.0, Workers: 4
[63.501s][debug][gc,phases      ] GC(56)     Dead                           Min: 0, Avg:  0.0, Max: 0, Diff: 0, Sum: 0, Workers: 4
[63.501s][debug][gc,phases      ] GC(56)     Total                          Min: 0, Avg: 59.8, Max: 239, Diff: 239, Sum: 239, Workers: 4
[63.501s][debug][gc,phases      ] GC(56)   JVMTI Tag Weak OopStorage      Min:  0.0, Avg:  0.0, Max:  0.0, Diff:  0.0, Sum:  0.0, Workers: 4
[63.501s][debug][gc,phases      ] GC(56)     Dead                           Min: 0, Avg:  0.0, Max: 0, Diff: 0, Sum: 0, Workers: 4
[63.501s][debug][gc,phases      ] GC(56)     Total                          Min: 0, Avg:  0.0, Max: 0, Diff: 0, Sum: 0, Workers: 4
[63.501s][debug][gc,phases      ] GC(56)   StringTable Weak               Min:  0.0, Avg:  0.1, Max:  0.5, Diff:  0.5, Sum:  0.5, Workers: 4
[63.501s][debug][gc,phases      ] GC(56)     Dead                           Min: 0, Avg:  2.8, Max: 11, Diff: 11, Sum: 11, Workers: 4
[63.501s][debug][gc,phases      ] GC(56)     Total                          Min: 0, Avg: 10746.8, Max: 42987, Diff: 42987, Sum: 42987, Workers: 4
[63.501s][debug][gc,phases      ] GC(56)   ResolvedMethodTable Weak       Min:  0.0, Avg:  0.0, Max:  0.1, Diff:  0.1, Sum:  0.1, Workers: 4
[63.501s][debug][gc,phases      ] GC(56)     Dead                           Min: 0, Avg:  0.0, Max: 0, Diff: 0, Sum: 0, Workers: 4
[63.501s][debug][gc,phases      ] GC(56)     Total                          Min: 0, Avg: 1789.8, Max: 7159, Diff: 7159, Sum: 7159, Workers: 4
[63.502s][debug][gc,phases      ] GC(56)   JNI Weak                       Min:  0.0, Avg:  0.0, Max:  0.0, Diff:  0.0, Sum:  0.0, Workers: 4
[63.502s][debug][gc,phases      ] GC(56)     Dead                           Min: 0, Avg:  0.0, Max: 0, Diff: 0, Sum: 0, Workers: 4
[63.502s][debug][gc,phases      ] GC(56)     Total                          Min: 0, Avg:  1.2, Max: 5, Diff: 5, Sum: 5, Workers: 4
[63.502s][debug][gc,phases      ] GC(56)   StringDedup Table Weak         Min:  0.0, Avg:  0.0, Max:  0.0, Diff:  0.0, Sum:  0.0, Workers: 4
[63.502s][debug][gc,phases      ] GC(56)     Dead                           Min: 0, Avg:  0.0, Max: 0, Diff: 0, Sum: 0, Workers: 4
[63.502s][debug][gc,phases      ] GC(56)     Total                          Min: 0, Avg:  0.0, Max: 0, Diff: 0, Sum: 0, Workers: 4
[63.502s][debug][gc,phases      ] GC(56)   StringDedup Requests0 Weak     Min:  0.0, Avg:  0.0, Max:  0.0, Diff:  0.0, Sum:  0.0, Workers: 4
[63.502s][debug][gc,phases      ] GC(56)     Dead                           Min: 0, Avg:  0.0, Max: 0, Diff: 0, Sum: 0, Workers: 4
[63.502s][debug][gc,phases      ] GC(56)     Total                          Min: 0, Avg:  0.0, Max: 0, Diff: 0, Sum: 0, Workers: 4
[63.502s][debug][gc,phases      ] GC(56)   StringDedup Requests1 Weak     Min:  0.0, Avg:  0.0, Max:  0.0, Diff:  0.0, Sum:  0.0, Workers: 4
[63.502s][debug][gc,phases      ] GC(56)     Dead                           Min: 0, Avg:  0.0, Max: 0, Diff: 0, Sum: 0, Workers: 4
[63.502s][debug][gc,phases      ] GC(56)     Total                          Min: 0, Avg:  0.0, Max: 0, Diff: 0, Sum: 0, Workers: 4
[63.502s][debug][gc,phases      ] GC(56)   Weak JFR Old Object Samples    Min:  0.0, Avg:  0.0, Max:  0.0, Diff:  0.0, Sum:  0.0, Workers: 4
[63.502s][debug][gc,phases      ] GC(56)     Dead                           Min: 0, Avg:  0.0, Max: 0, Diff: 0, Sum: 0, Workers: 4
[63.502s][debug][gc,phases      ] GC(56)     Total                          Min: 0, Avg:  0.0, Max: 0, Diff: 0, Sum: 0, Workers: 4
[63.502s][debug][gc,phases      ] GC(56) Weak Processing 3.989ms
[63.502s][debug][gc,age         ] GC(56) Desired survivor size 245891072 bytes, new threshold 15 (max threshold 15)
[63.502s][info ][gc,heap        ] GC(56) PSYoungGen: 1625339K(1818624K)->77649K(1857024K) Eden: 1552896K(1552896K)->0K(1604096K) From: 72443K(265728K)->77649K(252928K)
[63.502s][info ][gc,heap        ] GC(56) ParOldGen: 498270K(563712K)->498966K(563712K)
[63.502s][info ][gc,metaspace   ] GC(56) Metaspace: 68713K(69440K)->68713K(69440K) NonClass: 58751K(59136K)->58751K(59136K) Class: 9961K(10304K)->9961K(10304K)
[63.502s][info ][gc             ] GC(56) Pause Young (Allocation Failure) 2073M->563M(2364M) 102.410ms
[63.502s][info ][gc,cpu         ] GC(56) User=0.14s Sys=0.00s Real=0.11s
[63.502s][info ][safepoint      ] Safepoint "ParallelGCFailedAllocation", Time since last: 4550423 ns, Reaching safepoint: 9146445 ns, At safepoint: 102559311 ns, Total: 111705756 ns
[64.133s][info ][safepoint      ] Safepoint "ICBufferFull", Time since last: 617466176 ns, Reaching safepoint: 14130270 ns, At safepoint: 42801 ns, Total: 14173071 ns
[64.362s][info ][safepoint      ] Safepoint "ICBufferFull", Time since last: 215968975 ns, Reaching safepoint: 12211561 ns, At safepoint: 37800 ns, Total: 12249361 ns
[64.386s][info ][gc,start       ] GC(57) Pause Young (Allocation Failure)
[64.503s][debug][gc,phases      ] GC(57) Scavenge 117.144ms
[64.503s][debug][gc,ref         ] GC(57) Skipped phase 1 of Reference Processing: no references
[64.503s][debug][gc,ref         ] GC(57) ReferenceProcessor::execute queues: 1, RefProcThreadModel::Single, marks_oops_alive: false
[64.503s][debug][gc,ref         ] GC(57) Skipped phase 3 of Reference Processing: no references
[64.503s][debug][gc,ref         ] GC(57) ReferenceProcessor::execute queues: 1, RefProcThreadModel::Single, marks_oops_alive: false
[64.503s][debug][gc,phases      ] GC(57) Reference Processing 0.154ms
[64.503s][debug][gc,phases      ] GC(57)   VM Weak                        Min:  0.0, Avg:  0.0, Max:  0.0, Diff:  0.0, Sum:  0.0, Workers: 4
[64.504s][debug][gc,phases      ] GC(57)     Dead                           Min: 0, Avg:  0.0, Max: 0, Diff: 0, Sum: 0, Workers: 4
[64.504s][debug][gc,phases      ] GC(57)     Total                          Min: 0, Avg: 148.5, Max: 402, Diff: 402, Sum: 594, Workers: 4
[64.504s][debug][gc,phases      ] GC(57)   ObjectSynchronizer Weak        Min:  0.0, Avg:  0.0, Max:  0.0, Diff:  0.0, Sum:  0.0, Workers: 4
[64.504s][debug][gc,phases      ] GC(57)     Dead                           Min: 0, Avg:  0.0, Max: 0, Diff: 0, Sum: 0, Workers: 4
[64.504s][debug][gc,phases      ] GC(57)     Total                          Min: 0, Avg: 59.8, Max: 128, Diff: 128, Sum: 239, Workers: 4
[64.504s][debug][gc,phases      ] GC(57)   JVMTI Tag Weak OopStorage      Min:  0.0, Avg:  0.0, Max:  0.0, Diff:  0.0, Sum:  0.0, Workers: 4
[64.504s][debug][gc,phases      ] GC(57)     Dead                           Min: 0, Avg:  0.0, Max: 0, Diff: 0, Sum: 0, Workers: 4
[64.504s][debug][gc,phases      ] GC(57)     Total                          Min: 0, Avg:  0.0, Max: 0, Diff: 0, Sum: 0, Workers: 4
[64.504s][debug][gc,phases      ] GC(57)   StringTable Weak               Min:  0.0, Avg:  0.1, Max:  0.2, Diff:  0.2, Sum:  0.5, Workers: 4
[64.504s][debug][gc,phases      ] GC(57)     Dead                           Min: 0, Avg:  2.8, Max: 11, Diff: 11, Sum: 11, Workers: 4
[64.504s][debug][gc,phases      ] GC(57)     Total                          Min: 0, Avg: 10747.2, Max: 21504, Diff: 21504, Sum: 42989, Workers: 4
[64.504s][debug][gc,phases      ] GC(57)   ResolvedMethodTable Weak       Min:  0.0, Avg:  0.0, Max:  0.0, Diff:  0.0, Sum:  0.1, Workers: 4
[64.504s][debug][gc,phases      ] GC(57)     Dead                           Min: 0, Avg:  0.0, Max: 0, Diff: 0, Sum: 0, Workers: 4
[64.504s][debug][gc,phases      ] GC(57)     Total                          Min: 0, Avg: 1789.8, Max: 3640, Diff: 3640, Sum: 7159, Workers: 4
[64.504s][debug][gc,phases      ] GC(57)   JNI Weak                       Min:  0.0, Avg:  0.0, Max:  0.0, Diff:  0.0, Sum:  0.0, Workers: 4
[64.504s][debug][gc,phases      ] GC(57)     Dead                           Min: 0, Avg:  0.0, Max: 0, Diff: 0, Sum: 0, Workers: 4
[64.504s][debug][gc,phases      ] GC(57)     Total                          Min: 0, Avg:  0.8, Max: 3, Diff: 3, Sum: 3, Workers: 4
[64.504s][debug][gc,phases      ] GC(57)   StringDedup Table Weak         Min:  0.0, Avg:  0.0, Max:  0.0, Diff:  0.0, Sum:  0.0, Workers: 4
[64.504s][debug][gc,phases      ] GC(57)     Dead                           Min: 0, Avg:  0.0, Max: 0, Diff: 0, Sum: 0, Workers: 4
[64.504s][debug][gc,phases      ] GC(57)     Total                          Min: 0, Avg:  0.0, Max: 0, Diff: 0, Sum: 0, Workers: 4
[64.504s][debug][gc,phases      ] GC(57)   StringDedup Requests0 Weak     Min:  0.0, Avg:  0.0, Max:  0.0, Diff:  0.0, Sum:  0.0, Workers: 4
[64.504s][debug][gc,phases      ] GC(57)     Dead                           Min: 0, Avg:  0.0, Max: 0, Diff: 0, Sum: 0, Workers: 4
[64.504s][debug][gc,phases      ] GC(57)     Total                          Min: 0, Avg:  0.0, Max: 0, Diff: 0, Sum: 0, Workers: 4
[64.504s][debug][gc,phases      ] GC(57)   StringDedup Requests1 Weak     Min:  0.0, Avg:  0.0, Max:  0.0, Diff:  0.0, Sum:  0.0, Workers: 4
[64.504s][debug][gc,phases      ] GC(57)     Dead                           Min: 0, Avg:  0.0, Max: 0, Diff: 0, Sum: 0, Workers: 4
[64.504s][debug][gc,phases      ] GC(57)     Total                          Min: 0, Avg:  0.0, Max: 0, Diff: 0, Sum: 0, Workers: 4
[64.504s][debug][gc,phases      ] GC(57)   Weak JFR Old Object Samples    Min:  0.0, Avg:  0.0, Max:  0.0, Diff:  0.0, Sum:  0.0, Workers: 4
[64.504s][debug][gc,phases      ] GC(57)     Dead                           Min: 0, Avg:  0.0, Max: 0, Diff: 0, Sum: 0, Workers: 4
[64.504s][debug][gc,phases      ] GC(57)     Total                          Min: 0, Avg:  0.0, Max: 0, Diff: 0, Sum: 0, Workers: 4
[64.504s][debug][gc,phases      ] GC(57) Weak Processing 0.558ms
[64.504s][debug][gc,age         ] GC(57) Desired survivor size 232259584 bytes, new threshold 15 (max threshold 15)
[64.504s][info ][gc,heap        ] GC(57) PSYoungGen: 1681745K(1857024K)->83274K(1844224K) Eden: 1604096K(1604096K)->0K(1604096K) From: 77649K(252928K)->83274K(240128K)
[64.504s][info ][gc,heap        ] GC(57) ParOldGen: 498966K(563712K)->500828K(563712K)
[64.504s][info ][gc,metaspace   ] GC(57) Metaspace: 68718K(69440K)->68718K(69440K) NonClass: 58756K(59136K)->58756K(59136K) Class: 9961K(10304K)->9961K(10304K)
[64.504s][info ][gc             ] GC(57) Pause Young (Allocation Failure) 2129M->570M(2351M) 118.015ms
[64.504s][info ][gc,cpu         ] GC(57) User=0.21s Sys=0.00s Real=0.12s
[64.504s][info ][safepoint      ] Safepoint "ParallelGCFailedAllocation", Time since last: 21395806 ns, Reaching safepoint: 2672114 ns, At safepoint: 118128388 ns, Total: 120800502 ns
[64.696s][info ][safepoint      ] Safepoint "ICBufferFull", Time since last: 179154591 ns, Reaching safepoint: 13271966 ns, At safepoint: 80401 ns, Total: 13352367 ns
[64.855s][info ][safepoint      ] Safepoint "ICBufferFull", Time since last: 145699925 ns, Reaching safepoint: 13150065 ns, At safepoint: 32901 ns, Total: 13182966 ns
[65.061s][info ][safepoint      ] Safepoint "ICBufferFull", Time since last: 195830674 ns, Reaching safepoint: 10177951 ns, At safepoint: 46500 ns, Total: 10224451 ns
[65.202s][info ][safepoint      ] Safepoint "ICBufferFull", Time since last: 140057497 ns, Reaching safepoint: 165001 ns, At safepoint: 24100 ns, Total: 189101 ns
[65.467s][info ][gc,start       ] GC(58) Pause Young (Allocation Failure)
[65.577s][debug][gc,phases      ] GC(58) Scavenge 110.517ms
[65.577s][debug][gc,ref         ] GC(58) Skipped phase 1 of Reference Processing: no references
[65.578s][debug][gc,ref         ] GC(58) ReferenceProcessor::execute queues: 1, RefProcThreadModel::Single, marks_oops_alive: false
[65.578s][debug][gc,ref         ] GC(58) Skipped phase 3 of Reference Processing: no references
[65.578s][debug][gc,ref         ] GC(58) Skipped phase 4 of Reference Processing: no references
[65.578s][debug][gc,phases      ] GC(58) Reference Processing 0.181ms
[65.578s][debug][gc,phases      ] GC(58)   VM Weak                        Min:  0.0, Avg:  0.0, Max:  0.0, Diff:  0.0, Sum:  0.0, Workers: 4
[65.578s][debug][gc,phases      ] GC(58)     Dead                           Min: 0, Avg:  0.0, Max: 0, Diff: 0, Sum: 0, Workers: 4
[65.578s][debug][gc,phases      ] GC(58)     Total                          Min: 0, Avg: 148.5, Max: 594, Diff: 594, Sum: 594, Workers: 4
[65.578s][debug][gc,phases      ] GC(58)   ObjectSynchronizer Weak        Min:  0.0, Avg:  0.0, Max:  0.0, Diff:  0.0, Sum:  0.0, Workers: 4
[65.578s][debug][gc,phases      ] GC(58)     Dead                           Min: 0, Avg:  0.0, Max: 0, Diff: 0, Sum: 0, Workers: 4
[65.578s][debug][gc,phases      ] GC(58)     Total                          Min: 0, Avg: 59.8, Max: 239, Diff: 239, Sum: 239, Workers: 4
[65.578s][debug][gc,phases      ] GC(58)   JVMTI Tag Weak OopStorage      Min:  0.0, Avg:  0.0, Max:  0.0, Diff:  0.0, Sum:  0.0, Workers: 4
[65.578s][debug][gc,phases      ] GC(58)     Dead                           Min: 0, Avg:  0.0, Max: 0, Diff: 0, Sum: 0, Workers: 4
[65.578s][debug][gc,phases      ] GC(58)     Total                          Min: 0, Avg:  0.0, Max: 0, Diff: 0, Sum: 0, Workers: 4
[65.578s][debug][gc,phases      ] GC(58)   StringTable Weak               Min:  0.0, Avg:  0.1, Max:  0.5, Diff:  0.5, Sum:  0.5, Workers: 4
[65.578s][debug][gc,phases      ] GC(58)     Dead                           Min: 0, Avg:  2.8, Max: 11, Diff: 11, Sum: 11, Workers: 4
[65.578s][debug][gc,phases      ] GC(58)     Total                          Min: 0, Avg: 10747.8, Max: 42991, Diff: 42991, Sum: 42991, Workers: 4
[65.578s][debug][gc,phases      ] GC(58)   ResolvedMethodTable Weak       Min:  0.0, Avg:  0.0, Max:  0.1, Diff:  0.1, Sum:  0.1, Workers: 4
[65.578s][debug][gc,phases      ] GC(58)     Dead                           Min: 0, Avg:  0.0, Max: 0, Diff: 0, Sum: 0, Workers: 4
[65.578s][debug][gc,phases      ] GC(58)     Total                          Min: 0, Avg: 1789.8, Max: 7159, Diff: 7159, Sum: 7159, Workers: 4
[65.578s][debug][gc,phases      ] GC(58)   JNI Weak                       Min:  0.0, Avg:  0.0, Max:  0.0, Diff:  0.0, Sum:  0.0, Workers: 4
[65.578s][debug][gc,phases      ] GC(58)     Dead                           Min: 0, Avg:  0.0, Max: 0, Diff: 0, Sum: 0, Workers: 4
[65.578s][debug][gc,phases      ] GC(58)     Total                          Min: 0, Avg:  0.2, Max: 1, Diff: 1, Sum: 1, Workers: 4
[65.578s][debug][gc,phases      ] GC(58)   StringDedup Table Weak         Min:  0.0, Avg:  0.0, Max:  0.0, Diff:  0.0, Sum:  0.0, Workers: 4
[65.578s][debug][gc,phases      ] GC(58)     Dead                           Min: 0, Avg:  0.0, Max: 0, Diff: 0, Sum: 0, Workers: 4
[65.578s][debug][gc,phases      ] GC(58)     Total                          Min: 0, Avg:  0.0, Max: 0, Diff: 0, Sum: 0, Workers: 4
[65.578s][debug][gc,phases      ] GC(58)   StringDedup Requests0 Weak     Min:  0.0, Avg:  0.0, Max:  0.0, Diff:  0.0, Sum:  0.0, Workers: 4
[65.578s][debug][gc,phases      ] GC(58)     Dead                           Min: 0, Avg:  0.0, Max: 0, Diff: 0, Sum: 0, Workers: 4
[65.578s][debug][gc,phases      ] GC(58)     Total                          Min: 0, Avg:  0.0, Max: 0, Diff: 0, Sum: 0, Workers: 4
[65.578s][debug][gc,phases      ] GC(58)   StringDedup Requests1 Weak     Min:  0.0, Avg:  0.0, Max:  0.0, Diff:  0.0, Sum:  0.0, Workers: 4
[65.579s][debug][gc,phases      ] GC(58)     Dead                           Min: 0, Avg:  0.0, Max: 0, Diff: 0, Sum: 0, Workers: 4
[65.579s][debug][gc,phases      ] GC(58)     Total                          Min: 0, Avg:  0.0, Max: 0, Diff: 0, Sum: 0, Workers: 4
[65.579s][debug][gc,phases      ] GC(58)   Weak JFR Old Object Samples    Min:  0.0, Avg:  0.0, Max:  0.0, Diff:  0.0, Sum:  0.0, Workers: 4
[65.579s][debug][gc,phases      ] GC(58)     Dead                           Min: 0, Avg:  0.0, Max: 0, Diff: 0, Sum: 0, Workers: 4
[65.579s][debug][gc,phases      ] GC(58)     Total                          Min: 0, Avg:  0.0, Max: 0, Diff: 0, Sum: 0, Workers: 4
[65.579s][debug][gc,phases      ] GC(58) Weak Processing 0.910ms
[65.579s][debug][gc,age         ] GC(58) Desired survivor size 220200960 bytes, new threshold 15 (max threshold 15)
[65.579s][info ][gc,heap        ] GC(58) PSYoungGen: 1687370K(1844224K)->81169K(1882112K) Eden: 1604096K(1604096K)->0K(1655296K) From: 83274K(240128K)->81169K(226816K)
[65.579s][info ][gc,heap        ] GC(58) ParOldGen: 500828K(563712K)->508700K(563712K)
[65.579s][info ][gc,metaspace   ] GC(58) Metaspace: 68743K(69504K)->68743K(69504K) NonClass: 58781K(59200K)->58781K(59200K) Class: 9961K(10304K)->9961K(10304K)
[65.579s][info ][gc             ] GC(58) Pause Young (Allocation Failure) 2136M->576M(2388M) 111.806ms
[65.579s][info ][gc,cpu         ] GC(58) User=0.15s Sys=0.02s Real=0.11s
[65.579s][info ][safepoint      ] Safepoint "ParallelGCFailedAllocation", Time since last: 258899588 ns, Reaching safepoint: 6349732 ns, At safepoint: 111968156 ns, Total: 118317888 ns
[66.502s][info ][gc,start       ] GC(59) Pause Young (Allocation Failure)
[66.612s][debug][gc,phases      ] GC(59) Scavenge 109.444ms
[66.612s][debug][gc,ref         ] GC(59) Skipped phase 1 of Reference Processing: no references
[66.612s][debug][gc,ref         ] GC(59) ReferenceProcessor::execute queues: 1, RefProcThreadModel::Single, marks_oops_alive: false
[66.612s][debug][gc,ref         ] GC(59) Skipped phase 3 of Reference Processing: no references
[66.612s][debug][gc,ref         ] GC(59) ReferenceProcessor::execute queues: 1, RefProcThreadModel::Single, marks_oops_alive: false
[66.612s][debug][gc,phases      ] GC(59) Reference Processing 0.151ms
[66.612s][debug][gc,phases      ] GC(59)   VM Weak                        Min:  0.0, Avg:  0.0, Max:  0.0, Diff:  0.0, Sum:  0.0, Workers: 4
[66.612s][debug][gc,phases      ] GC(59)     Dead                           Min: 0, Avg:  0.0, Max: 0, Diff: 0, Sum: 0, Workers: 4
[66.612s][debug][gc,phases      ] GC(59)     Total                          Min: 0, Avg: 148.5, Max: 594, Diff: 594, Sum: 594, Workers: 4
[66.612s][debug][gc,phases      ] GC(59)   ObjectSynchronizer Weak        Min:  0.0, Avg:  0.0, Max:  0.0, Diff:  0.0, Sum:  0.0, Workers: 4
[66.612s][debug][gc,phases      ] GC(59)     Dead                           Min: 0, Avg:  0.0, Max: 0, Diff: 0, Sum: 0, Workers: 4
[66.612s][debug][gc,phases      ] GC(59)     Total                          Min: 0, Avg: 59.8, Max: 239, Diff: 239, Sum: 239, Workers: 4
[66.612s][debug][gc,phases      ] GC(59)   JVMTI Tag Weak OopStorage      Min:  0.0, Avg:  0.0, Max:  0.0, Diff:  0.0, Sum:  0.0, Workers: 4
[66.612s][debug][gc,phases      ] GC(59)     Dead                           Min: 0, Avg:  0.0, Max: 0, Diff: 0, Sum: 0, Workers: 4
[66.612s][debug][gc,phases      ] GC(59)     Total                          Min: 0, Avg:  0.0, Max: 0, Diff: 0, Sum: 0, Workers: 4
[66.612s][debug][gc,phases      ] GC(59)   StringTable Weak               Min:  0.0, Avg:  0.1, Max:  0.4, Diff:  0.4, Sum:  0.4, Workers: 4
[66.612s][debug][gc,phases      ] GC(59)     Dead                           Min: 0, Avg:  2.8, Max: 11, Diff: 11, Sum: 11, Workers: 4
[66.612s][debug][gc,phases      ] GC(59)     Total                          Min: 0, Avg: 10748.0, Max: 42992, Diff: 42992, Sum: 42992, Workers: 4
[66.612s][debug][gc,phases      ] GC(59)   ResolvedMethodTable Weak       Min:  0.0, Avg:  0.0, Max:  0.1, Diff:  0.1, Sum:  0.1, Workers: 4
[66.612s][debug][gc,phases      ] GC(59)     Dead                           Min: 0, Avg:  0.0, Max: 0, Diff: 0, Sum: 0, Workers: 4
[66.612s][debug][gc,phases      ] GC(59)     Total                          Min: 0, Avg: 1789.8, Max: 7159, Diff: 7159, Sum: 7159, Workers: 4
[66.613s][debug][gc,phases      ] GC(59)   JNI Weak                       Min:  0.0, Avg:  0.0, Max:  0.0, Diff:  0.0, Sum:  0.0, Workers: 4
[66.613s][debug][gc,phases      ] GC(59)     Dead                           Min: 0, Avg:  0.0, Max: 0, Diff: 0, Sum: 0, Workers: 4
[66.613s][debug][gc,phases      ] GC(59)     Total                          Min: 0, Avg:  0.0, Max: 0, Diff: 0, Sum: 0, Workers: 4
[66.613s][debug][gc,phases      ] GC(59)   StringDedup Table Weak         Min:  0.0, Avg:  0.0, Max:  0.0, Diff:  0.0, Sum:  0.0, Workers: 4
[66.613s][debug][gc,phases      ] GC(59)     Dead                           Min: 0, Avg:  0.0, Max: 0, Diff: 0, Sum: 0, Workers: 4
[66.613s][debug][gc,phases      ] GC(59)     Total                          Min: 0, Avg:  0.0, Max: 0, Diff: 0, Sum: 0, Workers: 4
[66.613s][debug][gc,phases      ] GC(59)   StringDedup Requests0 Weak     Min:  0.0, Avg:  0.0, Max:  0.0, Diff:  0.0, Sum:  0.0, Workers: 4
[66.613s][debug][gc,phases      ] GC(59)     Dead                           Min: 0, Avg:  0.0, Max: 0, Diff: 0, Sum: 0, Workers: 4
[66.613s][debug][gc,phases      ] GC(59)     Total                          Min: 0, Avg:  0.0, Max: 0, Diff: 0, Sum: 0, Workers: 4
[66.613s][debug][gc,phases      ] GC(59)   StringDedup Requests1 Weak     Min:  0.0, Avg:  0.0, Max:  0.0, Diff:  0.0, Sum:  0.0, Workers: 4
[66.613s][debug][gc,phases      ] GC(59)     Dead                           Min: 0, Avg:  0.0, Max: 0, Diff: 0, Sum: 0, Workers: 4
[66.613s][debug][gc,phases      ] GC(59)     Total                          Min: 0, Avg:  0.0, Max: 0, Diff: 0, Sum: 0, Workers: 4
[66.613s][debug][gc,phases      ] GC(59)   Weak JFR Old Object Samples    Min:  0.0, Avg:  0.0, Max:  0.0, Diff:  0.0, Sum:  0.0, Workers: 4
[66.613s][debug][gc,phases      ] GC(59)     Dead                           Min: 0, Avg:  0.0, Max: 0, Diff: 0, Sum: 0, Workers: 4
[66.613s][debug][gc,phases      ] GC(59)     Total                          Min: 0, Avg:  0.0, Max: 0, Diff: 0, Sum: 0, Workers: 4
[66.613s][debug][gc,phases      ] GC(59) Weak Processing 0.796ms
[66.613s][debug][gc,age         ] GC(59) Desired survivor size 209715200 bytes, new threshold 15 (max threshold 15)
[66.613s][info ][gc,heap        ] GC(59) PSYoungGen: 1736465K(1882112K)->77761K(1870336K) Eden: 1655296K(1655296K)->0K(1655296K) From: 81169K(226816K)->77761K(215040K)
[66.613s][info ][gc,heap        ] GC(59) ParOldGen: 508700K(563712K)->517732K(563712K)
[66.613s][info ][gc,metaspace   ] GC(59) Metaspace: 68747K(69504K)->68747K(69504K) NonClass: 58786K(59200K)->58786K(59200K) Class: 9961K(10304K)->9961K(10304K)
[66.613s][info ][gc             ] GC(59) Pause Young (Allocation Failure) 2192M->581M(2377M) 110.575ms
[66.613s][info ][gc,cpu         ] GC(59) User=0.16s Sys=0.00s Real=0.11s
[66.613s][info ][safepoint      ] Safepoint "ParallelGCFailedAllocation", Time since last: 911906935 ns, Reaching safepoint: 11363956 ns, At safepoint: 110739550 ns, Total: 122103506 ns
[67.333s][info ][safepoint      ] Safepoint "ICBufferFull", Time since last: 701698887 ns, Reaching safepoint: 18930494 ns, At safepoint: 43500 ns, Total: 18973994 ns
[67.749s][info ][gc,start       ] GC(60) Pause Young (Allocation Failure)
[67.831s][debug][gc,phases      ] GC(60) Scavenge 81.312ms
[67.831s][debug][gc,ref         ] GC(60) Skipped phase 1 of Reference Processing: no references
[67.831s][debug][gc,ref         ] GC(60) ReferenceProcessor::execute queues: 1, RefProcThreadModel::Single, marks_oops_alive: false
[67.831s][debug][gc,ref         ] GC(60) Skipped phase 3 of Reference Processing: no references
[67.831s][debug][gc,ref         ] GC(60) ReferenceProcessor::execute queues: 1, RefProcThreadModel::Single, marks_oops_alive: false
[67.831s][debug][gc,phases      ] GC(60) Reference Processing 0.172ms
[67.832s][debug][gc,phases      ] GC(60)   VM Weak                        Min:  0.0, Avg:  0.0, Max:  0.0, Diff:  0.0, Sum:  0.0, Workers: 4
[67.832s][debug][gc,phases      ] GC(60)     Dead                           Min: 0, Avg:  0.0, Max: 0, Diff: 0, Sum: 0, Workers: 4
[67.832s][debug][gc,phases      ] GC(60)     Total                          Min: 0, Avg: 148.5, Max: 594, Diff: 594, Sum: 594, Workers: 4
[67.832s][debug][gc,phases      ] GC(60)   ObjectSynchronizer Weak        Min:  0.0, Avg:  0.0, Max:  0.0, Diff:  0.0, Sum:  0.0, Workers: 4
[67.832s][debug][gc,phases      ] GC(60)     Dead                           Min: 0, Avg:  0.0, Max: 0, Diff: 0, Sum: 0, Workers: 4
[67.832s][debug][gc,phases      ] GC(60)     Total                          Min: 0, Avg: 59.8, Max: 239, Diff: 239, Sum: 239, Workers: 4
[67.832s][debug][gc,phases      ] GC(60)   JVMTI Tag Weak OopStorage      Min:  0.0, Avg:  0.0, Max:  0.0, Diff:  0.0, Sum:  0.0, Workers: 4
[67.832s][debug][gc,phases      ] GC(60)     Dead                           Min: 0, Avg:  0.0, Max: 0, Diff: 0, Sum: 0, Workers: 4
[67.832s][debug][gc,phases      ] GC(60)     Total                          Min: 0, Avg:  0.0, Max: 0, Diff: 0, Sum: 0, Workers: 4
[67.832s][debug][gc,phases      ] GC(60)   StringTable Weak               Min:  0.0, Avg:  0.1, Max:  0.6, Diff:  0.6, Sum:  0.6, Workers: 4
[67.832s][debug][gc,phases      ] GC(60)     Dead                           Min: 0, Avg:  2.8, Max: 11, Diff: 11, Sum: 11, Workers: 4
[67.832s][debug][gc,phases      ] GC(60)     Total                          Min: 0, Avg: 10748.0, Max: 42992, Diff: 42992, Sum: 42992, Workers: 4
[67.832s][debug][gc,phases      ] GC(60)   ResolvedMethodTable Weak       Min:  0.0, Avg:  0.0, Max:  0.1, Diff:  0.1, Sum:  0.1, Workers: 4
[67.832s][debug][gc,phases      ] GC(60)     Dead                           Min: 0, Avg:  0.0, Max: 0, Diff: 0, Sum: 0, Workers: 4
[67.832s][debug][gc,phases      ] GC(60)     Total                          Min: 0, Avg: 1789.8, Max: 4989, Diff: 4989, Sum: 7159, Workers: 4
[67.832s][debug][gc,phases      ] GC(60)   JNI Weak                       Min:  0.0, Avg:  0.0, Max:  0.0, Diff:  0.0, Sum:  0.0, Workers: 4
[67.832s][debug][gc,phases      ] GC(60)     Dead                           Min: 0, Avg:  0.0, Max: 0, Diff: 0, Sum: 0, Workers: 4
[67.832s][debug][gc,phases      ] GC(60)     Total                          Min: 0, Avg:  0.0, Max: 0, Diff: 0, Sum: 0, Workers: 4
[67.832s][debug][gc,phases      ] GC(60)   StringDedup Table Weak         Min:  0.0, Avg:  0.0, Max:  0.0, Diff:  0.0, Sum:  0.0, Workers: 4
[67.832s][debug][gc,phases      ] GC(60)     Dead                           Min: 0, Avg:  0.0, Max: 0, Diff: 0, Sum: 0, Workers: 4
[67.832s][debug][gc,phases      ] GC(60)     Total                          Min: 0, Avg:  0.0, Max: 0, Diff: 0, Sum: 0, Workers: 4
[67.832s][debug][gc,phases      ] GC(60)   StringDedup Requests0 Weak     Min:  0.0, Avg:  0.0, Max:  0.0, Diff:  0.0, Sum:  0.0, Workers: 4
[67.832s][debug][gc,phases      ] GC(60)     Dead                           Min: 0, Avg:  0.0, Max: 0, Diff: 0, Sum: 0, Workers: 4
[67.832s][debug][gc,phases      ] GC(60)     Total                          Min: 0, Avg:  0.0, Max: 0, Diff: 0, Sum: 0, Workers: 4
[67.832s][debug][gc,phases      ] GC(60)   StringDedup Requests1 Weak     Min:  0.0, Avg:  0.0, Max:  0.0, Diff:  0.0, Sum:  0.0, Workers: 4
[67.832s][debug][gc,phases      ] GC(60)     Dead                           Min: 0, Avg:  0.0, Max: 0, Diff: 0, Sum: 0, Workers: 4
[67.832s][debug][gc,phases      ] GC(60)     Total                          Min: 0, Avg:  0.0, Max: 0, Diff: 0, Sum: 0, Workers: 4
[67.832s][debug][gc,phases      ] GC(60)   Weak JFR Old Object Samples    Min:  0.0, Avg:  0.0, Max:  0.0, Diff:  0.0, Sum:  0.0, Workers: 4
[67.832s][debug][gc,phases      ] GC(60)     Dead                           Min: 0, Avg:  0.0, Max: 0, Diff: 0, Sum: 0, Workers: 4
[67.832s][debug][gc,phases      ] GC(60)     Total                          Min: 0, Avg:  0.0, Max: 0, Diff: 0, Sum: 0, Workers: 4
[67.832s][debug][gc,phases      ] GC(60) Weak Processing 0.901ms
[67.832s][debug][gc,age         ] GC(60) Desired survivor size 201326592 bytes, new threshold 15 (max threshold 15)
[67.832s][info ][gc,heap        ] GC(60) PSYoungGen: 1733057K(1870336K)->72354K(1900544K) Eden: 1655296K(1655296K)->0K(1695744K) From: 77761K(215040K)->72354K(204800K)
[67.832s][info ][gc,heap        ] GC(60) ParOldGen: 517732K(563712K)->529036K(563712K)
[67.832s][info ][gc,metaspace   ] GC(60) Metaspace: 68755K(69504K)->68755K(69504K) NonClass: 58793K(59200K)->58793K(59200K) Class: 9961K(10304K)->9961K(10304K)
[67.832s][info ][gc             ] GC(60) Pause Young (Allocation Failure) 2198M->587M(2406M) 82.573ms
[67.832s][info ][gc,cpu         ] GC(60) User=0.19s Sys=0.01s Real=0.08s
[67.832s][info ][safepoint      ] Safepoint "ParallelGCFailedAllocation", Time since last: 401221492 ns, Reaching safepoint: 14720273 ns, At safepoint: 82713911 ns, Total: 97434184 ns
[68.882s][info ][gc,start       ] GC(61) Pause Young (Allocation Failure)
[68.969s][debug][gc,phases      ] GC(61) Scavenge 87.659ms
[68.969s][debug][gc,ref         ] GC(61) Skipped phase 1 of Reference Processing: no references
[68.970s][debug][gc,ref         ] GC(61) ReferenceProcessor::execute queues: 1, RefProcThreadModel::Single, marks_oops_alive: false
[68.970s][debug][gc,ref         ] GC(61) Skipped phase 3 of Reference Processing: no references
[68.970s][debug][gc,ref         ] GC(61) ReferenceProcessor::execute queues: 1, RefProcThreadModel::Single, marks_oops_alive: false
[68.970s][debug][gc,phases      ] GC(61) Reference Processing 0.164ms
[68.970s][debug][gc,phases      ] GC(61)   VM Weak                        Min:  0.0, Avg:  0.0, Max:  0.0, Diff:  0.0, Sum:  0.0, Workers: 4
[68.970s][debug][gc,phases      ] GC(61)     Dead                           Min: 0, Avg:  0.0, Max: 0, Diff: 0, Sum: 0, Workers: 4
[68.970s][debug][gc,phases      ] GC(61)     Total                          Min: 0, Avg: 149.5, Max: 598, Diff: 598, Sum: 598, Workers: 4
[68.970s][debug][gc,phases      ] GC(61)   ObjectSynchronizer Weak        Min:  0.0, Avg:  0.0, Max:  0.0, Diff:  0.0, Sum:  0.0, Workers: 4
[68.970s][debug][gc,phases      ] GC(61)     Dead                           Min: 0, Avg:  0.0, Max: 0, Diff: 0, Sum: 0, Workers: 4
[68.970s][debug][gc,phases      ] GC(61)     Total                          Min: 0, Avg: 59.8, Max: 239, Diff: 239, Sum: 239, Workers: 4
[68.970s][debug][gc,phases      ] GC(61)   JVMTI Tag Weak OopStorage      Min:  0.0, Avg:  0.0, Max:  0.0, Diff:  0.0, Sum:  0.0, Workers: 4
[68.970s][debug][gc,phases      ] GC(61)     Dead                           Min: 0, Avg:  0.0, Max: 0, Diff: 0, Sum: 0, Workers: 4
[68.970s][debug][gc,phases      ] GC(61)     Total                          Min: 0, Avg:  0.0, Max: 0, Diff: 0, Sum: 0, Workers: 4
[68.970s][debug][gc,phases      ] GC(61)   StringTable Weak               Min:  0.0, Avg:  0.1, Max:  0.5, Diff:  0.5, Sum:  0.5, Workers: 4
[68.970s][debug][gc,phases      ] GC(61)     Dead                           Min: 0, Avg:  3.0, Max: 12, Diff: 12, Sum: 12, Workers: 4
[68.970s][debug][gc,phases      ] GC(61)     Total                          Min: 0, Avg: 10810.5, Max: 43242, Diff: 43242, Sum: 43242, Workers: 4
[68.970s][debug][gc,phases      ] GC(61)   ResolvedMethodTable Weak       Min:  0.0, Avg:  0.0, Max:  0.1, Diff:  0.1, Sum:  0.1, Workers: 4
[68.970s][debug][gc,phases      ] GC(61)     Dead                           Min: 0, Avg:  6.2, Max: 25, Diff: 25, Sum: 25, Workers: 4
[68.970s][debug][gc,phases      ] GC(61)     Total                          Min: 0, Avg: 1822.5, Max: 7290, Diff: 7290, Sum: 7290, Workers: 4
[68.970s][debug][gc,phases      ] GC(61)   JNI Weak                       Min:  0.0, Avg:  0.0, Max:  0.0, Diff:  0.0, Sum:  0.0, Workers: 4
[68.970s][debug][gc,phases      ] GC(61)     Dead                           Min: 0, Avg:  0.0, Max: 0, Diff: 0, Sum: 0, Workers: 4
[68.970s][debug][gc,phases      ] GC(61)     Total                          Min: 0, Avg:  1.0, Max: 4, Diff: 4, Sum: 4, Workers: 4
[68.970s][debug][gc,phases      ] GC(61)   StringDedup Table Weak         Min:  0.0, Avg:  0.0, Max:  0.0, Diff:  0.0, Sum:  0.0, Workers: 4
[68.970s][debug][gc,phases      ] GC(61)     Dead                           Min: 0, Avg:  0.0, Max: 0, Diff: 0, Sum: 0, Workers: 4
[68.970s][debug][gc,phases      ] GC(61)     Total                          Min: 0, Avg:  0.0, Max: 0, Diff: 0, Sum: 0, Workers: 4
[68.970s][debug][gc,phases      ] GC(61)   StringDedup Requests0 Weak     Min:  0.0, Avg:  0.0, Max:  0.0, Diff:  0.0, Sum:  0.0, Workers: 4
[68.970s][debug][gc,phases      ] GC(61)     Dead                           Min: 0, Avg:  0.0, Max: 0, Diff: 0, Sum: 0, Workers: 4
[68.970s][debug][gc,phases      ] GC(61)     Total                          Min: 0, Avg:  0.0, Max: 0, Diff: 0, Sum: 0, Workers: 4
[68.970s][debug][gc,phases      ] GC(61)   StringDedup Requests1 Weak     Min:  0.0, Avg:  0.0, Max:  0.0, Diff:  0.0, Sum:  0.0, Workers: 4
[68.970s][debug][gc,phases      ] GC(61)     Dead                           Min: 0, Avg:  0.0, Max: 0, Diff: 0, Sum: 0, Workers: 4
[68.970s][debug][gc,phases      ] GC(61)     Total                          Min: 0, Avg:  0.0, Max: 0, Diff: 0, Sum: 0, Workers: 4
[68.970s][debug][gc,phases      ] GC(61)   Weak JFR Old Object Samples    Min:  0.0, Avg:  0.0, Max:  0.0, Diff:  0.0, Sum:  0.0, Workers: 4
[68.970s][debug][gc,phases      ] GC(61)     Dead                           Min: 0, Avg:  0.0, Max: 0, Diff: 0, Sum: 0, Workers: 4
[68.970s][debug][gc,phases      ] GC(61)     Total                          Min: 0, Avg:  0.0, Max: 0, Diff: 0, Sum: 0, Workers: 4
[68.970s][debug][gc,phases      ] GC(61) Weak Processing 0.871ms
[68.971s][debug][gc,age         ] GC(61) Desired survivor size 194510848 bytes, new threshold 15 (max threshold 15)
[68.971s][info ][gc,heap        ] GC(61) PSYoungGen: 1768098K(1900544K)->60689K(1892352K) Eden: 1695744K(1695744K)->0K(1695744K) From: 72354K(204800K)->60689K(196608K)
[68.971s][info ][gc,heap        ] GC(61) ParOldGen: 529036K(563712K)->535892K(563712K)
[68.971s][info ][gc,metaspace   ] GC(61) Metaspace: 69369K(70144K)->69369K(70144K) NonClass: 59310K(59712K)->59310K(59712K) Class: 10058K(10432K)->10058K(10432K)
[68.971s][info ][gc             ] GC(61) Pause Young (Allocation Failure) 2243M->582M(2398M) 88.854ms
[68.971s][info ][gc,cpu         ] GC(61) User=0.12s Sys=0.00s Real=0.09s
[68.971s][info ][safepoint      ] Safepoint "ParallelGCFailedAllocation", Time since last: 1025381789 ns, Reaching safepoint: 24185420 ns, At safepoint: 88999941 ns, Total: 113185361 ns
[70.046s][info ][gc,start       ] GC(62) Pause Young (Allocation Failure)
[70.133s][debug][gc,phases      ] GC(62) Scavenge 87.737ms
[70.133s][debug][gc,ref         ] GC(62) Skipped phase 1 of Reference Processing: no references
[70.134s][debug][gc,ref         ] GC(62) ReferenceProcessor::execute queues: 1, RefProcThreadModel::Single, marks_oops_alive: false
[70.134s][debug][gc,ref         ] GC(62) Skipped phase 3 of Reference Processing: no references
[70.134s][debug][gc,ref         ] GC(62) ReferenceProcessor::execute queues: 1, RefProcThreadModel::Single, marks_oops_alive: false
[70.134s][debug][gc,phases      ] GC(62) Reference Processing 0.185ms
[70.134s][debug][gc,phases      ] GC(62)   VM Weak                        Min:  0.0, Avg:  0.0, Max:  0.0, Diff:  0.0, Sum:  0.0, Workers: 4
[70.134s][debug][gc,phases      ] GC(62)     Dead                           Min: 0, Avg:  0.0, Max: 0, Diff: 0, Sum: 0, Workers: 4
[70.134s][debug][gc,phases      ] GC(62)     Total                          Min: 0, Avg: 150.2, Max: 601, Diff: 601, Sum: 601, Workers: 4
[70.134s][debug][gc,phases      ] GC(62)   ObjectSynchronizer Weak        Min:  0.0, Avg:  0.0, Max:  0.0, Diff:  0.0, Sum:  0.0, Workers: 4
[70.134s][debug][gc,phases      ] GC(62)     Dead                           Min: 0, Avg:  0.0, Max: 0, Diff: 0, Sum: 0, Workers: 4
[70.134s][debug][gc,phases      ] GC(62)     Total                          Min: 0, Avg: 59.8, Max: 239, Diff: 239, Sum: 239, Workers: 4
[70.134s][debug][gc,phases      ] GC(62)   JVMTI Tag Weak OopStorage      Min:  0.0, Avg:  0.0, Max:  0.0, Diff:  0.0, Sum:  0.0, Workers: 4
[70.134s][debug][gc,phases      ] GC(62)     Dead                           Min: 0, Avg:  0.0, Max: 0, Diff: 0, Sum: 0, Workers: 4
[70.134s][debug][gc,phases      ] GC(62)     Total                          Min: 0, Avg:  0.0, Max: 0, Diff: 0, Sum: 0, Workers: 4
[70.134s][debug][gc,phases      ] GC(62)   StringTable Weak               Min:  0.0, Avg:  0.1, Max:  0.5, Diff:  0.5, Sum:  0.5, Workers: 4
[70.134s][debug][gc,phases      ] GC(62)     Dead                           Min: 0, Avg:  3.0, Max: 12, Diff: 12, Sum: 12, Workers: 4
[70.134s][debug][gc,phases      ] GC(62)     Total                          Min: 0, Avg: 10894.8, Max: 43579, Diff: 43579, Sum: 43579, Workers: 4
[70.134s][debug][gc,phases      ] GC(62)   ResolvedMethodTable Weak       Min:  0.0, Avg:  0.0, Max:  0.1, Diff:  0.1, Sum:  0.1, Workers: 4
[70.134s][debug][gc,phases      ] GC(62)     Dead                           Min: 0, Avg: 11.8, Max: 47, Diff: 47, Sum: 47, Workers: 4
[70.134s][debug][gc,phases      ] GC(62)     Total                          Min: 0, Avg: 1858.8, Max: 7435, Diff: 7435, Sum: 7435, Workers: 4
[70.134s][debug][gc,phases      ] GC(62)   JNI Weak                       Min:  0.0, Avg:  0.0, Max:  0.0, Diff:  0.0, Sum:  0.0, Workers: 4
[70.134s][debug][gc,phases      ] GC(62)     Dead                           Min: 0, Avg:  0.0, Max: 0, Diff: 0, Sum: 0, Workers: 4
[70.134s][debug][gc,phases      ] GC(62)     Total                          Min: 0, Avg:  1.8, Max: 7, Diff: 7, Sum: 7, Workers: 4
[70.134s][debug][gc,phases      ] GC(62)   StringDedup Table Weak         Min:  0.0, Avg:  0.0, Max:  0.0, Diff:  0.0, Sum:  0.0, Workers: 4
[70.135s][debug][gc,phases      ] GC(62)     Dead                           Min: 0, Avg:  0.0, Max: 0, Diff: 0, Sum: 0, Workers: 4
[70.135s][debug][gc,phases      ] GC(62)     Total                          Min: 0, Avg:  0.0, Max: 0, Diff: 0, Sum: 0, Workers: 4
[70.135s][debug][gc,phases      ] GC(62)   StringDedup Requests0 Weak     Min:  0.0, Avg:  0.0, Max:  0.0, Diff:  0.0, Sum:  0.0, Workers: 4
[70.135s][debug][gc,phases      ] GC(62)     Dead                           Min: 0, Avg:  0.0, Max: 0, Diff: 0, Sum: 0, Workers: 4
[70.135s][debug][gc,phases      ] GC(62)     Total                          Min: 0, Avg:  0.0, Max: 0, Diff: 0, Sum: 0, Workers: 4
[70.135s][debug][gc,phases      ] GC(62)   StringDedup Requests1 Weak     Min:  0.0, Avg:  0.0, Max:  0.0, Diff:  0.0, Sum:  0.0, Workers: 4
[70.135s][debug][gc,phases      ] GC(62)     Dead                           Min: 0, Avg:  0.0, Max: 0, Diff: 0, Sum: 0, Workers: 4
[70.135s][debug][gc,phases      ] GC(62)     Total                          Min: 0, Avg:  0.0, Max: 0, Diff: 0, Sum: 0, Workers: 4
[70.135s][debug][gc,phases      ] GC(62)   Weak JFR Old Object Samples    Min:  0.0, Avg:  0.0, Max:  0.0, Diff:  0.0, Sum:  0.0, Workers: 4
[70.135s][debug][gc,phases      ] GC(62)     Dead                           Min: 0, Avg:  0.0, Max: 0, Diff: 0, Sum: 0, Workers: 4
[70.135s][debug][gc,phases      ] GC(62)     Total                          Min: 0, Avg:  0.0, Max: 0, Diff: 0, Sum: 0, Workers: 4
[70.135s][debug][gc,phases      ] GC(62) Weak Processing 0.895ms
[70.135s][debug][gc,age         ] GC(62) Desired survivor size 188743680 bytes, new threshold 15 (max threshold 15)
[70.135s][info ][gc,heap        ] GC(62) PSYoungGen: 1756433K(1892352K)->56154K(1912832K) Eden: 1695744K(1695744K)->0K(1722880K) From: 60689K(196608K)->56154K(189952K)
[70.135s][info ][gc,heap        ] GC(62) ParOldGen: 535892K(563712K)->543799K(563712K)
[70.135s][info ][gc,metaspace   ] GC(62) Metaspace: 70392K(71168K)->70392K(71168K) NonClass: 60195K(60608K)->60195K(60608K) Class: 10196K(10560K)->10196K(10560K)
[70.135s][info ][gc             ] GC(62) Pause Young (Allocation Failure) 2238M->585M(2418M) 89.005ms
[70.135s][info ][gc,cpu         ] GC(62) User=0.15s Sys=0.00s Real=0.09s
[70.135s][debug][gc,phases      ] GC(63) Pre Compact 0.018ms
[70.135s][info ][gc,start       ] GC(63) Pause Full (Ergonomics)
[70.135s][info ][gc,phases,start] GC(63) Marking Phase
[70.344s][debug][gc,phases      ] GC(63) Par Mark 208.980ms
[70.344s][debug][gc,ref         ] GC(63) Skipped phase 1 of Reference Processing: no references
[70.344s][debug][gc,ref         ] GC(63) ReferenceProcessor::execute queues: 4, RefProcThreadModel::Multi, marks_oops_alive: false
[70.353s][debug][gc,ref         ] GC(63) Skipped phase 3 of Reference Processing: no references
[70.353s][debug][gc,ref         ] GC(63) ReferenceProcessor::execute queues: 1, RefProcThreadModel::Single, marks_oops_alive: false
[70.353s][debug][gc,phases      ] GC(63) Reference Processing 9.610ms
[70.354s][debug][gc,phases      ] GC(63)   VM Weak                        Min:  0.0, Avg:  0.0, Max:  0.0, Diff:  0.0, Sum:  0.0, Workers: 4
[70.354s][debug][gc,phases      ] GC(63)     Dead                           Min: 0, Avg:  0.0, Max: 0, Diff: 0, Sum: 0, Workers: 4
[70.354s][debug][gc,phases      ] GC(63)     Total                          Min: 0, Avg: 150.2, Max: 601, Diff: 601, Sum: 601, Workers: 4
[70.354s][debug][gc,phases      ] GC(63)   ObjectSynchronizer Weak        Min:  0.0, Avg:  0.0, Max:  0.0, Diff:  0.0, Sum:  0.0, Workers: 4
[70.354s][debug][gc,phases      ] GC(63)     Dead                           Min: 0, Avg:  0.0, Max: 0, Diff: 0, Sum: 0, Workers: 4
[70.354s][debug][gc,phases      ] GC(63)     Total                          Min: 0, Avg: 59.8, Max: 239, Diff: 239, Sum: 239, Workers: 4
[70.354s][debug][gc,phases      ] GC(63)   JVMTI Tag Weak OopStorage      Min:  0.0, Avg:  0.0, Max:  0.0, Diff:  0.0, Sum:  0.0, Workers: 4
[70.354s][debug][gc,phases      ] GC(63)     Dead                           Min: 0, Avg:  0.0, Max: 0, Diff: 0, Sum: 0, Workers: 4
[70.354s][debug][gc,phases      ] GC(63)     Total                          Min: 0, Avg:  0.0, Max: 0, Diff: 0, Sum: 0, Workers: 4
[70.354s][debug][gc,phases      ] GC(63)   StringTable Weak               Min:  0.0, Avg:  0.2, Max:  0.5, Diff:  0.5, Sum:  0.9, Workers: 4
[70.354s][debug][gc,phases      ] GC(63)     Dead                           Min: 0, Avg:  0.0, Max: 0, Diff: 0, Sum: 0, Workers: 4
[70.354s][debug][gc,phases      ] GC(63)     Total                          Min: 0, Avg: 10894.8, Max: 26811, Diff: 26811, Sum: 43579, Workers: 4
[70.354s][debug][gc,phases      ] GC(63)   ResolvedMethodTable Weak       Min:  0.0, Avg:  0.0, Max:  0.1, Diff:  0.1, Sum:  0.1, Workers: 4
[70.354s][debug][gc,phases      ] GC(63)     Dead                           Min: 0, Avg:  0.0, Max: 0, Diff: 0, Sum: 0, Workers: 4
[70.354s][debug][gc,phases      ] GC(63)     Total                          Min: 0, Avg: 1858.8, Max: 3903, Diff: 3903, Sum: 7435, Workers: 4
[70.354s][debug][gc,phases      ] GC(63)   JNI Weak                       Min:  0.0, Avg:  0.0, Max:  0.0, Diff:  0.0, Sum:  0.0, Workers: 4
[70.354s][debug][gc,phases      ] GC(63)     Dead                           Min: 0, Avg:  0.0, Max: 0, Diff: 0, Sum: 0, Workers: 4
[70.354s][debug][gc,phases      ] GC(63)     Total                          Min: 0, Avg:  1.8, Max: 7, Diff: 7, Sum: 7, Workers: 4
[70.354s][debug][gc,phases      ] GC(63)   StringDedup Table Weak         Min:  0.0, Avg:  0.0, Max:  0.0, Diff:  0.0, Sum:  0.0, Workers: 4
[70.354s][debug][gc,phases      ] GC(63)     Dead                           Min: 0, Avg:  0.0, Max: 0, Diff: 0, Sum: 0, Workers: 4
[70.354s][debug][gc,phases      ] GC(63)     Total                          Min: 0, Avg:  0.0, Max: 0, Diff: 0, Sum: 0, Workers: 4
[70.354s][debug][gc,phases      ] GC(63)   StringDedup Requests0 Weak     Min:  0.0, Avg:  0.0, Max:  0.0, Diff:  0.0, Sum:  0.0, Workers: 4
[70.354s][debug][gc,phases      ] GC(63)     Dead                           Min: 0, Avg:  0.0, Max: 0, Diff: 0, Sum: 0, Workers: 4
[70.354s][debug][gc,phases      ] GC(63)     Total                          Min: 0, Avg:  0.0, Max: 0, Diff: 0, Sum: 0, Workers: 4
[70.354s][debug][gc,phases      ] GC(63)   StringDedup Requests1 Weak     Min:  0.0, Avg:  0.0, Max:  0.0, Diff:  0.0, Sum:  0.0, Workers: 4
[70.354s][debug][gc,phases      ] GC(63)     Dead                           Min: 0, Avg:  0.0, Max: 0, Diff: 0, Sum: 0, Workers: 4
[70.354s][debug][gc,phases      ] GC(63)     Total                          Min: 0, Avg:  0.0, Max: 0, Diff: 0, Sum: 0, Workers: 4
[70.354s][debug][gc,phases      ] GC(63)   Weak JFR Old Object Samples    Min:  0.0, Avg:  0.0, Max:  0.0, Diff:  0.0, Sum:  0.0, Workers: 4
[70.354s][debug][gc,phases      ] GC(63)     Dead                           Min: 0, Avg:  0.0, Max: 0, Diff: 0, Sum: 0, Workers: 4
[70.354s][debug][gc,phases      ] GC(63)     Total                          Min: 0, Avg:  0.0, Max: 0, Diff: 0, Sum: 0, Workers: 4
[70.354s][debug][gc,phases      ] GC(63) Weak Processing 0.897ms
[70.354s][debug][gc,phases      ] GC(63) ClassLoaderData 0.100ms
[70.354s][debug][gc,phases      ] GC(63) Trigger cleanups 0.001ms
[70.375s][debug][gc,phases      ] GC(63) Class Unloading 20.560ms
[70.375s][info ][gc,phases      ] GC(63) Marking Phase 240.240ms
[70.375s][info ][gc,phases,start] GC(63) Summary Phase
[70.375s][info ][gc,phases      ] GC(63) Summary Phase 0.031ms
[70.375s][info ][gc,phases,start] GC(63) Adjust Roots
[70.388s][info ][gc,phases      ] GC(63) Adjust Roots 12.571ms
[70.388s][info ][gc,phases,start] GC(63) Compaction Phase
[70.642s][info ][gc,phases      ] GC(63) Compaction Phase 253.970ms
[70.642s][info ][gc,phases,start] GC(63) Post Compact
[70.644s][info ][gc,phases      ] GC(63) Post Compact 2.464ms
[70.645s][info ][gc,heap        ] GC(63) PSYoungGen: 56154K(1912832K)->0K(1907200K) Eden: 0K(1722880K)->0K(1722880K) From: 56154K(189952K)->0K(184320K)
[70.645s][info ][gc,heap        ] GC(63) ParOldGen: 543799K(563712K)->346720K(416256K)
[70.645s][info ][gc,metaspace   ] GC(63) Metaspace: 70392K(71168K)->70392K(71168K) NonClass: 60195K(60608K)->60195K(60608K) Class: 10196K(10560K)->10196K(10560K)
[70.645s][info ][gc             ] GC(63) Pause Full (Ergonomics) 585M->338M(2269M) 509.987ms
[70.645s][info ][gc,cpu         ] GC(63) User=1.24s Sys=0.01s Real=0.51s
[70.645s][info ][safepoint      ] Safepoint "ParallelGCFailedAllocation", Time since last: 1066796990 ns, Reaching safepoint: 8130840 ns, At safepoint: 599240269 ns, Total: 607371109 ns
[71.449s][info ][safepoint      ] Safepoint "ICBufferFull", Time since last: 788954407 ns, Reaching safepoint: 15599878 ns, At safepoint: 35700 ns, Total: 15635578 ns
[71.812s][info ][gc,start       ] GC(64) Pause Young (Allocation Failure)
[71.831s][debug][gc,phases      ] GC(64) Scavenge 19.159ms
[71.831s][debug][gc,ref         ] GC(64) Skipped phase 1 of Reference Processing: no references
[71.832s][debug][gc,ref         ] GC(64) ReferenceProcessor::execute queues: 1, RefProcThreadModel::Single, marks_oops_alive: false
[71.832s][debug][gc,ref         ] GC(64) Skipped phase 3 of Reference Processing: no references
[71.832s][debug][gc,ref         ] GC(64) ReferenceProcessor::execute queues: 1, RefProcThreadModel::Single, marks_oops_alive: false
[71.832s][debug][gc,phases      ] GC(64) Reference Processing 0.257ms
[71.832s][debug][gc,phases      ] GC(64)   VM Weak                        Min:  0.0, Avg:  0.0, Max:  0.0, Diff:  0.0, Sum:  0.0, Workers: 4
[71.832s][debug][gc,phases      ] GC(64)     Dead                           Min: 0, Avg:  0.0, Max: 0, Diff: 0, Sum: 0, Workers: 4
[71.832s][debug][gc,phases      ] GC(64)     Total                          Min: 0, Avg: 154.2, Max: 617, Diff: 617, Sum: 617, Workers: 4
[71.832s][debug][gc,phases      ] GC(64)   ObjectSynchronizer Weak        Min:  0.0, Avg:  0.0, Max:  0.0, Diff:  0.0, Sum:  0.0, Workers: 4
[71.832s][debug][gc,phases      ] GC(64)     Dead                           Min: 0, Avg:  0.0, Max: 0, Diff: 0, Sum: 0, Workers: 4
[71.832s][debug][gc,phases      ] GC(64)     Total                          Min: 0, Avg: 59.8, Max: 239, Diff: 239, Sum: 239, Workers: 4
[71.832s][debug][gc,phases      ] GC(64)   JVMTI Tag Weak OopStorage      Min:  0.0, Avg:  0.0, Max:  0.0, Diff:  0.0, Sum:  0.0, Workers: 4
[71.832s][debug][gc,phases      ] GC(64)     Dead                           Min: 0, Avg:  0.0, Max: 0, Diff: 0, Sum: 0, Workers: 4
[71.832s][debug][gc,phases      ] GC(64)     Total                          Min: 0, Avg:  0.0, Max: 0, Diff: 0, Sum: 0, Workers: 4
[71.832s][debug][gc,phases      ] GC(64)   StringTable Weak               Min:  0.0, Avg:  0.1, Max:  0.5, Diff:  0.5, Sum:  0.5, Workers: 4
[71.832s][debug][gc,phases      ] GC(64)     Dead                           Min: 0, Avg:  1.0, Max: 4, Diff: 4, Sum: 4, Workers: 4
[71.832s][debug][gc,phases      ] GC(64)     Total                          Min: 0, Avg: 10934.8, Max: 43739, Diff: 43739, Sum: 43739, Workers: 4
[71.832s][debug][gc,phases      ] GC(64)   ResolvedMethodTable Weak       Min:  0.0, Avg:  0.0, Max:  0.1, Diff:  0.1, Sum:  0.1, Workers: 4
[71.832s][debug][gc,phases      ] GC(64)     Dead                           Min: 0, Avg:  0.0, Max: 0, Diff: 0, Sum: 0, Workers: 4
[71.832s][debug][gc,phases      ] GC(64)     Total                          Min: 0, Avg: 1889.5, Max: 7558, Diff: 7558, Sum: 7558, Workers: 4
[71.832s][debug][gc,phases      ] GC(64)   JNI Weak                       Min:  0.0, Avg:  0.0, Max:  0.0, Diff:  0.0, Sum:  0.0, Workers: 4
[71.832s][debug][gc,phases      ] GC(64)     Dead                           Min: 0, Avg:  0.0, Max: 0, Diff: 0, Sum: 0, Workers: 4
[71.832s][debug][gc,phases      ] GC(64)     Total                          Min: 0, Avg:  4.5, Max: 18, Diff: 18, Sum: 18, Workers: 4
[71.832s][debug][gc,phases      ] GC(64)   StringDedup Table Weak         Min:  0.0, Avg:  0.0, Max:  0.0, Diff:  0.0, Sum:  0.0, Workers: 4
[71.832s][debug][gc,phases      ] GC(64)     Dead                           Min: 0, Avg:  0.0, Max: 0, Diff: 0, Sum: 0, Workers: 4
[71.832s][debug][gc,phases      ] GC(64)     Total                          Min: 0, Avg:  0.0, Max: 0, Diff: 0, Sum: 0, Workers: 4
[71.832s][debug][gc,phases      ] GC(64)   StringDedup Requests0 Weak     Min:  0.0, Avg:  0.0, Max:  0.0, Diff:  0.0, Sum:  0.0, Workers: 4
[71.832s][debug][gc,phases      ] GC(64)     Dead                           Min: 0, Avg:  0.0, Max: 0, Diff: 0, Sum: 0, Workers: 4
[71.832s][debug][gc,phases      ] GC(64)     Total                          Min: 0, Avg:  0.0, Max: 0, Diff: 0, Sum: 0, Workers: 4
[71.832s][debug][gc,phases      ] GC(64)   StringDedup Requests1 Weak     Min:  0.0, Avg:  0.0, Max:  0.0, Diff:  0.0, Sum:  0.0, Workers: 4
[71.832s][debug][gc,phases      ] GC(64)     Dead                           Min: 0, Avg:  0.0, Max: 0, Diff: 0, Sum: 0, Workers: 4
[71.832s][debug][gc,phases      ] GC(64)     Total                          Min: 0, Avg:  0.0, Max: 0, Diff: 0, Sum: 0, Workers: 4
[71.833s][debug][gc,phases      ] GC(64)   Weak JFR Old Object Samples    Min:  0.0, Avg:  0.0, Max:  0.0, Diff:  0.0, Sum:  0.0, Workers: 4
[71.833s][debug][gc,phases      ] GC(64)     Dead                           Min: 0, Avg:  0.0, Max: 0, Diff: 0, Sum: 0, Workers: 4
[71.833s][debug][gc,phases      ] GC(64)     Total                          Min: 0, Avg:  0.0, Max: 0, Diff: 0, Sum: 0, Workers: 4
[71.833s][debug][gc,phases      ] GC(64) Weak Processing 0.857ms
[71.833s][debug][gc,age         ] GC(64) Desired survivor size 192413696 bytes, new threshold 15 (max threshold 15)
[71.833s][info ][gc,heap        ] GC(64) PSYoungGen: 1722880K(1907200K)->1056K(1905664K) Eden: 1722880K(1722880K)->0K(1721344K) From: 0K(184320K)->1056K(184320K)
[71.833s][info ][gc,heap        ] GC(64) ParOldGen: 346720K(416256K)->346728K(416256K)
[71.833s][info ][gc,metaspace   ] GC(64) Metaspace: 71141K(71936K)->71141K(71936K) NonClass: 60863K(61312K)->60863K(61312K) Class: 10277K(10624K)->10277K(10624K)
[71.833s][info ][gc             ] GC(64) Pause Young (Allocation Failure) 2021M->339M(2267M) 20.504ms
[71.833s][info ][gc,cpu         ] GC(64) User=0.02s Sys=0.00s Real=0.02s
[71.833s][info ][safepoint      ] Safepoint "ParallelGCFailedAllocation", Time since last: 347984022 ns, Reaching safepoint: 14613372 ns, At safepoint: 20703603 ns, Total: 35316975 ns
[72.134s][info ][safepoint      ] Safepoint "ICBufferFull", Time since last: 288262526 ns, Reaching safepoint: 12761564 ns, At safepoint: 28800 ns, Total: 12790364 ns
[72.494s][info ][safepoint      ] Safepoint "ICBufferFull", Time since last: 349885931 ns, Reaching safepoint: 9956649 ns, At safepoint: 35300 ns, Total: 9991949 ns
[72.961s][info ][gc,start       ] GC(65) Pause Young (Allocation Failure)
[72.973s][debug][gc,phases      ] GC(65) Scavenge 11.927ms
[72.973s][debug][gc,ref         ] GC(65) Skipped phase 1 of Reference Processing: no references
[72.974s][debug][gc,ref         ] GC(65) ReferenceProcessor::execute queues: 1, RefProcThreadModel::Single, marks_oops_alive: false
[72.974s][debug][gc,ref         ] GC(65) Skipped phase 3 of Reference Processing: no references
[72.974s][debug][gc,ref         ] GC(65) ReferenceProcessor::execute queues: 1, RefProcThreadModel::Single, marks_oops_alive: false
[72.974s][debug][gc,phases      ] GC(65) Reference Processing 0.171ms
[72.974s][debug][gc,phases      ] GC(65)   VM Weak                        Min:  0.0, Avg:  0.0, Max:  0.0, Diff:  0.0, Sum:  0.0, Workers: 4
[72.974s][debug][gc,phases      ] GC(65)     Dead                           Min: 0, Avg:  0.0, Max: 0, Diff: 0, Sum: 0, Workers: 4
[72.974s][debug][gc,phases      ] GC(65)     Total                          Min: 0, Avg: 154.5, Max: 618, Diff: 618, Sum: 618, Workers: 4
[72.974s][debug][gc,phases      ] GC(65)   ObjectSynchronizer Weak        Min:  0.0, Avg:  0.0, Max:  0.0, Diff:  0.0, Sum:  0.0, Workers: 4
[72.974s][debug][gc,phases      ] GC(65)     Dead                           Min: 0, Avg:  0.0, Max: 0, Diff: 0, Sum: 0, Workers: 4
[72.974s][debug][gc,phases      ] GC(65)     Total                          Min: 0, Avg: 59.8, Max: 239, Diff: 239, Sum: 239, Workers: 4
[72.974s][debug][gc,phases      ] GC(65)   JVMTI Tag Weak OopStorage      Min:  0.0, Avg:  0.0, Max:  0.0, Diff:  0.0, Sum:  0.0, Workers: 4
[72.974s][debug][gc,phases      ] GC(65)     Dead                           Min: 0, Avg:  0.0, Max: 0, Diff: 0, Sum: 0, Workers: 4
[72.974s][debug][gc,phases      ] GC(65)     Total                          Min: 0, Avg:  0.0, Max: 0, Diff: 0, Sum: 0, Workers: 4
[72.974s][debug][gc,phases      ] GC(65)   StringTable Weak               Min:  0.0, Avg:  0.1, Max:  0.5, Diff:  0.5, Sum:  0.5, Workers: 4
[72.974s][debug][gc,phases      ] GC(65)     Dead                           Min: 0, Avg:  0.8, Max: 3, Diff: 3, Sum: 3, Workers: 4
[72.974s][debug][gc,phases      ] GC(65)     Total                          Min: 0, Avg: 10958.5, Max: 43834, Diff: 43834, Sum: 43834, Workers: 4
[72.974s][debug][gc,phases      ] GC(65)   ResolvedMethodTable Weak       Min:  0.0, Avg:  0.0, Max:  0.1, Diff:  0.1, Sum:  0.1, Workers: 4
[72.974s][debug][gc,phases      ] GC(65)     Dead                           Min: 0, Avg:  0.0, Max: 0, Diff: 0, Sum: 0, Workers: 4
[72.974s][debug][gc,phases      ] GC(65)     Total                          Min: 0, Avg: 1897.8, Max: 7591, Diff: 7591, Sum: 7591, Workers: 4
[72.974s][debug][gc,phases      ] GC(65)   JNI Weak                       Min:  0.0, Avg:  0.0, Max:  0.0, Diff:  0.0, Sum:  0.0, Workers: 4
[72.974s][debug][gc,phases      ] GC(65)     Dead                           Min: 0, Avg:  0.0, Max: 0, Diff: 0, Sum: 0, Workers: 4
[72.974s][debug][gc,phases      ] GC(65)     Total                          Min: 0, Avg:  2.0, Max: 8, Diff: 8, Sum: 8, Workers: 4
[72.974s][debug][gc,phases      ] GC(65)   StringDedup Table Weak         Min:  0.0, Avg:  0.0, Max:  0.0, Diff:  0.0, Sum:  0.0, Workers: 4
[72.974s][debug][gc,phases      ] GC(65)     Dead                           Min: 0, Avg:  0.0, Max: 0, Diff: 0, Sum: 0, Workers: 4
[72.974s][debug][gc,phases      ] GC(65)     Total                          Min: 0, Avg:  0.0, Max: 0, Diff: 0, Sum: 0, Workers: 4
[72.974s][debug][gc,phases      ] GC(65)   StringDedup Requests0 Weak     Min:  0.0, Avg:  0.0, Max:  0.0, Diff:  0.0, Sum:  0.0, Workers: 4
[72.974s][debug][gc,phases      ] GC(65)     Dead                           Min: 0, Avg:  0.0, Max: 0, Diff: 0, Sum: 0, Workers: 4
[72.975s][debug][gc,phases      ] GC(65)     Total                          Min: 0, Avg:  0.0, Max: 0, Diff: 0, Sum: 0, Workers: 4
[72.975s][debug][gc,phases      ] GC(65)   StringDedup Requests1 Weak     Min:  0.0, Avg:  0.0, Max:  0.0, Diff:  0.0, Sum:  0.0, Workers: 4
[72.975s][debug][gc,phases      ] GC(65)     Dead                           Min: 0, Avg:  0.0, Max: 0, Diff: 0, Sum: 0, Workers: 4
[72.975s][debug][gc,phases      ] GC(65)     Total                          Min: 0, Avg:  0.0, Max: 0, Diff: 0, Sum: 0, Workers: 4
[72.975s][debug][gc,phases      ] GC(65)   Weak JFR Old Object Samples    Min:  0.0, Avg:  0.0, Max:  0.0, Diff:  0.0, Sum:  0.0, Workers: 4
[72.975s][debug][gc,phases      ] GC(65)     Dead                           Min: 0, Avg:  0.0, Max: 0, Diff: 0, Sum: 0, Workers: 4
[72.975s][debug][gc,phases      ] GC(65)     Total                          Min: 0, Avg:  0.0, Max: 0, Diff: 0, Sum: 0, Workers: 4
[72.975s][debug][gc,phases      ] GC(65) Weak Processing 0.937ms
[72.975s][debug][gc,age         ] GC(65) Desired survivor size 193462272 bytes, new threshold 15 (max threshold 15)
[72.975s][info ][gc,heap        ] GC(65) PSYoungGen: 1722400K(1905664K)->2432K(1723904K) Eden: 1721344K(1721344K)->0K(1721344K) From: 1056K(184320K)->2432K(2560K)
[72.975s][info ][gc,heap        ] GC(65) ParOldGen: 346728K(416256K)->346736K(416256K)
[72.975s][info ][gc,metaspace   ] GC(65) Metaspace: 71463K(72192K)->71463K(72192K) NonClass: 61160K(61568K)->61160K(61568K) Class: 10303K(10624K)->10303K(10624K)
[72.975s][info ][gc             ] GC(65) Pause Young (Allocation Failure) 2020M->340M(2090M) 13.186ms
[72.975s][info ][gc,cpu         ] GC(65) User=0.01s Sys=0.00s Real=0.01s
[72.975s][info ][safepoint      ] Safepoint "ParallelGCFailedAllocation", Time since last: 455708954 ns, Reaching safepoint: 12032159 ns, At safepoint: 13337266 ns, Total: 25369425 ns
[73.680s][info ][safepoint      ] Safepoint "ICBufferFull", Time since last: 695857240 ns, Reaching safepoint: 9457846 ns, At safepoint: 44801 ns, Total: 9502647 ns
[73.761s][info ][gc,start       ] GC(66) Pause Young (Allocation Failure)
[73.788s][debug][gc,phases      ] GC(66) Scavenge 25.995ms
[73.788s][debug][gc,ref         ] GC(66) Skipped phase 1 of Reference Processing: no references
[73.788s][debug][gc,ref         ] GC(66) ReferenceProcessor::execute queues: 1, RefProcThreadModel::Single, marks_oops_alive: false
[73.788s][debug][gc,ref         ] GC(66) Skipped phase 3 of Reference Processing: no references
[73.788s][debug][gc,ref         ] GC(66) ReferenceProcessor::execute queues: 1, RefProcThreadModel::Single, marks_oops_alive: false
[73.788s][debug][gc,phases      ] GC(66) Reference Processing 0.206ms
[73.789s][debug][gc,phases      ] GC(66)   VM Weak                        Min:  0.0, Avg:  0.0, Max:  0.0, Diff:  0.0, Sum:  0.0, Workers: 4
[73.789s][debug][gc,phases      ] GC(66)     Dead                           Min: 0, Avg:  0.0, Max: 0, Diff: 0, Sum: 0, Workers: 4
[73.789s][debug][gc,phases      ] GC(66)     Total                          Min: 0, Avg: 154.8, Max: 619, Diff: 619, Sum: 619, Workers: 4
[73.789s][debug][gc,phases      ] GC(66)   ObjectSynchronizer Weak        Min:  0.0, Avg:  0.0, Max:  0.0, Diff:  0.0, Sum:  0.0, Workers: 4
[73.789s][debug][gc,phases      ] GC(66)     Dead                           Min: 0, Avg:  0.0, Max: 0, Diff: 0, Sum: 0, Workers: 4
[73.789s][debug][gc,phases      ] GC(66)     Total                          Min: 0, Avg: 59.8, Max: 239, Diff: 239, Sum: 239, Workers: 4
[73.789s][debug][gc,phases      ] GC(66)   JVMTI Tag Weak OopStorage      Min:  0.0, Avg:  0.0, Max:  0.0, Diff:  0.0, Sum:  0.0, Workers: 4
[73.789s][debug][gc,phases      ] GC(66)     Dead                           Min: 0, Avg:  0.0, Max: 0, Diff: 0, Sum: 0, Workers: 4
[73.789s][debug][gc,phases      ] GC(66)     Total                          Min: 0, Avg:  0.0, Max: 0, Diff: 0, Sum: 0, Workers: 4
[73.789s][debug][gc,phases      ] GC(66)   StringTable Weak               Min:  0.0, Avg:  0.2, Max:  0.7, Diff:  0.7, Sum:  0.7, Workers: 4
[73.789s][debug][gc,phases      ] GC(66)     Dead                           Min: 0, Avg:  0.0, Max: 0, Diff: 0, Sum: 0, Workers: 4
[73.789s][debug][gc,phases      ] GC(66)     Total                          Min: 0, Avg: 11016.0, Max: 44064, Diff: 44064, Sum: 44064, Workers: 4
[73.789s][debug][gc,phases      ] GC(66)   ResolvedMethodTable Weak       Min:  0.0, Avg:  0.0, Max:  0.2, Diff:  0.2, Sum:  0.2, Workers: 4
[73.789s][debug][gc,phases      ] GC(66)     Dead                           Min: 0, Avg: 10.0, Max: 40, Diff: 40, Sum: 40, Workers: 4
[73.789s][debug][gc,phases      ] GC(66)     Total                          Min: 0, Avg: 1947.8, Max: 7791, Diff: 7791, Sum: 7791, Workers: 4
[73.789s][debug][gc,phases      ] GC(66)   JNI Weak                       Min:  0.0, Avg:  0.0, Max:  0.0, Diff:  0.0, Sum:  0.0, Workers: 4
[73.789s][debug][gc,phases      ] GC(66)     Dead                           Min: 0, Avg:  0.0, Max: 0, Diff: 0, Sum: 0, Workers: 4
[73.789s][debug][gc,phases      ] GC(66)     Total                          Min: 0, Avg:  2.8, Max: 11, Diff: 11, Sum: 11, Workers: 4
[73.789s][debug][gc,phases      ] GC(66)   StringDedup Table Weak         Min:  0.0, Avg:  0.0, Max:  0.0, Diff:  0.0, Sum:  0.0, Workers: 4
[73.789s][debug][gc,phases      ] GC(66)     Dead                           Min: 0, Avg:  0.0, Max: 0, Diff: 0, Sum: 0, Workers: 4
[73.789s][debug][gc,phases      ] GC(66)     Total                          Min: 0, Avg:  0.0, Max: 0, Diff: 0, Sum: 0, Workers: 4
[73.789s][debug][gc,phases      ] GC(66)   StringDedup Requests0 Weak     Min:  0.0, Avg:  0.0, Max:  0.0, Diff:  0.0, Sum:  0.0, Workers: 4
[73.789s][debug][gc,phases      ] GC(66)     Dead                           Min: 0, Avg:  0.0, Max: 0, Diff: 0, Sum: 0, Workers: 4
[73.789s][debug][gc,phases      ] GC(66)     Total                          Min: 0, Avg:  0.0, Max: 0, Diff: 0, Sum: 0, Workers: 4
[73.789s][debug][gc,phases      ] GC(66)   StringDedup Requests1 Weak     Min:  0.0, Avg:  0.0, Max:  0.0, Diff:  0.0, Sum:  0.0, Workers: 4
[73.789s][debug][gc,phases      ] GC(66)     Dead                           Min: 0, Avg:  0.0, Max: 0, Diff: 0, Sum: 0, Workers: 4
[73.789s][debug][gc,phases      ] GC(66)     Total                          Min: 0, Avg:  0.0, Max: 0, Diff: 0, Sum: 0, Workers: 4
[73.789s][debug][gc,phases      ] GC(66)   Weak JFR Old Object Samples    Min:  0.0, Avg:  0.0, Max:  0.0, Diff:  0.0, Sum:  0.0, Workers: 4
[73.789s][debug][gc,phases      ] GC(66)     Dead                           Min: 0, Avg:  0.0, Max: 0, Diff: 0, Sum: 0, Workers: 4
[73.789s][debug][gc,phases      ] GC(66)     Total                          Min: 0, Avg:  0.0, Max: 0, Diff: 0, Sum: 0, Workers: 4
[73.789s][debug][gc,phases      ] GC(66) Weak Processing 1.160ms
[73.789s][debug][gc,age         ] GC(66) Desired survivor size 191889408 bytes, new threshold 15 (max threshold 15)
[73.789s][info ][gc,heap        ] GC(66) PSYoungGen: 1723776K(1723904K)->3424K(1909760K) Eden: 1721344K(1721344K)->0K(1720832K) From: 2432K(2560K)->3424K(188928K)
[73.789s][info ][gc,heap        ] GC(66) ParOldGen: 346736K(416256K)->346736K(416256K)
[73.789s][info ][gc,metaspace   ] GC(66) Metaspace: 72902K(73664K)->72902K(73664K) NonClass: 62347K(62784K)->62347K(62784K) Class: 10554K(10880K)->10554K(10880K)
[73.789s][info ][gc             ] GC(66) Pause Young (Allocation Failure) 2021M->341M(2271M) 27.546ms
[73.789s][info ][gc,cpu         ] GC(66) User=0.02s Sys=0.00s Real=0.02s
[73.789s][info ][safepoint      ] Safepoint "ParallelGCFailedAllocation", Time since last: 69329242 ns, Reaching safepoint: 12034660 ns, At safepoint: 27709937 ns, Total: 39744597 ns
[74.342s][info ][safepoint      ] Safepoint "ICBufferFull", Time since last: 536250749 ns, Reaching safepoint: 16858783 ns, At safepoint: 31701 ns, Total: 16890484 ns
[74.826s][info ][safepoint      ] Safepoint "ICBufferFull", Time since last: 464747294 ns, Reaching safepoint: 18477691 ns, At safepoint: 50301 ns, Total: 18527992 ns
[74.926s][info ][gc,start       ] GC(67) Pause Young (Allocation Failure)
[74.945s][debug][gc,phases      ] GC(67) Scavenge 19.840ms
[74.945s][debug][gc,ref         ] GC(67) Skipped phase 1 of Reference Processing: no references
[74.946s][debug][gc,ref         ] GC(67) ReferenceProcessor::execute queues: 1, RefProcThreadModel::Single, marks_oops_alive: false
[74.946s][debug][gc,ref         ] GC(67) Skipped phase 3 of Reference Processing: no references
[74.946s][debug][gc,ref         ] GC(67) ReferenceProcessor::execute queues: 1, RefProcThreadModel::Single, marks_oops_alive: false
[74.946s][debug][gc,phases      ] GC(67) Reference Processing 0.171ms
[74.946s][debug][gc,phases      ] GC(67)   VM Weak                        Min:  0.0, Avg:  0.0, Max:  0.0, Diff:  0.0, Sum:  0.0, Workers: 4
[74.946s][debug][gc,phases      ] GC(67)     Dead                           Min: 0, Avg:  0.0, Max: 0, Diff: 0, Sum: 0, Workers: 4
[74.946s][debug][gc,phases      ] GC(67)     Total                          Min: 0, Avg: 154.8, Max: 619, Diff: 619, Sum: 619, Workers: 4
[74.946s][debug][gc,phases      ] GC(67)   ObjectSynchronizer Weak        Min:  0.0, Avg:  0.0, Max:  0.0, Diff:  0.0, Sum:  0.0, Workers: 4
[74.946s][debug][gc,phases      ] GC(67)     Dead                           Min: 0, Avg:  0.0, Max: 0, Diff: 0, Sum: 0, Workers: 4
[74.946s][debug][gc,phases      ] GC(67)     Total                          Min: 0, Avg: 59.8, Max: 239, Diff: 239, Sum: 239, Workers: 4
[74.946s][debug][gc,phases      ] GC(67)   JVMTI Tag Weak OopStorage      Min:  0.0, Avg:  0.0, Max:  0.0, Diff:  0.0, Sum:  0.0, Workers: 4
[74.946s][debug][gc,phases      ] GC(67)     Dead                           Min: 0, Avg:  0.0, Max: 0, Diff: 0, Sum: 0, Workers: 4
[74.946s][debug][gc,phases      ] GC(67)     Total                          Min: 0, Avg:  0.0, Max: 0, Diff: 0, Sum: 0, Workers: 4
[74.946s][debug][gc,phases      ] GC(67)   StringTable Weak               Min:  0.0, Avg:  0.1, Max:  0.5, Diff:  0.5, Sum:  0.6, Workers: 4
[74.946s][debug][gc,phases      ] GC(67)     Dead                           Min: 0, Avg:  0.0, Max: 0, Diff: 0, Sum: 0, Workers: 4
[74.946s][debug][gc,phases      ] GC(67)     Total                          Min: 0, Avg: 11019.8, Max: 44079, Diff: 44079, Sum: 44079, Workers: 4
[74.946s][debug][gc,phases      ] GC(67)   ResolvedMethodTable Weak       Min:  0.0, Avg:  0.0, Max:  0.1, Diff:  0.1, Sum:  0.1, Workers: 4
[74.946s][debug][gc,phases      ] GC(67)     Dead                           Min: 0, Avg:  0.0, Max: 0, Diff: 0, Sum: 0, Workers: 4
[74.946s][debug][gc,phases      ] GC(67)     Total                          Min: 0, Avg: 1948.5, Max: 7794, Diff: 7794, Sum: 7794, Workers: 4
[74.946s][debug][gc,phases      ] GC(67)   JNI Weak                       Min:  0.0, Avg:  0.0, Max:  0.0, Diff:  0.0, Sum:  0.0, Workers: 4
[74.946s][debug][gc,phases      ] GC(67)     Dead                           Min: 0, Avg:  0.0, Max: 0, Diff: 0, Sum: 0, Workers: 4
[74.946s][debug][gc,phases      ] GC(67)     Total                          Min: 0, Avg:  1.2, Max: 5, Diff: 5, Sum: 5, Workers: 4
[74.946s][debug][gc,phases      ] GC(67)   StringDedup Table Weak         Min:  0.0, Avg:  0.0, Max:  0.0, Diff:  0.0, Sum:  0.0, Workers: 4
[74.947s][debug][gc,phases      ] GC(67)     Dead                           Min: 0, Avg:  0.0, Max: 0, Diff: 0, Sum: 0, Workers: 4
[74.947s][debug][gc,phases      ] GC(67)     Total                          Min: 0, Avg:  0.0, Max: 0, Diff: 0, Sum: 0, Workers: 4
[74.947s][debug][gc,phases      ] GC(67)   StringDedup Requests0 Weak     Min:  0.0, Avg:  0.0, Max:  0.0, Diff:  0.0, Sum:  0.0, Workers: 4
[74.947s][debug][gc,phases      ] GC(67)     Dead                           Min: 0, Avg:  0.0, Max: 0, Diff: 0, Sum: 0, Workers: 4
[74.947s][debug][gc,phases      ] GC(67)     Total                          Min: 0, Avg:  0.0, Max: 0, Diff: 0, Sum: 0, Workers: 4
[74.947s][debug][gc,phases      ] GC(67)   StringDedup Requests1 Weak     Min:  0.0, Avg:  0.0, Max:  0.0, Diff:  0.0, Sum:  0.0, Workers: 4
[74.947s][debug][gc,phases      ] GC(67)     Dead                           Min: 0, Avg:  0.0, Max: 0, Diff: 0, Sum: 0, Workers: 4
[74.947s][debug][gc,phases      ] GC(67)     Total                          Min: 0, Avg:  0.0, Max: 0, Diff: 0, Sum: 0, Workers: 4
[74.947s][debug][gc,phases      ] GC(67)   Weak JFR Old Object Samples    Min:  0.0, Avg:  0.0, Max:  0.0, Diff:  0.0, Sum:  0.0, Workers: 4
[74.947s][debug][gc,phases      ] GC(67)     Dead                           Min: 0, Avg:  0.0, Max: 0, Diff: 0, Sum: 0, Workers: 4
[74.947s][debug][gc,phases      ] GC(67)     Total                          Min: 0, Avg:  0.0, Max: 0, Diff: 0, Sum: 0, Workers: 4
[74.947s][debug][gc,phases      ] GC(67) Weak Processing 0.942ms
[74.947s][debug][gc,age         ] GC(67) Desired survivor size 188743680 bytes, new threshold 15 (max threshold 15)
[74.947s][info ][gc,heap        ] GC(67) PSYoungGen: 1724256K(1909760K)->3984K(1908224K) Eden: 1720832K(1720832K)->0K(1720832K) From: 3424K(188928K)->3984K(187392K)
[74.947s][info ][gc,heap        ] GC(67) ParOldGen: 346736K(416256K)->346744K(416256K)
[74.947s][info ][gc,metaspace   ] GC(67) Metaspace: 73094K(73856K)->73094K(73856K) NonClass: 62533K(62976K)->62533K(62976K) Class: 10561K(10880K)->10561K(10880K)
[74.947s][info ][gc             ] GC(67) Pause Young (Allocation Failure) 2022M->342M(2270M) 21.122ms
[74.947s][info ][gc,cpu         ] GC(67) User=0.02s Sys=0.00s Real=0.02s
[74.947s][info ][safepoint      ] Safepoint "ParallelGCFailedAllocation", Time since last: 91166350 ns, Reaching safepoint: 8739443 ns, At safepoint: 21269305 ns, Total: 30008748 ns
[75.714s][info ][safepoint      ] Safepoint "ICBufferFull", Time since last: 754654324 ns, Reaching safepoint: 12165260 ns, At safepoint: 56701 ns, Total: 12221961 ns
[75.982s][info ][gc,start       ] GC(68) Pause Young (Allocation Failure)
[76.009s][debug][gc,phases      ] GC(68) Scavenge 27.815ms
[76.009s][debug][gc,ref         ] GC(68) Skipped phase 1 of Reference Processing: no references
[76.010s][debug][gc,ref         ] GC(68) ReferenceProcessor::execute queues: 1, RefProcThreadModel::Single, marks_oops_alive: false
[76.010s][debug][gc,ref         ] GC(68) Skipped phase 3 of Reference Processing: no references
[76.010s][debug][gc,ref         ] GC(68) ReferenceProcessor::execute queues: 1, RefProcThreadModel::Single, marks_oops_alive: false
[76.010s][debug][gc,phases      ] GC(68) Reference Processing 0.190ms
[76.011s][debug][gc,phases      ] GC(68)   VM Weak                        Min:  0.0, Avg:  0.0, Max:  0.0, Diff:  0.0, Sum:  0.0, Workers: 4
[76.011s][debug][gc,phases      ] GC(68)     Dead                           Min: 0, Avg:  0.0, Max: 0, Diff: 0, Sum: 0, Workers: 4
[76.011s][debug][gc,phases      ] GC(68)     Total                          Min: 0, Avg: 154.8, Max: 619, Diff: 619, Sum: 619, Workers: 4
[76.011s][debug][gc,phases      ] GC(68)   ObjectSynchronizer Weak        Min:  0.0, Avg:  0.0, Max:  0.0, Diff:  0.0, Sum:  0.0, Workers: 4
[76.011s][debug][gc,phases      ] GC(68)     Dead                           Min: 0, Avg:  0.0, Max: 0, Diff: 0, Sum: 0, Workers: 4
[76.011s][debug][gc,phases      ] GC(68)     Total                          Min: 0, Avg: 59.8, Max: 239, Diff: 239, Sum: 239, Workers: 4
[76.011s][debug][gc,phases      ] GC(68)   JVMTI Tag Weak OopStorage      Min:  0.0, Avg:  0.0, Max:  0.0, Diff:  0.0, Sum:  0.0, Workers: 4
[76.011s][debug][gc,phases      ] GC(68)     Dead                           Min: 0, Avg:  0.0, Max: 0, Diff: 0, Sum: 0, Workers: 4
[76.011s][debug][gc,phases      ] GC(68)     Total                          Min: 0, Avg:  0.0, Max: 0, Diff: 0, Sum: 0, Workers: 4
[76.011s][debug][gc,phases      ] GC(68)   StringTable Weak               Min:  0.0, Avg:  0.2, Max:  0.9, Diff:  0.9, Sum:  0.9, Workers: 4
[76.011s][debug][gc,phases      ] GC(68)     Dead                           Min: 0, Avg:  0.0, Max: 0, Diff: 0, Sum: 0, Workers: 4
[76.011s][debug][gc,phases      ] GC(68)     Total                          Min: 0, Avg: 11019.8, Max: 44079, Diff: 44079, Sum: 44079, Workers: 4
[76.011s][debug][gc,phases      ] GC(68)   ResolvedMethodTable Weak       Min:  0.0, Avg:  0.0, Max:  0.2, Diff:  0.2, Sum:  0.2, Workers: 4
[76.011s][debug][gc,phases      ] GC(68)     Dead                           Min: 0, Avg:  0.0, Max: 0, Diff: 0, Sum: 0, Workers: 4
[76.011s][debug][gc,phases      ] GC(68)     Total                          Min: 0, Avg: 1948.5, Max: 7794, Diff: 7794, Sum: 7794, Workers: 4
[76.011s][debug][gc,phases      ] GC(68)   JNI Weak                       Min:  0.0, Avg:  0.0, Max:  0.0, Diff:  0.0, Sum:  0.0, Workers: 4
[76.011s][debug][gc,phases      ] GC(68)     Dead                           Min: 0, Avg:  0.0, Max: 0, Diff: 0, Sum: 0, Workers: 4
[76.011s][debug][gc,phases      ] GC(68)     Total                          Min: 0, Avg:  2.5, Max: 10, Diff: 10, Sum: 10, Workers: 4
[76.011s][debug][gc,phases      ] GC(68)   StringDedup Table Weak         Min:  0.0, Avg:  0.0, Max:  0.0, Diff:  0.0, Sum:  0.0, Workers: 4
[76.011s][debug][gc,phases      ] GC(68)     Dead                           Min: 0, Avg:  0.0, Max: 0, Diff: 0, Sum: 0, Workers: 4
[76.011s][debug][gc,phases      ] GC(68)     Total                          Min: 0, Avg:  0.0, Max: 0, Diff: 0, Sum: 0, Workers: 4
[76.011s][debug][gc,phases      ] GC(68)   StringDedup Requests0 Weak     Min:  0.0, Avg:  0.0, Max:  0.0, Diff:  0.0, Sum:  0.0, Workers: 4
[76.011s][debug][gc,phases      ] GC(68)     Dead                           Min: 0, Avg:  0.0, Max: 0, Diff: 0, Sum: 0, Workers: 4
[76.011s][debug][gc,phases      ] GC(68)     Total                          Min: 0, Avg:  0.0, Max: 0, Diff: 0, Sum: 0, Workers: 4
[76.011s][debug][gc,phases      ] GC(68)   StringDedup Requests1 Weak     Min:  0.0, Avg:  0.0, Max:  0.0, Diff:  0.0, Sum:  0.0, Workers: 4
[76.011s][debug][gc,phases      ] GC(68)     Dead                           Min: 0, Avg:  0.0, Max: 0, Diff: 0, Sum: 0, Workers: 4
[76.011s][debug][gc,phases      ] GC(68)     Total                          Min: 0, Avg:  0.0, Max: 0, Diff: 0, Sum: 0, Workers: 4
[76.011s][debug][gc,phases      ] GC(68)   Weak JFR Old Object Samples    Min:  0.0, Avg:  0.0, Max:  0.0, Diff:  0.0, Sum:  0.0, Workers: 4
[76.011s][debug][gc,phases      ] GC(68)     Dead                           Min: 0, Avg:  0.0, Max: 0, Diff: 0, Sum: 0, Workers: 4
[76.011s][debug][gc,phases      ] GC(68)     Total                          Min: 0, Avg:  0.0, Max: 0, Diff: 0, Sum: 0, Workers: 4
[76.011s][debug][gc,phases      ] GC(68) Weak Processing 1.397ms
[76.011s][debug][gc,age         ] GC(68) Desired survivor size 184549376 bytes, new threshold 15 (max threshold 15)
[76.011s][info ][gc,heap        ] GC(68) PSYoungGen: 1724816K(1908224K)->4416K(1916928K) Eden: 1720832K(1720832K)->0K(1732608K) From: 3984K(187392K)->4416K(184320K)
[76.011s][info ][gc,heap        ] GC(68) ParOldGen: 346744K(416256K)->346752K(416256K)
[76.011s][info ][gc,metaspace   ] GC(68) Metaspace: 73139K(73920K)->73139K(73920K) NonClass: 62577K(63040K)->62577K(63040K) Class: 10561K(10880K)->10561K(10880K)
[76.011s][info ][gc             ] GC(68) Pause Young (Allocation Failure) 2023M->342M(2278M) 29.632ms
[76.011s][info ][gc,cpu         ] GC(68) User=0.02s Sys=0.00s Real=0.03s
[76.011s][info ][safepoint      ] Safepoint "ParallelGCFailedAllocation", Time since last: 263760101 ns, Reaching safepoint: 4106120 ns, At safepoint: 29811247 ns, Total: 33917367 ns
[76.521s][info ][safepoint      ] Safepoint "ICBufferFull", Time since last: 500024466 ns, Reaching safepoint: 10053950 ns, At safepoint: 36300 ns, Total: 10090250 ns
[77.106s][info ][safepoint      ] Safepoint "ICBufferFull", Time since last: 568787404 ns, Reaching safepoint: 15301075 ns, At safepoint: 30200 ns, Total: 15331275 ns
[77.153s][info ][gc,start       ] GC(69) Pause Young (Allocation Failure)
[77.177s][debug][gc,phases      ] GC(69) Scavenge 23.905ms
[77.177s][debug][gc,ref         ] GC(69) Skipped phase 1 of Reference Processing: no references
[77.178s][debug][gc,ref         ] GC(69) ReferenceProcessor::execute queues: 1, RefProcThreadModel::Single, marks_oops_alive: false
[77.178s][debug][gc,ref         ] GC(69) Skipped phase 3 of Reference Processing: no references
[77.178s][debug][gc,ref         ] GC(69) ReferenceProcessor::execute queues: 1, RefProcThreadModel::Single, marks_oops_alive: false
[77.178s][debug][gc,phases      ] GC(69) Reference Processing 0.172ms
[77.181s][debug][gc,phases      ] GC(69)   VM Weak                        Min:  0.0, Avg:  0.0, Max:  0.0, Diff:  0.0, Sum:  0.0, Workers: 4
[77.181s][debug][gc,phases      ] GC(69)     Dead                           Min: 0, Avg:  0.0, Max: 0, Diff: 0, Sum: 0, Workers: 4
[77.181s][debug][gc,phases      ] GC(69)     Total                          Min: 0, Avg: 154.8, Max: 619, Diff: 619, Sum: 619, Workers: 4
[77.181s][debug][gc,phases      ] GC(69)   ObjectSynchronizer Weak        Min:  0.0, Avg:  0.0, Max:  0.0, Diff:  0.0, Sum:  0.0, Workers: 4
[77.181s][debug][gc,phases      ] GC(69)     Dead                           Min: 0, Avg:  0.0, Max: 0, Diff: 0, Sum: 0, Workers: 4
[77.181s][debug][gc,phases      ] GC(69)     Total                          Min: 0, Avg: 59.8, Max: 239, Diff: 239, Sum: 239, Workers: 4
[77.181s][debug][gc,phases      ] GC(69)   JVMTI Tag Weak OopStorage      Min:  0.0, Avg:  0.0, Max:  0.0, Diff:  0.0, Sum:  0.0, Workers: 4
[77.181s][debug][gc,phases      ] GC(69)     Dead                           Min: 0, Avg:  0.0, Max: 0, Diff: 0, Sum: 0, Workers: 4
[77.181s][debug][gc,phases      ] GC(69)     Total                          Min: 0, Avg:  0.0, Max: 0, Diff: 0, Sum: 0, Workers: 4
[77.181s][debug][gc,phases      ] GC(69)   StringTable Weak               Min:  0.0, Avg:  0.1, Max:  0.5, Diff:  0.5, Sum:  0.5, Workers: 4
[77.181s][debug][gc,phases      ] GC(69)     Dead                           Min: 0, Avg:  0.0, Max: 0, Diff: 0, Sum: 0, Workers: 4
[77.181s][debug][gc,phases      ] GC(69)     Total                          Min: 0, Avg: 11021.0, Max: 44084, Diff: 44084, Sum: 44084, Workers: 4
[77.181s][debug][gc,phases      ] GC(69)   ResolvedMethodTable Weak       Min:  0.0, Avg:  0.0, Max:  0.1, Diff:  0.1, Sum:  0.1, Workers: 4
[77.181s][debug][gc,phases      ] GC(69)     Dead                           Min: 0, Avg:  0.0, Max: 0, Diff: 0, Sum: 0, Workers: 4
[77.181s][debug][gc,phases      ] GC(69)     Total                          Min: 0, Avg: 1948.5, Max: 7794, Diff: 7794, Sum: 7794, Workers: 4
[77.181s][debug][gc,phases      ] GC(69)   JNI Weak                       Min:  0.0, Avg:  0.0, Max:  0.0, Diff:  0.0, Sum:  0.0, Workers: 4
[77.181s][debug][gc,phases      ] GC(69)     Dead                           Min: 0, Avg:  0.0, Max: 0, Diff: 0, Sum: 0, Workers: 4
[77.181s][debug][gc,phases      ] GC(69)     Total                          Min: 0, Avg:  2.2, Max: 9, Diff: 9, Sum: 9, Workers: 4
[77.181s][debug][gc,phases      ] GC(69)   StringDedup Table Weak         Min:  0.0, Avg:  0.0, Max:  0.0, Diff:  0.0, Sum:  0.0, Workers: 4
[77.181s][debug][gc,phases      ] GC(69)     Dead                           Min: 0, Avg:  0.0, Max: 0, Diff: 0, Sum: 0, Workers: 4
[77.181s][debug][gc,phases      ] GC(69)     Total                          Min: 0, Avg:  0.0, Max: 0, Diff: 0, Sum: 0, Workers: 4
[77.181s][debug][gc,phases      ] GC(69)   StringDedup Requests0 Weak     Min:  0.0, Avg:  0.0, Max:  0.0, Diff:  0.0, Sum:  0.0, Workers: 4
[77.181s][debug][gc,phases      ] GC(69)     Dead                           Min: 0, Avg:  0.0, Max: 0, Diff: 0, Sum: 0, Workers: 4
[77.181s][debug][gc,phases      ] GC(69)     Total                          Min: 0, Avg:  0.0, Max: 0, Diff: 0, Sum: 0, Workers: 4
[77.181s][debug][gc,phases      ] GC(69)   StringDedup Requests1 Weak     Min:  0.0, Avg:  0.0, Max:  0.0, Diff:  0.0, Sum:  0.0, Workers: 4
[77.181s][debug][gc,phases      ] GC(69)     Dead                           Min: 0, Avg:  0.0, Max: 0, Diff: 0, Sum: 0, Workers: 4
[77.181s][debug][gc,phases      ] GC(69)     Total                          Min: 0, Avg:  0.0, Max: 0, Diff: 0, Sum: 0, Workers: 4
[77.181s][debug][gc,phases      ] GC(69)   Weak JFR Old Object Samples    Min:  0.0, Avg:  0.0, Max:  0.0, Diff:  0.0, Sum:  0.0, Workers: 4
[77.181s][debug][gc,phases      ] GC(69)     Dead                           Min: 0, Avg:  0.0, Max: 0, Diff: 0, Sum: 0, Workers: 4
[77.181s][debug][gc,phases      ] GC(69)     Total                          Min: 0, Avg:  0.0, Max: 0, Diff: 0, Sum: 0, Workers: 4
[77.181s][debug][gc,phases      ] GC(69) Weak Processing 3.426ms
[77.181s][debug][gc,age         ] GC(69) Desired survivor size 178782208 bytes, new threshold 15 (max threshold 15)
[77.181s][info ][gc,heap        ] GC(69) PSYoungGen: 1737024K(1916928K)->4896K(1912832K) Eden: 1732608K(1732608K)->0K(1732608K) From: 4416K(184320K)->4896K(180224K)
[77.181s][info ][gc,heap        ] GC(69) ParOldGen: 346752K(416256K)->346760K(416256K)
[77.181s][info ][gc,metaspace   ] GC(69) Metaspace: 73286K(74048K)->73286K(74048K) NonClass: 62724K(63168K)->62724K(63168K) Class: 10561K(10880K)->10561K(10880K)
[77.181s][info ][gc             ] GC(69) Pause Young (Allocation Failure) 2034M->343M(2274M) 27.675ms
[77.181s][info ][gc,cpu         ] GC(69) User=0.02s Sys=0.00s Real=0.02s
[77.181s][info ][safepoint      ] Safepoint "ParallelGCFailedAllocation", Time since last: 24415621 ns, Reaching safepoint: 23427715 ns, At safepoint: 27847537 ns, Total: 51275252 ns
[78.011s][info ][safepoint      ] Safepoint "ICBufferFull", Time since last: 824104260 ns, Reaching safepoint: 5196626 ns, At safepoint: 31900 ns, Total: 5228526 ns
[78.173s][info ][gc,start       ] GC(70) Pause Young (Allocation Failure)
[78.193s][debug][gc,phases      ] GC(70) Scavenge 19.853ms
[78.193s][debug][gc,ref         ] GC(70) Skipped phase 1 of Reference Processing: no references
[78.194s][debug][gc,ref         ] GC(70) ReferenceProcessor::execute queues: 1, RefProcThreadModel::Single, marks_oops_alive: false
[78.194s][debug][gc,ref         ] GC(70) Skipped phase 3 of Reference Processing: no references
[78.194s][debug][gc,ref         ] GC(70) ReferenceProcessor::execute queues: 1, RefProcThreadModel::Single, marks_oops_alive: false
[78.194s][debug][gc,phases      ] GC(70) Reference Processing 0.159ms
[78.194s][debug][gc,phases      ] GC(70)   VM Weak                        Min:  0.0, Avg:  0.0, Max:  0.0, Diff:  0.0, Sum:  0.0, Workers: 4
[78.194s][debug][gc,phases      ] GC(70)     Dead                           Min: 0, Avg:  0.0, Max: 0, Diff: 0, Sum: 0, Workers: 4
[78.194s][debug][gc,phases      ] GC(70)     Total                          Min: 0, Avg: 154.8, Max: 619, Diff: 619, Sum: 619, Workers: 4
[78.194s][debug][gc,phases      ] GC(70)   ObjectSynchronizer Weak        Min:  0.0, Avg:  0.0, Max:  0.0, Diff:  0.0, Sum:  0.0, Workers: 4
[78.194s][debug][gc,phases      ] GC(70)     Dead                           Min: 0, Avg:  0.0, Max: 0, Diff: 0, Sum: 0, Workers: 4
[78.194s][debug][gc,phases      ] GC(70)     Total                          Min: 0, Avg: 59.8, Max: 239, Diff: 239, Sum: 239, Workers: 4
[78.194s][debug][gc,phases      ] GC(70)   JVMTI Tag Weak OopStorage      Min:  0.0, Avg:  0.0, Max:  0.0, Diff:  0.0, Sum:  0.0, Workers: 4
[78.194s][debug][gc,phases      ] GC(70)     Dead                           Min: 0, Avg:  0.0, Max: 0, Diff: 0, Sum: 0, Workers: 4
[78.194s][debug][gc,phases      ] GC(70)     Total                          Min: 0, Avg:  0.0, Max: 0, Diff: 0, Sum: 0, Workers: 4
[78.194s][debug][gc,phases      ] GC(70)   StringTable Weak               Min:  0.0, Avg:  0.2, Max:  0.6, Diff:  0.6, Sum:  0.6, Workers: 4
[78.194s][debug][gc,phases      ] GC(70)     Dead                           Min: 0, Avg:  0.0, Max: 0, Diff: 0, Sum: 0, Workers: 4
[78.194s][debug][gc,phases      ] GC(70)     Total                          Min: 0, Avg: 11021.5, Max: 44086, Diff: 44086, Sum: 44086, Workers: 4
[78.194s][debug][gc,phases      ] GC(70)   ResolvedMethodTable Weak       Min:  0.0, Avg:  0.0, Max:  0.1, Diff:  0.1, Sum:  0.1, Workers: 4
[78.194s][debug][gc,phases      ] GC(70)     Dead                           Min: 0, Avg:  0.0, Max: 0, Diff: 0, Sum: 0, Workers: 4
[78.195s][debug][gc,phases      ] GC(70)     Total                          Min: 0, Avg: 1948.5, Max: 7794, Diff: 7794, Sum: 7794, Workers: 4
[78.195s][debug][gc,phases      ] GC(70)   JNI Weak                       Min:  0.0, Avg:  0.0, Max:  0.0, Diff:  0.0, Sum:  0.0, Workers: 4
[78.195s][debug][gc,phases      ] GC(70)     Dead                           Min: 0, Avg:  0.0, Max: 0, Diff: 0, Sum: 0, Workers: 4
[78.195s][debug][gc,phases      ] GC(70)     Total                          Min: 0, Avg:  3.2, Max: 13, Diff: 13, Sum: 13, Workers: 4
[78.195s][debug][gc,phases      ] GC(70)   StringDedup Table Weak         Min:  0.0, Avg:  0.0, Max:  0.0, Diff:  0.0, Sum:  0.0, Workers: 4
[78.195s][debug][gc,phases      ] GC(70)     Dead                           Min: 0, Avg:  0.0, Max: 0, Diff: 0, Sum: 0, Workers: 4
[78.195s][debug][gc,phases      ] GC(70)     Total                          Min: 0, Avg:  0.0, Max: 0, Diff: 0, Sum: 0, Workers: 4
[78.195s][debug][gc,phases      ] GC(70)   StringDedup Requests0 Weak     Min:  0.0, Avg:  0.0, Max:  0.0, Diff:  0.0, Sum:  0.0, Workers: 4
[78.195s][debug][gc,phases      ] GC(70)     Dead                           Min: 0, Avg:  0.0, Max: 0, Diff: 0, Sum: 0, Workers: 4
[78.195s][debug][gc,phases      ] GC(70)     Total                          Min: 0, Avg:  0.0, Max: 0, Diff: 0, Sum: 0, Workers: 4
[78.195s][debug][gc,phases      ] GC(70)   StringDedup Requests1 Weak     Min:  0.0, Avg:  0.0, Max:  0.0, Diff:  0.0, Sum:  0.0, Workers: 4
[78.195s][debug][gc,phases      ] GC(70)     Dead                           Min: 0, Avg:  0.0, Max: 0, Diff: 0, Sum: 0, Workers: 4
[78.195s][debug][gc,phases      ] GC(70)     Total                          Min: 0, Avg:  0.0, Max: 0, Diff: 0, Sum: 0, Workers: 4
[78.195s][debug][gc,phases      ] GC(70)   Weak JFR Old Object Samples    Min:  0.0, Avg:  0.0, Max:  0.0, Diff:  0.0, Sum:  0.0, Workers: 4
[78.195s][debug][gc,phases      ] GC(70)     Dead                           Min: 0, Avg:  0.0, Max: 0, Diff: 0, Sum: 0, Workers: 4
[78.195s][debug][gc,phases      ] GC(70)     Total                          Min: 0, Avg:  0.0, Max: 0, Diff: 0, Sum: 0, Workers: 4
[78.195s][debug][gc,phases      ] GC(70) Weak Processing 1.015ms
[78.195s][debug][gc,age         ] GC(70) Desired survivor size 172490752 bytes, new threshold 15 (max threshold 15)
[78.195s][info ][gc,heap        ] GC(70) PSYoungGen: 1737504K(1912832K)->5120K(1928704K) Eden: 1732608K(1732608K)->0K(1754112K) From: 4896K(180224K)->5120K(174592K)
[78.195s][info ][gc,heap        ] GC(70) ParOldGen: 346760K(416256K)->346760K(416256K)
[78.195s][info ][gc,metaspace   ] GC(70) Metaspace: 73303K(74048K)->73303K(74048K) NonClass: 62742K(63168K)->62742K(63168K) Class: 10561K(10880K)->10561K(10880K)
[78.195s][info ][gc             ] GC(70) Pause Young (Allocation Failure) 2035M->343M(2290M) 21.195ms
[78.195s][info ][gc,cpu         ] GC(70) User=0.02s Sys=0.00s Real=0.02s
[78.195s][info ][safepoint      ] Safepoint "ParallelGCFailedAllocation", Time since last: 153612156 ns, Reaching safepoint: 9255546 ns, At safepoint: 21341505 ns, Total: 30597051 ns
[78.913s][info ][safepoint      ] Safepoint "ICBufferFull", Time since last: 711118700 ns, Reaching safepoint: 7596038 ns, At safepoint: 23100 ns, Total: 7619138 ns
[79.158s][info ][gc,start       ] GC(71) Pause Young (Allocation Failure)
[79.172s][debug][gc,phases      ] GC(71) Scavenge 14.535ms
[79.172s][debug][gc,ref         ] GC(71) Skipped phase 1 of Reference Processing: no references
[79.172s][debug][gc,ref         ] GC(71) ReferenceProcessor::execute queues: 1, RefProcThreadModel::Single, marks_oops_alive: false
[79.172s][debug][gc,ref         ] GC(71) Skipped phase 3 of Reference Processing: no references
[79.172s][debug][gc,ref         ] GC(71) ReferenceProcessor::execute queues: 1, RefProcThreadModel::Single, marks_oops_alive: false
[79.172s][debug][gc,phases      ] GC(71) Reference Processing 0.164ms
[79.173s][debug][gc,phases      ] GC(71)   VM Weak                        Min:  0.0, Avg:  0.0, Max:  0.0, Diff:  0.0, Sum:  0.0, Workers: 4
[79.173s][debug][gc,phases      ] GC(71)     Dead                           Min: 0, Avg:  0.0, Max: 0, Diff: 0, Sum: 0, Workers: 4
[79.173s][debug][gc,phases      ] GC(71)     Total                          Min: 0, Avg: 154.8, Max: 619, Diff: 619, Sum: 619, Workers: 4
[79.173s][debug][gc,phases      ] GC(71)   ObjectSynchronizer Weak        Min:  0.0, Avg:  0.0, Max:  0.0, Diff:  0.0, Sum:  0.0, Workers: 4
[79.173s][debug][gc,phases      ] GC(71)     Dead                           Min: 0, Avg:  0.0, Max: 0, Diff: 0, Sum: 0, Workers: 4
[79.173s][debug][gc,phases      ] GC(71)     Total                          Min: 0, Avg: 59.8, Max: 239, Diff: 239, Sum: 239, Workers: 4
[79.173s][debug][gc,phases      ] GC(71)   JVMTI Tag Weak OopStorage      Min:  0.0, Avg:  0.0, Max:  0.0, Diff:  0.0, Sum:  0.0, Workers: 4
[79.173s][debug][gc,phases      ] GC(71)     Dead                           Min: 0, Avg:  0.0, Max: 0, Diff: 0, Sum: 0, Workers: 4
[79.173s][debug][gc,phases      ] GC(71)     Total                          Min: 0, Avg:  0.0, Max: 0, Diff: 0, Sum: 0, Workers: 4
[79.173s][debug][gc,phases      ] GC(71)   StringTable Weak               Min:  0.0, Avg:  0.1, Max:  0.5, Diff:  0.5, Sum:  0.5, Workers: 4
[79.173s][debug][gc,phases      ] GC(71)     Dead                           Min: 0, Avg:  0.0, Max: 0, Diff: 0, Sum: 0, Workers: 4
[79.173s][debug][gc,phases      ] GC(71)     Total                          Min: 0, Avg: 11026.0, Max: 44104, Diff: 44104, Sum: 44104, Workers: 4
[79.173s][debug][gc,phases      ] GC(71)   ResolvedMethodTable Weak       Min:  0.0, Avg:  0.0, Max:  0.1, Diff:  0.1, Sum:  0.1, Workers: 4
[79.173s][debug][gc,phases      ] GC(71)     Dead                           Min: 0, Avg:  0.0, Max: 0, Diff: 0, Sum: 0, Workers: 4
[79.173s][debug][gc,phases      ] GC(71)     Total                          Min: 0, Avg: 1949.5, Max: 7798, Diff: 7798, Sum: 7798, Workers: 4
[79.173s][debug][gc,phases      ] GC(71)   JNI Weak                       Min:  0.0, Avg:  0.0, Max:  0.0, Diff:  0.0, Sum:  0.0, Workers: 4
[79.173s][debug][gc,phases      ] GC(71)     Dead                           Min: 0, Avg:  0.0, Max: 0, Diff: 0, Sum: 0, Workers: 4
[79.173s][debug][gc,phases      ] GC(71)     Total                          Min: 0, Avg:  3.2, Max: 13, Diff: 13, Sum: 13, Workers: 4
[79.173s][debug][gc,phases      ] GC(71)   StringDedup Table Weak         Min:  0.0, Avg:  0.0, Max:  0.0, Diff:  0.0, Sum:  0.0, Workers: 4
[79.173s][debug][gc,phases      ] GC(71)     Dead                           Min: 0, Avg:  0.0, Max: 0, Diff: 0, Sum: 0, Workers: 4
[79.173s][debug][gc,phases      ] GC(71)     Total                          Min: 0, Avg:  0.0, Max: 0, Diff: 0, Sum: 0, Workers: 4
[79.173s][debug][gc,phases      ] GC(71)   StringDedup Requests0 Weak     Min:  0.0, Avg:  0.0, Max:  0.0, Diff:  0.0, Sum:  0.0, Workers: 4
[79.173s][debug][gc,phases      ] GC(71)     Dead                           Min: 0, Avg:  0.0, Max: 0, Diff: 0, Sum: 0, Workers: 4
[79.173s][debug][gc,phases      ] GC(71)     Total                          Min: 0, Avg:  0.0, Max: 0, Diff: 0, Sum: 0, Workers: 4
[79.173s][debug][gc,phases      ] GC(71)   StringDedup Requests1 Weak     Min:  0.0, Avg:  0.0, Max:  0.0, Diff:  0.0, Sum:  0.0, Workers: 4
[79.173s][debug][gc,phases      ] GC(71)     Dead                           Min: 0, Avg:  0.0, Max: 0, Diff: 0, Sum: 0, Workers: 4
[79.173s][debug][gc,phases      ] GC(71)     Total                          Min: 0, Avg:  0.0, Max: 0, Diff: 0, Sum: 0, Workers: 4
[79.173s][debug][gc,phases      ] GC(71)   Weak JFR Old Object Samples    Min:  0.0, Avg:  0.0, Max:  0.0, Diff:  0.0, Sum:  0.0, Workers: 4
[79.173s][debug][gc,phases      ] GC(71)     Dead                           Min: 0, Avg:  0.0, Max: 0, Diff: 0, Sum: 0, Workers: 4
[79.173s][debug][gc,phases      ] GC(71)     Total                          Min: 0, Avg:  0.0, Max: 0, Diff: 0, Sum: 0, Workers: 4
[79.173s][debug][gc,phases      ] GC(71) Weak Processing 0.821ms
[79.173s][debug][gc,age         ] GC(71) Desired survivor size 165675008 bytes, new threshold 15 (max threshold 15)
[79.173s][info ][gc,heap        ] GC(71) PSYoungGen: 1759232K(1928704K)->6720K(1922560K) Eden: 1754112K(1754112K)->0K(1754112K) From: 5120K(174592K)->6720K(168448K)
[79.173s][info ][gc,heap        ] GC(71) ParOldGen: 346760K(416256K)->346768K(416256K)
[79.173s][info ][gc,metaspace   ] GC(71) Metaspace: 73430K(74240K)->73430K(74240K) NonClass: 62865K(63296K)->62865K(63296K) Class: 10565K(10944K)->10565K(10944K)
[79.173s][info ][gc             ] GC(71) Pause Young (Allocation Failure) 2056M->345M(2284M) 15.694ms
[79.173s][info ][gc,cpu         ] GC(71) User=0.02s Sys=0.00s Real=0.02s
[79.173s][info ][safepoint      ] Safepoint "ParallelGCFailedAllocation", Time since last: 236161662 ns, Reaching safepoint: 7795938 ns, At safepoint: 15821678 ns, Total: 23617616 ns
[79.845s][info ][gc,start       ] GC(72) Pause Young (Allocation Failure)
[79.864s][debug][gc,phases      ] GC(72) Scavenge 18.387ms
[79.864s][debug][gc,ref         ] GC(72) Skipped phase 1 of Reference Processing: no references
[79.864s][debug][gc,ref         ] GC(72) ReferenceProcessor::execute queues: 1, RefProcThreadModel::Single, marks_oops_alive: false
[79.864s][debug][gc,ref         ] GC(72) Skipped phase 3 of Reference Processing: no references
[79.864s][debug][gc,ref         ] GC(72) ReferenceProcessor::execute queues: 1, RefProcThreadModel::Single, marks_oops_alive: false
[79.864s][debug][gc,phases      ] GC(72) Reference Processing 0.203ms
[79.865s][debug][gc,phases      ] GC(72)   VM Weak                        Min:  0.0, Avg:  0.0, Max:  0.0, Diff:  0.0, Sum:  0.0, Workers: 4
[79.865s][debug][gc,phases      ] GC(72)     Dead                           Min: 0, Avg:  0.0, Max: 0, Diff: 0, Sum: 0, Workers: 4
[79.865s][debug][gc,phases      ] GC(72)     Total                          Min: 0, Avg: 154.8, Max: 619, Diff: 619, Sum: 619, Workers: 4
[79.865s][debug][gc,phases      ] GC(72)   ObjectSynchronizer Weak        Min:  0.0, Avg:  0.0, Max:  0.0, Diff:  0.0, Sum:  0.0, Workers: 4
[79.865s][debug][gc,phases      ] GC(72)     Dead                           Min: 0, Avg:  0.0, Max: 0, Diff: 0, Sum: 0, Workers: 4
[79.865s][debug][gc,phases      ] GC(72)     Total                          Min: 0, Avg: 59.8, Max: 239, Diff: 239, Sum: 239, Workers: 4
[79.865s][debug][gc,phases      ] GC(72)   JVMTI Tag Weak OopStorage      Min:  0.0, Avg:  0.0, Max:  0.0, Diff:  0.0, Sum:  0.0, Workers: 4
[79.865s][debug][gc,phases      ] GC(72)     Dead                           Min: 0, Avg:  0.0, Max: 0, Diff: 0, Sum: 0, Workers: 4
[79.865s][debug][gc,phases      ] GC(72)     Total                          Min: 0, Avg:  0.0, Max: 0, Diff: 0, Sum: 0, Workers: 4
[79.865s][debug][gc,phases      ] GC(72)   StringTable Weak               Min:  0.0, Avg:  0.1, Max:  0.5, Diff:  0.5, Sum:  0.5, Workers: 4
[79.865s][debug][gc,phases      ] GC(72)     Dead                           Min: 0, Avg:  0.0, Max: 0, Diff: 0, Sum: 0, Workers: 4
[79.865s][debug][gc,phases      ] GC(72)     Total                          Min: 0, Avg: 11029.2, Max: 44117, Diff: 44117, Sum: 44117, Workers: 4
[79.865s][debug][gc,phases      ] GC(72)   ResolvedMethodTable Weak       Min:  0.0, Avg:  0.0, Max:  0.1, Diff:  0.1, Sum:  0.1, Workers: 4
[79.865s][debug][gc,phases      ] GC(72)     Dead                           Min: 0, Avg:  0.0, Max: 0, Diff: 0, Sum: 0, Workers: 4
[79.865s][debug][gc,phases      ] GC(72)     Total                          Min: 0, Avg: 1950.5, Max: 7802, Diff: 7802, Sum: 7802, Workers: 4
[79.865s][debug][gc,phases      ] GC(72)   JNI Weak                       Min:  0.0, Avg:  0.0, Max:  0.0, Diff:  0.0, Sum:  0.0, Workers: 4
[79.865s][debug][gc,phases      ] GC(72)     Dead                           Min: 0, Avg:  0.0, Max: 0, Diff: 0, Sum: 0, Workers: 4
[79.865s][debug][gc,phases      ] GC(72)     Total                          Min: 0, Avg:  2.2, Max: 9, Diff: 9, Sum: 9, Workers: 4
[79.865s][debug][gc,phases      ] GC(72)   StringDedup Table Weak         Min:  0.0, Avg:  0.0, Max:  0.0, Diff:  0.0, Sum:  0.0, Workers: 4
[79.865s][debug][gc,phases      ] GC(72)     Dead                           Min: 0, Avg:  0.0, Max: 0, Diff: 0, Sum: 0, Workers: 4
[79.865s][debug][gc,phases      ] GC(72)     Total                          Min: 0, Avg:  0.0, Max: 0, Diff: 0, Sum: 0, Workers: 4
[79.865s][debug][gc,phases      ] GC(72)   StringDedup Requests0 Weak     Min:  0.0, Avg:  0.0, Max:  0.0, Diff:  0.0, Sum:  0.0, Workers: 4
[79.865s][debug][gc,phases      ] GC(72)     Dead                           Min: 0, Avg:  0.0, Max: 0, Diff: 0, Sum: 0, Workers: 4
[79.865s][debug][gc,phases      ] GC(72)     Total                          Min: 0, Avg:  0.0, Max: 0, Diff: 0, Sum: 0, Workers: 4
[79.865s][debug][gc,phases      ] GC(72)   StringDedup Requests1 Weak     Min:  0.0, Avg:  0.0, Max:  0.0, Diff:  0.0, Sum:  0.0, Workers: 4
[79.865s][debug][gc,phases      ] GC(72)     Dead                           Min: 0, Avg:  0.0, Max: 0, Diff: 0, Sum: 0, Workers: 4
[79.865s][debug][gc,phases      ] GC(72)     Total                          Min: 0, Avg:  0.0, Max: 0, Diff: 0, Sum: 0, Workers: 4
[79.865s][debug][gc,phases      ] GC(72)   Weak JFR Old Object Samples    Min:  0.0, Avg:  0.0, Max:  0.0, Diff:  0.0, Sum:  0.0, Workers: 4
[79.865s][debug][gc,phases      ] GC(72)     Dead                           Min: 0, Avg:  0.0, Max: 0, Diff: 0, Sum: 0, Workers: 4
[79.865s][debug][gc,phases      ] GC(72)     Total                          Min: 0, Avg:  0.0, Max: 0, Diff: 0, Sum: 0, Workers: 4
[79.865s][debug][gc,phases      ] GC(72) Weak Processing 0.847ms
[79.865s][debug][gc,age         ] GC(72) Desired survivor size 157810688 bytes, new threshold 15 (max threshold 15)
[79.865s][info ][gc,heap        ] GC(72) PSYoungGen: 1760832K(1922560K)->9216K(1943040K) Eden: 1754112K(1754112K)->0K(1781248K) From: 6720K(168448K)->9216K(161792K)
[79.865s][info ][gc,heap        ] GC(72) ParOldGen: 346768K(416256K)->346776K(416256K)
[79.865s][info ][gc,metaspace   ] GC(72) Metaspace: 73510K(74304K)->73510K(74304K) NonClass: 62939K(63360K)->62939K(63360K) Class: 10570K(10944K)->10570K(10944K)
[79.865s][info ][gc             ] GC(72) Pause Young (Allocation Failure) 2058M->347M(2304M) 19.620ms
[79.865s][info ][gc,cpu         ] GC(72) User=0.02s Sys=0.00s Real=0.02s
[79.865s][info ][safepoint      ] Safepoint "ParallelGCFailedAllocation", Time since last: 657234433 ns, Reaching safepoint: 14773573 ns, At safepoint: 19808897 ns, Total: 34582470 ns
[80.501s][info ][gc,start       ] GC(73) Pause Young (Allocation Failure)
[80.522s][debug][gc,phases      ] GC(73) Scavenge 20.485ms
[80.522s][debug][gc,ref         ] GC(73) Skipped phase 1 of Reference Processing: no references
[80.522s][debug][gc,ref         ] GC(73) ReferenceProcessor::execute queues: 1, RefProcThreadModel::Single, marks_oops_alive: false
[80.522s][debug][gc,ref         ] GC(73) Skipped phase 3 of Reference Processing: no references
[80.522s][debug][gc,ref         ] GC(73) ReferenceProcessor::execute queues: 1, RefProcThreadModel::Single, marks_oops_alive: false
[80.522s][debug][gc,phases      ] GC(73) Reference Processing 0.169ms
[80.523s][debug][gc,phases      ] GC(73)   VM Weak                        Min:  0.0, Avg:  0.0, Max:  0.0, Diff:  0.0, Sum:  0.0, Workers: 4
[80.523s][debug][gc,phases      ] GC(73)     Dead                           Min: 0, Avg:  0.0, Max: 0, Diff: 0, Sum: 0, Workers: 4
[80.523s][debug][gc,phases      ] GC(73)     Total                          Min: 0, Avg: 154.8, Max: 448, Diff: 448, Sum: 619, Workers: 4
[80.523s][debug][gc,phases      ] GC(73)   ObjectSynchronizer Weak        Min:  0.0, Avg:  0.0, Max:  0.0, Diff:  0.0, Sum:  0.0, Workers: 4
[80.523s][debug][gc,phases      ] GC(73)     Dead                           Min: 0, Avg:  0.0, Max: 0, Diff: 0, Sum: 0, Workers: 4
[80.523s][debug][gc,phases      ] GC(73)     Total                          Min: 0, Avg: 59.8, Max: 128, Diff: 128, Sum: 239, Workers: 4
[80.523s][debug][gc,phases      ] GC(73)   JVMTI Tag Weak OopStorage      Min:  0.0, Avg:  0.0, Max:  0.0, Diff:  0.0, Sum:  0.0, Workers: 4
[80.523s][debug][gc,phases      ] GC(73)     Dead                           Min: 0, Avg:  0.0, Max: 0, Diff: 0, Sum: 0, Workers: 4
[80.523s][debug][gc,phases      ] GC(73)     Total                          Min: 0, Avg:  0.0, Max: 0, Diff: 0, Sum: 0, Workers: 4
[80.523s][debug][gc,phases      ] GC(73)   StringTable Weak               Min:  0.0, Avg:  0.1, Max:  0.2, Diff:  0.2, Sum:  0.4, Workers: 4
[80.523s][debug][gc,phases      ] GC(73)     Dead                           Min: 0, Avg:  0.0, Max: 0, Diff: 0, Sum: 0, Workers: 4
[80.523s][debug][gc,phases      ] GC(73)     Total                          Min: 0, Avg: 11033.8, Max: 22208, Diff: 22208, Sum: 44135, Workers: 4
[80.523s][debug][gc,phases      ] GC(73)   ResolvedMethodTable Weak       Min:  0.0, Avg:  0.0, Max:  0.0, Diff:  0.0, Sum:  0.1, Workers: 4
[80.523s][debug][gc,phases      ] GC(73)     Dead                           Min: 0, Avg:  0.0, Max: 0, Diff: 0, Sum: 0, Workers: 4
[80.523s][debug][gc,phases      ] GC(73)     Total                          Min: 0, Avg: 1950.5, Max: 4027, Diff: 4027, Sum: 7802, Workers: 4
[80.523s][debug][gc,phases      ] GC(73)   JNI Weak                       Min:  0.0, Avg:  0.0, Max:  0.0, Diff:  0.0, Sum:  0.0, Workers: 4
[80.523s][debug][gc,phases      ] GC(73)     Dead                           Min: 0, Avg:  0.0, Max: 0, Diff: 0, Sum: 0, Workers: 4
[80.523s][debug][gc,phases      ] GC(73)     Total                          Min: 0, Avg:  2.0, Max: 8, Diff: 8, Sum: 8, Workers: 4
[80.523s][debug][gc,phases      ] GC(73)   StringDedup Table Weak         Min:  0.0, Avg:  0.0, Max:  0.0, Diff:  0.0, Sum:  0.0, Workers: 4
[80.523s][debug][gc,phases      ] GC(73)     Dead                           Min: 0, Avg:  0.0, Max: 0, Diff: 0, Sum: 0, Workers: 4
[80.523s][debug][gc,phases      ] GC(73)     Total                          Min: 0, Avg:  0.0, Max: 0, Diff: 0, Sum: 0, Workers: 4
[80.523s][debug][gc,phases      ] GC(73)   StringDedup Requests0 Weak     Min:  0.0, Avg:  0.0, Max:  0.0, Diff:  0.0, Sum:  0.0, Workers: 4
[80.523s][debug][gc,phases      ] GC(73)     Dead                           Min: 0, Avg:  0.0, Max: 0, Diff: 0, Sum: 0, Workers: 4
[80.523s][debug][gc,phases      ] GC(73)     Total                          Min: 0, Avg:  0.0, Max: 0, Diff: 0, Sum: 0, Workers: 4
[80.523s][debug][gc,phases      ] GC(73)   StringDedup Requests1 Weak     Min:  0.0, Avg:  0.0, Max:  0.0, Diff:  0.0, Sum:  0.0, Workers: 4
[80.523s][debug][gc,phases      ] GC(73)     Dead                           Min: 0, Avg:  0.0, Max: 0, Diff: 0, Sum: 0, Workers: 4
[80.523s][debug][gc,phases      ] GC(73)     Total                          Min: 0, Avg:  0.0, Max: 0, Diff: 0, Sum: 0, Workers: 4
[80.523s][debug][gc,phases      ] GC(73)   Weak JFR Old Object Samples    Min:  0.0, Avg:  0.0, Max:  0.0, Diff:  0.0, Sum:  0.0, Workers: 4
[80.523s][debug][gc,phases      ] GC(73)     Dead                           Min: 0, Avg:  0.0, Max: 0, Diff: 0, Sum: 0, Workers: 4
[80.523s][debug][gc,phases      ] GC(73)     Total                          Min: 0, Avg:  0.0, Max: 0, Diff: 0, Sum: 0, Workers: 4
[80.523s][debug][gc,phases      ] GC(73) Weak Processing 0.530ms
[80.523s][debug][gc,age         ] GC(73) Desired survivor size 150470656 bytes, new threshold 15 (max threshold 15)
[80.523s][info ][gc,heap        ] GC(73) PSYoungGen: 1790464K(1943040K)->9120K(1935360K) Eden: 1781248K(1781248K)->0K(1781248K) From: 9216K(161792K)->9120K(154112K)
[80.523s][info ][gc,heap        ] GC(73) ParOldGen: 346776K(416256K)->346784K(416256K)
[80.523s][info ][gc,metaspace   ] GC(73) Metaspace: 73555K(74368K)->73555K(74368K) NonClass: 62985K(63424K)->62985K(63424K) Class: 10570K(10944K)->10570K(10944K)
[80.523s][info ][gc             ] GC(73) Pause Young (Allocation Failure) 2087M->347M(2296M) 21.369ms
[80.523s][info ][gc,cpu         ] GC(73) User=0.04s Sys=0.00s Real=0.02s
[80.523s][info ][safepoint      ] Safepoint "ParallelGCFailedAllocation", Time since last: 623053363 ns, Reaching safepoint: 13220865 ns, At safepoint: 21519106 ns, Total: 34739971 ns
[81.279s][info ][gc,start       ] GC(74) Pause Young (Allocation Failure)
[81.308s][debug][gc,phases      ] GC(74) Scavenge 29.020ms
[81.308s][debug][gc,ref         ] GC(74) Skipped phase 1 of Reference Processing: no references
[81.308s][debug][gc,ref         ] GC(74) ReferenceProcessor::execute queues: 1, RefProcThreadModel::Single, marks_oops_alive: false
[81.308s][debug][gc,ref         ] GC(74) Skipped phase 3 of Reference Processing: no references
[81.308s][debug][gc,ref         ] GC(74) ReferenceProcessor::execute queues: 1, RefProcThreadModel::Single, marks_oops_alive: false
[81.308s][debug][gc,phases      ] GC(74) Reference Processing 0.185ms
[81.309s][debug][gc,phases      ] GC(74)   VM Weak                        Min:  0.0, Avg:  0.0, Max:  0.0, Diff:  0.0, Sum:  0.0, Workers: 4
[81.309s][debug][gc,phases      ] GC(74)     Dead                           Min: 0, Avg:  0.0, Max: 0, Diff: 0, Sum: 0, Workers: 4
[81.309s][debug][gc,phases      ] GC(74)     Total                          Min: 0, Avg: 154.8, Max: 619, Diff: 619, Sum: 619, Workers: 4
[81.309s][debug][gc,phases      ] GC(74)   ObjectSynchronizer Weak        Min:  0.0, Avg:  0.0, Max:  0.0, Diff:  0.0, Sum:  0.0, Workers: 4
[81.309s][debug][gc,phases      ] GC(74)     Dead                           Min: 0, Avg:  0.0, Max: 0, Diff: 0, Sum: 0, Workers: 4
[81.309s][debug][gc,phases      ] GC(74)     Total                          Min: 0, Avg: 59.8, Max: 239, Diff: 239, Sum: 239, Workers: 4
[81.309s][debug][gc,phases      ] GC(74)   JVMTI Tag Weak OopStorage      Min:  0.0, Avg:  0.0, Max:  0.0, Diff:  0.0, Sum:  0.0, Workers: 4
[81.309s][debug][gc,phases      ] GC(74)     Dead                           Min: 0, Avg:  0.0, Max: 0, Diff: 0, Sum: 0, Workers: 4
[81.309s][debug][gc,phases      ] GC(74)     Total                          Min: 0, Avg:  0.0, Max: 0, Diff: 0, Sum: 0, Workers: 4
[81.309s][debug][gc,phases      ] GC(74)   StringTable Weak               Min:  0.0, Avg:  0.1, Max:  0.4, Diff:  0.4, Sum:  0.4, Workers: 4
[81.309s][debug][gc,phases      ] GC(74)     Dead                           Min: 0, Avg:  0.0, Max: 0, Diff: 0, Sum: 0, Workers: 4
[81.309s][debug][gc,phases      ] GC(74)     Total                          Min: 0, Avg: 11035.2, Max: 44141, Diff: 44141, Sum: 44141, Workers: 4
[81.309s][debug][gc,phases      ] GC(74)   ResolvedMethodTable Weak       Min:  0.0, Avg:  0.0, Max:  0.1, Diff:  0.1, Sum:  0.1, Workers: 4
[81.309s][debug][gc,phases      ] GC(74)     Dead                           Min: 0, Avg:  0.0, Max: 0, Diff: 0, Sum: 0, Workers: 4
[81.309s][debug][gc,phases      ] GC(74)     Total                          Min: 0, Avg: 1950.5, Max: 7802, Diff: 7802, Sum: 7802, Workers: 4
[81.309s][debug][gc,phases      ] GC(74)   JNI Weak                       Min:  0.0, Avg:  0.0, Max:  0.0, Diff:  0.0, Sum:  0.0, Workers: 4
[81.309s][debug][gc,phases      ] GC(74)     Dead                           Min: 0, Avg:  0.0, Max: 0, Diff: 0, Sum: 0, Workers: 4
[81.309s][debug][gc,phases      ] GC(74)     Total                          Min: 0, Avg:  1.0, Max: 4, Diff: 4, Sum: 4, Workers: 4
[81.309s][debug][gc,phases      ] GC(74)   StringDedup Table Weak         Min:  0.0, Avg:  0.0, Max:  0.0, Diff:  0.0, Sum:  0.0, Workers: 4
[81.309s][debug][gc,phases      ] GC(74)     Dead                           Min: 0, Avg:  0.0, Max: 0, Diff: 0, Sum: 0, Workers: 4
[81.309s][debug][gc,phases      ] GC(74)     Total                          Min: 0, Avg:  0.0, Max: 0, Diff: 0, Sum: 0, Workers: 4
[81.309s][debug][gc,phases      ] GC(74)   StringDedup Requests0 Weak     Min:  0.0, Avg:  0.0, Max:  0.0, Diff:  0.0, Sum:  0.0, Workers: 4
[81.309s][debug][gc,phases      ] GC(74)     Dead                           Min: 0, Avg:  0.0, Max: 0, Diff: 0, Sum: 0, Workers: 4
[81.309s][debug][gc,phases      ] GC(74)     Total                          Min: 0, Avg:  0.0, Max: 0, Diff: 0, Sum: 0, Workers: 4
[81.309s][debug][gc,phases      ] GC(74)   StringDedup Requests1 Weak     Min:  0.0, Avg:  0.0, Max:  0.0, Diff:  0.0, Sum:  0.0, Workers: 4
[81.309s][debug][gc,phases      ] GC(74)     Dead                           Min: 0, Avg:  0.0, Max: 0, Diff: 0, Sum: 0, Workers: 4
[81.309s][debug][gc,phases      ] GC(74)     Total                          Min: 0, Avg:  0.0, Max: 0, Diff: 0, Sum: 0, Workers: 4
[81.309s][debug][gc,phases      ] GC(74)   Weak JFR Old Object Samples    Min:  0.0, Avg:  0.0, Max:  0.0, Diff:  0.0, Sum:  0.0, Workers: 4
[81.309s][debug][gc,phases      ] GC(74)     Dead                           Min: 0, Avg:  0.0, Max: 0, Diff: 0, Sum: 0, Workers: 4
[81.309s][debug][gc,phases      ] GC(74)     Total                          Min: 0, Avg:  0.0, Max: 0, Diff: 0, Sum: 0, Workers: 4
[81.309s][debug][gc,phases      ] GC(74) Weak Processing 0.795ms
[81.309s][debug][gc,age         ] GC(74) Desired survivor size 143130624 bytes, new threshold 15 (max threshold 15)
[81.309s][info ][gc,heap        ] GC(74) PSYoungGen: 1790368K(1935360K)->7552K(1957376K) Eden: 1781248K(1781248K)->0K(1810432K) From: 9120K(154112K)->7552K(146944K)
[81.309s][info ][gc,heap        ] GC(74) ParOldGen: 346784K(416256K)->346792K(416256K)
[81.309s][info ][gc,metaspace   ] GC(74) Metaspace: 73598K(74368K)->73598K(74368K) NonClass: 63027K(63424K)->63027K(63424K) Class: 10570K(10944K)->10570K(10944K)
[81.309s][info ][gc             ] GC(74) Pause Young (Allocation Failure) 2087M->346M(2318M) 30.150ms
[81.309s][info ][gc,cpu         ] GC(74) User=0.03s Sys=0.00s Real=0.03s
[81.309s][info ][safepoint      ] Safepoint "ParallelGCFailedAllocation", Time since last: 755620813 ns, Reaching safepoint: 240101 ns, At safepoint: 30267749 ns, Total: 30507850 ns
[81.977s][info ][gc,start       ] GC(75) Pause Young (Allocation Failure)
[81.991s][debug][gc,phases      ] GC(75) Scavenge 13.713ms
[81.991s][debug][gc,ref         ] GC(75) Skipped phase 1 of Reference Processing: no references
[81.991s][debug][gc,ref         ] GC(75) ReferenceProcessor::execute queues: 1, RefProcThreadModel::Single, marks_oops_alive: false
[81.991s][debug][gc,ref         ] GC(75) Skipped phase 3 of Reference Processing: no references
[81.991s][debug][gc,ref         ] GC(75) ReferenceProcessor::execute queues: 1, RefProcThreadModel::Single, marks_oops_alive: false
[81.991s][debug][gc,phases      ] GC(75) Reference Processing 0.177ms
[81.992s][debug][gc,phases      ] GC(75)   VM Weak                        Min:  0.0, Avg:  0.0, Max:  0.0, Diff:  0.0, Sum:  0.0, Workers: 4
[81.992s][debug][gc,phases      ] GC(75)     Dead                           Min: 0, Avg:  0.0, Max: 0, Diff: 0, Sum: 0, Workers: 4
[81.992s][debug][gc,phases      ] GC(75)     Total                          Min: 0, Avg: 154.8, Max: 256, Diff: 256, Sum: 619, Workers: 4
[81.992s][debug][gc,phases      ] GC(75)   ObjectSynchronizer Weak        Min:  0.0, Avg:  0.0, Max:  0.0, Diff:  0.0, Sum:  0.0, Workers: 4
[81.992s][debug][gc,phases      ] GC(75)     Dead                           Min: 0, Avg:  0.0, Max: 0, Diff: 0, Sum: 0, Workers: 4
[81.992s][debug][gc,phases      ] GC(75)     Total                          Min: 0, Avg: 59.8, Max: 128, Diff: 128, Sum: 239, Workers: 4
[81.992s][debug][gc,phases      ] GC(75)   JVMTI Tag Weak OopStorage      Min:  0.0, Avg:  0.0, Max:  0.0, Diff:  0.0, Sum:  0.0, Workers: 4
[81.992s][debug][gc,phases      ] GC(75)     Dead                           Min: 0, Avg:  0.0, Max: 0, Diff: 0, Sum: 0, Workers: 4
[81.992s][debug][gc,phases      ] GC(75)     Total                          Min: 0, Avg:  0.0, Max: 0, Diff: 0, Sum: 0, Workers: 4
[81.992s][debug][gc,phases      ] GC(75)   StringTable Weak               Min:  0.0, Avg:  0.2, Max:  0.2, Diff:  0.2, Sum:  0.6, Workers: 4
[81.992s][debug][gc,phases      ] GC(75)     Dead                           Min: 0, Avg:  0.0, Max: 0, Diff: 0, Sum: 0, Workers: 4
[81.992s][debug][gc,phases      ] GC(75)     Total                          Min: 0, Avg: 11036.0, Max: 14832, Diff: 14832, Sum: 44144, Workers: 4
[81.992s][debug][gc,phases      ] GC(75)   ResolvedMethodTable Weak       Min:  0.0, Avg:  0.0, Max:  0.0, Diff:  0.0, Sum:  0.1, Workers: 4
[81.992s][debug][gc,phases      ] GC(75)     Dead                           Min: 0, Avg:  0.0, Max: 0, Diff: 0, Sum: 0, Workers: 4
[81.992s][debug][gc,phases      ] GC(75)     Total                          Min: 0, Avg: 1952.0, Max: 2880, Diff: 2880, Sum: 7808, Workers: 4
[81.992s][debug][gc,phases      ] GC(75)   JNI Weak                       Min:  0.0, Avg:  0.0, Max:  0.0, Diff:  0.0, Sum:  0.0, Workers: 4
[81.992s][debug][gc,phases      ] GC(75)     Dead                           Min: 0, Avg:  0.0, Max: 0, Diff: 0, Sum: 0, Workers: 4
[81.992s][debug][gc,phases      ] GC(75)     Total                          Min: 0, Avg:  1.5, Max: 6, Diff: 6, Sum: 6, Workers: 4
[81.992s][debug][gc,phases      ] GC(75)   StringDedup Table Weak         Min:  0.0, Avg:  0.0, Max:  0.0, Diff:  0.0, Sum:  0.0, Workers: 4
[81.992s][debug][gc,phases      ] GC(75)     Dead                           Min: 0, Avg:  0.0, Max: 0, Diff: 0, Sum: 0, Workers: 4
[81.992s][debug][gc,phases      ] GC(75)     Total                          Min: 0, Avg:  0.0, Max: 0, Diff: 0, Sum: 0, Workers: 4
[81.992s][debug][gc,phases      ] GC(75)   StringDedup Requests0 Weak     Min:  0.0, Avg:  0.0, Max:  0.0, Diff:  0.0, Sum:  0.0, Workers: 4
[81.992s][debug][gc,phases      ] GC(75)     Dead                           Min: 0, Avg:  0.0, Max: 0, Diff: 0, Sum: 0, Workers: 4
[81.992s][debug][gc,phases      ] GC(75)     Total                          Min: 0, Avg:  0.0, Max: 0, Diff: 0, Sum: 0, Workers: 4
[81.992s][debug][gc,phases      ] GC(75)   StringDedup Requests1 Weak     Min:  0.0, Avg:  0.0, Max:  0.0, Diff:  0.0, Sum:  0.0, Workers: 4
[81.992s][debug][gc,phases      ] GC(75)     Dead                           Min: 0, Avg:  0.0, Max: 0, Diff: 0, Sum: 0, Workers: 4
[81.992s][debug][gc,phases      ] GC(75)     Total                          Min: 0, Avg:  0.0, Max: 0, Diff: 0, Sum: 0, Workers: 4
[81.992s][debug][gc,phases      ] GC(75)   Weak JFR Old Object Samples    Min:  0.0, Avg:  0.0, Max:  0.0, Diff:  0.0, Sum:  0.0, Workers: 4
[81.992s][debug][gc,phases      ] GC(75)     Dead                           Min: 0, Avg:  0.0, Max: 0, Diff: 0, Sum: 0, Workers: 4
[81.992s][debug][gc,phases      ] GC(75)     Total                          Min: 0, Avg:  0.0, Max: 0, Diff: 0, Sum: 0, Workers: 4
[81.992s][debug][gc,phases      ] GC(75) Weak Processing 0.478ms
[81.992s][debug][gc,age         ] GC(75) Desired survivor size 135266304 bytes, new threshold 15 (max threshold 15)
[81.992s][info ][gc,heap        ] GC(75) PSYoungGen: 1817984K(1957376K)->10416K(1950208K) Eden: 1810432K(1810432K)->0K(1810432K) From: 7552K(146944K)->10416K(139776K)
[81.992s][info ][gc,heap        ] GC(75) ParOldGen: 346792K(416256K)->346800K(416256K)
[81.992s][info ][gc,metaspace   ] GC(75) Metaspace: 73624K(74432K)->73624K(74432K) NonClass: 63049K(63488K)->63049K(63488K) Class: 10574K(10944K)->10574K(10944K)
[81.992s][info ][gc             ] GC(75) Pause Young (Allocation Failure) 2114M->348M(2311M) 14.541ms
[81.992s][info ][gc,cpu         ] GC(75) User=0.05s Sys=0.00s Real=0.02s
[81.992s][info ][safepoint      ] Safepoint "ParallelGCFailedAllocation", Time since last: 656364023 ns, Reaching safepoint: 11990758 ns, At safepoint: 14685673 ns, Total: 26676431 ns
[82.933s][info ][gc,start       ] GC(76) Pause Young (Allocation Failure)
[82.957s][debug][gc,phases      ] GC(76) Scavenge 23.917ms
[82.957s][debug][gc,ref         ] GC(76) Skipped phase 1 of Reference Processing: no references
[82.958s][debug][gc,ref         ] GC(76) ReferenceProcessor::execute queues: 1, RefProcThreadModel::Single, marks_oops_alive: false
[82.958s][debug][gc,ref         ] GC(76) Skipped phase 3 of Reference Processing: no references
[82.958s][debug][gc,ref         ] GC(76) ReferenceProcessor::execute queues: 1, RefProcThreadModel::Single, marks_oops_alive: false
[82.958s][debug][gc,phases      ] GC(76) Reference Processing 0.164ms
[82.958s][debug][gc,phases      ] GC(76)   VM Weak                        Min:  0.0, Avg:  0.0, Max:  0.0, Diff:  0.0, Sum:  0.0, Workers: 4
[82.958s][debug][gc,phases      ] GC(76)     Dead                           Min: 0, Avg:  0.0, Max: 0, Diff: 0, Sum: 0, Workers: 4
[82.958s][debug][gc,phases      ] GC(76)     Total                          Min: 0, Avg: 154.8, Max: 619, Diff: 619, Sum: 619, Workers: 4
[82.958s][debug][gc,phases      ] GC(76)   ObjectSynchronizer Weak        Min:  0.0, Avg:  0.0, Max:  0.0, Diff:  0.0, Sum:  0.0, Workers: 4
[82.958s][debug][gc,phases      ] GC(76)     Dead                           Min: 0, Avg:  0.0, Max: 0, Diff: 0, Sum: 0, Workers: 4
[82.958s][debug][gc,phases      ] GC(76)     Total                          Min: 0, Avg: 59.8, Max: 239, Diff: 239, Sum: 239, Workers: 4
[82.958s][debug][gc,phases      ] GC(76)   JVMTI Tag Weak OopStorage      Min:  0.0, Avg:  0.0, Max:  0.0, Diff:  0.0, Sum:  0.0, Workers: 4
[82.958s][debug][gc,phases      ] GC(76)     Dead                           Min: 0, Avg:  0.0, Max: 0, Diff: 0, Sum: 0, Workers: 4
[82.958s][debug][gc,phases      ] GC(76)     Total                          Min: 0, Avg:  0.0, Max: 0, Diff: 0, Sum: 0, Workers: 4
[82.958s][debug][gc,phases      ] GC(76)   StringTable Weak               Min:  0.0, Avg:  0.1, Max:  0.5, Diff:  0.5, Sum:  0.5, Workers: 4
[82.958s][debug][gc,phases      ] GC(76)     Dead                           Min: 0, Avg:  0.0, Max: 0, Diff: 0, Sum: 0, Workers: 4
[82.958s][debug][gc,phases      ] GC(76)     Total                          Min: 0, Avg: 11042.2, Max: 44169, Diff: 44169, Sum: 44169, Workers: 4
[82.958s][debug][gc,phases      ] GC(76)   ResolvedMethodTable Weak       Min:  0.0, Avg:  0.0, Max:  0.1, Diff:  0.1, Sum:  0.1, Workers: 4
[82.958s][debug][gc,phases      ] GC(76)     Dead                           Min: 0, Avg:  0.0, Max: 0, Diff: 0, Sum: 0, Workers: 4
[82.958s][debug][gc,phases      ] GC(76)     Total                          Min: 0, Avg: 1952.0, Max: 7808, Diff: 7808, Sum: 7808, Workers: 4
[82.958s][debug][gc,phases      ] GC(76)   JNI Weak                       Min:  0.0, Avg:  0.0, Max:  0.0, Diff:  0.0, Sum:  0.0, Workers: 4
[82.958s][debug][gc,phases      ] GC(76)     Dead                           Min: 0, Avg:  0.0, Max: 0, Diff: 0, Sum: 0, Workers: 4
[82.958s][debug][gc,phases      ] GC(76)     Total                          Min: 0, Avg:  0.0, Max: 0, Diff: 0, Sum: 0, Workers: 4
[82.958s][debug][gc,phases      ] GC(76)   StringDedup Table Weak         Min:  0.0, Avg:  0.0, Max:  0.0, Diff:  0.0, Sum:  0.0, Workers: 4
[82.958s][debug][gc,phases      ] GC(76)     Dead                           Min: 0, Avg:  0.0, Max: 0, Diff: 0, Sum: 0, Workers: 4
[82.958s][debug][gc,phases      ] GC(76)     Total                          Min: 0, Avg:  0.0, Max: 0, Diff: 0, Sum: 0, Workers: 4
[82.958s][debug][gc,phases      ] GC(76)   StringDedup Requests0 Weak     Min:  0.0, Avg:  0.0, Max:  0.0, Diff:  0.0, Sum:  0.0, Workers: 4
[82.958s][debug][gc,phases      ] GC(76)     Dead                           Min: 0, Avg:  0.0, Max: 0, Diff: 0, Sum: 0, Workers: 4
[82.958s][debug][gc,phases      ] GC(76)     Total                          Min: 0, Avg:  0.0, Max: 0, Diff: 0, Sum: 0, Workers: 4
[82.958s][debug][gc,phases      ] GC(76)   StringDedup Requests1 Weak     Min:  0.0, Avg:  0.0, Max:  0.0, Diff:  0.0, Sum:  0.0, Workers: 4
[82.958s][debug][gc,phases      ] GC(76)     Dead                           Min: 0, Avg:  0.0, Max: 0, Diff: 0, Sum: 0, Workers: 4
[82.958s][debug][gc,phases      ] GC(76)     Total                          Min: 0, Avg:  0.0, Max: 0, Diff: 0, Sum: 0, Workers: 4
[82.958s][debug][gc,phases      ] GC(76)   Weak JFR Old Object Samples    Min:  0.0, Avg:  0.0, Max:  0.0, Diff:  0.0, Sum:  0.0, Workers: 4
[82.958s][debug][gc,phases      ] GC(76)     Dead                           Min: 0, Avg:  0.0, Max: 0, Diff: 0, Sum: 0, Workers: 4
[82.958s][debug][gc,phases      ] GC(76)     Total                          Min: 0, Avg:  0.0, Max: 0, Diff: 0, Sum: 0, Workers: 4
[82.958s][debug][gc,phases      ] GC(76) Weak Processing 0.821ms
[82.958s][debug][gc,age         ] GC(76) Desired survivor size 127926272 bytes, new threshold 15 (max threshold 15)
[82.958s][info ][gc,heap        ] GC(76) PSYoungGen: 1820848K(1950208K)->9312K(1972224K) Eden: 1810432K(1810432K)->0K(1840128K) From: 10416K(139776K)->9312K(132096K)
[82.958s][info ][gc,heap        ] GC(76) ParOldGen: 346800K(416256K)->346808K(416256K)
[82.958s][info ][gc,metaspace   ] GC(76) Metaspace: 73635K(74432K)->73635K(74432K) NonClass: 63060K(63488K)->63060K(63488K) Class: 10574K(10944K)->10574K(10944K)
[82.958s][info ][gc             ] GC(76) Pause Young (Allocation Failure) 2116M->347M(2332M) 25.069ms
[82.959s][info ][gc,cpu         ] GC(76) User=0.03s Sys=0.00s Real=0.02s
[82.959s][info ][safepoint      ] Safepoint "ParallelGCFailedAllocation", Time since last: 928281655 ns, Reaching safepoint: 13025364 ns, At safepoint: 25211024 ns, Total: 38236388 ns
[83.738s][info ][gc,start       ] GC(77) Pause Young (Allocation Failure)
[83.761s][debug][gc,phases      ] GC(77) Scavenge 23.708ms
[83.761s][debug][gc,ref         ] GC(77) Skipped phase 1 of Reference Processing: no references
[83.762s][debug][gc,ref         ] GC(77) ReferenceProcessor::execute queues: 1, RefProcThreadModel::Single, marks_oops_alive: false
[83.762s][debug][gc,ref         ] GC(77) Skipped phase 3 of Reference Processing: no references
[83.762s][debug][gc,ref         ] GC(77) ReferenceProcessor::execute queues: 1, RefProcThreadModel::Single, marks_oops_alive: false
[83.762s][debug][gc,phases      ] GC(77) Reference Processing 0.159ms
[83.762s][debug][gc,phases      ] GC(77)   VM Weak                        Min:  0.0, Avg:  0.0, Max:  0.0, Diff:  0.0, Sum:  0.0, Workers: 4
[83.762s][debug][gc,phases      ] GC(77)     Dead                           Min: 0, Avg:  0.0, Max: 0, Diff: 0, Sum: 0, Workers: 4
[83.762s][debug][gc,phases      ] GC(77)     Total                          Min: 0, Avg: 154.8, Max: 619, Diff: 619, Sum: 619, Workers: 4
[83.762s][debug][gc,phases      ] GC(77)   ObjectSynchronizer Weak        Min:  0.0, Avg:  0.0, Max:  0.0, Diff:  0.0, Sum:  0.0, Workers: 4
[83.762s][debug][gc,phases      ] GC(77)     Dead                           Min: 0, Avg:  0.0, Max: 0, Diff: 0, Sum: 0, Workers: 4
[83.762s][debug][gc,phases      ] GC(77)     Total                          Min: 0, Avg: 59.8, Max: 239, Diff: 239, Sum: 239, Workers: 4
[83.762s][debug][gc,phases      ] GC(77)   JVMTI Tag Weak OopStorage      Min:  0.0, Avg:  0.0, Max:  0.0, Diff:  0.0, Sum:  0.0, Workers: 4
[83.762s][debug][gc,phases      ] GC(77)     Dead                           Min: 0, Avg:  0.0, Max: 0, Diff: 0, Sum: 0, Workers: 4
[83.762s][debug][gc,phases      ] GC(77)     Total                          Min: 0, Avg:  0.0, Max: 0, Diff: 0, Sum: 0, Workers: 4
[83.762s][debug][gc,phases      ] GC(77)   StringTable Weak               Min:  0.0, Avg:  0.1, Max:  0.4, Diff:  0.4, Sum:  0.4, Workers: 4
[83.762s][debug][gc,phases      ] GC(77)     Dead                           Min: 0, Avg:  0.0, Max: 0, Diff: 0, Sum: 0, Workers: 4
[83.762s][debug][gc,phases      ] GC(77)     Total                          Min: 0, Avg: 11044.0, Max: 44176, Diff: 44176, Sum: 44176, Workers: 4
[83.762s][debug][gc,phases      ] GC(77)   ResolvedMethodTable Weak       Min:  0.0, Avg:  0.0, Max:  0.1, Diff:  0.1, Sum:  0.1, Workers: 4
[83.762s][debug][gc,phases      ] GC(77)     Dead                           Min: 0, Avg:  0.0, Max: 0, Diff: 0, Sum: 0, Workers: 4
[83.762s][debug][gc,phases      ] GC(77)     Total                          Min: 0, Avg: 1952.0, Max: 7808, Diff: 7808, Sum: 7808, Workers: 4
[83.762s][debug][gc,phases      ] GC(77)   JNI Weak                       Min:  0.0, Avg:  0.0, Max:  0.0, Diff:  0.0, Sum:  0.0, Workers: 4
[83.762s][debug][gc,phases      ] GC(77)     Dead                           Min: 0, Avg:  0.0, Max: 0, Diff: 0, Sum: 0, Workers: 4
[83.762s][debug][gc,phases      ] GC(77)     Total                          Min: 0, Avg:  0.0, Max: 0, Diff: 0, Sum: 0, Workers: 4
[83.762s][debug][gc,phases      ] GC(77)   StringDedup Table Weak         Min:  0.0, Avg:  0.0, Max:  0.0, Diff:  0.0, Sum:  0.0, Workers: 4
[83.762s][debug][gc,phases      ] GC(77)     Dead                           Min: 0, Avg:  0.0, Max: 0, Diff: 0, Sum: 0, Workers: 4
[83.762s][debug][gc,phases      ] GC(77)     Total                          Min: 0, Avg:  0.0, Max: 0, Diff: 0, Sum: 0, Workers: 4
[83.762s][debug][gc,phases      ] GC(77)   StringDedup Requests0 Weak     Min:  0.0, Avg:  0.0, Max:  0.0, Diff:  0.0, Sum:  0.0, Workers: 4
[83.762s][debug][gc,phases      ] GC(77)     Dead                           Min: 0, Avg:  0.0, Max: 0, Diff: 0, Sum: 0, Workers: 4
[83.762s][debug][gc,phases      ] GC(77)     Total                          Min: 0, Avg:  0.0, Max: 0, Diff: 0, Sum: 0, Workers: 4
[83.762s][debug][gc,phases      ] GC(77)   StringDedup Requests1 Weak     Min:  0.0, Avg:  0.0, Max:  0.0, Diff:  0.0, Sum:  0.0, Workers: 4
[83.762s][debug][gc,phases      ] GC(77)     Dead                           Min: 0, Avg:  0.0, Max: 0, Diff: 0, Sum: 0, Workers: 4
[83.762s][debug][gc,phases      ] GC(77)     Total                          Min: 0, Avg:  0.0, Max: 0, Diff: 0, Sum: 0, Workers: 4
[83.762s][debug][gc,phases      ] GC(77)   Weak JFR Old Object Samples    Min:  0.0, Avg:  0.0, Max:  0.0, Diff:  0.0, Sum:  0.0, Workers: 4
[83.762s][debug][gc,phases      ] GC(77)     Dead                           Min: 0, Avg:  0.0, Max: 0, Diff: 0, Sum: 0, Workers: 4
[83.762s][debug][gc,phases      ] GC(77)     Total                          Min: 0, Avg:  0.0, Max: 0, Diff: 0, Sum: 0, Workers: 4
[83.762s][debug][gc,phases      ] GC(77) Weak Processing 0.816ms
[83.762s][debug][gc,age         ] GC(77) Desired survivor size 120586240 bytes, new threshold 15 (max threshold 15)
[83.762s][info ][gc,heap        ] GC(77) PSYoungGen: 1849440K(1972224K)->9536K(1965056K) Eden: 1840128K(1840128K)->0K(1840128K) From: 9312K(132096K)->9536K(124928K)
[83.762s][info ][gc,heap        ] GC(77) ParOldGen: 346808K(416256K)->346816K(416256K)
[83.762s][info ][gc,metaspace   ] GC(77) Metaspace: 73641K(74432K)->73641K(74432K) NonClass: 63066K(63488K)->63066K(63488K) Class: 10574K(10944K)->10574K(10944K)
[83.762s][info ][gc             ] GC(77) Pause Young (Allocation Failure) 2144M->348M(2325M) 24.848ms
[83.762s][info ][gc,cpu         ] GC(77) User=0.03s Sys=0.00s Real=0.03s
[83.763s][info ][safepoint      ] Safepoint "ParallelGCFailedAllocation", Time since last: 766802160 ns, Reaching safepoint: 12204460 ns, At safepoint: 24975422 ns, Total: 37179882 ns
[84.478s][info ][gc,start       ] GC(78) Pause Young (Allocation Failure)
[84.498s][debug][gc,phases      ] GC(78) Scavenge 19.654ms
[84.498s][debug][gc,ref         ] GC(78) Skipped phase 1 of Reference Processing: no references
[84.498s][debug][gc,ref         ] GC(78) ReferenceProcessor::execute queues: 1, RefProcThreadModel::Single, marks_oops_alive: false
[84.498s][debug][gc,ref         ] GC(78) Skipped phase 3 of Reference Processing: no references
[84.498s][debug][gc,ref         ] GC(78) ReferenceProcessor::execute queues: 1, RefProcThreadModel::Single, marks_oops_alive: false
[84.498s][debug][gc,phases      ] GC(78) Reference Processing 0.186ms
[84.499s][debug][gc,phases      ] GC(78)   VM Weak                        Min:  0.0, Avg:  0.0, Max:  0.0, Diff:  0.0, Sum:  0.0, Workers: 4
[84.499s][debug][gc,phases      ] GC(78)     Dead                           Min: 0, Avg:  0.0, Max: 0, Diff: 0, Sum: 0, Workers: 4
[84.499s][debug][gc,phases      ] GC(78)     Total                          Min: 0, Avg: 154.8, Max: 320, Diff: 320, Sum: 619, Workers: 4
[84.499s][debug][gc,phases      ] GC(78)   ObjectSynchronizer Weak        Min:  0.0, Avg:  0.0, Max:  0.0, Diff:  0.0, Sum:  0.0, Workers: 4
[84.499s][debug][gc,phases      ] GC(78)     Dead                           Min: 0, Avg:  0.0, Max: 0, Diff: 0, Sum: 0, Workers: 4
[84.499s][debug][gc,phases      ] GC(78)     Total                          Min: 0, Avg: 59.8, Max: 128, Diff: 128, Sum: 239, Workers: 4
[84.499s][debug][gc,phases      ] GC(78)   JVMTI Tag Weak OopStorage      Min:  0.0, Avg:  0.0, Max:  0.0, Diff:  0.0, Sum:  0.0, Workers: 4
[84.499s][debug][gc,phases      ] GC(78)     Dead                           Min: 0, Avg:  0.0, Max: 0, Diff: 0, Sum: 0, Workers: 4
[84.499s][debug][gc,phases      ] GC(78)     Total                          Min: 0, Avg:  0.0, Max: 0, Diff: 0, Sum: 0, Workers: 4
[84.499s][debug][gc,phases      ] GC(78)   StringTable Weak               Min:  0.0, Avg:  0.2, Max:  0.2, Diff:  0.2, Sum:  0.6, Workers: 4
[84.499s][debug][gc,phases      ] GC(78)     Dead                           Min: 0, Avg:  0.0, Max: 0, Diff: 0, Sum: 0, Workers: 4
[84.499s][debug][gc,phases      ] GC(78)     Total                          Min: 0, Avg: 11047.0, Max: 15104, Diff: 15104, Sum: 44188, Workers: 4
[84.499s][debug][gc,phases      ] GC(78)   ResolvedMethodTable Weak       Min:  0.0, Avg:  0.0, Max:  0.0, Diff:  0.0, Sum:  0.1, Workers: 4
[84.499s][debug][gc,phases      ] GC(78)     Dead                           Min: 0, Avg:  0.0, Max: 0, Diff: 0, Sum: 0, Workers: 4
[84.499s][debug][gc,phases      ] GC(78)     Total                          Min: 0, Avg: 1952.0, Max: 2880, Diff: 2880, Sum: 7808, Workers: 4
[84.499s][debug][gc,phases      ] GC(78)   JNI Weak                       Min:  0.0, Avg:  0.0, Max:  0.0, Diff:  0.0, Sum:  0.0, Workers: 4
[84.499s][debug][gc,phases      ] GC(78)     Dead                           Min: 0, Avg:  0.0, Max: 0, Diff: 0, Sum: 0, Workers: 4
[84.499s][debug][gc,phases      ] GC(78)     Total                          Min: 0, Avg:  0.2, Max: 1, Diff: 1, Sum: 1, Workers: 4
[84.499s][debug][gc,phases      ] GC(78)   StringDedup Table Weak         Min:  0.0, Avg:  0.0, Max:  0.0, Diff:  0.0, Sum:  0.0, Workers: 4
[84.499s][debug][gc,phases      ] GC(78)     Dead                           Min: 0, Avg:  0.0, Max: 0, Diff: 0, Sum: 0, Workers: 4
[84.499s][debug][gc,phases      ] GC(78)     Total                          Min: 0, Avg:  0.0, Max: 0, Diff: 0, Sum: 0, Workers: 4
[84.499s][debug][gc,phases      ] GC(78)   StringDedup Requests0 Weak     Min:  0.0, Avg:  0.0, Max:  0.0, Diff:  0.0, Sum:  0.0, Workers: 4
[84.499s][debug][gc,phases      ] GC(78)     Dead                           Min: 0, Avg:  0.0, Max: 0, Diff: 0, Sum: 0, Workers: 4
[84.499s][debug][gc,phases      ] GC(78)     Total                          Min: 0, Avg:  0.0, Max: 0, Diff: 0, Sum: 0, Workers: 4
[84.499s][debug][gc,phases      ] GC(78)   StringDedup Requests1 Weak     Min:  0.0, Avg:  0.0, Max:  0.0, Diff:  0.0, Sum:  0.0, Workers: 4
[84.499s][debug][gc,phases      ] GC(78)     Dead                           Min: 0, Avg:  0.0, Max: 0, Diff: 0, Sum: 0, Workers: 4
[84.499s][debug][gc,phases      ] GC(78)     Total                          Min: 0, Avg:  0.0, Max: 0, Diff: 0, Sum: 0, Workers: 4
[84.499s][debug][gc,phases      ] GC(78)   Weak JFR Old Object Samples    Min:  0.0, Avg:  0.0, Max:  0.0, Diff:  0.0, Sum:  0.0, Workers: 4
[84.499s][debug][gc,phases      ] GC(78)     Dead                           Min: 0, Avg:  0.0, Max: 0, Diff: 0, Sum: 0, Workers: 4
[84.499s][debug][gc,phases      ] GC(78)     Total                          Min: 0, Avg:  0.0, Max: 0, Diff: 0, Sum: 0, Workers: 4
[84.499s][debug][gc,phases      ] GC(78) Weak Processing 0.509ms
[84.499s][debug][gc,age         ] GC(78) Desired survivor size 112721920 bytes, new threshold 15 (max threshold 15)
[84.499s][info ][gc,heap        ] GC(78) PSYoungGen: 1849664K(1965056K)->15728K(1987072K) Eden: 1840128K(1840128K)->0K(1869312K) From: 9536K(124928K)->15728K(117760K)
[84.499s][info ][gc,heap        ] GC(78) ParOldGen: 346816K(416256K)->346816K(416256K)
[84.499s][info ][gc,metaspace   ] GC(78) Metaspace: 73679K(74496K)->73679K(74496K) NonClass: 63104K(63552K)->63104K(63552K) Class: 10574K(10944K)->10574K(10944K)
[84.499s][info ][gc             ] GC(78) Pause Young (Allocation Failure) 2145M->354M(2347M) 20.534ms
[84.499s][info ][gc,cpu         ] GC(78) User=0.07s Sys=0.00s Real=0.02s
[84.499s][info ][safepoint      ] Safepoint "ParallelGCFailedAllocation", Time since last: 715519707 ns, Reaching safepoint: 226701 ns, At safepoint: 20683301 ns, Total: 20910002 ns
[85.146s][info ][gc,start       ] GC(79) Pause Young (Allocation Failure)
[85.181s][debug][gc,phases      ] GC(79) Scavenge 35.037ms
[85.181s][debug][gc,ref         ] GC(79) Skipped phase 1 of Reference Processing: no references
[85.181s][debug][gc,ref         ] GC(79) ReferenceProcessor::execute queues: 1, RefProcThreadModel::Single, marks_oops_alive: false
[85.181s][debug][gc,ref         ] GC(79) Skipped phase 3 of Reference Processing: no references
[85.181s][debug][gc,ref         ] GC(79) ReferenceProcessor::execute queues: 1, RefProcThreadModel::Single, marks_oops_alive: false
[85.181s][debug][gc,phases      ] GC(79) Reference Processing 0.157ms
[85.186s][debug][gc,phases      ] GC(79)   VM Weak                        Min:  0.0, Avg:  0.0, Max:  0.0, Diff:  0.0, Sum:  0.0, Workers: 4
[85.186s][debug][gc,phases      ] GC(79)     Dead                           Min: 0, Avg:  0.0, Max: 0, Diff: 0, Sum: 0, Workers: 4
[85.186s][debug][gc,phases      ] GC(79)     Total                          Min: 0, Avg: 154.8, Max: 619, Diff: 619, Sum: 619, Workers: 4
[85.186s][debug][gc,phases      ] GC(79)   ObjectSynchronizer Weak        Min:  0.0, Avg:  0.0, Max:  0.0, Diff:  0.0, Sum:  0.0, Workers: 4
[85.186s][debug][gc,phases      ] GC(79)     Dead                           Min: 0, Avg:  0.0, Max: 0, Diff: 0, Sum: 0, Workers: 4
[85.186s][debug][gc,phases      ] GC(79)     Total                          Min: 0, Avg: 59.8, Max: 239, Diff: 239, Sum: 239, Workers: 4
[85.186s][debug][gc,phases      ] GC(79)   JVMTI Tag Weak OopStorage      Min:  0.0, Avg:  0.0, Max:  0.0, Diff:  0.0, Sum:  0.0, Workers: 4
[85.186s][debug][gc,phases      ] GC(79)     Dead                           Min: 0, Avg:  0.0, Max: 0, Diff: 0, Sum: 0, Workers: 4
[85.186s][debug][gc,phases      ] GC(79)     Total                          Min: 0, Avg:  0.0, Max: 0, Diff: 0, Sum: 0, Workers: 4
[85.186s][debug][gc,phases      ] GC(79)   StringTable Weak               Min:  0.0, Avg:  0.1, Max:  0.2, Diff:  0.2, Sum:  0.5, Workers: 4
[85.186s][debug][gc,phases      ] GC(79)     Dead                           Min: 0, Avg:  0.0, Max: 0, Diff: 0, Sum: 0, Workers: 4
[85.186s][debug][gc,phases      ] GC(79)     Total                          Min: 0, Avg: 11048.8, Max: 22144, Diff: 22144, Sum: 44195, Workers: 4
[85.186s][debug][gc,phases      ] GC(79)   ResolvedMethodTable Weak       Min:  0.0, Avg:  0.0, Max:  0.0, Diff:  0.0, Sum:  0.1, Workers: 4
[85.186s][debug][gc,phases      ] GC(79)     Dead                           Min: 0, Avg:  0.0, Max: 0, Diff: 0, Sum: 0, Workers: 4
[85.186s][debug][gc,phases      ] GC(79)     Total                          Min: 0, Avg: 1952.0, Max: 3968, Diff: 3968, Sum: 7808, Workers: 4
[85.186s][debug][gc,phases      ] GC(79)   JNI Weak                       Min:  0.0, Avg:  0.0, Max:  0.0, Diff:  0.0, Sum:  0.0, Workers: 4
[85.186s][debug][gc,phases      ] GC(79)     Dead                           Min: 0, Avg:  0.0, Max: 0, Diff: 0, Sum: 0, Workers: 4
[85.186s][debug][gc,phases      ] GC(79)     Total                          Min: 0, Avg:  1.0, Max: 4, Diff: 4, Sum: 4, Workers: 4
[85.186s][debug][gc,phases      ] GC(79)   StringDedup Table Weak         Min:  0.0, Avg:  0.0, Max:  0.0, Diff:  0.0, Sum:  0.0, Workers: 4
[85.186s][debug][gc,phases      ] GC(79)     Dead                           Min: 0, Avg:  0.0, Max: 0, Diff: 0, Sum: 0, Workers: 4
[85.186s][debug][gc,phases      ] GC(79)     Total                          Min: 0, Avg:  0.0, Max: 0, Diff: 0, Sum: 0, Workers: 4
[85.186s][debug][gc,phases      ] GC(79)   StringDedup Requests0 Weak     Min:  0.0, Avg:  0.0, Max:  0.0, Diff:  0.0, Sum:  0.0, Workers: 4
[85.186s][debug][gc,phases      ] GC(79)     Dead                           Min: 0, Avg:  0.0, Max: 0, Diff: 0, Sum: 0, Workers: 4
[85.186s][debug][gc,phases      ] GC(79)     Total                          Min: 0, Avg:  0.0, Max: 0, Diff: 0, Sum: 0, Workers: 4
[85.186s][debug][gc,phases      ] GC(79)   StringDedup Requests1 Weak     Min:  0.0, Avg:  0.0, Max:  0.0, Diff:  0.0, Sum:  0.0, Workers: 4
[85.186s][debug][gc,phases      ] GC(79)     Dead                           Min: 0, Avg:  0.0, Max: 0, Diff: 0, Sum: 0, Workers: 4
[85.186s][debug][gc,phases      ] GC(79)     Total                          Min: 0, Avg:  0.0, Max: 0, Diff: 0, Sum: 0, Workers: 4
[85.186s][debug][gc,phases      ] GC(79)   Weak JFR Old Object Samples    Min:  0.0, Avg:  0.0, Max:  0.0, Diff:  0.0, Sum:  0.0, Workers: 4
[85.186s][debug][gc,phases      ] GC(79)     Dead                           Min: 0, Avg:  0.0, Max: 0, Diff: 0, Sum: 0, Workers: 4
[85.186s][debug][gc,phases      ] GC(79)     Total                          Min: 0, Avg:  0.0, Max: 0, Diff: 0, Sum: 0, Workers: 4
[85.186s][debug][gc,phases      ] GC(79) Weak Processing 4.736ms
[85.186s][debug][gc,age         ] GC(79) Desired survivor size 104333312 bytes, new threshold 15 (max threshold 15)
[85.186s][info ][gc,heap        ] GC(79) PSYoungGen: 1885040K(1987072K)->19760K(1979392K) Eden: 1869312K(1869312K)->0K(1869312K) From: 15728K(117760K)->19760K(110080K)
[85.186s][info ][gc,heap        ] GC(79) ParOldGen: 346816K(416256K)->347624K(416256K)
[85.186s][info ][gc,metaspace   ] GC(79) Metaspace: 73715K(74496K)->73715K(74496K) NonClass: 63140K(63552K)->63140K(63552K) Class: 10574K(10944K)->10574K(10944K)
[85.186s][info ][gc             ] GC(79) Pause Young (Allocation Failure) 2179M->358M(2339M) 40.127ms
[85.186s][info ][gc,cpu         ] GC(79) User=0.07s Sys=0.00s Real=0.04s
[85.186s][info ][safepoint      ] Safepoint "ParallelGCFailedAllocation", Time since last: 643636053 ns, Reaching safepoint: 3265316 ns, At safepoint: 40240497 ns, Total: 43505813 ns
[85.964s][info ][gc,start       ] GC(80) Pause Young (Allocation Failure)
[86.006s][debug][gc,phases      ] GC(80) Scavenge 42.129ms
[86.006s][debug][gc,ref         ] GC(80) Skipped phase 1 of Reference Processing: no references
[86.006s][debug][gc,ref         ] GC(80) ReferenceProcessor::execute queues: 1, RefProcThreadModel::Single, marks_oops_alive: false
[86.006s][debug][gc,ref         ] GC(80) Skipped phase 3 of Reference Processing: no references
[86.006s][debug][gc,ref         ] GC(80) ReferenceProcessor::execute queues: 1, RefProcThreadModel::Single, marks_oops_alive: false
[86.006s][debug][gc,phases      ] GC(80) Reference Processing 0.163ms
[86.007s][debug][gc,phases      ] GC(80)   VM Weak                        Min:  0.0, Avg:  0.0, Max:  0.0, Diff:  0.0, Sum:  0.0, Workers: 4
[86.007s][debug][gc,phases      ] GC(80)     Dead                           Min: 0, Avg:  0.0, Max: 0, Diff: 0, Sum: 0, Workers: 4
[86.007s][debug][gc,phases      ] GC(80)     Total                          Min: 0, Avg: 156.0, Max: 624, Diff: 624, Sum: 624, Workers: 4
[86.007s][debug][gc,phases      ] GC(80)   ObjectSynchronizer Weak        Min:  0.0, Avg:  0.0, Max:  0.0, Diff:  0.0, Sum:  0.0, Workers: 4
[86.007s][debug][gc,phases      ] GC(80)     Dead                           Min: 0, Avg:  0.0, Max: 0, Diff: 0, Sum: 0, Workers: 4
[86.007s][debug][gc,phases      ] GC(80)     Total                          Min: 0, Avg: 59.8, Max: 239, Diff: 239, Sum: 239, Workers: 4
[86.007s][debug][gc,phases      ] GC(80)   JVMTI Tag Weak OopStorage      Min:  0.0, Avg:  0.0, Max:  0.0, Diff:  0.0, Sum:  0.0, Workers: 4
[86.007s][debug][gc,phases      ] GC(80)     Dead                           Min: 0, Avg:  0.0, Max: 0, Diff: 0, Sum: 0, Workers: 4
[86.007s][debug][gc,phases      ] GC(80)     Total                          Min: 0, Avg:  0.0, Max: 0, Diff: 0, Sum: 0, Workers: 4
[86.007s][debug][gc,phases      ] GC(80)   StringTable Weak               Min:  0.0, Avg:  0.1, Max:  0.6, Diff:  0.6, Sum:  0.6, Workers: 4
[86.007s][debug][gc,phases      ] GC(80)     Dead                           Min: 0, Avg:  0.2, Max: 1, Diff: 1, Sum: 1, Workers: 4
[86.007s][debug][gc,phases      ] GC(80)     Total                          Min: 0, Avg: 11404.8, Max: 45619, Diff: 45619, Sum: 45619, Workers: 4
[86.007s][debug][gc,phases      ] GC(80)   ResolvedMethodTable Weak       Min:  0.0, Avg:  0.0, Max:  0.1, Diff:  0.1, Sum:  0.1, Workers: 4
[86.007s][debug][gc,phases      ] GC(80)     Dead                           Min: 0, Avg: 11.0, Max: 44, Diff: 44, Sum: 44, Workers: 4
[86.007s][debug][gc,phases      ] GC(80)     Total                          Min: 0, Avg: 1963.0, Max: 7852, Diff: 7852, Sum: 7852, Workers: 4
[86.007s][debug][gc,phases      ] GC(80)   JNI Weak                       Min:  0.0, Avg:  0.0, Max:  0.0, Diff:  0.0, Sum:  0.0, Workers: 4
[86.007s][debug][gc,phases      ] GC(80)     Dead                           Min: 0, Avg:  0.0, Max: 0, Diff: 0, Sum: 0, Workers: 4
[86.007s][debug][gc,phases      ] GC(80)     Total                          Min: 0, Avg:  0.5, Max: 2, Diff: 2, Sum: 2, Workers: 4
[86.007s][debug][gc,phases      ] GC(80)   StringDedup Table Weak         Min:  0.0, Avg:  0.0, Max:  0.0, Diff:  0.0, Sum:  0.0, Workers: 4
[86.007s][debug][gc,phases      ] GC(80)     Dead                           Min: 0, Avg:  0.0, Max: 0, Diff: 0, Sum: 0, Workers: 4
[86.007s][debug][gc,phases      ] GC(80)     Total                          Min: 0, Avg:  0.0, Max: 0, Diff: 0, Sum: 0, Workers: 4
[86.007s][debug][gc,phases      ] GC(80)   StringDedup Requests0 Weak     Min:  0.0, Avg:  0.0, Max:  0.0, Diff:  0.0, Sum:  0.0, Workers: 4
[86.007s][debug][gc,phases      ] GC(80)     Dead                           Min: 0, Avg:  0.0, Max: 0, Diff: 0, Sum: 0, Workers: 4
[86.007s][debug][gc,phases      ] GC(80)     Total                          Min: 0, Avg:  0.0, Max: 0, Diff: 0, Sum: 0, Workers: 4
[86.007s][debug][gc,phases      ] GC(80)   StringDedup Requests1 Weak     Min:  0.0, Avg:  0.0, Max:  0.0, Diff:  0.0, Sum:  0.0, Workers: 4
[86.007s][debug][gc,phases      ] GC(80)     Dead                           Min: 0, Avg:  0.0, Max: 0, Diff: 0, Sum: 0, Workers: 4
[86.007s][debug][gc,phases      ] GC(80)     Total                          Min: 0, Avg:  0.0, Max: 0, Diff: 0, Sum: 0, Workers: 4
[86.007s][debug][gc,phases      ] GC(80)   Weak JFR Old Object Samples    Min:  0.0, Avg:  0.0, Max:  0.0, Diff:  0.0, Sum:  0.0, Workers: 4
[86.007s][debug][gc,phases      ] GC(80)     Dead                           Min: 0, Avg:  0.0, Max: 0, Diff: 0, Sum: 0, Workers: 4
[86.007s][debug][gc,phases      ] GC(80)     Total                          Min: 0, Avg:  0.0, Max: 0, Diff: 0, Sum: 0, Workers: 4
[86.007s][debug][gc,phases      ] GC(80) Weak Processing 0.917ms
[86.007s][debug][gc,age         ] GC(80) Desired survivor size 96993280 bytes, new threshold 15 (max threshold 15)
[86.007s][info ][gc,heap        ] GC(80) PSYoungGen: 1889072K(1979392K)->19184K(2002432K) Eden: 1869312K(1869312K)->0K(1900544K) From: 19760K(110080K)->19184K(101888K)
[86.007s][info ][gc,heap        ] GC(80) ParOldGen: 347624K(416256K)->349084K(416256K)
[86.007s][info ][gc,metaspace   ] GC(80) Metaspace: 75017K(75776K)->75017K(75776K) NonClass: 64253K(64640K)->64253K(64640K) Class: 10764K(11136K)->10764K(11136K)
[86.007s][info ][gc             ] GC(80) Pause Young (Allocation Failure) 2184M->359M(2362M) 43.392ms
[86.007s][info ][gc,cpu         ] GC(80) User=0.06s Sys=0.00s Real=0.04s
[86.007s][info ][safepoint      ] Safepoint "ParallelGCFailedAllocation", Time since last: 772112680 ns, Reaching safepoint: 5267626 ns, At safepoint: 43536213 ns, Total: 48803839 ns
[86.745s][info ][gc,start       ] GC(81) Pause Young (Allocation Failure)
[86.781s][debug][gc,phases      ] GC(81) Scavenge 35.938ms
[86.781s][debug][gc,ref         ] GC(81) Skipped phase 1 of Reference Processing: no references
[86.782s][debug][gc,ref         ] GC(81) ReferenceProcessor::execute queues: 1, RefProcThreadModel::Single, marks_oops_alive: false
[86.782s][debug][gc,ref         ] GC(81) Skipped phase 3 of Reference Processing: no references
[86.782s][debug][gc,ref         ] GC(81) ReferenceProcessor::execute queues: 1, RefProcThreadModel::Single, marks_oops_alive: false
[86.782s][debug][gc,phases      ] GC(81) Reference Processing 0.171ms
[86.782s][debug][gc,phases      ] GC(81)   VM Weak                        Min:  0.0, Avg:  0.0, Max:  0.0, Diff:  0.0, Sum:  0.0, Workers: 4
[86.782s][debug][gc,phases      ] GC(81)     Dead                           Min: 0, Avg:  0.0, Max: 0, Diff: 0, Sum: 0, Workers: 4
[86.782s][debug][gc,phases      ] GC(81)     Total                          Min: 0, Avg: 158.5, Max: 634, Diff: 634, Sum: 634, Workers: 4
[86.782s][debug][gc,phases      ] GC(81)   ObjectSynchronizer Weak        Min:  0.0, Avg:  0.0, Max:  0.0, Diff:  0.0, Sum:  0.0, Workers: 4
[86.782s][debug][gc,phases      ] GC(81)     Dead                           Min: 0, Avg:  0.0, Max: 0, Diff: 0, Sum: 0, Workers: 4
[86.782s][debug][gc,phases      ] GC(81)     Total                          Min: 0, Avg: 59.8, Max: 239, Diff: 239, Sum: 239, Workers: 4
[86.782s][debug][gc,phases      ] GC(81)   JVMTI Tag Weak OopStorage      Min:  0.0, Avg:  0.0, Max:  0.0, Diff:  0.0, Sum:  0.0, Workers: 4
[86.782s][debug][gc,phases      ] GC(81)     Dead                           Min: 0, Avg:  0.0, Max: 0, Diff: 0, Sum: 0, Workers: 4
[86.782s][debug][gc,phases      ] GC(81)     Total                          Min: 0, Avg:  0.0, Max: 0, Diff: 0, Sum: 0, Workers: 4
[86.782s][debug][gc,phases      ] GC(81)   StringTable Weak               Min:  0.0, Avg:  0.1, Max:  0.6, Diff:  0.6, Sum:  0.6, Workers: 4
[86.782s][debug][gc,phases      ] GC(81)     Dead                           Min: 0, Avg:  0.2, Max: 1, Diff: 1, Sum: 1, Workers: 4
[86.782s][debug][gc,phases      ] GC(81)     Total                          Min: 0, Avg: 11594.8, Max: 46379, Diff: 46379, Sum: 46379, Workers: 4
[86.782s][debug][gc,phases      ] GC(81)   ResolvedMethodTable Weak       Min:  0.0, Avg:  0.0, Max:  0.1, Diff:  0.1, Sum:  0.1, Workers: 4
[86.782s][debug][gc,phases      ] GC(81)     Dead                           Min: 0, Avg:  1.0, Max: 4, Diff: 4, Sum: 4, Workers: 4
[86.782s][debug][gc,phases      ] GC(81)     Total                          Min: 0, Avg: 1968.2, Max: 7873, Diff: 7873, Sum: 7873, Workers: 4
[86.782s][debug][gc,phases      ] GC(81)   JNI Weak                       Min:  0.0, Avg:  0.0, Max:  0.0, Diff:  0.0, Sum:  0.0, Workers: 4
[86.783s][debug][gc,phases      ] GC(81)     Dead                           Min: 0, Avg:  0.0, Max: 0, Diff: 0, Sum: 0, Workers: 4
[86.783s][debug][gc,phases      ] GC(81)     Total                          Min: 0, Avg:  0.2, Max: 1, Diff: 1, Sum: 1, Workers: 4
[86.783s][debug][gc,phases      ] GC(81)   StringDedup Table Weak         Min:  0.0, Avg:  0.0, Max:  0.0, Diff:  0.0, Sum:  0.0, Workers: 4
[86.783s][debug][gc,phases      ] GC(81)     Dead                           Min: 0, Avg:  0.0, Max: 0, Diff: 0, Sum: 0, Workers: 4
[86.783s][debug][gc,phases      ] GC(81)     Total                          Min: 0, Avg:  0.0, Max: 0, Diff: 0, Sum: 0, Workers: 4
[86.783s][debug][gc,phases      ] GC(81)   StringDedup Requests0 Weak     Min:  0.0, Avg:  0.0, Max:  0.0, Diff:  0.0, Sum:  0.0, Workers: 4
[86.783s][debug][gc,phases      ] GC(81)     Dead                           Min: 0, Avg:  0.0, Max: 0, Diff: 0, Sum: 0, Workers: 4
[86.783s][debug][gc,phases      ] GC(81)     Total                          Min: 0, Avg:  0.0, Max: 0, Diff: 0, Sum: 0, Workers: 4
[86.783s][debug][gc,phases      ] GC(81)   StringDedup Requests1 Weak     Min:  0.0, Avg:  0.0, Max:  0.0, Diff:  0.0, Sum:  0.0, Workers: 4
[86.783s][debug][gc,phases      ] GC(81)     Dead                           Min: 0, Avg:  0.0, Max: 0, Diff: 0, Sum: 0, Workers: 4
[86.783s][debug][gc,phases      ] GC(81)     Total                          Min: 0, Avg:  0.0, Max: 0, Diff: 0, Sum: 0, Workers: 4
[86.783s][debug][gc,phases      ] GC(81)   Weak JFR Old Object Samples    Min:  0.0, Avg:  0.0, Max:  0.0, Diff:  0.0, Sum:  0.0, Workers: 4
[86.783s][debug][gc,phases      ] GC(81)     Dead                           Min: 0, Avg:  0.0, Max: 0, Diff: 0, Sum: 0, Workers: 4
[86.783s][debug][gc,phases      ] GC(81)     Total                          Min: 0, Avg:  0.0, Max: 0, Diff: 0, Sum: 0, Workers: 4
[86.783s][debug][gc,phases      ] GC(81) Weak Processing 0.936ms
[86.783s][debug][gc,age         ] GC(81) Desired survivor size 90177536 bytes, new threshold 15 (max threshold 15)
[86.783s][info ][gc,heap        ] GC(81) PSYoungGen: 1919728K(2002432K)->20037K(1995264K) Eden: 1900544K(1900544K)->0K(1900544K) From: 19184K(101888K)->20037K(94720K)
[86.783s][info ][gc,heap        ] GC(81) ParOldGen: 349084K(416256K)->349980K(416256K)
[86.783s][info ][gc,metaspace   ] GC(81) Metaspace: 78271K(79104K)->78271K(79104K) NonClass: 67087K(67520K)->67087K(67520K) Class: 11184K(11584K)->11184K(11584K)
[86.783s][info ][gc             ] GC(81) Pause Young (Allocation Failure) 2215M->361M(2355M) 37.221ms
[86.783s][info ][gc,cpu         ] GC(81) User=0.08s Sys=0.00s Real=0.04s
[86.783s][info ][safepoint      ] Safepoint "ParallelGCFailedAllocation", Time since last: 727293258 ns, Reaching safepoint: 11028254 ns, At safepoint: 37347182 ns, Total: 48375436 ns
[87.526s][info ][safepoint      ] Safepoint "ICBufferFull", Time since last: 733158885 ns, Reaching safepoint: 10585552 ns, At safepoint: 28500 ns, Total: 10614052 ns
[87.561s][info ][safepoint      ] Safepoint "ICBufferFull", Time since last: 22892312 ns, Reaching safepoint: 11999459 ns, At safepoint: 56100 ns, Total: 12055559 ns
[87.593s][info ][safepoint      ] Safepoint "ICBufferFull", Time since last: 13833567 ns, Reaching safepoint: 17847288 ns, At safepoint: 57500 ns, Total: 17904788 ns
[87.801s][info ][gc,start       ] GC(82) Pause Young (Allocation Failure)
[87.845s][debug][gc,phases      ] GC(82) Scavenge 43.920ms
[87.845s][debug][gc,ref         ] GC(82) Skipped phase 1 of Reference Processing: no references
[87.846s][debug][gc,ref         ] GC(82) ReferenceProcessor::execute queues: 1, RefProcThreadModel::Single, marks_oops_alive: false
[87.846s][debug][gc,ref         ] GC(82) Skipped phase 3 of Reference Processing: no references
[87.846s][debug][gc,ref         ] GC(82) ReferenceProcessor::execute queues: 1, RefProcThreadModel::Single, marks_oops_alive: false
[87.846s][debug][gc,phases      ] GC(82) Reference Processing 0.205ms
[87.848s][debug][gc,phases      ] GC(82)   VM Weak                        Min:  0.0, Avg:  0.0, Max:  0.0, Diff:  0.0, Sum:  0.0, Workers: 4
[87.848s][debug][gc,phases      ] GC(82)     Dead                           Min: 0, Avg:  0.0, Max: 0, Diff: 0, Sum: 0, Workers: 4
[87.848s][debug][gc,phases      ] GC(82)     Total                          Min: 0, Avg: 158.8, Max: 635, Diff: 635, Sum: 635, Workers: 4
[87.848s][debug][gc,phases      ] GC(82)   ObjectSynchronizer Weak        Min:  0.0, Avg:  0.0, Max:  0.0, Diff:  0.0, Sum:  0.0, Workers: 4
[87.848s][debug][gc,phases      ] GC(82)     Dead                           Min: 0, Avg:  0.2, Max: 1, Diff: 1, Sum: 1, Workers: 4
[87.849s][debug][gc,phases      ] GC(82)     Total                          Min: 0, Avg: 60.2, Max: 241, Diff: 241, Sum: 241, Workers: 4
[87.849s][debug][gc,phases      ] GC(82)   JVMTI Tag Weak OopStorage      Min:  0.0, Avg:  0.0, Max:  0.0, Diff:  0.0, Sum:  0.0, Workers: 4
[87.849s][debug][gc,phases      ] GC(82)     Dead                           Min: 0, Avg:  0.0, Max: 0, Diff: 0, Sum: 0, Workers: 4
[87.849s][debug][gc,phases      ] GC(82)     Total                          Min: 0, Avg:  0.0, Max: 0, Diff: 0, Sum: 0, Workers: 4
[87.849s][debug][gc,phases      ] GC(82)   StringTable Weak               Min:  0.2, Avg:  0.2, Max:  0.2, Diff:  0.0, Sum:  0.7, Workers: 4
[87.849s][debug][gc,phases      ] GC(82)     Dead                           Min: 0, Avg:  0.8, Max: 2, Diff: 2, Sum: 3, Workers: 4
[87.849s][debug][gc,phases      ] GC(82)     Total                          Min: 10368, Avg: 11667.5, Max: 12736, Diff: 2368, Sum: 46670, Workers: 4
[87.849s][debug][gc,phases      ] GC(82)   ResolvedMethodTable Weak       Min:  0.0, Avg:  0.0, Max:  0.0, Diff:  0.0, Sum:  0.1, Workers: 4
[87.849s][debug][gc,phases      ] GC(82)     Dead                           Min: 1, Avg:  8.5, Max: 30, Diff: 29, Sum: 34, Workers: 4
[87.849s][debug][gc,phases      ] GC(82)     Total                          Min: 1899, Avg: 1994.0, Max: 2240, Diff: 341, Sum: 7976, Workers: 4
[87.849s][debug][gc,phases      ] GC(82)   JNI Weak                       Min:  0.0, Avg:  0.0, Max:  0.0, Diff:  0.0, Sum:  0.0, Workers: 4
[87.849s][debug][gc,phases      ] GC(82)     Dead                           Min: 0, Avg:  0.0, Max: 0, Diff: 0, Sum: 0, Workers: 4
[87.849s][debug][gc,phases      ] GC(82)     Total                          Min: 0, Avg:  6.5, Max: 26, Diff: 26, Sum: 26, Workers: 4
[87.849s][debug][gc,phases      ] GC(82)   StringDedup Table Weak         Min:  0.0, Avg:  0.0, Max:  0.0, Diff:  0.0, Sum:  0.0, Workers: 4
[87.849s][debug][gc,phases      ] GC(82)     Dead                           Min: 0, Avg:  0.0, Max: 0, Diff: 0, Sum: 0, Workers: 4
[87.849s][debug][gc,phases      ] GC(82)     Total                          Min: 0, Avg:  0.0, Max: 0, Diff: 0, Sum: 0, Workers: 4
[87.849s][debug][gc,phases      ] GC(82)   StringDedup Requests0 Weak     Min:  0.0, Avg:  0.0, Max:  0.0, Diff:  0.0, Sum:  0.0, Workers: 4
[87.849s][debug][gc,phases      ] GC(82)     Dead                           Min: 0, Avg:  0.0, Max: 0, Diff: 0, Sum: 0, Workers: 4
[87.849s][debug][gc,phases      ] GC(82)     Total                          Min: 0, Avg:  0.0, Max: 0, Diff: 0, Sum: 0, Workers: 4
[87.849s][debug][gc,phases      ] GC(82)   StringDedup Requests1 Weak     Min:  0.0, Avg:  0.0, Max:  0.0, Diff:  0.0, Sum:  0.0, Workers: 4
[87.849s][debug][gc,phases      ] GC(82)     Dead                           Min: 0, Avg:  0.0, Max: 0, Diff: 0, Sum: 0, Workers: 4
[87.849s][debug][gc,phases      ] GC(82)     Total                          Min: 0, Avg:  0.0, Max: 0, Diff: 0, Sum: 0, Workers: 4
[87.849s][debug][gc,phases      ] GC(82)   Weak JFR Old Object Samples    Min:  0.0, Avg:  0.0, Max:  0.0, Diff:  0.0, Sum:  0.0, Workers: 4
[87.849s][debug][gc,phases      ] GC(82)     Dead                           Min: 0, Avg:  0.0, Max: 0, Diff: 0, Sum: 0, Workers: 4
[87.849s][debug][gc,phases      ] GC(82)     Total                          Min: 0, Avg:  0.0, Max: 0, Diff: 0, Sum: 0, Workers: 4
[87.849s][debug][gc,phases      ] GC(82) Weak Processing 2.962ms
[87.849s][debug][gc,age         ] GC(82) Desired survivor size 84410368 bytes, new threshold 15 (max threshold 15)
[87.849s][info ][gc,heap        ] GC(82) PSYoungGen: 1920581K(1995264K)->25397K(2014720K) Eden: 1900544K(1900544K)->0K(1926656K) From: 20037K(94720K)->25397K(88064K)
[87.849s][info ][gc,heap        ] GC(82) ParOldGen: 349980K(416256K)->350544K(416256K)
[87.849s][info ][gc,metaspace   ] GC(82) Metaspace: 79389K(80128K)->79389K(80128K) NonClass: 68065K(68480K)->68065K(68480K) Class: 11324K(11648K)->11324K(11648K)
[87.849s][info ][gc             ] GC(82) Pause Young (Allocation Failure) 2217M->367M(2374M) 47.248ms
[87.849s][info ][gc,cpu         ] GC(82) User=0.07s Sys=0.00s Real=0.04s
[87.849s][info ][safepoint      ] Safepoint "ParallelGCFailedAllocation", Time since last: 194925553 ns, Reaching safepoint: 13266864 ns, At safepoint: 47374832 ns, Total: 60641696 ns
[88.247s][info ][safepoint      ] Safepoint "ICBufferFull", Time since last: 398137846 ns, Reaching safepoint: 308601 ns, At safepoint: 22300 ns, Total: 330901 ns
[88.442s][info ][safepoint      ] Safepoint "ICBufferFull", Time since last: 186712212 ns, Reaching safepoint: 8022939 ns, At safepoint: 26500 ns, Total: 8049439 ns
[88.770s][info ][gc,start       ] GC(83) Pause Young (Allocation Failure)
[88.804s][debug][gc,phases      ] GC(83) Scavenge 33.496ms
[88.804s][debug][gc,ref         ] GC(83) Skipped phase 1 of Reference Processing: no references
[88.804s][debug][gc,ref         ] GC(83) ReferenceProcessor::execute queues: 1, RefProcThreadModel::Single, marks_oops_alive: false
[88.804s][debug][gc,ref         ] GC(83) Skipped phase 3 of Reference Processing: no references
[88.804s][debug][gc,ref         ] GC(83) ReferenceProcessor::execute queues: 1, RefProcThreadModel::Single, marks_oops_alive: false
[88.804s][debug][gc,phases      ] GC(83) Reference Processing 0.188ms
[88.805s][debug][gc,phases      ] GC(83)   VM Weak                        Min:  0.0, Avg:  0.0, Max:  0.0, Diff:  0.0, Sum:  0.0, Workers: 4
[88.805s][debug][gc,phases      ] GC(83)     Dead                           Min: 0, Avg:  0.0, Max: 0, Diff: 0, Sum: 0, Workers: 4
[88.805s][debug][gc,phases      ] GC(83)     Total                          Min: 0, Avg: 162.5, Max: 650, Diff: 650, Sum: 650, Workers: 4
[88.805s][debug][gc,phases      ] GC(83)   ObjectSynchronizer Weak        Min:  0.0, Avg:  0.0, Max:  0.0, Diff:  0.0, Sum:  0.0, Workers: 4
[88.805s][debug][gc,phases      ] GC(83)     Dead                           Min: 0, Avg:  0.0, Max: 0, Diff: 0, Sum: 0, Workers: 4
[88.805s][debug][gc,phases      ] GC(83)     Total                          Min: 0, Avg: 60.5, Max: 242, Diff: 242, Sum: 242, Workers: 4
[88.805s][debug][gc,phases      ] GC(83)   JVMTI Tag Weak OopStorage      Min:  0.0, Avg:  0.0, Max:  0.0, Diff:  0.0, Sum:  0.0, Workers: 4
[88.805s][debug][gc,phases      ] GC(83)     Dead                           Min: 0, Avg:  0.0, Max: 0, Diff: 0, Sum: 0, Workers: 4
[88.805s][debug][gc,phases      ] GC(83)     Total                          Min: 0, Avg:  0.0, Max: 0, Diff: 0, Sum: 0, Workers: 4
[88.805s][debug][gc,phases      ] GC(83)   StringTable Weak               Min:  0.0, Avg:  0.1, Max:  0.5, Diff:  0.5, Sum:  0.5, Workers: 4
[88.805s][debug][gc,phases      ] GC(83)     Dead                           Min: 0, Avg:  0.2, Max: 1, Diff: 1, Sum: 1, Workers: 4
[88.805s][debug][gc,phases      ] GC(83)     Total                          Min: 0, Avg: 11695.2, Max: 46781, Diff: 46781, Sum: 46781, Workers: 4
[88.805s][debug][gc,phases      ] GC(83)   ResolvedMethodTable Weak       Min:  0.0, Avg:  0.0, Max:  0.1, Diff:  0.1, Sum:  0.1, Workers: 4
[88.805s][debug][gc,phases      ] GC(83)     Dead                           Min: 0, Avg:  7.5, Max: 30, Diff: 30, Sum: 30, Workers: 4
[88.805s][debug][gc,phases      ] GC(83)     Total                          Min: 0, Avg: 2026.2, Max: 8105, Diff: 8105, Sum: 8105, Workers: 4
[88.805s][debug][gc,phases      ] GC(83)   JNI Weak                       Min:  0.0, Avg:  0.0, Max:  0.0, Diff:  0.0, Sum:  0.0, Workers: 4
[88.805s][debug][gc,phases      ] GC(83)     Dead                           Min: 0, Avg:  0.0, Max: 0, Diff: 0, Sum: 0, Workers: 4
[88.805s][debug][gc,phases      ] GC(83)     Total                          Min: 0, Avg: 10.0, Max: 40, Diff: 40, Sum: 40, Workers: 4
[88.805s][debug][gc,phases      ] GC(83)   StringDedup Table Weak         Min:  0.0, Avg:  0.0, Max:  0.0, Diff:  0.0, Sum:  0.0, Workers: 4
[88.805s][debug][gc,phases      ] GC(83)     Dead                           Min: 0, Avg:  0.0, Max: 0, Diff: 0, Sum: 0, Workers: 4
[88.805s][debug][gc,phases      ] GC(83)     Total                          Min: 0, Avg:  0.0, Max: 0, Diff: 0, Sum: 0, Workers: 4
[88.805s][debug][gc,phases      ] GC(83)   StringDedup Requests0 Weak     Min:  0.0, Avg:  0.0, Max:  0.0, Diff:  0.0, Sum:  0.0, Workers: 4
[88.805s][debug][gc,phases      ] GC(83)     Dead                           Min: 0, Avg:  0.0, Max: 0, Diff: 0, Sum: 0, Workers: 4
[88.805s][debug][gc,phases      ] GC(83)     Total                          Min: 0, Avg:  0.0, Max: 0, Diff: 0, Sum: 0, Workers: 4
[88.805s][debug][gc,phases      ] GC(83)   StringDedup Requests1 Weak     Min:  0.0, Avg:  0.0, Max:  0.0, Diff:  0.0, Sum:  0.0, Workers: 4
[88.805s][debug][gc,phases      ] GC(83)     Dead                           Min: 0, Avg:  0.0, Max: 0, Diff: 0, Sum: 0, Workers: 4
[88.805s][debug][gc,phases      ] GC(83)     Total                          Min: 0, Avg:  0.0, Max: 0, Diff: 0, Sum: 0, Workers: 4
[88.805s][debug][gc,phases      ] GC(83)   Weak JFR Old Object Samples    Min:  0.0, Avg:  0.0, Max:  0.0, Diff:  0.0, Sum:  0.0, Workers: 4
[88.805s][debug][gc,phases      ] GC(83)     Dead                           Min: 0, Avg:  0.0, Max: 0, Diff: 0, Sum: 0, Workers: 4
[88.805s][debug][gc,phases      ] GC(83)     Total                          Min: 0, Avg:  0.0, Max: 0, Diff: 0, Sum: 0, Workers: 4
[88.805s][debug][gc,phases      ] GC(83) Weak Processing 0.871ms
[88.805s][debug][gc,age         ] GC(83) Desired survivor size 87556096 bytes, new threshold 15 (max threshold 15)
[88.805s][info ][gc,heap        ] GC(83) PSYoungGen: 1952053K(2014720K)->46812K(2009088K) Eden: 1926656K(1926656K)->0K(1926656K) From: 25397K(88064K)->46812K(82432K)
[88.805s][info ][gc,heap        ] GC(83) ParOldGen: 350544K(416256K)->350944K(416256K)
[88.805s][info ][gc,metaspace   ] GC(83) Metaspace: 80022K(80832K)->80022K(80832K) NonClass: 68608K(69056K)->68608K(69056K) Class: 11414K(11776K)->11414K(11776K)
[88.805s][info ][gc             ] GC(83) Pause Young (Allocation Failure) 2248M->388M(2368M) 34.719ms
[88.805s][info ][gc,cpu         ] GC(83) User=0.09s Sys=0.00s Real=0.03s
[88.805s][info ][safepoint      ] Safepoint "ParallelGCFailedAllocation", Time since last: 325873492 ns, Reaching safepoint: 2281411 ns, At safepoint: 34857670 ns, Total: 37139081 ns
[89.646s][info ][gc,start       ] GC(84) Pause Young (Allocation Failure)
[89.686s][debug][gc,phases      ] GC(84) Scavenge 38.990ms
[89.686s][debug][gc,ref         ] GC(84) Skipped phase 1 of Reference Processing: no references
[89.686s][debug][gc,ref         ] GC(84) ReferenceProcessor::execute queues: 1, RefProcThreadModel::Single, marks_oops_alive: false
[89.686s][debug][gc,ref         ] GC(84) Skipped phase 3 of Reference Processing: no references
[89.686s][debug][gc,ref         ] GC(84) ReferenceProcessor::execute queues: 1, RefProcThreadModel::Single, marks_oops_alive: false
[89.686s][debug][gc,phases      ] GC(84) Reference Processing 0.260ms
[89.690s][debug][gc,phases      ] GC(84)   VM Weak                        Min:  0.0, Avg:  0.0, Max:  0.0, Diff:  0.0, Sum:  0.0, Workers: 4
[89.690s][debug][gc,phases      ] GC(84)     Dead                           Min: 0, Avg:  0.0, Max: 0, Diff: 0, Sum: 0, Workers: 4
[89.690s][debug][gc,phases      ] GC(84)     Total                          Min: 0, Avg: 162.5, Max: 650, Diff: 650, Sum: 650, Workers: 4
[89.690s][debug][gc,phases      ] GC(84)   ObjectSynchronizer Weak        Min:  0.0, Avg:  0.0, Max:  0.0, Diff:  0.0, Sum:  0.0, Workers: 4
[89.690s][debug][gc,phases      ] GC(84)     Dead                           Min: 0, Avg:  0.0, Max: 0, Diff: 0, Sum: 0, Workers: 4
[89.690s][debug][gc,phases      ] GC(84)     Total                          Min: 0, Avg: 60.5, Max: 242, Diff: 242, Sum: 242, Workers: 4
[89.690s][debug][gc,phases      ] GC(84)   JVMTI Tag Weak OopStorage      Min:  0.0, Avg:  0.0, Max:  0.0, Diff:  0.0, Sum:  0.0, Workers: 4
[89.690s][debug][gc,phases      ] GC(84)     Dead                           Min: 0, Avg:  0.0, Max: 0, Diff: 0, Sum: 0, Workers: 4
[89.690s][debug][gc,phases      ] GC(84)     Total                          Min: 0, Avg:  0.0, Max: 0, Diff: 0, Sum: 0, Workers: 4
[89.690s][debug][gc,phases      ] GC(84)   StringTable Weak               Min:  0.0, Avg:  0.2, Max:  0.4, Diff:  0.4, Sum:  0.6, Workers: 4
[89.690s][debug][gc,phases      ] GC(84)     Dead                           Min: 0, Avg:  0.0, Max: 0, Diff: 0, Sum: 0, Workers: 4
[89.690s][debug][gc,phases      ] GC(84)     Total                          Min: 0, Avg: 11706.2, Max: 34048, Diff: 34048, Sum: 46825, Workers: 4
[89.690s][debug][gc,phases      ] GC(84)   ResolvedMethodTable Weak       Min:  0.0, Avg:  0.0, Max:  0.0, Diff:  0.0, Sum:  0.1, Workers: 4
[89.690s][debug][gc,phases      ] GC(84)     Dead                           Min: 0, Avg:  0.0, Max: 0, Diff: 0, Sum: 0, Workers: 4
[89.690s][debug][gc,phases      ] GC(84)     Total                          Min: 0, Avg: 2026.8, Max: 2872, Diff: 2872, Sum: 8107, Workers: 4
[89.690s][debug][gc,phases      ] GC(84)   JNI Weak                       Min:  0.0, Avg:  0.0, Max:  0.0, Diff:  0.0, Sum:  0.0, Workers: 4
[89.690s][debug][gc,phases      ] GC(84)     Dead                           Min: 0, Avg:  0.0, Max: 0, Diff: 0, Sum: 0, Workers: 4
[89.690s][debug][gc,phases      ] GC(84)     Total                          Min: 0, Avg: 17.8, Max: 71, Diff: 71, Sum: 71, Workers: 4
[89.690s][debug][gc,phases      ] GC(84)   StringDedup Table Weak         Min:  0.0, Avg:  0.0, Max:  0.0, Diff:  0.0, Sum:  0.0, Workers: 4
[89.690s][debug][gc,phases      ] GC(84)     Dead                           Min: 0, Avg:  0.0, Max: 0, Diff: 0, Sum: 0, Workers: 4
[89.690s][debug][gc,phases      ] GC(84)     Total                          Min: 0, Avg:  0.0, Max: 0, Diff: 0, Sum: 0, Workers: 4
[89.690s][debug][gc,phases      ] GC(84)   StringDedup Requests0 Weak     Min:  0.0, Avg:  0.0, Max:  0.0, Diff:  0.0, Sum:  0.0, Workers: 4
[89.690s][debug][gc,phases      ] GC(84)     Dead                           Min: 0, Avg:  0.0, Max: 0, Diff: 0, Sum: 0, Workers: 4
[89.690s][debug][gc,phases      ] GC(84)     Total                          Min: 0, Avg:  0.0, Max: 0, Diff: 0, Sum: 0, Workers: 4
[89.690s][debug][gc,phases      ] GC(84)   StringDedup Requests1 Weak     Min:  0.0, Avg:  0.0, Max:  0.0, Diff:  0.0, Sum:  0.0, Workers: 4
[89.690s][debug][gc,phases      ] GC(84)     Dead                           Min: 0, Avg:  0.0, Max: 0, Diff: 0, Sum: 0, Workers: 4
[89.690s][debug][gc,phases      ] GC(84)     Total                          Min: 0, Avg:  0.0, Max: 0, Diff: 0, Sum: 0, Workers: 4
[89.690s][debug][gc,phases      ] GC(84)   Weak JFR Old Object Samples    Min:  0.0, Avg:  0.0, Max:  0.0, Diff:  0.0, Sum:  0.0, Workers: 4
[89.690s][debug][gc,phases      ] GC(84)     Dead                           Min: 0, Avg:  0.0, Max: 0, Diff: 0, Sum: 0, Workers: 4
[89.690s][debug][gc,phases      ] GC(84)     Total                          Min: 0, Avg:  0.0, Max: 0, Diff: 0, Sum: 0, Workers: 4
[89.690s][debug][gc,phases      ] GC(84) Weak Processing 4.110ms
[89.690s][debug][gc,age         ] GC(84) Desired survivor size 90177536 bytes, new threshold 15 (max threshold 15)
[89.690s][info ][gc,heap        ] GC(84) PSYoungGen: 1973468K(2009088K)->48171K(2006528K) Eden: 1926656K(1926656K)->0K(1921024K) From: 46812K(82432K)->48171K(85504K)
[89.690s][info ][gc,heap        ] GC(84) ParOldGen: 350944K(416256K)->351397K(416256K)
[89.690s][info ][gc,metaspace   ] GC(84) Metaspace: 80226K(81024K)->80226K(81024K) NonClass: 68809K(69248K)->68809K(69248K) Class: 11417K(11776K)->11417K(11776K)
[89.690s][info ][gc             ] GC(84) Pause Young (Allocation Failure) 2269M->390M(2366M) 43.568ms
[89.690s][info ][gc,cpu         ] GC(84) User=0.08s Sys=0.00s Real=0.05s
[89.690s][info ][safepoint      ] Safepoint "ParallelGCFailedAllocation", Time since last: 832397663 ns, Reaching safepoint: 9008544 ns, At safepoint: 43700913 ns, Total: 52709457 ns
[90.518s][info ][safepoint      ] Safepoint "ICBufferFull", Time since last: 819296097 ns, Reaching safepoint: 9013944 ns, At safepoint: 31300 ns, Total: 9045244 ns
[90.535s][info ][gc,start       ] GC(85) Pause Young (Allocation Failure)
[90.581s][debug][gc,phases      ] GC(85) Scavenge 46.234ms
[90.581s][debug][gc,ref         ] GC(85) Skipped phase 1 of Reference Processing: no references
[90.581s][debug][gc,ref         ] GC(85) ReferenceProcessor::execute queues: 1, RefProcThreadModel::Single, marks_oops_alive: false
[90.581s][debug][gc,ref         ] GC(85) Skipped phase 3 of Reference Processing: no references
[90.581s][debug][gc,ref         ] GC(85) ReferenceProcessor::execute queues: 1, RefProcThreadModel::Single, marks_oops_alive: false
[90.581s][debug][gc,phases      ] GC(85) Reference Processing 0.144ms
[90.581s][debug][gc,phases      ] GC(85)   VM Weak                        Min:  0.0, Avg:  0.0, Max:  0.0, Diff:  0.0, Sum:  0.0, Workers: 4
[90.581s][debug][gc,phases      ] GC(85)     Dead                           Min: 0, Avg:  0.0, Max: 0, Diff: 0, Sum: 0, Workers: 4
[90.581s][debug][gc,phases      ] GC(85)     Total                          Min: 0, Avg: 163.5, Max: 526, Diff: 526, Sum: 654, Workers: 4
[90.581s][debug][gc,phases      ] GC(85)   ObjectSynchronizer Weak        Min:  0.0, Avg:  0.0, Max:  0.0, Diff:  0.0, Sum:  0.0, Workers: 4
[90.581s][debug][gc,phases      ] GC(85)     Dead                           Min: 0, Avg:  0.0, Max: 0, Diff: 0, Sum: 0, Workers: 4
[90.581s][debug][gc,phases      ] GC(85)     Total                          Min: 0, Avg: 60.5, Max: 178, Diff: 178, Sum: 242, Workers: 4
[90.581s][debug][gc,phases      ] GC(85)   JVMTI Tag Weak OopStorage      Min:  0.0, Avg:  0.0, Max:  0.0, Diff:  0.0, Sum:  0.0, Workers: 4
[90.581s][debug][gc,phases      ] GC(85)     Dead                           Min: 0, Avg:  0.0, Max: 0, Diff: 0, Sum: 0, Workers: 4
[90.581s][debug][gc,phases      ] GC(85)     Total                          Min: 0, Avg:  0.0, Max: 0, Diff: 0, Sum: 0, Workers: 4
[90.581s][debug][gc,phases      ] GC(85)   StringTable Weak               Min:  0.0, Avg:  0.1, Max:  0.2, Diff:  0.2, Sum:  0.5, Workers: 4
[90.581s][debug][gc,phases      ] GC(85)     Dead                           Min: 0, Avg:  0.0, Max: 0, Diff: 0, Sum: 0, Workers: 4
[90.581s][debug][gc,phases      ] GC(85)     Total                          Min: 0, Avg: 11707.8, Max: 17263, Diff: 17263, Sum: 46831, Workers: 4
[90.581s][debug][gc,phases      ] GC(85)   ResolvedMethodTable Weak       Min:  0.0, Avg:  0.0, Max:  0.0, Diff:  0.0, Sum:  0.1, Workers: 4
[90.581s][debug][gc,phases      ] GC(85)     Dead                           Min: 0, Avg:  0.0, Max: 0, Diff: 0, Sum: 0, Workers: 4
[90.581s][debug][gc,phases      ] GC(85)     Total                          Min: 0, Avg: 2032.5, Max: 3330, Diff: 3330, Sum: 8130, Workers: 4
[90.581s][debug][gc,phases      ] GC(85)   JNI Weak                       Min:  0.0, Avg:  0.0, Max:  0.0, Diff:  0.0, Sum:  0.0, Workers: 4
[90.581s][debug][gc,phases      ] GC(85)     Dead                           Min: 0, Avg:  0.0, Max: 0, Diff: 0, Sum: 0, Workers: 4
[90.581s][debug][gc,phases      ] GC(85)     Total                          Min: 0, Avg: 15.5, Max: 43, Diff: 43, Sum: 62, Workers: 4
[90.581s][debug][gc,phases      ] GC(85)   StringDedup Table Weak         Min:  0.0, Avg:  0.0, Max:  0.0, Diff:  0.0, Sum:  0.0, Workers: 4
[90.581s][debug][gc,phases      ] GC(85)     Dead                           Min: 0, Avg:  0.0, Max: 0, Diff: 0, Sum: 0, Workers: 4
[90.581s][debug][gc,phases      ] GC(85)     Total                          Min: 0, Avg:  0.0, Max: 0, Diff: 0, Sum: 0, Workers: 4
[90.581s][debug][gc,phases      ] GC(85)   StringDedup Requests0 Weak     Min:  0.0, Avg:  0.0, Max:  0.0, Diff:  0.0, Sum:  0.0, Workers: 4
[90.581s][debug][gc,phases      ] GC(85)     Dead                           Min: 0, Avg:  0.0, Max: 0, Diff: 0, Sum: 0, Workers: 4
[90.581s][debug][gc,phases      ] GC(85)     Total                          Min: 0, Avg:  0.0, Max: 0, Diff: 0, Sum: 0, Workers: 4
[90.581s][debug][gc,phases      ] GC(85)   StringDedup Requests1 Weak     Min:  0.0, Avg:  0.0, Max:  0.0, Diff:  0.0, Sum:  0.0, Workers: 4
[90.581s][debug][gc,phases      ] GC(85)     Dead                           Min: 0, Avg:  0.0, Max: 0, Diff: 0, Sum: 0, Workers: 4
[90.581s][debug][gc,phases      ] GC(85)     Total                          Min: 0, Avg:  0.0, Max: 0, Diff: 0, Sum: 0, Workers: 4
[90.581s][debug][gc,phases      ] GC(85)   Weak JFR Old Object Samples    Min:  0.0, Avg:  0.0, Max:  0.0, Diff:  0.0, Sum:  0.0, Workers: 4
[90.581s][debug][gc,phases      ] GC(85)     Dead                           Min: 0, Avg:  0.0, Max: 0, Diff: 0, Sum: 0, Workers: 4
[90.581s][debug][gc,phases      ] GC(85)     Total                          Min: 0, Avg:  0.0, Max: 0, Diff: 0, Sum: 0, Workers: 4
[90.581s][debug][gc,phases      ] GC(85) Weak Processing 0.478ms
[90.582s][debug][gc,age         ] GC(85) Desired survivor size 90177536 bytes, new threshold 15 (max threshold 15)
[90.582s][info ][gc,heap        ] GC(85) PSYoungGen: 1969195K(2006528K)->44131K(2009088K) Eden: 1921024K(1921024K)->0K(1921024K) From: 48171K(85504K)->44131K(88064K)
[90.582s][info ][gc,heap        ] GC(85) ParOldGen: 351397K(416256K)->351629K(416256K)
[90.582s][info ][gc,metaspace   ] GC(85) Metaspace: 80344K(81088K)->80344K(81088K) NonClass: 68913K(69312K)->68913K(69312K) Class: 11431K(11776K)->11431K(11776K)
[90.582s][info ][gc             ] GC(85) Pause Young (Allocation Failure) 2266M->386M(2368M) 47.010ms
[90.582s][info ][gc,cpu         ] GC(85) User=0.08s Sys=0.00s Real=0.05s
[90.582s][info ][safepoint      ] Safepoint "ParallelGCFailedAllocation", Time since last: 9578347 ns, Reaching safepoint: 6477531 ns, At safepoint: 47142330 ns, Total: 53619861 ns
[90.979s][info ][safepoint      ] Safepoint "ICBufferFull", Time since last: 390088502 ns, Reaching safepoint: 6857934 ns, At safepoint: 28400 ns, Total: 6886334 ns
[91.466s][info ][gc,start       ] GC(86) Pause Young (Allocation Failure)
[91.520s][debug][gc,phases      ] GC(86) Scavenge 54.308ms
[91.520s][debug][gc,ref         ] GC(86) Skipped phase 1 of Reference Processing: no references
[91.520s][debug][gc,ref         ] GC(86) ReferenceProcessor::execute queues: 1, RefProcThreadModel::Single, marks_oops_alive: false
[91.520s][debug][gc,ref         ] GC(86) Skipped phase 3 of Reference Processing: no references
[91.520s][debug][gc,ref         ] GC(86) ReferenceProcessor::execute queues: 1, RefProcThreadModel::Single, marks_oops_alive: false
[91.520s][debug][gc,phases      ] GC(86) Reference Processing 0.181ms
[91.521s][debug][gc,phases      ] GC(86)   VM Weak                        Min:  0.0, Avg:  0.0, Max:  0.0, Diff:  0.0, Sum:  0.0, Workers: 4
[91.521s][debug][gc,phases      ] GC(86)     Dead                           Min: 0, Avg:  0.0, Max: 0, Diff: 0, Sum: 0, Workers: 4
[91.521s][debug][gc,phases      ] GC(86)     Total                          Min: 0, Avg: 163.5, Max: 654, Diff: 654, Sum: 654, Workers: 4
[91.521s][debug][gc,phases      ] GC(86)   ObjectSynchronizer Weak        Min:  0.0, Avg:  0.0, Max:  0.0, Diff:  0.0, Sum:  0.0, Workers: 4
[91.521s][debug][gc,phases      ] GC(86)     Dead                           Min: 0, Avg:  0.0, Max: 0, Diff: 0, Sum: 0, Workers: 4
[91.521s][debug][gc,phases      ] GC(86)     Total                          Min: 0, Avg: 60.5, Max: 242, Diff: 242, Sum: 242, Workers: 4
[91.521s][debug][gc,phases      ] GC(86)   JVMTI Tag Weak OopStorage      Min:  0.0, Avg:  0.0, Max:  0.0, Diff:  0.0, Sum:  0.0, Workers: 4
[91.521s][debug][gc,phases      ] GC(86)     Dead                           Min: 0, Avg:  0.0, Max: 0, Diff: 0, Sum: 0, Workers: 4
[91.521s][debug][gc,phases      ] GC(86)     Total                          Min: 0, Avg:  0.0, Max: 0, Diff: 0, Sum: 0, Workers: 4
[91.521s][debug][gc,phases      ] GC(86)   StringTable Weak               Min:  0.0, Avg:  0.2, Max:  0.6, Diff:  0.6, Sum:  0.6, Workers: 4
[91.521s][debug][gc,phases      ] GC(86)     Dead                           Min: 0, Avg:  0.0, Max: 0, Diff: 0, Sum: 0, Workers: 4
[91.521s][debug][gc,phases      ] GC(86)     Total                          Min: 0, Avg: 11710.8, Max: 46843, Diff: 46843, Sum: 46843, Workers: 4
[91.521s][debug][gc,phases      ] GC(86)   ResolvedMethodTable Weak       Min:  0.0, Avg:  0.0, Max:  0.1, Diff:  0.1, Sum:  0.1, Workers: 4
[91.521s][debug][gc,phases      ] GC(86)     Dead                           Min: 0, Avg:  0.0, Max: 0, Diff: 0, Sum: 0, Workers: 4
[91.521s][debug][gc,phases      ] GC(86)     Total                          Min: 0, Avg: 2033.2, Max: 8133, Diff: 8133, Sum: 8133, Workers: 4
[91.521s][debug][gc,phases      ] GC(86)   JNI Weak                       Min:  0.0, Avg:  0.0, Max:  0.0, Diff:  0.0, Sum:  0.0, Workers: 4
[91.521s][debug][gc,phases      ] GC(86)     Dead                           Min: 0, Avg:  0.0, Max: 0, Diff: 0, Sum: 0, Workers: 4
[91.521s][debug][gc,phases      ] GC(86)     Total                          Min: 0, Avg: 12.5, Max: 50, Diff: 50, Sum: 50, Workers: 4
[91.521s][debug][gc,phases      ] GC(86)   StringDedup Table Weak         Min:  0.0, Avg:  0.0, Max:  0.0, Diff:  0.0, Sum:  0.0, Workers: 4
[91.521s][debug][gc,phases      ] GC(86)     Dead                           Min: 0, Avg:  0.0, Max: 0, Diff: 0, Sum: 0, Workers: 4
[91.521s][debug][gc,phases      ] GC(86)     Total                          Min: 0, Avg:  0.0, Max: 0, Diff: 0, Sum: 0, Workers: 4
[91.521s][debug][gc,phases      ] GC(86)   StringDedup Requests0 Weak     Min:  0.0, Avg:  0.0, Max:  0.0, Diff:  0.0, Sum:  0.0, Workers: 4
[91.521s][debug][gc,phases      ] GC(86)     Dead                           Min: 0, Avg:  0.0, Max: 0, Diff: 0, Sum: 0, Workers: 4
[91.521s][debug][gc,phases      ] GC(86)     Total                          Min: 0, Avg:  0.0, Max: 0, Diff: 0, Sum: 0, Workers: 4
[91.521s][debug][gc,phases      ] GC(86)   StringDedup Requests1 Weak     Min:  0.0, Avg:  0.0, Max:  0.0, Diff:  0.0, Sum:  0.0, Workers: 4
[91.521s][debug][gc,phases      ] GC(86)     Dead                           Min: 0, Avg:  0.0, Max: 0, Diff: 0, Sum: 0, Workers: 4
[91.521s][debug][gc,phases      ] GC(86)     Total                          Min: 0, Avg:  0.0, Max: 0, Diff: 0, Sum: 0, Workers: 4
[91.521s][debug][gc,phases      ] GC(86)   Weak JFR Old Object Samples    Min:  0.0, Avg:  0.0, Max:  0.0, Diff:  0.0, Sum:  0.0, Workers: 4
[91.521s][debug][gc,phases      ] GC(86)     Dead                           Min: 0, Avg:  0.0, Max: 0, Diff: 0, Sum: 0, Workers: 4
[91.521s][debug][gc,phases      ] GC(86)     Total                          Min: 0, Avg:  0.0, Max: 0, Diff: 0, Sum: 0, Workers: 4
[91.521s][debug][gc,phases      ] GC(86) Weak Processing 1.001ms
[91.521s][debug][gc,age         ] GC(86) Desired survivor size 88604672 bytes, new threshold 15 (max threshold 15)
[91.521s][info ][gc,heap        ] GC(86) PSYoungGen: 1965155K(2009088K)->41072K(2010624K) Eden: 1921024K(1921024K)->0K(1922560K) From: 44131K(88064K)->41072K(88064K)
[91.521s][info ][gc,heap        ] GC(86) ParOldGen: 351629K(416256K)->351957K(416256K)
[91.521s][info ][gc,metaspace   ] GC(86) Metaspace: 80405K(81152K)->80405K(81152K) NonClass: 68973K(69376K)->68973K(69376K) Class: 11431K(11776K)->11431K(11776K)
[91.521s][info ][gc             ] GC(86) Pause Young (Allocation Failure) 2262M->383M(2370M) 55.690ms
[91.521s][info ][gc,cpu         ] GC(86) User=0.08s Sys=0.00s Real=0.05s
[91.521s][info ][safepoint      ] Safepoint "ParallelGCFailedAllocation", Time since last: 480913944 ns, Reaching safepoint: 5983529 ns, At safepoint: 55831772 ns, Total: 61815301 ns
[92.258s][info ][gc,start       ] GC(87) Pause Young (Allocation Failure)
[92.297s][debug][gc,phases      ] GC(87) Scavenge 39.798ms
[92.297s][debug][gc,ref         ] GC(87) Skipped phase 1 of Reference Processing: no references
[92.298s][debug][gc,ref         ] GC(87) ReferenceProcessor::execute queues: 1, RefProcThreadModel::Single, marks_oops_alive: false
[92.298s][debug][gc,ref         ] GC(87) Skipped phase 3 of Reference Processing: no references
[92.298s][debug][gc,ref         ] GC(87) ReferenceProcessor::execute queues: 1, RefProcThreadModel::Single, marks_oops_alive: false
[92.298s][debug][gc,phases      ] GC(87) Reference Processing 0.192ms
[92.298s][debug][gc,phases      ] GC(87)   VM Weak                        Min:  0.0, Avg:  0.0, Max:  0.0, Diff:  0.0, Sum:  0.0, Workers: 4
[92.298s][debug][gc,phases      ] GC(87)     Dead                           Min: 0, Avg:  0.0, Max: 0, Diff: 0, Sum: 0, Workers: 4
[92.298s][debug][gc,phases      ] GC(87)     Total                          Min: 0, Avg: 163.5, Max: 654, Diff: 654, Sum: 654, Workers: 4
[92.298s][debug][gc,phases      ] GC(87)   ObjectSynchronizer Weak        Min:  0.0, Avg:  0.0, Max:  0.0, Diff:  0.0, Sum:  0.0, Workers: 4
[92.298s][debug][gc,phases      ] GC(87)     Dead                           Min: 0, Avg:  0.0, Max: 0, Diff: 0, Sum: 0, Workers: 4
[92.298s][debug][gc,phases      ] GC(87)     Total                          Min: 0, Avg: 60.5, Max: 242, Diff: 242, Sum: 242, Workers: 4
[92.298s][debug][gc,phases      ] GC(87)   JVMTI Tag Weak OopStorage      Min:  0.0, Avg:  0.0, Max:  0.0, Diff:  0.0, Sum:  0.0, Workers: 4
[92.298s][debug][gc,phases      ] GC(87)     Dead                           Min: 0, Avg:  0.0, Max: 0, Diff: 0, Sum: 0, Workers: 4
[92.298s][debug][gc,phases      ] GC(87)     Total                          Min: 0, Avg:  0.0, Max: 0, Diff: 0, Sum: 0, Workers: 4
[92.298s][debug][gc,phases      ] GC(87)   StringTable Weak               Min:  0.0, Avg:  0.2, Max:  0.5, Diff:  0.5, Sum:  0.6, Workers: 4
[92.298s][debug][gc,phases      ] GC(87)     Dead                           Min: 0, Avg:  0.0, Max: 0, Diff: 0, Sum: 0, Workers: 4
[92.298s][debug][gc,phases      ] GC(87)     Total                          Min: 0, Avg: 11711.5, Max: 45568, Diff: 45568, Sum: 46846, Workers: 4
[92.298s][debug][gc,phases      ] GC(87)   ResolvedMethodTable Weak       Min:  0.0, Avg:  0.0, Max:  0.1, Diff:  0.1, Sum:  0.1, Workers: 4
[92.298s][debug][gc,phases      ] GC(87)     Dead                           Min: 0, Avg:  0.0, Max: 0, Diff: 0, Sum: 0, Workers: 4
[92.298s][debug][gc,phases      ] GC(87)     Total                          Min: 0, Avg: 2034.0, Max: 4096, Diff: 4096, Sum: 8136, Workers: 4
[92.298s][debug][gc,phases      ] GC(87)   JNI Weak                       Min:  0.0, Avg:  0.0, Max:  0.0, Diff:  0.0, Sum:  0.0, Workers: 4
[92.298s][debug][gc,phases      ] GC(87)     Dead                           Min: 0, Avg:  0.0, Max: 0, Diff: 0, Sum: 0, Workers: 4
[92.298s][debug][gc,phases      ] GC(87)     Total                          Min: 0, Avg: 13.5, Max: 37, Diff: 37, Sum: 54, Workers: 4
[92.298s][debug][gc,phases      ] GC(87)   StringDedup Table Weak         Min:  0.0, Avg:  0.0, Max:  0.0, Diff:  0.0, Sum:  0.0, Workers: 4
[92.298s][debug][gc,phases      ] GC(87)     Dead                           Min: 0, Avg:  0.0, Max: 0, Diff: 0, Sum: 0, Workers: 4
[92.298s][debug][gc,phases      ] GC(87)     Total                          Min: 0, Avg:  0.0, Max: 0, Diff: 0, Sum: 0, Workers: 4
[92.298s][debug][gc,phases      ] GC(87)   StringDedup Requests0 Weak     Min:  0.0, Avg:  0.0, Max:  0.0, Diff:  0.0, Sum:  0.0, Workers: 4
[92.298s][debug][gc,phases      ] GC(87)     Dead                           Min: 0, Avg:  0.0, Max: 0, Diff: 0, Sum: 0, Workers: 4
[92.298s][debug][gc,phases      ] GC(87)     Total                          Min: 0, Avg:  0.0, Max: 0, Diff: 0, Sum: 0, Workers: 4
[92.299s][debug][gc,phases      ] GC(87)   StringDedup Requests1 Weak     Min:  0.0, Avg:  0.0, Max:  0.0, Diff:  0.0, Sum:  0.0, Workers: 4
[92.299s][debug][gc,phases      ] GC(87)     Dead                           Min: 0, Avg:  0.0, Max: 0, Diff: 0, Sum: 0, Workers: 4
[92.299s][debug][gc,phases      ] GC(87)     Total                          Min: 0, Avg:  0.0, Max: 0, Diff: 0, Sum: 0, Workers: 4
[92.299s][debug][gc,phases      ] GC(87)   Weak JFR Old Object Samples    Min:  0.0, Avg:  0.0, Max:  0.0, Diff:  0.0, Sum:  0.0, Workers: 4
[92.299s][debug][gc,phases      ] GC(87)     Dead                           Min: 0, Avg:  0.0, Max: 0, Diff: 0, Sum: 0, Workers: 4
[92.299s][debug][gc,phases      ] GC(87)     Total                          Min: 0, Avg:  0.0, Max: 0, Diff: 0, Sum: 0, Workers: 4
[92.299s][debug][gc,phases      ] GC(87) Weak Processing 0.888ms
[92.299s][debug][gc,age         ] GC(87) Desired survivor size 87031808 bytes, new threshold 15 (max threshold 15)
[92.299s][info ][gc,heap        ] GC(87) PSYoungGen: 1963632K(2010624K)->40976K(2009088K) Eden: 1922560K(1922560K)->0K(1922560K) From: 41072K(88064K)->40976K(86528K)
[92.299s][info ][gc,heap        ] GC(87) ParOldGen: 351957K(416256K)->352397K(416256K)
[92.299s][info ][gc,metaspace   ] GC(87) Metaspace: 80457K(81216K)->80457K(81216K) NonClass: 69024K(69440K)->69024K(69440K) Class: 11433K(11776K)->11433K(11776K)
[92.299s][info ][gc             ] GC(87) Pause Young (Allocation Failure) 2261M->384M(2368M) 41.050ms
[92.299s][info ][gc,cpu         ] GC(87) User=0.07s Sys=0.00s Real=0.04s
[92.299s][info ][safepoint      ] Safepoint "ParallelGCFailedAllocation", Time since last: 726539939 ns, Reaching safepoint: 9623147 ns, At safepoint: 41195401 ns, Total: 50818548 ns
[93.054s][info ][gc,start       ] GC(88) Pause Young (Allocation Failure)
[93.097s][debug][gc,phases      ] GC(88) Scavenge 43.766ms
[93.097s][debug][gc,ref         ] GC(88) Skipped phase 1 of Reference Processing: no references
[93.098s][debug][gc,ref         ] GC(88) ReferenceProcessor::execute queues: 1, RefProcThreadModel::Single, marks_oops_alive: false
[93.098s][debug][gc,ref         ] GC(88) Skipped phase 3 of Reference Processing: no references
[93.098s][debug][gc,ref         ] GC(88) ReferenceProcessor::execute queues: 1, RefProcThreadModel::Single, marks_oops_alive: false
[93.098s][debug][gc,phases      ] GC(88) Reference Processing 0.193ms
[93.098s][debug][gc,phases      ] GC(88)   VM Weak                        Min:  0.0, Avg:  0.0, Max:  0.0, Diff:  0.0, Sum:  0.0, Workers: 4
[93.098s][debug][gc,phases      ] GC(88)     Dead                           Min: 0, Avg:  0.0, Max: 0, Diff: 0, Sum: 0, Workers: 4
[93.098s][debug][gc,phases      ] GC(88)     Total                          Min: 0, Avg: 163.5, Max: 654, Diff: 654, Sum: 654, Workers: 4
[93.098s][debug][gc,phases      ] GC(88)   ObjectSynchronizer Weak        Min:  0.0, Avg:  0.0, Max:  0.0, Diff:  0.0, Sum:  0.0, Workers: 4
[93.098s][debug][gc,phases      ] GC(88)     Dead                           Min: 0, Avg:  0.0, Max: 0, Diff: 0, Sum: 0, Workers: 4
[93.098s][debug][gc,phases      ] GC(88)     Total                          Min: 0, Avg: 60.5, Max: 242, Diff: 242, Sum: 242, Workers: 4
[93.098s][debug][gc,phases      ] GC(88)   JVMTI Tag Weak OopStorage      Min:  0.0, Avg:  0.0, Max:  0.0, Diff:  0.0, Sum:  0.0, Workers: 4
[93.098s][debug][gc,phases      ] GC(88)     Dead                           Min: 0, Avg:  0.0, Max: 0, Diff: 0, Sum: 0, Workers: 4
[93.098s][debug][gc,phases      ] GC(88)     Total                          Min: 0, Avg:  0.0, Max: 0, Diff: 0, Sum: 0, Workers: 4
[93.098s][debug][gc,phases      ] GC(88)   StringTable Weak               Min:  0.0, Avg:  0.1, Max:  0.5, Diff:  0.5, Sum:  0.5, Workers: 4
[93.098s][debug][gc,phases      ] GC(88)     Dead                           Min: 0, Avg:  0.0, Max: 0, Diff: 0, Sum: 0, Workers: 4
[93.098s][debug][gc,phases      ] GC(88)     Total                          Min: 0, Avg: 11712.0, Max: 46848, Diff: 46848, Sum: 46848, Workers: 4
[93.098s][debug][gc,phases      ] GC(88)   ResolvedMethodTable Weak       Min:  0.0, Avg:  0.0, Max:  0.1, Diff:  0.1, Sum:  0.1, Workers: 4
[93.098s][debug][gc,phases      ] GC(88)     Dead                           Min: 0, Avg:  0.0, Max: 0, Diff: 0, Sum: 0, Workers: 4
[93.098s][debug][gc,phases      ] GC(88)     Total                          Min: 0, Avg: 2034.0, Max: 8136, Diff: 8136, Sum: 8136, Workers: 4
[93.098s][debug][gc,phases      ] GC(88)   JNI Weak                       Min:  0.0, Avg:  0.0, Max:  0.0, Diff:  0.0, Sum:  0.0, Workers: 4
[93.098s][debug][gc,phases      ] GC(88)     Dead                           Min: 0, Avg:  0.0, Max: 0, Diff: 0, Sum: 0, Workers: 4
[93.099s][debug][gc,phases      ] GC(88)     Total                          Min: 0, Avg: 11.5, Max: 46, Diff: 46, Sum: 46, Workers: 4
[93.099s][debug][gc,phases      ] GC(88)   StringDedup Table Weak         Min:  0.0, Avg:  0.0, Max:  0.0, Diff:  0.0, Sum:  0.0, Workers: 4
[93.099s][debug][gc,phases      ] GC(88)     Dead                           Min: 0, Avg:  0.0, Max: 0, Diff: 0, Sum: 0, Workers: 4
[93.099s][debug][gc,phases      ] GC(88)     Total                          Min: 0, Avg:  0.0, Max: 0, Diff: 0, Sum: 0, Workers: 4
[93.099s][debug][gc,phases      ] GC(88)   StringDedup Requests0 Weak     Min:  0.0, Avg:  0.0, Max:  0.0, Diff:  0.0, Sum:  0.0, Workers: 4
[93.099s][debug][gc,phases      ] GC(88)     Dead                           Min: 0, Avg:  0.0, Max: 0, Diff: 0, Sum: 0, Workers: 4
[93.099s][debug][gc,phases      ] GC(88)     Total                          Min: 0, Avg:  0.0, Max: 0, Diff: 0, Sum: 0, Workers: 4
[93.099s][debug][gc,phases      ] GC(88)   StringDedup Requests1 Weak     Min:  0.0, Avg:  0.0, Max:  0.0, Diff:  0.0, Sum:  0.0, Workers: 4
[93.099s][debug][gc,phases      ] GC(88)     Dead                           Min: 0, Avg:  0.0, Max: 0, Diff: 0, Sum: 0, Workers: 4
[93.099s][debug][gc,phases      ] GC(88)     Total                          Min: 0, Avg:  0.0, Max: 0, Diff: 0, Sum: 0, Workers: 4
[93.099s][debug][gc,phases      ] GC(88)   Weak JFR Old Object Samples    Min:  0.0, Avg:  0.0, Max:  0.0, Diff:  0.0, Sum:  0.0, Workers: 4
[93.099s][debug][gc,phases      ] GC(88)     Dead                           Min: 0, Avg:  0.0, Max: 0, Diff: 0, Sum: 0, Workers: 4
[93.099s][debug][gc,phases      ] GC(88)     Total                          Min: 0, Avg:  0.0, Max: 0, Diff: 0, Sum: 0, Workers: 4
[93.099s][debug][gc,phases      ] GC(88) Weak Processing 0.932ms
[93.099s][debug][gc,age         ] GC(88) Desired survivor size 84934656 bytes, new threshold 15 (max threshold 15)
[93.099s][info ][gc,heap        ] GC(88) PSYoungGen: 1963536K(2009088K)->40606K(2014208K) Eden: 1922560K(1922560K)->0K(1929216K) From: 40976K(86528K)->40606K(84992K)
[93.099s][info ][gc,heap        ] GC(88) ParOldGen: 352397K(416256K)->353069K(416256K)
[93.099s][info ][gc,metaspace   ] GC(88) Metaspace: 80500K(81280K)->80500K(81280K) NonClass: 69067K(69504K)->69067K(69504K) Class: 11433K(11776K)->11433K(11776K)
[93.099s][info ][gc             ] GC(88) Pause Young (Allocation Failure) 2261M->384M(2373M) 45.071ms
[93.099s][info ][gc,cpu         ] GC(88) User=0.06s Sys=0.00s Real=0.04s
[93.099s][info ][safepoint      ] Safepoint "ParallelGCFailedAllocation", Time since last: 745172627 ns, Reaching safepoint: 9651547 ns, At safepoint: 45213720 ns, Total: 54865267 ns
[93.957s][info ][gc,start       ] GC(89) Pause Young (Allocation Failure)
[93.997s][debug][gc,phases      ] GC(89) Scavenge 39.905ms
[93.997s][debug][gc,ref         ] GC(89) Skipped phase 1 of Reference Processing: no references
[93.998s][debug][gc,ref         ] GC(89) ReferenceProcessor::execute queues: 1, RefProcThreadModel::Single, marks_oops_alive: false
[93.998s][debug][gc,ref         ] GC(89) Skipped phase 3 of Reference Processing: no references
[93.998s][debug][gc,ref         ] GC(89) ReferenceProcessor::execute queues: 1, RefProcThreadModel::Single, marks_oops_alive: false
[93.998s][debug][gc,phases      ] GC(89) Reference Processing 0.188ms
[93.998s][debug][gc,phases      ] GC(89)   VM Weak                        Min:  0.0, Avg:  0.0, Max:  0.0, Diff:  0.0, Sum:  0.0, Workers: 4
[93.998s][debug][gc,phases      ] GC(89)     Dead                           Min: 0, Avg:  0.0, Max: 0, Diff: 0, Sum: 0, Workers: 4
[93.998s][debug][gc,phases      ] GC(89)     Total                          Min: 0, Avg: 163.5, Max: 654, Diff: 654, Sum: 654, Workers: 4
[93.998s][debug][gc,phases      ] GC(89)   ObjectSynchronizer Weak        Min:  0.0, Avg:  0.0, Max:  0.0, Diff:  0.0, Sum:  0.0, Workers: 4
[93.998s][debug][gc,phases      ] GC(89)     Dead                           Min: 0, Avg:  0.0, Max: 0, Diff: 0, Sum: 0, Workers: 4
[93.998s][debug][gc,phases      ] GC(89)     Total                          Min: 0, Avg: 60.5, Max: 242, Diff: 242, Sum: 242, Workers: 4
[93.998s][debug][gc,phases      ] GC(89)   JVMTI Tag Weak OopStorage      Min:  0.0, Avg:  0.0, Max:  0.0, Diff:  0.0, Sum:  0.0, Workers: 4
[93.998s][debug][gc,phases      ] GC(89)     Dead                           Min: 0, Avg:  0.0, Max: 0, Diff: 0, Sum: 0, Workers: 4
[93.998s][debug][gc,phases      ] GC(89)     Total                          Min: 0, Avg:  0.0, Max: 0, Diff: 0, Sum: 0, Workers: 4
[93.998s][debug][gc,phases      ] GC(89)   StringTable Weak               Min:  0.0, Avg:  0.1, Max:  0.6, Diff:  0.6, Sum:  0.6, Workers: 4
[93.998s][debug][gc,phases      ] GC(89)     Dead                           Min: 0, Avg:  0.0, Max: 0, Diff: 0, Sum: 0, Workers: 4
[93.998s][debug][gc,phases      ] GC(89)     Total                          Min: 0, Avg: 11713.2, Max: 46853, Diff: 46853, Sum: 46853, Workers: 4
[93.998s][debug][gc,phases      ] GC(89)   ResolvedMethodTable Weak       Min:  0.0, Avg:  0.0, Max:  0.1, Diff:  0.1, Sum:  0.1, Workers: 4
[93.998s][debug][gc,phases      ] GC(89)     Dead                           Min: 0, Avg:  0.2, Max: 1, Diff: 1, Sum: 1, Workers: 4
[93.998s][debug][gc,phases      ] GC(89)     Total                          Min: 0, Avg: 2034.0, Max: 8136, Diff: 8136, Sum: 8136, Workers: 4
[93.998s][debug][gc,phases      ] GC(89)   JNI Weak                       Min:  0.0, Avg:  0.0, Max:  0.0, Diff:  0.0, Sum:  0.0, Workers: 4
[93.998s][debug][gc,phases      ] GC(89)     Dead                           Min: 0, Avg:  0.0, Max: 0, Diff: 0, Sum: 0, Workers: 4
[93.998s][debug][gc,phases      ] GC(89)     Total                          Min: 0, Avg:  7.0, Max: 28, Diff: 28, Sum: 28, Workers: 4
[93.998s][debug][gc,phases      ] GC(89)   StringDedup Table Weak         Min:  0.0, Avg:  0.0, Max:  0.0, Diff:  0.0, Sum:  0.0, Workers: 4
[93.998s][debug][gc,phases      ] GC(89)     Dead                           Min: 0, Avg:  0.0, Max: 0, Diff: 0, Sum: 0, Workers: 4
[93.998s][debug][gc,phases      ] GC(89)     Total                          Min: 0, Avg:  0.0, Max: 0, Diff: 0, Sum: 0, Workers: 4
[93.999s][debug][gc,phases      ] GC(89)   StringDedup Requests0 Weak     Min:  0.0, Avg:  0.0, Max:  0.0, Diff:  0.0, Sum:  0.0, Workers: 4
[93.999s][debug][gc,phases      ] GC(89)     Dead                           Min: 0, Avg:  0.0, Max: 0, Diff: 0, Sum: 0, Workers: 4
[93.999s][debug][gc,phases      ] GC(89)     Total                          Min: 0, Avg:  0.0, Max: 0, Diff: 0, Sum: 0, Workers: 4
[93.999s][debug][gc,phases      ] GC(89)   StringDedup Requests1 Weak     Min:  0.0, Avg:  0.0, Max:  0.0, Diff:  0.0, Sum:  0.0, Workers: 4
[93.999s][debug][gc,phases      ] GC(89)     Dead                           Min: 0, Avg:  0.0, Max: 0, Diff: 0, Sum: 0, Workers: 4
[93.999s][debug][gc,phases      ] GC(89)     Total                          Min: 0, Avg:  0.0, Max: 0, Diff: 0, Sum: 0, Workers: 4
[93.999s][debug][gc,phases      ] GC(89)   Weak JFR Old Object Samples    Min:  0.0, Avg:  0.0, Max:  0.0, Diff:  0.0, Sum:  0.0, Workers: 4
[93.999s][debug][gc,phases      ] GC(89)     Dead                           Min: 0, Avg:  0.0, Max: 0, Diff: 0, Sum: 0, Workers: 4
[93.999s][debug][gc,phases      ] GC(89)     Total                          Min: 0, Avg:  0.0, Max: 0, Diff: 0, Sum: 0, Workers: 4
[93.999s][debug][gc,phases      ] GC(89) Weak Processing 0.937ms
[93.999s][debug][gc,age         ] GC(89) Desired survivor size 82837504 bytes, new threshold 15 (max threshold 15)
[93.999s][info ][gc,heap        ] GC(89) PSYoungGen: 1969822K(2014208K)->40752K(2012160K) Eden: 1929216K(1929216K)->0K(1929216K) From: 40606K(84992K)->40752K(82944K)
[93.999s][info ][gc,heap        ] GC(89) ParOldGen: 353069K(416256K)->353565K(416256K)
[93.999s][info ][gc,metaspace   ] GC(89) Metaspace: 80527K(81280K)->80527K(81280K) NonClass: 69094K(69504K)->69094K(69504K) Class: 11433K(11776K)->11433K(11776K)
[93.999s][info ][gc             ] GC(89) Pause Young (Allocation Failure) 2268M->385M(2371M) 41.206ms
[93.999s][info ][gc,cpu         ] GC(89) User=0.07s Sys=0.00s Real=0.04s
[93.999s][info ][safepoint      ] Safepoint "ParallelGCFailedAllocation", Time since last: 840720090 ns, Reaching safepoint: 17915587 ns, At safepoint: 41360602 ns, Total: 59276189 ns
[94.799s][info ][gc,start       ] GC(90) Pause Young (Allocation Failure)
[94.832s][debug][gc,phases      ] GC(90) Scavenge 33.288ms
[94.832s][debug][gc,ref         ] GC(90) Skipped phase 1 of Reference Processing: no references
[94.832s][debug][gc,ref         ] GC(90) ReferenceProcessor::execute queues: 1, RefProcThreadModel::Single, marks_oops_alive: false
[94.832s][debug][gc,ref         ] GC(90) Skipped phase 3 of Reference Processing: no references
[94.832s][debug][gc,ref         ] GC(90) ReferenceProcessor::execute queues: 1, RefProcThreadModel::Single, marks_oops_alive: false
[94.832s][debug][gc,phases      ] GC(90) Reference Processing 0.221ms
[94.833s][debug][gc,phases      ] GC(90)   VM Weak                        Min:  0.0, Avg:  0.0, Max:  0.0, Diff:  0.0, Sum:  0.0, Workers: 4
[94.833s][debug][gc,phases      ] GC(90)     Dead                           Min: 0, Avg:  0.0, Max: 0, Diff: 0, Sum: 0, Workers: 4
[94.833s][debug][gc,phases      ] GC(90)     Total                          Min: 0, Avg: 163.5, Max: 398, Diff: 398, Sum: 654, Workers: 4
[94.833s][debug][gc,phases      ] GC(90)   ObjectSynchronizer Weak        Min:  0.0, Avg:  0.0, Max:  0.0, Diff:  0.0, Sum:  0.0, Workers: 4
[94.833s][debug][gc,phases      ] GC(90)     Dead                           Min: 0, Avg:  0.0, Max: 0, Diff: 0, Sum: 0, Workers: 4
[94.833s][debug][gc,phases      ] GC(90)     Total                          Min: 0, Avg: 60.5, Max: 128, Diff: 128, Sum: 242, Workers: 4
[94.833s][debug][gc,phases      ] GC(90)   JVMTI Tag Weak OopStorage      Min:  0.0, Avg:  0.0, Max:  0.0, Diff:  0.0, Sum:  0.0, Workers: 4
[94.833s][debug][gc,phases      ] GC(90)     Dead                           Min: 0, Avg:  0.0, Max: 0, Diff: 0, Sum: 0, Workers: 4
[94.833s][debug][gc,phases      ] GC(90)     Total                          Min: 0, Avg:  0.0, Max: 0, Diff: 0, Sum: 0, Workers: 4
[94.833s][debug][gc,phases      ] GC(90)   StringTable Weak               Min:  0.0, Avg:  0.2, Max:  0.4, Diff:  0.4, Sum:  0.8, Workers: 4
[94.833s][debug][gc,phases      ] GC(90)     Dead                           Min: 0, Avg:  0.0, Max: 0, Diff: 0, Sum: 0, Workers: 4
[94.833s][debug][gc,phases      ] GC(90)     Total                          Min: 0, Avg: 11713.8, Max: 24583, Diff: 24583, Sum: 46855, Workers: 4
[94.833s][debug][gc,phases      ] GC(90)   ResolvedMethodTable Weak       Min:  0.0, Avg:  0.0, Max:  0.1, Diff:  0.1, Sum:  0.1, Workers: 4
[94.833s][debug][gc,phases      ] GC(90)     Dead                           Min: 0, Avg:  0.0, Max: 0, Diff: 0, Sum: 0, Workers: 4
[94.833s][debug][gc,phases      ] GC(90)     Total                          Min: 0, Avg: 2034.2, Max: 4220, Diff: 4220, Sum: 8137, Workers: 4
[94.833s][debug][gc,phases      ] GC(90)   JNI Weak                       Min:  0.0, Avg:  0.0, Max:  0.0, Diff:  0.0, Sum:  0.0, Workers: 4
[94.833s][debug][gc,phases      ] GC(90)     Dead                           Min: 0, Avg:  0.0, Max: 0, Diff: 0, Sum: 0, Workers: 4
[94.833s][debug][gc,phases      ] GC(90)     Total                          Min: 0, Avg:  5.2, Max: 21, Diff: 21, Sum: 21, Workers: 4
[94.833s][debug][gc,phases      ] GC(90)   StringDedup Table Weak         Min:  0.0, Avg:  0.0, Max:  0.0, Diff:  0.0, Sum:  0.0, Workers: 4
[94.833s][debug][gc,phases      ] GC(90)     Dead                           Min: 0, Avg:  0.0, Max: 0, Diff: 0, Sum: 0, Workers: 4
[94.833s][debug][gc,phases      ] GC(90)     Total                          Min: 0, Avg:  0.0, Max: 0, Diff: 0, Sum: 0, Workers: 4
[94.833s][debug][gc,phases      ] GC(90)   StringDedup Requests0 Weak     Min:  0.0, Avg:  0.0, Max:  0.0, Diff:  0.0, Sum:  0.0, Workers: 4
[94.833s][debug][gc,phases      ] GC(90)     Dead                           Min: 0, Avg:  0.0, Max: 0, Diff: 0, Sum: 0, Workers: 4
[94.833s][debug][gc,phases      ] GC(90)     Total                          Min: 0, Avg:  0.0, Max: 0, Diff: 0, Sum: 0, Workers: 4
[94.833s][debug][gc,phases      ] GC(90)   StringDedup Requests1 Weak     Min:  0.0, Avg:  0.0, Max:  0.0, Diff:  0.0, Sum:  0.0, Workers: 4
[94.833s][debug][gc,phases      ] GC(90)     Dead                           Min: 0, Avg:  0.0, Max: 0, Diff: 0, Sum: 0, Workers: 4
[94.833s][debug][gc,phases      ] GC(90)     Total                          Min: 0, Avg:  0.0, Max: 0, Diff: 0, Sum: 0, Workers: 4
[94.833s][debug][gc,phases      ] GC(90)   Weak JFR Old Object Samples    Min:  0.0, Avg:  0.0, Max:  0.0, Diff:  0.0, Sum:  0.0, Workers: 4
[94.833s][debug][gc,phases      ] GC(90)     Dead                           Min: 0, Avg:  0.0, Max: 0, Diff: 0, Sum: 0, Workers: 4
[94.833s][debug][gc,phases      ] GC(90)     Total                          Min: 0, Avg:  0.0, Max: 0, Diff: 0, Sum: 0, Workers: 4
[94.833s][debug][gc,phases      ] GC(90) Weak Processing 0.761ms
[94.833s][debug][gc,age         ] GC(90) Desired survivor size 80740352 bytes, new threshold 15 (max threshold 15)
[94.833s][info ][gc,heap        ] GC(90) PSYoungGen: 1969968K(2012160K)->39812K(2018304K) Eden: 1929216K(1929216K)->0K(1937408K) From: 40752K(82944K)->39812K(80896K)
[94.833s][info ][gc,heap        ] GC(90) ParOldGen: 353565K(416256K)->354841K(416256K)
[94.833s][info ][gc,metaspace   ] GC(90) Metaspace: 80540K(81280K)->80540K(81280K) NonClass: 69106K(69504K)->69106K(69504K) Class: 11434K(11776K)->11434K(11776K)
[94.833s][info ][gc             ] GC(90) Pause Young (Allocation Failure) 2269M->385M(2377M) 34.468ms
[94.833s][info ][gc,cpu         ] GC(90) User=0.08s Sys=0.00s Real=0.04s
[94.833s][info ][safepoint      ] Safepoint "ParallelGCFailedAllocation", Time since last: 799628187 ns, Reaching safepoint: 247601 ns, At safepoint: 34629268 ns, Total: 34876869 ns
[95.697s][info ][gc,start       ] GC(91) Pause Young (Allocation Failure)
[95.753s][debug][gc,phases      ] GC(91) Scavenge 55.876ms
[95.753s][debug][gc,ref         ] GC(91) Skipped phase 1 of Reference Processing: no references
[95.754s][debug][gc,ref         ] GC(91) ReferenceProcessor::execute queues: 1, RefProcThreadModel::Single, marks_oops_alive: false
[95.754s][debug][gc,ref         ] GC(91) Skipped phase 3 of Reference Processing: no references
[95.754s][debug][gc,ref         ] GC(91) ReferenceProcessor::execute queues: 1, RefProcThreadModel::Single, marks_oops_alive: false
[95.754s][debug][gc,phases      ] GC(91) Reference Processing 0.153ms
[95.754s][debug][gc,phases      ] GC(91)   VM Weak                        Min:  0.0, Avg:  0.0, Max:  0.0, Diff:  0.0, Sum:  0.0, Workers: 4
[95.754s][debug][gc,phases      ] GC(91)     Dead                           Min: 0, Avg:  0.0, Max: 0, Diff: 0, Sum: 0, Workers: 4
[95.754s][debug][gc,phases      ] GC(91)     Total                          Min: 0, Avg: 163.5, Max: 654, Diff: 654, Sum: 654, Workers: 4
[95.754s][debug][gc,phases      ] GC(91)   ObjectSynchronizer Weak        Min:  0.0, Avg:  0.0, Max:  0.0, Diff:  0.0, Sum:  0.0, Workers: 4
[95.754s][debug][gc,phases      ] GC(91)     Dead                           Min: 0, Avg:  0.0, Max: 0, Diff: 0, Sum: 0, Workers: 4
[95.754s][debug][gc,phases      ] GC(91)     Total                          Min: 0, Avg: 60.5, Max: 242, Diff: 242, Sum: 242, Workers: 4
[95.754s][debug][gc,phases      ] GC(91)   JVMTI Tag Weak OopStorage      Min:  0.0, Avg:  0.0, Max:  0.0, Diff:  0.0, Sum:  0.0, Workers: 4
[95.754s][debug][gc,phases      ] GC(91)     Dead                           Min: 0, Avg:  0.0, Max: 0, Diff: 0, Sum: 0, Workers: 4
[95.754s][debug][gc,phases      ] GC(91)     Total                          Min: 0, Avg:  0.0, Max: 0, Diff: 0, Sum: 0, Workers: 4
[95.754s][debug][gc,phases      ] GC(91)   StringTable Weak               Min:  0.0, Avg:  0.1, Max:  0.5, Diff:  0.5, Sum:  0.5, Workers: 4
[95.754s][debug][gc,phases      ] GC(91)     Dead                           Min: 0, Avg:  0.0, Max: 0, Diff: 0, Sum: 0, Workers: 4
[95.754s][debug][gc,phases      ] GC(91)     Total                          Min: 0, Avg: 11713.8, Max: 46855, Diff: 46855, Sum: 46855, Workers: 4
[95.754s][debug][gc,phases      ] GC(91)   ResolvedMethodTable Weak       Min:  0.0, Avg:  0.0, Max:  0.1, Diff:  0.1, Sum:  0.1, Workers: 4
[95.754s][debug][gc,phases      ] GC(91)     Dead                           Min: 0, Avg:  0.0, Max: 0, Diff: 0, Sum: 0, Workers: 4
[95.754s][debug][gc,phases      ] GC(91)     Total                          Min: 0, Avg: 2034.2, Max: 8137, Diff: 8137, Sum: 8137, Workers: 4
[95.754s][debug][gc,phases      ] GC(91)   JNI Weak                       Min:  0.0, Avg:  0.0, Max:  0.0, Diff:  0.0, Sum:  0.0, Workers: 4
[95.754s][debug][gc,phases      ] GC(91)     Dead                           Min: 0, Avg:  0.0, Max: 0, Diff: 0, Sum: 0, Workers: 4
[95.754s][debug][gc,phases      ] GC(91)     Total                          Min: 0, Avg:  6.0, Max: 24, Diff: 24, Sum: 24, Workers: 4
[95.754s][debug][gc,phases      ] GC(91)   StringDedup Table Weak         Min:  0.0, Avg:  0.0, Max:  0.0, Diff:  0.0, Sum:  0.0, Workers: 4
[95.754s][debug][gc,phases      ] GC(91)     Dead                           Min: 0, Avg:  0.0, Max: 0, Diff: 0, Sum: 0, Workers: 4
[95.754s][debug][gc,phases      ] GC(91)     Total                          Min: 0, Avg:  0.0, Max: 0, Diff: 0, Sum: 0, Workers: 4
[95.754s][debug][gc,phases      ] GC(91)   StringDedup Requests0 Weak     Min:  0.0, Avg:  0.0, Max:  0.0, Diff:  0.0, Sum:  0.0, Workers: 4
[95.754s][debug][gc,phases      ] GC(91)     Dead                           Min: 0, Avg:  0.0, Max: 0, Diff: 0, Sum: 0, Workers: 4
[95.754s][debug][gc,phases      ] GC(91)     Total                          Min: 0, Avg:  0.0, Max: 0, Diff: 0, Sum: 0, Workers: 4
[95.754s][debug][gc,phases      ] GC(91)   StringDedup Requests1 Weak     Min:  0.0, Avg:  0.0, Max:  0.0, Diff:  0.0, Sum:  0.0, Workers: 4
[95.754s][debug][gc,phases      ] GC(91)     Dead                           Min: 0, Avg:  0.0, Max: 0, Diff: 0, Sum: 0, Workers: 4
[95.754s][debug][gc,phases      ] GC(91)     Total                          Min: 0, Avg:  0.0, Max: 0, Diff: 0, Sum: 0, Workers: 4
[95.755s][debug][gc,phases      ] GC(91)   Weak JFR Old Object Samples    Min:  0.0, Avg:  0.0, Max:  0.0, Diff:  0.0, Sum:  0.0, Workers: 4
[95.755s][debug][gc,phases      ] GC(91)     Dead                           Min: 0, Avg:  0.0, Max: 0, Diff: 0, Sum: 0, Workers: 4
[95.755s][debug][gc,phases      ] GC(91)     Total                          Min: 0, Avg:  0.0, Max: 0, Diff: 0, Sum: 0, Workers: 4
[95.755s][debug][gc,phases      ] GC(91) Weak Processing 0.900ms
[95.755s][debug][gc,age         ] GC(91) Desired survivor size 78118912 bytes, new threshold 15 (max threshold 15)
[95.755s][info ][gc,heap        ] GC(91) PSYoungGen: 1977220K(2018304K)->38816K(2016256K) Eden: 1937408K(1937408K)->0K(1937408K) From: 39812K(80896K)->38816K(78848K)
[95.755s][info ][gc,heap        ] GC(91) ParOldGen: 354841K(416256K)->355889K(416256K)
[95.755s][info ][gc,metaspace   ] GC(91) Metaspace: 80551K(81280K)->80551K(81280K) NonClass: 69117K(69504K)->69117K(69504K) Class: 11434K(11776K)->11434K(11776K)
[95.755s][info ][gc             ] GC(91) Pause Young (Allocation Failure) 2277M->385M(2375M) 57.099ms
[95.755s][info ][gc,cpu         ] GC(91) User=0.13s Sys=0.00s Real=0.06s
[95.755s][info ][safepoint      ] Safepoint "ParallelGCFailedAllocation", Time since last: 863733297 ns, Reaching safepoint: 481702 ns, At safepoint: 57220078 ns, Total: 57701780 ns
[96.321s][info ][safepoint      ] Safepoint "ICBufferFull", Time since last: 566327950 ns, Reaching safepoint: 344102 ns, At safepoint: 40200 ns, Total: 384302 ns
[96.561s][info ][gc,start       ] GC(92) Pause Young (Allocation Failure)
[96.598s][debug][gc,phases      ] GC(92) Scavenge 36.064ms
[96.598s][debug][gc,ref         ] GC(92) Skipped phase 1 of Reference Processing: no references
[96.598s][debug][gc,ref         ] GC(92) ReferenceProcessor::execute queues: 1, RefProcThreadModel::Single, marks_oops_alive: false
[96.598s][debug][gc,ref         ] GC(92) Skipped phase 3 of Reference Processing: no references
[96.598s][debug][gc,ref         ] GC(92) ReferenceProcessor::execute queues: 1, RefProcThreadModel::Single, marks_oops_alive: false
[96.598s][debug][gc,phases      ] GC(92) Reference Processing 0.172ms
[96.598s][debug][gc,phases      ] GC(92)   VM Weak                        Min:  0.0, Avg:  0.0, Max:  0.0, Diff:  0.0, Sum:  0.0, Workers: 4
[96.599s][debug][gc,phases      ] GC(92)     Dead                           Min: 0, Avg:  0.0, Max: 0, Diff: 0, Sum: 0, Workers: 4
[96.599s][debug][gc,phases      ] GC(92)     Total                          Min: 0, Avg: 163.5, Max: 654, Diff: 654, Sum: 654, Workers: 4
[96.599s][debug][gc,phases      ] GC(92)   ObjectSynchronizer Weak        Min:  0.0, Avg:  0.0, Max:  0.0, Diff:  0.0, Sum:  0.0, Workers: 4
[96.599s][debug][gc,phases      ] GC(92)     Dead                           Min: 0, Avg:  0.0, Max: 0, Diff: 0, Sum: 0, Workers: 4
[96.599s][debug][gc,phases      ] GC(92)     Total                          Min: 0, Avg: 60.5, Max: 242, Diff: 242, Sum: 242, Workers: 4
[96.599s][debug][gc,phases      ] GC(92)   JVMTI Tag Weak OopStorage      Min:  0.0, Avg:  0.0, Max:  0.0, Diff:  0.0, Sum:  0.0, Workers: 4
[96.599s][debug][gc,phases      ] GC(92)     Dead                           Min: 0, Avg:  0.0, Max: 0, Diff: 0, Sum: 0, Workers: 4
[96.599s][debug][gc,phases      ] GC(92)     Total                          Min: 0, Avg:  0.0, Max: 0, Diff: 0, Sum: 0, Workers: 4
[96.599s][debug][gc,phases      ] GC(92)   StringTable Weak               Min:  0.0, Avg:  0.1, Max:  0.6, Diff:  0.6, Sum:  0.6, Workers: 4
[96.599s][debug][gc,phases      ] GC(92)     Dead                           Min: 0, Avg:  0.0, Max: 0, Diff: 0, Sum: 0, Workers: 4
[96.599s][debug][gc,phases      ] GC(92)     Total                          Min: 0, Avg: 11717.0, Max: 46868, Diff: 46868, Sum: 46868, Workers: 4
[96.599s][debug][gc,phases      ] GC(92)   ResolvedMethodTable Weak       Min:  0.0, Avg:  0.0, Max:  0.1, Diff:  0.1, Sum:  0.1, Workers: 4
[96.599s][debug][gc,phases      ] GC(92)     Dead                           Min: 0, Avg:  0.0, Max: 0, Diff: 0, Sum: 0, Workers: 4
[96.599s][debug][gc,phases      ] GC(92)     Total                          Min: 0, Avg: 2034.2, Max: 8137, Diff: 8137, Sum: 8137, Workers: 4
[96.599s][debug][gc,phases      ] GC(92)   JNI Weak                       Min:  0.0, Avg:  0.0, Max:  0.0, Diff:  0.0, Sum:  0.0, Workers: 4
[96.599s][debug][gc,phases      ] GC(92)     Dead                           Min: 0, Avg:  0.0, Max: 0, Diff: 0, Sum: 0, Workers: 4
[96.599s][debug][gc,phases      ] GC(92)     Total                          Min: 0, Avg:  3.2, Max: 13, Diff: 13, Sum: 13, Workers: 4
[96.599s][debug][gc,phases      ] GC(92)   StringDedup Table Weak         Min:  0.0, Avg:  0.0, Max:  0.0, Diff:  0.0, Sum:  0.0, Workers: 4
[96.599s][debug][gc,phases      ] GC(92)     Dead                           Min: 0, Avg:  0.0, Max: 0, Diff: 0, Sum: 0, Workers: 4
[96.599s][debug][gc,phases      ] GC(92)     Total                          Min: 0, Avg:  0.0, Max: 0, Diff: 0, Sum: 0, Workers: 4
[96.599s][debug][gc,phases      ] GC(92)   StringDedup Requests0 Weak     Min:  0.0, Avg:  0.0, Max:  0.0, Diff:  0.0, Sum:  0.0, Workers: 4
[96.599s][debug][gc,phases      ] GC(92)     Dead                           Min: 0, Avg:  0.0, Max: 0, Diff: 0, Sum: 0, Workers: 4
[96.599s][debug][gc,phases      ] GC(92)     Total                          Min: 0, Avg:  0.0, Max: 0, Diff: 0, Sum: 0, Workers: 4
[96.599s][debug][gc,phases      ] GC(92)   StringDedup Requests1 Weak     Min:  0.0, Avg:  0.0, Max:  0.0, Diff:  0.0, Sum:  0.0, Workers: 4
[96.599s][debug][gc,phases      ] GC(92)     Dead                           Min: 0, Avg:  0.0, Max: 0, Diff: 0, Sum: 0, Workers: 4
[96.599s][debug][gc,phases      ] GC(92)     Total                          Min: 0, Avg:  0.0, Max: 0, Diff: 0, Sum: 0, Workers: 4
[96.599s][debug][gc,phases      ] GC(92)   Weak JFR Old Object Samples    Min:  0.0, Avg:  0.0, Max:  0.0, Diff:  0.0, Sum:  0.0, Workers: 4
[96.599s][debug][gc,phases      ] GC(92)     Dead                           Min: 0, Avg:  0.0, Max: 0, Diff: 0, Sum: 0, Workers: 4
[96.599s][debug][gc,phases      ] GC(92)     Total                          Min: 0, Avg:  0.0, Max: 0, Diff: 0, Sum: 0, Workers: 4
[96.599s][debug][gc,phases      ] GC(92) Weak Processing 0.969ms
[96.599s][debug][gc,age         ] GC(92) Desired survivor size 75497472 bytes, new threshold 15 (max threshold 15)
[96.599s][info ][gc,heap        ] GC(92) PSYoungGen: 1976224K(2016256K)->38948K(2023424K) Eden: 1937408K(1937408K)->0K(1947136K) From: 38816K(78848K)->38948K(76288K)
[96.599s][info ][gc,heap        ] GC(92) ParOldGen: 355889K(416256K)->356169K(416256K)
[96.599s][info ][gc,metaspace   ] GC(92) Metaspace: 80568K(81344K)->80568K(81344K) NonClass: 69134K(69568K)->69134K(69568K) Class: 11434K(11776K)->11434K(11776K)
[96.599s][info ][gc             ] GC(92) Pause Young (Allocation Failure) 2277M->385M(2382M) 37.377ms
[96.599s][info ][gc,cpu         ] GC(92) User=0.06s Sys=0.00s Real=0.03s
[96.599s][info ][safepoint      ] Safepoint "ParallelGCFailedAllocation", Time since last: 239820764 ns, Reaching safepoint: 145801 ns, At safepoint: 37509382 ns, Total: 37655183 ns
[97.397s][info ][gc,start       ] GC(93) Pause Young (Allocation Failure)
[97.448s][debug][gc,phases      ] GC(93) Scavenge 50.035ms
[97.448s][debug][gc,ref         ] GC(93) Skipped phase 1 of Reference Processing: no references
[97.448s][debug][gc,ref         ] GC(93) ReferenceProcessor::execute queues: 1, RefProcThreadModel::Single, marks_oops_alive: false
[97.448s][debug][gc,ref         ] GC(93) ReferenceProcessor::execute queues: 4, RefProcThreadModel::Multi, marks_oops_alive: true
[97.457s][debug][gc,ref         ] GC(93) ReferenceProcessor::execute queues: 1, RefProcThreadModel::Single, marks_oops_alive: false
[97.457s][debug][gc,phases      ] GC(93) Reference Processing 9.835ms
[97.458s][debug][gc,phases      ] GC(93)   VM Weak                        Min:  0.0, Avg:  0.0, Max:  0.0, Diff:  0.0, Sum:  0.0, Workers: 4
[97.458s][debug][gc,phases      ] GC(93)     Dead                           Min: 0, Avg:  0.0, Max: 0, Diff: 0, Sum: 0, Workers: 4
[97.458s][debug][gc,phases      ] GC(93)     Total                          Min: 0, Avg: 163.5, Max: 654, Diff: 654, Sum: 654, Workers: 4
[97.458s][debug][gc,phases      ] GC(93)   ObjectSynchronizer Weak        Min:  0.0, Avg:  0.0, Max:  0.0, Diff:  0.0, Sum:  0.0, Workers: 4
[97.458s][debug][gc,phases      ] GC(93)     Dead                           Min: 0, Avg:  0.0, Max: 0, Diff: 0, Sum: 0, Workers: 4
[97.458s][debug][gc,phases      ] GC(93)     Total                          Min: 0, Avg: 60.5, Max: 242, Diff: 242, Sum: 242, Workers: 4
[97.458s][debug][gc,phases      ] GC(93)   JVMTI Tag Weak OopStorage      Min:  0.0, Avg:  0.0, Max:  0.0, Diff:  0.0, Sum:  0.0, Workers: 4
[97.458s][debug][gc,phases      ] GC(93)     Dead                           Min: 0, Avg:  0.0, Max: 0, Diff: 0, Sum: 0, Workers: 4
[97.458s][debug][gc,phases      ] GC(93)     Total                          Min: 0, Avg:  0.0, Max: 0, Diff: 0, Sum: 0, Workers: 4
[97.458s][debug][gc,phases      ] GC(93)   StringTable Weak               Min:  0.0, Avg:  0.1, Max:  0.5, Diff:  0.5, Sum:  0.5, Workers: 4
[97.458s][debug][gc,phases      ] GC(93)     Dead                           Min: 0, Avg:  0.0, Max: 0, Diff: 0, Sum: 0, Workers: 4
[97.458s][debug][gc,phases      ] GC(93)     Total                          Min: 0, Avg: 11734.8, Max: 46939, Diff: 46939, Sum: 46939, Workers: 4
[97.458s][debug][gc,phases      ] GC(93)   ResolvedMethodTable Weak       Min:  0.0, Avg:  0.0, Max:  0.1, Diff:  0.1, Sum:  0.1, Workers: 4
[97.458s][debug][gc,phases      ] GC(93)     Dead                           Min: 0, Avg:  0.0, Max: 0, Diff: 0, Sum: 0, Workers: 4
[97.458s][debug][gc,phases      ] GC(93)     Total                          Min: 0, Avg: 2034.2, Max: 8137, Diff: 8137, Sum: 8137, Workers: 4
[97.458s][debug][gc,phases      ] GC(93)   JNI Weak                       Min:  0.0, Avg:  0.0, Max:  0.0, Diff:  0.0, Sum:  0.0, Workers: 4
[97.458s][debug][gc,phases      ] GC(93)     Dead                           Min: 0, Avg:  0.0, Max: 0, Diff: 0, Sum: 0, Workers: 4
[97.458s][debug][gc,phases      ] GC(93)     Total                          Min: 0, Avg:  1.2, Max: 5, Diff: 5, Sum: 5, Workers: 4
[97.458s][debug][gc,phases      ] GC(93)   StringDedup Table Weak         Min:  0.0, Avg:  0.0, Max:  0.0, Diff:  0.0, Sum:  0.0, Workers: 4
[97.458s][debug][gc,phases      ] GC(93)     Dead                           Min: 0, Avg:  0.0, Max: 0, Diff: 0, Sum: 0, Workers: 4
[97.458s][debug][gc,phases      ] GC(93)     Total                          Min: 0, Avg:  0.0, Max: 0, Diff: 0, Sum: 0, Workers: 4
[97.458s][debug][gc,phases      ] GC(93)   StringDedup Requests0 Weak     Min:  0.0, Avg:  0.0, Max:  0.0, Diff:  0.0, Sum:  0.0, Workers: 4
[97.458s][debug][gc,phases      ] GC(93)     Dead                           Min: 0, Avg:  0.0, Max: 0, Diff: 0, Sum: 0, Workers: 4
[97.458s][debug][gc,phases      ] GC(93)     Total                          Min: 0, Avg:  0.0, Max: 0, Diff: 0, Sum: 0, Workers: 4
[97.458s][debug][gc,phases      ] GC(93)   StringDedup Requests1 Weak     Min:  0.0, Avg:  0.0, Max:  0.0, Diff:  0.0, Sum:  0.0, Workers: 4
[97.458s][debug][gc,phases      ] GC(93)     Dead                           Min: 0, Avg:  0.0, Max: 0, Diff: 0, Sum: 0, Workers: 4
[97.458s][debug][gc,phases      ] GC(93)     Total                          Min: 0, Avg:  0.0, Max: 0, Diff: 0, Sum: 0, Workers: 4
[97.458s][debug][gc,phases      ] GC(93)   Weak JFR Old Object Samples    Min:  0.0, Avg:  0.0, Max:  0.0, Diff:  0.0, Sum:  0.0, Workers: 4
[97.458s][debug][gc,phases      ] GC(93)     Dead                           Min: 0, Avg:  0.0, Max: 0, Diff: 0, Sum: 0, Workers: 4
[97.458s][debug][gc,phases      ] GC(93)     Total                          Min: 0, Avg:  0.0, Max: 0, Diff: 0, Sum: 0, Workers: 4
[97.458s][debug][gc,phases      ] GC(93) Weak Processing 0.895ms
[97.458s][debug][gc,age         ] GC(93) Desired survivor size 71827456 bytes, new threshold 15 (max threshold 15)
[97.458s][info ][gc,heap        ] GC(93) PSYoungGen: 1986084K(2023424K)->33076K(2020864K) Eden: 1947136K(1947136K)->0K(1947136K) From: 38948K(76288K)->33076K(73728K)
[97.458s][info ][gc,heap        ] GC(93) ParOldGen: 356169K(416256K)->362425K(416256K)
[97.458s][info ][gc,metaspace   ] GC(93) Metaspace: 80595K(81408K)->80595K(81408K) NonClass: 69158K(69632K)->69158K(69632K) Class: 11437K(11776K)->11437K(11776K)
[97.458s][info ][gc             ] GC(93) Pause Young (Allocation Failure) 2287M->386M(2380M) 60.948ms
[97.458s][info ][gc,cpu         ] GC(93) User=0.06s Sys=0.00s Real=0.06s
[97.458s][info ][safepoint      ] Safepoint "ParallelGCFailedAllocation", Time since last: 780852989 ns, Reaching safepoint: 17663285 ns, At safepoint: 61088896 ns, Total: 78752181 ns
[98.346s][info ][gc,start       ] GC(94) Pause Young (Allocation Failure)
[98.385s][debug][gc,phases      ] GC(94) Scavenge 39.713ms
[98.385s][debug][gc,ref         ] GC(94) Skipped phase 1 of Reference Processing: no references
[98.386s][debug][gc,ref         ] GC(94) ReferenceProcessor::execute queues: 1, RefProcThreadModel::Single, marks_oops_alive: false
[98.386s][debug][gc,ref         ] GC(94) Skipped phase 3 of Reference Processing: no references
[98.386s][debug][gc,ref         ] GC(94) ReferenceProcessor::execute queues: 1, RefProcThreadModel::Single, marks_oops_alive: false
[98.386s][debug][gc,phases      ] GC(94) Reference Processing 0.177ms
[98.386s][debug][gc,phases      ] GC(94)   VM Weak                        Min:  0.0, Avg:  0.0, Max:  0.0, Diff:  0.0, Sum:  0.0, Workers: 4
[98.386s][debug][gc,phases      ] GC(94)     Dead                           Min: 0, Avg:  0.0, Max: 0, Diff: 0, Sum: 0, Workers: 4
[98.386s][debug][gc,phases      ] GC(94)     Total                          Min: 0, Avg: 163.5, Max: 654, Diff: 654, Sum: 654, Workers: 4
[98.386s][debug][gc,phases      ] GC(94)   ObjectSynchronizer Weak        Min:  0.0, Avg:  0.0, Max:  0.0, Diff:  0.0, Sum:  0.0, Workers: 4
[98.386s][debug][gc,phases      ] GC(94)     Dead                           Min: 0, Avg:  0.0, Max: 0, Diff: 0, Sum: 0, Workers: 4
[98.386s][debug][gc,phases      ] GC(94)     Total                          Min: 0, Avg: 60.5, Max: 242, Diff: 242, Sum: 242, Workers: 4
[98.386s][debug][gc,phases      ] GC(94)   JVMTI Tag Weak OopStorage      Min:  0.0, Avg:  0.0, Max:  0.0, Diff:  0.0, Sum:  0.0, Workers: 4
[98.386s][debug][gc,phases      ] GC(94)     Dead                           Min: 0, Avg:  0.0, Max: 0, Diff: 0, Sum: 0, Workers: 4
[98.386s][debug][gc,phases      ] GC(94)     Total                          Min: 0, Avg:  0.0, Max: 0, Diff: 0, Sum: 0, Workers: 4
[98.386s][debug][gc,phases      ] GC(94)   StringTable Weak               Min:  0.0, Avg:  0.1, Max:  0.5, Diff:  0.5, Sum:  0.5, Workers: 4
[98.386s][debug][gc,phases      ] GC(94)     Dead                           Min: 0, Avg:  0.0, Max: 0, Diff: 0, Sum: 0, Workers: 4
[98.386s][debug][gc,phases      ] GC(94)     Total                          Min: 0, Avg: 11739.2, Max: 46957, Diff: 46957, Sum: 46957, Workers: 4
[98.386s][debug][gc,phases      ] GC(94)   ResolvedMethodTable Weak       Min:  0.0, Avg:  0.0, Max:  0.1, Diff:  0.1, Sum:  0.1, Workers: 4
[98.386s][debug][gc,phases      ] GC(94)     Dead                           Min: 0, Avg:  0.0, Max: 0, Diff: 0, Sum: 0, Workers: 4
[98.386s][debug][gc,phases      ] GC(94)     Total                          Min: 0, Avg: 2034.2, Max: 8137, Diff: 8137, Sum: 8137, Workers: 4
[98.386s][debug][gc,phases      ] GC(94)   JNI Weak                       Min:  0.0, Avg:  0.0, Max:  0.0, Diff:  0.0, Sum:  0.0, Workers: 4
[98.386s][debug][gc,phases      ] GC(94)     Dead                           Min: 0, Avg:  0.0, Max: 0, Diff: 0, Sum: 0, Workers: 4
[98.386s][debug][gc,phases      ] GC(94)     Total                          Min: 0, Avg:  1.5, Max: 6, Diff: 6, Sum: 6, Workers: 4
[98.386s][debug][gc,phases      ] GC(94)   StringDedup Table Weak         Min:  0.0, Avg:  0.0, Max:  0.0, Diff:  0.0, Sum:  0.0, Workers: 4
[98.386s][debug][gc,phases      ] GC(94)     Dead                           Min: 0, Avg:  0.0, Max: 0, Diff: 0, Sum: 0, Workers: 4
[98.386s][debug][gc,phases      ] GC(94)     Total                          Min: 0, Avg:  0.0, Max: 0, Diff: 0, Sum: 0, Workers: 4
[98.386s][debug][gc,phases      ] GC(94)   StringDedup Requests0 Weak     Min:  0.0, Avg:  0.0, Max:  0.0, Diff:  0.0, Sum:  0.0, Workers: 4
[98.386s][debug][gc,phases      ] GC(94)     Dead                           Min: 0, Avg:  0.0, Max: 0, Diff: 0, Sum: 0, Workers: 4
[98.386s][debug][gc,phases      ] GC(94)     Total                          Min: 0, Avg:  0.0, Max: 0, Diff: 0, Sum: 0, Workers: 4
[98.387s][debug][gc,phases      ] GC(94)   StringDedup Requests1 Weak     Min:  0.0, Avg:  0.0, Max:  0.0, Diff:  0.0, Sum:  0.0, Workers: 4
[98.387s][debug][gc,phases      ] GC(94)     Dead                           Min: 0, Avg:  0.0, Max: 0, Diff: 0, Sum: 0, Workers: 4
[98.387s][debug][gc,phases      ] GC(94)     Total                          Min: 0, Avg:  0.0, Max: 0, Diff: 0, Sum: 0, Workers: 4
[98.387s][debug][gc,phases      ] GC(94)   Weak JFR Old Object Samples    Min:  0.0, Avg:  0.0, Max:  0.0, Diff:  0.0, Sum:  0.0, Workers: 4
[98.387s][debug][gc,phases      ] GC(94)     Dead                           Min: 0, Avg:  0.0, Max: 0, Diff: 0, Sum: 0, Workers: 4
[98.387s][debug][gc,phases      ] GC(94)     Total                          Min: 0, Avg:  0.0, Max: 0, Diff: 0, Sum: 0, Workers: 4
[98.387s][debug][gc,phases      ] GC(94) Weak Processing 0.929ms
[98.387s][debug][gc,age         ] GC(94) Desired survivor size 69206016 bytes, new threshold 15 (max threshold 15)
[98.387s][info ][gc,heap        ] GC(94) PSYoungGen: 1980212K(2020864K)->28452K(2029568K) Eden: 1947136K(1947136K)->0K(1959424K) From: 33076K(73728K)->28452K(70144K)
[98.387s][info ][gc,heap        ] GC(94) ParOldGen: 362425K(416256K)->367273K(416256K)
[98.387s][info ][gc,metaspace   ] GC(94) Metaspace: 80623K(81408K)->80623K(81408K) NonClass: 69185K(69632K)->69185K(69632K) Class: 11437K(11776K)->11437K(11776K)
[98.387s][info ][gc             ] GC(94) Pause Young (Allocation Failure) 2287M->386M(2388M) 40.980ms
[98.387s][info ][gc,cpu         ] GC(94) User=0.05s Sys=0.00s Real=0.04s
[98.387s][info ][safepoint      ] Safepoint "ParallelGCFailedAllocation", Time since last: 878928562 ns, Reaching safepoint: 8197240 ns, At safepoint: 41159899 ns, Total: 49357139 ns
[99.207s][info ][gc,start       ] GC(95) Pause Young (Allocation Failure)
[99.226s][debug][gc,phases      ] GC(95) Scavenge 18.849ms
[99.226s][debug][gc,ref         ] GC(95) Skipped phase 1 of Reference Processing: no references
[99.226s][debug][gc,ref         ] GC(95) ReferenceProcessor::execute queues: 1, RefProcThreadModel::Single, marks_oops_alive: false
[99.226s][debug][gc,ref         ] GC(95) Skipped phase 3 of Reference Processing: no references
[99.226s][debug][gc,ref         ] GC(95) ReferenceProcessor::execute queues: 1, RefProcThreadModel::Single, marks_oops_alive: false
[99.226s][debug][gc,phases      ] GC(95) Reference Processing 0.161ms
[99.227s][debug][gc,phases      ] GC(95)   VM Weak                        Min:  0.0, Avg:  0.0, Max:  0.0, Diff:  0.0, Sum:  0.0, Workers: 4
[99.227s][debug][gc,phases      ] GC(95)     Dead                           Min: 0, Avg:  0.0, Max: 0, Diff: 0, Sum: 0, Workers: 4
[99.227s][debug][gc,phases      ] GC(95)     Total                          Min: 0, Avg: 163.5, Max: 654, Diff: 654, Sum: 654, Workers: 4
[99.227s][debug][gc,phases      ] GC(95)   ObjectSynchronizer Weak        Min:  0.0, Avg:  0.0, Max:  0.0, Diff:  0.0, Sum:  0.0, Workers: 4
[99.227s][debug][gc,phases      ] GC(95)     Dead                           Min: 0, Avg:  0.0, Max: 0, Diff: 0, Sum: 0, Workers: 4
[99.227s][debug][gc,phases      ] GC(95)     Total                          Min: 0, Avg: 60.5, Max: 242, Diff: 242, Sum: 242, Workers: 4
[99.227s][debug][gc,phases      ] GC(95)   JVMTI Tag Weak OopStorage      Min:  0.0, Avg:  0.0, Max:  0.0, Diff:  0.0, Sum:  0.0, Workers: 4
[99.227s][debug][gc,phases      ] GC(95)     Dead                           Min: 0, Avg:  0.0, Max: 0, Diff: 0, Sum: 0, Workers: 4
[99.227s][debug][gc,phases      ] GC(95)     Total                          Min: 0, Avg:  0.0, Max: 0, Diff: 0, Sum: 0, Workers: 4
[99.227s][debug][gc,phases      ] GC(95)   StringTable Weak               Min:  0.0, Avg:  0.2, Max:  0.6, Diff:  0.6, Sum:  0.6, Workers: 4
[99.227s][debug][gc,phases      ] GC(95)     Dead                           Min: 0, Avg:  0.0, Max: 0, Diff: 0, Sum: 0, Workers: 4
[99.227s][debug][gc,phases      ] GC(95)     Total                          Min: 0, Avg: 11750.5, Max: 47002, Diff: 47002, Sum: 47002, Workers: 4
[99.227s][debug][gc,phases      ] GC(95)   ResolvedMethodTable Weak       Min:  0.0, Avg:  0.0, Max:  0.1, Diff:  0.1, Sum:  0.1, Workers: 4
[99.227s][debug][gc,phases      ] GC(95)     Dead                           Min: 0, Avg:  0.0, Max: 0, Diff: 0, Sum: 0, Workers: 4
[99.227s][debug][gc,phases      ] GC(95)     Total                          Min: 0, Avg: 2034.2, Max: 8137, Diff: 8137, Sum: 8137, Workers: 4
[99.227s][debug][gc,phases      ] GC(95)   JNI Weak                       Min:  0.0, Avg:  0.0, Max:  0.0, Diff:  0.0, Sum:  0.0, Workers: 4
[99.227s][debug][gc,phases      ] GC(95)     Dead                           Min: 0, Avg:  0.0, Max: 0, Diff: 0, Sum: 0, Workers: 4
[99.227s][debug][gc,phases      ] GC(95)     Total                          Min: 0, Avg:  1.2, Max: 5, Diff: 5, Sum: 5, Workers: 4
[99.227s][debug][gc,phases      ] GC(95)   StringDedup Table Weak         Min:  0.0, Avg:  0.0, Max:  0.0, Diff:  0.0, Sum:  0.0, Workers: 4
[99.227s][debug][gc,phases      ] GC(95)     Dead                           Min: 0, Avg:  0.0, Max: 0, Diff: 0, Sum: 0, Workers: 4
[99.227s][debug][gc,phases      ] GC(95)     Total                          Min: 0, Avg:  0.0, Max: 0, Diff: 0, Sum: 0, Workers: 4
[99.227s][debug][gc,phases      ] GC(95)   StringDedup Requests0 Weak     Min:  0.0, Avg:  0.0, Max:  0.0, Diff:  0.0, Sum:  0.0, Workers: 4
[99.227s][debug][gc,phases      ] GC(95)     Dead                           Min: 0, Avg:  0.0, Max: 0, Diff: 0, Sum: 0, Workers: 4
[99.227s][debug][gc,phases      ] GC(95)     Total                          Min: 0, Avg:  0.0, Max: 0, Diff: 0, Sum: 0, Workers: 4
[99.227s][debug][gc,phases      ] GC(95)   StringDedup Requests1 Weak     Min:  0.0, Avg:  0.0, Max:  0.0, Diff:  0.0, Sum:  0.0, Workers: 4
[99.227s][debug][gc,phases      ] GC(95)     Dead                           Min: 0, Avg:  0.0, Max: 0, Diff: 0, Sum: 0, Workers: 4
[99.227s][debug][gc,phases      ] GC(95)     Total                          Min: 0, Avg:  0.0, Max: 0, Diff: 0, Sum: 0, Workers: 4
[99.227s][debug][gc,phases      ] GC(95)   Weak JFR Old Object Samples    Min:  0.0, Avg:  0.0, Max:  0.0, Diff:  0.0, Sum:  0.0, Workers: 4
[99.227s][debug][gc,phases      ] GC(95)     Dead                           Min: 0, Avg:  0.0, Max: 0, Diff: 0, Sum: 0, Workers: 4
[99.227s][debug][gc,phases      ] GC(95)     Total                          Min: 0, Avg:  0.0, Max: 0, Diff: 0, Sum: 0, Workers: 4
[99.227s][debug][gc,phases      ] GC(95) Weak Processing 0.968ms
[99.227s][debug][gc,age         ] GC(95) Desired survivor size 67108864 bytes, new threshold 15 (max threshold 15)
[99.227s][info ][gc,heap        ] GC(95) PSYoungGen: 1987876K(2029568K)->28048K(2027008K) Eden: 1959424K(1959424K)->0K(1959424K) From: 28452K(70144K)->28048K(67584K)
[99.227s][info ][gc,heap        ] GC(95) ParOldGen: 367273K(416256K)->368168K(416256K)
[99.227s][info ][gc,metaspace   ] GC(95) Metaspace: 80635K(81408K)->80635K(81408K) NonClass: 69196K(69632K)->69196K(69632K) Class: 11438K(11776K)->11438K(11776K)
[99.227s][info ][gc             ] GC(95) Pause Young (Allocation Failure) 2299M->386M(2386M) 20.136ms
[99.227s][info ][gc,cpu         ] GC(95) User=0.04s Sys=0.00s Real=0.02s
[99.227s][info ][safepoint      ] Safepoint "ParallelGCFailedAllocation", Time since last: 817579562 ns, Reaching safepoint: 2291711 ns, At safepoint: 20262398 ns, Total: 22554109 ns
[100.014s][info ][safepoint      ] Safepoint "ICBufferFull", Time since last: 781213382 ns, Reaching safepoint: 5814528 ns, At safepoint: 31101 ns, Total: 5845629 ns
[100.114s][info ][gc,start       ] GC(96) Pause Young (Allocation Failure)
[100.137s][debug][gc,phases      ] GC(96) Scavenge 23.697ms
[100.138s][debug][gc,ref         ] GC(96) Skipped phase 1 of Reference Processing: no references
[100.138s][debug][gc,ref         ] GC(96) ReferenceProcessor::execute queues: 1, RefProcThreadModel::Single, marks_oops_alive: false
[100.138s][debug][gc,ref         ] GC(96) Skipped phase 3 of Reference Processing: no references
[100.138s][debug][gc,ref         ] GC(96) ReferenceProcessor::execute queues: 1, RefProcThreadModel::Single, marks_oops_alive: false
[100.138s][debug][gc,phases      ] GC(96) Reference Processing 0.177ms
[100.140s][debug][gc,phases      ] GC(96)   VM Weak                        Min:  0.0, Avg:  0.0, Max:  0.0, Diff:  0.0, Sum:  0.0, Workers: 4
[100.140s][debug][gc,phases      ] GC(96)     Dead                           Min: 0, Avg:  0.0, Max: 0, Diff: 0, Sum: 0, Workers: 4
[100.140s][debug][gc,phases      ] GC(96)     Total                          Min: 0, Avg: 163.5, Max: 654, Diff: 654, Sum: 654, Workers: 4
[100.140s][debug][gc,phases      ] GC(96)   ObjectSynchronizer Weak        Min:  0.0, Avg:  0.0, Max:  0.0, Diff:  0.0, Sum:  0.0, Workers: 4
[100.140s][debug][gc,phases      ] GC(96)     Dead                           Min: 0, Avg:  0.0, Max: 0, Diff: 0, Sum: 0, Workers: 4
[100.140s][debug][gc,phases      ] GC(96)     Total                          Min: 0, Avg: 60.5, Max: 242, Diff: 242, Sum: 242, Workers: 4
[100.140s][debug][gc,phases      ] GC(96)   JVMTI Tag Weak OopStorage      Min:  0.0, Avg:  0.0, Max:  0.0, Diff:  0.0, Sum:  0.0, Workers: 4
[100.140s][debug][gc,phases      ] GC(96)     Dead                           Min: 0, Avg:  0.0, Max: 0, Diff: 0, Sum: 0, Workers: 4
[100.140s][debug][gc,phases      ] GC(96)     Total                          Min: 0, Avg:  0.0, Max: 0, Diff: 0, Sum: 0, Workers: 4
[100.140s][debug][gc,phases      ] GC(96)   StringTable Weak               Min:  0.0, Avg:  0.2, Max:  0.7, Diff:  0.7, Sum:  0.7, Workers: 4
[100.140s][debug][gc,phases      ] GC(96)     Dead                           Min: 0, Avg:  0.0, Max: 0, Diff: 0, Sum: 0, Workers: 4
[100.140s][debug][gc,phases      ] GC(96)     Total                          Min: 0, Avg: 11755.5, Max: 47022, Diff: 47022, Sum: 47022, Workers: 4
[100.140s][debug][gc,phases      ] GC(96)   ResolvedMethodTable Weak       Min:  0.0, Avg:  0.0, Max:  0.1, Diff:  0.1, Sum:  0.1, Workers: 4
[100.140s][debug][gc,phases      ] GC(96)     Dead                           Min: 0, Avg:  0.0, Max: 0, Diff: 0, Sum: 0, Workers: 4
[100.140s][debug][gc,phases      ] GC(96)     Total                          Min: 0, Avg: 2034.8, Max: 8139, Diff: 8139, Sum: 8139, Workers: 4
[100.140s][debug][gc,phases      ] GC(96)   JNI Weak                       Min:  0.0, Avg:  0.0, Max:  0.0, Diff:  0.0, Sum:  0.0, Workers: 4
[100.140s][debug][gc,phases      ] GC(96)     Dead                           Min: 0, Avg:  0.0, Max: 0, Diff: 0, Sum: 0, Workers: 4
[100.140s][debug][gc,phases      ] GC(96)     Total                          Min: 0, Avg:  0.5, Max: 2, Diff: 2, Sum: 2, Workers: 4
[100.140s][debug][gc,phases      ] GC(96)   StringDedup Table Weak         Min:  0.0, Avg:  0.0, Max:  0.0, Diff:  0.0, Sum:  0.0, Workers: 4
[100.140s][debug][gc,phases      ] GC(96)     Dead                           Min: 0, Avg:  0.0, Max: 0, Diff: 0, Sum: 0, Workers: 4
[100.140s][debug][gc,phases      ] GC(96)     Total                          Min: 0, Avg:  0.0, Max: 0, Diff: 0, Sum: 0, Workers: 4
[100.140s][debug][gc,phases      ] GC(96)   StringDedup Requests0 Weak     Min:  0.0, Avg:  0.0, Max:  0.0, Diff:  0.0, Sum:  0.0, Workers: 4
[100.140s][debug][gc,phases      ] GC(96)     Dead                           Min: 0, Avg:  0.0, Max: 0, Diff: 0, Sum: 0, Workers: 4
[100.140s][debug][gc,phases      ] GC(96)     Total                          Min: 0, Avg:  0.0, Max: 0, Diff: 0, Sum: 0, Workers: 4
[100.140s][debug][gc,phases      ] GC(96)   StringDedup Requests1 Weak     Min:  0.0, Avg:  0.0, Max:  0.0, Diff:  0.0, Sum:  0.0, Workers: 4
[100.140s][debug][gc,phases      ] GC(96)     Dead                           Min: 0, Avg:  0.0, Max: 0, Diff: 0, Sum: 0, Workers: 4
[100.140s][debug][gc,phases      ] GC(96)     Total                          Min: 0, Avg:  0.0, Max: 0, Diff: 0, Sum: 0, Workers: 4
[100.140s][debug][gc,phases      ] GC(96)   Weak JFR Old Object Samples    Min:  0.0, Avg:  0.0, Max:  0.0, Diff:  0.0, Sum:  0.0, Workers: 4
[100.140s][debug][gc,phases      ] GC(96)     Dead                           Min: 0, Avg:  0.0, Max: 0, Diff: 0, Sum: 0, Workers: 4
[100.140s][debug][gc,phases      ] GC(96)     Total                          Min: 0, Avg:  0.0, Max: 0, Diff: 0, Sum: 0, Workers: 4
[100.140s][debug][gc,phases      ] GC(96) Weak Processing 2.198ms
[100.140s][debug][gc,age         ] GC(96) Desired survivor size 65011712 bytes, new threshold 15 (max threshold 15)
[100.140s][info ][gc,heap        ] GC(96) PSYoungGen: 1987472K(2027008K)->26778K(2033664K) Eden: 1959424K(1959424K)->0K(1968128K) From: 28048K(67584K)->26778K(65536K)
[100.140s][info ][gc,heap        ] GC(96) ParOldGen: 368168K(416256K)->369893K(416256K)
[100.140s][info ][gc,metaspace   ] GC(96) Metaspace: 80725K(81536K)->80725K(81536K) NonClass: 69281K(69760K)->69281K(69760K) Class: 11444K(11776K)->11444K(11776K)
[100.140s][info ][gc             ] GC(96) Pause Young (Allocation Failure) 2300M->387M(2392M) 26.238ms
[100.140s][info ][gc,cpu         ] GC(96) User=0.05s Sys=0.00s Real=0.02s
[100.140s][info ][safepoint      ] Safepoint "ParallelGCFailedAllocation", Time since last: 80958891 ns, Reaching safepoint: 18780191 ns, At safepoint: 26385028 ns, Total: 45165219 ns
[100.952s][info ][gc,start       ] GC(97) Pause Young (Allocation Failure)
[100.966s][debug][gc,phases      ] GC(97) Scavenge 13.714ms
[100.966s][debug][gc,ref         ] GC(97) Skipped phase 1 of Reference Processing: no references
[100.966s][debug][gc,ref         ] GC(97) ReferenceProcessor::execute queues: 1, RefProcThreadModel::Single, marks_oops_alive: false
[100.966s][debug][gc,ref         ] GC(97) Skipped phase 3 of Reference Processing: no references
[100.966s][debug][gc,ref         ] GC(97) ReferenceProcessor::execute queues: 1, RefProcThreadModel::Single, marks_oops_alive: false
[100.966s][debug][gc,phases      ] GC(97) Reference Processing 0.146ms
[100.967s][debug][gc,phases      ] GC(97)   VM Weak                        Min:  0.0, Avg:  0.0, Max:  0.0, Diff:  0.0, Sum:  0.0, Workers: 4
[100.967s][debug][gc,phases      ] GC(97)     Dead                           Min: 0, Avg:  0.0, Max: 0, Diff: 0, Sum: 0, Workers: 4
[100.967s][debug][gc,phases      ] GC(97)     Total                          Min: 0, Avg: 163.5, Max: 334, Diff: 334, Sum: 654, Workers: 4
[100.967s][debug][gc,phases      ] GC(97)   ObjectSynchronizer Weak        Min:  0.0, Avg:  0.0, Max:  0.0, Diff:  0.0, Sum:  0.0, Workers: 4
[100.967s][debug][gc,phases      ] GC(97)     Dead                           Min: 0, Avg:  0.0, Max: 0, Diff: 0, Sum: 0, Workers: 4
[100.967s][debug][gc,phases      ] GC(97)     Total                          Min: 0, Avg: 60.5, Max: 128, Diff: 128, Sum: 242, Workers: 4
[100.967s][debug][gc,phases      ] GC(97)   JVMTI Tag Weak OopStorage      Min:  0.0, Avg:  0.0, Max:  0.0, Diff:  0.0, Sum:  0.0, Workers: 4
[100.967s][debug][gc,phases      ] GC(97)     Dead                           Min: 0, Avg:  0.0, Max: 0, Diff: 0, Sum: 0, Workers: 4
[100.967s][debug][gc,phases      ] GC(97)     Total                          Min: 0, Avg:  0.0, Max: 0, Diff: 0, Sum: 0, Workers: 4
[100.967s][debug][gc,phases      ] GC(97)   StringTable Weak               Min:  0.2, Avg:  0.2, Max:  0.2, Diff:  0.0, Sum:  0.6, Workers: 4
[100.967s][debug][gc,phases      ] GC(97)     Dead                           Min: 0, Avg:  0.0, Max: 0, Diff: 0, Sum: 0, Workers: 4
[100.967s][debug][gc,phases      ] GC(97)     Total                          Min: 11072, Avg: 11768.0, Max: 12320, Diff: 1248, Sum: 47072, Workers: 4
[100.967s][debug][gc,phases      ] GC(97)   ResolvedMethodTable Weak       Min:  0.0, Avg:  0.0, Max:  0.0, Diff:  0.0, Sum:  0.1, Workers: 4
[100.967s][debug][gc,phases      ] GC(97)     Dead                           Min: 0, Avg:  0.0, Max: 0, Diff: 0, Sum: 0, Workers: 4
[100.967s][debug][gc,phases      ] GC(97)     Total                          Min: 1920, Avg: 2034.8, Max: 2304, Diff: 384, Sum: 8139, Workers: 4
[100.967s][debug][gc,phases      ] GC(97)   JNI Weak                       Min:  0.0, Avg:  0.0, Max:  0.0, Diff:  0.0, Sum:  0.0, Workers: 4
[100.967s][debug][gc,phases      ] GC(97)     Dead                           Min: 0, Avg:  0.0, Max: 0, Diff: 0, Sum: 0, Workers: 4
[100.967s][debug][gc,phases      ] GC(97)     Total                          Min: 0, Avg:  0.5, Max: 2, Diff: 2, Sum: 2, Workers: 4
[100.967s][debug][gc,phases      ] GC(97)   StringDedup Table Weak         Min:  0.0, Avg:  0.0, Max:  0.0, Diff:  0.0, Sum:  0.0, Workers: 4
[100.967s][debug][gc,phases      ] GC(97)     Dead                           Min: 0, Avg:  0.0, Max: 0, Diff: 0, Sum: 0, Workers: 4
[100.967s][debug][gc,phases      ] GC(97)     Total                          Min: 0, Avg:  0.0, Max: 0, Diff: 0, Sum: 0, Workers: 4
[100.967s][debug][gc,phases      ] GC(97)   StringDedup Requests0 Weak     Min:  0.0, Avg:  0.0, Max:  0.0, Diff:  0.0, Sum:  0.0, Workers: 4
[100.967s][debug][gc,phases      ] GC(97)     Dead                           Min: 0, Avg:  0.0, Max: 0, Diff: 0, Sum: 0, Workers: 4
[100.967s][debug][gc,phases      ] GC(97)     Total                          Min: 0, Avg:  0.0, Max: 0, Diff: 0, Sum: 0, Workers: 4
[100.967s][debug][gc,phases      ] GC(97)   StringDedup Requests1 Weak     Min:  0.0, Avg:  0.0, Max:  0.0, Diff:  0.0, Sum:  0.0, Workers: 4
[100.967s][debug][gc,phases      ] GC(97)     Dead                           Min: 0, Avg:  0.0, Max: 0, Diff: 0, Sum: 0, Workers: 4
[100.967s][debug][gc,phases      ] GC(97)     Total                          Min: 0, Avg:  0.0, Max: 0, Diff: 0, Sum: 0, Workers: 4
[100.967s][debug][gc,phases      ] GC(97)   Weak JFR Old Object Samples    Min:  0.0, Avg:  0.0, Max:  0.0, Diff:  0.0, Sum:  0.0, Workers: 4
[100.967s][debug][gc,phases      ] GC(97)     Dead                           Min: 0, Avg:  0.0, Max: 0, Diff: 0, Sum: 0, Workers: 4
[100.967s][debug][gc,phases      ] GC(97)     Total                          Min: 0, Avg:  0.0, Max: 0, Diff: 0, Sum: 0, Workers: 4
[100.967s][debug][gc,phases      ] GC(97) Weak Processing 0.453ms
[100.967s][debug][gc,age         ] GC(97) Desired survivor size 62914560 bytes, new threshold 15 (max threshold 15)
[100.967s][info ][gc,heap        ] GC(97) PSYoungGen: 1994906K(2033664K)->25930K(2031616K) Eden: 1968128K(1968128K)->0K(1968128K) From: 26778K(65536K)->25930K(63488K)
[100.967s][info ][gc,heap        ] GC(97) ParOldGen: 369893K(416256K)->371246K(416256K)
[100.967s][info ][gc,metaspace   ] GC(97) Metaspace: 80751K(81536K)->80751K(81536K) NonClass: 69306K(69760K)->69306K(69760K) Class: 11444K(11776K)->11444K(11776K)
[100.967s][info ][gc             ] GC(97) Pause Young (Allocation Failure) 2309M->387M(2390M) 14.500ms
[100.967s][info ][gc,cpu         ] GC(97) User=0.04s Sys=0.00s Real=0.01s
[100.967s][info ][safepoint      ] Safepoint "ParallelGCFailedAllocation", Time since last: 812092329 ns, Reaching safepoint: 221001 ns, At safepoint: 14639271 ns, Total: 14860272 ns
[101.846s][info ][gc,start       ] GC(98) Pause Young (Allocation Failure)
[101.861s][debug][gc,phases      ] GC(98) Scavenge 15.221ms
[101.861s][debug][gc,ref         ] GC(98) Skipped phase 1 of Reference Processing: no references
[101.861s][debug][gc,ref         ] GC(98) ReferenceProcessor::execute queues: 1, RefProcThreadModel::Single, marks_oops_alive: false
[101.861s][debug][gc,ref         ] GC(98) Skipped phase 3 of Reference Processing: no references
[101.861s][debug][gc,ref         ] GC(98) ReferenceProcessor::execute queues: 1, RefProcThreadModel::Single, marks_oops_alive: false
[101.861s][debug][gc,phases      ] GC(98) Reference Processing 0.163ms
[101.861s][debug][gc,phases      ] GC(98)   VM Weak                        Min:  0.0, Avg:  0.0, Max:  0.0, Diff:  0.0, Sum:  0.0, Workers: 4
[101.861s][debug][gc,phases      ] GC(98)     Dead                           Min: 0, Avg:  0.0, Max: 0, Diff: 0, Sum: 0, Workers: 4
[101.861s][debug][gc,phases      ] GC(98)     Total                          Min: 0, Avg: 163.5, Max: 384, Diff: 384, Sum: 654, Workers: 4
[101.861s][debug][gc,phases      ] GC(98)   ObjectSynchronizer Weak        Min:  0.0, Avg:  0.0, Max:  0.0, Diff:  0.0, Sum:  0.0, Workers: 4
[101.861s][debug][gc,phases      ] GC(98)     Dead                           Min: 0, Avg:  0.0, Max: 0, Diff: 0, Sum: 0, Workers: 4
[101.862s][debug][gc,phases      ] GC(98)     Total                          Min: 0, Avg: 60.5, Max: 128, Diff: 128, Sum: 242, Workers: 4
[101.862s][debug][gc,phases      ] GC(98)   JVMTI Tag Weak OopStorage      Min:  0.0, Avg:  0.0, Max:  0.0, Diff:  0.0, Sum:  0.0, Workers: 4
[101.862s][debug][gc,phases      ] GC(98)     Dead                           Min: 0, Avg:  0.0, Max: 0, Diff: 0, Sum: 0, Workers: 4
[101.862s][debug][gc,phases      ] GC(98)     Total                          Min: 0, Avg:  0.0, Max: 0, Diff: 0, Sum: 0, Workers: 4
[101.862s][debug][gc,phases      ] GC(98)   StringTable Weak               Min:  0.0, Avg:  0.2, Max:  0.2, Diff:  0.2, Sum:  0.7, Workers: 4
[101.862s][debug][gc,phases      ] GC(98)     Dead                           Min: 0, Avg:  0.0, Max: 0, Diff: 0, Sum: 0, Workers: 4
[101.862s][debug][gc,phases      ] GC(98)     Total                          Min: 0, Avg: 11780.8, Max: 16512, Diff: 16512, Sum: 47123, Workers: 4
[101.862s][debug][gc,phases      ] GC(98)   ResolvedMethodTable Weak       Min:  0.0, Avg:  0.0, Max:  0.0, Diff:  0.0, Sum:  0.1, Workers: 4
[101.862s][debug][gc,phases      ] GC(98)     Dead                           Min: 0, Avg:  0.0, Max: 0, Diff: 0, Sum: 0, Workers: 4
[101.862s][debug][gc,phases      ] GC(98)     Total                          Min: 0, Avg: 2035.2, Max: 2880, Diff: 2880, Sum: 8141, Workers: 4
[101.862s][debug][gc,phases      ] GC(98)   JNI Weak                       Min:  0.0, Avg:  0.0, Max:  0.0, Diff:  0.0, Sum:  0.0, Workers: 4
[101.862s][debug][gc,phases      ] GC(98)     Dead                           Min: 0, Avg:  0.0, Max: 0, Diff: 0, Sum: 0, Workers: 4
[101.862s][debug][gc,phases      ] GC(98)     Total                          Min: 0, Avg:  0.5, Max: 2, Diff: 2, Sum: 2, Workers: 4
[101.862s][debug][gc,phases      ] GC(98)   StringDedup Table Weak         Min:  0.0, Avg:  0.0, Max:  0.0, Diff:  0.0, Sum:  0.0, Workers: 4
[101.862s][debug][gc,phases      ] GC(98)     Dead                           Min: 0, Avg:  0.0, Max: 0, Diff: 0, Sum: 0, Workers: 4
[101.862s][debug][gc,phases      ] GC(98)     Total                          Min: 0, Avg:  0.0, Max: 0, Diff: 0, Sum: 0, Workers: 4
[101.862s][debug][gc,phases      ] GC(98)   StringDedup Requests0 Weak     Min:  0.0, Avg:  0.0, Max:  0.0, Diff:  0.0, Sum:  0.0, Workers: 4
[101.862s][debug][gc,phases      ] GC(98)     Dead                           Min: 0, Avg:  0.0, Max: 0, Diff: 0, Sum: 0, Workers: 4
[101.862s][debug][gc,phases      ] GC(98)     Total                          Min: 0, Avg:  0.0, Max: 0, Diff: 0, Sum: 0, Workers: 4
[101.862s][debug][gc,phases      ] GC(98)   StringDedup Requests1 Weak     Min:  0.0, Avg:  0.0, Max:  0.0, Diff:  0.0, Sum:  0.0, Workers: 4
[101.862s][debug][gc,phases      ] GC(98)     Dead                           Min: 0, Avg:  0.0, Max: 0, Diff: 0, Sum: 0, Workers: 4
[101.862s][debug][gc,phases      ] GC(98)     Total                          Min: 0, Avg:  0.0, Max: 0, Diff: 0, Sum: 0, Workers: 4
[101.862s][debug][gc,phases      ] GC(98)   Weak JFR Old Object Samples    Min:  0.0, Avg:  0.0, Max:  0.0, Diff:  0.0, Sum:  0.0, Workers: 4
[101.862s][debug][gc,phases      ] GC(98)     Dead                           Min: 0, Avg:  0.0, Max: 0, Diff: 0, Sum: 0, Workers: 4
[101.862s][debug][gc,phases      ] GC(98)     Total                          Min: 0, Avg:  0.0, Max: 0, Diff: 0, Sum: 0, Workers: 4
[101.862s][debug][gc,phases      ] GC(98) Weak Processing 0.515ms
[101.862s][debug][gc,age         ] GC(98) Desired survivor size 63963136 bytes, new threshold 15 (max threshold 15)
[101.862s][info ][gc,heap        ] GC(98) PSYoungGen: 1994058K(2031616K)->8245K(2033664K) Eden: 1968128K(1968128K)->0K(1972224K) From: 25930K(63488K)->8245K(61440K)
[101.862s][info ][gc,heap        ] GC(98) ParOldGen: 371246K(416256K)->389423K(416256K)
[101.862s][info ][gc,metaspace   ] GC(98) Metaspace: 80761K(81536K)->80761K(81536K) NonClass: 69316K(69760K)->69316K(69760K) Class: 11445K(11776K)->11445K(11776K)
[101.862s][info ][gc             ] GC(98) Pause Young (Allocation Failure) 2309M->388M(2392M) 16.069ms
[101.862s][info ][gc,cpu         ] GC(98) User=0.04s Sys=0.00s Real=0.02s
[101.862s][info ][safepoint      ] Safepoint "ParallelGCFailedAllocation", Time since last: 875309533 ns, Reaching safepoint: 3268315 ns, At safepoint: 16222579 ns, Total: 19490894 ns
[102.773s][info ][gc,start       ] GC(99) Pause Young (Allocation Failure)
[102.781s][debug][gc,phases      ] GC(99) Scavenge 7.936ms
[102.781s][debug][gc,ref         ] GC(99) Skipped phase 1 of Reference Processing: no references
[102.781s][debug][gc,ref         ] GC(99) ReferenceProcessor::execute queues: 1, RefProcThreadModel::Single, marks_oops_alive: false
[102.781s][debug][gc,ref         ] GC(99) Skipped phase 3 of Reference Processing: no references
[102.781s][debug][gc,ref         ] GC(99) Skipped phase 4 of Reference Processing: no references
[102.781s][debug][gc,phases      ] GC(99) Reference Processing 0.147ms
[102.782s][debug][gc,phases      ] GC(99)   VM Weak                        Min:  0.0, Avg:  0.0, Max:  0.0, Diff:  0.0, Sum:  0.0, Workers: 4
[102.782s][debug][gc,phases      ] GC(99)     Dead                           Min: 0, Avg:  0.0, Max: 0, Diff: 0, Sum: 0, Workers: 4
[102.782s][debug][gc,phases      ] GC(99)     Total                          Min: 0, Avg: 163.5, Max: 654, Diff: 654, Sum: 654, Workers: 4
[102.782s][debug][gc,phases      ] GC(99)   ObjectSynchronizer Weak        Min:  0.0, Avg:  0.0, Max:  0.0, Diff:  0.0, Sum:  0.0, Workers: 4
[102.782s][debug][gc,phases      ] GC(99)     Dead                           Min: 0, Avg:  0.0, Max: 0, Diff: 0, Sum: 0, Workers: 4
[102.782s][debug][gc,phases      ] GC(99)     Total                          Min: 0, Avg: 60.5, Max: 242, Diff: 242, Sum: 242, Workers: 4
[102.782s][debug][gc,phases      ] GC(99)   JVMTI Tag Weak OopStorage      Min:  0.0, Avg:  0.0, Max:  0.0, Diff:  0.0, Sum:  0.0, Workers: 4
[102.782s][debug][gc,phases      ] GC(99)     Dead                           Min: 0, Avg:  0.0, Max: 0, Diff: 0, Sum: 0, Workers: 4
[102.782s][debug][gc,phases      ] GC(99)     Total                          Min: 0, Avg:  0.0, Max: 0, Diff: 0, Sum: 0, Workers: 4
[102.782s][debug][gc,phases      ] GC(99)   StringTable Weak               Min:  0.0, Avg:  0.1, Max:  0.5, Diff:  0.5, Sum:  0.5, Workers: 4
[102.782s][debug][gc,phases      ] GC(99)     Dead                           Min: 0, Avg:  0.0, Max: 0, Diff: 0, Sum: 0, Workers: 4
[102.782s][debug][gc,phases      ] GC(99)     Total                          Min: 0, Avg: 11797.8, Max: 47191, Diff: 47191, Sum: 47191, Workers: 4
[102.782s][debug][gc,phases      ] GC(99)   ResolvedMethodTable Weak       Min:  0.0, Avg:  0.0, Max:  0.1, Diff:  0.1, Sum:  0.1, Workers: 4
[102.782s][debug][gc,phases      ] GC(99)     Dead                           Min: 0, Avg:  0.0, Max: 0, Diff: 0, Sum: 0, Workers: 4
[102.782s][debug][gc,phases      ] GC(99)     Total                          Min: 0, Avg: 2035.2, Max: 8141, Diff: 8141, Sum: 8141, Workers: 4
[102.782s][debug][gc,phases      ] GC(99)   JNI Weak                       Min:  0.0, Avg:  0.0, Max:  0.0, Diff:  0.0, Sum:  0.0, Workers: 4
[102.782s][debug][gc,phases      ] GC(99)     Dead                           Min: 0, Avg:  0.0, Max: 0, Diff: 0, Sum: 0, Workers: 4
[102.782s][debug][gc,phases      ] GC(99)     Total                          Min: 0, Avg:  0.2, Max: 1, Diff: 1, Sum: 1, Workers: 4
[102.782s][debug][gc,phases      ] GC(99)   StringDedup Table Weak         Min:  0.0, Avg:  0.0, Max:  0.0, Diff:  0.0, Sum:  0.0, Workers: 4
[102.782s][debug][gc,phases      ] GC(99)     Dead                           Min: 0, Avg:  0.0, Max: 0, Diff: 0, Sum: 0, Workers: 4
[102.782s][debug][gc,phases      ] GC(99)     Total                          Min: 0, Avg:  0.0, Max: 0, Diff: 0, Sum: 0, Workers: 4
[102.782s][debug][gc,phases      ] GC(99)   StringDedup Requests0 Weak     Min:  0.0, Avg:  0.0, Max:  0.0, Diff:  0.0, Sum:  0.0, Workers: 4
[102.782s][debug][gc,phases      ] GC(99)     Dead                           Min: 0, Avg:  0.0, Max: 0, Diff: 0, Sum: 0, Workers: 4
[102.782s][debug][gc,phases      ] GC(99)     Total                          Min: 0, Avg:  0.0, Max: 0, Diff: 0, Sum: 0, Workers: 4
[102.782s][debug][gc,phases      ] GC(99)   StringDedup Requests1 Weak     Min:  0.0, Avg:  0.0, Max:  0.0, Diff:  0.0, Sum:  0.0, Workers: 4
[102.782s][debug][gc,phases      ] GC(99)     Dead                           Min: 0, Avg:  0.0, Max: 0, Diff: 0, Sum: 0, Workers: 4
[102.782s][debug][gc,phases      ] GC(99)     Total                          Min: 0, Avg:  0.0, Max: 0, Diff: 0, Sum: 0, Workers: 4
[102.782s][debug][gc,phases      ] GC(99)   Weak JFR Old Object Samples    Min:  0.0, Avg:  0.0, Max:  0.0, Diff:  0.0, Sum:  0.0, Workers: 4
[102.782s][debug][gc,phases      ] GC(99)     Dead                           Min: 0, Avg:  0.0, Max: 0, Diff: 0, Sum: 0, Workers: 4
[102.782s][debug][gc,phases      ] GC(99)     Total                          Min: 0, Avg:  0.0, Max: 0, Diff: 0, Sum: 0, Workers: 4
[102.782s][debug][gc,phases      ] GC(99) Weak Processing 0.865ms
[102.782s][debug][gc,age         ] GC(99) Desired survivor size 64487424 bytes, new threshold 15 (max threshold 15)
[102.782s][info ][gc,heap        ] GC(99) PSYoungGen: 1980469K(2033664K)->7385K(1979904K) Eden: 1972224K(1972224K)->0K(1972224K) From: 8245K(61440K)->7385K(7680K)
[102.782s][info ][gc,heap        ] GC(99) ParOldGen: 389423K(416256K)->390951K(416256K)
[102.782s][info ][gc,metaspace   ] GC(99) Metaspace: 80776K(81536K)->80776K(81536K) NonClass: 69331K(69760K)->69331K(69760K) Class: 11445K(11776K)->11445K(11776K)
[102.782s][info ][gc             ] GC(99) Pause Young (Allocation Failure) 2314M->389M(2340M) 9.118ms
[102.782s][info ][gc,cpu         ] GC(99) User=0.02s Sys=0.00s Real=0.01s
[102.782s][info ][safepoint      ] Safepoint "ParallelGCFailedAllocation", Time since last: 900040249 ns, Reaching safepoint: 10838052 ns, At safepoint: 9269745 ns, Total: 20107797 ns
[103.726s][info ][gc,start       ] GC(100) Pause Young (Allocation Failure)
[103.742s][debug][gc,phases      ] GC(100) Scavenge 15.808ms
[103.742s][debug][gc,ref         ] GC(100) Skipped phase 1 of Reference Processing: no references
[103.742s][debug][gc,ref         ] GC(100) ReferenceProcessor::execute queues: 1, RefProcThreadModel::Single, marks_oops_alive: false
[103.742s][debug][gc,ref         ] GC(100) Skipped phase 3 of Reference Processing: no references
[103.742s][debug][gc,ref         ] GC(100) ReferenceProcessor::execute queues: 1, RefProcThreadModel::Single, marks_oops_alive: false
[103.742s][debug][gc,phases      ] GC(100) Reference Processing 0.129ms
[103.742s][debug][gc,phases      ] GC(100)   VM Weak                        Min:  0.0, Avg:  0.0, Max:  0.0, Diff:  0.0, Sum:  0.0, Workers: 4
[103.742s][debug][gc,phases      ] GC(100)     Dead                           Min: 0, Avg:  0.0, Max: 0, Diff: 0, Sum: 0, Workers: 4
[103.742s][debug][gc,phases      ] GC(100)     Total                          Min: 0, Avg: 164.5, Max: 658, Diff: 658, Sum: 658, Workers: 4
[103.742s][debug][gc,phases      ] GC(100)   ObjectSynchronizer Weak        Min:  0.0, Avg:  0.0, Max:  0.0, Diff:  0.0, Sum:  0.0, Workers: 4
[103.742s][debug][gc,phases      ] GC(100)     Dead                           Min: 0, Avg:  0.0, Max: 0, Diff: 0, Sum: 0, Workers: 4
[103.742s][debug][gc,phases      ] GC(100)     Total                          Min: 0, Avg: 60.5, Max: 242, Diff: 242, Sum: 242, Workers: 4
[103.742s][debug][gc,phases      ] GC(100)   JVMTI Tag Weak OopStorage      Min:  0.0, Avg:  0.0, Max:  0.0, Diff:  0.0, Sum:  0.0, Workers: 4
[103.742s][debug][gc,phases      ] GC(100)     Dead                           Min: 0, Avg:  0.0, Max: 0, Diff: 0, Sum: 0, Workers: 4
[103.742s][debug][gc,phases      ] GC(100)     Total                          Min: 0, Avg:  0.0, Max: 0, Diff: 0, Sum: 0, Workers: 4
[103.742s][debug][gc,phases      ] GC(100)   StringTable Weak               Min:  0.0, Avg:  0.1, Max:  0.5, Diff:  0.5, Sum:  0.5, Workers: 4
[103.742s][debug][gc,phases      ] GC(100)     Dead                           Min: 0, Avg:  0.0, Max: 0, Diff: 0, Sum: 0, Workers: 4
[103.742s][debug][gc,phases      ] GC(100)     Total                          Min: 0, Avg: 11802.8, Max: 47211, Diff: 47211, Sum: 47211, Workers: 4
[103.742s][debug][gc,phases      ] GC(100)   ResolvedMethodTable Weak       Min:  0.0, Avg:  0.0, Max:  0.1, Diff:  0.1, Sum:  0.1, Workers: 4
[103.742s][debug][gc,phases      ] GC(100)     Dead                           Min: 0, Avg:  0.0, Max: 0, Diff: 0, Sum: 0, Workers: 4
[103.742s][debug][gc,phases      ] GC(100)     Total                          Min: 0, Avg: 2039.8, Max: 8159, Diff: 8159, Sum: 8159, Workers: 4
[103.742s][debug][gc,phases      ] GC(100)   JNI Weak                       Min:  0.0, Avg:  0.0, Max:  0.0, Diff:  0.0, Sum:  0.0, Workers: 4
[103.742s][debug][gc,phases      ] GC(100)     Dead                           Min: 0, Avg:  0.0, Max: 0, Diff: 0, Sum: 0, Workers: 4
[103.742s][debug][gc,phases      ] GC(100)     Total                          Min: 0, Avg:  3.8, Max: 15, Diff: 15, Sum: 15, Workers: 4
[103.742s][debug][gc,phases      ] GC(100)   StringDedup Table Weak         Min:  0.0, Avg:  0.0, Max:  0.0, Diff:  0.0, Sum:  0.0, Workers: 4
[103.742s][debug][gc,phases      ] GC(100)     Dead                           Min: 0, Avg:  0.0, Max: 0, Diff: 0, Sum: 0, Workers: 4
[103.742s][debug][gc,phases      ] GC(100)     Total                          Min: 0, Avg:  0.0, Max: 0, Diff: 0, Sum: 0, Workers: 4
[103.743s][debug][gc,phases      ] GC(100)   StringDedup Requests0 Weak     Min:  0.0, Avg:  0.0, Max:  0.0, Diff:  0.0, Sum:  0.0, Workers: 4
[103.743s][debug][gc,phases      ] GC(100)     Dead                           Min: 0, Avg:  0.0, Max: 0, Diff: 0, Sum: 0, Workers: 4
[103.743s][debug][gc,phases      ] GC(100)     Total                          Min: 0, Avg:  0.0, Max: 0, Diff: 0, Sum: 0, Workers: 4
[103.743s][debug][gc,phases      ] GC(100)   StringDedup Requests1 Weak     Min:  0.0, Avg:  0.0, Max:  0.0, Diff:  0.0, Sum:  0.0, Workers: 4
[103.743s][debug][gc,phases      ] GC(100)     Dead                           Min: 0, Avg:  0.0, Max: 0, Diff: 0, Sum: 0, Workers: 4
[103.743s][debug][gc,phases      ] GC(100)     Total                          Min: 0, Avg:  0.0, Max: 0, Diff: 0, Sum: 0, Workers: 4
[103.743s][debug][gc,phases      ] GC(100)   Weak JFR Old Object Samples    Min:  0.0, Avg:  0.0, Max:  0.0, Diff:  0.0, Sum:  0.0, Workers: 4
[103.743s][debug][gc,phases      ] GC(100)     Dead                           Min: 0, Avg:  0.0, Max: 0, Diff: 0, Sum: 0, Workers: 4
[103.743s][debug][gc,phases      ] GC(100)     Total                          Min: 0, Avg:  0.0, Max: 0, Diff: 0, Sum: 0, Workers: 4
[103.743s][debug][gc,phases      ] GC(100) Weak Processing 0.893ms
[103.743s][debug][gc,age         ] GC(100) Desired survivor size 64487424 bytes, new threshold 15 (max threshold 15)
[103.743s][info ][gc,heap        ] GC(100) PSYoungGen: 1979609K(1979904K)->7472K(2034176K) Eden: 1972224K(1972224K)->0K(1971200K) From: 7385K(7680K)->7472K(62976K)
[103.743s][info ][gc,heap        ] GC(100) ParOldGen: 390951K(416256K)->391873K(416256K)
[103.743s][info ][gc,metaspace   ] GC(100) Metaspace: 80859K(81728K)->80859K(81728K) NonClass: 69405K(69888K)->69405K(69888K) Class: 11453K(11840K)->11453K(11840K)
[103.743s][info ][gc             ] GC(100) Pause Young (Allocation Failure) 2315M->389M(2393M) 16.973ms
[103.743s][info ][gc,cpu         ] GC(100) User=0.02s Sys=0.00s Real=0.02s
[103.743s][info ][safepoint      ] Safepoint "ParallelGCFailedAllocation", Time since last: 931413297 ns, Reaching safepoint: 12213059 ns, At safepoint: 17114283 ns, Total: 29327342 ns
[104.678s][info ][gc,start       ] GC(101) Pause Young (Allocation Failure)
[104.693s][debug][gc,phases      ] GC(101) Scavenge 15.791ms
[104.693s][debug][gc,ref         ] GC(101) Skipped phase 1 of Reference Processing: no references
[104.694s][debug][gc,ref         ] GC(101) ReferenceProcessor::execute queues: 1, RefProcThreadModel::Single, marks_oops_alive: false
[104.694s][debug][gc,ref         ] GC(101) Skipped phase 3 of Reference Processing: no references
[104.694s][debug][gc,ref         ] GC(101) ReferenceProcessor::execute queues: 1, RefProcThreadModel::Single, marks_oops_alive: false
[104.694s][debug][gc,phases      ] GC(101) Reference Processing 0.146ms
[104.694s][debug][gc,phases      ] GC(101)   VM Weak                        Min:  0.0, Avg:  0.0, Max:  0.0, Diff:  0.0, Sum:  0.0, Workers: 4
[104.694s][debug][gc,phases      ] GC(101)     Dead                           Min: 0, Avg:  0.0, Max: 0, Diff: 0, Sum: 0, Workers: 4
[104.694s][debug][gc,phases      ] GC(101)     Total                          Min: 0, Avg: 164.5, Max: 658, Diff: 658, Sum: 658, Workers: 4
[104.694s][debug][gc,phases      ] GC(101)   ObjectSynchronizer Weak        Min:  0.0, Avg:  0.0, Max:  0.0, Diff:  0.0, Sum:  0.0, Workers: 4
[104.694s][debug][gc,phases      ] GC(101)     Dead                           Min: 0, Avg:  0.0, Max: 0, Diff: 0, Sum: 0, Workers: 4
[104.694s][debug][gc,phases      ] GC(101)     Total                          Min: 0, Avg: 60.5, Max: 242, Diff: 242, Sum: 242, Workers: 4
[104.694s][debug][gc,phases      ] GC(101)   JVMTI Tag Weak OopStorage      Min:  0.0, Avg:  0.0, Max:  0.0, Diff:  0.0, Sum:  0.0, Workers: 4
[104.694s][debug][gc,phases      ] GC(101)     Dead                           Min: 0, Avg:  0.0, Max: 0, Diff: 0, Sum: 0, Workers: 4
[104.694s][debug][gc,phases      ] GC(101)     Total                          Min: 0, Avg:  0.0, Max: 0, Diff: 0, Sum: 0, Workers: 4
[104.694s][debug][gc,phases      ] GC(101)   StringTable Weak               Min:  0.0, Avg:  0.1, Max:  0.5, Diff:  0.5, Sum:  0.5, Workers: 4
[104.694s][debug][gc,phases      ] GC(101)     Dead                           Min: 0, Avg:  0.0, Max: 0, Diff: 0, Sum: 0, Workers: 4
[104.694s][debug][gc,phases      ] GC(101)     Total                          Min: 0, Avg: 11815.2, Max: 47261, Diff: 47261, Sum: 47261, Workers: 4
[104.694s][debug][gc,phases      ] GC(101)   ResolvedMethodTable Weak       Min:  0.0, Avg:  0.0, Max:  0.1, Diff:  0.1, Sum:  0.1, Workers: 4
[104.694s][debug][gc,phases      ] GC(101)     Dead                           Min: 0, Avg:  0.0, Max: 0, Diff: 0, Sum: 0, Workers: 4
[104.694s][debug][gc,phases      ] GC(101)     Total                          Min: 0, Avg: 2044.2, Max: 8177, Diff: 8177, Sum: 8177, Workers: 4
[104.694s][debug][gc,phases      ] GC(101)   JNI Weak                       Min:  0.0, Avg:  0.0, Max:  0.0, Diff:  0.0, Sum:  0.0, Workers: 4
[104.694s][debug][gc,phases      ] GC(101)     Dead                           Min: 0, Avg:  0.0, Max: 0, Diff: 0, Sum: 0, Workers: 4
[104.694s][debug][gc,phases      ] GC(101)     Total                          Min: 0, Avg:  1.2, Max: 5, Diff: 5, Sum: 5, Workers: 4
[104.694s][debug][gc,phases      ] GC(101)   StringDedup Table Weak         Min:  0.0, Avg:  0.0, Max:  0.0, Diff:  0.0, Sum:  0.0, Workers: 4
[104.694s][debug][gc,phases      ] GC(101)     Dead                           Min: 0, Avg:  0.0, Max: 0, Diff: 0, Sum: 0, Workers: 4
[104.694s][debug][gc,phases      ] GC(101)     Total                          Min: 0, Avg:  0.0, Max: 0, Diff: 0, Sum: 0, Workers: 4
[104.694s][debug][gc,phases      ] GC(101)   StringDedup Requests0 Weak     Min:  0.0, Avg:  0.0, Max:  0.0, Diff:  0.0, Sum:  0.0, Workers: 4
[104.694s][debug][gc,phases      ] GC(101)     Dead                           Min: 0, Avg:  0.0, Max: 0, Diff: 0, Sum: 0, Workers: 4
[104.694s][debug][gc,phases      ] GC(101)     Total                          Min: 0, Avg:  0.0, Max: 0, Diff: 0, Sum: 0, Workers: 4
[104.694s][debug][gc,phases      ] GC(101)   StringDedup Requests1 Weak     Min:  0.0, Avg:  0.0, Max:  0.0, Diff:  0.0, Sum:  0.0, Workers: 4
[104.694s][debug][gc,phases      ] GC(101)     Dead                           Min: 0, Avg:  0.0, Max: 0, Diff: 0, Sum: 0, Workers: 4
[104.694s][debug][gc,phases      ] GC(101)     Total                          Min: 0, Avg:  0.0, Max: 0, Diff: 0, Sum: 0, Workers: 4
[104.694s][debug][gc,phases      ] GC(101)   Weak JFR Old Object Samples    Min:  0.0, Avg:  0.0, Max:  0.0, Diff:  0.0, Sum:  0.0, Workers: 4
[104.694s][debug][gc,phases      ] GC(101)     Dead                           Min: 0, Avg:  0.0, Max: 0, Diff: 0, Sum: 0, Workers: 4
[104.694s][debug][gc,phases      ] GC(101)     Total                          Min: 0, Avg:  0.0, Max: 0, Diff: 0, Sum: 0, Workers: 4
[104.694s][debug][gc,phases      ] GC(101) Weak Processing 0.873ms
[104.694s][debug][gc,age         ] GC(101) Desired survivor size 63963136 bytes, new threshold 15 (max threshold 15)
[104.694s][info ][gc,heap        ] GC(101) PSYoungGen: 1978672K(2034176K)->7968K(2034176K) Eden: 1971200K(1971200K)->0K(1971200K) From: 7472K(62976K)->7968K(62976K)
[104.694s][info ][gc,heap        ] GC(101) ParOldGen: 391873K(416256K)->392365K(416256K)
[104.694s][info ][gc,metaspace   ] GC(101) Metaspace: 80973K(81792K)->80973K(81792K) NonClass: 69503K(69952K)->69503K(69952K) Class: 11469K(11840K)->11469K(11840K)
[104.695s][info ][gc             ] GC(101) Pause Young (Allocation Failure) 2314M->390M(2393M) 16.957ms
[104.695s][info ][gc,cpu         ] GC(101) User=0.02s Sys=0.00s Real=0.02s
[104.695s][info ][safepoint      ] Safepoint "ParallelGCFailedAllocation", Time since last: 929043382 ns, Reaching safepoint: 5759028 ns, At safepoint: 17108683 ns, Total: 22867711 ns
[105.695s][info ][safepoint      ] Safepoint "Cleanup", Time since last: 1000093521 ns, Reaching safepoint: 102601 ns, At safepoint: 11900 ns, Total: 114501 ns
[106.695s][info ][safepoint      ] Safepoint "Cleanup", Time since last: 1000104218 ns, Reaching safepoint: 162001 ns, At safepoint: 9000 ns, Total: 171001 ns
[107.612s][info ][safepoint      ] Safepoint "ICBufferFull", Time since last: 917158515 ns, Reaching safepoint: 166701 ns, At safepoint: 10800 ns, Total: 177501 ns
[108.561s][info ][safepoint      ] Safepoint "ICBufferFull", Time since last: 947917760 ns, Reaching safepoint: 218601 ns, At safepoint: 14500 ns, Total: 233101 ns
[110.254s][info ][safepoint      ] Safepoint "Cleanup", Time since last: 1693035037 ns, Reaching safepoint: 199601 ns, At safepoint: 12800 ns, Total: 212401 ns
[111.254s][info ][safepoint      ] Safepoint "Cleanup", Time since last: 1000113001 ns, Reaching safepoint: 163401 ns, At safepoint: 13800 ns, Total: 177201 ns
[112.254s][info ][safepoint      ] Safepoint "Cleanup", Time since last: 1000127998 ns, Reaching safepoint: 108400 ns, At safepoint: 15700 ns, Total: 124100 ns
[113.255s][info ][safepoint      ] Safepoint "Cleanup", Time since last: 1000115694 ns, Reaching safepoint: 160301 ns, At safepoint: 9100 ns, Total: 169401 ns
[114.255s][info ][safepoint      ] Safepoint "Cleanup", Time since last: 1000122091 ns, Reaching safepoint: 162700 ns, At safepoint: 9900 ns, Total: 172600 ns
[115.255s][info ][safepoint      ] Safepoint "Cleanup", Time since last: 1000119187 ns, Reaching safepoint: 177401 ns, At safepoint: 13600 ns, Total: 191001 ns
[116.255s][info ][safepoint      ] Safepoint "Cleanup", Time since last: 1000116383 ns, Reaching safepoint: 79101 ns, At safepoint: 10900 ns, Total: 90001 ns
[117.256s][info ][safepoint      ] Safepoint "Cleanup", Time since last: 1000106579 ns, Reaching safepoint: 125401 ns, At safepoint: 10100 ns, Total: 135501 ns
[118.256s][info ][safepoint      ] Safepoint "Cleanup", Time since last: 1000107376 ns, Reaching safepoint: 156100 ns, At safepoint: 10900 ns, Total: 167000 ns
[119.855s][info ][safepoint      ] Safepoint "Cleanup", Time since last: 1599082829 ns, Reaching safepoint: 258201 ns, At safepoint: 7100 ns, Total: 265301 ns
[120.075s][info ][safepoint      ] Safepoint "ICBufferFull", Time since last: 219064644 ns, Reaching safepoint: 259402 ns, At safepoint: 5800 ns, Total: 265202 ns
[120.805s][info ][safepoint      ] Safepoint "ICBufferFull", Time since last: 729728977 ns, Reaching safepoint: 170701 ns, At safepoint: 6200 ns, Total: 176901 ns
[121.805s][info ][safepoint      ] Safepoint "Cleanup", Time since last: 1000112563 ns, Reaching safepoint: 122101 ns, At safepoint: 9900 ns, Total: 132001 ns
[122.805s][info ][safepoint      ] Safepoint "Cleanup", Time since last: 1000104459 ns, Reaching safepoint: 173001 ns, At safepoint: 10800 ns, Total: 183801 ns
[124.185s][info ][safepoint      ] Safepoint "Cleanup", Time since last: 1380037862 ns, Reaching safepoint: 203601 ns, At safepoint: 28900 ns, Total: 232501 ns
[125.718s][info ][safepoint      ] Safepoint "Cleanup", Time since last: 1532301977 ns, Reaching safepoint: 136201 ns, At safepoint: 9400 ns, Total: 145601 ns
[126.718s][info ][safepoint      ] Safepoint "Cleanup", Time since last: 1000055245 ns, Reaching safepoint: 92101 ns, At safepoint: 11500 ns, Total: 103601 ns
[127.718s][info ][safepoint      ] Safepoint "Cleanup", Time since last: 1000124942 ns, Reaching safepoint: 83700 ns, At safepoint: 8100 ns, Total: 91800 ns
[128.718s][info ][safepoint      ] Safepoint "Cleanup", Time since last: 1000081639 ns, Reaching safepoint: 110400 ns, At safepoint: 7300 ns, Total: 117700 ns
[129.719s][info ][safepoint      ] Safepoint "Cleanup", Time since last: 1000079535 ns, Reaching safepoint: 236901 ns, At safepoint: 11100 ns, Total: 248001 ns
[129.757s][info ][gc,start       ] GC(102) Pause Young (Allocation Failure)
[129.780s][debug][gc,phases      ] GC(102) Scavenge 23.062ms
[129.780s][debug][gc,ref         ] GC(102) Skipped phase 1 of Reference Processing: no references
[129.780s][debug][gc,ref         ] GC(102) ReferenceProcessor::execute queues: 1, RefProcThreadModel::Single, marks_oops_alive: false
[129.780s][debug][gc,ref         ] GC(102) Skipped phase 3 of Reference Processing: no references
[129.780s][debug][gc,ref         ] GC(102) ReferenceProcessor::execute queues: 1, RefProcThreadModel::Single, marks_oops_alive: false
[129.780s][debug][gc,phases      ] GC(102) Reference Processing 0.166ms
[129.781s][debug][gc,phases      ] GC(102)   VM Weak                        Min:  0.0, Avg:  0.0, Max:  0.0, Diff:  0.0, Sum:  0.0, Workers: 4
[129.781s][debug][gc,phases      ] GC(102)     Dead                           Min: 0, Avg:  0.0, Max: 0, Diff: 0, Sum: 0, Workers: 4
[129.781s][debug][gc,phases      ] GC(102)     Total                          Min: 0, Avg: 167.0, Max: 668, Diff: 668, Sum: 668, Workers: 4
[129.781s][debug][gc,phases      ] GC(102)   ObjectSynchronizer Weak        Min:  0.0, Avg:  0.0, Max:  0.0, Diff:  0.0, Sum:  0.0, Workers: 4
[129.781s][debug][gc,phases      ] GC(102)     Dead                           Min: 0, Avg:  0.0, Max: 0, Diff: 0, Sum: 0, Workers: 4
[129.781s][debug][gc,phases      ] GC(102)     Total                          Min: 0, Avg: 61.5, Max: 246, Diff: 246, Sum: 246, Workers: 4
[129.781s][debug][gc,phases      ] GC(102)   JVMTI Tag Weak OopStorage      Min:  0.0, Avg:  0.0, Max:  0.0, Diff:  0.0, Sum:  0.0, Workers: 4
[129.781s][debug][gc,phases      ] GC(102)     Dead                           Min: 0, Avg:  0.0, Max: 0, Diff: 0, Sum: 0, Workers: 4
[129.781s][debug][gc,phases      ] GC(102)     Total                          Min: 0, Avg:  0.0, Max: 0, Diff: 0, Sum: 0, Workers: 4
[129.781s][debug][gc,phases      ] GC(102)   StringTable Weak               Min:  0.0, Avg:  0.1, Max:  0.4, Diff:  0.4, Sum:  0.4, Workers: 4
[129.781s][debug][gc,phases      ] GC(102)     Dead                           Min: 0, Avg:  0.8, Max: 3, Diff: 3, Sum: 3, Workers: 4
[129.781s][debug][gc,phases      ] GC(102)     Total                          Min: 0, Avg: 11909.5, Max: 47638, Diff: 47638, Sum: 47638, Workers: 4
[129.781s][debug][gc,phases      ] GC(102)   ResolvedMethodTable Weak       Min:  0.0, Avg:  0.0, Max:  0.1, Diff:  0.1, Sum:  0.1, Workers: 4
[129.781s][debug][gc,phases      ] GC(102)     Dead                           Min: 0, Avg:  4.2, Max: 17, Diff: 17, Sum: 17, Workers: 4
[129.781s][debug][gc,phases      ] GC(102)     Total                          Min: 0, Avg: 2072.5, Max: 8290, Diff: 8290, Sum: 8290, Workers: 4
[129.781s][debug][gc,phases      ] GC(102)   JNI Weak                       Min:  0.0, Avg:  0.0, Max:  0.0, Diff:  0.0, Sum:  0.0, Workers: 4
[129.781s][debug][gc,phases      ] GC(102)     Dead                           Min: 0, Avg:  0.0, Max: 0, Diff: 0, Sum: 0, Workers: 4
[129.781s][debug][gc,phases      ] GC(102)     Total                          Min: 0, Avg:  3.0, Max: 12, Diff: 12, Sum: 12, Workers: 4
[129.781s][debug][gc,phases      ] GC(102)   StringDedup Table Weak         Min:  0.0, Avg:  0.0, Max:  0.0, Diff:  0.0, Sum:  0.0, Workers: 4
[129.781s][debug][gc,phases      ] GC(102)     Dead                           Min: 0, Avg:  0.0, Max: 0, Diff: 0, Sum: 0, Workers: 4
[129.781s][debug][gc,phases      ] GC(102)     Total                          Min: 0, Avg:  0.0, Max: 0, Diff: 0, Sum: 0, Workers: 4
[129.781s][debug][gc,phases      ] GC(102)   StringDedup Requests0 Weak     Min:  0.0, Avg:  0.0, Max:  0.0, Diff:  0.0, Sum:  0.0, Workers: 4
[129.781s][debug][gc,phases      ] GC(102)     Dead                           Min: 0, Avg:  0.0, Max: 0, Diff: 0, Sum: 0, Workers: 4
[129.781s][debug][gc,phases      ] GC(102)     Total                          Min: 0, Avg:  0.0, Max: 0, Diff: 0, Sum: 0, Workers: 4
[129.781s][debug][gc,phases      ] GC(102)   StringDedup Requests1 Weak     Min:  0.0, Avg:  0.0, Max:  0.0, Diff:  0.0, Sum:  0.0, Workers: 4
[129.781s][debug][gc,phases      ] GC(102)     Dead                           Min: 0, Avg:  0.0, Max: 0, Diff: 0, Sum: 0, Workers: 4
[129.781s][debug][gc,phases      ] GC(102)     Total                          Min: 0, Avg:  0.0, Max: 0, Diff: 0, Sum: 0, Workers: 4
[129.781s][debug][gc,phases      ] GC(102)   Weak JFR Old Object Samples    Min:  0.0, Avg:  0.0, Max:  0.0, Diff:  0.0, Sum:  0.0, Workers: 4
[129.781s][debug][gc,phases      ] GC(102)     Dead                           Min: 0, Avg:  0.0, Max: 0, Diff: 0, Sum: 0, Workers: 4
[129.781s][debug][gc,phases      ] GC(102)     Total                          Min: 0, Avg:  0.0, Max: 0, Diff: 0, Sum: 0, Workers: 4
[129.781s][debug][gc,phases      ] GC(102) Weak Processing 0.738ms
[129.781s][debug][gc,age         ] GC(102) Desired survivor size 61341696 bytes, new threshold 15 (max threshold 15)
[129.781s][info ][gc,heap        ] GC(102) PSYoungGen: 1979168K(2034176K)->27829K(2037248K) Eden: 1971200K(1971200K)->0K(1974784K) From: 7968K(62976K)->27829K(62464K)
[129.781s][info ][gc,heap        ] GC(102) ParOldGen: 392365K(416256K)->392737K(416256K)
[129.781s][info ][gc,metaspace   ] GC(102) Metaspace: 81743K(82560K)->81743K(82560K) NonClass: 70207K(70656K)->70207K(70656K) Class: 11536K(11904K)->11536K(11904K)
[129.781s][info ][gc             ] GC(102) Pause Young (Allocation Failure) 2315M->410M(2396M) 24.101ms
[129.781s][info ][gc,cpu         ] GC(102) User=0.07s Sys=0.00s Real=0.02s
[129.781s][info ][safepoint      ] Safepoint "ParallelGCFailedAllocation", Time since last: 38144580 ns, Reaching safepoint: 82601 ns, At safepoint: 24275215 ns, Total: 24357816 ns
[130.783s][info ][safepoint      ] Safepoint "Cleanup", Time since last: 1000087531 ns, Reaching safepoint: 2172710 ns, At safepoint: 10500 ns, Total: 2183210 ns
[131.784s][info ][safepoint      ] Safepoint "Cleanup", Time since last: 1000100328 ns, Reaching safepoint: 80400 ns, At safepoint: 8000 ns, Total: 88400 ns
[132.784s][info ][safepoint      ] Safepoint "Cleanup", Time since last: 1000104224 ns, Reaching safepoint: 69500 ns, At safepoint: 10900 ns, Total: 80400 ns
[133.784s][info ][safepoint      ] Safepoint "Cleanup", Time since last: 1000103021 ns, Reaching safepoint: 63800 ns, At safepoint: 9500 ns, Total: 73300 ns
[134.784s][info ][safepoint      ] Safepoint "Cleanup", Time since last: 1000105417 ns, Reaching safepoint: 53001 ns, At safepoint: 5600 ns, Total: 58601 ns
[135.784s][info ][safepoint      ] Safepoint "Cleanup", Time since last: 1000107913 ns, Reaching safepoint: 66800 ns, At safepoint: 10801 ns, Total: 77601 ns
[136.785s][info ][safepoint      ] Safepoint "Cleanup", Time since last: 1000107510 ns, Reaching safepoint: 71500 ns, At safepoint: 7500 ns, Total: 79000 ns
[137.785s][info ][safepoint      ] Safepoint "Cleanup", Time since last: 1000109107 ns, Reaching safepoint: 45100 ns, At safepoint: 2400 ns, Total: 47500 ns
[139.307s][info ][safepoint      ] Safepoint "Cleanup", Time since last: 1522177057 ns, Reaching safepoint: 260901 ns, At safepoint: 11600 ns, Total: 272501 ns
[140.307s][info ][safepoint      ] Safepoint "Cleanup", Time since last: 1000118579 ns, Reaching safepoint: 99701 ns, At safepoint: 9500 ns, Total: 109201 ns
[142.308s][info ][safepoint      ] Safepoint "Cleanup", Time since last: 2000192473 ns, Reaching safepoint: 67801 ns, At safepoint: 9000 ns, Total: 76801 ns
[143.308s][info ][safepoint      ] Safepoint "Cleanup", Time since last: 1000122820 ns, Reaching safepoint: 66800 ns, At safepoint: 3100 ns, Total: 69900 ns
[144.308s][info ][safepoint      ] Safepoint "Cleanup", Time since last: 1000149203 ns, Reaching safepoint: 138002 ns, At safepoint: 13100 ns, Total: 151102 ns
[145.308s][info ][safepoint      ] Safepoint "Cleanup", Time since last: 1000112490 ns, Reaching safepoint: 126501 ns, At safepoint: 7200 ns, Total: 133701 ns
[146.309s][info ][safepoint      ] Safepoint "Cleanup", Time since last: 1000110337 ns, Reaching safepoint: 72200 ns, At safepoint: 12400 ns, Total: 84600 ns
[147.309s][info ][safepoint      ] Safepoint "Cleanup", Time since last: 1000113325 ns, Reaching safepoint: 65301 ns, At safepoint: 10000 ns, Total: 75301 ns
[148.309s][info ][safepoint      ] Safepoint "Cleanup", Time since last: 1000116913 ns, Reaching safepoint: 67101 ns, At safepoint: 8600 ns, Total: 75701 ns
[149.309s][info ][safepoint      ] Safepoint "Cleanup", Time since last: 1000109703 ns, Reaching safepoint: 61900 ns, At safepoint: 6000 ns, Total: 67900 ns
[150.309s][info ][safepoint      ] Safepoint "Cleanup", Time since last: 1000101791 ns, Reaching safepoint: 62901 ns, At safepoint: 21900 ns, Total: 84801 ns
[151.310s][info ][safepoint      ] Safepoint "Cleanup", Time since last: 1000121480 ns, Reaching safepoint: 78901 ns, At safepoint: 15400 ns, Total: 94301 ns
[152.310s][info ][safepoint      ] Safepoint "Cleanup", Time since last: 1000116969 ns, Reaching safepoint: 66700 ns, At safepoint: 8100 ns, Total: 74800 ns
[154.310s][info ][safepoint      ] Safepoint "Cleanup", Time since last: 2000193704 ns, Reaching safepoint: 55100 ns, At safepoint: 6100 ns, Total: 61200 ns
[155.310s][info ][safepoint      ] Safepoint "Cleanup", Time since last: 1000097636 ns, Reaching safepoint: 57200 ns, At safepoint: 6300 ns, Total: 63500 ns
[156.310s][info ][safepoint      ] Safepoint "Cleanup", Time since last: 1000106524 ns, Reaching safepoint: 53901 ns, At safepoint: 3700 ns, Total: 57601 ns
[157.311s][info ][safepoint      ] Safepoint "Cleanup", Time since last: 1000122613 ns, Reaching safepoint: 73201 ns, At safepoint: 6000 ns, Total: 79201 ns
[158.311s][info ][safepoint      ] Safepoint "Cleanup", Time since last: 1000103002 ns, Reaching safepoint: 65601 ns, At safepoint: 7200 ns, Total: 72801 ns
[159.311s][info ][safepoint      ] Safepoint "Cleanup", Time since last: 1000111591 ns, Reaching safepoint: 59700 ns, At safepoint: 6000 ns, Total: 65700 ns
[160.311s][info ][safepoint      ] Safepoint "Cleanup", Time since last: 1000109980 ns, Reaching safepoint: 60001 ns, At safepoint: 3800 ns, Total: 63801 ns
[161.311s][info ][safepoint      ] Safepoint "Cleanup", Time since last: 1000113069 ns, Reaching safepoint: 56500 ns, At safepoint: 4201 ns, Total: 60701 ns
[162.841s][info ][safepoint      ] Safepoint "Cleanup", Time since last: 1530018340 ns, Reaching safepoint: 171601 ns, At safepoint: 14600 ns, Total: 186201 ns
[163.940s][info ][safepoint      ] Safepoint "Cleanup", Time since last: 1098163088 ns, Reaching safepoint: 128101 ns, At safepoint: 8400 ns, Total: 136501 ns
[164.940s][info ][safepoint      ] Safepoint "Cleanup", Time since last: 1000103130 ns, Reaching safepoint: 79401 ns, At safepoint: 6000 ns, Total: 85401 ns
[165.940s][info ][safepoint      ] Safepoint "Cleanup", Time since last: 1000111718 ns, Reaching safepoint: 60401 ns, At safepoint: 5900 ns, Total: 66301 ns
[166.940s][info ][safepoint      ] Safepoint "Cleanup", Time since last: 1000108907 ns, Reaching safepoint: 77601 ns, At safepoint: 6100 ns, Total: 83701 ns
[168.941s][info ][safepoint      ] Safepoint "Cleanup", Time since last: 2000172482 ns, Reaching safepoint: 52701 ns, At safepoint: 10200 ns, Total: 62901 ns
[169.941s][info ][safepoint      ] Safepoint "Cleanup", Time since last: 1000101675 ns, Reaching safepoint: 63401 ns, At safepoint: 5500 ns, Total: 68901 ns
[170.941s][info ][safepoint      ] Safepoint "Cleanup", Time since last: 1000104564 ns, Reaching safepoint: 46500 ns, At safepoint: 6000 ns, Total: 52500 ns
[172.941s][info ][safepoint      ] Safepoint "Cleanup", Time since last: 2000186797 ns, Reaching safepoint: 55400 ns, At safepoint: 6200 ns, Total: 61600 ns
[173.941s][info ][safepoint      ] Safepoint "Cleanup", Time since last: 1000112732 ns, Reaching safepoint: 72201 ns, At safepoint: 8700 ns, Total: 80901 ns
[175.942s][info ][safepoint      ] Safepoint "Cleanup", Time since last: 2000197632 ns, Reaching safepoint: 68001 ns, At safepoint: 12000 ns, Total: 80001 ns
[177.942s][info ][safepoint      ] Safepoint "Cleanup", Time since last: 2000205690 ns, Reaching safepoint: 136201 ns, At safepoint: 12700 ns, Total: 148901 ns
[178.942s][info ][safepoint      ] Safepoint "Cleanup", Time since last: 1000134279 ns, Reaching safepoint: 71601 ns, At safepoint: 6700 ns, Total: 78301 ns
[179.942s][info ][safepoint      ] Safepoint "Cleanup", Time since last: 1000100368 ns, Reaching safepoint: 83701 ns, At safepoint: 9500 ns, Total: 93201 ns
[180.943s][info ][safepoint      ] Safepoint "Cleanup", Time since last: 1000117457 ns, Reaching safepoint: 89901 ns, At safepoint: 7900 ns, Total: 97801 ns
[181.943s][info ][safepoint      ] Safepoint "Cleanup", Time since last: 1000117947 ns, Reaching safepoint: 55501 ns, At safepoint: 4400 ns, Total: 59901 ns
[182.943s][info ][safepoint      ] Safepoint "Cleanup", Time since last: 1000127737 ns, Reaching safepoint: 53100 ns, At safepoint: 6300 ns, Total: 59400 ns
[183.943s][info ][safepoint      ] Safepoint "Cleanup", Time since last: 1000106326 ns, Reaching safepoint: 66201 ns, At safepoint: 6100 ns, Total: 72301 ns
[185.943s][info ][safepoint      ] Safepoint "Cleanup", Time since last: 2000175221 ns, Reaching safepoint: 54400 ns, At safepoint: 8400 ns, Total: 62800 ns
[186.944s][info ][safepoint      ] Safepoint "Cleanup", Time since last: 1000181495 ns, Reaching safepoint: 65301 ns, At safepoint: 9900 ns, Total: 75201 ns
[187.944s][info ][safepoint      ] Safepoint "Cleanup", Time since last: 1000230285 ns, Reaching safepoint: 131801 ns, At safepoint: 10201 ns, Total: 142002 ns
[188.944s][info ][safepoint      ] Safepoint "Cleanup", Time since last: 1000208774 ns, Reaching safepoint: 117301 ns, At safepoint: 13200 ns, Total: 130501 ns
[189.945s][info ][safepoint      ] Safepoint "Cleanup", Time since last: 1000171664 ns, Reaching safepoint: 68601 ns, At safepoint: 6100 ns, Total: 74701 ns
[190.945s][info ][safepoint      ] Safepoint "Cleanup", Time since last: 1000137953 ns, Reaching safepoint: 64501 ns, At safepoint: 10700 ns, Total: 75201 ns
[191.945s][info ][safepoint      ] Safepoint "Cleanup", Time since last: 1000115343 ns, Reaching safepoint: 60500 ns, At safepoint: 11700 ns, Total: 72200 ns
[193.945s][info ][safepoint      ] Safepoint "Cleanup", Time since last: 2000213555 ns, Reaching safepoint: 102501 ns, At safepoint: 10900 ns, Total: 113401 ns
[194.946s][info ][safepoint      ] Safepoint "Cleanup", Time since last: 1000145712 ns, Reaching safepoint: 54301 ns, At safepoint: 8500 ns, Total: 62801 ns
[196.946s][info ][safepoint      ] Safepoint "Cleanup", Time since last: 2000192892 ns, Reaching safepoint: 79601 ns, At safepoint: 10600 ns, Total: 90201 ns
[197.946s][info ][safepoint      ] Safepoint "Cleanup", Time since last: 1000121281 ns, Reaching safepoint: 53501 ns, At safepoint: 6700 ns, Total: 60201 ns
[198.946s][info ][safepoint      ] Safepoint "Cleanup", Time since last: 1000118471 ns, Reaching safepoint: 83201 ns, At safepoint: 12600 ns, Total: 95801 ns
[199.946s][info ][safepoint      ] Safepoint "Cleanup", Time since last: 1000099660 ns, Reaching safepoint: 57501 ns, At safepoint: 11500 ns, Total: 69001 ns
[200.947s][info ][safepoint      ] Safepoint "Cleanup", Time since last: 1000116451 ns, Reaching safepoint: 67400 ns, At safepoint: 12900 ns, Total: 80300 ns
[201.947s][info ][safepoint      ] Safepoint "Cleanup", Time since last: 1000223242 ns, Reaching safepoint: 84100 ns, At safepoint: 4500 ns, Total: 88600 ns
[202.505s][info ][gc,start       ] GC(103) Pause Young (Allocation Failure)
[202.521s][debug][gc,phases      ] GC(103) Scavenge 16.788ms
[202.521s][debug][gc,ref         ] GC(103) Skipped phase 1 of Reference Processing: no references
[202.522s][debug][gc,ref         ] GC(103) ReferenceProcessor::execute queues: 1, RefProcThreadModel::Single, marks_oops_alive: false
[202.522s][debug][gc,ref         ] GC(103) ReferenceProcessor::execute queues: 4, RefProcThreadModel::Multi, marks_oops_alive: true
[202.522s][debug][gc,ref         ] GC(103) ReferenceProcessor::execute queues: 1, RefProcThreadModel::Single, marks_oops_alive: false
[202.522s][debug][gc,phases      ] GC(103) Reference Processing 0.268ms
[202.522s][debug][gc,phases      ] GC(103)   VM Weak                        Min:  0.0, Avg:  0.0, Max:  0.0, Diff:  0.0, Sum:  0.0, Workers: 4
[202.522s][debug][gc,phases      ] GC(103)     Dead                           Min: 0, Avg:  0.0, Max: 0, Diff: 0, Sum: 0, Workers: 4
[202.522s][debug][gc,phases      ] GC(103)     Total                          Min: 0, Avg: 169.5, Max: 550, Diff: 550, Sum: 678, Workers: 4
[202.522s][debug][gc,phases      ] GC(103)   ObjectSynchronizer Weak        Min:  0.0, Avg:  0.0, Max:  0.0, Diff:  0.0, Sum:  0.0, Workers: 4
[202.522s][debug][gc,phases      ] GC(103)     Dead                           Min: 0, Avg:  0.0, Max: 0, Diff: 0, Sum: 0, Workers: 4
[202.522s][debug][gc,phases      ] GC(103)     Total                          Min: 0, Avg: 61.5, Max: 182, Diff: 182, Sum: 246, Workers: 4
[202.522s][debug][gc,phases      ] GC(103)   JVMTI Tag Weak OopStorage      Min:  0.0, Avg:  0.0, Max:  0.0, Diff:  0.0, Sum:  0.0, Workers: 4
[202.522s][debug][gc,phases      ] GC(103)     Dead                           Min: 0, Avg:  0.0, Max: 0, Diff: 0, Sum: 0, Workers: 4
[202.522s][debug][gc,phases      ] GC(103)     Total                          Min: 0, Avg:  0.0, Max: 0, Diff: 0, Sum: 0, Workers: 4
[202.522s][debug][gc,phases      ] GC(103)   StringTable Weak               Min:  0.0, Avg:  0.1, Max:  0.2, Diff:  0.2, Sum:  0.5, Workers: 4
[202.522s][debug][gc,phases      ] GC(103)     Dead                           Min: 0, Avg:  0.2, Max: 1, Diff: 1, Sum: 1, Workers: 4
[202.522s][debug][gc,phases      ] GC(103)     Total                          Min: 0, Avg: 11940.2, Max: 16320, Diff: 16320, Sum: 47761, Workers: 4
[202.522s][debug][gc,phases      ] GC(103)   ResolvedMethodTable Weak       Min:  0.0, Avg:  0.0, Max:  0.0, Diff:  0.0, Sum:  0.1, Workers: 4
[202.522s][debug][gc,phases      ] GC(103)     Dead                           Min: 0, Avg:  4.5, Max: 11, Diff: 11, Sum: 18, Workers: 4
[202.522s][debug][gc,phases      ] GC(103)     Total                          Min: 0, Avg: 2020.8, Max: 2848, Diff: 2848, Sum: 8083, Workers: 4
[202.522s][debug][gc,phases      ] GC(103)   JNI Weak                       Min:  0.0, Avg:  0.0, Max:  0.0, Diff:  0.0, Sum:  0.0, Workers: 4
[202.522s][debug][gc,phases      ] GC(103)     Dead                           Min: 0, Avg:  0.0, Max: 0, Diff: 0, Sum: 0, Workers: 4
[202.522s][debug][gc,phases      ] GC(103)     Total                          Min: 0, Avg:  0.0, Max: 0, Diff: 0, Sum: 0, Workers: 4
[202.522s][debug][gc,phases      ] GC(103)   StringDedup Table Weak         Min:  0.0, Avg:  0.0, Max:  0.0, Diff:  0.0, Sum:  0.0, Workers: 4
[202.522s][debug][gc,phases      ] GC(103)     Dead                           Min: 0, Avg:  0.0, Max: 0, Diff: 0, Sum: 0, Workers: 4
[202.522s][debug][gc,phases      ] GC(103)     Total                          Min: 0, Avg:  0.0, Max: 0, Diff: 0, Sum: 0, Workers: 4
[202.522s][debug][gc,phases      ] GC(103)   StringDedup Requests0 Weak     Min:  0.0, Avg:  0.0, Max:  0.0, Diff:  0.0, Sum:  0.0, Workers: 4
[202.522s][debug][gc,phases      ] GC(103)     Dead                           Min: 0, Avg:  0.0, Max: 0, Diff: 0, Sum: 0, Workers: 4
[202.522s][debug][gc,phases      ] GC(103)     Total                          Min: 0, Avg:  0.0, Max: 0, Diff: 0, Sum: 0, Workers: 4
[202.522s][debug][gc,phases      ] GC(103)   StringDedup Requests1 Weak     Min:  0.0, Avg:  0.0, Max:  0.0, Diff:  0.0, Sum:  0.0, Workers: 4
[202.522s][debug][gc,phases      ] GC(103)     Dead                           Min: 0, Avg:  0.0, Max: 0, Diff: 0, Sum: 0, Workers: 4
[202.522s][debug][gc,phases      ] GC(103)     Total                          Min: 0, Avg:  0.0, Max: 0, Diff: 0, Sum: 0, Workers: 4
[202.522s][debug][gc,phases      ] GC(103)   Weak JFR Old Object Samples    Min:  0.0, Avg:  0.0, Max:  0.0, Diff:  0.0, Sum:  0.0, Workers: 4
[202.522s][debug][gc,phases      ] GC(103)     Dead                           Min: 0, Avg:  0.0, Max: 0, Diff: 0, Sum: 0, Workers: 4
[202.522s][debug][gc,phases      ] GC(103)     Total                          Min: 0, Avg:  0.0, Max: 0, Diff: 0, Sum: 0, Workers: 4
[202.522s][debug][gc,phases      ] GC(103) Weak Processing 0.452ms
[202.522s][debug][gc,age         ] GC(103) Desired survivor size 59244544 bytes, new threshold 15 (max threshold 15)
[202.522s][info ][gc,heap        ] GC(103) PSYoungGen: 2002613K(2037248K)->28661K(2034688K) Eden: 1974784K(1974784K)->0K(1974784K) From: 27829K(62464K)->28661K(59904K)
[202.522s][info ][gc,heap        ] GC(103) ParOldGen: 392737K(416256K)->393057K(416256K)
[202.522s][info ][gc,metaspace   ] GC(103) Metaspace: 82205K(83008K)->82205K(83008K) NonClass: 70632K(71104K)->70632K(71104K) Class: 11572K(11904K)->11572K(11904K)
[202.522s][info ][gc             ] GC(103) Pause Young (Allocation Failure) 2339M->411M(2393M) 17.666ms
[202.522s][info ][gc,cpu         ] GC(103) User=0.04s Sys=0.00s Real=0.02s
[202.522s][info ][safepoint      ] Safepoint "ParallelGCFailedAllocation", Time since last: 557624391 ns, Reaching safepoint: 59500 ns, At safepoint: 17768146 ns, Total: 17827646 ns
[203.523s][info ][safepoint      ] Safepoint "Cleanup", Time since last: 1000089525 ns, Reaching safepoint: 91600 ns, At safepoint: 6800 ns, Total: 98400 ns
[204.523s][info ][safepoint      ] Safepoint "Cleanup", Time since last: 1000122215 ns, Reaching safepoint: 108001 ns, At safepoint: 22600 ns, Total: 130601 ns
[205.523s][info ][safepoint      ] Safepoint "Cleanup", Time since last: 1000116104 ns, Reaching safepoint: 132401 ns, At safepoint: 5801 ns, Total: 138202 ns
[206.523s][info ][safepoint      ] Safepoint "Cleanup", Time since last: 1000139794 ns, Reaching safepoint: 178001 ns, At safepoint: 11501 ns, Total: 189502 ns
[207.589s][info ][safepoint      ] Safepoint "Cleanup", Time since last: 1065173816 ns, Reaching safepoint: 144501 ns, At safepoint: 13500 ns, Total: 158001 ns
[208.589s][info ][safepoint      ] Safepoint "Cleanup", Time since last: 1000103173 ns, Reaching safepoint: 248703 ns, At safepoint: 21500 ns, Total: 270203 ns
[209.589s][info ][safepoint      ] Safepoint "Cleanup", Time since last: 1000116863 ns, Reaching safepoint: 80201 ns, At safepoint: 10700 ns, Total: 90901 ns
[210.589s][info ][safepoint      ] Safepoint "Cleanup", Time since last: 1000119154 ns, Reaching safepoint: 56500 ns, At safepoint: 4400 ns, Total: 60900 ns
[211.590s][info ][safepoint      ] Safepoint "Cleanup", Time since last: 1000111744 ns, Reaching safepoint: 55800 ns, At safepoint: 4600 ns, Total: 60400 ns
[213.590s][info ][safepoint      ] Safepoint "Cleanup", Time since last: 2000177857 ns, Reaching safepoint: 60001 ns, At safepoint: 4100 ns, Total: 64101 ns
[214.590s][info ][safepoint      ] Safepoint "Cleanup", Time since last: 1000121814 ns, Reaching safepoint: 55100 ns, At safepoint: 8400 ns, Total: 63500 ns
[216.590s][info ][safepoint      ] Safepoint "Cleanup", Time since last: 2000132698 ns, Reaching safepoint: 59600 ns, At safepoint: 12100 ns, Total: 71700 ns
[218.590s][info ][safepoint      ] Safepoint "Cleanup", Time since last: 2000186359 ns, Reaching safepoint: 56300 ns, At safepoint: 4600 ns, Total: 60900 ns
[219.591s][info ][safepoint      ] Safepoint "Cleanup", Time since last: 1000119065 ns, Reaching safepoint: 50800 ns, At safepoint: 3800 ns, Total: 54600 ns
[221.591s][info ][safepoint      ] Safepoint "Cleanup", Time since last: 2000187500 ns, Reaching safepoint: 49301 ns, At safepoint: 6000 ns, Total: 55301 ns
[222.591s][info ][safepoint      ] Safepoint "Cleanup", Time since last: 1000080135 ns, Reaching safepoint: 51900 ns, At safepoint: 3000 ns, Total: 54900 ns
[223.591s][info ][safepoint      ] Safepoint "Cleanup", Time since last: 1000098026 ns, Reaching safepoint: 48300 ns, At safepoint: 8400 ns, Total: 56700 ns
[224.591s][info ][safepoint      ] Safepoint "Cleanup", Time since last: 1000114416 ns, Reaching safepoint: 45100 ns, At safepoint: 7301 ns, Total: 52401 ns
[225.591s][info ][safepoint      ] Safepoint "Cleanup", Time since last: 1000061205 ns, Reaching safepoint: 62201 ns, At safepoint: 6100 ns, Total: 68301 ns
[226.592s][info ][safepoint      ] Safepoint "Cleanup", Time since last: 1000096196 ns, Reaching safepoint: 65001 ns, At safepoint: 6000 ns, Total: 71001 ns
[227.592s][info ][safepoint      ] Safepoint "Cleanup", Time since last: 1000105187 ns, Reaching safepoint: 77400 ns, At safepoint: 10501 ns, Total: 87901 ns
[228.592s][info ][safepoint      ] Safepoint "Cleanup", Time since last: 1000100777 ns, Reaching safepoint: 56400 ns, At safepoint: 8200 ns, Total: 64600 ns
[230.592s][info ][safepoint      ] Safepoint "Cleanup", Time since last: 2000161726 ns, Reaching safepoint: 47300 ns, At safepoint: 9900 ns, Total: 57200 ns
[231.592s][info ][safepoint      ] Safepoint "Cleanup", Time since last: 1000097648 ns, Reaching safepoint: 43901 ns, At safepoint: 3300 ns, Total: 47201 ns
[232.593s][info ][safepoint      ] Safepoint "Cleanup", Time since last: 1000103039 ns, Reaching safepoint: 52500 ns, At safepoint: 8800 ns, Total: 61300 ns
[233.593s][info ][safepoint      ] Safepoint "Cleanup", Time since last: 1000099729 ns, Reaching safepoint: 143802 ns, At safepoint: 9500 ns, Total: 153302 ns
[234.593s][info ][safepoint      ] Safepoint "Cleanup", Time since last: 1000119120 ns, Reaching safepoint: 55700 ns, At safepoint: 7400 ns, Total: 63100 ns
[235.593s][info ][safepoint      ] Safepoint "Cleanup", Time since last: 1000091710 ns, Reaching safepoint: 58301 ns, At safepoint: 8900 ns, Total: 67201 ns
[236.593s][info ][safepoint      ] Safepoint "Cleanup", Time since last: 1000097801 ns, Reaching safepoint: 56000 ns, At safepoint: 6800 ns, Total: 62800 ns
[237.593s][info ][safepoint      ] Safepoint "Cleanup", Time since last: 1000103992 ns, Reaching safepoint: 41000 ns, At safepoint: 4200 ns, Total: 45200 ns
[241.594s][info ][safepoint      ] Safepoint "Cleanup", Time since last: 4000263770 ns, Reaching safepoint: 54701 ns, At safepoint: 8000 ns, Total: 62701 ns
[242.594s][info ][safepoint      ] Safepoint "Cleanup", Time since last: 1000106944 ns, Reaching safepoint: 49800 ns, At safepoint: 4500 ns, Total: 54300 ns
[243.594s][info ][safepoint      ] Safepoint "Cleanup", Time since last: 1000110035 ns, Reaching safepoint: 46201 ns, At safepoint: 3100 ns, Total: 49301 ns
[244.594s][info ][safepoint      ] Safepoint "Cleanup", Time since last: 1000107626 ns, Reaching safepoint: 52600 ns, At safepoint: 6400 ns, Total: 59000 ns
[245.594s][info ][safepoint      ] Safepoint "Cleanup", Time since last: 1000108116 ns, Reaching safepoint: 57501 ns, At safepoint: 4700 ns, Total: 62201 ns
[246.595s][info ][safepoint      ] Safepoint "Cleanup", Time since last: 1000103507 ns, Reaching safepoint: 47900 ns, At safepoint: 4000 ns, Total: 51900 ns
[247.595s][info ][safepoint      ] Safepoint "Cleanup", Time since last: 1000117598 ns, Reaching safepoint: 72401 ns, At safepoint: 6300 ns, Total: 78701 ns
[248.595s][info ][safepoint      ] Safepoint "Cleanup", Time since last: 1000121988 ns, Reaching safepoint: 122201 ns, At safepoint: 9300 ns, Total: 131501 ns
[249.595s][info ][safepoint      ] Safepoint "Cleanup", Time since last: 1000114180 ns, Reaching safepoint: 47200 ns, At safepoint: 3600 ns, Total: 50800 ns
[250.595s][info ][safepoint      ] Safepoint "Cleanup", Time since last: 1000093570 ns, Reaching safepoint: 49501 ns, At safepoint: 6000 ns, Total: 55501 ns
[251.596s][info ][safepoint      ] Safepoint "Cleanup", Time since last: 1000109160 ns, Reaching safepoint: 46701 ns, At safepoint: 7200 ns, Total: 53901 ns
[252.596s][info ][safepoint      ] Safepoint "Cleanup", Time since last: 1000122252 ns, Reaching safepoint: 55600 ns, At safepoint: 8000 ns, Total: 63600 ns
[253.596s][info ][safepoint      ] Safepoint "Cleanup", Time since last: 1000107343 ns, Reaching safepoint: 53400 ns, At safepoint: 4700 ns, Total: 58100 ns
[254.596s][info ][safepoint      ] Safepoint "Cleanup", Time since last: 1000130634 ns, Reaching safepoint: 49000 ns, At safepoint: 8100 ns, Total: 57100 ns
[256.596s][info ][safepoint      ] Safepoint "Cleanup", Time since last: 2000171939 ns, Reaching safepoint: 49800 ns, At safepoint: 31701 ns, Total: 81501 ns
[257.596s][info ][safepoint      ] Safepoint "Cleanup", Time since last: 1000097706 ns, Reaching safepoint: 56000 ns, At safepoint: 9000 ns, Total: 65000 ns
[258.597s][info ][safepoint      ] Safepoint "Cleanup", Time since last: 1000123797 ns, Reaching safepoint: 52300 ns, At safepoint: 10801 ns, Total: 63101 ns
[259.597s][info ][safepoint      ] Safepoint "Cleanup", Time since last: 1000116187 ns, Reaching safepoint: 50001 ns, At safepoint: 4000 ns, Total: 54001 ns
[260.597s][info ][safepoint      ] Safepoint "Cleanup", Time since last: 1000113179 ns, Reaching safepoint: 53600 ns, At safepoint: 7800 ns, Total: 61400 ns
[262.597s][info ][safepoint      ] Safepoint "Cleanup", Time since last: 2000176830 ns, Reaching safepoint: 79701 ns, At safepoint: 8200 ns, Total: 87901 ns
[263.597s][info ][safepoint      ] Safepoint "Cleanup", Time since last: 1000097252 ns, Reaching safepoint: 58800 ns, At safepoint: 11800 ns, Total: 70600 ns
[264.598s][info ][safepoint      ] Safepoint "Cleanup", Time since last: 1000112943 ns, Reaching safepoint: 49700 ns, At safepoint: 4000 ns, Total: 53700 ns
[267.607s][info ][safepoint      ] Safepoint "Cleanup", Time since last: 3009135642 ns, Reaching safepoint: 79001 ns, At safepoint: 6800 ns, Total: 85801 ns
[268.261s][info ][gc,start       ] GC(104) Pause Young (Allocation Failure)
[268.270s][debug][gc,phases      ] GC(104) Scavenge 8.789ms
[268.270s][debug][gc,ref         ] GC(104) Skipped phase 1 of Reference Processing: no references
[268.270s][debug][gc,ref         ] GC(104) ReferenceProcessor::execute queues: 1, RefProcThreadModel::Single, marks_oops_alive: false
[268.270s][debug][gc,ref         ] GC(104) Skipped phase 3 of Reference Processing: no references
[268.270s][debug][gc,ref         ] GC(104) ReferenceProcessor::execute queues: 1, RefProcThreadModel::Single, marks_oops_alive: false
[268.270s][debug][gc,phases      ] GC(104) Reference Processing 0.130ms
[268.271s][debug][gc,phases      ] GC(104)   VM Weak                        Min:  0.0, Avg:  0.0, Max:  0.0, Diff:  0.0, Sum:  0.0, Workers: 4
[268.271s][debug][gc,phases      ] GC(104)     Dead                           Min: 0, Avg:  0.0, Max: 0, Diff: 0, Sum: 0, Workers: 4
[268.271s][debug][gc,phases      ] GC(104)     Total                          Min: 0, Avg: 170.5, Max: 682, Diff: 682, Sum: 682, Workers: 4
[268.271s][debug][gc,phases      ] GC(104)   ObjectSynchronizer Weak        Min:  0.0, Avg:  0.0, Max:  0.0, Diff:  0.0, Sum:  0.0, Workers: 4
[268.271s][debug][gc,phases      ] GC(104)     Dead                           Min: 0, Avg:  0.0, Max: 0, Diff: 0, Sum: 0, Workers: 4
[268.271s][debug][gc,phases      ] GC(104)     Total                          Min: 0, Avg: 61.5, Max: 246, Diff: 246, Sum: 246, Workers: 4
[268.271s][debug][gc,phases      ] GC(104)   JVMTI Tag Weak OopStorage      Min:  0.0, Avg:  0.0, Max:  0.0, Diff:  0.0, Sum:  0.0, Workers: 4
[268.271s][debug][gc,phases      ] GC(104)     Dead                           Min: 0, Avg:  0.0, Max: 0, Diff: 0, Sum: 0, Workers: 4
[268.271s][debug][gc,phases      ] GC(104)     Total                          Min: 0, Avg:  0.0, Max: 0, Diff: 0, Sum: 0, Workers: 4
[268.271s][debug][gc,phases      ] GC(104)   StringTable Weak               Min:  0.1, Avg:  0.1, Max:  0.1, Diff:  0.0, Sum:  0.4, Workers: 4
[268.271s][debug][gc,phases      ] GC(104)     Dead                           Min: 0, Avg:  0.0, Max: 0, Diff: 0, Sum: 0, Workers: 4
[268.271s][debug][gc,phases      ] GC(104)     Total                          Min: 10560, Avg: 11956.2, Max: 13376, Diff: 2816, Sum: 47825, Workers: 4
[268.271s][debug][gc,phases      ] GC(104)   ResolvedMethodTable Weak       Min:  0.0, Avg:  0.0, Max:  0.0, Diff:  0.0, Sum:  0.1, Workers: 4
[268.271s][debug][gc,phases      ] GC(104)     Dead                           Min: 0, Avg:  4.2, Max: 17, Diff: 17, Sum: 17, Workers: 4
[268.271s][debug][gc,phases      ] GC(104)     Total                          Min: 1904, Avg: 2027.2, Max: 2165, Diff: 261, Sum: 8109, Workers: 4
[268.271s][debug][gc,phases      ] GC(104)   JNI Weak                       Min:  0.0, Avg:  0.0, Max:  0.0, Diff:  0.0, Sum:  0.0, Workers: 4
[268.271s][debug][gc,phases      ] GC(104)     Dead                           Min: 0, Avg:  0.0, Max: 0, Diff: 0, Sum: 0, Workers: 4
[268.271s][debug][gc,phases      ] GC(104)     Total                          Min: 0, Avg:  0.0, Max: 0, Diff: 0, Sum: 0, Workers: 4
[268.271s][debug][gc,phases      ] GC(104)   StringDedup Table Weak         Min:  0.0, Avg:  0.0, Max:  0.0, Diff:  0.0, Sum:  0.0, Workers: 4
[268.271s][debug][gc,phases      ] GC(104)     Dead                           Min: 0, Avg:  0.0, Max: 0, Diff: 0, Sum: 0, Workers: 4
[268.271s][debug][gc,phases      ] GC(104)     Total                          Min: 0, Avg:  0.0, Max: 0, Diff: 0, Sum: 0, Workers: 4
[268.271s][debug][gc,phases      ] GC(104)   StringDedup Requests0 Weak     Min:  0.0, Avg:  0.0, Max:  0.0, Diff:  0.0, Sum:  0.0, Workers: 4
[268.271s][debug][gc,phases      ] GC(104)     Dead                           Min: 0, Avg:  0.0, Max: 0, Diff: 0, Sum: 0, Workers: 4
[268.271s][debug][gc,phases      ] GC(104)     Total                          Min: 0, Avg:  0.0, Max: 0, Diff: 0, Sum: 0, Workers: 4
[268.271s][debug][gc,phases      ] GC(104)   StringDedup Requests1 Weak     Min:  0.0, Avg:  0.0, Max:  0.0, Diff:  0.0, Sum:  0.0, Workers: 4
[268.271s][debug][gc,phases      ] GC(104)     Dead                           Min: 0, Avg:  0.0, Max: 0, Diff: 0, Sum: 0, Workers: 4
[268.271s][debug][gc,phases      ] GC(104)     Total                          Min: 0, Avg:  0.0, Max: 0, Diff: 0, Sum: 0, Workers: 4
[268.271s][debug][gc,phases      ] GC(104)   Weak JFR Old Object Samples    Min:  0.0, Avg:  0.0, Max:  0.0, Diff:  0.0, Sum:  0.0, Workers: 4
[268.271s][debug][gc,phases      ] GC(104)     Dead                           Min: 0, Avg:  0.0, Max: 0, Diff: 0, Sum: 0, Workers: 4
[268.271s][debug][gc,phases      ] GC(104)     Total                          Min: 0, Avg:  0.0, Max: 0, Diff: 0, Sum: 0, Workers: 4
[268.271s][debug][gc,phases      ] GC(104) Weak Processing 0.340ms
[268.271s][debug][gc,age         ] GC(104) Desired survivor size 57671680 bytes, new threshold 15 (max threshold 15)
[268.271s][info ][gc,heap        ] GC(104) PSYoungGen: 2003445K(2034688K)->28730K(2040832K) Eden: 1974784K(1974784K)->0K(1982976K) From: 28661K(59904K)->28730K(57856K)
[268.271s][info ][gc,heap        ] GC(104) ParOldGen: 393057K(416256K)->393385K(416256K)
[268.271s][info ][gc,metaspace   ] GC(104) Metaspace: 82406K(83264K)->82406K(83264K) NonClass: 70826K(71296K)->70826K(71296K) Class: 11580K(11968K)->11580K(11968K)
[268.271s][info ][gc             ] GC(104) Pause Young (Allocation Failure) 2340M->412M(2399M) 9.397ms
[268.271s][info ][gc,cpu         ] GC(104) User=0.03s Sys=0.01s Real=0.01s
[268.271s][info ][safepoint      ] Safepoint "ParallelGCFailedAllocation", Time since last: 654482480 ns, Reaching safepoint: 73300 ns, At safepoint: 9489573 ns, Total: 9562873 ns
[270.271s][info ][safepoint      ] Safepoint "Cleanup", Time since last: 2000154392 ns, Reaching safepoint: 50301 ns, At safepoint: 8700 ns, Total: 59001 ns
[272.271s][info ][safepoint      ] Safepoint "Cleanup", Time since last: 2000172957 ns, Reaching safepoint: 55101 ns, At safepoint: 5900 ns, Total: 61001 ns
[273.754s][info ][safepoint      ] Safepoint "Cleanup", Time since last: 1482067907 ns, Reaching safepoint: 157201 ns, At safepoint: 8600 ns, Total: 165801 ns
[274.754s][info ][safepoint      ] Safepoint "Cleanup", Time since last: 1000111753 ns, Reaching safepoint: 53700 ns, At safepoint: 11500 ns, Total: 65200 ns
[275.754s][info ][safepoint      ] Safepoint "Cleanup", Time since last: 1000107644 ns, Reaching safepoint: 116101 ns, At safepoint: 7500 ns, Total: 123601 ns
[276.754s][info ][safepoint      ] Safepoint "Cleanup", Time since last: 1000105435 ns, Reaching safepoint: 56301 ns, At safepoint: 10400 ns, Total: 66701 ns
[277.754s][info ][safepoint      ] Safepoint "Cleanup", Time since last: 1000124626 ns, Reaching safepoint: 126301 ns, At safepoint: 10200 ns, Total: 136501 ns
[278.755s][info ][safepoint      ] Safepoint "Cleanup", Time since last: 1000112818 ns, Reaching safepoint: 116601 ns, At safepoint: 6500 ns, Total: 123101 ns
[280.755s][info ][safepoint      ] Safepoint "Cleanup", Time since last: 2000177908 ns, Reaching safepoint: 119101 ns, At safepoint: 8600 ns, Total: 127701 ns
[281.755s][info ][safepoint      ] Safepoint "Cleanup", Time since last: 1000109092 ns, Reaching safepoint: 116701 ns, At safepoint: 6200 ns, Total: 122901 ns
[283.755s][info ][safepoint      ] Safepoint "Cleanup", Time since last: 2000181357 ns, Reaching safepoint: 136901 ns, At safepoint: 10600 ns, Total: 147501 ns
[284.756s][info ][safepoint      ] Safepoint "Cleanup", Time since last: 1000110965 ns, Reaching safepoint: 115201 ns, At safepoint: 9400 ns, Total: 124601 ns
[285.756s][info ][safepoint      ] Safepoint "Cleanup", Time since last: 1000118257 ns, Reaching safepoint: 125401 ns, At safepoint: 7500 ns, Total: 132901 ns
[287.756s][info ][safepoint      ] Safepoint "Cleanup", Time since last: 2000174488 ns, Reaching safepoint: 121401 ns, At safepoint: 10300 ns, Total: 131701 ns
[288.757s][info ][safepoint      ] Safepoint "Cleanup", Time since last: 1000110831 ns, Reaching safepoint: 120501 ns, At safepoint: 9900 ns, Total: 130401 ns
[290.757s][info ][safepoint      ] Safepoint "Cleanup", Time since last: 2000181937 ns, Reaching safepoint: 121200 ns, At safepoint: 8300 ns, Total: 129500 ns
[291.757s][info ][safepoint      ] Safepoint "Cleanup", Time since last: 1000110606 ns, Reaching safepoint: 57001 ns, At safepoint: 5500 ns, Total: 62501 ns
[292.757s][info ][safepoint      ] Safepoint "Cleanup", Time since last: 1000109797 ns, Reaching safepoint: 59500 ns, At safepoint: 12800 ns, Total: 72300 ns
[293.757s][info ][safepoint      ] Safepoint "Cleanup", Time since last: 1000122689 ns, Reaching safepoint: 67200 ns, At safepoint: 12301 ns, Total: 79501 ns
[294.758s][info ][safepoint      ] Safepoint "Cleanup", Time since last: 1000076479 ns, Reaching safepoint: 52601 ns, At safepoint: 3100 ns, Total: 55701 ns
[298.758s][info ][safepoint      ] Safepoint "Cleanup", Time since last: 4000279535 ns, Reaching safepoint: 119401 ns, At safepoint: 14300 ns, Total: 133701 ns
[299.758s][info ][safepoint      ] Safepoint "Cleanup", Time since last: 1000111938 ns, Reaching safepoint: 127001 ns, At safepoint: 8700 ns, Total: 135701 ns
[301.758s][info ][safepoint      ] Safepoint "Cleanup", Time since last: 2000180351 ns, Reaching safepoint: 50400 ns, At safepoint: 4200 ns, Total: 54600 ns
[302.759s][info ][safepoint      ] Safepoint "Cleanup", Time since last: 1000108213 ns, Reaching safepoint: 50101 ns, At safepoint: 8100 ns, Total: 58201 ns
[303.759s][info ][safepoint      ] Safepoint "Cleanup", Time since last: 1000120205 ns, Reaching safepoint: 88900 ns, At safepoint: 12400 ns, Total: 101300 ns
[304.759s][info ][safepoint      ] Safepoint "Cleanup", Time since last: 1000113097 ns, Reaching safepoint: 47900 ns, At safepoint: 4200 ns, Total: 52100 ns
[305.759s][info ][safepoint      ] Safepoint "Cleanup", Time since last: 1000107988 ns, Reaching safepoint: 58701 ns, At safepoint: 7700 ns, Total: 66401 ns
[307.759s][info ][safepoint      ] Safepoint "Cleanup", Time since last: 2000191151 ns, Reaching safepoint: 51401 ns, At safepoint: 3500 ns, Total: 54901 ns
[308.760s][info ][safepoint      ] Safepoint "Cleanup", Time since last: 1000122463 ns, Reaching safepoint: 57401 ns, At safepoint: 6400 ns, Total: 63801 ns
[309.760s][info ][safepoint      ] Safepoint "Cleanup", Time since last: 1000123855 ns, Reaching safepoint: 58800 ns, At safepoint: 5900 ns, Total: 64700 ns
[310.760s][info ][safepoint      ] Safepoint "Cleanup", Time since last: 1000107247 ns, Reaching safepoint: 52201 ns, At safepoint: 3300 ns, Total: 55501 ns
[311.760s][info ][safepoint      ] Safepoint "Cleanup", Time since last: 1000124839 ns, Reaching safepoint: 58200 ns, At safepoint: 3700 ns, Total: 61900 ns
[312.760s][info ][safepoint      ] Safepoint "Cleanup", Time since last: 1000106631 ns, Reaching safepoint: 59500 ns, At safepoint: 5000 ns, Total: 64500 ns
[313.760s][info ][safepoint      ] Safepoint "Cleanup", Time since last: 1000118723 ns, Reaching safepoint: 44200 ns, At safepoint: 3700 ns, Total: 47900 ns
[316.761s][info ][safepoint      ] Safepoint "Cleanup", Time since last: 3000236018 ns, Reaching safepoint: 55800 ns, At safepoint: 5100 ns, Total: 60900 ns
[317.761s][info ][safepoint      ] Safepoint "Cleanup", Time since last: 1000120991 ns, Reaching safepoint: 56400 ns, At safepoint: 4100 ns, Total: 60500 ns
[318.761s][info ][safepoint      ] Safepoint "Cleanup", Time since last: 1000101682 ns, Reaching safepoint: 53800 ns, At safepoint: 9900 ns, Total: 63700 ns
[319.761s][info ][safepoint      ] Safepoint "Cleanup", Time since last: 1000113374 ns, Reaching safepoint: 55601 ns, At safepoint: 8100 ns, Total: 63701 ns
[320.761s][info ][safepoint      ] Safepoint "Cleanup", Time since last: 1000093065 ns, Reaching safepoint: 69101 ns, At safepoint: 10600 ns, Total: 79701 ns
[321.762s][info ][safepoint      ] Safepoint "Cleanup", Time since last: 1000112958 ns, Reaching safepoint: 119601 ns, At safepoint: 10700 ns, Total: 130301 ns
[322.762s][info ][safepoint      ] Safepoint "Cleanup", Time since last: 1000115250 ns, Reaching safepoint: 60700 ns, At safepoint: 6700 ns, Total: 67400 ns
[324.762s][info ][safepoint      ] Safepoint "Cleanup", Time since last: 2000178875 ns, Reaching safepoint: 43601 ns, At safepoint: 3800 ns, Total: 47401 ns
[325.762s][info ][safepoint      ] Safepoint "Cleanup", Time since last: 1000111326 ns, Reaching safepoint: 49900 ns, At safepoint: 3300 ns, Total: 53200 ns
[326.762s][info ][safepoint      ] Safepoint "Cleanup", Time since last: 1000112118 ns, Reaching safepoint: 55800 ns, At safepoint: 10900 ns, Total: 66700 ns
[327.763s][info ][safepoint      ] Safepoint "Cleanup", Time since last: 1000109710 ns, Reaching safepoint: 52101 ns, At safepoint: 6800 ns, Total: 58901 ns
[328.763s][info ][safepoint      ] Safepoint "Cleanup", Time since last: 1000111002 ns, Reaching safepoint: 65900 ns, At safepoint: 10400 ns, Total: 76300 ns
[329.763s][info ][safepoint      ] Safepoint "Cleanup", Time since last: 1000118195 ns, Reaching safepoint: 64800 ns, At safepoint: 4500 ns, Total: 69300 ns
[330.763s][info ][safepoint      ] Safepoint "Cleanup", Time since last: 1000132586 ns, Reaching safepoint: 53001 ns, At safepoint: 6000 ns, Total: 59001 ns
[331.763s][info ][safepoint      ] Safepoint "Cleanup", Time since last: 1000113978 ns, Reaching safepoint: 49001 ns, At safepoint: 3600 ns, Total: 52601 ns
[332.764s][info ][safepoint      ] Safepoint "Cleanup", Time since last: 1000111370 ns, Reaching safepoint: 49801 ns, At safepoint: 5700 ns, Total: 55501 ns
[334.764s][info ][safepoint      ] Safepoint "Cleanup", Time since last: 2000176317 ns, Reaching safepoint: 55600 ns, At safepoint: 5800 ns, Total: 61400 ns
[335.456s][info ][gc,start       ] GC(105) Pause Young (Allocation Failure)
[335.465s][debug][gc,phases      ] GC(105) Scavenge 9.100ms
[335.465s][debug][gc,ref         ] GC(105) Skipped phase 1 of Reference Processing: no references
[335.465s][debug][gc,ref         ] GC(105) ReferenceProcessor::execute queues: 1, RefProcThreadModel::Single, marks_oops_alive: false
[335.465s][debug][gc,ref         ] GC(105) Skipped phase 3 of Reference Processing: no references
[335.465s][debug][gc,ref         ] GC(105) ReferenceProcessor::execute queues: 1, RefProcThreadModel::Single, marks_oops_alive: false
[335.466s][debug][gc,phases      ] GC(105) Reference Processing 0.138ms
[335.466s][debug][gc,phases      ] GC(105)   VM Weak                        Min:  0.0, Avg:  0.0, Max:  0.0, Diff:  0.0, Sum:  0.0, Workers: 4
[335.466s][debug][gc,phases      ] GC(105)     Dead                           Min: 0, Avg:  0.0, Max: 0, Diff: 0, Sum: 0, Workers: 4
[335.466s][debug][gc,phases      ] GC(105)     Total                          Min: 0, Avg: 171.0, Max: 428, Diff: 428, Sum: 684, Workers: 4
[335.466s][debug][gc,phases      ] GC(105)   ObjectSynchronizer Weak        Min:  0.0, Avg:  0.0, Max:  0.0, Diff:  0.0, Sum:  0.0, Workers: 4
[335.466s][debug][gc,phases      ] GC(105)     Dead                           Min: 0, Avg:  0.0, Max: 0, Diff: 0, Sum: 0, Workers: 4
[335.466s][debug][gc,phases      ] GC(105)     Total                          Min: 0, Avg: 61.5, Max: 128, Diff: 128, Sum: 246, Workers: 4
[335.466s][debug][gc,phases      ] GC(105)   JVMTI Tag Weak OopStorage      Min:  0.0, Avg:  0.0, Max:  0.0, Diff:  0.0, Sum:  0.0, Workers: 4
[335.466s][debug][gc,phases      ] GC(105)     Dead                           Min: 0, Avg:  0.0, Max: 0, Diff: 0, Sum: 0, Workers: 4
[335.466s][debug][gc,phases      ] GC(105)     Total                          Min: 0, Avg:  0.0, Max: 0, Diff: 0, Sum: 0, Workers: 4
[335.466s][debug][gc,phases      ] GC(105)   StringTable Weak               Min:  0.1, Avg:  0.1, Max:  0.1, Diff:  0.0, Sum:  0.4, Workers: 4
[335.466s][debug][gc,phases      ] GC(105)     Dead                           Min: 0, Avg:  0.0, Max: 0, Diff: 0, Sum: 0, Workers: 4
[335.466s][debug][gc,phases      ] GC(105)     Total                          Min: 11328, Avg: 11967.0, Max: 12924, Diff: 1596, Sum: 47868, Workers: 4
[335.466s][debug][gc,phases      ] GC(105)   ResolvedMethodTable Weak       Min:  0.0, Avg:  0.0, Max:  0.0, Diff:  0.0, Sum:  0.1, Workers: 4
[335.466s][debug][gc,phases      ] GC(105)     Dead                           Min: 0, Avg:  0.2, Max: 1, Diff: 1, Sum: 1, Workers: 4
[335.466s][debug][gc,phases      ] GC(105)     Total                          Min: 1900, Avg: 2032.2, Max: 2274, Diff: 374, Sum: 8129, Workers: 4
[335.466s][debug][gc,phases      ] GC(105)   JNI Weak                       Min:  0.0, Avg:  0.0, Max:  0.0, Diff:  0.0, Sum:  0.0, Workers: 4
[335.466s][debug][gc,phases      ] GC(105)     Dead                           Min: 0, Avg:  0.0, Max: 0, Diff: 0, Sum: 0, Workers: 4
[335.466s][debug][gc,phases      ] GC(105)     Total                          Min: 0, Avg:  0.0, Max: 0, Diff: 0, Sum: 0, Workers: 4
[335.466s][debug][gc,phases      ] GC(105)   StringDedup Table Weak         Min:  0.0, Avg:  0.0, Max:  0.0, Diff:  0.0, Sum:  0.0, Workers: 4
[335.466s][debug][gc,phases      ] GC(105)     Dead                           Min: 0, Avg:  0.0, Max: 0, Diff: 0, Sum: 0, Workers: 4
[335.466s][debug][gc,phases      ] GC(105)     Total                          Min: 0, Avg:  0.0, Max: 0, Diff: 0, Sum: 0, Workers: 4
[335.466s][debug][gc,phases      ] GC(105)   StringDedup Requests0 Weak     Min:  0.0, Avg:  0.0, Max:  0.0, Diff:  0.0, Sum:  0.0, Workers: 4
[335.466s][debug][gc,phases      ] GC(105)     Dead                           Min: 0, Avg:  0.0, Max: 0, Diff: 0, Sum: 0, Workers: 4
[335.466s][debug][gc,phases      ] GC(105)     Total                          Min: 0, Avg:  0.0, Max: 0, Diff: 0, Sum: 0, Workers: 4
[335.466s][debug][gc,phases      ] GC(105)   StringDedup Requests1 Weak     Min:  0.0, Avg:  0.0, Max:  0.0, Diff:  0.0, Sum:  0.0, Workers: 4
[335.466s][debug][gc,phases      ] GC(105)     Dead                           Min: 0, Avg:  0.0, Max: 0, Diff: 0, Sum: 0, Workers: 4
[335.466s][debug][gc,phases      ] GC(105)     Total                          Min: 0, Avg:  0.0, Max: 0, Diff: 0, Sum: 0, Workers: 4
[335.466s][debug][gc,phases      ] GC(105)   Weak JFR Old Object Samples    Min:  0.0, Avg:  0.0, Max:  0.0, Diff:  0.0, Sum:  0.0, Workers: 4
[335.466s][debug][gc,phases      ] GC(105)     Dead                           Min: 0, Avg:  0.0, Max: 0, Diff: 0, Sum: 0, Workers: 4
[335.466s][debug][gc,phases      ] GC(105)     Total                          Min: 0, Avg:  0.0, Max: 0, Diff: 0, Sum: 0, Workers: 4
[335.466s][debug][gc,phases      ] GC(105) Weak Processing 0.333ms
[335.466s][debug][gc,age         ] GC(105) Desired survivor size 56098816 bytes, new threshold 15 (max threshold 15)
[335.466s][info ][gc,heap        ] GC(105) PSYoungGen: 2011706K(2040832K)->28730K(2039296K) Eden: 1982976K(1982976K)->0K(1982976K) From: 28730K(57856K)->28730K(56320K)
[335.466s][info ][gc,heap        ] GC(105) ParOldGen: 393385K(416256K)->393721K(416256K)
[335.466s][info ][gc,metaspace   ] GC(105) Metaspace: 82581K(83392K)->82581K(83392K) NonClass: 70990K(71424K)->70990K(71424K) Class: 11590K(11968K)->11590K(11968K)
[335.466s][info ][gc             ] GC(105) Pause Young (Allocation Failure) 2348M->412M(2398M) 9.727ms
[335.466s][info ][gc,cpu         ] GC(105) User=0.04s Sys=0.00s Real=0.01s
[335.466s][info ][safepoint      ] Safepoint "ParallelGCFailedAllocation", Time since last: 692294180 ns, Reaching safepoint: 75200 ns, At safepoint: 9810469 ns, Total: 9885669 ns
[336.466s][info ][safepoint      ] Safepoint "Cleanup", Time since last: 1000045041 ns, Reaching safepoint: 52601 ns, At safepoint: 9100 ns, Total: 61701 ns
[337.466s][info ][safepoint      ] Safepoint "Cleanup", Time since last: 1000106833 ns, Reaching safepoint: 47401 ns, At safepoint: 7400 ns, Total: 54801 ns
[338.466s][info ][safepoint      ] Safepoint "Cleanup", Time since last: 1000119326 ns, Reaching safepoint: 48200 ns, At safepoint: 6000 ns, Total: 54200 ns
[339.467s][info ][safepoint      ] Safepoint "Cleanup", Time since last: 1000112619 ns, Reaching safepoint: 55300 ns, At safepoint: 3900 ns, Total: 59200 ns
[343.467s][info ][safepoint      ] Safepoint "Cleanup", Time since last: 4000223994 ns, Reaching safepoint: 42600 ns, At safepoint: 3100 ns, Total: 45700 ns
[344.467s][info ][safepoint      ] Safepoint "Cleanup", Time since last: 1000110880 ns, Reaching safepoint: 51101 ns, At safepoint: 5800 ns, Total: 56901 ns
[345.467s][info ][safepoint      ] Safepoint "Cleanup", Time since last: 1000106472 ns, Reaching safepoint: 45800 ns, At safepoint: 2700 ns, Total: 48500 ns
[346.467s][info ][safepoint      ] Safepoint "Cleanup", Time since last: 1000106864 ns, Reaching safepoint: 50601 ns, At safepoint: 3300 ns, Total: 53901 ns
[350.468s][info ][safepoint      ] Safepoint "Cleanup", Time since last: 4000311280 ns, Reaching safepoint: 57701 ns, At safepoint: 8700 ns, Total: 66401 ns
[353.468s][info ][safepoint      ] Safepoint "Cleanup", Time since last: 3000245956 ns, Reaching safepoint: 88400 ns, At safepoint: 9800 ns, Total: 98200 ns
[355.468s][info ][safepoint      ] Safepoint "Cleanup", Time since last: 2000173200 ns, Reaching safepoint: 64400 ns, At safepoint: 8500 ns, Total: 72900 ns
[356.468s][info ][safepoint      ] Safepoint "Cleanup", Time since last: 1000114589 ns, Reaching safepoint: 48401 ns, At safepoint: 6500 ns, Total: 54901 ns
[357.469s][info ][safepoint      ] Safepoint "Cleanup", Time since last: 1000108381 ns, Reaching safepoint: 59300 ns, At safepoint: 12000 ns, Total: 71300 ns
[358.469s][info ][safepoint      ] Safepoint "Cleanup", Time since last: 1000114774 ns, Reaching safepoint: 49400 ns, At safepoint: 3101 ns, Total: 52501 ns
[362.469s][info ][safepoint      ] Safepoint "Cleanup", Time since last: 4000310119 ns, Reaching safepoint: 42401 ns, At safepoint: 3300 ns, Total: 45701 ns
[363.469s][info ][safepoint      ] Safepoint "Cleanup", Time since last: 1000117236 ns, Reaching safepoint: 76801 ns, At safepoint: 11100 ns, Total: 87901 ns
[364.470s][info ][safepoint      ] Safepoint "Cleanup", Time since last: 1000139429 ns, Reaching safepoint: 41701 ns, At safepoint: 3700 ns, Total: 45401 ns
[368.109s][info ][safepoint      ] Safepoint "Cleanup", Time since last: 3639278188 ns, Reaching safepoint: 88301 ns, At safepoint: 13400 ns, Total: 101701 ns
[369.109s][info ][safepoint      ] Safepoint "Cleanup", Time since last: 1000114195 ns, Reaching safepoint: 43201 ns, At safepoint: 4100 ns, Total: 47301 ns
[370.109s][info ][safepoint      ] Safepoint "Cleanup", Time since last: 1000125788 ns, Reaching safepoint: 53000 ns, At safepoint: 3200 ns, Total: 56200 ns
[371.109s][info ][safepoint      ] Safepoint "Cleanup", Time since last: 1000110581 ns, Reaching safepoint: 46300 ns, At safepoint: 5300 ns, Total: 51600 ns
[372.110s][info ][safepoint      ] Safepoint "Cleanup", Time since last: 1000105473 ns, Reaching safepoint: 94101 ns, At safepoint: 6100 ns, Total: 100201 ns
[373.110s][info ][safepoint      ] Safepoint "Cleanup", Time since last: 1000087666 ns, Reaching safepoint: 54000 ns, At safepoint: 8400 ns, Total: 62400 ns
[374.110s][info ][safepoint      ] Safepoint "Cleanup", Time since last: 1000122459 ns, Reaching safepoint: 53101 ns, At safepoint: 10400 ns, Total: 63501 ns
[375.110s][info ][safepoint      ] Safepoint "Cleanup", Time since last: 1000115351 ns, Reaching safepoint: 49701 ns, At safepoint: 3800 ns, Total: 53501 ns
[379.111s][info ][safepoint      ] Safepoint "Cleanup", Time since last: 4000313233 ns, Reaching safepoint: 55400 ns, At safepoint: 10900 ns, Total: 66300 ns
[380.111s][info ][safepoint      ] Safepoint "Cleanup", Time since last: 1000107016 ns, Reaching safepoint: 55100 ns, At safepoint: 5500 ns, Total: 60600 ns
[381.111s][info ][safepoint      ] Safepoint "Cleanup", Time since last: 1000105309 ns, Reaching safepoint: 67700 ns, At safepoint: 4600 ns, Total: 72300 ns
[383.111s][info ][safepoint      ] Safepoint "Cleanup", Time since last: 2000180796 ns, Reaching safepoint: 56100 ns, At safepoint: 14100 ns, Total: 70200 ns
[386.111s][info ][safepoint      ] Safepoint "Cleanup", Time since last: 3000235040 ns, Reaching safepoint: 53500 ns, At safepoint: 4600 ns, Total: 58100 ns
[387.112s][info ][safepoint      ] Safepoint "Cleanup", Time since last: 1000108366 ns, Reaching safepoint: 60400 ns, At safepoint: 7800 ns, Total: 68200 ns
[388.112s][info ][safepoint      ] Safepoint "Cleanup", Time since last: 1000112059 ns, Reaching safepoint: 64401 ns, At safepoint: 11900 ns, Total: 76301 ns
[392.112s][info ][safepoint      ] Safepoint "Cleanup", Time since last: 4000316564 ns, Reaching safepoint: 58600 ns, At safepoint: 9100 ns, Total: 67700 ns
[394.112s][info ][safepoint      ] Safepoint "Cleanup", Time since last: 2000194341 ns, Reaching safepoint: 54500 ns, At safepoint: 6500 ns, Total: 61000 ns
[395.113s][info ][safepoint      ] Safepoint "Cleanup", Time since last: 1000109410 ns, Reaching safepoint: 49300 ns, At safepoint: 3400 ns, Total: 52700 ns
[398.113s][info ][safepoint      ] Safepoint "Cleanup", Time since last: 3000252788 ns, Reaching safepoint: 62100 ns, At safepoint: 7500 ns, Total: 69600 ns
[399.113s][info ][safepoint      ] Safepoint "Cleanup", Time since last: 1000114182 ns, Reaching safepoint: 50701 ns, At safepoint: 2900 ns, Total: 53601 ns
[400.113s][info ][safepoint      ] Safepoint "Cleanup", Time since last: 1000099975 ns, Reaching safepoint: 45100 ns, At safepoint: 2600 ns, Total: 47700 ns
[401.113s][info ][safepoint      ] Safepoint "Cleanup", Time since last: 1000106469 ns, Reaching safepoint: 52000 ns, At safepoint: 3300 ns, Total: 55300 ns
[402.114s][info ][safepoint      ] Safepoint "Cleanup", Time since last: 1000107262 ns, Reaching safepoint: 55600 ns, At safepoint: 15400 ns, Total: 71000 ns
[402.416s][info ][gc,start       ] GC(106) Pause Young (Allocation Failure)
[402.423s][debug][gc,phases      ] GC(106) Scavenge 7.067ms
[402.423s][debug][gc,ref         ] GC(106) Skipped phase 1 of Reference Processing: no references
[402.423s][debug][gc,ref         ] GC(106) ReferenceProcessor::execute queues: 1, RefProcThreadModel::Single, marks_oops_alive: false
[402.423s][debug][gc,ref         ] GC(106) Skipped phase 3 of Reference Processing: no references
[402.423s][debug][gc,ref         ] GC(106) ReferenceProcessor::execute queues: 1, RefProcThreadModel::Single, marks_oops_alive: false
[402.423s][debug][gc,phases      ] GC(106) Reference Processing 0.129ms
[402.424s][debug][gc,phases      ] GC(106)   VM Weak                        Min:  0.0, Avg:  0.0, Max:  0.0, Diff:  0.0, Sum:  0.0, Workers: 4
[402.424s][debug][gc,phases      ] GC(106)     Dead                           Min: 0, Avg:  0.0, Max: 0, Diff: 0, Sum: 0, Workers: 4
[402.424s][debug][gc,phases      ] GC(106)     Total                          Min: 0, Avg: 171.2, Max: 429, Diff: 429, Sum: 685, Workers: 4
[402.424s][debug][gc,phases      ] GC(106)   ObjectSynchronizer Weak        Min:  0.0, Avg:  0.0, Max:  0.0, Diff:  0.0, Sum:  0.0, Workers: 4
[402.424s][debug][gc,phases      ] GC(106)     Dead                           Min: 0, Avg:  0.0, Max: 0, Diff: 0, Sum: 0, Workers: 4
[402.424s][debug][gc,phases      ] GC(106)     Total                          Min: 0, Avg: 61.5, Max: 128, Diff: 128, Sum: 246, Workers: 4
[402.424s][debug][gc,phases      ] GC(106)   JVMTI Tag Weak OopStorage      Min:  0.0, Avg:  0.0, Max:  0.0, Diff:  0.0, Sum:  0.0, Workers: 4
[402.424s][debug][gc,phases      ] GC(106)     Dead                           Min: 0, Avg:  0.0, Max: 0, Diff: 0, Sum: 0, Workers: 4
[402.424s][debug][gc,phases      ] GC(106)     Total                          Min: 0, Avg:  0.0, Max: 0, Diff: 0, Sum: 0, Workers: 4
[402.424s][debug][gc,phases      ] GC(106)   StringTable Weak               Min:  0.1, Avg:  0.1, Max:  0.1, Diff:  0.0, Sum:  0.4, Workers: 4
[402.424s][debug][gc,phases      ] GC(106)     Dead                           Min: 0, Avg:  0.2, Max: 1, Diff: 1, Sum: 1, Workers: 4
[402.424s][debug][gc,phases      ] GC(106)     Total                          Min: 11106, Avg: 11976.5, Max: 13632, Diff: 2526, Sum: 47906, Workers: 4
[402.424s][debug][gc,phases      ] GC(106)   ResolvedMethodTable Weak       Min:  0.0, Avg:  0.0, Max:  0.0, Diff:  0.0, Sum:  0.1, Workers: 4
[402.424s][debug][gc,phases      ] GC(106)     Dead                           Min: 0, Avg:  4.2, Max: 17, Diff: 17, Sum: 17, Workers: 4
[402.424s][debug][gc,phases      ] GC(106)     Total                          Min: 1828, Avg: 2038.5, Max: 2208, Diff: 380, Sum: 8154, Workers: 4
[402.424s][debug][gc,phases      ] GC(106)   JNI Weak                       Min:  0.0, Avg:  0.0, Max:  0.0, Diff:  0.0, Sum:  0.0, Workers: 4
[402.424s][debug][gc,phases      ] GC(106)     Dead                           Min: 0, Avg:  0.0, Max: 0, Diff: 0, Sum: 0, Workers: 4
[402.424s][debug][gc,phases      ] GC(106)     Total                          Min: 0, Avg:  0.0, Max: 0, Diff: 0, Sum: 0, Workers: 4
[402.424s][debug][gc,phases      ] GC(106)   StringDedup Table Weak         Min:  0.0, Avg:  0.0, Max:  0.0, Diff:  0.0, Sum:  0.0, Workers: 4
[402.424s][debug][gc,phases      ] GC(106)     Dead                           Min: 0, Avg:  0.0, Max: 0, Diff: 0, Sum: 0, Workers: 4
[402.424s][debug][gc,phases      ] GC(106)     Total                          Min: 0, Avg:  0.0, Max: 0, Diff: 0, Sum: 0, Workers: 4
[402.424s][debug][gc,phases      ] GC(106)   StringDedup Requests0 Weak     Min:  0.0, Avg:  0.0, Max:  0.0, Diff:  0.0, Sum:  0.0, Workers: 4
[402.424s][debug][gc,phases      ] GC(106)     Dead                           Min: 0, Avg:  0.0, Max: 0, Diff: 0, Sum: 0, Workers: 4
[402.424s][debug][gc,phases      ] GC(106)     Total                          Min: 0, Avg:  0.0, Max: 0, Diff: 0, Sum: 0, Workers: 4
[402.424s][debug][gc,phases      ] GC(106)   StringDedup Requests1 Weak     Min:  0.0, Avg:  0.0, Max:  0.0, Diff:  0.0, Sum:  0.0, Workers: 4
[402.424s][debug][gc,phases      ] GC(106)     Dead                           Min: 0, Avg:  0.0, Max: 0, Diff: 0, Sum: 0, Workers: 4
[402.424s][debug][gc,phases      ] GC(106)     Total                          Min: 0, Avg:  0.0, Max: 0, Diff: 0, Sum: 0, Workers: 4
[402.424s][debug][gc,phases      ] GC(106)   Weak JFR Old Object Samples    Min:  0.0, Avg:  0.0, Max:  0.0, Diff:  0.0, Sum:  0.0, Workers: 4
[402.424s][debug][gc,phases      ] GC(106)     Dead                           Min: 0, Avg:  0.0, Max: 0, Diff: 0, Sum: 0, Workers: 4
[402.424s][debug][gc,phases      ] GC(106)     Total                          Min: 0, Avg:  0.0, Max: 0, Diff: 0, Sum: 0, Workers: 4
[402.424s][debug][gc,phases      ] GC(106) Weak Processing 0.331ms
[402.424s][debug][gc,age         ] GC(106) Desired survivor size 54001664 bytes, new threshold 15 (max threshold 15)
[402.424s][info ][gc,heap        ] GC(106) PSYoungGen: 2011706K(2039296K)->28885K(2044416K) Eden: 1982976K(1982976K)->0K(1989632K) From: 28730K(56320K)->28885K(54784K)
[402.424s][info ][gc,heap        ] GC(106) ParOldGen: 393721K(416256K)->394097K(416256K)
[402.424s][info ][gc,metaspace   ] GC(106) Metaspace: 82695K(83520K)->82695K(83520K) NonClass: 71093K(71552K)->71093K(71552K) Class: 11602K(11968K)->11602K(11968K)
[402.424s][info ][gc             ] GC(106) Pause Young (Allocation Failure) 2349M->413M(2403M) 7.686ms
[402.424s][info ][gc,cpu         ] GC(106) User=0.03s Sys=0.00s Real=0.01s
[402.424s][info ][safepoint      ] Safepoint "ParallelGCFailedAllocation", Time since last: 302479983 ns, Reaching safepoint: 27100 ns, At safepoint: 7764151 ns, Total: 7791251 ns
[403.424s][info ][safepoint      ] Safepoint "Cleanup", Time since last: 1000045352 ns, Reaching safepoint: 50001 ns, At safepoint: 3200 ns, Total: 53201 ns
[404.424s][info ][safepoint      ] Safepoint "Cleanup", Time since last: 1000063945 ns, Reaching safepoint: 45501 ns, At safepoint: 4000 ns, Total: 49501 ns
[406.424s][info ][safepoint      ] Safepoint "Cleanup", Time since last: 2000176970 ns, Reaching safepoint: 62901 ns, At safepoint: 8100 ns, Total: 71001 ns
[410.425s][info ][safepoint      ] Safepoint "Cleanup", Time since last: 4000314260 ns, Reaching safepoint: 43300 ns, At safepoint: 3700 ns, Total: 47000 ns
[414.425s][info ][safepoint      ] Safepoint "Cleanup", Time since last: 4000260052 ns, Reaching safepoint: 46200 ns, At safepoint: 2700 ns, Total: 48900 ns
[416.425s][info ][safepoint      ] Safepoint "Cleanup", Time since last: 2000173836 ns, Reaching safepoint: 53501 ns, At safepoint: 5700 ns, Total: 59201 ns
[417.425s][info ][safepoint      ] Safepoint "Cleanup", Time since last: 1000103258 ns, Reaching safepoint: 49300 ns, At safepoint: 8100 ns, Total: 57400 ns
[420.426s][info ][safepoint      ] Safepoint "Cleanup", Time since last: 3000245334 ns, Reaching safepoint: 53501 ns, At safepoint: 5700 ns, Total: 59201 ns
[424.426s][info ][safepoint      ] Safepoint "Cleanup", Time since last: 4000302286 ns, Reaching safepoint: 47400 ns, At safepoint: 3800 ns, Total: 51200 ns
[426.426s][info ][safepoint      ] Safepoint "Cleanup", Time since last: 2000148604 ns, Reaching safepoint: 55500 ns, At safepoint: 5600 ns, Total: 61100 ns
[429.427s][info ][safepoint      ] Safepoint "Cleanup", Time since last: 3000275957 ns, Reaching safepoint: 69701 ns, At safepoint: 5400 ns, Total: 75101 ns
[434.427s][info ][safepoint      ] Safepoint "Cleanup", Time since last: 5000321198 ns, Reaching safepoint: 56000 ns, At safepoint: 8200 ns, Total: 64200 ns
[435.427s][info ][safepoint      ] Safepoint "Cleanup", Time since last: 1000107940 ns, Reaching safepoint: 58701 ns, At safepoint: 8100 ns, Total: 66801 ns
[438.427s][info ][safepoint      ] Safepoint "Cleanup", Time since last: 3000233782 ns, Reaching safepoint: 51201 ns, At safepoint: 6100 ns, Total: 57301 ns
[439.428s][info ][safepoint      ] Safepoint "Cleanup", Time since last: 1000094915 ns, Reaching safepoint: 49900 ns, At safepoint: 7500 ns, Total: 57400 ns
[440.428s][info ][safepoint      ] Safepoint "Cleanup", Time since last: 1000064608 ns, Reaching safepoint: 54401 ns, At safepoint: 5500 ns, Total: 59901 ns
[441.428s][info ][safepoint      ] Safepoint "Cleanup", Time since last: 1000108802 ns, Reaching safepoint: 51100 ns, At safepoint: 9600 ns, Total: 60700 ns
[442.428s][info ][safepoint      ] Safepoint "Cleanup", Time since last: 1000107196 ns, Reaching safepoint: 48400 ns, At safepoint: 6400 ns, Total: 54800 ns
[444.428s][info ][safepoint      ] Safepoint "Cleanup", Time since last: 2000189573 ns, Reaching safepoint: 44700 ns, At safepoint: 3500 ns, Total: 48200 ns
[447.429s][info ][safepoint      ] Safepoint "Cleanup", Time since last: 3000230512 ns, Reaching safepoint: 47600 ns, At safepoint: 6500 ns, Total: 54100 ns
[448.429s][info ][safepoint      ] Safepoint "Cleanup", Time since last: 1000294659 ns, Reaching safepoint: 49601 ns, At safepoint: 3100 ns, Total: 52701 ns
[450.429s][info ][safepoint      ] Safepoint "Cleanup", Time since last: 2000182497 ns, Reaching safepoint: 53300 ns, At safepoint: 5700 ns, Total: 59000 ns
[451.429s][info ][safepoint      ] Safepoint "Cleanup", Time since last: 1000112039 ns, Reaching safepoint: 50901 ns, At safepoint: 6300 ns, Total: 57201 ns
[453.430s][info ][safepoint      ] Safepoint "Cleanup", Time since last: 2000157760 ns, Reaching safepoint: 47600 ns, At safepoint: 3900 ns, Total: 51500 ns
[457.430s][info ][safepoint      ] Safepoint "Cleanup", Time since last: 4000290445 ns, Reaching safepoint: 35800 ns, At safepoint: 7800 ns, Total: 43600 ns
[458.430s][info ][safepoint      ] Safepoint "Cleanup", Time since last: 1000101496 ns, Reaching safepoint: 56001 ns, At safepoint: 4600 ns, Total: 60601 ns
[459.430s][info ][safepoint      ] Safepoint "Cleanup", Time since last: 1000127290 ns, Reaching safepoint: 47300 ns, At safepoint: 6300 ns, Total: 53600 ns
[460.430s][info ][safepoint      ] Safepoint "Cleanup", Time since last: 1000103784 ns, Reaching safepoint: 51300 ns, At safepoint: 4000 ns, Total: 55300 ns
[461.430s][info ][safepoint      ] Safepoint "Cleanup", Time since last: 1000098278 ns, Reaching safepoint: 46500 ns, At safepoint: 7600 ns, Total: 54100 ns
[464.431s][info ][safepoint      ] Safepoint "Cleanup", Time since last: 3000187596 ns, Reaching safepoint: 51700 ns, At safepoint: 7500 ns, Total: 59200 ns
[467.431s][info ][safepoint      ] Safepoint "Cleanup", Time since last: 3000241342 ns, Reaching safepoint: 50600 ns, At safepoint: 6700 ns, Total: 57300 ns
[468.431s][info ][safepoint      ] Safepoint "Cleanup", Time since last: 1000089235 ns, Reaching safepoint: 46701 ns, At safepoint: 3200 ns, Total: 49901 ns
[469.431s][info ][safepoint      ] Safepoint "Cleanup", Time since last: 1000112929 ns, Reaching safepoint: 77700 ns, At safepoint: 8600 ns, Total: 86300 ns
[469.495s][info ][gc,start       ] GC(107) Pause Young (Allocation Failure)
[469.504s][debug][gc,phases      ] GC(107) Scavenge 8.363ms
[469.504s][debug][gc,ref         ] GC(107) Skipped phase 1 of Reference Processing: no references
[469.504s][debug][gc,ref         ] GC(107) ReferenceProcessor::execute queues: 1, RefProcThreadModel::Single, marks_oops_alive: false
[469.504s][debug][gc,ref         ] GC(107) Skipped phase 3 of Reference Processing: no references
[469.504s][debug][gc,ref         ] GC(107) ReferenceProcessor::execute queues: 1, RefProcThreadModel::Single, marks_oops_alive: false
[469.504s][debug][gc,phases      ] GC(107) Reference Processing 0.136ms
[469.504s][debug][gc,phases      ] GC(107)   VM Weak                        Min:  0.0, Avg:  0.0, Max:  0.0, Diff:  0.0, Sum:  0.0, Workers: 4
[469.504s][debug][gc,phases      ] GC(107)     Dead                           Min: 0, Avg:  0.0, Max: 0, Diff: 0, Sum: 0, Workers: 4
[469.504s][debug][gc,phases      ] GC(107)     Total                          Min: 0, Avg: 171.2, Max: 512, Diff: 512, Sum: 685, Workers: 4
[469.504s][debug][gc,phases      ] GC(107)   ObjectSynchronizer Weak        Min:  0.0, Avg:  0.0, Max:  0.0, Diff:  0.0, Sum:  0.0, Workers: 4
[469.504s][debug][gc,phases      ] GC(107)     Dead                           Min: 0, Avg:  0.0, Max: 0, Diff: 0, Sum: 0, Workers: 4
[469.504s][debug][gc,phases      ] GC(107)     Total                          Min: 0, Avg: 61.5, Max: 128, Diff: 128, Sum: 246, Workers: 4
[469.504s][debug][gc,phases      ] GC(107)   JVMTI Tag Weak OopStorage      Min:  0.0, Avg:  0.0, Max:  0.0, Diff:  0.0, Sum:  0.0, Workers: 4
[469.504s][debug][gc,phases      ] GC(107)     Dead                           Min: 0, Avg:  0.0, Max: 0, Diff: 0, Sum: 0, Workers: 4
[469.504s][debug][gc,phases      ] GC(107)     Total                          Min: 0, Avg:  0.0, Max: 0, Diff: 0, Sum: 0, Workers: 4
[469.504s][debug][gc,phases      ] GC(107)   StringTable Weak               Min:  0.1, Avg:  0.1, Max:  0.1, Diff:  0.0, Sum:  0.5, Workers: 4
[469.504s][debug][gc,phases      ] GC(107)     Dead                           Min: 0, Avg:  0.0, Max: 0, Diff: 0, Sum: 0, Workers: 4
[469.504s][debug][gc,phases      ] GC(107)     Total                          Min: 10496, Avg: 11992.2, Max: 13824, Diff: 3328, Sum: 47969, Workers: 4
[469.504s][debug][gc,phases      ] GC(107)   ResolvedMethodTable Weak       Min:  0.0, Avg:  0.0, Max:  0.0, Diff:  0.0, Sum:  0.1, Workers: 4
[469.504s][debug][gc,phases      ] GC(107)     Dead                           Min: 0, Avg:  0.0, Max: 0, Diff: 0, Sum: 0, Workers: 4
[469.504s][debug][gc,phases      ] GC(107)     Total                          Min: 1901, Avg: 2040.8, Max: 2274, Diff: 373, Sum: 8163, Workers: 4
[469.504s][debug][gc,phases      ] GC(107)   JNI Weak                       Min:  0.0, Avg:  0.0, Max:  0.0, Diff:  0.0, Sum:  0.0, Workers: 4
[469.504s][debug][gc,phases      ] GC(107)     Dead                           Min: 0, Avg:  0.0, Max: 0, Diff: 0, Sum: 0, Workers: 4
[469.504s][debug][gc,phases      ] GC(107)     Total                          Min: 0, Avg:  0.0, Max: 0, Diff: 0, Sum: 0, Workers: 4
[469.504s][debug][gc,phases      ] GC(107)   StringDedup Table Weak         Min:  0.0, Avg:  0.0, Max:  0.0, Diff:  0.0, Sum:  0.0, Workers: 4
[469.504s][debug][gc,phases      ] GC(107)     Dead                           Min: 0, Avg:  0.0, Max: 0, Diff: 0, Sum: 0, Workers: 4
[469.504s][debug][gc,phases      ] GC(107)     Total                          Min: 0, Avg:  0.0, Max: 0, Diff: 0, Sum: 0, Workers: 4
[469.504s][debug][gc,phases      ] GC(107)   StringDedup Requests0 Weak     Min:  0.0, Avg:  0.0, Max:  0.0, Diff:  0.0, Sum:  0.0, Workers: 4
[469.504s][debug][gc,phases      ] GC(107)     Dead                           Min: 0, Avg:  0.0, Max: 0, Diff: 0, Sum: 0, Workers: 4
[469.504s][debug][gc,phases      ] GC(107)     Total                          Min: 0, Avg:  0.0, Max: 0, Diff: 0, Sum: 0, Workers: 4
[469.504s][debug][gc,phases      ] GC(107)   StringDedup Requests1 Weak     Min:  0.0, Avg:  0.0, Max:  0.0, Diff:  0.0, Sum:  0.0, Workers: 4
[469.504s][debug][gc,phases      ] GC(107)     Dead                           Min: 0, Avg:  0.0, Max: 0, Diff: 0, Sum: 0, Workers: 4
[469.504s][debug][gc,phases      ] GC(107)     Total                          Min: 0, Avg:  0.0, Max: 0, Diff: 0, Sum: 0, Workers: 4
[469.504s][debug][gc,phases      ] GC(107)   Weak JFR Old Object Samples    Min:  0.0, Avg:  0.0, Max:  0.0, Diff:  0.0, Sum:  0.0, Workers: 4
[469.504s][debug][gc,phases      ] GC(107)     Dead                           Min: 0, Avg:  0.0, Max: 0, Diff: 0, Sum: 0, Workers: 4
[469.504s][debug][gc,phases      ] GC(107)     Total                          Min: 0, Avg:  0.0, Max: 0, Diff: 0, Sum: 0, Workers: 4
[469.504s][debug][gc,phases      ] GC(107) Weak Processing 0.346ms
[469.504s][debug][gc,age         ] GC(107) Desired survivor size 52428800 bytes, new threshold 15 (max threshold 15)
[469.504s][info ][gc,heap        ] GC(107) PSYoungGen: 2018517K(2044416K)->28522K(2042368K) Eden: 1989632K(1989632K)->0K(1989632K) From: 28885K(54784K)->28522K(52736K)
[469.504s][info ][gc,heap        ] GC(107) ParOldGen: 394097K(416256K)->394465K(416256K)
[469.504s][info ][gc,metaspace   ] GC(107) Metaspace: 82810K(83584K)->82810K(83584K) NonClass: 71200K(71616K)->71200K(71616K) Class: 11610K(11968K)->11610K(11968K)
[469.504s][info ][gc             ] GC(107) Pause Young (Allocation Failure) 2356M->413M(2401M) 8.990ms
[469.504s][info ][gc,cpu         ] GC(107) User=0.03s Sys=0.00s Real=0.01s
[469.504s][info ][safepoint      ] Safepoint "ParallelGCFailedAllocation", Time since last: 63867291 ns, Reaching safepoint: 28001 ns, At safepoint: 9069655 ns, Total: 9097656 ns
[471.505s][info ][safepoint      ] Safepoint "Cleanup", Time since last: 2000155339 ns, Reaching safepoint: 130701 ns, At safepoint: 9900 ns, Total: 140601 ns
[472.505s][info ][safepoint      ] Safepoint "Cleanup", Time since last: 1000121911 ns, Reaching safepoint: 126501 ns, At safepoint: 11100 ns, Total: 137601 ns
[473.505s][info ][safepoint      ] Safepoint "Cleanup", Time since last: 1000124005 ns, Reaching safepoint: 133601 ns, At safepoint: 8900 ns, Total: 142501 ns
[474.505s][info ][safepoint      ] Safepoint "Cleanup", Time since last: 1000134099 ns, Reaching safepoint: 126301 ns, At safepoint: 7700 ns, Total: 134001 ns
[475.506s][info ][safepoint      ] Safepoint "Cleanup", Time since last: 1000086293 ns, Reaching safepoint: 123500 ns, At safepoint: 14301 ns, Total: 137801 ns
[478.506s][info ][safepoint      ] Safepoint "Cleanup", Time since last: 3000269743 ns, Reaching safepoint: 144301 ns, At safepoint: 13700 ns, Total: 158001 ns
[479.506s][info ][safepoint      ] Safepoint "Cleanup", Time since last: 1000148969 ns, Reaching safepoint: 117201 ns, At safepoint: 6400 ns, Total: 123601 ns
[481.507s][info ][safepoint      ] Safepoint "Cleanup", Time since last: 2000174621 ns, Reaching safepoint: 118200 ns, At safepoint: 10001 ns, Total: 128201 ns
[483.507s][info ][safepoint      ] Safepoint "Cleanup", Time since last: 2000193797 ns, Reaching safepoint: 137801 ns, At safepoint: 12700 ns, Total: 150501 ns
[486.507s][info ][safepoint      ] Safepoint "Cleanup", Time since last: 3000249502 ns, Reaching safepoint: 113401 ns, At safepoint: 5900 ns, Total: 119301 ns
[490.508s][info ][safepoint      ] Safepoint "Cleanup", Time since last: 4000321555 ns, Reaching safepoint: 55600 ns, At safepoint: 4200 ns, Total: 59800 ns
[493.508s][info ][safepoint      ] Safepoint "Cleanup", Time since last: 3000234981 ns, Reaching safepoint: 122900 ns, At safepoint: 7600 ns, Total: 130500 ns
[494.508s][info ][safepoint      ] Safepoint "Cleanup", Time since last: 1000126483 ns, Reaching safepoint: 62400 ns, At safepoint: 12100 ns, Total: 74500 ns
[495.508s][info ][safepoint      ] Safepoint "Cleanup", Time since last: 1000122777 ns, Reaching safepoint: 46600 ns, At safepoint: 4200 ns, Total: 50800 ns
[497.509s][info ][safepoint      ] Safepoint "Cleanup", Time since last: 2000127935 ns, Reaching safepoint: 50701 ns, At safepoint: 10800 ns, Total: 61501 ns
[500.509s][info ][safepoint      ] Safepoint "Cleanup", Time since last: 3000256761 ns, Reaching safepoint: 62100 ns, At safepoint: 8000 ns, Total: 70100 ns
[502.509s][info ][safepoint      ] Safepoint "Cleanup", Time since last: 2000178779 ns, Reaching safepoint: 55201 ns, At safepoint: 3900 ns, Total: 59101 ns
[504.510s][info ][safepoint      ] Safepoint "Cleanup", Time since last: 2000197956 ns, Reaching safepoint: 134801 ns, At safepoint: 9100 ns, Total: 143901 ns
[507.442s][info ][safepoint      ] Safepoint "Cleanup", Time since last: 2931933439 ns, Reaching safepoint: 98201 ns, At safepoint: 9700 ns, Total: 107901 ns
[509.442s][info ][safepoint      ] Safepoint "Cleanup", Time since last: 2000159201 ns, Reaching safepoint: 50701 ns, At safepoint: 6700 ns, Total: 57401 ns
[510.442s][info ][safepoint      ] Safepoint "Cleanup", Time since last: 1000116592 ns, Reaching safepoint: 49201 ns, At safepoint: 6200 ns, Total: 55401 ns
[511.442s][info ][safepoint      ] Safepoint "Cleanup", Time since last: 1000107187 ns, Reaching safepoint: 52000 ns, At safepoint: 3300 ns, Total: 55300 ns
[512.442s][info ][safepoint      ] Safepoint "Cleanup", Time since last: 1000118181 ns, Reaching safepoint: 50901 ns, At safepoint: 4100 ns, Total: 55001 ns
[514.381s][info ][safepoint      ] Safepoint "Cleanup", Time since last: 1938784986 ns, Reaching safepoint: 50200 ns, At safepoint: 12100 ns, Total: 62300 ns
[515.381s][info ][safepoint      ] Safepoint "Cleanup", Time since last: 1000101565 ns, Reaching safepoint: 63601 ns, At safepoint: 6400 ns, Total: 70001 ns
[516.382s][info ][safepoint      ] Safepoint "Cleanup", Time since last: 1000107859 ns, Reaching safepoint: 42201 ns, At safepoint: 10900 ns, Total: 53101 ns
[517.382s][info ][safepoint      ] Safepoint "Cleanup", Time since last: 1000086554 ns, Reaching safepoint: 51900 ns, At safepoint: 6800 ns, Total: 58700 ns
[519.057s][info ][safepoint      ] Safepoint "Cleanup", Time since last: 1674708191 ns, Reaching safepoint: 130101 ns, At safepoint: 12400 ns, Total: 142501 ns
[520.057s][info ][safepoint      ] Safepoint "Cleanup", Time since last: 1000111339 ns, Reaching safepoint: 138901 ns, At safepoint: 9700 ns, Total: 148601 ns
[521.057s][info ][safepoint      ] Safepoint "Cleanup", Time since last: 1000117035 ns, Reaching safepoint: 131100 ns, At safepoint: 11300 ns, Total: 142400 ns
[522.057s][info ][safepoint      ] Safepoint "Cleanup", Time since last: 1000119029 ns, Reaching safepoint: 279102 ns, At safepoint: 8800 ns, Total: 287902 ns
[523.058s][info ][safepoint      ] Safepoint "Cleanup", Time since last: 1000127224 ns, Reaching safepoint: 78600 ns, At safepoint: 7600 ns, Total: 86200 ns
[524.058s][info ][safepoint      ] Safepoint "Cleanup", Time since last: 1000135618 ns, Reaching safepoint: 167301 ns, At safepoint: 8600 ns, Total: 175901 ns
[525.058s][info ][safepoint      ] Safepoint "Cleanup", Time since last: 1000146913 ns, Reaching safepoint: 133201 ns, At safepoint: 11100 ns, Total: 144301 ns
[526.058s][info ][safepoint      ] Safepoint "Cleanup", Time since last: 1000120607 ns, Reaching safepoint: 54900 ns, At safepoint: 11801 ns, Total: 66701 ns
[527.059s][info ][safepoint      ] Safepoint "Cleanup", Time since last: 1000114201 ns, Reaching safepoint: 72601 ns, At safepoint: 6000 ns, Total: 78601 ns
[528.059s][info ][safepoint      ] Safepoint "Cleanup", Time since last: 1000107896 ns, Reaching safepoint: 53701 ns, At safepoint: 6100 ns, Total: 59801 ns
[529.059s][info ][safepoint      ] Safepoint "Cleanup", Time since last: 1000102991 ns, Reaching safepoint: 61300 ns, At safepoint: 9300 ns, Total: 70600 ns
[530.059s][info ][safepoint      ] Safepoint "Cleanup", Time since last: 1000102186 ns, Reaching safepoint: 124901 ns, At safepoint: 9600 ns, Total: 134501 ns
[533.059s][info ][safepoint      ] Safepoint "Cleanup", Time since last: 3000197824 ns, Reaching safepoint: 50501 ns, At safepoint: 3300 ns, Total: 53801 ns
[534.072s][info ][gc,start       ] GC(108) Pause Young (Allocation Failure)
[534.081s][debug][gc,phases      ] GC(108) Scavenge 9.601ms
[534.081s][debug][gc,ref         ] GC(108) Skipped phase 1 of Reference Processing: no references
[534.081s][debug][gc,ref         ] GC(108) ReferenceProcessor::execute queues: 1, RefProcThreadModel::Single, marks_oops_alive: false
[534.081s][debug][gc,ref         ] GC(108) Skipped phase 3 of Reference Processing: no references
[534.081s][debug][gc,ref         ] GC(108) ReferenceProcessor::execute queues: 1, RefProcThreadModel::Single, marks_oops_alive: false
[534.081s][debug][gc,phases      ] GC(108) Reference Processing 0.193ms
[534.082s][debug][gc,phases      ] GC(108)   VM Weak                        Min:  0.0, Avg:  0.0, Max:  0.0, Diff:  0.0, Sum:  0.0, Workers: 4
[534.082s][debug][gc,phases      ] GC(108)     Dead                           Min: 0, Avg:  0.0, Max: 0, Diff: 0, Sum: 0, Workers: 4
[534.082s][debug][gc,phases      ] GC(108)     Total                          Min: 0, Avg: 171.2, Max: 384, Diff: 384, Sum: 685, Workers: 4
[534.082s][debug][gc,phases      ] GC(108)   ObjectSynchronizer Weak        Min:  0.0, Avg:  0.0, Max:  0.0, Diff:  0.0, Sum:  0.0, Workers: 4
[534.082s][debug][gc,phases      ] GC(108)     Dead                           Min: 0, Avg:  0.0, Max: 0, Diff: 0, Sum: 0, Workers: 4
[534.082s][debug][gc,phases      ] GC(108)     Total                          Min: 0, Avg: 61.5, Max: 128, Diff: 128, Sum: 246, Workers: 4
[534.082s][debug][gc,phases      ] GC(108)   JVMTI Tag Weak OopStorage      Min:  0.0, Avg:  0.0, Max:  0.0, Diff:  0.0, Sum:  0.0, Workers: 4
[534.082s][debug][gc,phases      ] GC(108)     Dead                           Min: 0, Avg:  0.0, Max: 0, Diff: 0, Sum: 0, Workers: 4
[534.082s][debug][gc,phases      ] GC(108)     Total                          Min: 0, Avg:  0.0, Max: 0, Diff: 0, Sum: 0, Workers: 4
[534.082s][debug][gc,phases      ] GC(108)   StringTable Weak               Min:  0.2, Avg:  0.2, Max:  0.2, Diff:  0.0, Sum:  0.7, Workers: 4
[534.082s][debug][gc,phases      ] GC(108)     Dead                           Min: 0, Avg:  0.5, Max: 2, Diff: 2, Sum: 2, Workers: 4
[534.082s][debug][gc,phases      ] GC(108)     Total                          Min: 10496, Avg: 12008.2, Max: 14016, Diff: 3520, Sum: 48033, Workers: 4
[534.082s][debug][gc,phases      ] GC(108)   ResolvedMethodTable Weak       Min:  0.0, Avg:  0.0, Max:  0.0, Diff:  0.0, Sum:  0.1, Workers: 4
[534.082s][debug][gc,phases      ] GC(108)     Dead                           Min: 0, Avg:  0.0, Max: 0, Diff: 0, Sum: 0, Workers: 4
[534.082s][debug][gc,phases      ] GC(108)     Total                          Min: 1836, Avg: 2047.2, Max: 2335, Diff: 499, Sum: 8189, Workers: 4
[534.082s][debug][gc,phases      ] GC(108)   JNI Weak                       Min:  0.0, Avg:  0.0, Max:  0.0, Diff:  0.0, Sum:  0.0, Workers: 4
[534.082s][debug][gc,phases      ] GC(108)     Dead                           Min: 0, Avg:  0.0, Max: 0, Diff: 0, Sum: 0, Workers: 4
[534.082s][debug][gc,phases      ] GC(108)     Total                          Min: 0, Avg:  0.0, Max: 0, Diff: 0, Sum: 0, Workers: 4
[534.082s][debug][gc,phases      ] GC(108)   StringDedup Table Weak         Min:  0.0, Avg:  0.0, Max:  0.0, Diff:  0.0, Sum:  0.0, Workers: 4
[534.082s][debug][gc,phases      ] GC(108)     Dead                           Min: 0, Avg:  0.0, Max: 0, Diff: 0, Sum: 0, Workers: 4
[534.082s][debug][gc,phases      ] GC(108)     Total                          Min: 0, Avg:  0.0, Max: 0, Diff: 0, Sum: 0, Workers: 4
[534.082s][debug][gc,phases      ] GC(108)   StringDedup Requests0 Weak     Min:  0.0, Avg:  0.0, Max:  0.0, Diff:  0.0, Sum:  0.0, Workers: 4
[534.082s][debug][gc,phases      ] GC(108)     Dead                           Min: 0, Avg:  0.0, Max: 0, Diff: 0, Sum: 0, Workers: 4
[534.082s][debug][gc,phases      ] GC(108)     Total                          Min: 0, Avg:  0.0, Max: 0, Diff: 0, Sum: 0, Workers: 4
[534.082s][debug][gc,phases      ] GC(108)   StringDedup Requests1 Weak     Min:  0.0, Avg:  0.0, Max:  0.0, Diff:  0.0, Sum:  0.0, Workers: 4
[534.082s][debug][gc,phases      ] GC(108)     Dead                           Min: 0, Avg:  0.0, Max: 0, Diff: 0, Sum: 0, Workers: 4
[534.082s][debug][gc,phases      ] GC(108)     Total                          Min: 0, Avg:  0.0, Max: 0, Diff: 0, Sum: 0, Workers: 4
[534.082s][debug][gc,phases      ] GC(108)   Weak JFR Old Object Samples    Min:  0.0, Avg:  0.0, Max:  0.0, Diff:  0.0, Sum:  0.0, Workers: 4
[534.082s][debug][gc,phases      ] GC(108)     Dead                           Min: 0, Avg:  0.0, Max: 0, Diff: 0, Sum: 0, Workers: 4
[534.082s][debug][gc,phases      ] GC(108)     Total                          Min: 0, Avg:  0.0, Max: 0, Diff: 0, Sum: 0, Workers: 4
[534.082s][debug][gc,phases      ] GC(108) Weak Processing 0.420ms
[534.082s][debug][gc,age         ] GC(108) Desired survivor size 50855936 bytes, new threshold 15 (max threshold 15)
[534.082s][info ][gc,heap        ] GC(108) PSYoungGen: 2018154K(2042368K)->28933K(2047488K) Eden: 1989632K(1989632K)->0K(1996288K) From: 28522K(52736K)->28933K(51200K)
[534.082s][info ][gc,heap        ] GC(108) ParOldGen: 394465K(416256K)->394825K(416256K)
[534.082s][info ][gc,metaspace   ] GC(108) Metaspace: 83040K(83840K)->83040K(83840K) NonClass: 71418K(71872K)->71418K(71872K) Class: 11622K(11968K)->11622K(11968K)
[534.082s][info ][gc             ] GC(108) Pause Young (Allocation Failure) 2356M->413M(2406M) 10.357ms
[534.082s][info ][gc,cpu         ] GC(108) User=0.04s Sys=0.00s Real=0.01s
[534.082s][info ][safepoint      ] Safepoint "ParallelGCFailedAllocation", Time since last: 1012013533 ns, Reaching safepoint: 37400 ns, At safepoint: 10452960 ns, Total: 10490360 ns
[535.082s][info ][safepoint      ] Safepoint "Cleanup", Time since last: 1000090259 ns, Reaching safepoint: 43801 ns, At safepoint: 6400 ns, Total: 50201 ns
[537.082s][info ][safepoint      ] Safepoint "Cleanup", Time since last: 2000181402 ns, Reaching safepoint: 47300 ns, At safepoint: 7900 ns, Total: 55200 ns
[539.083s][info ][safepoint      ] Safepoint "Cleanup", Time since last: 2000171681 ns, Reaching safepoint: 54000 ns, At safepoint: 6400 ns, Total: 60400 ns
[541.083s][info ][safepoint      ] Safepoint "Cleanup", Time since last: 2000137060 ns, Reaching safepoint: 49201 ns, At safepoint: 2700 ns, Total: 51901 ns
[543.083s][info ][safepoint      ] Safepoint "Cleanup", Time since last: 2000169739 ns, Reaching safepoint: 39800 ns, At safepoint: 3600 ns, Total: 43400 ns
[545.083s][info ][safepoint      ] Safepoint "Cleanup", Time since last: 2000174419 ns, Reaching safepoint: 49700 ns, At safepoint: 9900 ns, Total: 59600 ns
[546.083s][info ][safepoint      ] Safepoint "Cleanup", Time since last: 1000111202 ns, Reaching safepoint: 55600 ns, At safepoint: 9800 ns, Total: 65400 ns
[547.084s][info ][safepoint      ] Safepoint "Cleanup", Time since last: 1000122697 ns, Reaching safepoint: 54300 ns, At safepoint: 3300 ns, Total: 57600 ns
[548.084s][info ][safepoint      ] Safepoint "Cleanup", Time since last: 1000126591 ns, Reaching safepoint: 46000 ns, At safepoint: 5801 ns, Total: 51801 ns
[549.084s][info ][safepoint      ] Safepoint "Cleanup", Time since last: 1000089386 ns, Reaching safepoint: 50900 ns, At safepoint: 8700 ns, Total: 59600 ns
[550.084s][info ][safepoint      ] Safepoint "Cleanup", Time since last: 1000109181 ns, Reaching safepoint: 71700 ns, At safepoint: 6200 ns, Total: 77900 ns
[551.084s][info ][safepoint      ] Safepoint "Cleanup", Time since last: 1000105776 ns, Reaching safepoint: 75001 ns, At safepoint: 8300 ns, Total: 83301 ns
[552.084s][info ][safepoint      ] Safepoint "Cleanup", Time since last: 1000119270 ns, Reaching safepoint: 65401 ns, At safepoint: 6400 ns, Total: 71801 ns
[553.085s][info ][safepoint      ] Safepoint "Cleanup", Time since last: 1000084365 ns, Reaching safepoint: 57801 ns, At safepoint: 8300 ns, Total: 66101 ns
[554.085s][info ][safepoint      ] Safepoint "Cleanup", Time since last: 1000071360 ns, Reaching safepoint: 52900 ns, At safepoint: 3200 ns, Total: 56100 ns
[555.085s][info ][safepoint      ] Safepoint "Cleanup", Time since last: 1000109556 ns, Reaching safepoint: 52700 ns, At safepoint: 3400 ns, Total: 56100 ns
[556.085s][info ][safepoint      ] Safepoint "Cleanup", Time since last: 1000116651 ns, Reaching safepoint: 49100 ns, At safepoint: 3700 ns, Total: 52800 ns
[557.085s][info ][safepoint      ] Safepoint "Cleanup", Time since last: 1000111645 ns, Reaching safepoint: 42500 ns, At safepoint: 3900 ns, Total: 46400 ns
[558.085s][info ][safepoint      ] Safepoint "Cleanup", Time since last: 1000111941 ns, Reaching safepoint: 40400 ns, At safepoint: 5600 ns, Total: 46000 ns
[559.086s][info ][safepoint      ] Safepoint "Cleanup", Time since last: 1000108435 ns, Reaching safepoint: 43400 ns, At safepoint: 3200 ns, Total: 46600 ns
[563.086s][info ][safepoint      ] Safepoint "Cleanup", Time since last: 4000308490 ns, Reaching safepoint: 52000 ns, At safepoint: 7901 ns, Total: 59901 ns
[565.086s][info ][safepoint      ] Safepoint "Cleanup", Time since last: 2000177115 ns, Reaching safepoint: 49000 ns, At safepoint: 8300 ns, Total: 57300 ns
[566.086s][info ][safepoint      ] Safepoint "Cleanup", Time since last: 1000115400 ns, Reaching safepoint: 57100 ns, At safepoint: 6000 ns, Total: 63100 ns
[570.087s][info ][safepoint      ] Safepoint "Cleanup", Time since last: 4000293051 ns, Reaching safepoint: 47500 ns, At safepoint: 12900 ns, Total: 60400 ns
[572.087s][info ][safepoint      ] Safepoint "Cleanup", Time since last: 2000168845 ns, Reaching safepoint: 48701 ns, At safepoint: 10700 ns, Total: 59401 ns
[574.087s][info ][safepoint      ] Safepoint "Cleanup", Time since last: 2000137226 ns, Reaching safepoint: 77500 ns, At safepoint: 6400 ns, Total: 83900 ns
[575.087s][info ][safepoint      ] Safepoint "Cleanup", Time since last: 1000101556 ns, Reaching safepoint: 72400 ns, At safepoint: 9500 ns, Total: 81900 ns
[576.088s][info ][safepoint      ] Safepoint "Cleanup", Time since last: 1000101451 ns, Reaching safepoint: 73800 ns, At safepoint: 5900 ns, Total: 79700 ns
[577.088s][info ][safepoint      ] Safepoint "Cleanup", Time since last: 1000122147 ns, Reaching safepoint: 88000 ns, At safepoint: 8000 ns, Total: 96000 ns
[579.088s][info ][safepoint      ] Safepoint "Cleanup", Time since last: 2000173177 ns, Reaching safepoint: 52201 ns, At safepoint: 6400 ns, Total: 58601 ns
[580.088s][info ][safepoint      ] Safepoint "Cleanup", Time since last: 1000112131 ns, Reaching safepoint: 84101 ns, At safepoint: 6000 ns, Total: 90101 ns
[581.088s][info ][safepoint      ] Safepoint "Cleanup", Time since last: 1000118126 ns, Reaching safepoint: 58901 ns, At safepoint: 8400 ns, Total: 67301 ns
[582.089s][info ][safepoint      ] Safepoint "Cleanup", Time since last: 1000097021 ns, Reaching safepoint: 56101 ns, At safepoint: 8900 ns, Total: 65001 ns
[583.608s][info ][safepoint      ] Safepoint "Cleanup", Time since last: 1519013177 ns, Reaching safepoint: 149801 ns, At safepoint: 10900 ns, Total: 160701 ns
[586.608s][info ][safepoint      ] Safepoint "Cleanup", Time since last: 3000251814 ns, Reaching safepoint: 52500 ns, At safepoint: 7601 ns, Total: 60101 ns
[587.608s][info ][safepoint      ] Safepoint "Cleanup", Time since last: 1000121695 ns, Reaching safepoint: 125801 ns, At safepoint: 6000 ns, Total: 131801 ns
[589.609s][info ][safepoint      ] Safepoint "Cleanup", Time since last: 2000190976 ns, Reaching safepoint: 155301 ns, At safepoint: 9400 ns, Total: 164701 ns
[590.609s][info ][safepoint      ] Safepoint "Cleanup", Time since last: 1000140181 ns, Reaching safepoint: 51200 ns, At safepoint: 9400 ns, Total: 60600 ns
[591.609s][info ][safepoint      ] Safepoint "Cleanup", Time since last: 1000114077 ns, Reaching safepoint: 51500 ns, At safepoint: 3300 ns, Total: 54800 ns
[593.609s][info ][safepoint      ] Safepoint "Cleanup", Time since last: 2000192738 ns, Reaching safepoint: 64301 ns, At safepoint: 13300 ns, Total: 77601 ns
[594.609s][info ][safepoint      ] Safepoint "Cleanup", Time since last: 1000117962 ns, Reaching safepoint: 51500 ns, At safepoint: 3600 ns, Total: 55100 ns
[595.610s][info ][safepoint      ] Safepoint "Cleanup", Time since last: 1000138358 ns, Reaching safepoint: 52800 ns, At safepoint: 4400 ns, Total: 57200 ns
[596.146s][info ][gc,start       ] GC(109) Pause Young (Allocation Failure)
[596.155s][debug][gc,phases      ] GC(109) Scavenge 8.687ms
[596.155s][debug][gc,ref         ] GC(109) Skipped phase 1 of Reference Processing: no references
[596.155s][debug][gc,ref         ] GC(109) ReferenceProcessor::execute queues: 1, RefProcThreadModel::Single, marks_oops_alive: false
[596.155s][debug][gc,ref         ] GC(109) Skipped phase 3 of Reference Processing: no references
[596.155s][debug][gc,ref         ] GC(109) ReferenceProcessor::execute queues: 1, RefProcThreadModel::Single, marks_oops_alive: false
[596.155s][debug][gc,phases      ] GC(109) Reference Processing 0.141ms
[596.155s][debug][gc,phases      ] GC(109)   VM Weak                        Min:  0.0, Avg:  0.0, Max:  0.0, Diff:  0.0, Sum:  0.0, Workers: 4
[596.155s][debug][gc,phases      ] GC(109)     Dead                           Min: 0, Avg:  0.0, Max: 0, Diff: 0, Sum: 0, Workers: 4
[596.155s][debug][gc,phases      ] GC(109)     Total                          Min: 0, Avg: 171.2, Max: 384, Diff: 384, Sum: 685, Workers: 4
[596.155s][debug][gc,phases      ] GC(109)   ObjectSynchronizer Weak        Min:  0.0, Avg:  0.0, Max:  0.0, Diff:  0.0, Sum:  0.0, Workers: 4
[596.155s][debug][gc,phases      ] GC(109)     Dead                           Min: 0, Avg:  0.0, Max: 0, Diff: 0, Sum: 0, Workers: 4
[596.155s][debug][gc,phases      ] GC(109)     Total                          Min: 0, Avg: 61.5, Max: 128, Diff: 128, Sum: 246, Workers: 4
[596.155s][debug][gc,phases      ] GC(109)   JVMTI Tag Weak OopStorage      Min:  0.0, Avg:  0.0, Max:  0.0, Diff:  0.0, Sum:  0.0, Workers: 4
[596.155s][debug][gc,phases      ] GC(109)     Dead                           Min: 0, Avg:  0.0, Max: 0, Diff: 0, Sum: 0, Workers: 4
[596.155s][debug][gc,phases      ] GC(109)     Total                          Min: 0, Avg:  0.0, Max: 0, Diff: 0, Sum: 0, Workers: 4
[596.155s][debug][gc,phases      ] GC(109)   StringTable Weak               Min:  0.1, Avg:  0.1, Max:  0.1, Diff:  0.0, Sum:  0.5, Workers: 4
[596.155s][debug][gc,phases      ] GC(109)     Dead                           Min: 0, Avg:  0.0, Max: 0, Diff: 0, Sum: 0, Workers: 4
[596.155s][debug][gc,phases      ] GC(109)     Total                          Min: 10368, Avg: 12015.0, Max: 12800, Diff: 2432, Sum: 48060, Workers: 4
[596.155s][debug][gc,phases      ] GC(109)   ResolvedMethodTable Weak       Min:  0.0, Avg:  0.0, Max:  0.0, Diff:  0.0, Sum:  0.1, Workers: 4
[596.155s][debug][gc,phases      ] GC(109)     Dead                           Min: 0, Avg:  0.0, Max: 0, Diff: 0, Sum: 0, Workers: 4
[596.155s][debug][gc,phases      ] GC(109)     Total                          Min: 1846, Avg: 2050.2, Max: 2245, Diff: 399, Sum: 8201, Workers: 4
[596.155s][debug][gc,phases      ] GC(109)   JNI Weak                       Min:  0.0, Avg:  0.0, Max:  0.0, Diff:  0.0, Sum:  0.0, Workers: 4
[596.155s][debug][gc,phases      ] GC(109)     Dead                           Min: 0, Avg:  0.0, Max: 0, Diff: 0, Sum: 0, Workers: 4
[596.155s][debug][gc,phases      ] GC(109)     Total                          Min: 0, Avg:  0.0, Max: 0, Diff: 0, Sum: 0, Workers: 4
[596.155s][debug][gc,phases      ] GC(109)   StringDedup Table Weak         Min:  0.0, Avg:  0.0, Max:  0.0, Diff:  0.0, Sum:  0.0, Workers: 4
[596.155s][debug][gc,phases      ] GC(109)     Dead                           Min: 0, Avg:  0.0, Max: 0, Diff: 0, Sum: 0, Workers: 4
[596.155s][debug][gc,phases      ] GC(109)     Total                          Min: 0, Avg:  0.0, Max: 0, Diff: 0, Sum: 0, Workers: 4
[596.155s][debug][gc,phases      ] GC(109)   StringDedup Requests0 Weak     Min:  0.0, Avg:  0.0, Max:  0.0, Diff:  0.0, Sum:  0.0, Workers: 4
[596.155s][debug][gc,phases      ] GC(109)     Dead                           Min: 0, Avg:  0.0, Max: 0, Diff: 0, Sum: 0, Workers: 4
[596.155s][debug][gc,phases      ] GC(109)     Total                          Min: 0, Avg:  0.0, Max: 0, Diff: 0, Sum: 0, Workers: 4
[596.155s][debug][gc,phases      ] GC(109)   StringDedup Requests1 Weak     Min:  0.0, Avg:  0.0, Max:  0.0, Diff:  0.0, Sum:  0.0, Workers: 4
[596.155s][debug][gc,phases      ] GC(109)     Dead                           Min: 0, Avg:  0.0, Max: 0, Diff: 0, Sum: 0, Workers: 4
[596.155s][debug][gc,phases      ] GC(109)     Total                          Min: 0, Avg:  0.0, Max: 0, Diff: 0, Sum: 0, Workers: 4
[596.155s][debug][gc,phases      ] GC(109)   Weak JFR Old Object Samples    Min:  0.0, Avg:  0.0, Max:  0.0, Diff:  0.0, Sum:  0.0, Workers: 4
[596.155s][debug][gc,phases      ] GC(109)     Dead                           Min: 0, Avg:  0.0, Max: 0, Diff: 0, Sum: 0, Workers: 4
[596.155s][debug][gc,phases      ] GC(109)     Total                          Min: 0, Avg:  0.0, Max: 0, Diff: 0, Sum: 0, Workers: 4
[596.155s][debug][gc,phases      ] GC(109) Weak Processing 0.366ms
[596.155s][debug][gc,age         ] GC(109) Desired survivor size 49807360 bytes, new threshold 15 (max threshold 15)
[596.155s][info ][gc,heap        ] GC(109) PSYoungGen: 2025221K(2047488K)->29866K(2045952K) Eden: 1996288K(1996288K)->0K(1996288K) From: 28933K(51200K)->29866K(49664K)
[596.155s][info ][gc,heap        ] GC(109) ParOldGen: 394825K(416256K)->395201K(416256K)
[596.155s][info ][gc,metaspace   ] GC(109) Metaspace: 83121K(83904K)->83121K(83904K) NonClass: 71490K(71936K)->71490K(71936K) Class: 11631K(11968K)->11631K(11968K)
[596.155s][info ][gc             ] GC(109) Pause Young (Allocation Failure) 2363M->415M(2404M) 9.339ms
[596.155s][info ][gc,cpu         ] GC(109) User=0.03s Sys=0.00s Real=0.01s
[596.155s][info ][safepoint      ] Safepoint "ParallelGCFailedAllocation", Time since last: 536197924 ns, Reaching safepoint: 66901 ns, At safepoint: 9442951 ns, Total: 9509852 ns
[597.156s][info ][safepoint      ] Safepoint "Cleanup", Time since last: 1000088850 ns, Reaching safepoint: 114801 ns, At safepoint: 6100 ns, Total: 120901 ns
[598.156s][info ][safepoint      ] Safepoint "Cleanup", Time since last: 1000110346 ns, Reaching safepoint: 120100 ns, At safepoint: 8400 ns, Total: 128500 ns
[600.156s][info ][safepoint      ] Safepoint "Cleanup", Time since last: 2000182277 ns, Reaching safepoint: 124801 ns, At safepoint: 12500 ns, Total: 137301 ns
[601.156s][info ][safepoint      ] Safepoint "Cleanup", Time since last: 1000067931 ns, Reaching safepoint: 113001 ns, At safepoint: 8600 ns, Total: 121601 ns
[602.156s][info ][safepoint      ] Safepoint "Cleanup", Time since last: 1000129827 ns, Reaching safepoint: 39100 ns, At safepoint: 3100 ns, Total: 42200 ns
[603.157s][info ][safepoint      ] Safepoint "Cleanup", Time since last: 1000112023 ns, Reaching safepoint: 53100 ns, At safepoint: 6800 ns, Total: 59900 ns
[606.157s][info ][safepoint      ] Safepoint "Cleanup", Time since last: 3000247539 ns, Reaching safepoint: 119900 ns, At safepoint: 6700 ns, Total: 126600 ns
[607.157s][info ][safepoint      ] Safepoint "Cleanup", Time since last: 1000131604 ns, Reaching safepoint: 116201 ns, At safepoint: 6200 ns, Total: 122401 ns
[608.157s][info ][safepoint      ] Safepoint "Cleanup", Time since last: 1000126899 ns, Reaching safepoint: 57701 ns, At safepoint: 8200 ns, Total: 65901 ns
[611.158s][info ][safepoint      ] Safepoint "Cleanup", Time since last: 3000263570 ns, Reaching safepoint: 63500 ns, At safepoint: 7400 ns, Total: 70900 ns
[612.158s][info ][safepoint      ] Safepoint "Cleanup", Time since last: 1000120981 ns, Reaching safepoint: 130901 ns, At safepoint: 11900 ns, Total: 142801 ns
[613.158s][info ][safepoint      ] Safepoint "Cleanup", Time since last: 1000127777 ns, Reaching safepoint: 57000 ns, At safepoint: 4300 ns, Total: 61300 ns
[617.159s][info ][safepoint      ] Safepoint "Cleanup", Time since last: 4000314960 ns, Reaching safepoint: 53900 ns, At safepoint: 3400 ns, Total: 57300 ns
[619.159s][info ][safepoint      ] Safepoint "Cleanup", Time since last: 2000175003 ns, Reaching safepoint: 50301 ns, At safepoint: 5900 ns, Total: 56201 ns
[620.159s][info ][safepoint      ] Safepoint "Cleanup", Time since last: 1000116045 ns, Reaching safepoint: 47100 ns, At safepoint: 7100 ns, Total: 54200 ns
[623.159s][info ][safepoint      ] Safepoint "Cleanup", Time since last: 3000254407 ns, Reaching safepoint: 52501 ns, At safepoint: 4100 ns, Total: 56601 ns
[628.160s][info ][safepoint      ] Safepoint "Cleanup", Time since last: 5000453969 ns, Reaching safepoint: 61201 ns, At safepoint: 11400 ns, Total: 72601 ns
[631.160s][info ][safepoint      ] Safepoint "Cleanup", Time since last: 3000244618 ns, Reaching safepoint: 54101 ns, At safepoint: 7800 ns, Total: 61901 ns
[634.160s][info ][safepoint      ] Safepoint "Cleanup", Time since last: 3000233693 ns, Reaching safepoint: 59301 ns, At safepoint: 11200 ns, Total: 70501 ns
[643.161s][info ][safepoint      ] Safepoint "Cleanup", Time since last: 9000706382 ns, Reaching safepoint: 70801 ns, At safepoint: 7900 ns, Total: 78701 ns
[646.162s][info ][safepoint      ] Safepoint "Cleanup", Time since last: 3000249425 ns, Reaching safepoint: 114402 ns, At safepoint: 7101 ns, Total: 121503 ns
[648.162s][info ][safepoint      ] Safepoint "Cleanup", Time since last: 2000172021 ns, Reaching safepoint: 48501 ns, At safepoint: 3800 ns, Total: 52301 ns
[650.162s][info ][safepoint      ] Safepoint "Cleanup", Time since last: 2000182219 ns, Reaching safepoint: 47801 ns, At safepoint: 12800 ns, Total: 60601 ns
[651.162s][info ][safepoint      ] Safepoint "Cleanup", Time since last: 1000111521 ns, Reaching safepoint: 44001 ns, At safepoint: 3400 ns, Total: 47401 ns
[660.907s][info ][gc,start       ] GC(110) Pause Young (Allocation Failure)
[660.921s][debug][gc,phases      ] GC(110) Scavenge 14.647ms
[660.921s][debug][gc,ref         ] GC(110) Skipped phase 1 of Reference Processing: no references
[660.922s][debug][gc,ref         ] GC(110) ReferenceProcessor::execute queues: 1, RefProcThreadModel::Single, marks_oops_alive: false
[660.922s][debug][gc,ref         ] GC(110) Skipped phase 3 of Reference Processing: no references
[660.922s][debug][gc,ref         ] GC(110) ReferenceProcessor::execute queues: 1, RefProcThreadModel::Single, marks_oops_alive: false
[660.922s][debug][gc,phases      ] GC(110) Reference Processing 0.150ms
[660.922s][debug][gc,phases      ] GC(110)   VM Weak                        Min:  0.0, Avg:  0.0, Max:  0.0, Diff:  0.0, Sum:  0.0, Workers: 4
[660.922s][debug][gc,phases      ] GC(110)     Dead                           Min: 0, Avg:  0.0, Max: 0, Diff: 0, Sum: 0, Workers: 4
[660.922s][debug][gc,phases      ] GC(110)     Total                          Min: 0, Avg: 171.2, Max: 512, Diff: 512, Sum: 685, Workers: 4
[660.922s][debug][gc,phases      ] GC(110)   ObjectSynchronizer Weak        Min:  0.0, Avg:  0.0, Max:  0.0, Diff:  0.0, Sum:  0.0, Workers: 4
[660.922s][debug][gc,phases      ] GC(110)     Dead                           Min: 0, Avg:  0.0, Max: 0, Diff: 0, Sum: 0, Workers: 4
[660.922s][debug][gc,phases      ] GC(110)     Total                          Min: 0, Avg: 61.5, Max: 128, Diff: 128, Sum: 246, Workers: 4
[660.922s][debug][gc,phases      ] GC(110)   JVMTI Tag Weak OopStorage      Min:  0.0, Avg:  0.0, Max:  0.0, Diff:  0.0, Sum:  0.0, Workers: 4
[660.922s][debug][gc,phases      ] GC(110)     Dead                           Min: 0, Avg:  0.0, Max: 0, Diff: 0, Sum: 0, Workers: 4
[660.922s][debug][gc,phases      ] GC(110)     Total                          Min: 0, Avg:  0.0, Max: 0, Diff: 0, Sum: 0, Workers: 4
[660.922s][debug][gc,phases      ] GC(110)   StringTable Weak               Min:  0.0, Avg:  0.1, Max:  0.2, Diff:  0.2, Sum:  0.5, Workers: 4
[660.922s][debug][gc,phases      ] GC(110)     Dead                           Min: 0, Avg:  0.0, Max: 0, Diff: 0, Sum: 0, Workers: 4
[660.922s][debug][gc,phases      ] GC(110)     Total                          Min: 0, Avg: 12016.5, Max: 16322, Diff: 16322, Sum: 48066, Workers: 4
[660.922s][debug][gc,phases      ] GC(110)   ResolvedMethodTable Weak       Min:  0.0, Avg:  0.0, Max:  0.0, Diff:  0.0, Sum:  0.1, Workers: 4
[660.922s][debug][gc,phases      ] GC(110)     Dead                           Min: 0, Avg:  0.0, Max: 0, Diff: 0, Sum: 0, Workers: 4
[660.922s][debug][gc,phases      ] GC(110)     Total                          Min: 0, Avg: 2050.8, Max: 2951, Diff: 2951, Sum: 8203, Workers: 4
[660.922s][debug][gc,phases      ] GC(110)   JNI Weak                       Min:  0.0, Avg:  0.0, Max:  0.0, Diff:  0.0, Sum:  0.0, Workers: 4
[660.922s][debug][gc,phases      ] GC(110)     Dead                           Min: 0, Avg:  0.0, Max: 0, Diff: 0, Sum: 0, Workers: 4
[660.922s][debug][gc,phases      ] GC(110)     Total                          Min: 0, Avg:  0.0, Max: 0, Diff: 0, Sum: 0, Workers: 4
[660.922s][debug][gc,phases      ] GC(110)   StringDedup Table Weak         Min:  0.0, Avg:  0.0, Max:  0.0, Diff:  0.0, Sum:  0.0, Workers: 4
[660.922s][debug][gc,phases      ] GC(110)     Dead                           Min: 0, Avg:  0.0, Max: 0, Diff: 0, Sum: 0, Workers: 4
[660.922s][debug][gc,phases      ] GC(110)     Total                          Min: 0, Avg:  0.0, Max: 0, Diff: 0, Sum: 0, Workers: 4
[660.922s][debug][gc,phases      ] GC(110)   StringDedup Requests0 Weak     Min:  0.0, Avg:  0.0, Max:  0.0, Diff:  0.0, Sum:  0.0, Workers: 4
[660.922s][debug][gc,phases      ] GC(110)     Dead                           Min: 0, Avg:  0.0, Max: 0, Diff: 0, Sum: 0, Workers: 4
[660.922s][debug][gc,phases      ] GC(110)     Total                          Min: 0, Avg:  0.0, Max: 0, Diff: 0, Sum: 0, Workers: 4
[660.922s][debug][gc,phases      ] GC(110)   StringDedup Requests1 Weak     Min:  0.0, Avg:  0.0, Max:  0.0, Diff:  0.0, Sum:  0.0, Workers: 4
[660.922s][debug][gc,phases      ] GC(110)     Dead                           Min: 0, Avg:  0.0, Max: 0, Diff: 0, Sum: 0, Workers: 4
[660.922s][debug][gc,phases      ] GC(110)     Total                          Min: 0, Avg:  0.0, Max: 0, Diff: 0, Sum: 0, Workers: 4
[660.922s][debug][gc,phases      ] GC(110)   Weak JFR Old Object Samples    Min:  0.0, Avg:  0.0, Max:  0.0, Diff:  0.0, Sum:  0.0, Workers: 4
[660.922s][debug][gc,phases      ] GC(110)     Dead                           Min: 0, Avg:  0.0, Max: 0, Diff: 0, Sum: 0, Workers: 4
[660.922s][debug][gc,phases      ] GC(110)     Total                          Min: 0, Avg:  0.0, Max: 0, Diff: 0, Sum: 0, Workers: 4
[660.922s][debug][gc,phases      ] GC(110) Weak Processing 0.474ms
[660.922s][debug][gc,age         ] GC(110) Desired survivor size 48758784 bytes, new threshold 15 (max threshold 15)
[660.922s][info ][gc,heap        ] GC(110) PSYoungGen: 2026154K(2045952K)->29861K(2049536K) Eden: 1996288K(1996288K)->0K(2000896K) From: 29866K(49664K)->29861K(48640K)
[660.922s][info ][gc,heap        ] GC(110) ParOldGen: 395201K(416256K)->395666K(416256K)
[660.922s][info ][gc,metaspace   ] GC(110) Metaspace: 83163K(83904K)->83163K(83904K) NonClass: 71531K(71936K)->71531K(71936K) Class: 11631K(11968K)->11631K(11968K)
[660.922s][info ][gc             ] GC(110) Pause Young (Allocation Failure) 2364M->415M(2408M) 15.424ms
[660.922s][info ][gc,cpu         ] GC(110) User=0.04s Sys=0.01s Real=0.02s
[660.922s][info ][safepoint      ] Safepoint "ParallelGCFailedAllocation", Time since last: 9744332239 ns, Reaching safepoint: 61801 ns, At safepoint: 15556660 ns, Total: 15618461 ns
[661.922s][info ][safepoint      ] Safepoint "Cleanup", Time since last: 1000085649 ns, Reaching safepoint: 59001 ns, At safepoint: 9900 ns, Total: 68901 ns
[667.923s][info ][safepoint      ] Safepoint "Cleanup", Time since last: 6000484570 ns, Reaching safepoint: 58701 ns, At safepoint: 3800 ns, Total: 62501 ns
[671.923s][info ][safepoint      ] Safepoint "Cleanup", Time since last: 4000349652 ns, Reaching safepoint: 90302 ns, At safepoint: 13000 ns, Total: 103302 ns
[672.924s][info ][safepoint      ] Safepoint "Cleanup", Time since last: 1000133277 ns, Reaching safepoint: 156303 ns, At safepoint: 13500 ns, Total: 169803 ns
[675.924s][info ][safepoint      ] Safepoint "Cleanup", Time since last: 3000280184 ns, Reaching safepoint: 63601 ns, At safepoint: 8900 ns, Total: 72501 ns
[676.924s][info ][safepoint      ] Safepoint "Cleanup", Time since last: 1000127680 ns, Reaching safepoint: 68001 ns, At safepoint: 4000 ns, Total: 72001 ns
[678.924s][info ][safepoint      ] Safepoint "Cleanup", Time since last: 2000206986 ns, Reaching safepoint: 54601 ns, At safepoint: 9700 ns, Total: 64301 ns
[681.925s][info ][safepoint      ] Safepoint "Cleanup", Time since last: 3000275147 ns, Reaching safepoint: 59601 ns, At safepoint: 8701 ns, Total: 68302 ns
[683.925s][info ][safepoint      ] Safepoint "Cleanup", Time since last: 2000149344 ns, Reaching safepoint: 65601 ns, At safepoint: 12300 ns, Total: 77901 ns
[685.925s][info ][safepoint      ] Safepoint "Cleanup", Time since last: 2000198149 ns, Reaching safepoint: 71601 ns, At safepoint: 8800 ns, Total: 80401 ns
[687.926s][info ][safepoint      ] Safepoint "Cleanup", Time since last: 2000470058 ns, Reaching safepoint: 252504 ns, At safepoint: 7200 ns, Total: 259704 ns
[689.926s][info ][safepoint      ] Safepoint "Cleanup", Time since last: 2000196359 ns, Reaching safepoint: 57501 ns, At safepoint: 5200 ns, Total: 62701 ns
[690.926s][info ][safepoint      ] Safepoint "Cleanup", Time since last: 1000130144 ns, Reaching safepoint: 52701 ns, At safepoint: 5400 ns, Total: 58101 ns
[691.927s][info ][safepoint      ] Safepoint "Cleanup", Time since last: 1000137821 ns, Reaching safepoint: 52901 ns, At safepoint: 10200 ns, Total: 63101 ns
[692.927s][info ][safepoint      ] Safepoint "Cleanup", Time since last: 1000119697 ns, Reaching safepoint: 35500 ns, At safepoint: 3500 ns, Total: 39000 ns
[693.927s][info ][safepoint      ] Safepoint "Cleanup", Time since last: 1000118474 ns, Reaching safepoint: 63501 ns, At safepoint: 8500 ns, Total: 72001 ns
[694.927s][info ][safepoint      ] Safepoint "Cleanup", Time since last: 1000114950 ns, Reaching safepoint: 132002 ns, At safepoint: 13400 ns, Total: 145402 ns
[696.928s][info ][safepoint      ] Safepoint "Cleanup", Time since last: 2000185629 ns, Reaching safepoint: 50801 ns, At safepoint: 7500 ns, Total: 58301 ns
[697.928s][info ][safepoint      ] Safepoint "Cleanup", Time since last: 1000125480 ns, Reaching safepoint: 63001 ns, At safepoint: 4100 ns, Total: 67101 ns
[699.928s][info ][safepoint      ] Safepoint "Cleanup", Time since last: 2000177788 ns, Reaching safepoint: 67701 ns, At safepoint: 7601 ns, Total: 75302 ns
[700.928s][info ][safepoint      ] Safepoint "Cleanup", Time since last: 1000112709 ns, Reaching safepoint: 59401 ns, At safepoint: 6000 ns, Total: 65401 ns
[702.928s][info ][safepoint      ] Safepoint "Cleanup", Time since last: 2000143149 ns, Reaching safepoint: 40601 ns, At safepoint: 3800 ns, Total: 44401 ns
[705.929s][info ][safepoint      ] Safepoint "Cleanup", Time since last: 3000196751 ns, Reaching safepoint: 50600 ns, At safepoint: 8700 ns, Total: 59300 ns
[706.929s][info ][safepoint      ] Safepoint "Cleanup", Time since last: 1000115472 ns, Reaching safepoint: 47101 ns, At safepoint: 6500 ns, Total: 53601 ns
[708.929s][info ][safepoint      ] Safepoint "Cleanup", Time since last: 2000183574 ns, Reaching safepoint: 54601 ns, At safepoint: 8900 ns, Total: 63501 ns
[709.929s][info ][safepoint      ] Safepoint "Cleanup", Time since last: 1000109303 ns, Reaching safepoint: 50701 ns, At safepoint: 6000 ns, Total: 56701 ns
[710.929s][info ][safepoint      ] Safepoint "Cleanup", Time since last: 1000104480 ns, Reaching safepoint: 64201 ns, At safepoint: 6300 ns, Total: 70501 ns
[711.930s][info ][safepoint      ] Safepoint "Cleanup", Time since last: 1000111458 ns, Reaching safepoint: 137002 ns, At safepoint: 10800 ns, Total: 147802 ns
[712.930s][info ][safepoint      ] Safepoint "Cleanup", Time since last: 1000135635 ns, Reaching safepoint: 45101 ns, At safepoint: 3400 ns, Total: 48501 ns
[715.930s][info ][safepoint      ] Safepoint "Cleanup", Time since last: 3000246168 ns, Reaching safepoint: 47700 ns, At safepoint: 7301 ns, Total: 55001 ns
[716.930s][info ][safepoint      ] Safepoint "Cleanup", Time since last: 1000104444 ns, Reaching safepoint: 70801 ns, At safepoint: 8400 ns, Total: 79201 ns
[717.930s][info ][safepoint      ] Safepoint "Cleanup", Time since last: 1000106922 ns, Reaching safepoint: 60601 ns, At safepoint: 9501 ns, Total: 70102 ns
[718.931s][info ][safepoint      ] Safepoint "Cleanup", Time since last: 1000106999 ns, Reaching safepoint: 68601 ns, At safepoint: 8200 ns, Total: 76801 ns
[720.931s][info ][safepoint      ] Safepoint "Cleanup", Time since last: 2000157932 ns, Reaching safepoint: 52601 ns, At safepoint: 8800 ns, Total: 61401 ns
[723.931s][info ][safepoint      ] Safepoint "Cleanup", Time since last: 3000200130 ns, Reaching safepoint: 46401 ns, At safepoint: 4800 ns, Total: 51201 ns
[727.452s][info ][gc,start       ] GC(111) Pause Young (Allocation Failure)
[727.460s][debug][gc,phases      ] GC(111) Scavenge 7.431ms
[727.460s][debug][gc,ref         ] GC(111) Skipped phase 1 of Reference Processing: no references
[727.460s][debug][gc,ref         ] GC(111) ReferenceProcessor::execute queues: 1, RefProcThreadModel::Single, marks_oops_alive: false
[727.460s][debug][gc,ref         ] GC(111) Skipped phase 3 of Reference Processing: no references
[727.460s][debug][gc,ref         ] GC(111) ReferenceProcessor::execute queues: 1, RefProcThreadModel::Single, marks_oops_alive: false
[727.460s][debug][gc,phases      ] GC(111) Reference Processing 0.134ms
[727.460s][debug][gc,phases      ] GC(111)   VM Weak                        Min:  0.0, Avg:  0.0, Max:  0.0, Diff:  0.0, Sum:  0.0, Workers: 4
[727.460s][debug][gc,phases      ] GC(111)     Dead                           Min: 0, Avg:  0.0, Max: 0, Diff: 0, Sum: 0, Workers: 4
[727.460s][debug][gc,phases      ] GC(111)     Total                          Min: 0, Avg: 171.5, Max: 366, Diff: 366, Sum: 686, Workers: 4
[727.460s][debug][gc,phases      ] GC(111)   ObjectSynchronizer Weak        Min:  0.0, Avg:  0.0, Max:  0.0, Diff:  0.0, Sum:  0.0, Workers: 4
[727.460s][debug][gc,phases      ] GC(111)     Dead                           Min: 0, Avg:  0.0, Max: 0, Diff: 0, Sum: 0, Workers: 4
[727.460s][debug][gc,phases      ] GC(111)     Total                          Min: 0, Avg: 61.5, Max: 128, Diff: 128, Sum: 246, Workers: 4
[727.460s][debug][gc,phases      ] GC(111)   JVMTI Tag Weak OopStorage      Min:  0.0, Avg:  0.0, Max:  0.0, Diff:  0.0, Sum:  0.0, Workers: 4
[727.460s][debug][gc,phases      ] GC(111)     Dead                           Min: 0, Avg:  0.0, Max: 0, Diff: 0, Sum: 0, Workers: 4
[727.460s][debug][gc,phases      ] GC(111)     Total                          Min: 0, Avg:  0.0, Max: 0, Diff: 0, Sum: 0, Workers: 4
[727.460s][debug][gc,phases      ] GC(111)   StringTable Weak               Min:  0.1, Avg:  0.1, Max:  0.1, Diff:  0.0, Sum:  0.5, Workers: 4
[727.460s][debug][gc,phases      ] GC(111)     Dead                           Min: 0, Avg:  0.0, Max: 0, Diff: 0, Sum: 0, Workers: 4
[727.460s][debug][gc,phases      ] GC(111)     Total                          Min: 10568, Avg: 12018.0, Max: 13632, Diff: 3064, Sum: 48072, Workers: 4
[727.460s][debug][gc,phases      ] GC(111)   ResolvedMethodTable Weak       Min:  0.0, Avg:  0.0, Max:  0.0, Diff:  0.0, Sum:  0.1, Workers: 4
[727.460s][debug][gc,phases      ] GC(111)     Dead                           Min: 0, Avg:  0.0, Max: 0, Diff: 0, Sum: 0, Workers: 4
[727.460s][debug][gc,phases      ] GC(111)     Total                          Min: 1935, Avg: 2051.5, Max: 2274, Diff: 339, Sum: 8206, Workers: 4
[727.460s][debug][gc,phases      ] GC(111)   JNI Weak                       Min:  0.0, Avg:  0.0, Max:  0.0, Diff:  0.0, Sum:  0.0, Workers: 4
[727.460s][debug][gc,phases      ] GC(111)     Dead                           Min: 0, Avg:  0.0, Max: 0, Diff: 0, Sum: 0, Workers: 4
[727.460s][debug][gc,phases      ] GC(111)     Total                          Min: 0, Avg:  0.0, Max: 0, Diff: 0, Sum: 0, Workers: 4
[727.460s][debug][gc,phases      ] GC(111)   StringDedup Table Weak         Min:  0.0, Avg:  0.0, Max:  0.0, Diff:  0.0, Sum:  0.0, Workers: 4
[727.460s][debug][gc,phases      ] GC(111)     Dead                           Min: 0, Avg:  0.0, Max: 0, Diff: 0, Sum: 0, Workers: 4
[727.460s][debug][gc,phases      ] GC(111)     Total                          Min: 0, Avg:  0.0, Max: 0, Diff: 0, Sum: 0, Workers: 4
[727.460s][debug][gc,phases      ] GC(111)   StringDedup Requests0 Weak     Min:  0.0, Avg:  0.0, Max:  0.0, Diff:  0.0, Sum:  0.0, Workers: 4
[727.460s][debug][gc,phases      ] GC(111)     Dead                           Min: 0, Avg:  0.0, Max: 0, Diff: 0, Sum: 0, Workers: 4
[727.460s][debug][gc,phases      ] GC(111)     Total                          Min: 0, Avg:  0.0, Max: 0, Diff: 0, Sum: 0, Workers: 4
[727.460s][debug][gc,phases      ] GC(111)   StringDedup Requests1 Weak     Min:  0.0, Avg:  0.0, Max:  0.0, Diff:  0.0, Sum:  0.0, Workers: 4
[727.460s][debug][gc,phases      ] GC(111)     Dead                           Min: 0, Avg:  0.0, Max: 0, Diff: 0, Sum: 0, Workers: 4
[727.460s][debug][gc,phases      ] GC(111)     Total                          Min: 0, Avg:  0.0, Max: 0, Diff: 0, Sum: 0, Workers: 4
[727.460s][debug][gc,phases      ] GC(111)   Weak JFR Old Object Samples    Min:  0.0, Avg:  0.0, Max:  0.0, Diff:  0.0, Sum:  0.0, Workers: 4
[727.460s][debug][gc,phases      ] GC(111)     Dead                           Min: 0, Avg:  0.0, Max: 0, Diff: 0, Sum: 0, Workers: 4
[727.460s][debug][gc,phases      ] GC(111)     Total                          Min: 0, Avg:  0.0, Max: 0, Diff: 0, Sum: 0, Workers: 4
[727.460s][debug][gc,phases      ] GC(111) Weak Processing 0.340ms
[727.460s][debug][gc,age         ] GC(111) Desired survivor size 47710208 bytes, new threshold 15 (max threshold 15)
[727.460s][info ][gc,heap        ] GC(111) PSYoungGen: 2030757K(2049536K)->29685K(2048512K) Eden: 2000896K(2000896K)->0K(2000896K) From: 29861K(48640K)->29685K(47616K)
[727.460s][info ][gc,heap        ] GC(111) ParOldGen: 395666K(416256K)->396138K(416256K)
[727.460s][info ][gc,metaspace   ] GC(111) Metaspace: 83263K(84096K)->83263K(84096K) NonClass: 71629K(72064K)->71629K(72064K) Class: 11633K(12032K)->11633K(12032K)
[727.460s][info ][gc             ] GC(111) Pause Young (Allocation Failure) 2369M->415M(2407M) 8.037ms
[727.460s][info ][gc,cpu         ] GC(111) User=0.03s Sys=0.00s Real=0.00s
[727.460s][info ][safepoint      ] Safepoint "ParallelGCFailedAllocation", Time since last: 3520738493 ns, Reaching safepoint: 124802 ns, At safepoint: 8122823 ns, Total: 8247625 ns
[728.460s][info ][safepoint      ] Safepoint "Cleanup", Time since last: 1000088788 ns, Reaching safepoint: 65101 ns, At safepoint: 12100 ns, Total: 77201 ns
[729.460s][info ][safepoint      ] Safepoint "Cleanup", Time since last: 1000111567 ns, Reaching safepoint: 50601 ns, At safepoint: 7000 ns, Total: 57601 ns
[731.461s][info ][safepoint      ] Safepoint "Cleanup", Time since last: 2000160566 ns, Reaching safepoint: 43701 ns, At safepoint: 5300 ns, Total: 49001 ns
[732.461s][info ][safepoint      ] Safepoint "Cleanup", Time since last: 1000103701 ns, Reaching safepoint: 52601 ns, At safepoint: 7000 ns, Total: 59601 ns
[733.461s][info ][safepoint      ] Safepoint "Cleanup", Time since last: 1000130679 ns, Reaching safepoint: 54801 ns, At safepoint: 12700 ns, Total: 67501 ns
[734.461s][info ][safepoint      ] Safepoint "Cleanup", Time since last: 1000113958 ns, Reaching safepoint: 53901 ns, At safepoint: 8200 ns, Total: 62101 ns
[735.461s][info ][safepoint      ] Safepoint "Cleanup", Time since last: 1000114036 ns, Reaching safepoint: 90701 ns, At safepoint: 11400 ns, Total: 102101 ns
[737.145s][info ][safepoint      ] Safepoint "Cleanup", Time since last: 1683783898 ns, Reaching safepoint: 52600 ns, At safepoint: 6700 ns, Total: 59300 ns
[738.145s][info ][safepoint      ] Safepoint "Cleanup", Time since last: 1000106178 ns, Reaching safepoint: 49701 ns, At safepoint: 5800 ns, Total: 55501 ns
[740.146s][info ][safepoint      ] Safepoint "Cleanup", Time since last: 2000160290 ns, Reaching safepoint: 50401 ns, At safepoint: 7300 ns, Total: 57701 ns
[741.146s][info ][safepoint      ] Safepoint "Cleanup", Time since last: 1000102213 ns, Reaching safepoint: 52601 ns, At safepoint: 7300 ns, Total: 59901 ns
[743.146s][info ][safepoint      ] Safepoint "Cleanup", Time since last: 2000170362 ns, Reaching safepoint: 45000 ns, At safepoint: 6100 ns, Total: 51100 ns
[747.146s][info ][safepoint      ] Safepoint "Cleanup", Time since last: 4000315468 ns, Reaching safepoint: 42500 ns, At safepoint: 32601 ns, Total: 75101 ns
[748.147s][info ][safepoint      ] Safepoint "Cleanup", Time since last: 1000097364 ns, Reaching safepoint: 70601 ns, At safepoint: 9200 ns, Total: 79801 ns
[749.147s][info ][safepoint      ] Safepoint "Cleanup", Time since last: 1000102843 ns, Reaching safepoint: 55501 ns, At safepoint: 7300 ns, Total: 62801 ns
[752.147s][info ][safepoint      ] Safepoint "Cleanup", Time since last: 3000241502 ns, Reaching safepoint: 55301 ns, At safepoint: 10200 ns, Total: 65501 ns
[755.147s][info ][safepoint      ] Safepoint "Cleanup", Time since last: 3000218813 ns, Reaching safepoint: 48901 ns, At safepoint: 7100 ns, Total: 56001 ns
[757.148s][info ][safepoint      ] Safepoint "Cleanup", Time since last: 2000175972 ns, Reaching safepoint: 51001 ns, At safepoint: 18700 ns, Total: 69701 ns
[758.148s][info ][safepoint      ] Safepoint "Cleanup", Time since last: 1000111355 ns, Reaching safepoint: 49301 ns, At safepoint: 6200 ns, Total: 55501 ns
[759.148s][info ][safepoint      ] Safepoint "Cleanup", Time since last: 1000108734 ns, Reaching safepoint: 50701 ns, At safepoint: 11500 ns, Total: 62201 ns
[761.148s][info ][safepoint      ] Safepoint "Cleanup", Time since last: 2000171006 ns, Reaching safepoint: 46900 ns, At safepoint: 10300 ns, Total: 57200 ns
[771.149s][info ][safepoint      ] Safepoint "Cleanup", Time since last: 10000703299 ns, Reaching safepoint: 52600 ns, At safepoint: 7200 ns, Total: 59800 ns
[772.149s][info ][safepoint      ] Safepoint "Cleanup", Time since last: 1000105769 ns, Reaching safepoint: 49801 ns, At safepoint: 4900 ns, Total: 54701 ns
[773.149s][info ][safepoint      ] Safepoint "Cleanup", Time since last: 1000095148 ns, Reaching safepoint: 51601 ns, At safepoint: 3000 ns, Total: 54601 ns
[774.852s][info ][safepoint      ] Safepoint "Cleanup", Time since last: 1702337835 ns, Reaching safepoint: 115802 ns, At safepoint: 21500 ns, Total: 137302 ns
[775.852s][info ][safepoint      ] Safepoint "Cleanup", Time since last: 1000109995 ns, Reaching safepoint: 168502 ns, At safepoint: 5800 ns, Total: 174302 ns
[777.687s][info ][safepoint      ] Safepoint "Cleanup", Time since last: 1834756105 ns, Reaching safepoint: 117902 ns, At safepoint: 23000 ns, Total: 140902 ns
[778.781s][info ][safepoint      ] Safepoint "Cleanup", Time since last: 1093994754 ns, Reaching safepoint: 54701 ns, At safepoint: 8200 ns, Total: 62901 ns
[780.781s][info ][safepoint      ] Safepoint "Cleanup", Time since last: 2000178712 ns, Reaching safepoint: 49300 ns, At safepoint: 6000 ns, Total: 55300 ns
[782.781s][info ][safepoint      ] Safepoint "Cleanup", Time since last: 2000168632 ns, Reaching safepoint: 51201 ns, At safepoint: 4100 ns, Total: 55301 ns
[783.782s][info ][safepoint      ] Safepoint "Cleanup", Time since last: 1000129437 ns, Reaching safepoint: 52301 ns, At safepoint: 9700 ns, Total: 62001 ns
[784.782s][info ][safepoint      ] Safepoint "Cleanup", Time since last: 1000099217 ns, Reaching safepoint: 38901 ns, At safepoint: 2900 ns, Total: 41801 ns
[785.782s][info ][safepoint      ] Safepoint "Cleanup", Time since last: 1000107797 ns, Reaching safepoint: 41901 ns, At safepoint: 3000 ns, Total: 44901 ns
[786.782s][info ][safepoint      ] Safepoint "Cleanup", Time since last: 1000103677 ns, Reaching safepoint: 44001 ns, At safepoint: 2700 ns, Total: 46701 ns
[787.782s][info ][safepoint      ] Safepoint "Cleanup", Time since last: 1000062658 ns, Reaching safepoint: 32000 ns, At safepoint: 3600 ns, Total: 35600 ns
[788.782s][info ][safepoint      ] Safepoint "Cleanup", Time since last: 1000114439 ns, Reaching safepoint: 44000 ns, At safepoint: 3900 ns, Total: 47900 ns
[794.152s][info ][gc,start       ] GC(112) Pause Young (Allocation Failure)
[794.159s][debug][gc,phases      ] GC(112) Scavenge 6.989ms
[794.159s][debug][gc,ref         ] GC(112) Skipped phase 1 of Reference Processing: no references
[794.159s][debug][gc,ref         ] GC(112) ReferenceProcessor::execute queues: 1, RefProcThreadModel::Single, marks_oops_alive: false
[794.159s][debug][gc,ref         ] GC(112) Skipped phase 3 of Reference Processing: no references
[794.159s][debug][gc,ref         ] GC(112) ReferenceProcessor::execute queues: 1, RefProcThreadModel::Single, marks_oops_alive: false
[794.159s][debug][gc,phases      ] GC(112) Reference Processing 0.129ms
[794.159s][debug][gc,phases      ] GC(112)   VM Weak                        Min:  0.0, Avg:  0.0, Max:  0.0, Diff:  0.0, Sum:  0.0, Workers: 4
[794.159s][debug][gc,phases      ] GC(112)     Dead                           Min: 0, Avg:  0.0, Max: 0, Diff: 0, Sum: 0, Workers: 4
[794.159s][debug][gc,phases      ] GC(112)     Total                          Min: 0, Avg: 171.5, Max: 448, Diff: 448, Sum: 686, Workers: 4
[794.159s][debug][gc,phases      ] GC(112)   ObjectSynchronizer Weak        Min:  0.0, Avg:  0.0, Max:  0.0, Diff:  0.0, Sum:  0.0, Workers: 4
[794.159s][debug][gc,phases      ] GC(112)     Dead                           Min: 0, Avg:  0.0, Max: 0, Diff: 0, Sum: 0, Workers: 4
[794.159s][debug][gc,phases      ] GC(112)     Total                          Min: 0, Avg: 61.5, Max: 128, Diff: 128, Sum: 246, Workers: 4
[794.159s][debug][gc,phases      ] GC(112)   JVMTI Tag Weak OopStorage      Min:  0.0, Avg:  0.0, Max:  0.0, Diff:  0.0, Sum:  0.0, Workers: 4
[794.159s][debug][gc,phases      ] GC(112)     Dead                           Min: 0, Avg:  0.0, Max: 0, Diff: 0, Sum: 0, Workers: 4
[794.159s][debug][gc,phases      ] GC(112)     Total                          Min: 0, Avg:  0.0, Max: 0, Diff: 0, Sum: 0, Workers: 4
[794.159s][debug][gc,phases      ] GC(112)   StringTable Weak               Min:  0.1, Avg:  0.1, Max:  0.1, Diff:  0.0, Sum:  0.4, Workers: 4
[794.159s][debug][gc,phases      ] GC(112)     Dead                           Min: 0, Avg:  0.0, Max: 0, Diff: 0, Sum: 0, Workers: 4
[794.159s][debug][gc,phases      ] GC(112)     Total                          Min: 11008, Avg: 12020.2, Max: 12992, Diff: 1984, Sum: 48081, Workers: 4
[794.159s][debug][gc,phases      ] GC(112)   ResolvedMethodTable Weak       Min:  0.0, Avg:  0.0, Max:  0.0, Diff:  0.0, Sum:  0.1, Workers: 4
[794.159s][debug][gc,phases      ] GC(112)     Dead                           Min: 0, Avg:  0.0, Max: 0, Diff: 0, Sum: 0, Workers: 4
[794.159s][debug][gc,phases      ] GC(112)     Total                          Min: 1902, Avg: 2053.8, Max: 2274, Diff: 372, Sum: 8215, Workers: 4
[794.159s][debug][gc,phases      ] GC(112)   JNI Weak                       Min:  0.0, Avg:  0.0, Max:  0.0, Diff:  0.0, Sum:  0.0, Workers: 4
[794.159s][debug][gc,phases      ] GC(112)     Dead                           Min: 0, Avg:  0.0, Max: 0, Diff: 0, Sum: 0, Workers: 4
[794.159s][debug][gc,phases      ] GC(112)     Total                          Min: 0, Avg:  0.0, Max: 0, Diff: 0, Sum: 0, Workers: 4
[794.159s][debug][gc,phases      ] GC(112)   StringDedup Table Weak         Min:  0.0, Avg:  0.0, Max:  0.0, Diff:  0.0, Sum:  0.0, Workers: 4
[794.159s][debug][gc,phases      ] GC(112)     Dead                           Min: 0, Avg:  0.0, Max: 0, Diff: 0, Sum: 0, Workers: 4
[794.159s][debug][gc,phases      ] GC(112)     Total                          Min: 0, Avg:  0.0, Max: 0, Diff: 0, Sum: 0, Workers: 4
[794.159s][debug][gc,phases      ] GC(112)   StringDedup Requests0 Weak     Min:  0.0, Avg:  0.0, Max:  0.0, Diff:  0.0, Sum:  0.0, Workers: 4
[794.159s][debug][gc,phases      ] GC(112)     Dead                           Min: 0, Avg:  0.0, Max: 0, Diff: 0, Sum: 0, Workers: 4
[794.159s][debug][gc,phases      ] GC(112)     Total                          Min: 0, Avg:  0.0, Max: 0, Diff: 0, Sum: 0, Workers: 4
[794.159s][debug][gc,phases      ] GC(112)   StringDedup Requests1 Weak     Min:  0.0, Avg:  0.0, Max:  0.0, Diff:  0.0, Sum:  0.0, Workers: 4
[794.159s][debug][gc,phases      ] GC(112)     Dead                           Min: 0, Avg:  0.0, Max: 0, Diff: 0, Sum: 0, Workers: 4
[794.159s][debug][gc,phases      ] GC(112)     Total                          Min: 0, Avg:  0.0, Max: 0, Diff: 0, Sum: 0, Workers: 4
[794.159s][debug][gc,phases      ] GC(112)   Weak JFR Old Object Samples    Min:  0.0, Avg:  0.0, Max:  0.0, Diff:  0.0, Sum:  0.0, Workers: 4
[794.159s][debug][gc,phases      ] GC(112)     Dead                           Min: 0, Avg:  0.0, Max: 0, Diff: 0, Sum: 0, Workers: 4
[794.159s][debug][gc,phases      ] GC(112)     Total                          Min: 0, Avg:  0.0, Max: 0, Diff: 0, Sum: 0, Workers: 4
[794.159s][debug][gc,phases      ] GC(112) Weak Processing 0.327ms
[794.159s][debug][gc,age         ] GC(112) Desired survivor size 46661632 bytes, new threshold 15 (max threshold 15)
[794.159s][info ][gc,heap        ] GC(112) PSYoungGen: 2030581K(2048512K)->29594K(2051584K) Eden: 2000896K(2000896K)->0K(2004992K) From: 29685K(47616K)->29594K(46592K)
[794.159s][info ][gc,heap        ] GC(112) ParOldGen: 396138K(416256K)->396634K(416256K)
[794.159s][info ][gc,metaspace   ] GC(112) Metaspace: 83327K(84160K)->83327K(84160K) NonClass: 71686K(72128K)->71686K(72128K) Class: 11640K(12032K)->11640K(12032K)
[794.159s][info ][gc             ] GC(112) Pause Young (Allocation Failure) 2369M->416M(2410M) 7.583ms
[794.159s][info ][gc,cpu         ] GC(112) User=0.03s Sys=0.00s Real=0.00s
[794.160s][info ][safepoint      ] Safepoint "ParallelGCFailedAllocation", Time since last: 5369419467 ns, Reaching safepoint: 132902 ns, At safepoint: 7673605 ns, Total: 7806507 ns
[795.160s][info ][safepoint      ] Safepoint "Cleanup", Time since last: 1000093915 ns, Reaching safepoint: 60501 ns, At safepoint: 9100 ns, Total: 69601 ns
[797.160s][info ][safepoint      ] Safepoint "Cleanup", Time since last: 2000191971 ns, Reaching safepoint: 50601 ns, At safepoint: 6900 ns, Total: 57501 ns
[800.160s][info ][safepoint      ] Safepoint "Cleanup", Time since last: 3000286514 ns, Reaching safepoint: 50601 ns, At safepoint: 4200 ns, Total: 54801 ns
[801.160s][info ][safepoint      ] Safepoint "Cleanup", Time since last: 1000078599 ns, Reaching safepoint: 56001 ns, At safepoint: 6100 ns, Total: 62101 ns
[802.161s][info ][safepoint      ] Safepoint "Cleanup", Time since last: 1000106981 ns, Reaching safepoint: 59901 ns, At safepoint: 10000 ns, Total: 69901 ns
[805.161s][info ][safepoint      ] Safepoint "Cleanup", Time since last: 3000216527 ns, Reaching safepoint: 42901 ns, At safepoint: 3800 ns, Total: 46701 ns
[807.161s][info ][safepoint      ] Safepoint "Cleanup", Time since last: 2000152790 ns, Reaching safepoint: 51001 ns, At safepoint: 3300 ns, Total: 54301 ns
[809.161s][info ][safepoint      ] Safepoint "Cleanup", Time since last: 2000177316 ns, Reaching safepoint: 46300 ns, At safepoint: 3600 ns, Total: 49900 ns
[812.162s][info ][safepoint      ] Safepoint "Cleanup", Time since last: 3000240433 ns, Reaching safepoint: 42800 ns, At safepoint: 2900 ns, Total: 45700 ns
[813.162s][info ][safepoint      ] Safepoint "Cleanup", Time since last: 1000086674 ns, Reaching safepoint: 51801 ns, At safepoint: 4300 ns, Total: 56101 ns
[814.162s][info ][safepoint      ] Safepoint "Cleanup", Time since last: 1000134455 ns, Reaching safepoint: 65301 ns, At safepoint: 8900 ns, Total: 74201 ns
[815.162s][info ][safepoint      ] Safepoint "Cleanup", Time since last: 1000115737 ns, Reaching safepoint: 31501 ns, At safepoint: 4300 ns, Total: 35801 ns
[816.162s][info ][safepoint      ] Safepoint "Cleanup", Time since last: 1000099718 ns, Reaching safepoint: 45000 ns, At safepoint: 6200 ns, Total: 51200 ns
[817.162s][info ][safepoint      ] Safepoint "Cleanup", Time since last: 1000090500 ns, Reaching safepoint: 83801 ns, At safepoint: 8100 ns, Total: 91901 ns
[818.163s][info ][safepoint      ] Safepoint "Cleanup", Time since last: 1000096381 ns, Reaching safepoint: 66701 ns, At safepoint: 8300 ns, Total: 75001 ns
[820.163s][info ][safepoint      ] Safepoint "Cleanup", Time since last: 2000152307 ns, Reaching safepoint: 44500 ns, At safepoint: 7000 ns, Total: 51500 ns
[821.163s][info ][safepoint      ] Safepoint "Cleanup", Time since last: 1000089126 ns, Reaching safepoint: 45601 ns, At safepoint: 3100 ns, Total: 48701 ns
[824.163s][info ][safepoint      ] Safepoint "Cleanup", Time since last: 3000225667 ns, Reaching safepoint: 69401 ns, At safepoint: 5600 ns, Total: 75001 ns
[825.163s][info ][safepoint      ] Safepoint "Cleanup", Time since last: 1000102553 ns, Reaching safepoint: 54301 ns, At safepoint: 8900 ns, Total: 63201 ns
[826.164s][info ][safepoint      ] Safepoint "Cleanup", Time since last: 1000080734 ns, Reaching safepoint: 83802 ns, At safepoint: 10100 ns, Total: 93902 ns
[829.164s][info ][safepoint      ] Safepoint "Cleanup", Time since last: 3000253895 ns, Reaching safepoint: 46201 ns, At safepoint: 16400 ns, Total: 62601 ns
[830.164s][info ][safepoint      ] Safepoint "Cleanup", Time since last: 1000101962 ns, Reaching safepoint: 50101 ns, At safepoint: 3400 ns, Total: 53501 ns
[831.164s][info ][safepoint      ] Safepoint "Cleanup", Time since last: 1000111145 ns, Reaching safepoint: 54000 ns, At safepoint: 7300 ns, Total: 61300 ns
[832.164s][info ][safepoint      ] Safepoint "Cleanup", Time since last: 1000106910 ns, Reaching safepoint: 54701 ns, At safepoint: 32700 ns, Total: 87401 ns
[833.165s][info ][safepoint      ] Safepoint "Cleanup", Time since last: 1000108891 ns, Reaching safepoint: 67301 ns, At safepoint: 7000 ns, Total: 74301 ns
[834.165s][info ][safepoint      ] Safepoint "Cleanup", Time since last: 1000101325 ns, Reaching safepoint: 65801 ns, At safepoint: 6100 ns, Total: 71901 ns
[835.165s][info ][safepoint      ] Safepoint "Cleanup", Time since last: 1000114401 ns, Reaching safepoint: 52201 ns, At safepoint: 29100 ns, Total: 81301 ns
[836.165s][info ][safepoint      ] Safepoint "Cleanup", Time since last: 1000099452 ns, Reaching safepoint: 56801 ns, At safepoint: 23400 ns, Total: 80201 ns
[837.165s][info ][safepoint      ] Safepoint "Cleanup", Time since last: 1000115724 ns, Reaching safepoint: 37401 ns, At safepoint: 3300 ns, Total: 40701 ns
[837.615s][info ][safepoint      ] Safepoint "ICBufferFull", Time since last: 449945010 ns, Reaching safepoint: 67501 ns, At safepoint: 2800 ns, Total: 70301 ns
[837.637s][info ][safepoint      ] Safepoint "ICBufferFull", Time since last: 21173867 ns, Reaching safepoint: 40801 ns, At safepoint: 2900 ns, Total: 43701 ns
[837.653s][info ][safepoint      ] Safepoint "ICBufferFull", Time since last: 15991477 ns, Reaching safepoint: 42901 ns, At safepoint: 2900 ns, Total: 45801 ns
[837.658s][info ][safepoint      ] Safepoint "ICBufferFull", Time since last: 5353593 ns, Reaching safepoint: 40501 ns, At safepoint: 3900 ns, Total: 44401 ns
[837.659s][info ][safepoint      ] Safepoint "ICBufferFull", Time since last: 941216 ns, Reaching safepoint: 31101 ns, At safepoint: 1600 ns, Total: 32701 ns
[837.660s][info ][safepoint      ] Safepoint "ICBufferFull", Time since last: 743913 ns, Reaching safepoint: 16500 ns, At safepoint: 2300 ns, Total: 18800 ns
[837.661s][info ][safepoint      ] Safepoint "ICBufferFull", Time since last: 926216 ns, Reaching safepoint: 35401 ns, At safepoint: 5500 ns, Total: 40901 ns
[837.673s][info ][safepoint      ] Safepoint "ICBufferFull", Time since last: 12405215 ns, Reaching safepoint: 49801 ns, At safepoint: 5700 ns, Total: 55501 ns
[837.689s][info ][safepoint      ] Safepoint "ICBufferFull", Time since last: 15480268 ns, Reaching safepoint: 41501 ns, At safepoint: 2700 ns, Total: 44201 ns
[837.693s][info ][safepoint      ] Safepoint "ICBufferFull", Time since last: 4501478 ns, Reaching safepoint: 52301 ns, At safepoint: 2900 ns, Total: 55201 ns
[837.694s][info ][safepoint      ] Safepoint "ICBufferFull", Time since last: 689312 ns, Reaching safepoint: 34500 ns, At safepoint: 3000 ns, Total: 37500 ns
[837.695s][info ][safepoint      ] Safepoint "ICBufferFull", Time since last: 589011 ns, Reaching safepoint: 38400 ns, At safepoint: 3000 ns, Total: 41400 ns
[837.695s][info ][safepoint      ] Safepoint "ICBufferFull", Time since last: 639011 ns, Reaching safepoint: 25501 ns, At safepoint: 1900 ns, Total: 27401 ns
[837.696s][info ][safepoint      ] Safepoint "ICBufferFull", Time since last: 560110 ns, Reaching safepoint: 33100 ns, At safepoint: 1700 ns, Total: 34800 ns
[837.697s][info ][safepoint      ] Safepoint "ICBufferFull", Time since last: 654812 ns, Reaching safepoint: 39600 ns, At safepoint: 3100 ns, Total: 42700 ns
[837.719s][info ][safepoint      ] Safepoint "ICBufferFull", Time since last: 22629593 ns, Reaching safepoint: 121502 ns, At safepoint: 5700 ns, Total: 127202 ns
[837.728s][info ][safepoint      ] Safepoint "ICBufferFull", Time since last: 8763552 ns, Reaching safepoint: 64501 ns, At safepoint: 6500 ns, Total: 71001 ns
[837.729s][info ][safepoint      ] Safepoint "ICBufferFull", Time since last: 719013 ns, Reaching safepoint: 31600 ns, At safepoint: 1900 ns, Total: 33500 ns
[837.729s][info ][safepoint      ] Safepoint "ICBufferFull", Time since last: 567110 ns, Reaching safepoint: 24000 ns, At safepoint: 1500 ns, Total: 25500 ns
[837.745s][info ][safepoint      ] Safepoint "ICBufferFull", Time since last: 15401767 ns, Reaching safepoint: 39701 ns, At safepoint: 2700 ns, Total: 42401 ns
[837.771s][info ][safepoint      ] Safepoint "ICBufferFull", Time since last: 26040052 ns, Reaching safepoint: 54701 ns, At safepoint: 3300 ns, Total: 58001 ns
[837.790s][info ][safepoint      ] Safepoint "ICBufferFull", Time since last: 19025729 ns, Reaching safepoint: 38201 ns, At safepoint: 2600 ns, Total: 40801 ns
[837.809s][info ][safepoint      ] Safepoint "ICBufferFull", Time since last: 18520621 ns, Reaching safepoint: 43601 ns, At safepoint: 3500 ns, Total: 47101 ns
[837.838s][info ][safepoint      ] Safepoint "ICBufferFull", Time since last: 28914001 ns, Reaching safepoint: 37901 ns, At safepoint: 2800 ns, Total: 40701 ns
[837.854s][info ][safepoint      ] Safepoint "ICBufferFull", Time since last: 16406285 ns, Reaching safepoint: 39100 ns, At safepoint: 2700 ns, Total: 41800 ns
[837.871s][info ][safepoint      ] Safepoint "ICBufferFull", Time since last: 17145297 ns, Reaching safepoint: 42501 ns, At safepoint: 2700 ns, Total: 45201 ns
[837.896s][info ][safepoint      ] Safepoint "ICBufferFull", Time since last: 25203437 ns, Reaching safepoint: 44901 ns, At safepoint: 3500 ns, Total: 48401 ns
[837.914s][info ][safepoint      ] Safepoint "ICBufferFull", Time since last: 17121797 ns, Reaching safepoint: 42601 ns, At safepoint: 4300 ns, Total: 46901 ns
[837.928s][info ][safepoint      ] Safepoint "ICBufferFull", Time since last: 14776856 ns, Reaching safepoint: 38701 ns, At safepoint: 2700 ns, Total: 41401 ns
[837.953s][info ][safepoint      ] Safepoint "ICBufferFull", Time since last: 24269320 ns, Reaching safepoint: 42001 ns, At safepoint: 5700 ns, Total: 47701 ns
[837.962s][info ][gc,start       ] GC(113) Pause Young (Allocation Failure)
[837.975s][debug][gc,phases      ] GC(113) Scavenge 13.488ms
[837.975s][debug][gc,ref         ] GC(113) Skipped phase 1 of Reference Processing: no references
[837.976s][debug][gc,ref         ] GC(113) ReferenceProcessor::execute queues: 1, RefProcThreadModel::Single, marks_oops_alive: false
[837.976s][debug][gc,ref         ] GC(113) Skipped phase 3 of Reference Processing: no references
[837.976s][debug][gc,ref         ] GC(113) ReferenceProcessor::execute queues: 1, RefProcThreadModel::Single, marks_oops_alive: false
[837.976s][debug][gc,phases      ] GC(113) Reference Processing 0.161ms
[837.976s][debug][gc,phases      ] GC(113)   VM Weak                        Min:  0.0, Avg:  0.0, Max:  0.0, Diff:  0.0, Sum:  0.0, Workers: 4
[837.976s][debug][gc,phases      ] GC(113)     Dead                           Min: 0, Avg:  0.0, Max: 0, Diff: 0, Sum: 0, Workers: 4
[837.976s][debug][gc,phases      ] GC(113)     Total                          Min: 0, Avg: 173.2, Max: 448, Diff: 448, Sum: 693, Workers: 4
[837.976s][debug][gc,phases      ] GC(113)   ObjectSynchronizer Weak        Min:  0.0, Avg:  0.0, Max:  0.0, Diff:  0.0, Sum:  0.0, Workers: 4
[837.976s][debug][gc,phases      ] GC(113)     Dead                           Min: 0, Avg:  0.0, Max: 0, Diff: 0, Sum: 0, Workers: 4
[837.976s][debug][gc,phases      ] GC(113)     Total                          Min: 0, Avg: 61.5, Max: 192, Diff: 192, Sum: 246, Workers: 4
[837.976s][debug][gc,phases      ] GC(113)   JVMTI Tag Weak OopStorage      Min:  0.0, Avg:  0.0, Max:  0.0, Diff:  0.0, Sum:  0.0, Workers: 4
[837.976s][debug][gc,phases      ] GC(113)     Dead                           Min: 0, Avg:  0.0, Max: 0, Diff: 0, Sum: 0, Workers: 4
[837.976s][debug][gc,phases      ] GC(113)     Total                          Min: 0, Avg:  0.0, Max: 0, Diff: 0, Sum: 0, Workers: 4
[837.976s][debug][gc,phases      ] GC(113)   StringTable Weak               Min:  0.1, Avg:  0.1, Max:  0.1, Diff:  0.0, Sum:  0.4, Workers: 4
[837.976s][debug][gc,phases      ] GC(113)     Dead                           Min: 0, Avg:  0.5, Max: 2, Diff: 2, Sum: 2, Workers: 4
[837.976s][debug][gc,phases      ] GC(113)     Total                          Min: 11200, Avg: 12025.8, Max: 12736, Diff: 1536, Sum: 48103, Workers: 4
[837.976s][debug][gc,phases      ] GC(113)   ResolvedMethodTable Weak       Min:  0.0, Avg:  0.0, Max:  0.0, Diff:  0.0, Sum:  0.1, Workers: 4
[837.976s][debug][gc,phases      ] GC(113)     Dead                           Min: 0, Avg:  0.0, Max: 0, Diff: 0, Sum: 0, Workers: 4
[837.976s][debug][gc,phases      ] GC(113)     Total                          Min: 1846, Avg: 2063.5, Max: 2297, Diff: 451, Sum: 8254, Workers: 4
[837.976s][debug][gc,phases      ] GC(113)   JNI Weak                       Min:  0.0, Avg:  0.0, Max:  0.0, Diff:  0.0, Sum:  0.0, Workers: 4
[837.976s][debug][gc,phases      ] GC(113)     Dead                           Min: 0, Avg:  0.0, Max: 0, Diff: 0, Sum: 0, Workers: 4
[837.976s][debug][gc,phases      ] GC(113)     Total                          Min: 0, Avg:  3.0, Max: 12, Diff: 12, Sum: 12, Workers: 4
[837.976s][debug][gc,phases      ] GC(113)   StringDedup Table Weak         Min:  0.0, Avg:  0.0, Max:  0.0, Diff:  0.0, Sum:  0.0, Workers: 4
[837.976s][debug][gc,phases      ] GC(113)     Dead                           Min: 0, Avg:  0.0, Max: 0, Diff: 0, Sum: 0, Workers: 4
[837.976s][debug][gc,phases      ] GC(113)     Total                          Min: 0, Avg:  0.0, Max: 0, Diff: 0, Sum: 0, Workers: 4
[837.976s][debug][gc,phases      ] GC(113)   StringDedup Requests0 Weak     Min:  0.0, Avg:  0.0, Max:  0.0, Diff:  0.0, Sum:  0.0, Workers: 4
[837.976s][debug][gc,phases      ] GC(113)     Dead                           Min: 0, Avg:  0.0, Max: 0, Diff: 0, Sum: 0, Workers: 4
[837.976s][debug][gc,phases      ] GC(113)     Total                          Min: 0, Avg:  0.0, Max: 0, Diff: 0, Sum: 0, Workers: 4
[837.976s][debug][gc,phases      ] GC(113)   StringDedup Requests1 Weak     Min:  0.0, Avg:  0.0, Max:  0.0, Diff:  0.0, Sum:  0.0, Workers: 4
[837.976s][debug][gc,phases      ] GC(113)     Dead                           Min: 0, Avg:  0.0, Max: 0, Diff: 0, Sum: 0, Workers: 4
[837.976s][debug][gc,phases      ] GC(113)     Total                          Min: 0, Avg:  0.0, Max: 0, Diff: 0, Sum: 0, Workers: 4
[837.976s][debug][gc,phases      ] GC(113)   Weak JFR Old Object Samples    Min:  0.0, Avg:  0.0, Max:  0.0, Diff:  0.0, Sum:  0.0, Workers: 4
[837.976s][debug][gc,phases      ] GC(113)     Dead                           Min: 0, Avg:  0.0, Max: 0, Diff: 0, Sum: 0, Workers: 4
[837.976s][debug][gc,phases      ] GC(113)     Total                          Min: 0, Avg:  0.0, Max: 0, Diff: 0, Sum: 0, Workers: 4
[837.976s][debug][gc,phases      ] GC(113) Weak Processing 0.316ms
[837.976s][debug][gc,age         ] GC(113) Desired survivor size 53477376 bytes, new threshold 14 (max threshold 15)
[837.976s][info ][gc,heap        ] GC(113) PSYoungGen: 2034586K(2051584K)->45540K(2050560K) Eden: 2004992K(2004992K)->0K(2004992K) From: 29594K(46592K)->45540K(45568K)
[837.976s][info ][gc,heap        ] GC(113) ParOldGen: 396634K(416256K)->400338K(416256K)
[837.976s][info ][gc,metaspace   ] GC(113) Metaspace: 83492K(84288K)->83492K(84288K) NonClass: 71832K(72256K)->71832K(72256K) Class: 11659K(12032K)->11659K(12032K)
[837.976s][info ][gc             ] GC(113) Pause Young (Allocation Failure) 2374M->435M(2409M) 14.104ms
[837.976s][info ][gc,cpu         ] GC(113) User=0.05s Sys=0.00s Real=0.01s
[837.976s][info ][safepoint      ] Safepoint "ParallelGCFailedAllocation", Time since last: 8919855 ns, Reaching safepoint: 121602 ns, At safepoint: 14196846 ns, Total: 14318448 ns
[837.999s][info ][safepoint      ] Safepoint "ICBufferFull", Time since last: 22833396 ns, Reaching safepoint: 48401 ns, At safepoint: 2900 ns, Total: 51301 ns
[838.259s][info ][safepoint      ] Safepoint "ICBufferFull", Time since last: 259887306 ns, Reaching safepoint: 64701 ns, At safepoint: 7800 ns, Total: 72501 ns
[838.260s][info ][safepoint      ] Safepoint "ICBufferFull", Time since last: 872115 ns, Reaching safepoint: 31301 ns, At safepoint: 2600 ns, Total: 33901 ns
[838.364s][info ][safepoint      ] Safepoint "ICBufferFull", Time since last: 103818197 ns, Reaching safepoint: 62901 ns, At safepoint: 4800 ns, Total: 67701 ns
[838.440s][info ][safepoint      ] Safepoint "ICBufferFull", Time since last: 76302321 ns, Reaching safepoint: 47601 ns, At safepoint: 3100 ns, Total: 50701 ns
[838.441s][info ][safepoint      ] Safepoint "ICBufferFull", Time since last: 952217 ns, Reaching safepoint: 32700 ns, At safepoint: 3000 ns, Total: 35700 ns
[838.497s][info ][safepoint      ] Safepoint "ICBufferFull", Time since last: 55773866 ns, Reaching safepoint: 50201 ns, At safepoint: 2800 ns, Total: 53001 ns
[838.498s][info ][safepoint      ] Safepoint "ICBufferFull", Time since last: 965016 ns, Reaching safepoint: 36601 ns, At safepoint: 4700 ns, Total: 41301 ns
[838.712s][info ][safepoint      ] Safepoint "ICBufferFull", Time since last: 213627998 ns, Reaching safepoint: 91302 ns, At safepoint: 8300 ns, Total: 99602 ns
[838.787s][info ][safepoint      ] Safepoint "ICBufferFull", Time since last: 75378905 ns, Reaching safepoint: 55501 ns, At safepoint: 7200 ns, Total: 62701 ns
[838.788s][info ][safepoint      ] Safepoint "ICBufferFull", Time since last: 960617 ns, Reaching safepoint: 29800 ns, At safepoint: 2200 ns, Total: 32000 ns
[838.830s][info ][safepoint      ] Safepoint "ICBufferFull", Time since last: 41882425 ns, Reaching safepoint: 53601 ns, At safepoint: 3700 ns, Total: 57301 ns
[838.867s][info ][safepoint      ] Safepoint "ICBufferFull", Time since last: 37101043 ns, Reaching safepoint: 49000 ns, At safepoint: 3500 ns, Total: 52500 ns
[839.036s][info ][safepoint      ] Safepoint "ICBufferFull", Time since last: 169118528 ns, Reaching safepoint: 59601 ns, At safepoint: 3900 ns, Total: 63501 ns
[839.189s][info ][safepoint      ] Safepoint "ICBufferFull", Time since last: 152519941 ns, Reaching safepoint: 103601 ns, At safepoint: 17001 ns, Total: 120602 ns
[840.230s][info ][safepoint      ] Safepoint "Cleanup", Time since last: 1041105598 ns, Reaching safepoint: 78402 ns, At safepoint: 5300 ns, Total: 83702 ns
[841.230s][info ][safepoint      ] Safepoint "Cleanup", Time since last: 1000105763 ns, Reaching safepoint: 45601 ns, At safepoint: 5400 ns, Total: 51001 ns
[845.231s][info ][safepoint      ] Safepoint "Cleanup", Time since last: 4000305796 ns, Reaching safepoint: 50601 ns, At safepoint: 5500 ns, Total: 56101 ns
[846.231s][info ][safepoint      ] Safepoint "Cleanup", Time since last: 1000115536 ns, Reaching safepoint: 48601 ns, At safepoint: 3200 ns, Total: 51801 ns
[850.231s][info ][safepoint      ] Safepoint "Cleanup", Time since last: 4000304390 ns, Reaching safepoint: 43601 ns, At safepoint: 3000 ns, Total: 46601 ns
[851.231s][info ][safepoint      ] Safepoint "Cleanup", Time since last: 1000114310 ns, Reaching safepoint: 47101 ns, At safepoint: 9500 ns, Total: 56601 ns
[853.232s][info ][safepoint      ] Safepoint "Cleanup", Time since last: 2000175944 ns, Reaching safepoint: 47101 ns, At safepoint: 7900 ns, Total: 55001 ns
[854.232s][info ][safepoint      ] Safepoint "Cleanup", Time since last: 1000086335 ns, Reaching safepoint: 64301 ns, At safepoint: 11300 ns, Total: 75601 ns
[855.232s][info ][safepoint      ] Safepoint "Cleanup", Time since last: 1000134411 ns, Reaching safepoint: 54301 ns, At safepoint: 6700 ns, Total: 61001 ns
[856.232s][info ][safepoint      ] Safepoint "Cleanup", Time since last: 1000113386 ns, Reaching safepoint: 60601 ns, At safepoint: 4900 ns, Total: 65501 ns
[857.232s][info ][safepoint      ] Safepoint "Cleanup", Time since last: 1000123260 ns, Reaching safepoint: 49501 ns, At safepoint: 3000 ns, Total: 52501 ns
[859.233s][info ][safepoint      ] Safepoint "Cleanup", Time since last: 2000186747 ns, Reaching safepoint: 64301 ns, At safepoint: 4300 ns, Total: 68601 ns
[861.233s][info ][safepoint      ] Safepoint "Cleanup", Time since last: 2000187648 ns, Reaching safepoint: 33000 ns, At safepoint: 7600 ns, Total: 40600 ns
[863.233s][info ][safepoint      ] Safepoint "Cleanup", Time since last: 2000181850 ns, Reaching safepoint: 59301 ns, At safepoint: 15500 ns, Total: 74801 ns
[865.233s][info ][safepoint      ] Safepoint "Cleanup", Time since last: 2000185552 ns, Reaching safepoint: 63101 ns, At safepoint: 8900 ns, Total: 72001 ns
[868.234s][info ][safepoint      ] Safepoint "Cleanup", Time since last: 3000281045 ns, Reaching safepoint: 77501 ns, At safepoint: 7600 ns, Total: 85101 ns
[869.234s][info ][safepoint      ] Safepoint "Cleanup", Time since last: 1000150467 ns, Reaching safepoint: 87102 ns, At safepoint: 8200 ns, Total: 95302 ns
[870.234s][info ][safepoint      ] Safepoint "Cleanup", Time since last: 1000114543 ns, Reaching safepoint: 83701 ns, At safepoint: 11200 ns, Total: 94901 ns
[871.234s][info ][safepoint      ] Safepoint "Cleanup", Time since last: 1000129519 ns, Reaching safepoint: 49601 ns, At safepoint: 17900 ns, Total: 67501 ns
[871.468s][info ][gc,start       ] GC(114) Pause Young (Allocation Failure)
[871.492s][debug][gc,phases      ] GC(114) Scavenge 23.714ms
[871.492s][debug][gc,ref         ] GC(114) Skipped phase 1 of Reference Processing: no references
[871.492s][debug][gc,ref         ] GC(114) ReferenceProcessor::execute queues: 1, RefProcThreadModel::Single, marks_oops_alive: false
[871.492s][debug][gc,ref         ] GC(114) Skipped phase 3 of Reference Processing: no references
[871.492s][debug][gc,ref         ] GC(114) ReferenceProcessor::execute queues: 1, RefProcThreadModel::Single, marks_oops_alive: false
[871.492s][debug][gc,phases      ] GC(114) Reference Processing 0.159ms
[871.492s][debug][gc,phases      ] GC(114)   VM Weak                        Min:  0.0, Avg:  0.0, Max:  0.0, Diff:  0.0, Sum:  0.0, Workers: 4
[871.492s][debug][gc,phases      ] GC(114)     Dead                           Min: 0, Avg:  0.0, Max: 0, Diff: 0, Sum: 0, Workers: 4
[871.492s][debug][gc,phases      ] GC(114)     Total                          Min: 0, Avg: 173.2, Max: 629, Diff: 629, Sum: 693, Workers: 4
[871.492s][debug][gc,phases      ] GC(114)   ObjectSynchronizer Weak        Min:  0.0, Avg:  0.0, Max:  0.0, Diff:  0.0, Sum:  0.0, Workers: 4
[871.492s][debug][gc,phases      ] GC(114)     Dead                           Min: 0, Avg:  0.0, Max: 0, Diff: 0, Sum: 0, Workers: 4
[871.492s][debug][gc,phases      ] GC(114)     Total                          Min: 0, Avg: 61.5, Max: 182, Diff: 182, Sum: 246, Workers: 4
[871.492s][debug][gc,phases      ] GC(114)   JVMTI Tag Weak OopStorage      Min:  0.0, Avg:  0.0, Max:  0.0, Diff:  0.0, Sum:  0.0, Workers: 4
[871.492s][debug][gc,phases      ] GC(114)     Dead                           Min: 0, Avg:  0.0, Max: 0, Diff: 0, Sum: 0, Workers: 4
[871.492s][debug][gc,phases      ] GC(114)     Total                          Min: 0, Avg:  0.0, Max: 0, Diff: 0, Sum: 0, Workers: 4
[871.492s][debug][gc,phases      ] GC(114)   StringTable Weak               Min:  0.1, Avg:  0.1, Max:  0.1, Diff:  0.0, Sum:  0.5, Workers: 4
[871.492s][debug][gc,phases      ] GC(114)     Dead                           Min: 0, Avg:  0.0, Max: 0, Diff: 0, Sum: 0, Workers: 4
[871.492s][debug][gc,phases      ] GC(114)     Total                          Min: 11072, Avg: 12032.5, Max: 12480, Diff: 1408, Sum: 48130, Workers: 4
[871.492s][debug][gc,phases      ] GC(114)   ResolvedMethodTable Weak       Min:  0.0, Avg:  0.0, Max:  0.0, Diff:  0.0, Sum:  0.1, Workers: 4
[871.492s][debug][gc,phases      ] GC(114)     Dead                           Min: 0, Avg:  0.0, Max: 0, Diff: 0, Sum: 0, Workers: 4
[871.492s][debug][gc,phases      ] GC(114)     Total                          Min: 1879, Avg: 2065.0, Max: 2301, Diff: 422, Sum: 8260, Workers: 4
[871.492s][debug][gc,phases      ] GC(114)   JNI Weak                       Min:  0.0, Avg:  0.0, Max:  0.0, Diff:  0.0, Sum:  0.0, Workers: 4
[871.492s][debug][gc,phases      ] GC(114)     Dead                           Min: 0, Avg:  0.0, Max: 0, Diff: 0, Sum: 0, Workers: 4
[871.492s][debug][gc,phases      ] GC(114)     Total                          Min: 0, Avg:  0.0, Max: 0, Diff: 0, Sum: 0, Workers: 4
[871.492s][debug][gc,phases      ] GC(114)   StringDedup Table Weak         Min:  0.0, Avg:  0.0, Max:  0.0, Diff:  0.0, Sum:  0.0, Workers: 4
[871.492s][debug][gc,phases      ] GC(114)     Dead                           Min: 0, Avg:  0.0, Max: 0, Diff: 0, Sum: 0, Workers: 4
[871.492s][debug][gc,phases      ] GC(114)     Total                          Min: 0, Avg:  0.0, Max: 0, Diff: 0, Sum: 0, Workers: 4
[871.492s][debug][gc,phases      ] GC(114)   StringDedup Requests0 Weak     Min:  0.0, Avg:  0.0, Max:  0.0, Diff:  0.0, Sum:  0.0, Workers: 4
[871.492s][debug][gc,phases      ] GC(114)     Dead                           Min: 0, Avg:  0.0, Max: 0, Diff: 0, Sum: 0, Workers: 4
[871.492s][debug][gc,phases      ] GC(114)     Total                          Min: 0, Avg:  0.0, Max: 0, Diff: 0, Sum: 0, Workers: 4
[871.492s][debug][gc,phases      ] GC(114)   StringDedup Requests1 Weak     Min:  0.0, Avg:  0.0, Max:  0.0, Diff:  0.0, Sum:  0.0, Workers: 4
[871.492s][debug][gc,phases      ] GC(114)     Dead                           Min: 0, Avg:  0.0, Max: 0, Diff: 0, Sum: 0, Workers: 4
[871.492s][debug][gc,phases      ] GC(114)     Total                          Min: 0, Avg:  0.0, Max: 0, Diff: 0, Sum: 0, Workers: 4
[871.492s][debug][gc,phases      ] GC(114)   Weak JFR Old Object Samples    Min:  0.0, Avg:  0.0, Max:  0.0, Diff:  0.0, Sum:  0.0, Workers: 4
[871.492s][debug][gc,phases      ] GC(114)     Dead                           Min: 0, Avg:  0.0, Max: 0, Diff: 0, Sum: 0, Workers: 4
[871.492s][debug][gc,phases      ] GC(114)     Total                          Min: 0, Avg:  0.0, Max: 0, Diff: 0, Sum: 0, Workers: 4
[871.492s][debug][gc,phases      ] GC(114) Weak Processing 0.426ms
[871.492s][debug][gc,age         ] GC(114) Desired survivor size 64487424 bytes, new threshold 13 (max threshold 15)
[871.492s][info ][gc,heap        ] GC(114) PSYoungGen: 2050532K(2050560K)->46587K(2017792K) Eden: 2004992K(2004992K)->0K(1971200K) From: 45540K(45568K)->46587K(46592K)
[871.492s][info ][gc,heap        ] GC(114) ParOldGen: 400338K(416256K)->419350K(419840K)
[871.492s][info ][gc,metaspace   ] GC(114) Metaspace: 83574K(84352K)->83574K(84352K) NonClass: 71909K(72320K)->71909K(72320K) Class: 11664K(12032K)->11664K(12032K)
[871.492s][info ][gc             ] GC(114) Pause Young (Allocation Failure) 2393M->455M(2380M) 24.461ms
[871.492s][info ][gc,cpu         ] GC(114) User=0.08s Sys=0.00s Real=0.03s
[871.493s][debug][gc,phases      ] GC(115) Pre Compact 0.016ms
[871.493s][info ][gc,start       ] GC(115) Pause Full (Ergonomics)
[871.493s][info ][gc,phases,start] GC(115) Marking Phase
[871.709s][debug][gc,phases      ] GC(115) Par Mark 216.789ms
[871.710s][debug][gc,ref         ] GC(115) Skipped phase 1 of Reference Processing: no references
[871.711s][debug][gc,ref         ] GC(115) ReferenceProcessor::execute queues: 4, RefProcThreadModel::Multi, marks_oops_alive: false
[871.725s][debug][gc,ref         ] GC(115) Skipped phase 3 of Reference Processing: no references
[871.725s][debug][gc,ref         ] GC(115) ReferenceProcessor::execute queues: 1, RefProcThreadModel::Single, marks_oops_alive: false
[871.725s][debug][gc,phases      ] GC(115) Reference Processing 15.974ms
[871.729s][debug][gc,phases      ] GC(115)   VM Weak                        Min:  0.0, Avg:  0.0, Max:  0.0, Diff:  0.0, Sum:  0.0, Workers: 4
[871.729s][debug][gc,phases      ] GC(115)     Dead                           Min: 0, Avg:  0.0, Max: 0, Diff: 0, Sum: 0, Workers: 4
[871.729s][debug][gc,phases      ] GC(115)     Total                          Min: 0, Avg: 173.2, Max: 448, Diff: 448, Sum: 693, Workers: 4
[871.729s][debug][gc,phases      ] GC(115)   ObjectSynchronizer Weak        Min:  0.0, Avg:  0.0, Max:  0.0, Diff:  0.0, Sum:  0.0, Workers: 4
[871.729s][debug][gc,phases      ] GC(115)     Dead                           Min: 0, Avg:  0.0, Max: 0, Diff: 0, Sum: 0, Workers: 4
[871.729s][debug][gc,phases      ] GC(115)     Total                          Min: 0, Avg: 61.5, Max: 182, Diff: 182, Sum: 246, Workers: 4
[871.729s][debug][gc,phases      ] GC(115)   JVMTI Tag Weak OopStorage      Min:  0.0, Avg:  0.0, Max:  0.0, Diff:  0.0, Sum:  0.0, Workers: 4
[871.729s][debug][gc,phases      ] GC(115)     Dead                           Min: 0, Avg:  0.0, Max: 0, Diff: 0, Sum: 0, Workers: 4
[871.729s][debug][gc,phases      ] GC(115)     Total                          Min: 0, Avg:  0.0, Max: 0, Diff: 0, Sum: 0, Workers: 4
[871.729s][debug][gc,phases      ] GC(115)   StringTable Weak               Min:  0.0, Avg:  0.2, Max:  0.3, Diff:  0.3, Sum:  0.9, Workers: 4
[871.729s][debug][gc,phases      ] GC(115)     Dead                           Min: 0, Avg:  0.0, Max: 0, Diff: 0, Sum: 0, Workers: 4
[871.729s][debug][gc,phases      ] GC(115)     Total                          Min: 0, Avg: 12032.5, Max: 18818, Diff: 18818, Sum: 48130, Workers: 4
[871.730s][debug][gc,phases      ] GC(115)   ResolvedMethodTable Weak       Min:  0.0, Avg:  0.0, Max:  0.0, Diff:  0.0, Sum:  0.1, Workers: 4
[871.730s][debug][gc,phases      ] GC(115)     Dead                           Min: 0, Avg:  0.0, Max: 0, Diff: 0, Sum: 0, Workers: 4
[871.730s][debug][gc,phases      ] GC(115)     Total                          Min: 0, Avg: 2065.0, Max: 2938, Diff: 2938, Sum: 8260, Workers: 4
[871.730s][debug][gc,phases      ] GC(115)   JNI Weak                       Min:  0.0, Avg:  0.0, Max:  0.0, Diff:  0.0, Sum:  0.0, Workers: 4
[871.730s][debug][gc,phases      ] GC(115)     Dead                           Min: 0, Avg:  0.0, Max: 0, Diff: 0, Sum: 0, Workers: 4
[871.730s][debug][gc,phases      ] GC(115)     Total                          Min: 0, Avg:  0.0, Max: 0, Diff: 0, Sum: 0, Workers: 4
[871.730s][debug][gc,phases      ] GC(115)   StringDedup Table Weak         Min:  0.0, Avg:  0.0, Max:  0.0, Diff:  0.0, Sum:  0.0, Workers: 4
[871.730s][debug][gc,phases      ] GC(115)     Dead                           Min: 0, Avg:  0.0, Max: 0, Diff: 0, Sum: 0, Workers: 4
[871.730s][debug][gc,phases      ] GC(115)     Total                          Min: 0, Avg:  0.0, Max: 0, Diff: 0, Sum: 0, Workers: 4
[871.730s][debug][gc,phases      ] GC(115)   StringDedup Requests0 Weak     Min:  0.0, Avg:  0.0, Max:  0.0, Diff:  0.0, Sum:  0.0, Workers: 4
[871.730s][debug][gc,phases      ] GC(115)     Dead                           Min: 0, Avg:  0.0, Max: 0, Diff: 0, Sum: 0, Workers: 4
[871.730s][debug][gc,phases      ] GC(115)     Total                          Min: 0, Avg:  0.0, Max: 0, Diff: 0, Sum: 0, Workers: 4
[871.730s][debug][gc,phases      ] GC(115)   StringDedup Requests1 Weak     Min:  0.0, Avg:  0.0, Max:  0.0, Diff:  0.0, Sum:  0.0, Workers: 4
[871.730s][debug][gc,phases      ] GC(115)     Dead                           Min: 0, Avg:  0.0, Max: 0, Diff: 0, Sum: 0, Workers: 4
[871.730s][debug][gc,phases      ] GC(115)     Total                          Min: 0, Avg:  0.0, Max: 0, Diff: 0, Sum: 0, Workers: 4
[871.730s][debug][gc,phases      ] GC(115)   Weak JFR Old Object Samples    Min:  0.0, Avg:  0.0, Max:  0.0, Diff:  0.0, Sum:  0.0, Workers: 4
[871.730s][debug][gc,phases      ] GC(115)     Dead                           Min: 0, Avg:  0.0, Max: 0, Diff: 0, Sum: 0, Workers: 4
[871.730s][debug][gc,phases      ] GC(115)     Total                          Min: 0, Avg:  0.0, Max: 0, Diff: 0, Sum: 0, Workers: 4
[871.730s][debug][gc,phases      ] GC(115) Weak Processing 4.184ms
[871.730s][debug][gc,phases      ] GC(115) ClassLoaderData 0.193ms
[871.730s][debug][gc,phases      ] GC(115) Trigger cleanups 0.001ms
[871.773s][debug][gc,phases      ] GC(115) Class Unloading 43.000ms
[871.773s][info ][gc,phases      ] GC(115) Marking Phase 280.195ms
[871.773s][info ][gc,phases,start] GC(115) Summary Phase
[871.773s][info ][gc,phases      ] GC(115) Summary Phase 0.032ms
[871.773s][info ][gc,phases,start] GC(115) Adjust Roots
[871.813s][info ][gc,phases      ] GC(115) Adjust Roots 40.365ms
[871.813s][info ][gc,phases,start] GC(115) Compaction Phase
[872.224s][info ][gc,phases      ] GC(115) Compaction Phase 411.234ms
[872.224s][info ][gc,phases,start] GC(115) Post Compact
[872.226s][info ][gc,phases      ] GC(115) Post Compact 1.745ms
[872.226s][info ][gc,heap        ] GC(115) PSYoungGen: 46587K(2017792K)->42750K(2017792K) Eden: 0K(1971200K)->0K(1971200K) From: 46587K(46592K)->42750K(46592K)
[872.226s][info ][gc,heap        ] GC(115) ParOldGen: 419350K(419840K)->410146K(482304K)
[872.226s][info ][gc,metaspace   ] GC(115) Metaspace: 83574K(84352K)->83574K(84352K) NonClass: 71909K(72320K)->71909K(72320K) Class: 11664K(12032K)->11664K(12032K)
[872.226s][info ][gc             ] GC(115) Pause Full (Ergonomics) 455M->442M(2441M) 733.912ms
[872.226s][info ][gc,cpu         ] GC(115) User=2.12s Sys=0.01s Real=0.73s
[872.227s][info ][safepoint      ] Safepoint "ParallelGCFailedAllocation", Time since last: 233639054 ns, Reaching safepoint: 31700 ns, At safepoint: 758571410 ns, Total: 758603110 ns
[873.227s][info ][safepoint      ] Safepoint "Cleanup", Time since last: 1000090071 ns, Reaching safepoint: 55100 ns, At safepoint: 7301 ns, Total: 62401 ns
[875.227s][info ][safepoint      ] Safepoint "Cleanup", Time since last: 2000178268 ns, Reaching safepoint: 59801 ns, At safepoint: 4500 ns, Total: 64301 ns
[876.230s][info ][safepoint      ] Safepoint "Cleanup", Time since last: 1000117799 ns, Reaching safepoint: 3208152 ns, At safepoint: 12800 ns, Total: 3220952 ns
[878.231s][info ][safepoint      ] Safepoint "Cleanup", Time since last: 2000192125 ns, Reaching safepoint: 53001 ns, At safepoint: 10300 ns, Total: 63301 ns
[879.231s][info ][safepoint      ] Safepoint "Cleanup", Time since last: 1000114528 ns, Reaching safepoint: 64501 ns, At safepoint: 11900 ns, Total: 76401 ns
[880.237s][info ][safepoint      ] Safepoint "Cleanup", Time since last: 1002684245 ns, Reaching safepoint: 4106067 ns, At safepoint: 16600 ns, Total: 4122667 ns
[881.238s][info ][safepoint      ] Safepoint "Cleanup", Time since last: 1000113680 ns, Reaching safepoint: 64401 ns, At safepoint: 13000 ns, Total: 77401 ns
[882.238s][info ][safepoint      ] Safepoint "Cleanup", Time since last: 1000133657 ns, Reaching safepoint: 69201 ns, At safepoint: 7400 ns, Total: 76601 ns
[883.238s][info ][safepoint      ] Safepoint "Cleanup", Time since last: 1000125332 ns, Reaching safepoint: 57301 ns, At safepoint: 7800 ns, Total: 65101 ns
[884.238s][info ][safepoint      ] Safepoint "Cleanup", Time since last: 1000113509 ns, Reaching safepoint: 68901 ns, At safepoint: 9601 ns, Total: 78502 ns
[885.238s][info ][safepoint      ] Safepoint "Cleanup", Time since last: 1000090185 ns, Reaching safepoint: 48500 ns, At safepoint: 3400 ns, Total: 51900 ns
[888.239s][info ][safepoint      ] Safepoint "Cleanup", Time since last: 3000313816 ns, Reaching safepoint: 98601 ns, At safepoint: 11901 ns, Total: 110502 ns
[889.239s][info ][safepoint      ] Safepoint "Cleanup", Time since last: 1000124092 ns, Reaching safepoint: 56200 ns, At safepoint: 7101 ns, Total: 63301 ns
[890.239s][info ][safepoint      ] Safepoint "Cleanup", Time since last: 1000125668 ns, Reaching safepoint: 72802 ns, At safepoint: 11200 ns, Total: 84002 ns
[891.239s][info ][safepoint      ] Safepoint "Cleanup", Time since last: 1000162346 ns, Reaching safepoint: 68501 ns, At safepoint: 15400 ns, Total: 83901 ns
[891.862s][info ][safepoint      ] Safepoint "ICBufferFull", Time since last: 621899864 ns, Reaching safepoint: 109202 ns, At safepoint: 3600 ns, Total: 112802 ns
[892.862s][info ][safepoint      ] Safepoint "Cleanup", Time since last: 1000117008 ns, Reaching safepoint: 140402 ns, At safepoint: 10500 ns, Total: 150902 ns
[893.874s][info ][safepoint      ] Safepoint "Cleanup", Time since last: 1012146877 ns, Reaching safepoint: 60801 ns, At safepoint: 9200 ns, Total: 70001 ns
[894.874s][info ][safepoint      ] Safepoint "Cleanup", Time since last: 1000081761 ns, Reaching safepoint: 78001 ns, At safepoint: 9200 ns, Total: 87201 ns
[896.133s][info ][safepoint      ] Safepoint "Cleanup", Time since last: 1258388353 ns, Reaching safepoint: 82701 ns, At safepoint: 8100 ns, Total: 90801 ns
[897.133s][info ][safepoint      ] Safepoint "Cleanup", Time since last: 1000113410 ns, Reaching safepoint: 60401 ns, At safepoint: 8600 ns, Total: 69001 ns
[898.133s][info ][safepoint      ] Safepoint "Cleanup", Time since last: 1000118686 ns, Reaching safepoint: 62701 ns, At safepoint: 3901 ns, Total: 66602 ns
[900.090s][info ][safepoint      ] Safepoint "Cleanup", Time since last: 1956916719 ns, Reaching safepoint: 81201 ns, At safepoint: 8600 ns, Total: 89801 ns
[902.093s][info ][safepoint      ] Safepoint "Cleanup", Time since last: 2003362665 ns, Reaching safepoint: 53501 ns, At safepoint: 10700 ns, Total: 64201 ns
[904.094s][info ][safepoint      ] Safepoint "Cleanup", Time since last: 2000192225 ns, Reaching safepoint: 66301 ns, At safepoint: 7900 ns, Total: 74201 ns
[906.094s][info ][safepoint      ] Safepoint "Cleanup", Time since last: 2000157533 ns, Reaching safepoint: 64201 ns, At safepoint: 8200 ns, Total: 72401 ns
[907.094s][info ][safepoint      ] Safepoint "Cleanup", Time since last: 1000119384 ns, Reaching safepoint: 48401 ns, At safepoint: 4600 ns, Total: 53001 ns
[914.095s][info ][safepoint      ] Safepoint "Cleanup", Time since last: 7000532954 ns, Reaching safepoint: 57901 ns, At safepoint: 7400 ns, Total: 65301 ns
[915.326s][info ][gc,start       ] GC(116) Pause Young (Allocation Failure)
[915.381s][debug][gc,phases      ] GC(116) Scavenge 55.576ms
[915.382s][debug][gc,ref         ] GC(116) Skipped phase 1 of Reference Processing: no references
[915.382s][debug][gc,ref         ] GC(116) ReferenceProcessor::execute queues: 1, RefProcThreadModel::Single, marks_oops_alive: false
[915.382s][debug][gc,ref         ] GC(116) Skipped phase 3 of Reference Processing: no references
[915.382s][debug][gc,ref         ] GC(116) ReferenceProcessor::execute queues: 1, RefProcThreadModel::Single, marks_oops_alive: false
[915.382s][debug][gc,phases      ] GC(116) Reference Processing 0.127ms
[915.382s][debug][gc,phases      ] GC(116)   VM Weak                        Min:  0.0, Avg:  0.0, Max:  0.0, Diff:  0.0, Sum:  0.0, Workers: 4
[915.382s][debug][gc,phases      ] GC(116)     Dead                           Min: 0, Avg:  0.0, Max: 0, Diff: 0, Sum: 0, Workers: 4
[915.382s][debug][gc,phases      ] GC(116)     Total                          Min: 0, Avg: 173.2, Max: 693, Diff: 693, Sum: 693, Workers: 4
[915.382s][debug][gc,phases      ] GC(116)   ObjectSynchronizer Weak        Min:  0.0, Avg:  0.0, Max:  0.0, Diff:  0.0, Sum:  0.0, Workers: 4
[915.382s][debug][gc,phases      ] GC(116)     Dead                           Min: 0, Avg:  0.0, Max: 0, Diff: 0, Sum: 0, Workers: 4
[915.382s][debug][gc,phases      ] GC(116)     Total                          Min: 0, Avg: 61.8, Max: 128, Diff: 128, Sum: 247, Workers: 4
[915.382s][debug][gc,phases      ] GC(116)   JVMTI Tag Weak OopStorage      Min:  0.0, Avg:  0.0, Max:  0.0, Diff:  0.0, Sum:  0.0, Workers: 4
[915.382s][debug][gc,phases      ] GC(116)     Dead                           Min: 0, Avg:  0.0, Max: 0, Diff: 0, Sum: 0, Workers: 4
[915.382s][debug][gc,phases      ] GC(116)     Total                          Min: 0, Avg:  0.0, Max: 0, Diff: 0, Sum: 0, Workers: 4
[915.382s][debug][gc,phases      ] GC(116)   StringTable Weak               Min:  0.1, Avg:  0.1, Max:  0.1, Diff:  0.0, Sum:  0.4, Workers: 4
[915.382s][debug][gc,phases      ] GC(116)     Dead                           Min: 0, Avg:  0.5, Max: 2, Diff: 2, Sum: 2, Workers: 4
[915.382s][debug][gc,phases      ] GC(116)     Total                          Min: 11200, Avg: 12036.8, Max: 12820, Diff: 1620, Sum: 48147, Workers: 4
[915.382s][debug][gc,phases      ] GC(116)   ResolvedMethodTable Weak       Min:  0.0, Avg:  0.0, Max:  0.0, Diff:  0.0, Sum:  0.1, Workers: 4
[915.382s][debug][gc,phases      ] GC(116)     Dead                           Min: 0, Avg:  0.0, Max: 0, Diff: 0, Sum: 0, Workers: 4
[915.382s][debug][gc,phases      ] GC(116)     Total                          Min: 1846, Avg: 2067.0, Max: 2302, Diff: 456, Sum: 8268, Workers: 4
[915.382s][debug][gc,phases      ] GC(116)   JNI Weak                       Min:  0.0, Avg:  0.0, Max:  0.0, Diff:  0.0, Sum:  0.0, Workers: 4
[915.382s][debug][gc,phases      ] GC(116)     Dead                           Min: 0, Avg:  0.0, Max: 0, Diff: 0, Sum: 0, Workers: 4
[915.382s][debug][gc,phases      ] GC(116)     Total                          Min: 0, Avg:  0.0, Max: 0, Diff: 0, Sum: 0, Workers: 4
[915.382s][debug][gc,phases      ] GC(116)   StringDedup Table Weak         Min:  0.0, Avg:  0.0, Max:  0.0, Diff:  0.0, Sum:  0.0, Workers: 4
[915.382s][debug][gc,phases      ] GC(116)     Dead                           Min: 0, Avg:  0.0, Max: 0, Diff: 0, Sum: 0, Workers: 4
[915.382s][debug][gc,phases      ] GC(116)     Total                          Min: 0, Avg:  0.0, Max: 0, Diff: 0, Sum: 0, Workers: 4
[915.382s][debug][gc,phases      ] GC(116)   StringDedup Requests0 Weak     Min:  0.0, Avg:  0.0, Max:  0.0, Diff:  0.0, Sum:  0.0, Workers: 4
[915.382s][debug][gc,phases      ] GC(116)     Dead                           Min: 0, Avg:  0.0, Max: 0, Diff: 0, Sum: 0, Workers: 4
[915.382s][debug][gc,phases      ] GC(116)     Total                          Min: 0, Avg:  0.0, Max: 0, Diff: 0, Sum: 0, Workers: 4
[915.382s][debug][gc,phases      ] GC(116)   StringDedup Requests1 Weak     Min:  0.0, Avg:  0.0, Max:  0.0, Diff:  0.0, Sum:  0.0, Workers: 4
[915.382s][debug][gc,phases      ] GC(116)     Dead                           Min: 0, Avg:  0.0, Max: 0, Diff: 0, Sum: 0, Workers: 4
[915.382s][debug][gc,phases      ] GC(116)     Total                          Min: 0, Avg:  0.0, Max: 0, Diff: 0, Sum: 0, Workers: 4
[915.382s][debug][gc,phases      ] GC(116)   Weak JFR Old Object Samples    Min:  0.0, Avg:  0.0, Max:  0.0, Diff:  0.0, Sum:  0.0, Workers: 4
[915.382s][debug][gc,phases      ] GC(116)     Dead                           Min: 0, Avg:  0.0, Max: 0, Diff: 0, Sum: 0, Workers: 4
[915.382s][debug][gc,phases      ] GC(116)     Total                          Min: 0, Avg:  0.0, Max: 0, Diff: 0, Sum: 0, Workers: 4
[915.382s][debug][gc,phases      ] GC(116) Weak Processing 0.335ms
[915.382s][debug][gc,age         ] GC(116) Desired survivor size 64487424 bytes, new threshold 14 (max threshold 15)
[915.382s][info ][gc,heap        ] GC(116) PSYoungGen: 2013950K(2017792K)->40287K(2034176K) Eden: 1971200K(1971200K)->0K(1971200K) From: 42750K(46592K)->40287K(62976K)
[915.382s][info ][gc,heap        ] GC(116) ParOldGen: 410146K(482304K)->427901K(482304K)
[915.382s][info ][gc,metaspace   ] GC(116) Metaspace: 83587K(84352K)->83587K(84352K) NonClass: 71919K(72320K)->71919K(72320K) Class: 11667K(12032K)->11667K(12032K)
[915.382s][info ][gc             ] GC(116) Pause Young (Allocation Failure) 2367M->457M(2457M) 56.184ms
[915.382s][info ][gc,cpu         ] GC(116) User=0.22s Sys=0.00s Real=0.06s
[915.382s][info ][safepoint      ] Safepoint "ParallelGCFailedAllocation", Time since last: 1231043883 ns, Reaching safepoint: 43101 ns, At safepoint: 56284871 ns, Total: 56327972 ns
[917.382s][info ][safepoint      ] Safepoint "Cleanup", Time since last: 2000154030 ns, Reaching safepoint: 58101 ns, At safepoint: 24000 ns, Total: 82101 ns
[918.382s][info ][safepoint      ] Safepoint "Cleanup", Time since last: 1000099733 ns, Reaching safepoint: 46300 ns, At safepoint: 9201 ns, Total: 55501 ns
[919.383s][info ][safepoint      ] Safepoint "Cleanup", Time since last: 1000073910 ns, Reaching safepoint: 38800 ns, At safepoint: 2900 ns, Total: 41700 ns
[921.383s][info ][safepoint      ] Safepoint "Cleanup", Time since last: 2000159255 ns, Reaching safepoint: 58700 ns, At safepoint: 14201 ns, Total: 72901 ns
[924.383s][info ][safepoint      ] Safepoint "Cleanup", Time since last: 3000242168 ns, Reaching safepoint: 46400 ns, At safepoint: 5900 ns, Total: 52300 ns
[928.383s][info ][safepoint      ] Safepoint "Cleanup", Time since last: 4000303987 ns, Reaching safepoint: 62201 ns, At safepoint: 7000 ns, Total: 69201 ns
[929.384s][info ][safepoint      ] Safepoint "Cleanup", Time since last: 1000108793 ns, Reaching safepoint: 50501 ns, At safepoint: 3300 ns, Total: 53801 ns
[932.384s][info ][safepoint      ] Safepoint "Cleanup", Time since last: 3000195549 ns, Reaching safepoint: 56101 ns, At safepoint: 3900 ns, Total: 60001 ns
[934.384s][info ][safepoint      ] Safepoint "Cleanup", Time since last: 2000182193 ns, Reaching safepoint: 48901 ns, At safepoint: 6200 ns, Total: 55101 ns
[935.384s][info ][safepoint      ] Safepoint "Cleanup", Time since last: 1000112965 ns, Reaching safepoint: 68801 ns, At safepoint: 10200 ns, Total: 79001 ns
[941.385s][info ][safepoint      ] Safepoint "Cleanup", Time since last: 6000427741 ns, Reaching safepoint: 49201 ns, At safepoint: 11300 ns, Total: 60501 ns
[945.385s][info ][safepoint      ] Safepoint "Cleanup", Time since last: 4000311240 ns, Reaching safepoint: 54701 ns, At safepoint: 7600 ns, Total: 62301 ns
[946.385s][info ][safepoint      ] Safepoint "Cleanup", Time since last: 1000109634 ns, Reaching safepoint: 78801 ns, At safepoint: 8200 ns, Total: 87001 ns
[949.386s][info ][safepoint      ] Safepoint "Cleanup", Time since last: 3000231374 ns, Reaching safepoint: 52401 ns, At safepoint: 5600 ns, Total: 58001 ns
[950.386s][info ][safepoint      ] Safepoint "Cleanup", Time since last: 1000054449 ns, Reaching safepoint: 60301 ns, At safepoint: 6900 ns, Total: 67201 ns
[952.386s][info ][safepoint      ] Safepoint "Cleanup", Time since last: 2000192239 ns, Reaching safepoint: 50301 ns, At safepoint: 3700 ns, Total: 54001 ns
[953.386s][info ][safepoint      ] Safepoint "Cleanup", Time since last: 1000103488 ns, Reaching safepoint: 46201 ns, At safepoint: 7500 ns, Total: 53701 ns
[959.387s][info ][safepoint      ] Safepoint "Cleanup", Time since last: 6000394899 ns, Reaching safepoint: 30300 ns, At safepoint: 4001 ns, Total: 34301 ns
[960.387s][info ][safepoint      ] Safepoint "Cleanup", Time since last: 1000114245 ns, Reaching safepoint: 53101 ns, At safepoint: 3000 ns, Total: 56101 ns
[962.387s][info ][safepoint      ] Safepoint "Cleanup", Time since last: 2000179331 ns, Reaching safepoint: 54201 ns, At safepoint: 3000 ns, Total: 57201 ns
[966.387s][info ][safepoint      ] Safepoint "Cleanup", Time since last: 4000309619 ns, Reaching safepoint: 47300 ns, At safepoint: 7000 ns, Total: 54300 ns
[967.388s][info ][safepoint      ] Safepoint "Cleanup", Time since last: 1000105905 ns, Reaching safepoint: 45501 ns, At safepoint: 3800 ns, Total: 49301 ns
[968.388s][info ][safepoint      ] Safepoint "Cleanup", Time since last: 1000104785 ns, Reaching safepoint: 58001 ns, At safepoint: 8500 ns, Total: 66501 ns
[970.388s][info ][safepoint      ] Safepoint "Cleanup", Time since last: 2000162810 ns, Reaching safepoint: 39301 ns, At safepoint: 3700 ns, Total: 43001 ns
[971.388s][info ][safepoint      ] Safepoint "Cleanup", Time since last: 1000134325 ns, Reaching safepoint: 46101 ns, At safepoint: 11900 ns, Total: 58001 ns
[972.388s][info ][safepoint      ] Safepoint "Cleanup", Time since last: 1000107306 ns, Reaching safepoint: 54701 ns, At safepoint: 6300 ns, Total: 61001 ns
[975.389s][info ][safepoint      ] Safepoint "Cleanup", Time since last: 3000188196 ns, Reaching safepoint: 50401 ns, At safepoint: 14400 ns, Total: 64801 ns
[976.056s][info ][gc,start       ] GC(117) Pause Young (Allocation Failure)
[976.069s][debug][gc,phases      ] GC(117) Scavenge 13.728ms
[976.069s][debug][gc,ref         ] GC(117) Skipped phase 1 of Reference Processing: no references
[976.070s][debug][gc,ref         ] GC(117) ReferenceProcessor::execute queues: 1, RefProcThreadModel::Single, marks_oops_alive: false
[976.070s][debug][gc,ref         ] GC(117) Skipped phase 3 of Reference Processing: no references
[976.070s][debug][gc,ref         ] GC(117) ReferenceProcessor::execute queues: 1, RefProcThreadModel::Single, marks_oops_alive: false
[976.070s][debug][gc,phases      ] GC(117) Reference Processing 0.148ms
[976.070s][debug][gc,phases      ] GC(117)   VM Weak                        Min:  0.0, Avg:  0.0, Max:  0.0, Diff:  0.0, Sum:  0.0, Workers: 4
[976.070s][debug][gc,phases      ] GC(117)     Dead                           Min: 0, Avg:  0.0, Max: 0, Diff: 0, Sum: 0, Workers: 4
[976.070s][debug][gc,phases      ] GC(117)     Total                          Min: 0, Avg: 173.5, Max: 438, Diff: 438, Sum: 694, Workers: 4
[976.070s][debug][gc,phases      ] GC(117)   ObjectSynchronizer Weak        Min:  0.0, Avg:  0.0, Max:  0.0, Diff:  0.0, Sum:  0.0, Workers: 4
[976.070s][debug][gc,phases      ] GC(117)     Dead                           Min: 0, Avg:  0.0, Max: 0, Diff: 0, Sum: 0, Workers: 4
[976.070s][debug][gc,phases      ] GC(117)     Total                          Min: 0, Avg: 61.8, Max: 128, Diff: 128, Sum: 247, Workers: 4
[976.070s][debug][gc,phases      ] GC(117)   JVMTI Tag Weak OopStorage      Min:  0.0, Avg:  0.0, Max:  0.0, Diff:  0.0, Sum:  0.0, Workers: 4
[976.070s][debug][gc,phases      ] GC(117)     Dead                           Min: 0, Avg:  0.0, Max: 0, Diff: 0, Sum: 0, Workers: 4
[976.070s][debug][gc,phases      ] GC(117)     Total                          Min: 0, Avg:  0.0, Max: 0, Diff: 0, Sum: 0, Workers: 4
[976.070s][debug][gc,phases      ] GC(117)   StringTable Weak               Min:  0.1, Avg:  0.1, Max:  0.1, Diff:  0.0, Sum:  0.4, Workers: 4
[976.070s][debug][gc,phases      ] GC(117)     Dead                           Min: 0, Avg:  0.0, Max: 0, Diff: 0, Sum: 0, Workers: 4
[976.070s][debug][gc,phases      ] GC(117)     Total                          Min: 11584, Avg: 12041.5, Max: 12710, Diff: 1126, Sum: 48166, Workers: 4
[976.070s][debug][gc,phases      ] GC(117)   ResolvedMethodTable Weak       Min:  0.0, Avg:  0.0, Max:  0.0, Diff:  0.0, Sum:  0.1, Workers: 4
[976.070s][debug][gc,phases      ] GC(117)     Dead                           Min: 0, Avg:  0.0, Max: 0, Diff: 0, Sum: 0, Workers: 4
[976.070s][debug][gc,phases      ] GC(117)     Total                          Min: 1974, Avg: 2067.5, Max: 2209, Diff: 235, Sum: 8270, Workers: 4
[976.070s][debug][gc,phases      ] GC(117)   JNI Weak                       Min:  0.0, Avg:  0.0, Max:  0.0, Diff:  0.0, Sum:  0.0, Workers: 4
[976.070s][debug][gc,phases      ] GC(117)     Dead                           Min: 0, Avg:  0.0, Max: 0, Diff: 0, Sum: 0, Workers: 4
[976.070s][debug][gc,phases      ] GC(117)     Total                          Min: 0, Avg:  0.0, Max: 0, Diff: 0, Sum: 0, Workers: 4
[976.070s][debug][gc,phases      ] GC(117)   StringDedup Table Weak         Min:  0.0, Avg:  0.0, Max:  0.0, Diff:  0.0, Sum:  0.0, Workers: 4
[976.070s][debug][gc,phases      ] GC(117)     Dead                           Min: 0, Avg:  0.0, Max: 0, Diff: 0, Sum: 0, Workers: 4
[976.070s][debug][gc,phases      ] GC(117)     Total                          Min: 0, Avg:  0.0, Max: 0, Diff: 0, Sum: 0, Workers: 4
[976.070s][debug][gc,phases      ] GC(117)   StringDedup Requests0 Weak     Min:  0.0, Avg:  0.0, Max:  0.0, Diff:  0.0, Sum:  0.0, Workers: 4
[976.070s][debug][gc,phases      ] GC(117)     Dead                           Min: 0, Avg:  0.0, Max: 0, Diff: 0, Sum: 0, Workers: 4
[976.070s][debug][gc,phases      ] GC(117)     Total                          Min: 0, Avg:  0.0, Max: 0, Diff: 0, Sum: 0, Workers: 4
[976.070s][debug][gc,phases      ] GC(117)   StringDedup Requests1 Weak     Min:  0.0, Avg:  0.0, Max:  0.0, Diff:  0.0, Sum:  0.0, Workers: 4
[976.070s][debug][gc,phases      ] GC(117)     Dead                           Min: 0, Avg:  0.0, Max: 0, Diff: 0, Sum: 0, Workers: 4
[976.070s][debug][gc,phases      ] GC(117)     Total                          Min: 0, Avg:  0.0, Max: 0, Diff: 0, Sum: 0, Workers: 4
[976.070s][debug][gc,phases      ] GC(117)   Weak JFR Old Object Samples    Min:  0.0, Avg:  0.0, Max:  0.0, Diff:  0.0, Sum:  0.0, Workers: 4
[976.070s][debug][gc,phases      ] GC(117)     Dead                           Min: 0, Avg:  0.0, Max: 0, Diff: 0, Sum: 0, Workers: 4
[976.070s][debug][gc,phases      ] GC(117)     Total                          Min: 0, Avg:  0.0, Max: 0, Diff: 0, Sum: 0, Workers: 4
[976.070s][debug][gc,phases      ] GC(117) Weak Processing 0.330ms
[976.070s][debug][gc,age         ] GC(117) Desired survivor size 63963136 bytes, new threshold 15 (max threshold 15)
[976.070s][info ][gc,heap        ] GC(117) PSYoungGen: 2011487K(2034176K)->40837K(2034688K) Eden: 1971200K(1971200K)->0K(1971712K) From: 40287K(62976K)->40837K(62976K)
[976.070s][info ][gc,heap        ] GC(117) ParOldGen: 427901K(482304K)->427909K(482304K)
[976.070s][info ][gc,metaspace   ] GC(117) Metaspace: 83609K(84416K)->83609K(84416K) NonClass: 71940K(72384K)->71940K(72384K) Class: 11668K(12032K)->11668K(12032K)
[976.070s][info ][gc             ] GC(117) Pause Young (Allocation Failure) 2382M->457M(2458M) 14.352ms
[976.070s][info ][gc,cpu         ] GC(117) User=0.05s Sys=0.00s Real=0.02s
[976.070s][info ][safepoint      ] Safepoint "ParallelGCFailedAllocation", Time since last: 666979990 ns, Reaching safepoint: 60001 ns, At safepoint: 14437105 ns, Total: 14497106 ns
[982.071s][info ][safepoint      ] Safepoint "Cleanup", Time since last: 6000418885 ns, Reaching safepoint: 49500 ns, At safepoint: 3100 ns, Total: 52600 ns
[983.071s][info ][safepoint      ] Safepoint "Cleanup", Time since last: 1000127597 ns, Reaching safepoint: 52501 ns, At safepoint: 4900 ns, Total: 57401 ns
[986.071s][info ][safepoint      ] Safepoint "Cleanup", Time since last: 3000245973 ns, Reaching safepoint: 46700 ns, At safepoint: 3500 ns, Total: 50200 ns
[987.071s][info ][safepoint      ] Safepoint "Cleanup", Time since last: 1000111320 ns, Reaching safepoint: 56600 ns, At safepoint: 11901 ns, Total: 68501 ns
[989.071s][info ][safepoint      ] Safepoint "Cleanup", Time since last: 2000171880 ns, Reaching safepoint: 59701 ns, At safepoint: 6000 ns, Total: 65701 ns
[990.072s][info ][safepoint      ] Safepoint "Cleanup", Time since last: 1000115762 ns, Reaching safepoint: 46801 ns, At safepoint: 7600 ns, Total: 54401 ns
[996.072s][info ][safepoint      ] Safepoint "Cleanup", Time since last: 6000437268 ns, Reaching safepoint: 51401 ns, At safepoint: 5900 ns, Total: 57301 ns
[997.072s][info ][safepoint      ] Safepoint "Cleanup", Time since last: 1000076128 ns, Reaching safepoint: 55601 ns, At safepoint: 10200 ns, Total: 65801 ns
[999.072s][info ][safepoint      ] Safepoint "Cleanup", Time since last: 2000178401 ns, Reaching safepoint: 53201 ns, At safepoint: 5400 ns, Total: 58601 ns
[1010.073s][info ][safepoint      ] Safepoint "Cleanup", Time since last: 11000773769 ns, Reaching safepoint: 47800 ns, At safepoint: 30101 ns, Total: 77901 ns
[1011.073s][info ][safepoint      ] Safepoint "Cleanup", Time since last: 1000109268 ns, Reaching safepoint: 50601 ns, At safepoint: 4100 ns, Total: 54701 ns
[1014.074s][info ][safepoint      ] Safepoint "Cleanup", Time since last: 3000248095 ns, Reaching safepoint: 58301 ns, At safepoint: 7500 ns, Total: 65801 ns
[1015.074s][info ][safepoint      ] Safepoint "Cleanup", Time since last: 1000120996 ns, Reaching safepoint: 51600 ns, At safepoint: 9000 ns, Total: 60600 ns
[1019.074s][info ][safepoint      ] Safepoint "Cleanup", Time since last: 4000294199 ns, Reaching safepoint: 45801 ns, At safepoint: 11000 ns, Total: 56801 ns
[1023.075s][info ][safepoint      ] Safepoint "Cleanup", Time since last: 4000312210 ns, Reaching safepoint: 48601 ns, At safepoint: 11400 ns, Total: 60001 ns
[1028.075s][info ][safepoint      ] Safepoint "Cleanup", Time since last: 5000345985 ns, Reaching safepoint: 50700 ns, At safepoint: 3000 ns, Total: 53700 ns
[1034.502s][info ][gc,start       ] GC(118) Pause Young (Allocation Failure)
[1034.514s][debug][gc,phases      ] GC(118) Scavenge 11.781ms
[1034.514s][debug][gc,ref         ] GC(118) Skipped phase 1 of Reference Processing: no references
[1034.514s][debug][gc,ref         ] GC(118) ReferenceProcessor::execute queues: 1, RefProcThreadModel::Single, marks_oops_alive: false
[1034.514s][debug][gc,ref         ] GC(118) Skipped phase 3 of Reference Processing: no references
[1034.514s][debug][gc,ref         ] GC(118) ReferenceProcessor::execute queues: 1, RefProcThreadModel::Single, marks_oops_alive: false
[1034.514s][debug][gc,phases      ] GC(118) Reference Processing 0.128ms
[1034.515s][debug][gc,phases      ] GC(118)   VM Weak                        Min:  0.0, Avg:  0.0, Max:  0.0, Diff:  0.0, Sum:  0.0, Workers: 4
[1034.515s][debug][gc,phases      ] GC(118)     Dead                           Min: 0, Avg:  0.0, Max: 0, Diff: 0, Sum: 0, Workers: 4
[1034.515s][debug][gc,phases      ] GC(118)     Total                          Min: 0, Avg: 173.5, Max: 448, Diff: 448, Sum: 694, Workers: 4
[1034.515s][debug][gc,phases      ] GC(118)   ObjectSynchronizer Weak        Min:  0.0, Avg:  0.0, Max:  0.0, Diff:  0.0, Sum:  0.0, Workers: 4
[1034.515s][debug][gc,phases      ] GC(118)     Dead                           Min: 0, Avg:  0.0, Max: 0, Diff: 0, Sum: 0, Workers: 4
[1034.515s][debug][gc,phases      ] GC(118)     Total                          Min: 0, Avg: 61.8, Max: 128, Diff: 128, Sum: 247, Workers: 4
[1034.515s][debug][gc,phases      ] GC(118)   JVMTI Tag Weak OopStorage      Min:  0.0, Avg:  0.0, Max:  0.0, Diff:  0.0, Sum:  0.0, Workers: 4
[1034.515s][debug][gc,phases      ] GC(118)     Dead                           Min: 0, Avg:  0.0, Max: 0, Diff: 0, Sum: 0, Workers: 4
[1034.515s][debug][gc,phases      ] GC(118)     Total                          Min: 0, Avg:  0.0, Max: 0, Diff: 0, Sum: 0, Workers: 4
[1034.515s][debug][gc,phases      ] GC(118)   StringTable Weak               Min:  0.1, Avg:  0.1, Max:  0.1, Diff:  0.0, Sum:  0.4, Workers: 4
[1034.515s][debug][gc,phases      ] GC(118)     Dead                           Min: 0, Avg:  0.0, Max: 0, Diff: 0, Sum: 0, Workers: 4
[1034.515s][debug][gc,phases      ] GC(118)     Total                          Min: 11136, Avg: 12041.8, Max: 12800, Diff: 1664, Sum: 48167, Workers: 4
[1034.515s][debug][gc,phases      ] GC(118)   ResolvedMethodTable Weak       Min:  0.0, Avg:  0.0, Max:  0.0, Diff:  0.0, Sum:  0.1, Workers: 4
[1034.515s][debug][gc,phases      ] GC(118)     Dead                           Min: 0, Avg:  0.0, Max: 0, Diff: 0, Sum: 0, Workers: 4
[1034.515s][debug][gc,phases      ] GC(118)     Total                          Min: 1846, Avg: 2067.5, Max: 2337, Diff: 491, Sum: 8270, Workers: 4
[1034.515s][debug][gc,phases      ] GC(118)   JNI Weak                       Min:  0.0, Avg:  0.0, Max:  0.0, Diff:  0.0, Sum:  0.0, Workers: 4
[1034.515s][debug][gc,phases      ] GC(118)     Dead                           Min: 0, Avg:  0.0, Max: 0, Diff: 0, Sum: 0, Workers: 4
[1034.515s][debug][gc,phases      ] GC(118)     Total                          Min: 0, Avg:  0.0, Max: 0, Diff: 0, Sum: 0, Workers: 4
[1034.515s][debug][gc,phases      ] GC(118)   StringDedup Table Weak         Min:  0.0, Avg:  0.0, Max:  0.0, Diff:  0.0, Sum:  0.0, Workers: 4
[1034.515s][debug][gc,phases      ] GC(118)     Dead                           Min: 0, Avg:  0.0, Max: 0, Diff: 0, Sum: 0, Workers: 4
[1034.515s][debug][gc,phases      ] GC(118)     Total                          Min: 0, Avg:  0.0, Max: 0, Diff: 0, Sum: 0, Workers: 4
[1034.515s][debug][gc,phases      ] GC(118)   StringDedup Requests0 Weak     Min:  0.0, Avg:  0.0, Max:  0.0, Diff:  0.0, Sum:  0.0, Workers: 4
[1034.515s][debug][gc,phases      ] GC(118)     Dead                           Min: 0, Avg:  0.0, Max: 0, Diff: 0, Sum: 0, Workers: 4
[1034.515s][debug][gc,phases      ] GC(118)     Total                          Min: 0, Avg:  0.0, Max: 0, Diff: 0, Sum: 0, Workers: 4
[1034.515s][debug][gc,phases      ] GC(118)   StringDedup Requests1 Weak     Min:  0.0, Avg:  0.0, Max:  0.0, Diff:  0.0, Sum:  0.0, Workers: 4
[1034.515s][debug][gc,phases      ] GC(118)     Dead                           Min: 0, Avg:  0.0, Max: 0, Diff: 0, Sum: 0, Workers: 4
[1034.515s][debug][gc,phases      ] GC(118)     Total                          Min: 0, Avg:  0.0, Max: 0, Diff: 0, Sum: 0, Workers: 4
[1034.515s][debug][gc,phases      ] GC(118)   Weak JFR Old Object Samples    Min:  0.0, Avg:  0.0, Max:  0.0, Diff:  0.0, Sum:  0.0, Workers: 4
[1034.515s][debug][gc,phases      ] GC(118)     Dead                           Min: 0, Avg:  0.0, Max: 0, Diff: 0, Sum: 0, Workers: 4
[1034.515s][debug][gc,phases      ] GC(118)     Total                          Min: 0, Avg:  0.0, Max: 0, Diff: 0, Sum: 0, Workers: 4
[1034.515s][debug][gc,phases      ] GC(118) Weak Processing 0.339ms
[1034.515s][debug][gc,age         ] GC(118) Desired survivor size 63438848 bytes, new threshold 15 (max threshold 15)
[1034.515s][info ][gc,heap        ] GC(118) PSYoungGen: 2012549K(2034688K)->40758K(2034176K) Eden: 1971712K(1971712K)->0K(1971712K) From: 40837K(62976K)->40758K(62464K)
[1034.515s][info ][gc,heap        ] GC(118) ParOldGen: 427909K(482304K)->427917K(482304K)
[1034.515s][info ][gc,metaspace   ] GC(118) Metaspace: 83626K(84416K)->83626K(84416K) NonClass: 71957K(72384K)->71957K(72384K) Class: 11668K(12032K)->11668K(12032K)
[1034.515s][info ][gc             ] GC(118) Pause Young (Allocation Failure) 2383M->457M(2457M) 12.414ms
[1034.515s][info ][gc,cpu         ] GC(118) User=0.05s Sys=0.00s Real=0.01s
[1034.515s][info ][safepoint      ] Safepoint "ParallelGCFailedAllocation", Time since last: 6427089005 ns, Reaching safepoint: 126102 ns, At safepoint: 12513564 ns, Total: 12639666 ns
[1047.516s][info ][safepoint      ] Safepoint "Cleanup", Time since last: 13000899741 ns, Reaching safepoint: 57401 ns, At safepoint: 9100 ns, Total: 66501 ns
[1049.516s][info ][safepoint      ] Safepoint "Cleanup", Time since last: 2000187795 ns, Reaching safepoint: 50701 ns, At safepoint: 7600 ns, Total: 58301 ns
[1051.516s][info ][safepoint      ] Safepoint "Cleanup", Time since last: 2000182327 ns, Reaching safepoint: 69701 ns, At safepoint: 4500 ns, Total: 74201 ns
[1056.517s][info ][safepoint      ] Safepoint "Cleanup", Time since last: 5000392722 ns, Reaching safepoint: 57101 ns, At safepoint: 11800 ns, Total: 68901 ns
[1057.517s][info ][safepoint      ] Safepoint "Cleanup", Time since last: 1000112854 ns, Reaching safepoint: 34201 ns, At safepoint: 3400 ns, Total: 37601 ns
[1062.517s][info ][safepoint      ] Safepoint "Cleanup", Time since last: 5000290617 ns, Reaching safepoint: 42401 ns, At safepoint: 3500 ns, Total: 45901 ns
[1072.518s][info ][safepoint      ] Safepoint "Cleanup", Time since last: 10000722399 ns, Reaching safepoint: 51500 ns, At safepoint: 8500 ns, Total: 60000 ns
[1075.518s][info ][safepoint      ] Safepoint "Cleanup", Time since last: 3000250922 ns, Reaching safepoint: 58401 ns, At safepoint: 10200 ns, Total: 68601 ns
[1076.519s][info ][safepoint      ] Safepoint "Cleanup", Time since last: 1000112642 ns, Reaching safepoint: 57001 ns, At safepoint: 7000 ns, Total: 64001 ns
[1077.519s][info ][safepoint      ] Safepoint "Cleanup", Time since last: 1000107325 ns, Reaching safepoint: 46601 ns, At safepoint: 6400 ns, Total: 53001 ns
[1078.519s][info ][safepoint      ] Safepoint "Cleanup", Time since last: 1000117310 ns, Reaching safepoint: 49800 ns, At safepoint: 3201 ns, Total: 53001 ns
[1081.519s][info ][safepoint      ] Safepoint "Cleanup", Time since last: 3000232031 ns, Reaching safepoint: 60101 ns, At safepoint: 8700 ns, Total: 68801 ns
[1082.519s][info ][safepoint      ] Safepoint "Cleanup", Time since last: 1000106445 ns, Reaching safepoint: 68701 ns, At safepoint: 8800 ns, Total: 77501 ns
[1086.520s][info ][safepoint      ] Safepoint "Cleanup", Time since last: 4000294222 ns, Reaching safepoint: 51201 ns, At safepoint: 10200 ns, Total: 61401 ns
[1087.953s][info ][gc,start       ] GC(119) Pause Young (Allocation Failure)
[1087.966s][debug][gc,phases      ] GC(119) Scavenge 12.490ms
[1087.966s][debug][gc,ref         ] GC(119) Skipped phase 1 of Reference Processing: no references
[1087.966s][debug][gc,ref         ] GC(119) ReferenceProcessor::execute queues: 1, RefProcThreadModel::Single, marks_oops_alive: false
[1087.966s][debug][gc,ref         ] GC(119) Skipped phase 3 of Reference Processing: no references
[1087.966s][debug][gc,ref         ] GC(119) ReferenceProcessor::execute queues: 1, RefProcThreadModel::Single, marks_oops_alive: false
[1087.966s][debug][gc,phases      ] GC(119) Reference Processing 0.136ms
[1087.966s][debug][gc,phases      ] GC(119)   VM Weak                        Min:  0.0, Avg:  0.0, Max:  0.0, Diff:  0.0, Sum:  0.0, Workers: 4
[1087.966s][debug][gc,phases      ] GC(119)     Dead                           Min: 0, Avg:  0.0, Max: 0, Diff: 0, Sum: 0, Workers: 4
[1087.966s][debug][gc,phases      ] GC(119)     Total                          Min: 0, Avg: 173.5, Max: 374, Diff: 374, Sum: 694, Workers: 4
[1087.966s][debug][gc,phases      ] GC(119)   ObjectSynchronizer Weak        Min:  0.0, Avg:  0.0, Max:  0.0, Diff:  0.0, Sum:  0.0, Workers: 4
[1087.966s][debug][gc,phases      ] GC(119)     Dead                           Min: 0, Avg:  0.0, Max: 0, Diff: 0, Sum: 0, Workers: 4
[1087.966s][debug][gc,phases      ] GC(119)     Total                          Min: 0, Avg: 61.8, Max: 128, Diff: 128, Sum: 247, Workers: 4
[1087.966s][debug][gc,phases      ] GC(119)   JVMTI Tag Weak OopStorage      Min:  0.0, Avg:  0.0, Max:  0.0, Diff:  0.0, Sum:  0.0, Workers: 4
[1087.966s][debug][gc,phases      ] GC(119)     Dead                           Min: 0, Avg:  0.0, Max: 0, Diff: 0, Sum: 0, Workers: 4
[1087.966s][debug][gc,phases      ] GC(119)     Total                          Min: 0, Avg:  0.0, Max: 0, Diff: 0, Sum: 0, Workers: 4
[1087.966s][debug][gc,phases      ] GC(119)   StringTable Weak               Min:  0.1, Avg:  0.1, Max:  0.1, Diff:  0.0, Sum:  0.5, Workers: 4
[1087.966s][debug][gc,phases      ] GC(119)     Dead                           Min: 0, Avg:  0.0, Max: 0, Diff: 0, Sum: 0, Workers: 4
[1087.966s][debug][gc,phases      ] GC(119)     Total                          Min: 11264, Avg: 12042.8, Max: 12800, Diff: 1536, Sum: 48171, Workers: 4
[1087.966s][debug][gc,phases      ] GC(119)   ResolvedMethodTable Weak       Min:  0.0, Avg:  0.0, Max:  0.0, Diff:  0.0, Sum:  0.1, Workers: 4
[1087.966s][debug][gc,phases      ] GC(119)     Dead                           Min: 0, Avg:  0.0, Max: 0, Diff: 0, Sum: 0, Workers: 4
[1087.966s][debug][gc,phases      ] GC(119)     Total                          Min: 1846, Avg: 2068.2, Max: 2302, Diff: 456, Sum: 8273, Workers: 4
[1087.966s][debug][gc,phases      ] GC(119)   JNI Weak                       Min:  0.0, Avg:  0.0, Max:  0.0, Diff:  0.0, Sum:  0.0, Workers: 4
[1087.966s][debug][gc,phases      ] GC(119)     Dead                           Min: 0, Avg:  0.0, Max: 0, Diff: 0, Sum: 0, Workers: 4
[1087.966s][debug][gc,phases      ] GC(119)     Total                          Min: 0, Avg:  0.0, Max: 0, Diff: 0, Sum: 0, Workers: 4
[1087.966s][debug][gc,phases      ] GC(119)   StringDedup Table Weak         Min:  0.0, Avg:  0.0, Max:  0.0, Diff:  0.0, Sum:  0.0, Workers: 4
[1087.966s][debug][gc,phases      ] GC(119)     Dead                           Min: 0, Avg:  0.0, Max: 0, Diff: 0, Sum: 0, Workers: 4
[1087.966s][debug][gc,phases      ] GC(119)     Total                          Min: 0, Avg:  0.0, Max: 0, Diff: 0, Sum: 0, Workers: 4
[1087.966s][debug][gc,phases      ] GC(119)   StringDedup Requests0 Weak     Min:  0.0, Avg:  0.0, Max:  0.0, Diff:  0.0, Sum:  0.0, Workers: 4
[1087.966s][debug][gc,phases      ] GC(119)     Dead                           Min: 0, Avg:  0.0, Max: 0, Diff: 0, Sum: 0, Workers: 4
[1087.966s][debug][gc,phases      ] GC(119)     Total                          Min: 0, Avg:  0.0, Max: 0, Diff: 0, Sum: 0, Workers: 4
[1087.966s][debug][gc,phases      ] GC(119)   StringDedup Requests1 Weak     Min:  0.0, Avg:  0.0, Max:  0.0, Diff:  0.0, Sum:  0.0, Workers: 4
[1087.966s][debug][gc,phases      ] GC(119)     Dead                           Min: 0, Avg:  0.0, Max: 0, Diff: 0, Sum: 0, Workers: 4
[1087.966s][debug][gc,phases      ] GC(119)     Total                          Min: 0, Avg:  0.0, Max: 0, Diff: 0, Sum: 0, Workers: 4
[1087.967s][debug][gc,phases      ] GC(119)   Weak JFR Old Object Samples    Min:  0.0, Avg:  0.0, Max:  0.0, Diff:  0.0, Sum:  0.0, Workers: 4
[1087.967s][debug][gc,phases      ] GC(119)     Dead                           Min: 0, Avg:  0.0, Max: 0, Diff: 0, Sum: 0, Workers: 4
[1087.967s][debug][gc,phases      ] GC(119)     Total                          Min: 0, Avg:  0.0, Max: 0, Diff: 0, Sum: 0, Workers: 4
[1087.967s][debug][gc,phases      ] GC(119) Weak Processing 0.357ms
[1087.967s][debug][gc,age         ] GC(119) Desired survivor size 62914560 bytes, new threshold 15 (max threshold 15)
[1087.967s][info ][gc,heap        ] GC(119) PSYoungGen: 2012470K(2034176K)->41006K(2035712K) Eden: 1971712K(1971712K)->0K(1973760K) From: 40758K(62464K)->41006K(61952K)
[1087.967s][info ][gc,heap        ] GC(119) ParOldGen: 427917K(482304K)->427953K(482304K)
[1087.967s][info ][gc,metaspace   ] GC(119) Metaspace: 83638K(84416K)->83638K(84416K) NonClass: 71968K(72384K)->71968K(72384K) Class: 11669K(12032K)->11669K(12032K)
[1087.967s][info ][gc             ] GC(119) Pause Young (Allocation Failure) 2383M->457M(2459M) 13.119ms
[1087.967s][info ][gc,cpu         ] GC(119) User=0.05s Sys=0.00s Real=0.01s
[1087.967s][info ][safepoint      ] Safepoint "ParallelGCFailedAllocation", Time since last: 1433641378 ns, Reaching safepoint: 92101 ns, At safepoint: 13198862 ns, Total: 13290963 ns
[1089.967s][info ][safepoint      ] Safepoint "Cleanup", Time since last: 2000150170 ns, Reaching safepoint: 57801 ns, At safepoint: 8800 ns, Total: 66601 ns
[1090.967s][info ][safepoint      ] Safepoint "Cleanup", Time since last: 1000117912 ns, Reaching safepoint: 55801 ns, At safepoint: 5600 ns, Total: 61401 ns
[1091.967s][info ][safepoint      ] Safepoint "Cleanup", Time since last: 1000110396 ns, Reaching safepoint: 70201 ns, At safepoint: 8500 ns, Total: 78701 ns
[1092.967s][info ][safepoint      ] Safepoint "Cleanup", Time since last: 1000099980 ns, Reaching safepoint: 48101 ns, At safepoint: 7700 ns, Total: 55801 ns
[1095.968s][info ][safepoint      ] Safepoint "Cleanup", Time since last: 3000240747 ns, Reaching safepoint: 44401 ns, At safepoint: 4200 ns, Total: 48601 ns
[1096.968s][info ][safepoint      ] Safepoint "Cleanup", Time since last: 1000119118 ns, Reaching safepoint: 48101 ns, At safepoint: 10000 ns, Total: 58101 ns
[1102.968s][info ][safepoint      ] Safepoint "Cleanup", Time since last: 6000416483 ns, Reaching safepoint: 55901 ns, At safepoint: 42800 ns, Total: 98701 ns
[1103.968s][info ][safepoint      ] Safepoint "Cleanup", Time since last: 1000097410 ns, Reaching safepoint: 41401 ns, At safepoint: 3100 ns, Total: 44501 ns
[1104.969s][info ][safepoint      ] Safepoint "Cleanup", Time since last: 1000118095 ns, Reaching safepoint: 42501 ns, At safepoint: 5700 ns, Total: 48201 ns
[1108.969s][info ][safepoint      ] Safepoint "Cleanup", Time since last: 4000305827 ns, Reaching safepoint: 48801 ns, At safepoint: 8500 ns, Total: 57301 ns
[1115.970s][info ][safepoint      ] Safepoint "Cleanup", Time since last: 7000484615 ns, Reaching safepoint: 50701 ns, At safepoint: 2800 ns, Total: 53501 ns
[1120.970s][info ][safepoint      ] Safepoint "Cleanup", Time since last: 5000359020 ns, Reaching safepoint: 53901 ns, At safepoint: 8600 ns, Total: 62501 ns
[1122.970s][info ][safepoint      ] Safepoint "Cleanup", Time since last: 2000157464 ns, Reaching safepoint: 46501 ns, At safepoint: 7700 ns, Total: 54201 ns
[1125.970s][info ][safepoint      ] Safepoint "Cleanup", Time since last: 3000239786 ns, Reaching safepoint: 46301 ns, At safepoint: 2800 ns, Total: 49101 ns
[1136.971s][info ][safepoint      ] Safepoint "Cleanup", Time since last: 11000732427 ns, Reaching safepoint: 52901 ns, At safepoint: 10600 ns, Total: 63501 ns
[1138.971s][info ][safepoint      ] Safepoint "Cleanup", Time since last: 2000176700 ns, Reaching safepoint: 50800 ns, At safepoint: 6800 ns, Total: 57600 ns
[1141.864s][info ][safepoint      ] Safepoint "Cleanup", Time since last: 2892523660 ns, Reaching safepoint: 107801 ns, At safepoint: 10000 ns, Total: 117801 ns
[1142.864s][info ][safepoint      ] Safepoint "Cleanup", Time since last: 1000101338 ns, Reaching safepoint: 79601 ns, At safepoint: 6500 ns, Total: 86101 ns
[1143.864s][info ][safepoint      ] Safepoint "Cleanup", Time since last: 1000099923 ns, Reaching safepoint: 59801 ns, At safepoint: 15200 ns, Total: 75001 ns
[1143.904s][info ][gc,start       ] GC(120) Pause Young (Allocation Failure)
[1143.917s][debug][gc,phases      ] GC(120) Scavenge 12.357ms
[1143.917s][debug][gc,ref         ] GC(120) Skipped phase 1 of Reference Processing: no references
[1143.917s][debug][gc,ref         ] GC(120) ReferenceProcessor::execute queues: 1, RefProcThreadModel::Single, marks_oops_alive: false
[1143.917s][debug][gc,ref         ] GC(120) Skipped phase 3 of Reference Processing: no references
[1143.917s][debug][gc,ref         ] GC(120) ReferenceProcessor::execute queues: 1, RefProcThreadModel::Single, marks_oops_alive: false
[1143.917s][debug][gc,phases      ] GC(120) Reference Processing 0.143ms
[1143.917s][debug][gc,phases      ] GC(120)   VM Weak                        Min:  0.0, Avg:  0.0, Max:  0.0, Diff:  0.0, Sum:  0.0, Workers: 4
[1143.917s][debug][gc,phases      ] GC(120)     Dead                           Min: 0, Avg:  0.0, Max: 0, Diff: 0, Sum: 0, Workers: 4
[1143.917s][debug][gc,phases      ] GC(120)     Total                          Min: 0, Avg: 173.5, Max: 694, Diff: 694, Sum: 694, Workers: 4
[1143.917s][debug][gc,phases      ] GC(120)   ObjectSynchronizer Weak        Min:  0.0, Avg:  0.0, Max:  0.0, Diff:  0.0, Sum:  0.0, Workers: 4
[1143.917s][debug][gc,phases      ] GC(120)     Dead                           Min: 0, Avg:  0.0, Max: 0, Diff: 0, Sum: 0, Workers: 4
[1143.917s][debug][gc,phases      ] GC(120)     Total                          Min: 0, Avg: 61.8, Max: 183, Diff: 183, Sum: 247, Workers: 4
[1143.917s][debug][gc,phases      ] GC(120)   JVMTI Tag Weak OopStorage      Min:  0.0, Avg:  0.0, Max:  0.0, Diff:  0.0, Sum:  0.0, Workers: 4
[1143.917s][debug][gc,phases      ] GC(120)     Dead                           Min: 0, Avg:  0.0, Max: 0, Diff: 0, Sum: 0, Workers: 4
[1143.917s][debug][gc,phases      ] GC(120)     Total                          Min: 0, Avg:  0.0, Max: 0, Diff: 0, Sum: 0, Workers: 4
[1143.917s][debug][gc,phases      ] GC(120)   StringTable Weak               Min:  0.1, Avg:  0.1, Max:  0.1, Diff:  0.0, Sum:  0.5, Workers: 4
[1143.917s][debug][gc,phases      ] GC(120)     Dead                           Min: 0, Avg:  0.0, Max: 0, Diff: 0, Sum: 0, Workers: 4
[1143.917s][debug][gc,phases      ] GC(120)     Total                          Min: 11008, Avg: 12043.2, Max: 13037, Diff: 2029, Sum: 48173, Workers: 4
[1143.917s][debug][gc,phases      ] GC(120)   ResolvedMethodTable Weak       Min:  0.0, Avg:  0.0, Max:  0.0, Diff:  0.0, Sum:  0.1, Workers: 4
[1143.917s][debug][gc,phases      ] GC(120)     Dead                           Min: 0, Avg:  0.0, Max: 0, Diff: 0, Sum: 0, Workers: 4
[1143.917s][debug][gc,phases      ] GC(120)     Total                          Min: 1856, Avg: 2068.2, Max: 2366, Diff: 510, Sum: 8273, Workers: 4
[1143.917s][debug][gc,phases      ] GC(120)   JNI Weak                       Min:  0.0, Avg:  0.0, Max:  0.0, Diff:  0.0, Sum:  0.0, Workers: 4
[1143.917s][debug][gc,phases      ] GC(120)     Dead                           Min: 0, Avg:  0.0, Max: 0, Diff: 0, Sum: 0, Workers: 4
[1143.917s][debug][gc,phases      ] GC(120)     Total                          Min: 0, Avg:  0.0, Max: 0, Diff: 0, Sum: 0, Workers: 4
[1143.917s][debug][gc,phases      ] GC(120)   StringDedup Table Weak         Min:  0.0, Avg:  0.0, Max:  0.0, Diff:  0.0, Sum:  0.0, Workers: 4
[1143.917s][debug][gc,phases      ] GC(120)     Dead                           Min: 0, Avg:  0.0, Max: 0, Diff: 0, Sum: 0, Workers: 4
[1143.917s][debug][gc,phases      ] GC(120)     Total                          Min: 0, Avg:  0.0, Max: 0, Diff: 0, Sum: 0, Workers: 4
[1143.917s][debug][gc,phases      ] GC(120)   StringDedup Requests0 Weak     Min:  0.0, Avg:  0.0, Max:  0.0, Diff:  0.0, Sum:  0.0, Workers: 4
[1143.917s][debug][gc,phases      ] GC(120)     Dead                           Min: 0, Avg:  0.0, Max: 0, Diff: 0, Sum: 0, Workers: 4
[1143.917s][debug][gc,phases      ] GC(120)     Total                          Min: 0, Avg:  0.0, Max: 0, Diff: 0, Sum: 0, Workers: 4
[1143.917s][debug][gc,phases      ] GC(120)   StringDedup Requests1 Weak     Min:  0.0, Avg:  0.0, Max:  0.0, Diff:  0.0, Sum:  0.0, Workers: 4
[1143.917s][debug][gc,phases      ] GC(120)     Dead                           Min: 0, Avg:  0.0, Max: 0, Diff: 0, Sum: 0, Workers: 4
[1143.917s][debug][gc,phases      ] GC(120)     Total                          Min: 0, Avg:  0.0, Max: 0, Diff: 0, Sum: 0, Workers: 4
[1143.917s][debug][gc,phases      ] GC(120)   Weak JFR Old Object Samples    Min:  0.0, Avg:  0.0, Max:  0.0, Diff:  0.0, Sum:  0.0, Workers: 4
[1143.917s][debug][gc,phases      ] GC(120)     Dead                           Min: 0, Avg:  0.0, Max: 0, Diff: 0, Sum: 0, Workers: 4
[1143.917s][debug][gc,phases      ] GC(120)     Total                          Min: 0, Avg:  0.0, Max: 0, Diff: 0, Sum: 0, Workers: 4
[1143.917s][debug][gc,phases      ] GC(120) Weak Processing 0.348ms
[1143.917s][debug][gc,age         ] GC(120) Desired survivor size 62390272 bytes, new threshold 15 (max threshold 15)
[1143.917s][info ][gc,heap        ] GC(120) PSYoungGen: 2014766K(2035712K)->41110K(2035200K) Eden: 1973760K(1973760K)->0K(1973760K) From: 41006K(61952K)->41110K(61440K)
[1143.917s][info ][gc,heap        ] GC(120) ParOldGen: 427953K(482304K)->428097K(482304K)
[1143.917s][info ][gc,metaspace   ] GC(120) Metaspace: 83647K(84416K)->83647K(84416K) NonClass: 71977K(72384K)->71977K(72384K) Class: 11669K(12032K)->11669K(12032K)
[1143.917s][info ][gc             ] GC(120) Pause Young (Allocation Failure) 2385M->458M(2458M) 12.989ms
[1143.917s][info ][gc,cpu         ] GC(120) User=0.05s Sys=0.00s Real=0.01s
[1143.917s][info ][safepoint      ] Safepoint "ParallelGCFailedAllocation", Time since last: 39509251 ns, Reaching safepoint: 50501 ns, At safepoint: 13065449 ns, Total: 13115950 ns
[1149.918s][info ][safepoint      ] Safepoint "Cleanup", Time since last: 6000381537 ns, Reaching safepoint: 50001 ns, At safepoint: 6100 ns, Total: 56101 ns
[1153.918s][info ][safepoint      ] Safepoint "Cleanup", Time since last: 4000309613 ns, Reaching safepoint: 45800 ns, At safepoint: 3500 ns, Total: 49300 ns
[1156.918s][info ][safepoint      ] Safepoint "Cleanup", Time since last: 3000234664 ns, Reaching safepoint: 42301 ns, At safepoint: 11500 ns, Total: 53801 ns
[1164.919s][info ][safepoint      ] Safepoint "Cleanup", Time since last: 8000515531 ns, Reaching safepoint: 46301 ns, At safepoint: 3100 ns, Total: 49401 ns
[1166.919s][info ][safepoint      ] Safepoint "Cleanup", Time since last: 2000156422 ns, Reaching safepoint: 29200 ns, At safepoint: 3800 ns, Total: 33000 ns
[1176.920s][info ][safepoint      ] Safepoint "Cleanup", Time since last: 10000672302 ns, Reaching safepoint: 51201 ns, At safepoint: 3000 ns, Total: 54201 ns
[1179.920s][info ][safepoint      ] Safepoint "Cleanup", Time since last: 3000217431 ns, Reaching safepoint: 62301 ns, At safepoint: 12400 ns, Total: 74701 ns
[1180.920s][info ][safepoint      ] Safepoint "Cleanup", Time since last: 1000108317 ns, Reaching safepoint: 112702 ns, At safepoint: 7000 ns, Total: 119702 ns
[1183.920s][info ][safepoint      ] Safepoint "Cleanup", Time since last: 3000235473 ns, Reaching safepoint: 45001 ns, At safepoint: 5900 ns, Total: 50901 ns
[1193.921s][info ][safepoint      ] Safepoint "Cleanup", Time since last: 10000710665 ns, Reaching safepoint: 46400 ns, At safepoint: 17101 ns, Total: 63501 ns
[1197.922s][info ][safepoint      ] Safepoint "Cleanup", Time since last: 4000290866 ns, Reaching safepoint: 48200 ns, At safepoint: 5400 ns, Total: 53600 ns
[1213.431s][info ][gc,start       ] GC(121) Pause Young (Allocation Failure)
[1213.445s][debug][gc,phases      ] GC(121) Scavenge 14.165ms
[1213.445s][debug][gc,ref         ] GC(121) Skipped phase 1 of Reference Processing: no references
[1213.445s][debug][gc,ref         ] GC(121) ReferenceProcessor::execute queues: 1, RefProcThreadModel::Single, marks_oops_alive: false
[1213.445s][debug][gc,ref         ] GC(121) Skipped phase 3 of Reference Processing: no references
[1213.445s][debug][gc,ref         ] GC(121) ReferenceProcessor::execute queues: 1, RefProcThreadModel::Single, marks_oops_alive: false
[1213.445s][debug][gc,phases      ] GC(121) Reference Processing 0.150ms
[1213.445s][debug][gc,phases      ] GC(121)   VM Weak                        Min:  0.0, Avg:  0.0, Max:  0.0, Diff:  0.0, Sum:  0.0, Workers: 4
[1213.445s][debug][gc,phases      ] GC(121)     Dead                           Min: 0, Avg:  0.0, Max: 0, Diff: 0, Sum: 0, Workers: 4
[1213.445s][debug][gc,phases      ] GC(121)     Total                          Min: 0, Avg: 173.5, Max: 576, Diff: 576, Sum: 694, Workers: 4
[1213.445s][debug][gc,phases      ] GC(121)   ObjectSynchronizer Weak        Min:  0.0, Avg:  0.0, Max:  0.0, Diff:  0.0, Sum:  0.0, Workers: 4
[1213.445s][debug][gc,phases      ] GC(121)     Dead                           Min: 0, Avg:  0.0, Max: 0, Diff: 0, Sum: 0, Workers: 4
[1213.445s][debug][gc,phases      ] GC(121)     Total                          Min: 0, Avg: 62.0, Max: 128, Diff: 128, Sum: 248, Workers: 4
[1213.445s][debug][gc,phases      ] GC(121)   JVMTI Tag Weak OopStorage      Min:  0.0, Avg:  0.0, Max:  0.0, Diff:  0.0, Sum:  0.0, Workers: 4
[1213.445s][debug][gc,phases      ] GC(121)     Dead                           Min: 0, Avg:  0.0, Max: 0, Diff: 0, Sum: 0, Workers: 4
[1213.445s][debug][gc,phases      ] GC(121)     Total                          Min: 0, Avg:  0.0, Max: 0, Diff: 0, Sum: 0, Workers: 4
[1213.445s][debug][gc,phases      ] GC(121)   StringTable Weak               Min:  0.1, Avg:  0.1, Max:  0.1, Diff:  0.0, Sum:  0.6, Workers: 4
[1213.445s][debug][gc,phases      ] GC(121)     Dead                           Min: 0, Avg:  0.0, Max: 0, Diff: 0, Sum: 0, Workers: 4
[1213.445s][debug][gc,phases      ] GC(121)     Total                          Min: 11328, Avg: 12051.2, Max: 13120, Diff: 1792, Sum: 48205, Workers: 4
[1213.445s][debug][gc,phases      ] GC(121)   ResolvedMethodTable Weak       Min:  0.0, Avg:  0.0, Max:  0.0, Diff:  0.0, Sum:  0.1, Workers: 4
[1213.445s][debug][gc,phases      ] GC(121)     Dead                           Min: 0, Avg:  0.0, Max: 0, Diff: 0, Sum: 0, Workers: 4
[1213.446s][debug][gc,phases      ] GC(121)     Total                          Min: 1910, Avg: 2068.2, Max: 2273, Diff: 363, Sum: 8273, Workers: 4
[1213.446s][debug][gc,phases      ] GC(121)   JNI Weak                       Min:  0.0, Avg:  0.0, Max:  0.0, Diff:  0.0, Sum:  0.0, Workers: 4
[1213.446s][debug][gc,phases      ] GC(121)     Dead                           Min: 0, Avg:  0.0, Max: 0, Diff: 0, Sum: 0, Workers: 4
[1213.446s][debug][gc,phases      ] GC(121)     Total                          Min: 0, Avg:  0.0, Max: 0, Diff: 0, Sum: 0, Workers: 4
[1213.446s][debug][gc,phases      ] GC(121)   StringDedup Table Weak         Min:  0.0, Avg:  0.0, Max:  0.0, Diff:  0.0, Sum:  0.0, Workers: 4
[1213.446s][debug][gc,phases      ] GC(121)     Dead                           Min: 0, Avg:  0.0, Max: 0, Diff: 0, Sum: 0, Workers: 4
[1213.446s][debug][gc,phases      ] GC(121)     Total                          Min: 0, Avg:  0.0, Max: 0, Diff: 0, Sum: 0, Workers: 4
[1213.446s][debug][gc,phases      ] GC(121)   StringDedup Requests0 Weak     Min:  0.0, Avg:  0.0, Max:  0.0, Diff:  0.0, Sum:  0.0, Workers: 4
[1213.446s][debug][gc,phases      ] GC(121)     Dead                           Min: 0, Avg:  0.0, Max: 0, Diff: 0, Sum: 0, Workers: 4
[1213.446s][debug][gc,phases      ] GC(121)     Total                          Min: 0, Avg:  0.0, Max: 0, Diff: 0, Sum: 0, Workers: 4
[1213.446s][debug][gc,phases      ] GC(121)   StringDedup Requests1 Weak     Min:  0.0, Avg:  0.0, Max:  0.0, Diff:  0.0, Sum:  0.0, Workers: 4
[1213.446s][debug][gc,phases      ] GC(121)     Dead                           Min: 0, Avg:  0.0, Max: 0, Diff: 0, Sum: 0, Workers: 4
[1213.446s][debug][gc,phases      ] GC(121)     Total                          Min: 0, Avg:  0.0, Max: 0, Diff: 0, Sum: 0, Workers: 4
[1213.446s][debug][gc,phases      ] GC(121)   Weak JFR Old Object Samples    Min:  0.0, Avg:  0.0, Max:  0.0, Diff:  0.0, Sum:  0.0, Workers: 4
[1213.446s][debug][gc,phases      ] GC(121)     Dead                           Min: 0, Avg:  0.0, Max: 0, Diff: 0, Sum: 0, Workers: 4
[1213.446s][debug][gc,phases      ] GC(121)     Total                          Min: 0, Avg:  0.0, Max: 0, Diff: 0, Sum: 0, Workers: 4
[1213.446s][debug][gc,phases      ] GC(121) Weak Processing 0.373ms
[1213.446s][debug][gc,age         ] GC(121) Desired survivor size 61341696 bytes, new threshold 15 (max threshold 15)
[1213.446s][info ][gc,heap        ] GC(121) PSYoungGen: 2014870K(2035200K)->40455K(2037248K) Eden: 1973760K(1973760K)->0K(1976320K) From: 41110K(61440K)->40455K(60928K)
[1213.446s][info ][gc,heap        ] GC(121) ParOldGen: 428097K(482304K)->428145K(482304K)
[1213.446s][info ][gc,metaspace   ] GC(121) Metaspace: 83668K(84480K)->83668K(84480K) NonClass: 71998K(72448K)->71998K(72448K) Class: 11669K(12032K)->11669K(12032K)
[1213.446s][info ][gc             ] GC(121) Pause Young (Allocation Failure) 2385M->457M(2460M) 14.833ms
[1213.446s][info ][gc,cpu         ] GC(121) User=0.06s Sys=0.00s Real=0.01s
[1213.446s][info ][safepoint      ] Safepoint "ParallelGCFailedAllocation", Time since last: 15509125482 ns, Reaching safepoint: 25901 ns, At safepoint: 14911756 ns, Total: 14937657 ns
[1219.446s][info ][safepoint      ] Safepoint "Cleanup", Time since last: 6000431958 ns, Reaching safepoint: 66101 ns, At safepoint: 10900 ns, Total: 77001 ns
[1220.446s][info ][safepoint      ] Safepoint "Cleanup", Time since last: 1000113117 ns, Reaching safepoint: 40700 ns, At safepoint: 4100 ns, Total: 44800 ns
[1227.447s][info ][safepoint      ] Safepoint "Cleanup", Time since last: 7000439478 ns, Reaching safepoint: 47801 ns, At safepoint: 7400 ns, Total: 55201 ns
[1228.447s][info ][safepoint      ] Safepoint "Cleanup", Time since last: 1000111320 ns, Reaching safepoint: 54101 ns, At safepoint: 10100 ns, Total: 64201 ns
[1229.447s][info ][safepoint      ] Safepoint "Cleanup", Time since last: 1000118909 ns, Reaching safepoint: 58200 ns, At safepoint: 4500 ns, Total: 62700 ns
[1234.448s][info ][safepoint      ] Safepoint "Cleanup", Time since last: 5000389162 ns, Reaching safepoint: 55401 ns, At safepoint: 3000 ns, Total: 58401 ns
[1247.449s][info ][safepoint      ] Safepoint "Cleanup", Time since last: 13000941663 ns, Reaching safepoint: 55700 ns, At safepoint: 6001 ns, Total: 61701 ns
[1248.449s][info ][safepoint      ] Safepoint "Cleanup", Time since last: 1000110585 ns, Reaching safepoint: 50100 ns, At safepoint: 5300 ns, Total: 55400 ns
[1255.449s][info ][safepoint      ] Safepoint "Cleanup", Time since last: 7000513674 ns, Reaching safepoint: 71100 ns, At safepoint: 7600 ns, Total: 78700 ns
[1256.450s][info ][safepoint      ] Safepoint "Cleanup", Time since last: 1000118294 ns, Reaching safepoint: 49001 ns, At safepoint: 7600 ns, Total: 56601 ns
[1258.450s][info ][safepoint      ] Safepoint "Cleanup", Time since last: 2000197653 ns, Reaching safepoint: 128001 ns, At safepoint: 13701 ns, Total: 141702 ns
[1262.450s][info ][safepoint      ] Safepoint "Cleanup", Time since last: 4000315270 ns, Reaching safepoint: 120801 ns, At safepoint: 9800 ns, Total: 130601 ns
[1262.995s][info ][safepoint      ] Safepoint "ICBufferFull", Time since last: 544232597 ns, Reaching safepoint: 64000 ns, At safepoint: 7200 ns, Total: 71200 ns
[1263.024s][info ][safepoint      ] Safepoint "ICBufferFull", Time since last: 29747395 ns, Reaching safepoint: 68201 ns, At safepoint: 3900 ns, Total: 72101 ns
[1263.042s][info ][safepoint      ] Safepoint "ICBufferFull", Time since last: 17405873 ns, Reaching safepoint: 51500 ns, At safepoint: 5200 ns, Total: 56700 ns
[1263.043s][info ][safepoint      ] Safepoint "ICBufferFull", Time since last: 903109 ns, Reaching safepoint: 29000 ns, At safepoint: 1500 ns, Total: 30500 ns
[1263.044s][info ][safepoint      ] Safepoint "ICBufferFull", Time since last: 893409 ns, Reaching safepoint: 33101 ns, At safepoint: 4200 ns, Total: 37301 ns
[1263.045s][info ][safepoint      ] Safepoint "ICBufferFull", Time since last: 1024010 ns, Reaching safepoint: 35200 ns, At safepoint: 5100 ns, Total: 40300 ns
[1263.047s][info ][safepoint      ] Safepoint "ICBufferFull", Time since last: 1833918 ns, Reaching safepoint: 39601 ns, At safepoint: 1900 ns, Total: 41501 ns
[1263.048s][info ][safepoint      ] Safepoint "ICBufferFull", Time since last: 1036110 ns, Reaching safepoint: 32700 ns, At safepoint: 1800 ns, Total: 34500 ns
[1264.048s][info ][safepoint      ] Safepoint "Cleanup", Time since last: 1000084508 ns, Reaching safepoint: 56601 ns, At safepoint: 6800 ns, Total: 63401 ns
[1264.283s][info ][safepoint      ] Safepoint "ICBufferFull", Time since last: 235412232 ns, Reaching safepoint: 42900 ns, At safepoint: 2900 ns, Total: 45800 ns
[1265.284s][info ][safepoint      ] Safepoint "Cleanup", Time since last: 1000108494 ns, Reaching safepoint: 64501 ns, At safepoint: 6000 ns, Total: 70501 ns
[1266.284s][info ][safepoint      ] Safepoint "Cleanup", Time since last: 1000108783 ns, Reaching safepoint: 63101 ns, At safepoint: 6600 ns, Total: 69701 ns
[1267.284s][info ][safepoint      ] Safepoint "Cleanup", Time since last: 1000108272 ns, Reaching safepoint: 55300 ns, At safepoint: 12001 ns, Total: 67301 ns
[1268.284s][info ][safepoint      ] Safepoint "Cleanup", Time since last: 1000076460 ns, Reaching safepoint: 69101 ns, At safepoint: 3400 ns, Total: 72501 ns
[1268.587s][info ][safepoint      ] Safepoint "ICBufferFull", Time since last: 303228386 ns, Reaching safepoint: 114801 ns, At safepoint: 5601 ns, Total: 120402 ns
[1269.588s][info ][safepoint      ] Safepoint "Cleanup", Time since last: 1000108546 ns, Reaching safepoint: 61601 ns, At safepoint: 6300 ns, Total: 67901 ns
[1271.588s][info ][safepoint      ] Safepoint "Cleanup", Time since last: 2000166959 ns, Reaching safepoint: 42400 ns, At safepoint: 2800 ns, Total: 45200 ns
[1272.588s][info ][safepoint      ] Safepoint "Cleanup", Time since last: 1000104714 ns, Reaching safepoint: 59600 ns, At safepoint: 11401 ns, Total: 71001 ns
[1273.134s][info ][safepoint      ] Safepoint "ICBufferFull", Time since last: 546304856 ns, Reaching safepoint: 110901 ns, At safepoint: 8000 ns, Total: 118901 ns
[1273.136s][info ][safepoint      ] Safepoint "ICBufferFull", Time since last: 1044610 ns, Reaching safepoint: 108801 ns, At safepoint: 11301 ns, Total: 120102 ns
[1273.141s][info ][safepoint      ] Safepoint "ICBufferFull", Time since last: 5791056 ns, Reaching safepoint: 42501 ns, At safepoint: 3100 ns, Total: 45601 ns
[1273.145s][info ][safepoint      ] Safepoint "ICBufferFull", Time since last: 3575935 ns, Reaching safepoint: 119401 ns, At safepoint: 14200 ns, Total: 133601 ns
[1274.145s][info ][safepoint      ] Safepoint "Cleanup", Time since last: 1000115196 ns, Reaching safepoint: 89101 ns, At safepoint: 7200 ns, Total: 96301 ns
[1275.146s][info ][safepoint      ] Safepoint "Cleanup", Time since last: 1000088486 ns, Reaching safepoint: 48900 ns, At safepoint: 6200 ns, Total: 55100 ns
[1276.002s][info ][gc,start       ] GC(122) Pause Young (Allocation Failure)
[1276.015s][debug][gc,phases      ] GC(122) Scavenge 13.847ms
[1276.016s][debug][gc,ref         ] GC(122) Skipped phase 1 of Reference Processing: no references
[1276.016s][debug][gc,ref         ] GC(122) ReferenceProcessor::execute queues: 1, RefProcThreadModel::Single, marks_oops_alive: false
[1276.016s][debug][gc,ref         ] GC(122) Skipped phase 3 of Reference Processing: no references
[1276.016s][debug][gc,ref         ] GC(122) ReferenceProcessor::execute queues: 1, RefProcThreadModel::Single, marks_oops_alive: false
[1276.016s][debug][gc,phases      ] GC(122) Reference Processing 0.137ms
[1276.016s][debug][gc,phases      ] GC(122)   VM Weak                        Min:  0.0, Avg:  0.0, Max:  0.0, Diff:  0.0, Sum:  0.0, Workers: 4
[1276.016s][debug][gc,phases      ] GC(122)     Dead                           Min: 0, Avg:  0.0, Max: 0, Diff: 0, Sum: 0, Workers: 4
[1276.016s][debug][gc,phases      ] GC(122)     Total                          Min: 0, Avg: 175.5, Max: 382, Diff: 382, Sum: 702, Workers: 4
[1276.016s][debug][gc,phases      ] GC(122)   ObjectSynchronizer Weak        Min:  0.0, Avg:  0.0, Max:  0.0, Diff:  0.0, Sum:  0.0, Workers: 4
[1276.016s][debug][gc,phases      ] GC(122)     Dead                           Min: 0, Avg:  0.0, Max: 0, Diff: 0, Sum: 0, Workers: 4
[1276.016s][debug][gc,phases      ] GC(122)     Total                          Min: 0, Avg: 62.0, Max: 184, Diff: 184, Sum: 248, Workers: 4
[1276.016s][debug][gc,phases      ] GC(122)   JVMTI Tag Weak OopStorage      Min:  0.0, Avg:  0.0, Max:  0.0, Diff:  0.0, Sum:  0.0, Workers: 4
[1276.016s][debug][gc,phases      ] GC(122)     Dead                           Min: 0, Avg:  0.0, Max: 0, Diff: 0, Sum: 0, Workers: 4
[1276.016s][debug][gc,phases      ] GC(122)     Total                          Min: 0, Avg:  0.0, Max: 0, Diff: 0, Sum: 0, Workers: 4
[1276.016s][debug][gc,phases      ] GC(122)   StringTable Weak               Min:  0.1, Avg:  0.1, Max:  0.1, Diff:  0.0, Sum:  0.5, Workers: 4
[1276.016s][debug][gc,phases      ] GC(122)     Dead                           Min: 0, Avg:  0.5, Max: 2, Diff: 2, Sum: 2, Workers: 4
[1276.016s][debug][gc,phases      ] GC(122)     Total                          Min: 11136, Avg: 12062.0, Max: 13376, Diff: 2240, Sum: 48248, Workers: 4
[1276.016s][debug][gc,phases      ] GC(122)   ResolvedMethodTable Weak       Min:  0.0, Avg:  0.0, Max:  0.0, Diff:  0.0, Sum:  0.1, Workers: 4
[1276.016s][debug][gc,phases      ] GC(122)     Dead                           Min: 0, Avg:  0.0, Max: 0, Diff: 0, Sum: 0, Workers: 4
[1276.016s][debug][gc,phases      ] GC(122)     Total                          Min: 1856, Avg: 2082.0, Max: 2560, Diff: 704, Sum: 8328, Workers: 4
[1276.016s][debug][gc,phases      ] GC(122)   JNI Weak                       Min:  0.0, Avg:  0.0, Max:  0.0, Diff:  0.0, Sum:  0.0, Workers: 4
[1276.016s][debug][gc,phases      ] GC(122)     Dead                           Min: 0, Avg:  0.0, Max: 0, Diff: 0, Sum: 0, Workers: 4
[1276.016s][debug][gc,phases      ] GC(122)     Total                          Min: 0, Avg:  0.0, Max: 0, Diff: 0, Sum: 0, Workers: 4
[1276.016s][debug][gc,phases      ] GC(122)   StringDedup Table Weak         Min:  0.0, Avg:  0.0, Max:  0.0, Diff:  0.0, Sum:  0.0, Workers: 4
[1276.016s][debug][gc,phases      ] GC(122)     Dead                           Min: 0, Avg:  0.0, Max: 0, Diff: 0, Sum: 0, Workers: 4
[1276.016s][debug][gc,phases      ] GC(122)     Total                          Min: 0, Avg:  0.0, Max: 0, Diff: 0, Sum: 0, Workers: 4
[1276.016s][debug][gc,phases      ] GC(122)   StringDedup Requests0 Weak     Min:  0.0, Avg:  0.0, Max:  0.0, Diff:  0.0, Sum:  0.0, Workers: 4
[1276.016s][debug][gc,phases      ] GC(122)     Dead                           Min: 0, Avg:  0.0, Max: 0, Diff: 0, Sum: 0, Workers: 4
[1276.016s][debug][gc,phases      ] GC(122)     Total                          Min: 0, Avg:  0.0, Max: 0, Diff: 0, Sum: 0, Workers: 4
[1276.016s][debug][gc,phases      ] GC(122)   StringDedup Requests1 Weak     Min:  0.0, Avg:  0.0, Max:  0.0, Diff:  0.0, Sum:  0.0, Workers: 4
[1276.016s][debug][gc,phases      ] GC(122)     Dead                           Min: 0, Avg:  0.0, Max: 0, Diff: 0, Sum: 0, Workers: 4
[1276.016s][debug][gc,phases      ] GC(122)     Total                          Min: 0, Avg:  0.0, Max: 0, Diff: 0, Sum: 0, Workers: 4
[1276.016s][debug][gc,phases      ] GC(122)   Weak JFR Old Object Samples    Min:  0.0, Avg:  0.0, Max:  0.0, Diff:  0.0, Sum:  0.0, Workers: 4
[1276.016s][debug][gc,phases      ] GC(122)     Dead                           Min: 0, Avg:  0.0, Max: 0, Diff: 0, Sum: 0, Workers: 4
[1276.016s][debug][gc,phases      ] GC(122)     Total                          Min: 0, Avg:  0.0, Max: 0, Diff: 0, Sum: 0, Workers: 4
[1276.016s][debug][gc,phases      ] GC(122) Weak Processing 0.332ms
[1276.016s][debug][gc,age         ] GC(122) Desired survivor size 61341696 bytes, new threshold 15 (max threshold 15)
[1276.016s][info ][gc,heap        ] GC(122) PSYoungGen: 2016775K(2037248K)->42342K(2036224K) Eden: 1976320K(1976320K)->0K(1976320K) From: 40455K(60928K)->42342K(59904K)
[1276.016s][info ][gc,heap        ] GC(122) ParOldGen: 428145K(482304K)->428265K(482304K)
[1276.016s][info ][gc,metaspace   ] GC(122) Metaspace: 83789K(84608K)->83789K(84608K) NonClass: 72099K(72512K)->72099K(72512K) Class: 11690K(12096K)->11690K(12096K)
[1276.016s][info ][gc             ] GC(122) Pause Young (Allocation Failure) 2387M->459M(2459M) 14.457ms
[1276.016s][info ][gc,cpu         ] GC(122) User=0.05s Sys=0.00s Real=0.01s
[1276.016s][info ][safepoint      ] Safepoint "ParallelGCFailedAllocation", Time since last: 855948066 ns, Reaching safepoint: 87901 ns, At safepoint: 14549142 ns, Total: 14637043 ns
[1277.016s][info ][safepoint      ] Safepoint "Cleanup", Time since last: 1000084264 ns, Reaching safepoint: 81901 ns, At safepoint: 8900 ns, Total: 90801 ns
[1278.016s][info ][safepoint      ] Safepoint "Cleanup", Time since last: 1000112054 ns, Reaching safepoint: 76701 ns, At safepoint: 5900 ns, Total: 82601 ns
[1278.429s][info ][safepoint      ] Safepoint "ICBufferFull", Time since last: 412537321 ns, Reaching safepoint: 106101 ns, At safepoint: 8000 ns, Total: 114101 ns
[1278.434s][info ][safepoint      ] Safepoint "ICBufferFull", Time since last: 4266541 ns, Reaching safepoint: 115002 ns, At safepoint: 11700 ns, Total: 126702 ns
[1278.439s][info ][safepoint      ] Safepoint "ICBufferFull", Time since last: 5446453 ns, Reaching safepoint: 42900 ns, At safepoint: 5600 ns, Total: 48500 ns
[1278.440s][info ][safepoint      ] Safepoint "ICBufferFull", Time since last: 775908 ns, Reaching safepoint: 106901 ns, At safepoint: 9400 ns, Total: 116301 ns
[1278.443s][info ][safepoint      ] Safepoint "ICBufferFull", Time since last: 2703126 ns, Reaching safepoint: 109301 ns, At safepoint: 6300 ns, Total: 115601 ns
[1279.443s][info ][safepoint      ] Safepoint "Cleanup", Time since last: 1000090739 ns, Reaching safepoint: 53400 ns, At safepoint: 8300 ns, Total: 61700 ns
[1281.443s][info ][safepoint      ] Safepoint "Cleanup", Time since last: 2000166144 ns, Reaching safepoint: 43801 ns, At safepoint: 5900 ns, Total: 49701 ns
[1285.443s][info ][safepoint      ] Safepoint "Cleanup", Time since last: 4000303558 ns, Reaching safepoint: 47500 ns, At safepoint: 24801 ns, Total: 72301 ns
[1287.061s][info ][safepoint      ] Safepoint "Cleanup", Time since last: 1617442422 ns, Reaching safepoint: 108501 ns, At safepoint: 7900 ns, Total: 116401 ns
[1288.061s][info ][safepoint      ] Safepoint "Cleanup", Time since last: 1000112346 ns, Reaching safepoint: 47400 ns, At safepoint: 3300 ns, Total: 50700 ns
[1289.061s][info ][safepoint      ] Safepoint "Cleanup", Time since last: 1000109135 ns, Reaching safepoint: 53301 ns, At safepoint: 20700 ns, Total: 74001 ns
[1290.062s][info ][safepoint      ] Safepoint "Cleanup", Time since last: 1000093324 ns, Reaching safepoint: 50501 ns, At safepoint: 3600 ns, Total: 54101 ns
[1291.062s][info ][safepoint      ] Safepoint "Cleanup", Time since last: 1000066213 ns, Reaching safepoint: 44901 ns, At safepoint: 4700 ns, Total: 49601 ns
[1292.062s][info ][safepoint      ] Safepoint "Cleanup", Time since last: 1000112503 ns, Reaching safepoint: 56601 ns, At safepoint: 10700 ns, Total: 67301 ns
[1296.062s][info ][safepoint      ] Safepoint "Cleanup", Time since last: 4000266505 ns, Reaching safepoint: 46501 ns, At safepoint: 6000 ns, Total: 52501 ns
[1297.062s][info ][safepoint      ] Safepoint "Cleanup", Time since last: 1000126650 ns, Reaching safepoint: 55201 ns, At safepoint: 7000 ns, Total: 62201 ns
[1303.063s][info ][safepoint      ] Safepoint "Cleanup", Time since last: 6000395881 ns, Reaching safepoint: 55501 ns, At safepoint: 10700 ns, Total: 66201 ns
[1304.063s][info ][safepoint      ] Safepoint "Cleanup", Time since last: 1000108478 ns, Reaching safepoint: 54800 ns, At safepoint: 10200 ns, Total: 65000 ns
[1305.063s][info ][safepoint      ] Safepoint "Cleanup", Time since last: 1000108567 ns, Reaching safepoint: 39901 ns, At safepoint: 3200 ns, Total: 43101 ns
[1309.063s][info ][safepoint      ] Safepoint "Cleanup", Time since last: 4000309565 ns, Reaching safepoint: 45500 ns, At safepoint: 12600 ns, Total: 58100 ns
[1312.064s][info ][safepoint      ] Safepoint "Cleanup", Time since last: 3000250017 ns, Reaching safepoint: 52200 ns, At safepoint: 8200 ns, Total: 60400 ns
[1315.064s][info ][safepoint      ] Safepoint "Cleanup", Time since last: 3000250825 ns, Reaching safepoint: 50701 ns, At safepoint: 9100 ns, Total: 59801 ns
[1316.064s][info ][safepoint      ] Safepoint "Cleanup", Time since last: 1000121455 ns, Reaching safepoint: 50000 ns, At safepoint: 31600 ns, Total: 81600 ns
[1318.065s][info ][safepoint      ] Safepoint "Cleanup", Time since last: 2000173680 ns, Reaching safepoint: 43600 ns, At safepoint: 4200 ns, Total: 47800 ns
[1320.065s][info ][safepoint      ] Safepoint "Cleanup", Time since last: 2000176039 ns, Reaching safepoint: 49200 ns, At safepoint: 8901 ns, Total: 58101 ns
[1321.065s][info ][safepoint      ] Safepoint "Cleanup", Time since last: 1000131904 ns, Reaching safepoint: 57701 ns, At safepoint: 3800 ns, Total: 61501 ns
[1323.065s][info ][safepoint      ] Safepoint "Cleanup", Time since last: 2000185679 ns, Reaching safepoint: 57200 ns, At safepoint: 12001 ns, Total: 69201 ns
[1325.065s][info ][safepoint      ] Safepoint "Cleanup", Time since last: 2000180339 ns, Reaching safepoint: 46700 ns, At safepoint: 6800 ns, Total: 53500 ns
[1326.066s][info ][safepoint      ] Safepoint "Cleanup", Time since last: 1000105455 ns, Reaching safepoint: 51700 ns, At safepoint: 11101 ns, Total: 62801 ns
[1327.066s][info ][safepoint      ] Safepoint "Cleanup", Time since last: 1000092944 ns, Reaching safepoint: 53401 ns, At safepoint: 7800 ns, Total: 61201 ns
[1327.953s][info ][safepoint      ] Safepoint "ICBufferFull", Time since last: 886874590 ns, Reaching safepoint: 141401 ns, At safepoint: 10100 ns, Total: 151501 ns
[1328.003s][info ][safepoint      ] Safepoint "ICBufferFull", Time since last: 50378565 ns, Reaching safepoint: 54901 ns, At safepoint: 3400 ns, Total: 58301 ns
[1328.042s][info ][safepoint      ] Safepoint "ICBufferFull", Time since last: 38286953 ns, Reaching safepoint: 44801 ns, At safepoint: 3800 ns, Total: 48601 ns
[1328.056s][info ][safepoint      ] Safepoint "ICBufferFull", Time since last: 14696235 ns, Reaching safepoint: 69601 ns, At safepoint: 7500 ns, Total: 77101 ns
[1328.114s][info ][safepoint      ] Safepoint "ICBufferFull", Time since last: 57780533 ns, Reaching safepoint: 54601 ns, At safepoint: 2700 ns, Total: 57301 ns
[1328.115s][info ][safepoint      ] Safepoint "ICBufferFull", Time since last: 779407 ns, Reaching safepoint: 30400 ns, At safepoint: 1700 ns, Total: 32100 ns
[1328.116s][info ][safepoint      ] Safepoint "ICBufferFull", Time since last: 720807 ns, Reaching safepoint: 30400 ns, At safepoint: 2200 ns, Total: 32600 ns
[1328.116s][info ][safepoint      ] Safepoint "ICBufferFull", Time since last: 727807 ns, Reaching safepoint: 27400 ns, At safepoint: 1700 ns, Total: 29100 ns
[1328.134s][info ][safepoint      ] Safepoint "ICBufferFull", Time since last: 17064958 ns, Reaching safepoint: 40000 ns, At safepoint: 3200 ns, Total: 43200 ns
[1328.137s][info ][safepoint      ] Safepoint "ICBufferFull", Time since last: 3644334 ns, Reaching safepoint: 40200 ns, At safepoint: 2300 ns, Total: 42500 ns
[1328.175s][info ][safepoint      ] Safepoint "ICBufferFull", Time since last: 37562547 ns, Reaching safepoint: 55201 ns, At safepoint: 2600 ns, Total: 57801 ns
[1328.242s][info ][safepoint      ] Safepoint "ICBufferFull", Time since last: 67394522 ns, Reaching safepoint: 42600 ns, At safepoint: 43901 ns, Total: 86501 ns
[1328.360s][info ][gc,start       ] GC(123) Pause Young (Allocation Failure)
[1328.375s][debug][gc,phases      ] GC(123) Scavenge 14.890ms
[1328.375s][debug][gc,ref         ] GC(123) Skipped phase 1 of Reference Processing: no references
[1328.375s][debug][gc,ref         ] GC(123) ReferenceProcessor::execute queues: 1, RefProcThreadModel::Single, marks_oops_alive: false
[1328.375s][debug][gc,ref         ] GC(123) Skipped phase 3 of Reference Processing: no references
[1328.375s][debug][gc,ref         ] GC(123) ReferenceProcessor::execute queues: 1, RefProcThreadModel::Single, marks_oops_alive: false
[1328.375s][debug][gc,phases      ] GC(123) Reference Processing 0.154ms
[1328.375s][debug][gc,phases      ] GC(123)   VM Weak                        Min:  0.0, Avg:  0.0, Max:  0.0, Diff:  0.0, Sum:  0.0, Workers: 4
[1328.375s][debug][gc,phases      ] GC(123)     Dead                           Min: 0, Avg:  0.0, Max: 0, Diff: 0, Sum: 0, Workers: 4
[1328.375s][debug][gc,phases      ] GC(123)     Total                          Min: 0, Avg: 180.5, Max: 530, Diff: 530, Sum: 722, Workers: 4
[1328.375s][debug][gc,phases      ] GC(123)   ObjectSynchronizer Weak        Min:  0.0, Avg:  0.0, Max:  0.0, Diff:  0.0, Sum:  0.0, Workers: 4
[1328.375s][debug][gc,phases      ] GC(123)     Dead                           Min: 0, Avg:  0.0, Max: 0, Diff: 0, Sum: 0, Workers: 4
[1328.375s][debug][gc,phases      ] GC(123)     Total                          Min: 0, Avg: 62.2, Max: 185, Diff: 185, Sum: 249, Workers: 4
[1328.375s][debug][gc,phases      ] GC(123)   JVMTI Tag Weak OopStorage      Min:  0.0, Avg:  0.0, Max:  0.0, Diff:  0.0, Sum:  0.0, Workers: 4
[1328.376s][debug][gc,phases      ] GC(123)     Dead                           Min: 0, Avg:  0.0, Max: 0, Diff: 0, Sum: 0, Workers: 4
[1328.376s][debug][gc,phases      ] GC(123)     Total                          Min: 0, Avg:  0.0, Max: 0, Diff: 0, Sum: 0, Workers: 4
[1328.376s][debug][gc,phases      ] GC(123)   StringTable Weak               Min:  0.1, Avg:  0.1, Max:  0.1, Diff:  0.0, Sum:  0.5, Workers: 4
[1328.376s][debug][gc,phases      ] GC(123)     Dead                           Min: 0, Avg:  1.0, Max: 2, Diff: 2, Sum: 4, Workers: 4
[1328.376s][debug][gc,phases      ] GC(123)     Total                          Min: 10496, Avg: 12102.5, Max: 14016, Diff: 3520, Sum: 48410, Workers: 4
[1328.376s][debug][gc,phases      ] GC(123)   ResolvedMethodTable Weak       Min:  0.0, Avg:  0.0, Max:  0.0, Diff:  0.0, Sum:  0.1, Workers: 4
[1328.376s][debug][gc,phases      ] GC(123)     Dead                           Min: 0, Avg:  3.5, Max: 14, Diff: 14, Sum: 14, Workers: 4
[1328.376s][debug][gc,phases      ] GC(123)     Total                          Min: 1856, Avg: 2115.5, Max: 2304, Diff: 448, Sum: 8462, Workers: 4
[1328.376s][debug][gc,phases      ] GC(123)   JNI Weak                       Min:  0.0, Avg:  0.0, Max:  0.0, Diff:  0.0, Sum:  0.0, Workers: 4
[1328.376s][debug][gc,phases      ] GC(123)     Dead                           Min: 0, Avg:  0.0, Max: 0, Diff: 0, Sum: 0, Workers: 4
[1328.376s][debug][gc,phases      ] GC(123)     Total                          Min: 0, Avg:  9.2, Max: 37, Diff: 37, Sum: 37, Workers: 4
[1328.376s][debug][gc,phases      ] GC(123)   StringDedup Table Weak         Min:  0.0, Avg:  0.0, Max:  0.0, Diff:  0.0, Sum:  0.0, Workers: 4
[1328.376s][debug][gc,phases      ] GC(123)     Dead                           Min: 0, Avg:  0.0, Max: 0, Diff: 0, Sum: 0, Workers: 4
[1328.376s][debug][gc,phases      ] GC(123)     Total                          Min: 0, Avg:  0.0, Max: 0, Diff: 0, Sum: 0, Workers: 4
[1328.376s][debug][gc,phases      ] GC(123)   StringDedup Requests0 Weak     Min:  0.0, Avg:  0.0, Max:  0.0, Diff:  0.0, Sum:  0.0, Workers: 4
[1328.376s][debug][gc,phases      ] GC(123)     Dead                           Min: 0, Avg:  0.0, Max: 0, Diff: 0, Sum: 0, Workers: 4
[1328.376s][debug][gc,phases      ] GC(123)     Total                          Min: 0, Avg:  0.0, Max: 0, Diff: 0, Sum: 0, Workers: 4
[1328.376s][debug][gc,phases      ] GC(123)   StringDedup Requests1 Weak     Min:  0.0, Avg:  0.0, Max:  0.0, Diff:  0.0, Sum:  0.0, Workers: 4
[1328.376s][debug][gc,phases      ] GC(123)     Dead                           Min: 0, Avg:  0.0, Max: 0, Diff: 0, Sum: 0, Workers: 4
[1328.376s][debug][gc,phases      ] GC(123)     Total                          Min: 0, Avg:  0.0, Max: 0, Diff: 0, Sum: 0, Workers: 4
[1328.376s][debug][gc,phases      ] GC(123)   Weak JFR Old Object Samples    Min:  0.0, Avg:  0.0, Max:  0.0, Diff:  0.0, Sum:  0.0, Workers: 4
[1328.376s][debug][gc,phases      ] GC(123)     Dead                           Min: 0, Avg:  0.0, Max: 0, Diff: 0, Sum: 0, Workers: 4
[1328.376s][debug][gc,phases      ] GC(123)     Total                          Min: 0, Avg:  0.0, Max: 0, Diff: 0, Sum: 0, Workers: 4
[1328.376s][debug][gc,phases      ] GC(123) Weak Processing 0.368ms
[1328.376s][debug][gc,age         ] GC(123) Desired survivor size 62390272 bytes, new threshold 15 (max threshold 15)
[1328.376s][info ][gc,heap        ] GC(123) PSYoungGen: 2018662K(2036224K)->46234K(2035200K) Eden: 1976320K(1976320K)->0K(1975296K) From: 42342K(59904K)->46234K(59904K)
[1328.376s][info ][gc,heap        ] GC(123) ParOldGen: 428265K(482304K)->428297K(482304K)
[1328.376s][info ][gc,metaspace   ] GC(123) Metaspace: 84320K(85248K)->84320K(85248K) NonClass: 72554K(73088K)->72554K(73088K) Class: 11765K(12160K)->11765K(12160K)
[1328.376s][info ][gc             ] GC(123) Pause Young (Allocation Failure) 2389M->463M(2458M) 15.564ms
[1328.376s][info ][gc,cpu         ] GC(123) User=0.07s Sys=0.00s Real=0.02s
[1328.376s][info ][safepoint      ] Safepoint "ParallelGCFailedAllocation", Time since last: 117506284 ns, Reaching safepoint: 166101 ns, At safepoint: 15661845 ns, Total: 15827946 ns
[1329.480s][info ][safepoint      ] Safepoint "Cleanup", Time since last: 1104025079 ns, Reaching safepoint: 151501 ns, At safepoint: 9401 ns, Total: 160902 ns
[1330.480s][info ][safepoint      ] Safepoint "Cleanup", Time since last: 1000113311 ns, Reaching safepoint: 43900 ns, At safepoint: 8600 ns, Total: 52500 ns
[1331.480s][info ][safepoint      ] Safepoint "Cleanup", Time since last: 1000107602 ns, Reaching safepoint: 60700 ns, At safepoint: 8800 ns, Total: 69500 ns
[1332.480s][info ][safepoint      ] Safepoint "Cleanup", Time since last: 1000109792 ns, Reaching safepoint: 45301 ns, At safepoint: 4300 ns, Total: 49601 ns
[1333.481s][info ][safepoint      ] Safepoint "Cleanup", Time since last: 1000105681 ns, Reaching safepoint: 40101 ns, At safepoint: 2800 ns, Total: 42901 ns
[1334.481s][info ][safepoint      ] Safepoint "Cleanup", Time since last: 1000115672 ns, Reaching safepoint: 68001 ns, At safepoint: 8300 ns, Total: 76301 ns
[1335.481s][info ][safepoint      ] Safepoint "Cleanup", Time since last: 1000115462 ns, Reaching safepoint: 53001 ns, At safepoint: 3700 ns, Total: 56701 ns
[1336.481s][info ][safepoint      ] Safepoint "Cleanup", Time since last: 1000111052 ns, Reaching safepoint: 50401 ns, At safepoint: 7300 ns, Total: 57701 ns
[1337.481s][info ][safepoint      ] Safepoint "Cleanup", Time since last: 1000107443 ns, Reaching safepoint: 57400 ns, At safepoint: 9401 ns, Total: 66801 ns
[1338.481s][info ][safepoint      ] Safepoint "Cleanup", Time since last: 1000121233 ns, Reaching safepoint: 42400 ns, At safepoint: 3100 ns, Total: 45500 ns
[1339.482s][info ][safepoint      ] Safepoint "Cleanup", Time since last: 1000109324 ns, Reaching safepoint: 56301 ns, At safepoint: 8900 ns, Total: 65201 ns
[1340.482s][info ][safepoint      ] Safepoint "Cleanup", Time since last: 1000122314 ns, Reaching safepoint: 43700 ns, At safepoint: 4500 ns, Total: 48200 ns
[1341.482s][info ][safepoint      ] Safepoint "Cleanup", Time since last: 1000122505 ns, Reaching safepoint: 46400 ns, At safepoint: 8300 ns, Total: 54700 ns
[1342.482s][info ][safepoint      ] Safepoint "Cleanup", Time since last: 1000085095 ns, Reaching safepoint: 40300 ns, At safepoint: 2900 ns, Total: 43200 ns
[1343.482s][info ][safepoint      ] Safepoint "Cleanup", Time since last: 1000109385 ns, Reaching safepoint: 52001 ns, At safepoint: 9400 ns, Total: 61401 ns
[1346.709s][info ][safepoint      ] Safepoint "ICBufferFull", Time since last: 3226764047 ns, Reaching safepoint: 71701 ns, At safepoint: 6700 ns, Total: 78401 ns
[1346.783s][info ][safepoint      ] Safepoint "ICBufferFull", Time since last: 73366063 ns, Reaching safepoint: 153502 ns, At safepoint: 12700 ns, Total: 166202 ns
[1346.912s][info ][safepoint      ] Safepoint "ICBufferFull", Time since last: 129471671 ns, Reaching safepoint: 184502 ns, At safepoint: 13800 ns, Total: 198302 ns
[1347.912s][info ][safepoint      ] Safepoint "Cleanup", Time since last: 1000116643 ns, Reaching safepoint: 75401 ns, At safepoint: 8900 ns, Total: 84301 ns
[1348.913s][info ][safepoint      ] Safepoint "Cleanup", Time since last: 1000099733 ns, Reaching safepoint: 51101 ns, At safepoint: 4300 ns, Total: 55401 ns
[1349.913s][info ][safepoint      ] Safepoint "Cleanup", Time since last: 1000113224 ns, Reaching safepoint: 64100 ns, At safepoint: 3800 ns, Total: 67900 ns
[1350.913s][info ][safepoint      ] Safepoint "Cleanup", Time since last: 1000109515 ns, Reaching safepoint: 63401 ns, At safepoint: 7000 ns, Total: 70401 ns
[1351.913s][info ][safepoint      ] Safepoint "Cleanup", Time since last: 1000109905 ns, Reaching safepoint: 50700 ns, At safepoint: 10400 ns, Total: 61100 ns
[1352.913s][info ][safepoint      ] Safepoint "Cleanup", Time since last: 1000107496 ns, Reaching safepoint: 50500 ns, At safepoint: 23601 ns, Total: 74101 ns
[1354.914s][info ][safepoint      ] Safepoint "Cleanup", Time since last: 2000149262 ns, Reaching safepoint: 56701 ns, At safepoint: 8000 ns, Total: 64701 ns
[1355.914s][info ][safepoint      ] Safepoint "Cleanup", Time since last: 1000108667 ns, Reaching safepoint: 49601 ns, At safepoint: 13900 ns, Total: 63501 ns
[1359.914s][info ][safepoint      ] Safepoint "Cleanup", Time since last: 4000310976 ns, Reaching safepoint: 49200 ns, At safepoint: 3100 ns, Total: 52300 ns
[1360.914s][info ][safepoint      ] Safepoint "Cleanup", Time since last: 1000109421 ns, Reaching safepoint: 54301 ns, At safepoint: 6600 ns, Total: 60901 ns
[1361.914s][info ][safepoint      ] Safepoint "Cleanup", Time since last: 1000107312 ns, Reaching safepoint: 41600 ns, At safepoint: 4500 ns, Total: 46100 ns
[1364.915s][info ][safepoint      ] Safepoint "Cleanup", Time since last: 3000242280 ns, Reaching safepoint: 50500 ns, At safepoint: 5300 ns, Total: 55800 ns
[1365.915s][info ][safepoint      ] Safepoint "Cleanup", Time since last: 1000113775 ns, Reaching safepoint: 58001 ns, At safepoint: 11800 ns, Total: 69801 ns
[1366.915s][info ][safepoint      ] Safepoint "Cleanup", Time since last: 1000118366 ns, Reaching safepoint: 56700 ns, At safepoint: 9900 ns, Total: 66600 ns
[1368.915s][info ][safepoint      ] Safepoint "Cleanup", Time since last: 2000175804 ns, Reaching safepoint: 52601 ns, At safepoint: 6100 ns, Total: 58701 ns
[1369.916s][info ][safepoint      ] Safepoint "Cleanup", Time since last: 1000115638 ns, Reaching safepoint: 58401 ns, At safepoint: 8500 ns, Total: 66901 ns
[1371.916s][info ][safepoint      ] Safepoint "Cleanup", Time since last: 2000112749 ns, Reaching safepoint: 52600 ns, At safepoint: 8500 ns, Total: 61100 ns
[1372.916s][info ][safepoint      ] Safepoint "Cleanup", Time since last: 1000110311 ns, Reaching safepoint: 63501 ns, At safepoint: 6300 ns, Total: 69801 ns
[1373.916s][info ][safepoint      ] Safepoint "Cleanup", Time since last: 1000109002 ns, Reaching safepoint: 66301 ns, At safepoint: 10400 ns, Total: 76701 ns
[1374.916s][info ][safepoint      ] Safepoint "Cleanup", Time since last: 1000109593 ns, Reaching safepoint: 63401 ns, At safepoint: 6500 ns, Total: 69901 ns
[1375.916s][info ][safepoint      ] Safepoint "Cleanup", Time since last: 1000106784 ns, Reaching safepoint: 55700 ns, At safepoint: 10000 ns, Total: 65700 ns
[1376.917s][info ][safepoint      ] Safepoint "Cleanup", Time since last: 1000116476 ns, Reaching safepoint: 49100 ns, At safepoint: 6000 ns, Total: 55100 ns
[1377.917s][info ][safepoint      ] Safepoint "Cleanup", Time since last: 1000102666 ns, Reaching safepoint: 60001 ns, At safepoint: 5900 ns, Total: 65901 ns
[1379.860s][info ][gc,start       ] GC(124) Pause Young (Allocation Failure)
[1379.872s][debug][gc,phases      ] GC(124) Scavenge 12.784ms
[1379.872s][debug][gc,ref         ] GC(124) Skipped phase 1 of Reference Processing: no references
[1379.873s][debug][gc,ref         ] GC(124) ReferenceProcessor::execute queues: 1, RefProcThreadModel::Single, marks_oops_alive: false
[1379.873s][debug][gc,ref         ] GC(124) Skipped phase 3 of Reference Processing: no references
[1379.873s][debug][gc,ref         ] GC(124) ReferenceProcessor::execute queues: 1, RefProcThreadModel::Single, marks_oops_alive: false
[1379.873s][debug][gc,phases      ] GC(124) Reference Processing 0.147ms
[1379.873s][debug][gc,phases      ] GC(124)   VM Weak                        Min:  0.0, Avg:  0.0, Max:  0.0, Diff:  0.0, Sum:  0.0, Workers: 4
[1379.873s][debug][gc,phases      ] GC(124)     Dead                           Min: 0, Avg:  0.0, Max: 0, Diff: 0, Sum: 0, Workers: 4
[1379.873s][debug][gc,phases      ] GC(124)     Total                          Min: 0, Avg: 182.5, Max: 576, Diff: 576, Sum: 730, Workers: 4
[1379.873s][debug][gc,phases      ] GC(124)   ObjectSynchronizer Weak        Min:  0.0, Avg:  0.0, Max:  0.0, Diff:  0.0, Sum:  0.0, Workers: 4
[1379.873s][debug][gc,phases      ] GC(124)     Dead                           Min: 0, Avg:  0.0, Max: 0, Diff: 0, Sum: 0, Workers: 4
[1379.873s][debug][gc,phases      ] GC(124)     Total                          Min: 0, Avg: 62.2, Max: 128, Diff: 128, Sum: 249, Workers: 4
[1379.873s][debug][gc,phases      ] GC(124)   JVMTI Tag Weak OopStorage      Min:  0.0, Avg:  0.0, Max:  0.0, Diff:  0.0, Sum:  0.0, Workers: 4
[1379.873s][debug][gc,phases      ] GC(124)     Dead                           Min: 0, Avg:  0.0, Max: 0, Diff: 0, Sum: 0, Workers: 4
[1379.873s][debug][gc,phases      ] GC(124)     Total                          Min: 0, Avg:  0.0, Max: 0, Diff: 0, Sum: 0, Workers: 4
[1379.873s][debug][gc,phases      ] GC(124)   StringTable Weak               Min:  0.1, Avg:  0.1, Max:  0.1, Diff:  0.0, Sum:  0.5, Workers: 4
[1379.873s][debug][gc,phases      ] GC(124)     Dead                           Min: 0, Avg:  1.2, Max: 5, Diff: 5, Sum: 5, Workers: 4
[1379.873s][debug][gc,phases      ] GC(124)     Total                          Min: 11520, Avg: 12123.0, Max: 12716, Diff: 1196, Sum: 48492, Workers: 4
[1379.873s][debug][gc,phases      ] GC(124)   ResolvedMethodTable Weak       Min:  0.0, Avg:  0.0, Max:  0.0, Diff:  0.0, Sum:  0.1, Workers: 4
[1379.873s][debug][gc,phases      ] GC(124)     Dead                           Min: 0, Avg:  0.0, Max: 0, Diff: 0, Sum: 0, Workers: 4
[1379.873s][debug][gc,phases      ] GC(124)     Total                          Min: 2104, Avg: 2142.0, Max: 2176, Diff: 72, Sum: 8568, Workers: 4
[1379.873s][debug][gc,phases      ] GC(124)   JNI Weak                       Min:  0.0, Avg:  0.0, Max:  0.0, Diff:  0.0, Sum:  0.0, Workers: 4
[1379.873s][debug][gc,phases      ] GC(124)     Dead                           Min: 0, Avg:  0.0, Max: 0, Diff: 0, Sum: 0, Workers: 4
[1379.873s][debug][gc,phases      ] GC(124)     Total                          Min: 0, Avg:  0.0, Max: 0, Diff: 0, Sum: 0, Workers: 4
[1379.873s][debug][gc,phases      ] GC(124)   StringDedup Table Weak         Min:  0.0, Avg:  0.0, Max:  0.0, Diff:  0.0, Sum:  0.0, Workers: 4
[1379.873s][debug][gc,phases      ] GC(124)     Dead                           Min: 0, Avg:  0.0, Max: 0, Diff: 0, Sum: 0, Workers: 4
[1379.873s][debug][gc,phases      ] GC(124)     Total                          Min: 0, Avg:  0.0, Max: 0, Diff: 0, Sum: 0, Workers: 4
[1379.873s][debug][gc,phases      ] GC(124)   StringDedup Requests0 Weak     Min:  0.0, Avg:  0.0, Max:  0.0, Diff:  0.0, Sum:  0.0, Workers: 4
[1379.873s][debug][gc,phases      ] GC(124)     Dead                           Min: 0, Avg:  0.0, Max: 0, Diff: 0, Sum: 0, Workers: 4
[1379.873s][debug][gc,phases      ] GC(124)     Total                          Min: 0, Avg:  0.0, Max: 0, Diff: 0, Sum: 0, Workers: 4
[1379.873s][debug][gc,phases      ] GC(124)   StringDedup Requests1 Weak     Min:  0.0, Avg:  0.0, Max:  0.0, Diff:  0.0, Sum:  0.0, Workers: 4
[1379.873s][debug][gc,phases      ] GC(124)     Dead                           Min: 0, Avg:  0.0, Max: 0, Diff: 0, Sum: 0, Workers: 4
[1379.873s][debug][gc,phases      ] GC(124)     Total                          Min: 0, Avg:  0.0, Max: 0, Diff: 0, Sum: 0, Workers: 4
[1379.873s][debug][gc,phases      ] GC(124)   Weak JFR Old Object Samples    Min:  0.0, Avg:  0.0, Max:  0.0, Diff:  0.0, Sum:  0.0, Workers: 4
[1379.873s][debug][gc,phases      ] GC(124)     Dead                           Min: 0, Avg:  0.0, Max: 0, Diff: 0, Sum: 0, Workers: 4
[1379.873s][debug][gc,phases      ] GC(124)     Total                          Min: 0, Avg:  0.0, Max: 0, Diff: 0, Sum: 0, Workers: 4
[1379.873s][debug][gc,phases      ] GC(124) Weak Processing 0.351ms
[1379.873s][debug][gc,age         ] GC(124) Desired survivor size 62390272 bytes, new threshold 15 (max threshold 15)
[1379.873s][info ][gc,heap        ] GC(124) PSYoungGen: 2021530K(2035200K)->45081K(2036224K) Eden: 1975296K(1975296K)->0K(1975296K) From: 46234K(59904K)->45081K(60928K)
[1379.873s][info ][gc,heap        ] GC(124) ParOldGen: 428297K(482304K)->428329K(482304K)
[1379.873s][info ][gc,metaspace   ] GC(124) Metaspace: 84647K(85632K)->84647K(85632K) NonClass: 72828K(73344K)->72828K(73344K) Class: 11819K(12288K)->11819K(12288K)
[1379.873s][info ][gc             ] GC(124) Pause Young (Allocation Failure) 2392M->462M(2459M) 13.426ms
[1379.873s][info ][gc,cpu         ] GC(124) User=0.06s Sys=0.00s Real=0.02s
[1379.873s][info ][safepoint      ] Safepoint "ParallelGCFailedAllocation", Time since last: 1942682403 ns, Reaching safepoint: 112901 ns, At safepoint: 13511318 ns, Total: 13624219 ns
[1381.053s][info ][safepoint      ] Safepoint "Cleanup", Time since last: 1179699308 ns, Reaching safepoint: 237003 ns, At safepoint: 12300 ns, Total: 249303 ns
[1382.053s][info ][safepoint      ] Safepoint "Cleanup", Time since last: 1000125829 ns, Reaching safepoint: 127001 ns, At safepoint: 8700 ns, Total: 135701 ns
[1383.053s][info ][safepoint      ] Safepoint "Cleanup", Time since last: 1000113721 ns, Reaching safepoint: 99101 ns, At safepoint: 8300 ns, Total: 107401 ns
[1385.054s][info ][safepoint      ] Safepoint "Cleanup", Time since last: 2000175514 ns, Reaching safepoint: 78301 ns, At safepoint: 7700 ns, Total: 86001 ns
[1388.054s][info ][safepoint      ] Safepoint "Cleanup", Time since last: 3000261655 ns, Reaching safepoint: 115601 ns, At safepoint: 14500 ns, Total: 130101 ns
[1393.055s][info ][safepoint      ] Safepoint "Cleanup", Time since last: 5000401149 ns, Reaching safepoint: 137502 ns, At safepoint: 15200 ns, Total: 152702 ns
[1397.055s][info ][safepoint      ] Safepoint "Cleanup", Time since last: 4000261443 ns, Reaching safepoint: 137501 ns, At safepoint: 11100 ns, Total: 148601 ns
[1402.056s][info ][safepoint      ] Safepoint "Cleanup", Time since last: 5000437960 ns, Reaching safepoint: 141302 ns, At safepoint: 11500 ns, Total: 152802 ns
[1403.056s][info ][safepoint      ] Safepoint "Cleanup", Time since last: 1000118346 ns, Reaching safepoint: 112901 ns, At safepoint: 12601 ns, Total: 125502 ns
[1404.056s][info ][safepoint      ] Safepoint "Cleanup", Time since last: 1000128238 ns, Reaching safepoint: 99801 ns, At safepoint: 6800 ns, Total: 106601 ns
[1405.056s][info ][safepoint      ] Safepoint "Cleanup", Time since last: 1000125429 ns, Reaching safepoint: 116301 ns, At safepoint: 5901 ns, Total: 122202 ns
[1411.057s][info ][safepoint      ] Safepoint "Cleanup", Time since last: 6000423998 ns, Reaching safepoint: 128901 ns, At safepoint: 6400 ns, Total: 135301 ns
[1414.057s][info ][safepoint      ] Safepoint "Cleanup", Time since last: 3000293586 ns, Reaching safepoint: 134101 ns, At safepoint: 7401 ns, Total: 141502 ns
[1422.058s][info ][safepoint      ] Safepoint "Cleanup", Time since last: 8000609929 ns, Reaching safepoint: 54101 ns, At safepoint: 3900 ns, Total: 58001 ns
[1423.058s][info ][safepoint      ] Safepoint "Cleanup", Time since last: 1000130180 ns, Reaching safepoint: 134201 ns, At safepoint: 11400 ns, Total: 145601 ns
[1424.059s][info ][safepoint      ] Safepoint "Cleanup", Time since last: 1000114471 ns, Reaching safepoint: 102301 ns, At safepoint: 4500 ns, Total: 106801 ns
[1425.059s][info ][safepoint      ] Safepoint "Cleanup", Time since last: 1000109063 ns, Reaching safepoint: 33100 ns, At safepoint: 4400 ns, Total: 37500 ns
[1427.059s][info ][safepoint      ] Safepoint "Cleanup", Time since last: 2000216602 ns, Reaching safepoint: 111601 ns, At safepoint: 8200 ns, Total: 119801 ns
[1428.059s][info ][safepoint      ] Safepoint "Cleanup", Time since last: 1000121239 ns, Reaching safepoint: 63000 ns, At safepoint: 4900 ns, Total: 67900 ns
[1429.059s][info ][safepoint      ] Safepoint "Cleanup", Time since last: 1000109431 ns, Reaching safepoint: 50500 ns, At safepoint: 4500 ns, Total: 55000 ns
[1435.060s][info ][safepoint      ] Safepoint "Cleanup", Time since last: 6000445112 ns, Reaching safepoint: 116801 ns, At safepoint: 6300 ns, Total: 123101 ns
[1439.060s][info ][safepoint      ] Safepoint "Cleanup", Time since last: 4000310548 ns, Reaching safepoint: 53901 ns, At safepoint: 40200 ns, Total: 94101 ns
[1440.807s][info ][gc,start       ] GC(125) Pause Young (Allocation Failure)
[1440.822s][debug][gc,phases      ] GC(125) Scavenge 15.200ms
[1440.822s][debug][gc,ref         ] GC(125) Skipped phase 1 of Reference Processing: no references
[1440.822s][debug][gc,ref         ] GC(125) ReferenceProcessor::execute queues: 1, RefProcThreadModel::Single, marks_oops_alive: false
[1440.822s][debug][gc,ref         ] GC(125) Skipped phase 3 of Reference Processing: no references
[1440.822s][debug][gc,ref         ] GC(125) ReferenceProcessor::execute queues: 1, RefProcThreadModel::Single, marks_oops_alive: false
[1440.822s][debug][gc,phases      ] GC(125) Reference Processing 0.248ms
[1440.823s][debug][gc,phases      ] GC(125)   VM Weak                        Min:  0.0, Avg:  0.0, Max:  0.0, Diff:  0.0, Sum:  0.0, Workers: 4
[1440.823s][debug][gc,phases      ] GC(125)     Dead                           Min: 0, Avg:  0.0, Max: 0, Diff: 0, Sum: 0, Workers: 4
[1440.823s][debug][gc,phases      ] GC(125)     Total                          Min: 0, Avg: 182.5, Max: 666, Diff: 666, Sum: 730, Workers: 4
[1440.823s][debug][gc,phases      ] GC(125)   ObjectSynchronizer Weak        Min:  0.0, Avg:  0.0, Max:  0.0, Diff:  0.0, Sum:  0.0, Workers: 4
[1440.823s][debug][gc,phases      ] GC(125)     Dead                           Min: 0, Avg:  0.0, Max: 0, Diff: 0, Sum: 0, Workers: 4
[1440.823s][debug][gc,phases      ] GC(125)     Total                          Min: 0, Avg: 62.2, Max: 128, Diff: 128, Sum: 249, Workers: 4
[1440.823s][debug][gc,phases      ] GC(125)   JVMTI Tag Weak OopStorage      Min:  0.0, Avg:  0.0, Max:  0.0, Diff:  0.0, Sum:  0.0, Workers: 4
[1440.823s][debug][gc,phases      ] GC(125)     Dead                           Min: 0, Avg:  0.0, Max: 0, Diff: 0, Sum: 0, Workers: 4
[1440.823s][debug][gc,phases      ] GC(125)     Total                          Min: 0, Avg:  0.0, Max: 0, Diff: 0, Sum: 0, Workers: 4
[1440.823s][debug][gc,phases      ] GC(125)   StringTable Weak               Min:  0.2, Avg:  0.2, Max:  0.3, Diff:  0.0, Sum:  1.0, Workers: 4
[1440.823s][debug][gc,phases      ] GC(125)     Dead                           Min: 0, Avg:  0.0, Max: 0, Diff: 0, Sum: 0, Workers: 4
[1440.823s][debug][gc,phases      ] GC(125)     Total                          Min: 11648, Avg: 12126.8, Max: 13184, Diff: 1536, Sum: 48507, Workers: 4
[1440.823s][debug][gc,phases      ] GC(125)   ResolvedMethodTable Weak       Min:  0.0, Avg:  0.0, Max:  0.0, Diff:  0.0, Sum:  0.2, Workers: 4
[1440.823s][debug][gc,phases      ] GC(125)     Dead                           Min: 0, Avg:  0.0, Max: 0, Diff: 0, Sum: 0, Workers: 4
[1440.823s][debug][gc,phases      ] GC(125)     Total                          Min: 1984, Avg: 2142.0, Max: 2552, Diff: 568, Sum: 8568, Workers: 4
[1440.823s][debug][gc,phases      ] GC(125)   JNI Weak                       Min:  0.0, Avg:  0.0, Max:  0.0, Diff:  0.0, Sum:  0.0, Workers: 4
[1440.823s][debug][gc,phases      ] GC(125)     Dead                           Min: 0, Avg:  0.0, Max: 0, Diff: 0, Sum: 0, Workers: 4
[1440.823s][debug][gc,phases      ] GC(125)     Total                          Min: 0, Avg:  0.0, Max: 0, Diff: 0, Sum: 0, Workers: 4
[1440.823s][debug][gc,phases      ] GC(125)   StringDedup Table Weak         Min:  0.0, Avg:  0.0, Max:  0.0, Diff:  0.0, Sum:  0.0, Workers: 4
[1440.823s][debug][gc,phases      ] GC(125)     Dead                           Min: 0, Avg:  0.0, Max: 0, Diff: 0, Sum: 0, Workers: 4
[1440.823s][debug][gc,phases      ] GC(125)     Total                          Min: 0, Avg:  0.0, Max: 0, Diff: 0, Sum: 0, Workers: 4
[1440.823s][debug][gc,phases      ] GC(125)   StringDedup Requests0 Weak     Min:  0.0, Avg:  0.0, Max:  0.0, Diff:  0.0, Sum:  0.0, Workers: 4
[1440.823s][debug][gc,phases      ] GC(125)     Dead                           Min: 0, Avg:  0.0, Max: 0, Diff: 0, Sum: 0, Workers: 4
[1440.823s][debug][gc,phases      ] GC(125)     Total                          Min: 0, Avg:  0.0, Max: 0, Diff: 0, Sum: 0, Workers: 4
[1440.823s][debug][gc,phases      ] GC(125)   StringDedup Requests1 Weak     Min:  0.0, Avg:  0.0, Max:  0.0, Diff:  0.0, Sum:  0.0, Workers: 4
[1440.823s][debug][gc,phases      ] GC(125)     Dead                           Min: 0, Avg:  0.0, Max: 0, Diff: 0, Sum: 0, Workers: 4
[1440.823s][debug][gc,phases      ] GC(125)     Total                          Min: 0, Avg:  0.0, Max: 0, Diff: 0, Sum: 0, Workers: 4
[1440.823s][debug][gc,phases      ] GC(125)   Weak JFR Old Object Samples    Min:  0.0, Avg:  0.0, Max:  0.0, Diff:  0.0, Sum:  0.0, Workers: 4
[1440.823s][debug][gc,phases      ] GC(125)     Dead                           Min: 0, Avg:  0.0, Max: 0, Diff: 0, Sum: 0, Workers: 4
[1440.823s][debug][gc,phases      ] GC(125)     Total                          Min: 0, Avg:  0.0, Max: 0, Diff: 0, Sum: 0, Workers: 4
[1440.823s][debug][gc,phases      ] GC(125) Weak Processing 0.541ms
[1440.823s][debug][gc,age         ] GC(125) Desired survivor size 62914560 bytes, new threshold 15 (max threshold 15)
[1440.823s][info ][gc,heap        ] GC(125) PSYoungGen: 2020377K(2036224K)->45409K(2035200K) Eden: 1975296K(1975296K)->0K(1974272K) From: 45081K(60928K)->45409K(60928K)
[1440.823s][info ][gc,heap        ] GC(125) ParOldGen: 428329K(482304K)->428433K(482304K)
[1440.823s][info ][gc,metaspace   ] GC(125) Metaspace: 84675K(85632K)->84675K(85632K) NonClass: 72854K(73344K)->72854K(73344K) Class: 11820K(12288K)->11820K(12288K)
[1440.823s][info ][gc             ] GC(125) Pause Young (Allocation Failure) 2391M->462M(2458M) 16.227ms
[1440.823s][info ][gc,cpu         ] GC(125) User=0.07s Sys=0.00s Real=0.02s
[1440.823s][info ][safepoint      ] Safepoint "ParallelGCFailedAllocation", Time since last: 1746129285 ns, Reaching safepoint: 31001 ns, At safepoint: 16340634 ns, Total: 16371635 ns
[1444.823s][info ][safepoint      ] Safepoint "Cleanup", Time since last: 4000262665 ns, Reaching safepoint: 55901 ns, At safepoint: 13500 ns, Total: 69401 ns
[1453.824s][info ][safepoint      ] Safepoint "Cleanup", Time since last: 9000578988 ns, Reaching safepoint: 40500 ns, At safepoint: 3000 ns, Total: 43500 ns
[1454.824s][info ][safepoint      ] Safepoint "Cleanup", Time since last: 1000106027 ns, Reaching safepoint: 32801 ns, At safepoint: 3800 ns, Total: 36601 ns
[1459.824s][info ][safepoint      ] Safepoint "Cleanup", Time since last: 5000363018 ns, Reaching safepoint: 48400 ns, At safepoint: 9200 ns, Total: 57600 ns
[1470.825s][info ][safepoint      ] Safepoint "Cleanup", Time since last: 11000627271 ns, Reaching safepoint: 45301 ns, At safepoint: 8600 ns, Total: 53901 ns
[1479.826s][info ][safepoint      ] Safepoint "Cleanup", Time since last: 9000607514 ns, Reaching safepoint: 45300 ns, At safepoint: 7000 ns, Total: 52300 ns
[1487.826s][info ][safepoint      ] Safepoint "Cleanup", Time since last: 8000528547 ns, Reaching safepoint: 47000 ns, At safepoint: 8000 ns, Total: 55000 ns
[1491.827s][info ][safepoint      ] Safepoint "Cleanup", Time since last: 4000299450 ns, Reaching safepoint: 44601 ns, At safepoint: 8100 ns, Total: 52701 ns
[1493.827s][info ][safepoint      ] Safepoint "Cleanup", Time since last: 2000169382 ns, Reaching safepoint: 41100 ns, At safepoint: 2600 ns, Total: 43700 ns
[1495.827s][info ][safepoint      ] Safepoint "Cleanup", Time since last: 2000146454 ns, Reaching safepoint: 71900 ns, At safepoint: 62301 ns, Total: 134201 ns
[1496.306s][info ][gc,start       ] GC(126) Pause Young (Allocation Failure)
[1496.320s][debug][gc,phases      ] GC(126) Scavenge 14.268ms
[1496.320s][debug][gc,ref         ] GC(126) Skipped phase 1 of Reference Processing: no references
[1496.320s][debug][gc,ref         ] GC(126) ReferenceProcessor::execute queues: 1, RefProcThreadModel::Single, marks_oops_alive: false
[1496.320s][debug][gc,ref         ] GC(126) Skipped phase 3 of Reference Processing: no references
[1496.320s][debug][gc,ref         ] GC(126) ReferenceProcessor::execute queues: 1, RefProcThreadModel::Single, marks_oops_alive: false
[1496.320s][debug][gc,phases      ] GC(126) Reference Processing 0.133ms
[1496.320s][debug][gc,phases      ] GC(126)   VM Weak                        Min:  0.0, Avg:  0.0, Max:  0.0, Diff:  0.0, Sum:  0.0, Workers: 4
[1496.320s][debug][gc,phases      ] GC(126)     Dead                           Min: 0, Avg:  0.0, Max: 0, Diff: 0, Sum: 0, Workers: 4
[1496.320s][debug][gc,phases      ] GC(126)     Total                          Min: 0, Avg: 182.5, Max: 512, Diff: 512, Sum: 730, Workers: 4
[1496.320s][debug][gc,phases      ] GC(126)   ObjectSynchronizer Weak        Min:  0.0, Avg:  0.0, Max:  0.0, Diff:  0.0, Sum:  0.0, Workers: 4
[1496.320s][debug][gc,phases      ] GC(126)     Dead                           Min: 0, Avg:  0.0, Max: 0, Diff: 0, Sum: 0, Workers: 4
[1496.320s][debug][gc,phases      ] GC(126)     Total                          Min: 0, Avg: 62.2, Max: 128, Diff: 128, Sum: 249, Workers: 4
[1496.320s][debug][gc,phases      ] GC(126)   JVMTI Tag Weak OopStorage      Min:  0.0, Avg:  0.0, Max:  0.0, Diff:  0.0, Sum:  0.0, Workers: 4
[1496.320s][debug][gc,phases      ] GC(126)     Dead                           Min: 0, Avg:  0.0, Max: 0, Diff: 0, Sum: 0, Workers: 4
[1496.320s][debug][gc,phases      ] GC(126)     Total                          Min: 0, Avg:  0.0, Max: 0, Diff: 0, Sum: 0, Workers: 4
[1496.321s][debug][gc,phases      ] GC(126)   StringTable Weak               Min:  0.1, Avg:  0.1, Max:  0.1, Diff:  0.0, Sum:  0.5, Workers: 4
[1496.321s][debug][gc,phases      ] GC(126)     Dead                           Min: 0, Avg:  0.0, Max: 0, Diff: 0, Sum: 0, Workers: 4
[1496.321s][debug][gc,phases      ] GC(126)     Total                          Min: 11328, Avg: 12126.8, Max: 13179, Diff: 1851, Sum: 48507, Workers: 4
[1496.321s][debug][gc,phases      ] GC(126)   ResolvedMethodTable Weak       Min:  0.0, Avg:  0.0, Max:  0.0, Diff:  0.0, Sum:  0.1, Workers: 4
[1496.321s][debug][gc,phases      ] GC(126)     Dead                           Min: 0, Avg:  0.0, Max: 0, Diff: 0, Sum: 0, Workers: 4
[1496.321s][debug][gc,phases      ] GC(126)     Total                          Min: 1984, Avg: 2142.0, Max: 2368, Diff: 384, Sum: 8568, Workers: 4
[1496.321s][debug][gc,phases      ] GC(126)   JNI Weak                       Min:  0.0, Avg:  0.0, Max:  0.0, Diff:  0.0, Sum:  0.0, Workers: 4
[1496.321s][debug][gc,phases      ] GC(126)     Dead                           Min: 0, Avg:  0.0, Max: 0, Diff: 0, Sum: 0, Workers: 4
[1496.321s][debug][gc,phases      ] GC(126)     Total                          Min: 0, Avg:  0.0, Max: 0, Diff: 0, Sum: 0, Workers: 4
[1496.321s][debug][gc,phases      ] GC(126)   StringDedup Table Weak         Min:  0.0, Avg:  0.0, Max:  0.0, Diff:  0.0, Sum:  0.0, Workers: 4
[1496.321s][debug][gc,phases      ] GC(126)     Dead                           Min: 0, Avg:  0.0, Max: 0, Diff: 0, Sum: 0, Workers: 4
[1496.321s][debug][gc,phases      ] GC(126)     Total                          Min: 0, Avg:  0.0, Max: 0, Diff: 0, Sum: 0, Workers: 4
[1496.321s][debug][gc,phases      ] GC(126)   StringDedup Requests0 Weak     Min:  0.0, Avg:  0.0, Max:  0.0, Diff:  0.0, Sum:  0.0, Workers: 4
[1496.321s][debug][gc,phases      ] GC(126)     Dead                           Min: 0, Avg:  0.0, Max: 0, Diff: 0, Sum: 0, Workers: 4
[1496.321s][debug][gc,phases      ] GC(126)     Total                          Min: 0, Avg:  0.0, Max: 0, Diff: 0, Sum: 0, Workers: 4
[1496.321s][debug][gc,phases      ] GC(126)   StringDedup Requests1 Weak     Min:  0.0, Avg:  0.0, Max:  0.0, Diff:  0.0, Sum:  0.0, Workers: 4
[1496.321s][debug][gc,phases      ] GC(126)     Dead                           Min: 0, Avg:  0.0, Max: 0, Diff: 0, Sum: 0, Workers: 4
[1496.321s][debug][gc,phases      ] GC(126)     Total                          Min: 0, Avg:  0.0, Max: 0, Diff: 0, Sum: 0, Workers: 4
[1496.321s][debug][gc,phases      ] GC(126)   Weak JFR Old Object Samples    Min:  0.0, Avg:  0.0, Max:  0.0, Diff:  0.0, Sum:  0.0, Workers: 4
[1496.321s][debug][gc,phases      ] GC(126)     Dead                           Min: 0, Avg:  0.0, Max: 0, Diff: 0, Sum: 0, Workers: 4
[1496.321s][debug][gc,phases      ] GC(126)     Total                          Min: 0, Avg:  0.0, Max: 0, Diff: 0, Sum: 0, Workers: 4
[1496.321s][debug][gc,phases      ] GC(126) Weak Processing 0.359ms
[1496.321s][debug][gc,age         ] GC(126) Desired survivor size 62914560 bytes, new threshold 15 (max threshold 15)
[1496.321s][info ][gc,heap        ] GC(126) PSYoungGen: 2019681K(2035200K)->45539K(2035712K) Eden: 1974272K(1974272K)->0K(1974272K) From: 45409K(60928K)->45539K(61440K)
[1496.321s][info ][gc,heap        ] GC(126) ParOldGen: 428433K(482304K)->428505K(482304K)
[1496.321s][info ][gc,metaspace   ] GC(126) Metaspace: 84686K(85632K)->84686K(85632K) NonClass: 72866K(73344K)->72866K(73344K) Class: 11820K(12288K)->11820K(12288K)
[1496.321s][info ][gc             ] GC(126) Pause Young (Allocation Failure) 2390M->462M(2459M) 14.902ms
[1496.321s][info ][gc,cpu         ] GC(126) User=0.05s Sys=0.00s Real=0.01s
[1496.321s][info ][safepoint      ] Safepoint "ParallelGCFailedAllocation", Time since last: 478501241 ns, Reaching safepoint: 30600 ns, At safepoint: 14980917 ns, Total: 15011517 ns
[1498.321s][info ][safepoint      ] Safepoint "Cleanup", Time since last: 2000144518 ns, Reaching safepoint: 44101 ns, At safepoint: 3800 ns, Total: 47901 ns
[1499.321s][info ][safepoint      ] Safepoint "Cleanup", Time since last: 1000085998 ns, Reaching safepoint: 45701 ns, At safepoint: 3100 ns, Total: 48801 ns
[1501.321s][info ][safepoint      ] Safepoint "Cleanup", Time since last: 2000171076 ns, Reaching safepoint: 44500 ns, At safepoint: 8900 ns, Total: 53400 ns
[1502.321s][info ][safepoint      ] Safepoint "Cleanup", Time since last: 1000091777 ns, Reaching safepoint: 67001 ns, At safepoint: 6000 ns, Total: 73001 ns
[1508.322s][info ][safepoint      ] Safepoint "Cleanup", Time since last: 6000378416 ns, Reaching safepoint: 56801 ns, At safepoint: 9000 ns, Total: 65801 ns
[1512.322s][info ][safepoint      ] Safepoint "Cleanup", Time since last: 4000259072 ns, Reaching safepoint: 49901 ns, At safepoint: 11100 ns, Total: 61001 ns
[1513.322s][info ][safepoint      ] Safepoint "Cleanup", Time since last: 1000107101 ns, Reaching safepoint: 52900 ns, At safepoint: 4200 ns, Total: 57100 ns
[1527.323s][info ][safepoint      ] Safepoint "Cleanup", Time since last: 14000998798 ns, Reaching safepoint: 42200 ns, At safepoint: 3200 ns, Total: 45400 ns
[1530.324s][info ][safepoint      ] Safepoint "Cleanup", Time since last: 3000236078 ns, Reaching safepoint: 51601 ns, At safepoint: 9500 ns, Total: 61101 ns
[1533.324s][info ][safepoint      ] Safepoint "Cleanup", Time since last: 3000215818 ns, Reaching safepoint: 55701 ns, At safepoint: 6000 ns, Total: 61701 ns
[1538.324s][info ][safepoint      ] Safepoint "Cleanup", Time since last: 5000301731 ns, Reaching safepoint: 50600 ns, At safepoint: 3800 ns, Total: 54400 ns
[1542.325s][info ][safepoint      ] Safepoint "Cleanup", Time since last: 4000242668 ns, Reaching safepoint: 67200 ns, At safepoint: 4800 ns, Total: 72000 ns
[1543.325s][info ][safepoint      ] Safepoint "Cleanup", Time since last: 1000132801 ns, Reaching safepoint: 48701 ns, At safepoint: 3200 ns, Total: 51901 ns
[1544.325s][info ][safepoint      ] Safepoint "Cleanup", Time since last: 1000097094 ns, Reaching safepoint: 37400 ns, At safepoint: 3701 ns, Total: 41101 ns
[1547.325s][info ][safepoint      ] Safepoint "Cleanup", Time since last: 3000247944 ns, Reaching safepoint: 59000 ns, At safepoint: 3300 ns, Total: 62300 ns
[1548.325s][info ][safepoint      ] Safepoint "Cleanup", Time since last: 1000116669 ns, Reaching safepoint: 52900 ns, At safepoint: 3300 ns, Total: 56200 ns
[1554.326s][info ][safepoint      ] Safepoint "Cleanup", Time since last: 6000369376 ns, Reaching safepoint: 47301 ns, At safepoint: 3400 ns, Total: 50701 ns
[1555.326s][info ][safepoint      ] Safepoint "Cleanup", Time since last: 1000111324 ns, Reaching safepoint: 52000 ns, At safepoint: 12200 ns, Total: 64200 ns
[1555.353s][info ][gc,start       ] GC(127) Pause Young (Allocation Failure)
[1555.366s][debug][gc,phases      ] GC(127) Scavenge 13.532ms
[1555.366s][debug][gc,ref         ] GC(127) Skipped phase 1 of Reference Processing: no references
[1555.366s][debug][gc,ref         ] GC(127) ReferenceProcessor::execute queues: 1, RefProcThreadModel::Single, marks_oops_alive: false
[1555.366s][debug][gc,ref         ] GC(127) Skipped phase 3 of Reference Processing: no references
[1555.366s][debug][gc,ref         ] GC(127) ReferenceProcessor::execute queues: 1, RefProcThreadModel::Single, marks_oops_alive: false
[1555.366s][debug][gc,phases      ] GC(127) Reference Processing 0.153ms
[1555.367s][debug][gc,phases      ] GC(127)   VM Weak                        Min:  0.0, Avg:  0.0, Max:  0.0, Diff:  0.0, Sum:  0.0, Workers: 4
[1555.367s][debug][gc,phases      ] GC(127)     Dead                           Min: 0, Avg:  0.0, Max: 0, Diff: 0, Sum: 0, Workers: 4
[1555.367s][debug][gc,phases      ] GC(127)     Total                          Min: 0, Avg: 182.5, Max: 448, Diff: 448, Sum: 730, Workers: 4
[1555.367s][debug][gc,phases      ] GC(127)   ObjectSynchronizer Weak        Min:  0.0, Avg:  0.0, Max:  0.0, Diff:  0.0, Sum:  0.0, Workers: 4
[1555.367s][debug][gc,phases      ] GC(127)     Dead                           Min: 0, Avg:  0.0, Max: 0, Diff: 0, Sum: 0, Workers: 4
[1555.367s][debug][gc,phases      ] GC(127)     Total                          Min: 0, Avg: 62.2, Max: 128, Diff: 128, Sum: 249, Workers: 4
[1555.367s][debug][gc,phases      ] GC(127)   JVMTI Tag Weak OopStorage      Min:  0.0, Avg:  0.0, Max:  0.0, Diff:  0.0, Sum:  0.0, Workers: 4
[1555.367s][debug][gc,phases      ] GC(127)     Dead                           Min: 0, Avg:  0.0, Max: 0, Diff: 0, Sum: 0, Workers: 4
[1555.367s][debug][gc,phases      ] GC(127)     Total                          Min: 0, Avg:  0.0, Max: 0, Diff: 0, Sum: 0, Workers: 4
[1555.367s][debug][gc,phases      ] GC(127)   StringTable Weak               Min:  0.1, Avg:  0.1, Max:  0.1, Diff:  0.0, Sum:  0.5, Workers: 4
[1555.367s][debug][gc,phases      ] GC(127)     Dead                           Min: 0, Avg:  0.0, Max: 0, Diff: 0, Sum: 0, Workers: 4
[1555.367s][debug][gc,phases      ] GC(127)     Total                          Min: 11392, Avg: 12129.2, Max: 13125, Diff: 1733, Sum: 48517, Workers: 4
[1555.367s][debug][gc,phases      ] GC(127)   ResolvedMethodTable Weak       Min:  0.0, Avg:  0.0, Max:  0.0, Diff:  0.0, Sum:  0.1, Workers: 4
[1555.367s][debug][gc,phases      ] GC(127)     Dead                           Min: 0, Avg:  0.0, Max: 0, Diff: 0, Sum: 0, Workers: 4
[1555.367s][debug][gc,phases      ] GC(127)     Total                          Min: 1920, Avg: 2142.5, Max: 2426, Diff: 506, Sum: 8570, Workers: 4
[1555.367s][debug][gc,phases      ] GC(127)   JNI Weak                       Min:  0.0, Avg:  0.0, Max:  0.0, Diff:  0.0, Sum:  0.0, Workers: 4
[1555.367s][debug][gc,phases      ] GC(127)     Dead                           Min: 0, Avg:  0.0, Max: 0, Diff: 0, Sum: 0, Workers: 4
[1555.367s][debug][gc,phases      ] GC(127)     Total                          Min: 0, Avg:  0.0, Max: 0, Diff: 0, Sum: 0, Workers: 4
[1555.367s][debug][gc,phases      ] GC(127)   StringDedup Table Weak         Min:  0.0, Avg:  0.0, Max:  0.0, Diff:  0.0, Sum:  0.0, Workers: 4
[1555.367s][debug][gc,phases      ] GC(127)     Dead                           Min: 0, Avg:  0.0, Max: 0, Diff: 0, Sum: 0, Workers: 4
[1555.367s][debug][gc,phases      ] GC(127)     Total                          Min: 0, Avg:  0.0, Max: 0, Diff: 0, Sum: 0, Workers: 4
[1555.367s][debug][gc,phases      ] GC(127)   StringDedup Requests0 Weak     Min:  0.0, Avg:  0.0, Max:  0.0, Diff:  0.0, Sum:  0.0, Workers: 4
[1555.367s][debug][gc,phases      ] GC(127)     Dead                           Min: 0, Avg:  0.0, Max: 0, Diff: 0, Sum: 0, Workers: 4
[1555.367s][debug][gc,phases      ] GC(127)     Total                          Min: 0, Avg:  0.0, Max: 0, Diff: 0, Sum: 0, Workers: 4
[1555.367s][debug][gc,phases      ] GC(127)   StringDedup Requests1 Weak     Min:  0.0, Avg:  0.0, Max:  0.0, Diff:  0.0, Sum:  0.0, Workers: 4
[1555.367s][debug][gc,phases      ] GC(127)     Dead                           Min: 0, Avg:  0.0, Max: 0, Diff: 0, Sum: 0, Workers: 4
[1555.367s][debug][gc,phases      ] GC(127)     Total                          Min: 0, Avg:  0.0, Max: 0, Diff: 0, Sum: 0, Workers: 4
[1555.367s][debug][gc,phases      ] GC(127)   Weak JFR Old Object Samples    Min:  0.0, Avg:  0.0, Max:  0.0, Diff:  0.0, Sum:  0.0, Workers: 4
[1555.367s][debug][gc,phases      ] GC(127)     Dead                           Min: 0, Avg:  0.0, Max: 0, Diff: 0, Sum: 0, Workers: 4
[1555.367s][debug][gc,phases      ] GC(127)     Total                          Min: 0, Avg:  0.0, Max: 0, Diff: 0, Sum: 0, Workers: 4
[1555.367s][debug][gc,phases      ] GC(127) Weak Processing 0.346ms
[1555.367s][debug][gc,age         ] GC(127) Desired survivor size 62914560 bytes, new threshold 15 (max threshold 15)
[1555.367s][info ][gc,heap        ] GC(127) PSYoungGen: 2019811K(2035712K)->45585K(2035712K) Eden: 1974272K(1974272K)->0K(1974272K) From: 45539K(61440K)->45585K(61440K)
[1555.367s][info ][gc,heap        ] GC(127) ParOldGen: 428505K(482304K)->428605K(482304K)
[1555.367s][info ][gc,metaspace   ] GC(127) Metaspace: 84699K(85632K)->84699K(85632K) NonClass: 72877K(73344K)->72877K(73344K) Class: 11821K(12288K)->11821K(12288K)
[1555.367s][info ][gc             ] GC(127) Pause Young (Allocation Failure) 2390M->463M(2459M) 14.171ms
[1555.367s][info ][gc,cpu         ] GC(127) User=0.06s Sys=0.00s Real=0.01s
[1555.367s][info ][safepoint      ] Safepoint "ParallelGCFailedAllocation", Time since last: 26507197 ns, Reaching safepoint: 111201 ns, At safepoint: 14258406 ns, Total: 14369607 ns
[1556.367s][info ][safepoint      ] Safepoint "Cleanup", Time since last: 1000083117 ns, Reaching safepoint: 44300 ns, At safepoint: 2900 ns, Total: 47200 ns
[1561.367s][info ][safepoint      ] Safepoint "Cleanup", Time since last: 5000330192 ns, Reaching safepoint: 50900 ns, At safepoint: 4400 ns, Total: 55300 ns
[1564.368s][info ][safepoint      ] Safepoint "Cleanup", Time since last: 3000233720 ns, Reaching safepoint: 50901 ns, At safepoint: 5700 ns, Total: 56601 ns
[1570.368s][info ][safepoint      ] Safepoint "Cleanup", Time since last: 6000360872 ns, Reaching safepoint: 114601 ns, At safepoint: 8300 ns, Total: 122901 ns
[1572.368s][info ][safepoint      ] Safepoint "Cleanup", Time since last: 2000173142 ns, Reaching safepoint: 58400 ns, At safepoint: 7700 ns, Total: 66100 ns
[1573.369s][info ][safepoint      ] Safepoint "Cleanup", Time since last: 1000086312 ns, Reaching safepoint: 55500 ns, At safepoint: 9000 ns, Total: 64500 ns
[1584.369s][info ][safepoint      ] Safepoint "Cleanup", Time since last: 11000678727 ns, Reaching safepoint: 53201 ns, At safepoint: 8500 ns, Total: 61701 ns
[1590.370s][info ][safepoint      ] Safepoint "Cleanup", Time since last: 6000446246 ns, Reaching safepoint: 48000 ns, At safepoint: 7300 ns, Total: 55300 ns
[1605.371s][info ][safepoint      ] Safepoint "Cleanup", Time since last: 15001008940 ns, Reaching safepoint: 44400 ns, At safepoint: 16700 ns, Total: 61100 ns
[1606.371s][info ][safepoint      ] Safepoint "Cleanup", Time since last: 1000103617 ns, Reaching safepoint: 45400 ns, At safepoint: 5900 ns, Total: 51300 ns
[1612.371s][info ][safepoint      ] Safepoint "Cleanup", Time since last: 6000374578 ns, Reaching safepoint: 54300 ns, At safepoint: 9200 ns, Total: 63500 ns
[1616.372s][info ][safepoint      ] Safepoint "Cleanup", Time since last: 4000270773 ns, Reaching safepoint: 50500 ns, At safepoint: 9000 ns, Total: 59500 ns
[1616.591s][info ][gc,start       ] GC(128) Pause Young (Allocation Failure)
[1616.606s][debug][gc,phases      ] GC(128) Scavenge 14.816ms
[1616.606s][debug][gc,ref         ] GC(128) Skipped phase 1 of Reference Processing: no references
[1616.606s][debug][gc,ref         ] GC(128) ReferenceProcessor::execute queues: 1, RefProcThreadModel::Single, marks_oops_alive: false
[1616.606s][debug][gc,ref         ] GC(128) Skipped phase 3 of Reference Processing: no references
[1616.606s][debug][gc,ref         ] GC(128) ReferenceProcessor::execute queues: 1, RefProcThreadModel::Single, marks_oops_alive: false
[1616.606s][debug][gc,phases      ] GC(128) Reference Processing 0.160ms
[1616.607s][debug][gc,phases      ] GC(128)   VM Weak                        Min:  0.0, Avg:  0.0, Max:  0.0, Diff:  0.0, Sum:  0.0, Workers: 4
[1616.607s][debug][gc,phases      ] GC(128)     Dead                           Min: 0, Avg:  0.0, Max: 0, Diff: 0, Sum: 0, Workers: 4
[1616.607s][debug][gc,phases      ] GC(128)     Total                          Min: 0, Avg: 182.5, Max: 538, Diff: 538, Sum: 730, Workers: 4
[1616.607s][debug][gc,phases      ] GC(128)   ObjectSynchronizer Weak        Min:  0.0, Avg:  0.0, Max:  0.0, Diff:  0.0, Sum:  0.0, Workers: 4
[1616.607s][debug][gc,phases      ] GC(128)     Dead                           Min: 0, Avg:  0.0, Max: 0, Diff: 0, Sum: 0, Workers: 4
[1616.607s][debug][gc,phases      ] GC(128)     Total                          Min: 0, Avg: 62.2, Max: 185, Diff: 185, Sum: 249, Workers: 4
[1616.607s][debug][gc,phases      ] GC(128)   JVMTI Tag Weak OopStorage      Min:  0.0, Avg:  0.0, Max:  0.0, Diff:  0.0, Sum:  0.0, Workers: 4
[1616.607s][debug][gc,phases      ] GC(128)     Dead                           Min: 0, Avg:  0.0, Max: 0, Diff: 0, Sum: 0, Workers: 4
[1616.607s][debug][gc,phases      ] GC(128)     Total                          Min: 0, Avg:  0.0, Max: 0, Diff: 0, Sum: 0, Workers: 4
[1616.607s][debug][gc,phases      ] GC(128)   StringTable Weak               Min:  0.1, Avg:  0.1, Max:  0.1, Diff:  0.0, Sum:  0.5, Workers: 4
[1616.607s][debug][gc,phases      ] GC(128)     Dead                           Min: 0, Avg:  0.0, Max: 0, Diff: 0, Sum: 0, Workers: 4
[1616.607s][debug][gc,phases      ] GC(128)     Total                          Min: 11712, Avg: 12129.2, Max: 12544, Diff: 832, Sum: 48517, Workers: 4
[1616.607s][debug][gc,phases      ] GC(128)   ResolvedMethodTable Weak       Min:  0.0, Avg:  0.0, Max:  0.0, Diff:  0.0, Sum:  0.1, Workers: 4
[1616.607s][debug][gc,phases      ] GC(128)     Dead                           Min: 0, Avg:  0.0, Max: 0, Diff: 0, Sum: 0, Workers: 4
[1616.607s][debug][gc,phases      ] GC(128)     Total                          Min: 1856, Avg: 2142.5, Max: 2496, Diff: 640, Sum: 8570, Workers: 4
[1616.607s][debug][gc,phases      ] GC(128)   JNI Weak                       Min:  0.0, Avg:  0.0, Max:  0.0, Diff:  0.0, Sum:  0.0, Workers: 4
[1616.607s][debug][gc,phases      ] GC(128)     Dead                           Min: 0, Avg:  0.0, Max: 0, Diff: 0, Sum: 0, Workers: 4
[1616.607s][debug][gc,phases      ] GC(128)     Total                          Min: 0, Avg:  0.0, Max: 0, Diff: 0, Sum: 0, Workers: 4
[1616.607s][debug][gc,phases      ] GC(128)   StringDedup Table Weak         Min:  0.0, Avg:  0.0, Max:  0.0, Diff:  0.0, Sum:  0.0, Workers: 4
[1616.607s][debug][gc,phases      ] GC(128)     Dead                           Min: 0, Avg:  0.0, Max: 0, Diff: 0, Sum: 0, Workers: 4
[1616.607s][debug][gc,phases      ] GC(128)     Total                          Min: 0, Avg:  0.0, Max: 0, Diff: 0, Sum: 0, Workers: 4
[1616.607s][debug][gc,phases      ] GC(128)   StringDedup Requests0 Weak     Min:  0.0, Avg:  0.0, Max:  0.0, Diff:  0.0, Sum:  0.0, Workers: 4
[1616.607s][debug][gc,phases      ] GC(128)     Dead                           Min: 0, Avg:  0.0, Max: 0, Diff: 0, Sum: 0, Workers: 4
[1616.607s][debug][gc,phases      ] GC(128)     Total                          Min: 0, Avg:  0.0, Max: 0, Diff: 0, Sum: 0, Workers: 4
[1616.607s][debug][gc,phases      ] GC(128)   StringDedup Requests1 Weak     Min:  0.0, Avg:  0.0, Max:  0.0, Diff:  0.0, Sum:  0.0, Workers: 4
[1616.607s][debug][gc,phases      ] GC(128)     Dead                           Min: 0, Avg:  0.0, Max: 0, Diff: 0, Sum: 0, Workers: 4
[1616.607s][debug][gc,phases      ] GC(128)     Total                          Min: 0, Avg:  0.0, Max: 0, Diff: 0, Sum: 0, Workers: 4
[1616.607s][debug][gc,phases      ] GC(128)   Weak JFR Old Object Samples    Min:  0.0, Avg:  0.0, Max:  0.0, Diff:  0.0, Sum:  0.0, Workers: 4
[1616.607s][debug][gc,phases      ] GC(128)     Dead                           Min: 0, Avg:  0.0, Max: 0, Diff: 0, Sum: 0, Workers: 4
[1616.607s][debug][gc,phases      ] GC(128)     Total                          Min: 0, Avg:  0.0, Max: 0, Diff: 0, Sum: 0, Workers: 4
[1616.607s][debug][gc,phases      ] GC(128) Weak Processing 0.358ms
[1616.607s][debug][gc,age         ] GC(128) Desired survivor size 61865984 bytes, new threshold 15 (max threshold 15)
[1616.607s][info ][gc,heap        ] GC(128) PSYoungGen: 2019857K(2035712K)->44473K(2035712K) Eden: 1974272K(1974272K)->0K(1974272K) From: 45585K(61440K)->44473K(61440K)
[1616.607s][info ][gc,heap        ] GC(128) ParOldGen: 428605K(482304K)->429213K(482304K)
[1616.607s][info ][gc,metaspace   ] GC(128) Metaspace: 84703K(85632K)->84703K(85632K) NonClass: 72882K(73344K)->72882K(73344K) Class: 11821K(12288K)->11821K(12288K)
[1616.607s][info ][gc             ] GC(128) Pause Young (Allocation Failure) 2391M->462M(2459M) 15.492ms
[1616.607s][info ][gc,cpu         ] GC(128) User=0.06s Sys=0.00s Real=0.01s
[1616.607s][info ][safepoint      ] Safepoint "ParallelGCFailedAllocation", Time since last: 219515349 ns, Reaching safepoint: 39100 ns, At safepoint: 15573110 ns, Total: 15612210 ns
[1618.607s][info ][safepoint      ] Safepoint "Cleanup", Time since last: 2000149800 ns, Reaching safepoint: 115800 ns, At safepoint: 7000 ns, Total: 122800 ns
[1623.608s][info ][safepoint      ] Safepoint "Cleanup", Time since last: 5000382353 ns, Reaching safepoint: 135701 ns, At safepoint: 11200 ns, Total: 146901 ns
[1630.608s][info ][safepoint      ] Safepoint "Cleanup", Time since last: 7000519380 ns, Reaching safepoint: 123601 ns, At safepoint: 8400 ns, Total: 132001 ns
[1631.609s][info ][safepoint      ] Safepoint "Cleanup", Time since last: 1000130476 ns, Reaching safepoint: 112501 ns, At safepoint: 8300 ns, Total: 120801 ns
[1643.610s][info ][safepoint      ] Safepoint "Cleanup", Time since last: 12000931683 ns, Reaching safepoint: 124900 ns, At safepoint: 36601 ns, Total: 161501 ns
[1648.610s][info ][safepoint      ] Safepoint "Cleanup", Time since last: 5000366473 ns, Reaching safepoint: 49601 ns, At safepoint: 3900 ns, Total: 53501 ns
[1651.611s][info ][safepoint      ] Safepoint "Cleanup", Time since last: 3000241621 ns, Reaching safepoint: 121801 ns, At safepoint: 11200 ns, Total: 133001 ns
[1669.612s][info ][safepoint      ] Safepoint "Cleanup", Time since last: 18001227744 ns, Reaching safepoint: 62701 ns, At safepoint: 11400 ns, Total: 74101 ns
[1674.659s][info ][gc,start       ] GC(129) Pause Young (Allocation Failure)
[1674.673s][debug][gc,phases      ] GC(129) Scavenge 14.806ms
[1674.673s][debug][gc,ref         ] GC(129) Skipped phase 1 of Reference Processing: no references
[1674.674s][debug][gc,ref         ] GC(129) ReferenceProcessor::execute queues: 1, RefProcThreadModel::Single, marks_oops_alive: false
[1674.674s][debug][gc,ref         ] GC(129) Skipped phase 3 of Reference Processing: no references
[1674.674s][debug][gc,ref         ] GC(129) ReferenceProcessor::execute queues: 1, RefProcThreadModel::Single, marks_oops_alive: false
[1674.674s][debug][gc,phases      ] GC(129) Reference Processing 0.198ms
[1674.674s][debug][gc,phases      ] GC(129)   VM Weak                        Min:  0.0, Avg:  0.0, Max:  0.0, Diff:  0.0, Sum:  0.0, Workers: 4
[1674.674s][debug][gc,phases      ] GC(129)     Dead                           Min: 0, Avg:  0.0, Max: 0, Diff: 0, Sum: 0, Workers: 4
[1674.674s][debug][gc,phases      ] GC(129)     Total                          Min: 0, Avg: 182.5, Max: 640, Diff: 640, Sum: 730, Workers: 4
[1674.674s][debug][gc,phases      ] GC(129)   ObjectSynchronizer Weak        Min:  0.0, Avg:  0.0, Max:  0.0, Diff:  0.0, Sum:  0.0, Workers: 4
[1674.674s][debug][gc,phases      ] GC(129)     Dead                           Min: 0, Avg:  0.0, Max: 0, Diff: 0, Sum: 0, Workers: 4
[1674.674s][debug][gc,phases      ] GC(129)     Total                          Min: 0, Avg: 62.2, Max: 128, Diff: 128, Sum: 249, Workers: 4
[1674.674s][debug][gc,phases      ] GC(129)   JVMTI Tag Weak OopStorage      Min:  0.0, Avg:  0.0, Max:  0.0, Diff:  0.0, Sum:  0.0, Workers: 4
[1674.674s][debug][gc,phases      ] GC(129)     Dead                           Min: 0, Avg:  0.0, Max: 0, Diff: 0, Sum: 0, Workers: 4
[1674.674s][debug][gc,phases      ] GC(129)     Total                          Min: 0, Avg:  0.0, Max: 0, Diff: 0, Sum: 0, Workers: 4
[1674.674s][debug][gc,phases      ] GC(129)   StringTable Weak               Min:  0.1, Avg:  0.1, Max:  0.1, Diff:  0.0, Sum:  0.6, Workers: 4
[1674.674s][debug][gc,phases      ] GC(129)     Dead                           Min: 0, Avg:  0.0, Max: 0, Diff: 0, Sum: 0, Workers: 4
[1674.674s][debug][gc,phases      ] GC(129)     Total                          Min: 10432, Avg: 12129.5, Max: 13190, Diff: 2758, Sum: 48518, Workers: 4
[1674.674s][debug][gc,phases      ] GC(129)   ResolvedMethodTable Weak       Min:  0.0, Avg:  0.0, Max:  0.0, Diff:  0.0, Sum:  0.1, Workers: 4
[1674.674s][debug][gc,phases      ] GC(129)     Dead                           Min: 0, Avg:  0.0, Max: 0, Diff: 0, Sum: 0, Workers: 4
[1674.674s][debug][gc,phases      ] GC(129)     Total                          Min: 1728, Avg: 2142.5, Max: 2426, Diff: 698, Sum: 8570, Workers: 4
[1674.674s][debug][gc,phases      ] GC(129)   JNI Weak                       Min:  0.0, Avg:  0.0, Max:  0.0, Diff:  0.0, Sum:  0.0, Workers: 4
[1674.674s][debug][gc,phases      ] GC(129)     Dead                           Min: 0, Avg:  0.0, Max: 0, Diff: 0, Sum: 0, Workers: 4
[1674.674s][debug][gc,phases      ] GC(129)     Total                          Min: 0, Avg:  0.0, Max: 0, Diff: 0, Sum: 0, Workers: 4
[1674.674s][debug][gc,phases      ] GC(129)   StringDedup Table Weak         Min:  0.0, Avg:  0.0, Max:  0.0, Diff:  0.0, Sum:  0.0, Workers: 4
[1674.674s][debug][gc,phases      ] GC(129)     Dead                           Min: 0, Avg:  0.0, Max: 0, Diff: 0, Sum: 0, Workers: 4
[1674.674s][debug][gc,phases      ] GC(129)     Total                          Min: 0, Avg:  0.0, Max: 0, Diff: 0, Sum: 0, Workers: 4
[1674.674s][debug][gc,phases      ] GC(129)   StringDedup Requests0 Weak     Min:  0.0, Avg:  0.0, Max:  0.0, Diff:  0.0, Sum:  0.0, Workers: 4
[1674.674s][debug][gc,phases      ] GC(129)     Dead                           Min: 0, Avg:  0.0, Max: 0, Diff: 0, Sum: 0, Workers: 4
[1674.674s][debug][gc,phases      ] GC(129)     Total                          Min: 0, Avg:  0.0, Max: 0, Diff: 0, Sum: 0, Workers: 4
[1674.674s][debug][gc,phases      ] GC(129)   StringDedup Requests1 Weak     Min:  0.0, Avg:  0.0, Max:  0.0, Diff:  0.0, Sum:  0.0, Workers: 4
[1674.674s][debug][gc,phases      ] GC(129)     Dead                           Min: 0, Avg:  0.0, Max: 0, Diff: 0, Sum: 0, Workers: 4
[1674.674s][debug][gc,phases      ] GC(129)     Total                          Min: 0, Avg:  0.0, Max: 0, Diff: 0, Sum: 0, Workers: 4
[1674.674s][debug][gc,phases      ] GC(129)   Weak JFR Old Object Samples    Min:  0.0, Avg:  0.0, Max:  0.0, Diff:  0.0, Sum:  0.0, Workers: 4
[1674.674s][debug][gc,phases      ] GC(129)     Dead                           Min: 0, Avg:  0.0, Max: 0, Diff: 0, Sum: 0, Workers: 4
[1674.674s][debug][gc,phases      ] GC(129)     Total                          Min: 0, Avg:  0.0, Max: 0, Diff: 0, Sum: 0, Workers: 4
[1674.674s][debug][gc,phases      ] GC(129) Weak Processing 0.366ms
[1674.674s][debug][gc,age         ] GC(129) Desired survivor size 60817408 bytes, new threshold 15 (max threshold 15)
[1674.674s][info ][gc,heap        ] GC(129) PSYoungGen: 2018745K(2035712K)->37445K(2037760K) Eden: 1974272K(1974272K)->0K(1977344K) From: 44473K(61440K)->37445K(60416K)
[1674.674s][info ][gc,heap        ] GC(129) ParOldGen: 429213K(482304K)->436943K(482304K)
[1674.674s][info ][gc,metaspace   ] GC(129) Metaspace: 84712K(85696K)->84712K(85696K) NonClass: 72890K(73408K)->72890K(73408K) Class: 11821K(12288K)->11821K(12288K)
[1674.674s][info ][gc             ] GC(129) Pause Young (Allocation Failure) 2390M->463M(2461M) 15.504ms
[1674.674s][info ][gc,cpu         ] GC(129) User=0.06s Sys=0.00s Real=0.02s
[1674.674s][info ][safepoint      ] Safepoint "ParallelGCFailedAllocation", Time since last: 5046534714 ns, Reaching safepoint: 119001 ns, At safepoint: 15604205 ns, Total: 15723206 ns
[1679.674s][info ][safepoint      ] Safepoint "Cleanup", Time since last: 5000311175 ns, Reaching safepoint: 45101 ns, At safepoint: 4400 ns, Total: 49501 ns
[1680.675s][info ][safepoint      ] Safepoint "Cleanup", Time since last: 1000075120 ns, Reaching safepoint: 48800 ns, At safepoint: 3800 ns, Total: 52600 ns
[1682.675s][info ][safepoint      ] Safepoint "Cleanup", Time since last: 2000191026 ns, Reaching safepoint: 38701 ns, At safepoint: 3500 ns, Total: 42201 ns
[1687.675s][info ][safepoint      ] Safepoint "Cleanup", Time since last: 5000360378 ns, Reaching safepoint: 62100 ns, At safepoint: 10500 ns, Total: 72600 ns
[1688.675s][info ][safepoint      ] Safepoint "Cleanup", Time since last: 1000113881 ns, Reaching safepoint: 50701 ns, At safepoint: 8000 ns, Total: 58701 ns
[1699.676s][info ][safepoint      ] Safepoint "Cleanup", Time since last: 11000751870 ns, Reaching safepoint: 59301 ns, At safepoint: 10800 ns, Total: 70101 ns
[1703.677s][info ][safepoint      ] Safepoint "Cleanup", Time since last: 4000427865 ns, Reaching safepoint: 50800 ns, At safepoint: 8800 ns, Total: 59600 ns
[1704.677s][info ][safepoint      ] Safepoint "Cleanup", Time since last: 1000110004 ns, Reaching safepoint: 57201 ns, At safepoint: 6600 ns, Total: 63801 ns
[1706.677s][info ][safepoint      ] Safepoint "Cleanup", Time since last: 2000182394 ns, Reaching safepoint: 59300 ns, At safepoint: 8600 ns, Total: 67900 ns
[1708.677s][info ][safepoint      ] Safepoint "Cleanup", Time since last: 2000205276 ns, Reaching safepoint: 51900 ns, At safepoint: 5501 ns, Total: 57401 ns
[1710.678s][info ][safepoint      ] Safepoint "Cleanup", Time since last: 2000180356 ns, Reaching safepoint: 56001 ns, At safepoint: 3200 ns, Total: 59201 ns
[1712.805s][info ][safepoint      ] Safepoint "Cleanup", Time since last: 2126943870 ns, Reaching safepoint: 167801 ns, At safepoint: 11000 ns, Total: 178801 ns
[1713.805s][info ][safepoint      ] Safepoint "Cleanup", Time since last: 1000134762 ns, Reaching safepoint: 141001 ns, At safepoint: 11100 ns, Total: 152101 ns
[1717.806s][info ][safepoint      ] Safepoint "Cleanup", Time since last: 4000357699 ns, Reaching safepoint: 127501 ns, At safepoint: 8800 ns, Total: 136301 ns
[1718.806s][info ][safepoint      ] Safepoint "Cleanup", Time since last: 1000116439 ns, Reaching safepoint: 127000 ns, At safepoint: 7300 ns, Total: 134300 ns
[1719.806s][info ][safepoint      ] Safepoint "Cleanup", Time since last: 1000125434 ns, Reaching safepoint: 132301 ns, At safepoint: 8800 ns, Total: 141101 ns
[1727.807s][info ][safepoint      ] Safepoint "Cleanup", Time since last: 8000638206 ns, Reaching safepoint: 137101 ns, At safepoint: 13600 ns, Total: 150701 ns
[1728.807s][info ][safepoint      ] Safepoint "Cleanup", Time since last: 1000122393 ns, Reaching safepoint: 164101 ns, At safepoint: 7000 ns, Total: 171101 ns
[1730.808s][info ][safepoint      ] Safepoint "Cleanup", Time since last: 2000215672 ns, Reaching safepoint: 138101 ns, At safepoint: 6900 ns, Total: 145001 ns
[1731.452s][info ][gc,start       ] GC(130) Pause Young (Allocation Failure)
[1731.467s][debug][gc,phases      ] GC(130) Scavenge 15.166ms
[1731.467s][debug][gc,ref         ] GC(130) Skipped phase 1 of Reference Processing: no references
[1731.467s][debug][gc,ref         ] GC(130) ReferenceProcessor::execute queues: 1, RefProcThreadModel::Single, marks_oops_alive: false
[1731.467s][debug][gc,ref         ] GC(130) Skipped phase 3 of Reference Processing: no references
[1731.467s][debug][gc,ref         ] GC(130) ReferenceProcessor::execute queues: 1, RefProcThreadModel::Single, marks_oops_alive: false
[1731.468s][debug][gc,phases      ] GC(130) Reference Processing 0.184ms
[1731.468s][debug][gc,phases      ] GC(130)   VM Weak                        Min:  0.0, Avg:  0.0, Max:  0.0, Diff:  0.0, Sum:  0.0, Workers: 4
[1731.468s][debug][gc,phases      ] GC(130)     Dead                           Min: 0, Avg:  0.0, Max: 0, Diff: 0, Sum: 0, Workers: 4
[1731.468s][debug][gc,phases      ] GC(130)     Total                          Min: 0, Avg: 182.5, Max: 384, Diff: 384, Sum: 730, Workers: 4
[1731.468s][debug][gc,phases      ] GC(130)   ObjectSynchronizer Weak        Min:  0.0, Avg:  0.0, Max:  0.0, Diff:  0.0, Sum:  0.0, Workers: 4
[1731.468s][debug][gc,phases      ] GC(130)     Dead                           Min: 0, Avg:  0.0, Max: 0, Diff: 0, Sum: 0, Workers: 4
[1731.468s][debug][gc,phases      ] GC(130)     Total                          Min: 0, Avg: 62.2, Max: 128, Diff: 128, Sum: 249, Workers: 4
[1731.468s][debug][gc,phases      ] GC(130)   JVMTI Tag Weak OopStorage      Min:  0.0, Avg:  0.0, Max:  0.0, Diff:  0.0, Sum:  0.0, Workers: 4
[1731.468s][debug][gc,phases      ] GC(130)     Dead                           Min: 0, Avg:  0.0, Max: 0, Diff: 0, Sum: 0, Workers: 4
[1731.468s][debug][gc,phases      ] GC(130)     Total                          Min: 0, Avg:  0.0, Max: 0, Diff: 0, Sum: 0, Workers: 4
[1731.468s][debug][gc,phases      ] GC(130)   StringTable Weak               Min:  0.1, Avg:  0.1, Max:  0.1, Diff:  0.0, Sum:  0.5, Workers: 4
[1731.468s][debug][gc,phases      ] GC(130)     Dead                           Min: 0, Avg:  0.0, Max: 0, Diff: 0, Sum: 0, Workers: 4
[1731.468s][debug][gc,phases      ] GC(130)     Total                          Min: 10944, Avg: 12130.5, Max: 13312, Diff: 2368, Sum: 48522, Workers: 4
[1731.468s][debug][gc,phases      ] GC(130)   ResolvedMethodTable Weak       Min:  0.0, Avg:  0.0, Max:  0.0, Diff:  0.0, Sum:  0.1, Workers: 4
[1731.468s][debug][gc,phases      ] GC(130)     Dead                           Min: 0, Avg:  0.0, Max: 0, Diff: 0, Sum: 0, Workers: 4
[1731.468s][debug][gc,phases      ] GC(130)     Total                          Min: 1856, Avg: 2143.5, Max: 2432, Diff: 576, Sum: 8574, Workers: 4
[1731.468s][debug][gc,phases      ] GC(130)   JNI Weak                       Min:  0.0, Avg:  0.0, Max:  0.0, Diff:  0.0, Sum:  0.0, Workers: 4
[1731.468s][debug][gc,phases      ] GC(130)     Dead                           Min: 0, Avg:  0.0, Max: 0, Diff: 0, Sum: 0, Workers: 4
[1731.468s][debug][gc,phases      ] GC(130)     Total                          Min: 0, Avg:  0.0, Max: 0, Diff: 0, Sum: 0, Workers: 4
[1731.468s][debug][gc,phases      ] GC(130)   StringDedup Table Weak         Min:  0.0, Avg:  0.0, Max:  0.0, Diff:  0.0, Sum:  0.0, Workers: 4
[1731.468s][debug][gc,phases      ] GC(130)     Dead                           Min: 0, Avg:  0.0, Max: 0, Diff: 0, Sum: 0, Workers: 4
[1731.468s][debug][gc,phases      ] GC(130)     Total                          Min: 0, Avg:  0.0, Max: 0, Diff: 0, Sum: 0, Workers: 4
[1731.468s][debug][gc,phases      ] GC(130)   StringDedup Requests0 Weak     Min:  0.0, Avg:  0.0, Max:  0.0, Diff:  0.0, Sum:  0.0, Workers: 4
[1731.468s][debug][gc,phases      ] GC(130)     Dead                           Min: 0, Avg:  0.0, Max: 0, Diff: 0, Sum: 0, Workers: 4
[1731.468s][debug][gc,phases      ] GC(130)     Total                          Min: 0, Avg:  0.0, Max: 0, Diff: 0, Sum: 0, Workers: 4
[1731.468s][debug][gc,phases      ] GC(130)   StringDedup Requests1 Weak     Min:  0.0, Avg:  0.0, Max:  0.0, Diff:  0.0, Sum:  0.0, Workers: 4
[1731.468s][debug][gc,phases      ] GC(130)     Dead                           Min: 0, Avg:  0.0, Max: 0, Diff: 0, Sum: 0, Workers: 4
[1731.468s][debug][gc,phases      ] GC(130)     Total                          Min: 0, Avg:  0.0, Max: 0, Diff: 0, Sum: 0, Workers: 4
[1731.468s][debug][gc,phases      ] GC(130)   Weak JFR Old Object Samples    Min:  0.0, Avg:  0.0, Max:  0.0, Diff:  0.0, Sum:  0.0, Workers: 4
[1731.468s][debug][gc,phases      ] GC(130)     Dead                           Min: 0, Avg:  0.0, Max: 0, Diff: 0, Sum: 0, Workers: 4
[1731.468s][debug][gc,phases      ] GC(130)     Total                          Min: 0, Avg:  0.0, Max: 0, Diff: 0, Sum: 0, Workers: 4
[1731.468s][debug][gc,phases      ] GC(130) Weak Processing 0.364ms
[1731.468s][debug][gc,age         ] GC(130) Desired survivor size 61865984 bytes, new threshold 15 (max threshold 15)
[1731.468s][info ][gc,heap        ] GC(130) PSYoungGen: 2014789K(2037760K)->22295K(2036736K) Eden: 1977344K(1977344K)->0K(1977344K) From: 37445K(60416K)->22295K(59392K)
[1731.468s][info ][gc,heap        ] GC(130) ParOldGen: 436943K(482304K)->452924K(482304K)
[1731.468s][info ][gc,metaspace   ] GC(130) Metaspace: 84733K(85696K)->84733K(85696K) NonClass: 72910K(73408K)->72910K(73408K) Class: 11822K(12288K)->11822K(12288K)
[1731.468s][info ][gc             ] GC(130) Pause Young (Allocation Failure) 2394M->464M(2460M) 15.879ms
[1731.468s][info ][gc,cpu         ] GC(130) User=0.06s Sys=0.00s Real=0.01s
[1731.468s][info ][safepoint      ] Safepoint "ParallelGCFailedAllocation", Time since last: 644377476 ns, Reaching safepoint: 108700 ns, At safepoint: 15968904 ns, Total: 16077604 ns
[1732.468s][info ][safepoint      ] Safepoint "Cleanup", Time since last: 1000085176 ns, Reaching safepoint: 47600 ns, At safepoint: 6300 ns, Total: 53900 ns
[1733.468s][info ][safepoint      ] Safepoint "Cleanup", Time since last: 1000113573 ns, Reaching safepoint: 59300 ns, At safepoint: 11900 ns, Total: 71200 ns
[1737.776s][info ][safepoint      ] Safepoint "Cleanup", Time since last: 4307787526 ns, Reaching safepoint: 52000 ns, At safepoint: 3900 ns, Total: 55900 ns
[1739.776s][info ][safepoint      ] Safepoint "Cleanup", Time since last: 2000171893 ns, Reaching safepoint: 49700 ns, At safepoint: 6200 ns, Total: 55900 ns
[1742.777s][info ][safepoint      ] Safepoint "Cleanup", Time since last: 3000249105 ns, Reaching safepoint: 52100 ns, At safepoint: 4100 ns, Total: 56200 ns
[1744.777s][info ][safepoint      ] Safepoint "Cleanup", Time since last: 2000168749 ns, Reaching safepoint: 47900 ns, At safepoint: 4400 ns, Total: 52300 ns
[1748.777s][info ][safepoint      ] Safepoint "Cleanup", Time since last: 4000309544 ns, Reaching safepoint: 55800 ns, At safepoint: 7600 ns, Total: 63400 ns
[1761.778s][info ][safepoint      ] Safepoint "Cleanup", Time since last: 13000809666 ns, Reaching safepoint: 45300 ns, At safepoint: 5900 ns, Total: 51200 ns
[1764.778s][info ][safepoint      ] Safepoint "Cleanup", Time since last: 3000230821 ns, Reaching safepoint: 42900 ns, At safepoint: 4300 ns, Total: 47200 ns
[1766.779s][info ][safepoint      ] Safepoint "Cleanup", Time since last: 2000141760 ns, Reaching safepoint: 55500 ns, At safepoint: 27400 ns, Total: 82900 ns
[1777.779s][info ][safepoint      ] Safepoint "Cleanup", Time since last: 11000737731 ns, Reaching safepoint: 39500 ns, At safepoint: 3300 ns, Total: 42800 ns
[1778.780s][info ][safepoint      ] Safepoint "Cleanup", Time since last: 1000105278 ns, Reaching safepoint: 51500 ns, At safepoint: 10301 ns, Total: 61801 ns
[1782.780s][info ][safepoint      ] Safepoint "Cleanup", Time since last: 4000292371 ns, Reaching safepoint: 52700 ns, At safepoint: 7600 ns, Total: 60300 ns
[1783.780s][info ][safepoint      ] Safepoint "Cleanup", Time since last: 1000087958 ns, Reaching safepoint: 54201 ns, At safepoint: 6100 ns, Total: 60301 ns
[1787.780s][info ][safepoint      ] Safepoint "Cleanup", Time since last: 4000319390 ns, Reaching safepoint: 53101 ns, At safepoint: 9100 ns, Total: 62201 ns
[1788.289s][info ][gc,start       ] GC(131) Pause Young (Allocation Failure)
[1788.301s][debug][gc,phases      ] GC(131) Scavenge 12.529ms
[1788.301s][debug][gc,ref         ] GC(131) Skipped phase 1 of Reference Processing: no references
[1788.301s][debug][gc,ref         ] GC(131) ReferenceProcessor::execute queues: 1, RefProcThreadModel::Single, marks_oops_alive: false
[1788.302s][debug][gc,ref         ] GC(131) Skipped phase 3 of Reference Processing: no references
[1788.302s][debug][gc,ref         ] GC(131) ReferenceProcessor::execute queues: 1, RefProcThreadModel::Single, marks_oops_alive: false
[1788.302s][debug][gc,phases      ] GC(131) Reference Processing 0.196ms
[1788.302s][debug][gc,phases      ] GC(131)   VM Weak                        Min:  0.0, Avg:  0.0, Max:  0.0, Diff:  0.0, Sum:  0.0, Workers: 4
[1788.302s][debug][gc,phases      ] GC(131)     Dead                           Min: 0, Avg:  0.0, Max: 0, Diff: 0, Sum: 0, Workers: 4
[1788.302s][debug][gc,phases      ] GC(131)     Total                          Min: 0, Avg: 182.5, Max: 640, Diff: 640, Sum: 730, Workers: 4
[1788.302s][debug][gc,phases      ] GC(131)   ObjectSynchronizer Weak        Min:  0.0, Avg:  0.0, Max:  0.0, Diff:  0.0, Sum:  0.0, Workers: 4
[1788.302s][debug][gc,phases      ] GC(131)     Dead                           Min: 0, Avg:  0.0, Max: 0, Diff: 0, Sum: 0, Workers: 4
[1788.302s][debug][gc,phases      ] GC(131)     Total                          Min: 0, Avg: 62.2, Max: 185, Diff: 185, Sum: 249, Workers: 4
[1788.302s][debug][gc,phases      ] GC(131)   JVMTI Tag Weak OopStorage      Min:  0.0, Avg:  0.0, Max:  0.0, Diff:  0.0, Sum:  0.0, Workers: 4
[1788.302s][debug][gc,phases      ] GC(131)     Dead                           Min: 0, Avg:  0.0, Max: 0, Diff: 0, Sum: 0, Workers: 4
[1788.302s][debug][gc,phases      ] GC(131)     Total                          Min: 0, Avg:  0.0, Max: 0, Diff: 0, Sum: 0, Workers: 4
[1788.302s][debug][gc,phases      ] GC(131)   StringTable Weak               Min:  0.1, Avg:  0.1, Max:  0.1, Diff:  0.0, Sum:  0.5, Workers: 4
[1788.302s][debug][gc,phases      ] GC(131)     Dead                           Min: 0, Avg:  0.0, Max: 0, Diff: 0, Sum: 0, Workers: 4
[1788.302s][debug][gc,phases      ] GC(131)     Total                          Min: 11200, Avg: 12134.0, Max: 12824, Diff: 1624, Sum: 48536, Workers: 4
[1788.302s][debug][gc,phases      ] GC(131)   ResolvedMethodTable Weak       Min:  0.0, Avg:  0.0, Max:  0.0, Diff:  0.0, Sum:  0.1, Workers: 4
[1788.302s][debug][gc,phases      ] GC(131)     Dead                           Min: 0, Avg:  0.0, Max: 0, Diff: 0, Sum: 0, Workers: 4
[1788.302s][debug][gc,phases      ] GC(131)     Total                          Min: 1984, Avg: 2143.5, Max: 2304, Diff: 320, Sum: 8574, Workers: 4
[1788.302s][debug][gc,phases      ] GC(131)   JNI Weak                       Min:  0.0, Avg:  0.0, Max:  0.0, Diff:  0.0, Sum:  0.0, Workers: 4
[1788.302s][debug][gc,phases      ] GC(131)     Dead                           Min: 0, Avg:  0.0, Max: 0, Diff: 0, Sum: 0, Workers: 4
[1788.302s][debug][gc,phases      ] GC(131)     Total                          Min: 0, Avg:  0.0, Max: 0, Diff: 0, Sum: 0, Workers: 4
[1788.302s][debug][gc,phases      ] GC(131)   StringDedup Table Weak         Min:  0.0, Avg:  0.0, Max:  0.0, Diff:  0.0, Sum:  0.0, Workers: 4
[1788.302s][debug][gc,phases      ] GC(131)     Dead                           Min: 0, Avg:  0.0, Max: 0, Diff: 0, Sum: 0, Workers: 4
[1788.302s][debug][gc,phases      ] GC(131)     Total                          Min: 0, Avg:  0.0, Max: 0, Diff: 0, Sum: 0, Workers: 4
[1788.302s][debug][gc,phases      ] GC(131)   StringDedup Requests0 Weak     Min:  0.0, Avg:  0.0, Max:  0.0, Diff:  0.0, Sum:  0.0, Workers: 4
[1788.302s][debug][gc,phases      ] GC(131)     Dead                           Min: 0, Avg:  0.0, Max: 0, Diff: 0, Sum: 0, Workers: 4
[1788.302s][debug][gc,phases      ] GC(131)     Total                          Min: 0, Avg:  0.0, Max: 0, Diff: 0, Sum: 0, Workers: 4
[1788.302s][debug][gc,phases      ] GC(131)   StringDedup Requests1 Weak     Min:  0.0, Avg:  0.0, Max:  0.0, Diff:  0.0, Sum:  0.0, Workers: 4
[1788.302s][debug][gc,phases      ] GC(131)     Dead                           Min: 0, Avg:  0.0, Max: 0, Diff: 0, Sum: 0, Workers: 4
[1788.302s][debug][gc,phases      ] GC(131)     Total                          Min: 0, Avg:  0.0, Max: 0, Diff: 0, Sum: 0, Workers: 4
[1788.302s][debug][gc,phases      ] GC(131)   Weak JFR Old Object Samples    Min:  0.0, Avg:  0.0, Max:  0.0, Diff:  0.0, Sum:  0.0, Workers: 4
[1788.302s][debug][gc,phases      ] GC(131)     Dead                           Min: 0, Avg:  0.0, Max: 0, Diff: 0, Sum: 0, Workers: 4
[1788.302s][debug][gc,phases      ] GC(131)     Total                          Min: 0, Avg:  0.0, Max: 0, Diff: 0, Sum: 0, Workers: 4
[1788.302s][debug][gc,phases      ] GC(131) Weak Processing 0.436ms
[1788.302s][debug][gc,age         ] GC(131) Desired survivor size 65011712 bytes, new threshold 15 (max threshold 15)
[1788.302s][info ][gc,heap        ] GC(131) PSYoungGen: 1999639K(2036736K)->10491K(2030592K) Eden: 1977344K(1977344K)->0K(1970176K) From: 22295K(59392K)->10491K(60416K)
[1788.302s][info ][gc,heap        ] GC(131) ParOldGen: 452924K(482304K)->465480K(482304K)
[1788.302s][info ][gc,metaspace   ] GC(131) Metaspace: 84746K(85696K)->84746K(85696K) NonClass: 72923K(73408K)->72923K(73408K) Class: 11822K(12288K)->11822K(12288K)
[1788.302s][info ][gc             ] GC(131) Pause Young (Allocation Failure) 2395M->464M(2454M) 13.369ms
[1788.302s][info ][gc,cpu         ] GC(131) User=0.05s Sys=0.00s Real=0.02s
[1788.302s][debug][gc,phases      ] GC(132) Pre Compact 0.016ms
[1788.302s][info ][gc,start       ] GC(132) Pause Full (Ergonomics)
[1788.302s][info ][gc,phases,start] GC(132) Marking Phase
[1788.453s][debug][gc,phases      ] GC(132) Par Mark 150.642ms
[1788.453s][debug][gc,ref         ] GC(132) Skipped phase 1 of Reference Processing: no references
[1788.453s][debug][gc,ref         ] GC(132) ReferenceProcessor::execute queues: 4, RefProcThreadModel::Multi, marks_oops_alive: false
[1788.454s][debug][gc,ref         ] GC(132) Skipped phase 3 of Reference Processing: no references
[1788.454s][debug][gc,ref         ] GC(132) ReferenceProcessor::execute queues: 1, RefProcThreadModel::Single, marks_oops_alive: false
[1788.454s][debug][gc,phases      ] GC(132) Reference Processing 0.794ms
[1788.454s][debug][gc,phases      ] GC(132)   VM Weak                        Min:  0.0, Avg:  0.0, Max:  0.0, Diff:  0.0, Sum:  0.0, Workers: 4
[1788.454s][debug][gc,phases      ] GC(132)     Dead                           Min: 0, Avg:  0.0, Max: 0, Diff: 0, Sum: 0, Workers: 4
[1788.454s][debug][gc,phases      ] GC(132)     Total                          Min: 0, Avg: 182.5, Max: 448, Diff: 448, Sum: 730, Workers: 4
[1788.454s][debug][gc,phases      ] GC(132)   ObjectSynchronizer Weak        Min:  0.0, Avg:  0.0, Max:  0.0, Diff:  0.0, Sum:  0.0, Workers: 4
[1788.454s][debug][gc,phases      ] GC(132)     Dead                           Min: 0, Avg:  0.0, Max: 0, Diff: 0, Sum: 0, Workers: 4
[1788.454s][debug][gc,phases      ] GC(132)     Total                          Min: 0, Avg: 62.2, Max: 128, Diff: 128, Sum: 249, Workers: 4
[1788.454s][debug][gc,phases      ] GC(132)   JVMTI Tag Weak OopStorage      Min:  0.0, Avg:  0.0, Max:  0.0, Diff:  0.0, Sum:  0.0, Workers: 4
[1788.454s][debug][gc,phases      ] GC(132)     Dead                           Min: 0, Avg:  0.0, Max: 0, Diff: 0, Sum: 0, Workers: 4
[1788.454s][debug][gc,phases      ] GC(132)     Total                          Min: 0, Avg:  0.0, Max: 0, Diff: 0, Sum: 0, Workers: 4
[1788.454s][debug][gc,phases      ] GC(132)   StringTable Weak               Min:  0.2, Avg:  0.2, Max:  0.2, Diff:  0.0, Sum:  0.7, Workers: 4
[1788.454s][debug][gc,phases      ] GC(132)     Dead                           Min: 0, Avg:  0.0, Max: 0, Diff: 0, Sum: 0, Workers: 4
[1788.454s][debug][gc,phases      ] GC(132)     Total                          Min: 10880, Avg: 12134.0, Max: 14784, Diff: 3904, Sum: 48536, Workers: 4
[1788.454s][debug][gc,phases      ] GC(132)   ResolvedMethodTable Weak       Min:  0.0, Avg:  0.0, Max:  0.0, Diff:  0.0, Sum:  0.1, Workers: 4
[1788.454s][debug][gc,phases      ] GC(132)     Dead                           Min: 0, Avg:  0.0, Max: 0, Diff: 0, Sum: 0, Workers: 4
[1788.454s][debug][gc,phases      ] GC(132)     Total                          Min: 1920, Avg: 2143.5, Max: 2496, Diff: 576, Sum: 8574, Workers: 4
[1788.454s][debug][gc,phases      ] GC(132)   JNI Weak                       Min:  0.0, Avg:  0.0, Max:  0.0, Diff:  0.0, Sum:  0.0, Workers: 4
[1788.454s][debug][gc,phases      ] GC(132)     Dead                           Min: 0, Avg:  0.0, Max: 0, Diff: 0, Sum: 0, Workers: 4
[1788.454s][debug][gc,phases      ] GC(132)     Total                          Min: 0, Avg:  0.0, Max: 0, Diff: 0, Sum: 0, Workers: 4
[1788.454s][debug][gc,phases      ] GC(132)   StringDedup Table Weak         Min:  0.0, Avg:  0.0, Max:  0.0, Diff:  0.0, Sum:  0.0, Workers: 4
[1788.454s][debug][gc,phases      ] GC(132)     Dead                           Min: 0, Avg:  0.0, Max: 0, Diff: 0, Sum: 0, Workers: 4
[1788.454s][debug][gc,phases      ] GC(132)     Total                          Min: 0, Avg:  0.0, Max: 0, Diff: 0, Sum: 0, Workers: 4
[1788.454s][debug][gc,phases      ] GC(132)   StringDedup Requests0 Weak     Min:  0.0, Avg:  0.0, Max:  0.0, Diff:  0.0, Sum:  0.0, Workers: 4
[1788.454s][debug][gc,phases      ] GC(132)     Dead                           Min: 0, Avg:  0.0, Max: 0, Diff: 0, Sum: 0, Workers: 4
[1788.454s][debug][gc,phases      ] GC(132)     Total                          Min: 0, Avg:  0.0, Max: 0, Diff: 0, Sum: 0, Workers: 4
[1788.454s][debug][gc,phases      ] GC(132)   StringDedup Requests1 Weak     Min:  0.0, Avg:  0.0, Max:  0.0, Diff:  0.0, Sum:  0.0, Workers: 4
[1788.454s][debug][gc,phases      ] GC(132)     Dead                           Min: 0, Avg:  0.0, Max: 0, Diff: 0, Sum: 0, Workers: 4
[1788.454s][debug][gc,phases      ] GC(132)     Total                          Min: 0, Avg:  0.0, Max: 0, Diff: 0, Sum: 0, Workers: 4
[1788.454s][debug][gc,phases      ] GC(132)   Weak JFR Old Object Samples    Min:  0.0, Avg:  0.0, Max:  0.0, Diff:  0.0, Sum:  0.0, Workers: 4
[1788.454s][debug][gc,phases      ] GC(132)     Dead                           Min: 0, Avg:  0.0, Max: 0, Diff: 0, Sum: 0, Workers: 4
[1788.454s][debug][gc,phases      ] GC(132)     Total                          Min: 0, Avg:  0.0, Max: 0, Diff: 0, Sum: 0, Workers: 4
[1788.454s][debug][gc,phases      ] GC(132) Weak Processing 0.465ms
[1788.454s][debug][gc,phases      ] GC(132) ClassLoaderData 0.103ms
[1788.454s][debug][gc,phases      ] GC(132) Trigger cleanups 0.001ms
[1788.476s][debug][gc,phases      ] GC(132) Class Unloading 21.318ms
[1788.476s][info ][gc,phases      ] GC(132) Marking Phase 173.448ms
[1788.476s][info ][gc,phases,start] GC(132) Summary Phase
[1788.476s][info ][gc,phases      ] GC(132) Summary Phase 0.017ms
[1788.476s][info ][gc,phases,start] GC(132) Adjust Roots
[1788.489s][info ][gc,phases      ] GC(132) Adjust Roots 13.718ms
[1788.489s][info ][gc,phases,start] GC(132) Compaction Phase
[1788.594s][info ][gc,phases      ] GC(132) Compaction Phase 105.087ms
[1788.595s][info ][gc,phases,start] GC(132) Post Compact
[1788.596s][info ][gc,phases      ] GC(132) Post Compact 1.862ms
[1788.597s][info ][gc,heap        ] GC(132) PSYoungGen: 10491K(2030592K)->0K(2033664K) Eden: 0K(1970176K)->0K(1970176K) From: 10491K(60416K)->0K(63488K)
[1788.597s][info ][gc,heap        ] GC(132) ParOldGen: 465480K(482304K)->464843K(559616K)
[1788.597s][info ][gc,metaspace   ] GC(132) Metaspace: 84746K(85696K)->84746K(85696K) NonClass: 72923K(73408K)->72923K(73408K) Class: 11822K(12288K)->11822K(12288K)
[1788.597s][info ][gc             ] GC(132) Pause Full (Ergonomics) 464M->453M(2532M) 294.576ms
[1788.597s][info ][gc,cpu         ] GC(132) User=1.06s Sys=0.00s Real=0.29s
[1788.597s][info ][safepoint      ] Safepoint "ParallelGCFailedAllocation", Time since last: 508150470 ns, Reaching safepoint: 30400 ns, At safepoint: 308183422 ns, Total: 308213822 ns
[1790.597s][info ][safepoint      ] Safepoint "Cleanup", Time since last: 2000176265 ns, Reaching safepoint: 61300 ns, At safepoint: 3500 ns, Total: 64800 ns
[1791.597s][info ][safepoint      ] Safepoint "Cleanup", Time since last: 1000117927 ns, Reaching safepoint: 56100 ns, At safepoint: 7000 ns, Total: 63100 ns
[1792.597s][info ][safepoint      ] Safepoint "Cleanup", Time since last: 1000112923 ns, Reaching safepoint: 59500 ns, At safepoint: 8500 ns, Total: 68000 ns
[1793.598s][info ][safepoint      ] Safepoint "Cleanup", Time since last: 1000097819 ns, Reaching safepoint: 52400 ns, At safepoint: 9200 ns, Total: 61600 ns
[1803.598s][info ][safepoint      ] Safepoint "Cleanup", Time since last: 10000707566 ns, Reaching safepoint: 55001 ns, At safepoint: 6400 ns, Total: 61401 ns
[1805.599s][info ][safepoint      ] Safepoint "Cleanup", Time since last: 2000186546 ns, Reaching safepoint: 66901 ns, At safepoint: 12200 ns, Total: 79101 ns
[1808.599s][info ][safepoint      ] Safepoint "Cleanup", Time since last: 3000218390 ns, Reaching safepoint: 50001 ns, At safepoint: 4000 ns, Total: 54001 ns
[1816.600s][info ][safepoint      ] Safepoint "Cleanup", Time since last: 8000581639 ns, Reaching safepoint: 55100 ns, At safepoint: 5000 ns, Total: 60100 ns
[1820.600s][info ][safepoint      ] Safepoint "Cleanup", Time since last: 4000329678 ns, Reaching safepoint: 130201 ns, At safepoint: 11700 ns, Total: 141901 ns
[1832.601s][info ][safepoint      ] Safepoint "Cleanup", Time since last: 12000887075 ns, Reaching safepoint: 129401 ns, At safepoint: 11000 ns, Total: 140401 ns
[1833.601s][info ][safepoint      ] Safepoint "Cleanup", Time since last: 1000108966 ns, Reaching safepoint: 121601 ns, At safepoint: 9200 ns, Total: 130801 ns
[1842.602s][info ][safepoint      ] Safepoint "Cleanup", Time since last: 9000648925 ns, Reaching safepoint: 120301 ns, At safepoint: 5800 ns, Total: 126101 ns
[1847.908s][info ][gc,start       ] GC(133) Pause Young (Allocation Failure)
[1847.911s][debug][gc,phases      ] GC(133) Scavenge 3.076ms
[1847.912s][debug][gc,ref         ] GC(133) Skipped phase 1 of Reference Processing: no references
[1847.912s][debug][gc,ref         ] GC(133) ReferenceProcessor::execute queues: 1, RefProcThreadModel::Single, marks_oops_alive: false
[1847.912s][debug][gc,ref         ] GC(133) Skipped phase 3 of Reference Processing: no references
[1847.912s][debug][gc,ref         ] GC(133) ReferenceProcessor::execute queues: 1, RefProcThreadModel::Single, marks_oops_alive: false
[1847.912s][debug][gc,phases      ] GC(133) Reference Processing 0.181ms
[1847.912s][debug][gc,phases      ] GC(133)   VM Weak                        Min:  0.0, Avg:  0.0, Max:  0.0, Diff:  0.0, Sum:  0.0, Workers: 4
[1847.912s][debug][gc,phases      ] GC(133)     Dead                           Min: 0, Avg:  0.0, Max: 0, Diff: 0, Sum: 0, Workers: 4
[1847.912s][debug][gc,phases      ] GC(133)     Total                          Min: 0, Avg: 182.5, Max: 730, Diff: 730, Sum: 730, Workers: 4
[1847.912s][debug][gc,phases      ] GC(133)   ObjectSynchronizer Weak        Min:  0.0, Avg:  0.0, Max:  0.0, Diff:  0.0, Sum:  0.0, Workers: 4
[1847.912s][debug][gc,phases      ] GC(133)     Dead                           Min: 0, Avg:  0.0, Max: 0, Diff: 0, Sum: 0, Workers: 4
[1847.912s][debug][gc,phases      ] GC(133)     Total                          Min: 0, Avg: 62.2, Max: 249, Diff: 249, Sum: 249, Workers: 4
[1847.912s][debug][gc,phases      ] GC(133)   JVMTI Tag Weak OopStorage      Min:  0.0, Avg:  0.0, Max:  0.0, Diff:  0.0, Sum:  0.0, Workers: 4
[1847.912s][debug][gc,phases      ] GC(133)     Dead                           Min: 0, Avg:  0.0, Max: 0, Diff: 0, Sum: 0, Workers: 4
[1847.912s][debug][gc,phases      ] GC(133)     Total                          Min: 0, Avg:  0.0, Max: 0, Diff: 0, Sum: 0, Workers: 4
[1847.912s][debug][gc,phases      ] GC(133)   StringTable Weak               Min:  0.1, Avg:  0.1, Max:  0.1, Diff:  0.0, Sum:  0.5, Workers: 4
[1847.912s][debug][gc,phases      ] GC(133)     Dead                           Min: 0, Avg:  0.0, Max: 0, Diff: 0, Sum: 0, Workers: 4
[1847.912s][debug][gc,phases      ] GC(133)     Total                          Min: 11264, Avg: 12135.2, Max: 12608, Diff: 1344, Sum: 48541, Workers: 4
[1847.912s][debug][gc,phases      ] GC(133)   ResolvedMethodTable Weak       Min:  0.0, Avg:  0.0, Max:  0.0, Diff:  0.0, Sum:  0.1, Workers: 4
[1847.912s][debug][gc,phases      ] GC(133)     Dead                           Min: 0, Avg:  0.0, Max: 0, Diff: 0, Sum: 0, Workers: 4
[1847.912s][debug][gc,phases      ] GC(133)     Total                          Min: 1984, Avg: 2144.8, Max: 2304, Diff: 320, Sum: 8579, Workers: 4
[1847.912s][debug][gc,phases      ] GC(133)   JNI Weak                       Min:  0.0, Avg:  0.0, Max:  0.0, Diff:  0.0, Sum:  0.0, Workers: 4
[1847.912s][debug][gc,phases      ] GC(133)     Dead                           Min: 0, Avg:  0.0, Max: 0, Diff: 0, Sum: 0, Workers: 4
[1847.912s][debug][gc,phases      ] GC(133)     Total                          Min: 0, Avg:  0.0, Max: 0, Diff: 0, Sum: 0, Workers: 4
[1847.912s][debug][gc,phases      ] GC(133)   StringDedup Table Weak         Min:  0.0, Avg:  0.0, Max:  0.0, Diff:  0.0, Sum:  0.0, Workers: 4
[1847.912s][debug][gc,phases      ] GC(133)     Dead                           Min: 0, Avg:  0.0, Max: 0, Diff: 0, Sum: 0, Workers: 4
[1847.912s][debug][gc,phases      ] GC(133)     Total                          Min: 0, Avg:  0.0, Max: 0, Diff: 0, Sum: 0, Workers: 4
[1847.912s][debug][gc,phases      ] GC(133)   StringDedup Requests0 Weak     Min:  0.0, Avg:  0.0, Max:  0.0, Diff:  0.0, Sum:  0.0, Workers: 4
[1847.912s][debug][gc,phases      ] GC(133)     Dead                           Min: 0, Avg:  0.0, Max: 0, Diff: 0, Sum: 0, Workers: 4
[1847.912s][debug][gc,phases      ] GC(133)     Total                          Min: 0, Avg:  0.0, Max: 0, Diff: 0, Sum: 0, Workers: 4
[1847.912s][debug][gc,phases      ] GC(133)   StringDedup Requests1 Weak     Min:  0.0, Avg:  0.0, Max:  0.0, Diff:  0.0, Sum:  0.0, Workers: 4
[1847.912s][debug][gc,phases      ] GC(133)     Dead                           Min: 0, Avg:  0.0, Max: 0, Diff: 0, Sum: 0, Workers: 4
[1847.912s][debug][gc,phases      ] GC(133)     Total                          Min: 0, Avg:  0.0, Max: 0, Diff: 0, Sum: 0, Workers: 4
[1847.912s][debug][gc,phases      ] GC(133)   Weak JFR Old Object Samples    Min:  0.0, Avg:  0.0, Max:  0.0, Diff:  0.0, Sum:  0.0, Workers: 4
[1847.912s][debug][gc,phases      ] GC(133)     Dead                           Min: 0, Avg:  0.0, Max: 0, Diff: 0, Sum: 0, Workers: 4
[1847.912s][debug][gc,phases      ] GC(133)     Total                          Min: 0, Avg:  0.0, Max: 0, Diff: 0, Sum: 0, Workers: 4
[1847.912s][debug][gc,phases      ] GC(133) Weak Processing 0.363ms
[1847.912s][debug][gc,age         ] GC(133) Desired survivor size 67633152 bytes, new threshold 15 (max threshold 15)
[1847.912s][info ][gc,heap        ] GC(133) PSYoungGen: 1970176K(2033664K)->3184K(2028544K) Eden: 1970176K(1970176K)->0K(1965056K) From: 0K(63488K)->3184K(63488K)
[1847.912s][info ][gc,heap        ] GC(133) ParOldGen: 464843K(559616K)->464843K(559616K)
[1847.912s][info ][gc,metaspace   ] GC(133) Metaspace: 84764K(85696K)->84764K(85696K) NonClass: 72939K(73408K)->72939K(73408K) Class: 11824K(12288K)->11824K(12288K)
[1847.912s][info ][gc             ] GC(133) Pause Young (Allocation Failure) 2377M->457M(2527M) 3.770ms
[1847.912s][info ][gc,cpu         ] GC(133) User=0.02s Sys=0.00s Real=0.01s
[1847.912s][info ][safepoint      ] Safepoint "ParallelGCFailedAllocation", Time since last: 5306195548 ns, Reaching safepoint: 41900 ns, At safepoint: 3861524 ns, Total: 3903424 ns
[1855.913s][info ][safepoint      ] Safepoint "Cleanup", Time since last: 8000559381 ns, Reaching safepoint: 43100 ns, At safepoint: 13000 ns, Total: 56100 ns
[1856.913s][info ][safepoint      ] Safepoint "Cleanup", Time since last: 1000120182 ns, Reaching safepoint: 61501 ns, At safepoint: 6600 ns, Total: 68101 ns
[1860.259s][info ][safepoint      ] Safepoint "Cleanup", Time since last: 3346086989 ns, Reaching safepoint: 131101 ns, At safepoint: 7200 ns, Total: 138301 ns
[1861.259s][info ][safepoint      ] Safepoint "Cleanup", Time since last: 1000119266 ns, Reaching safepoint: 117801 ns, At safepoint: 5800 ns, Total: 123601 ns
[1862.260s][info ][safepoint      ] Safepoint "Cleanup", Time since last: 1000109764 ns, Reaching safepoint: 107500 ns, At safepoint: 7900 ns, Total: 115400 ns
[1863.260s][info ][safepoint      ] Safepoint "Cleanup", Time since last: 1000119960 ns, Reaching safepoint: 123901 ns, At safepoint: 7500 ns, Total: 131401 ns
[1864.260s][info ][safepoint      ] Safepoint "Cleanup", Time since last: 1000114256 ns, Reaching safepoint: 57401 ns, At safepoint: 4900 ns, Total: 62301 ns
[1869.261s][info ][safepoint      ] Safepoint "Cleanup", Time since last: 5000408229 ns, Reaching safepoint: 55001 ns, At safepoint: 3500 ns, Total: 58501 ns
[1872.261s][info ][safepoint      ] Safepoint "Cleanup", Time since last: 3000253396 ns, Reaching safepoint: 70301 ns, At safepoint: 6100 ns, Total: 76401 ns
[1880.262s][info ][safepoint      ] Safepoint "Cleanup", Time since last: 8000576008 ns, Reaching safepoint: 51700 ns, At safepoint: 3300 ns, Total: 55000 ns
[1883.262s][info ][safepoint      ] Safepoint "Cleanup", Time since last: 3000242385 ns, Reaching safepoint: 50600 ns, At safepoint: 8001 ns, Total: 58601 ns
[1889.262s][info ][safepoint      ] Safepoint "Cleanup", Time since last: 6000428080 ns, Reaching safepoint: 49400 ns, At safepoint: 4700 ns, Total: 54100 ns
[1897.263s][info ][safepoint      ] Safepoint "Cleanup", Time since last: 8000589456 ns, Reaching safepoint: 53501 ns, At safepoint: 7600 ns, Total: 61101 ns
[1898.263s][info ][safepoint      ] Safepoint "Cleanup", Time since last: 1000113142 ns, Reaching safepoint: 60101 ns, At safepoint: 5900 ns, Total: 66001 ns
[1900.263s][info ][safepoint      ] Safepoint "Cleanup", Time since last: 2000176475 ns, Reaching safepoint: 55300 ns, At safepoint: 8700 ns, Total: 64000 ns
[1904.264s][info ][safepoint      ] Safepoint "Cleanup", Time since last: 4000331512 ns, Reaching safepoint: 45300 ns, At safepoint: 4100 ns, Total: 49400 ns
[1905.264s][info ][safepoint      ] Safepoint "Cleanup", Time since last: 1000094820 ns, Reaching safepoint: 62401 ns, At safepoint: 5000 ns, Total: 67401 ns
[1905.657s][info ][gc,start       ] GC(134) Pause Young (Allocation Failure)
[1905.660s][debug][gc,phases      ] GC(134) Scavenge 3.215ms
[1905.660s][debug][gc,ref         ] GC(134) Skipped phase 1 of Reference Processing: no references
[1905.660s][debug][gc,ref         ] GC(134) ReferenceProcessor::execute queues: 1, RefProcThreadModel::Single, marks_oops_alive: false
[1905.660s][debug][gc,ref         ] GC(134) Skipped phase 3 of Reference Processing: no references
[1905.660s][debug][gc,ref         ] GC(134) ReferenceProcessor::execute queues: 1, RefProcThreadModel::Single, marks_oops_alive: false
[1905.660s][debug][gc,phases      ] GC(134) Reference Processing 0.113ms
[1905.660s][debug][gc,phases      ] GC(134)   VM Weak                        Min:  0.0, Avg:  0.0, Max:  0.0, Diff:  0.0, Sum:  0.0, Workers: 4
[1905.660s][debug][gc,phases      ] GC(134)     Dead                           Min: 0, Avg:  0.0, Max: 0, Diff: 0, Sum: 0, Workers: 4
[1905.660s][debug][gc,phases      ] GC(134)     Total                          Min: 0, Avg: 182.5, Max: 448, Diff: 448, Sum: 730, Workers: 4
[1905.660s][debug][gc,phases      ] GC(134)   ObjectSynchronizer Weak        Min:  0.0, Avg:  0.0, Max:  0.0, Diff:  0.0, Sum:  0.0, Workers: 4
[1905.660s][debug][gc,phases      ] GC(134)     Dead                           Min: 0, Avg:  0.0, Max: 0, Diff: 0, Sum: 0, Workers: 4
[1905.660s][debug][gc,phases      ] GC(134)     Total                          Min: 0, Avg: 62.2, Max: 128, Diff: 128, Sum: 249, Workers: 4
[1905.660s][debug][gc,phases      ] GC(134)   JVMTI Tag Weak OopStorage      Min:  0.0, Avg:  0.0, Max:  0.0, Diff:  0.0, Sum:  0.0, Workers: 4
[1905.660s][debug][gc,phases      ] GC(134)     Dead                           Min: 0, Avg:  0.0, Max: 0, Diff: 0, Sum: 0, Workers: 4
[1905.660s][debug][gc,phases      ] GC(134)     Total                          Min: 0, Avg:  0.0, Max: 0, Diff: 0, Sum: 0, Workers: 4
[1905.660s][debug][gc,phases      ] GC(134)   StringTable Weak               Min:  0.1, Avg:  0.1, Max:  0.1, Diff:  0.0, Sum:  0.4, Workers: 4
[1905.660s][debug][gc,phases      ] GC(134)     Dead                           Min: 0, Avg:  0.0, Max: 0, Diff: 0, Sum: 0, Workers: 4
[1905.660s][debug][gc,phases      ] GC(134)     Total                          Min: 11136, Avg: 12135.2, Max: 13376, Diff: 2240, Sum: 48541, Workers: 4
[1905.660s][debug][gc,phases      ] GC(134)   ResolvedMethodTable Weak       Min:  0.0, Avg:  0.0, Max:  0.0, Diff:  0.0, Sum:  0.1, Workers: 4
[1905.660s][debug][gc,phases      ] GC(134)     Dead                           Min: 0, Avg:  0.0, Max: 0, Diff: 0, Sum: 0, Workers: 4
[1905.660s][debug][gc,phases      ] GC(134)     Total                          Min: 1856, Avg: 2144.8, Max: 2304, Diff: 448, Sum: 8579, Workers: 4
[1905.660s][debug][gc,phases      ] GC(134)   JNI Weak                       Min:  0.0, Avg:  0.0, Max:  0.0, Diff:  0.0, Sum:  0.0, Workers: 4
[1905.660s][debug][gc,phases      ] GC(134)     Dead                           Min: 0, Avg:  0.0, Max: 0, Diff: 0, Sum: 0, Workers: 4
[1905.660s][debug][gc,phases      ] GC(134)     Total                          Min: 0, Avg:  0.0, Max: 0, Diff: 0, Sum: 0, Workers: 4
[1905.660s][debug][gc,phases      ] GC(134)   StringDedup Table Weak         Min:  0.0, Avg:  0.0, Max:  0.0, Diff:  0.0, Sum:  0.0, Workers: 4
[1905.660s][debug][gc,phases      ] GC(134)     Dead                           Min: 0, Avg:  0.0, Max: 0, Diff: 0, Sum: 0, Workers: 4
[1905.660s][debug][gc,phases      ] GC(134)     Total                          Min: 0, Avg:  0.0, Max: 0, Diff: 0, Sum: 0, Workers: 4
[1905.660s][debug][gc,phases      ] GC(134)   StringDedup Requests0 Weak     Min:  0.0, Avg:  0.0, Max:  0.0, Diff:  0.0, Sum:  0.0, Workers: 4
[1905.660s][debug][gc,phases      ] GC(134)     Dead                           Min: 0, Avg:  0.0, Max: 0, Diff: 0, Sum: 0, Workers: 4
[1905.660s][debug][gc,phases      ] GC(134)     Total                          Min: 0, Avg:  0.0, Max: 0, Diff: 0, Sum: 0, Workers: 4
[1905.660s][debug][gc,phases      ] GC(134)   StringDedup Requests1 Weak     Min:  0.0, Avg:  0.0, Max:  0.0, Diff:  0.0, Sum:  0.0, Workers: 4
[1905.660s][debug][gc,phases      ] GC(134)     Dead                           Min: 0, Avg:  0.0, Max: 0, Diff: 0, Sum: 0, Workers: 4
[1905.660s][debug][gc,phases      ] GC(134)     Total                          Min: 0, Avg:  0.0, Max: 0, Diff: 0, Sum: 0, Workers: 4
[1905.660s][debug][gc,phases      ] GC(134)   Weak JFR Old Object Samples    Min:  0.0, Avg:  0.0, Max:  0.0, Diff:  0.0, Sum:  0.0, Workers: 4
[1905.660s][debug][gc,phases      ] GC(134)     Dead                           Min: 0, Avg:  0.0, Max: 0, Diff: 0, Sum: 0, Workers: 4
[1905.660s][debug][gc,phases      ] GC(134)     Total                          Min: 0, Avg:  0.0, Max: 0, Diff: 0, Sum: 0, Workers: 4
[1905.660s][debug][gc,phases      ] GC(134) Weak Processing 0.339ms
[1905.660s][debug][gc,age         ] GC(134) Desired survivor size 69206016 bytes, new threshold 15 (max threshold 15)
[1905.660s][info ][gc,heap        ] GC(134) PSYoungGen: 1968240K(2028544K)->4800K(1970176K) Eden: 1965056K(1965056K)->0K(1965056K) From: 3184K(63488K)->4800K(5120K)
[1905.660s][info ][gc,heap        ] GC(134) ParOldGen: 464843K(559616K)->464843K(559616K)
[1905.660s][info ][gc,metaspace   ] GC(134) Metaspace: 84777K(85760K)->84777K(85760K) NonClass: 72952K(73472K)->72952K(73472K) Class: 11824K(12288K)->11824K(12288K)
[1905.661s][info ][gc             ] GC(134) Pause Young (Allocation Failure) 2376M->458M(2470M) 3.804ms
[1905.661s][info ][gc,cpu         ] GC(134) User=0.01s Sys=0.00s Real=0.00s
[1905.661s][info ][safepoint      ] Safepoint "ParallelGCFailedAllocation", Time since last: 392705984 ns, Reaching safepoint: 37000 ns, At safepoint: 3887823 ns, Total: 3924823 ns
[1922.662s][info ][safepoint      ] Safepoint "Cleanup", Time since last: 17001221933 ns, Reaching safepoint: 57601 ns, At safepoint: 36800 ns, Total: 94401 ns
[1926.666s][info ][safepoint      ] Safepoint "Cleanup", Time since last: 4000314130 ns, Reaching safepoint: 4290225 ns, At safepoint: 15500 ns, Total: 4305725 ns
[1927.667s][info ][safepoint      ] Safepoint "Cleanup", Time since last: 1000100250 ns, Reaching safepoint: 124801 ns, At safepoint: 6800 ns, Total: 131601 ns
[1928.667s][info ][safepoint      ] Safepoint "Cleanup", Time since last: 1000113447 ns, Reaching safepoint: 48500 ns, At safepoint: 12900 ns, Total: 61400 ns
[1931.667s][info ][safepoint      ] Safepoint "Cleanup", Time since last: 3000272623 ns, Reaching safepoint: 91301 ns, At safepoint: 4500 ns, Total: 95801 ns
[1937.668s][info ][safepoint      ] Safepoint "Cleanup", Time since last: 6000489063 ns, Reaching safepoint: 152201 ns, At safepoint: 16800 ns, Total: 169001 ns
[1939.668s][info ][safepoint      ] Safepoint "Cleanup", Time since last: 2000205230 ns, Reaching safepoint: 41700 ns, At safepoint: 5801 ns, Total: 47501 ns
[1963.055s][info ][gc,start       ] GC(135) Pause Young (Allocation Failure)
[1963.058s][debug][gc,phases      ] GC(135) Scavenge 3.327ms
[1963.058s][debug][gc,ref         ] GC(135) Skipped phase 1 of Reference Processing: no references
[1963.059s][debug][gc,ref         ] GC(135) ReferenceProcessor::execute queues: 1, RefProcThreadModel::Single, marks_oops_alive: false
[1963.059s][debug][gc,ref         ] GC(135) Skipped phase 3 of Reference Processing: no references
[1963.059s][debug][gc,ref         ] GC(135) ReferenceProcessor::execute queues: 1, RefProcThreadModel::Single, marks_oops_alive: false
[1963.059s][debug][gc,phases      ] GC(135) Reference Processing 0.146ms
[1963.059s][debug][gc,phases      ] GC(135)   VM Weak                        Min:  0.0, Avg:  0.0, Max:  0.0, Diff:  0.0, Sum:  0.0, Workers: 4
[1963.059s][debug][gc,phases      ] GC(135)     Dead                           Min: 0, Avg:  0.0, Max: 0, Diff: 0, Sum: 0, Workers: 4
[1963.059s][debug][gc,phases      ] GC(135)     Total                          Min: 0, Avg: 182.5, Max: 474, Diff: 474, Sum: 730, Workers: 4
[1963.059s][debug][gc,phases      ] GC(135)   ObjectSynchronizer Weak        Min:  0.0, Avg:  0.0, Max:  0.0, Diff:  0.0, Sum:  0.0, Workers: 4
[1963.059s][debug][gc,phases      ] GC(135)     Dead                           Min: 0, Avg:  0.0, Max: 0, Diff: 0, Sum: 0, Workers: 4
[1963.059s][debug][gc,phases      ] GC(135)     Total                          Min: 0, Avg: 62.2, Max: 128, Diff: 128, Sum: 249, Workers: 4
[1963.059s][debug][gc,phases      ] GC(135)   JVMTI Tag Weak OopStorage      Min:  0.0, Avg:  0.0, Max:  0.0, Diff:  0.0, Sum:  0.0, Workers: 4
[1963.059s][debug][gc,phases      ] GC(135)     Dead                           Min: 0, Avg:  0.0, Max: 0, Diff: 0, Sum: 0, Workers: 4
[1963.059s][debug][gc,phases      ] GC(135)     Total                          Min: 0, Avg:  0.0, Max: 0, Diff: 0, Sum: 0, Workers: 4
[1963.059s][debug][gc,phases      ] GC(135)   StringTable Weak               Min:  0.1, Avg:  0.1, Max:  0.1, Diff:  0.0, Sum:  0.4, Workers: 4
[1963.059s][debug][gc,phases      ] GC(135)     Dead                           Min: 0, Avg:  0.0, Max: 0, Diff: 0, Sum: 0, Workers: 4
[1963.059s][debug][gc,phases      ] GC(135)     Total                          Min: 11264, Avg: 12137.8, Max: 12800, Diff: 1536, Sum: 48551, Workers: 4
[1963.059s][debug][gc,phases      ] GC(135)   ResolvedMethodTable Weak       Min:  0.0, Avg:  0.0, Max:  0.0, Diff:  0.0, Sum:  0.1, Workers: 4
[1963.059s][debug][gc,phases      ] GC(135)     Dead                           Min: 0, Avg:  0.0, Max: 0, Diff: 0, Sum: 0, Workers: 4
[1963.059s][debug][gc,phases      ] GC(135)     Total                          Min: 1923, Avg: 2144.8, Max: 2304, Diff: 381, Sum: 8579, Workers: 4
[1963.059s][debug][gc,phases      ] GC(135)   JNI Weak                       Min:  0.0, Avg:  0.0, Max:  0.0, Diff:  0.0, Sum:  0.0, Workers: 4
[1963.059s][debug][gc,phases      ] GC(135)     Dead                           Min: 0, Avg:  0.0, Max: 0, Diff: 0, Sum: 0, Workers: 4
[1963.059s][debug][gc,phases      ] GC(135)     Total                          Min: 0, Avg:  0.0, Max: 0, Diff: 0, Sum: 0, Workers: 4
[1963.059s][debug][gc,phases      ] GC(135)   StringDedup Table Weak         Min:  0.0, Avg:  0.0, Max:  0.0, Diff:  0.0, Sum:  0.0, Workers: 4
[1963.059s][debug][gc,phases      ] GC(135)     Dead                           Min: 0, Avg:  0.0, Max: 0, Diff: 0, Sum: 0, Workers: 4
[1963.059s][debug][gc,phases      ] GC(135)     Total                          Min: 0, Avg:  0.0, Max: 0, Diff: 0, Sum: 0, Workers: 4
[1963.059s][debug][gc,phases      ] GC(135)   StringDedup Requests0 Weak     Min:  0.0, Avg:  0.0, Max:  0.0, Diff:  0.0, Sum:  0.0, Workers: 4
[1963.059s][debug][gc,phases      ] GC(135)     Dead                           Min: 0, Avg:  0.0, Max: 0, Diff: 0, Sum: 0, Workers: 4
[1963.059s][debug][gc,phases      ] GC(135)     Total                          Min: 0, Avg:  0.0, Max: 0, Diff: 0, Sum: 0, Workers: 4
[1963.059s][debug][gc,phases      ] GC(135)   StringDedup Requests1 Weak     Min:  0.0, Avg:  0.0, Max:  0.0, Diff:  0.0, Sum:  0.0, Workers: 4
[1963.059s][debug][gc,phases      ] GC(135)     Dead                           Min: 0, Avg:  0.0, Max: 0, Diff: 0, Sum: 0, Workers: 4
[1963.059s][debug][gc,phases      ] GC(135)     Total                          Min: 0, Avg:  0.0, Max: 0, Diff: 0, Sum: 0, Workers: 4
[1963.059s][debug][gc,phases      ] GC(135)   Weak JFR Old Object Samples    Min:  0.0, Avg:  0.0, Max:  0.0, Diff:  0.0, Sum:  0.0, Workers: 4
[1963.059s][debug][gc,phases      ] GC(135)     Dead                           Min: 0, Avg:  0.0, Max: 0, Diff: 0, Sum: 0, Workers: 4
[1963.059s][debug][gc,phases      ] GC(135)     Total                          Min: 0, Avg:  0.0, Max: 0, Diff: 0, Sum: 0, Workers: 4
[1963.059s][debug][gc,phases      ] GC(135) Weak Processing 0.397ms
[1963.059s][debug][gc,age         ] GC(135) Desired survivor size 69730304 bytes, new threshold 15 (max threshold 15)
[1963.059s][info ][gc,heap        ] GC(135) PSYoungGen: 1969856K(1970176K)->4368K(2028544K) Eden: 1965056K(1965056K)->0K(1960960K) From: 4800K(5120K)->4368K(67584K)
[1963.059s][info ][gc,heap        ] GC(135) ParOldGen: 464843K(559616K)->464843K(559616K)
[1963.059s][info ][gc,metaspace   ] GC(135) Metaspace: 84783K(85760K)->84783K(85760K) NonClass: 72958K(73472K)->72958K(73472K) Class: 11824K(12288K)->11824K(12288K)
[1963.059s][info ][gc             ] GC(135) Pause Young (Allocation Failure) 2377M->458M(2527M) 4.036ms
[1963.059s][info ][gc,cpu         ] GC(135) User=0.02s Sys=0.00s Real=0.00s
[1963.059s][info ][safepoint      ] Safepoint "ParallelGCFailedAllocation", Time since last: 23386754875 ns, Reaching safepoint: 39700 ns, At safepoint: 4136724 ns, Total: 4176424 ns
[1966.059s][info ][safepoint      ] Safepoint "Cleanup", Time since last: 3000177919 ns, Reaching safepoint: 54000 ns, At safepoint: 6200 ns, Total: 60200 ns
[1974.060s][info ][safepoint      ] Safepoint "Cleanup", Time since last: 8000545593 ns, Reaching safepoint: 52800 ns, At safepoint: 3400 ns, Total: 56200 ns
[1977.060s][info ][safepoint      ] Safepoint "Cleanup", Time since last: 3000261827 ns, Reaching safepoint: 34600 ns, At safepoint: 3300 ns, Total: 37900 ns
[1982.061s][info ][safepoint      ] Safepoint "Cleanup", Time since last: 5000376589 ns, Reaching safepoint: 56000 ns, At safepoint: 30300 ns, Total: 86300 ns
[1989.061s][info ][safepoint      ] Safepoint "Cleanup", Time since last: 7000490869 ns, Reaching safepoint: 51700 ns, At safepoint: 6500 ns, Total: 58200 ns
[1992.062s][info ][safepoint      ] Safepoint "Cleanup", Time since last: 3000252903 ns, Reaching safepoint: 53101 ns, At safepoint: 3800 ns, Total: 56901 ns
[1993.062s][info ][safepoint      ] Safepoint "Cleanup", Time since last: 1000109262 ns, Reaching safepoint: 42300 ns, At safepoint: 3400 ns, Total: 45700 ns
[1994.062s][info ][safepoint      ] Safepoint "Cleanup", Time since last: 1000108460 ns, Reaching safepoint: 48900 ns, At safepoint: 3400 ns, Total: 52300 ns
[1995.062s][info ][safepoint      ] Safepoint "Cleanup", Time since last: 1000082257 ns, Reaching safepoint: 56101 ns, At safepoint: 7900 ns, Total: 64001 ns
[1996.062s][info ][safepoint      ] Safepoint "Cleanup", Time since last: 1000113954 ns, Reaching safepoint: 34900 ns, At safepoint: 4100 ns, Total: 39000 ns
[1997.062s][info ][safepoint      ] Safepoint "Cleanup", Time since last: 1000110052 ns, Reaching safepoint: 61701 ns, At safepoint: 6000 ns, Total: 67701 ns
[2024.064s][info ][safepoint      ] Safepoint "Cleanup", Time since last: 27001813800 ns, Reaching safepoint: 55800 ns, At safepoint: 20900 ns, Total: 76700 ns
[2033.065s][info ][safepoint      ] Safepoint "Cleanup", Time since last: 9000601019 ns, Reaching safepoint: 56800 ns, At safepoint: 8201 ns, Total: 65001 ns
[2036.065s][info ][safepoint      ] Safepoint "Cleanup", Time since last: 3000257561 ns, Reaching safepoint: 53701 ns, At safepoint: 5800 ns, Total: 59501 ns
[2039.823s][info ][gc,start       ] GC(136) Pause Young (Allocation Failure)
[2039.826s][debug][gc,phases      ] GC(136) Scavenge 2.539ms
[2039.826s][debug][gc,ref         ] GC(136) Skipped phase 1 of Reference Processing: no references
[2039.826s][debug][gc,ref         ] GC(136) ReferenceProcessor::execute queues: 1, RefProcThreadModel::Single, marks_oops_alive: false
[2039.826s][debug][gc,ref         ] GC(136) Skipped phase 3 of Reference Processing: no references
[2039.826s][debug][gc,ref         ] GC(136) ReferenceProcessor::execute queues: 1, RefProcThreadModel::Single, marks_oops_alive: false
[2039.826s][debug][gc,phases      ] GC(136) Reference Processing 0.118ms
[2039.826s][debug][gc,phases      ] GC(136)   VM Weak                        Min:  0.0, Avg:  0.0, Max:  0.0, Diff:  0.0, Sum:  0.0, Workers: 4
[2039.826s][debug][gc,phases      ] GC(136)     Dead                           Min: 0, Avg:  0.0, Max: 0, Diff: 0, Sum: 0, Workers: 4
[2039.826s][debug][gc,phases      ] GC(136)     Total                          Min: 0, Avg: 183.5, Max: 640, Diff: 640, Sum: 734, Workers: 4
[2039.826s][debug][gc,phases      ] GC(136)   ObjectSynchronizer Weak        Min:  0.0, Avg:  0.0, Max:  0.0, Diff:  0.0, Sum:  0.0, Workers: 4
[2039.826s][debug][gc,phases      ] GC(136)     Dead                           Min: 0, Avg:  0.0, Max: 0, Diff: 0, Sum: 0, Workers: 4
[2039.826s][debug][gc,phases      ] GC(136)     Total                          Min: 0, Avg: 62.2, Max: 128, Diff: 128, Sum: 249, Workers: 4
[2039.826s][debug][gc,phases      ] GC(136)   JVMTI Tag Weak OopStorage      Min:  0.0, Avg:  0.0, Max:  0.0, Diff:  0.0, Sum:  0.0, Workers: 4
[2039.826s][debug][gc,phases      ] GC(136)     Dead                           Min: 0, Avg:  0.0, Max: 0, Diff: 0, Sum: 0, Workers: 4
[2039.826s][debug][gc,phases      ] GC(136)     Total                          Min: 0, Avg:  0.0, Max: 0, Diff: 0, Sum: 0, Workers: 4
[2039.826s][debug][gc,phases      ] GC(136)   StringTable Weak               Min:  0.1, Avg:  0.1, Max:  0.1, Diff:  0.0, Sum:  0.4, Workers: 4
[2039.826s][debug][gc,phases      ] GC(136)     Dead                           Min: 0, Avg:  0.0, Max: 0, Diff: 0, Sum: 0, Workers: 4
[2039.826s][debug][gc,phases      ] GC(136)     Total                          Min: 11434, Avg: 12138.5, Max: 13120, Diff: 1686, Sum: 48554, Workers: 4
[2039.826s][debug][gc,phases      ] GC(136)   ResolvedMethodTable Weak       Min:  0.0, Avg:  0.0, Max:  0.0, Diff:  0.0, Sum:  0.1, Workers: 4
[2039.826s][debug][gc,phases      ] GC(136)     Dead                           Min: 0, Avg:  0.0, Max: 0, Diff: 0, Sum: 0, Workers: 4
[2039.826s][debug][gc,phases      ] GC(136)     Total                          Min: 2061, Avg: 2147.2, Max: 2240, Diff: 179, Sum: 8589, Workers: 4
[2039.826s][debug][gc,phases      ] GC(136)   JNI Weak                       Min:  0.0, Avg:  0.0, Max:  0.0, Diff:  0.0, Sum:  0.0, Workers: 4
[2039.826s][debug][gc,phases      ] GC(136)     Dead                           Min: 0, Avg:  0.0, Max: 0, Diff: 0, Sum: 0, Workers: 4
[2039.826s][debug][gc,phases      ] GC(136)     Total                          Min: 0, Avg:  0.0, Max: 0, Diff: 0, Sum: 0, Workers: 4
[2039.826s][debug][gc,phases      ] GC(136)   StringDedup Table Weak         Min:  0.0, Avg:  0.0, Max:  0.0, Diff:  0.0, Sum:  0.0, Workers: 4
[2039.826s][debug][gc,phases      ] GC(136)     Dead                           Min: 0, Avg:  0.0, Max: 0, Diff: 0, Sum: 0, Workers: 4
[2039.826s][debug][gc,phases      ] GC(136)     Total                          Min: 0, Avg:  0.0, Max: 0, Diff: 0, Sum: 0, Workers: 4
[2039.826s][debug][gc,phases      ] GC(136)   StringDedup Requests0 Weak     Min:  0.0, Avg:  0.0, Max:  0.0, Diff:  0.0, Sum:  0.0, Workers: 4
[2039.826s][debug][gc,phases      ] GC(136)     Dead                           Min: 0, Avg:  0.0, Max: 0, Diff: 0, Sum: 0, Workers: 4
[2039.826s][debug][gc,phases      ] GC(136)     Total                          Min: 0, Avg:  0.0, Max: 0, Diff: 0, Sum: 0, Workers: 4
[2039.826s][debug][gc,phases      ] GC(136)   StringDedup Requests1 Weak     Min:  0.0, Avg:  0.0, Max:  0.0, Diff:  0.0, Sum:  0.0, Workers: 4
[2039.826s][debug][gc,phases      ] GC(136)     Dead                           Min: 0, Avg:  0.0, Max: 0, Diff: 0, Sum: 0, Workers: 4
[2039.826s][debug][gc,phases      ] GC(136)     Total                          Min: 0, Avg:  0.0, Max: 0, Diff: 0, Sum: 0, Workers: 4
[2039.826s][debug][gc,phases      ] GC(136)   Weak JFR Old Object Samples    Min:  0.0, Avg:  0.0, Max:  0.0, Diff:  0.0, Sum:  0.0, Workers: 4
[2039.826s][debug][gc,phases      ] GC(136)     Dead                           Min: 0, Avg:  0.0, Max: 0, Diff: 0, Sum: 0, Workers: 4
[2039.826s][debug][gc,phases      ] GC(136)     Total                          Min: 0, Avg:  0.0, Max: 0, Diff: 0, Sum: 0, Workers: 4
[2039.826s][debug][gc,phases      ] GC(136) Weak Processing 0.344ms
[2039.826s][debug][gc,age         ] GC(136) Desired survivor size 69730304 bytes, new threshold 15 (max threshold 15)
[2039.826s][info ][gc,heap        ] GC(136) PSYoungGen: 1965328K(2028544K)->4528K(2029056K) Eden: 1960960K(1960960K)->0K(1960960K) From: 4368K(67584K)->4528K(68096K)
[2039.826s][info ][gc,heap        ] GC(136) ParOldGen: 464843K(559616K)->464843K(559616K)
[2039.826s][info ][gc,metaspace   ] GC(136) Metaspace: 84812K(85760K)->84812K(85760K) NonClass: 72983K(73472K)->72983K(73472K) Class: 11828K(12288K)->11828K(12288K)
[2039.826s][info ][gc             ] GC(136) Pause Young (Allocation Failure) 2373M->458M(2528M) 3.131ms
[2039.826s][info ][gc,cpu         ] GC(136) User=0.01s Sys=0.00s Real=0.00s
[2039.826s][info ][safepoint      ] Safepoint "ParallelGCFailedAllocation", Time since last: 3757681460 ns, Reaching safepoint: 41601 ns, At safepoint: 3218817 ns, Total: 3260418 ns
[2069.152s][info ][safepoint      ] Safepoint "Cleanup", Time since last: 29325585311 ns, Reaching safepoint: 147600 ns, At safepoint: 23001 ns, Total: 170601 ns
[2070.152s][info ][safepoint      ] Safepoint "Cleanup", Time since last: 1000119770 ns, Reaching safepoint: 139600 ns, At safepoint: 13500 ns, Total: 153100 ns
[2071.152s][info ][safepoint      ] Safepoint "Cleanup", Time since last: 1000101668 ns, Reaching safepoint: 128901 ns, At safepoint: 8700 ns, Total: 137601 ns
[2076.153s][info ][safepoint      ] Safepoint "Cleanup", Time since last: 5000355303 ns, Reaching safepoint: 136100 ns, At safepoint: 8701 ns, Total: 144801 ns
[2081.154s][info ][safepoint      ] Safepoint "Cleanup", Time since last: 5000437846 ns, Reaching safepoint: 122100 ns, At safepoint: 11101 ns, Total: 133201 ns
[2084.154s][info ][safepoint      ] Safepoint "Cleanup", Time since last: 3000273520 ns, Reaching safepoint: 132001 ns, At safepoint: 6700 ns, Total: 138701 ns
[2086.154s][info ][safepoint      ] Safepoint "Cleanup", Time since last: 2000172769 ns, Reaching safepoint: 125101 ns, At safepoint: 7200 ns, Total: 132301 ns
[2094.155s][info ][safepoint      ] Safepoint "Cleanup", Time since last: 8000634287 ns, Reaching safepoint: 119600 ns, At safepoint: 15200 ns, Total: 134800 ns
[2095.155s][info ][safepoint      ] Safepoint "Cleanup", Time since last: 1000105514 ns, Reaching safepoint: 131401 ns, At safepoint: 7500 ns, Total: 138901 ns
[2099.156s][info ][safepoint      ] Safepoint "Cleanup", Time since last: 4000343332 ns, Reaching safepoint: 131400 ns, At safepoint: 15900 ns, Total: 147300 ns
[2105.156s][info ][safepoint      ] Safepoint "Cleanup", Time since last: 6000506183 ns, Reaching safepoint: 127700 ns, At safepoint: 39500 ns, Total: 167200 ns
[2110.389s][info ][gc,start       ] GC(137) Pause Young (Allocation Failure)
[2110.392s][debug][gc,phases      ] GC(137) Scavenge 3.037ms
[2110.392s][debug][gc,ref         ] GC(137) Skipped phase 1 of Reference Processing: no references
[2110.392s][debug][gc,ref         ] GC(137) ReferenceProcessor::execute queues: 1, RefProcThreadModel::Single, marks_oops_alive: false
[2110.392s][debug][gc,ref         ] GC(137) Skipped phase 3 of Reference Processing: no references
[2110.392s][debug][gc,ref         ] GC(137) ReferenceProcessor::execute queues: 1, RefProcThreadModel::Single, marks_oops_alive: false
[2110.392s][debug][gc,phases      ] GC(137) Reference Processing 0.145ms
[2110.393s][debug][gc,phases      ] GC(137)   VM Weak                        Min:  0.0, Avg:  0.0, Max:  0.0, Diff:  0.0, Sum:  0.0, Workers: 4
[2110.393s][debug][gc,phases      ] GC(137)     Dead                           Min: 0, Avg:  0.0, Max: 0, Diff: 0, Sum: 0, Workers: 4
[2110.393s][debug][gc,phases      ] GC(137)     Total                          Min: 64, Avg: 183.5, Max: 320, Diff: 256, Sum: 734, Workers: 4
[2110.393s][debug][gc,phases      ] GC(137)   ObjectSynchronizer Weak        Min:  0.0, Avg:  0.0, Max:  0.0, Diff:  0.0, Sum:  0.0, Workers: 4
[2110.393s][debug][gc,phases      ] GC(137)     Dead                           Min: 0, Avg:  0.0, Max: 0, Diff: 0, Sum: 0, Workers: 4
[2110.393s][debug][gc,phases      ] GC(137)     Total                          Min: 0, Avg: 62.2, Max: 128, Diff: 128, Sum: 249, Workers: 4
[2110.393s][debug][gc,phases      ] GC(137)   JVMTI Tag Weak OopStorage      Min:  0.0, Avg:  0.0, Max:  0.0, Diff:  0.0, Sum:  0.0, Workers: 4
[2110.393s][debug][gc,phases      ] GC(137)     Dead                           Min: 0, Avg:  0.0, Max: 0, Diff: 0, Sum: 0, Workers: 4
[2110.393s][debug][gc,phases      ] GC(137)     Total                          Min: 0, Avg:  0.0, Max: 0, Diff: 0, Sum: 0, Workers: 4
[2110.393s][debug][gc,phases      ] GC(137)   StringTable Weak               Min:  0.1, Avg:  0.1, Max:  0.1, Diff:  0.0, Sum:  0.4, Workers: 4
[2110.393s][debug][gc,phases      ] GC(137)     Dead                           Min: 0, Avg:  0.0, Max: 0, Diff: 0, Sum: 0, Workers: 4
[2110.393s][debug][gc,phases      ] GC(137)     Total                          Min: 11072, Avg: 12138.8, Max: 13163, Diff: 2091, Sum: 48555, Workers: 4
[2110.393s][debug][gc,phases      ] GC(137)   ResolvedMethodTable Weak       Min:  0.0, Avg:  0.0, Max:  0.0, Diff:  0.0, Sum:  0.1, Workers: 4
[2110.393s][debug][gc,phases      ] GC(137)     Dead                           Min: 0, Avg:  0.0, Max: 0, Diff: 0, Sum: 0, Workers: 4
[2110.393s][debug][gc,phases      ] GC(137)     Total                          Min: 1997, Avg: 2147.2, Max: 2304, Diff: 307, Sum: 8589, Workers: 4
[2110.393s][debug][gc,phases      ] GC(137)   JNI Weak                       Min:  0.0, Avg:  0.0, Max:  0.0, Diff:  0.0, Sum:  0.0, Workers: 4
[2110.393s][debug][gc,phases      ] GC(137)     Dead                           Min: 0, Avg:  0.0, Max: 0, Diff: 0, Sum: 0, Workers: 4
[2110.393s][debug][gc,phases      ] GC(137)     Total                          Min: 0, Avg:  0.0, Max: 0, Diff: 0, Sum: 0, Workers: 4
[2110.393s][debug][gc,phases      ] GC(137)   StringDedup Table Weak         Min:  0.0, Avg:  0.0, Max:  0.0, Diff:  0.0, Sum:  0.0, Workers: 4
[2110.393s][debug][gc,phases      ] GC(137)     Dead                           Min: 0, Avg:  0.0, Max: 0, Diff: 0, Sum: 0, Workers: 4
[2110.393s][debug][gc,phases      ] GC(137)     Total                          Min: 0, Avg:  0.0, Max: 0, Diff: 0, Sum: 0, Workers: 4
[2110.393s][debug][gc,phases      ] GC(137)   StringDedup Requests0 Weak     Min:  0.0, Avg:  0.0, Max:  0.0, Diff:  0.0, Sum:  0.0, Workers: 4
[2110.393s][debug][gc,phases      ] GC(137)     Dead                           Min: 0, Avg:  0.0, Max: 0, Diff: 0, Sum: 0, Workers: 4
[2110.393s][debug][gc,phases      ] GC(137)     Total                          Min: 0, Avg:  0.0, Max: 0, Diff: 0, Sum: 0, Workers: 4
[2110.393s][debug][gc,phases      ] GC(137)   StringDedup Requests1 Weak     Min:  0.0, Avg:  0.0, Max:  0.0, Diff:  0.0, Sum:  0.0, Workers: 4
[2110.393s][debug][gc,phases      ] GC(137)     Dead                           Min: 0, Avg:  0.0, Max: 0, Diff: 0, Sum: 0, Workers: 4
[2110.393s][debug][gc,phases      ] GC(137)     Total                          Min: 0, Avg:  0.0, Max: 0, Diff: 0, Sum: 0, Workers: 4
[2110.393s][debug][gc,phases      ] GC(137)   Weak JFR Old Object Samples    Min:  0.0, Avg:  0.0, Max:  0.0, Diff:  0.0, Sum:  0.0, Workers: 4
[2110.393s][debug][gc,phases      ] GC(137)     Dead                           Min: 0, Avg:  0.0, Max: 0, Diff: 0, Sum: 0, Workers: 4
[2110.393s][debug][gc,phases      ] GC(137)     Total                          Min: 0, Avg:  0.0, Max: 0, Diff: 0, Sum: 0, Workers: 4
[2110.393s][debug][gc,phases      ] GC(137) Weak Processing 0.330ms
[2110.393s][debug][gc,age         ] GC(137) Desired survivor size 68681728 bytes, new threshold 15 (max threshold 15)
[2110.393s][info ][gc,heap        ] GC(137) PSYoungGen: 1965488K(2029056K)->5056K(2030080K) Eden: 1960960K(1960960K)->0K(1961984K) From: 4528K(68096K)->5056K(68096K)
[2110.393s][info ][gc,heap        ] GC(137) ParOldGen: 464843K(559616K)->464843K(559616K)
[2110.393s][info ][gc,metaspace   ] GC(137) Metaspace: 84826K(85760K)->84826K(85760K) NonClass: 72997K(73472K)->72997K(73472K) Class: 11828K(12288K)->11828K(12288K)
[2110.393s][info ][gc             ] GC(137) Pause Young (Allocation Failure) 2373M->458M(2529M) 3.653ms
[2110.393s][info ][gc,cpu         ] GC(137) User=0.01s Sys=0.00s Real=0.01s
[2110.393s][info ][safepoint      ] Safepoint "ParallelGCFailedAllocation", Time since last: 5232618652 ns, Reaching safepoint: 41300 ns, At safepoint: 3740520 ns, Total: 3781820 ns
[2111.393s][info ][safepoint      ] Safepoint "Cleanup", Time since last: 1000085878 ns, Reaching safepoint: 40800 ns, At safepoint: 3000 ns, Total: 43800 ns
[2113.393s][info ][safepoint      ] Safepoint "Cleanup", Time since last: 2000183351 ns, Reaching safepoint: 45200 ns, At safepoint: 8000 ns, Total: 53200 ns
[2115.393s][info ][safepoint      ] Safepoint "Cleanup", Time since last: 2000166741 ns, Reaching safepoint: 46001 ns, At safepoint: 3600 ns, Total: 49601 ns
[2117.394s][info ][safepoint      ] Safepoint "Cleanup", Time since last: 2000175433 ns, Reaching safepoint: 49900 ns, At safepoint: 9000 ns, Total: 58900 ns
[2119.394s][info ][safepoint      ] Safepoint "Cleanup", Time since last: 2000152425 ns, Reaching safepoint: 54500 ns, At safepoint: 7700 ns, Total: 62200 ns
[2121.394s][info ][safepoint      ] Safepoint "Cleanup", Time since last: 2000161816 ns, Reaching safepoint: 48700 ns, At safepoint: 7701 ns, Total: 56401 ns
[2122.394s][info ][safepoint      ] Safepoint "Cleanup", Time since last: 1000094355 ns, Reaching safepoint: 44200 ns, At safepoint: 2800 ns, Total: 47000 ns
[2123.394s][info ][safepoint      ] Safepoint "Cleanup", Time since last: 1000087553 ns, Reaching safepoint: 42000 ns, At safepoint: 5900 ns, Total: 47900 ns
[2124.394s][info ][safepoint      ] Safepoint "Cleanup", Time since last: 1000091251 ns, Reaching safepoint: 61200 ns, At safepoint: 4400 ns, Total: 65600 ns
[2127.395s][info ][safepoint      ] Safepoint "Cleanup", Time since last: 3000252340 ns, Reaching safepoint: 66001 ns, At safepoint: 10400 ns, Total: 76401 ns
[2130.395s][info ][safepoint      ] Safepoint "Cleanup", Time since last: 3000253721 ns, Reaching safepoint: 47800 ns, At safepoint: 7900 ns, Total: 55700 ns
[2132.395s][info ][safepoint      ] Safepoint "Cleanup", Time since last: 2000182671 ns, Reaching safepoint: 47400 ns, At safepoint: 4000 ns, Total: 51400 ns
[2136.396s][info ][safepoint      ] Safepoint "Cleanup", Time since last: 4000314017 ns, Reaching safepoint: 51600 ns, At safepoint: 25300 ns, Total: 76900 ns
[2139.396s][info ][safepoint      ] Safepoint "Cleanup", Time since last: 3000239967 ns, Reaching safepoint: 58300 ns, At safepoint: 11800 ns, Total: 70100 ns
[2142.396s][info ][safepoint      ] Safepoint "Cleanup", Time since last: 3000266848 ns, Reaching safepoint: 45900 ns, At safepoint: 3801 ns, Total: 49701 ns
[2143.397s][info ][safepoint      ] Safepoint "Cleanup", Time since last: 1000107812 ns, Reaching safepoint: 66000 ns, At safepoint: 6300 ns, Total: 72300 ns
[2151.397s][info ][safepoint      ] Safepoint "Cleanup", Time since last: 8000543524 ns, Reaching safepoint: 49900 ns, At safepoint: 7100 ns, Total: 57000 ns
[2155.398s][info ][safepoint      ] Safepoint "Cleanup", Time since last: 4000300765 ns, Reaching safepoint: 52400 ns, At safepoint: 3500 ns, Total: 55900 ns
[2156.398s][info ][safepoint      ] Safepoint "Cleanup", Time since last: 1000106186 ns, Reaching safepoint: 27500 ns, At safepoint: 2300 ns, Total: 29800 ns
[2164.398s][info ][safepoint      ] Safepoint "Cleanup", Time since last: 8000582420 ns, Reaching safepoint: 47501 ns, At safepoint: 3000 ns, Total: 50501 ns
[2168.399s][info ][safepoint      ] Safepoint "Cleanup", Time since last: 4000254363 ns, Reaching safepoint: 59900 ns, At safepoint: 6000 ns, Total: 65900 ns
[2172.399s][info ][safepoint      ] Safepoint "Cleanup", Time since last: 4000329934 ns, Reaching safepoint: 55300 ns, At safepoint: 14800 ns, Total: 70100 ns
[2173.399s][info ][safepoint      ] Safepoint "Cleanup", Time since last: 1000126454 ns, Reaching safepoint: 61800 ns, At safepoint: 7300 ns, Total: 69100 ns
[2176.400s][info ][safepoint      ] Safepoint "Cleanup", Time since last: 3000262450 ns, Reaching safepoint: 53400 ns, At safepoint: 7600 ns, Total: 61000 ns
[2177.107s][info ][gc,start       ] GC(138) Pause Young (Allocation Failure)
[2177.110s][debug][gc,phases      ] GC(138) Scavenge 2.926ms
[2177.110s][debug][gc,ref         ] GC(138) Skipped phase 1 of Reference Processing: no references
[2177.110s][debug][gc,ref         ] GC(138) ReferenceProcessor::execute queues: 1, RefProcThreadModel::Single, marks_oops_alive: false
[2177.110s][debug][gc,ref         ] GC(138) Skipped phase 3 of Reference Processing: no references
[2177.110s][debug][gc,ref         ] GC(138) ReferenceProcessor::execute queues: 1, RefProcThreadModel::Single, marks_oops_alive: false
[2177.110s][debug][gc,phases      ] GC(138) Reference Processing 0.120ms
[2177.111s][debug][gc,phases      ] GC(138)   VM Weak                        Min:  0.0, Avg:  0.0, Max:  0.0, Diff:  0.0, Sum:  0.0, Workers: 4
[2177.111s][debug][gc,phases      ] GC(138)     Dead                           Min: 0, Avg:  0.0, Max: 0, Diff: 0, Sum: 0, Workers: 4
[2177.111s][debug][gc,phases      ] GC(138)     Total                          Min: 0, Avg: 183.5, Max: 542, Diff: 542, Sum: 734, Workers: 4
[2177.111s][debug][gc,phases      ] GC(138)   ObjectSynchronizer Weak        Min:  0.0, Avg:  0.0, Max:  0.0, Diff:  0.0, Sum:  0.0, Workers: 4
[2177.111s][debug][gc,phases      ] GC(138)     Dead                           Min: 0, Avg:  0.0, Max: 0, Diff: 0, Sum: 0, Workers: 4
[2177.111s][debug][gc,phases      ] GC(138)     Total                          Min: 0, Avg: 62.2, Max: 185, Diff: 185, Sum: 249, Workers: 4
[2177.111s][debug][gc,phases      ] GC(138)   JVMTI Tag Weak OopStorage      Min:  0.0, Avg:  0.0, Max:  0.0, Diff:  0.0, Sum:  0.0, Workers: 4
[2177.111s][debug][gc,phases      ] GC(138)     Dead                           Min: 0, Avg:  0.0, Max: 0, Diff: 0, Sum: 0, Workers: 4
[2177.111s][debug][gc,phases      ] GC(138)     Total                          Min: 0, Avg:  0.0, Max: 0, Diff: 0, Sum: 0, Workers: 4
[2177.111s][debug][gc,phases      ] GC(138)   StringTable Weak               Min:  0.1, Avg:  0.1, Max:  0.1, Diff:  0.0, Sum:  0.4, Workers: 4
[2177.111s][debug][gc,phases      ] GC(138)     Dead                           Min: 0, Avg:  0.0, Max: 0, Diff: 0, Sum: 0, Workers: 4
[2177.111s][debug][gc,phases      ] GC(138)     Total                          Min: 11584, Avg: 12139.2, Max: 12973, Diff: 1389, Sum: 48557, Workers: 4
[2177.111s][debug][gc,phases      ] GC(138)   ResolvedMethodTable Weak       Min:  0.0, Avg:  0.0, Max:  0.0, Diff:  0.0, Sum:  0.1, Workers: 4
[2177.111s][debug][gc,phases      ] GC(138)     Dead                           Min: 0, Avg:  0.0, Max: 0, Diff: 0, Sum: 0, Workers: 4
[2177.111s][debug][gc,phases      ] GC(138)     Total                          Min: 2048, Avg: 2147.8, Max: 2191, Diff: 143, Sum: 8591, Workers: 4
[2177.111s][debug][gc,phases      ] GC(138)   JNI Weak                       Min:  0.0, Avg:  0.0, Max:  0.0, Diff:  0.0, Sum:  0.0, Workers: 4
[2177.111s][debug][gc,phases      ] GC(138)     Dead                           Min: 0, Avg:  0.0, Max: 0, Diff: 0, Sum: 0, Workers: 4
[2177.111s][debug][gc,phases      ] GC(138)     Total                          Min: 0, Avg:  0.0, Max: 0, Diff: 0, Sum: 0, Workers: 4
[2177.111s][debug][gc,phases      ] GC(138)   StringDedup Table Weak         Min:  0.0, Avg:  0.0, Max:  0.0, Diff:  0.0, Sum:  0.0, Workers: 4
[2177.111s][debug][gc,phases      ] GC(138)     Dead                           Min: 0, Avg:  0.0, Max: 0, Diff: 0, Sum: 0, Workers: 4
[2177.111s][debug][gc,phases      ] GC(138)     Total                          Min: 0, Avg:  0.0, Max: 0, Diff: 0, Sum: 0, Workers: 4
[2177.111s][debug][gc,phases      ] GC(138)   StringDedup Requests0 Weak     Min:  0.0, Avg:  0.0, Max:  0.0, Diff:  0.0, Sum:  0.0, Workers: 4
[2177.111s][debug][gc,phases      ] GC(138)     Dead                           Min: 0, Avg:  0.0, Max: 0, Diff: 0, Sum: 0, Workers: 4
[2177.111s][debug][gc,phases      ] GC(138)     Total                          Min: 0, Avg:  0.0, Max: 0, Diff: 0, Sum: 0, Workers: 4
[2177.111s][debug][gc,phases      ] GC(138)   StringDedup Requests1 Weak     Min:  0.0, Avg:  0.0, Max:  0.0, Diff:  0.0, Sum:  0.0, Workers: 4
[2177.111s][debug][gc,phases      ] GC(138)     Dead                           Min: 0, Avg:  0.0, Max: 0, Diff: 0, Sum: 0, Workers: 4
[2177.111s][debug][gc,phases      ] GC(138)     Total                          Min: 0, Avg:  0.0, Max: 0, Diff: 0, Sum: 0, Workers: 4
[2177.111s][debug][gc,phases      ] GC(138)   Weak JFR Old Object Samples    Min:  0.0, Avg:  0.0, Max:  0.0, Diff:  0.0, Sum:  0.0, Workers: 4
[2177.111s][debug][gc,phases      ] GC(138)     Dead                           Min: 0, Avg:  0.0, Max: 0, Diff: 0, Sum: 0, Workers: 4
[2177.111s][debug][gc,phases      ] GC(138)     Total                          Min: 0, Avg:  0.0, Max: 0, Diff: 0, Sum: 0, Workers: 4
[2177.111s][debug][gc,phases      ] GC(138) Weak Processing 0.370ms
[2177.111s][debug][gc,age         ] GC(138) Desired survivor size 67633152 bytes, new threshold 15 (max threshold 15)
[2177.111s][info ][gc,heap        ] GC(138) PSYoungGen: 1967040K(2030080K)->4912K(2029056K) Eden: 1961984K(1961984K)->0K(1961984K) From: 5056K(68096K)->4912K(67072K)
[2177.111s][info ][gc,heap        ] GC(138) ParOldGen: 464843K(559616K)->464843K(559616K)
[2177.111s][info ][gc,metaspace   ] GC(138) Metaspace: 84844K(85824K)->84844K(85824K) NonClass: 73015K(73536K)->73015K(73536K) Class: 11829K(12288K)->11829K(12288K)
[2177.111s][info ][gc             ] GC(138) Pause Young (Allocation Failure) 2374M->458M(2528M) 3.567ms
[2177.111s][info ][gc,cpu         ] GC(138) User=0.01s Sys=0.00s Real=0.01s
[2177.111s][info ][safepoint      ] Safepoint "ParallelGCFailedAllocation", Time since last: 707676342 ns, Reaching safepoint: 54000 ns, At safepoint: 3661919 ns, Total: 3715919 ns
[2183.111s][info ][safepoint      ] Safepoint "Cleanup", Time since last: 6000431040 ns, Reaching safepoint: 51300 ns, At safepoint: 3200 ns, Total: 54500 ns
[2192.112s][info ][safepoint      ] Safepoint "Cleanup", Time since last: 9000667036 ns, Reaching safepoint: 136200 ns, At safepoint: 11800 ns, Total: 148000 ns
[2194.112s][info ][safepoint      ] Safepoint "Cleanup", Time since last: 2000183133 ns, Reaching safepoint: 56300 ns, At safepoint: 3200 ns, Total: 59500 ns
[2200.113s][info ][safepoint      ] Safepoint "Cleanup", Time since last: 6000427153 ns, Reaching safepoint: 56900 ns, At safepoint: 33100 ns, Total: 90000 ns
[2210.114s][info ][safepoint      ] Safepoint "Cleanup", Time since last: 10000627445 ns, Reaching safepoint: 64401 ns, At safepoint: 9400 ns, Total: 73801 ns
[2212.114s][info ][safepoint      ] Safepoint "Cleanup", Time since last: 2000180768 ns, Reaching safepoint: 48400 ns, At safepoint: 5500 ns, Total: 53900 ns
[2219.114s][info ][safepoint      ] Safepoint "Cleanup", Time since last: 7000444932 ns, Reaching safepoint: 48801 ns, At safepoint: 6800 ns, Total: 55601 ns
[2220.115s][info ][safepoint      ] Safepoint "Cleanup", Time since last: 1000123869 ns, Reaching safepoint: 49800 ns, At safepoint: 2900 ns, Total: 52700 ns
[2221.115s][info ][safepoint      ] Safepoint "Cleanup", Time since last: 1000112868 ns, Reaching safepoint: 45800 ns, At safepoint: 4000 ns, Total: 49800 ns
[2222.115s][info ][safepoint      ] Safepoint "Cleanup", Time since last: 1000112466 ns, Reaching safepoint: 31900 ns, At safepoint: 3700 ns, Total: 35600 ns
[2225.115s][info ][safepoint      ] Safepoint "Cleanup", Time since last: 3000237487 ns, Reaching safepoint: 35600 ns, At safepoint: 3500 ns, Total: 39100 ns
[2246.076s][info ][gc,start       ] GC(139) Pause Young (Allocation Failure)
[2246.079s][debug][gc,phases      ] GC(139) Scavenge 2.555ms
[2246.079s][debug][gc,ref         ] GC(139) Skipped phase 1 of Reference Processing: no references
[2246.079s][debug][gc,ref         ] GC(139) ReferenceProcessor::execute queues: 1, RefProcThreadModel::Single, marks_oops_alive: false
[2246.079s][debug][gc,ref         ] GC(139) Skipped phase 3 of Reference Processing: no references
[2246.079s][debug][gc,ref         ] GC(139) ReferenceProcessor::execute queues: 1, RefProcThreadModel::Single, marks_oops_alive: false
[2246.079s][debug][gc,phases      ] GC(139) Reference Processing 0.134ms
[2246.079s][debug][gc,phases      ] GC(139)   VM Weak                        Min:  0.0, Avg:  0.0, Max:  0.0, Diff:  0.0, Sum:  0.0, Workers: 4
[2246.079s][debug][gc,phases      ] GC(139)     Dead                           Min: 0, Avg:  0.0, Max: 0, Diff: 0, Sum: 0, Workers: 4
[2246.079s][debug][gc,phases      ] GC(139)     Total                          Min: 0, Avg: 183.5, Max: 734, Diff: 734, Sum: 734, Workers: 4
[2246.079s][debug][gc,phases      ] GC(139)   ObjectSynchronizer Weak        Min:  0.0, Avg:  0.0, Max:  0.0, Diff:  0.0, Sum:  0.0, Workers: 4
[2246.079s][debug][gc,phases      ] GC(139)     Dead                           Min: 0, Avg:  0.0, Max: 0, Diff: 0, Sum: 0, Workers: 4
[2246.079s][debug][gc,phases      ] GC(139)     Total                          Min: 0, Avg: 62.2, Max: 192, Diff: 192, Sum: 249, Workers: 4
[2246.079s][debug][gc,phases      ] GC(139)   JVMTI Tag Weak OopStorage      Min:  0.0, Avg:  0.0, Max:  0.0, Diff:  0.0, Sum:  0.0, Workers: 4
[2246.079s][debug][gc,phases      ] GC(139)     Dead                           Min: 0, Avg:  0.0, Max: 0, Diff: 0, Sum: 0, Workers: 4
[2246.079s][debug][gc,phases      ] GC(139)     Total                          Min: 0, Avg:  0.0, Max: 0, Diff: 0, Sum: 0, Workers: 4
[2246.079s][debug][gc,phases      ] GC(139)   StringTable Weak               Min:  0.1, Avg:  0.1, Max:  0.1, Diff:  0.0, Sum:  0.4, Workers: 4
[2246.079s][debug][gc,phases      ] GC(139)     Dead                           Min: 0, Avg:  0.0, Max: 0, Diff: 0, Sum: 0, Workers: 4
[2246.079s][debug][gc,phases      ] GC(139)     Total                          Min: 11840, Avg: 12149.8, Max: 12352, Diff: 512, Sum: 48599, Workers: 4
[2246.079s][debug][gc,phases      ] GC(139)   ResolvedMethodTable Weak       Min:  0.0, Avg:  0.0, Max:  0.0, Diff:  0.0, Sum:  0.1, Workers: 4
[2246.079s][debug][gc,phases      ] GC(139)     Dead                           Min: 0, Avg:  0.0, Max: 0, Diff: 0, Sum: 0, Workers: 4
[2246.079s][debug][gc,phases      ] GC(139)     Total                          Min: 1935, Avg: 2147.8, Max: 2304, Diff: 369, Sum: 8591, Workers: 4
[2246.079s][debug][gc,phases      ] GC(139)   JNI Weak                       Min:  0.0, Avg:  0.0, Max:  0.0, Diff:  0.0, Sum:  0.0, Workers: 4
[2246.079s][debug][gc,phases      ] GC(139)     Dead                           Min: 0, Avg:  0.0, Max: 0, Diff: 0, Sum: 0, Workers: 4
[2246.079s][debug][gc,phases      ] GC(139)     Total                          Min: 0, Avg:  0.0, Max: 0, Diff: 0, Sum: 0, Workers: 4
[2246.079s][debug][gc,phases      ] GC(139)   StringDedup Table Weak         Min:  0.0, Avg:  0.0, Max:  0.0, Diff:  0.0, Sum:  0.0, Workers: 4
[2246.079s][debug][gc,phases      ] GC(139)     Dead                           Min: 0, Avg:  0.0, Max: 0, Diff: 0, Sum: 0, Workers: 4
[2246.079s][debug][gc,phases      ] GC(139)     Total                          Min: 0, Avg:  0.0, Max: 0, Diff: 0, Sum: 0, Workers: 4
[2246.079s][debug][gc,phases      ] GC(139)   StringDedup Requests0 Weak     Min:  0.0, Avg:  0.0, Max:  0.0, Diff:  0.0, Sum:  0.0, Workers: 4
[2246.079s][debug][gc,phases      ] GC(139)     Dead                           Min: 0, Avg:  0.0, Max: 0, Diff: 0, Sum: 0, Workers: 4
[2246.079s][debug][gc,phases      ] GC(139)     Total                          Min: 0, Avg:  0.0, Max: 0, Diff: 0, Sum: 0, Workers: 4
[2246.079s][debug][gc,phases      ] GC(139)   StringDedup Requests1 Weak     Min:  0.0, Avg:  0.0, Max:  0.0, Diff:  0.0, Sum:  0.0, Workers: 4
[2246.079s][debug][gc,phases      ] GC(139)     Dead                           Min: 0, Avg:  0.0, Max: 0, Diff: 0, Sum: 0, Workers: 4
[2246.079s][debug][gc,phases      ] GC(139)     Total                          Min: 0, Avg:  0.0, Max: 0, Diff: 0, Sum: 0, Workers: 4
[2246.079s][debug][gc,phases      ] GC(139)   Weak JFR Old Object Samples    Min:  0.0, Avg:  0.0, Max:  0.0, Diff:  0.0, Sum:  0.0, Workers: 4
[2246.079s][debug][gc,phases      ] GC(139)     Dead                           Min: 0, Avg:  0.0, Max: 0, Diff: 0, Sum: 0, Workers: 4
[2246.079s][debug][gc,phases      ] GC(139)     Total                          Min: 0, Avg:  0.0, Max: 0, Diff: 0, Sum: 0, Workers: 4
[2246.079s][debug][gc,phases      ] GC(139) Weak Processing 0.356ms
[2246.079s][debug][gc,age         ] GC(139) Desired survivor size 65536000 bytes, new threshold 15 (max threshold 15)
[2246.079s][info ][gc,heap        ] GC(139) PSYoungGen: 1966896K(2029056K)->4896K(2033152K) Eden: 1961984K(1961984K)->0K(1967104K) From: 4912K(67072K)->4896K(66048K)
[2246.079s][info ][gc,heap        ] GC(139) ParOldGen: 464843K(559616K)->464843K(559616K)
[2246.079s][info ][gc,metaspace   ] GC(139) Metaspace: 84856K(85824K)->84856K(85824K) NonClass: 73027K(73536K)->73027K(73536K) Class: 11829K(12288K)->11829K(12288K)
[2246.079s][info ][gc             ] GC(139) Pause Young (Allocation Failure) 2374M->458M(2532M) 3.184ms
[2246.079s][info ][gc,cpu         ] GC(139) User=0.01s Sys=0.00s Real=0.00s
[2246.079s][info ][safepoint      ] Safepoint "ParallelGCFailedAllocation", Time since last: 20960992279 ns, Reaching safepoint: 54701 ns, At safepoint: 3264816 ns, Total: 3319517 ns
[2257.080s][info ][safepoint      ] Safepoint "Cleanup", Time since last: 11000679172 ns, Reaching safepoint: 44200 ns, At safepoint: 2800 ns, Total: 47000 ns
[2264.081s][info ][safepoint      ] Safepoint "Cleanup", Time since last: 7000377608 ns, Reaching safepoint: 48101 ns, At safepoint: 6400 ns, Total: 54501 ns
[2273.081s][info ][safepoint      ] Safepoint "Cleanup", Time since last: 9000592197 ns, Reaching safepoint: 121900 ns, At safepoint: 5700 ns, Total: 127600 ns
[2290.083s][info ][safepoint      ] Safepoint "Cleanup", Time since last: 17001169064 ns, Reaching safepoint: 44001 ns, At safepoint: 28300 ns, Total: 72301 ns
[2297.083s][info ][safepoint      ] Safepoint "Cleanup", Time since last: 7000488552 ns, Reaching safepoint: 43500 ns, At safepoint: 4100 ns, Total: 47600 ns
[2301.084s][info ][safepoint      ] Safepoint "Cleanup", Time since last: 4000300769 ns, Reaching safepoint: 42000 ns, At safepoint: 20100 ns, Total: 62100 ns
[2302.084s][info ][safepoint      ] Safepoint "Cleanup", Time since last: 1000103839 ns, Reaching safepoint: 55100 ns, At safepoint: 6700 ns, Total: 61800 ns
[2306.084s][info ][safepoint      ] Safepoint "Cleanup", Time since last: 4000277239 ns, Reaching safepoint: 40601 ns, At safepoint: 2900 ns, Total: 43501 ns
[2309.084s][info ][safepoint      ] Safepoint "Cleanup", Time since last: 3000209289 ns, Reaching safepoint: 60900 ns, At safepoint: 4500 ns, Total: 65400 ns
[2314.552s][info ][gc,start       ] GC(140) Pause Young (Allocation Failure)
[2314.555s][debug][gc,phases      ] GC(140) Scavenge 2.658ms
[2314.555s][debug][gc,ref         ] GC(140) Skipped phase 1 of Reference Processing: no references
[2314.555s][debug][gc,ref         ] GC(140) ReferenceProcessor::execute queues: 1, RefProcThreadModel::Single, marks_oops_alive: false
[2314.555s][debug][gc,ref         ] GC(140) Skipped phase 3 of Reference Processing: no references
[2314.555s][debug][gc,ref         ] GC(140) ReferenceProcessor::execute queues: 1, RefProcThreadModel::Single, marks_oops_alive: false
[2314.555s][debug][gc,phases      ] GC(140) Reference Processing 0.128ms
[2314.555s][debug][gc,phases      ] GC(140)   VM Weak                        Min:  0.0, Avg:  0.0, Max:  0.0, Diff:  0.0, Sum:  0.0, Workers: 4
[2314.555s][debug][gc,phases      ] GC(140)     Dead                           Min: 0, Avg:  0.0, Max: 0, Diff: 0, Sum: 0, Workers: 4
[2314.555s][debug][gc,phases      ] GC(140)     Total                          Min: 0, Avg: 183.5, Max: 384, Diff: 384, Sum: 734, Workers: 4
[2314.555s][debug][gc,phases      ] GC(140)   ObjectSynchronizer Weak        Min:  0.0, Avg:  0.0, Max:  0.0, Diff:  0.0, Sum:  0.0, Workers: 4
[2314.555s][debug][gc,phases      ] GC(140)     Dead                           Min: 0, Avg:  0.0, Max: 0, Diff: 0, Sum: 0, Workers: 4
[2314.555s][debug][gc,phases      ] GC(140)     Total                          Min: 0, Avg: 62.2, Max: 128, Diff: 128, Sum: 249, Workers: 4
[2314.555s][debug][gc,phases      ] GC(140)   JVMTI Tag Weak OopStorage      Min:  0.0, Avg:  0.0, Max:  0.0, Diff:  0.0, Sum:  0.0, Workers: 4
[2314.555s][debug][gc,phases      ] GC(140)     Dead                           Min: 0, Avg:  0.0, Max: 0, Diff: 0, Sum: 0, Workers: 4
[2314.555s][debug][gc,phases      ] GC(140)     Total                          Min: 0, Avg:  0.0, Max: 0, Diff: 0, Sum: 0, Workers: 4
[2314.555s][debug][gc,phases      ] GC(140)   StringTable Weak               Min:  0.1, Avg:  0.1, Max:  0.1, Diff:  0.0, Sum:  0.5, Workers: 4
[2314.555s][debug][gc,phases      ] GC(140)     Dead                           Min: 0, Avg:  0.0, Max: 0, Diff: 0, Sum: 0, Workers: 4
[2314.555s][debug][gc,phases      ] GC(140)     Total                          Min: 11968, Avg: 12149.8, Max: 12352, Diff: 384, Sum: 48599, Workers: 4
[2314.555s][debug][gc,phases      ] GC(140)   ResolvedMethodTable Weak       Min:  0.0, Avg:  0.0, Max:  0.0, Diff:  0.0, Sum:  0.1, Workers: 4
[2314.555s][debug][gc,phases      ] GC(140)     Dead                           Min: 0, Avg:  0.0, Max: 0, Diff: 0, Sum: 0, Workers: 4
[2314.555s][debug][gc,phases      ] GC(140)     Total                          Min: 2063, Avg: 2147.8, Max: 2240, Diff: 177, Sum: 8591, Workers: 4
[2314.555s][debug][gc,phases      ] GC(140)   JNI Weak                       Min:  0.0, Avg:  0.0, Max:  0.0, Diff:  0.0, Sum:  0.0, Workers: 4
[2314.555s][debug][gc,phases      ] GC(140)     Dead                           Min: 0, Avg:  0.0, Max: 0, Diff: 0, Sum: 0, Workers: 4
[2314.555s][debug][gc,phases      ] GC(140)     Total                          Min: 0, Avg:  0.0, Max: 0, Diff: 0, Sum: 0, Workers: 4
[2314.555s][debug][gc,phases      ] GC(140)   StringDedup Table Weak         Min:  0.0, Avg:  0.0, Max:  0.0, Diff:  0.0, Sum:  0.0, Workers: 4
[2314.555s][debug][gc,phases      ] GC(140)     Dead                           Min: 0, Avg:  0.0, Max: 0, Diff: 0, Sum: 0, Workers: 4
[2314.555s][debug][gc,phases      ] GC(140)     Total                          Min: 0, Avg:  0.0, Max: 0, Diff: 0, Sum: 0, Workers: 4
[2314.555s][debug][gc,phases      ] GC(140)   StringDedup Requests0 Weak     Min:  0.0, Avg:  0.0, Max:  0.0, Diff:  0.0, Sum:  0.0, Workers: 4
[2314.555s][debug][gc,phases      ] GC(140)     Dead                           Min: 0, Avg:  0.0, Max: 0, Diff: 0, Sum: 0, Workers: 4
[2314.555s][debug][gc,phases      ] GC(140)     Total                          Min: 0, Avg:  0.0, Max: 0, Diff: 0, Sum: 0, Workers: 4
[2314.555s][debug][gc,phases      ] GC(140)   StringDedup Requests1 Weak     Min:  0.0, Avg:  0.0, Max:  0.0, Diff:  0.0, Sum:  0.0, Workers: 4
[2314.555s][debug][gc,phases      ] GC(140)     Dead                           Min: 0, Avg:  0.0, Max: 0, Diff: 0, Sum: 0, Workers: 4
[2314.555s][debug][gc,phases      ] GC(140)     Total                          Min: 0, Avg:  0.0, Max: 0, Diff: 0, Sum: 0, Workers: 4
[2314.555s][debug][gc,phases      ] GC(140)   Weak JFR Old Object Samples    Min:  0.0, Avg:  0.0, Max:  0.0, Diff:  0.0, Sum:  0.0, Workers: 4
[2314.555s][debug][gc,phases      ] GC(140)     Dead                           Min: 0, Avg:  0.0, Max: 0, Diff: 0, Sum: 0, Workers: 4
[2314.555s][debug][gc,phases      ] GC(140)     Total                          Min: 0, Avg:  0.0, Max: 0, Diff: 0, Sum: 0, Workers: 4
[2314.555s][debug][gc,phases      ] GC(140) Weak Processing 0.339ms
[2314.555s][debug][gc,age         ] GC(140) Desired survivor size 63963136 bytes, new threshold 15 (max threshold 15)
[2314.555s][info ][gc,heap        ] GC(140) PSYoungGen: 1972000K(2033152K)->4960K(2031104K) Eden: 1967104K(1967104K)->0K(1967104K) From: 4896K(66048K)->4960K(64000K)
[2314.555s][info ][gc,heap        ] GC(140) ParOldGen: 464843K(559616K)->464843K(559616K)
[2314.555s][info ][gc,metaspace   ] GC(140) Metaspace: 84863K(85824K)->84863K(85824K) NonClass: 73034K(73536K)->73034K(73536K) Class: 11829K(12288K)->11829K(12288K)
[2314.555s][info ][gc             ] GC(140) Pause Young (Allocation Failure) 2379M->458M(2530M) 3.251ms
[2314.555s][info ][gc,cpu         ] GC(140) User=0.01s Sys=0.00s Real=0.00s
[2314.555s][info ][safepoint      ] Safepoint "ParallelGCFailedAllocation", Time since last: 5467496818 ns, Reaching safepoint: 123000 ns, At safepoint: 3333217 ns, Total: 3456217 ns
[2316.555s][info ][safepoint      ] Safepoint "Cleanup", Time since last: 2000160136 ns, Reaching safepoint: 86201 ns, At safepoint: 9400 ns, Total: 95601 ns
[2332.557s][info ][safepoint      ] Safepoint "Cleanup", Time since last: 16001173687 ns, Reaching safepoint: 58801 ns, At safepoint: 11400 ns, Total: 70201 ns
[2333.557s][info ][safepoint      ] Safepoint "Cleanup", Time since last: 1000128194 ns, Reaching safepoint: 120200 ns, At safepoint: 6800 ns, Total: 127000 ns
[2334.557s][info ][safepoint      ] Safepoint "Cleanup", Time since last: 1000123293 ns, Reaching safepoint: 119400 ns, At safepoint: 7300 ns, Total: 126700 ns
[2342.558s][info ][safepoint      ] Safepoint "Cleanup", Time since last: 8000591489 ns, Reaching safepoint: 47400 ns, At safepoint: 4300 ns, Total: 51700 ns
[2344.558s][info ][safepoint      ] Safepoint "Cleanup", Time since last: 2000146959 ns, Reaching safepoint: 55800 ns, At safepoint: 6800 ns, Total: 62600 ns
[2363.560s][info ][safepoint      ] Safepoint "Cleanup", Time since last: 19001333639 ns, Reaching safepoint: 115900 ns, At safepoint: 6800 ns, Total: 122700 ns
[2364.560s][info ][safepoint      ] Safepoint "Cleanup", Time since last: 1000108152 ns, Reaching safepoint: 42001 ns, At safepoint: 3200 ns, Total: 45201 ns
[2376.561s][info ][safepoint      ] Safepoint "Cleanup", Time since last: 12000846523 ns, Reaching safepoint: 49600 ns, At safepoint: 8701 ns, Total: 58301 ns
[2385.456s][info ][gc,start       ] GC(141) Pause Young (Allocation Failure)
[2385.458s][debug][gc,phases      ] GC(141) Scavenge 2.726ms
[2385.458s][debug][gc,ref         ] GC(141) Skipped phase 1 of Reference Processing: no references
[2385.459s][debug][gc,ref         ] GC(141) ReferenceProcessor::execute queues: 1, RefProcThreadModel::Single, marks_oops_alive: false
[2385.459s][debug][gc,ref         ] GC(141) Skipped phase 3 of Reference Processing: no references
[2385.459s][debug][gc,ref         ] GC(141) ReferenceProcessor::execute queues: 1, RefProcThreadModel::Single, marks_oops_alive: false
[2385.459s][debug][gc,phases      ] GC(141) Reference Processing 0.116ms
[2385.459s][debug][gc,phases      ] GC(141)   VM Weak                        Min:  0.0, Avg:  0.0, Max:  0.0, Diff:  0.0, Sum:  0.0, Workers: 4
[2385.459s][debug][gc,phases      ] GC(141)     Dead                           Min: 0, Avg:  0.0, Max: 0, Diff: 0, Sum: 0, Workers: 4
[2385.459s][debug][gc,phases      ] GC(141)     Total                          Min: 0, Avg: 183.5, Max: 734, Diff: 734, Sum: 734, Workers: 4
[2385.459s][debug][gc,phases      ] GC(141)   ObjectSynchronizer Weak        Min:  0.0, Avg:  0.0, Max:  0.0, Diff:  0.0, Sum:  0.0, Workers: 4
[2385.459s][debug][gc,phases      ] GC(141)     Dead                           Min: 0, Avg:  0.0, Max: 0, Diff: 0, Sum: 0, Workers: 4
[2385.459s][debug][gc,phases      ] GC(141)     Total                          Min: 0, Avg: 62.2, Max: 249, Diff: 249, Sum: 249, Workers: 4
[2385.459s][debug][gc,phases      ] GC(141)   JVMTI Tag Weak OopStorage      Min:  0.0, Avg:  0.0, Max:  0.0, Diff:  0.0, Sum:  0.0, Workers: 4
[2385.459s][debug][gc,phases      ] GC(141)     Dead                           Min: 0, Avg:  0.0, Max: 0, Diff: 0, Sum: 0, Workers: 4
[2385.459s][debug][gc,phases      ] GC(141)     Total                          Min: 0, Avg:  0.0, Max: 0, Diff: 0, Sum: 0, Workers: 4
[2385.459s][debug][gc,phases      ] GC(141)   StringTable Weak               Min:  0.1, Avg:  0.1, Max:  0.1, Diff:  0.0, Sum:  0.4, Workers: 4
[2385.459s][debug][gc,phases      ] GC(141)     Dead                           Min: 0, Avg:  0.0, Max: 0, Diff: 0, Sum: 0, Workers: 4
[2385.459s][debug][gc,phases      ] GC(141)     Total                          Min: 11802, Avg: 12150.5, Max: 13056, Diff: 1254, Sum: 48602, Workers: 4
[2385.459s][debug][gc,phases      ] GC(141)   ResolvedMethodTable Weak       Min:  0.0, Avg:  0.0, Max:  0.0, Diff:  0.0, Sum:  0.1, Workers: 4
[2385.459s][debug][gc,phases      ] GC(141)     Dead                           Min: 0, Avg:  0.0, Max: 0, Diff: 0, Sum: 0, Workers: 4
[2385.459s][debug][gc,phases      ] GC(141)     Total                          Min: 1856, Avg: 2147.8, Max: 2496, Diff: 640, Sum: 8591, Workers: 4
[2385.459s][debug][gc,phases      ] GC(141)   JNI Weak                       Min:  0.0, Avg:  0.0, Max:  0.0, Diff:  0.0, Sum:  0.0, Workers: 4
[2385.459s][debug][gc,phases      ] GC(141)     Dead                           Min: 0, Avg:  0.0, Max: 0, Diff: 0, Sum: 0, Workers: 4
[2385.459s][debug][gc,phases      ] GC(141)     Total                          Min: 0, Avg:  0.0, Max: 0, Diff: 0, Sum: 0, Workers: 4
[2385.459s][debug][gc,phases      ] GC(141)   StringDedup Table Weak         Min:  0.0, Avg:  0.0, Max:  0.0, Diff:  0.0, Sum:  0.0, Workers: 4
[2385.459s][debug][gc,phases      ] GC(141)     Dead                           Min: 0, Avg:  0.0, Max: 0, Diff: 0, Sum: 0, Workers: 4
[2385.459s][debug][gc,phases      ] GC(141)     Total                          Min: 0, Avg:  0.0, Max: 0, Diff: 0, Sum: 0, Workers: 4
[2385.459s][debug][gc,phases      ] GC(141)   StringDedup Requests0 Weak     Min:  0.0, Avg:  0.0, Max:  0.0, Diff:  0.0, Sum:  0.0, Workers: 4
[2385.459s][debug][gc,phases      ] GC(141)     Dead                           Min: 0, Avg:  0.0, Max: 0, Diff: 0, Sum: 0, Workers: 4
[2385.459s][debug][gc,phases      ] GC(141)     Total                          Min: 0, Avg:  0.0, Max: 0, Diff: 0, Sum: 0, Workers: 4
[2385.459s][debug][gc,phases      ] GC(141)   StringDedup Requests1 Weak     Min:  0.0, Avg:  0.0, Max:  0.0, Diff:  0.0, Sum:  0.0, Workers: 4
[2385.459s][debug][gc,phases      ] GC(141)     Dead                           Min: 0, Avg:  0.0, Max: 0, Diff: 0, Sum: 0, Workers: 4
[2385.459s][debug][gc,phases      ] GC(141)     Total                          Min: 0, Avg:  0.0, Max: 0, Diff: 0, Sum: 0, Workers: 4
[2385.459s][debug][gc,phases      ] GC(141)   Weak JFR Old Object Samples    Min:  0.0, Avg:  0.0, Max:  0.0, Diff:  0.0, Sum:  0.0, Workers: 4
[2385.459s][debug][gc,phases      ] GC(141)     Dead                           Min: 0, Avg:  0.0, Max: 0, Diff: 0, Sum: 0, Workers: 4
[2385.459s][debug][gc,phases      ] GC(141)     Total                          Min: 0, Avg:  0.0, Max: 0, Diff: 0, Sum: 0, Workers: 4
[2385.459s][debug][gc,phases      ] GC(141) Weak Processing 0.336ms
[2385.459s][debug][gc,age         ] GC(141) Desired survivor size 61341696 bytes, new threshold 15 (max threshold 15)
[2385.459s][info ][gc,heap        ] GC(141) PSYoungGen: 1972064K(2031104K)->5296K(2037248K) Eden: 1967104K(1967104K)->0K(1974784K) From: 4960K(64000K)->5296K(62464K)
[2385.459s][info ][gc,heap        ] GC(141) ParOldGen: 464843K(559616K)->464843K(559616K)
[2385.459s][info ][gc,metaspace   ] GC(141) Metaspace: 84869K(85824K)->84869K(85824K) NonClass: 73040K(73536K)->73040K(73536K) Class: 11829K(12288K)->11829K(12288K)
[2385.459s][info ][gc             ] GC(141) Pause Young (Allocation Failure) 2379M->459M(2536M) 3.312ms
[2385.459s][info ][gc,cpu         ] GC(141) User=0.01s Sys=0.00s Real=0.00s
[2385.459s][info ][safepoint      ] Safepoint "ParallelGCFailedAllocation", Time since last: 8894941062 ns, Reaching safepoint: 71400 ns, At safepoint: 3396517 ns, Total: 3467917 ns
[2396.460s][info ][safepoint      ] Safepoint "Cleanup", Time since last: 11000760097 ns, Reaching safepoint: 55500 ns, At safepoint: 6000 ns, Total: 61500 ns
[2403.460s][info ][safepoint      ] Safepoint "Cleanup", Time since last: 7000481049 ns, Reaching safepoint: 55400 ns, At safepoint: 4400 ns, Total: 59800 ns
[2406.461s][info ][safepoint      ] Safepoint "Cleanup", Time since last: 3000257403 ns, Reaching safepoint: 126501 ns, At safepoint: 11800 ns, Total: 138301 ns
[2410.461s][info ][safepoint      ] Safepoint "Cleanup", Time since last: 4000310087 ns, Reaching safepoint: 68100 ns, At safepoint: 7400 ns, Total: 75500 ns
[2412.461s][info ][safepoint      ] Safepoint "Cleanup", Time since last: 2000164586 ns, Reaching safepoint: 111601 ns, At safepoint: 13200 ns, Total: 124801 ns
[2414.462s][info ][safepoint      ] Safepoint "Cleanup", Time since last: 2000168782 ns, Reaching safepoint: 50400 ns, At safepoint: 3100 ns, Total: 53500 ns
[2416.462s][info ][safepoint      ] Safepoint "Cleanup", Time since last: 2000154277 ns, Reaching safepoint: 50700 ns, At safepoint: 5700 ns, Total: 56400 ns
[2418.232s][info ][safepoint      ] Safepoint "Cleanup", Time since last: 1769726070 ns, Reaching safepoint: 59800 ns, At safepoint: 8300 ns, Total: 68100 ns
[2418.264s][info ][safepoint      ] Safepoint "ICBufferFull", Time since last: 32196054 ns, Reaching safepoint: 95200 ns, At safepoint: 8601 ns, Total: 103801 ns
[2418.269s][info ][safepoint      ] Safepoint "ICBufferFull", Time since last: 5317925 ns, Reaching safepoint: 56500 ns, At safepoint: 7300 ns, Total: 63800 ns
[2418.296s][info ][safepoint      ] Safepoint "ICBufferFull", Time since last: 26859129 ns, Reaching safepoint: 77600 ns, At safepoint: 13300 ns, Total: 90900 ns
[2418.305s][info ][safepoint      ] Safepoint "ICBufferFull", Time since last: 8652842 ns, Reaching safepoint: 57900 ns, At safepoint: 8400 ns, Total: 66300 ns
[2418.310s][info ][safepoint      ] Safepoint "ICBufferFull", Time since last: 5235125 ns, Reaching safepoint: 63900 ns, At safepoint: 8600 ns, Total: 72500 ns
[2418.331s][info ][safepoint      ] Safepoint "ICBufferFull", Time since last: 20983501 ns, Reaching safepoint: 64400 ns, At safepoint: 3100 ns, Total: 67500 ns
[2418.334s][info ][safepoint      ] Safepoint "ICBufferFull", Time since last: 2271411 ns, Reaching safepoint: 47500 ns, At safepoint: 11100 ns, Total: 58600 ns
[2418.337s][info ][safepoint      ] Safepoint "ICBufferFull", Time since last: 2966514 ns, Reaching safepoint: 42701 ns, At safepoint: 9500 ns, Total: 52201 ns
[2418.421s][info ][safepoint      ] Safepoint "ICBufferFull", Time since last: 84250403 ns, Reaching safepoint: 153100 ns, At safepoint: 7300 ns, Total: 160400 ns
[2418.434s][info ][safepoint      ] Safepoint "ICBufferFull", Time since last: 13258164 ns, Reaching safepoint: 66000 ns, At safepoint: 10100 ns, Total: 76100 ns
[2418.437s][info ][safepoint      ] Safepoint "ICBufferFull", Time since last: 2246411 ns, Reaching safepoint: 33700 ns, At safepoint: 8800 ns, Total: 42500 ns
[2418.550s][info ][safepoint      ] Safepoint "ICBufferFull", Time since last: 113478743 ns, Reaching safepoint: 169901 ns, At safepoint: 12400 ns, Total: 182301 ns
[2418.610s][info ][safepoint      ] Safepoint "ICBufferFull", Time since last: 55178064 ns, Reaching safepoint: 4243320 ns, At safepoint: 26300 ns, Total: 4269620 ns
[2418.629s][info ][safepoint      ] Safepoint "ICBufferFull", Time since last: 18278288 ns, Reaching safepoint: 583103 ns, At safepoint: 28100 ns, Total: 611203 ns
[2418.645s][info ][safepoint      ] Safepoint "ICBufferFull", Time since last: 15864576 ns, Reaching safepoint: 121600 ns, At safepoint: 21800 ns, Total: 143400 ns
[2420.027s][info ][safepoint      ] Safepoint "Cleanup", Time since last: 1381675610 ns, Reaching safepoint: 203001 ns, At safepoint: 10000 ns, Total: 213001 ns
[2421.027s][info ][safepoint      ] Safepoint "Cleanup", Time since last: 1000123482 ns, Reaching safepoint: 55801 ns, At safepoint: 3700 ns, Total: 59501 ns
[2425.027s][info ][safepoint      ] Safepoint "Cleanup", Time since last: 4000321018 ns, Reaching safepoint: 47900 ns, At safepoint: 6000 ns, Total: 53900 ns
[2426.027s][info ][safepoint      ] Safepoint "Cleanup", Time since last: 1000112077 ns, Reaching safepoint: 51200 ns, At safepoint: 8201 ns, Total: 59401 ns
[2429.028s][info ][safepoint      ] Safepoint "Cleanup", Time since last: 3000241623 ns, Reaching safepoint: 188401 ns, At safepoint: 13600 ns, Total: 202001 ns
[2433.028s][info ][safepoint      ] Safepoint "Cleanup", Time since last: 4000309981 ns, Reaching safepoint: 43401 ns, At safepoint: 4600 ns, Total: 48001 ns
[2434.028s][info ][safepoint      ] Safepoint "Cleanup", Time since last: 1000114267 ns, Reaching safepoint: 50401 ns, At safepoint: 8700 ns, Total: 59101 ns
[2435.029s][info ][safepoint      ] Safepoint "Cleanup", Time since last: 1000120466 ns, Reaching safepoint: 55500 ns, At safepoint: 9201 ns, Total: 64701 ns
[2438.029s][info ][safepoint      ] Safepoint "Cleanup", Time since last: 3000200192 ns, Reaching safepoint: 43100 ns, At safepoint: 4800 ns, Total: 47900 ns
[2439.502s][info ][gc,start       ] GC(142) Pause Young (Allocation Failure)
[2439.508s][debug][gc,phases      ] GC(142) Scavenge 5.954ms
[2439.508s][debug][gc,ref         ] GC(142) Skipped phase 1 of Reference Processing: no references
[2439.508s][debug][gc,ref         ] GC(142) ReferenceProcessor::execute queues: 1, RefProcThreadModel::Single, marks_oops_alive: false
[2439.508s][debug][gc,ref         ] GC(142) Skipped phase 3 of Reference Processing: no references
[2439.508s][debug][gc,ref         ] GC(142) ReferenceProcessor::execute queues: 1, RefProcThreadModel::Single, marks_oops_alive: false
[2439.508s][debug][gc,phases      ] GC(142) Reference Processing 0.146ms
[2439.509s][debug][gc,phases      ] GC(142)   VM Weak                        Min:  0.0, Avg:  0.0, Max:  0.0, Diff:  0.0, Sum:  0.0, Workers: 4
[2439.509s][debug][gc,phases      ] GC(142)     Dead                           Min: 0, Avg:  0.0, Max: 0, Diff: 0, Sum: 0, Workers: 4
[2439.509s][debug][gc,phases      ] GC(142)     Total                          Min: 0, Avg: 191.0, Max: 640, Diff: 640, Sum: 764, Workers: 4
[2439.509s][debug][gc,phases      ] GC(142)   ObjectSynchronizer Weak        Min:  0.0, Avg:  0.0, Max:  0.0, Diff:  0.0, Sum:  0.0, Workers: 4
[2439.509s][debug][gc,phases      ] GC(142)     Dead                           Min: 0, Avg:  0.0, Max: 0, Diff: 0, Sum: 0, Workers: 4
[2439.509s][debug][gc,phases      ] GC(142)     Total                          Min: 0, Avg: 62.2, Max: 128, Diff: 128, Sum: 249, Workers: 4
[2439.509s][debug][gc,phases      ] GC(142)   JVMTI Tag Weak OopStorage      Min:  0.0, Avg:  0.0, Max:  0.0, Diff:  0.0, Sum:  0.0, Workers: 4
[2439.509s][debug][gc,phases      ] GC(142)     Dead                           Min: 0, Avg:  0.0, Max: 0, Diff: 0, Sum: 0, Workers: 4
[2439.509s][debug][gc,phases      ] GC(142)     Total                          Min: 0, Avg:  0.0, Max: 0, Diff: 0, Sum: 0, Workers: 4
[2439.509s][debug][gc,phases      ] GC(142)   StringTable Weak               Min:  0.1, Avg:  0.1, Max:  0.1, Diff:  0.0, Sum:  0.4, Workers: 4
[2439.509s][debug][gc,phases      ] GC(142)     Dead                           Min: 0, Avg:  1.0, Max: 3, Diff: 3, Sum: 4, Workers: 4
[2439.509s][debug][gc,phases      ] GC(142)     Total                          Min: 11427, Avg: 12200.8, Max: 13184, Diff: 1757, Sum: 48803, Workers: 4
[2439.509s][debug][gc,phases      ] GC(142)   ResolvedMethodTable Weak       Min:  0.0, Avg:  0.0, Max:  0.0, Diff:  0.0, Sum:  0.1, Workers: 4
[2439.509s][debug][gc,phases      ] GC(142)     Dead                           Min: 0, Avg:  0.0, Max: 0, Diff: 0, Sum: 0, Workers: 4
[2439.509s][debug][gc,phases      ] GC(142)     Total                          Min: 2048, Avg: 2213.8, Max: 2624, Diff: 576, Sum: 8855, Workers: 4
[2439.509s][debug][gc,phases      ] GC(142)   JNI Weak                       Min:  0.0, Avg:  0.0, Max:  0.0, Diff:  0.0, Sum:  0.0, Workers: 4
[2439.509s][debug][gc,phases      ] GC(142)     Dead                           Min: 0, Avg:  0.0, Max: 0, Diff: 0, Sum: 0, Workers: 4
[2439.509s][debug][gc,phases      ] GC(142)     Total                          Min: 0, Avg:  0.0, Max: 0, Diff: 0, Sum: 0, Workers: 4
[2439.509s][debug][gc,phases      ] GC(142)   StringDedup Table Weak         Min:  0.0, Avg:  0.0, Max:  0.0, Diff:  0.0, Sum:  0.0, Workers: 4
[2439.509s][debug][gc,phases      ] GC(142)     Dead                           Min: 0, Avg:  0.0, Max: 0, Diff: 0, Sum: 0, Workers: 4
[2439.509s][debug][gc,phases      ] GC(142)     Total                          Min: 0, Avg:  0.0, Max: 0, Diff: 0, Sum: 0, Workers: 4
[2439.509s][debug][gc,phases      ] GC(142)   StringDedup Requests0 Weak     Min:  0.0, Avg:  0.0, Max:  0.0, Diff:  0.0, Sum:  0.0, Workers: 4
[2439.509s][debug][gc,phases      ] GC(142)     Dead                           Min: 0, Avg:  0.0, Max: 0, Diff: 0, Sum: 0, Workers: 4
[2439.509s][debug][gc,phases      ] GC(142)     Total                          Min: 0, Avg:  0.0, Max: 0, Diff: 0, Sum: 0, Workers: 4
[2439.509s][debug][gc,phases      ] GC(142)   StringDedup Requests1 Weak     Min:  0.0, Avg:  0.0, Max:  0.0, Diff:  0.0, Sum:  0.0, Workers: 4
[2439.509s][debug][gc,phases      ] GC(142)     Dead                           Min: 0, Avg:  0.0, Max: 0, Diff: 0, Sum: 0, Workers: 4
[2439.509s][debug][gc,phases      ] GC(142)     Total                          Min: 0, Avg:  0.0, Max: 0, Diff: 0, Sum: 0, Workers: 4
[2439.509s][debug][gc,phases      ] GC(142)   Weak JFR Old Object Samples    Min:  0.0, Avg:  0.0, Max:  0.0, Diff:  0.0, Sum:  0.0, Workers: 4
[2439.509s][debug][gc,phases      ] GC(142)     Dead                           Min: 0, Avg:  0.0, Max: 0, Diff: 0, Sum: 0, Workers: 4
[2439.509s][debug][gc,phases      ] GC(142)     Total                          Min: 0, Avg:  0.0, Max: 0, Diff: 0, Sum: 0, Workers: 4
[2439.509s][debug][gc,phases      ] GC(142) Weak Processing 0.341ms
[2439.509s][debug][gc,age         ] GC(142) Desired survivor size 57671680 bytes, new threshold 15 (max threshold 15)
[2439.509s][info ][gc,heap        ] GC(142) PSYoungGen: 1980080K(2037248K)->12687K(2034688K) Eden: 1974784K(1974784K)->0K(1974784K) From: 5296K(62464K)->12687K(59904K)
[2439.509s][info ][gc,heap        ] GC(142) ParOldGen: 464843K(559616K)->464851K(559616K)
[2439.509s][info ][gc,metaspace   ] GC(142) Metaspace: 85583K(86528K)->85583K(86528K) NonClass: 73621K(74112K)->73621K(74112K) Class: 11962K(12416K)->11962K(12416K)
[2439.509s][info ][gc             ] GC(142) Pause Young (Allocation Failure) 2387M->466M(2533M) 6.578ms
[2439.509s][info ][gc,cpu         ] GC(142) User=0.02s Sys=0.00s Real=0.00s
[2439.509s][info ][safepoint      ] Safepoint "ParallelGCFailedAllocation", Time since last: 1473267515 ns, Reaching safepoint: 125700 ns, At safepoint: 6673732 ns, Total: 6799432 ns
[2449.510s][info ][safepoint      ] Safepoint "Cleanup", Time since last: 10000649652 ns, Reaching safepoint: 118500 ns, At safepoint: 8300 ns, Total: 126800 ns
[2461.510s][info ][safepoint      ] Safepoint "Cleanup", Time since last: 12000763417 ns, Reaching safepoint: 48100 ns, At safepoint: 3500 ns, Total: 51600 ns
[2464.511s][info ][safepoint      ] Safepoint "Cleanup", Time since last: 3000238605 ns, Reaching safepoint: 47101 ns, At safepoint: 4000 ns, Total: 51101 ns
[2477.512s][info ][safepoint      ] Safepoint "Cleanup", Time since last: 13000905944 ns, Reaching safepoint: 79900 ns, At safepoint: 7200 ns, Total: 87100 ns
[2488.513s][info ][safepoint      ] Safepoint "Cleanup", Time since last: 11000731554 ns, Reaching safepoint: 52100 ns, At safepoint: 6000 ns, Total: 58100 ns
[2489.513s][info ][safepoint      ] Safepoint "Cleanup", Time since last: 1000067908 ns, Reaching safepoint: 52700 ns, At safepoint: 2900 ns, Total: 55600 ns
[2493.202s][info ][gc,start       ] GC(143) Pause Young (Allocation Failure)
[2493.208s][debug][gc,phases      ] GC(143) Scavenge 5.971ms
[2493.208s][debug][gc,ref         ] GC(143) Skipped phase 1 of Reference Processing: no references
[2493.208s][debug][gc,ref         ] GC(143) ReferenceProcessor::execute queues: 1, RefProcThreadModel::Single, marks_oops_alive: false
[2493.208s][debug][gc,ref         ] GC(143) Skipped phase 3 of Reference Processing: no references
[2493.208s][debug][gc,ref         ] GC(143) ReferenceProcessor::execute queues: 1, RefProcThreadModel::Single, marks_oops_alive: false
[2493.208s][debug][gc,phases      ] GC(143) Reference Processing 0.133ms
[2493.209s][debug][gc,phases      ] GC(143)   VM Weak                        Min:  0.0, Avg:  0.0, Max:  0.0, Diff:  0.0, Sum:  0.0, Workers: 4
[2493.209s][debug][gc,phases      ] GC(143)     Dead                           Min: 0, Avg:  0.0, Max: 0, Diff: 0, Sum: 0, Workers: 4
[2493.209s][debug][gc,phases      ] GC(143)     Total                          Min: 0, Avg: 191.0, Max: 704, Diff: 704, Sum: 764, Workers: 4
[2493.209s][debug][gc,phases      ] GC(143)   ObjectSynchronizer Weak        Min:  0.0, Avg:  0.0, Max:  0.0, Diff:  0.0, Sum:  0.0, Workers: 4
[2493.209s][debug][gc,phases      ] GC(143)     Dead                           Min: 0, Avg:  0.0, Max: 0, Diff: 0, Sum: 0, Workers: 4
[2493.209s][debug][gc,phases      ] GC(143)     Total                          Min: 0, Avg: 62.2, Max: 128, Diff: 128, Sum: 249, Workers: 4
[2493.209s][debug][gc,phases      ] GC(143)   JVMTI Tag Weak OopStorage      Min:  0.0, Avg:  0.0, Max:  0.0, Diff:  0.0, Sum:  0.0, Workers: 4
[2493.209s][debug][gc,phases      ] GC(143)     Dead                           Min: 0, Avg:  0.0, Max: 0, Diff: 0, Sum: 0, Workers: 4
[2493.209s][debug][gc,phases      ] GC(143)     Total                          Min: 0, Avg:  0.0, Max: 0, Diff: 0, Sum: 0, Workers: 4
[2493.209s][debug][gc,phases      ] GC(143)   StringTable Weak               Min:  0.1, Avg:  0.1, Max:  0.1, Diff:  0.0, Sum:  0.5, Workers: 4
[2493.209s][debug][gc,phases      ] GC(143)     Dead                           Min: 0, Avg:  0.0, Max: 0, Diff: 0, Sum: 0, Workers: 4
[2493.209s][debug][gc,phases      ] GC(143)     Total                          Min: 11968, Avg: 12202.5, Max: 12480, Diff: 512, Sum: 48810, Workers: 4
[2493.209s][debug][gc,phases      ] GC(143)   ResolvedMethodTable Weak       Min:  0.0, Avg:  0.0, Max:  0.0, Diff:  0.0, Sum:  0.1, Workers: 4
[2493.209s][debug][gc,phases      ] GC(143)     Dead                           Min: 0, Avg:  0.0, Max: 0, Diff: 0, Sum: 0, Workers: 4
[2493.209s][debug][gc,phases      ] GC(143)     Total                          Min: 2112, Avg: 2214.2, Max: 2432, Diff: 320, Sum: 8857, Workers: 4
[2493.209s][debug][gc,phases      ] GC(143)   JNI Weak                       Min:  0.0, Avg:  0.0, Max:  0.0, Diff:  0.0, Sum:  0.0, Workers: 4
[2493.209s][debug][gc,phases      ] GC(143)     Dead                           Min: 0, Avg:  0.0, Max: 0, Diff: 0, Sum: 0, Workers: 4
[2493.209s][debug][gc,phases      ] GC(143)     Total                          Min: 0, Avg:  0.0, Max: 0, Diff: 0, Sum: 0, Workers: 4
[2493.209s][debug][gc,phases      ] GC(143)   StringDedup Table Weak         Min:  0.0, Avg:  0.0, Max:  0.0, Diff:  0.0, Sum:  0.0, Workers: 4
[2493.209s][debug][gc,phases      ] GC(143)     Dead                           Min: 0, Avg:  0.0, Max: 0, Diff: 0, Sum: 0, Workers: 4
[2493.209s][debug][gc,phases      ] GC(143)     Total                          Min: 0, Avg:  0.0, Max: 0, Diff: 0, Sum: 0, Workers: 4
[2493.209s][debug][gc,phases      ] GC(143)   StringDedup Requests0 Weak     Min:  0.0, Avg:  0.0, Max:  0.0, Diff:  0.0, Sum:  0.0, Workers: 4
[2493.209s][debug][gc,phases      ] GC(143)     Dead                           Min: 0, Avg:  0.0, Max: 0, Diff: 0, Sum: 0, Workers: 4
[2493.209s][debug][gc,phases      ] GC(143)     Total                          Min: 0, Avg:  0.0, Max: 0, Diff: 0, Sum: 0, Workers: 4
[2493.209s][debug][gc,phases      ] GC(143)   StringDedup Requests1 Weak     Min:  0.0, Avg:  0.0, Max:  0.0, Diff:  0.0, Sum:  0.0, Workers: 4
[2493.209s][debug][gc,phases      ] GC(143)     Dead                           Min: 0, Avg:  0.0, Max: 0, Diff: 0, Sum: 0, Workers: 4
[2493.209s][debug][gc,phases      ] GC(143)     Total                          Min: 0, Avg:  0.0, Max: 0, Diff: 0, Sum: 0, Workers: 4
[2493.209s][debug][gc,phases      ] GC(143)   Weak JFR Old Object Samples    Min:  0.0, Avg:  0.0, Max:  0.0, Diff:  0.0, Sum:  0.0, Workers: 4
[2493.209s][debug][gc,phases      ] GC(143)     Dead                           Min: 0, Avg:  0.0, Max: 0, Diff: 0, Sum: 0, Workers: 4
[2493.209s][debug][gc,phases      ] GC(143)     Total                          Min: 0, Avg:  0.0, Max: 0, Diff: 0, Sum: 0, Workers: 4
[2493.209s][debug][gc,phases      ] GC(143) Weak Processing 0.359ms
[2493.209s][debug][gc,age         ] GC(143) Desired survivor size 54525952 bytes, new threshold 15 (max threshold 15)
[2493.209s][info ][gc,heap        ] GC(143) PSYoungGen: 1987471K(2034688K)->13015K(2043904K) Eden: 1974784K(1974784K)->0K(1987584K) From: 12687K(59904K)->13015K(56320K)
[2493.209s][info ][gc,heap        ] GC(143) ParOldGen: 464851K(559616K)->464859K(559616K)
[2493.209s][info ][gc,metaspace   ] GC(143) Metaspace: 85599K(86592K)->85599K(86592K) NonClass: 73636K(74176K)->73636K(74176K) Class: 11962K(12416K)->11962K(12416K)
[2493.209s][info ][gc             ] GC(143) Pause Young (Allocation Failure) 2394M->466M(2542M) 6.607ms
[2493.209s][info ][gc,cpu         ] GC(143) User=0.03s Sys=0.01s Real=0.00s
[2493.209s][info ][safepoint      ] Safepoint "ParallelGCFailedAllocation", Time since last: 3689421759 ns, Reaching safepoint: 112101 ns, At safepoint: 6702331 ns, Total: 6814432 ns
[2494.209s][info ][safepoint      ] Safepoint "Cleanup", Time since last: 1000101203 ns, Reaching safepoint: 126401 ns, At safepoint: 5800 ns, Total: 132201 ns
[2505.210s][info ][safepoint      ] Safepoint "Cleanup", Time since last: 11000795067 ns, Reaching safepoint: 52200 ns, At safepoint: 2901 ns, Total: 55101 ns
[2520.211s][info ][safepoint      ] Safepoint "Cleanup", Time since last: 15000989063 ns, Reaching safepoint: 59500 ns, At safepoint: 6300 ns, Total: 65800 ns
[2525.211s][info ][safepoint      ] Safepoint "Cleanup", Time since last: 5000331573 ns, Reaching safepoint: 54600 ns, At safepoint: 5900 ns, Total: 60500 ns
[2526.212s][info ][safepoint      ] Safepoint "Cleanup", Time since last: 1000109072 ns, Reaching safepoint: 49500 ns, At safepoint: 3700 ns, Total: 53200 ns
[2527.212s][info ][safepoint      ] Safepoint "Cleanup", Time since last: 1000115571 ns, Reaching safepoint: 37900 ns, At safepoint: 5500 ns, Total: 43400 ns
[2531.212s][info ][safepoint      ] Safepoint "Cleanup", Time since last: 4000313574 ns, Reaching safepoint: 52200 ns, At safepoint: 6100 ns, Total: 58300 ns
[2542.213s][info ][safepoint      ] Safepoint "Cleanup", Time since last: 11000766976 ns, Reaching safepoint: 53700 ns, At safepoint: 3300 ns, Total: 57000 ns
[2544.213s][info ][safepoint      ] Safepoint "Cleanup", Time since last: 2000181311 ns, Reaching safepoint: 50400 ns, At safepoint: 4200 ns, Total: 54600 ns
[2551.502s][info ][gc,start       ] GC(144) Pause Young (Allocation Failure)
[2551.507s][debug][gc,phases      ] GC(144) Scavenge 5.007ms
[2551.507s][debug][gc,ref         ] GC(144) Skipped phase 1 of Reference Processing: no references
[2551.507s][debug][gc,ref         ] GC(144) ReferenceProcessor::execute queues: 1, RefProcThreadModel::Single, marks_oops_alive: false
[2551.507s][debug][gc,ref         ] GC(144) Skipped phase 3 of Reference Processing: no references
[2551.507s][debug][gc,ref         ] GC(144) ReferenceProcessor::execute queues: 1, RefProcThreadModel::Single, marks_oops_alive: false
[2551.507s][debug][gc,phases      ] GC(144) Reference Processing 0.149ms
[2551.507s][debug][gc,phases      ] GC(144)   VM Weak                        Min:  0.0, Avg:  0.0, Max:  0.0, Diff:  0.0, Sum:  0.0, Workers: 4
[2551.507s][debug][gc,phases      ] GC(144)     Dead                           Min: 0, Avg:  0.0, Max: 0, Diff: 0, Sum: 0, Workers: 4
[2551.507s][debug][gc,phases      ] GC(144)     Total                          Min: 0, Avg: 192.0, Max: 704, Diff: 704, Sum: 768, Workers: 4
[2551.507s][debug][gc,phases      ] GC(144)   ObjectSynchronizer Weak        Min:  0.0, Avg:  0.0, Max:  0.0, Diff:  0.0, Sum:  0.0, Workers: 4
[2551.507s][debug][gc,phases      ] GC(144)     Dead                           Min: 0, Avg:  0.0, Max: 0, Diff: 0, Sum: 0, Workers: 4
[2551.507s][debug][gc,phases      ] GC(144)     Total                          Min: 0, Avg: 62.2, Max: 185, Diff: 185, Sum: 249, Workers: 4
[2551.507s][debug][gc,phases      ] GC(144)   JVMTI Tag Weak OopStorage      Min:  0.0, Avg:  0.0, Max:  0.0, Diff:  0.0, Sum:  0.0, Workers: 4
[2551.507s][debug][gc,phases      ] GC(144)     Dead                           Min: 0, Avg:  0.0, Max: 0, Diff: 0, Sum: 0, Workers: 4
[2551.507s][debug][gc,phases      ] GC(144)     Total                          Min: 0, Avg:  0.0, Max: 0, Diff: 0, Sum: 0, Workers: 4
[2551.507s][debug][gc,phases      ] GC(144)   StringTable Weak               Min:  0.1, Avg:  0.1, Max:  0.1, Diff:  0.0, Sum:  0.4, Workers: 4
[2551.507s][debug][gc,phases      ] GC(144)     Dead                           Min: 0, Avg:  0.0, Max: 0, Diff: 0, Sum: 0, Workers: 4
[2551.508s][debug][gc,phases      ] GC(144)     Total                          Min: 11264, Avg: 12204.2, Max: 13120, Diff: 1856, Sum: 48817, Workers: 4
[2551.508s][debug][gc,phases      ] GC(144)   ResolvedMethodTable Weak       Min:  0.0, Avg:  0.0, Max:  0.0, Diff:  0.0, Sum:  0.1, Workers: 4
[2551.508s][debug][gc,phases      ] GC(144)     Dead                           Min: 0, Avg:  0.0, Max: 0, Diff: 0, Sum: 0, Workers: 4
[2551.508s][debug][gc,phases      ] GC(144)     Total                          Min: 1984, Avg: 2217.2, Max: 2432, Diff: 448, Sum: 8869, Workers: 4
[2551.508s][debug][gc,phases      ] GC(144)   JNI Weak                       Min:  0.0, Avg:  0.0, Max:  0.0, Diff:  0.0, Sum:  0.0, Workers: 4
[2551.508s][debug][gc,phases      ] GC(144)     Dead                           Min: 0, Avg:  0.0, Max: 0, Diff: 0, Sum: 0, Workers: 4
[2551.508s][debug][gc,phases      ] GC(144)     Total                          Min: 0, Avg:  0.0, Max: 0, Diff: 0, Sum: 0, Workers: 4
[2551.508s][debug][gc,phases      ] GC(144)   StringDedup Table Weak         Min:  0.0, Avg:  0.0, Max:  0.0, Diff:  0.0, Sum:  0.0, Workers: 4
[2551.508s][debug][gc,phases      ] GC(144)     Dead                           Min: 0, Avg:  0.0, Max: 0, Diff: 0, Sum: 0, Workers: 4
[2551.508s][debug][gc,phases      ] GC(144)     Total                          Min: 0, Avg:  0.0, Max: 0, Diff: 0, Sum: 0, Workers: 4
[2551.508s][debug][gc,phases      ] GC(144)   StringDedup Requests0 Weak     Min:  0.0, Avg:  0.0, Max:  0.0, Diff:  0.0, Sum:  0.0, Workers: 4
[2551.508s][debug][gc,phases      ] GC(144)     Dead                           Min: 0, Avg:  0.0, Max: 0, Diff: 0, Sum: 0, Workers: 4
[2551.508s][debug][gc,phases      ] GC(144)     Total                          Min: 0, Avg:  0.0, Max: 0, Diff: 0, Sum: 0, Workers: 4
[2551.508s][debug][gc,phases      ] GC(144)   StringDedup Requests1 Weak     Min:  0.0, Avg:  0.0, Max:  0.0, Diff:  0.0, Sum:  0.0, Workers: 4
[2551.508s][debug][gc,phases      ] GC(144)     Dead                           Min: 0, Avg:  0.0, Max: 0, Diff: 0, Sum: 0, Workers: 4
[2551.508s][debug][gc,phases      ] GC(144)     Total                          Min: 0, Avg:  0.0, Max: 0, Diff: 0, Sum: 0, Workers: 4
[2551.508s][debug][gc,phases      ] GC(144)   Weak JFR Old Object Samples    Min:  0.0, Avg:  0.0, Max:  0.0, Diff:  0.0, Sum:  0.0, Workers: 4
[2551.508s][debug][gc,phases      ] GC(144)     Dead                           Min: 0, Avg:  0.0, Max: 0, Diff: 0, Sum: 0, Workers: 4
[2551.508s][debug][gc,phases      ] GC(144)     Total                          Min: 0, Avg:  0.0, Max: 0, Diff: 0, Sum: 0, Workers: 4
[2551.508s][debug][gc,phases      ] GC(144) Weak Processing 0.320ms
[2551.508s][debug][gc,age         ] GC(144) Desired survivor size 51380224 bytes, new threshold 15 (max threshold 15)
[2551.508s][info ][gc,heap        ] GC(144) PSYoungGen: 2000599K(2043904K)->13167K(2040832K) Eden: 1987584K(1987584K)->0K(1987584K) From: 13015K(56320K)->13167K(53248K)
[2551.508s][info ][gc,heap        ] GC(144) ParOldGen: 464859K(559616K)->464867K(559616K)
[2551.508s][info ][gc,metaspace   ] GC(144) Metaspace: 85638K(86592K)->85638K(86592K) NonClass: 73672K(74176K)->73672K(74176K) Class: 11965K(12416K)->11965K(12416K)
[2551.508s][info ][gc             ] GC(144) Pause Young (Allocation Failure) 2407M->466M(2539M) 5.608ms
[2551.508s][info ][gc,cpu         ] GC(144) User=0.02s Sys=0.00s Real=0.00s
[2551.508s][info ][safepoint      ] Safepoint "ParallelGCFailedAllocation", Time since last: 7288699599 ns, Reaching safepoint: 115500 ns, At safepoint: 5712427 ns, Total: 5827927 ns
[2553.508s][info ][safepoint      ] Safepoint "Cleanup", Time since last: 2000180894 ns, Reaching safepoint: 129001 ns, At safepoint: 7700 ns, Total: 136701 ns
[2555.508s][info ][safepoint      ] Safepoint "Cleanup", Time since last: 2000181690 ns, Reaching safepoint: 64200 ns, At safepoint: 11000 ns, Total: 75200 ns
[2556.508s][info ][safepoint      ] Safepoint "Cleanup", Time since last: 1000119444 ns, Reaching safepoint: 54001 ns, At safepoint: 9300 ns, Total: 63301 ns
[2565.509s][info ][safepoint      ] Safepoint "Cleanup", Time since last: 9000692554 ns, Reaching safepoint: 59901 ns, At safepoint: 39500 ns, Total: 99401 ns
[2576.510s][info ][safepoint      ] Safepoint "Cleanup", Time since last: 11000722736 ns, Reaching safepoint: 59701 ns, At safepoint: 5500 ns, Total: 65201 ns
[2577.510s][info ][safepoint      ] Safepoint "Cleanup", Time since last: 1000111525 ns, Reaching safepoint: 50301 ns, At safepoint: 2800 ns, Total: 53101 ns
[2580.510s][info ][safepoint      ] Safepoint "Cleanup", Time since last: 3000247671 ns, Reaching safepoint: 56500 ns, At safepoint: 3300 ns, Total: 59800 ns
[2587.511s][info ][safepoint      ] Safepoint "Cleanup", Time since last: 7000461136 ns, Reaching safepoint: 53501 ns, At safepoint: 7400 ns, Total: 60901 ns
[2591.511s][info ][safepoint      ] Safepoint "Cleanup", Time since last: 4000270559 ns, Reaching safepoint: 67500 ns, At safepoint: 4100 ns, Total: 71600 ns
[2595.512s][info ][safepoint      ] Safepoint "Cleanup", Time since last: 4000322246 ns, Reaching safepoint: 50301 ns, At safepoint: 3000 ns, Total: 53301 ns
[2600.512s][info ][safepoint      ] Safepoint "Cleanup", Time since last: 5000321838 ns, Reaching safepoint: 44001 ns, At safepoint: 29900 ns, Total: 73901 ns
[2603.512s][info ][safepoint      ] Safepoint "Cleanup", Time since last: 3000228513 ns, Reaching safepoint: 51800 ns, At safepoint: 10301 ns, Total: 62101 ns
[2612.260s][info ][gc,start       ] GC(145) Pause Young (Allocation Failure)
[2612.265s][debug][gc,phases      ] GC(145) Scavenge 5.433ms
[2612.265s][debug][gc,ref         ] GC(145) Skipped phase 1 of Reference Processing: no references
[2612.265s][debug][gc,ref         ] GC(145) ReferenceProcessor::execute queues: 1, RefProcThreadModel::Single, marks_oops_alive: false
[2612.266s][debug][gc,ref         ] GC(145) Skipped phase 3 of Reference Processing: no references
[2612.266s][debug][gc,ref         ] GC(145) ReferenceProcessor::execute queues: 1, RefProcThreadModel::Single, marks_oops_alive: false
[2612.266s][debug][gc,phases      ] GC(145) Reference Processing 0.164ms
[2612.266s][debug][gc,phases      ] GC(145)   VM Weak                        Min:  0.0, Avg:  0.0, Max:  0.0, Diff:  0.0, Sum:  0.0, Workers: 4
[2612.266s][debug][gc,phases      ] GC(145)     Dead                           Min: 0, Avg:  0.0, Max: 0, Diff: 0, Sum: 0, Workers: 4
[2612.266s][debug][gc,phases      ] GC(145)     Total                          Min: 0, Avg: 192.0, Max: 512, Diff: 512, Sum: 768, Workers: 4
[2612.266s][debug][gc,phases      ] GC(145)   ObjectSynchronizer Weak        Min:  0.0, Avg:  0.0, Max:  0.0, Diff:  0.0, Sum:  0.0, Workers: 4
[2612.266s][debug][gc,phases      ] GC(145)     Dead                           Min: 0, Avg:  0.0, Max: 0, Diff: 0, Sum: 0, Workers: 4
[2612.266s][debug][gc,phases      ] GC(145)     Total                          Min: 0, Avg: 62.2, Max: 185, Diff: 185, Sum: 249, Workers: 4
[2612.266s][debug][gc,phases      ] GC(145)   JVMTI Tag Weak OopStorage      Min:  0.0, Avg:  0.0, Max:  0.0, Diff:  0.0, Sum:  0.0, Workers: 4
[2612.266s][debug][gc,phases      ] GC(145)     Dead                           Min: 0, Avg:  0.0, Max: 0, Diff: 0, Sum: 0, Workers: 4
[2612.266s][debug][gc,phases      ] GC(145)     Total                          Min: 0, Avg:  0.0, Max: 0, Diff: 0, Sum: 0, Workers: 4
[2612.266s][debug][gc,phases      ] GC(145)   StringTable Weak               Min:  0.1, Avg:  0.1, Max:  0.1, Diff:  0.0, Sum:  0.4, Workers: 4
[2612.266s][debug][gc,phases      ] GC(145)     Dead                           Min: 0, Avg:  0.0, Max: 0, Diff: 0, Sum: 0, Workers: 4
[2612.266s][debug][gc,phases      ] GC(145)     Total                          Min: 10880, Avg: 12204.5, Max: 12736, Diff: 1856, Sum: 48818, Workers: 4
[2612.266s][debug][gc,phases      ] GC(145)   ResolvedMethodTable Weak       Min:  0.0, Avg:  0.0, Max:  0.0, Diff:  0.0, Sum:  0.1, Workers: 4
[2612.266s][debug][gc,phases      ] GC(145)     Dead                           Min: 0, Avg:  0.0, Max: 0, Diff: 0, Sum: 0, Workers: 4
[2612.266s][debug][gc,phases      ] GC(145)     Total                          Min: 1920, Avg: 2217.8, Max: 2407, Diff: 487, Sum: 8871, Workers: 4
[2612.266s][debug][gc,phases      ] GC(145)   JNI Weak                       Min:  0.0, Avg:  0.0, Max:  0.0, Diff:  0.0, Sum:  0.0, Workers: 4
[2612.266s][debug][gc,phases      ] GC(145)     Dead                           Min: 0, Avg:  0.0, Max: 0, Diff: 0, Sum: 0, Workers: 4
[2612.266s][debug][gc,phases      ] GC(145)     Total                          Min: 0, Avg:  0.0, Max: 0, Diff: 0, Sum: 0, Workers: 4
[2612.266s][debug][gc,phases      ] GC(145)   StringDedup Table Weak         Min:  0.0, Avg:  0.0, Max:  0.0, Diff:  0.0, Sum:  0.0, Workers: 4
[2612.266s][debug][gc,phases      ] GC(145)     Dead                           Min: 0, Avg:  0.0, Max: 0, Diff: 0, Sum: 0, Workers: 4
[2612.266s][debug][gc,phases      ] GC(145)     Total                          Min: 0, Avg:  0.0, Max: 0, Diff: 0, Sum: 0, Workers: 4
[2612.266s][debug][gc,phases      ] GC(145)   StringDedup Requests0 Weak     Min:  0.0, Avg:  0.0, Max:  0.0, Diff:  0.0, Sum:  0.0, Workers: 4
[2612.266s][debug][gc,phases      ] GC(145)     Dead                           Min: 0, Avg:  0.0, Max: 0, Diff: 0, Sum: 0, Workers: 4
[2612.266s][debug][gc,phases      ] GC(145)     Total                          Min: 0, Avg:  0.0, Max: 0, Diff: 0, Sum: 0, Workers: 4
[2612.266s][debug][gc,phases      ] GC(145)   StringDedup Requests1 Weak     Min:  0.0, Avg:  0.0, Max:  0.0, Diff:  0.0, Sum:  0.0, Workers: 4
[2612.266s][debug][gc,phases      ] GC(145)     Dead                           Min: 0, Avg:  0.0, Max: 0, Diff: 0, Sum: 0, Workers: 4
[2612.266s][debug][gc,phases      ] GC(145)     Total                          Min: 0, Avg:  0.0, Max: 0, Diff: 0, Sum: 0, Workers: 4
[2612.266s][debug][gc,phases      ] GC(145)   Weak JFR Old Object Samples    Min:  0.0, Avg:  0.0, Max:  0.0, Diff:  0.0, Sum:  0.0, Workers: 4
[2612.266s][debug][gc,phases      ] GC(145)     Dead                           Min: 0, Avg:  0.0, Max: 0, Diff: 0, Sum: 0, Workers: 4
[2612.266s][debug][gc,phases      ] GC(145)     Total                          Min: 0, Avg:  0.0, Max: 0, Diff: 0, Sum: 0, Workers: 4
[2612.266s][debug][gc,phases      ] GC(145) Weak Processing 0.399ms
[2612.266s][debug][gc,age         ] GC(145) Desired survivor size 48234496 bytes, new threshold 15 (max threshold 15)
[2612.266s][info ][gc,heap        ] GC(145) PSYoungGen: 2000751K(2040832K)->13023K(2050048K) Eden: 1987584K(1987584K)->0K(1999872K) From: 13167K(53248K)->13023K(50176K)
[2612.266s][info ][gc,heap        ] GC(145) ParOldGen: 464867K(559616K)->464875K(559616K)
[2612.266s][info ][gc,metaspace   ] GC(145) Metaspace: 85646K(86592K)->85646K(86592K) NonClass: 73680K(74176K)->73680K(74176K) Class: 11966K(12416K)->11966K(12416K)
[2612.266s][info ][gc             ] GC(145) Pause Young (Allocation Failure) 2407M->466M(2548M) 6.195ms
[2612.266s][info ][gc,cpu         ] GC(145) User=0.02s Sys=0.00s Real=0.01s
[2612.266s][info ][safepoint      ] Safepoint "ParallelGCFailedAllocation", Time since last: 8747306332 ns, Reaching safepoint: 58600 ns, At safepoint: 6297229 ns, Total: 6355829 ns
[2615.266s][info ][safepoint      ] Safepoint "Cleanup", Time since last: 3000223385 ns, Reaching safepoint: 52400 ns, At safepoint: 8101 ns, Total: 60501 ns
[2627.267s][info ][safepoint      ] Safepoint "Cleanup", Time since last: 12000764568 ns, Reaching safepoint: 65200 ns, At safepoint: 38300 ns, Total: 103500 ns
[2633.268s][info ][safepoint      ] Safepoint "Cleanup", Time since last: 6000443893 ns, Reaching safepoint: 61300 ns, At safepoint: 7600 ns, Total: 68900 ns
[2637.268s][info ][safepoint      ] Safepoint "Cleanup", Time since last: 4000287913 ns, Reaching safepoint: 54300 ns, At safepoint: 8100 ns, Total: 62400 ns
[2639.268s][info ][safepoint      ] Safepoint "Cleanup", Time since last: 2000285153 ns, Reaching safepoint: 51500 ns, At safepoint: 2900 ns, Total: 54400 ns
[2642.269s][info ][safepoint      ] Safepoint "Cleanup", Time since last: 3000243522 ns, Reaching safepoint: 44500 ns, At safepoint: 4500 ns, Total: 49000 ns
[2646.269s][info ][safepoint      ] Safepoint "Cleanup", Time since last: 4000320086 ns, Reaching safepoint: 46800 ns, At safepoint: 5800 ns, Total: 52600 ns
[2648.269s][info ][safepoint      ] Safepoint "Cleanup", Time since last: 2000182938 ns, Reaching safepoint: 54601 ns, At safepoint: 9000 ns, Total: 63601 ns
[2652.270s][info ][safepoint      ] Safepoint "Cleanup", Time since last: 4000300667 ns, Reaching safepoint: 49701 ns, At safepoint: 6500 ns, Total: 56201 ns
[2653.270s][info ][safepoint      ] Safepoint "Cleanup", Time since last: 1000119165 ns, Reaching safepoint: 50500 ns, At safepoint: 3600 ns, Total: 54100 ns
[2663.271s][info ][safepoint      ] Safepoint "Cleanup", Time since last: 10000668610 ns, Reaching safepoint: 54500 ns, At safepoint: 13100 ns, Total: 67600 ns
[2664.271s][info ][safepoint      ] Safepoint "Cleanup", Time since last: 1000093257 ns, Reaching safepoint: 44000 ns, At safepoint: 8100 ns, Total: 52100 ns
[2670.271s][info ][safepoint      ] Safepoint "Cleanup", Time since last: 6000447827 ns, Reaching safepoint: 50300 ns, At safepoint: 7600 ns, Total: 57900 ns
[2670.954s][info ][gc,start       ] GC(146) Pause Young (Allocation Failure)
[2670.960s][debug][gc,phases      ] GC(146) Scavenge 5.925ms
[2670.960s][debug][gc,ref         ] GC(146) Skipped phase 1 of Reference Processing: no references
[2670.960s][debug][gc,ref         ] GC(146) ReferenceProcessor::execute queues: 1, RefProcThreadModel::Single, marks_oops_alive: false
[2670.960s][debug][gc,ref         ] GC(146) Skipped phase 3 of Reference Processing: no references
[2670.960s][debug][gc,ref         ] GC(146) ReferenceProcessor::execute queues: 1, RefProcThreadModel::Single, marks_oops_alive: false
[2670.960s][debug][gc,phases      ] GC(146) Reference Processing 0.174ms
[2670.961s][debug][gc,phases      ] GC(146)   VM Weak                        Min:  0.0, Avg:  0.0, Max:  0.0, Diff:  0.0, Sum:  0.0, Workers: 4
[2670.961s][debug][gc,phases      ] GC(146)     Dead                           Min: 0, Avg:  0.0, Max: 0, Diff: 0, Sum: 0, Workers: 4
[2670.961s][debug][gc,phases      ] GC(146)     Total                          Min: 0, Avg: 192.0, Max: 768, Diff: 768, Sum: 768, Workers: 4
[2670.961s][debug][gc,phases      ] GC(146)   ObjectSynchronizer Weak        Min:  0.0, Avg:  0.0, Max:  0.0, Diff:  0.0, Sum:  0.0, Workers: 4
[2670.961s][debug][gc,phases      ] GC(146)     Dead                           Min: 0, Avg:  0.0, Max: 0, Diff: 0, Sum: 0, Workers: 4
[2670.961s][debug][gc,phases      ] GC(146)     Total                          Min: 0, Avg: 62.2, Max: 128, Diff: 128, Sum: 249, Workers: 4
[2670.961s][debug][gc,phases      ] GC(146)   JVMTI Tag Weak OopStorage      Min:  0.0, Avg:  0.0, Max:  0.0, Diff:  0.0, Sum:  0.0, Workers: 4
[2670.961s][debug][gc,phases      ] GC(146)     Dead                           Min: 0, Avg:  0.0, Max: 0, Diff: 0, Sum: 0, Workers: 4
[2670.961s][debug][gc,phases      ] GC(146)     Total                          Min: 0, Avg:  0.0, Max: 0, Diff: 0, Sum: 0, Workers: 4
[2670.961s][debug][gc,phases      ] GC(146)   StringTable Weak               Min:  0.1, Avg:  0.1, Max:  0.1, Diff:  0.0, Sum:  0.4, Workers: 4
[2670.961s][debug][gc,phases      ] GC(146)     Dead                           Min: 0, Avg:  0.0, Max: 0, Diff: 0, Sum: 0, Workers: 4
[2670.961s][debug][gc,phases      ] GC(146)     Total                          Min: 11648, Avg: 12204.8, Max: 12736, Diff: 1088, Sum: 48819, Workers: 4
[2670.961s][debug][gc,phases      ] GC(146)   ResolvedMethodTable Weak       Min:  0.0, Avg:  0.0, Max:  0.0, Diff:  0.0, Sum:  0.1, Workers: 4
[2670.961s][debug][gc,phases      ] GC(146)     Dead                           Min: 0, Avg:  0.0, Max: 0, Diff: 0, Sum: 0, Workers: 4
[2670.961s][debug][gc,phases      ] GC(146)     Total                          Min: 1920, Avg: 2217.8, Max: 2535, Diff: 615, Sum: 8871, Workers: 4
[2670.961s][debug][gc,phases      ] GC(146)   JNI Weak                       Min:  0.0, Avg:  0.0, Max:  0.0, Diff:  0.0, Sum:  0.0, Workers: 4
[2670.961s][debug][gc,phases      ] GC(146)     Dead                           Min: 0, Avg:  0.0, Max: 0, Diff: 0, Sum: 0, Workers: 4
[2670.961s][debug][gc,phases      ] GC(146)     Total                          Min: 0, Avg:  0.0, Max: 0, Diff: 0, Sum: 0, Workers: 4
[2670.961s][debug][gc,phases      ] GC(146)   StringDedup Table Weak         Min:  0.0, Avg:  0.0, Max:  0.0, Diff:  0.0, Sum:  0.0, Workers: 4
[2670.961s][debug][gc,phases      ] GC(146)     Dead                           Min: 0, Avg:  0.0, Max: 0, Diff: 0, Sum: 0, Workers: 4
[2670.961s][debug][gc,phases      ] GC(146)     Total                          Min: 0, Avg:  0.0, Max: 0, Diff: 0, Sum: 0, Workers: 4
[2670.961s][debug][gc,phases      ] GC(146)   StringDedup Requests0 Weak     Min:  0.0, Avg:  0.0, Max:  0.0, Diff:  0.0, Sum:  0.0, Workers: 4
[2670.961s][debug][gc,phases      ] GC(146)     Dead                           Min: 0, Avg:  0.0, Max: 0, Diff: 0, Sum: 0, Workers: 4
[2670.961s][debug][gc,phases      ] GC(146)     Total                          Min: 0, Avg:  0.0, Max: 0, Diff: 0, Sum: 0, Workers: 4
[2670.961s][debug][gc,phases      ] GC(146)   StringDedup Requests1 Weak     Min:  0.0, Avg:  0.0, Max:  0.0, Diff:  0.0, Sum:  0.0, Workers: 4
[2670.961s][debug][gc,phases      ] GC(146)     Dead                           Min: 0, Avg:  0.0, Max: 0, Diff: 0, Sum: 0, Workers: 4
[2670.961s][debug][gc,phases      ] GC(146)     Total                          Min: 0, Avg:  0.0, Max: 0, Diff: 0, Sum: 0, Workers: 4
[2670.961s][debug][gc,phases      ] GC(146)   Weak JFR Old Object Samples    Min:  0.0, Avg:  0.0, Max:  0.0, Diff:  0.0, Sum:  0.0, Workers: 4
[2670.961s][debug][gc,phases      ] GC(146)     Dead                           Min: 0, Avg:  0.0, Max: 0, Diff: 0, Sum: 0, Workers: 4
[2670.961s][debug][gc,phases      ] GC(146)     Total                          Min: 0, Avg:  0.0, Max: 0, Diff: 0, Sum: 0, Workers: 4
[2670.961s][debug][gc,phases      ] GC(146) Weak Processing 0.399ms
[2670.961s][debug][gc,age         ] GC(146) Desired survivor size 45613056 bytes, new threshold 15 (max threshold 15)
[2670.961s][info ][gc,heap        ] GC(146) PSYoungGen: 2012895K(2050048K)->12679K(2046976K) Eden: 1999872K(1999872K)->0K(1999872K) From: 13023K(50176K)->12679K(47104K)
[2670.961s][info ][gc,heap        ] GC(146) ParOldGen: 464875K(559616K)->464875K(559616K)
[2670.961s][info ][gc,metaspace   ] GC(146) Metaspace: 85655K(86656K)->85655K(86656K) NonClass: 73688K(74240K)->73688K(74240K) Class: 11966K(12416K)->11966K(12416K)
[2670.961s][info ][gc             ] GC(146) Pause Young (Allocation Failure) 2419M->466M(2545M) 6.661ms
[2670.961s][info ][gc,cpu         ] GC(146) User=0.02s Sys=0.00s Real=0.00s
[2670.961s][info ][safepoint      ] Safepoint "ParallelGCFailedAllocation", Time since last: 682801008 ns, Reaching safepoint: 50400 ns, At safepoint: 6762231 ns, Total: 6812631 ns
[2671.961s][info ][safepoint      ] Safepoint "Cleanup", Time since last: 1000092252 ns, Reaching safepoint: 55800 ns, At safepoint: 11600 ns, Total: 67400 ns
[2674.961s][info ][safepoint      ] Safepoint "Cleanup", Time since last: 3000241450 ns, Reaching safepoint: 48200 ns, At safepoint: 16301 ns, Total: 64501 ns
[2683.962s][info ][safepoint      ] Safepoint "Cleanup", Time since last: 9000621812 ns, Reaching safepoint: 57600 ns, At safepoint: 11300 ns, Total: 68900 ns
[2684.962s][info ][safepoint      ] Safepoint "Cleanup", Time since last: 1000128142 ns, Reaching safepoint: 37601 ns, At safepoint: 3400 ns, Total: 41001 ns
[2685.962s][info ][safepoint      ] Safepoint "Cleanup", Time since last: 1000118241 ns, Reaching safepoint: 47001 ns, At safepoint: 7100 ns, Total: 54101 ns
[2687.963s][info ][safepoint      ] Safepoint "Cleanup", Time since last: 2000183581 ns, Reaching safepoint: 49300 ns, At safepoint: 3000 ns, Total: 52300 ns
[2688.963s][info ][safepoint      ] Safepoint "Cleanup", Time since last: 1000105640 ns, Reaching safepoint: 44500 ns, At safepoint: 6200 ns, Total: 50700 ns
[2697.963s][info ][safepoint      ] Safepoint "Cleanup", Time since last: 9000622925 ns, Reaching safepoint: 48800 ns, At safepoint: 9100 ns, Total: 57900 ns
[2701.964s][info ][safepoint      ] Safepoint "Cleanup", Time since last: 4000301427 ns, Reaching safepoint: 57300 ns, At safepoint: 3200 ns, Total: 60500 ns
[2706.964s][info ][safepoint      ] Safepoint "Cleanup", Time since last: 5000388943 ns, Reaching safepoint: 49101 ns, At safepoint: 8600 ns, Total: 57701 ns
[2710.304s][info ][safepoint      ] Safepoint "Cleanup", Time since last: 3340033515 ns, Reaching safepoint: 180001 ns, At safepoint: 10600 ns, Total: 190601 ns
[2712.305s][info ][safepoint      ] Safepoint "Cleanup", Time since last: 2000188749 ns, Reaching safepoint: 129900 ns, At safepoint: 7200 ns, Total: 137100 ns
[2716.305s][info ][safepoint      ] Safepoint "Cleanup", Time since last: 4000340589 ns, Reaching safepoint: 122400 ns, At safepoint: 8001 ns, Total: 130401 ns
[2721.306s][info ][safepoint      ] Safepoint "Cleanup", Time since last: 5000415196 ns, Reaching safepoint: 139300 ns, At safepoint: 11900 ns, Total: 151200 ns
[2723.306s][info ][safepoint      ] Safepoint "Cleanup", Time since last: 2000210035 ns, Reaching safepoint: 133300 ns, At safepoint: 14200 ns, Total: 147500 ns
[2730.307s][info ][safepoint      ] Safepoint "Cleanup", Time since last: 7000650999 ns, Reaching safepoint: 125801 ns, At safepoint: 8500 ns, Total: 134301 ns
[2734.307s][info ][safepoint      ] Safepoint "Cleanup", Time since last: 4000349142 ns, Reaching safepoint: 63300 ns, At safepoint: 9101 ns, Total: 72401 ns
[2735.257s][info ][gc,start       ] GC(147) Pause Young (Allocation Failure)
[2735.263s][debug][gc,phases      ] GC(147) Scavenge 5.337ms
[2735.263s][debug][gc,ref         ] GC(147) Skipped phase 1 of Reference Processing: no references
[2735.263s][debug][gc,ref         ] GC(147) ReferenceProcessor::execute queues: 1, RefProcThreadModel::Single, marks_oops_alive: false
[2735.263s][debug][gc,ref         ] GC(147) Skipped phase 3 of Reference Processing: no references
[2735.263s][debug][gc,ref         ] GC(147) ReferenceProcessor::execute queues: 1, RefProcThreadModel::Single, marks_oops_alive: false
[2735.263s][debug][gc,phases      ] GC(147) Reference Processing 0.131ms
[2735.263s][debug][gc,phases      ] GC(147)   VM Weak                        Min:  0.0, Avg:  0.0, Max:  0.0, Diff:  0.0, Sum:  0.0, Workers: 4
[2735.263s][debug][gc,phases      ] GC(147)     Dead                           Min: 0, Avg:  0.0, Max: 0, Diff: 0, Sum: 0, Workers: 4
[2735.263s][debug][gc,phases      ] GC(147)     Total                          Min: 0, Avg: 192.0, Max: 448, Diff: 448, Sum: 768, Workers: 4
[2735.263s][debug][gc,phases      ] GC(147)   ObjectSynchronizer Weak        Min:  0.0, Avg:  0.0, Max:  0.0, Diff:  0.0, Sum:  0.0, Workers: 4
[2735.263s][debug][gc,phases      ] GC(147)     Dead                           Min: 0, Avg:  0.0, Max: 0, Diff: 0, Sum: 0, Workers: 4
[2735.263s][debug][gc,phases      ] GC(147)     Total                          Min: 0, Avg: 62.2, Max: 128, Diff: 128, Sum: 249, Workers: 4
[2735.263s][debug][gc,phases      ] GC(147)   JVMTI Tag Weak OopStorage      Min:  0.0, Avg:  0.0, Max:  0.0, Diff:  0.0, Sum:  0.0, Workers: 4
[2735.263s][debug][gc,phases      ] GC(147)     Dead                           Min: 0, Avg:  0.0, Max: 0, Diff: 0, Sum: 0, Workers: 4
[2735.263s][debug][gc,phases      ] GC(147)     Total                          Min: 0, Avg:  0.0, Max: 0, Diff: 0, Sum: 0, Workers: 4
[2735.263s][debug][gc,phases      ] GC(147)   StringTable Weak               Min:  0.1, Avg:  0.1, Max:  0.1, Diff:  0.0, Sum:  0.5, Workers: 4
[2735.263s][debug][gc,phases      ] GC(147)     Dead                           Min: 0, Avg:  0.0, Max: 0, Diff: 0, Sum: 0, Workers: 4
[2735.263s][debug][gc,phases      ] GC(147)     Total                          Min: 11520, Avg: 12222.0, Max: 13504, Diff: 1984, Sum: 48888, Workers: 4
[2735.263s][debug][gc,phases      ] GC(147)   ResolvedMethodTable Weak       Min:  0.0, Avg:  0.0, Max:  0.0, Diff:  0.0, Sum:  0.1, Workers: 4
[2735.263s][debug][gc,phases      ] GC(147)     Dead                           Min: 0, Avg:  4.0, Max: 16, Diff: 16, Sum: 16, Workers: 4
[2735.263s][debug][gc,phases      ] GC(147)     Total                          Min: 1856, Avg: 2221.0, Max: 2555, Diff: 699, Sum: 8884, Workers: 4
[2735.263s][debug][gc,phases      ] GC(147)   JNI Weak                       Min:  0.0, Avg:  0.0, Max:  0.0, Diff:  0.0, Sum:  0.0, Workers: 4
[2735.263s][debug][gc,phases      ] GC(147)     Dead                           Min: 0, Avg:  0.0, Max: 0, Diff: 0, Sum: 0, Workers: 4
[2735.263s][debug][gc,phases      ] GC(147)     Total                          Min: 0, Avg:  0.0, Max: 0, Diff: 0, Sum: 0, Workers: 4
[2735.263s][debug][gc,phases      ] GC(147)   StringDedup Table Weak         Min:  0.0, Avg:  0.0, Max:  0.0, Diff:  0.0, Sum:  0.0, Workers: 4
[2735.263s][debug][gc,phases      ] GC(147)     Dead                           Min: 0, Avg:  0.0, Max: 0, Diff: 0, Sum: 0, Workers: 4
[2735.263s][debug][gc,phases      ] GC(147)     Total                          Min: 0, Avg:  0.0, Max: 0, Diff: 0, Sum: 0, Workers: 4
[2735.263s][debug][gc,phases      ] GC(147)   StringDedup Requests0 Weak     Min:  0.0, Avg:  0.0, Max:  0.0, Diff:  0.0, Sum:  0.0, Workers: 4
[2735.263s][debug][gc,phases      ] GC(147)     Dead                           Min: 0, Avg:  0.0, Max: 0, Diff: 0, Sum: 0, Workers: 4
[2735.263s][debug][gc,phases      ] GC(147)     Total                          Min: 0, Avg:  0.0, Max: 0, Diff: 0, Sum: 0, Workers: 4
[2735.263s][debug][gc,phases      ] GC(147)   StringDedup Requests1 Weak     Min:  0.0, Avg:  0.0, Max:  0.0, Diff:  0.0, Sum:  0.0, Workers: 4
[2735.263s][debug][gc,phases      ] GC(147)     Dead                           Min: 0, Avg:  0.0, Max: 0, Diff: 0, Sum: 0, Workers: 4
[2735.263s][debug][gc,phases      ] GC(147)     Total                          Min: 0, Avg:  0.0, Max: 0, Diff: 0, Sum: 0, Workers: 4
[2735.263s][debug][gc,phases      ] GC(147)   Weak JFR Old Object Samples    Min:  0.0, Avg:  0.0, Max:  0.0, Diff:  0.0, Sum:  0.0, Workers: 4
[2735.263s][debug][gc,phases      ] GC(147)     Dead                           Min: 0, Avg:  0.0, Max: 0, Diff: 0, Sum: 0, Workers: 4
[2735.263s][debug][gc,phases      ] GC(147)     Total                          Min: 0, Avg:  0.0, Max: 0, Diff: 0, Sum: 0, Workers: 4
[2735.263s][debug][gc,phases      ] GC(147) Weak Processing 0.345ms
[2735.263s][debug][gc,age         ] GC(147) Desired survivor size 42991616 bytes, new threshold 15 (max threshold 15)
[2735.263s][info ][gc,heap        ] GC(147) PSYoungGen: 2012551K(2046976K)->12095K(2055168K) Eden: 1999872K(1999872K)->0K(2010624K) From: 12679K(47104K)->12095K(44544K)
[2735.263s][info ][gc,heap        ] GC(147) ParOldGen: 464875K(559616K)->464883K(559616K)
[2735.263s][info ][gc,metaspace   ] GC(147) Metaspace: 85699K(86656K)->85699K(86656K) NonClass: 73730K(74240K)->73730K(74240K) Class: 11968K(12416K)->11968K(12416K)
[2735.263s][info ][gc             ] GC(147) Pause Young (Allocation Failure) 2419M->465M(2553M) 5.949ms
[2735.263s][info ][gc,cpu         ] GC(147) User=0.02s Sys=0.00s Real=0.01s
[2735.263s][info ][safepoint      ] Safepoint "ParallelGCFailedAllocation", Time since last: 949850582 ns, Reaching safepoint: 80600 ns, At safepoint: 6051228 ns, Total: 6131828 ns
[2738.264s][info ][safepoint      ] Safepoint "Cleanup", Time since last: 3000226623 ns, Reaching safepoint: 54100 ns, At safepoint: 9000 ns, Total: 63100 ns
[2739.264s][info ][safepoint      ] Safepoint "Cleanup", Time since last: 1000115307 ns, Reaching safepoint: 52900 ns, At safepoint: 8700 ns, Total: 61600 ns
[2742.264s][info ][safepoint      ] Safepoint "Cleanup", Time since last: 3000244116 ns, Reaching safepoint: 50800 ns, At safepoint: 8800 ns, Total: 59600 ns
[2757.265s][info ][safepoint      ] Safepoint "Cleanup", Time since last: 15001023095 ns, Reaching safepoint: 56700 ns, At safepoint: 9200 ns, Total: 65900 ns
[2763.266s][info ][safepoint      ] Safepoint "Cleanup", Time since last: 6000452060 ns, Reaching safepoint: 63901 ns, At safepoint: 14900 ns, Total: 78801 ns
[2766.266s][info ][safepoint      ] Safepoint "Cleanup", Time since last: 3000245872 ns, Reaching safepoint: 45000 ns, At safepoint: 3000 ns, Total: 48000 ns
[2768.266s][info ][safepoint      ] Safepoint "Cleanup", Time since last: 2000178178 ns, Reaching safepoint: 60900 ns, At safepoint: 12001 ns, Total: 72901 ns
[2771.267s][info ][safepoint      ] Safepoint "Cleanup", Time since last: 3000233463 ns, Reaching safepoint: 47600 ns, At safepoint: 3800 ns, Total: 51400 ns
[2774.267s][info ][safepoint      ] Safepoint "Cleanup", Time since last: 3000232758 ns, Reaching safepoint: 43400 ns, At safepoint: 3400 ns, Total: 46800 ns
[2776.267s][info ][safepoint      ] Safepoint "Cleanup", Time since last: 2000176869 ns, Reaching safepoint: 49500 ns, At safepoint: 5500 ns, Total: 55000 ns
[2787.268s][info ][safepoint      ] Safepoint "Cleanup", Time since last: 11000673987 ns, Reaching safepoint: 49700 ns, At safepoint: 4100 ns, Total: 53800 ns
[2792.268s][info ][safepoint      ] Safepoint "Cleanup", Time since last: 5000312281 ns, Reaching safepoint: 61700 ns, At safepoint: 10700 ns, Total: 72400 ns
[2798.269s][info ][safepoint      ] Safepoint "Cleanup", Time since last: 6000458738 ns, Reaching safepoint: 47600 ns, At safepoint: 3300 ns, Total: 50900 ns
[2807.269s][info ][safepoint      ] Safepoint "Cleanup", Time since last: 9000570320 ns, Reaching safepoint: 58100 ns, At safepoint: 8300 ns, Total: 66400 ns
[2811.270s][info ][safepoint      ] Safepoint "Cleanup", Time since last: 4000257661 ns, Reaching safepoint: 39200 ns, At safepoint: 28200 ns, Total: 67400 ns
[2811.352s][info ][gc,start       ] GC(148) Pause Young (Allocation Failure)
[2811.357s][debug][gc,phases      ] GC(148) Scavenge 5.182ms
[2811.357s][debug][gc,ref         ] GC(148) Skipped phase 1 of Reference Processing: no references
[2811.357s][debug][gc,ref         ] GC(148) ReferenceProcessor::execute queues: 1, RefProcThreadModel::Single, marks_oops_alive: false
[2811.357s][debug][gc,ref         ] GC(148) Skipped phase 3 of Reference Processing: no references
[2811.357s][debug][gc,ref         ] GC(148) ReferenceProcessor::execute queues: 1, RefProcThreadModel::Single, marks_oops_alive: false
[2811.357s][debug][gc,phases      ] GC(148) Reference Processing 0.155ms
[2811.358s][debug][gc,phases      ] GC(148)   VM Weak                        Min:  0.0, Avg:  0.0, Max:  0.0, Diff:  0.0, Sum:  0.0, Workers: 4
[2811.358s][debug][gc,phases      ] GC(148)     Dead                           Min: 0, Avg:  0.0, Max: 0, Diff: 0, Sum: 0, Workers: 4
[2811.358s][debug][gc,phases      ] GC(148)     Total                          Min: 0, Avg: 192.0, Max: 384, Diff: 384, Sum: 768, Workers: 4
[2811.358s][debug][gc,phases      ] GC(148)   ObjectSynchronizer Weak        Min:  0.0, Avg:  0.0, Max:  0.0, Diff:  0.0, Sum:  0.0, Workers: 4
[2811.358s][debug][gc,phases      ] GC(148)     Dead                           Min: 0, Avg:  0.0, Max: 0, Diff: 0, Sum: 0, Workers: 4
[2811.358s][debug][gc,phases      ] GC(148)     Total                          Min: 0, Avg: 62.2, Max: 128, Diff: 128, Sum: 249, Workers: 4
[2811.358s][debug][gc,phases      ] GC(148)   JVMTI Tag Weak OopStorage      Min:  0.0, Avg:  0.0, Max:  0.0, Diff:  0.0, Sum:  0.0, Workers: 4
[2811.358s][debug][gc,phases      ] GC(148)     Dead                           Min: 0, Avg:  0.0, Max: 0, Diff: 0, Sum: 0, Workers: 4
[2811.358s][debug][gc,phases      ] GC(148)     Total                          Min: 0, Avg:  0.0, Max: 0, Diff: 0, Sum: 0, Workers: 4
[2811.358s][debug][gc,phases      ] GC(148)   StringTable Weak               Min:  0.1, Avg:  0.1, Max:  0.1, Diff:  0.0, Sum:  0.5, Workers: 4
[2811.358s][debug][gc,phases      ] GC(148)     Dead                           Min: 0, Avg:  0.0, Max: 0, Diff: 0, Sum: 0, Workers: 4
[2811.358s][debug][gc,phases      ] GC(148)     Total                          Min: 11913, Avg: 12242.2, Max: 12544, Diff: 631, Sum: 48969, Workers: 4
[2811.358s][debug][gc,phases      ] GC(148)   ResolvedMethodTable Weak       Min:  0.0, Avg:  0.0, Max:  0.0, Diff:  0.0, Sum:  0.1, Workers: 4
[2811.358s][debug][gc,phases      ] GC(148)     Dead                           Min: 0, Avg:  0.0, Max: 0, Diff: 0, Sum: 0, Workers: 4
[2811.358s][debug][gc,phases      ] GC(148)     Total                          Min: 2043, Avg: 2221.0, Max: 2432, Diff: 389, Sum: 8884, Workers: 4
[2811.358s][debug][gc,phases      ] GC(148)   JNI Weak                       Min:  0.0, Avg:  0.0, Max:  0.0, Diff:  0.0, Sum:  0.0, Workers: 4
[2811.358s][debug][gc,phases      ] GC(148)     Dead                           Min: 0, Avg:  0.0, Max: 0, Diff: 0, Sum: 0, Workers: 4
[2811.358s][debug][gc,phases      ] GC(148)     Total                          Min: 0, Avg:  0.0, Max: 0, Diff: 0, Sum: 0, Workers: 4
[2811.358s][debug][gc,phases      ] GC(148)   StringDedup Table Weak         Min:  0.0, Avg:  0.0, Max:  0.0, Diff:  0.0, Sum:  0.0, Workers: 4
[2811.358s][debug][gc,phases      ] GC(148)     Dead                           Min: 0, Avg:  0.0, Max: 0, Diff: 0, Sum: 0, Workers: 4
[2811.358s][debug][gc,phases      ] GC(148)     Total                          Min: 0, Avg:  0.0, Max: 0, Diff: 0, Sum: 0, Workers: 4
[2811.358s][debug][gc,phases      ] GC(148)   StringDedup Requests0 Weak     Min:  0.0, Avg:  0.0, Max:  0.0, Diff:  0.0, Sum:  0.0, Workers: 4
[2811.358s][debug][gc,phases      ] GC(148)     Dead                           Min: 0, Avg:  0.0, Max: 0, Diff: 0, Sum: 0, Workers: 4
[2811.358s][debug][gc,phases      ] GC(148)     Total                          Min: 0, Avg:  0.0, Max: 0, Diff: 0, Sum: 0, Workers: 4
[2811.358s][debug][gc,phases      ] GC(148)   StringDedup Requests1 Weak     Min:  0.0, Avg:  0.0, Max:  0.0, Diff:  0.0, Sum:  0.0, Workers: 4
[2811.358s][debug][gc,phases      ] GC(148)     Dead                           Min: 0, Avg:  0.0, Max: 0, Diff: 0, Sum: 0, Workers: 4
[2811.358s][debug][gc,phases      ] GC(148)     Total                          Min: 0, Avg:  0.0, Max: 0, Diff: 0, Sum: 0, Workers: 4
[2811.358s][debug][gc,phases      ] GC(148)   Weak JFR Old Object Samples    Min:  0.0, Avg:  0.0, Max:  0.0, Diff:  0.0, Sum:  0.0, Workers: 4
[2811.358s][debug][gc,phases      ] GC(148)     Dead                           Min: 0, Avg:  0.0, Max: 0, Diff: 0, Sum: 0, Workers: 4
[2811.358s][debug][gc,phases      ] GC(148)     Total                          Min: 0, Avg:  0.0, Max: 0, Diff: 0, Sum: 0, Workers: 4
[2811.358s][debug][gc,phases      ] GC(148) Weak Processing 0.339ms
[2811.358s][debug][gc,age         ] GC(148) Desired survivor size 40894464 bytes, new threshold 15 (max threshold 15)
[2811.358s][info ][gc,heap        ] GC(148) PSYoungGen: 2022719K(2055168K)->11583K(2052608K) Eden: 2010624K(2010624K)->0K(2010624K) From: 12095K(44544K)->11583K(41984K)
[2811.358s][info ][gc,heap        ] GC(148) ParOldGen: 464883K(559616K)->465379K(559616K)
[2811.358s][info ][gc,metaspace   ] GC(148) Metaspace: 85728K(86720K)->85728K(86720K) NonClass: 73760K(74304K)->73760K(74304K) Class: 11968K(12416K)->11968K(12416K)
[2811.358s][info ][gc             ] GC(148) Pause Young (Allocation Failure) 2429M->465M(2551M) 5.806ms
[2811.358s][info ][gc,cpu         ] GC(148) User=0.02s Sys=0.00s Real=0.00s
[2811.358s][info ][safepoint      ] Safepoint "ParallelGCFailedAllocation", Time since last: 82173467 ns, Reaching safepoint: 119901 ns, At safepoint: 5896126 ns, Total: 6016027 ns
[2812.358s][info ][safepoint      ] Safepoint "Cleanup", Time since last: 1000082364 ns, Reaching safepoint: 51700 ns, At safepoint: 3600 ns, Total: 55300 ns
[2813.358s][info ][safepoint      ] Safepoint "Cleanup", Time since last: 1000119864 ns, Reaching safepoint: 54400 ns, At safepoint: 3900 ns, Total: 58300 ns
[2814.358s][info ][safepoint      ] Safepoint "Cleanup", Time since last: 1000118363 ns, Reaching safepoint: 39800 ns, At safepoint: 3400 ns, Total: 43200 ns
[2821.359s][info ][safepoint      ] Safepoint "Cleanup", Time since last: 7000538925 ns, Reaching safepoint: 51400 ns, At safepoint: 9300 ns, Total: 60700 ns
[2826.359s][info ][safepoint      ] Safepoint "Cleanup", Time since last: 5000380787 ns, Reaching safepoint: 52201 ns, At safepoint: 6000 ns, Total: 58201 ns
[2827.360s][info ][safepoint      ] Safepoint "Cleanup", Time since last: 1000121356 ns, Reaching safepoint: 54200 ns, At safepoint: 3500 ns, Total: 57700 ns
[2828.360s][info ][safepoint      ] Safepoint "Cleanup", Time since last: 1000108756 ns, Reaching safepoint: 46800 ns, At safepoint: 5300 ns, Total: 52100 ns
[2834.360s][info ][safepoint      ] Safepoint "Cleanup", Time since last: 6000393121 ns, Reaching safepoint: 57800 ns, At safepoint: 4100 ns, Total: 61900 ns
[2841.361s][info ][safepoint      ] Safepoint "Cleanup", Time since last: 7000539351 ns, Reaching safepoint: 57300 ns, At safepoint: 10000 ns, Total: 67300 ns
[2842.361s][info ][safepoint      ] Safepoint "Cleanup", Time since last: 1000125549 ns, Reaching safepoint: 37500 ns, At safepoint: 24300 ns, Total: 61800 ns
[2845.361s][info ][safepoint      ] Safepoint "Cleanup", Time since last: 3000243641 ns, Reaching safepoint: 40400 ns, At safepoint: 3300 ns, Total: 43700 ns
[2847.362s][info ][safepoint      ] Safepoint "Cleanup", Time since last: 2000182892 ns, Reaching safepoint: 49100 ns, At safepoint: 3000 ns, Total: 52100 ns
[2848.362s][info ][safepoint      ] Safepoint "Cleanup", Time since last: 1000110146 ns, Reaching safepoint: 54000 ns, At safepoint: 3400 ns, Total: 57400 ns
[2851.362s][info ][safepoint      ] Safepoint "Cleanup", Time since last: 3000253232 ns, Reaching safepoint: 70300 ns, At safepoint: 8901 ns, Total: 79201 ns
[2854.362s][info ][safepoint      ] Safepoint "Cleanup", Time since last: 3000245527 ns, Reaching safepoint: 51200 ns, At safepoint: 7800 ns, Total: 59000 ns
[2866.363s][info ][safepoint      ] Safepoint "Cleanup", Time since last: 12000759366 ns, Reaching safepoint: 45200 ns, At safepoint: 3300 ns, Total: 48500 ns
[2886.161s][info ][safepoint      ] Safepoint "ParallelGCFailedAllocation", Time since last: 19797575498 ns, Reaching safepoint: 35402 ns, At safepoint: 11301 ns, Total: 46703 ns
[2886.161s][info ][gc,start       ] GC(149) Pause Young (GCLocker Initiated GC)
[2886.166s][debug][gc,phases      ] GC(149) Scavenge 4.424ms
[2886.166s][debug][gc,ref         ] GC(149) Skipped phase 1 of Reference Processing: no references
[2886.166s][debug][gc,ref         ] GC(149) ReferenceProcessor::execute queues: 1, RefProcThreadModel::Single, marks_oops_alive: false
[2886.166s][debug][gc,ref         ] GC(149) Skipped phase 3 of Reference Processing: no references
[2886.166s][debug][gc,ref         ] GC(149) ReferenceProcessor::execute queues: 1, RefProcThreadModel::Single, marks_oops_alive: false
[2886.166s][debug][gc,phases      ] GC(149) Reference Processing 0.146ms
[2886.166s][debug][gc,phases      ] GC(149)   VM Weak                        Min:  0.0, Avg:  0.0, Max:  0.0, Diff:  0.0, Sum:  0.0, Workers: 4
[2886.166s][debug][gc,phases      ] GC(149)     Dead                           Min: 0, Avg:  0.0, Max: 0, Diff: 0, Sum: 0, Workers: 4
[2886.166s][debug][gc,phases      ] GC(149)     Total                          Min: 0, Avg: 192.0, Max: 384, Diff: 384, Sum: 768, Workers: 4
[2886.166s][debug][gc,phases      ] GC(149)   ObjectSynchronizer Weak        Min:  0.0, Avg:  0.0, Max:  0.0, Diff:  0.0, Sum:  0.0, Workers: 4
[2886.166s][debug][gc,phases      ] GC(149)     Dead                           Min: 0, Avg:  0.0, Max: 0, Diff: 0, Sum: 0, Workers: 4
[2886.166s][debug][gc,phases      ] GC(149)     Total                          Min: 0, Avg: 62.2, Max: 185, Diff: 185, Sum: 249, Workers: 4
[2886.166s][debug][gc,phases      ] GC(149)   JVMTI Tag Weak OopStorage      Min:  0.0, Avg:  0.0, Max:  0.0, Diff:  0.0, Sum:  0.0, Workers: 4
[2886.166s][debug][gc,phases      ] GC(149)     Dead                           Min: 0, Avg:  0.0, Max: 0, Diff: 0, Sum: 0, Workers: 4
[2886.166s][debug][gc,phases      ] GC(149)     Total                          Min: 0, Avg:  0.0, Max: 0, Diff: 0, Sum: 0, Workers: 4
[2886.166s][debug][gc,phases      ] GC(149)   StringTable Weak               Min:  0.1, Avg:  0.1, Max:  0.1, Diff:  0.0, Sum:  0.4, Workers: 4
[2886.166s][debug][gc,phases      ] GC(149)     Dead                           Min: 0, Avg:  0.0, Max: 0, Diff: 0, Sum: 0, Workers: 4
[2886.166s][debug][gc,phases      ] GC(149)     Total                          Min: 11712, Avg: 12242.2, Max: 12544, Diff: 832, Sum: 48969, Workers: 4
[2886.166s][debug][gc,phases      ] GC(149)   ResolvedMethodTable Weak       Min:  0.0, Avg:  0.0, Max:  0.0, Diff:  0.0, Sum:  0.1, Workers: 4
[2886.166s][debug][gc,phases      ] GC(149)     Dead                           Min: 0, Avg:  0.0, Max: 0, Diff: 0, Sum: 0, Workers: 4
[2886.166s][debug][gc,phases      ] GC(149)     Total                          Min: 2043, Avg: 2221.0, Max: 2432, Diff: 389, Sum: 8884, Workers: 4
[2886.166s][debug][gc,phases      ] GC(149)   JNI Weak                       Min:  0.0, Avg:  0.0, Max:  0.0, Diff:  0.0, Sum:  0.0, Workers: 4
[2886.166s][debug][gc,phases      ] GC(149)     Dead                           Min: 0, Avg:  0.0, Max: 0, Diff: 0, Sum: 0, Workers: 4
[2886.166s][debug][gc,phases      ] GC(149)     Total                          Min: 0, Avg:  0.0, Max: 0, Diff: 0, Sum: 0, Workers: 4
[2886.166s][debug][gc,phases      ] GC(149)   StringDedup Table Weak         Min:  0.0, Avg:  0.0, Max:  0.0, Diff:  0.0, Sum:  0.0, Workers: 4
[2886.166s][debug][gc,phases      ] GC(149)     Dead                           Min: 0, Avg:  0.0, Max: 0, Diff: 0, Sum: 0, Workers: 4
[2886.166s][debug][gc,phases      ] GC(149)     Total                          Min: 0, Avg:  0.0, Max: 0, Diff: 0, Sum: 0, Workers: 4
[2886.166s][debug][gc,phases      ] GC(149)   StringDedup Requests0 Weak     Min:  0.0, Avg:  0.0, Max:  0.0, Diff:  0.0, Sum:  0.0, Workers: 4
[2886.166s][debug][gc,phases      ] GC(149)     Dead                           Min: 0, Avg:  0.0, Max: 0, Diff: 0, Sum: 0, Workers: 4
[2886.166s][debug][gc,phases      ] GC(149)     Total                          Min: 0, Avg:  0.0, Max: 0, Diff: 0, Sum: 0, Workers: 4
[2886.166s][debug][gc,phases      ] GC(149)   StringDedup Requests1 Weak     Min:  0.0, Avg:  0.0, Max:  0.0, Diff:  0.0, Sum:  0.0, Workers: 4
[2886.166s][debug][gc,phases      ] GC(149)     Dead                           Min: 0, Avg:  0.0, Max: 0, Diff: 0, Sum: 0, Workers: 4
[2886.166s][debug][gc,phases      ] GC(149)     Total                          Min: 0, Avg:  0.0, Max: 0, Diff: 0, Sum: 0, Workers: 4
[2886.166s][debug][gc,phases      ] GC(149)   Weak JFR Old Object Samples    Min:  0.0, Avg:  0.0, Max:  0.0, Diff:  0.0, Sum:  0.0, Workers: 4
[2886.166s][debug][gc,phases      ] GC(149)     Dead                           Min: 0, Avg:  0.0, Max: 0, Diff: 0, Sum: 0, Workers: 4
[2886.166s][debug][gc,phases      ] GC(149)     Total                          Min: 0, Avg:  0.0, Max: 0, Diff: 0, Sum: 0, Workers: 4
[2886.166s][debug][gc,phases      ] GC(149) Weak Processing 0.306ms
[2886.166s][debug][gc,age         ] GC(149) Desired survivor size 38797312 bytes, new threshold 15 (max threshold 15)
[2886.166s][info ][gc,heap        ] GC(149) PSYoungGen: 2022207K(2052608K)->11821K(2059264K) Eden: 2010624K(2010624K)->0K(2019328K) From: 11583K(41984K)->11821K(39936K)
[2886.166s][info ][gc,heap        ] GC(149) ParOldGen: 465483K(559616K)->465899K(559616K)
[2886.166s][info ][gc,metaspace   ] GC(149) Metaspace: 85733K(86720K)->85733K(86720K) NonClass: 73765K(74304K)->73765K(74304K) Class: 11968K(12416K)->11968K(12416K)
[2886.166s][info ][gc             ] GC(149) Pause Young (GCLocker Initiated GC) 2429M->466M(2557M) 4.986ms
[2886.166s][info ][gc,cpu         ] GC(149) User=0.02s Sys=0.00s Real=0.01s
[2886.166s][info ][safepoint      ] Safepoint "ParallelGCSystemGC", Time since last: 426522 ns, Reaching safepoint: 17701 ns, At safepoint: 5052469 ns, Total: 5070170 ns
[2892.167s][info ][safepoint      ] Safepoint "Cleanup", Time since last: 6000384155 ns, Reaching safepoint: 46903 ns, At safepoint: 3100 ns, Total: 50003 ns
[2903.168s][info ][safepoint      ] Safepoint "Cleanup", Time since last: 11000777585 ns, Reaching safepoint: 53402 ns, At safepoint: 43303 ns, Total: 96705 ns
[2906.168s][info ][safepoint      ] Safepoint "Cleanup", Time since last: 3000235705 ns, Reaching safepoint: 55703 ns, At safepoint: 6300 ns, Total: 62003 ns
[2907.168s][info ][safepoint      ] Safepoint "Cleanup", Time since last: 1000106139 ns, Reaching safepoint: 37602 ns, At safepoint: 3600 ns, Total: 41202 ns
[2908.168s][info ][safepoint      ] Safepoint "Cleanup", Time since last: 1000102058 ns, Reaching safepoint: 72804 ns, At safepoint: 8100 ns, Total: 80904 ns
[2922.169s][info ][safepoint      ] Safepoint "Cleanup", Time since last: 14000934293 ns, Reaching safepoint: 50303 ns, At safepoint: 3700 ns, Total: 54003 ns
[2933.170s][info ][safepoint      ] Safepoint "Cleanup", Time since last: 11000792323 ns, Reaching safepoint: 45102 ns, At safepoint: 7500 ns, Total: 52602 ns
[2936.170s][info ][safepoint      ] Safepoint "Cleanup", Time since last: 3000231432 ns, Reaching safepoint: 60203 ns, At safepoint: 34902 ns, Total: 95105 ns
[2941.171s][info ][safepoint      ] Safepoint "Cleanup", Time since last: 5000337810 ns, Reaching safepoint: 53203 ns, At safepoint: 8200 ns, Total: 61403 ns
[2945.171s][info ][safepoint      ] Safepoint "Cleanup", Time since last: 4000297033 ns, Reaching safepoint: 51903 ns, At safepoint: 11000 ns, Total: 62903 ns
[2946.171s][info ][safepoint      ] Safepoint "Cleanup", Time since last: 1000109370 ns, Reaching safepoint: 40602 ns, At safepoint: 3501 ns, Total: 44103 ns
[2951.172s][info ][safepoint      ] Safepoint "Cleanup", Time since last: 5000318707 ns, Reaching safepoint: 47202 ns, At safepoint: 4000 ns, Total: 51202 ns
[2953.172s][info ][safepoint      ] Safepoint "Cleanup", Time since last: 2000112457 ns, Reaching safepoint: 50403 ns, At safepoint: 3200 ns, Total: 53603 ns
[2955.803s][info ][gc,start       ] GC(150) Pause Young (Allocation Failure)
[2955.808s][debug][gc,phases      ] GC(150) Scavenge 5.076ms
[2955.808s][debug][gc,ref         ] GC(150) Skipped phase 1 of Reference Processing: no references
[2955.808s][debug][gc,ref         ] GC(150) ReferenceProcessor::execute queues: 1, RefProcThreadModel::Single, marks_oops_alive: false
[2955.808s][debug][gc,ref         ] GC(150) Skipped phase 3 of Reference Processing: no references
[2955.808s][debug][gc,ref         ] GC(150) ReferenceProcessor::execute queues: 1, RefProcThreadModel::Single, marks_oops_alive: false
[2955.808s][debug][gc,phases      ] GC(150) Reference Processing 0.161ms
[2955.809s][debug][gc,phases      ] GC(150)   VM Weak                        Min:  0.0, Avg:  0.0, Max:  0.0, Diff:  0.0, Sum:  0.0, Workers: 4
[2955.809s][debug][gc,phases      ] GC(150)     Dead                           Min: 0, Avg:  0.0, Max: 0, Diff: 0, Sum: 0, Workers: 4
[2955.809s][debug][gc,phases      ] GC(150)     Total                          Min: 0, Avg: 192.0, Max: 768, Diff: 768, Sum: 768, Workers: 4
[2955.809s][debug][gc,phases      ] GC(150)   ObjectSynchronizer Weak        Min:  0.0, Avg:  0.0, Max:  0.0, Diff:  0.0, Sum:  0.0, Workers: 4
[2955.809s][debug][gc,phases      ] GC(150)     Dead                           Min: 0, Avg:  0.0, Max: 0, Diff: 0, Sum: 0, Workers: 4
[2955.809s][debug][gc,phases      ] GC(150)     Total                          Min: 0, Avg: 62.2, Max: 185, Diff: 185, Sum: 249, Workers: 4
[2955.809s][debug][gc,phases      ] GC(150)   JVMTI Tag Weak OopStorage      Min:  0.0, Avg:  0.0, Max:  0.0, Diff:  0.0, Sum:  0.0, Workers: 4
[2955.809s][debug][gc,phases      ] GC(150)     Dead                           Min: 0, Avg:  0.0, Max: 0, Diff: 0, Sum: 0, Workers: 4
[2955.809s][debug][gc,phases      ] GC(150)     Total                          Min: 0, Avg:  0.0, Max: 0, Diff: 0, Sum: 0, Workers: 4
[2955.809s][debug][gc,phases      ] GC(150)   StringTable Weak               Min:  0.1, Avg:  0.1, Max:  0.1, Diff:  0.0, Sum:  0.5, Workers: 4
[2955.809s][debug][gc,phases      ] GC(150)     Dead                           Min: 0, Avg:  0.0, Max: 0, Diff: 0, Sum: 0, Workers: 4
[2955.809s][debug][gc,phases      ] GC(150)     Total                          Min: 11785, Avg: 12242.2, Max: 13184, Diff: 1399, Sum: 48969, Workers: 4
[2955.809s][debug][gc,phases      ] GC(150)   ResolvedMethodTable Weak       Min:  0.0, Avg:  0.0, Max:  0.0, Diff:  0.0, Sum:  0.1, Workers: 4
[2955.809s][debug][gc,phases      ] GC(150)     Dead                           Min: 0, Avg:  0.0, Max: 0, Diff: 0, Sum: 0, Workers: 4
[2955.809s][debug][gc,phases      ] GC(150)     Total                          Min: 2041, Avg: 2221.0, Max: 2432, Diff: 391, Sum: 8884, Workers: 4
[2955.809s][debug][gc,phases      ] GC(150)   JNI Weak                       Min:  0.0, Avg:  0.0, Max:  0.0, Diff:  0.0, Sum:  0.0, Workers: 4
[2955.809s][debug][gc,phases      ] GC(150)     Dead                           Min: 0, Avg:  0.0, Max: 0, Diff: 0, Sum: 0, Workers: 4
[2955.809s][debug][gc,phases      ] GC(150)     Total                          Min: 0, Avg:  0.0, Max: 0, Diff: 0, Sum: 0, Workers: 4
[2955.809s][debug][gc,phases      ] GC(150)   StringDedup Table Weak         Min:  0.0, Avg:  0.0, Max:  0.0, Diff:  0.0, Sum:  0.0, Workers: 4
[2955.809s][debug][gc,phases      ] GC(150)     Dead                           Min: 0, Avg:  0.0, Max: 0, Diff: 0, Sum: 0, Workers: 4
[2955.809s][debug][gc,phases      ] GC(150)     Total                          Min: 0, Avg:  0.0, Max: 0, Diff: 0, Sum: 0, Workers: 4
[2955.809s][debug][gc,phases      ] GC(150)   StringDedup Requests0 Weak     Min:  0.0, Avg:  0.0, Max:  0.0, Diff:  0.0, Sum:  0.0, Workers: 4
[2955.809s][debug][gc,phases      ] GC(150)     Dead                           Min: 0, Avg:  0.0, Max: 0, Diff: 0, Sum: 0, Workers: 4
[2955.809s][debug][gc,phases      ] GC(150)     Total                          Min: 0, Avg:  0.0, Max: 0, Diff: 0, Sum: 0, Workers: 4
[2955.809s][debug][gc,phases      ] GC(150)   StringDedup Requests1 Weak     Min:  0.0, Avg:  0.0, Max:  0.0, Diff:  0.0, Sum:  0.0, Workers: 4
[2955.809s][debug][gc,phases      ] GC(150)     Dead                           Min: 0, Avg:  0.0, Max: 0, Diff: 0, Sum: 0, Workers: 4
[2955.809s][debug][gc,phases      ] GC(150)     Total                          Min: 0, Avg:  0.0, Max: 0, Diff: 0, Sum: 0, Workers: 4
[2955.809s][debug][gc,phases      ] GC(150)   Weak JFR Old Object Samples    Min:  0.0, Avg:  0.0, Max:  0.0, Diff:  0.0, Sum:  0.0, Workers: 4
[2955.809s][debug][gc,phases      ] GC(150)     Dead                           Min: 0, Avg:  0.0, Max: 0, Diff: 0, Sum: 0, Workers: 4
[2955.809s][debug][gc,phases      ] GC(150)     Total                          Min: 0, Avg:  0.0, Max: 0, Diff: 0, Sum: 0, Workers: 4
[2955.809s][debug][gc,phases      ] GC(150) Weak Processing 0.395ms
[2955.809s][debug][gc,age         ] GC(150) Desired survivor size 36700160 bytes, new threshold 15 (max threshold 15)
[2955.809s][info ][gc,heap        ] GC(150) PSYoungGen: 2031149K(2059264K)->11406K(2057216K) Eden: 2019328K(2019328K)->0K(2019328K) From: 11821K(39936K)->11406K(37888K)
[2955.809s][info ][gc,heap        ] GC(150) ParOldGen: 465916K(559616K)->466028K(559616K)
[2955.809s][info ][gc,metaspace   ] GC(150) Metaspace: 85737K(86720K)->85737K(86720K) NonClass: 73769K(74304K)->73769K(74304K) Class: 11968K(12416K)->11968K(12416K)
[2955.809s][info ][gc             ] GC(150) Pause Young (Allocation Failure) 2438M->466M(2555M) 5.798ms
[2955.809s][info ][gc,cpu         ] GC(150) User=0.02s Sys=0.00s Real=0.00s
[2955.809s][info ][safepoint      ] Safepoint "ParallelGCFailedAllocation", Time since last: 2631031902 ns, Reaching safepoint: 112005 ns, At safepoint: 5896281 ns, Total: 6008286 ns
[2962.809s][info ][safepoint      ] Safepoint "Cleanup", Time since last: 7000486545 ns, Reaching safepoint: 64803 ns, At safepoint: 8700 ns, Total: 73503 ns
[2990.811s][info ][safepoint      ] Safepoint "Cleanup", Time since last: 28002008480 ns, Reaching safepoint: 50102 ns, At safepoint: 6400 ns, Total: 56502 ns
[3015.813s][info ][safepoint      ] Safepoint "Cleanup", Time since last: 25001684982 ns, Reaching safepoint: 58403 ns, At safepoint: 8800 ns, Total: 67203 ns
[3018.814s][info ][safepoint      ] Safepoint "Cleanup", Time since last: 3000239018 ns, Reaching safepoint: 46002 ns, At safepoint: 3000 ns, Total: 49002 ns
[3019.814s][info ][safepoint      ] Safepoint "Cleanup", Time since last: 1000108876 ns, Reaching safepoint: 55002 ns, At safepoint: 4001 ns, Total: 59003 ns
[3021.814s][info ][safepoint      ] Safepoint "Cleanup", Time since last: 2000175153 ns, Reaching safepoint: 53502 ns, At safepoint: 10901 ns, Total: 64403 ns
[3024.591s][info ][gc,start       ] GC(151) Pause Young (Allocation Failure)
[3024.596s][debug][gc,phases      ] GC(151) Scavenge 4.394ms
[3024.596s][debug][gc,ref         ] GC(151) Skipped phase 1 of Reference Processing: no references
[3024.596s][debug][gc,ref         ] GC(151) ReferenceProcessor::execute queues: 1, RefProcThreadModel::Single, marks_oops_alive: false
[3024.596s][debug][gc,ref         ] GC(151) Skipped phase 3 of Reference Processing: no references
[3024.596s][debug][gc,ref         ] GC(151) ReferenceProcessor::execute queues: 1, RefProcThreadModel::Single, marks_oops_alive: false
[3024.596s][debug][gc,phases      ] GC(151) Reference Processing 0.125ms
[3024.596s][debug][gc,phases      ] GC(151)   VM Weak                        Min:  0.0, Avg:  0.0, Max:  0.0, Diff:  0.0, Sum:  0.0, Workers: 4
[3024.596s][debug][gc,phases      ] GC(151)     Dead                           Min: 0, Avg:  0.0, Max: 0, Diff: 0, Sum: 0, Workers: 4
[3024.596s][debug][gc,phases      ] GC(151)     Total                          Min: 0, Avg: 192.0, Max: 512, Diff: 512, Sum: 768, Workers: 4
[3024.596s][debug][gc,phases      ] GC(151)   ObjectSynchronizer Weak        Min:  0.0, Avg:  0.0, Max:  0.0, Diff:  0.0, Sum:  0.0, Workers: 4
[3024.596s][debug][gc,phases      ] GC(151)     Dead                           Min: 0, Avg:  0.0, Max: 0, Diff: 0, Sum: 0, Workers: 4
[3024.596s][debug][gc,phases      ] GC(151)     Total                          Min: 0, Avg: 62.2, Max: 128, Diff: 128, Sum: 249, Workers: 4
[3024.596s][debug][gc,phases      ] GC(151)   JVMTI Tag Weak OopStorage      Min:  0.0, Avg:  0.0, Max:  0.0, Diff:  0.0, Sum:  0.0, Workers: 4
[3024.596s][debug][gc,phases      ] GC(151)     Dead                           Min: 0, Avg:  0.0, Max: 0, Diff: 0, Sum: 0, Workers: 4
[3024.596s][debug][gc,phases      ] GC(151)     Total                          Min: 0, Avg:  0.0, Max: 0, Diff: 0, Sum: 0, Workers: 4
[3024.596s][debug][gc,phases      ] GC(151)   StringTable Weak               Min:  0.1, Avg:  0.1, Max:  0.1, Diff:  0.0, Sum:  0.4, Workers: 4
[3024.596s][debug][gc,phases      ] GC(151)     Dead                           Min: 0, Avg:  0.0, Max: 0, Diff: 0, Sum: 0, Workers: 4
[3024.596s][debug][gc,phases      ] GC(151)     Total                          Min: 10249, Avg: 12242.2, Max: 13248, Diff: 2999, Sum: 48969, Workers: 4
[3024.596s][debug][gc,phases      ] GC(151)   ResolvedMethodTable Weak       Min:  0.0, Avg:  0.0, Max:  0.0, Diff:  0.0, Sum:  0.1, Workers: 4
[3024.596s][debug][gc,phases      ] GC(151)     Dead                           Min: 0, Avg:  0.0, Max: 0, Diff: 0, Sum: 0, Workers: 4
[3024.596s][debug][gc,phases      ] GC(151)     Total                          Min: 2169, Avg: 2221.0, Max: 2304, Diff: 135, Sum: 8884, Workers: 4
[3024.596s][debug][gc,phases      ] GC(151)   JNI Weak                       Min:  0.0, Avg:  0.0, Max:  0.0, Diff:  0.0, Sum:  0.0, Workers: 4
[3024.596s][debug][gc,phases      ] GC(151)     Dead                           Min: 0, Avg:  0.0, Max: 0, Diff: 0, Sum: 0, Workers: 4
[3024.596s][debug][gc,phases      ] GC(151)     Total                          Min: 0, Avg:  0.0, Max: 0, Diff: 0, Sum: 0, Workers: 4
[3024.596s][debug][gc,phases      ] GC(151)   StringDedup Table Weak         Min:  0.0, Avg:  0.0, Max:  0.0, Diff:  0.0, Sum:  0.0, Workers: 4
[3024.596s][debug][gc,phases      ] GC(151)     Dead                           Min: 0, Avg:  0.0, Max: 0, Diff: 0, Sum: 0, Workers: 4
[3024.596s][debug][gc,phases      ] GC(151)     Total                          Min: 0, Avg:  0.0, Max: 0, Diff: 0, Sum: 0, Workers: 4
[3024.596s][debug][gc,phases      ] GC(151)   StringDedup Requests0 Weak     Min:  0.0, Avg:  0.0, Max:  0.0, Diff:  0.0, Sum:  0.0, Workers: 4
[3024.596s][debug][gc,phases      ] GC(151)     Dead                           Min: 0, Avg:  0.0, Max: 0, Diff: 0, Sum: 0, Workers: 4
[3024.596s][debug][gc,phases      ] GC(151)     Total                          Min: 0, Avg:  0.0, Max: 0, Diff: 0, Sum: 0, Workers: 4
[3024.596s][debug][gc,phases      ] GC(151)   StringDedup Requests1 Weak     Min:  0.0, Avg:  0.0, Max:  0.0, Diff:  0.0, Sum:  0.0, Workers: 4
[3024.596s][debug][gc,phases      ] GC(151)     Dead                           Min: 0, Avg:  0.0, Max: 0, Diff: 0, Sum: 0, Workers: 4
[3024.596s][debug][gc,phases      ] GC(151)     Total                          Min: 0, Avg:  0.0, Max: 0, Diff: 0, Sum: 0, Workers: 4
[3024.596s][debug][gc,phases      ] GC(151)   Weak JFR Old Object Samples    Min:  0.0, Avg:  0.0, Max:  0.0, Diff:  0.0, Sum:  0.0, Workers: 4
[3024.596s][debug][gc,phases      ] GC(151)     Dead                           Min: 0, Avg:  0.0, Max: 0, Diff: 0, Sum: 0, Workers: 4
[3024.596s][debug][gc,phases      ] GC(151)     Total                          Min: 0, Avg:  0.0, Max: 0, Diff: 0, Sum: 0, Workers: 4
[3024.596s][debug][gc,phases      ] GC(151) Weak Processing 0.334ms
[3024.596s][debug][gc,age         ] GC(151) Desired survivor size 35127296 bytes, new threshold 15 (max threshold 15)
[3024.596s][info ][gc,heap        ] GC(151) PSYoungGen: 2030734K(2057216K)->11031K(2062848K) Eden: 2019328K(2019328K)->0K(2027008K) From: 11406K(37888K)->11031K(35840K)
[3024.596s][info ][gc,heap        ] GC(151) ParOldGen: 466028K(559616K)->466100K(559616K)
[3024.596s][info ][gc,metaspace   ] GC(151) Metaspace: 85744K(86720K)->85744K(86720K) NonClass: 73775K(74304K)->73775K(74304K) Class: 11968K(12416K)->11968K(12416K)
[3024.596s][info ][gc             ] GC(151) Pause Young (Allocation Failure) 2438M->465M(2561M) 4.986ms
[3024.596s][info ][gc,cpu         ] GC(151) User=0.02s Sys=0.00s Real=0.00s
[3024.597s][info ][safepoint      ] Safepoint "ParallelGCFailedAllocation", Time since last: 2777507903 ns, Reaching safepoint: 25501 ns, At safepoint: 5065517 ns, Total: 5091018 ns
[3062.599s][info ][safepoint      ] Safepoint "Cleanup", Time since last: 38002580591 ns, Reaching safepoint: 65802 ns, At safepoint: 10501 ns, Total: 76303 ns
[3063.599s][info ][safepoint      ] Safepoint "Cleanup", Time since last: 1000129624 ns, Reaching safepoint: 46002 ns, At safepoint: 4100 ns, Total: 50102 ns
[3069.600s][info ][safepoint      ] Safepoint "Cleanup", Time since last: 6000374273 ns, Reaching safepoint: 136105 ns, At safepoint: 11701 ns, Total: 147806 ns
[3071.600s][info ][safepoint      ] Safepoint "Cleanup", Time since last: 2000184950 ns, Reaching safepoint: 124205 ns, At safepoint: 8300 ns, Total: 132505 ns
[3083.601s][info ][safepoint      ] Safepoint "Cleanup", Time since last: 12000885849 ns, Reaching safepoint: 127305 ns, At safepoint: 6900 ns, Total: 134205 ns
[3087.602s][info ][safepoint      ] Safepoint "Cleanup", Time since last: 4000336890 ns, Reaching safepoint: 129905 ns, At safepoint: 35002 ns, Total: 164907 ns
[3088.602s][info ][safepoint      ] Safepoint "Cleanup", Time since last: 1000148956 ns, Reaching safepoint: 171307 ns, At safepoint: 16001 ns, Total: 187308 ns
[3089.007s][info ][gc,start       ] GC(152) Pause Young (Allocation Failure)
[3089.014s][debug][gc,phases      ] GC(152) Scavenge 6.540ms
[3089.014s][debug][gc,ref         ] GC(152) Skipped phase 1 of Reference Processing: no references
[3089.014s][debug][gc,ref         ] GC(152) ReferenceProcessor::execute queues: 1, RefProcThreadModel::Single, marks_oops_alive: false
[3089.014s][debug][gc,ref         ] GC(152) Skipped phase 3 of Reference Processing: no references
[3089.014s][debug][gc,ref         ] GC(152) ReferenceProcessor::execute queues: 1, RefProcThreadModel::Single, marks_oops_alive: false
[3089.014s][debug][gc,phases      ] GC(152) Reference Processing 0.132ms
[3089.014s][debug][gc,phases      ] GC(152)   VM Weak                        Min:  0.0, Avg:  0.0, Max:  0.0, Diff:  0.0, Sum:  0.0, Workers: 4
[3089.014s][debug][gc,phases      ] GC(152)     Dead                           Min: 0, Avg:  0.0, Max: 0, Diff: 0, Sum: 0, Workers: 4
[3089.014s][debug][gc,phases      ] GC(152)     Total                          Min: 0, Avg: 192.0, Max: 448, Diff: 448, Sum: 768, Workers: 4
[3089.014s][debug][gc,phases      ] GC(152)   ObjectSynchronizer Weak        Min:  0.0, Avg:  0.0, Max:  0.0, Diff:  0.0, Sum:  0.0, Workers: 4
[3089.014s][debug][gc,phases      ] GC(152)     Dead                           Min: 0, Avg:  0.0, Max: 0, Diff: 0, Sum: 0, Workers: 4
[3089.014s][debug][gc,phases      ] GC(152)     Total                          Min: 0, Avg: 62.2, Max: 128, Diff: 128, Sum: 249, Workers: 4
[3089.014s][debug][gc,phases      ] GC(152)   JVMTI Tag Weak OopStorage      Min:  0.0, Avg:  0.0, Max:  0.0, Diff:  0.0, Sum:  0.0, Workers: 4
[3089.014s][debug][gc,phases      ] GC(152)     Dead                           Min: 0, Avg:  0.0, Max: 0, Diff: 0, Sum: 0, Workers: 4
[3089.014s][debug][gc,phases      ] GC(152)     Total                          Min: 0, Avg:  0.0, Max: 0, Diff: 0, Sum: 0, Workers: 4
[3089.014s][debug][gc,phases      ] GC(152)   StringTable Weak               Min:  0.2, Avg:  0.2, Max:  0.2, Diff:  0.0, Sum:  0.8, Workers: 4
[3089.014s][debug][gc,phases      ] GC(152)     Dead                           Min: 0, Avg:  0.0, Max: 0, Diff: 0, Sum: 0, Workers: 4
[3089.014s][debug][gc,phases      ] GC(152)     Total                          Min: 11456, Avg: 12243.0, Max: 12748, Diff: 1292, Sum: 48972, Workers: 4
[3089.014s][debug][gc,phases      ] GC(152)   ResolvedMethodTable Weak       Min:  0.0, Avg:  0.0, Max:  0.0, Diff:  0.0, Sum:  0.1, Workers: 4
[3089.014s][debug][gc,phases      ] GC(152)     Dead                           Min: 0, Avg:  0.0, Max: 0, Diff: 0, Sum: 0, Workers: 4
[3089.014s][debug][gc,phases      ] GC(152)     Total                          Min: 2105, Avg: 2221.0, Max: 2363, Diff: 258, Sum: 8884, Workers: 4
[3089.014s][debug][gc,phases      ] GC(152)   JNI Weak                       Min:  0.0, Avg:  0.0, Max:  0.0, Diff:  0.0, Sum:  0.0, Workers: 4
[3089.014s][debug][gc,phases      ] GC(152)     Dead                           Min: 0, Avg:  0.0, Max: 0, Diff: 0, Sum: 0, Workers: 4
[3089.014s][debug][gc,phases      ] GC(152)     Total                          Min: 0, Avg:  0.0, Max: 0, Diff: 0, Sum: 0, Workers: 4
[3089.014s][debug][gc,phases      ] GC(152)   StringDedup Table Weak         Min:  0.0, Avg:  0.0, Max:  0.0, Diff:  0.0, Sum:  0.0, Workers: 4
[3089.014s][debug][gc,phases      ] GC(152)     Dead                           Min: 0, Avg:  0.0, Max: 0, Diff: 0, Sum: 0, Workers: 4
[3089.014s][debug][gc,phases      ] GC(152)     Total                          Min: 0, Avg:  0.0, Max: 0, Diff: 0, Sum: 0, Workers: 4
[3089.014s][debug][gc,phases      ] GC(152)   StringDedup Requests0 Weak     Min:  0.0, Avg:  0.0, Max:  0.0, Diff:  0.0, Sum:  0.0, Workers: 4
[3089.014s][debug][gc,phases      ] GC(152)     Dead                           Min: 0, Avg:  0.0, Max: 0, Diff: 0, Sum: 0, Workers: 4
[3089.014s][debug][gc,phases      ] GC(152)     Total                          Min: 0, Avg:  0.0, Max: 0, Diff: 0, Sum: 0, Workers: 4
[3089.014s][debug][gc,phases      ] GC(152)   StringDedup Requests1 Weak     Min:  0.0, Avg:  0.0, Max:  0.0, Diff:  0.0, Sum:  0.0, Workers: 4
[3089.014s][debug][gc,phases      ] GC(152)     Dead                           Min: 0, Avg:  0.0, Max: 0, Diff: 0, Sum: 0, Workers: 4
[3089.014s][debug][gc,phases      ] GC(152)     Total                          Min: 0, Avg:  0.0, Max: 0, Diff: 0, Sum: 0, Workers: 4
[3089.014s][debug][gc,phases      ] GC(152)   Weak JFR Old Object Samples    Min:  0.0, Avg:  0.0, Max:  0.0, Diff:  0.0, Sum:  0.0, Workers: 4
[3089.014s][debug][gc,phases      ] GC(152)     Dead                           Min: 0, Avg:  0.0, Max: 0, Diff: 0, Sum: 0, Workers: 4
[3089.014s][debug][gc,phases      ] GC(152)     Total                          Min: 0, Avg:  0.0, Max: 0, Diff: 0, Sum: 0, Workers: 4
[3089.014s][debug][gc,phases      ] GC(152) Weak Processing 0.463ms
[3089.014s][debug][gc,age         ] GC(152) Desired survivor size 33554432 bytes, new threshold 15 (max threshold 15)
[3089.014s][info ][gc,heap        ] GC(152) PSYoungGen: 2038039K(2062848K)->11503K(2061312K) Eden: 2027008K(2027008K)->0K(2027008K) From: 11031K(35840K)->11503K(34304K)
[3089.014s][info ][gc,heap        ] GC(152) ParOldGen: 466100K(559616K)->466212K(559616K)
[3089.014s][info ][gc,metaspace   ] GC(152) Metaspace: 85769K(86720K)->85769K(86720K) NonClass: 73800K(74304K)->73800K(74304K) Class: 11968K(12416K)->11968K(12416K)
[3089.014s][info ][gc             ] GC(152) Pause Young (Allocation Failure) 2445M->466M(2559M) 7.265ms
[3089.014s][info ][gc,cpu         ] GC(152) User=0.03s Sys=0.00s Real=0.01s
[3089.014s][info ][safepoint      ] Safepoint "ParallelGCFailedAllocation", Time since last: 405015560 ns, Reaching safepoint: 47901 ns, At safepoint: 7348286 ns, Total: 7396187 ns
[3092.900s][info ][safepoint      ] Safepoint "Cleanup", Time since last: 3885618412 ns, Reaching safepoint: 109805 ns, At safepoint: 16400 ns, Total: 126205 ns
[3093.900s][info ][safepoint      ] Safepoint "Cleanup", Time since last: 1000112153 ns, Reaching safepoint: 131505 ns, At safepoint: 5600 ns, Total: 137105 ns
[3098.901s][info ][safepoint      ] Safepoint "Cleanup", Time since last: 5000384009 ns, Reaching safepoint: 122005 ns, At safepoint: 8600 ns, Total: 130605 ns
[3105.902s][info ][safepoint      ] Safepoint "Cleanup", Time since last: 7000553319 ns, Reaching safepoint: 128305 ns, At safepoint: 17001 ns, Total: 145306 ns
[3112.902s][info ][safepoint      ] Safepoint "Cleanup", Time since last: 7000559906 ns, Reaching safepoint: 121904 ns, At safepoint: 14001 ns, Total: 135905 ns
[3118.903s][info ][safepoint      ] Safepoint "Cleanup", Time since last: 6000457515 ns, Reaching safepoint: 128205 ns, At safepoint: 10000 ns, Total: 138205 ns
[3125.904s][info ][safepoint      ] Safepoint "Cleanup", Time since last: 7000530564 ns, Reaching safepoint: 122504 ns, At safepoint: 12601 ns, Total: 135105 ns
[3145.905s][info ][safepoint      ] Safepoint "Cleanup", Time since last: 20001514681 ns, Reaching safepoint: 127405 ns, At safepoint: 6200 ns, Total: 133605 ns
[3147.906s][info ][safepoint      ] Safepoint "Cleanup", Time since last: 2000185540 ns, Reaching safepoint: 122604 ns, At safepoint: 8600 ns, Total: 131204 ns
[3155.906s][info ][safepoint      ] Safepoint "Cleanup", Time since last: 8000639423 ns, Reaching safepoint: 138905 ns, At safepoint: 12200 ns, Total: 151105 ns
[3159.413s][info ][gc,start       ] GC(153) Pause Young (Allocation Failure)
[3159.419s][debug][gc,phases      ] GC(153) Scavenge 5.346ms
[3159.419s][debug][gc,ref         ] GC(153) Skipped phase 1 of Reference Processing: no references
[3159.419s][debug][gc,ref         ] GC(153) ReferenceProcessor::execute queues: 1, RefProcThreadModel::Single, marks_oops_alive: false
[3159.419s][debug][gc,ref         ] GC(153) Skipped phase 3 of Reference Processing: no references
[3159.419s][debug][gc,ref         ] GC(153) ReferenceProcessor::execute queues: 1, RefProcThreadModel::Single, marks_oops_alive: false
[3159.419s][debug][gc,phases      ] GC(153) Reference Processing 0.187ms
[3159.419s][debug][gc,phases      ] GC(153)   VM Weak                        Min:  0.0, Avg:  0.0, Max:  0.0, Diff:  0.0, Sum:  0.0, Workers: 4
[3159.419s][debug][gc,phases      ] GC(153)     Dead                           Min: 0, Avg:  0.0, Max: 0, Diff: 0, Sum: 0, Workers: 4
[3159.419s][debug][gc,phases      ] GC(153)     Total                          Min: 0, Avg: 192.0, Max: 384, Diff: 384, Sum: 768, Workers: 4
[3159.419s][debug][gc,phases      ] GC(153)   ObjectSynchronizer Weak        Min:  0.0, Avg:  0.0, Max:  0.0, Diff:  0.0, Sum:  0.0, Workers: 4
[3159.419s][debug][gc,phases      ] GC(153)     Dead                           Min: 0, Avg:  0.0, Max: 0, Diff: 0, Sum: 0, Workers: 4
[3159.419s][debug][gc,phases      ] GC(153)     Total                          Min: 0, Avg: 62.2, Max: 128, Diff: 128, Sum: 249, Workers: 4
[3159.419s][debug][gc,phases      ] GC(153)   JVMTI Tag Weak OopStorage      Min:  0.0, Avg:  0.0, Max:  0.0, Diff:  0.0, Sum:  0.0, Workers: 4
[3159.419s][debug][gc,phases      ] GC(153)     Dead                           Min: 0, Avg:  0.0, Max: 0, Diff: 0, Sum: 0, Workers: 4
[3159.419s][debug][gc,phases      ] GC(153)     Total                          Min: 0, Avg:  0.0, Max: 0, Diff: 0, Sum: 0, Workers: 4
[3159.419s][debug][gc,phases      ] GC(153)   StringTable Weak               Min:  0.2, Avg:  0.2, Max:  0.2, Diff:  0.0, Sum:  0.7, Workers: 4
[3159.419s][debug][gc,phases      ] GC(153)     Dead                           Min: 0, Avg:  0.0, Max: 0, Diff: 0, Sum: 0, Workers: 4
[3159.419s][debug][gc,phases      ] GC(153)     Total                          Min: 11456, Avg: 12243.0, Max: 13376, Diff: 1920, Sum: 48972, Workers: 4
[3159.419s][debug][gc,phases      ] GC(153)   ResolvedMethodTable Weak       Min:  0.0, Avg:  0.0, Max:  0.0, Diff:  0.0, Sum:  0.1, Workers: 4
[3159.419s][debug][gc,phases      ] GC(153)     Dead                           Min: 0, Avg:  0.0, Max: 0, Diff: 0, Sum: 0, Workers: 4
[3159.419s][debug][gc,phases      ] GC(153)     Total                          Min: 2041, Avg: 2221.0, Max: 2432, Diff: 391, Sum: 8884, Workers: 4
[3159.419s][debug][gc,phases      ] GC(153)   JNI Weak                       Min:  0.0, Avg:  0.0, Max:  0.0, Diff:  0.0, Sum:  0.0, Workers: 4
[3159.419s][debug][gc,phases      ] GC(153)     Dead                           Min: 0, Avg:  0.0, Max: 0, Diff: 0, Sum: 0, Workers: 4
[3159.419s][debug][gc,phases      ] GC(153)     Total                          Min: 0, Avg:  0.0, Max: 0, Diff: 0, Sum: 0, Workers: 4
[3159.419s][debug][gc,phases      ] GC(153)   StringDedup Table Weak         Min:  0.0, Avg:  0.0, Max:  0.0, Diff:  0.0, Sum:  0.0, Workers: 4
[3159.419s][debug][gc,phases      ] GC(153)     Dead                           Min: 0, Avg:  0.0, Max: 0, Diff: 0, Sum: 0, Workers: 4
[3159.419s][debug][gc,phases      ] GC(153)     Total                          Min: 0, Avg:  0.0, Max: 0, Diff: 0, Sum: 0, Workers: 4
[3159.419s][debug][gc,phases      ] GC(153)   StringDedup Requests0 Weak     Min:  0.0, Avg:  0.0, Max:  0.0, Diff:  0.0, Sum:  0.0, Workers: 4
[3159.419s][debug][gc,phases      ] GC(153)     Dead                           Min: 0, Avg:  0.0, Max: 0, Diff: 0, Sum: 0, Workers: 4
[3159.419s][debug][gc,phases      ] GC(153)     Total                          Min: 0, Avg:  0.0, Max: 0, Diff: 0, Sum: 0, Workers: 4
[3159.419s][debug][gc,phases      ] GC(153)   StringDedup Requests1 Weak     Min:  0.0, Avg:  0.0, Max:  0.0, Diff:  0.0, Sum:  0.0, Workers: 4
[3159.419s][debug][gc,phases      ] GC(153)     Dead                           Min: 0, Avg:  0.0, Max: 0, Diff: 0, Sum: 0, Workers: 4
[3159.419s][debug][gc,phases      ] GC(153)     Total                          Min: 0, Avg:  0.0, Max: 0, Diff: 0, Sum: 0, Workers: 4
[3159.419s][debug][gc,phases      ] GC(153)   Weak JFR Old Object Samples    Min:  0.0, Avg:  0.0, Max:  0.0, Diff:  0.0, Sum:  0.0, Workers: 4
[3159.419s][debug][gc,phases      ] GC(153)     Dead                           Min: 0, Avg:  0.0, Max: 0, Diff: 0, Sum: 0, Workers: 4
[3159.419s][debug][gc,phases      ] GC(153)     Total                          Min: 0, Avg:  0.0, Max: 0, Diff: 0, Sum: 0, Workers: 4
[3159.419s][debug][gc,phases      ] GC(153) Weak Processing 0.402ms
[3159.419s][debug][gc,age         ] GC(153) Desired survivor size 31981568 bytes, new threshold 15 (max threshold 15)
[3159.419s][info ][gc,heap        ] GC(153) PSYoungGen: 2038511K(2061312K)->11822K(2065920K) Eden: 2027008K(2027008K)->0K(2033152K) From: 11503K(34304K)->11822K(32768K)
[3159.419s][info ][gc,heap        ] GC(153) ParOldGen: 466212K(559616K)->466276K(559616K)
[3159.419s][info ][gc,metaspace   ] GC(153) Metaspace: 85798K(86784K)->85798K(86784K) NonClass: 73829K(74368K)->73829K(74368K) Class: 11968K(12416K)->11968K(12416K)
[3159.419s][info ][gc             ] GC(153) Pause Young (Allocation Failure) 2446M->466M(2564M) 6.104ms
[3159.419s][info ][gc,cpu         ] GC(153) User=0.02s Sys=0.00s Real=0.00s
[3159.419s][info ][safepoint      ] Safepoint "ParallelGCFailedAllocation", Time since last: 3506756120 ns, Reaching safepoint: 26601 ns, At safepoint: 6187217 ns, Total: 6213818 ns
[3170.420s][info ][safepoint      ] Safepoint "Cleanup", Time since last: 11000706812 ns, Reaching safepoint: 49002 ns, At safepoint: 7500 ns, Total: 56502 ns
[3176.421s][info ][safepoint      ] Safepoint "Cleanup", Time since last: 6000458493 ns, Reaching safepoint: 50102 ns, At safepoint: 5700 ns, Total: 55802 ns
[3178.421s][info ][safepoint      ] Safepoint "Cleanup", Time since last: 2000181812 ns, Reaching safepoint: 51602 ns, At safepoint: 4100 ns, Total: 55702 ns
[3194.422s][info ][safepoint      ] Safepoint "Cleanup", Time since last: 16001135027 ns, Reaching safepoint: 47802 ns, At safepoint: 8100 ns, Total: 55902 ns
[3219.424s][info ][safepoint      ] Safepoint "Cleanup", Time since last: 25001633133 ns, Reaching safepoint: 49001 ns, At safepoint: 7200 ns, Total: 56201 ns
[3225.424s][info ][safepoint      ] Safepoint "Cleanup", Time since last: 6000451690 ns, Reaching safepoint: 49001 ns, At safepoint: 8101 ns, Total: 57102 ns
[3229.233s][info ][gc,start       ] GC(154) Pause Young (Allocation Failure)
[3229.238s][debug][gc,phases      ] GC(154) Scavenge 4.393ms
[3229.238s][debug][gc,ref         ] GC(154) Skipped phase 1 of Reference Processing: no references
[3229.238s][debug][gc,ref         ] GC(154) ReferenceProcessor::execute queues: 1, RefProcThreadModel::Single, marks_oops_alive: false
[3229.238s][debug][gc,ref         ] GC(154) Skipped phase 3 of Reference Processing: no references
[3229.238s][debug][gc,ref         ] GC(154) ReferenceProcessor::execute queues: 1, RefProcThreadModel::Single, marks_oops_alive: false
[3229.238s][debug][gc,phases      ] GC(154) Reference Processing 0.145ms
[3229.238s][debug][gc,phases      ] GC(154)   VM Weak                        Min:  0.0, Avg:  0.0, Max:  0.0, Diff:  0.0, Sum:  0.0, Workers: 4
[3229.238s][debug][gc,phases      ] GC(154)     Dead                           Min: 0, Avg:  0.0, Max: 0, Diff: 0, Sum: 0, Workers: 4
[3229.238s][debug][gc,phases      ] GC(154)     Total                          Min: 0, Avg: 192.0, Max: 384, Diff: 384, Sum: 768, Workers: 4
[3229.238s][debug][gc,phases      ] GC(154)   ObjectSynchronizer Weak        Min:  0.0, Avg:  0.0, Max:  0.0, Diff:  0.0, Sum:  0.0, Workers: 4
[3229.238s][debug][gc,phases      ] GC(154)     Dead                           Min: 0, Avg:  0.0, Max: 0, Diff: 0, Sum: 0, Workers: 4
[3229.238s][debug][gc,phases      ] GC(154)     Total                          Min: 0, Avg: 62.2, Max: 128, Diff: 128, Sum: 249, Workers: 4
[3229.238s][debug][gc,phases      ] GC(154)   JVMTI Tag Weak OopStorage      Min:  0.0, Avg:  0.0, Max:  0.0, Diff:  0.0, Sum:  0.0, Workers: 4
[3229.238s][debug][gc,phases      ] GC(154)     Dead                           Min: 0, Avg:  0.0, Max: 0, Diff: 0, Sum: 0, Workers: 4
[3229.238s][debug][gc,phases      ] GC(154)     Total                          Min: 0, Avg:  0.0, Max: 0, Diff: 0, Sum: 0, Workers: 4
[3229.238s][debug][gc,phases      ] GC(154)   StringTable Weak               Min:  0.1, Avg:  0.1, Max:  0.1, Diff:  0.0, Sum:  0.4, Workers: 4
[3229.238s][debug][gc,phases      ] GC(154)     Dead                           Min: 0, Avg:  0.0, Max: 0, Diff: 0, Sum: 0, Workers: 4
[3229.238s][debug][gc,phases      ] GC(154)     Total                          Min: 11264, Avg: 12243.0, Max: 12736, Diff: 1472, Sum: 48972, Workers: 4
[3229.238s][debug][gc,phases      ] GC(154)   ResolvedMethodTable Weak       Min:  0.0, Avg:  0.0, Max:  0.0, Diff:  0.0, Sum:  0.1, Workers: 4
[3229.238s][debug][gc,phases      ] GC(154)     Dead                           Min: 0, Avg:  0.0, Max: 0, Diff: 0, Sum: 0, Workers: 4
[3229.238s][debug][gc,phases      ] GC(154)     Total                          Min: 2041, Avg: 2221.0, Max: 2555, Diff: 514, Sum: 8884, Workers: 4
[3229.238s][debug][gc,phases      ] GC(154)   JNI Weak                       Min:  0.0, Avg:  0.0, Max:  0.0, Diff:  0.0, Sum:  0.0, Workers: 4
[3229.238s][debug][gc,phases      ] GC(154)     Dead                           Min: 0, Avg:  0.0, Max: 0, Diff: 0, Sum: 0, Workers: 4
[3229.238s][debug][gc,phases      ] GC(154)     Total                          Min: 0, Avg:  0.0, Max: 0, Diff: 0, Sum: 0, Workers: 4
[3229.238s][debug][gc,phases      ] GC(154)   StringDedup Table Weak         Min:  0.0, Avg:  0.0, Max:  0.0, Diff:  0.0, Sum:  0.0, Workers: 4
[3229.238s][debug][gc,phases      ] GC(154)     Dead                           Min: 0, Avg:  0.0, Max: 0, Diff: 0, Sum: 0, Workers: 4
[3229.238s][debug][gc,phases      ] GC(154)     Total                          Min: 0, Avg:  0.0, Max: 0, Diff: 0, Sum: 0, Workers: 4
[3229.238s][debug][gc,phases      ] GC(154)   StringDedup Requests0 Weak     Min:  0.0, Avg:  0.0, Max:  0.0, Diff:  0.0, Sum:  0.0, Workers: 4
[3229.238s][debug][gc,phases      ] GC(154)     Dead                           Min: 0, Avg:  0.0, Max: 0, Diff: 0, Sum: 0, Workers: 4
[3229.238s][debug][gc,phases      ] GC(154)     Total                          Min: 0, Avg:  0.0, Max: 0, Diff: 0, Sum: 0, Workers: 4
[3229.238s][debug][gc,phases      ] GC(154)   StringDedup Requests1 Weak     Min:  0.0, Avg:  0.0, Max:  0.0, Diff:  0.0, Sum:  0.0, Workers: 4
[3229.238s][debug][gc,phases      ] GC(154)     Dead                           Min: 0, Avg:  0.0, Max: 0, Diff: 0, Sum: 0, Workers: 4
[3229.238s][debug][gc,phases      ] GC(154)     Total                          Min: 0, Avg:  0.0, Max: 0, Diff: 0, Sum: 0, Workers: 4
[3229.238s][debug][gc,phases      ] GC(154)   Weak JFR Old Object Samples    Min:  0.0, Avg:  0.0, Max:  0.0, Diff:  0.0, Sum:  0.0, Workers: 4
[3229.238s][debug][gc,phases      ] GC(154)     Dead                           Min: 0, Avg:  0.0, Max: 0, Diff: 0, Sum: 0, Workers: 4
[3229.238s][debug][gc,phases      ] GC(154)     Total                          Min: 0, Avg:  0.0, Max: 0, Diff: 0, Sum: 0, Workers: 4
[3229.238s][debug][gc,phases      ] GC(154) Weak Processing 0.347ms
[3229.238s][debug][gc,age         ] GC(154) Desired survivor size 30408704 bytes, new threshold 15 (max threshold 15)
[3229.238s][info ][gc,heap        ] GC(154) PSYoungGen: 2044974K(2065920K)->11783K(2064384K) Eden: 2033152K(2033152K)->0K(2033152K) From: 11822K(32768K)->11783K(31232K)
[3229.238s][info ][gc,heap        ] GC(154) ParOldGen: 466276K(559616K)->466332K(559616K)
[3229.238s][info ][gc,metaspace   ] GC(154) Metaspace: 85801K(86784K)->85801K(86784K) NonClass: 73832K(74368K)->73832K(74368K) Class: 11968K(12416K)->11968K(12416K)
[3229.239s][info ][gc             ] GC(154) Pause Young (Allocation Failure) 2452M->466M(2562M) 5.025ms
[3229.239s][info ][gc,cpu         ] GC(154) User=0.02s Sys=0.00s Real=0.00s
[3229.239s][info ][safepoint      ] Safepoint "ParallelGCFailedAllocation", Time since last: 3809147257 ns, Reaching safepoint: 40701 ns, At safepoint: 5104463 ns, Total: 5145164 ns
[3245.240s][info ][safepoint      ] Safepoint "Cleanup", Time since last: 16001040712 ns, Reaching safepoint: 49801 ns, At safepoint: 8601 ns, Total: 58402 ns
[3254.240s][info ][safepoint      ] Safepoint "Cleanup", Time since last: 9000616879 ns, Reaching safepoint: 48402 ns, At safepoint: 7000 ns, Total: 55402 ns
[3266.241s][info ][safepoint      ] Safepoint "Cleanup", Time since last: 12000821596 ns, Reaching safepoint: 51001 ns, At safepoint: 6300 ns, Total: 57301 ns
[3280.242s][info ][safepoint      ] Safepoint "Cleanup", Time since last: 14000892787 ns, Reaching safepoint: 43802 ns, At safepoint: 5800 ns, Total: 49602 ns
[3282.242s][info ][safepoint      ] Safepoint "Cleanup", Time since last: 2000175264 ns, Reaching safepoint: 44401 ns, At safepoint: 14101 ns, Total: 58502 ns
[3285.243s][info ][safepoint      ] Safepoint "Cleanup", Time since last: 3000234402 ns, Reaching safepoint: 60201 ns, At safepoint: 8701 ns, Total: 68902 ns
[3291.243s][info ][safepoint      ] Safepoint "Cleanup", Time since last: 6000404751 ns, Reaching safepoint: 43201 ns, At safepoint: 3200 ns, Total: 46401 ns
[3292.243s][info ][safepoint      ] Safepoint "Cleanup", Time since last: 1000114925 ns, Reaching safepoint: 43901 ns, At safepoint: 6200 ns, Total: 50101 ns
[3293.709s][info ][safepoint      ] Safepoint "Cleanup", Time since last: 1465467696 ns, Reaching safepoint: 52202 ns, At safepoint: 9600 ns, Total: 61802 ns
[3296.709s][info ][safepoint      ] Safepoint "Cleanup", Time since last: 3000250272 ns, Reaching safepoint: 49501 ns, At safepoint: 15201 ns, Total: 64702 ns
[3300.283s][info ][gc,start       ] GC(155) Pause Young (Allocation Failure)
[3300.287s][debug][gc,phases      ] GC(155) Scavenge 4.488ms
[3300.287s][debug][gc,ref         ] GC(155) Skipped phase 1 of Reference Processing: no references
[3300.288s][debug][gc,ref         ] GC(155) ReferenceProcessor::execute queues: 1, RefProcThreadModel::Single, marks_oops_alive: false
[3300.288s][debug][gc,ref         ] GC(155) Skipped phase 3 of Reference Processing: no references
[3300.288s][debug][gc,ref         ] GC(155) ReferenceProcessor::execute queues: 1, RefProcThreadModel::Single, marks_oops_alive: false
[3300.288s][debug][gc,phases      ] GC(155) Reference Processing 0.124ms
[3300.288s][debug][gc,phases      ] GC(155)   VM Weak                        Min:  0.0, Avg:  0.0, Max:  0.0, Diff:  0.0, Sum:  0.0, Workers: 4
[3300.288s][debug][gc,phases      ] GC(155)     Dead                           Min: 0, Avg:  0.0, Max: 0, Diff: 0, Sum: 0, Workers: 4
[3300.288s][debug][gc,phases      ] GC(155)     Total                          Min: 0, Avg: 192.0, Max: 640, Diff: 640, Sum: 768, Workers: 4
[3300.288s][debug][gc,phases      ] GC(155)   ObjectSynchronizer Weak        Min:  0.0, Avg:  0.0, Max:  0.0, Diff:  0.0, Sum:  0.0, Workers: 4
[3300.288s][debug][gc,phases      ] GC(155)     Dead                           Min: 0, Avg:  0.0, Max: 0, Diff: 0, Sum: 0, Workers: 4
[3300.288s][debug][gc,phases      ] GC(155)     Total                          Min: 0, Avg: 62.2, Max: 128, Diff: 128, Sum: 249, Workers: 4
[3300.288s][debug][gc,phases      ] GC(155)   JVMTI Tag Weak OopStorage      Min:  0.0, Avg:  0.0, Max:  0.0, Diff:  0.0, Sum:  0.0, Workers: 4
[3300.288s][debug][gc,phases      ] GC(155)     Dead                           Min: 0, Avg:  0.0, Max: 0, Diff: 0, Sum: 0, Workers: 4
[3300.288s][debug][gc,phases      ] GC(155)     Total                          Min: 0, Avg:  0.0, Max: 0, Diff: 0, Sum: 0, Workers: 4
[3300.288s][debug][gc,phases      ] GC(155)   StringTable Weak               Min:  0.1, Avg:  0.1, Max:  0.1, Diff:  0.0, Sum:  0.4, Workers: 4
[3300.288s][debug][gc,phases      ] GC(155)     Dead                           Min: 0, Avg:  0.0, Max: 0, Diff: 0, Sum: 0, Workers: 4
[3300.288s][debug][gc,phases      ] GC(155)     Total                          Min: 11212, Avg: 12243.0, Max: 13120, Diff: 1908, Sum: 48972, Workers: 4
[3300.288s][debug][gc,phases      ] GC(155)   ResolvedMethodTable Weak       Min:  0.0, Avg:  0.0, Max:  0.0, Diff:  0.0, Sum:  0.1, Workers: 4
[3300.288s][debug][gc,phases      ] GC(155)     Dead                           Min: 0, Avg:  0.0, Max: 0, Diff: 0, Sum: 0, Workers: 4
[3300.288s][debug][gc,phases      ] GC(155)     Total                          Min: 2043, Avg: 2221.0, Max: 2368, Diff: 325, Sum: 8884, Workers: 4
[3300.288s][debug][gc,phases      ] GC(155)   JNI Weak                       Min:  0.0, Avg:  0.0, Max:  0.0, Diff:  0.0, Sum:  0.0, Workers: 4
[3300.288s][debug][gc,phases      ] GC(155)     Dead                           Min: 0, Avg:  0.0, Max: 0, Diff: 0, Sum: 0, Workers: 4
[3300.288s][debug][gc,phases      ] GC(155)     Total                          Min: 0, Avg:  0.0, Max: 0, Diff: 0, Sum: 0, Workers: 4
[3300.288s][debug][gc,phases      ] GC(155)   StringDedup Table Weak         Min:  0.0, Avg:  0.0, Max:  0.0, Diff:  0.0, Sum:  0.0, Workers: 4
[3300.288s][debug][gc,phases      ] GC(155)     Dead                           Min: 0, Avg:  0.0, Max: 0, Diff: 0, Sum: 0, Workers: 4
[3300.288s][debug][gc,phases      ] GC(155)     Total                          Min: 0, Avg:  0.0, Max: 0, Diff: 0, Sum: 0, Workers: 4
[3300.288s][debug][gc,phases      ] GC(155)   StringDedup Requests0 Weak     Min:  0.0, Avg:  0.0, Max:  0.0, Diff:  0.0, Sum:  0.0, Workers: 4
[3300.288s][debug][gc,phases      ] GC(155)     Dead                           Min: 0, Avg:  0.0, Max: 0, Diff: 0, Sum: 0, Workers: 4
[3300.288s][debug][gc,phases      ] GC(155)     Total                          Min: 0, Avg:  0.0, Max: 0, Diff: 0, Sum: 0, Workers: 4
[3300.288s][debug][gc,phases      ] GC(155)   StringDedup Requests1 Weak     Min:  0.0, Avg:  0.0, Max:  0.0, Diff:  0.0, Sum:  0.0, Workers: 4
[3300.288s][debug][gc,phases      ] GC(155)     Dead                           Min: 0, Avg:  0.0, Max: 0, Diff: 0, Sum: 0, Workers: 4
[3300.288s][debug][gc,phases      ] GC(155)     Total                          Min: 0, Avg:  0.0, Max: 0, Diff: 0, Sum: 0, Workers: 4
[3300.288s][debug][gc,phases      ] GC(155)   Weak JFR Old Object Samples    Min:  0.0, Avg:  0.0, Max:  0.0, Diff:  0.0, Sum:  0.0, Workers: 4
[3300.288s][debug][gc,phases      ] GC(155)     Dead                           Min: 0, Avg:  0.0, Max: 0, Diff: 0, Sum: 0, Workers: 4
[3300.288s][debug][gc,phases      ] GC(155)     Total                          Min: 0, Avg:  0.0, Max: 0, Diff: 0, Sum: 0, Workers: 4
[3300.288s][debug][gc,phases      ] GC(155) Weak Processing 0.328ms
[3300.288s][debug][gc,age         ] GC(155) Desired survivor size 28835840 bytes, new threshold 15 (max threshold 15)
[3300.288s][info ][gc,heap        ] GC(155) PSYoungGen: 2044935K(2064384K)->11950K(2068992K) Eden: 2033152K(2033152K)->0K(2039296K) From: 11783K(31232K)->11950K(29696K)
[3300.288s][info ][gc,heap        ] GC(155) ParOldGen: 466332K(559616K)->466396K(559616K)
[3300.288s][info ][gc,metaspace   ] GC(155) Metaspace: 85808K(86784K)->85808K(86784K) NonClass: 73840K(74368K)->73840K(74368K) Class: 11968K(12416K)->11968K(12416K)
[3300.288s][info ][gc             ] GC(155) Pause Young (Allocation Failure) 2452M->467M(2567M) 5.080ms
[3300.288s][info ][gc,cpu         ] GC(155) User=0.02s Sys=0.00s Real=0.00s
[3300.288s][info ][safepoint      ] Safepoint "ParallelGCFailedAllocation", Time since last: 3573698467 ns, Reaching safepoint: 40201 ns, At safepoint: 5165850 ns, Total: 5206051 ns
[3302.288s][info ][safepoint      ] Safepoint "Cleanup", Time since last: 2000122718 ns, Reaching safepoint: 46001 ns, At safepoint: 3800 ns, Total: 49801 ns
[3304.288s][info ][safepoint      ] Safepoint "Cleanup", Time since last: 2000111967 ns, Reaching safepoint: 44501 ns, At safepoint: 23801 ns, Total: 68302 ns
[3311.289s][info ][safepoint      ] Safepoint "Cleanup", Time since last: 7000462606 ns, Reaching safepoint: 51501 ns, At safepoint: 2801 ns, Total: 54302 ns
[3314.289s][info ][safepoint      ] Safepoint "Cleanup", Time since last: 3000227188 ns, Reaching safepoint: 53902 ns, At safepoint: 9800 ns, Total: 63702 ns
[3317.289s][info ][safepoint      ] Safepoint "Cleanup", Time since last: 3000227958 ns, Reaching safepoint: 45901 ns, At safepoint: 7800 ns, Total: 53701 ns
[3324.290s][info ][safepoint      ] Safepoint "Cleanup", Time since last: 7000488154 ns, Reaching safepoint: 42002 ns, At safepoint: 3500 ns, Total: 45502 ns
[3361.292s][info ][safepoint      ] Safepoint "Cleanup", Time since last: 37002128187 ns, Reaching safepoint: 46201 ns, At safepoint: 3700 ns, Total: 49901 ns
[3368.603s][info ][gc,start       ] GC(156) Pause Young (Allocation Failure)
[3368.607s][debug][gc,phases      ] GC(156) Scavenge 4.252ms
[3368.607s][debug][gc,ref         ] GC(156) Skipped phase 1 of Reference Processing: no references
[3368.607s][debug][gc,ref         ] GC(156) ReferenceProcessor::execute queues: 1, RefProcThreadModel::Single, marks_oops_alive: false
[3368.607s][debug][gc,ref         ] GC(156) Skipped phase 3 of Reference Processing: no references
[3368.607s][debug][gc,ref         ] GC(156) ReferenceProcessor::execute queues: 1, RefProcThreadModel::Single, marks_oops_alive: false
[3368.607s][debug][gc,phases      ] GC(156) Reference Processing 0.138ms
[3368.607s][debug][gc,phases      ] GC(156)   VM Weak                        Min:  0.0, Avg:  0.0, Max:  0.0, Diff:  0.0, Sum:  0.0, Workers: 4
[3368.607s][debug][gc,phases      ] GC(156)     Dead                           Min: 0, Avg:  0.0, Max: 0, Diff: 0, Sum: 0, Workers: 4
[3368.607s][debug][gc,phases      ] GC(156)     Total                          Min: 0, Avg: 192.0, Max: 640, Diff: 640, Sum: 768, Workers: 4
[3368.607s][debug][gc,phases      ] GC(156)   ObjectSynchronizer Weak        Min:  0.0, Avg:  0.0, Max:  0.0, Diff:  0.0, Sum:  0.0, Workers: 4
[3368.607s][debug][gc,phases      ] GC(156)     Dead                           Min: 0, Avg:  0.0, Max: 0, Diff: 0, Sum: 0, Workers: 4
[3368.607s][debug][gc,phases      ] GC(156)     Total                          Min: 0, Avg: 62.2, Max: 128, Diff: 128, Sum: 249, Workers: 4
[3368.607s][debug][gc,phases      ] GC(156)   JVMTI Tag Weak OopStorage      Min:  0.0, Avg:  0.0, Max:  0.0, Diff:  0.0, Sum:  0.0, Workers: 4
[3368.607s][debug][gc,phases      ] GC(156)     Dead                           Min: 0, Avg:  0.0, Max: 0, Diff: 0, Sum: 0, Workers: 4
[3368.607s][debug][gc,phases      ] GC(156)     Total                          Min: 0, Avg:  0.0, Max: 0, Diff: 0, Sum: 0, Workers: 4
[3368.607s][debug][gc,phases      ] GC(156)   StringTable Weak               Min:  0.1, Avg:  0.1, Max:  0.1, Diff:  0.0, Sum:  0.5, Workers: 4
[3368.607s][debug][gc,phases      ] GC(156)     Dead                           Min: 0, Avg:  0.0, Max: 0, Diff: 0, Sum: 0, Workers: 4
[3368.607s][debug][gc,phases      ] GC(156)     Total                          Min: 9664, Avg: 12244.5, Max: 14162, Diff: 4498, Sum: 48978, Workers: 4
[3368.607s][debug][gc,phases      ] GC(156)   ResolvedMethodTable Weak       Min:  0.0, Avg:  0.0, Max:  0.0, Diff:  0.0, Sum:  0.1, Workers: 4
[3368.607s][debug][gc,phases      ] GC(156)     Dead                           Min: 0, Avg:  0.0, Max: 0, Diff: 0, Sum: 0, Workers: 4
[3368.607s][debug][gc,phases      ] GC(156)     Total                          Min: 2112, Avg: 2221.0, Max: 2363, Diff: 251, Sum: 8884, Workers: 4
[3368.607s][debug][gc,phases      ] GC(156)   JNI Weak                       Min:  0.0, Avg:  0.0, Max:  0.0, Diff:  0.0, Sum:  0.0, Workers: 4
[3368.607s][debug][gc,phases      ] GC(156)     Dead                           Min: 0, Avg:  0.0, Max: 0, Diff: 0, Sum: 0, Workers: 4
[3368.607s][debug][gc,phases      ] GC(156)     Total                          Min: 0, Avg:  0.0, Max: 0, Diff: 0, Sum: 0, Workers: 4
[3368.607s][debug][gc,phases      ] GC(156)   StringDedup Table Weak         Min:  0.0, Avg:  0.0, Max:  0.0, Diff:  0.0, Sum:  0.0, Workers: 4
[3368.607s][debug][gc,phases      ] GC(156)     Dead                           Min: 0, Avg:  0.0, Max: 0, Diff: 0, Sum: 0, Workers: 4
[3368.607s][debug][gc,phases      ] GC(156)     Total                          Min: 0, Avg:  0.0, Max: 0, Diff: 0, Sum: 0, Workers: 4
[3368.607s][debug][gc,phases      ] GC(156)   StringDedup Requests0 Weak     Min:  0.0, Avg:  0.0, Max:  0.0, Diff:  0.0, Sum:  0.0, Workers: 4
[3368.607s][debug][gc,phases      ] GC(156)     Dead                           Min: 0, Avg:  0.0, Max: 0, Diff: 0, Sum: 0, Workers: 4
[3368.607s][debug][gc,phases      ] GC(156)     Total                          Min: 0, Avg:  0.0, Max: 0, Diff: 0, Sum: 0, Workers: 4
[3368.607s][debug][gc,phases      ] GC(156)   StringDedup Requests1 Weak     Min:  0.0, Avg:  0.0, Max:  0.0, Diff:  0.0, Sum:  0.0, Workers: 4
[3368.607s][debug][gc,phases      ] GC(156)     Dead                           Min: 0, Avg:  0.0, Max: 0, Diff: 0, Sum: 0, Workers: 4
[3368.607s][debug][gc,phases      ] GC(156)     Total                          Min: 0, Avg:  0.0, Max: 0, Diff: 0, Sum: 0, Workers: 4
[3368.607s][debug][gc,phases      ] GC(156)   Weak JFR Old Object Samples    Min:  0.0, Avg:  0.0, Max:  0.0, Diff:  0.0, Sum:  0.0, Workers: 4
[3368.607s][debug][gc,phases      ] GC(156)     Dead                           Min: 0, Avg:  0.0, Max: 0, Diff: 0, Sum: 0, Workers: 4
[3368.607s][debug][gc,phases      ] GC(156)     Total                          Min: 0, Avg:  0.0, Max: 0, Diff: 0, Sum: 0, Workers: 4
[3368.607s][debug][gc,phases      ] GC(156) Weak Processing 0.359ms
[3368.607s][debug][gc,age         ] GC(156) Desired survivor size 27787264 bytes, new threshold 15 (max threshold 15)
[3368.607s][info ][gc,heap        ] GC(156) PSYoungGen: 2051246K(2068992K)->11654K(2067456K) Eden: 2039296K(2039296K)->0K(2039296K) From: 11950K(29696K)->11654K(28160K)
[3368.607s][info ][gc,heap        ] GC(156) ParOldGen: 466396K(559616K)->466444K(559616K)
[3368.607s][info ][gc,metaspace   ] GC(156) Metaspace: 85812K(86784K)->85812K(86784K) NonClass: 73844K(74368K)->73844K(74368K) Class: 11968K(12416K)->11968K(12416K)
[3368.607s][info ][gc             ] GC(156) Pause Young (Allocation Failure) 2458M->466M(2565M) 4.886ms
[3368.607s][info ][gc,cpu         ] GC(156) User=0.01s Sys=0.00s Real=0.00s
[3368.607s][info ][safepoint      ] Safepoint "ParallelGCFailedAllocation", Time since last: 7310220848 ns, Reaching safepoint: 111803 ns, At safepoint: 4974632 ns, Total: 5086435 ns
[3375.608s][info ][safepoint      ] Safepoint "Cleanup", Time since last: 7000507322 ns, Reaching safepoint: 56901 ns, At safepoint: 11101 ns, Total: 68002 ns
[3378.608s][info ][safepoint      ] Safepoint "Cleanup", Time since last: 3000250290 ns, Reaching safepoint: 130403 ns, At safepoint: 8801 ns, Total: 139204 ns
[3411.611s][info ][safepoint      ] Safepoint "Cleanup", Time since last: 33002094649 ns, Reaching safepoint: 45601 ns, At safepoint: 9501 ns, Total: 55102 ns
[3416.611s][info ][safepoint      ] Safepoint "Cleanup", Time since last: 5000412368 ns, Reaching safepoint: 55302 ns, At safepoint: 7800 ns, Total: 63102 ns
[3420.611s][info ][safepoint      ] Safepoint "Cleanup", Time since last: 4000340592 ns, Reaching safepoint: 52601 ns, At safepoint: 4200 ns, Total: 56801 ns
[3422.612s][info ][safepoint      ] Safepoint "Cleanup", Time since last: 2000204617 ns, Reaching safepoint: 35401 ns, At safepoint: 3600 ns, Total: 39001 ns
[3424.612s][info ][safepoint      ] Safepoint "Cleanup", Time since last: 2000177197 ns, Reaching safepoint: 55302 ns, At safepoint: 6700 ns, Total: 62002 ns
[3432.613s][info ][safepoint      ] Safepoint "Cleanup", Time since last: 8000613602 ns, Reaching safepoint: 55202 ns, At safepoint: 4000 ns, Total: 59202 ns
[3434.613s][info ][safepoint      ] Safepoint "Cleanup", Time since last: 2000179408 ns, Reaching safepoint: 47001 ns, At safepoint: 5900 ns, Total: 52901 ns
[3435.253s][info ][gc,start       ] GC(157) Pause Young (Allocation Failure)
[3435.259s][debug][gc,phases      ] GC(157) Scavenge 6.319ms
[3435.259s][debug][gc,ref         ] GC(157) Skipped phase 1 of Reference Processing: no references
[3435.259s][debug][gc,ref         ] GC(157) ReferenceProcessor::execute queues: 1, RefProcThreadModel::Single, marks_oops_alive: false
[3435.259s][debug][gc,ref         ] GC(157) Skipped phase 3 of Reference Processing: no references
[3435.259s][debug][gc,ref         ] GC(157) ReferenceProcessor::execute queues: 1, RefProcThreadModel::Single, marks_oops_alive: false
[3435.259s][debug][gc,phases      ] GC(157) Reference Processing 0.148ms
[3435.259s][debug][gc,phases      ] GC(157)   VM Weak                        Min:  0.0, Avg:  0.0, Max:  0.0, Diff:  0.0, Sum:  0.0, Workers: 4
[3435.259s][debug][gc,phases      ] GC(157)     Dead                           Min: 0, Avg:  0.0, Max: 0, Diff: 0, Sum: 0, Workers: 4
[3435.259s][debug][gc,phases      ] GC(157)     Total                          Min: 0, Avg: 192.0, Max: 768, Diff: 768, Sum: 768, Workers: 4
[3435.259s][debug][gc,phases      ] GC(157)   ObjectSynchronizer Weak        Min:  0.0, Avg:  0.0, Max:  0.0, Diff:  0.0, Sum:  0.0, Workers: 4
[3435.259s][debug][gc,phases      ] GC(157)     Dead                           Min: 0, Avg:  0.0, Max: 0, Diff: 0, Sum: 0, Workers: 4
[3435.259s][debug][gc,phases      ] GC(157)     Total                          Min: 0, Avg: 62.2, Max: 185, Diff: 185, Sum: 249, Workers: 4
[3435.259s][debug][gc,phases      ] GC(157)   JVMTI Tag Weak OopStorage      Min:  0.0, Avg:  0.0, Max:  0.0, Diff:  0.0, Sum:  0.0, Workers: 4
[3435.259s][debug][gc,phases      ] GC(157)     Dead                           Min: 0, Avg:  0.0, Max: 0, Diff: 0, Sum: 0, Workers: 4
[3435.259s][debug][gc,phases      ] GC(157)     Total                          Min: 0, Avg:  0.0, Max: 0, Diff: 0, Sum: 0, Workers: 4
[3435.259s][debug][gc,phases      ] GC(157)   StringTable Weak               Min:  0.1, Avg:  0.1, Max:  0.1, Diff:  0.0, Sum:  0.5, Workers: 4
[3435.259s][debug][gc,phases      ] GC(157)     Dead                           Min: 0, Avg:  0.0, Max: 0, Diff: 0, Sum: 0, Workers: 4
[3435.259s][debug][gc,phases      ] GC(157)     Total                          Min: 11154, Avg: 12244.5, Max: 13888, Diff: 2734, Sum: 48978, Workers: 4
[3435.259s][debug][gc,phases      ] GC(157)   ResolvedMethodTable Weak       Min:  0.0, Avg:  0.0, Max:  0.0, Diff:  0.0, Sum:  0.1, Workers: 4
[3435.259s][debug][gc,phases      ] GC(157)     Dead                           Min: 0, Avg:  0.0, Max: 0, Diff: 0, Sum: 0, Workers: 4
[3435.259s][debug][gc,phases      ] GC(157)     Total                          Min: 2169, Avg: 2221.0, Max: 2368, Diff: 199, Sum: 8884, Workers: 4
[3435.259s][debug][gc,phases      ] GC(157)   JNI Weak                       Min:  0.0, Avg:  0.0, Max:  0.0, Diff:  0.0, Sum:  0.0, Workers: 4
[3435.259s][debug][gc,phases      ] GC(157)     Dead                           Min: 0, Avg:  0.0, Max: 0, Diff: 0, Sum: 0, Workers: 4
[3435.259s][debug][gc,phases      ] GC(157)     Total                          Min: 0, Avg:  0.0, Max: 0, Diff: 0, Sum: 0, Workers: 4
[3435.259s][debug][gc,phases      ] GC(157)   StringDedup Table Weak         Min:  0.0, Avg:  0.0, Max:  0.0, Diff:  0.0, Sum:  0.0, Workers: 4
[3435.259s][debug][gc,phases      ] GC(157)     Dead                           Min: 0, Avg:  0.0, Max: 0, Diff: 0, Sum: 0, Workers: 4
[3435.259s][debug][gc,phases      ] GC(157)     Total                          Min: 0, Avg:  0.0, Max: 0, Diff: 0, Sum: 0, Workers: 4
[3435.259s][debug][gc,phases      ] GC(157)   StringDedup Requests0 Weak     Min:  0.0, Avg:  0.0, Max:  0.0, Diff:  0.0, Sum:  0.0, Workers: 4
[3435.259s][debug][gc,phases      ] GC(157)     Dead                           Min: 0, Avg:  0.0, Max: 0, Diff: 0, Sum: 0, Workers: 4
[3435.259s][debug][gc,phases      ] GC(157)     Total                          Min: 0, Avg:  0.0, Max: 0, Diff: 0, Sum: 0, Workers: 4
[3435.259s][debug][gc,phases      ] GC(157)   StringDedup Requests1 Weak     Min:  0.0, Avg:  0.0, Max:  0.0, Diff:  0.0, Sum:  0.0, Workers: 4
[3435.259s][debug][gc,phases      ] GC(157)     Dead                           Min: 0, Avg:  0.0, Max: 0, Diff: 0, Sum: 0, Workers: 4
[3435.259s][debug][gc,phases      ] GC(157)     Total                          Min: 0, Avg:  0.0, Max: 0, Diff: 0, Sum: 0, Workers: 4
[3435.259s][debug][gc,phases      ] GC(157)   Weak JFR Old Object Samples    Min:  0.0, Avg:  0.0, Max:  0.0, Diff:  0.0, Sum:  0.0, Workers: 4
[3435.259s][debug][gc,phases      ] GC(157)     Dead                           Min: 0, Avg:  0.0, Max: 0, Diff: 0, Sum: 0, Workers: 4
[3435.259s][debug][gc,phases      ] GC(157)     Total                          Min: 0, Avg:  0.0, Max: 0, Diff: 0, Sum: 0, Workers: 4
[3435.259s][debug][gc,phases      ] GC(157) Weak Processing 0.338ms
[3435.259s][debug][gc,age         ] GC(157) Desired survivor size 27787264 bytes, new threshold 15 (max threshold 15)
[3435.260s][info ][gc,heap        ] GC(157) PSYoungGen: 2050950K(2067456K)->5136K(2070016K) Eden: 2039296K(2039296K)->0K(2042880K) From: 11654K(28160K)->5136K(27136K)
[3435.260s][info ][gc,heap        ] GC(157) ParOldGen: 466444K(559616K)->473200K(559616K)
[3435.260s][info ][gc,metaspace   ] GC(157) Metaspace: 85819K(86784K)->85819K(86784K) NonClass: 73850K(74368K)->73850K(74368K) Class: 11968K(12416K)->11968K(12416K)
[3435.260s][info ][gc             ] GC(157) Pause Young (Allocation Failure) 2458M->467M(2568M) 6.942ms
[3435.260s][info ][gc,cpu         ] GC(157) User=0.00s Sys=0.03s Real=0.00s
[3435.260s][info ][safepoint      ] Safepoint "ParallelGCFailedAllocation", Time since last: 639629182 ns, Reaching safepoint: 43301 ns, At safepoint: 7025173 ns, Total: 7068474 ns
[3453.261s][info ][safepoint      ] Safepoint "Cleanup", Time since last: 18001412745 ns, Reaching safepoint: 53301 ns, At safepoint: 6100 ns, Total: 59401 ns
[3466.262s][info ][safepoint      ] Safepoint "Cleanup", Time since last: 13000892931 ns, Reaching safepoint: 52902 ns, At safepoint: 3100 ns, Total: 56002 ns
[3503.284s][info ][gc,start       ] GC(158) Pause Young (Allocation Failure)
[3503.287s][debug][gc,phases      ] GC(158) Scavenge 2.878ms
[3503.287s][debug][gc,ref         ] GC(158) Skipped phase 1 of Reference Processing: no references
[3503.287s][debug][gc,ref         ] GC(158) ReferenceProcessor::execute queues: 1, RefProcThreadModel::Single, marks_oops_alive: false
[3503.287s][debug][gc,ref         ] GC(158) Skipped phase 3 of Reference Processing: no references
[3503.287s][debug][gc,ref         ] GC(158) ReferenceProcessor::execute queues: 1, RefProcThreadModel::Single, marks_oops_alive: false
[3503.287s][debug][gc,phases      ] GC(158) Reference Processing 0.126ms
[3503.287s][debug][gc,phases      ] GC(158)   VM Weak                        Min:  0.0, Avg:  0.0, Max:  0.0, Diff:  0.0, Sum:  0.0, Workers: 4
[3503.287s][debug][gc,phases      ] GC(158)     Dead                           Min: 0, Avg:  0.0, Max: 0, Diff: 0, Sum: 0, Workers: 4
[3503.287s][debug][gc,phases      ] GC(158)     Total                          Min: 0, Avg: 192.0, Max: 448, Diff: 448, Sum: 768, Workers: 4
[3503.287s][debug][gc,phases      ] GC(158)   ObjectSynchronizer Weak        Min:  0.0, Avg:  0.0, Max:  0.0, Diff:  0.0, Sum:  0.0, Workers: 4
[3503.287s][debug][gc,phases      ] GC(158)     Dead                           Min: 0, Avg:  0.0, Max: 0, Diff: 0, Sum: 0, Workers: 4
[3503.287s][debug][gc,phases      ] GC(158)     Total                          Min: 0, Avg: 62.2, Max: 128, Diff: 128, Sum: 249, Workers: 4
[3503.287s][debug][gc,phases      ] GC(158)   JVMTI Tag Weak OopStorage      Min:  0.0, Avg:  0.0, Max:  0.0, Diff:  0.0, Sum:  0.0, Workers: 4
[3503.287s][debug][gc,phases      ] GC(158)     Dead                           Min: 0, Avg:  0.0, Max: 0, Diff: 0, Sum: 0, Workers: 4
[3503.287s][debug][gc,phases      ] GC(158)     Total                          Min: 0, Avg:  0.0, Max: 0, Diff: 0, Sum: 0, Workers: 4
[3503.287s][debug][gc,phases      ] GC(158)   StringTable Weak               Min:  0.1, Avg:  0.1, Max:  0.1, Diff:  0.0, Sum:  0.4, Workers: 4
[3503.287s][debug][gc,phases      ] GC(158)     Dead                           Min: 0, Avg:  0.0, Max: 0, Diff: 0, Sum: 0, Workers: 4
[3503.287s][debug][gc,phases      ] GC(158)     Total                          Min: 11264, Avg: 12244.5, Max: 13312, Diff: 2048, Sum: 48978, Workers: 4
[3503.287s][debug][gc,phases      ] GC(158)   ResolvedMethodTable Weak       Min:  0.0, Avg:  0.0, Max:  0.0, Diff:  0.0, Sum:  0.1, Workers: 4
[3503.287s][debug][gc,phases      ] GC(158)     Dead                           Min: 0, Avg:  0.0, Max: 0, Diff: 0, Sum: 0, Workers: 4
[3503.288s][debug][gc,phases      ] GC(158)     Total                          Min: 2112, Avg: 2221.0, Max: 2368, Diff: 256, Sum: 8884, Workers: 4
[3503.288s][debug][gc,phases      ] GC(158)   JNI Weak                       Min:  0.0, Avg:  0.0, Max:  0.0, Diff:  0.0, Sum:  0.0, Workers: 4
[3503.288s][debug][gc,phases      ] GC(158)     Dead                           Min: 0, Avg:  0.0, Max: 0, Diff: 0, Sum: 0, Workers: 4
[3503.288s][debug][gc,phases      ] GC(158)     Total                          Min: 0, Avg:  0.0, Max: 0, Diff: 0, Sum: 0, Workers: 4
[3503.288s][debug][gc,phases      ] GC(158)   StringDedup Table Weak         Min:  0.0, Avg:  0.0, Max:  0.0, Diff:  0.0, Sum:  0.0, Workers: 4
[3503.288s][debug][gc,phases      ] GC(158)     Dead                           Min: 0, Avg:  0.0, Max: 0, Diff: 0, Sum: 0, Workers: 4
[3503.288s][debug][gc,phases      ] GC(158)     Total                          Min: 0, Avg:  0.0, Max: 0, Diff: 0, Sum: 0, Workers: 4
[3503.288s][debug][gc,phases      ] GC(158)   StringDedup Requests0 Weak     Min:  0.0, Avg:  0.0, Max:  0.0, Diff:  0.0, Sum:  0.0, Workers: 4
[3503.288s][debug][gc,phases      ] GC(158)     Dead                           Min: 0, Avg:  0.0, Max: 0, Diff: 0, Sum: 0, Workers: 4
[3503.288s][debug][gc,phases      ] GC(158)     Total                          Min: 0, Avg:  0.0, Max: 0, Diff: 0, Sum: 0, Workers: 4
[3503.288s][debug][gc,phases      ] GC(158)   StringDedup Requests1 Weak     Min:  0.0, Avg:  0.0, Max:  0.0, Diff:  0.0, Sum:  0.0, Workers: 4
[3503.288s][debug][gc,phases      ] GC(158)     Dead                           Min: 0, Avg:  0.0, Max: 0, Diff: 0, Sum: 0, Workers: 4
[3503.288s][debug][gc,phases      ] GC(158)     Total                          Min: 0, Avg:  0.0, Max: 0, Diff: 0, Sum: 0, Workers: 4
[3503.288s][debug][gc,phases      ] GC(158)   Weak JFR Old Object Samples    Min:  0.0, Avg:  0.0, Max:  0.0, Diff:  0.0, Sum:  0.0, Workers: 4
[3503.288s][debug][gc,phases      ] GC(158)     Dead                           Min: 0, Avg:  0.0, Max: 0, Diff: 0, Sum: 0, Workers: 4
[3503.288s][debug][gc,phases      ] GC(158)     Total                          Min: 0, Avg:  0.0, Max: 0, Diff: 0, Sum: 0, Workers: 4
[3503.288s][debug][gc,phases      ] GC(158) Weak Processing 0.331ms
[3503.288s][debug][gc,age         ] GC(158) Desired survivor size 27262976 bytes, new threshold 15 (max threshold 15)
[3503.288s][info ][gc,heap        ] GC(158) PSYoungGen: 2048016K(2070016K)->5009K(2070016K) Eden: 2042880K(2042880K)->0K(2042880K) From: 5136K(27136K)->5009K(27136K)
[3503.288s][info ][gc,heap        ] GC(158) ParOldGen: 473200K(559616K)->473404K(559616K)
[3503.288s][info ][gc,metaspace   ] GC(158) Metaspace: 85822K(86784K)->85822K(86784K) NonClass: 73853K(74368K)->73853K(74368K) Class: 11968K(12416K)->11968K(12416K)
[3503.288s][info ][gc             ] GC(158) Pause Young (Allocation Failure) 2462M->467M(2568M) 3.466ms
[3503.288s][info ][gc,cpu         ] GC(158) User=0.02s Sys=0.00s Real=0.00s
[3503.288s][info ][safepoint      ] Safepoint "ParallelGCFailedAllocation", Time since last: 37022042083 ns, Reaching safepoint: 79702 ns, At safepoint: 3551680 ns, Total: 3631382 ns
[3510.288s][info ][safepoint      ] Safepoint "Cleanup", Time since last: 7000464750 ns, Reaching safepoint: 49901 ns, At safepoint: 6100 ns, Total: 56001 ns
[3520.289s][info ][safepoint      ] Safepoint "Cleanup", Time since last: 10000604311 ns, Reaching safepoint: 47401 ns, At safepoint: 30201 ns, Total: 77602 ns
[3524.289s][info ][safepoint      ] Safepoint "Cleanup", Time since last: 4000295413 ns, Reaching safepoint: 40001 ns, At safepoint: 3600 ns, Total: 43601 ns
[3536.290s][info ][safepoint      ] Safepoint "Cleanup", Time since last: 12000758203 ns, Reaching safepoint: 39601 ns, At safepoint: 3900 ns, Total: 43501 ns
[3552.291s][info ][safepoint      ] Safepoint "Cleanup", Time since last: 16000978004 ns, Reaching safepoint: 42601 ns, At safepoint: 6100 ns, Total: 48701 ns
[3553.291s][info ][safepoint      ] Safepoint "Cleanup", Time since last: 1000124653 ns, Reaching safepoint: 46201 ns, At safepoint: 5600 ns, Total: 51801 ns
[3568.961s][info ][gc,start       ] GC(159) Pause Young (Allocation Failure)
[3568.964s][debug][gc,phases      ] GC(159) Scavenge 2.902ms
[3568.964s][debug][gc,ref         ] GC(159) Skipped phase 1 of Reference Processing: no references
[3568.964s][debug][gc,ref         ] GC(159) ReferenceProcessor::execute queues: 1, RefProcThreadModel::Single, marks_oops_alive: false
[3568.964s][debug][gc,ref         ] GC(159) Skipped phase 3 of Reference Processing: no references
[3568.964s][debug][gc,ref         ] GC(159) ReferenceProcessor::execute queues: 1, RefProcThreadModel::Single, marks_oops_alive: false
[3568.964s][debug][gc,phases      ] GC(159) Reference Processing 0.134ms
[3568.965s][debug][gc,phases      ] GC(159)   VM Weak                        Min:  0.0, Avg:  0.0, Max:  0.0, Diff:  0.0, Sum:  0.0, Workers: 4
[3568.965s][debug][gc,phases      ] GC(159)     Dead                           Min: 0, Avg:  0.0, Max: 0, Diff: 0, Sum: 0, Workers: 4
[3568.965s][debug][gc,phases      ] GC(159)     Total                          Min: 0, Avg: 192.0, Max: 576, Diff: 576, Sum: 768, Workers: 4
[3568.965s][debug][gc,phases      ] GC(159)   ObjectSynchronizer Weak        Min:  0.0, Avg:  0.0, Max:  0.0, Diff:  0.0, Sum:  0.0, Workers: 4
[3568.965s][debug][gc,phases      ] GC(159)     Dead                           Min: 0, Avg:  0.0, Max: 0, Diff: 0, Sum: 0, Workers: 4
[3568.965s][debug][gc,phases      ] GC(159)     Total                          Min: 0, Avg: 62.2, Max: 128, Diff: 128, Sum: 249, Workers: 4
[3568.965s][debug][gc,phases      ] GC(159)   JVMTI Tag Weak OopStorage      Min:  0.0, Avg:  0.0, Max:  0.0, Diff:  0.0, Sum:  0.0, Workers: 4
[3568.965s][debug][gc,phases      ] GC(159)     Dead                           Min: 0, Avg:  0.0, Max: 0, Diff: 0, Sum: 0, Workers: 4
[3568.965s][debug][gc,phases      ] GC(159)     Total                          Min: 0, Avg:  0.0, Max: 0, Diff: 0, Sum: 0, Workers: 4
[3568.965s][debug][gc,phases      ] GC(159)   StringTable Weak               Min:  0.1, Avg:  0.1, Max:  0.1, Diff:  0.0, Sum:  0.4, Workers: 4
[3568.965s][debug][gc,phases      ] GC(159)     Dead                           Min: 0, Avg:  0.0, Max: 0, Diff: 0, Sum: 0, Workers: 4
[3568.965s][debug][gc,phases      ] GC(159)     Total                          Min: 11136, Avg: 12244.5, Max: 13312, Diff: 2176, Sum: 48978, Workers: 4
[3568.965s][debug][gc,phases      ] GC(159)   ResolvedMethodTable Weak       Min:  0.0, Avg:  0.0, Max:  0.0, Diff:  0.0, Sum:  0.1, Workers: 4
[3568.965s][debug][gc,phases      ] GC(159)     Dead                           Min: 0, Avg:  0.0, Max: 0, Diff: 0, Sum: 0, Workers: 4
[3568.965s][debug][gc,phases      ] GC(159)     Total                          Min: 1787, Avg: 2221.0, Max: 2496, Diff: 709, Sum: 8884, Workers: 4
[3568.965s][debug][gc,phases      ] GC(159)   JNI Weak                       Min:  0.0, Avg:  0.0, Max:  0.0, Diff:  0.0, Sum:  0.0, Workers: 4
[3568.965s][debug][gc,phases      ] GC(159)     Dead                           Min: 0, Avg:  0.0, Max: 0, Diff: 0, Sum: 0, Workers: 4
[3568.965s][debug][gc,phases      ] GC(159)     Total                          Min: 0, Avg:  0.0, Max: 0, Diff: 0, Sum: 0, Workers: 4
[3568.965s][debug][gc,phases      ] GC(159)   StringDedup Table Weak         Min:  0.0, Avg:  0.0, Max:  0.0, Diff:  0.0, Sum:  0.0, Workers: 4
[3568.965s][debug][gc,phases      ] GC(159)     Dead                           Min: 0, Avg:  0.0, Max: 0, Diff: 0, Sum: 0, Workers: 4
[3568.965s][debug][gc,phases      ] GC(159)     Total                          Min: 0, Avg:  0.0, Max: 0, Diff: 0, Sum: 0, Workers: 4
[3568.965s][debug][gc,phases      ] GC(159)   StringDedup Requests0 Weak     Min:  0.0, Avg:  0.0, Max:  0.0, Diff:  0.0, Sum:  0.0, Workers: 4
[3568.965s][debug][gc,phases      ] GC(159)     Dead                           Min: 0, Avg:  0.0, Max: 0, Diff: 0, Sum: 0, Workers: 4
[3568.965s][debug][gc,phases      ] GC(159)     Total                          Min: 0, Avg:  0.0, Max: 0, Diff: 0, Sum: 0, Workers: 4
[3568.965s][debug][gc,phases      ] GC(159)   StringDedup Requests1 Weak     Min:  0.0, Avg:  0.0, Max:  0.0, Diff:  0.0, Sum:  0.0, Workers: 4
[3568.965s][debug][gc,phases      ] GC(159)     Dead                           Min: 0, Avg:  0.0, Max: 0, Diff: 0, Sum: 0, Workers: 4
[3568.965s][debug][gc,phases      ] GC(159)     Total                          Min: 0, Avg:  0.0, Max: 0, Diff: 0, Sum: 0, Workers: 4
[3568.965s][debug][gc,phases      ] GC(159)   Weak JFR Old Object Samples    Min:  0.0, Avg:  0.0, Max:  0.0, Diff:  0.0, Sum:  0.0, Workers: 4
[3568.965s][debug][gc,phases      ] GC(159)     Dead                           Min: 0, Avg:  0.0, Max: 0, Diff: 0, Sum: 0, Workers: 4
[3568.965s][debug][gc,phases      ] GC(159)     Total                          Min: 0, Avg:  0.0, Max: 0, Diff: 0, Sum: 0, Workers: 4
[3568.965s][debug][gc,phases      ] GC(159) Weak Processing 0.353ms
[3568.965s][debug][gc,age         ] GC(159) Desired survivor size 26738688 bytes, new threshold 15 (max threshold 15)
[3568.965s][info ][gc,heap        ] GC(159) PSYoungGen: 2047889K(2070016K)->4880K(2071040K) Eden: 2042880K(2042880K)->0K(2044416K) From: 5009K(27136K)->4880K(26624K)
[3568.965s][info ][gc,heap        ] GC(159) ParOldGen: 473404K(559616K)->473508K(559616K)
[3568.965s][info ][gc,metaspace   ] GC(159) Metaspace: 85822K(86784K)->85822K(86784K) NonClass: 73854K(74368K)->73854K(74368K) Class: 11968K(12416K)->11968K(12416K)
[3568.965s][info ][gc             ] GC(159) Pause Young (Allocation Failure) 2462M->467M(2569M) 3.563ms
[3568.965s][info ][gc,cpu         ] GC(159) User=0.01s Sys=0.00s Real=0.01s
[3568.965s][info ][safepoint      ] Safepoint "ParallelGCFailedAllocation", Time since last: 15669893136 ns, Reaching safepoint: 43100 ns, At safepoint: 3671478 ns, Total: 3714578 ns
[3584.966s][info ][safepoint      ] Safepoint "Cleanup", Time since last: 16001045804 ns, Reaching safepoint: 42901 ns, At safepoint: 7600 ns, Total: 50501 ns
[3591.966s][info ][safepoint      ] Safepoint "Cleanup", Time since last: 7000486189 ns, Reaching safepoint: 48701 ns, At safepoint: 4600 ns, Total: 53301 ns
[3595.967s][info ][safepoint      ] Safepoint "Cleanup", Time since last: 4000273550 ns, Reaching safepoint: 44501 ns, At safepoint: 6900 ns, Total: 51401 ns
[3602.967s][info ][safepoint      ] Safepoint "Cleanup", Time since last: 7000497347 ns, Reaching safepoint: 57501 ns, At safepoint: 8801 ns, Total: 66302 ns
[3618.968s][info ][safepoint      ] Safepoint "Cleanup", Time since last: 16001033100 ns, Reaching safepoint: 90202 ns, At safepoint: 6700 ns, Total: 96902 ns
[3621.969s][info ][safepoint      ] Safepoint "Cleanup", Time since last: 3000243461 ns, Reaching safepoint: 50301 ns, At safepoint: 3000 ns, Total: 53301 ns
[3631.970s][info ][safepoint      ] Safepoint "Cleanup", Time since last: 10000728663 ns, Reaching safepoint: 59301 ns, At safepoint: 8800 ns, Total: 68101 ns
[3633.970s][info ][safepoint      ] Safepoint "Cleanup", Time since last: 2000170175 ns, Reaching safepoint: 44200 ns, At safepoint: 2900 ns, Total: 47100 ns
[3640.009s][info ][gc,start       ] GC(160) Pause Young (Allocation Failure)
[3640.012s][debug][gc,phases      ] GC(160) Scavenge 2.902ms
[3640.012s][debug][gc,ref         ] GC(160) Skipped phase 1 of Reference Processing: no references
[3640.012s][debug][gc,ref         ] GC(160) ReferenceProcessor::execute queues: 1, RefProcThreadModel::Single, marks_oops_alive: false
[3640.012s][debug][gc,ref         ] GC(160) Skipped phase 3 of Reference Processing: no references
[3640.012s][debug][gc,ref         ] GC(160) ReferenceProcessor::execute queues: 1, RefProcThreadModel::Single, marks_oops_alive: false
[3640.012s][debug][gc,phases      ] GC(160) Reference Processing 0.150ms
[3640.012s][debug][gc,phases      ] GC(160)   VM Weak                        Min:  0.0, Avg:  0.0, Max:  0.0, Diff:  0.0, Sum:  0.0, Workers: 4
[3640.012s][debug][gc,phases      ] GC(160)     Dead                           Min: 0, Avg:  0.0, Max: 0, Diff: 0, Sum: 0, Workers: 4
[3640.012s][debug][gc,phases      ] GC(160)     Total                          Min: 0, Avg: 192.0, Max: 576, Diff: 576, Sum: 768, Workers: 4
[3640.012s][debug][gc,phases      ] GC(160)   ObjectSynchronizer Weak        Min:  0.0, Avg:  0.0, Max:  0.0, Diff:  0.0, Sum:  0.0, Workers: 4
[3640.012s][debug][gc,phases      ] GC(160)     Dead                           Min: 0, Avg:  0.0, Max: 0, Diff: 0, Sum: 0, Workers: 4
[3640.012s][debug][gc,phases      ] GC(160)     Total                          Min: 0, Avg: 62.2, Max: 128, Diff: 128, Sum: 249, Workers: 4
[3640.012s][debug][gc,phases      ] GC(160)   JVMTI Tag Weak OopStorage      Min:  0.0, Avg:  0.0, Max:  0.0, Diff:  0.0, Sum:  0.0, Workers: 4
[3640.012s][debug][gc,phases      ] GC(160)     Dead                           Min: 0, Avg:  0.0, Max: 0, Diff: 0, Sum: 0, Workers: 4
[3640.012s][debug][gc,phases      ] GC(160)     Total                          Min: 0, Avg:  0.0, Max: 0, Diff: 0, Sum: 0, Workers: 4
[3640.012s][debug][gc,phases      ] GC(160)   StringTable Weak               Min:  0.1, Avg:  0.1, Max:  0.1, Diff:  0.0, Sum:  0.5, Workers: 4
[3640.012s][debug][gc,phases      ] GC(160)     Dead                           Min: 0, Avg:  0.0, Max: 0, Diff: 0, Sum: 0, Workers: 4
[3640.012s][debug][gc,phases      ] GC(160)     Total                          Min: 12032, Avg: 12246.2, Max: 12416, Diff: 384, Sum: 48985, Workers: 4
[3640.012s][debug][gc,phases      ] GC(160)   ResolvedMethodTable Weak       Min:  0.0, Avg:  0.0, Max:  0.0, Diff:  0.0, Sum:  0.1, Workers: 4
[3640.012s][debug][gc,phases      ] GC(160)     Dead                           Min: 0, Avg:  0.0, Max: 0, Diff: 0, Sum: 0, Workers: 4
[3640.012s][debug][gc,phases      ] GC(160)     Total                          Min: 2176, Avg: 2224.0, Max: 2304, Diff: 128, Sum: 8896, Workers: 4
[3640.012s][debug][gc,phases      ] GC(160)   JNI Weak                       Min:  0.0, Avg:  0.0, Max:  0.0, Diff:  0.0, Sum:  0.0, Workers: 4
[3640.012s][debug][gc,phases      ] GC(160)     Dead                           Min: 0, Avg:  0.0, Max: 0, Diff: 0, Sum: 0, Workers: 4
[3640.012s][debug][gc,phases      ] GC(160)     Total                          Min: 0, Avg:  0.0, Max: 0, Diff: 0, Sum: 0, Workers: 4
[3640.012s][debug][gc,phases      ] GC(160)   StringDedup Table Weak         Min:  0.0, Avg:  0.0, Max:  0.0, Diff:  0.0, Sum:  0.0, Workers: 4
[3640.012s][debug][gc,phases      ] GC(160)     Dead                           Min: 0, Avg:  0.0, Max: 0, Diff: 0, Sum: 0, Workers: 4
[3640.012s][debug][gc,phases      ] GC(160)     Total                          Min: 0, Avg:  0.0, Max: 0, Diff: 0, Sum: 0, Workers: 4
[3640.012s][debug][gc,phases      ] GC(160)   StringDedup Requests0 Weak     Min:  0.0, Avg:  0.0, Max:  0.0, Diff:  0.0, Sum:  0.0, Workers: 4
[3640.012s][debug][gc,phases      ] GC(160)     Dead                           Min: 0, Avg:  0.0, Max: 0, Diff: 0, Sum: 0, Workers: 4
[3640.012s][debug][gc,phases      ] GC(160)     Total                          Min: 0, Avg:  0.0, Max: 0, Diff: 0, Sum: 0, Workers: 4
[3640.012s][debug][gc,phases      ] GC(160)   StringDedup Requests1 Weak     Min:  0.0, Avg:  0.0, Max:  0.0, Diff:  0.0, Sum:  0.0, Workers: 4
[3640.012s][debug][gc,phases      ] GC(160)     Dead                           Min: 0, Avg:  0.0, Max: 0, Diff: 0, Sum: 0, Workers: 4
[3640.012s][debug][gc,phases      ] GC(160)     Total                          Min: 0, Avg:  0.0, Max: 0, Diff: 0, Sum: 0, Workers: 4
[3640.012s][debug][gc,phases      ] GC(160)   Weak JFR Old Object Samples    Min:  0.0, Avg:  0.0, Max:  0.0, Diff:  0.0, Sum:  0.0, Workers: 4
[3640.012s][debug][gc,phases      ] GC(160)     Dead                           Min: 0, Avg:  0.0, Max: 0, Diff: 0, Sum: 0, Workers: 4
[3640.012s][debug][gc,phases      ] GC(160)     Total                          Min: 0, Avg:  0.0, Max: 0, Diff: 0, Sum: 0, Workers: 4
[3640.012s][debug][gc,phases      ] GC(160) Weak Processing 0.412ms
[3640.012s][debug][gc,age         ] GC(160) Desired survivor size 26214400 bytes, new threshold 15 (max threshold 15)
[3640.012s][info ][gc,heap        ] GC(160) PSYoungGen: 2049296K(2071040K)->5040K(2070528K) Eden: 2044416K(2044416K)->0K(2044416K) From: 4880K(26624K)->5040K(26112K)
[3640.012s][info ][gc,heap        ] GC(160) ParOldGen: 473508K(559616K)->473548K(559616K)
[3640.012s][info ][gc,metaspace   ] GC(160) Metaspace: 85848K(86784K)->85848K(86784K) NonClass: 73875K(74368K)->73875K(74368K) Class: 11973K(12416K)->11973K(12416K)
[3640.012s][info ][gc             ] GC(160) Pause Young (Allocation Failure) 2463M->467M(2568M) 3.655ms
[3640.012s][info ][gc,cpu         ] GC(160) User=0.01s Sys=0.00s Real=0.01s
[3640.012s][info ][safepoint      ] Safepoint "ParallelGCFailedAllocation", Time since last: 6038693599 ns, Reaching safepoint: 38101 ns, At safepoint: 3758374 ns, Total: 3796475 ns
[3655.013s][info ][safepoint      ] Safepoint "Cleanup", Time since last: 15000861604 ns, Reaching safepoint: 46801 ns, At safepoint: 4300 ns, Total: 51101 ns
[3659.014s][info ][safepoint      ] Safepoint "Cleanup", Time since last: 4000308991 ns, Reaching safepoint: 44001 ns, At safepoint: 6600 ns, Total: 50601 ns
[3664.014s][info ][safepoint      ] Safepoint "Cleanup", Time since last: 5000338142 ns, Reaching safepoint: 54101 ns, At safepoint: 6500 ns, Total: 60601 ns
[3666.014s][info ][safepoint      ] Safepoint "Cleanup", Time since last: 2000188647 ns, Reaching safepoint: 51801 ns, At safepoint: 4300 ns, Total: 56101 ns
[3672.015s][info ][safepoint      ] Safepoint "Cleanup", Time since last: 6000450096 ns, Reaching safepoint: 67601 ns, At safepoint: 5900 ns, Total: 73501 ns
[3673.015s][info ][safepoint      ] Safepoint "Cleanup", Time since last: 1000106286 ns, Reaching safepoint: 41701 ns, At safepoint: 2600 ns, Total: 44301 ns
[3683.016s][info ][safepoint      ] Safepoint "Cleanup", Time since last: 10000657349 ns, Reaching safepoint: 51301 ns, At safepoint: 5200 ns, Total: 56501 ns
[3684.016s][info ][safepoint      ] Safepoint "Cleanup", Time since last: 1000126387 ns, Reaching safepoint: 121502 ns, At safepoint: 5900 ns, Total: 127402 ns
[3685.016s][info ][safepoint      ] Safepoint "Cleanup", Time since last: 1000124169 ns, Reaching safepoint: 32201 ns, At safepoint: 7400 ns, Total: 39601 ns
[3694.017s][info ][safepoint      ] Safepoint "Cleanup", Time since last: 9000644413 ns, Reaching safepoint: 69401 ns, At safepoint: 5401 ns, Total: 74802 ns
[3702.017s][info ][safepoint      ] Safepoint "Cleanup", Time since last: 8000566940 ns, Reaching safepoint: 29401 ns, At safepoint: 28700 ns, Total: 58101 ns
[3707.053s][info ][gc,start       ] GC(161) Pause Young (Allocation Failure)
[3707.056s][debug][gc,phases      ] GC(161) Scavenge 2.841ms
[3707.056s][debug][gc,ref         ] GC(161) Skipped phase 1 of Reference Processing: no references
[3707.056s][debug][gc,ref         ] GC(161) ReferenceProcessor::execute queues: 1, RefProcThreadModel::Single, marks_oops_alive: false
[3707.057s][debug][gc,ref         ] GC(161) ReferenceProcessor::execute queues: 4, RefProcThreadModel::Multi, marks_oops_alive: true
[3707.057s][debug][gc,ref         ] GC(161) ReferenceProcessor::execute queues: 1, RefProcThreadModel::Single, marks_oops_alive: false
[3707.057s][debug][gc,phases      ] GC(161) Reference Processing 0.203ms
[3707.057s][debug][gc,phases      ] GC(161)   VM Weak                        Min:  0.0, Avg:  0.0, Max:  0.0, Diff:  0.0, Sum:  0.0, Workers: 4
[3707.057s][debug][gc,phases      ] GC(161)     Dead                           Min: 0, Avg:  0.0, Max: 0, Diff: 0, Sum: 0, Workers: 4
[3707.057s][debug][gc,phases      ] GC(161)     Total                          Min: 0, Avg: 192.0, Max: 448, Diff: 448, Sum: 768, Workers: 4
[3707.057s][debug][gc,phases      ] GC(161)   ObjectSynchronizer Weak        Min:  0.0, Avg:  0.0, Max:  0.0, Diff:  0.0, Sum:  0.0, Workers: 4
[3707.057s][debug][gc,phases      ] GC(161)     Dead                           Min: 0, Avg:  0.0, Max: 0, Diff: 0, Sum: 0, Workers: 4
[3707.057s][debug][gc,phases      ] GC(161)     Total                          Min: 0, Avg: 62.2, Max: 128, Diff: 128, Sum: 249, Workers: 4
[3707.057s][debug][gc,phases      ] GC(161)   JVMTI Tag Weak OopStorage      Min:  0.0, Avg:  0.0, Max:  0.0, Diff:  0.0, Sum:  0.0, Workers: 4
[3707.057s][debug][gc,phases      ] GC(161)     Dead                           Min: 0, Avg:  0.0, Max: 0, Diff: 0, Sum: 0, Workers: 4
[3707.057s][debug][gc,phases      ] GC(161)     Total                          Min: 0, Avg:  0.0, Max: 0, Diff: 0, Sum: 0, Workers: 4
[3707.057s][debug][gc,phases      ] GC(161)   StringTable Weak               Min:  0.1, Avg:  0.1, Max:  0.1, Diff:  0.0, Sum:  0.4, Workers: 4
[3707.057s][debug][gc,phases      ] GC(161)     Dead                           Min: 0, Avg:  0.0, Max: 0, Diff: 0, Sum: 0, Workers: 4
[3707.057s][debug][gc,phases      ] GC(161)     Total                          Min: 12032, Avg: 12246.8, Max: 12800, Diff: 768, Sum: 48987, Workers: 4
[3707.057s][debug][gc,phases      ] GC(161)   ResolvedMethodTable Weak       Min:  0.0, Avg:  0.0, Max:  0.0, Diff:  0.0, Sum:  0.1, Workers: 4
[3707.057s][debug][gc,phases      ] GC(161)     Dead                           Min: 0, Avg:  0.0, Max: 0, Diff: 0, Sum: 0, Workers: 4
[3707.057s][debug][gc,phases      ] GC(161)     Total                          Min: 2048, Avg: 2224.0, Max: 2432, Diff: 384, Sum: 8896, Workers: 4
[3707.057s][debug][gc,phases      ] GC(161)   JNI Weak                       Min:  0.0, Avg:  0.0, Max:  0.0, Diff:  0.0, Sum:  0.0, Workers: 4
[3707.057s][debug][gc,phases      ] GC(161)     Dead                           Min: 0, Avg:  0.0, Max: 0, Diff: 0, Sum: 0, Workers: 4
[3707.057s][debug][gc,phases      ] GC(161)     Total                          Min: 0, Avg:  0.0, Max: 0, Diff: 0, Sum: 0, Workers: 4
[3707.057s][debug][gc,phases      ] GC(161)   StringDedup Table Weak         Min:  0.0, Avg:  0.0, Max:  0.0, Diff:  0.0, Sum:  0.0, Workers: 4
[3707.057s][debug][gc,phases      ] GC(161)     Dead                           Min: 0, Avg:  0.0, Max: 0, Diff: 0, Sum: 0, Workers: 4
[3707.057s][debug][gc,phases      ] GC(161)     Total                          Min: 0, Avg:  0.0, Max: 0, Diff: 0, Sum: 0, Workers: 4
[3707.057s][debug][gc,phases      ] GC(161)   StringDedup Requests0 Weak     Min:  0.0, Avg:  0.0, Max:  0.0, Diff:  0.0, Sum:  0.0, Workers: 4
[3707.057s][debug][gc,phases      ] GC(161)     Dead                           Min: 0, Avg:  0.0, Max: 0, Diff: 0, Sum: 0, Workers: 4
[3707.057s][debug][gc,phases      ] GC(161)     Total                          Min: 0, Avg:  0.0, Max: 0, Diff: 0, Sum: 0, Workers: 4
[3707.057s][debug][gc,phases      ] GC(161)   StringDedup Requests1 Weak     Min:  0.0, Avg:  0.0, Max:  0.0, Diff:  0.0, Sum:  0.0, Workers: 4
[3707.057s][debug][gc,phases      ] GC(161)     Dead                           Min: 0, Avg:  0.0, Max: 0, Diff: 0, Sum: 0, Workers: 4
[3707.057s][debug][gc,phases      ] GC(161)     Total                          Min: 0, Avg:  0.0, Max: 0, Diff: 0, Sum: 0, Workers: 4
[3707.057s][debug][gc,phases      ] GC(161)   Weak JFR Old Object Samples    Min:  0.0, Avg:  0.0, Max:  0.0, Diff:  0.0, Sum:  0.0, Workers: 4
[3707.057s][debug][gc,phases      ] GC(161)     Dead                           Min: 0, Avg:  0.0, Max: 0, Diff: 0, Sum: 0, Workers: 4
[3707.057s][debug][gc,phases      ] GC(161)     Total                          Min: 0, Avg:  0.0, Max: 0, Diff: 0, Sum: 0, Workers: 4
[3707.057s][debug][gc,phases      ] GC(161) Weak Processing 0.330ms
[3707.057s][debug][gc,age         ] GC(161) Desired survivor size 25690112 bytes, new threshold 15 (max threshold 15)
[3707.057s][info ][gc,heap        ] GC(161) PSYoungGen: 2049456K(2070528K)->5024K(2072064K) Eden: 2044416K(2044416K)->0K(2046464K) From: 5040K(26112K)->5024K(25600K)
[3707.057s][info ][gc,heap        ] GC(161) ParOldGen: 473548K(559616K)->473692K(559616K)
[3707.057s][info ][gc,metaspace   ] GC(161) Metaspace: 85867K(86784K)->85867K(86784K) NonClass: 73893K(74368K)->73893K(74368K) Class: 11973K(12416K)->11973K(12416K)
[3707.057s][info ][gc             ] GC(161) Pause Young (Allocation Failure) 2463M->467M(2570M) 3.505ms
[3707.057s][info ][gc,cpu         ] GC(161) User=0.01s Sys=0.00s Real=0.00s
[3707.057s][info ][safepoint      ] Safepoint "ParallelGCFailedAllocation", Time since last: 5035995743 ns, Reaching safepoint: 115702 ns, At safepoint: 3593367 ns, Total: 3709069 ns
[3717.058s][info ][safepoint      ] Safepoint "Cleanup", Time since last: 10000615189 ns, Reaching safepoint: 52101 ns, At safepoint: 7700 ns, Total: 59801 ns
[3721.058s][info ][safepoint      ] Safepoint "Cleanup", Time since last: 4000320987 ns, Reaching safepoint: 109202 ns, At safepoint: 7700 ns, Total: 116902 ns
[3733.059s][info ][safepoint      ] Safepoint "Cleanup", Time since last: 12000819967 ns, Reaching safepoint: 62401 ns, At safepoint: 32700 ns, Total: 95101 ns
[3745.060s][info ][safepoint      ] Safepoint "Cleanup", Time since last: 12000870029 ns, Reaching safepoint: 58901 ns, At safepoint: 6000 ns, Total: 64901 ns
[3761.061s][info ][safepoint      ] Safepoint "Cleanup", Time since last: 16001043956 ns, Reaching safepoint: 62301 ns, At safepoint: 3900 ns, Total: 66201 ns
[3766.062s][info ][safepoint      ] Safepoint "Cleanup", Time since last: 5000380399 ns, Reaching safepoint: 48101 ns, At safepoint: 28700 ns, Total: 76801 ns
[3773.157s][info ][gc,start       ] GC(162) Pause Young (Allocation Failure)
[3773.159s][debug][gc,phases      ] GC(162) Scavenge 2.620ms
[3773.159s][debug][gc,ref         ] GC(162) Skipped phase 1 of Reference Processing: no references
[3773.159s][debug][gc,ref         ] GC(162) ReferenceProcessor::execute queues: 1, RefProcThreadModel::Single, marks_oops_alive: false
[3773.159s][debug][gc,ref         ] GC(162) Skipped phase 3 of Reference Processing: no references
[3773.159s][debug][gc,ref         ] GC(162) ReferenceProcessor::execute queues: 1, RefProcThreadModel::Single, marks_oops_alive: false
[3773.159s][debug][gc,phases      ] GC(162) Reference Processing 0.121ms
[3773.160s][debug][gc,phases      ] GC(162)   VM Weak                        Min:  0.0, Avg:  0.0, Max:  0.0, Diff:  0.0, Sum:  0.0, Workers: 4
[3773.160s][debug][gc,phases      ] GC(162)     Dead                           Min: 0, Avg:  0.0, Max: 0, Diff: 0, Sum: 0, Workers: 4
[3773.160s][debug][gc,phases      ] GC(162)     Total                          Min: 0, Avg: 192.0, Max: 448, Diff: 448, Sum: 768, Workers: 4
[3773.160s][debug][gc,phases      ] GC(162)   ObjectSynchronizer Weak        Min:  0.0, Avg:  0.0, Max:  0.0, Diff:  0.0, Sum:  0.0, Workers: 4
[3773.160s][debug][gc,phases      ] GC(162)     Dead                           Min: 0, Avg:  0.0, Max: 0, Diff: 0, Sum: 0, Workers: 4
[3773.160s][debug][gc,phases      ] GC(162)     Total                          Min: 0, Avg: 62.2, Max: 128, Diff: 128, Sum: 249, Workers: 4
[3773.160s][debug][gc,phases      ] GC(162)   JVMTI Tag Weak OopStorage      Min:  0.0, Avg:  0.0, Max:  0.0, Diff:  0.0, Sum:  0.0, Workers: 4
[3773.160s][debug][gc,phases      ] GC(162)     Dead                           Min: 0, Avg:  0.0, Max: 0, Diff: 0, Sum: 0, Workers: 4
[3773.160s][debug][gc,phases      ] GC(162)     Total                          Min: 0, Avg:  0.0, Max: 0, Diff: 0, Sum: 0, Workers: 4
[3773.160s][debug][gc,phases      ] GC(162)   StringTable Weak               Min:  0.1, Avg:  0.1, Max:  0.1, Diff:  0.0, Sum:  0.4, Workers: 4
[3773.160s][debug][gc,phases      ] GC(162)     Dead                           Min: 0, Avg:  0.0, Max: 0, Diff: 0, Sum: 0, Workers: 4
[3773.160s][debug][gc,phases      ] GC(162)     Total                          Min: 11419, Avg: 12246.8, Max: 12864, Diff: 1445, Sum: 48987, Workers: 4
[3773.160s][debug][gc,phases      ] GC(162)   ResolvedMethodTable Weak       Min:  0.0, Avg:  0.0, Max:  0.0, Diff:  0.0, Sum:  0.1, Workers: 4
[3773.160s][debug][gc,phases      ] GC(162)     Dead                           Min: 0, Avg:  0.0, Max: 0, Diff: 0, Sum: 0, Workers: 4
[3773.160s][debug][gc,phases      ] GC(162)     Total                          Min: 1984, Avg: 2224.0, Max: 2432, Diff: 448, Sum: 8896, Workers: 4
[3773.160s][debug][gc,phases      ] GC(162)   JNI Weak                       Min:  0.0, Avg:  0.0, Max:  0.0, Diff:  0.0, Sum:  0.0, Workers: 4
[3773.160s][debug][gc,phases      ] GC(162)     Dead                           Min: 0, Avg:  0.0, Max: 0, Diff: 0, Sum: 0, Workers: 4
[3773.160s][debug][gc,phases      ] GC(162)     Total                          Min: 0, Avg:  0.0, Max: 0, Diff: 0, Sum: 0, Workers: 4
[3773.160s][debug][gc,phases      ] GC(162)   StringDedup Table Weak         Min:  0.0, Avg:  0.0, Max:  0.0, Diff:  0.0, Sum:  0.0, Workers: 4
[3773.160s][debug][gc,phases      ] GC(162)     Dead                           Min: 0, Avg:  0.0, Max: 0, Diff: 0, Sum: 0, Workers: 4
[3773.160s][debug][gc,phases      ] GC(162)     Total                          Min: 0, Avg:  0.0, Max: 0, Diff: 0, Sum: 0, Workers: 4
[3773.160s][debug][gc,phases      ] GC(162)   StringDedup Requests0 Weak     Min:  0.0, Avg:  0.0, Max:  0.0, Diff:  0.0, Sum:  0.0, Workers: 4
[3773.160s][debug][gc,phases      ] GC(162)     Dead                           Min: 0, Avg:  0.0, Max: 0, Diff: 0, Sum: 0, Workers: 4
[3773.160s][debug][gc,phases      ] GC(162)     Total                          Min: 0, Avg:  0.0, Max: 0, Diff: 0, Sum: 0, Workers: 4
[3773.160s][debug][gc,phases      ] GC(162)   StringDedup Requests1 Weak     Min:  0.0, Avg:  0.0, Max:  0.0, Diff:  0.0, Sum:  0.0, Workers: 4
[3773.160s][debug][gc,phases      ] GC(162)     Dead                           Min: 0, Avg:  0.0, Max: 0, Diff: 0, Sum: 0, Workers: 4
[3773.160s][debug][gc,phases      ] GC(162)     Total                          Min: 0, Avg:  0.0, Max: 0, Diff: 0, Sum: 0, Workers: 4
[3773.160s][debug][gc,phases      ] GC(162)   Weak JFR Old Object Samples    Min:  0.0, Avg:  0.0, Max:  0.0, Diff:  0.0, Sum:  0.0, Workers: 4
[3773.160s][debug][gc,phases      ] GC(162)     Dead                           Min: 0, Avg:  0.0, Max: 0, Diff: 0, Sum: 0, Workers: 4
[3773.160s][debug][gc,phases      ] GC(162)     Total                          Min: 0, Avg:  0.0, Max: 0, Diff: 0, Sum: 0, Workers: 4
[3773.160s][debug][gc,phases      ] GC(162) Weak Processing 0.333ms
[3773.160s][debug][gc,age         ] GC(162) Desired survivor size 25165824 bytes, new threshold 15 (max threshold 15)
[3773.160s][info ][gc,heap        ] GC(162) PSYoungGen: 2051488K(2072064K)->4848K(2071552K) Eden: 2046464K(2046464K)->0K(2046464K) From: 5024K(25600K)->4848K(25088K)
[3773.160s][info ][gc,heap        ] GC(162) ParOldGen: 473692K(559616K)->473808K(559616K)
[3773.160s][info ][gc,metaspace   ] GC(162) Metaspace: 85874K(86848K)->85874K(86848K) NonClass: 73901K(74432K)->73901K(74432K) Class: 11973K(12416K)->11973K(12416K)
[3773.160s][info ][gc             ] GC(162) Pause Young (Allocation Failure) 2465M->467M(2569M) 3.213ms
[3773.160s][info ][gc,cpu         ] GC(162) User=0.01s Sys=0.00s Real=0.00s
[3773.160s][info ][safepoint      ] Safepoint "ParallelGCFailedAllocation", Time since last: 7094920815 ns, Reaching safepoint: 34700 ns, At safepoint: 3290057 ns, Total: 3324757 ns
[3778.160s][info ][safepoint      ] Safepoint "Cleanup", Time since last: 5000307783 ns, Reaching safepoint: 42400 ns, At safepoint: 3601 ns, Total: 46001 ns
[3781.161s][info ][safepoint      ] Safepoint "Cleanup", Time since last: 3000258852 ns, Reaching safepoint: 59301 ns, At safepoint: 6200 ns, Total: 65501 ns
[3782.161s][info ][safepoint      ] Safepoint "Cleanup", Time since last: 1000120688 ns, Reaching safepoint: 49801 ns, At safepoint: 4500 ns, Total: 54301 ns
[3788.161s][info ][safepoint      ] Safepoint "Cleanup", Time since last: 6000475917 ns, Reaching safepoint: 58401 ns, At safepoint: 4200 ns, Total: 62601 ns
[3790.161s][info ][safepoint      ] Safepoint "Cleanup", Time since last: 2000167655 ns, Reaching safepoint: 49101 ns, At safepoint: 3400 ns, Total: 52501 ns
[3791.162s][info ][safepoint      ] Safepoint "Cleanup", Time since last: 1000118757 ns, Reaching safepoint: 47700 ns, At safepoint: 8501 ns, Total: 56201 ns
[3799.162s][info ][safepoint      ] Safepoint "Cleanup", Time since last: 8000560725 ns, Reaching safepoint: 58101 ns, At safepoint: 32300 ns, Total: 90401 ns
[3806.163s][info ][safepoint      ] Safepoint "Cleanup", Time since last: 7000397384 ns, Reaching safepoint: 63001 ns, At safepoint: 3400 ns, Total: 66401 ns
[3807.163s][info ][safepoint      ] Safepoint "Cleanup", Time since last: 1000099127 ns, Reaching safepoint: 43101 ns, At safepoint: 3100 ns, Total: 46201 ns
[3809.163s][info ][safepoint      ] Safepoint "Cleanup", Time since last: 2000183812 ns, Reaching safepoint: 39401 ns, At safepoint: 4200 ns, Total: 43601 ns
[3811.163s][info ][safepoint      ] Safepoint "Cleanup", Time since last: 2000169856 ns, Reaching safepoint: 51201 ns, At safepoint: 15300 ns, Total: 66501 ns
[3812.164s][info ][safepoint      ] Safepoint "Cleanup", Time since last: 1000116558 ns, Reaching safepoint: 52801 ns, At safepoint: 10100 ns, Total: 62901 ns
[3814.164s][info ][safepoint      ] Safepoint "Cleanup", Time since last: 2000172073 ns, Reaching safepoint: 50501 ns, At safepoint: 11400 ns, Total: 61901 ns
[3816.164s][info ][safepoint      ] Safepoint "Cleanup", Time since last: 2000163417 ns, Reaching safepoint: 33001 ns, At safepoint: 3400 ns, Total: 36401 ns
[3836.165s][info ][safepoint      ] Safepoint "Cleanup", Time since last: 20001332162 ns, Reaching safepoint: 59001 ns, At safepoint: 6700 ns, Total: 65701 ns
[3838.166s][info ][safepoint      ] Safepoint "Cleanup", Time since last: 2000190522 ns, Reaching safepoint: 52601 ns, At safepoint: 8100 ns, Total: 60701 ns
[3840.456s][info ][gc,start       ] GC(163) Pause Young (Allocation Failure)
[3840.460s][debug][gc,phases      ] GC(163) Scavenge 3.668ms
[3840.460s][debug][gc,ref         ] GC(163) Skipped phase 1 of Reference Processing: no references
[3840.460s][debug][gc,ref         ] GC(163) ReferenceProcessor::execute queues: 1, RefProcThreadModel::Single, marks_oops_alive: false
[3840.460s][debug][gc,ref         ] GC(163) Skipped phase 3 of Reference Processing: no references
[3840.460s][debug][gc,ref         ] GC(163) ReferenceProcessor::execute queues: 1, RefProcThreadModel::Single, marks_oops_alive: false
[3840.460s][debug][gc,phases      ] GC(163) Reference Processing 0.134ms
[3840.460s][debug][gc,phases      ] GC(163)   VM Weak                        Min:  0.0, Avg:  0.0, Max:  0.0, Diff:  0.0, Sum:  0.0, Workers: 4
[3840.460s][debug][gc,phases      ] GC(163)     Dead                           Min: 0, Avg:  0.0, Max: 0, Diff: 0, Sum: 0, Workers: 4
[3840.460s][debug][gc,phases      ] GC(163)     Total                          Min: 0, Avg: 192.0, Max: 512, Diff: 512, Sum: 768, Workers: 4
[3840.460s][debug][gc,phases      ] GC(163)   ObjectSynchronizer Weak        Min:  0.0, Avg:  0.0, Max:  0.0, Diff:  0.0, Sum:  0.0, Workers: 4
[3840.460s][debug][gc,phases      ] GC(163)     Dead                           Min: 0, Avg:  0.0, Max: 0, Diff: 0, Sum: 0, Workers: 4
[3840.460s][debug][gc,phases      ] GC(163)     Total                          Min: 0, Avg: 62.2, Max: 128, Diff: 128, Sum: 249, Workers: 4
[3840.460s][debug][gc,phases      ] GC(163)   JVMTI Tag Weak OopStorage      Min:  0.0, Avg:  0.0, Max:  0.0, Diff:  0.0, Sum:  0.0, Workers: 4
[3840.460s][debug][gc,phases      ] GC(163)     Dead                           Min: 0, Avg:  0.0, Max: 0, Diff: 0, Sum: 0, Workers: 4
[3840.460s][debug][gc,phases      ] GC(163)     Total                          Min: 0, Avg:  0.0, Max: 0, Diff: 0, Sum: 0, Workers: 4
[3840.460s][debug][gc,phases      ] GC(163)   StringTable Weak               Min:  0.1, Avg:  0.1, Max:  0.1, Diff:  0.0, Sum:  0.5, Workers: 4
[3840.460s][debug][gc,phases      ] GC(163)     Dead                           Min: 0, Avg:  0.0, Max: 0, Diff: 0, Sum: 0, Workers: 4
[3840.460s][debug][gc,phases      ] GC(163)     Total                          Min: 11968, Avg: 12249.8, Max: 12736, Diff: 768, Sum: 48999, Workers: 4
[3840.460s][debug][gc,phases      ] GC(163)   ResolvedMethodTable Weak       Min:  0.0, Avg:  0.0, Max:  0.0, Diff:  0.0, Sum:  0.1, Workers: 4
[3840.460s][debug][gc,phases      ] GC(163)     Dead                           Min: 0, Avg:  0.0, Max: 0, Diff: 0, Sum: 0, Workers: 4
[3840.460s][debug][gc,phases      ] GC(163)     Total                          Min: 2112, Avg: 2224.5, Max: 2432, Diff: 320, Sum: 8898, Workers: 4
[3840.460s][debug][gc,phases      ] GC(163)   JNI Weak                       Min:  0.0, Avg:  0.0, Max:  0.0, Diff:  0.0, Sum:  0.0, Workers: 4
[3840.460s][debug][gc,phases      ] GC(163)     Dead                           Min: 0, Avg:  0.0, Max: 0, Diff: 0, Sum: 0, Workers: 4
[3840.460s][debug][gc,phases      ] GC(163)     Total                          Min: 0, Avg:  0.0, Max: 0, Diff: 0, Sum: 0, Workers: 4
[3840.460s][debug][gc,phases      ] GC(163)   StringDedup Table Weak         Min:  0.0, Avg:  0.0, Max:  0.0, Diff:  0.0, Sum:  0.0, Workers: 4
[3840.460s][debug][gc,phases      ] GC(163)     Dead                           Min: 0, Avg:  0.0, Max: 0, Diff: 0, Sum: 0, Workers: 4
[3840.460s][debug][gc,phases      ] GC(163)     Total                          Min: 0, Avg:  0.0, Max: 0, Diff: 0, Sum: 0, Workers: 4
[3840.460s][debug][gc,phases      ] GC(163)   StringDedup Requests0 Weak     Min:  0.0, Avg:  0.0, Max:  0.0, Diff:  0.0, Sum:  0.0, Workers: 4
[3840.460s][debug][gc,phases      ] GC(163)     Dead                           Min: 0, Avg:  0.0, Max: 0, Diff: 0, Sum: 0, Workers: 4
[3840.460s][debug][gc,phases      ] GC(163)     Total                          Min: 0, Avg:  0.0, Max: 0, Diff: 0, Sum: 0, Workers: 4
[3840.460s][debug][gc,phases      ] GC(163)   StringDedup Requests1 Weak     Min:  0.0, Avg:  0.0, Max:  0.0, Diff:  0.0, Sum:  0.0, Workers: 4
[3840.460s][debug][gc,phases      ] GC(163)     Dead                           Min: 0, Avg:  0.0, Max: 0, Diff: 0, Sum: 0, Workers: 4
[3840.460s][debug][gc,phases      ] GC(163)     Total                          Min: 0, Avg:  0.0, Max: 0, Diff: 0, Sum: 0, Workers: 4
[3840.460s][debug][gc,phases      ] GC(163)   Weak JFR Old Object Samples    Min:  0.0, Avg:  0.0, Max:  0.0, Diff:  0.0, Sum:  0.0, Workers: 4
[3840.460s][debug][gc,phases      ] GC(163)     Dead                           Min: 0, Avg:  0.0, Max: 0, Diff: 0, Sum: 0, Workers: 4
[3840.460s][debug][gc,phases      ] GC(163)     Total                          Min: 0, Avg:  0.0, Max: 0, Diff: 0, Sum: 0, Workers: 4
[3840.460s][debug][gc,phases      ] GC(163) Weak Processing 0.356ms
[3840.460s][debug][gc,age         ] GC(163) Desired survivor size 24117248 bytes, new threshold 15 (max threshold 15)
[3840.460s][info ][gc,heap        ] GC(163) PSYoungGen: 2051312K(2071552K)->5264K(2073600K) Eden: 2046464K(2046464K)->0K(2049024K) From: 4848K(25088K)->5264K(24576K)
[3840.460s][info ][gc,heap        ] GC(163) ParOldGen: 473808K(559616K)->473848K(559616K)
[3840.460s][info ][gc,metaspace   ] GC(163) Metaspace: 85892K(86848K)->85892K(86848K) NonClass: 73917K(74432K)->73917K(74432K) Class: 11975K(12416K)->11975K(12416K)
[3840.460s][info ][gc             ] GC(163) Pause Young (Allocation Failure) 2465M->467M(2571M) 4.297ms
[3840.460s][info ][gc,cpu         ] GC(163) User=0.02s Sys=0.00s Real=0.00s
[3840.460s][info ][safepoint      ] Safepoint "ParallelGCFailedAllocation", Time since last: 2290245916 ns, Reaching safepoint: 59901 ns, At safepoint: 4383171 ns, Total: 4443072 ns
[3907.465s][info ][safepoint      ] Safepoint "Cleanup", Time since last: 67004254560 ns, Reaching safepoint: 57201 ns, At safepoint: 12400 ns, Total: 69601 ns
[3911.465s][info ][safepoint      ] Safepoint "Cleanup", Time since last: 4000327068 ns, Reaching safepoint: 40700 ns, At safepoint: 3301 ns, Total: 44001 ns
[3912.128s][info ][safepoint      ] Safepoint "ParallelGCFailedAllocation", Time since last: 662534162 ns, Reaching safepoint: 30800 ns, At safepoint: 9500 ns, Total: 40300 ns
[3912.128s][info ][gc,start       ] GC(164) Pause Young (GCLocker Initiated GC)
[3912.131s][debug][gc,phases      ] GC(164) Scavenge 3.281ms
[3912.131s][debug][gc,ref         ] GC(164) Skipped phase 1 of Reference Processing: no references
[3912.131s][debug][gc,ref         ] GC(164) ReferenceProcessor::execute queues: 1, RefProcThreadModel::Single, marks_oops_alive: false
[3912.131s][debug][gc,ref         ] GC(164) Skipped phase 3 of Reference Processing: no references
[3912.131s][debug][gc,ref         ] GC(164) ReferenceProcessor::execute queues: 1, RefProcThreadModel::Single, marks_oops_alive: false
[3912.131s][debug][gc,phases      ] GC(164) Reference Processing 0.121ms
[3912.132s][debug][gc,phases      ] GC(164)   VM Weak                        Min:  0.0, Avg:  0.0, Max:  0.0, Diff:  0.0, Sum:  0.0, Workers: 4
[3912.132s][debug][gc,phases      ] GC(164)     Dead                           Min: 0, Avg:  0.0, Max: 0, Diff: 0, Sum: 0, Workers: 4
[3912.132s][debug][gc,phases      ] GC(164)     Total                          Min: 0, Avg: 192.0, Max: 448, Diff: 448, Sum: 768, Workers: 4
[3912.132s][debug][gc,phases      ] GC(164)   ObjectSynchronizer Weak        Min:  0.0, Avg:  0.0, Max:  0.0, Diff:  0.0, Sum:  0.0, Workers: 4
[3912.132s][debug][gc,phases      ] GC(164)     Dead                           Min: 0, Avg:  0.0, Max: 0, Diff: 0, Sum: 0, Workers: 4
[3912.132s][debug][gc,phases      ] GC(164)     Total                          Min: 0, Avg: 62.2, Max: 128, Diff: 128, Sum: 249, Workers: 4
[3912.132s][debug][gc,phases      ] GC(164)   JVMTI Tag Weak OopStorage      Min:  0.0, Avg:  0.0, Max:  0.0, Diff:  0.0, Sum:  0.0, Workers: 4
[3912.132s][debug][gc,phases      ] GC(164)     Dead                           Min: 0, Avg:  0.0, Max: 0, Diff: 0, Sum: 0, Workers: 4
[3912.132s][debug][gc,phases      ] GC(164)     Total                          Min: 0, Avg:  0.0, Max: 0, Diff: 0, Sum: 0, Workers: 4
[3912.132s][debug][gc,phases      ] GC(164)   StringTable Weak               Min:  0.1, Avg:  0.1, Max:  0.1, Diff:  0.0, Sum:  0.4, Workers: 4
[3912.132s][debug][gc,phases      ] GC(164)     Dead                           Min: 0, Avg:  0.0, Max: 0, Diff: 0, Sum: 0, Workers: 4
[3912.132s][debug][gc,phases      ] GC(164)     Total                          Min: 11904, Avg: 12249.8, Max: 12672, Diff: 768, Sum: 48999, Workers: 4
[3912.132s][debug][gc,phases      ] GC(164)   ResolvedMethodTable Weak       Min:  0.0, Avg:  0.0, Max:  0.0, Diff:  0.0, Sum:  0.1, Workers: 4
[3912.132s][debug][gc,phases      ] GC(164)     Dead                           Min: 0, Avg:  0.0, Max: 0, Diff: 0, Sum: 0, Workers: 4
[3912.132s][debug][gc,phases      ] GC(164)     Total                          Min: 2112, Avg: 2224.5, Max: 2368, Diff: 256, Sum: 8898, Workers: 4
[3912.132s][debug][gc,phases      ] GC(164)   JNI Weak                       Min:  0.0, Avg:  0.0, Max:  0.0, Diff:  0.0, Sum:  0.0, Workers: 4
[3912.132s][debug][gc,phases      ] GC(164)     Dead                           Min: 0, Avg:  0.0, Max: 0, Diff: 0, Sum: 0, Workers: 4
[3912.132s][debug][gc,phases      ] GC(164)     Total                          Min: 0, Avg:  0.0, Max: 0, Diff: 0, Sum: 0, Workers: 4
[3912.132s][debug][gc,phases      ] GC(164)   StringDedup Table Weak         Min:  0.0, Avg:  0.0, Max:  0.0, Diff:  0.0, Sum:  0.0, Workers: 4
[3912.132s][debug][gc,phases      ] GC(164)     Dead                           Min: 0, Avg:  0.0, Max: 0, Diff: 0, Sum: 0, Workers: 4
[3912.132s][debug][gc,phases      ] GC(164)     Total                          Min: 0, Avg:  0.0, Max: 0, Diff: 0, Sum: 0, Workers: 4
[3912.132s][debug][gc,phases      ] GC(164)   StringDedup Requests0 Weak     Min:  0.0, Avg:  0.0, Max:  0.0, Diff:  0.0, Sum:  0.0, Workers: 4
[3912.132s][debug][gc,phases      ] GC(164)     Dead                           Min: 0, Avg:  0.0, Max: 0, Diff: 0, Sum: 0, Workers: 4
[3912.132s][debug][gc,phases      ] GC(164)     Total                          Min: 0, Avg:  0.0, Max: 0, Diff: 0, Sum: 0, Workers: 4
[3912.132s][debug][gc,phases      ] GC(164)   StringDedup Requests1 Weak     Min:  0.0, Avg:  0.0, Max:  0.0, Diff:  0.0, Sum:  0.0, Workers: 4
[3912.132s][debug][gc,phases      ] GC(164)     Dead                           Min: 0, Avg:  0.0, Max: 0, Diff: 0, Sum: 0, Workers: 4
[3912.132s][debug][gc,phases      ] GC(164)     Total                          Min: 0, Avg:  0.0, Max: 0, Diff: 0, Sum: 0, Workers: 4
[3912.132s][debug][gc,phases      ] GC(164)   Weak JFR Old Object Samples    Min:  0.0, Avg:  0.0, Max:  0.0, Diff:  0.0, Sum:  0.0, Workers: 4
[3912.132s][debug][gc,phases      ] GC(164)     Dead                           Min: 0, Avg:  0.0, Max: 0, Diff: 0, Sum: 0, Workers: 4
[3912.132s][debug][gc,phases      ] GC(164)     Total                          Min: 0, Avg:  0.0, Max: 0, Diff: 0, Sum: 0, Workers: 4
[3912.132s][debug][gc,phases      ] GC(164) Weak Processing 0.352ms
[3912.132s][debug][gc,age         ] GC(164) Desired survivor size 23068672 bytes, new threshold 15 (max threshold 15)
[3912.132s][info ][gc,heap        ] GC(164) PSYoungGen: 2054215K(2073600K)->5740K(2072576K) Eden: 2048951K(2049024K)->0K(2049024K) From: 5264K(24576K)->5740K(23552K)
[3912.132s][info ][gc,heap        ] GC(164) ParOldGen: 473976K(559616K)->474032K(559616K)
[3912.132s][info ][gc,metaspace   ] GC(164) Metaspace: 85906K(86848K)->85906K(86848K) NonClass: 73931K(74432K)->73931K(74432K) Class: 11975K(12416K)->11975K(12416K)
[3912.132s][info ][gc             ] GC(164) Pause Young (GCLocker Initiated GC) 2468M->468M(2570M) 3.865ms
[3912.132s][info ][gc,cpu         ] GC(164) User=0.01s Sys=0.00s Real=0.01s
[3912.132s][info ][safepoint      ] Safepoint "ParallelGCSystemGC", Time since last: 347506 ns, Reaching safepoint: 100101 ns, At safepoint: 3941861 ns, Total: 4041962 ns
[3917.132s][info ][safepoint      ] Safepoint "Cleanup", Time since last: 5000299787 ns, Reaching safepoint: 61801 ns, At safepoint: 8500 ns, Total: 70301 ns
[3920.133s][info ][safepoint      ] Safepoint "Cleanup", Time since last: 3000200237 ns, Reaching safepoint: 47800 ns, At safepoint: 5901 ns, Total: 53701 ns
[3922.027s][info ][safepoint      ] Safepoint "ICBufferFull", Time since last: 1894737247 ns, Reaching safepoint: 131102 ns, At safepoint: 9500 ns, Total: 140602 ns
[3922.108s][info ][safepoint      ] Safepoint "ICBufferFull", Time since last: 80987445 ns, Reaching safepoint: 36201 ns, At safepoint: 3300 ns, Total: 39501 ns
[3922.140s][info ][safepoint      ] Safepoint "ICBufferFull", Time since last: 31355782 ns, Reaching safepoint: 42701 ns, At safepoint: 5500 ns, Total: 48201 ns
[3922.141s][info ][safepoint      ] Safepoint "ICBufferFull", Time since last: 797612 ns, Reaching safepoint: 34000 ns, At safepoint: 1801 ns, Total: 35801 ns
[3922.166s][info ][safepoint      ] Safepoint "ICBufferFull", Time since last: 25110486 ns, Reaching safepoint: 47200 ns, At safepoint: 8600 ns, Total: 55800 ns
[3922.183s][info ][safepoint      ] Safepoint "ICBufferFull", Time since last: 16878860 ns, Reaching safepoint: 54501 ns, At safepoint: 3700 ns, Total: 58201 ns
[3922.247s][info ][safepoint      ] Safepoint "ICBufferFull", Time since last: 64330489 ns, Reaching safepoint: 52001 ns, At safepoint: 2900 ns, Total: 54901 ns
[3922.347s][info ][safepoint      ] Safepoint "ICBufferFull", Time since last: 99646131 ns, Reaching safepoint: 55001 ns, At safepoint: 3600 ns, Total: 58601 ns
[3922.359s][info ][safepoint      ] Safepoint "ICBufferFull", Time since last: 11844682 ns, Reaching safepoint: 40001 ns, At safepoint: 8200 ns, Total: 48201 ns
[3922.450s][info ][safepoint      ] Safepoint "ICBufferFull", Time since last: 91583907 ns, Reaching safepoint: 61401 ns, At safepoint: 2900 ns, Total: 64301 ns
[3922.473s][info ][safepoint      ] Safepoint "ICBufferFull", Time since last: 22596147 ns, Reaching safepoint: 45101 ns, At safepoint: 3800 ns, Total: 48901 ns
[3922.492s][info ][safepoint      ] Safepoint "ICBufferFull", Time since last: 19237895 ns, Reaching safepoint: 44101 ns, At safepoint: 7600 ns, Total: 51701 ns
[3922.508s][info ][safepoint      ] Safepoint "ICBufferFull", Time since last: 15270635 ns, Reaching safepoint: 43001 ns, At safepoint: 2800 ns, Total: 45801 ns
[3922.565s][info ][safepoint      ] Safepoint "ICBufferFull", Time since last: 57218079 ns, Reaching safepoint: 161002 ns, At safepoint: 13400 ns, Total: 174402 ns
[3922.590s][info ][safepoint      ] Safepoint "ICBufferFull", Time since last: 24872983 ns, Reaching safepoint: 211203 ns, At safepoint: 11900 ns, Total: 223103 ns
[3923.590s][info ][safepoint      ] Safepoint "Cleanup", Time since last: 1000115963 ns, Reaching safepoint: 89301 ns, At safepoint: 8000 ns, Total: 97301 ns
[3924.591s][info ][safepoint      ] Safepoint "Cleanup", Time since last: 1000114352 ns, Reaching safepoint: 53600 ns, At safepoint: 7301 ns, Total: 60901 ns
[3926.591s][info ][safepoint      ] Safepoint "Cleanup", Time since last: 2000157668 ns, Reaching safepoint: 51601 ns, At safepoint: 8600 ns, Total: 60201 ns
[3929.591s][info ][safepoint      ] Safepoint "Cleanup", Time since last: 3000258319 ns, Reaching safepoint: 114102 ns, At safepoint: 16500 ns, Total: 130602 ns
[3929.658s][info ][safepoint      ] Safepoint "ICBufferFull", Time since last: 67034625 ns, Reaching safepoint: 123502 ns, At safepoint: 8800 ns, Total: 132302 ns
[3929.720s][info ][safepoint      ] Safepoint "ICBufferFull", Time since last: 61583141 ns, Reaching safepoint: 75402 ns, At safepoint: 8900 ns, Total: 84302 ns
[3929.869s][info ][safepoint      ] Safepoint "ICBufferFull", Time since last: 148647772 ns, Reaching safepoint: 143402 ns, At safepoint: 8100 ns, Total: 151502 ns
[3930.869s][info ][safepoint      ] Safepoint "Cleanup", Time since last: 1000106082 ns, Reaching safepoint: 50301 ns, At safepoint: 5100 ns, Total: 55401 ns
[3935.728s][info ][safepoint      ] Safepoint "ICBufferFull", Time since last: 4859345394 ns, Reaching safepoint: 66101 ns, At safepoint: 15100 ns, Total: 81201 ns
[3935.738s][info ][safepoint      ] Safepoint "ICBufferFull", Time since last: 9687547 ns, Reaching safepoint: 71501 ns, At safepoint: 10200 ns, Total: 81701 ns
[3935.783s][info ][safepoint      ] Safepoint "ICBufferFull", Time since last: 44605779 ns, Reaching safepoint: 229704 ns, At safepoint: 7400 ns, Total: 237104 ns
[3935.787s][info ][safepoint      ] Safepoint "ICBufferFull", Time since last: 3761057 ns, Reaching safepoint: 95802 ns, At safepoint: 6800 ns, Total: 102602 ns
[3935.793s][info ][safepoint      ] Safepoint "ICBufferFull", Time since last: 6330596 ns, Reaching safepoint: 111002 ns, At safepoint: 9900 ns, Total: 120902 ns
[3935.797s][info ][safepoint      ] Safepoint "ICBufferFull", Time since last: 3236249 ns, Reaching safepoint: 117202 ns, At safepoint: 8600 ns, Total: 125802 ns
[3935.802s][info ][safepoint      ] Safepoint "ICBufferFull", Time since last: 4764673 ns, Reaching safepoint: 116701 ns, At safepoint: 12601 ns, Total: 129302 ns
[3935.898s][info ][safepoint      ] Safepoint "ICBufferFull", Time since last: 96045361 ns, Reaching safepoint: 76602 ns, At safepoint: 9100 ns, Total: 85702 ns
[3935.902s][info ][safepoint      ] Safepoint "ICBufferFull", Time since last: 3836158 ns, Reaching safepoint: 104902 ns, At safepoint: 9100 ns, Total: 114002 ns
[3935.916s][info ][gc,start       ] GC(165) Pause Young (Allocation Failure)
[3935.928s][debug][gc,phases      ] GC(165) Scavenge 12.373ms
[3935.928s][debug][gc,ref         ] GC(165) Skipped phase 1 of Reference Processing: no references
[3935.929s][debug][gc,ref         ] GC(165) ReferenceProcessor::execute queues: 1, RefProcThreadModel::Single, marks_oops_alive: false
[3935.929s][debug][gc,ref         ] GC(165) Skipped phase 3 of Reference Processing: no references
[3935.929s][debug][gc,ref         ] GC(165) ReferenceProcessor::execute queues: 1, RefProcThreadModel::Single, marks_oops_alive: false
[3935.929s][debug][gc,phases      ] GC(165) Reference Processing 0.122ms
[3935.929s][debug][gc,phases      ] GC(165)   VM Weak                        Min:  0.0, Avg:  0.0, Max:  0.0, Diff:  0.0, Sum:  0.0, Workers: 4
[3935.929s][debug][gc,phases      ] GC(165)     Dead                           Min: 0, Avg:  0.0, Max: 0, Diff: 0, Sum: 0, Workers: 4
[3935.929s][debug][gc,phases      ] GC(165)     Total                          Min: 128, Avg: 194.0, Max: 264, Diff: 136, Sum: 776, Workers: 4
[3935.929s][debug][gc,phases      ] GC(165)   ObjectSynchronizer Weak        Min:  0.0, Avg:  0.0, Max:  0.0, Diff:  0.0, Sum:  0.0, Workers: 4
[3935.929s][debug][gc,phases      ] GC(165)     Dead                           Min: 0, Avg:  0.0, Max: 0, Diff: 0, Sum: 0, Workers: 4
[3935.929s][debug][gc,phases      ] GC(165)     Total                          Min: 0, Avg: 62.2, Max: 128, Diff: 128, Sum: 249, Workers: 4
[3935.929s][debug][gc,phases      ] GC(165)   JVMTI Tag Weak OopStorage      Min:  0.0, Avg:  0.0, Max:  0.0, Diff:  0.0, Sum:  0.0, Workers: 4
[3935.929s][debug][gc,phases      ] GC(165)     Dead                           Min: 0, Avg:  0.0, Max: 0, Diff: 0, Sum: 0, Workers: 4
[3935.929s][debug][gc,phases      ] GC(165)     Total                          Min: 0, Avg:  0.0, Max: 0, Diff: 0, Sum: 0, Workers: 4
[3935.929s][debug][gc,phases      ] GC(165)   StringTable Weak               Min:  0.1, Avg:  0.1, Max:  0.1, Diff:  0.0, Sum:  0.4, Workers: 4
[3935.929s][debug][gc,phases      ] GC(165)     Dead                           Min: 0, Avg:  0.2, Max: 1, Diff: 1, Sum: 1, Workers: 4
[3935.929s][debug][gc,phases      ] GC(165)     Total                          Min: 11264, Avg: 12251.5, Max: 13870, Diff: 2606, Sum: 49006, Workers: 4
[3935.929s][debug][gc,phases      ] GC(165)   ResolvedMethodTable Weak       Min:  0.0, Avg:  0.0, Max:  0.0, Diff:  0.0, Sum:  0.1, Workers: 4
[3935.929s][debug][gc,phases      ] GC(165)     Dead                           Min: 0, Avg:  0.0, Max: 0, Diff: 0, Sum: 0, Workers: 4
[3935.929s][debug][gc,phases      ] GC(165)     Total                          Min: 1920, Avg: 2232.0, Max: 2688, Diff: 768, Sum: 8928, Workers: 4
[3935.929s][debug][gc,phases      ] GC(165)   JNI Weak                       Min:  0.0, Avg:  0.0, Max:  0.0, Diff:  0.0, Sum:  0.0, Workers: 4
[3935.929s][debug][gc,phases      ] GC(165)     Dead                           Min: 0, Avg:  0.0, Max: 0, Diff: 0, Sum: 0, Workers: 4
[3935.929s][debug][gc,phases      ] GC(165)     Total                          Min: 0, Avg:  3.5, Max: 14, Diff: 14, Sum: 14, Workers: 4
[3935.929s][debug][gc,phases      ] GC(165)   StringDedup Table Weak         Min:  0.0, Avg:  0.0, Max:  0.0, Diff:  0.0, Sum:  0.0, Workers: 4
[3935.929s][debug][gc,phases      ] GC(165)     Dead                           Min: 0, Avg:  0.0, Max: 0, Diff: 0, Sum: 0, Workers: 4
[3935.929s][debug][gc,phases      ] GC(165)     Total                          Min: 0, Avg:  0.0, Max: 0, Diff: 0, Sum: 0, Workers: 4
[3935.929s][debug][gc,phases      ] GC(165)   StringDedup Requests0 Weak     Min:  0.0, Avg:  0.0, Max:  0.0, Diff:  0.0, Sum:  0.0, Workers: 4
[3935.929s][debug][gc,phases      ] GC(165)     Dead                           Min: 0, Avg:  0.0, Max: 0, Diff: 0, Sum: 0, Workers: 4
[3935.929s][debug][gc,phases      ] GC(165)     Total                          Min: 0, Avg:  0.0, Max: 0, Diff: 0, Sum: 0, Workers: 4
[3935.929s][debug][gc,phases      ] GC(165)   StringDedup Requests1 Weak     Min:  0.0, Avg:  0.0, Max:  0.0, Diff:  0.0, Sum:  0.0, Workers: 4
[3935.929s][debug][gc,phases      ] GC(165)     Dead                           Min: 0, Avg:  0.0, Max: 0, Diff: 0, Sum: 0, Workers: 4
[3935.929s][debug][gc,phases      ] GC(165)     Total                          Min: 0, Avg:  0.0, Max: 0, Diff: 0, Sum: 0, Workers: 4
[3935.929s][debug][gc,phases      ] GC(165)   Weak JFR Old Object Samples    Min:  0.0, Avg:  0.0, Max:  0.0, Diff:  0.0, Sum:  0.0, Workers: 4
[3935.929s][debug][gc,phases      ] GC(165)     Dead                           Min: 0, Avg:  0.0, Max: 0, Diff: 0, Sum: 0, Workers: 4
[3935.929s][debug][gc,phases      ] GC(165)     Total                          Min: 0, Avg:  0.0, Max: 0, Diff: 0, Sum: 0, Workers: 4
[3935.929s][debug][gc,phases      ] GC(165) Weak Processing 0.343ms
[3935.929s][debug][gc,age         ] GC(165) Desired survivor size 29360128 bytes, new threshold 14 (max threshold 15)
[3935.929s][info ][gc,heap        ] GC(165) PSYoungGen: 2054764K(2072576K)->22516K(2062336K) Eden: 2049024K(2049024K)->0K(2039808K) From: 5740K(23552K)->22516K(22528K)
[3935.929s][info ][gc,heap        ] GC(165) ParOldGen: 474034K(559616K)->480264K(559616K)
[3935.929s][info ][gc,metaspace   ] GC(165) Metaspace: 86050K(87104K)->86050K(87104K) NonClass: 74065K(74624K)->74065K(74624K) Class: 11985K(12480K)->11985K(12480K)
[3935.929s][info ][gc             ] GC(165) Pause Young (Allocation Failure) 2469M->490M(2560M) 12.978ms
[3935.929s][info ][gc,cpu         ] GC(165) User=0.06s Sys=0.00s Real=0.01s
[3935.929s][info ][safepoint      ] Safepoint "ParallelGCFailedAllocation", Time since last: 14226816 ns, Reaching safepoint: 50701 ns, At safepoint: 13068599 ns, Total: 13119300 ns
[3936.929s][info ][safepoint      ] Safepoint "Cleanup", Time since last: 1000087815 ns, Reaching safepoint: 56701 ns, At safepoint: 10400 ns, Total: 67101 ns
[3937.929s][info ][safepoint      ] Safepoint "Cleanup", Time since last: 1000104104 ns, Reaching safepoint: 47001 ns, At safepoint: 6200 ns, Total: 53201 ns
[3939.930s][info ][safepoint      ] Safepoint "Cleanup", Time since last: 2000179475 ns, Reaching safepoint: 45701 ns, At safepoint: 3700 ns, Total: 49401 ns
[3940.930s][info ][safepoint      ] Safepoint "Cleanup", Time since last: 1000101671 ns, Reaching safepoint: 41901 ns, At safepoint: 5900 ns, Total: 47801 ns
[3942.930s][info ][safepoint      ] Safepoint "Cleanup", Time since last: 2000171710 ns, Reaching safepoint: 42900 ns, At safepoint: 2800 ns, Total: 45700 ns
[3946.930s][info ][safepoint      ] Safepoint "Cleanup", Time since last: 4000286890 ns, Reaching safepoint: 40501 ns, At safepoint: 2800 ns, Total: 43301 ns
[3949.930s][info ][safepoint      ] Safepoint "Cleanup", Time since last: 3000193755 ns, Reaching safepoint: 46100 ns, At safepoint: 5200 ns, Total: 51300 ns
[3960.931s][info ][safepoint      ] Safepoint "Cleanup", Time since last: 11000701820 ns, Reaching safepoint: 52300 ns, At safepoint: 7801 ns, Total: 60101 ns
[3966.932s][info ][safepoint      ] Safepoint "Cleanup", Time since last: 6000404732 ns, Reaching safepoint: 55801 ns, At safepoint: 11100 ns, Total: 66901 ns
[3967.932s][info ][safepoint      ] Safepoint "Cleanup", Time since last: 1000106387 ns, Reaching safepoint: 30501 ns, At safepoint: 3200 ns, Total: 33701 ns
[3971.932s][info ][safepoint      ] Safepoint "Cleanup", Time since last: 4000301042 ns, Reaching safepoint: 46800 ns, At safepoint: 7001 ns, Total: 53801 ns
[3972.932s][info ][safepoint      ] Safepoint "Cleanup", Time since last: 1000110135 ns, Reaching safepoint: 45301 ns, At safepoint: 3100 ns, Total: 48401 ns
[3973.933s][info ][safepoint      ] Safepoint "Cleanup", Time since last: 1000101425 ns, Reaching safepoint: 43301 ns, At safepoint: 2800 ns, Total: 46101 ns
[3979.933s][info ][safepoint      ] Safepoint "Cleanup", Time since last: 6000432636 ns, Reaching safepoint: 50001 ns, At safepoint: 9200 ns, Total: 59201 ns
[3983.933s][info ][safepoint      ] Safepoint "Cleanup", Time since last: 4000303157 ns, Reaching safepoint: 37801 ns, At safepoint: 3200 ns, Total: 41001 ns
[3989.056s][info ][gc,start       ] GC(166) Pause Young (Allocation Failure)
[3989.065s][debug][gc,phases      ] GC(166) Scavenge 8.495ms
[3989.065s][debug][gc,ref         ] GC(166) Skipped phase 1 of Reference Processing: no references
[3989.065s][debug][gc,ref         ] GC(166) ReferenceProcessor::execute queues: 1, RefProcThreadModel::Single, marks_oops_alive: false
[3989.065s][debug][gc,ref         ] GC(166) Skipped phase 3 of Reference Processing: no references
[3989.065s][debug][gc,ref         ] GC(166) ReferenceProcessor::execute queues: 1, RefProcThreadModel::Single, marks_oops_alive: false
[3989.065s][debug][gc,phases      ] GC(166) Reference Processing 0.137ms
[3989.065s][debug][gc,phases      ] GC(166)   VM Weak                        Min:  0.0, Avg:  0.0, Max:  0.0, Diff:  0.0, Sum:  0.0, Workers: 4
[3989.065s][debug][gc,phases      ] GC(166)     Dead                           Min: 0, Avg:  0.0, Max: 0, Diff: 0, Sum: 0, Workers: 4
[3989.065s][debug][gc,phases      ] GC(166)     Total                          Min: 0, Avg: 195.0, Max: 460, Diff: 460, Sum: 780, Workers: 4
[3989.065s][debug][gc,phases      ] GC(166)   ObjectSynchronizer Weak        Min:  0.0, Avg:  0.0, Max:  0.0, Diff:  0.0, Sum:  0.0, Workers: 4
[3989.065s][debug][gc,phases      ] GC(166)     Dead                           Min: 0, Avg:  0.0, Max: 0, Diff: 0, Sum: 0, Workers: 4
[3989.065s][debug][gc,phases      ] GC(166)     Total                          Min: 0, Avg: 62.2, Max: 128, Diff: 128, Sum: 249, Workers: 4
[3989.065s][debug][gc,phases      ] GC(166)   JVMTI Tag Weak OopStorage      Min:  0.0, Avg:  0.0, Max:  0.0, Diff:  0.0, Sum:  0.0, Workers: 4
[3989.065s][debug][gc,phases      ] GC(166)     Dead                           Min: 0, Avg:  0.0, Max: 0, Diff: 0, Sum: 0, Workers: 4
[3989.065s][debug][gc,phases      ] GC(166)     Total                          Min: 0, Avg:  0.0, Max: 0, Diff: 0, Sum: 0, Workers: 4
[3989.065s][debug][gc,phases      ] GC(166)   StringTable Weak               Min:  0.1, Avg:  0.1, Max:  0.1, Diff:  0.0, Sum:  0.4, Workers: 4
[3989.065s][debug][gc,phases      ] GC(166)     Dead                           Min: 0, Avg:  0.0, Max: 0, Diff: 0, Sum: 0, Workers: 4
[3989.065s][debug][gc,phases      ] GC(166)     Total                          Min: 11648, Avg: 12256.2, Max: 13056, Diff: 1408, Sum: 49025, Workers: 4
[3989.065s][debug][gc,phases      ] GC(166)   ResolvedMethodTable Weak       Min:  0.0, Avg:  0.0, Max:  0.0, Diff:  0.0, Sum:  0.1, Workers: 4
[3989.065s][debug][gc,phases      ] GC(166)     Dead                           Min: 0, Avg:  0.0, Max: 0, Diff: 0, Sum: 0, Workers: 4
[3989.065s][debug][gc,phases      ] GC(166)     Total                          Min: 2048, Avg: 2238.2, Max: 2368, Diff: 320, Sum: 8953, Workers: 4
[3989.065s][debug][gc,phases      ] GC(166)   JNI Weak                       Min:  0.0, Avg:  0.0, Max:  0.0, Diff:  0.0, Sum:  0.0, Workers: 4
[3989.065s][debug][gc,phases      ] GC(166)     Dead                           Min: 0, Avg:  0.0, Max: 0, Diff: 0, Sum: 0, Workers: 4
[3989.065s][debug][gc,phases      ] GC(166)     Total                          Min: 0, Avg:  0.0, Max: 0, Diff: 0, Sum: 0, Workers: 4
[3989.065s][debug][gc,phases      ] GC(166)   StringDedup Table Weak         Min:  0.0, Avg:  0.0, Max:  0.0, Diff:  0.0, Sum:  0.0, Workers: 4
[3989.065s][debug][gc,phases      ] GC(166)     Dead                           Min: 0, Avg:  0.0, Max: 0, Diff: 0, Sum: 0, Workers: 4
[3989.065s][debug][gc,phases      ] GC(166)     Total                          Min: 0, Avg:  0.0, Max: 0, Diff: 0, Sum: 0, Workers: 4
[3989.065s][debug][gc,phases      ] GC(166)   StringDedup Requests0 Weak     Min:  0.0, Avg:  0.0, Max:  0.0, Diff:  0.0, Sum:  0.0, Workers: 4
[3989.065s][debug][gc,phases      ] GC(166)     Dead                           Min: 0, Avg:  0.0, Max: 0, Diff: 0, Sum: 0, Workers: 4
[3989.065s][debug][gc,phases      ] GC(166)     Total                          Min: 0, Avg:  0.0, Max: 0, Diff: 0, Sum: 0, Workers: 4
[3989.065s][debug][gc,phases      ] GC(166)   StringDedup Requests1 Weak     Min:  0.0, Avg:  0.0, Max:  0.0, Diff:  0.0, Sum:  0.0, Workers: 4
[3989.065s][debug][gc,phases      ] GC(166)     Dead                           Min: 0, Avg:  0.0, Max: 0, Diff: 0, Sum: 0, Workers: 4
[3989.065s][debug][gc,phases      ] GC(166)     Total                          Min: 0, Avg:  0.0, Max: 0, Diff: 0, Sum: 0, Workers: 4
[3989.065s][debug][gc,phases      ] GC(166)   Weak JFR Old Object Samples    Min:  0.0, Avg:  0.0, Max:  0.0, Diff:  0.0, Sum:  0.0, Workers: 4
[3989.065s][debug][gc,phases      ] GC(166)     Dead                           Min: 0, Avg:  0.0, Max: 0, Diff: 0, Sum: 0, Workers: 4
[3989.065s][debug][gc,phases      ] GC(166)     Total                          Min: 0, Avg:  0.0, Max: 0, Diff: 0, Sum: 0, Workers: 4
[3989.065s][debug][gc,phases      ] GC(166) Weak Processing 0.330ms
[3989.065s][debug][gc,age         ] GC(166) Desired survivor size 33030144 bytes, new threshold 15 (max threshold 15)
[3989.065s][info ][gc,heap        ] GC(166) PSYoungGen: 2062324K(2062336K)->25372K(2065408K) Eden: 2039808K(2039808K)->0K(2039808K) From: 22516K(22528K)->25372K(25600K)
[3989.065s][info ][gc,heap        ] GC(166) ParOldGen: 480264K(559616K)->480632K(559616K)
[3989.065s][info ][gc,metaspace   ] GC(166) Metaspace: 86095K(87104K)->86095K(87104K) NonClass: 74101K(74624K)->74101K(74624K) Class: 11993K(12480K)->11993K(12480K)
[3989.065s][info ][gc             ] GC(166) Pause Young (Allocation Failure) 2482M->494M(2563M) 9.106ms
[3989.065s][info ][gc,cpu         ] GC(166) User=0.03s Sys=0.00s Real=0.01s
[3989.065s][info ][safepoint      ] Safepoint "ParallelGCFailedAllocation", Time since last: 5122592765 ns, Reaching safepoint: 35201 ns, At safepoint: 9191535 ns, Total: 9226736 ns
[3989.591s][info ][safepoint      ] Safepoint "ICBufferFull", Time since last: 525424505 ns, Reaching safepoint: 46100 ns, At safepoint: 7000 ns, Total: 53100 ns
[3989.652s][info ][safepoint      ] Safepoint "ICBufferFull", Time since last: 60978994 ns, Reaching safepoint: 45501 ns, At safepoint: 5800 ns, Total: 51301 ns
[3989.733s][info ][safepoint      ] Safepoint "ICBufferFull", Time since last: 80726784 ns, Reaching safepoint: 113301 ns, At safepoint: 6800 ns, Total: 120101 ns
[3989.856s][info ][safepoint      ] Safepoint "ICBufferFull", Time since last: 123295508 ns, Reaching safepoint: 58201 ns, At safepoint: 3500 ns, Total: 61701 ns
[3989.963s][info ][safepoint      ] Safepoint "ICBufferFull", Time since last: 106592763 ns, Reaching safepoint: 122401 ns, At safepoint: 7400 ns, Total: 129801 ns
[3990.071s][info ][safepoint      ] Safepoint "ICBufferFull", Time since last: 108562292 ns, Reaching safepoint: 134002 ns, At safepoint: 12300 ns, Total: 146302 ns
[3990.076s][info ][safepoint      ] Safepoint "ICBufferFull", Time since last: 4113360 ns, Reaching safepoint: 122302 ns, At safepoint: 6000 ns, Total: 128302 ns
[3990.080s][info ][safepoint      ] Safepoint "ICBufferFull", Time since last: 4046160 ns, Reaching safepoint: 107601 ns, At safepoint: 5100 ns, Total: 112701 ns
[3990.088s][info ][safepoint      ] Safepoint "ICBufferFull", Time since last: 8274522 ns, Reaching safepoint: 60801 ns, At safepoint: 11100 ns, Total: 71901 ns
[3990.195s][info ][safepoint      ] Safepoint "ICBufferFull", Time since last: 106424160 ns, Reaching safepoint: 175202 ns, At safepoint: 9001 ns, Total: 184203 ns
[3990.382s][info ][safepoint      ] Safepoint "ICBufferFull", Time since last: 186787237 ns, Reaching safepoint: 51601 ns, At safepoint: 3700 ns, Total: 55301 ns
[3991.382s][info ][safepoint      ] Safepoint "Cleanup", Time since last: 1000103651 ns, Reaching safepoint: 52601 ns, At safepoint: 6100 ns, Total: 58701 ns
[3995.382s][info ][safepoint      ] Safepoint "Cleanup", Time since last: 4000277304 ns, Reaching safepoint: 43201 ns, At safepoint: 3400 ns, Total: 46601 ns
[3997.382s][info ][safepoint      ] Safepoint "Cleanup", Time since last: 2000174094 ns, Reaching safepoint: 33600 ns, At safepoint: 2701 ns, Total: 36301 ns
[4004.383s][info ][safepoint      ] Safepoint "Cleanup", Time since last: 7000483173 ns, Reaching safepoint: 39601 ns, At safepoint: 4800 ns, Total: 44401 ns
[4005.383s][info ][safepoint      ] Safepoint "Cleanup", Time since last: 1000110316 ns, Reaching safepoint: 59800 ns, At safepoint: 7701 ns, Total: 67501 ns
[4007.126s][info ][safepoint      ] Safepoint "ICBufferFull", Time since last: 1742772971 ns, Reaching safepoint: 116902 ns, At safepoint: 10000 ns, Total: 126902 ns
[4007.133s][info ][gc,start       ] GC(167) Pause Young (Allocation Failure)
[4007.149s][debug][gc,phases      ] GC(167) Scavenge 15.662ms
[4007.149s][debug][gc,ref         ] GC(167) Skipped phase 1 of Reference Processing: no references
[4007.149s][debug][gc,ref         ] GC(167) ReferenceProcessor::execute queues: 1, RefProcThreadModel::Single, marks_oops_alive: false
[4007.149s][debug][gc,ref         ] GC(167) Skipped phase 3 of Reference Processing: no references
[4007.149s][debug][gc,ref         ] GC(167) ReferenceProcessor::execute queues: 1, RefProcThreadModel::Single, marks_oops_alive: false
[4007.149s][debug][gc,phases      ] GC(167) Reference Processing 0.126ms
[4007.149s][debug][gc,phases      ] GC(167)   VM Weak                        Min:  0.0, Avg:  0.0, Max:  0.0, Diff:  0.0, Sum:  0.0, Workers: 4
[4007.149s][debug][gc,phases      ] GC(167)     Dead                           Min: 0, Avg:  0.0, Max: 0, Diff: 0, Sum: 0, Workers: 4
[4007.149s][debug][gc,phases      ] GC(167)     Total                          Min: 0, Avg: 195.0, Max: 780, Diff: 780, Sum: 780, Workers: 4
[4007.149s][debug][gc,phases      ] GC(167)   ObjectSynchronizer Weak        Min:  0.0, Avg:  0.0, Max:  0.0, Diff:  0.0, Sum:  0.0, Workers: 4
[4007.149s][debug][gc,phases      ] GC(167)     Dead                           Min: 0, Avg:  0.0, Max: 0, Diff: 0, Sum: 0, Workers: 4
[4007.150s][debug][gc,phases      ] GC(167)     Total                          Min: 0, Avg: 62.2, Max: 128, Diff: 128, Sum: 249, Workers: 4
[4007.150s][debug][gc,phases      ] GC(167)   JVMTI Tag Weak OopStorage      Min:  0.0, Avg:  0.0, Max:  0.0, Diff:  0.0, Sum:  0.0, Workers: 4
[4007.150s][debug][gc,phases      ] GC(167)     Dead                           Min: 0, Avg:  0.0, Max: 0, Diff: 0, Sum: 0, Workers: 4
[4007.150s][debug][gc,phases      ] GC(167)     Total                          Min: 0, Avg:  0.0, Max: 0, Diff: 0, Sum: 0, Workers: 4
[4007.150s][debug][gc,phases      ] GC(167)   StringTable Weak               Min:  0.1, Avg:  0.1, Max:  0.1, Diff:  0.0, Sum:  0.5, Workers: 4
[4007.150s][debug][gc,phases      ] GC(167)     Dead                           Min: 0, Avg:  0.0, Max: 0, Diff: 0, Sum: 0, Workers: 4
[4007.150s][debug][gc,phases      ] GC(167)     Total                          Min: 11919, Avg: 12259.8, Max: 12736, Diff: 817, Sum: 49039, Workers: 4
[4007.150s][debug][gc,phases      ] GC(167)   ResolvedMethodTable Weak       Min:  0.0, Avg:  0.0, Max:  0.0, Diff:  0.0, Sum:  0.1, Workers: 4
[4007.150s][debug][gc,phases      ] GC(167)     Dead                           Min: 0, Avg:  0.0, Max: 0, Diff: 0, Sum: 0, Workers: 4
[4007.150s][debug][gc,phases      ] GC(167)     Total                          Min: 2048, Avg: 2238.5, Max: 2432, Diff: 384, Sum: 8954, Workers: 4
[4007.150s][debug][gc,phases      ] GC(167)   JNI Weak                       Min:  0.0, Avg:  0.0, Max:  0.0, Diff:  0.0, Sum:  0.0, Workers: 4
[4007.150s][debug][gc,phases      ] GC(167)     Dead                           Min: 0, Avg:  0.0, Max: 0, Diff: 0, Sum: 0, Workers: 4
[4007.150s][debug][gc,phases      ] GC(167)     Total                          Min: 0, Avg:  0.8, Max: 3, Diff: 3, Sum: 3, Workers: 4
[4007.150s][debug][gc,phases      ] GC(167)   StringDedup Table Weak         Min:  0.0, Avg:  0.0, Max:  0.0, Diff:  0.0, Sum:  0.0, Workers: 4
[4007.150s][debug][gc,phases      ] GC(167)     Dead                           Min: 0, Avg:  0.0, Max: 0, Diff: 0, Sum: 0, Workers: 4
[4007.150s][debug][gc,phases      ] GC(167)     Total                          Min: 0, Avg:  0.0, Max: 0, Diff: 0, Sum: 0, Workers: 4
[4007.150s][debug][gc,phases      ] GC(167)   StringDedup Requests0 Weak     Min:  0.0, Avg:  0.0, Max:  0.0, Diff:  0.0, Sum:  0.0, Workers: 4
[4007.150s][debug][gc,phases      ] GC(167)     Dead                           Min: 0, Avg:  0.0, Max: 0, Diff: 0, Sum: 0, Workers: 4
[4007.150s][debug][gc,phases      ] GC(167)     Total                          Min: 0, Avg:  0.0, Max: 0, Diff: 0, Sum: 0, Workers: 4
[4007.150s][debug][gc,phases      ] GC(167)   StringDedup Requests1 Weak     Min:  0.0, Avg:  0.0, Max:  0.0, Diff:  0.0, Sum:  0.0, Workers: 4
[4007.150s][debug][gc,phases      ] GC(167)     Dead                           Min: 0, Avg:  0.0, Max: 0, Diff: 0, Sum: 0, Workers: 4
[4007.150s][debug][gc,phases      ] GC(167)     Total                          Min: 0, Avg:  0.0, Max: 0, Diff: 0, Sum: 0, Workers: 4
[4007.150s][debug][gc,phases      ] GC(167)   Weak JFR Old Object Samples    Min:  0.0, Avg:  0.0, Max:  0.0, Diff:  0.0, Sum:  0.0, Workers: 4
[4007.150s][debug][gc,phases      ] GC(167)     Dead                           Min: 0, Avg:  0.0, Max: 0, Diff: 0, Sum: 0, Workers: 4
[4007.150s][debug][gc,phases      ] GC(167)     Total                          Min: 0, Avg:  0.0, Max: 0, Diff: 0, Sum: 0, Workers: 4
[4007.150s][debug][gc,phases      ] GC(167) Weak Processing 0.351ms
[4007.150s][debug][gc,age         ] GC(167) Desired survivor size 44040192 bytes, new threshold 14 (max threshold 15)
[4007.150s][info ][gc,heap        ] GC(167) PSYoungGen: 2065180K(2065408K)->31729K(2042880K) Eden: 2039808K(2039808K)->0K(2011136K) From: 25372K(25600K)->31729K(31744K)
[4007.150s][info ][gc,heap        ] GC(167) ParOldGen: 480632K(559616K)->494645K(559616K)
[4007.150s][info ][gc,metaspace   ] GC(167) Metaspace: 86159K(87168K)->86159K(87168K) NonClass: 74166K(74688K)->74166K(74688K) Class: 11993K(12480K)->11993K(12480K)
[4007.150s][info ][gc             ] GC(167) Pause Young (Allocation Failure) 2486M->514M(2541M) 16.278ms
[4007.150s][info ][gc,cpu         ] GC(167) User=0.06s Sys=0.00s Real=0.02s
[4007.150s][info ][safepoint      ] Safepoint "ParallelGCFailedAllocation", Time since last: 7469008 ns, Reaching safepoint: 35601 ns, At safepoint: 16373637 ns, Total: 16409238 ns
[4008.176s][info ][safepoint      ] Safepoint "Cleanup", Time since last: 1026127966 ns, Reaching safepoint: 128402 ns, At safepoint: 10100 ns, Total: 138502 ns
[4013.176s][info ][safepoint      ] Safepoint "Cleanup", Time since last: 5000371701 ns, Reaching safepoint: 81301 ns, At safepoint: 6400 ns, Total: 87701 ns
[4015.177s][info ][safepoint      ] Safepoint "Cleanup", Time since last: 2000176655 ns, Reaching safepoint: 48301 ns, At safepoint: 6000 ns, Total: 54301 ns
[4018.177s][info ][safepoint      ] Safepoint "Cleanup", Time since last: 3000248011 ns, Reaching safepoint: 98702 ns, At safepoint: 10500 ns, Total: 109202 ns
[4019.177s][info ][safepoint      ] Safepoint "Cleanup", Time since last: 1000100785 ns, Reaching safepoint: 49701 ns, At safepoint: 5400 ns, Total: 55101 ns
[4021.177s][info ][safepoint      ] Safepoint "Cleanup", Time since last: 2000160143 ns, Reaching safepoint: 84101 ns, At safepoint: 12100 ns, Total: 96201 ns
[4022.178s][info ][safepoint      ] Safepoint "Cleanup", Time since last: 1000101358 ns, Reaching safepoint: 46601 ns, At safepoint: 7700 ns, Total: 54301 ns
[4023.891s][info ][safepoint      ] Safepoint "Cleanup", Time since last: 1712876568 ns, Reaching safepoint: 114402 ns, At safepoint: 12800 ns, Total: 127202 ns
[4024.294s][info ][safepoint      ] Safepoint "ICBufferFull", Time since last: 402843575 ns, Reaching safepoint: 257204 ns, At safepoint: 9500 ns, Total: 266704 ns
[4025.294s][info ][safepoint      ] Safepoint "Cleanup", Time since last: 1000091129 ns, Reaching safepoint: 97801 ns, At safepoint: 9400 ns, Total: 107201 ns
[4032.294s][info ][safepoint      ] Safepoint "Cleanup", Time since last: 7000424143 ns, Reaching safepoint: 50001 ns, At safepoint: 3300 ns, Total: 53301 ns
[4045.295s][info ][safepoint      ] Safepoint "Cleanup", Time since last: 13000908924 ns, Reaching safepoint: 56301 ns, At safepoint: 34200 ns, Total: 90501 ns
[4048.273s][info ][gc,start       ] GC(168) Pause Young (Allocation Failure)
[4048.285s][debug][gc,phases      ] GC(168) Scavenge 11.829ms
[4048.285s][debug][gc,ref         ] GC(168) Skipped phase 1 of Reference Processing: no references
[4048.285s][debug][gc,ref         ] GC(168) ReferenceProcessor::execute queues: 1, RefProcThreadModel::Single, marks_oops_alive: false
[4048.285s][debug][gc,ref         ] GC(168) Skipped phase 3 of Reference Processing: no references
[4048.285s][debug][gc,ref         ] GC(168) ReferenceProcessor::execute queues: 1, RefProcThreadModel::Single, marks_oops_alive: false
[4048.285s][debug][gc,phases      ] GC(168) Reference Processing 0.122ms
[4048.285s][debug][gc,phases      ] GC(168)   VM Weak                        Min:  0.0, Avg:  0.0, Max:  0.0, Diff:  0.0, Sum:  0.0, Workers: 4
[4048.285s][debug][gc,phases      ] GC(168)     Dead                           Min: 0, Avg:  0.0, Max: 0, Diff: 0, Sum: 0, Workers: 4
[4048.285s][debug][gc,phases      ] GC(168)     Total                          Min: 0, Avg: 195.0, Max: 512, Diff: 512, Sum: 780, Workers: 4
[4048.285s][debug][gc,phases      ] GC(168)   ObjectSynchronizer Weak        Min:  0.0, Avg:  0.0, Max:  0.0, Diff:  0.0, Sum:  0.0, Workers: 4
[4048.285s][debug][gc,phases      ] GC(168)     Dead                           Min: 0, Avg:  0.0, Max: 0, Diff: 0, Sum: 0, Workers: 4
[4048.285s][debug][gc,phases      ] GC(168)     Total                          Min: 0, Avg: 62.2, Max: 128, Diff: 128, Sum: 249, Workers: 4
[4048.285s][debug][gc,phases      ] GC(168)   JVMTI Tag Weak OopStorage      Min:  0.0, Avg:  0.0, Max:  0.0, Diff:  0.0, Sum:  0.0, Workers: 4
[4048.285s][debug][gc,phases      ] GC(168)     Dead                           Min: 0, Avg:  0.0, Max: 0, Diff: 0, Sum: 0, Workers: 4
[4048.285s][debug][gc,phases      ] GC(168)     Total                          Min: 0, Avg:  0.0, Max: 0, Diff: 0, Sum: 0, Workers: 4
[4048.285s][debug][gc,phases      ] GC(168)   StringTable Weak               Min:  0.1, Avg:  0.1, Max:  0.1, Diff:  0.0, Sum:  0.4, Workers: 4
[4048.285s][debug][gc,phases      ] GC(168)     Dead                           Min: 0, Avg:  0.0, Max: 0, Diff: 0, Sum: 0, Workers: 4
[4048.285s][debug][gc,phases      ] GC(168)     Total                          Min: 11677, Avg: 12263.2, Max: 12992, Diff: 1315, Sum: 49053, Workers: 4
[4048.285s][debug][gc,phases      ] GC(168)   ResolvedMethodTable Weak       Min:  0.0, Avg:  0.0, Max:  0.0, Diff:  0.0, Sum:  0.1, Workers: 4
[4048.285s][debug][gc,phases      ] GC(168)     Dead                           Min: 0, Avg:  0.0, Max: 0, Diff: 0, Sum: 0, Workers: 4
[4048.285s][debug][gc,phases      ] GC(168)     Total                          Min: 2112, Avg: 2238.5, Max: 2490, Diff: 378, Sum: 8954, Workers: 4
[4048.285s][debug][gc,phases      ] GC(168)   JNI Weak                       Min:  0.0, Avg:  0.0, Max:  0.0, Diff:  0.0, Sum:  0.0, Workers: 4
[4048.285s][debug][gc,phases      ] GC(168)     Dead                           Min: 0, Avg:  0.0, Max: 0, Diff: 0, Sum: 0, Workers: 4
[4048.285s][debug][gc,phases      ] GC(168)     Total                          Min: 0, Avg:  0.0, Max: 0, Diff: 0, Sum: 0, Workers: 4
[4048.285s][debug][gc,phases      ] GC(168)   StringDedup Table Weak         Min:  0.0, Avg:  0.0, Max:  0.0, Diff:  0.0, Sum:  0.0, Workers: 4
[4048.285s][debug][gc,phases      ] GC(168)     Dead                           Min: 0, Avg:  0.0, Max: 0, Diff: 0, Sum: 0, Workers: 4
[4048.285s][debug][gc,phases      ] GC(168)     Total                          Min: 0, Avg:  0.0, Max: 0, Diff: 0, Sum: 0, Workers: 4
[4048.285s][debug][gc,phases      ] GC(168)   StringDedup Requests0 Weak     Min:  0.0, Avg:  0.0, Max:  0.0, Diff:  0.0, Sum:  0.0, Workers: 4
[4048.285s][debug][gc,phases      ] GC(168)     Dead                           Min: 0, Avg:  0.0, Max: 0, Diff: 0, Sum: 0, Workers: 4
[4048.285s][debug][gc,phases      ] GC(168)     Total                          Min: 0, Avg:  0.0, Max: 0, Diff: 0, Sum: 0, Workers: 4
[4048.285s][debug][gc,phases      ] GC(168)   StringDedup Requests1 Weak     Min:  0.0, Avg:  0.0, Max:  0.0, Diff:  0.0, Sum:  0.0, Workers: 4
[4048.285s][debug][gc,phases      ] GC(168)     Dead                           Min: 0, Avg:  0.0, Max: 0, Diff: 0, Sum: 0, Workers: 4
[4048.285s][debug][gc,phases      ] GC(168)     Total                          Min: 0, Avg:  0.0, Max: 0, Diff: 0, Sum: 0, Workers: 4
[4048.285s][debug][gc,phases      ] GC(168)   Weak JFR Old Object Samples    Min:  0.0, Avg:  0.0, Max:  0.0, Diff:  0.0, Sum:  0.0, Workers: 4
[4048.285s][debug][gc,phases      ] GC(168)     Dead                           Min: 0, Avg:  0.0, Max: 0, Diff: 0, Sum: 0, Workers: 4
[4048.285s][debug][gc,phases      ] GC(168)     Total                          Min: 0, Avg:  0.0, Max: 0, Diff: 0, Sum: 0, Workers: 4
[4048.285s][debug][gc,phases      ] GC(168) Weak Processing 0.359ms
[4048.285s][debug][gc,age         ] GC(168) Desired survivor size 50855936 bytes, new threshold 15 (max threshold 15)
[4048.285s][info ][gc,heap        ] GC(168) PSYoungGen: 2042865K(2042880K)->40531K(2052096K) Eden: 2011136K(2011136K)->0K(2011136K) From: 31729K(31744K)->40531K(40960K)
[4048.285s][info ][gc,heap        ] GC(168) ParOldGen: 494645K(559616K)->494669K(559616K)
[4048.285s][info ][gc,metaspace   ] GC(168) Metaspace: 86219K(87232K)->86219K(87232K) NonClass: 74225K(74752K)->74225K(74752K) Class: 11994K(12480K)->11994K(12480K)
[4048.285s][info ][gc             ] GC(168) Pause Young (Allocation Failure) 2478M->522M(2550M) 12.452ms
[4048.286s][info ][gc,cpu         ] GC(168) User=0.04s Sys=0.01s Real=0.01s
[4048.286s][info ][safepoint      ] Safepoint "ParallelGCFailedAllocation", Time since last: 2977581573 ns, Reaching safepoint: 47401 ns, At safepoint: 12541477 ns, Total: 12588878 ns
[4050.286s][info ][safepoint      ] Safepoint "Cleanup", Time since last: 2000151718 ns, Reaching safepoint: 50000 ns, At safepoint: 2900 ns, Total: 52900 ns
[4053.937s][info ][safepoint      ] Safepoint "Cleanup", Time since last: 3650668213 ns, Reaching safepoint: 107401 ns, At safepoint: 14800 ns, Total: 122201 ns
[4054.954s][info ][safepoint      ] Safepoint "Cleanup", Time since last: 1017216806 ns, Reaching safepoint: 225403 ns, At safepoint: 9500 ns, Total: 234903 ns
[4058.954s][info ][safepoint      ] Safepoint "Cleanup", Time since last: 4000338770 ns, Reaching safepoint: 134102 ns, At safepoint: 12400 ns, Total: 146502 ns
[4063.955s][info ][safepoint      ] Safepoint "Cleanup", Time since last: 5000398619 ns, Reaching safepoint: 115301 ns, At safepoint: 5500 ns, Total: 120801 ns
[4069.956s][info ][safepoint      ] Safepoint "Cleanup", Time since last: 6000465742 ns, Reaching safepoint: 133202 ns, At safepoint: 7100 ns, Total: 140302 ns
[4072.956s][info ][safepoint      ] Safepoint "Cleanup", Time since last: 3000269458 ns, Reaching safepoint: 152502 ns, At safepoint: 10100 ns, Total: 162602 ns
[4079.957s][info ][safepoint      ] Safepoint "Cleanup", Time since last: 7000524941 ns, Reaching safepoint: 118302 ns, At safepoint: 5500 ns, Total: 123802 ns
[4086.810s][info ][gc,start       ] GC(169) Pause Young (Allocation Failure)
[4086.822s][debug][gc,phases      ] GC(169) Scavenge 12.102ms
[4086.822s][debug][gc,ref         ] GC(169) Skipped phase 1 of Reference Processing: no references
[4086.822s][debug][gc,ref         ] GC(169) ReferenceProcessor::execute queues: 1, RefProcThreadModel::Single, marks_oops_alive: false
[4086.822s][debug][gc,ref         ] GC(169) Skipped phase 3 of Reference Processing: no references
[4086.822s][debug][gc,ref         ] GC(169) ReferenceProcessor::execute queues: 1, RefProcThreadModel::Single, marks_oops_alive: false
[4086.822s][debug][gc,phases      ] GC(169) Reference Processing 0.121ms
[4086.822s][debug][gc,phases      ] GC(169)   VM Weak                        Min:  0.0, Avg:  0.0, Max:  0.0, Diff:  0.0, Sum:  0.0, Workers: 4
[4086.822s][debug][gc,phases      ] GC(169)     Dead                           Min: 0, Avg:  0.0, Max: 0, Diff: 0, Sum: 0, Workers: 4
[4086.822s][debug][gc,phases      ] GC(169)     Total                          Min: 0, Avg: 195.0, Max: 588, Diff: 588, Sum: 780, Workers: 4
[4086.822s][debug][gc,phases      ] GC(169)   ObjectSynchronizer Weak        Min:  0.0, Avg:  0.0, Max:  0.0, Diff:  0.0, Sum:  0.0, Workers: 4
[4086.822s][debug][gc,phases      ] GC(169)     Dead                           Min: 0, Avg:  0.0, Max: 0, Diff: 0, Sum: 0, Workers: 4
[4086.822s][debug][gc,phases      ] GC(169)     Total                          Min: 0, Avg: 62.2, Max: 128, Diff: 128, Sum: 249, Workers: 4
[4086.822s][debug][gc,phases      ] GC(169)   JVMTI Tag Weak OopStorage      Min:  0.0, Avg:  0.0, Max:  0.0, Diff:  0.0, Sum:  0.0, Workers: 4
[4086.822s][debug][gc,phases      ] GC(169)     Dead                           Min: 0, Avg:  0.0, Max: 0, Diff: 0, Sum: 0, Workers: 4
[4086.822s][debug][gc,phases      ] GC(169)     Total                          Min: 0, Avg:  0.0, Max: 0, Diff: 0, Sum: 0, Workers: 4
[4086.822s][debug][gc,phases      ] GC(169)   StringTable Weak               Min:  0.1, Avg:  0.1, Max:  0.1, Diff:  0.0, Sum:  0.4, Workers: 4
[4086.822s][debug][gc,phases      ] GC(169)     Dead                           Min: 0, Avg:  0.0, Max: 0, Diff: 0, Sum: 0, Workers: 4
[4086.822s][debug][gc,phases      ] GC(169)     Total                          Min: 11456, Avg: 12264.8, Max: 14080, Diff: 2624, Sum: 49059, Workers: 4
[4086.822s][debug][gc,phases      ] GC(169)   ResolvedMethodTable Weak       Min:  0.0, Avg:  0.0, Max:  0.0, Diff:  0.0, Sum:  0.1, Workers: 4
[4086.822s][debug][gc,phases      ] GC(169)     Dead                           Min: 0, Avg:  0.0, Max: 0, Diff: 0, Sum: 0, Workers: 4
[4086.822s][debug][gc,phases      ] GC(169)     Total                          Min: 1728, Avg: 2238.5, Max: 2554, Diff: 826, Sum: 8954, Workers: 4
[4086.822s][debug][gc,phases      ] GC(169)   JNI Weak                       Min:  0.0, Avg:  0.0, Max:  0.0, Diff:  0.0, Sum:  0.0, Workers: 4
[4086.822s][debug][gc,phases      ] GC(169)     Dead                           Min: 0, Avg:  0.0, Max: 0, Diff: 0, Sum: 0, Workers: 4
[4086.822s][debug][gc,phases      ] GC(169)     Total                          Min: 0, Avg:  0.0, Max: 0, Diff: 0, Sum: 0, Workers: 4
[4086.822s][debug][gc,phases      ] GC(169)   StringDedup Table Weak         Min:  0.0, Avg:  0.0, Max:  0.0, Diff:  0.0, Sum:  0.0, Workers: 4
[4086.822s][debug][gc,phases      ] GC(169)     Dead                           Min: 0, Avg:  0.0, Max: 0, Diff: 0, Sum: 0, Workers: 4
[4086.822s][debug][gc,phases      ] GC(169)     Total                          Min: 0, Avg:  0.0, Max: 0, Diff: 0, Sum: 0, Workers: 4
[4086.822s][debug][gc,phases      ] GC(169)   StringDedup Requests0 Weak     Min:  0.0, Avg:  0.0, Max:  0.0, Diff:  0.0, Sum:  0.0, Workers: 4
[4086.822s][debug][gc,phases      ] GC(169)     Dead                           Min: 0, Avg:  0.0, Max: 0, Diff: 0, Sum: 0, Workers: 4
[4086.822s][debug][gc,phases      ] GC(169)     Total                          Min: 0, Avg:  0.0, Max: 0, Diff: 0, Sum: 0, Workers: 4
[4086.822s][debug][gc,phases      ] GC(169)   StringDedup Requests1 Weak     Min:  0.0, Avg:  0.0, Max:  0.0, Diff:  0.0, Sum:  0.0, Workers: 4
[4086.822s][debug][gc,phases      ] GC(169)     Dead                           Min: 0, Avg:  0.0, Max: 0, Diff: 0, Sum: 0, Workers: 4
[4086.822s][debug][gc,phases      ] GC(169)     Total                          Min: 0, Avg:  0.0, Max: 0, Diff: 0, Sum: 0, Workers: 4
[4086.822s][debug][gc,phases      ] GC(169)   Weak JFR Old Object Samples    Min:  0.0, Avg:  0.0, Max:  0.0, Diff:  0.0, Sum:  0.0, Workers: 4
[4086.822s][debug][gc,phases      ] GC(169)     Dead                           Min: 0, Avg:  0.0, Max: 0, Diff: 0, Sum: 0, Workers: 4
[4086.822s][debug][gc,phases      ] GC(169)     Total                          Min: 0, Avg:  0.0, Max: 0, Diff: 0, Sum: 0, Workers: 4
[4086.822s][debug][gc,phases      ] GC(169) Weak Processing 0.314ms
[4086.822s][debug][gc,age         ] GC(169) Desired survivor size 57147392 bytes, new threshold 15 (max threshold 15)
[4086.822s][info ][gc,heap        ] GC(169) PSYoungGen: 2051667K(2052096K)->43695K(2030592K) Eden: 2011136K(2011136K)->0K(1985536K) From: 40531K(40960K)->43695K(45056K)
[4086.822s][info ][gc,heap        ] GC(169) ParOldGen: 494669K(559616K)->494669K(559616K)
[4086.822s][info ][gc,metaspace   ] GC(169) Metaspace: 86258K(87296K)->86258K(87296K) NonClass: 74264K(74816K)->74264K(74816K) Class: 11994K(12480K)->11994K(12480K)
[4086.822s][info ][gc             ] GC(169) Pause Young (Allocation Failure) 2486M->525M(2529M) 12.673ms
[4086.822s][info ][gc,cpu         ] GC(169) User=0.05s Sys=0.00s Real=0.01s
[4086.822s][info ][safepoint      ] Safepoint "ParallelGCFailedAllocation", Time since last: 6852829200 ns, Reaching safepoint: 31001 ns, At safepoint: 12765976 ns, Total: 12796977 ns
[4087.815s][info ][safepoint      ] Safepoint "ICBufferFull", Time since last: 992071178 ns, Reaching safepoint: 188402 ns, At safepoint: 8600 ns, Total: 197002 ns
[4087.815s][info ][safepoint      ] Safepoint "ICBufferFull", Time since last: 56001 ns, Reaching safepoint: 61801 ns, At safepoint: 11900 ns, Total: 73701 ns
[4088.815s][info ][safepoint      ] Safepoint "Cleanup", Time since last: 1000095280 ns, Reaching safepoint: 78001 ns, At safepoint: 7101 ns, Total: 85102 ns
[4093.815s][info ][safepoint      ] Safepoint "Cleanup", Time since last: 5000371378 ns, Reaching safepoint: 46401 ns, At safepoint: 8200 ns, Total: 54601 ns
[4094.815s][info ][safepoint      ] Safepoint "Cleanup", Time since last: 1000110532 ns, Reaching safepoint: 55801 ns, At safepoint: 6000 ns, Total: 61801 ns
[4095.816s][info ][safepoint      ] Safepoint "Cleanup", Time since last: 1000110024 ns, Reaching safepoint: 40200 ns, At safepoint: 2900 ns, Total: 43100 ns
[4096.816s][info ][safepoint      ] Safepoint "Cleanup", Time since last: 1000105316 ns, Reaching safepoint: 57401 ns, At safepoint: 6300 ns, Total: 63701 ns
[4101.816s][info ][safepoint      ] Safepoint "Cleanup", Time since last: 5000343358 ns, Reaching safepoint: 98601 ns, At safepoint: 8701 ns, Total: 107302 ns
[4103.817s][info ][safepoint      ] Safepoint "Cleanup", Time since last: 2000191028 ns, Reaching safepoint: 49401 ns, At safepoint: 7500 ns, Total: 56901 ns
[4105.156s][info ][safepoint      ] Safepoint "ICBufferFull", Time since last: 1339743588 ns, Reaching safepoint: 218503 ns, At safepoint: 9000 ns, Total: 227503 ns
[4106.157s][info ][safepoint      ] Safepoint "Cleanup", Time since last: 1000120242 ns, Reaching safepoint: 140602 ns, At safepoint: 11100 ns, Total: 151702 ns
[4107.157s][info ][safepoint      ] Safepoint "Cleanup", Time since last: 1000127135 ns, Reaching safepoint: 129002 ns, At safepoint: 9800 ns, Total: 138802 ns
[4108.157s][info ][safepoint      ] Safepoint "Cleanup", Time since last: 1000118626 ns, Reaching safepoint: 124302 ns, At safepoint: 7700 ns, Total: 132002 ns
[4109.158s][info ][safepoint      ] Safepoint "Cleanup", Time since last: 1000120019 ns, Reaching safepoint: 178102 ns, At safepoint: 10600 ns, Total: 188702 ns
[4110.158s][info ][safepoint      ] Safepoint "Cleanup", Time since last: 1000124111 ns, Reaching safepoint: 144102 ns, At safepoint: 11101 ns, Total: 155203 ns
[4111.461s][info ][gc,start       ] GC(170) Pause Young (Allocation Failure)
[4111.476s][debug][gc,phases      ] GC(170) Scavenge 15.332ms
[4111.476s][debug][gc,ref         ] GC(170) Skipped phase 1 of Reference Processing: no references
[4111.477s][debug][gc,ref         ] GC(170) ReferenceProcessor::execute queues: 1, RefProcThreadModel::Single, marks_oops_alive: false
[4111.477s][debug][gc,ref         ] GC(170) Skipped phase 3 of Reference Processing: no references
[4111.477s][debug][gc,ref         ] GC(170) ReferenceProcessor::execute queues: 1, RefProcThreadModel::Single, marks_oops_alive: false
[4111.477s][debug][gc,phases      ] GC(170) Reference Processing 0.153ms
[4111.477s][debug][gc,phases      ] GC(170)   VM Weak                        Min:  0.0, Avg:  0.0, Max:  0.0, Diff:  0.0, Sum:  0.0, Workers: 4
[4111.477s][debug][gc,phases      ] GC(170)     Dead                           Min: 0, Avg:  0.0, Max: 0, Diff: 0, Sum: 0, Workers: 4
[4111.477s][debug][gc,phases      ] GC(170)     Total                          Min: 0, Avg: 197.0, Max: 404, Diff: 404, Sum: 788, Workers: 4
[4111.477s][debug][gc,phases      ] GC(170)   ObjectSynchronizer Weak        Min:  0.0, Avg:  0.0, Max:  0.0, Diff:  0.0, Sum:  0.0, Workers: 4
[4111.477s][debug][gc,phases      ] GC(170)     Dead                           Min: 0, Avg:  0.0, Max: 0, Diff: 0, Sum: 0, Workers: 4
[4111.477s][debug][gc,phases      ] GC(170)     Total                          Min: 0, Avg: 62.2, Max: 128, Diff: 128, Sum: 249, Workers: 4
[4111.477s][debug][gc,phases      ] GC(170)   JVMTI Tag Weak OopStorage      Min:  0.0, Avg:  0.0, Max:  0.0, Diff:  0.0, Sum:  0.0, Workers: 4
[4111.477s][debug][gc,phases      ] GC(170)     Dead                           Min: 0, Avg:  0.0, Max: 0, Diff: 0, Sum: 0, Workers: 4
[4111.477s][debug][gc,phases      ] GC(170)     Total                          Min: 0, Avg:  0.0, Max: 0, Diff: 0, Sum: 0, Workers: 4
[4111.477s][debug][gc,phases      ] GC(170)   StringTable Weak               Min:  0.1, Avg:  0.1, Max:  0.1, Diff:  0.0, Sum:  0.4, Workers: 4
[4111.477s][debug][gc,phases      ] GC(170)     Dead                           Min: 0, Avg:  0.5, Max: 2, Diff: 2, Sum: 2, Workers: 4
[4111.477s][debug][gc,phases      ] GC(170)     Total                          Min: 11648, Avg: 12274.0, Max: 13248, Diff: 1600, Sum: 49096, Workers: 4
[4111.477s][debug][gc,phases      ] GC(170)   ResolvedMethodTable Weak       Min:  0.0, Avg:  0.0, Max:  0.0, Diff:  0.0, Sum:  0.1, Workers: 4
[4111.477s][debug][gc,phases      ] GC(170)     Dead                           Min: 0, Avg:  0.0, Max: 0, Diff: 0, Sum: 0, Workers: 4
[4111.477s][debug][gc,phases      ] GC(170)     Total                          Min: 2112, Avg: 2250.8, Max: 2368, Diff: 256, Sum: 9003, Workers: 4
[4111.477s][debug][gc,phases      ] GC(170)   JNI Weak                       Min:  0.0, Avg:  0.0, Max:  0.0, Diff:  0.0, Sum:  0.0, Workers: 4
[4111.477s][debug][gc,phases      ] GC(170)     Dead                           Min: 0, Avg:  0.0, Max: 0, Diff: 0, Sum: 0, Workers: 4
[4111.477s][debug][gc,phases      ] GC(170)     Total                          Min: 0, Avg:  0.0, Max: 0, Diff: 0, Sum: 0, Workers: 4
[4111.477s][debug][gc,phases      ] GC(170)   StringDedup Table Weak         Min:  0.0, Avg:  0.0, Max:  0.0, Diff:  0.0, Sum:  0.0, Workers: 4
[4111.477s][debug][gc,phases      ] GC(170)     Dead                           Min: 0, Avg:  0.0, Max: 0, Diff: 0, Sum: 0, Workers: 4
[4111.477s][debug][gc,phases      ] GC(170)     Total                          Min: 0, Avg:  0.0, Max: 0, Diff: 0, Sum: 0, Workers: 4
[4111.477s][debug][gc,phases      ] GC(170)   StringDedup Requests0 Weak     Min:  0.0, Avg:  0.0, Max:  0.0, Diff:  0.0, Sum:  0.0, Workers: 4
[4111.477s][debug][gc,phases      ] GC(170)     Dead                           Min: 0, Avg:  0.0, Max: 0, Diff: 0, Sum: 0, Workers: 4
[4111.477s][debug][gc,phases      ] GC(170)     Total                          Min: 0, Avg:  0.0, Max: 0, Diff: 0, Sum: 0, Workers: 4
[4111.477s][debug][gc,phases      ] GC(170)   StringDedup Requests1 Weak     Min:  0.0, Avg:  0.0, Max:  0.0, Diff:  0.0, Sum:  0.0, Workers: 4
[4111.477s][debug][gc,phases      ] GC(170)     Dead                           Min: 0, Avg:  0.0, Max: 0, Diff: 0, Sum: 0, Workers: 4
[4111.477s][debug][gc,phases      ] GC(170)     Total                          Min: 0, Avg:  0.0, Max: 0, Diff: 0, Sum: 0, Workers: 4
[4111.477s][debug][gc,phases      ] GC(170)   Weak JFR Old Object Samples    Min:  0.0, Avg:  0.0, Max:  0.0, Diff:  0.0, Sum:  0.0, Workers: 4
[4111.477s][debug][gc,phases      ] GC(170)     Dead                           Min: 0, Avg:  0.0, Max: 0, Diff: 0, Sum: 0, Workers: 4
[4111.477s][debug][gc,phases      ] GC(170)     Total                          Min: 0, Avg:  0.0, Max: 0, Diff: 0, Sum: 0, Workers: 4
[4111.477s][debug][gc,phases      ] GC(170) Weak Processing 0.329ms
[4111.477s][debug][gc,age         ] GC(170) Desired survivor size 66060288 bytes, new threshold 15 (max threshold 15)
[4111.477s][info ][gc,heap        ] GC(170) PSYoungGen: 2029231K(2030592K)->52679K(2038272K) Eden: 1985536K(1985536K)->0K(1985536K) From: 43695K(45056K)->52679K(52736K)
[4111.477s][info ][gc,heap        ] GC(170) ParOldGen: 494669K(559616K)->494693K(559616K)
[4111.477s][info ][gc,metaspace   ] GC(170) Metaspace: 86448K(87424K)->86448K(87424K) NonClass: 74431K(74944K)->74431K(74944K) Class: 12016K(12480K)->12016K(12480K)
[4111.477s][info ][gc             ] GC(170) Pause Young (Allocation Failure) 2464M->534M(2537M) 15.947ms
[4111.477s][info ][gc,cpu         ] GC(170) User=0.06s Sys=0.00s Real=0.02s
[4111.477s][info ][safepoint      ] Safepoint "ParallelGCFailedAllocation", Time since last: 1303084822 ns, Reaching safepoint: 41900 ns, At safepoint: 16044319 ns, Total: 16086219 ns
[4114.477s][info ][safepoint      ] Safepoint "Cleanup", Time since last: 3000212853 ns, Reaching safepoint: 40401 ns, At safepoint: 3000 ns, Total: 43401 ns
[4115.477s][info ][safepoint      ] Safepoint "Cleanup", Time since last: 1000103270 ns, Reaching safepoint: 50100 ns, At safepoint: 8400 ns, Total: 58500 ns
[4116.478s][info ][safepoint      ] Safepoint "Cleanup", Time since last: 1000104462 ns, Reaching safepoint: 48301 ns, At safepoint: 6100 ns, Total: 54401 ns
[4118.478s][info ][safepoint      ] Safepoint "Cleanup", Time since last: 2000174200 ns, Reaching safepoint: 43801 ns, At safepoint: 4200 ns, Total: 48001 ns
[4120.478s][info ][safepoint      ] Safepoint "Cleanup", Time since last: 2000184970 ns, Reaching safepoint: 82201 ns, At safepoint: 5900 ns, Total: 88101 ns
[4121.478s][info ][safepoint      ] Safepoint "Cleanup", Time since last: 1000123324 ns, Reaching safepoint: 70201 ns, At safepoint: 9700 ns, Total: 79901 ns
[4122.478s][info ][safepoint      ] Safepoint "Cleanup", Time since last: 1000120717 ns, Reaching safepoint: 49200 ns, At safepoint: 3800 ns, Total: 53000 ns
[4123.479s][info ][safepoint      ] Safepoint "Cleanup", Time since last: 1000116609 ns, Reaching safepoint: 116402 ns, At safepoint: 10300 ns, Total: 126702 ns
[4124.479s][info ][safepoint      ] Safepoint "Cleanup", Time since last: 1000122201 ns, Reaching safepoint: 44500 ns, At safepoint: 3700 ns, Total: 48200 ns
[4125.479s][info ][safepoint      ] Safepoint "Cleanup", Time since last: 1000115294 ns, Reaching safepoint: 52801 ns, At safepoint: 4100 ns, Total: 56901 ns
[4126.479s][info ][safepoint      ] Safepoint "Cleanup", Time since last: 1000113286 ns, Reaching safepoint: 51300 ns, At safepoint: 6100 ns, Total: 57400 ns
[4132.480s][info ][safepoint      ] Safepoint "Cleanup", Time since last: 6000401955 ns, Reaching safepoint: 52400 ns, At safepoint: 30301 ns, Total: 82701 ns
[4137.480s][info ][safepoint      ] Safepoint "Cleanup", Time since last: 5000351490 ns, Reaching safepoint: 52801 ns, At safepoint: 8600 ns, Total: 61401 ns
[4144.481s][info ][safepoint      ] Safepoint "Cleanup", Time since last: 7000495318 ns, Reaching safepoint: 50101 ns, At safepoint: 2600 ns, Total: 52701 ns
[4145.481s][info ][safepoint      ] Safepoint "Cleanup", Time since last: 1000066545 ns, Reaching safepoint: 49400 ns, At safepoint: 6300 ns, Total: 55700 ns
[4148.481s][info ][safepoint      ] Safepoint "Cleanup", Time since last: 3000244992 ns, Reaching safepoint: 49300 ns, At safepoint: 4900 ns, Total: 54200 ns
[4150.481s][info ][safepoint      ] Safepoint "Cleanup", Time since last: 2000139825 ns, Reaching safepoint: 29900 ns, At safepoint: 3600 ns, Total: 33500 ns
[4151.329s][info ][gc,start       ] GC(171) Pause Young (Allocation Failure)
[4151.357s][debug][gc,phases      ] GC(171) Scavenge 28.166ms
[4151.357s][debug][gc,ref         ] GC(171) Skipped phase 1 of Reference Processing: no references
[4151.357s][debug][gc,ref         ] GC(171) ReferenceProcessor::execute queues: 1, RefProcThreadModel::Single, marks_oops_alive: false
[4151.357s][debug][gc,ref         ] GC(171) Skipped phase 3 of Reference Processing: no references
[4151.357s][debug][gc,ref         ] GC(171) ReferenceProcessor::execute queues: 1, RefProcThreadModel::Single, marks_oops_alive: false
[4151.357s][debug][gc,phases      ] GC(171) Reference Processing 0.159ms
[4151.357s][debug][gc,phases      ] GC(171)   VM Weak                        Min:  0.0, Avg:  0.0, Max:  0.0, Diff:  0.0, Sum:  0.0, Workers: 4
[4151.357s][debug][gc,phases      ] GC(171)     Dead                           Min: 0, Avg:  0.0, Max: 0, Diff: 0, Sum: 0, Workers: 4
[4151.358s][debug][gc,phases      ] GC(171)     Total                          Min: 0, Avg: 197.0, Max: 576, Diff: 576, Sum: 788, Workers: 4
[4151.358s][debug][gc,phases      ] GC(171)   ObjectSynchronizer Weak        Min:  0.0, Avg:  0.0, Max:  0.0, Diff:  0.0, Sum:  0.0, Workers: 4
[4151.358s][debug][gc,phases      ] GC(171)     Dead                           Min: 0, Avg:  0.0, Max: 0, Diff: 0, Sum: 0, Workers: 4
[4151.358s][debug][gc,phases      ] GC(171)     Total                          Min: 0, Avg: 62.2, Max: 128, Diff: 128, Sum: 249, Workers: 4
[4151.358s][debug][gc,phases      ] GC(171)   JVMTI Tag Weak OopStorage      Min:  0.0, Avg:  0.0, Max:  0.0, Diff:  0.0, Sum:  0.0, Workers: 4
[4151.358s][debug][gc,phases      ] GC(171)     Dead                           Min: 0, Avg:  0.0, Max: 0, Diff: 0, Sum: 0, Workers: 4
[4151.358s][debug][gc,phases      ] GC(171)     Total                          Min: 0, Avg:  0.0, Max: 0, Diff: 0, Sum: 0, Workers: 4
[4151.358s][debug][gc,phases      ] GC(171)   StringTable Weak               Min:  0.0, Avg:  0.2, Max:  0.2, Diff:  0.2, Sum:  0.6, Workers: 4
[4151.358s][debug][gc,phases      ] GC(171)     Dead                           Min: 0, Avg:  0.0, Max: 0, Diff: 0, Sum: 0, Workers: 4
[4151.358s][debug][gc,phases      ] GC(171)     Total                          Min: 0, Avg: 12274.0, Max: 17480, Diff: 17480, Sum: 49096, Workers: 4
[4151.358s][debug][gc,phases      ] GC(171)   ResolvedMethodTable Weak       Min:  0.0, Avg:  0.0, Max:  0.0, Diff:  0.0, Sum:  0.1, Workers: 4
[4151.358s][debug][gc,phases      ] GC(171)     Dead                           Min: 0, Avg:  0.0, Max: 0, Diff: 0, Sum: 0, Workers: 4
[4151.358s][debug][gc,phases      ] GC(171)     Total                          Min: 0, Avg: 2250.8, Max: 3307, Diff: 3307, Sum: 9003, Workers: 4
[4151.358s][debug][gc,phases      ] GC(171)   JNI Weak                       Min:  0.0, Avg:  0.0, Max:  0.0, Diff:  0.0, Sum:  0.0, Workers: 4
[4151.358s][debug][gc,phases      ] GC(171)     Dead                           Min: 0, Avg:  0.0, Max: 0, Diff: 0, Sum: 0, Workers: 4
[4151.358s][debug][gc,phases      ] GC(171)     Total                          Min: 0, Avg:  0.0, Max: 0, Diff: 0, Sum: 0, Workers: 4
[4151.358s][debug][gc,phases      ] GC(171)   StringDedup Table Weak         Min:  0.0, Avg:  0.0, Max:  0.0, Diff:  0.0, Sum:  0.0, Workers: 4
[4151.358s][debug][gc,phases      ] GC(171)     Dead                           Min: 0, Avg:  0.0, Max: 0, Diff: 0, Sum: 0, Workers: 4
[4151.358s][debug][gc,phases      ] GC(171)     Total                          Min: 0, Avg:  0.0, Max: 0, Diff: 0, Sum: 0, Workers: 4
[4151.358s][debug][gc,phases      ] GC(171)   StringDedup Requests0 Weak     Min:  0.0, Avg:  0.0, Max:  0.0, Diff:  0.0, Sum:  0.0, Workers: 4
[4151.358s][debug][gc,phases      ] GC(171)     Dead                           Min: 0, Avg:  0.0, Max: 0, Diff: 0, Sum: 0, Workers: 4
[4151.358s][debug][gc,phases      ] GC(171)     Total                          Min: 0, Avg:  0.0, Max: 0, Diff: 0, Sum: 0, Workers: 4
[4151.358s][debug][gc,phases      ] GC(171)   StringDedup Requests1 Weak     Min:  0.0, Avg:  0.0, Max:  0.0, Diff:  0.0, Sum:  0.0, Workers: 4
[4151.358s][debug][gc,phases      ] GC(171)     Dead                           Min: 0, Avg:  0.0, Max: 0, Diff: 0, Sum: 0, Workers: 4
[4151.358s][debug][gc,phases      ] GC(171)     Total                          Min: 0, Avg:  0.0, Max: 0, Diff: 0, Sum: 0, Workers: 4
[4151.358s][debug][gc,phases      ] GC(171)   Weak JFR Old Object Samples    Min:  0.0, Avg:  0.0, Max:  0.0, Diff:  0.0, Sum:  0.0, Workers: 4
[4151.358s][debug][gc,phases      ] GC(171)     Dead                           Min: 0, Avg:  0.0, Max: 0, Diff: 0, Sum: 0, Workers: 4
[4151.358s][debug][gc,phases      ] GC(171)     Total                          Min: 0, Avg:  0.0, Max: 0, Diff: 0, Sum: 0, Workers: 4
[4151.358s][debug][gc,phases      ] GC(171) Weak Processing 0.453ms
[4151.358s][debug][gc,age         ] GC(171) Desired survivor size 72876032 bytes, new threshold 15 (max threshold 15)
[4151.358s][info ][gc,heap        ] GC(171) PSYoungGen: 2038215K(2038272K)->53608K(2013696K) Eden: 1985536K(1985536K)->0K(1954816K) From: 52679K(52736K)->53608K(58880K)
[4151.358s][info ][gc,heap        ] GC(171) ParOldGen: 494693K(559616K)->494717K(559616K)
[4151.358s][info ][gc,metaspace   ] GC(171) Metaspace: 86454K(87424K)->86454K(87424K) NonClass: 74437K(74944K)->74437K(74944K) Class: 12016K(12480K)->12016K(12480K)
[4151.358s][info ][gc             ] GC(171) Pause Young (Allocation Failure) 2473M->535M(2513M) 28.979ms
[4151.358s][info ][gc,cpu         ] GC(171) User=0.09s Sys=0.00s Real=0.03s
[4151.358s][info ][safepoint      ] Safepoint "ParallelGCFailedAllocation", Time since last: 847315171 ns, Reaching safepoint: 89001 ns, At safepoint: 29092287 ns, Total: 29181288 ns
[4153.358s][info ][safepoint      ] Safepoint "Cleanup", Time since last: 2000154583 ns, Reaching safepoint: 123602 ns, At safepoint: 6100 ns, Total: 129702 ns
[4154.358s][info ][safepoint      ] Safepoint "Cleanup", Time since last: 1000118282 ns, Reaching safepoint: 150802 ns, At safepoint: 11900 ns, Total: 162702 ns
[4157.359s][info ][safepoint      ] Safepoint "Cleanup", Time since last: 3000263400 ns, Reaching safepoint: 122902 ns, At safepoint: 6300 ns, Total: 129202 ns
[4160.359s][info ][safepoint      ] Safepoint "Cleanup", Time since last: 3000250637 ns, Reaching safepoint: 124101 ns, At safepoint: 15701 ns, Total: 139802 ns
[4161.359s][info ][safepoint      ] Safepoint "Cleanup", Time since last: 1000121231 ns, Reaching safepoint: 120302 ns, At safepoint: 6900 ns, Total: 127202 ns
[4165.360s][info ][safepoint      ] Safepoint "Cleanup", Time since last: 4000320255 ns, Reaching safepoint: 120602 ns, At safepoint: 9000 ns, Total: 129602 ns
[4166.360s][info ][safepoint      ] Safepoint "Cleanup", Time since last: 1000126497 ns, Reaching safepoint: 53201 ns, At safepoint: 4100 ns, Total: 57301 ns
[4167.360s][info ][safepoint      ] Safepoint "Cleanup", Time since last: 1000117490 ns, Reaching safepoint: 130802 ns, At safepoint: 10600 ns, Total: 141402 ns
[4171.361s][info ][safepoint      ] Safepoint "Cleanup", Time since last: 4000339788 ns, Reaching safepoint: 119702 ns, At safepoint: 9000 ns, Total: 128702 ns
[4176.361s][info ][safepoint      ] Safepoint "Cleanup", Time since last: 5000396305 ns, Reaching safepoint: 128902 ns, At safepoint: 7000 ns, Total: 135902 ns
[4196.607s][info ][gc,start       ] GC(172) Pause Young (Allocation Failure)
[4196.625s][debug][gc,phases      ] GC(172) Scavenge 18.412ms
[4196.625s][debug][gc,ref         ] GC(172) Skipped phase 1 of Reference Processing: no references
[4196.625s][debug][gc,ref         ] GC(172) ReferenceProcessor::execute queues: 1, RefProcThreadModel::Single, marks_oops_alive: false
[4196.625s][debug][gc,ref         ] GC(172) Skipped phase 3 of Reference Processing: no references
[4196.625s][debug][gc,ref         ] GC(172) ReferenceProcessor::execute queues: 1, RefProcThreadModel::Single, marks_oops_alive: false
[4196.625s][debug][gc,phases      ] GC(172) Reference Processing 0.190ms
[4196.626s][debug][gc,phases      ] GC(172)   VM Weak                        Min:  0.0, Avg:  0.0, Max:  0.0, Diff:  0.0, Sum:  0.0, Workers: 4
[4196.626s][debug][gc,phases      ] GC(172)     Dead                           Min: 0, Avg:  0.0, Max: 0, Diff: 0, Sum: 0, Workers: 4
[4196.626s][debug][gc,phases      ] GC(172)     Total                          Min: 0, Avg: 197.0, Max: 468, Diff: 468, Sum: 788, Workers: 4
[4196.626s][debug][gc,phases      ] GC(172)   ObjectSynchronizer Weak        Min:  0.0, Avg:  0.0, Max:  0.0, Diff:  0.0, Sum:  0.0, Workers: 4
[4196.626s][debug][gc,phases      ] GC(172)     Dead                           Min: 0, Avg:  0.0, Max: 0, Diff: 0, Sum: 0, Workers: 4
[4196.626s][debug][gc,phases      ] GC(172)     Total                          Min: 0, Avg: 62.2, Max: 128, Diff: 128, Sum: 249, Workers: 4
[4196.626s][debug][gc,phases      ] GC(172)   JVMTI Tag Weak OopStorage      Min:  0.0, Avg:  0.0, Max:  0.0, Diff:  0.0, Sum:  0.0, Workers: 4
[4196.626s][debug][gc,phases      ] GC(172)     Dead                           Min: 0, Avg:  0.0, Max: 0, Diff: 0, Sum: 0, Workers: 4
[4196.626s][debug][gc,phases      ] GC(172)     Total                          Min: 0, Avg:  0.0, Max: 0, Diff: 0, Sum: 0, Workers: 4
[4196.626s][debug][gc,phases      ] GC(172)   StringTable Weak               Min:  0.2, Avg:  0.2, Max:  0.2, Diff:  0.0, Sum:  0.8, Workers: 4
[4196.626s][debug][gc,phases      ] GC(172)     Dead                           Min: 0, Avg:  0.0, Max: 0, Diff: 0, Sum: 0, Workers: 4
[4196.626s][debug][gc,phases      ] GC(172)     Total                          Min: 11136, Avg: 12274.2, Max: 13449, Diff: 2313, Sum: 49097, Workers: 4
[4196.626s][debug][gc,phases      ] GC(172)   ResolvedMethodTable Weak       Min:  0.0, Avg:  0.0, Max:  0.0, Diff:  0.0, Sum:  0.1, Workers: 4
[4196.626s][debug][gc,phases      ] GC(172)     Dead                           Min: 0, Avg:  0.0, Max: 0, Diff: 0, Sum: 0, Workers: 4
[4196.626s][debug][gc,phases      ] GC(172)     Total                          Min: 2048, Avg: 2250.8, Max: 2496, Diff: 448, Sum: 9003, Workers: 4
[4196.626s][debug][gc,phases      ] GC(172)   JNI Weak                       Min:  0.0, Avg:  0.0, Max:  0.0, Diff:  0.0, Sum:  0.0, Workers: 4
[4196.626s][debug][gc,phases      ] GC(172)     Dead                           Min: 0, Avg:  0.0, Max: 0, Diff: 0, Sum: 0, Workers: 4
[4196.626s][debug][gc,phases      ] GC(172)     Total                          Min: 0, Avg:  0.0, Max: 0, Diff: 0, Sum: 0, Workers: 4
[4196.626s][debug][gc,phases      ] GC(172)   StringDedup Table Weak         Min:  0.0, Avg:  0.0, Max:  0.0, Diff:  0.0, Sum:  0.0, Workers: 4
[4196.626s][debug][gc,phases      ] GC(172)     Dead                           Min: 0, Avg:  0.0, Max: 0, Diff: 0, Sum: 0, Workers: 4
[4196.626s][debug][gc,phases      ] GC(172)     Total                          Min: 0, Avg:  0.0, Max: 0, Diff: 0, Sum: 0, Workers: 4
[4196.626s][debug][gc,phases      ] GC(172)   StringDedup Requests0 Weak     Min:  0.0, Avg:  0.0, Max:  0.0, Diff:  0.0, Sum:  0.0, Workers: 4
[4196.626s][debug][gc,phases      ] GC(172)     Dead                           Min: 0, Avg:  0.0, Max: 0, Diff: 0, Sum: 0, Workers: 4
[4196.626s][debug][gc,phases      ] GC(172)     Total                          Min: 0, Avg:  0.0, Max: 0, Diff: 0, Sum: 0, Workers: 4
[4196.626s][debug][gc,phases      ] GC(172)   StringDedup Requests1 Weak     Min:  0.0, Avg:  0.0, Max:  0.0, Diff:  0.0, Sum:  0.0, Workers: 4
[4196.626s][debug][gc,phases      ] GC(172)     Dead                           Min: 0, Avg:  0.0, Max: 0, Diff: 0, Sum: 0, Workers: 4
[4196.626s][debug][gc,phases      ] GC(172)     Total                          Min: 0, Avg:  0.0, Max: 0, Diff: 0, Sum: 0, Workers: 4
[4196.626s][debug][gc,phases      ] GC(172)   Weak JFR Old Object Samples    Min:  0.0, Avg:  0.0, Max:  0.0, Diff:  0.0, Sum:  0.0, Workers: 4
[4196.626s][debug][gc,phases      ] GC(172)     Dead                           Min: 0, Avg:  0.0, Max: 0, Diff: 0, Sum: 0, Workers: 4
[4196.626s][debug][gc,phases      ] GC(172)     Total                          Min: 0, Avg:  0.0, Max: 0, Diff: 0, Sum: 0, Workers: 4
[4196.626s][debug][gc,phases      ] GC(172) Weak Processing 0.465ms
[4196.626s][debug][gc,age         ] GC(172) Desired survivor size 78643200 bytes, new threshold 15 (max threshold 15)
[4196.626s][info ][gc,heap        ] GC(172) PSYoungGen: 2008424K(2013696K)->53832K(2009088K) Eden: 1954816K(1954816K)->0K(1954816K) From: 53608K(58880K)->53832K(54272K)
[4196.626s][info ][gc,heap        ] GC(172) ParOldGen: 494717K(559616K)->494733K(559616K)
[4196.626s][info ][gc,metaspace   ] GC(172) Metaspace: 86459K(87424K)->86459K(87424K) NonClass: 74442K(74944K)->74442K(74944K) Class: 12016K(12480K)->12016K(12480K)
[4196.626s][info ][gc             ] GC(172) Pause Young (Allocation Failure) 2444M->535M(2508M) 19.246ms
[4196.626s][info ][gc,cpu         ] GC(172) User=0.08s Sys=0.00s Real=0.02s
[4196.626s][info ][safepoint      ] Safepoint "ParallelGCFailedAllocation", Time since last: 20245172792 ns, Reaching safepoint: 31901 ns, At safepoint: 19366551 ns, Total: 19398452 ns
[4205.626s][info ][safepoint      ] Safepoint "Cleanup", Time since last: 9000529427 ns, Reaching safepoint: 45301 ns, At safepoint: 3100 ns, Total: 48401 ns
[4209.627s][info ][safepoint      ] Safepoint "Cleanup", Time since last: 4000297967 ns, Reaching safepoint: 40000 ns, At safepoint: 3100 ns, Total: 43100 ns
[4213.627s][info ][safepoint      ] Safepoint "Cleanup", Time since last: 4000287765 ns, Reaching safepoint: 51500 ns, At safepoint: 9201 ns, Total: 60701 ns
[4225.628s][info ][safepoint      ] Safepoint "Cleanup", Time since last: 12000827186 ns, Reaching safepoint: 47300 ns, At safepoint: 34101 ns, Total: 81401 ns
[4226.628s][info ][safepoint      ] Safepoint "Cleanup", Time since last: 1000105200 ns, Reaching safepoint: 49701 ns, At safepoint: 3000 ns, Total: 52701 ns
[4239.629s][info ][safepoint      ] Safepoint "Cleanup", Time since last: 13000767038 ns, Reaching safepoint: 39200 ns, At safepoint: 6900 ns, Total: 46100 ns
[4240.358s][info ][gc,start       ] GC(173) Pause Young (Allocation Failure)
[4240.373s][debug][gc,phases      ] GC(173) Scavenge 14.957ms
[4240.373s][debug][gc,ref         ] GC(173) Skipped phase 1 of Reference Processing: no references
[4240.374s][debug][gc,ref         ] GC(173) ReferenceProcessor::execute queues: 1, RefProcThreadModel::Single, marks_oops_alive: false
[4240.374s][debug][gc,ref         ] GC(173) Skipped phase 3 of Reference Processing: no references
[4240.374s][debug][gc,ref         ] GC(173) ReferenceProcessor::execute queues: 1, RefProcThreadModel::Single, marks_oops_alive: false
[4240.374s][debug][gc,phases      ] GC(173) Reference Processing 0.125ms
[4240.374s][debug][gc,phases      ] GC(173)   VM Weak                        Min:  0.0, Avg:  0.0, Max:  0.0, Diff:  0.0, Sum:  0.0, Workers: 4
[4240.374s][debug][gc,phases      ] GC(173)     Dead                           Min: 0, Avg:  0.0, Max: 0, Diff: 0, Sum: 0, Workers: 4
[4240.374s][debug][gc,phases      ] GC(173)     Total                          Min: 0, Avg: 197.0, Max: 788, Diff: 788, Sum: 788, Workers: 4
[4240.374s][debug][gc,phases      ] GC(173)   ObjectSynchronizer Weak        Min:  0.0, Avg:  0.0, Max:  0.0, Diff:  0.0, Sum:  0.0, Workers: 4
[4240.374s][debug][gc,phases      ] GC(173)     Dead                           Min: 0, Avg:  0.0, Max: 0, Diff: 0, Sum: 0, Workers: 4
[4240.374s][debug][gc,phases      ] GC(173)     Total                          Min: 0, Avg: 62.2, Max: 185, Diff: 185, Sum: 249, Workers: 4
[4240.374s][debug][gc,phases      ] GC(173)   JVMTI Tag Weak OopStorage      Min:  0.0, Avg:  0.0, Max:  0.0, Diff:  0.0, Sum:  0.0, Workers: 4
[4240.374s][debug][gc,phases      ] GC(173)     Dead                           Min: 0, Avg:  0.0, Max: 0, Diff: 0, Sum: 0, Workers: 4
[4240.374s][debug][gc,phases      ] GC(173)     Total                          Min: 0, Avg:  0.0, Max: 0, Diff: 0, Sum: 0, Workers: 4
[4240.374s][debug][gc,phases      ] GC(173)   StringTable Weak               Min:  0.1, Avg:  0.1, Max:  0.1, Diff:  0.0, Sum:  0.4, Workers: 4
[4240.374s][debug][gc,phases      ] GC(173)     Dead                           Min: 0, Avg:  0.0, Max: 0, Diff: 0, Sum: 0, Workers: 4
[4240.374s][debug][gc,phases      ] GC(173)     Total                          Min: 10890, Avg: 12274.5, Max: 13248, Diff: 2358, Sum: 49098, Workers: 4
[4240.374s][debug][gc,phases      ] GC(173)   ResolvedMethodTable Weak       Min:  0.0, Avg:  0.0, Max:  0.0, Diff:  0.0, Sum:  0.1, Workers: 4
[4240.374s][debug][gc,phases      ] GC(173)     Dead                           Min: 0, Avg:  0.0, Max: 0, Diff: 0, Sum: 0, Workers: 4
[4240.374s][debug][gc,phases      ] GC(173)     Total                          Min: 2176, Avg: 2250.8, Max: 2432, Diff: 256, Sum: 9003, Workers: 4
[4240.374s][debug][gc,phases      ] GC(173)   JNI Weak                       Min:  0.0, Avg:  0.0, Max:  0.0, Diff:  0.0, Sum:  0.0, Workers: 4
[4240.374s][debug][gc,phases      ] GC(173)     Dead                           Min: 0, Avg:  0.0, Max: 0, Diff: 0, Sum: 0, Workers: 4
[4240.374s][debug][gc,phases      ] GC(173)     Total                          Min: 0, Avg:  0.0, Max: 0, Diff: 0, Sum: 0, Workers: 4
[4240.374s][debug][gc,phases      ] GC(173)   StringDedup Table Weak         Min:  0.0, Avg:  0.0, Max:  0.0, Diff:  0.0, Sum:  0.0, Workers: 4
[4240.374s][debug][gc,phases      ] GC(173)     Dead                           Min: 0, Avg:  0.0, Max: 0, Diff: 0, Sum: 0, Workers: 4
[4240.374s][debug][gc,phases      ] GC(173)     Total                          Min: 0, Avg:  0.0, Max: 0, Diff: 0, Sum: 0, Workers: 4
[4240.374s][debug][gc,phases      ] GC(173)   StringDedup Requests0 Weak     Min:  0.0, Avg:  0.0, Max:  0.0, Diff:  0.0, Sum:  0.0, Workers: 4
[4240.374s][debug][gc,phases      ] GC(173)     Dead                           Min: 0, Avg:  0.0, Max: 0, Diff: 0, Sum: 0, Workers: 4
[4240.374s][debug][gc,phases      ] GC(173)     Total                          Min: 0, Avg:  0.0, Max: 0, Diff: 0, Sum: 0, Workers: 4
[4240.374s][debug][gc,phases      ] GC(173)   StringDedup Requests1 Weak     Min:  0.0, Avg:  0.0, Max:  0.0, Diff:  0.0, Sum:  0.0, Workers: 4
[4240.374s][debug][gc,phases      ] GC(173)     Dead                           Min: 0, Avg:  0.0, Max: 0, Diff: 0, Sum: 0, Workers: 4
[4240.374s][debug][gc,phases      ] GC(173)     Total                          Min: 0, Avg:  0.0, Max: 0, Diff: 0, Sum: 0, Workers: 4
[4240.374s][debug][gc,phases      ] GC(173)   Weak JFR Old Object Samples    Min:  0.0, Avg:  0.0, Max:  0.0, Diff:  0.0, Sum:  0.0, Workers: 4
[4240.374s][debug][gc,phases      ] GC(173)     Dead                           Min: 0, Avg:  0.0, Max: 0, Diff: 0, Sum: 0, Workers: 4
[4240.374s][debug][gc,phases      ] GC(173)     Total                          Min: 0, Avg:  0.0, Max: 0, Diff: 0, Sum: 0, Workers: 4
[4240.374s][debug][gc,phases      ] GC(173) Weak Processing 0.316ms
[4240.374s][debug][gc,age         ] GC(173) Desired survivor size 81264640 bytes, new threshold 15 (max threshold 15)
[4240.374s][info ][gc,heap        ] GC(173) PSYoungGen: 2008648K(2009088K)->48799K(2015232K) Eden: 1954816K(1954816K)->0K(1938432K) From: 53832K(54272K)->48799K(76800K)
[4240.374s][info ][gc,heap        ] GC(173) ParOldGen: 494733K(559616K)->494749K(559616K)
[4240.374s][info ][gc,metaspace   ] GC(173) Metaspace: 86465K(87424K)->86465K(87424K) NonClass: 74448K(74944K)->74448K(74944K) Class: 12016K(12480K)->12016K(12480K)
[4240.374s][info ][gc             ] GC(173) Pause Young (Allocation Failure) 2444M->530M(2514M) 15.555ms
[4240.374s][info ][gc,cpu         ] GC(173) User=0.06s Sys=0.01s Real=0.02s
[4240.374s][info ][safepoint      ] Safepoint "ParallelGCFailedAllocation", Time since last: 729329674 ns, Reaching safepoint: 59600 ns, At safepoint: 15640099 ns, Total: 15699699 ns
[4241.374s][info ][safepoint      ] Safepoint "Cleanup", Time since last: 1000084510 ns, Reaching safepoint: 46001 ns, At safepoint: 3500 ns, Total: 49501 ns
[4243.374s][info ][safepoint      ] Safepoint "Cleanup", Time since last: 2000154102 ns, Reaching safepoint: 49100 ns, At safepoint: 8000 ns, Total: 57100 ns
[4251.375s][info ][safepoint      ] Safepoint "Cleanup", Time since last: 8000522668 ns, Reaching safepoint: 50001 ns, At safepoint: 9700 ns, Total: 59701 ns
[4254.375s][info ][safepoint      ] Safepoint "Cleanup", Time since last: 3000219015 ns, Reaching safepoint: 53201 ns, At safepoint: 10800 ns, Total: 64001 ns
[4255.375s][info ][safepoint      ] Safepoint "Cleanup", Time since last: 1000105527 ns, Reaching safepoint: 48101 ns, At safepoint: 3700 ns, Total: 51801 ns
[4263.376s][info ][safepoint      ] Safepoint "Cleanup", Time since last: 8000563104 ns, Reaching safepoint: 44300 ns, At safepoint: 4100 ns, Total: 48400 ns
[4272.377s][info ][safepoint      ] Safepoint "Cleanup", Time since last: 9000614364 ns, Reaching safepoint: 51501 ns, At safepoint: 6500 ns, Total: 58001 ns
[4295.383s][info ][gc,start       ] GC(174) Pause Young (Allocation Failure)
[4295.396s][debug][gc,phases      ] GC(174) Scavenge 13.252ms
[4295.396s][debug][gc,ref         ] GC(174) Skipped phase 1 of Reference Processing: no references
[4295.396s][debug][gc,ref         ] GC(174) ReferenceProcessor::execute queues: 1, RefProcThreadModel::Single, marks_oops_alive: false
[4295.396s][debug][gc,ref         ] GC(174) Skipped phase 3 of Reference Processing: no references
[4295.396s][debug][gc,ref         ] GC(174) ReferenceProcessor::execute queues: 1, RefProcThreadModel::Single, marks_oops_alive: false
[4295.396s][debug][gc,phases      ] GC(174) Reference Processing 0.147ms
[4295.397s][debug][gc,phases      ] GC(174)   VM Weak                        Min:  0.0, Avg:  0.0, Max:  0.0, Diff:  0.0, Sum:  0.0, Workers: 4
[4295.397s][debug][gc,phases      ] GC(174)     Dead                           Min: 0, Avg:  0.0, Max: 0, Diff: 0, Sum: 0, Workers: 4
[4295.397s][debug][gc,phases      ] GC(174)     Total                          Min: 0, Avg: 197.0, Max: 532, Diff: 532, Sum: 788, Workers: 4
[4295.397s][debug][gc,phases      ] GC(174)   ObjectSynchronizer Weak        Min:  0.0, Avg:  0.0, Max:  0.0, Diff:  0.0, Sum:  0.0, Workers: 4
[4295.397s][debug][gc,phases      ] GC(174)     Dead                           Min: 0, Avg:  0.0, Max: 0, Diff: 0, Sum: 0, Workers: 4
[4295.397s][debug][gc,phases      ] GC(174)     Total                          Min: 0, Avg: 62.2, Max: 128, Diff: 128, Sum: 249, Workers: 4
[4295.397s][debug][gc,phases      ] GC(174)   JVMTI Tag Weak OopStorage      Min:  0.0, Avg:  0.0, Max:  0.0, Diff:  0.0, Sum:  0.0, Workers: 4
[4295.397s][debug][gc,phases      ] GC(174)     Dead                           Min: 0, Avg:  0.0, Max: 0, Diff: 0, Sum: 0, Workers: 4
[4295.397s][debug][gc,phases      ] GC(174)     Total                          Min: 0, Avg:  0.0, Max: 0, Diff: 0, Sum: 0, Workers: 4
[4295.397s][debug][gc,phases      ] GC(174)   StringTable Weak               Min:  0.1, Avg:  0.1, Max:  0.1, Diff:  0.0, Sum:  0.4, Workers: 4
[4295.397s][debug][gc,phases      ] GC(174)     Dead                           Min: 0, Avg:  0.0, Max: 0, Diff: 0, Sum: 0, Workers: 4
[4295.397s][debug][gc,phases      ] GC(174)     Total                          Min: 11200, Avg: 12274.5, Max: 13376, Diff: 2176, Sum: 49098, Workers: 4
[4295.397s][debug][gc,phases      ] GC(174)   ResolvedMethodTable Weak       Min:  0.0, Avg:  0.0, Max:  0.0, Diff:  0.0, Sum:  0.1, Workers: 4
[4295.397s][debug][gc,phases      ] GC(174)     Dead                           Min: 0, Avg:  0.0, Max: 0, Diff: 0, Sum: 0, Workers: 4
[4295.397s][debug][gc,phases      ] GC(174)     Total                          Min: 2176, Avg: 2250.8, Max: 2432, Diff: 256, Sum: 9003, Workers: 4
[4295.397s][debug][gc,phases      ] GC(174)   JNI Weak                       Min:  0.0, Avg:  0.0, Max:  0.0, Diff:  0.0, Sum:  0.0, Workers: 4
[4295.397s][debug][gc,phases      ] GC(174)     Dead                           Min: 0, Avg:  0.0, Max: 0, Diff: 0, Sum: 0, Workers: 4
[4295.397s][debug][gc,phases      ] GC(174)     Total                          Min: 0, Avg:  0.0, Max: 0, Diff: 0, Sum: 0, Workers: 4
[4295.397s][debug][gc,phases      ] GC(174)   StringDedup Table Weak         Min:  0.0, Avg:  0.0, Max:  0.0, Diff:  0.0, Sum:  0.0, Workers: 4
[4295.397s][debug][gc,phases      ] GC(174)     Dead                           Min: 0, Avg:  0.0, Max: 0, Diff: 0, Sum: 0, Workers: 4
[4295.397s][debug][gc,phases      ] GC(174)     Total                          Min: 0, Avg:  0.0, Max: 0, Diff: 0, Sum: 0, Workers: 4
[4295.397s][debug][gc,phases      ] GC(174)   StringDedup Requests0 Weak     Min:  0.0, Avg:  0.0, Max:  0.0, Diff:  0.0, Sum:  0.0, Workers: 4
[4295.397s][debug][gc,phases      ] GC(174)     Dead                           Min: 0, Avg:  0.0, Max: 0, Diff: 0, Sum: 0, Workers: 4
[4295.397s][debug][gc,phases      ] GC(174)     Total                          Min: 0, Avg:  0.0, Max: 0, Diff: 0, Sum: 0, Workers: 4
[4295.397s][debug][gc,phases      ] GC(174)   StringDedup Requests1 Weak     Min:  0.0, Avg:  0.0, Max:  0.0, Diff:  0.0, Sum:  0.0, Workers: 4
[4295.397s][debug][gc,phases      ] GC(174)     Dead                           Min: 0, Avg:  0.0, Max: 0, Diff: 0, Sum: 0, Workers: 4
[4295.397s][debug][gc,phases      ] GC(174)     Total                          Min: 0, Avg:  0.0, Max: 0, Diff: 0, Sum: 0, Workers: 4
[4295.397s][debug][gc,phases      ] GC(174)   Weak JFR Old Object Samples    Min:  0.0, Avg:  0.0, Max:  0.0, Diff:  0.0, Sum:  0.0, Workers: 4
[4295.397s][debug][gc,phases      ] GC(174)     Dead                           Min: 0, Avg:  0.0, Max: 0, Diff: 0, Sum: 0, Workers: 4
[4295.397s][debug][gc,phases      ] GC(174)     Total                          Min: 0, Avg:  0.0, Max: 0, Diff: 0, Sum: 0, Workers: 4
[4295.397s][debug][gc,phases      ] GC(174) Weak Processing 0.342ms
[4295.397s][debug][gc,age         ] GC(174) Desired survivor size 82837504 bytes, new threshold 15 (max threshold 15)
[4295.397s][info ][gc,heap        ] GC(174) PSYoungGen: 1987231K(2015232K)->48970K(1987584K) Eden: 1938432K(1938432K)->0K(1938432K) From: 48799K(76800K)->48970K(49152K)
[4295.397s][info ][gc,heap        ] GC(174) ParOldGen: 494749K(559616K)->494781K(559616K)
[4295.397s][info ][gc,metaspace   ] GC(174) Metaspace: 86472K(87488K)->86472K(87488K) NonClass: 74455K(75008K)->74455K(75008K) Class: 12016K(12480K)->12016K(12480K)
[4295.397s][info ][gc             ] GC(174) Pause Young (Allocation Failure) 2423M->531M(2487M) 13.883ms
[4295.397s][info ][gc,cpu         ] GC(174) User=0.05s Sys=0.00s Real=0.01s
[4295.397s][info ][safepoint      ] Safepoint "ParallelGCFailedAllocation", Time since last: 23006198678 ns, Reaching safepoint: 110901 ns, At safepoint: 13976873 ns, Total: 14087774 ns
[4299.397s][info ][safepoint      ] Safepoint "Cleanup", Time since last: 4000296651 ns, Reaching safepoint: 68801 ns, At safepoint: 3300 ns, Total: 72101 ns
[4316.609s][info ][safepoint      ] Safepoint "Cleanup", Time since last: 17211153620 ns, Reaching safepoint: 123202 ns, At safepoint: 32000 ns, Total: 155202 ns
[4318.609s][info ][safepoint      ] Safepoint "Cleanup", Time since last: 2000193363 ns, Reaching safepoint: 61000 ns, At safepoint: 5000 ns, Total: 66000 ns
[4320.609s][info ][safepoint      ] Safepoint "Cleanup", Time since last: 2000143942 ns, Reaching safepoint: 44600 ns, At safepoint: 2700 ns, Total: 47300 ns
[4321.609s][info ][safepoint      ] Safepoint "Cleanup", Time since last: 1000107063 ns, Reaching safepoint: 56201 ns, At safepoint: 4500 ns, Total: 60701 ns
[4326.610s][info ][safepoint      ] Safepoint "Cleanup", Time since last: 5000362037 ns, Reaching safepoint: 53401 ns, At safepoint: 6100 ns, Total: 59501 ns
[4330.610s][info ][safepoint      ] Safepoint "Cleanup", Time since last: 4000308899 ns, Reaching safepoint: 54600 ns, At safepoint: 8600 ns, Total: 63200 ns
[4333.610s][info ][safepoint      ] Safepoint "Cleanup", Time since last: 3000245921 ns, Reaching safepoint: 53201 ns, At safepoint: 6100 ns, Total: 59301 ns
[4335.611s][info ][safepoint      ] Safepoint "Cleanup", Time since last: 2000181189 ns, Reaching safepoint: 72701 ns, At safepoint: 4400 ns, Total: 77101 ns
[4338.611s][info ][safepoint      ] Safepoint "Cleanup", Time since last: 3000256546 ns, Reaching safepoint: 51000 ns, At safepoint: 6100 ns, Total: 57100 ns
[4340.611s][info ][safepoint      ] Safepoint "Cleanup", Time since last: 2000182839 ns, Reaching safepoint: 57901 ns, At safepoint: 9400 ns, Total: 67301 ns
[4341.611s][info ][safepoint      ] Safepoint "Cleanup", Time since last: 1000122763 ns, Reaching safepoint: 58600 ns, At safepoint: 3401 ns, Total: 62001 ns
[4344.612s][info ][safepoint      ] Safepoint "Cleanup", Time since last: 3000246956 ns, Reaching safepoint: 49401 ns, At safepoint: 3700 ns, Total: 53101 ns
[4347.980s][info ][gc,start       ] GC(175) Pause Young (Allocation Failure)
[4347.995s][debug][gc,phases      ] GC(175) Scavenge 14.490ms
[4347.995s][debug][gc,ref         ] GC(175) Skipped phase 1 of Reference Processing: no references
[4347.995s][debug][gc,ref         ] GC(175) ReferenceProcessor::execute queues: 1, RefProcThreadModel::Single, marks_oops_alive: false
[4347.995s][debug][gc,ref         ] GC(175) Skipped phase 3 of Reference Processing: no references
[4347.995s][debug][gc,ref         ] GC(175) ReferenceProcessor::execute queues: 1, RefProcThreadModel::Single, marks_oops_alive: false
[4347.995s][debug][gc,phases      ] GC(175) Reference Processing 0.170ms
[4347.995s][debug][gc,phases      ] GC(175)   VM Weak                        Min:  0.0, Avg:  0.0, Max:  0.0, Diff:  0.0, Sum:  0.0, Workers: 4
[4347.995s][debug][gc,phases      ] GC(175)     Dead                           Min: 0, Avg:  0.0, Max: 0, Diff: 0, Sum: 0, Workers: 4
[4347.995s][debug][gc,phases      ] GC(175)     Total                          Min: 0, Avg: 197.0, Max: 704, Diff: 704, Sum: 788, Workers: 4
[4347.995s][debug][gc,phases      ] GC(175)   ObjectSynchronizer Weak        Min:  0.0, Avg:  0.0, Max:  0.0, Diff:  0.0, Sum:  0.0, Workers: 4
[4347.995s][debug][gc,phases      ] GC(175)     Dead                           Min: 0, Avg:  0.0, Max: 0, Diff: 0, Sum: 0, Workers: 4
[4347.995s][debug][gc,phases      ] GC(175)     Total                          Min: 0, Avg: 62.5, Max: 128, Diff: 128, Sum: 250, Workers: 4
[4347.995s][debug][gc,phases      ] GC(175)   JVMTI Tag Weak OopStorage      Min:  0.0, Avg:  0.0, Max:  0.0, Diff:  0.0, Sum:  0.0, Workers: 4
[4347.995s][debug][gc,phases      ] GC(175)     Dead                           Min: 0, Avg:  0.0, Max: 0, Diff: 0, Sum: 0, Workers: 4
[4347.995s][debug][gc,phases      ] GC(175)     Total                          Min: 0, Avg:  0.0, Max: 0, Diff: 0, Sum: 0, Workers: 4
[4347.995s][debug][gc,phases      ] GC(175)   StringTable Weak               Min:  0.1, Avg:  0.1, Max:  0.1, Diff:  0.0, Sum:  0.4, Workers: 4
[4347.995s][debug][gc,phases      ] GC(175)     Dead                           Min: 0, Avg:  0.0, Max: 0, Diff: 0, Sum: 0, Workers: 4
[4347.995s][debug][gc,phases      ] GC(175)     Total                          Min: 11776, Avg: 12275.5, Max: 13198, Diff: 1422, Sum: 49102, Workers: 4
[4347.995s][debug][gc,phases      ] GC(175)   ResolvedMethodTable Weak       Min:  0.0, Avg:  0.0, Max:  0.0, Diff:  0.0, Sum:  0.1, Workers: 4
[4347.995s][debug][gc,phases      ] GC(175)     Dead                           Min: 0, Avg:  0.0, Max: 0, Diff: 0, Sum: 0, Workers: 4
[4347.995s][debug][gc,phases      ] GC(175)     Total                          Min: 2112, Avg: 2251.2, Max: 2349, Diff: 237, Sum: 9005, Workers: 4
[4347.995s][debug][gc,phases      ] GC(175)   JNI Weak                       Min:  0.0, Avg:  0.0, Max:  0.0, Diff:  0.0, Sum:  0.0, Workers: 4
[4347.995s][debug][gc,phases      ] GC(175)     Dead                           Min: 0, Avg:  0.0, Max: 0, Diff: 0, Sum: 0, Workers: 4
[4347.995s][debug][gc,phases      ] GC(175)     Total                          Min: 0, Avg:  0.0, Max: 0, Diff: 0, Sum: 0, Workers: 4
[4347.995s][debug][gc,phases      ] GC(175)   StringDedup Table Weak         Min:  0.0, Avg:  0.0, Max:  0.0, Diff:  0.0, Sum:  0.0, Workers: 4
[4347.995s][debug][gc,phases      ] GC(175)     Dead                           Min: 0, Avg:  0.0, Max: 0, Diff: 0, Sum: 0, Workers: 4
[4347.995s][debug][gc,phases      ] GC(175)     Total                          Min: 0, Avg:  0.0, Max: 0, Diff: 0, Sum: 0, Workers: 4
[4347.995s][debug][gc,phases      ] GC(175)   StringDedup Requests0 Weak     Min:  0.0, Avg:  0.0, Max:  0.0, Diff:  0.0, Sum:  0.0, Workers: 4
[4347.995s][debug][gc,phases      ] GC(175)     Dead                           Min: 0, Avg:  0.0, Max: 0, Diff: 0, Sum: 0, Workers: 4
[4347.995s][debug][gc,phases      ] GC(175)     Total                          Min: 0, Avg:  0.0, Max: 0, Diff: 0, Sum: 0, Workers: 4
[4347.995s][debug][gc,phases      ] GC(175)   StringDedup Requests1 Weak     Min:  0.0, Avg:  0.0, Max:  0.0, Diff:  0.0, Sum:  0.0, Workers: 4
[4347.995s][debug][gc,phases      ] GC(175)     Dead                           Min: 0, Avg:  0.0, Max: 0, Diff: 0, Sum: 0, Workers: 4
[4347.995s][debug][gc,phases      ] GC(175)     Total                          Min: 0, Avg:  0.0, Max: 0, Diff: 0, Sum: 0, Workers: 4
[4347.995s][debug][gc,phases      ] GC(175)   Weak JFR Old Object Samples    Min:  0.0, Avg:  0.0, Max:  0.0, Diff:  0.0, Sum:  0.0, Workers: 4
[4347.995s][debug][gc,phases      ] GC(175)     Dead                           Min: 0, Avg:  0.0, Max: 0, Diff: 0, Sum: 0, Workers: 4
[4347.995s][debug][gc,phases      ] GC(175)     Total                          Min: 0, Avg:  0.0, Max: 0, Diff: 0, Sum: 0, Workers: 4
[4347.995s][debug][gc,phases      ] GC(175) Weak Processing 0.407ms
[4347.995s][debug][gc,age         ] GC(175) Desired survivor size 84410368 bytes, new threshold 15 (max threshold 15)
[4347.995s][info ][gc,heap        ] GC(175) PSYoungGen: 1987402K(1987584K)->49558K(2013184K) Eden: 1938432K(1938432K)->0K(1932288K) From: 48970K(49152K)->49558K(80896K)
[4347.995s][info ][gc,heap        ] GC(175) ParOldGen: 494781K(559616K)->494797K(559616K)
[4347.995s][info ][gc,metaspace   ] GC(175) Metaspace: 86491K(87488K)->86491K(87488K) NonClass: 74474K(75008K)->74474K(75008K) Class: 12017K(12480K)->12017K(12480K)
[4347.995s][info ][gc             ] GC(175) Pause Young (Allocation Failure) 2424M->531M(2512M) 15.223ms
[4347.995s][info ][gc,cpu         ] GC(175) User=0.06s Sys=0.00s Real=0.02s
[4347.995s][info ][safepoint      ] Safepoint "ParallelGCFailedAllocation", Time since last: 3368266775 ns, Reaching safepoint: 40701 ns, At safepoint: 15341686 ns, Total: 15382387 ns
[4359.996s][info ][safepoint      ] Safepoint "Cleanup", Time since last: 12000829887 ns, Reaching safepoint: 62801 ns, At safepoint: 11200 ns, Total: 74001 ns
[4367.997s][info ][safepoint      ] Safepoint "Cleanup", Time since last: 8000545909 ns, Reaching safepoint: 50201 ns, At safepoint: 10500 ns, Total: 60701 ns
[4372.997s][info ][safepoint      ] Safepoint "Cleanup", Time since last: 5000393203 ns, Reaching safepoint: 45001 ns, At safepoint: 4200 ns, Total: 49201 ns
[4380.998s][info ][safepoint      ] Safepoint "Cleanup", Time since last: 8000596223 ns, Reaching safepoint: 48801 ns, At safepoint: 27400 ns, Total: 76201 ns
[4385.998s][info ][safepoint      ] Safepoint "Cleanup", Time since last: 5000359503 ns, Reaching safepoint: 48801 ns, At safepoint: 6300 ns, Total: 55101 ns
[4395.999s][info ][safepoint      ] Safepoint "Cleanup", Time since last: 10000683366 ns, Reaching safepoint: 50001 ns, At safepoint: 3100 ns, Total: 53101 ns
[4397.999s][info ][safepoint      ] Safepoint "Cleanup", Time since last: 2000123799 ns, Reaching safepoint: 50601 ns, At safepoint: 5800 ns, Total: 56401 ns
[4398.999s][info ][safepoint      ] Safepoint "Cleanup", Time since last: 1000115894 ns, Reaching safepoint: 62001 ns, At safepoint: 4000 ns, Total: 66001 ns
[4400.000s][info ][safepoint      ] Safepoint "Cleanup", Time since last: 1000106089 ns, Reaching safepoint: 51001 ns, At safepoint: 10800 ns, Total: 61801 ns
[4405.000s][info ][safepoint      ] Safepoint "Cleanup", Time since last: 5000353378 ns, Reaching safepoint: 116001 ns, At safepoint: 8800 ns, Total: 124801 ns
[4406.000s][info ][safepoint      ] Safepoint "Cleanup", Time since last: 1000103063 ns, Reaching safepoint: 117401 ns, At safepoint: 7901 ns, Total: 125302 ns
[4407.001s][info ][safepoint      ] Safepoint "Cleanup", Time since last: 1000107558 ns, Reaching safepoint: 118702 ns, At safepoint: 5700 ns, Total: 124402 ns
[4408.154s][info ][gc,start       ] GC(176) Pause Young (Allocation Failure)
[4408.166s][debug][gc,phases      ] GC(176) Scavenge 12.071ms
[4408.166s][debug][gc,ref         ] GC(176) Skipped phase 1 of Reference Processing: no references
[4408.166s][debug][gc,ref         ] GC(176) ReferenceProcessor::execute queues: 1, RefProcThreadModel::Single, marks_oops_alive: false
[4408.166s][debug][gc,ref         ] GC(176) Skipped phase 3 of Reference Processing: no references
[4408.166s][debug][gc,ref         ] GC(176) ReferenceProcessor::execute queues: 1, RefProcThreadModel::Single, marks_oops_alive: false
[4408.166s][debug][gc,phases      ] GC(176) Reference Processing 0.146ms
[4408.167s][debug][gc,phases      ] GC(176)   VM Weak                        Min:  0.0, Avg:  0.0, Max:  0.0, Diff:  0.0, Sum:  0.0, Workers: 4
[4408.167s][debug][gc,phases      ] GC(176)     Dead                           Min: 0, Avg:  0.0, Max: 0, Diff: 0, Sum: 0, Workers: 4
[4408.167s][debug][gc,phases      ] GC(176)     Total                          Min: 0, Avg: 197.0, Max: 704, Diff: 704, Sum: 788, Workers: 4
[4408.167s][debug][gc,phases      ] GC(176)   ObjectSynchronizer Weak        Min:  0.0, Avg:  0.0, Max:  0.0, Diff:  0.0, Sum:  0.0, Workers: 4
[4408.167s][debug][gc,phases      ] GC(176)     Dead                           Min: 0, Avg:  0.0, Max: 0, Diff: 0, Sum: 0, Workers: 4
[4408.167s][debug][gc,phases      ] GC(176)     Total                          Min: 0, Avg: 62.5, Max: 128, Diff: 128, Sum: 250, Workers: 4
[4408.167s][debug][gc,phases      ] GC(176)   JVMTI Tag Weak OopStorage      Min:  0.0, Avg:  0.0, Max:  0.0, Diff:  0.0, Sum:  0.0, Workers: 4
[4408.167s][debug][gc,phases      ] GC(176)     Dead                           Min: 0, Avg:  0.0, Max: 0, Diff: 0, Sum: 0, Workers: 4
[4408.167s][debug][gc,phases      ] GC(176)     Total                          Min: 0, Avg:  0.0, Max: 0, Diff: 0, Sum: 0, Workers: 4
[4408.167s][debug][gc,phases      ] GC(176)   StringTable Weak               Min:  0.1, Avg:  0.1, Max:  0.1, Diff:  0.0, Sum:  0.4, Workers: 4
[4408.167s][debug][gc,phases      ] GC(176)     Dead                           Min: 0, Avg:  0.2, Max: 1, Diff: 1, Sum: 1, Workers: 4
[4408.167s][debug][gc,phases      ] GC(176)     Total                          Min: 11776, Avg: 12276.0, Max: 12688, Diff: 912, Sum: 49104, Workers: 4
[4408.167s][debug][gc,phases      ] GC(176)   ResolvedMethodTable Weak       Min:  0.0, Avg:  0.0, Max:  0.0, Diff:  0.0, Sum:  0.1, Workers: 4
[4408.167s][debug][gc,phases      ] GC(176)     Dead                           Min: 0, Avg:  0.0, Max: 0, Diff: 0, Sum: 0, Workers: 4
[4408.167s][debug][gc,phases      ] GC(176)     Total                          Min: 2176, Avg: 2252.2, Max: 2353, Diff: 177, Sum: 9009, Workers: 4
[4408.167s][debug][gc,phases      ] GC(176)   JNI Weak                       Min:  0.0, Avg:  0.0, Max:  0.0, Diff:  0.0, Sum:  0.0, Workers: 4
[4408.167s][debug][gc,phases      ] GC(176)     Dead                           Min: 0, Avg:  0.0, Max: 0, Diff: 0, Sum: 0, Workers: 4
[4408.167s][debug][gc,phases      ] GC(176)     Total                          Min: 0, Avg:  0.0, Max: 0, Diff: 0, Sum: 0, Workers: 4
[4408.167s][debug][gc,phases      ] GC(176)   StringDedup Table Weak         Min:  0.0, Avg:  0.0, Max:  0.0, Diff:  0.0, Sum:  0.0, Workers: 4
[4408.167s][debug][gc,phases      ] GC(176)     Dead                           Min: 0, Avg:  0.0, Max: 0, Diff: 0, Sum: 0, Workers: 4
[4408.167s][debug][gc,phases      ] GC(176)     Total                          Min: 0, Avg:  0.0, Max: 0, Diff: 0, Sum: 0, Workers: 4
[4408.167s][debug][gc,phases      ] GC(176)   StringDedup Requests0 Weak     Min:  0.0, Avg:  0.0, Max:  0.0, Diff:  0.0, Sum:  0.0, Workers: 4
[4408.167s][debug][gc,phases      ] GC(176)     Dead                           Min: 0, Avg:  0.0, Max: 0, Diff: 0, Sum: 0, Workers: 4
[4408.167s][debug][gc,phases      ] GC(176)     Total                          Min: 0, Avg:  0.0, Max: 0, Diff: 0, Sum: 0, Workers: 4
[4408.167s][debug][gc,phases      ] GC(176)   StringDedup Requests1 Weak     Min:  0.0, Avg:  0.0, Max:  0.0, Diff:  0.0, Sum:  0.0, Workers: 4
[4408.167s][debug][gc,phases      ] GC(176)     Dead                           Min: 0, Avg:  0.0, Max: 0, Diff: 0, Sum: 0, Workers: 4
[4408.167s][debug][gc,phases      ] GC(176)     Total                          Min: 0, Avg:  0.0, Max: 0, Diff: 0, Sum: 0, Workers: 4
[4408.167s][debug][gc,phases      ] GC(176)   Weak JFR Old Object Samples    Min:  0.0, Avg:  0.0, Max:  0.0, Diff:  0.0, Sum:  0.0, Workers: 4
[4408.167s][debug][gc,phases      ] GC(176)     Dead                           Min: 0, Avg:  0.0, Max: 0, Diff: 0, Sum: 0, Workers: 4
[4408.167s][debug][gc,phases      ] GC(176)     Total                          Min: 0, Avg:  0.0, Max: 0, Diff: 0, Sum: 0, Workers: 4
[4408.167s][debug][gc,phases      ] GC(176) Weak Processing 0.324ms
[4408.167s][debug][gc,age         ] GC(176) Desired survivor size 85458944 bytes, new threshold 15 (max threshold 15)
[4408.167s][info ][gc,heap        ] GC(176) PSYoungGen: 1981846K(2013184K)->49711K(1982464K) Eden: 1932288K(1932288K)->0K(1932288K) From: 49558K(80896K)->49711K(50176K)
[4408.167s][info ][gc,heap        ] GC(176) ParOldGen: 494797K(559616K)->494881K(559616K)
[4408.167s][info ][gc,metaspace   ] GC(176) Metaspace: 86503K(87488K)->86503K(87488K) NonClass: 74484K(75008K)->74484K(75008K) Class: 12019K(12480K)->12019K(12480K)
[4408.167s][info ][gc             ] GC(176) Pause Young (Allocation Failure) 2418M->531M(2482M) 12.678ms
[4408.167s][info ][gc,cpu         ] GC(176) User=0.05s Sys=0.00s Real=0.01s
[4408.167s][info ][safepoint      ] Safepoint "ParallelGCFailedAllocation", Time since last: 1153515472 ns, Reaching safepoint: 42400 ns, At safepoint: 12764752 ns, Total: 12807152 ns
[4412.167s][info ][safepoint      ] Safepoint "Cleanup", Time since last: 4000281069 ns, Reaching safepoint: 37100 ns, At safepoint: 27800 ns, Total: 64900 ns
[4413.167s][info ][safepoint      ] Safepoint "Cleanup", Time since last: 1000098132 ns, Reaching safepoint: 53101 ns, At safepoint: 3900 ns, Total: 57001 ns
[4415.168s][info ][safepoint      ] Safepoint "Cleanup", Time since last: 2000162950 ns, Reaching safepoint: 61601 ns, At safepoint: 17600 ns, Total: 79201 ns
[4417.167s][info ][safepoint      ] Safepoint "Cleanup", Time since last: 1999238322 ns, Reaching safepoint: 66901 ns, At safepoint: 7100 ns, Total: 74001 ns
[4418.167s][info ][safepoint      ] Safepoint "Cleanup", Time since last: 1000129011 ns, Reaching safepoint: 46100 ns, At safepoint: 14500 ns, Total: 60600 ns
[4420.167s][info ][safepoint      ] Safepoint "Cleanup", Time since last: 2000169108 ns, Reaching safepoint: 38500 ns, At safepoint: 2700 ns, Total: 41200 ns
[4421.167s][info ][safepoint      ] Safepoint "Cleanup", Time since last: 1000115498 ns, Reaching safepoint: 41701 ns, At safepoint: 3100 ns, Total: 44801 ns
[4423.168s][info ][safepoint      ] Safepoint "Cleanup", Time since last: 2000190782 ns, Reaching safepoint: 252903 ns, At safepoint: 13900 ns, Total: 266803 ns
[4424.989s][info ][safepoint      ] Safepoint "Cleanup", Time since last: 1820978255 ns, Reaching safepoint: 90301 ns, At safepoint: 10900 ns, Total: 101201 ns
[4425.989s][info ][safepoint      ] Safepoint "Cleanup", Time since last: 1000105377 ns, Reaching safepoint: 45801 ns, At safepoint: 2800 ns, Total: 48601 ns
[4427.532s][info ][safepoint      ] Safepoint "Cleanup", Time since last: 1542860861 ns, Reaching safepoint: 102701 ns, At safepoint: 6900 ns, Total: 109601 ns
[4428.532s][info ][safepoint      ] Safepoint "Cleanup", Time since last: 1000104567 ns, Reaching safepoint: 45500 ns, At safepoint: 5800 ns, Total: 51300 ns
[4429.532s][info ][safepoint      ] Safepoint "Cleanup", Time since last: 1000108363 ns, Reaching safepoint: 51600 ns, At safepoint: 2900 ns, Total: 54500 ns
[4430.533s][info ][safepoint      ] Safepoint "Cleanup", Time since last: 1000103659 ns, Reaching safepoint: 45200 ns, At safepoint: 4000 ns, Total: 49200 ns
[4431.533s][info ][safepoint      ] Safepoint "Cleanup", Time since last: 1000095555 ns, Reaching safepoint: 48400 ns, At safepoint: 13100 ns, Total: 61500 ns
[4438.533s][info ][safepoint      ] Safepoint "Cleanup", Time since last: 7000496061 ns, Reaching safepoint: 48401 ns, At safepoint: 9700 ns, Total: 58101 ns
[4439.552s][info ][gc,start       ] GC(177) Pause Young (Allocation Failure)
[4439.571s][debug][gc,phases      ] GC(177) Scavenge 18.988ms
[4439.571s][debug][gc,ref         ] GC(177) Skipped phase 1 of Reference Processing: no references
[4439.571s][debug][gc,ref         ] GC(177) ReferenceProcessor::execute queues: 1, RefProcThreadModel::Single, marks_oops_alive: false
[4439.571s][debug][gc,ref         ] GC(177) Skipped phase 3 of Reference Processing: no references
[4439.571s][debug][gc,ref         ] GC(177) ReferenceProcessor::execute queues: 1, RefProcThreadModel::Single, marks_oops_alive: false
[4439.571s][debug][gc,phases      ] GC(177) Reference Processing 0.154ms
[4439.572s][debug][gc,phases      ] GC(177)   VM Weak                        Min:  0.0, Avg:  0.0, Max:  0.0, Diff:  0.0, Sum:  0.0, Workers: 4
[4439.572s][debug][gc,phases      ] GC(177)     Dead                           Min: 0, Avg:  0.0, Max: 0, Diff: 0, Sum: 0, Workers: 4
[4439.572s][debug][gc,phases      ] GC(177)     Total                          Min: 0, Avg: 197.0, Max: 660, Diff: 660, Sum: 788, Workers: 4
[4439.572s][debug][gc,phases      ] GC(177)   ObjectSynchronizer Weak        Min:  0.0, Avg:  0.0, Max:  0.0, Diff:  0.0, Sum:  0.0, Workers: 4
[4439.572s][debug][gc,phases      ] GC(177)     Dead                           Min: 0, Avg:  0.0, Max: 0, Diff: 0, Sum: 0, Workers: 4
[4439.572s][debug][gc,phases      ] GC(177)     Total                          Min: 0, Avg: 62.5, Max: 128, Diff: 128, Sum: 250, Workers: 4
[4439.572s][debug][gc,phases      ] GC(177)   JVMTI Tag Weak OopStorage      Min:  0.0, Avg:  0.0, Max:  0.0, Diff:  0.0, Sum:  0.0, Workers: 4
[4439.572s][debug][gc,phases      ] GC(177)     Dead                           Min: 0, Avg:  0.0, Max: 0, Diff: 0, Sum: 0, Workers: 4
[4439.572s][debug][gc,phases      ] GC(177)     Total                          Min: 0, Avg:  0.0, Max: 0, Diff: 0, Sum: 0, Workers: 4
[4439.572s][debug][gc,phases      ] GC(177)   StringTable Weak               Min:  0.1, Avg:  0.1, Max:  0.1, Diff:  0.0, Sum:  0.4, Workers: 4
[4439.572s][debug][gc,phases      ] GC(177)     Dead                           Min: 0, Avg:  0.0, Max: 0, Diff: 0, Sum: 0, Workers: 4
[4439.572s][debug][gc,phases      ] GC(177)     Total                          Min: 11264, Avg: 12278.0, Max: 13592, Diff: 2328, Sum: 49112, Workers: 4
[4439.572s][debug][gc,phases      ] GC(177)   ResolvedMethodTable Weak       Min:  0.0, Avg:  0.0, Max:  0.0, Diff:  0.0, Sum:  0.1, Workers: 4
[4439.572s][debug][gc,phases      ] GC(177)     Dead                           Min: 0, Avg:  0.0, Max: 0, Diff: 0, Sum: 0, Workers: 4
[4439.572s][debug][gc,phases      ] GC(177)     Total                          Min: 1664, Avg: 2252.8, Max: 2739, Diff: 1075, Sum: 9011, Workers: 4
[4439.572s][debug][gc,phases      ] GC(177)   JNI Weak                       Min:  0.0, Avg:  0.0, Max:  0.0, Diff:  0.0, Sum:  0.0, Workers: 4
[4439.572s][debug][gc,phases      ] GC(177)     Dead                           Min: 0, Avg:  0.0, Max: 0, Diff: 0, Sum: 0, Workers: 4
[4439.572s][debug][gc,phases      ] GC(177)     Total                          Min: 0, Avg:  0.0, Max: 0, Diff: 0, Sum: 0, Workers: 4
[4439.572s][debug][gc,phases      ] GC(177)   StringDedup Table Weak         Min:  0.0, Avg:  0.0, Max:  0.0, Diff:  0.0, Sum:  0.0, Workers: 4
[4439.572s][debug][gc,phases      ] GC(177)     Dead                           Min: 0, Avg:  0.0, Max: 0, Diff: 0, Sum: 0, Workers: 4
[4439.572s][debug][gc,phases      ] GC(177)     Total                          Min: 0, Avg:  0.0, Max: 0, Diff: 0, Sum: 0, Workers: 4
[4439.572s][debug][gc,phases      ] GC(177)   StringDedup Requests0 Weak     Min:  0.0, Avg:  0.0, Max:  0.0, Diff:  0.0, Sum:  0.0, Workers: 4
[4439.572s][debug][gc,phases      ] GC(177)     Dead                           Min: 0, Avg:  0.0, Max: 0, Diff: 0, Sum: 0, Workers: 4
[4439.572s][debug][gc,phases      ] GC(177)     Total                          Min: 0, Avg:  0.0, Max: 0, Diff: 0, Sum: 0, Workers: 4
[4439.572s][debug][gc,phases      ] GC(177)   StringDedup Requests1 Weak     Min:  0.0, Avg:  0.0, Max:  0.0, Diff:  0.0, Sum:  0.0, Workers: 4
[4439.572s][debug][gc,phases      ] GC(177)     Dead                           Min: 0, Avg:  0.0, Max: 0, Diff: 0, Sum: 0, Workers: 4
[4439.572s][debug][gc,phases      ] GC(177)     Total                          Min: 0, Avg:  0.0, Max: 0, Diff: 0, Sum: 0, Workers: 4
[4439.572s][debug][gc,phases      ] GC(177)   Weak JFR Old Object Samples    Min:  0.0, Avg:  0.0, Max:  0.0, Diff:  0.0, Sum:  0.0, Workers: 4
[4439.572s][debug][gc,phases      ] GC(177)     Dead                           Min: 0, Avg:  0.0, Max: 0, Diff: 0, Sum: 0, Workers: 4
[4439.572s][debug][gc,phases      ] GC(177)     Total                          Min: 0, Avg:  0.0, Max: 0, Diff: 0, Sum: 0, Workers: 4
[4439.572s][debug][gc,phases      ] GC(177) Weak Processing 0.336ms
[4439.572s][debug][gc,age         ] GC(177) Desired survivor size 91226112 bytes, new threshold 15 (max threshold 15)
[4439.572s][info ][gc,heap        ] GC(177) PSYoungGen: 1981999K(1982464K)->64631K(2002432K) Eden: 1932288K(1932288K)->0K(1918976K) From: 49711K(50176K)->64631K(83456K)
[4439.572s][info ][gc,heap        ] GC(177) ParOldGen: 494881K(559616K)->494913K(559616K)
[4439.572s][info ][gc,metaspace   ] GC(177) Metaspace: 86586K(87552K)->86586K(87552K) NonClass: 74565K(75072K)->74565K(75072K) Class: 12020K(12480K)->12020K(12480K)
[4439.572s][info ][gc             ] GC(177) Pause Young (Allocation Failure) 2418M->546M(2502M) 19.613ms
[4439.572s][info ][gc,cpu         ] GC(177) User=0.08s Sys=0.00s Real=0.02s
[4439.572s][info ][safepoint      ] Safepoint "ParallelGCFailedAllocation", Time since last: 1018729039 ns, Reaching safepoint: 98502 ns, At safepoint: 19719631 ns, Total: 19818133 ns
[4441.572s][info ][safepoint      ] Safepoint "Cleanup", Time since last: 2000153529 ns, Reaching safepoint: 52800 ns, At safepoint: 13101 ns, Total: 65901 ns
[4449.573s][info ][safepoint      ] Safepoint "Cleanup", Time since last: 8000563654 ns, Reaching safepoint: 55401 ns, At safepoint: 6800 ns, Total: 62201 ns
[4451.573s][info ][safepoint      ] Safepoint "Cleanup", Time since last: 2000173249 ns, Reaching safepoint: 119501 ns, At safepoint: 7500 ns, Total: 127001 ns
[4453.573s][info ][safepoint      ] Safepoint "Cleanup", Time since last: 2000129333 ns, Reaching safepoint: 46300 ns, At safepoint: 6100 ns, Total: 52400 ns
[4454.573s][info ][safepoint      ] Safepoint "Cleanup", Time since last: 1000105061 ns, Reaching safepoint: 64201 ns, At safepoint: 3900 ns, Total: 68101 ns
[4455.574s][info ][safepoint      ] Safepoint "Cleanup", Time since last: 1000112556 ns, Reaching safepoint: 42301 ns, At safepoint: 3500 ns, Total: 45801 ns
[4456.574s][info ][safepoint      ] Safepoint "Cleanup", Time since last: 1000110053 ns, Reaching safepoint: 36100 ns, At safepoint: 3600 ns, Total: 39700 ns
[4457.574s][info ][safepoint      ] Safepoint "Cleanup", Time since last: 1000106249 ns, Reaching safepoint: 27900 ns, At safepoint: 2900 ns, Total: 30800 ns
[4458.574s][info ][safepoint      ] Safepoint "Cleanup", Time since last: 1000111145 ns, Reaching safepoint: 42101 ns, At safepoint: 3600 ns, Total: 45701 ns
[4459.574s][info ][safepoint      ] Safepoint "Cleanup", Time since last: 1000114641 ns, Reaching safepoint: 55701 ns, At safepoint: 10800 ns, Total: 66501 ns
[4460.574s][info ][safepoint      ] Safepoint "Cleanup", Time since last: 1000118137 ns, Reaching safepoint: 64201 ns, At safepoint: 8900 ns, Total: 73101 ns
[4473.575s][info ][safepoint      ] Safepoint "Cleanup", Time since last: 13000896522 ns, Reaching safepoint: 45800 ns, At safepoint: 33101 ns, Total: 78901 ns
[4493.577s][info ][safepoint      ] Safepoint "Cleanup", Time since last: 20001243531 ns, Reaching safepoint: 49000 ns, At safepoint: 4100 ns, Total: 53100 ns
[4495.577s][info ][safepoint      ] Safepoint "Cleanup", Time since last: 2000184112 ns, Reaching safepoint: 31001 ns, At safepoint: 3800 ns, Total: 34801 ns
[4498.903s][info ][gc,start       ] GC(178) Pause Young (Allocation Failure)
[4498.919s][debug][gc,phases      ] GC(178) Scavenge 15.574ms
[4498.919s][debug][gc,ref         ] GC(178) Skipped phase 1 of Reference Processing: no references
[4498.919s][debug][gc,ref         ] GC(178) ReferenceProcessor::execute queues: 1, RefProcThreadModel::Single, marks_oops_alive: false
[4498.919s][debug][gc,ref         ] GC(178) Skipped phase 3 of Reference Processing: no references
[4498.919s][debug][gc,ref         ] GC(178) ReferenceProcessor::execute queues: 1, RefProcThreadModel::Single, marks_oops_alive: false
[4498.919s][debug][gc,phases      ] GC(178) Reference Processing 0.129ms
[4498.919s][debug][gc,phases      ] GC(178)   VM Weak                        Min:  0.0, Avg:  0.0, Max:  0.0, Diff:  0.0, Sum:  0.0, Workers: 4
[4498.919s][debug][gc,phases      ] GC(178)     Dead                           Min: 0, Avg:  0.0, Max: 0, Diff: 0, Sum: 0, Workers: 4
[4498.919s][debug][gc,phases      ] GC(178)     Total                          Min: 0, Avg: 197.0, Max: 768, Diff: 768, Sum: 788, Workers: 4
[4498.919s][debug][gc,phases      ] GC(178)   ObjectSynchronizer Weak        Min:  0.0, Avg:  0.0, Max:  0.0, Diff:  0.0, Sum:  0.0, Workers: 4
[4498.919s][debug][gc,phases      ] GC(178)     Dead                           Min: 0, Avg:  0.0, Max: 0, Diff: 0, Sum: 0, Workers: 4
[4498.919s][debug][gc,phases      ] GC(178)     Total                          Min: 0, Avg: 62.5, Max: 128, Diff: 128, Sum: 250, Workers: 4
[4498.919s][debug][gc,phases      ] GC(178)   JVMTI Tag Weak OopStorage      Min:  0.0, Avg:  0.0, Max:  0.0, Diff:  0.0, Sum:  0.0, Workers: 4
[4498.919s][debug][gc,phases      ] GC(178)     Dead                           Min: 0, Avg:  0.0, Max: 0, Diff: 0, Sum: 0, Workers: 4
[4498.919s][debug][gc,phases      ] GC(178)     Total                          Min: 0, Avg:  0.0, Max: 0, Diff: 0, Sum: 0, Workers: 4
[4498.919s][debug][gc,phases      ] GC(178)   StringTable Weak               Min:  0.1, Avg:  0.1, Max:  0.1, Diff:  0.0, Sum:  0.5, Workers: 4
[4498.919s][debug][gc,phases      ] GC(178)     Dead                           Min: 0, Avg:  0.0, Max: 0, Diff: 0, Sum: 0, Workers: 4
[4498.919s][debug][gc,phases      ] GC(178)     Total                          Min: 11264, Avg: 12278.0, Max: 13056, Diff: 1792, Sum: 49112, Workers: 4
[4498.919s][debug][gc,phases      ] GC(178)   ResolvedMethodTable Weak       Min:  0.0, Avg:  0.0, Max:  0.0, Diff:  0.0, Sum:  0.1, Workers: 4
[4498.919s][debug][gc,phases      ] GC(178)     Dead                           Min: 0, Avg:  0.0, Max: 0, Diff: 0, Sum: 0, Workers: 4
[4498.919s][debug][gc,phases      ] GC(178)     Total                          Min: 2112, Avg: 2252.8, Max: 2355, Diff: 243, Sum: 9011, Workers: 4
[4498.919s][debug][gc,phases      ] GC(178)   JNI Weak                       Min:  0.0, Avg:  0.0, Max:  0.0, Diff:  0.0, Sum:  0.0, Workers: 4
[4498.919s][debug][gc,phases      ] GC(178)     Dead                           Min: 0, Avg:  0.0, Max: 0, Diff: 0, Sum: 0, Workers: 4
[4498.919s][debug][gc,phases      ] GC(178)     Total                          Min: 0, Avg:  0.0, Max: 0, Diff: 0, Sum: 0, Workers: 4
[4498.919s][debug][gc,phases      ] GC(178)   StringDedup Table Weak         Min:  0.0, Avg:  0.0, Max:  0.0, Diff:  0.0, Sum:  0.0, Workers: 4
[4498.919s][debug][gc,phases      ] GC(178)     Dead                           Min: 0, Avg:  0.0, Max: 0, Diff: 0, Sum: 0, Workers: 4
[4498.919s][debug][gc,phases      ] GC(178)     Total                          Min: 0, Avg:  0.0, Max: 0, Diff: 0, Sum: 0, Workers: 4
[4498.919s][debug][gc,phases      ] GC(178)   StringDedup Requests0 Weak     Min:  0.0, Avg:  0.0, Max:  0.0, Diff:  0.0, Sum:  0.0, Workers: 4
[4498.919s][debug][gc,phases      ] GC(178)     Dead                           Min: 0, Avg:  0.0, Max: 0, Diff: 0, Sum: 0, Workers: 4
[4498.919s][debug][gc,phases      ] GC(178)     Total                          Min: 0, Avg:  0.0, Max: 0, Diff: 0, Sum: 0, Workers: 4
[4498.919s][debug][gc,phases      ] GC(178)   StringDedup Requests1 Weak     Min:  0.0, Avg:  0.0, Max:  0.0, Diff:  0.0, Sum:  0.0, Workers: 4
[4498.919s][debug][gc,phases      ] GC(178)     Dead                           Min: 0, Avg:  0.0, Max: 0, Diff: 0, Sum: 0, Workers: 4
[4498.919s][debug][gc,phases      ] GC(178)     Total                          Min: 0, Avg:  0.0, Max: 0, Diff: 0, Sum: 0, Workers: 4
[4498.919s][debug][gc,phases      ] GC(178)   Weak JFR Old Object Samples    Min:  0.0, Avg:  0.0, Max:  0.0, Diff:  0.0, Sum:  0.0, Workers: 4
[4498.919s][debug][gc,phases      ] GC(178)     Dead                           Min: 0, Avg:  0.0, Max: 0, Diff: 0, Sum: 0, Workers: 4
[4498.919s][debug][gc,phases      ] GC(178)     Total                          Min: 0, Avg:  0.0, Max: 0, Diff: 0, Sum: 0, Workers: 4
[4498.919s][debug][gc,phases      ] GC(178) Weak Processing 0.341ms
[4498.919s][debug][gc,age         ] GC(178) Desired survivor size 95420416 bytes, new threshold 15 (max threshold 15)
[4498.919s][info ][gc,heap        ] GC(178) PSYoungGen: 1983607K(2002432K)->64183K(1983488K) Eden: 1918976K(1918976K)->0K(1918976K) From: 64631K(83456K)->64183K(64512K)
[4498.919s][info ][gc,heap        ] GC(178) ParOldGen: 494913K(559616K)->495186K(559616K)
[4498.919s][info ][gc,metaspace   ] GC(178) Metaspace: 86594K(87552K)->86594K(87552K) NonClass: 74574K(75072K)->74574K(75072K) Class: 12020K(12480K)->12020K(12480K)
[4498.919s][info ][gc             ] GC(178) Pause Young (Allocation Failure) 2420M->546M(2483M) 16.197ms
[4498.919s][info ][gc,cpu         ] GC(178) User=0.07s Sys=0.00s Real=0.01s
[4498.919s][info ][safepoint      ] Safepoint "ParallelGCFailedAllocation", Time since last: 3326255236 ns, Reaching safepoint: 45400 ns, At safepoint: 16289787 ns, Total: 16335187 ns
[4501.920s][info ][safepoint      ] Safepoint "Cleanup", Time since last: 3000221354 ns, Reaching safepoint: 56001 ns, At safepoint: 9300 ns, Total: 65301 ns
[4502.920s][info ][safepoint      ] Safepoint "Cleanup", Time since last: 1000112277 ns, Reaching safepoint: 62001 ns, At safepoint: 10400 ns, Total: 72401 ns
[4510.920s][info ][safepoint      ] Safepoint "Cleanup", Time since last: 8000543889 ns, Reaching safepoint: 43400 ns, At safepoint: 2700 ns, Total: 46100 ns
[4515.921s][info ][safepoint      ] Safepoint "Cleanup", Time since last: 5000381090 ns, Reaching safepoint: 46101 ns, At safepoint: 7600 ns, Total: 53701 ns
[4517.921s][info ][safepoint      ] Safepoint "Cleanup", Time since last: 2000171251 ns, Reaching safepoint: 48001 ns, At safepoint: 3000 ns, Total: 51001 ns
[4519.921s][info ][safepoint      ] Safepoint "Cleanup", Time since last: 2000148837 ns, Reaching safepoint: 49901 ns, At safepoint: 13100 ns, Total: 63001 ns
[4520.922s][info ][safepoint      ] Safepoint "Cleanup", Time since last: 1000110914 ns, Reaching safepoint: 95501 ns, At safepoint: 9600 ns, Total: 105101 ns
[4522.039s][info ][safepoint      ] Safepoint "ICBufferFull", Time since last: 1117197746 ns, Reaching safepoint: 274003 ns, At safepoint: 18500 ns, Total: 292503 ns
[4522.142s][info ][gc,start       ] GC(179) Pause Young (Allocation Failure)
[4522.170s][debug][gc,phases      ] GC(179) Scavenge 27.141ms
[4522.170s][debug][gc,ref         ] GC(179) Skipped phase 1 of Reference Processing: no references
[4522.170s][debug][gc,ref         ] GC(179) ReferenceProcessor::execute queues: 1, RefProcThreadModel::Single, marks_oops_alive: false
[4522.170s][debug][gc,ref         ] GC(179) Skipped phase 3 of Reference Processing: no references
[4522.170s][debug][gc,ref         ] GC(179) ReferenceProcessor::execute queues: 1, RefProcThreadModel::Single, marks_oops_alive: false
[4522.170s][debug][gc,phases      ] GC(179) Reference Processing 0.135ms
[4522.170s][debug][gc,phases      ] GC(179)   VM Weak                        Min:  0.0, Avg:  0.0, Max:  0.0, Diff:  0.0, Sum:  0.0, Workers: 4
[4522.170s][debug][gc,phases      ] GC(179)     Dead                           Min: 0, Avg:  0.0, Max: 0, Diff: 0, Sum: 0, Workers: 4
[4522.170s][debug][gc,phases      ] GC(179)     Total                          Min: 0, Avg: 197.0, Max: 532, Diff: 532, Sum: 788, Workers: 4
[4522.170s][debug][gc,phases      ] GC(179)   ObjectSynchronizer Weak        Min:  0.0, Avg:  0.0, Max:  0.0, Diff:  0.0, Sum:  0.0, Workers: 4
[4522.170s][debug][gc,phases      ] GC(179)     Dead                           Min: 0, Avg:  0.0, Max: 0, Diff: 0, Sum: 0, Workers: 4
[4522.170s][debug][gc,phases      ] GC(179)     Total                          Min: 0, Avg: 62.5, Max: 128, Diff: 128, Sum: 250, Workers: 4
[4522.170s][debug][gc,phases      ] GC(179)   JVMTI Tag Weak OopStorage      Min:  0.0, Avg:  0.0, Max:  0.0, Diff:  0.0, Sum:  0.0, Workers: 4
[4522.170s][debug][gc,phases      ] GC(179)     Dead                           Min: 0, Avg:  0.0, Max: 0, Diff: 0, Sum: 0, Workers: 4
[4522.170s][debug][gc,phases      ] GC(179)     Total                          Min: 0, Avg:  0.0, Max: 0, Diff: 0, Sum: 0, Workers: 4
[4522.170s][debug][gc,phases      ] GC(179)   StringTable Weak               Min:  0.1, Avg:  0.1, Max:  0.1, Diff:  0.0, Sum:  0.5, Workers: 4
[4522.170s][debug][gc,phases      ] GC(179)     Dead                           Min: 0, Avg:  0.2, Max: 1, Diff: 1, Sum: 1, Workers: 4
[4522.170s][debug][gc,phases      ] GC(179)     Total                          Min: 10688, Avg: 12288.0, Max: 13632, Diff: 2944, Sum: 49152, Workers: 4
[4522.170s][debug][gc,phases      ] GC(179)   ResolvedMethodTable Weak       Min:  0.0, Avg:  0.0, Max:  0.0, Diff:  0.0, Sum:  0.1, Workers: 4
[4522.170s][debug][gc,phases      ] GC(179)     Dead                           Min: 0, Avg:  0.0, Max: 0, Diff: 0, Sum: 0, Workers: 4
[4522.170s][debug][gc,phases      ] GC(179)     Total                          Min: 2203, Avg: 2262.8, Max: 2368, Diff: 165, Sum: 9051, Workers: 4
[4522.170s][debug][gc,phases      ] GC(179)   JNI Weak                       Min:  0.0, Avg:  0.0, Max:  0.0, Diff:  0.0, Sum:  0.0, Workers: 4
[4522.170s][debug][gc,phases      ] GC(179)     Dead                           Min: 0, Avg:  0.0, Max: 0, Diff: 0, Sum: 0, Workers: 4
[4522.170s][debug][gc,phases      ] GC(179)     Total                          Min: 0, Avg:  1.2, Max: 5, Diff: 5, Sum: 5, Workers: 4
[4522.170s][debug][gc,phases      ] GC(179)   StringDedup Table Weak         Min:  0.0, Avg:  0.0, Max:  0.0, Diff:  0.0, Sum:  0.0, Workers: 4
[4522.170s][debug][gc,phases      ] GC(179)     Dead                           Min: 0, Avg:  0.0, Max: 0, Diff: 0, Sum: 0, Workers: 4
[4522.170s][debug][gc,phases      ] GC(179)     Total                          Min: 0, Avg:  0.0, Max: 0, Diff: 0, Sum: 0, Workers: 4
[4522.170s][debug][gc,phases      ] GC(179)   StringDedup Requests0 Weak     Min:  0.0, Avg:  0.0, Max:  0.0, Diff:  0.0, Sum:  0.0, Workers: 4
[4522.170s][debug][gc,phases      ] GC(179)     Dead                           Min: 0, Avg:  0.0, Max: 0, Diff: 0, Sum: 0, Workers: 4
[4522.170s][debug][gc,phases      ] GC(179)     Total                          Min: 0, Avg:  0.0, Max: 0, Diff: 0, Sum: 0, Workers: 4
[4522.170s][debug][gc,phases      ] GC(179)   StringDedup Requests1 Weak     Min:  0.0, Avg:  0.0, Max:  0.0, Diff:  0.0, Sum:  0.0, Workers: 4
[4522.170s][debug][gc,phases      ] GC(179)     Dead                           Min: 0, Avg:  0.0, Max: 0, Diff: 0, Sum: 0, Workers: 4
[4522.170s][debug][gc,phases      ] GC(179)     Total                          Min: 0, Avg:  0.0, Max: 0, Diff: 0, Sum: 0, Workers: 4
[4522.170s][debug][gc,phases      ] GC(179)   Weak JFR Old Object Samples    Min:  0.0, Avg:  0.0, Max:  0.0, Diff:  0.0, Sum:  0.0, Workers: 4
[4522.170s][debug][gc,phases      ] GC(179)     Dead                           Min: 0, Avg:  0.0, Max: 0, Diff: 0, Sum: 0, Workers: 4
[4522.170s][debug][gc,phases      ] GC(179)     Total                          Min: 0, Avg:  0.0, Max: 0, Diff: 0, Sum: 0, Workers: 4
[4522.170s][debug][gc,phases      ] GC(179) Weak Processing 0.343ms
[4522.170s][debug][gc,age         ] GC(179) Desired survivor size 106954752 bytes, new threshold 15 (max threshold 15)
[4522.170s][info ][gc,heap        ] GC(179) PSYoungGen: 1983159K(1983488K)->85211K(1981440K) Eden: 1918976K(1918976K)->0K(1888256K) From: 64183K(64512K)->85211K(93184K)
[4522.170s][info ][gc,heap        ] GC(179) ParOldGen: 495186K(559616K)->495690K(559616K)
[4522.170s][info ][gc,metaspace   ] GC(179) Metaspace: 86760K(87680K)->86760K(87680K) NonClass: 74721K(75200K)->74721K(75200K) Class: 12038K(12480K)->12038K(12480K)
[4522.170s][info ][gc             ] GC(179) Pause Young (Allocation Failure) 2420M->567M(2481M) 27.769ms
[4522.170s][info ][gc,cpu         ] GC(179) User=0.14s Sys=0.00s Real=0.03s
[4522.170s][info ][safepoint      ] Safepoint "ParallelGCFailedAllocation", Time since last: 103226278 ns, Reaching safepoint: 28600 ns, At safepoint: 27857218 ns, Total: 27885818 ns
[4523.170s][info ][safepoint      ] Safepoint "Cleanup", Time since last: 1000089206 ns, Reaching safepoint: 68101 ns, At safepoint: 6000 ns, Total: 74101 ns
[4524.171s][info ][safepoint      ] Safepoint "Cleanup", Time since last: 1000111202 ns, Reaching safepoint: 48001 ns, At safepoint: 5200 ns, Total: 53201 ns
[4525.171s][info ][safepoint      ] Safepoint "Cleanup", Time since last: 1000110499 ns, Reaching safepoint: 46701 ns, At safepoint: 3100 ns, Total: 49801 ns
[4527.171s][info ][safepoint      ] Safepoint "Cleanup", Time since last: 2000187487 ns, Reaching safepoint: 47401 ns, At safepoint: 5800 ns, Total: 53201 ns
[4543.172s][info ][safepoint      ] Safepoint "Cleanup", Time since last: 16001019603 ns, Reaching safepoint: 113001 ns, At safepoint: 6500 ns, Total: 119501 ns
[4546.172s][info ][safepoint      ] Safepoint "Cleanup", Time since last: 3000189592 ns, Reaching safepoint: 49901 ns, At safepoint: 4100 ns, Total: 54001 ns
[4547.172s][info ][safepoint      ] Safepoint "Cleanup", Time since last: 1000110124 ns, Reaching safepoint: 42501 ns, At safepoint: 3500 ns, Total: 46001 ns
[4548.173s][info ][safepoint      ] Safepoint "Cleanup", Time since last: 1000094721 ns, Reaching safepoint: 66101 ns, At safepoint: 4800 ns, Total: 70901 ns
[4552.173s][info ][safepoint      ] Safepoint "Cleanup", Time since last: 4000256150 ns, Reaching safepoint: 56301 ns, At safepoint: 6800 ns, Total: 63101 ns
[4554.173s][info ][safepoint      ] Safepoint "Cleanup", Time since last: 2000177906 ns, Reaching safepoint: 44700 ns, At safepoint: 6901 ns, Total: 51601 ns
[4557.173s][info ][safepoint      ] Safepoint "Cleanup", Time since last: 3000231984 ns, Reaching safepoint: 46800 ns, At safepoint: 12300 ns, Total: 59100 ns
[4562.647s][info ][gc,start       ] GC(180) Pause Young (Allocation Failure)
[4562.672s][debug][gc,phases      ] GC(180) Scavenge 25.298ms
[4562.672s][debug][gc,ref         ] GC(180) Skipped phase 1 of Reference Processing: no references
[4562.672s][debug][gc,ref         ] GC(180) ReferenceProcessor::execute queues: 1, RefProcThreadModel::Single, marks_oops_alive: false
[4562.672s][debug][gc,ref         ] GC(180) Skipped phase 3 of Reference Processing: no references
[4562.672s][debug][gc,ref         ] GC(180) ReferenceProcessor::execute queues: 1, RefProcThreadModel::Single, marks_oops_alive: false
[4562.672s][debug][gc,phases      ] GC(180) Reference Processing 0.152ms
[4562.673s][debug][gc,phases      ] GC(180)   VM Weak                        Min:  0.0, Avg:  0.0, Max:  0.0, Diff:  0.0, Sum:  0.0, Workers: 4
[4562.673s][debug][gc,phases      ] GC(180)     Dead                           Min: 0, Avg:  0.0, Max: 0, Diff: 0, Sum: 0, Workers: 4
[4562.673s][debug][gc,phases      ] GC(180)     Total                          Min: 0, Avg: 197.0, Max: 640, Diff: 640, Sum: 788, Workers: 4
[4562.673s][debug][gc,phases      ] GC(180)   ObjectSynchronizer Weak        Min:  0.0, Avg:  0.0, Max:  0.0, Diff:  0.0, Sum:  0.0, Workers: 4
[4562.673s][debug][gc,phases      ] GC(180)     Dead                           Min: 0, Avg:  0.2, Max: 1, Diff: 1, Sum: 1, Workers: 4
[4562.673s][debug][gc,phases      ] GC(180)     Total                          Min: 0, Avg: 62.8, Max: 128, Diff: 128, Sum: 251, Workers: 4
[4562.673s][debug][gc,phases      ] GC(180)   JVMTI Tag Weak OopStorage      Min:  0.0, Avg:  0.0, Max:  0.0, Diff:  0.0, Sum:  0.0, Workers: 4
[4562.673s][debug][gc,phases      ] GC(180)     Dead                           Min: 0, Avg:  0.0, Max: 0, Diff: 0, Sum: 0, Workers: 4
[4562.673s][debug][gc,phases      ] GC(180)     Total                          Min: 0, Avg:  0.0, Max: 0, Diff: 0, Sum: 0, Workers: 4
[4562.673s][debug][gc,phases      ] GC(180)   StringTable Weak               Min:  0.1, Avg:  0.1, Max:  0.1, Diff:  0.0, Sum:  0.4, Workers: 4
[4562.673s][debug][gc,phases      ] GC(180)     Dead                           Min: 0, Avg:  0.0, Max: 0, Diff: 0, Sum: 0, Workers: 4
[4562.673s][debug][gc,phases      ] GC(180)     Total                          Min: 11840, Avg: 12290.2, Max: 12864, Diff: 1024, Sum: 49161, Workers: 4
[4562.673s][debug][gc,phases      ] GC(180)   ResolvedMethodTable Weak       Min:  0.0, Avg:  0.0, Max:  0.0, Diff:  0.0, Sum:  0.1, Workers: 4
[4562.673s][debug][gc,phases      ] GC(180)     Dead                           Min: 0, Avg:  0.0, Max: 0, Diff: 0, Sum: 0, Workers: 4
[4562.673s][debug][gc,phases      ] GC(180)     Total                          Min: 2176, Avg: 2263.2, Max: 2397, Diff: 221, Sum: 9053, Workers: 4
[4562.673s][debug][gc,phases      ] GC(180)   JNI Weak                       Min:  0.0, Avg:  0.0, Max:  0.0, Diff:  0.0, Sum:  0.0, Workers: 4
[4562.673s][debug][gc,phases      ] GC(180)     Dead                           Min: 0, Avg:  0.0, Max: 0, Diff: 0, Sum: 0, Workers: 4
[4562.673s][debug][gc,phases      ] GC(180)     Total                          Min: 0, Avg:  0.0, Max: 0, Diff: 0, Sum: 0, Workers: 4
[4562.673s][debug][gc,phases      ] GC(180)   StringDedup Table Weak         Min:  0.0, Avg:  0.0, Max:  0.0, Diff:  0.0, Sum:  0.0, Workers: 4
[4562.673s][debug][gc,phases      ] GC(180)     Dead                           Min: 0, Avg:  0.0, Max: 0, Diff: 0, Sum: 0, Workers: 4
[4562.673s][debug][gc,phases      ] GC(180)     Total                          Min: 0, Avg:  0.0, Max: 0, Diff: 0, Sum: 0, Workers: 4
[4562.673s][debug][gc,phases      ] GC(180)   StringDedup Requests0 Weak     Min:  0.0, Avg:  0.0, Max:  0.0, Diff:  0.0, Sum:  0.0, Workers: 4
[4562.673s][debug][gc,phases      ] GC(180)     Dead                           Min: 0, Avg:  0.0, Max: 0, Diff: 0, Sum: 0, Workers: 4
[4562.673s][debug][gc,phases      ] GC(180)     Total                          Min: 0, Avg:  0.0, Max: 0, Diff: 0, Sum: 0, Workers: 4
[4562.673s][debug][gc,phases      ] GC(180)   StringDedup Requests1 Weak     Min:  0.0, Avg:  0.0, Max:  0.0, Diff:  0.0, Sum:  0.0, Workers: 4
[4562.673s][debug][gc,phases      ] GC(180)     Dead                           Min: 0, Avg:  0.0, Max: 0, Diff: 0, Sum: 0, Workers: 4
[4562.673s][debug][gc,phases      ] GC(180)     Total                          Min: 0, Avg:  0.0, Max: 0, Diff: 0, Sum: 0, Workers: 4
[4562.673s][debug][gc,phases      ] GC(180)   Weak JFR Old Object Samples    Min:  0.0, Avg:  0.0, Max:  0.0, Diff:  0.0, Sum:  0.0, Workers: 4
[4562.673s][debug][gc,phases      ] GC(180)     Dead                           Min: 0, Avg:  0.0, Max: 0, Diff: 0, Sum: 0, Workers: 4
[4562.673s][debug][gc,phases      ] GC(180)     Total                          Min: 0, Avg:  0.0, Max: 0, Diff: 0, Sum: 0, Workers: 4
[4562.673s][debug][gc,phases      ] GC(180) Weak Processing 0.314ms
[4562.673s][debug][gc,age         ] GC(180) Desired survivor size 109576192 bytes, new threshold 15 (max threshold 15)
[4562.673s][info ][gc,heap        ] GC(180) PSYoungGen: 1973467K(1981440K)->68676K(1957376K) Eden: 1888256K(1888256K)->0K(1888256K) From: 85211K(93184K)->68676K(69120K)
[4562.673s][info ][gc,heap        ] GC(180) ParOldGen: 495690K(559616K)->510931K(559616K)
[4562.673s][info ][gc,metaspace   ] GC(180) Metaspace: 86792K(87808K)->86792K(87808K) NonClass: 74750K(75264K)->74750K(75264K) Class: 12042K(12544K)->12042K(12544K)
[4562.673s][info ][gc             ] GC(180) Pause Young (Allocation Failure) 2411M->566M(2458M) 25.913ms
[4562.673s][info ][gc,cpu         ] GC(180) User=0.10s Sys=0.00s Real=0.03s
[4562.673s][info ][safepoint      ] Safepoint "ParallelGCFailedAllocation", Time since last: 5473392941 ns, Reaching safepoint: 53000 ns, At safepoint: 26032094 ns, Total: 26085094 ns
[4566.673s][info ][safepoint      ] Safepoint "Cleanup", Time since last: 4000280062 ns, Reaching safepoint: 43501 ns, At safepoint: 7200 ns, Total: 50701 ns
[4567.673s][info ][safepoint      ] Safepoint "Cleanup", Time since last: 1000105258 ns, Reaching safepoint: 47600 ns, At safepoint: 15601 ns, Total: 63201 ns
[4570.674s][info ][safepoint      ] Safepoint "Cleanup", Time since last: 3000236854 ns, Reaching safepoint: 53700 ns, At safepoint: 5700 ns, Total: 59400 ns
[4571.674s][info ][safepoint      ] Safepoint "Cleanup", Time since last: 1000113446 ns, Reaching safepoint: 67001 ns, At safepoint: 9900 ns, Total: 76901 ns
[4574.674s][info ][safepoint      ] Safepoint "Cleanup", Time since last: 3000219416 ns, Reaching safepoint: 52600 ns, At safepoint: 3401 ns, Total: 56001 ns
[4575.674s][info ][safepoint      ] Safepoint "Cleanup", Time since last: 1000068132 ns, Reaching safepoint: 46300 ns, At safepoint: 3500 ns, Total: 49800 ns
[4578.675s][info ][safepoint      ] Safepoint "Cleanup", Time since last: 3000235979 ns, Reaching safepoint: 43901 ns, At safepoint: 3500 ns, Total: 47401 ns
[4588.675s][info ][safepoint      ] Safepoint "Cleanup", Time since last: 10000651359 ns, Reaching safepoint: 52301 ns, At safepoint: 11500 ns, Total: 63801 ns
[4591.676s][info ][safepoint      ] Safepoint "Cleanup", Time since last: 3000243659 ns, Reaching safepoint: 51600 ns, At safepoint: 7100 ns, Total: 58700 ns
[4594.676s][info ][safepoint      ] Safepoint "Cleanup", Time since last: 3000208031 ns, Reaching safepoint: 47301 ns, At safepoint: 3200 ns, Total: 50501 ns
[4598.676s][info ][safepoint      ] Safepoint "Cleanup", Time since last: 4000316266 ns, Reaching safepoint: 54001 ns, At safepoint: 4300 ns, Total: 58301 ns
[4602.677s][info ][safepoint      ] Safepoint "Cleanup", Time since last: 4000258018 ns, Reaching safepoint: 47800 ns, At safepoint: 4600 ns, Total: 52400 ns
[4603.677s][info ][safepoint      ] Safepoint "Cleanup", Time since last: 1000114048 ns, Reaching safepoint: 46900 ns, At safepoint: 3400 ns, Total: 50300 ns
[4609.677s][info ][safepoint      ] Safepoint "Cleanup", Time since last: 6000438221 ns, Reaching safepoint: 49200 ns, At safepoint: 5000 ns, Total: 54200 ns
[4611.677s][info ][safepoint      ] Safepoint "Cleanup", Time since last: 2000176151 ns, Reaching safepoint: 36300 ns, At safepoint: 7200 ns, Total: 43500 ns
[4616.564s][info ][gc,start       ] GC(181) Pause Young (Allocation Failure)
[4616.583s][debug][gc,phases      ] GC(181) Scavenge 18.575ms
[4616.583s][debug][gc,ref         ] GC(181) Skipped phase 1 of Reference Processing: no references
[4616.583s][debug][gc,ref         ] GC(181) ReferenceProcessor::execute queues: 1, RefProcThreadModel::Single, marks_oops_alive: false
[4616.583s][debug][gc,ref         ] GC(181) Skipped phase 3 of Reference Processing: no references
[4616.583s][debug][gc,ref         ] GC(181) ReferenceProcessor::execute queues: 1, RefProcThreadModel::Single, marks_oops_alive: false
[4616.583s][debug][gc,phases      ] GC(181) Reference Processing 0.157ms
[4616.583s][debug][gc,phases      ] GC(181)   VM Weak                        Min:  0.0, Avg:  0.0, Max:  0.0, Diff:  0.0, Sum:  0.0, Workers: 4
[4616.583s][debug][gc,phases      ] GC(181)     Dead                           Min: 0, Avg:  0.0, Max: 0, Diff: 0, Sum: 0, Workers: 4
[4616.583s][debug][gc,phases      ] GC(181)     Total                          Min: 0, Avg: 197.0, Max: 468, Diff: 468, Sum: 788, Workers: 4
[4616.583s][debug][gc,phases      ] GC(181)   ObjectSynchronizer Weak        Min:  0.0, Avg:  0.0, Max:  0.0, Diff:  0.0, Sum:  0.0, Workers: 4
[4616.583s][debug][gc,phases      ] GC(181)     Dead                           Min: 0, Avg:  0.0, Max: 0, Diff: 0, Sum: 0, Workers: 4
[4616.583s][debug][gc,phases      ] GC(181)     Total                          Min: 0, Avg: 62.8, Max: 128, Diff: 128, Sum: 251, Workers: 4
[4616.583s][debug][gc,phases      ] GC(181)   JVMTI Tag Weak OopStorage      Min:  0.0, Avg:  0.0, Max:  0.0, Diff:  0.0, Sum:  0.0, Workers: 4
[4616.583s][debug][gc,phases      ] GC(181)     Dead                           Min: 0, Avg:  0.0, Max: 0, Diff: 0, Sum: 0, Workers: 4
[4616.583s][debug][gc,phases      ] GC(181)     Total                          Min: 0, Avg:  0.0, Max: 0, Diff: 0, Sum: 0, Workers: 4
[4616.583s][debug][gc,phases      ] GC(181)   StringTable Weak               Min:  0.1, Avg:  0.1, Max:  0.1, Diff:  0.0, Sum:  0.4, Workers: 4
[4616.583s][debug][gc,phases      ] GC(181)     Dead                           Min: 0, Avg:  0.0, Max: 0, Diff: 0, Sum: 0, Workers: 4
[4616.583s][debug][gc,phases      ] GC(181)     Total                          Min: 11209, Avg: 12290.2, Max: 13184, Diff: 1975, Sum: 49161, Workers: 4
[4616.583s][debug][gc,phases      ] GC(181)   ResolvedMethodTable Weak       Min:  0.0, Avg:  0.0, Max:  0.0, Diff:  0.0, Sum:  0.1, Workers: 4
[4616.583s][debug][gc,phases      ] GC(181)     Dead                           Min: 0, Avg:  0.0, Max: 0, Diff: 0, Sum: 0, Workers: 4
[4616.583s][debug][gc,phases      ] GC(181)     Total                          Min: 1536, Avg: 2263.2, Max: 2781, Diff: 1245, Sum: 9053, Workers: 4
[4616.583s][debug][gc,phases      ] GC(181)   JNI Weak                       Min:  0.0, Avg:  0.0, Max:  0.0, Diff:  0.0, Sum:  0.0, Workers: 4
[4616.583s][debug][gc,phases      ] GC(181)     Dead                           Min: 0, Avg:  0.0, Max: 0, Diff: 0, Sum: 0, Workers: 4
[4616.583s][debug][gc,phases      ] GC(181)     Total                          Min: 0, Avg:  0.0, Max: 0, Diff: 0, Sum: 0, Workers: 4
[4616.583s][debug][gc,phases      ] GC(181)   StringDedup Table Weak         Min:  0.0, Avg:  0.0, Max:  0.0, Diff:  0.0, Sum:  0.0, Workers: 4
[4616.583s][debug][gc,phases      ] GC(181)     Dead                           Min: 0, Avg:  0.0, Max: 0, Diff: 0, Sum: 0, Workers: 4
[4616.583s][debug][gc,phases      ] GC(181)     Total                          Min: 0, Avg:  0.0, Max: 0, Diff: 0, Sum: 0, Workers: 4
[4616.583s][debug][gc,phases      ] GC(181)   StringDedup Requests0 Weak     Min:  0.0, Avg:  0.0, Max:  0.0, Diff:  0.0, Sum:  0.0, Workers: 4
[4616.583s][debug][gc,phases      ] GC(181)     Dead                           Min: 0, Avg:  0.0, Max: 0, Diff: 0, Sum: 0, Workers: 4
[4616.583s][debug][gc,phases      ] GC(181)     Total                          Min: 0, Avg:  0.0, Max: 0, Diff: 0, Sum: 0, Workers: 4
[4616.583s][debug][gc,phases      ] GC(181)   StringDedup Requests1 Weak     Min:  0.0, Avg:  0.0, Max:  0.0, Diff:  0.0, Sum:  0.0, Workers: 4
[4616.583s][debug][gc,phases      ] GC(181)     Dead                           Min: 0, Avg:  0.0, Max: 0, Diff: 0, Sum: 0, Workers: 4
[4616.583s][debug][gc,phases      ] GC(181)     Total                          Min: 0, Avg:  0.0, Max: 0, Diff: 0, Sum: 0, Workers: 4
[4616.583s][debug][gc,phases      ] GC(181)   Weak JFR Old Object Samples    Min:  0.0, Avg:  0.0, Max:  0.0, Diff:  0.0, Sum:  0.0, Workers: 4
[4616.583s][debug][gc,phases      ] GC(181)     Dead                           Min: 0, Avg:  0.0, Max: 0, Diff: 0, Sum: 0, Workers: 4
[4616.583s][debug][gc,phases      ] GC(181)     Total                          Min: 0, Avg:  0.0, Max: 0, Diff: 0, Sum: 0, Workers: 4
[4616.583s][debug][gc,phases      ] GC(181) Weak Processing 0.325ms
[4616.583s][debug][gc,age         ] GC(181) Desired survivor size 111149056 bytes, new threshold 15 (max threshold 15)
[4616.583s][info ][gc,heap        ] GC(181) PSYoungGen: 1956932K(1957376K)->67947K(1987072K) Eden: 1888256K(1888256K)->0K(1880064K) From: 68676K(69120K)->67947K(107008K)
[4616.583s][info ][gc,heap        ] GC(181) ParOldGen: 510931K(559616K)->511591K(559616K)
[4616.583s][info ][gc,metaspace   ] GC(181) Metaspace: 86810K(87808K)->86810K(87808K) NonClass: 74768K(75264K)->74768K(75264K) Class: 12042K(12544K)->12042K(12544K)
[4616.583s][info ][gc             ] GC(181) Pause Young (Allocation Failure) 2410M->565M(2487M) 19.208ms
[4616.583s][info ][gc,cpu         ] GC(181) User=0.07s Sys=0.00s Real=0.02s
[4616.583s][info ][safepoint      ] Safepoint "ParallelGCFailedAllocation", Time since last: 4886655512 ns, Reaching safepoint: 43200 ns, At safepoint: 19295914 ns, Total: 19339114 ns
[4617.584s][info ][safepoint      ] Safepoint "Cleanup", Time since last: 1000081907 ns, Reaching safepoint: 44900 ns, At safepoint: 4200 ns, Total: 49100 ns
[4618.584s][info ][safepoint      ] Safepoint "Cleanup", Time since last: 1000105504 ns, Reaching safepoint: 42901 ns, At safepoint: 6000 ns, Total: 48901 ns
[4619.584s][info ][safepoint      ] Safepoint "Cleanup", Time since last: 1000106901 ns, Reaching safepoint: 37900 ns, At safepoint: 3600 ns, Total: 41500 ns
[4629.585s][info ][safepoint      ] Safepoint "Cleanup", Time since last: 10000704150 ns, Reaching safepoint: 44000 ns, At safepoint: 3800 ns, Total: 47800 ns
[4636.585s][info ][safepoint      ] Safepoint "Cleanup", Time since last: 7000486327 ns, Reaching safepoint: 50000 ns, At safepoint: 11200 ns, Total: 61200 ns
[4652.586s][info ][safepoint      ] Safepoint "Cleanup", Time since last: 16001005066 ns, Reaching safepoint: 45301 ns, At safepoint: 7300 ns, Total: 52601 ns
[4657.587s][info ][safepoint      ] Safepoint "Cleanup", Time since last: 5000355103 ns, Reaching safepoint: 47701 ns, At safepoint: 6200 ns, Total: 53901 ns
[4660.587s][info ][safepoint      ] Safepoint "Cleanup", Time since last: 3000230570 ns, Reaching safepoint: 45001 ns, At safepoint: 3000 ns, Total: 48001 ns
[4663.587s][info ][safepoint      ] Safepoint "Cleanup", Time since last: 3000247147 ns, Reaching safepoint: 47600 ns, At safepoint: 4100 ns, Total: 51700 ns
[4669.588s][info ][safepoint      ] Safepoint "Cleanup", Time since last: 6000446322 ns, Reaching safepoint: 49301 ns, At safepoint: 3700 ns, Total: 53001 ns
[4669.737s][info ][gc,start       ] GC(182) Pause Young (Allocation Failure)
[4669.755s][debug][gc,phases      ] GC(182) Scavenge 18.193ms
[4669.755s][debug][gc,ref         ] GC(182) Skipped phase 1 of Reference Processing: no references
[4669.755s][debug][gc,ref         ] GC(182) ReferenceProcessor::execute queues: 1, RefProcThreadModel::Single, marks_oops_alive: false
[4669.755s][debug][gc,ref         ] GC(182) Skipped phase 3 of Reference Processing: no references
[4669.755s][debug][gc,ref         ] GC(182) ReferenceProcessor::execute queues: 1, RefProcThreadModel::Single, marks_oops_alive: false
[4669.755s][debug][gc,phases      ] GC(182) Reference Processing 0.133ms
[4669.755s][debug][gc,phases      ] GC(182)   VM Weak                        Min:  0.0, Avg:  0.0, Max:  0.0, Diff:  0.0, Sum:  0.0, Workers: 4
[4669.755s][debug][gc,phases      ] GC(182)     Dead                           Min: 0, Avg:  0.0, Max: 0, Diff: 0, Sum: 0, Workers: 4
[4669.755s][debug][gc,phases      ] GC(182)     Total                          Min: 0, Avg: 197.0, Max: 320, Diff: 320, Sum: 788, Workers: 4
[4669.755s][debug][gc,phases      ] GC(182)   ObjectSynchronizer Weak        Min:  0.0, Avg:  0.0, Max:  0.0, Diff:  0.0, Sum:  0.0, Workers: 4
[4669.755s][debug][gc,phases      ] GC(182)     Dead                           Min: 0, Avg:  0.0, Max: 0, Diff: 0, Sum: 0, Workers: 4
[4669.755s][debug][gc,phases      ] GC(182)     Total                          Min: 0, Avg: 62.8, Max: 128, Diff: 128, Sum: 251, Workers: 4
[4669.755s][debug][gc,phases      ] GC(182)   JVMTI Tag Weak OopStorage      Min:  0.0, Avg:  0.0, Max:  0.0, Diff:  0.0, Sum:  0.0, Workers: 4
[4669.755s][debug][gc,phases      ] GC(182)     Dead                           Min: 0, Avg:  0.0, Max: 0, Diff: 0, Sum: 0, Workers: 4
[4669.755s][debug][gc,phases      ] GC(182)     Total                          Min: 0, Avg:  0.0, Max: 0, Diff: 0, Sum: 0, Workers: 4
[4669.755s][debug][gc,phases      ] GC(182)   StringTable Weak               Min:  0.1, Avg:  0.1, Max:  0.1, Diff:  0.0, Sum:  0.5, Workers: 4
[4669.755s][debug][gc,phases      ] GC(182)     Dead                           Min: 0, Avg:  0.0, Max: 0, Diff: 0, Sum: 0, Workers: 4
[4669.755s][debug][gc,phases      ] GC(182)     Total                          Min: 11337, Avg: 12290.2, Max: 13248, Diff: 1911, Sum: 49161, Workers: 4
[4669.755s][debug][gc,phases      ] GC(182)   ResolvedMethodTable Weak       Min:  0.0, Avg:  0.0, Max:  0.0, Diff:  0.0, Sum:  0.1, Workers: 4
[4669.755s][debug][gc,phases      ] GC(182)     Dead                           Min: 0, Avg:  0.0, Max: 0, Diff: 0, Sum: 0, Workers: 4
[4669.755s][debug][gc,phases      ] GC(182)     Total                          Min: 1984, Avg: 2263.2, Max: 2496, Diff: 512, Sum: 9053, Workers: 4
[4669.755s][debug][gc,phases      ] GC(182)   JNI Weak                       Min:  0.0, Avg:  0.0, Max:  0.0, Diff:  0.0, Sum:  0.0, Workers: 4
[4669.755s][debug][gc,phases      ] GC(182)     Dead                           Min: 0, Avg:  0.0, Max: 0, Diff: 0, Sum: 0, Workers: 4
[4669.755s][debug][gc,phases      ] GC(182)     Total                          Min: 0, Avg:  0.0, Max: 0, Diff: 0, Sum: 0, Workers: 4
[4669.755s][debug][gc,phases      ] GC(182)   StringDedup Table Weak         Min:  0.0, Avg:  0.0, Max:  0.0, Diff:  0.0, Sum:  0.0, Workers: 4
[4669.755s][debug][gc,phases      ] GC(182)     Dead                           Min: 0, Avg:  0.0, Max: 0, Diff: 0, Sum: 0, Workers: 4
[4669.755s][debug][gc,phases      ] GC(182)     Total                          Min: 0, Avg:  0.0, Max: 0, Diff: 0, Sum: 0, Workers: 4
[4669.755s][debug][gc,phases      ] GC(182)   StringDedup Requests0 Weak     Min:  0.0, Avg:  0.0, Max:  0.0, Diff:  0.0, Sum:  0.0, Workers: 4
[4669.755s][debug][gc,phases      ] GC(182)     Dead                           Min: 0, Avg:  0.0, Max: 0, Diff: 0, Sum: 0, Workers: 4
[4669.755s][debug][gc,phases      ] GC(182)     Total                          Min: 0, Avg:  0.0, Max: 0, Diff: 0, Sum: 0, Workers: 4
[4669.755s][debug][gc,phases      ] GC(182)   StringDedup Requests1 Weak     Min:  0.0, Avg:  0.0, Max:  0.0, Diff:  0.0, Sum:  0.0, Workers: 4
[4669.755s][debug][gc,phases      ] GC(182)     Dead                           Min: 0, Avg:  0.0, Max: 0, Diff: 0, Sum: 0, Workers: 4
[4669.755s][debug][gc,phases      ] GC(182)     Total                          Min: 0, Avg:  0.0, Max: 0, Diff: 0, Sum: 0, Workers: 4
[4669.755s][debug][gc,phases      ] GC(182)   Weak JFR Old Object Samples    Min:  0.0, Avg:  0.0, Max:  0.0, Diff:  0.0, Sum:  0.0, Workers: 4
[4669.755s][debug][gc,phases      ] GC(182)     Dead                           Min: 0, Avg:  0.0, Max: 0, Diff: 0, Sum: 0, Workers: 4
[4669.755s][debug][gc,phases      ] GC(182)     Total                          Min: 0, Avg:  0.0, Max: 0, Diff: 0, Sum: 0, Workers: 4
[4669.755s][debug][gc,phases      ] GC(182) Weak Processing 0.344ms
[4669.755s][debug][gc,age         ] GC(182) Desired survivor size 108003328 bytes, new threshold 15 (max threshold 15)
[4669.755s][info ][gc,heap        ] GC(182) PSYoungGen: 1948011K(1987072K)->57348K(1988608K) Eden: 1880064K(1880064K)->0K(1880064K) From: 67947K(107008K)->57348K(108544K)
[4669.755s][info ][gc,heap        ] GC(182) ParOldGen: 511591K(559616K)->522092K(559616K)
[4669.755s][info ][gc,metaspace   ] GC(182) Metaspace: 86821K(87808K)->86821K(87808K) NonClass: 74779K(75264K)->74779K(75264K) Class: 12042K(12544K)->12042K(12544K)
[4669.755s][info ][gc             ] GC(182) Pause Young (Allocation Failure) 2401M->565M(2488M) 18.817ms
[4669.755s][info ][gc,cpu         ] GC(182) User=0.04s Sys=0.03s Real=0.02s
[4669.755s][info ][safepoint      ] Safepoint "ParallelGCFailedAllocation", Time since last: 148797631 ns, Reaching safepoint: 45900 ns, At safepoint: 18903307 ns, Total: 18949207 ns
[4674.756s][info ][safepoint      ] Safepoint "Cleanup", Time since last: 5000366078 ns, Reaching safepoint: 117801 ns, At safepoint: 7300 ns, Total: 125101 ns
[4677.756s][info ][safepoint      ] Safepoint "Cleanup", Time since last: 3000247036 ns, Reaching safepoint: 118902 ns, At safepoint: 13000 ns, Total: 131902 ns
[4678.757s][info ][safepoint      ] Safepoint "Cleanup", Time since last: 1000115840 ns, Reaching safepoint: 91401 ns, At safepoint: 7300 ns, Total: 98701 ns
[4695.758s][info ][safepoint      ] Safepoint "Cleanup", Time since last: 17001198694 ns, Reaching safepoint: 120601 ns, At safepoint: 5600 ns, Total: 126201 ns
[4704.759s][info ][safepoint      ] Safepoint "Cleanup", Time since last: 9000591864 ns, Reaching safepoint: 49201 ns, At safepoint: 9300 ns, Total: 58501 ns
[4705.759s][info ][safepoint      ] Safepoint "Cleanup", Time since last: 1000125773 ns, Reaching safepoint: 107201 ns, At safepoint: 8100 ns, Total: 115301 ns
[4706.759s][info ][safepoint      ] Safepoint "Cleanup", Time since last: 1000111671 ns, Reaching safepoint: 53001 ns, At safepoint: 3100 ns, Total: 56101 ns
[4708.759s][info ][safepoint      ] Safepoint "Cleanup", Time since last: 2000124333 ns, Reaching safepoint: 52700 ns, At safepoint: 6700 ns, Total: 59400 ns
[4709.759s][info ][safepoint      ] Safepoint "Cleanup", Time since last: 1000103464 ns, Reaching safepoint: 50800 ns, At safepoint: 10900 ns, Total: 61700 ns
[4710.759s][info ][safepoint      ] Safepoint "Cleanup", Time since last: 1000102361 ns, Reaching safepoint: 49901 ns, At safepoint: 3300 ns, Total: 53201 ns
[4713.760s][info ][safepoint      ] Safepoint "Cleanup", Time since last: 3000231968 ns, Reaching safepoint: 45300 ns, At safepoint: 8200 ns, Total: 53500 ns
[4715.760s][info ][safepoint      ] Safepoint "Cleanup", Time since last: 2000161900 ns, Reaching safepoint: 45401 ns, At safepoint: 30700 ns, Total: 76101 ns
[4720.709s][info ][gc,start       ] GC(183) Pause Young (Allocation Failure)
[4720.726s][debug][gc,phases      ] GC(183) Scavenge 17.251ms
[4720.726s][debug][gc,ref         ] GC(183) Skipped phase 1 of Reference Processing: no references
[4720.726s][debug][gc,ref         ] GC(183) ReferenceProcessor::execute queues: 1, RefProcThreadModel::Single, marks_oops_alive: false
[4720.726s][debug][gc,ref         ] GC(183) Skipped phase 3 of Reference Processing: no references
[4720.726s][debug][gc,ref         ] GC(183) ReferenceProcessor::execute queues: 1, RefProcThreadModel::Single, marks_oops_alive: false
[4720.726s][debug][gc,phases      ] GC(183) Reference Processing 0.135ms
[4720.726s][debug][gc,phases      ] GC(183)   VM Weak                        Min:  0.0, Avg:  0.0, Max:  0.0, Diff:  0.0, Sum:  0.0, Workers: 4
[4720.726s][debug][gc,phases      ] GC(183)     Dead                           Min: 0, Avg:  0.0, Max: 0, Diff: 0, Sum: 0, Workers: 4
[4720.726s][debug][gc,phases      ] GC(183)     Total                          Min: 0, Avg: 197.0, Max: 384, Diff: 384, Sum: 788, Workers: 4
[4720.726s][debug][gc,phases      ] GC(183)   ObjectSynchronizer Weak        Min:  0.0, Avg:  0.0, Max:  0.0, Diff:  0.0, Sum:  0.0, Workers: 4
[4720.726s][debug][gc,phases      ] GC(183)     Dead                           Min: 0, Avg:  0.0, Max: 0, Diff: 0, Sum: 0, Workers: 4
[4720.727s][debug][gc,phases      ] GC(183)     Total                          Min: 0, Avg: 62.8, Max: 128, Diff: 128, Sum: 251, Workers: 4
[4720.727s][debug][gc,phases      ] GC(183)   JVMTI Tag Weak OopStorage      Min:  0.0, Avg:  0.0, Max:  0.0, Diff:  0.0, Sum:  0.0, Workers: 4
[4720.727s][debug][gc,phases      ] GC(183)     Dead                           Min: 0, Avg:  0.0, Max: 0, Diff: 0, Sum: 0, Workers: 4
[4720.727s][debug][gc,phases      ] GC(183)     Total                          Min: 0, Avg:  0.0, Max: 0, Diff: 0, Sum: 0, Workers: 4
[4720.727s][debug][gc,phases      ] GC(183)   StringTable Weak               Min:  0.1, Avg:  0.1, Max:  0.1, Diff:  0.0, Sum:  0.5, Workers: 4
[4720.727s][debug][gc,phases      ] GC(183)     Dead                           Min: 0, Avg:  0.0, Max: 0, Diff: 0, Sum: 0, Workers: 4
[4720.727s][debug][gc,phases      ] GC(183)     Total                          Min: 11840, Avg: 12290.5, Max: 12992, Diff: 1152, Sum: 49162, Workers: 4
[4720.727s][debug][gc,phases      ] GC(183)   ResolvedMethodTable Weak       Min:  0.0, Avg:  0.0, Max:  0.0, Diff:  0.0, Sum:  0.1, Workers: 4
[4720.727s][debug][gc,phases      ] GC(183)     Dead                           Min: 0, Avg:  0.0, Max: 0, Diff: 0, Sum: 0, Workers: 4
[4720.727s][debug][gc,phases      ] GC(183)     Total                          Min: 2176, Avg: 2263.2, Max: 2368, Diff: 192, Sum: 9053, Workers: 4
[4720.727s][debug][gc,phases      ] GC(183)   JNI Weak                       Min:  0.0, Avg:  0.0, Max:  0.0, Diff:  0.0, Sum:  0.0, Workers: 4
[4720.727s][debug][gc,phases      ] GC(183)     Dead                           Min: 0, Avg:  0.0, Max: 0, Diff: 0, Sum: 0, Workers: 4
[4720.727s][debug][gc,phases      ] GC(183)     Total                          Min: 0, Avg:  0.0, Max: 0, Diff: 0, Sum: 0, Workers: 4
[4720.727s][debug][gc,phases      ] GC(183)   StringDedup Table Weak         Min:  0.0, Avg:  0.0, Max:  0.0, Diff:  0.0, Sum:  0.0, Workers: 4
[4720.727s][debug][gc,phases      ] GC(183)     Dead                           Min: 0, Avg:  0.0, Max: 0, Diff: 0, Sum: 0, Workers: 4
[4720.727s][debug][gc,phases      ] GC(183)     Total                          Min: 0, Avg:  0.0, Max: 0, Diff: 0, Sum: 0, Workers: 4
[4720.727s][debug][gc,phases      ] GC(183)   StringDedup Requests0 Weak     Min:  0.0, Avg:  0.0, Max:  0.0, Diff:  0.0, Sum:  0.0, Workers: 4
[4720.727s][debug][gc,phases      ] GC(183)     Dead                           Min: 0, Avg:  0.0, Max: 0, Diff: 0, Sum: 0, Workers: 4
[4720.727s][debug][gc,phases      ] GC(183)     Total                          Min: 0, Avg:  0.0, Max: 0, Diff: 0, Sum: 0, Workers: 4
[4720.727s][debug][gc,phases      ] GC(183)   StringDedup Requests1 Weak     Min:  0.0, Avg:  0.0, Max:  0.0, Diff:  0.0, Sum:  0.0, Workers: 4
[4720.727s][debug][gc,phases      ] GC(183)     Dead                           Min: 0, Avg:  0.0, Max: 0, Diff: 0, Sum: 0, Workers: 4
[4720.727s][debug][gc,phases      ] GC(183)     Total                          Min: 0, Avg:  0.0, Max: 0, Diff: 0, Sum: 0, Workers: 4
[4720.727s][debug][gc,phases      ] GC(183)   Weak JFR Old Object Samples    Min:  0.0, Avg:  0.0, Max:  0.0, Diff:  0.0, Sum:  0.0, Workers: 4
[4720.727s][debug][gc,phases      ] GC(183)     Dead                           Min: 0, Avg:  0.0, Max: 0, Diff: 0, Sum: 0, Workers: 4
[4720.727s][debug][gc,phases      ] GC(183)     Total                          Min: 0, Avg:  0.0, Max: 0, Diff: 0, Sum: 0, Workers: 4
[4720.727s][debug][gc,phases      ] GC(183) Weak Processing 0.344ms
[4720.727s][debug][gc,age         ] GC(183) Desired survivor size 102236160 bytes, new threshold 15 (max threshold 15)
[4720.727s][info ][gc,heap        ] GC(183) PSYoungGen: 1937412K(1988608K)->50123K(1997312K) Eden: 1880064K(1880064K)->0K(1891840K) From: 57348K(108544K)->50123K(105472K)
[4720.727s][info ][gc,heap        ] GC(183) ParOldGen: 522092K(559616K)->528523K(559616K)
[4720.727s][info ][gc,metaspace   ] GC(183) Metaspace: 86830K(87808K)->86830K(87808K) NonClass: 74788K(75264K)->74788K(75264K) Class: 12042K(12544K)->12042K(12544K)
[4720.727s][info ][gc             ] GC(183) Pause Young (Allocation Failure) 2401M->565M(2497M) 17.865ms
[4720.727s][info ][gc,cpu         ] GC(183) User=0.07s Sys=0.00s Real=0.02s
[4720.727s][info ][safepoint      ] Safepoint "ParallelGCFailedAllocation", Time since last: 4948777249 ns, Reaching safepoint: 43800 ns, At safepoint: 17963495 ns, Total: 18007295 ns
[4724.727s][info ][safepoint      ] Safepoint "Cleanup", Time since last: 4000289424 ns, Reaching safepoint: 46801 ns, At safepoint: 8300 ns, Total: 55101 ns
[4741.728s][info ][safepoint      ] Safepoint "Cleanup", Time since last: 17001054012 ns, Reaching safepoint: 52400 ns, At safepoint: 6800 ns, Total: 59200 ns
[4744.728s][info ][safepoint      ] Safepoint "Cleanup", Time since last: 3000239252 ns, Reaching safepoint: 50001 ns, At safepoint: 17200 ns, Total: 67201 ns
[4747.729s][info ][safepoint      ] Safepoint "Cleanup", Time since last: 3000243732 ns, Reaching safepoint: 46000 ns, At safepoint: 25000 ns, Total: 71000 ns
[4753.258s][info ][safepoint      ] Safepoint "Cleanup", Time since last: 5528841429 ns, Reaching safepoint: 98601 ns, At safepoint: 6300 ns, Total: 104901 ns
[4754.258s][info ][safepoint      ] Safepoint "Cleanup", Time since last: 1000110761 ns, Reaching safepoint: 60600 ns, At safepoint: 8200 ns, Total: 68800 ns
[4755.258s][info ][safepoint      ] Safepoint "Cleanup", Time since last: 1000114559 ns, Reaching safepoint: 38200 ns, At safepoint: 4200 ns, Total: 42400 ns
[4759.258s][info ][safepoint      ] Safepoint "Cleanup", Time since last: 4000277411 ns, Reaching safepoint: 48500 ns, At safepoint: 7801 ns, Total: 56301 ns
[4760.259s][info ][safepoint      ] Safepoint "Cleanup", Time since last: 1000101147 ns, Reaching safepoint: 119601 ns, At safepoint: 6600 ns, Total: 126201 ns
[4764.259s][info ][safepoint      ] Safepoint "Cleanup", Time since last: 4000286067 ns, Reaching safepoint: 30801 ns, At safepoint: 4000 ns, Total: 34801 ns
[4765.259s][info ][safepoint      ] Safepoint "Cleanup", Time since last: 1000109436 ns, Reaching safepoint: 59801 ns, At safepoint: 7700 ns, Total: 67501 ns
[4769.259s][info ][safepoint      ] Safepoint "Cleanup", Time since last: 4000265824 ns, Reaching safepoint: 58800 ns, At safepoint: 4400 ns, Total: 63200 ns
[4770.260s][info ][safepoint      ] Safepoint "Cleanup", Time since last: 1000112426 ns, Reaching safepoint: 54201 ns, At safepoint: 7600 ns, Total: 61801 ns
[4773.260s][info ][safepoint      ] Safepoint "Cleanup", Time since last: 3000247964 ns, Reaching safepoint: 46601 ns, At safepoint: 3500 ns, Total: 50101 ns
[4775.260s][info ][safepoint      ] Safepoint "Cleanup", Time since last: 2000176632 ns, Reaching safepoint: 43901 ns, At safepoint: 2600 ns, Total: 46501 ns
[4778.320s][info ][gc,start       ] GC(184) Pause Young (Allocation Failure)
[4778.333s][debug][gc,phases      ] GC(184) Scavenge 13.902ms
[4778.334s][debug][gc,ref         ] GC(184) Skipped phase 1 of Reference Processing: no references
[4778.334s][debug][gc,ref         ] GC(184) ReferenceProcessor::execute queues: 1, RefProcThreadModel::Single, marks_oops_alive: false
[4778.334s][debug][gc,ref         ] GC(184) Skipped phase 3 of Reference Processing: no references
[4778.334s][debug][gc,ref         ] GC(184) ReferenceProcessor::execute queues: 1, RefProcThreadModel::Single, marks_oops_alive: false
[4778.334s][debug][gc,phases      ] GC(184) Reference Processing 0.138ms
[4778.334s][debug][gc,phases      ] GC(184)   VM Weak                        Min:  0.0, Avg:  0.0, Max:  0.0, Diff:  0.0, Sum:  0.0, Workers: 4
[4778.334s][debug][gc,phases      ] GC(184)     Dead                           Min: 0, Avg:  0.0, Max: 0, Diff: 0, Sum: 0, Workers: 4
[4778.334s][debug][gc,phases      ] GC(184)     Total                          Min: 0, Avg: 197.0, Max: 788, Diff: 788, Sum: 788, Workers: 4
[4778.334s][debug][gc,phases      ] GC(184)   ObjectSynchronizer Weak        Min:  0.0, Avg:  0.0, Max:  0.0, Diff:  0.0, Sum:  0.0, Workers: 4
[4778.334s][debug][gc,phases      ] GC(184)     Dead                           Min: 0, Avg:  0.0, Max: 0, Diff: 0, Sum: 0, Workers: 4
[4778.334s][debug][gc,phases      ] GC(184)     Total                          Min: 0, Avg: 62.8, Max: 128, Diff: 128, Sum: 251, Workers: 4
[4778.334s][debug][gc,phases      ] GC(184)   JVMTI Tag Weak OopStorage      Min:  0.0, Avg:  0.0, Max:  0.0, Diff:  0.0, Sum:  0.0, Workers: 4
[4778.334s][debug][gc,phases      ] GC(184)     Dead                           Min: 0, Avg:  0.0, Max: 0, Diff: 0, Sum: 0, Workers: 4
[4778.334s][debug][gc,phases      ] GC(184)     Total                          Min: 0, Avg:  0.0, Max: 0, Diff: 0, Sum: 0, Workers: 4
[4778.334s][debug][gc,phases      ] GC(184)   StringTable Weak               Min:  0.1, Avg:  0.1, Max:  0.1, Diff:  0.0, Sum:  0.4, Workers: 4
[4778.334s][debug][gc,phases      ] GC(184)     Dead                           Min: 0, Avg:  0.2, Max: 1, Diff: 1, Sum: 1, Workers: 4
[4778.334s][debug][gc,phases      ] GC(184)     Total                          Min: 11405, Avg: 12291.0, Max: 13311, Diff: 1906, Sum: 49164, Workers: 4
[4778.334s][debug][gc,phases      ] GC(184)   ResolvedMethodTable Weak       Min:  0.0, Avg:  0.0, Max:  0.0, Diff:  0.0, Sum:  0.1, Workers: 4
[4778.334s][debug][gc,phases      ] GC(184)     Dead                           Min: 0, Avg:  0.0, Max: 0, Diff: 0, Sum: 0, Workers: 4
[4778.334s][debug][gc,phases      ] GC(184)     Total                          Min: 2112, Avg: 2264.0, Max: 2432, Diff: 320, Sum: 9056, Workers: 4
[4778.334s][debug][gc,phases      ] GC(184)   JNI Weak                       Min:  0.0, Avg:  0.0, Max:  0.0, Diff:  0.0, Sum:  0.0, Workers: 4
[4778.334s][debug][gc,phases      ] GC(184)     Dead                           Min: 0, Avg:  0.0, Max: 0, Diff: 0, Sum: 0, Workers: 4
[4778.334s][debug][gc,phases      ] GC(184)     Total                          Min: 0, Avg:  0.0, Max: 0, Diff: 0, Sum: 0, Workers: 4
[4778.334s][debug][gc,phases      ] GC(184)   StringDedup Table Weak         Min:  0.0, Avg:  0.0, Max:  0.0, Diff:  0.0, Sum:  0.0, Workers: 4
[4778.334s][debug][gc,phases      ] GC(184)     Dead                           Min: 0, Avg:  0.0, Max: 0, Diff: 0, Sum: 0, Workers: 4
[4778.334s][debug][gc,phases      ] GC(184)     Total                          Min: 0, Avg:  0.0, Max: 0, Diff: 0, Sum: 0, Workers: 4
[4778.334s][debug][gc,phases      ] GC(184)   StringDedup Requests0 Weak     Min:  0.0, Avg:  0.0, Max:  0.0, Diff:  0.0, Sum:  0.0, Workers: 4
[4778.334s][debug][gc,phases      ] GC(184)     Dead                           Min: 0, Avg:  0.0, Max: 0, Diff: 0, Sum: 0, Workers: 4
[4778.334s][debug][gc,phases      ] GC(184)     Total                          Min: 0, Avg:  0.0, Max: 0, Diff: 0, Sum: 0, Workers: 4
[4778.334s][debug][gc,phases      ] GC(184)   StringDedup Requests1 Weak     Min:  0.0, Avg:  0.0, Max:  0.0, Diff:  0.0, Sum:  0.0, Workers: 4
[4778.334s][debug][gc,phases      ] GC(184)     Dead                           Min: 0, Avg:  0.0, Max: 0, Diff: 0, Sum: 0, Workers: 4
[4778.334s][debug][gc,phases      ] GC(184)     Total                          Min: 0, Avg:  0.0, Max: 0, Diff: 0, Sum: 0, Workers: 4
[4778.334s][debug][gc,phases      ] GC(184)   Weak JFR Old Object Samples    Min:  0.0, Avg:  0.0, Max:  0.0, Diff:  0.0, Sum:  0.0, Workers: 4
[4778.334s][debug][gc,phases      ] GC(184)     Dead                           Min: 0, Avg:  0.0, Max: 0, Diff: 0, Sum: 0, Workers: 4
[4778.334s][debug][gc,phases      ] GC(184)     Total                          Min: 0, Avg:  0.0, Max: 0, Diff: 0, Sum: 0, Workers: 4
[4778.334s][debug][gc,phases      ] GC(184) Weak Processing 0.350ms
[4778.334s][debug][gc,age         ] GC(184) Desired survivor size 98041856 bytes, new threshold 15 (max threshold 15)
[4778.334s][info ][gc,heap        ] GC(184) PSYoungGen: 1941963K(1997312K)->46405K(1991680K) Eden: 1891840K(1891840K)->0K(1891840K) From: 50123K(105472K)->46405K(99840K)
[4778.334s][info ][gc,heap        ] GC(184) ParOldGen: 528523K(559616K)->532056K(559616K)
[4778.334s][info ][gc,metaspace   ] GC(184) Metaspace: 86844K(87872K)->86844K(87872K) NonClass: 74801K(75328K)->74801K(75328K) Class: 12043K(12544K)->12043K(12544K)
[4778.334s][info ][gc             ] GC(184) Pause Young (Allocation Failure) 2412M->564M(2491M) 14.539ms
[4778.334s][info ][gc,cpu         ] GC(184) User=0.06s Sys=0.00s Real=0.02s
[4778.334s][info ][safepoint      ] Safepoint "ParallelGCFailedAllocation", Time since last: 3059259864 ns, Reaching safepoint: 56800 ns, At safepoint: 14627557 ns, Total: 14684357 ns
[4782.334s][info ][safepoint      ] Safepoint "Cleanup", Time since last: 4000212912 ns, Reaching safepoint: 47400 ns, At safepoint: 8100 ns, Total: 55500 ns
[4783.335s][info ][safepoint      ] Safepoint "Cleanup", Time since last: 1000116599 ns, Reaching safepoint: 46700 ns, At safepoint: 5200 ns, Total: 51900 ns
[4785.335s][info ][safepoint      ] Safepoint "Cleanup", Time since last: 2000169290 ns, Reaching safepoint: 48301 ns, At safepoint: 8300 ns, Total: 56601 ns
[4786.335s][info ][safepoint      ] Safepoint "Cleanup", Time since last: 1000106792 ns, Reaching safepoint: 43800 ns, At safepoint: 3001 ns, Total: 46801 ns
[4787.335s][info ][safepoint      ] Safepoint "Cleanup", Time since last: 1000074989 ns, Reaching safepoint: 41101 ns, At safepoint: 3300 ns, Total: 44401 ns
[4788.335s][info ][safepoint      ] Safepoint "Cleanup", Time since last: 1000105488 ns, Reaching safepoint: 46800 ns, At safepoint: 3000 ns, Total: 49800 ns
[4793.336s][info ][safepoint      ] Safepoint "Cleanup", Time since last: 5000360907 ns, Reaching safepoint: 98101 ns, At safepoint: 8800 ns, Total: 106901 ns
[4799.336s][info ][safepoint      ] Safepoint "Cleanup", Time since last: 6000508022 ns, Reaching safepoint: 39800 ns, At safepoint: 3500 ns, Total: 43300 ns
[4802.120s][info ][safepoint      ] Safepoint "Cleanup", Time since last: 2784030779 ns, Reaching safepoint: 69701 ns, At safepoint: 9000 ns, Total: 78701 ns
[4803.120s][info ][safepoint      ] Safepoint "Cleanup", Time since last: 1000117258 ns, Reaching safepoint: 31500 ns, At safepoint: 3500 ns, Total: 35000 ns
[4804.121s][info ][safepoint      ] Safepoint "Cleanup", Time since last: 1000107356 ns, Reaching safepoint: 53101 ns, At safepoint: 4400 ns, Total: 57501 ns
[4805.121s][info ][safepoint      ] Safepoint "Cleanup", Time since last: 1000109854 ns, Reaching safepoint: 41300 ns, At safepoint: 4300 ns, Total: 45600 ns
[4808.121s][info ][safepoint      ] Safepoint "Cleanup", Time since last: 3000242349 ns, Reaching safepoint: 42600 ns, At safepoint: 8900 ns, Total: 51500 ns
[4809.121s][info ][safepoint      ] Safepoint "Cleanup", Time since last: 1000065446 ns, Reaching safepoint: 57200 ns, At safepoint: 11200 ns, Total: 68400 ns
[4810.121s][info ][safepoint      ] Safepoint "Cleanup", Time since last: 1000106844 ns, Reaching safepoint: 55601 ns, At safepoint: 8900 ns, Total: 64501 ns
[4812.122s][info ][safepoint      ] Safepoint "Cleanup", Time since last: 2000174281 ns, Reaching safepoint: 44101 ns, At safepoint: 6200 ns, Total: 50301 ns
[4815.122s][info ][safepoint      ] Safepoint "Cleanup", Time since last: 3000192106 ns, Reaching safepoint: 110502 ns, At safepoint: 26300 ns, Total: 136802 ns
[4815.857s][info ][gc,start       ] GC(185) Pause Young (Allocation Failure)
[4815.876s][debug][gc,phases      ] GC(185) Scavenge 18.635ms
[4815.876s][debug][gc,ref         ] GC(185) Skipped phase 1 of Reference Processing: no references
[4815.876s][debug][gc,ref         ] GC(185) ReferenceProcessor::execute queues: 1, RefProcThreadModel::Single, marks_oops_alive: false
[4815.876s][debug][gc,ref         ] GC(185) Skipped phase 3 of Reference Processing: no references
[4815.876s][debug][gc,ref         ] GC(185) ReferenceProcessor::execute queues: 1, RefProcThreadModel::Single, marks_oops_alive: false
[4815.876s][debug][gc,phases      ] GC(185) Reference Processing 0.128ms
[4815.876s][debug][gc,phases      ] GC(185)   VM Weak                        Min:  0.0, Avg:  0.0, Max:  0.0, Diff:  0.0, Sum:  0.0, Workers: 4
[4815.876s][debug][gc,phases      ] GC(185)     Dead                           Min: 0, Avg:  0.0, Max: 0, Diff: 0, Sum: 0, Workers: 4
[4815.876s][debug][gc,phases      ] GC(185)     Total                          Min: 0, Avg: 197.0, Max: 512, Diff: 512, Sum: 788, Workers: 4
[4815.876s][debug][gc,phases      ] GC(185)   ObjectSynchronizer Weak        Min:  0.0, Avg:  0.0, Max:  0.0, Diff:  0.0, Sum:  0.0, Workers: 4
[4815.876s][debug][gc,phases      ] GC(185)     Dead                           Min: 0, Avg:  0.0, Max: 0, Diff: 0, Sum: 0, Workers: 4
[4815.876s][debug][gc,phases      ] GC(185)     Total                          Min: 0, Avg: 62.8, Max: 128, Diff: 128, Sum: 251, Workers: 4
[4815.876s][debug][gc,phases      ] GC(185)   JVMTI Tag Weak OopStorage      Min:  0.0, Avg:  0.0, Max:  0.0, Diff:  0.0, Sum:  0.0, Workers: 4
[4815.876s][debug][gc,phases      ] GC(185)     Dead                           Min: 0, Avg:  0.0, Max: 0, Diff: 0, Sum: 0, Workers: 4
[4815.876s][debug][gc,phases      ] GC(185)     Total                          Min: 0, Avg:  0.0, Max: 0, Diff: 0, Sum: 0, Workers: 4
[4815.876s][debug][gc,phases      ] GC(185)   StringTable Weak               Min:  0.1, Avg:  0.1, Max:  0.1, Diff:  0.0, Sum:  0.4, Workers: 4
[4815.876s][debug][gc,phases      ] GC(185)     Dead                           Min: 0, Avg:  0.2, Max: 1, Diff: 1, Sum: 1, Workers: 4
[4815.876s][debug][gc,phases      ] GC(185)     Total                          Min: 11264, Avg: 12292.5, Max: 13120, Diff: 1856, Sum: 49170, Workers: 4
[4815.876s][debug][gc,phases      ] GC(185)   ResolvedMethodTable Weak       Min:  0.0, Avg:  0.0, Max:  0.0, Diff:  0.0, Sum:  0.1, Workers: 4
[4815.876s][debug][gc,phases      ] GC(185)     Dead                           Min: 0, Avg:  0.0, Max: 0, Diff: 0, Sum: 0, Workers: 4
[4815.876s][debug][gc,phases      ] GC(185)     Total                          Min: 2022, Avg: 2265.5, Max: 2560, Diff: 538, Sum: 9062, Workers: 4
[4815.876s][debug][gc,phases      ] GC(185)   JNI Weak                       Min:  0.0, Avg:  0.0, Max:  0.0, Diff:  0.0, Sum:  0.0, Workers: 4
[4815.876s][debug][gc,phases      ] GC(185)     Dead                           Min: 0, Avg:  0.0, Max: 0, Diff: 0, Sum: 0, Workers: 4
[4815.876s][debug][gc,phases      ] GC(185)     Total                          Min: 0, Avg:  0.0, Max: 0, Diff: 0, Sum: 0, Workers: 4
[4815.876s][debug][gc,phases      ] GC(185)   StringDedup Table Weak         Min:  0.0, Avg:  0.0, Max:  0.0, Diff:  0.0, Sum:  0.0, Workers: 4
[4815.876s][debug][gc,phases      ] GC(185)     Dead                           Min: 0, Avg:  0.0, Max: 0, Diff: 0, Sum: 0, Workers: 4
[4815.876s][debug][gc,phases      ] GC(185)     Total                          Min: 0, Avg:  0.0, Max: 0, Diff: 0, Sum: 0, Workers: 4
[4815.876s][debug][gc,phases      ] GC(185)   StringDedup Requests0 Weak     Min:  0.0, Avg:  0.0, Max:  0.0, Diff:  0.0, Sum:  0.0, Workers: 4
[4815.876s][debug][gc,phases      ] GC(185)     Dead                           Min: 0, Avg:  0.0, Max: 0, Diff: 0, Sum: 0, Workers: 4
[4815.876s][debug][gc,phases      ] GC(185)     Total                          Min: 0, Avg:  0.0, Max: 0, Diff: 0, Sum: 0, Workers: 4
[4815.876s][debug][gc,phases      ] GC(185)   StringDedup Requests1 Weak     Min:  0.0, Avg:  0.0, Max:  0.0, Diff:  0.0, Sum:  0.0, Workers: 4
[4815.876s][debug][gc,phases      ] GC(185)     Dead                           Min: 0, Avg:  0.0, Max: 0, Diff: 0, Sum: 0, Workers: 4
[4815.876s][debug][gc,phases      ] GC(185)     Total                          Min: 0, Avg:  0.0, Max: 0, Diff: 0, Sum: 0, Workers: 4
[4815.876s][debug][gc,phases      ] GC(185)   Weak JFR Old Object Samples    Min:  0.0, Avg:  0.0, Max:  0.0, Diff:  0.0, Sum:  0.0, Workers: 4
[4815.876s][debug][gc,phases      ] GC(185)     Dead                           Min: 0, Avg:  0.0, Max: 0, Diff: 0, Sum: 0, Workers: 4
[4815.876s][debug][gc,phases      ] GC(185)     Total                          Min: 0, Avg:  0.0, Max: 0, Diff: 0, Sum: 0, Workers: 4
[4815.876s][debug][gc,phases      ] GC(185) Weak Processing 0.327ms
[4815.876s][debug][gc,age         ] GC(185) Desired survivor size 94896128 bytes, new threshold 15 (max threshold 15)
[4815.876s][info ][gc,heap        ] GC(185) PSYoungGen: 1938245K(1991680K)->43502K(2004480K) Eden: 1891840K(1891840K)->0K(1908736K) From: 46405K(99840K)->43502K(95744K)
[4815.876s][info ][gc,heap        ] GC(185) ParOldGen: 532056K(559616K)->539376K(559616K)
[4815.876s][info ][gc,metaspace   ] GC(185) Metaspace: 86872K(87872K)->86872K(87872K) NonClass: 74826K(75328K)->74826K(75328K) Class: 12046K(12544K)->12046K(12544K)
[4815.876s][info ][gc             ] GC(185) Pause Young (Allocation Failure) 2412M->569M(2504M) 19.249ms
[4815.876s][info ][gc,cpu         ] GC(185) User=0.08s Sys=0.00s Real=0.02s
[4815.876s][info ][safepoint      ] Safepoint "ParallelGCFailedAllocation", Time since last: 735017014 ns, Reaching safepoint: 46100 ns, At safepoint: 19340706 ns, Total: 19386806 ns
[4816.876s][info ][safepoint      ] Safepoint "Cleanup", Time since last: 1000070330 ns, Reaching safepoint: 42701 ns, At safepoint: 3200 ns, Total: 45901 ns
[4820.877s][info ][safepoint      ] Safepoint "Cleanup", Time since last: 4000290501 ns, Reaching safepoint: 41400 ns, At safepoint: 6600 ns, Total: 48000 ns
[4824.877s][info ][safepoint      ] Safepoint "Cleanup", Time since last: 4000232470 ns, Reaching safepoint: 49001 ns, At safepoint: 2900 ns, Total: 51901 ns
[4828.877s][info ][safepoint      ] Safepoint "Cleanup", Time since last: 4000299539 ns, Reaching safepoint: 46601 ns, At safepoint: 6000 ns, Total: 52601 ns
[4835.878s][info ][safepoint      ] Safepoint "Cleanup", Time since last: 7000415795 ns, Reaching safepoint: 52100 ns, At safepoint: 6100 ns, Total: 58200 ns
[4852.991s][info ][gc,start       ] GC(186) Pause Young (Allocation Failure)
[4853.007s][debug][gc,phases      ] GC(186) Scavenge 15.332ms
[4853.007s][debug][gc,ref         ] GC(186) Skipped phase 1 of Reference Processing: no references
[4853.007s][debug][gc,ref         ] GC(186) ReferenceProcessor::execute queues: 1, RefProcThreadModel::Single, marks_oops_alive: false
[4853.007s][debug][gc,ref         ] GC(186) Skipped phase 3 of Reference Processing: no references
[4853.007s][debug][gc,ref         ] GC(186) ReferenceProcessor::execute queues: 1, RefProcThreadModel::Single, marks_oops_alive: false
[4853.007s][debug][gc,phases      ] GC(186) Reference Processing 0.142ms
[4853.007s][debug][gc,phases      ] GC(186)   VM Weak                        Min:  0.0, Avg:  0.0, Max:  0.0, Diff:  0.0, Sum:  0.0, Workers: 4
[4853.007s][debug][gc,phases      ] GC(186)     Dead                           Min: 0, Avg:  0.0, Max: 0, Diff: 0, Sum: 0, Workers: 4
[4853.007s][debug][gc,phases      ] GC(186)     Total                          Min: 0, Avg: 197.0, Max: 532, Diff: 532, Sum: 788, Workers: 4
[4853.007s][debug][gc,phases      ] GC(186)   ObjectSynchronizer Weak        Min:  0.0, Avg:  0.0, Max:  0.0, Diff:  0.0, Sum:  0.0, Workers: 4
[4853.007s][debug][gc,phases      ] GC(186)     Dead                           Min: 0, Avg:  0.0, Max: 0, Diff: 0, Sum: 0, Workers: 4
[4853.007s][debug][gc,phases      ] GC(186)     Total                          Min: 0, Avg: 62.8, Max: 187, Diff: 187, Sum: 251, Workers: 4
[4853.007s][debug][gc,phases      ] GC(186)   JVMTI Tag Weak OopStorage      Min:  0.0, Avg:  0.0, Max:  0.0, Diff:  0.0, Sum:  0.0, Workers: 4
[4853.007s][debug][gc,phases      ] GC(186)     Dead                           Min: 0, Avg:  0.0, Max: 0, Diff: 0, Sum: 0, Workers: 4
[4853.007s][debug][gc,phases      ] GC(186)     Total                          Min: 0, Avg:  0.0, Max: 0, Diff: 0, Sum: 0, Workers: 4
[4853.007s][debug][gc,phases      ] GC(186)   StringTable Weak               Min:  0.1, Avg:  0.1, Max:  0.1, Diff:  0.0, Sum:  0.5, Workers: 4
[4853.007s][debug][gc,phases      ] GC(186)     Dead                           Min: 0, Avg:  0.0, Max: 0, Diff: 0, Sum: 0, Workers: 4
[4853.007s][debug][gc,phases      ] GC(186)     Total                          Min: 11840, Avg: 12292.5, Max: 13202, Diff: 1362, Sum: 49170, Workers: 4
[4853.007s][debug][gc,phases      ] GC(186)   ResolvedMethodTable Weak       Min:  0.0, Avg:  0.0, Max:  0.0, Diff:  0.0, Sum:  0.1, Workers: 4
[4853.007s][debug][gc,phases      ] GC(186)     Dead                           Min: 0, Avg:  0.0, Max: 0, Diff: 0, Sum: 0, Workers: 4
[4853.007s][debug][gc,phases      ] GC(186)     Total                          Min: 2048, Avg: 2265.5, Max: 2368, Diff: 320, Sum: 9062, Workers: 4
[4853.007s][debug][gc,phases      ] GC(186)   JNI Weak                       Min:  0.0, Avg:  0.0, Max:  0.0, Diff:  0.0, Sum:  0.0, Workers: 4
[4853.007s][debug][gc,phases      ] GC(186)     Dead                           Min: 0, Avg:  0.0, Max: 0, Diff: 0, Sum: 0, Workers: 4
[4853.007s][debug][gc,phases      ] GC(186)     Total                          Min: 0, Avg:  0.0, Max: 0, Diff: 0, Sum: 0, Workers: 4
[4853.007s][debug][gc,phases      ] GC(186)   StringDedup Table Weak         Min:  0.0, Avg:  0.0, Max:  0.0, Diff:  0.0, Sum:  0.0, Workers: 4
[4853.007s][debug][gc,phases      ] GC(186)     Dead                           Min: 0, Avg:  0.0, Max: 0, Diff: 0, Sum: 0, Workers: 4
[4853.007s][debug][gc,phases      ] GC(186)     Total                          Min: 0, Avg:  0.0, Max: 0, Diff: 0, Sum: 0, Workers: 4
[4853.007s][debug][gc,phases      ] GC(186)   StringDedup Requests0 Weak     Min:  0.0, Avg:  0.0, Max:  0.0, Diff:  0.0, Sum:  0.0, Workers: 4
[4853.007s][debug][gc,phases      ] GC(186)     Dead                           Min: 0, Avg:  0.0, Max: 0, Diff: 0, Sum: 0, Workers: 4
[4853.007s][debug][gc,phases      ] GC(186)     Total                          Min: 0, Avg:  0.0, Max: 0, Diff: 0, Sum: 0, Workers: 4
[4853.007s][debug][gc,phases      ] GC(186)   StringDedup Requests1 Weak     Min:  0.0, Avg:  0.0, Max:  0.0, Diff:  0.0, Sum:  0.0, Workers: 4
[4853.007s][debug][gc,phases      ] GC(186)     Dead                           Min: 0, Avg:  0.0, Max: 0, Diff: 0, Sum: 0, Workers: 4
[4853.007s][debug][gc,phases      ] GC(186)     Total                          Min: 0, Avg:  0.0, Max: 0, Diff: 0, Sum: 0, Workers: 4
[4853.007s][debug][gc,phases      ] GC(186)   Weak JFR Old Object Samples    Min:  0.0, Avg:  0.0, Max:  0.0, Diff:  0.0, Sum:  0.0, Workers: 4
[4853.007s][debug][gc,phases      ] GC(186)     Dead                           Min: 0, Avg:  0.0, Max: 0, Diff: 0, Sum: 0, Workers: 4
[4853.007s][debug][gc,phases      ] GC(186)     Total                          Min: 0, Avg:  0.0, Max: 0, Diff: 0, Sum: 0, Workers: 4
[4853.007s][debug][gc,phases      ] GC(186) Weak Processing 0.366ms
[4853.007s][debug][gc,age         ] GC(186) Desired survivor size 91226112 bytes, new threshold 15 (max threshold 15)
[4853.007s][info ][gc,heap        ] GC(186) PSYoungGen: 1952238K(2004480K)->43946K(2001408K) Eden: 1908736K(1908736K)->0K(1908736K) From: 43502K(95744K)->43946K(92672K)
[4853.007s][info ][gc,heap        ] GC(186) ParOldGen: 539376K(559616K)->539652K(559616K)
[4853.007s][info ][gc,metaspace   ] GC(186) Metaspace: 86877K(87872K)->86877K(87872K) NonClass: 74831K(75328K)->74831K(75328K) Class: 12046K(12544K)->12046K(12544K)
[4853.007s][info ][gc             ] GC(186) Pause Young (Allocation Failure) 2433M->569M(2501M) 15.998ms
[4853.007s][info ][gc,cpu         ] GC(186) User=0.06s Sys=0.00s Real=0.01s
[4853.007s][info ][safepoint      ] Safepoint "ParallelGCFailedAllocation", Time since last: 17113185192 ns, Reaching safepoint: 118901 ns, At safepoint: 16092070 ns, Total: 16210971 ns
[4854.008s][info ][safepoint      ] Safepoint "Cleanup", Time since last: 1000090260 ns, Reaching safepoint: 120502 ns, At safepoint: 8000 ns, Total: 128502 ns
[4861.008s][info ][safepoint      ] Safepoint "Cleanup", Time since last: 7000486370 ns, Reaching safepoint: 124002 ns, At safepoint: 7700 ns, Total: 131702 ns
[4867.009s][info ][safepoint      ] Safepoint "Cleanup", Time since last: 6000452248 ns, Reaching safepoint: 126201 ns, At safepoint: 12700 ns, Total: 138901 ns
[4868.009s][info ][safepoint      ] Safepoint "Cleanup", Time since last: 1000068635 ns, Reaching safepoint: 114502 ns, At safepoint: 8200 ns, Total: 122702 ns
[4872.009s][info ][safepoint      ] Safepoint "Cleanup", Time since last: 4000306023 ns, Reaching safepoint: 137001 ns, At safepoint: 11000 ns, Total: 148001 ns
[4881.010s][info ][safepoint      ] Safepoint "Cleanup", Time since last: 9000621174 ns, Reaching safepoint: 62001 ns, At safepoint: 7500 ns, Total: 69501 ns
[4889.011s][info ][safepoint      ] Safepoint "Cleanup", Time since last: 8000537837 ns, Reaching safepoint: 125701 ns, At safepoint: 11300 ns, Total: 137001 ns
[4890.403s][info ][gc,start       ] GC(187) Pause Young (Allocation Failure)
[4890.417s][debug][gc,phases      ] GC(187) Scavenge 13.557ms
[4890.417s][debug][gc,ref         ] GC(187) Skipped phase 1 of Reference Processing: no references
[4890.417s][debug][gc,ref         ] GC(187) ReferenceProcessor::execute queues: 1, RefProcThreadModel::Single, marks_oops_alive: false
[4890.417s][debug][gc,ref         ] GC(187) Skipped phase 3 of Reference Processing: no references
[4890.417s][debug][gc,ref         ] GC(187) ReferenceProcessor::execute queues: 1, RefProcThreadModel::Single, marks_oops_alive: false
[4890.417s][debug][gc,phases      ] GC(187) Reference Processing 0.128ms
[4890.417s][debug][gc,phases      ] GC(187)   VM Weak                        Min:  0.0, Avg:  0.0, Max:  0.0, Diff:  0.0, Sum:  0.0, Workers: 4
[4890.417s][debug][gc,phases      ] GC(187)     Dead                           Min: 0, Avg:  0.0, Max: 0, Diff: 0, Sum: 0, Workers: 4
[4890.417s][debug][gc,phases      ] GC(187)     Total                          Min: 0, Avg: 197.0, Max: 660, Diff: 660, Sum: 788, Workers: 4
[4890.417s][debug][gc,phases      ] GC(187)   ObjectSynchronizer Weak        Min:  0.0, Avg:  0.0, Max:  0.0, Diff:  0.0, Sum:  0.0, Workers: 4
[4890.417s][debug][gc,phases      ] GC(187)     Dead                           Min: 0, Avg:  0.0, Max: 0, Diff: 0, Sum: 0, Workers: 4
[4890.417s][debug][gc,phases      ] GC(187)     Total                          Min: 0, Avg: 62.8, Max: 187, Diff: 187, Sum: 251, Workers: 4
[4890.417s][debug][gc,phases      ] GC(187)   JVMTI Tag Weak OopStorage      Min:  0.0, Avg:  0.0, Max:  0.0, Diff:  0.0, Sum:  0.0, Workers: 4
[4890.417s][debug][gc,phases      ] GC(187)     Dead                           Min: 0, Avg:  0.0, Max: 0, Diff: 0, Sum: 0, Workers: 4
[4890.417s][debug][gc,phases      ] GC(187)     Total                          Min: 0, Avg:  0.0, Max: 0, Diff: 0, Sum: 0, Workers: 4
[4890.417s][debug][gc,phases      ] GC(187)   StringTable Weak               Min:  0.1, Avg:  0.1, Max:  0.1, Diff:  0.0, Sum:  0.4, Workers: 4
[4890.417s][debug][gc,phases      ] GC(187)     Dead                           Min: 0, Avg:  0.0, Max: 0, Diff: 0, Sum: 0, Workers: 4
[4890.417s][debug][gc,phases      ] GC(187)     Total                          Min: 10624, Avg: 12294.0, Max: 13312, Diff: 2688, Sum: 49176, Workers: 4
[4890.417s][debug][gc,phases      ] GC(187)   ResolvedMethodTable Weak       Min:  0.0, Avg:  0.0, Max:  0.0, Diff:  0.0, Sum:  0.1, Workers: 4
[4890.417s][debug][gc,phases      ] GC(187)     Dead                           Min: 0, Avg:  0.0, Max: 0, Diff: 0, Sum: 0, Workers: 4
[4890.417s][debug][gc,phases      ] GC(187)     Total                          Min: 2112, Avg: 2265.5, Max: 2342, Diff: 230, Sum: 9062, Workers: 4
[4890.417s][debug][gc,phases      ] GC(187)   JNI Weak                       Min:  0.0, Avg:  0.0, Max:  0.0, Diff:  0.0, Sum:  0.0, Workers: 4
[4890.417s][debug][gc,phases      ] GC(187)     Dead                           Min: 0, Avg:  0.0, Max: 0, Diff: 0, Sum: 0, Workers: 4
[4890.417s][debug][gc,phases      ] GC(187)     Total                          Min: 0, Avg:  0.0, Max: 0, Diff: 0, Sum: 0, Workers: 4
[4890.417s][debug][gc,phases      ] GC(187)   StringDedup Table Weak         Min:  0.0, Avg:  0.0, Max:  0.0, Diff:  0.0, Sum:  0.0, Workers: 4
[4890.417s][debug][gc,phases      ] GC(187)     Dead                           Min: 0, Avg:  0.0, Max: 0, Diff: 0, Sum: 0, Workers: 4
[4890.417s][debug][gc,phases      ] GC(187)     Total                          Min: 0, Avg:  0.0, Max: 0, Diff: 0, Sum: 0, Workers: 4
[4890.417s][debug][gc,phases      ] GC(187)   StringDedup Requests0 Weak     Min:  0.0, Avg:  0.0, Max:  0.0, Diff:  0.0, Sum:  0.0, Workers: 4
[4890.417s][debug][gc,phases      ] GC(187)     Dead                           Min: 0, Avg:  0.0, Max: 0, Diff: 0, Sum: 0, Workers: 4
[4890.417s][debug][gc,phases      ] GC(187)     Total                          Min: 0, Avg:  0.0, Max: 0, Diff: 0, Sum: 0, Workers: 4
[4890.417s][debug][gc,phases      ] GC(187)   StringDedup Requests1 Weak     Min:  0.0, Avg:  0.0, Max:  0.0, Diff:  0.0, Sum:  0.0, Workers: 4
[4890.417s][debug][gc,phases      ] GC(187)     Dead                           Min: 0, Avg:  0.0, Max: 0, Diff: 0, Sum: 0, Workers: 4
[4890.417s][debug][gc,phases      ] GC(187)     Total                          Min: 0, Avg:  0.0, Max: 0, Diff: 0, Sum: 0, Workers: 4
[4890.417s][debug][gc,phases      ] GC(187)   Weak JFR Old Object Samples    Min:  0.0, Avg:  0.0, Max:  0.0, Diff:  0.0, Sum:  0.0, Workers: 4
[4890.417s][debug][gc,phases      ] GC(187)     Dead                           Min: 0, Avg:  0.0, Max: 0, Diff: 0, Sum: 0, Workers: 4
[4890.417s][debug][gc,phases      ] GC(187)     Total                          Min: 0, Avg:  0.0, Max: 0, Diff: 0, Sum: 0, Workers: 4
[4890.417s][debug][gc,phases      ] GC(187) Weak Processing 0.324ms
[4890.417s][debug][gc,age         ] GC(187) Desired survivor size 87556096 bytes, new threshold 15 (max threshold 15)
[4890.417s][info ][gc,heap        ] GC(187) PSYoungGen: 1952682K(2001408K)->49003K(2011648K) Eden: 1908736K(1908736K)->0K(1922560K) From: 43946K(92672K)->49003K(89088K)
[4890.417s][info ][gc,heap        ] GC(187) ParOldGen: 539652K(559616K)->539920K(559616K)
[4890.417s][info ][gc,metaspace   ] GC(187) Metaspace: 86889K(87872K)->86889K(87872K) NonClass: 74842K(75328K)->74842K(75328K) Class: 12046K(12544K)->12046K(12544K)
[4890.417s][info ][gc             ] GC(187) Pause Young (Allocation Failure) 2433M->575M(2511M) 14.148ms
[4890.417s][info ][gc,cpu         ] GC(187) User=0.06s Sys=0.00s Real=0.01s
[4890.417s][info ][safepoint      ] Safepoint "ParallelGCFailedAllocation", Time since last: 1391964710 ns, Reaching safepoint: 119602 ns, At safepoint: 14238149 ns, Total: 14357751 ns
[4893.417s][info ][safepoint      ] Safepoint "Cleanup", Time since last: 3000175078 ns, Reaching safepoint: 49101 ns, At safepoint: 3500 ns, Total: 52601 ns
[4897.418s][info ][safepoint      ] Safepoint "Cleanup", Time since last: 4000288248 ns, Reaching safepoint: 28001 ns, At safepoint: 3700 ns, Total: 31701 ns
[4899.418s][info ][safepoint      ] Safepoint "Cleanup", Time since last: 2000114663 ns, Reaching safepoint: 58601 ns, At safepoint: 6100 ns, Total: 64701 ns
[4910.419s][info ][safepoint      ] Safepoint "Cleanup", Time since last: 11000669483 ns, Reaching safepoint: 40701 ns, At safepoint: 3000 ns, Total: 43701 ns
[4911.419s][info ][safepoint      ] Safepoint "Cleanup", Time since last: 1000106562 ns, Reaching safepoint: 65401 ns, At safepoint: 6000 ns, Total: 71401 ns
[4913.419s][info ][safepoint      ] Safepoint "Cleanup", Time since last: 2000174918 ns, Reaching safepoint: 52501 ns, At safepoint: 7500 ns, Total: 60001 ns
[4928.420s][info ][safepoint      ] Safepoint "Cleanup", Time since last: 15000982880 ns, Reaching safepoint: 49301 ns, At safepoint: 5900 ns, Total: 55201 ns
[4929.420s][info ][safepoint      ] Safepoint "Cleanup", Time since last: 1000117133 ns, Reaching safepoint: 51501 ns, At safepoint: 3100 ns, Total: 54601 ns
[4931.420s][info ][safepoint      ] Safepoint "Cleanup", Time since last: 2000173661 ns, Reaching safepoint: 48101 ns, At safepoint: 34200 ns, Total: 82301 ns
[4936.705s][info ][gc,start       ] GC(188) Pause Young (Allocation Failure)
[4936.715s][debug][gc,phases      ] GC(188) Scavenge 10.835ms
[4936.716s][debug][gc,ref         ] GC(188) Skipped phase 1 of Reference Processing: no references
[4936.716s][debug][gc,ref         ] GC(188) ReferenceProcessor::execute queues: 1, RefProcThreadModel::Single, marks_oops_alive: false
[4936.716s][debug][gc,ref         ] GC(188) Skipped phase 3 of Reference Processing: no references
[4936.716s][debug][gc,ref         ] GC(188) ReferenceProcessor::execute queues: 1, RefProcThreadModel::Single, marks_oops_alive: false
[4936.716s][debug][gc,phases      ] GC(188) Reference Processing 0.136ms
[4936.716s][debug][gc,phases      ] GC(188)   VM Weak                        Min:  0.0, Avg:  0.0, Max:  0.0, Diff:  0.0, Sum:  0.0, Workers: 4
[4936.716s][debug][gc,phases      ] GC(188)     Dead                           Min: 0, Avg:  0.0, Max: 0, Diff: 0, Sum: 0, Workers: 4
[4936.716s][debug][gc,phases      ] GC(188)     Total                          Min: 0, Avg: 197.0, Max: 788, Diff: 788, Sum: 788, Workers: 4
[4936.716s][debug][gc,phases      ] GC(188)   ObjectSynchronizer Weak        Min:  0.0, Avg:  0.0, Max:  0.0, Diff:  0.0, Sum:  0.0, Workers: 4
[4936.716s][debug][gc,phases      ] GC(188)     Dead                           Min: 0, Avg:  0.0, Max: 0, Diff: 0, Sum: 0, Workers: 4
[4936.716s][debug][gc,phases      ] GC(188)     Total                          Min: 0, Avg: 62.8, Max: 128, Diff: 128, Sum: 251, Workers: 4
[4936.716s][debug][gc,phases      ] GC(188)   JVMTI Tag Weak OopStorage      Min:  0.0, Avg:  0.0, Max:  0.0, Diff:  0.0, Sum:  0.0, Workers: 4
[4936.716s][debug][gc,phases      ] GC(188)     Dead                           Min: 0, Avg:  0.0, Max: 0, Diff: 0, Sum: 0, Workers: 4
[4936.716s][debug][gc,phases      ] GC(188)     Total                          Min: 0, Avg:  0.0, Max: 0, Diff: 0, Sum: 0, Workers: 4
[4936.716s][debug][gc,phases      ] GC(188)   StringTable Weak               Min:  0.1, Avg:  0.1, Max:  0.1, Diff:  0.0, Sum:  0.4, Workers: 4
[4936.716s][debug][gc,phases      ] GC(188)     Dead                           Min: 0, Avg:  0.0, Max: 0, Diff: 0, Sum: 0, Workers: 4
[4936.716s][debug][gc,phases      ] GC(188)     Total                          Min: 11288, Avg: 12294.0, Max: 12736, Diff: 1448, Sum: 49176, Workers: 4
[4936.716s][debug][gc,phases      ] GC(188)   ResolvedMethodTable Weak       Min:  0.0, Avg:  0.0, Max:  0.0, Diff:  0.0, Sum:  0.1, Workers: 4
[4936.716s][debug][gc,phases      ] GC(188)     Dead                           Min: 0, Avg:  0.0, Max: 0, Diff: 0, Sum: 0, Workers: 4
[4936.716s][debug][gc,phases      ] GC(188)     Total                          Min: 2240, Avg: 2265.5, Max: 2304, Diff: 64, Sum: 9062, Workers: 4
[4936.716s][debug][gc,phases      ] GC(188)   JNI Weak                       Min:  0.0, Avg:  0.0, Max:  0.0, Diff:  0.0, Sum:  0.0, Workers: 4
[4936.716s][debug][gc,phases      ] GC(188)     Dead                           Min: 0, Avg:  0.0, Max: 0, Diff: 0, Sum: 0, Workers: 4
[4936.716s][debug][gc,phases      ] GC(188)     Total                          Min: 0, Avg:  0.0, Max: 0, Diff: 0, Sum: 0, Workers: 4
[4936.716s][debug][gc,phases      ] GC(188)   StringDedup Table Weak         Min:  0.0, Avg:  0.0, Max:  0.0, Diff:  0.0, Sum:  0.0, Workers: 4
[4936.716s][debug][gc,phases      ] GC(188)     Dead                           Min: 0, Avg:  0.0, Max: 0, Diff: 0, Sum: 0, Workers: 4
[4936.716s][debug][gc,phases      ] GC(188)     Total                          Min: 0, Avg:  0.0, Max: 0, Diff: 0, Sum: 0, Workers: 4
[4936.716s][debug][gc,phases      ] GC(188)   StringDedup Requests0 Weak     Min:  0.0, Avg:  0.0, Max:  0.0, Diff:  0.0, Sum:  0.0, Workers: 4
[4936.716s][debug][gc,phases      ] GC(188)     Dead                           Min: 0, Avg:  0.0, Max: 0, Diff: 0, Sum: 0, Workers: 4
[4936.716s][debug][gc,phases      ] GC(188)     Total                          Min: 0, Avg:  0.0, Max: 0, Diff: 0, Sum: 0, Workers: 4
[4936.716s][debug][gc,phases      ] GC(188)   StringDedup Requests1 Weak     Min:  0.0, Avg:  0.0, Max:  0.0, Diff:  0.0, Sum:  0.0, Workers: 4
[4936.716s][debug][gc,phases      ] GC(188)     Dead                           Min: 0, Avg:  0.0, Max: 0, Diff: 0, Sum: 0, Workers: 4
[4936.716s][debug][gc,phases      ] GC(188)     Total                          Min: 0, Avg:  0.0, Max: 0, Diff: 0, Sum: 0, Workers: 4
[4936.716s][debug][gc,phases      ] GC(188)   Weak JFR Old Object Samples    Min:  0.0, Avg:  0.0, Max:  0.0, Diff:  0.0, Sum:  0.0, Workers: 4
[4936.716s][debug][gc,phases      ] GC(188)     Dead                           Min: 0, Avg:  0.0, Max: 0, Diff: 0, Sum: 0, Workers: 4
[4936.716s][debug][gc,phases      ] GC(188)     Total                          Min: 0, Avg:  0.0, Max: 0, Diff: 0, Sum: 0, Workers: 4
[4936.716s][debug][gc,phases      ] GC(188) Weak Processing 0.326ms
[4936.716s][debug][gc,age         ] GC(188) Desired survivor size 85458944 bytes, new threshold 15 (max threshold 15)
[4936.716s][info ][gc,heap        ] GC(188) PSYoungGen: 1971563K(2011648K)->39510K(2008064K) Eden: 1922560K(1922560K)->0K(1922560K) From: 49003K(89088K)->39510K(85504K)
[4936.716s][info ][gc,heap        ] GC(188) ParOldGen: 539920K(559616K)->540048K(559616K)
[4936.716s][info ][gc,metaspace   ] GC(188) Metaspace: 86896K(87872K)->86896K(87872K) NonClass: 74849K(75328K)->74849K(75328K) Class: 12046K(12544K)->12046K(12544K)
[4936.716s][info ][gc             ] GC(188) Pause Young (Allocation Failure) 2452M->565M(2507M) 11.436ms
[4936.716s][info ][gc,cpu         ] GC(188) User=0.04s Sys=0.00s Real=0.01s
[4936.716s][info ][safepoint      ] Safepoint "ParallelGCFailedAllocation", Time since last: 5284093681 ns, Reaching safepoint: 49901 ns, At safepoint: 11527520 ns, Total: 11577421 ns
[4941.717s][info ][safepoint      ] Safepoint "Cleanup", Time since last: 5000396984 ns, Reaching safepoint: 145202 ns, At safepoint: 9700 ns, Total: 154902 ns
[4943.717s][info ][safepoint      ] Safepoint "Cleanup", Time since last: 2000159623 ns, Reaching safepoint: 40000 ns, At safepoint: 3500 ns, Total: 43500 ns
[4984.720s][info ][safepoint      ] Safepoint "Cleanup", Time since last: 41002667457 ns, Reaching safepoint: 59300 ns, At safepoint: 8600 ns, Total: 67900 ns
[4990.720s][info ][safepoint      ] Safepoint "Cleanup", Time since last: 6000426774 ns, Reaching safepoint: 48501 ns, At safepoint: 23200 ns, Total: 71701 ns
[4993.909s][info ][gc,start       ] GC(189) Pause Young (Allocation Failure)
[4993.923s][debug][gc,phases      ] GC(189) Scavenge 13.136ms
[4993.923s][debug][gc,ref         ] GC(189) Skipped phase 1 of Reference Processing: no references
[4993.923s][debug][gc,ref         ] GC(189) ReferenceProcessor::execute queues: 1, RefProcThreadModel::Single, marks_oops_alive: false
[4993.923s][debug][gc,ref         ] GC(189) Skipped phase 3 of Reference Processing: no references
[4993.923s][debug][gc,ref         ] GC(189) ReferenceProcessor::execute queues: 1, RefProcThreadModel::Single, marks_oops_alive: false
[4993.923s][debug][gc,phases      ] GC(189) Reference Processing 0.126ms
[4993.923s][debug][gc,phases      ] GC(189)   VM Weak                        Min:  0.0, Avg:  0.0, Max:  0.0, Diff:  0.0, Sum:  0.0, Workers: 4
[4993.923s][debug][gc,phases      ] GC(189)     Dead                           Min: 0, Avg:  0.0, Max: 0, Diff: 0, Sum: 0, Workers: 4
[4993.923s][debug][gc,phases      ] GC(189)     Total                          Min: 0, Avg: 197.0, Max: 512, Diff: 512, Sum: 788, Workers: 4
[4993.923s][debug][gc,phases      ] GC(189)   ObjectSynchronizer Weak        Min:  0.0, Avg:  0.0, Max:  0.0, Diff:  0.0, Sum:  0.0, Workers: 4
[4993.923s][debug][gc,phases      ] GC(189)     Dead                           Min: 0, Avg:  0.0, Max: 0, Diff: 0, Sum: 0, Workers: 4
[4993.923s][debug][gc,phases      ] GC(189)     Total                          Min: 0, Avg: 62.8, Max: 128, Diff: 128, Sum: 251, Workers: 4
[4993.923s][debug][gc,phases      ] GC(189)   JVMTI Tag Weak OopStorage      Min:  0.0, Avg:  0.0, Max:  0.0, Diff:  0.0, Sum:  0.0, Workers: 4
[4993.923s][debug][gc,phases      ] GC(189)     Dead                           Min: 0, Avg:  0.0, Max: 0, Diff: 0, Sum: 0, Workers: 4
[4993.923s][debug][gc,phases      ] GC(189)     Total                          Min: 0, Avg:  0.0, Max: 0, Diff: 0, Sum: 0, Workers: 4
[4993.923s][debug][gc,phases      ] GC(189)   StringTable Weak               Min:  0.1, Avg:  0.1, Max:  0.1, Diff:  0.0, Sum:  0.5, Workers: 4
[4993.923s][debug][gc,phases      ] GC(189)     Dead                           Min: 0, Avg:  0.0, Max: 0, Diff: 0, Sum: 0, Workers: 4
[4993.923s][debug][gc,phases      ] GC(189)     Total                          Min: 11712, Avg: 12294.2, Max: 12928, Diff: 1216, Sum: 49177, Workers: 4
[4993.923s][debug][gc,phases      ] GC(189)   ResolvedMethodTable Weak       Min:  0.0, Avg:  0.0, Max:  0.0, Diff:  0.0, Sum:  0.1, Workers: 4
[4993.923s][debug][gc,phases      ] GC(189)     Dead                           Min: 0, Avg:  0.0, Max: 0, Diff: 0, Sum: 0, Workers: 4
[4993.923s][debug][gc,phases      ] GC(189)     Total                          Min: 2176, Avg: 2266.0, Max: 2344, Diff: 168, Sum: 9064, Workers: 4
[4993.923s][debug][gc,phases      ] GC(189)   JNI Weak                       Min:  0.0, Avg:  0.0, Max:  0.0, Diff:  0.0, Sum:  0.0, Workers: 4
[4993.923s][debug][gc,phases      ] GC(189)     Dead                           Min: 0, Avg:  0.0, Max: 0, Diff: 0, Sum: 0, Workers: 4
[4993.923s][debug][gc,phases      ] GC(189)     Total                          Min: 0, Avg:  0.0, Max: 0, Diff: 0, Sum: 0, Workers: 4
[4993.923s][debug][gc,phases      ] GC(189)   StringDedup Table Weak         Min:  0.0, Avg:  0.0, Max:  0.0, Diff:  0.0, Sum:  0.0, Workers: 4
[4993.923s][debug][gc,phases      ] GC(189)     Dead                           Min: 0, Avg:  0.0, Max: 0, Diff: 0, Sum: 0, Workers: 4
[4993.923s][debug][gc,phases      ] GC(189)     Total                          Min: 0, Avg:  0.0, Max: 0, Diff: 0, Sum: 0, Workers: 4
[4993.923s][debug][gc,phases      ] GC(189)   StringDedup Requests0 Weak     Min:  0.0, Avg:  0.0, Max:  0.0, Diff:  0.0, Sum:  0.0, Workers: 4
[4993.923s][debug][gc,phases      ] GC(189)     Dead                           Min: 0, Avg:  0.0, Max: 0, Diff: 0, Sum: 0, Workers: 4
[4993.923s][debug][gc,phases      ] GC(189)     Total                          Min: 0, Avg:  0.0, Max: 0, Diff: 0, Sum: 0, Workers: 4
[4993.923s][debug][gc,phases      ] GC(189)   StringDedup Requests1 Weak     Min:  0.0, Avg:  0.0, Max:  0.0, Diff:  0.0, Sum:  0.0, Workers: 4
[4993.923s][debug][gc,phases      ] GC(189)     Dead                           Min: 0, Avg:  0.0, Max: 0, Diff: 0, Sum: 0, Workers: 4
[4993.923s][debug][gc,phases      ] GC(189)     Total                          Min: 0, Avg:  0.0, Max: 0, Diff: 0, Sum: 0, Workers: 4
[4993.923s][debug][gc,phases      ] GC(189)   Weak JFR Old Object Samples    Min:  0.0, Avg:  0.0, Max:  0.0, Diff:  0.0, Sum:  0.0, Workers: 4
[4993.923s][debug][gc,phases      ] GC(189)     Dead                           Min: 0, Avg:  0.0, Max: 0, Diff: 0, Sum: 0, Workers: 4
[4993.923s][debug][gc,phases      ] GC(189)     Total                          Min: 0, Avg:  0.0, Max: 0, Diff: 0, Sum: 0, Workers: 4
[4993.923s][debug][gc,phases      ] GC(189) Weak Processing 0.410ms
[4993.923s][debug][gc,age         ] GC(189) Desired survivor size 83361792 bytes, new threshold 15 (max threshold 15)
[4993.923s][info ][gc,heap        ] GC(189) PSYoungGen: 1962070K(2008064K)->39775K(2015744K) Eden: 1922560K(1922560K)->0K(1932288K) From: 39510K(85504K)->39775K(83456K)
[4993.923s][info ][gc,heap        ] GC(189) ParOldGen: 540048K(559616K)->540345K(559616K)
[4993.923s][info ][gc,metaspace   ] GC(189) Metaspace: 86902K(87872K)->86902K(87872K) NonClass: 74854K(75328K)->74854K(75328K) Class: 12047K(12544K)->12047K(12544K)
[4993.923s][info ][gc             ] GC(189) Pause Young (Allocation Failure) 2443M->566M(2515M) 13.838ms
[4993.923s][info ][gc,cpu         ] GC(189) User=0.05s Sys=0.00s Real=0.02s
[4993.923s][info ][safepoint      ] Safepoint "ParallelGCFailedAllocation", Time since last: 3189151271 ns, Reaching safepoint: 41701 ns, At safepoint: 13953444 ns, Total: 13995145 ns
[4994.923s][info ][safepoint      ] Safepoint "Cleanup", Time since last: 1000086836 ns, Reaching safepoint: 64001 ns, At safepoint: 7200 ns, Total: 71201 ns
[4998.924s][info ][safepoint      ] Safepoint "Cleanup", Time since last: 4000303474 ns, Reaching safepoint: 42100 ns, At safepoint: 3900 ns, Total: 46000 ns
[5001.924s][info ][safepoint      ] Safepoint "Cleanup", Time since last: 3000242130 ns, Reaching safepoint: 55103 ns, At safepoint: 4000 ns, Total: 59103 ns
[5010.925s][info ][safepoint      ] Safepoint "Cleanup", Time since last: 9000676427 ns, Reaching safepoint: 48402 ns, At safepoint: 12801 ns, Total: 61203 ns
[5011.925s][info ][safepoint      ] Safepoint "Cleanup", Time since last: 1000117894 ns, Reaching safepoint: 57402 ns, At safepoint: 4000 ns, Total: 61402 ns
[5020.926s][info ][safepoint      ] Safepoint "Cleanup", Time since last: 9000733672 ns, Reaching safepoint: 49002 ns, At safepoint: 3400 ns, Total: 52402 ns
[5023.926s][info ][safepoint      ] Safepoint "Cleanup", Time since last: 3000244844 ns, Reaching safepoint: 41901 ns, At safepoint: 8600 ns, Total: 50501 ns
[5025.926s][info ][safepoint      ] Safepoint "Cleanup", Time since last: 2000174015 ns, Reaching safepoint: 53302 ns, At safepoint: 8501 ns, Total: 61803 ns
[5028.927s][info ][safepoint      ] Safepoint "Cleanup", Time since last: 3000205200 ns, Reaching safepoint: 46901 ns, At safepoint: 7200 ns, Total: 54101 ns
[5037.927s][info ][safepoint      ] Safepoint "Cleanup", Time since last: 9000628115 ns, Reaching safepoint: 75102 ns, At safepoint: 6501 ns, Total: 81603 ns
[5046.512s][info ][gc,start       ] GC(190) Pause Young (Allocation Failure)
[5046.525s][debug][gc,phases      ] GC(190) Scavenge 12.774ms
[5046.525s][debug][gc,ref         ] GC(190) Skipped phase 1 of Reference Processing: no references
[5046.525s][debug][gc,ref         ] GC(190) ReferenceProcessor::execute queues: 1, RefProcThreadModel::Single, marks_oops_alive: false
[5046.525s][debug][gc,ref         ] GC(190) Skipped phase 3 of Reference Processing: no references
[5046.525s][debug][gc,ref         ] GC(190) Skipped phase 4 of Reference Processing: no references
[5046.525s][debug][gc,phases      ] GC(190) Reference Processing 0.148ms
[5046.525s][debug][gc,phases      ] GC(190)   VM Weak                        Min:  0.0, Avg:  0.0, Max:  0.0, Diff:  0.0, Sum:  0.0, Workers: 4
[5046.525s][debug][gc,phases      ] GC(190)     Dead                           Min: 0, Avg:  0.0, Max: 0, Diff: 0, Sum: 0, Workers: 4
[5046.525s][debug][gc,phases      ] GC(190)     Total                          Min: 0, Avg: 197.0, Max: 320, Diff: 320, Sum: 788, Workers: 4
[5046.525s][debug][gc,phases      ] GC(190)   ObjectSynchronizer Weak        Min:  0.0, Avg:  0.0, Max:  0.0, Diff:  0.0, Sum:  0.0, Workers: 4
[5046.525s][debug][gc,phases      ] GC(190)     Dead                           Min: 0, Avg:  0.0, Max: 0, Diff: 0, Sum: 0, Workers: 4
[5046.525s][debug][gc,phases      ] GC(190)     Total                          Min: 0, Avg: 62.8, Max: 128, Diff: 128, Sum: 251, Workers: 4
[5046.525s][debug][gc,phases      ] GC(190)   JVMTI Tag Weak OopStorage      Min:  0.0, Avg:  0.0, Max:  0.0, Diff:  0.0, Sum:  0.0, Workers: 4
[5046.525s][debug][gc,phases      ] GC(190)     Dead                           Min: 0, Avg:  0.0, Max: 0, Diff: 0, Sum: 0, Workers: 4
[5046.525s][debug][gc,phases      ] GC(190)     Total                          Min: 0, Avg:  0.0, Max: 0, Diff: 0, Sum: 0, Workers: 4
[5046.525s][debug][gc,phases      ] GC(190)   StringTable Weak               Min:  0.2, Avg:  0.2, Max:  0.2, Diff:  0.0, Sum:  0.7, Workers: 4
[5046.525s][debug][gc,phases      ] GC(190)     Dead                           Min: 0, Avg:  0.0, Max: 0, Diff: 0, Sum: 0, Workers: 4
[5046.525s][debug][gc,phases      ] GC(190)     Total                          Min: 11102, Avg: 12295.5, Max: 13888, Diff: 2786, Sum: 49182, Workers: 4
[5046.525s][debug][gc,phases      ] GC(190)   ResolvedMethodTable Weak       Min:  0.0, Avg:  0.0, Max:  0.0, Diff:  0.0, Sum:  0.1, Workers: 4
[5046.525s][debug][gc,phases      ] GC(190)     Dead                           Min: 0, Avg:  0.0, Max: 0, Diff: 0, Sum: 0, Workers: 4
[5046.525s][debug][gc,phases      ] GC(190)     Total                          Min: 1920, Avg: 2266.0, Max: 2536, Diff: 616, Sum: 9064, Workers: 4
[5046.525s][debug][gc,phases      ] GC(190)   JNI Weak                       Min:  0.0, Avg:  0.0, Max:  0.0, Diff:  0.0, Sum:  0.0, Workers: 4
[5046.525s][debug][gc,phases      ] GC(190)     Dead                           Min: 0, Avg:  0.0, Max: 0, Diff: 0, Sum: 0, Workers: 4
[5046.525s][debug][gc,phases      ] GC(190)     Total                          Min: 0, Avg:  0.0, Max: 0, Diff: 0, Sum: 0, Workers: 4
[5046.525s][debug][gc,phases      ] GC(190)   StringDedup Table Weak         Min:  0.0, Avg:  0.0, Max:  0.0, Diff:  0.0, Sum:  0.0, Workers: 4
[5046.525s][debug][gc,phases      ] GC(190)     Dead                           Min: 0, Avg:  0.0, Max: 0, Diff: 0, Sum: 0, Workers: 4
[5046.525s][debug][gc,phases      ] GC(190)     Total                          Min: 0, Avg:  0.0, Max: 0, Diff: 0, Sum: 0, Workers: 4
[5046.525s][debug][gc,phases      ] GC(190)   StringDedup Requests0 Weak     Min:  0.0, Avg:  0.0, Max:  0.0, Diff:  0.0, Sum:  0.0, Workers: 4
[5046.525s][debug][gc,phases      ] GC(190)     Dead                           Min: 0, Avg:  0.0, Max: 0, Diff: 0, Sum: 0, Workers: 4
[5046.525s][debug][gc,phases      ] GC(190)     Total                          Min: 0, Avg:  0.0, Max: 0, Diff: 0, Sum: 0, Workers: 4
[5046.525s][debug][gc,phases      ] GC(190)   StringDedup Requests1 Weak     Min:  0.0, Avg:  0.0, Max:  0.0, Diff:  0.0, Sum:  0.0, Workers: 4
[5046.525s][debug][gc,phases      ] GC(190)     Dead                           Min: 0, Avg:  0.0, Max: 0, Diff: 0, Sum: 0, Workers: 4
[5046.525s][debug][gc,phases      ] GC(190)     Total                          Min: 0, Avg:  0.0, Max: 0, Diff: 0, Sum: 0, Workers: 4
[5046.525s][debug][gc,phases      ] GC(190)   Weak JFR Old Object Samples    Min:  0.0, Avg:  0.0, Max:  0.0, Diff:  0.0, Sum:  0.0, Workers: 4
[5046.525s][debug][gc,phases      ] GC(190)     Dead                           Min: 0, Avg:  0.0, Max: 0, Diff: 0, Sum: 0, Workers: 4
[5046.525s][debug][gc,phases      ] GC(190)     Total                          Min: 0, Avg:  0.0, Max: 0, Diff: 0, Sum: 0, Workers: 4
[5046.525s][debug][gc,phases      ] GC(190) Weak Processing 0.416ms
[5046.525s][debug][gc,age         ] GC(190) Desired survivor size 81264640 bytes, new threshold 15 (max threshold 15)
[5046.525s][info ][gc,heap        ] GC(190) PSYoungGen: 1972063K(2015744K)->38974K(2013696K) Eden: 1932288K(1932288K)->0K(1932288K) From: 39775K(83456K)->38974K(81408K)
[5046.525s][info ][gc,heap        ] GC(190) ParOldGen: 540345K(559616K)->541025K(559616K)
[5046.525s][info ][gc,metaspace   ] GC(190) Metaspace: 86913K(88000K)->86913K(88000K) NonClass: 74866K(75456K)->74866K(75456K) Class: 12047K(12544K)->12047K(12544K)
[5046.525s][info ][gc             ] GC(190) Pause Young (Allocation Failure) 2453M->566M(2513M) 13.504ms
[5046.525s][info ][gc,cpu         ] GC(190) User=0.05s Sys=0.00s Real=0.01s
[5046.525s][info ][safepoint      ] Safepoint "ParallelGCFailedAllocation", Time since last: 8584464712 ns, Reaching safepoint: 27101 ns, At safepoint: 13603175 ns, Total: 13630276 ns
[5065.527s][info ][safepoint      ] Safepoint "Cleanup", Time since last: 19001311699 ns, Reaching safepoint: 76803 ns, At safepoint: 29801 ns, Total: 106604 ns
[5073.527s][info ][safepoint      ] Safepoint "Cleanup", Time since last: 8000635125 ns, Reaching safepoint: 57201 ns, At safepoint: 3601 ns, Total: 60802 ns
[5093.529s][info ][safepoint      ] Safepoint "Cleanup", Time since last: 20001532139 ns, Reaching safepoint: 120104 ns, At safepoint: 11500 ns, Total: 131604 ns
[5097.529s][info ][safepoint      ] Safepoint "Cleanup", Time since last: 4000314531 ns, Reaching safepoint: 49802 ns, At safepoint: 7500 ns, Total: 57302 ns
[5108.074s][info ][gc,start       ] GC(191) Pause Young (Allocation Failure)
[5108.084s][debug][gc,phases      ] GC(191) Scavenge 9.754ms
[5108.084s][debug][gc,ref         ] GC(191) Skipped phase 1 of Reference Processing: no references
[5108.084s][debug][gc,ref         ] GC(191) ReferenceProcessor::execute queues: 1, RefProcThreadModel::Single, marks_oops_alive: false
[5108.084s][debug][gc,ref         ] GC(191) Skipped phase 3 of Reference Processing: no references
[5108.084s][debug][gc,ref         ] GC(191) Skipped phase 4 of Reference Processing: no references
[5108.084s][debug][gc,phases      ] GC(191) Reference Processing 0.134ms
[5108.084s][debug][gc,phases      ] GC(191)   VM Weak                        Min:  0.0, Avg:  0.0, Max:  0.0, Diff:  0.0, Sum:  0.0, Workers: 4
[5108.084s][debug][gc,phases      ] GC(191)     Dead                           Min: 0, Avg:  0.0, Max: 0, Diff: 0, Sum: 0, Workers: 4
[5108.084s][debug][gc,phases      ] GC(191)     Total                          Min: 0, Avg: 197.0, Max: 384, Diff: 384, Sum: 788, Workers: 4
[5108.084s][debug][gc,phases      ] GC(191)   ObjectSynchronizer Weak        Min:  0.0, Avg:  0.0, Max:  0.0, Diff:  0.0, Sum:  0.0, Workers: 4
[5108.085s][debug][gc,phases      ] GC(191)     Dead                           Min: 0, Avg:  0.0, Max: 0, Diff: 0, Sum: 0, Workers: 4
[5108.085s][debug][gc,phases      ] GC(191)     Total                          Min: 0, Avg: 62.8, Max: 128, Diff: 128, Sum: 251, Workers: 4
[5108.085s][debug][gc,phases      ] GC(191)   JVMTI Tag Weak OopStorage      Min:  0.0, Avg:  0.0, Max:  0.0, Diff:  0.0, Sum:  0.0, Workers: 4
[5108.085s][debug][gc,phases      ] GC(191)     Dead                           Min: 0, Avg:  0.0, Max: 0, Diff: 0, Sum: 0, Workers: 4
[5108.085s][debug][gc,phases      ] GC(191)     Total                          Min: 0, Avg:  0.0, Max: 0, Diff: 0, Sum: 0, Workers: 4
[5108.085s][debug][gc,phases      ] GC(191)   StringTable Weak               Min:  0.1, Avg:  0.1, Max:  0.1, Diff:  0.0, Sum:  0.4, Workers: 4
[5108.085s][debug][gc,phases      ] GC(191)     Dead                           Min: 0, Avg:  0.0, Max: 0, Diff: 0, Sum: 0, Workers: 4
[5108.085s][debug][gc,phases      ] GC(191)     Total                          Min: 11712, Avg: 12295.5, Max: 12736, Diff: 1024, Sum: 49182, Workers: 4
[5108.085s][debug][gc,phases      ] GC(191)   ResolvedMethodTable Weak       Min:  0.0, Avg:  0.0, Max:  0.0, Diff:  0.0, Sum:  0.1, Workers: 4
[5108.085s][debug][gc,phases      ] GC(191)     Dead                           Min: 0, Avg:  0.0, Max: 0, Diff: 0, Sum: 0, Workers: 4
[5108.085s][debug][gc,phases      ] GC(191)     Total                          Min: 2112, Avg: 2266.0, Max: 2368, Diff: 256, Sum: 9064, Workers: 4
[5108.085s][debug][gc,phases      ] GC(191)   JNI Weak                       Min:  0.0, Avg:  0.0, Max:  0.0, Diff:  0.0, Sum:  0.0, Workers: 4
[5108.085s][debug][gc,phases      ] GC(191)     Dead                           Min: 0, Avg:  0.0, Max: 0, Diff: 0, Sum: 0, Workers: 4
[5108.085s][debug][gc,phases      ] GC(191)     Total                          Min: 0, Avg:  0.0, Max: 0, Diff: 0, Sum: 0, Workers: 4
[5108.085s][debug][gc,phases      ] GC(191)   StringDedup Table Weak         Min:  0.0, Avg:  0.0, Max:  0.0, Diff:  0.0, Sum:  0.0, Workers: 4
[5108.085s][debug][gc,phases      ] GC(191)     Dead                           Min: 0, Avg:  0.0, Max: 0, Diff: 0, Sum: 0, Workers: 4
[5108.085s][debug][gc,phases      ] GC(191)     Total                          Min: 0, Avg:  0.0, Max: 0, Diff: 0, Sum: 0, Workers: 4
[5108.085s][debug][gc,phases      ] GC(191)   StringDedup Requests0 Weak     Min:  0.0, Avg:  0.0, Max:  0.0, Diff:  0.0, Sum:  0.0, Workers: 4
[5108.085s][debug][gc,phases      ] GC(191)     Dead                           Min: 0, Avg:  0.0, Max: 0, Diff: 0, Sum: 0, Workers: 4
[5108.085s][debug][gc,phases      ] GC(191)     Total                          Min: 0, Avg:  0.0, Max: 0, Diff: 0, Sum: 0, Workers: 4
[5108.085s][debug][gc,phases      ] GC(191)   StringDedup Requests1 Weak     Min:  0.0, Avg:  0.0, Max:  0.0, Diff:  0.0, Sum:  0.0, Workers: 4
[5108.085s][debug][gc,phases      ] GC(191)     Dead                           Min: 0, Avg:  0.0, Max: 0, Diff: 0, Sum: 0, Workers: 4
[5108.085s][debug][gc,phases      ] GC(191)     Total                          Min: 0, Avg:  0.0, Max: 0, Diff: 0, Sum: 0, Workers: 4
[5108.085s][debug][gc,phases      ] GC(191)   Weak JFR Old Object Samples    Min:  0.0, Avg:  0.0, Max:  0.0, Diff:  0.0, Sum:  0.0, Workers: 4
[5108.085s][debug][gc,phases      ] GC(191)     Dead                           Min: 0, Avg:  0.0, Max: 0, Diff: 0, Sum: 0, Workers: 4
[5108.085s][debug][gc,phases      ] GC(191)     Total                          Min: 0, Avg:  0.0, Max: 0, Diff: 0, Sum: 0, Workers: 4
[5108.085s][debug][gc,phases      ] GC(191) Weak Processing 0.332ms
[5108.085s][debug][gc,age         ] GC(191) Desired survivor size 79167488 bytes, new threshold 15 (max threshold 15)
[5108.085s][info ][gc,heap        ] GC(191) PSYoungGen: 1971262K(2013696K)->39142K(2019840K) Eden: 1932288K(1932288K)->0K(1940480K) From: 38974K(81408K)->39142K(79360K)
[5108.085s][info ][gc,heap        ] GC(191) ParOldGen: 541025K(559616K)->541081K(559616K)
[5108.085s][info ][gc,metaspace   ] GC(191) Metaspace: 86920K(88000K)->86920K(88000K) NonClass: 74872K(75456K)->74872K(75456K) Class: 12047K(12544K)->12047K(12544K)
[5108.085s][info ][gc             ] GC(191) Pause Young (Allocation Failure) 2453M->566M(2519M) 10.361ms
[5108.085s][info ][gc,cpu         ] GC(191) User=0.04s Sys=0.00s Real=0.01s
[5108.085s][info ][safepoint      ] Safepoint "ParallelGCFailedAllocation", Time since last: 10544769532 ns, Reaching safepoint: 28301 ns, At safepoint: 10446840 ns, Total: 10475141 ns
[5111.085s][info ][safepoint      ] Safepoint "Cleanup", Time since last: 3000230297 ns, Reaching safepoint: 42301 ns, At safepoint: 3000 ns, Total: 45301 ns
[5120.086s][info ][safepoint      ] Safepoint "Cleanup", Time since last: 9000609041 ns, Reaching safepoint: 56601 ns, At safepoint: 44702 ns, Total: 101303 ns
[5126.086s][info ][safepoint      ] Safepoint "Cleanup", Time since last: 6000376689 ns, Reaching safepoint: 43601 ns, At safepoint: 3601 ns, Total: 47202 ns
[5141.390s][info ][safepoint      ] Safepoint "Cleanup", Time since last: 15304223028 ns, Reaching safepoint: 51602 ns, At safepoint: 7200 ns, Total: 58802 ns
[5166.467s][info ][gc,start       ] GC(192) Pause Young (Allocation Failure)
[5166.483s][debug][gc,phases      ] GC(192) Scavenge 16.547ms
[5166.483s][debug][gc,ref         ] GC(192) Skipped phase 1 of Reference Processing: no references
[5166.483s][debug][gc,ref         ] GC(192) ReferenceProcessor::execute queues: 1, RefProcThreadModel::Single, marks_oops_alive: false
[5166.483s][debug][gc,ref         ] GC(192) Skipped phase 3 of Reference Processing: no references
[5166.483s][debug][gc,ref         ] GC(192) Skipped phase 4 of Reference Processing: no references
[5166.483s][debug][gc,phases      ] GC(192) Reference Processing 0.139ms
[5166.484s][debug][gc,phases      ] GC(192)   VM Weak                        Min:  0.0, Avg:  0.0, Max:  0.0, Diff:  0.0, Sum:  0.0, Workers: 4
[5166.484s][debug][gc,phases      ] GC(192)     Dead                           Min: 0, Avg:  0.0, Max: 0, Diff: 0, Sum: 0, Workers: 4
[5166.484s][debug][gc,phases      ] GC(192)     Total                          Min: 0, Avg: 197.0, Max: 576, Diff: 576, Sum: 788, Workers: 4
[5166.484s][debug][gc,phases      ] GC(192)   ObjectSynchronizer Weak        Min:  0.0, Avg:  0.0, Max:  0.0, Diff:  0.0, Sum:  0.0, Workers: 4
[5166.484s][debug][gc,phases      ] GC(192)     Dead                           Min: 0, Avg:  0.0, Max: 0, Diff: 0, Sum: 0, Workers: 4
[5166.484s][debug][gc,phases      ] GC(192)     Total                          Min: 0, Avg: 62.8, Max: 128, Diff: 128, Sum: 251, Workers: 4
[5166.484s][debug][gc,phases      ] GC(192)   JVMTI Tag Weak OopStorage      Min:  0.0, Avg:  0.0, Max:  0.0, Diff:  0.0, Sum:  0.0, Workers: 4
[5166.484s][debug][gc,phases      ] GC(192)     Dead                           Min: 0, Avg:  0.0, Max: 0, Diff: 0, Sum: 0, Workers: 4
[5166.484s][debug][gc,phases      ] GC(192)     Total                          Min: 0, Avg:  0.0, Max: 0, Diff: 0, Sum: 0, Workers: 4
[5166.484s][debug][gc,phases      ] GC(192)   StringTable Weak               Min:  0.2, Avg:  0.2, Max:  0.2, Diff:  0.0, Sum:  0.6, Workers: 4
[5166.484s][debug][gc,phases      ] GC(192)     Dead                           Min: 0, Avg:  0.0, Max: 0, Diff: 0, Sum: 0, Workers: 4
[5166.484s][debug][gc,phases      ] GC(192)     Total                          Min: 11904, Avg: 12296.0, Max: 13248, Diff: 1344, Sum: 49184, Workers: 4
[5166.484s][debug][gc,phases      ] GC(192)   ResolvedMethodTable Weak       Min:  0.0, Avg:  0.0, Max:  0.0, Diff:  0.0, Sum:  0.1, Workers: 4
[5166.484s][debug][gc,phases      ] GC(192)     Dead                           Min: 0, Avg:  0.0, Max: 0, Diff: 0, Sum: 0, Workers: 4
[5166.484s][debug][gc,phases      ] GC(192)     Total                          Min: 2216, Avg: 2266.0, Max: 2368, Diff: 152, Sum: 9064, Workers: 4
[5166.484s][debug][gc,phases      ] GC(192)   JNI Weak                       Min:  0.0, Avg:  0.0, Max:  0.0, Diff:  0.0, Sum:  0.0, Workers: 4
[5166.484s][debug][gc,phases      ] GC(192)     Dead                           Min: 0, Avg:  0.0, Max: 0, Diff: 0, Sum: 0, Workers: 4
[5166.484s][debug][gc,phases      ] GC(192)     Total                          Min: 0, Avg:  0.0, Max: 0, Diff: 0, Sum: 0, Workers: 4
[5166.484s][debug][gc,phases      ] GC(192)   StringDedup Table Weak         Min:  0.0, Avg:  0.0, Max:  0.0, Diff:  0.0, Sum:  0.0, Workers: 4
[5166.484s][debug][gc,phases      ] GC(192)     Dead                           Min: 0, Avg:  0.0, Max: 0, Diff: 0, Sum: 0, Workers: 4
[5166.484s][debug][gc,phases      ] GC(192)     Total                          Min: 0, Avg:  0.0, Max: 0, Diff: 0, Sum: 0, Workers: 4
[5166.484s][debug][gc,phases      ] GC(192)   StringDedup Requests0 Weak     Min:  0.0, Avg:  0.0, Max:  0.0, Diff:  0.0, Sum:  0.0, Workers: 4
[5166.484s][debug][gc,phases      ] GC(192)     Dead                           Min: 0, Avg:  0.0, Max: 0, Diff: 0, Sum: 0, Workers: 4
[5166.484s][debug][gc,phases      ] GC(192)     Total                          Min: 0, Avg:  0.0, Max: 0, Diff: 0, Sum: 0, Workers: 4
[5166.484s][debug][gc,phases      ] GC(192)   StringDedup Requests1 Weak     Min:  0.0, Avg:  0.0, Max:  0.0, Diff:  0.0, Sum:  0.0, Workers: 4
[5166.484s][debug][gc,phases      ] GC(192)     Dead                           Min: 0, Avg:  0.0, Max: 0, Diff: 0, Sum: 0, Workers: 4
[5166.484s][debug][gc,phases      ] GC(192)     Total                          Min: 0, Avg:  0.0, Max: 0, Diff: 0, Sum: 0, Workers: 4
[5166.484s][debug][gc,phases      ] GC(192)   Weak JFR Old Object Samples    Min:  0.0, Avg:  0.0, Max:  0.0, Diff:  0.0, Sum:  0.0, Workers: 4
[5166.484s][debug][gc,phases      ] GC(192)     Dead                           Min: 0, Avg:  0.0, Max: 0, Diff: 0, Sum: 0, Workers: 4
[5166.484s][debug][gc,phases      ] GC(192)     Total                          Min: 0, Avg:  0.0, Max: 0, Diff: 0, Sum: 0, Workers: 4
[5166.484s][debug][gc,phases      ] GC(192) Weak Processing 0.423ms
[5166.484s][debug][gc,age         ] GC(192) Desired survivor size 79167488 bytes, new threshold 15 (max threshold 15)
[5166.484s][info ][gc,heap        ] GC(192) PSYoungGen: 1979622K(2019840K)->27374K(2017792K) Eden: 1940480K(1940480K)->0K(1940480K) From: 39142K(79360K)->27374K(77312K)
[5166.484s][info ][gc,heap        ] GC(192) ParOldGen: 541081K(559616K)->552993K(559616K)
[5166.484s][info ][gc,metaspace   ] GC(192) Metaspace: 86923K(88000K)->86923K(88000K) NonClass: 74876K(75456K)->74876K(75456K) Class: 12047K(12544K)->12047K(12544K)
[5166.484s][info ][gc             ] GC(192) Pause Young (Allocation Failure) 2461M->566M(2517M) 17.279ms
[5166.484s][info ][gc,cpu         ] GC(192) User=0.07s Sys=0.00s Real=0.02s
[5166.484s][debug][gc,phases      ] GC(193) Pre Compact 0.013ms
[5166.484s][info ][gc,start       ] GC(193) Pause Full (Ergonomics)
[5166.484s][info ][gc,phases,start] GC(193) Marking Phase
[5166.635s][debug][gc,phases      ] GC(193) Par Mark 151.446ms
[5166.636s][debug][gc,ref         ] GC(193) ReferenceProcessor::execute queues: 4, RefProcThreadModel::Multi, marks_oops_alive: true
[5166.636s][debug][gc,ref         ] GC(193) ReferenceProcessor::execute queues: 4, RefProcThreadModel::Multi, marks_oops_alive: false
[5166.637s][debug][gc,ref         ] GC(193) Skipped phase 3 of Reference Processing: no references
[5166.637s][debug][gc,ref         ] GC(193) ReferenceProcessor::execute queues: 1, RefProcThreadModel::Single, marks_oops_alive: false
[5166.637s][debug][gc,phases      ] GC(193) Reference Processing 1.136ms
[5166.637s][debug][gc,phases      ] GC(193)   VM Weak                        Min:  0.0, Avg:  0.0, Max:  0.0, Diff:  0.0, Sum:  0.0, Workers: 4
[5166.637s][debug][gc,phases      ] GC(193)     Dead                           Min: 0, Avg: 36.0, Max: 73, Diff: 73, Sum: 144, Workers: 4
[5166.637s][debug][gc,phases      ] GC(193)     Total                          Min: 0, Avg: 197.0, Max: 340, Diff: 340, Sum: 788, Workers: 4
[5166.637s][debug][gc,phases      ] GC(193)   ObjectSynchronizer Weak        Min:  0.0, Avg:  0.0, Max:  0.0, Diff:  0.0, Sum:  0.0, Workers: 4
[5166.637s][debug][gc,phases      ] GC(193)     Dead                           Min: 0, Avg:  0.5, Max: 1, Diff: 1, Sum: 2, Workers: 4
[5166.637s][debug][gc,phases      ] GC(193)     Total                          Min: 0, Avg: 62.8, Max: 128, Diff: 128, Sum: 251, Workers: 4
[5166.637s][debug][gc,phases      ] GC(193)   JVMTI Tag Weak OopStorage      Min:  0.0, Avg:  0.0, Max:  0.0, Diff:  0.0, Sum:  0.0, Workers: 4
[5166.637s][debug][gc,phases      ] GC(193)     Dead                           Min: 0, Avg:  0.0, Max: 0, Diff: 0, Sum: 0, Workers: 4
[5166.637s][debug][gc,phases      ] GC(193)     Total                          Min: 0, Avg:  0.0, Max: 0, Diff: 0, Sum: 0, Workers: 4
[5166.637s][debug][gc,phases      ] GC(193)   StringTable Weak               Min:  0.1, Avg:  0.2, Max:  0.2, Diff:  0.0, Sum:  0.6, Workers: 4
[5166.637s][debug][gc,phases      ] GC(193)     Dead                           Min: 72, Avg: 308.5, Max: 420, Diff: 348, Sum: 1234, Workers: 4
[5166.637s][debug][gc,phases      ] GC(193)     Total                          Min: 11776, Avg: 12296.0, Max: 12640, Diff: 864, Sum: 49184, Workers: 4
[5166.637s][debug][gc,phases      ] GC(193)   ResolvedMethodTable Weak       Min:  0.0, Avg:  0.0, Max:  0.0, Diff:  0.0, Sum:  0.1, Workers: 4
[5166.637s][debug][gc,phases      ] GC(193)     Dead                           Min: 7, Avg: 34.5, Max: 71, Diff: 64, Sum: 138, Workers: 4
[5166.637s][debug][gc,phases      ] GC(193)     Total                          Min: 2240, Avg: 2266.0, Max: 2304, Diff: 64, Sum: 9064, Workers: 4
[5166.637s][debug][gc,phases      ] GC(193)   JNI Weak                       Min:  0.0, Avg:  0.0, Max:  0.0, Diff:  0.0, Sum:  0.0, Workers: 4
[5166.637s][debug][gc,phases      ] GC(193)     Dead                           Min: 0, Avg:  0.0, Max: 0, Diff: 0, Sum: 0, Workers: 4
[5166.637s][debug][gc,phases      ] GC(193)     Total                          Min: 0, Avg:  0.0, Max: 0, Diff: 0, Sum: 0, Workers: 4
[5166.637s][debug][gc,phases      ] GC(193)   StringDedup Table Weak         Min:  0.0, Avg:  0.0, Max:  0.0, Diff:  0.0, Sum:  0.0, Workers: 4
[5166.637s][debug][gc,phases      ] GC(193)     Dead                           Min: 0, Avg:  0.0, Max: 0, Diff: 0, Sum: 0, Workers: 4
[5166.637s][debug][gc,phases      ] GC(193)     Total                          Min: 0, Avg:  0.0, Max: 0, Diff: 0, Sum: 0, Workers: 4
[5166.637s][debug][gc,phases      ] GC(193)   StringDedup Requests0 Weak     Min:  0.0, Avg:  0.0, Max:  0.0, Diff:  0.0, Sum:  0.0, Workers: 4
[5166.637s][debug][gc,phases      ] GC(193)     Dead                           Min: 0, Avg:  0.0, Max: 0, Diff: 0, Sum: 0, Workers: 4
[5166.637s][debug][gc,phases      ] GC(193)     Total                          Min: 0, Avg:  0.0, Max: 0, Diff: 0, Sum: 0, Workers: 4
[5166.637s][debug][gc,phases      ] GC(193)   StringDedup Requests1 Weak     Min:  0.0, Avg:  0.0, Max:  0.0, Diff:  0.0, Sum:  0.0, Workers: 4
[5166.637s][debug][gc,phases      ] GC(193)     Dead                           Min: 0, Avg:  0.0, Max: 0, Diff: 0, Sum: 0, Workers: 4
[5166.637s][debug][gc,phases      ] GC(193)     Total                          Min: 0, Avg:  0.0, Max: 0, Diff: 0, Sum: 0, Workers: 4
[5166.637s][debug][gc,phases      ] GC(193)   Weak JFR Old Object Samples    Min:  0.0, Avg:  0.0, Max:  0.0, Diff:  0.0, Sum:  0.0, Workers: 4
[5166.637s][debug][gc,phases      ] GC(193)     Dead                           Min: 0, Avg:  0.0, Max: 0, Diff: 0, Sum: 0, Workers: 4
[5166.637s][debug][gc,phases      ] GC(193)     Total                          Min: 0, Avg:  0.0, Max: 0, Diff: 0, Sum: 0, Workers: 4
[5166.637s][debug][gc,phases      ] GC(193) Weak Processing 0.453ms
[5166.638s][debug][gc,phases      ] GC(193) ClassLoaderData 0.861ms
[5166.638s][debug][gc,phases      ] GC(193) Trigger cleanups 0.002ms
[5166.672s][debug][gc,phases      ] GC(193) Class Unloading 35.240ms
[5166.672s][info ][gc,phases      ] GC(193) Marking Phase 188.507ms
[5166.672s][info ][gc,phases,start] GC(193) Summary Phase
[5166.672s][info ][gc,phases      ] GC(193) Summary Phase 0.022ms
[5166.672s][info ][gc,phases,start] GC(193) Adjust Roots
[5166.689s][info ][gc,phases      ] GC(193) Adjust Roots 16.546ms
[5166.689s][info ][gc,phases,start] GC(193) Compaction Phase
[5166.803s][info ][gc,phases      ] GC(193) Compaction Phase 114.135ms
[5166.803s][info ][gc,phases,start] GC(193) Post Compact
[5166.806s][info ][gc,phases      ] GC(193) Post Compact 2.683ms
[5166.806s][info ][gc,heap        ] GC(193) PSYoungGen: 27374K(2017792K)->0K(2019840K) Eden: 0K(1940480K)->0K(1942528K) From: 27374K(77312K)->0K(77312K)
[5166.806s][info ][gc,heap        ] GC(193) ParOldGen: 552993K(559616K)->504167K(613888K)
[5166.806s][info ][gc,metaspace   ] GC(193) Metaspace: 86923K(88000K)->86608K(88000K) NonClass: 74876K(75456K)->74635K(75456K) Class: 12047K(12544K)->11973K(12544K)
[5166.806s][info ][gc             ] GC(193) Pause Full (Ergonomics) 566M->492M(2572M) 322.211ms
[5166.806s][info ][gc,cpu         ] GC(193) User=1.12s Sys=0.00s Real=0.32s
[5166.806s][info ][safepoint      ] Safepoint "ParallelGCFailedAllocation", Time since last: 25075998228 ns, Reaching safepoint: 54802 ns, At safepoint: 339681960 ns, Total: 339736762 ns
[5193.808s][info ][safepoint      ] Safepoint "Cleanup", Time since last: 27001767883 ns, Reaching safepoint: 114304 ns, At safepoint: 11800 ns, Total: 126104 ns
[5218.837s][info ][gc,start       ] GC(194) Pause Young (Allocation Failure)
[5218.840s][debug][gc,phases      ] GC(194) Scavenge 2.990ms
[5218.840s][debug][gc,ref         ] GC(194) Skipped phase 1 of Reference Processing: no references
[5218.840s][debug][gc,ref         ] GC(194) ReferenceProcessor::execute queues: 1, RefProcThreadModel::Single, marks_oops_alive: false
[5218.840s][debug][gc,ref         ] GC(194) Skipped phase 3 of Reference Processing: no references
[5218.840s][debug][gc,ref         ] GC(194) Skipped phase 4 of Reference Processing: no references
[5218.840s][debug][gc,phases      ] GC(194) Reference Processing 0.109ms
[5218.840s][debug][gc,phases      ] GC(194)   VM Weak                        Min:  0.0, Avg:  0.0, Max:  0.0, Diff:  0.0, Sum:  0.0, Workers: 4
[5218.840s][debug][gc,phases      ] GC(194)     Dead                           Min: 0, Avg:  0.0, Max: 0, Diff: 0, Sum: 0, Workers: 4
[5218.840s][debug][gc,phases      ] GC(194)     Total                          Min: 0, Avg: 161.0, Max: 304, Diff: 304, Sum: 644, Workers: 4
[5218.840s][debug][gc,phases      ] GC(194)   ObjectSynchronizer Weak        Min:  0.0, Avg:  0.0, Max:  0.0, Diff:  0.0, Sum:  0.0, Workers: 4
[5218.840s][debug][gc,phases      ] GC(194)     Dead                           Min: 0, Avg:  0.0, Max: 0, Diff: 0, Sum: 0, Workers: 4
[5218.840s][debug][gc,phases      ] GC(194)     Total                          Min: 0, Avg: 62.8, Max: 128, Diff: 128, Sum: 251, Workers: 4
[5218.840s][debug][gc,phases      ] GC(194)   JVMTI Tag Weak OopStorage      Min:  0.0, Avg:  0.0, Max:  0.0, Diff:  0.0, Sum:  0.0, Workers: 4
[5218.840s][debug][gc,phases      ] GC(194)     Dead                           Min: 0, Avg:  0.0, Max: 0, Diff: 0, Sum: 0, Workers: 4
[5218.840s][debug][gc,phases      ] GC(194)     Total                          Min: 0, Avg:  0.0, Max: 0, Diff: 0, Sum: 0, Workers: 4
[5218.840s][debug][gc,phases      ] GC(194)   StringTable Weak               Min:  0.1, Avg:  0.1, Max:  0.1, Diff:  0.0, Sum:  0.4, Workers: 4
[5218.840s][debug][gc,phases      ] GC(194)     Dead                           Min: 0, Avg:  0.0, Max: 0, Diff: 0, Sum: 0, Workers: 4
[5218.840s][debug][gc,phases      ] GC(194)     Total                          Min: 11680, Avg: 12296.0, Max: 12608, Diff: 928, Sum: 49184, Workers: 4
[5218.840s][debug][gc,phases      ] GC(194)   ResolvedMethodTable Weak       Min:  0.0, Avg:  0.0, Max:  0.0, Diff:  0.0, Sum:  0.1, Workers: 4
[5218.840s][debug][gc,phases      ] GC(194)     Dead                           Min: 0, Avg:  0.0, Max: 0, Diff: 0, Sum: 0, Workers: 4
[5218.840s][debug][gc,phases      ] GC(194)     Total                          Min: 2152, Avg: 2266.0, Max: 2368, Diff: 216, Sum: 9064, Workers: 4
[5218.840s][debug][gc,phases      ] GC(194)   JNI Weak                       Min:  0.0, Avg:  0.0, Max:  0.0, Diff:  0.0, Sum:  0.0, Workers: 4
[5218.840s][debug][gc,phases      ] GC(194)     Dead                           Min: 0, Avg:  0.0, Max: 0, Diff: 0, Sum: 0, Workers: 4
[5218.840s][debug][gc,phases      ] GC(194)     Total                          Min: 0, Avg:  0.0, Max: 0, Diff: 0, Sum: 0, Workers: 4
[5218.840s][debug][gc,phases      ] GC(194)   StringDedup Table Weak         Min:  0.0, Avg:  0.0, Max:  0.0, Diff:  0.0, Sum:  0.0, Workers: 4
[5218.840s][debug][gc,phases      ] GC(194)     Dead                           Min: 0, Avg:  0.0, Max: 0, Diff: 0, Sum: 0, Workers: 4
[5218.840s][debug][gc,phases      ] GC(194)     Total                          Min: 0, Avg:  0.0, Max: 0, Diff: 0, Sum: 0, Workers: 4
[5218.840s][debug][gc,phases      ] GC(194)   StringDedup Requests0 Weak     Min:  0.0, Avg:  0.0, Max:  0.0, Diff:  0.0, Sum:  0.0, Workers: 4
[5218.840s][debug][gc,phases      ] GC(194)     Dead                           Min: 0, Avg:  0.0, Max: 0, Diff: 0, Sum: 0, Workers: 4
[5218.840s][debug][gc,phases      ] GC(194)     Total                          Min: 0, Avg:  0.0, Max: 0, Diff: 0, Sum: 0, Workers: 4
[5218.840s][debug][gc,phases      ] GC(194)   StringDedup Requests1 Weak     Min:  0.0, Avg:  0.0, Max:  0.0, Diff:  0.0, Sum:  0.0, Workers: 4
[5218.840s][debug][gc,phases      ] GC(194)     Dead                           Min: 0, Avg:  0.0, Max: 0, Diff: 0, Sum: 0, Workers: 4
[5218.840s][debug][gc,phases      ] GC(194)     Total                          Min: 0, Avg:  0.0, Max: 0, Diff: 0, Sum: 0, Workers: 4
[5218.840s][debug][gc,phases      ] GC(194)   Weak JFR Old Object Samples    Min:  0.0, Avg:  0.0, Max:  0.0, Diff:  0.0, Sum:  0.0, Workers: 4
[5218.840s][debug][gc,phases      ] GC(194)     Dead                           Min: 0, Avg:  0.0, Max: 0, Diff: 0, Sum: 0, Workers: 4
[5218.840s][debug][gc,phases      ] GC(194)     Total                          Min: 0, Avg:  0.0, Max: 0, Diff: 0, Sum: 0, Workers: 4
[5218.840s][debug][gc,phases      ] GC(194) Weak Processing 0.335ms
[5218.840s][debug][gc,age         ] GC(194) Desired survivor size 82837504 bytes, new threshold 15 (max threshold 15)
[5218.840s][info ][gc,heap        ] GC(194) PSYoungGen: 1942528K(2019840K)->3024K(1945600K) Eden: 1942528K(1942528K)->0K(1942528K) From: 0K(77312K)->3024K(3072K)
[5218.840s][info ][gc,heap        ] GC(194) ParOldGen: 504167K(613888K)->504167K(613888K)
[5218.840s][info ][gc,metaspace   ] GC(194) Metaspace: 86614K(88000K)->86614K(88000K) NonClass: 74640K(75456K)->74640K(75456K) Class: 11973K(12544K)->11973K(12544K)
[5218.840s][info ][gc             ] GC(194) Pause Young (Allocation Failure) 2389M->495M(2499M) 3.565ms
[5218.840s][info ][gc,cpu         ] GC(194) User=0.01s Sys=0.00s Real=0.00s
[5218.840s][info ][safepoint      ] Safepoint "ParallelGCFailedAllocation", Time since last: 25028656083 ns, Reaching safepoint: 43701 ns, At safepoint: 3674006 ns, Total: 3717707 ns
[5231.841s][info ][safepoint      ] Safepoint "Cleanup", Time since last: 13000867775 ns, Reaching safepoint: 47501 ns, At safepoint: 4800 ns, Total: 52301 ns
[5238.842s][info ][safepoint      ] Safepoint "Cleanup", Time since last: 7000513733 ns, Reaching safepoint: 49702 ns, At safepoint: 3800 ns, Total: 53502 ns
[5244.842s][info ][safepoint      ] Safepoint "Cleanup", Time since last: 6000434313 ns, Reaching safepoint: 49602 ns, At safepoint: 9500 ns, Total: 59102 ns
[5245.843s][info ][safepoint      ] Safepoint "Cleanup", Time since last: 1000109439 ns, Reaching safepoint: 46601 ns, At safepoint: 3100 ns, Total: 49701 ns
[5258.843s][info ][safepoint      ] Safepoint "Cleanup", Time since last: 13000870478 ns, Reaching safepoint: 67702 ns, At safepoint: 5800 ns, Total: 73502 ns
[5261.844s][info ][safepoint      ] Safepoint "Cleanup", Time since last: 3000248280 ns, Reaching safepoint: 57701 ns, At safepoint: 7500 ns, Total: 65201 ns
[5266.866s][info ][gc,start       ] GC(195) Pause Young (Allocation Failure)
[5266.871s][debug][gc,phases      ] GC(195) Scavenge 4.622ms
[5266.871s][debug][gc,ref         ] GC(195) Skipped phase 1 of Reference Processing: no references
[5266.871s][debug][gc,ref         ] GC(195) ReferenceProcessor::execute queues: 1, RefProcThreadModel::Single, marks_oops_alive: false
[5266.871s][debug][gc,ref         ] GC(195) Skipped phase 3 of Reference Processing: no references
[5266.871s][debug][gc,ref         ] GC(195) Skipped phase 4 of Reference Processing: no references
[5266.871s][debug][gc,phases      ] GC(195) Reference Processing 0.130ms
[5266.871s][debug][gc,phases      ] GC(195)   VM Weak                        Min:  0.0, Avg:  0.0, Max:  0.0, Diff:  0.0, Sum:  0.0, Workers: 4
[5266.871s][debug][gc,phases      ] GC(195)     Dead                           Min: 0, Avg:  0.0, Max: 0, Diff: 0, Sum: 0, Workers: 4
[5266.871s][debug][gc,phases      ] GC(195)     Total                          Min: 0, Avg: 161.0, Max: 457, Diff: 457, Sum: 644, Workers: 4
[5266.871s][debug][gc,phases      ] GC(195)   ObjectSynchronizer Weak        Min:  0.0, Avg:  0.0, Max:  0.0, Diff:  0.0, Sum:  0.0, Workers: 4
[5266.871s][debug][gc,phases      ] GC(195)     Dead                           Min: 0, Avg:  0.0, Max: 0, Diff: 0, Sum: 0, Workers: 4
[5266.871s][debug][gc,phases      ] GC(195)     Total                          Min: 0, Avg: 62.8, Max: 128, Diff: 128, Sum: 251, Workers: 4
[5266.871s][debug][gc,phases      ] GC(195)   JVMTI Tag Weak OopStorage      Min:  0.0, Avg:  0.0, Max:  0.0, Diff:  0.0, Sum:  0.0, Workers: 4
[5266.871s][debug][gc,phases      ] GC(195)     Dead                           Min: 0, Avg:  0.0, Max: 0, Diff: 0, Sum: 0, Workers: 4
[5266.871s][debug][gc,phases      ] GC(195)     Total                          Min: 0, Avg:  0.0, Max: 0, Diff: 0, Sum: 0, Workers: 4
[5266.871s][debug][gc,phases      ] GC(195)   StringTable Weak               Min:  0.1, Avg:  0.1, Max:  0.1, Diff:  0.0, Sum:  0.4, Workers: 4
[5266.871s][debug][gc,phases      ] GC(195)     Dead                           Min: 0, Avg:  0.0, Max: 0, Diff: 0, Sum: 0, Workers: 4
[5266.871s][debug][gc,phases      ] GC(195)     Total                          Min: 11136, Avg: 12300.5, Max: 13056, Diff: 1920, Sum: 49202, Workers: 4
[5266.871s][debug][gc,phases      ] GC(195)   ResolvedMethodTable Weak       Min:  0.0, Avg:  0.0, Max:  0.0, Diff:  0.0, Sum:  0.1, Workers: 4
[5266.871s][debug][gc,phases      ] GC(195)     Dead                           Min: 0, Avg:  0.0, Max: 0, Diff: 0, Sum: 0, Workers: 4
[5266.871s][debug][gc,phases      ] GC(195)     Total                          Min: 2112, Avg: 2266.0, Max: 2496, Diff: 384, Sum: 9064, Workers: 4
[5266.871s][debug][gc,phases      ] GC(195)   JNI Weak                       Min:  0.0, Avg:  0.0, Max:  0.0, Diff:  0.0, Sum:  0.0, Workers: 4
[5266.871s][debug][gc,phases      ] GC(195)     Dead                           Min: 0, Avg:  0.0, Max: 0, Diff: 0, Sum: 0, Workers: 4
[5266.871s][debug][gc,phases      ] GC(195)     Total                          Min: 0, Avg:  0.0, Max: 0, Diff: 0, Sum: 0, Workers: 4
[5266.871s][debug][gc,phases      ] GC(195)   StringDedup Table Weak         Min:  0.0, Avg:  0.0, Max:  0.0, Diff:  0.0, Sum:  0.0, Workers: 4
[5266.871s][debug][gc,phases      ] GC(195)     Dead                           Min: 0, Avg:  0.0, Max: 0, Diff: 0, Sum: 0, Workers: 4
[5266.871s][debug][gc,phases      ] GC(195)     Total                          Min: 0, Avg:  0.0, Max: 0, Diff: 0, Sum: 0, Workers: 4
[5266.871s][debug][gc,phases      ] GC(195)   StringDedup Requests0 Weak     Min:  0.0, Avg:  0.0, Max:  0.0, Diff:  0.0, Sum:  0.0, Workers: 4
[5266.871s][debug][gc,phases      ] GC(195)     Dead                           Min: 0, Avg:  0.0, Max: 0, Diff: 0, Sum: 0, Workers: 4
[5266.871s][debug][gc,phases      ] GC(195)     Total                          Min: 0, Avg:  0.0, Max: 0, Diff: 0, Sum: 0, Workers: 4
[5266.871s][debug][gc,phases      ] GC(195)   StringDedup Requests1 Weak     Min:  0.0, Avg:  0.0, Max:  0.0, Diff:  0.0, Sum:  0.0, Workers: 4
[5266.871s][debug][gc,phases      ] GC(195)     Dead                           Min: 0, Avg:  0.0, Max: 0, Diff: 0, Sum: 0, Workers: 4
[5266.871s][debug][gc,phases      ] GC(195)     Total                          Min: 0, Avg:  0.0, Max: 0, Diff: 0, Sum: 0, Workers: 4
[5266.871s][debug][gc,phases      ] GC(195)   Weak JFR Old Object Samples    Min:  0.0, Avg:  0.0, Max:  0.0, Diff:  0.0, Sum:  0.0, Workers: 4
[5266.871s][debug][gc,phases      ] GC(195)     Dead                           Min: 0, Avg:  0.0, Max: 0, Diff: 0, Sum: 0, Workers: 4
[5266.871s][debug][gc,phases      ] GC(195)     Total                          Min: 0, Avg:  0.0, Max: 0, Diff: 0, Sum: 0, Workers: 4
[5266.871s][debug][gc,phases      ] GC(195) Weak Processing 0.315ms
[5266.871s][debug][gc,age         ] GC(195) Desired survivor size 83361792 bytes, new threshold 15 (max threshold 15)
[5266.871s][info ][gc,heap        ] GC(195) PSYoungGen: 1945552K(1945600K)->11632K(2015232K) Eden: 1942528K(1942528K)->0K(1934336K) From: 3024K(3072K)->11632K(80896K)
[5266.871s][info ][gc,heap        ] GC(195) ParOldGen: 504167K(613888K)->504167K(613888K)
[5266.871s][info ][gc,metaspace   ] GC(195) Metaspace: 86616K(88000K)->86616K(88000K) NonClass: 74642K(75456K)->74642K(75456K) Class: 11973K(12544K)->11973K(12544K)
[5266.871s][info ][gc             ] GC(195) Pause Young (Allocation Failure) 2392M->503M(2567M) 5.204ms
[5266.871s][info ][gc,cpu         ] GC(195) User=0.02s Sys=0.00s Real=0.01s
[5266.871s][info ][safepoint      ] Safepoint "ParallelGCFailedAllocation", Time since last: 5022063391 ns, Reaching safepoint: 40302 ns, At safepoint: 5289145 ns, Total: 5329447 ns
[5267.871s][info ][safepoint      ] Safepoint "Cleanup", Time since last: 1000086238 ns, Reaching safepoint: 50102 ns, At safepoint: 3800 ns, Total: 53902 ns
[5274.872s][info ][safepoint      ] Safepoint "Cleanup", Time since last: 7000439418 ns, Reaching safepoint: 47502 ns, At safepoint: 5700 ns, Total: 53202 ns
[5275.872s][info ][safepoint      ] Safepoint "Cleanup", Time since last: 1000110327 ns, Reaching safepoint: 52401 ns, At safepoint: 8000 ns, Total: 60401 ns
[5276.872s][info ][safepoint      ] Safepoint "Cleanup", Time since last: 1000104501 ns, Reaching safepoint: 42501 ns, At safepoint: 3300 ns, Total: 45801 ns
[5278.872s][info ][safepoint      ] Safepoint "Cleanup", Time since last: 2000171522 ns, Reaching safepoint: 50601 ns, At safepoint: 7001 ns, Total: 57602 ns
[5279.873s][info ][safepoint      ] Safepoint "Cleanup", Time since last: 1000106522 ns, Reaching safepoint: 32101 ns, At safepoint: 8900 ns, Total: 41001 ns
[5280.873s][info ][safepoint      ] Safepoint "Cleanup", Time since last: 1000078596 ns, Reaching safepoint: 43301 ns, At safepoint: 3300 ns, Total: 46601 ns
[5282.873s][info ][safepoint      ] Safepoint "Cleanup", Time since last: 2000169113 ns, Reaching safepoint: 49102 ns, At safepoint: 10400 ns, Total: 59502 ns
[5285.873s][info ][safepoint      ] Safepoint "Cleanup", Time since last: 3000205175 ns, Reaching safepoint: 217806 ns, At safepoint: 20100 ns, Total: 237906 ns
[5286.874s][info ][safepoint      ] Safepoint "Cleanup", Time since last: 1000115542 ns, Reaching safepoint: 106103 ns, At safepoint: 10300 ns, Total: 116403 ns
[5287.387s][info ][gc,start       ] GC(196) Pause Young (Allocation Failure)
[5287.396s][debug][gc,phases      ] GC(196) Scavenge 9.402ms
[5287.396s][debug][gc,ref         ] GC(196) Skipped phase 1 of Reference Processing: no references
[5287.396s][debug][gc,ref         ] GC(196) ReferenceProcessor::execute queues: 1, RefProcThreadModel::Single, marks_oops_alive: false
[5287.396s][debug][gc,ref         ] GC(196) Skipped phase 3 of Reference Processing: no references
[5287.396s][debug][gc,ref         ] GC(196) ReferenceProcessor::execute queues: 1, RefProcThreadModel::Single, marks_oops_alive: false
[5287.396s][debug][gc,phases      ] GC(196) Reference Processing 0.154ms
[5287.396s][debug][gc,phases      ] GC(196)   VM Weak                        Min:  0.0, Avg:  0.0, Max:  0.0, Diff:  0.0, Sum:  0.0, Workers: 4
[5287.396s][debug][gc,phases      ] GC(196)     Dead                           Min: 0, Avg:  0.0, Max: 0, Diff: 0, Sum: 0, Workers: 4
[5287.396s][debug][gc,phases      ] GC(196)     Total                          Min: 0, Avg: 161.0, Max: 350, Diff: 350, Sum: 644, Workers: 4
[5287.397s][debug][gc,phases      ] GC(196)   ObjectSynchronizer Weak        Min:  0.0, Avg:  0.0, Max:  0.0, Diff:  0.0, Sum:  0.0, Workers: 4
[5287.397s][debug][gc,phases      ] GC(196)     Dead                           Min: 0, Avg:  0.0, Max: 0, Diff: 0, Sum: 0, Workers: 4
[5287.397s][debug][gc,phases      ] GC(196)     Total                          Min: 0, Avg: 62.8, Max: 128, Diff: 128, Sum: 251, Workers: 4
[5287.397s][debug][gc,phases      ] GC(196)   JVMTI Tag Weak OopStorage      Min:  0.0, Avg:  0.0, Max:  0.0, Diff:  0.0, Sum:  0.0, Workers: 4
[5287.397s][debug][gc,phases      ] GC(196)     Dead                           Min: 0, Avg:  0.0, Max: 0, Diff: 0, Sum: 0, Workers: 4
[5287.397s][debug][gc,phases      ] GC(196)     Total                          Min: 0, Avg:  0.0, Max: 0, Diff: 0, Sum: 0, Workers: 4
[5287.397s][debug][gc,phases      ] GC(196)   StringTable Weak               Min:  0.1, Avg:  0.1, Max:  0.1, Diff:  0.0, Sum:  0.5, Workers: 4
[5287.397s][debug][gc,phases      ] GC(196)     Dead                           Min: 0, Avg:  0.0, Max: 0, Diff: 0, Sum: 0, Workers: 4
[5287.397s][debug][gc,phases      ] GC(196)     Total                          Min: 11648, Avg: 12302.5, Max: 13120, Diff: 1472, Sum: 49210, Workers: 4
[5287.397s][debug][gc,phases      ] GC(196)   ResolvedMethodTable Weak       Min:  0.0, Avg:  0.0, Max:  0.0, Diff:  0.0, Sum:  0.1, Workers: 4
[5287.397s][debug][gc,phases      ] GC(196)     Dead                           Min: 0, Avg:  0.0, Max: 0, Diff: 0, Sum: 0, Workers: 4
[5287.397s][debug][gc,phases      ] GC(196)     Total                          Min: 2176, Avg: 2266.0, Max: 2432, Diff: 256, Sum: 9064, Workers: 4
[5287.397s][debug][gc,phases      ] GC(196)   JNI Weak                       Min:  0.0, Avg:  0.0, Max:  0.0, Diff:  0.0, Sum:  0.0, Workers: 4
[5287.397s][debug][gc,phases      ] GC(196)     Dead                           Min: 0, Avg:  0.0, Max: 0, Diff: 0, Sum: 0, Workers: 4
[5287.397s][debug][gc,phases      ] GC(196)     Total                          Min: 0, Avg:  0.0, Max: 0, Diff: 0, Sum: 0, Workers: 4
[5287.397s][debug][gc,phases      ] GC(196)   StringDedup Table Weak         Min:  0.0, Avg:  0.0, Max:  0.0, Diff:  0.0, Sum:  0.0, Workers: 4
[5287.397s][debug][gc,phases      ] GC(196)     Dead                           Min: 0, Avg:  0.0, Max: 0, Diff: 0, Sum: 0, Workers: 4
[5287.397s][debug][gc,phases      ] GC(196)     Total                          Min: 0, Avg:  0.0, Max: 0, Diff: 0, Sum: 0, Workers: 4
[5287.397s][debug][gc,phases      ] GC(196)   StringDedup Requests0 Weak     Min:  0.0, Avg:  0.0, Max:  0.0, Diff:  0.0, Sum:  0.0, Workers: 4
[5287.397s][debug][gc,phases      ] GC(196)     Dead                           Min: 0, Avg:  0.0, Max: 0, Diff: 0, Sum: 0, Workers: 4
[5287.397s][debug][gc,phases      ] GC(196)     Total                          Min: 0, Avg:  0.0, Max: 0, Diff: 0, Sum: 0, Workers: 4
[5287.397s][debug][gc,phases      ] GC(196)   StringDedup Requests1 Weak     Min:  0.0, Avg:  0.0, Max:  0.0, Diff:  0.0, Sum:  0.0, Workers: 4
[5287.397s][debug][gc,phases      ] GC(196)     Dead                           Min: 0, Avg:  0.0, Max: 0, Diff: 0, Sum: 0, Workers: 4
[5287.397s][debug][gc,phases      ] GC(196)     Total                          Min: 0, Avg:  0.0, Max: 0, Diff: 0, Sum: 0, Workers: 4
[5287.397s][debug][gc,phases      ] GC(196)   Weak JFR Old Object Samples    Min:  0.0, Avg:  0.0, Max:  0.0, Diff:  0.0, Sum:  0.0, Workers: 4
[5287.397s][debug][gc,phases      ] GC(196)     Dead                           Min: 0, Avg:  0.0, Max: 0, Diff: 0, Sum: 0, Workers: 4
[5287.397s][debug][gc,phases      ] GC(196)     Total                          Min: 0, Avg:  0.0, Max: 0, Diff: 0, Sum: 0, Workers: 4
[5287.397s][debug][gc,phases      ] GC(196) Weak Processing 0.386ms
[5287.397s][debug][gc,age         ] GC(196) Desired survivor size 81264640 bytes, new threshold 15 (max threshold 15)
[5287.397s][info ][gc,heap        ] GC(196) PSYoungGen: 1945968K(2015232K)->23181K(2015744K) Eden: 1934336K(1934336K)->0K(1934336K) From: 11632K(80896K)->23181K(81408K)
[5287.397s][info ][gc,heap        ] GC(196) ParOldGen: 504167K(613888K)->504167K(613888K)
[5287.397s][info ][gc,metaspace   ] GC(196) Metaspace: 86662K(88000K)->86662K(88000K) NonClass: 74689K(75456K)->74689K(75456K) Class: 11973K(12544K)->11973K(12544K)
[5287.397s][info ][gc             ] GC(196) Pause Young (Allocation Failure) 2392M->514M(2568M) 10.089ms
[5287.397s][info ][gc,cpu         ] GC(196) User=0.04s Sys=0.00s Real=0.01s
[5287.397s][info ][safepoint      ] Safepoint "ParallelGCFailedAllocation", Time since last: 512881659 ns, Reaching safepoint: 114503 ns, At safepoint: 10191876 ns, Total: 10306379 ns
[5288.397s][info ][safepoint      ] Safepoint "Cleanup", Time since last: 1000091701 ns, Reaching safepoint: 59802 ns, At safepoint: 9700 ns, Total: 69502 ns
[5292.397s][info ][safepoint      ] Safepoint "Cleanup", Time since last: 4000272049 ns, Reaching safepoint: 55402 ns, At safepoint: 7600 ns, Total: 63002 ns
[5300.398s][info ][safepoint      ] Safepoint "Cleanup", Time since last: 8000571683 ns, Reaching safepoint: 110103 ns, At safepoint: 11700 ns, Total: 121803 ns
[5301.601s][info ][safepoint      ] Safepoint "Cleanup", Time since last: 1203270388 ns, Reaching safepoint: 232306 ns, At safepoint: 10300 ns, Total: 242606 ns
[5303.602s][info ][safepoint      ] Safepoint "Cleanup", Time since last: 2000196561 ns, Reaching safepoint: 138204 ns, At safepoint: 12700 ns, Total: 150904 ns
[5305.275s][info ][gc,start       ] GC(197) Pause Young (Allocation Failure)
[5305.285s][debug][gc,phases      ] GC(197) Scavenge 10.288ms
[5305.285s][debug][gc,ref         ] GC(197) Skipped phase 1 of Reference Processing: no references
[5305.285s][debug][gc,ref         ] GC(197) ReferenceProcessor::execute queues: 1, RefProcThreadModel::Single, marks_oops_alive: false
[5305.285s][debug][gc,ref         ] GC(197) Skipped phase 3 of Reference Processing: no references
[5305.285s][debug][gc,ref         ] GC(197) ReferenceProcessor::execute queues: 1, RefProcThreadModel::Single, marks_oops_alive: false
[5305.285s][debug][gc,phases      ] GC(197) Reference Processing 0.137ms
[5305.285s][debug][gc,phases      ] GC(197)   VM Weak                        Min:  0.0, Avg:  0.0, Max:  0.0, Diff:  0.0, Sum:  0.0, Workers: 4
[5305.285s][debug][gc,phases      ] GC(197)     Dead                           Min: 0, Avg:  0.0, Max: 0, Diff: 0, Sum: 0, Workers: 4
[5305.285s][debug][gc,phases      ] GC(197)     Total                          Min: 0, Avg: 161.2, Max: 408, Diff: 408, Sum: 645, Workers: 4
[5305.285s][debug][gc,phases      ] GC(197)   ObjectSynchronizer Weak        Min:  0.0, Avg:  0.0, Max:  0.0, Diff:  0.0, Sum:  0.0, Workers: 4
[5305.285s][debug][gc,phases      ] GC(197)     Dead                           Min: 0, Avg:  0.0, Max: 0, Diff: 0, Sum: 0, Workers: 4
[5305.285s][debug][gc,phases      ] GC(197)     Total                          Min: 0, Avg: 62.8, Max: 128, Diff: 128, Sum: 251, Workers: 4
[5305.285s][debug][gc,phases      ] GC(197)   JVMTI Tag Weak OopStorage      Min:  0.0, Avg:  0.0, Max:  0.0, Diff:  0.0, Sum:  0.0, Workers: 4
[5305.285s][debug][gc,phases      ] GC(197)     Dead                           Min: 0, Avg:  0.0, Max: 0, Diff: 0, Sum: 0, Workers: 4
[5305.285s][debug][gc,phases      ] GC(197)     Total                          Min: 0, Avg:  0.0, Max: 0, Diff: 0, Sum: 0, Workers: 4
[5305.285s][debug][gc,phases      ] GC(197)   StringTable Weak               Min:  0.1, Avg:  0.1, Max:  0.1, Diff:  0.0, Sum:  0.5, Workers: 4
[5305.285s][debug][gc,phases      ] GC(197)     Dead                           Min: 0, Avg:  0.2, Max: 1, Diff: 1, Sum: 1, Workers: 4
[5305.285s][debug][gc,phases      ] GC(197)     Total                          Min: 11072, Avg: 12305.2, Max: 13829, Diff: 2757, Sum: 49221, Workers: 4
[5305.285s][debug][gc,phases      ] GC(197)   ResolvedMethodTable Weak       Min:  0.0, Avg:  0.0, Max:  0.0, Diff:  0.0, Sum:  0.1, Workers: 4
[5305.285s][debug][gc,phases      ] GC(197)     Dead                           Min: 0, Avg:  4.5, Max: 18, Diff: 18, Sum: 18, Workers: 4
[5305.285s][debug][gc,phases      ] GC(197)     Total                          Min: 2048, Avg: 2269.8, Max: 2431, Diff: 383, Sum: 9079, Workers: 4
[5305.285s][debug][gc,phases      ] GC(197)   JNI Weak                       Min:  0.0, Avg:  0.0, Max:  0.0, Diff:  0.0, Sum:  0.0, Workers: 4
[5305.285s][debug][gc,phases      ] GC(197)     Dead                           Min: 0, Avg:  0.0, Max: 0, Diff: 0, Sum: 0, Workers: 4
[5305.285s][debug][gc,phases      ] GC(197)     Total                          Min: 0, Avg:  0.0, Max: 0, Diff: 0, Sum: 0, Workers: 4
[5305.285s][debug][gc,phases      ] GC(197)   StringDedup Table Weak         Min:  0.0, Avg:  0.0, Max:  0.0, Diff:  0.0, Sum:  0.0, Workers: 4
[5305.285s][debug][gc,phases      ] GC(197)     Dead                           Min: 0, Avg:  0.0, Max: 0, Diff: 0, Sum: 0, Workers: 4
[5305.285s][debug][gc,phases      ] GC(197)     Total                          Min: 0, Avg:  0.0, Max: 0, Diff: 0, Sum: 0, Workers: 4
[5305.285s][debug][gc,phases      ] GC(197)   StringDedup Requests0 Weak     Min:  0.0, Avg:  0.0, Max:  0.0, Diff:  0.0, Sum:  0.0, Workers: 4
[5305.285s][debug][gc,phases      ] GC(197)     Dead                           Min: 0, Avg:  0.0, Max: 0, Diff: 0, Sum: 0, Workers: 4
[5305.286s][debug][gc,phases      ] GC(197)     Total                          Min: 0, Avg:  0.0, Max: 0, Diff: 0, Sum: 0, Workers: 4
[5305.286s][debug][gc,phases      ] GC(197)   StringDedup Requests1 Weak     Min:  0.0, Avg:  0.0, Max:  0.0, Diff:  0.0, Sum:  0.0, Workers: 4
[5305.286s][debug][gc,phases      ] GC(197)     Dead                           Min: 0, Avg:  0.0, Max: 0, Diff: 0, Sum: 0, Workers: 4
[5305.286s][debug][gc,phases      ] GC(197)     Total                          Min: 0, Avg:  0.0, Max: 0, Diff: 0, Sum: 0, Workers: 4
[5305.286s][debug][gc,phases      ] GC(197)   Weak JFR Old Object Samples    Min:  0.0, Avg:  0.0, Max:  0.0, Diff:  0.0, Sum:  0.0, Workers: 4
[5305.286s][debug][gc,phases      ] GC(197)     Dead                           Min: 0, Avg:  0.0, Max: 0, Diff: 0, Sum: 0, Workers: 4
[5305.286s][debug][gc,phases      ] GC(197)     Total                          Min: 0, Avg:  0.0, Max: 0, Diff: 0, Sum: 0, Workers: 4
[5305.286s][debug][gc,phases      ] GC(197) Weak Processing 0.366ms
[5305.286s][debug][gc,age         ] GC(197) Desired survivor size 77594624 bytes, new threshold 15 (max threshold 15)
[5305.286s][info ][gc,heap        ] GC(197) PSYoungGen: 1957517K(2015744K)->33154K(2021376K) Eden: 1934336K(1934336K)->0K(1942016K) From: 23181K(81408K)->33154K(79360K)
[5305.286s][info ][gc,heap        ] GC(197) ParOldGen: 504167K(613888K)->504167K(613888K)
[5305.286s][info ][gc,metaspace   ] GC(197) Metaspace: 86718K(88000K)->86718K(88000K) NonClass: 74742K(75456K)->74742K(75456K) Class: 11976K(12544K)->11976K(12544K)
[5305.286s][info ][gc             ] GC(197) Pause Young (Allocation Failure) 2403M->524M(2573M) 10.928ms
[5305.286s][info ][gc,cpu         ] GC(197) User=0.04s Sys=0.00s Real=0.01s
[5305.286s][info ][safepoint      ] Safepoint "ParallelGCFailedAllocation", Time since last: 1672770269 ns, Reaching safepoint: 44301 ns, At safepoint: 11011493 ns, Total: 11055794 ns
[5306.286s][info ][safepoint      ] Safepoint "Cleanup", Time since last: 1000086651 ns, Reaching safepoint: 90603 ns, At safepoint: 8500 ns, Total: 99103 ns
[5308.286s][info ][safepoint      ] Safepoint "Cleanup", Time since last: 2000165528 ns, Reaching safepoint: 54802 ns, At safepoint: 7600 ns, Total: 62402 ns
[5309.286s][info ][safepoint      ] Safepoint "Cleanup", Time since last: 1000104378 ns, Reaching safepoint: 111803 ns, At safepoint: 14700 ns, Total: 126503 ns
[5310.286s][info ][safepoint      ] Safepoint "Cleanup", Time since last: 1000114653 ns, Reaching safepoint: 49202 ns, At safepoint: 9500 ns, Total: 58702 ns
[5311.287s][info ][safepoint      ] Safepoint "Cleanup", Time since last: 1000093728 ns, Reaching safepoint: 41602 ns, At safepoint: 2700 ns, Total: 44302 ns
[5312.287s][info ][safepoint      ] Safepoint "Cleanup", Time since last: 1000096704 ns, Reaching safepoint: 62001 ns, At safepoint: 6100 ns, Total: 68101 ns
[5315.287s][info ][safepoint      ] Safepoint "Cleanup", Time since last: 3000247665 ns, Reaching safepoint: 54902 ns, At safepoint: 9800 ns, Total: 64702 ns
[5317.059s][info ][gc,start       ] GC(198) Pause Young (Allocation Failure)
[5317.073s][debug][gc,phases      ] GC(198) Scavenge 14.360ms
[5317.073s][debug][gc,ref         ] GC(198) Skipped phase 1 of Reference Processing: no references
[5317.073s][debug][gc,ref         ] GC(198) ReferenceProcessor::execute queues: 1, RefProcThreadModel::Single, marks_oops_alive: false
[5317.073s][debug][gc,ref         ] GC(198) Skipped phase 3 of Reference Processing: no references
[5317.073s][debug][gc,ref         ] GC(198) ReferenceProcessor::execute queues: 1, RefProcThreadModel::Single, marks_oops_alive: false
[5317.073s][debug][gc,phases      ] GC(198) Reference Processing 0.137ms
[5317.073s][debug][gc,phases      ] GC(198)   VM Weak                        Min:  0.0, Avg:  0.0, Max:  0.0, Diff:  0.0, Sum:  0.0, Workers: 4
[5317.073s][debug][gc,phases      ] GC(198)     Dead                           Min: 0, Avg:  0.0, Max: 0, Diff: 0, Sum: 0, Workers: 4
[5317.073s][debug][gc,phases      ] GC(198)     Total                          Min: 0, Avg: 161.2, Max: 320, Diff: 320, Sum: 645, Workers: 4
[5317.073s][debug][gc,phases      ] GC(198)   ObjectSynchronizer Weak        Min:  0.0, Avg:  0.0, Max:  0.0, Diff:  0.0, Sum:  0.0, Workers: 4
[5317.073s][debug][gc,phases      ] GC(198)     Dead                           Min: 0, Avg:  0.2, Max: 1, Diff: 1, Sum: 1, Workers: 4
[5317.073s][debug][gc,phases      ] GC(198)     Total                          Min: 0, Avg: 63.0, Max: 128, Diff: 128, Sum: 252, Workers: 4
[5317.073s][debug][gc,phases      ] GC(198)   JVMTI Tag Weak OopStorage      Min:  0.0, Avg:  0.0, Max:  0.0, Diff:  0.0, Sum:  0.0, Workers: 4
[5317.073s][debug][gc,phases      ] GC(198)     Dead                           Min: 0, Avg:  0.0, Max: 0, Diff: 0, Sum: 0, Workers: 4
[5317.073s][debug][gc,phases      ] GC(198)     Total                          Min: 0, Avg:  0.0, Max: 0, Diff: 0, Sum: 0, Workers: 4
[5317.073s][debug][gc,phases      ] GC(198)   StringTable Weak               Min:  0.1, Avg:  0.1, Max:  0.1, Diff:  0.0, Sum:  0.6, Workers: 4
[5317.073s][debug][gc,phases      ] GC(198)     Dead                           Min: 0, Avg:  0.0, Max: 0, Diff: 0, Sum: 0, Workers: 4
[5317.073s][debug][gc,phases      ] GC(198)     Total                          Min: 10816, Avg: 12305.8, Max: 13312, Diff: 2496, Sum: 49223, Workers: 4
[5317.073s][debug][gc,phases      ] GC(198)   ResolvedMethodTable Weak       Min:  0.0, Avg:  0.0, Max:  0.0, Diff:  0.0, Sum:  0.1, Workers: 4
[5317.073s][debug][gc,phases      ] GC(198)     Dead                           Min: 0, Avg:  0.0, Max: 0, Diff: 0, Sum: 0, Workers: 4
[5317.073s][debug][gc,phases      ] GC(198)     Total                          Min: 1920, Avg: 2269.8, Max: 2623, Diff: 703, Sum: 9079, Workers: 4
[5317.073s][debug][gc,phases      ] GC(198)   JNI Weak                       Min:  0.0, Avg:  0.0, Max:  0.0, Diff:  0.0, Sum:  0.0, Workers: 4
[5317.073s][debug][gc,phases      ] GC(198)     Dead                           Min: 0, Avg:  0.0, Max: 0, Diff: 0, Sum: 0, Workers: 4
[5317.074s][debug][gc,phases      ] GC(198)     Total                          Min: 0, Avg:  0.0, Max: 0, Diff: 0, Sum: 0, Workers: 4
[5317.074s][debug][gc,phases      ] GC(198)   StringDedup Table Weak         Min:  0.0, Avg:  0.0, Max:  0.0, Diff:  0.0, Sum:  0.0, Workers: 4
[5317.074s][debug][gc,phases      ] GC(198)     Dead                           Min: 0, Avg:  0.0, Max: 0, Diff: 0, Sum: 0, Workers: 4
[5317.074s][debug][gc,phases      ] GC(198)     Total                          Min: 0, Avg:  0.0, Max: 0, Diff: 0, Sum: 0, Workers: 4
[5317.074s][debug][gc,phases      ] GC(198)   StringDedup Requests0 Weak     Min:  0.0, Avg:  0.0, Max:  0.0, Diff:  0.0, Sum:  0.0, Workers: 4
[5317.074s][debug][gc,phases      ] GC(198)     Dead                           Min: 0, Avg:  0.0, Max: 0, Diff: 0, Sum: 0, Workers: 4
[5317.074s][debug][gc,phases      ] GC(198)     Total                          Min: 0, Avg:  0.0, Max: 0, Diff: 0, Sum: 0, Workers: 4
[5317.074s][debug][gc,phases      ] GC(198)   StringDedup Requests1 Weak     Min:  0.0, Avg:  0.0, Max:  0.0, Diff:  0.0, Sum:  0.0, Workers: 4
[5317.074s][debug][gc,phases      ] GC(198)     Dead                           Min: 0, Avg:  0.0, Max: 0, Diff: 0, Sum: 0, Workers: 4
[5317.074s][debug][gc,phases      ] GC(198)     Total                          Min: 0, Avg:  0.0, Max: 0, Diff: 0, Sum: 0, Workers: 4
[5317.074s][debug][gc,phases      ] GC(198)   Weak JFR Old Object Samples    Min:  0.0, Avg:  0.0, Max:  0.0, Diff:  0.0, Sum:  0.0, Workers: 4
[5317.074s][debug][gc,phases      ] GC(198)     Dead                           Min: 0, Avg:  0.0, Max: 0, Diff: 0, Sum: 0, Workers: 4
[5317.074s][debug][gc,phases      ] GC(198)     Total                          Min: 0, Avg:  0.0, Max: 0, Diff: 0, Sum: 0, Workers: 4
[5317.074s][debug][gc,phases      ] GC(198) Weak Processing 0.378ms
[5317.074s][debug][gc,age         ] GC(198) Desired survivor size 76021760 bytes, new threshold 15 (max threshold 15)
[5317.074s][info ][gc,heap        ] GC(198) PSYoungGen: 1975170K(2021376K)->43080K(2017792K) Eden: 1942016K(1942016K)->0K(1942016K) From: 33154K(79360K)->43080K(75776K)
[5317.074s][info ][gc,heap        ] GC(198) ParOldGen: 504167K(613888K)->504167K(613888K)
[5317.074s][info ][gc,metaspace   ] GC(198) Metaspace: 86752K(88000K)->86752K(88000K) NonClass: 74776K(75456K)->74776K(75456K) Class: 11976K(12544K)->11976K(12544K)
[5317.074s][info ][gc             ] GC(198) Pause Young (Allocation Failure) 2421M->534M(2570M) 15.016ms
[5317.074s][info ][gc,cpu         ] GC(198) User=0.05s Sys=0.00s Real=0.02s
[5317.074s][info ][safepoint      ] Safepoint "ParallelGCFailedAllocation", Time since last: 1771405577 ns, Reaching safepoint: 114303 ns, At safepoint: 15110997 ns, Total: 15225300 ns
[5318.074s][info ][safepoint      ] Safepoint "Cleanup", Time since last: 1000085163 ns, Reaching safepoint: 98302 ns, At safepoint: 9701 ns, Total: 108003 ns
[5321.074s][info ][safepoint      ] Safepoint "Cleanup", Time since last: 3000199743 ns, Reaching safepoint: 48301 ns, At safepoint: 3000 ns, Total: 51301 ns
[5322.074s][info ][safepoint      ] Safepoint "Cleanup", Time since last: 1000097767 ns, Reaching safepoint: 42701 ns, At safepoint: 3100 ns, Total: 45801 ns
[5325.075s][info ][safepoint      ] Safepoint "Cleanup", Time since last: 3000234757 ns, Reaching safepoint: 59201 ns, At safepoint: 6700 ns, Total: 65901 ns
[5334.075s][info ][safepoint      ] Safepoint "Cleanup", Time since last: 9000593585 ns, Reaching safepoint: 46701 ns, At safepoint: 2600 ns, Total: 49301 ns
[5336.075s][info ][safepoint      ] Safepoint "Cleanup", Time since last: 2000181695 ns, Reaching safepoint: 49201 ns, At safepoint: 4200 ns, Total: 53401 ns
[5339.916s][info ][gc,start       ] GC(199) Pause Young (Allocation Failure)
[5339.929s][debug][gc,phases      ] GC(199) Scavenge 12.930ms
[5339.929s][debug][gc,ref         ] GC(199) Skipped phase 1 of Reference Processing: no references
[5339.929s][debug][gc,ref         ] GC(199) ReferenceProcessor::execute queues: 1, RefProcThreadModel::Single, marks_oops_alive: false
[5339.929s][debug][gc,ref         ] GC(199) Skipped phase 3 of Reference Processing: no references
[5339.929s][debug][gc,ref         ] GC(199) ReferenceProcessor::execute queues: 1, RefProcThreadModel::Single, marks_oops_alive: false
[5339.929s][debug][gc,phases      ] GC(199) Reference Processing 0.136ms
[5339.929s][debug][gc,phases      ] GC(199)   VM Weak                        Min:  0.0, Avg:  0.0, Max:  0.0, Diff:  0.0, Sum:  0.0, Workers: 4
[5339.929s][debug][gc,phases      ] GC(199)     Dead                           Min: 0, Avg:  0.0, Max: 0, Diff: 0, Sum: 0, Workers: 4
[5339.929s][debug][gc,phases      ] GC(199)     Total                          Min: 0, Avg: 161.2, Max: 524, Diff: 524, Sum: 645, Workers: 4
[5339.929s][debug][gc,phases      ] GC(199)   ObjectSynchronizer Weak        Min:  0.0, Avg:  0.0, Max:  0.0, Diff:  0.0, Sum:  0.0, Workers: 4
[5339.929s][debug][gc,phases      ] GC(199)     Dead                           Min: 0, Avg:  0.0, Max: 0, Diff: 0, Sum: 0, Workers: 4
[5339.929s][debug][gc,phases      ] GC(199)     Total                          Min: 0, Avg: 63.0, Max: 252, Diff: 252, Sum: 252, Workers: 4
[5339.929s][debug][gc,phases      ] GC(199)   JVMTI Tag Weak OopStorage      Min:  0.0, Avg:  0.0, Max:  0.0, Diff:  0.0, Sum:  0.0, Workers: 4
[5339.929s][debug][gc,phases      ] GC(199)     Dead                           Min: 0, Avg:  0.0, Max: 0, Diff: 0, Sum: 0, Workers: 4
[5339.929s][debug][gc,phases      ] GC(199)     Total                          Min: 0, Avg:  0.0, Max: 0, Diff: 0, Sum: 0, Workers: 4
[5339.929s][debug][gc,phases      ] GC(199)   StringTable Weak               Min:  0.1, Avg:  0.1, Max:  0.1, Diff:  0.0, Sum:  0.5, Workers: 4
[5339.929s][debug][gc,phases      ] GC(199)     Dead                           Min: 0, Avg:  0.2, Max: 1, Diff: 1, Sum: 1, Workers: 4
[5339.929s][debug][gc,phases      ] GC(199)     Total                          Min: 11840, Avg: 12306.2, Max: 12607, Diff: 767, Sum: 49225, Workers: 4
[5339.929s][debug][gc,phases      ] GC(199)   ResolvedMethodTable Weak       Min:  0.0, Avg:  0.0, Max:  0.0, Diff:  0.0, Sum:  0.1, Workers: 4
[5339.929s][debug][gc,phases      ] GC(199)     Dead                           Min: 0, Avg:  0.0, Max: 0, Diff: 0, Sum: 0, Workers: 4
[5339.929s][debug][gc,phases      ] GC(199)     Total                          Min: 1977, Avg: 2270.0, Max: 2623, Diff: 646, Sum: 9080, Workers: 4
[5339.929s][debug][gc,phases      ] GC(199)   JNI Weak                       Min:  0.0, Avg:  0.0, Max:  0.0, Diff:  0.0, Sum:  0.0, Workers: 4
[5339.929s][debug][gc,phases      ] GC(199)     Dead                           Min: 0, Avg:  0.0, Max: 0, Diff: 0, Sum: 0, Workers: 4
[5339.929s][debug][gc,phases      ] GC(199)     Total                          Min: 0, Avg:  0.0, Max: 0, Diff: 0, Sum: 0, Workers: 4
[5339.929s][debug][gc,phases      ] GC(199)   StringDedup Table Weak         Min:  0.0, Avg:  0.0, Max:  0.0, Diff:  0.0, Sum:  0.0, Workers: 4
[5339.929s][debug][gc,phases      ] GC(199)     Dead                           Min: 0, Avg:  0.0, Max: 0, Diff: 0, Sum: 0, Workers: 4
[5339.929s][debug][gc,phases      ] GC(199)     Total                          Min: 0, Avg:  0.0, Max: 0, Diff: 0, Sum: 0, Workers: 4
[5339.929s][debug][gc,phases      ] GC(199)   StringDedup Requests0 Weak     Min:  0.0, Avg:  0.0, Max:  0.0, Diff:  0.0, Sum:  0.0, Workers: 4
[5339.929s][debug][gc,phases      ] GC(199)     Dead                           Min: 0, Avg:  0.0, Max: 0, Diff: 0, Sum: 0, Workers: 4
[5339.929s][debug][gc,phases      ] GC(199)     Total                          Min: 0, Avg:  0.0, Max: 0, Diff: 0, Sum: 0, Workers: 4
[5339.929s][debug][gc,phases      ] GC(199)   StringDedup Requests1 Weak     Min:  0.0, Avg:  0.0, Max:  0.0, Diff:  0.0, Sum:  0.0, Workers: 4
[5339.929s][debug][gc,phases      ] GC(199)     Dead                           Min: 0, Avg:  0.0, Max: 0, Diff: 0, Sum: 0, Workers: 4
[5339.929s][debug][gc,phases      ] GC(199)     Total                          Min: 0, Avg:  0.0, Max: 0, Diff: 0, Sum: 0, Workers: 4
[5339.929s][debug][gc,phases      ] GC(199)   Weak JFR Old Object Samples    Min:  0.0, Avg:  0.0, Max:  0.0, Diff:  0.0, Sum:  0.0, Workers: 4
[5339.929s][debug][gc,phases      ] GC(199)     Dead                           Min: 0, Avg:  0.0, Max: 0, Diff: 0, Sum: 0, Workers: 4
[5339.929s][debug][gc,phases      ] GC(199)     Total                          Min: 0, Avg:  0.0, Max: 0, Diff: 0, Sum: 0, Workers: 4
[5339.929s][debug][gc,phases      ] GC(199) Weak Processing 0.349ms
[5339.929s][debug][gc,age         ] GC(199) Desired survivor size 75497472 bytes, new threshold 15 (max threshold 15)
[5339.929s][info ][gc,heap        ] GC(199) PSYoungGen: 1985096K(2017792K)->43922K(2023424K) Eden: 1942016K(1942016K)->0K(1949184K) From: 43080K(75776K)->43922K(74240K)
[5339.929s][info ][gc,heap        ] GC(199) ParOldGen: 504167K(613888K)->504167K(613888K)
[5339.929s][info ][gc,metaspace   ] GC(199) Metaspace: 86805K(88000K)->86805K(88000K) NonClass: 74828K(75456K)->74828K(75456K) Class: 11977K(12544K)->11977K(12544K)
[5339.929s][info ][gc             ] GC(199) Pause Young (Allocation Failure) 2430M->535M(2575M) 13.571ms
[5339.929s][info ][gc,cpu         ] GC(199) User=0.05s Sys=0.00s Real=0.01s
[5339.929s][info ][safepoint      ] Safepoint "ParallelGCFailedAllocation", Time since last: 3840141087 ns, Reaching safepoint: 42701 ns, At safepoint: 13664552 ns, Total: 13707253 ns
[5354.930s][info ][safepoint      ] Safepoint "Cleanup", Time since last: 15000976331 ns, Reaching safepoint: 53601 ns, At safepoint: 15301 ns, Total: 68902 ns
[5366.931s][info ][safepoint      ] Safepoint "Cleanup", Time since last: 12000830498 ns, Reaching safepoint: 47902 ns, At safepoint: 9400 ns, Total: 57302 ns
[5367.931s][info ][safepoint      ] Safepoint "Cleanup", Time since last: 1000094915 ns, Reaching safepoint: 45401 ns, At safepoint: 23401 ns, Total: 68802 ns
[5371.932s][info ][safepoint      ] Safepoint "Cleanup", Time since last: 4000289340 ns, Reaching safepoint: 51301 ns, At safepoint: 5400 ns, Total: 56701 ns
[5372.932s][info ][safepoint      ] Safepoint "Cleanup", Time since last: 1000119707 ns, Reaching safepoint: 40701 ns, At safepoint: 2900 ns, Total: 43601 ns
[5376.932s][info ][safepoint      ] Safepoint "Cleanup", Time since last: 4000288005 ns, Reaching safepoint: 108303 ns, At safepoint: 12800 ns, Total: 121103 ns
[5377.048s][info ][gc,start       ] GC(200) Pause Young (Allocation Failure)
[5377.061s][debug][gc,phases      ] GC(200) Scavenge 13.725ms
[5377.061s][debug][gc,ref         ] GC(200) Skipped phase 1 of Reference Processing: no references
[5377.061s][debug][gc,ref         ] GC(200) ReferenceProcessor::execute queues: 1, RefProcThreadModel::Single, marks_oops_alive: false
[5377.061s][debug][gc,ref         ] GC(200) Skipped phase 3 of Reference Processing: no references
[5377.061s][debug][gc,ref         ] GC(200) ReferenceProcessor::execute queues: 1, RefProcThreadModel::Single, marks_oops_alive: false
[5377.061s][debug][gc,phases      ] GC(200) Reference Processing 0.146ms
[5377.062s][debug][gc,phases      ] GC(200)   VM Weak                        Min:  0.0, Avg:  0.0, Max:  0.0, Diff:  0.0, Sum:  0.0, Workers: 4
[5377.062s][debug][gc,phases      ] GC(200)     Dead                           Min: 0, Avg:  0.0, Max: 0, Diff: 0, Sum: 0, Workers: 4
[5377.062s][debug][gc,phases      ] GC(200)     Total                          Min: 0, Avg: 161.2, Max: 524, Diff: 524, Sum: 645, Workers: 4
[5377.062s][debug][gc,phases      ] GC(200)   ObjectSynchronizer Weak        Min:  0.0, Avg:  0.0, Max:  0.0, Diff:  0.0, Sum:  0.0, Workers: 4
[5377.062s][debug][gc,phases      ] GC(200)     Dead                           Min: 0, Avg:  0.0, Max: 0, Diff: 0, Sum: 0, Workers: 4
[5377.062s][debug][gc,phases      ] GC(200)     Total                          Min: 0, Avg: 63.0, Max: 188, Diff: 188, Sum: 252, Workers: 4
[5377.062s][debug][gc,phases      ] GC(200)   JVMTI Tag Weak OopStorage      Min:  0.0, Avg:  0.0, Max:  0.0, Diff:  0.0, Sum:  0.0, Workers: 4
[5377.062s][debug][gc,phases      ] GC(200)     Dead                           Min: 0, Avg:  0.0, Max: 0, Diff: 0, Sum: 0, Workers: 4
[5377.062s][debug][gc,phases      ] GC(200)     Total                          Min: 0, Avg:  0.0, Max: 0, Diff: 0, Sum: 0, Workers: 4
[5377.062s][debug][gc,phases      ] GC(200)   StringTable Weak               Min:  0.1, Avg:  0.1, Max:  0.1, Diff:  0.0, Sum:  0.4, Workers: 4
[5377.062s][debug][gc,phases      ] GC(200)     Dead                           Min: 0, Avg:  0.0, Max: 0, Diff: 0, Sum: 0, Workers: 4
[5377.062s][debug][gc,phases      ] GC(200)     Total                          Min: 11722, Avg: 12306.5, Max: 13632, Diff: 1910, Sum: 49226, Workers: 4
[5377.062s][debug][gc,phases      ] GC(200)   ResolvedMethodTable Weak       Min:  0.0, Avg:  0.0, Max:  0.0, Diff:  0.0, Sum:  0.1, Workers: 4
[5377.062s][debug][gc,phases      ] GC(200)     Dead                           Min: 0, Avg:  0.0, Max: 0, Diff: 0, Sum: 0, Workers: 4
[5377.062s][debug][gc,phases      ] GC(200)     Total                          Min: 2048, Avg: 2270.0, Max: 2432, Diff: 384, Sum: 9080, Workers: 4
[5377.062s][debug][gc,phases      ] GC(200)   JNI Weak                       Min:  0.0, Avg:  0.0, Max:  0.0, Diff:  0.0, Sum:  0.0, Workers: 4
[5377.062s][debug][gc,phases      ] GC(200)     Dead                           Min: 0, Avg:  0.0, Max: 0, Diff: 0, Sum: 0, Workers: 4
[5377.062s][debug][gc,phases      ] GC(200)     Total                          Min: 0, Avg:  0.0, Max: 0, Diff: 0, Sum: 0, Workers: 4
[5377.062s][debug][gc,phases      ] GC(200)   StringDedup Table Weak         Min:  0.0, Avg:  0.0, Max:  0.0, Diff:  0.0, Sum:  0.0, Workers: 4
[5377.062s][debug][gc,phases      ] GC(200)     Dead                           Min: 0, Avg:  0.0, Max: 0, Diff: 0, Sum: 0, Workers: 4
[5377.062s][debug][gc,phases      ] GC(200)     Total                          Min: 0, Avg:  0.0, Max: 0, Diff: 0, Sum: 0, Workers: 4
[5377.062s][debug][gc,phases      ] GC(200)   StringDedup Requests0 Weak     Min:  0.0, Avg:  0.0, Max:  0.0, Diff:  0.0, Sum:  0.0, Workers: 4
[5377.062s][debug][gc,phases      ] GC(200)     Dead                           Min: 0, Avg:  0.0, Max: 0, Diff: 0, Sum: 0, Workers: 4
[5377.062s][debug][gc,phases      ] GC(200)     Total                          Min: 0, Avg:  0.0, Max: 0, Diff: 0, Sum: 0, Workers: 4
[5377.062s][debug][gc,phases      ] GC(200)   StringDedup Requests1 Weak     Min:  0.0, Avg:  0.0, Max:  0.0, Diff:  0.0, Sum:  0.0, Workers: 4
[5377.062s][debug][gc,phases      ] GC(200)     Dead                           Min: 0, Avg:  0.0, Max: 0, Diff: 0, Sum: 0, Workers: 4
[5377.062s][debug][gc,phases      ] GC(200)     Total                          Min: 0, Avg:  0.0, Max: 0, Diff: 0, Sum: 0, Workers: 4
[5377.062s][debug][gc,phases      ] GC(200)   Weak JFR Old Object Samples    Min:  0.0, Avg:  0.0, Max:  0.0, Diff:  0.0, Sum:  0.0, Workers: 4
[5377.062s][debug][gc,phases      ] GC(200)     Dead                           Min: 0, Avg:  0.0, Max: 0, Diff: 0, Sum: 0, Workers: 4
[5377.062s][debug][gc,phases      ] GC(200)     Total                          Min: 0, Avg:  0.0, Max: 0, Diff: 0, Sum: 0, Workers: 4
[5377.062s][debug][gc,phases      ] GC(200) Weak Processing 0.334ms
[5377.062s][debug][gc,age         ] GC(200) Desired survivor size 76021760 bytes, new threshold 15 (max threshold 15)
[5377.062s][info ][gc,heap        ] GC(200) PSYoungGen: 1993106K(2023424K)->48283K(2022912K) Eden: 1949184K(1949184K)->0K(1949184K) From: 43922K(74240K)->48283K(73728K)
[5377.062s][info ][gc,heap        ] GC(200) ParOldGen: 504167K(613888K)->504167K(613888K)
[5377.062s][info ][gc,metaspace   ] GC(200) Metaspace: 86808K(88000K)->86808K(88000K) NonClass: 74830K(75456K)->74830K(75456K) Class: 11977K(12544K)->11977K(12544K)
[5377.062s][info ][gc             ] GC(200) Pause Young (Allocation Failure) 2438M->539M(2575M) 14.344ms
[5377.062s][info ][gc,cpu         ] GC(200) User=0.06s Sys=0.00s Real=0.02s
[5377.062s][info ][safepoint      ] Safepoint "ParallelGCFailedAllocation", Time since last: 115028966 ns, Reaching safepoint: 129503 ns, At safepoint: 14431059 ns, Total: 14560562 ns
[5378.062s][info ][safepoint      ] Safepoint "Cleanup", Time since last: 1000085496 ns, Reaching safepoint: 69901 ns, At safepoint: 8700 ns, Total: 78601 ns
[5379.062s][info ][safepoint      ] Safepoint "Cleanup", Time since last: 1000110175 ns, Reaching safepoint: 50101 ns, At safepoint: 7300 ns, Total: 57401 ns
[5381.035s][info ][safepoint      ] Safepoint "Cleanup", Time since last: 1972829404 ns, Reaching safepoint: 53702 ns, At safepoint: 8000 ns, Total: 61702 ns
[5382.035s][info ][safepoint      ] Safepoint "Cleanup", Time since last: 1000101110 ns, Reaching safepoint: 81802 ns, At safepoint: 5900 ns, Total: 87702 ns
[5383.035s][info ][safepoint      ] Safepoint "Cleanup", Time since last: 1000102989 ns, Reaching safepoint: 37001 ns, At safepoint: 2900 ns, Total: 39901 ns
[5384.036s][info ][safepoint      ] Safepoint "Cleanup", Time since last: 1000105968 ns, Reaching safepoint: 51001 ns, At safepoint: 8801 ns, Total: 59802 ns
[5385.036s][info ][safepoint      ] Safepoint "Cleanup", Time since last: 1000122247 ns, Reaching safepoint: 118103 ns, At safepoint: 10600 ns, Total: 128703 ns
[5386.036s][info ][safepoint      ] Safepoint "Cleanup", Time since last: 1000097225 ns, Reaching safepoint: 48801 ns, At safepoint: 5401 ns, Total: 54202 ns
[5387.036s][info ][safepoint      ] Safepoint "Cleanup", Time since last: 1000099204 ns, Reaching safepoint: 51401 ns, At safepoint: 3400 ns, Total: 54801 ns
[5388.994s][info ][gc,start       ] GC(201) Pause Young (Allocation Failure)
[5389.019s][debug][gc,phases      ] GC(201) Scavenge 24.164ms
[5389.019s][debug][gc,ref         ] GC(201) Skipped phase 1 of Reference Processing: no references
[5389.019s][debug][gc,ref         ] GC(201) ReferenceProcessor::execute queues: 1, RefProcThreadModel::Single, marks_oops_alive: false
[5389.019s][debug][gc,ref         ] GC(201) Skipped phase 3 of Reference Processing: no references
[5389.019s][debug][gc,ref         ] GC(201) ReferenceProcessor::execute queues: 1, RefProcThreadModel::Single, marks_oops_alive: false
[5389.019s][debug][gc,phases      ] GC(201) Reference Processing 0.160ms
[5389.019s][debug][gc,phases      ] GC(201)   VM Weak                        Min:  0.0, Avg:  0.0, Max:  0.0, Diff:  0.0, Sum:  0.0, Workers: 4
[5389.019s][debug][gc,phases      ] GC(201)     Dead                           Min: 0, Avg:  0.0, Max: 0, Diff: 0, Sum: 0, Workers: 4
[5389.019s][debug][gc,phases      ] GC(201)     Total                          Min: 0, Avg: 161.2, Max: 307, Diff: 307, Sum: 645, Workers: 4
[5389.019s][debug][gc,phases      ] GC(201)   ObjectSynchronizer Weak        Min:  0.0, Avg:  0.0, Max:  0.0, Diff:  0.0, Sum:  0.0, Workers: 4
[5389.019s][debug][gc,phases      ] GC(201)     Dead                           Min: 0, Avg:  0.0, Max: 0, Diff: 0, Sum: 0, Workers: 4
[5389.019s][debug][gc,phases      ] GC(201)     Total                          Min: 0, Avg: 63.0, Max: 128, Diff: 128, Sum: 252, Workers: 4
[5389.019s][debug][gc,phases      ] GC(201)   JVMTI Tag Weak OopStorage      Min:  0.0, Avg:  0.0, Max:  0.0, Diff:  0.0, Sum:  0.0, Workers: 4
[5389.019s][debug][gc,phases      ] GC(201)     Dead                           Min: 0, Avg:  0.0, Max: 0, Diff: 0, Sum: 0, Workers: 4
[5389.019s][debug][gc,phases      ] GC(201)     Total                          Min: 0, Avg:  0.0, Max: 0, Diff: 0, Sum: 0, Workers: 4
[5389.019s][debug][gc,phases      ] GC(201)   StringTable Weak               Min:  0.2, Avg:  0.2, Max:  0.2, Diff:  0.0, Sum:  0.6, Workers: 4
[5389.019s][debug][gc,phases      ] GC(201)     Dead                           Min: 0, Avg:  0.2, Max: 1, Diff: 1, Sum: 1, Workers: 4
[5389.019s][debug][gc,phases      ] GC(201)     Total                          Min: 11200, Avg: 12308.0, Max: 13440, Diff: 2240, Sum: 49232, Workers: 4
[5389.019s][debug][gc,phases      ] GC(201)   ResolvedMethodTable Weak       Min:  0.0, Avg:  0.0, Max:  0.0, Diff:  0.0, Sum:  0.1, Workers: 4
[5389.019s][debug][gc,phases      ] GC(201)     Dead                           Min: 0, Avg:  0.0, Max: 0, Diff: 0, Sum: 0, Workers: 4
[5389.019s][debug][gc,phases      ] GC(201)     Total                          Min: 2176, Avg: 2270.0, Max: 2425, Diff: 249, Sum: 9080, Workers: 4
[5389.019s][debug][gc,phases      ] GC(201)   JNI Weak                       Min:  0.0, Avg:  0.0, Max:  0.0, Diff:  0.0, Sum:  0.0, Workers: 4
[5389.019s][debug][gc,phases      ] GC(201)     Dead                           Min: 0, Avg:  0.0, Max: 0, Diff: 0, Sum: 0, Workers: 4
[5389.019s][debug][gc,phases      ] GC(201)     Total                          Min: 0, Avg:  0.0, Max: 0, Diff: 0, Sum: 0, Workers: 4
[5389.019s][debug][gc,phases      ] GC(201)   StringDedup Table Weak         Min:  0.0, Avg:  0.0, Max:  0.0, Diff:  0.0, Sum:  0.0, Workers: 4
[5389.019s][debug][gc,phases      ] GC(201)     Dead                           Min: 0, Avg:  0.0, Max: 0, Diff: 0, Sum: 0, Workers: 4
[5389.019s][debug][gc,phases      ] GC(201)     Total                          Min: 0, Avg:  0.0, Max: 0, Diff: 0, Sum: 0, Workers: 4
[5389.019s][debug][gc,phases      ] GC(201)   StringDedup Requests0 Weak     Min:  0.0, Avg:  0.0, Max:  0.0, Diff:  0.0, Sum:  0.0, Workers: 4
[5389.019s][debug][gc,phases      ] GC(201)     Dead                           Min: 0, Avg:  0.0, Max: 0, Diff: 0, Sum: 0, Workers: 4
[5389.019s][debug][gc,phases      ] GC(201)     Total                          Min: 0, Avg:  0.0, Max: 0, Diff: 0, Sum: 0, Workers: 4
[5389.019s][debug][gc,phases      ] GC(201)   StringDedup Requests1 Weak     Min:  0.0, Avg:  0.0, Max:  0.0, Diff:  0.0, Sum:  0.0, Workers: 4
[5389.019s][debug][gc,phases      ] GC(201)     Dead                           Min: 0, Avg:  0.0, Max: 0, Diff: 0, Sum: 0, Workers: 4
[5389.019s][debug][gc,phases      ] GC(201)     Total                          Min: 0, Avg:  0.0, Max: 0, Diff: 0, Sum: 0, Workers: 4
[5389.019s][debug][gc,phases      ] GC(201)   Weak JFR Old Object Samples    Min:  0.0, Avg:  0.0, Max:  0.0, Diff:  0.0, Sum:  0.0, Workers: 4
[5389.019s][debug][gc,phases      ] GC(201)     Dead                           Min: 0, Avg:  0.0, Max: 0, Diff: 0, Sum: 0, Workers: 4
[5389.019s][debug][gc,phases      ] GC(201)     Total                          Min: 0, Avg:  0.0, Max: 0, Diff: 0, Sum: 0, Workers: 4
[5389.019s][debug][gc,phases      ] GC(201) Weak Processing 0.425ms
[5389.019s][debug][gc,age         ] GC(201) Desired survivor size 81788928 bytes, new threshold 15 (max threshold 15)
[5389.019s][info ][gc,heap        ] GC(201) PSYoungGen: 1997467K(2022912K)->63739K(2011648K) Eden: 1949184K(1949184K)->0K(1937408K) From: 48283K(73728K)->63739K(74240K)
[5389.019s][info ][gc,heap        ] GC(201) ParOldGen: 504167K(613888K)->504167K(613888K)
[5389.019s][info ][gc,metaspace   ] GC(201) Metaspace: 86865K(88000K)->86865K(88000K) NonClass: 74887K(75456K)->74887K(75456K) Class: 11978K(12544K)->11978K(12544K)
[5389.019s][info ][gc             ] GC(201) Pause Young (Allocation Failure) 2443M->554M(2564M) 24.909ms
[5389.019s][info ][gc,cpu         ] GC(201) User=0.09s Sys=0.00s Real=0.02s
[5389.019s][info ][safepoint      ] Safepoint "ParallelGCFailedAllocation", Time since last: 1958113508 ns, Reaching safepoint: 118602 ns, At safepoint: 25030618 ns, Total: 25149220 ns
[5390.020s][info ][safepoint      ] Safepoint "Cleanup", Time since last: 1000087041 ns, Reaching safepoint: 56301 ns, At safepoint: 12300 ns, Total: 68601 ns
[5392.020s][info ][safepoint      ] Safepoint "Cleanup", Time since last: 2000174719 ns, Reaching safepoint: 57802 ns, At safepoint: 8000 ns, Total: 65802 ns
[5393.020s][info ][safepoint      ] Safepoint "Cleanup", Time since last: 1000114579 ns, Reaching safepoint: 43501 ns, At safepoint: 3000 ns, Total: 46501 ns
[5394.020s][info ][safepoint      ] Safepoint "Cleanup", Time since last: 1000112858 ns, Reaching safepoint: 113003 ns, At safepoint: 14600 ns, Total: 127603 ns
[5395.020s][info ][safepoint      ] Safepoint "Cleanup", Time since last: 1000083837 ns, Reaching safepoint: 59101 ns, At safepoint: 6000 ns, Total: 65101 ns
[5396.021s][info ][safepoint      ] Safepoint "Cleanup", Time since last: 1000095916 ns, Reaching safepoint: 44401 ns, At safepoint: 8301 ns, Total: 52702 ns
[5397.021s][info ][safepoint      ] Safepoint "Cleanup", Time since last: 1000105195 ns, Reaching safepoint: 39101 ns, At safepoint: 8600 ns, Total: 47701 ns
[5401.021s][info ][safepoint      ] Safepoint "Cleanup", Time since last: 4000248371 ns, Reaching safepoint: 45701 ns, At safepoint: 4301 ns, Total: 50002 ns
[5404.021s][info ][safepoint      ] Safepoint "Cleanup", Time since last: 3000209413 ns, Reaching safepoint: 41301 ns, At safepoint: 3500 ns, Total: 44801 ns
[5407.021s][info ][safepoint      ] Safepoint "Cleanup", Time since last: 3000194129 ns, Reaching safepoint: 42501 ns, At safepoint: 2700 ns, Total: 45201 ns
[5408.808s][info ][gc,start       ] GC(202) Pause Young (Allocation Failure)
[5408.827s][debug][gc,phases      ] GC(202) Scavenge 19.048ms
[5408.827s][debug][gc,ref         ] GC(202) Skipped phase 1 of Reference Processing: no references
[5408.827s][debug][gc,ref         ] GC(202) ReferenceProcessor::execute queues: 1, RefProcThreadModel::Single, marks_oops_alive: false
[5408.827s][debug][gc,ref         ] GC(202) Skipped phase 3 of Reference Processing: no references
[5408.827s][debug][gc,ref         ] GC(202) ReferenceProcessor::execute queues: 1, RefProcThreadModel::Single, marks_oops_alive: false
[5408.827s][debug][gc,phases      ] GC(202) Reference Processing 0.152ms
[5408.828s][debug][gc,phases      ] GC(202)   VM Weak                        Min:  0.0, Avg:  0.0, Max:  0.0, Diff:  0.0, Sum:  0.0, Workers: 4
[5408.828s][debug][gc,phases      ] GC(202)     Dead                           Min: 0, Avg:  0.0, Max: 0, Diff: 0, Sum: 0, Workers: 4
[5408.828s][debug][gc,phases      ] GC(202)     Total                          Min: 0, Avg: 161.2, Max: 645, Diff: 645, Sum: 645, Workers: 4
[5408.828s][debug][gc,phases      ] GC(202)   ObjectSynchronizer Weak        Min:  0.0, Avg:  0.0, Max:  0.0, Diff:  0.0, Sum:  0.0, Workers: 4
[5408.828s][debug][gc,phases      ] GC(202)     Dead                           Min: 0, Avg:  0.0, Max: 0, Diff: 0, Sum: 0, Workers: 4
[5408.828s][debug][gc,phases      ] GC(202)     Total                          Min: 0, Avg: 63.0, Max: 188, Diff: 188, Sum: 252, Workers: 4
[5408.828s][debug][gc,phases      ] GC(202)   JVMTI Tag Weak OopStorage      Min:  0.0, Avg:  0.0, Max:  0.0, Diff:  0.0, Sum:  0.0, Workers: 4
[5408.828s][debug][gc,phases      ] GC(202)     Dead                           Min: 0, Avg:  0.0, Max: 0, Diff: 0, Sum: 0, Workers: 4
[5408.828s][debug][gc,phases      ] GC(202)     Total                          Min: 0, Avg:  0.0, Max: 0, Diff: 0, Sum: 0, Workers: 4
[5408.828s][debug][gc,phases      ] GC(202)   StringTable Weak               Min:  0.1, Avg:  0.1, Max:  0.1, Diff:  0.0, Sum:  0.5, Workers: 4
[5408.828s][debug][gc,phases      ] GC(202)     Dead                           Min: 0, Avg:  0.0, Max: 0, Diff: 0, Sum: 0, Workers: 4
[5408.828s][debug][gc,phases      ] GC(202)     Total                          Min: 11072, Avg: 12308.8, Max: 13888, Diff: 2816, Sum: 49235, Workers: 4
[5408.828s][debug][gc,phases      ] GC(202)   ResolvedMethodTable Weak       Min:  0.0, Avg:  0.0, Max:  0.0, Diff:  0.0, Sum:  0.1, Workers: 4
[5408.828s][debug][gc,phases      ] GC(202)     Dead                           Min: 0, Avg:  0.0, Max: 0, Diff: 0, Sum: 0, Workers: 4
[5408.828s][debug][gc,phases      ] GC(202)     Total                          Min: 1983, Avg: 2270.0, Max: 2560, Diff: 577, Sum: 9080, Workers: 4
[5408.828s][debug][gc,phases      ] GC(202)   JNI Weak                       Min:  0.0, Avg:  0.0, Max:  0.0, Diff:  0.0, Sum:  0.0, Workers: 4
[5408.828s][debug][gc,phases      ] GC(202)     Dead                           Min: 0, Avg:  0.0, Max: 0, Diff: 0, Sum: 0, Workers: 4
[5408.828s][debug][gc,phases      ] GC(202)     Total                          Min: 0, Avg:  0.0, Max: 0, Diff: 0, Sum: 0, Workers: 4
[5408.828s][debug][gc,phases      ] GC(202)   StringDedup Table Weak         Min:  0.0, Avg:  0.0, Max:  0.0, Diff:  0.0, Sum:  0.0, Workers: 4
[5408.828s][debug][gc,phases      ] GC(202)     Dead                           Min: 0, Avg:  0.0, Max: 0, Diff: 0, Sum: 0, Workers: 4
[5408.828s][debug][gc,phases      ] GC(202)     Total                          Min: 0, Avg:  0.0, Max: 0, Diff: 0, Sum: 0, Workers: 4
[5408.828s][debug][gc,phases      ] GC(202)   StringDedup Requests0 Weak     Min:  0.0, Avg:  0.0, Max:  0.0, Diff:  0.0, Sum:  0.0, Workers: 4
[5408.828s][debug][gc,phases      ] GC(202)     Dead                           Min: 0, Avg:  0.0, Max: 0, Diff: 0, Sum: 0, Workers: 4
[5408.828s][debug][gc,phases      ] GC(202)     Total                          Min: 0, Avg:  0.0, Max: 0, Diff: 0, Sum: 0, Workers: 4
[5408.828s][debug][gc,phases      ] GC(202)   StringDedup Requests1 Weak     Min:  0.0, Avg:  0.0, Max:  0.0, Diff:  0.0, Sum:  0.0, Workers: 4
[5408.828s][debug][gc,phases      ] GC(202)     Dead                           Min: 0, Avg:  0.0, Max: 0, Diff: 0, Sum: 0, Workers: 4
[5408.828s][debug][gc,phases      ] GC(202)     Total                          Min: 0, Avg:  0.0, Max: 0, Diff: 0, Sum: 0, Workers: 4
[5408.828s][debug][gc,phases      ] GC(202)   Weak JFR Old Object Samples    Min:  0.0, Avg:  0.0, Max:  0.0, Diff:  0.0, Sum:  0.0, Workers: 4
[5408.828s][debug][gc,phases      ] GC(202)     Dead                           Min: 0, Avg:  0.0, Max: 0, Diff: 0, Sum: 0, Workers: 4
[5408.828s][debug][gc,phases      ] GC(202)     Total                          Min: 0, Avg:  0.0, Max: 0, Diff: 0, Sum: 0, Workers: 4
[5408.828s][debug][gc,phases      ] GC(202) Weak Processing 0.414ms
[5408.828s][debug][gc,age         ] GC(202) Desired survivor size 91226112 bytes, new threshold 15 (max threshold 15)
[5408.828s][info ][gc,heap        ] GC(202) PSYoungGen: 2001147K(2011648K)->75643K(2013184K) Eden: 1937408K(1937408K)->0K(1937408K) From: 63739K(74240K)->75643K(75776K)
[5408.828s][info ][gc,heap        ] GC(202) ParOldGen: 504167K(613888K)->504167K(613888K)
[5408.828s][info ][gc,metaspace   ] GC(202) Metaspace: 86901K(88064K)->86901K(88064K) NonClass: 74922K(75520K)->74922K(75520K) Class: 11978K(12544K)->11978K(12544K)
[5408.828s][info ][gc             ] GC(202) Pause Young (Allocation Failure) 2446M->566M(2565M) 19.765ms
[5408.828s][info ][gc,cpu         ] GC(202) User=0.07s Sys=0.00s Real=0.02s
[5408.828s][info ][safepoint      ] Safepoint "ParallelGCFailedAllocation", Time since last: 1786556240 ns, Reaching safepoint: 26701 ns, At safepoint: 19855581 ns, Total: 19882282 ns
[5413.828s][info ][safepoint      ] Safepoint "Cleanup", Time since last: 5000337362 ns, Reaching safepoint: 44101 ns, At safepoint: 3400 ns, Total: 47501 ns
[5415.829s][info ][safepoint      ] Safepoint "Cleanup", Time since last: 2000147844 ns, Reaching safepoint: 45802 ns, At safepoint: 6100 ns, Total: 51902 ns
[5422.829s][info ][safepoint      ] Safepoint "Cleanup", Time since last: 7000487828 ns, Reaching safepoint: 57002 ns, At safepoint: 3400 ns, Total: 60402 ns
[5424.829s][info ][safepoint      ] Safepoint "Cleanup", Time since last: 2000196489 ns, Reaching safepoint: 46701 ns, At safepoint: 3400 ns, Total: 50101 ns
[5425.829s][info ][safepoint      ] Safepoint "Cleanup", Time since last: 1000109215 ns, Reaching safepoint: 42801 ns, At safepoint: 7301 ns, Total: 50102 ns
[5429.830s][info ][safepoint      ] Safepoint "Cleanup", Time since last: 4000290762 ns, Reaching safepoint: 61702 ns, At safepoint: 7300 ns, Total: 69002 ns
[5438.831s][info ][safepoint      ] Safepoint "Cleanup", Time since last: 9000636259 ns, Reaching safepoint: 44501 ns, At safepoint: 8900 ns, Total: 53401 ns
[5444.695s][info ][safepoint      ] Safepoint "Cleanup", Time since last: 5864060870 ns, Reaching safepoint: 119603 ns, At safepoint: 10900 ns, Total: 130503 ns
[5444.717s][info ][gc,start       ] GC(203) Pause Young (Allocation Failure)
[5444.738s][debug][gc,phases      ] GC(203) Scavenge 21.009ms
[5444.738s][debug][gc,ref         ] GC(203) Skipped phase 1 of Reference Processing: no references
[5444.738s][debug][gc,ref         ] GC(203) ReferenceProcessor::execute queues: 1, RefProcThreadModel::Single, marks_oops_alive: false
[5444.738s][debug][gc,ref         ] GC(203) Skipped phase 3 of Reference Processing: no references
[5444.738s][debug][gc,ref         ] GC(203) ReferenceProcessor::execute queues: 1, RefProcThreadModel::Single, marks_oops_alive: false
[5444.738s][debug][gc,phases      ] GC(203) Reference Processing 0.135ms
[5444.738s][debug][gc,phases      ] GC(203)   VM Weak                        Min:  0.0, Avg:  0.0, Max:  0.0, Diff:  0.0, Sum:  0.0, Workers: 4
[5444.738s][debug][gc,phases      ] GC(203)     Dead                           Min: 0, Avg:  0.0, Max: 0, Diff: 0, Sum: 0, Workers: 4
[5444.738s][debug][gc,phases      ] GC(203)     Total                          Min: 0, Avg: 162.2, Max: 405, Diff: 405, Sum: 649, Workers: 4
[5444.738s][debug][gc,phases      ] GC(203)   ObjectSynchronizer Weak        Min:  0.0, Avg:  0.0, Max:  0.0, Diff:  0.0, Sum:  0.0, Workers: 4
[5444.738s][debug][gc,phases      ] GC(203)     Dead                           Min: 0, Avg:  0.0, Max: 0, Diff: 0, Sum: 0, Workers: 4
[5444.738s][debug][gc,phases      ] GC(203)     Total                          Min: 0, Avg: 63.0, Max: 128, Diff: 128, Sum: 252, Workers: 4
[5444.738s][debug][gc,phases      ] GC(203)   JVMTI Tag Weak OopStorage      Min:  0.0, Avg:  0.0, Max:  0.0, Diff:  0.0, Sum:  0.0, Workers: 4
[5444.738s][debug][gc,phases      ] GC(203)     Dead                           Min: 0, Avg:  0.0, Max: 0, Diff: 0, Sum: 0, Workers: 4
[5444.738s][debug][gc,phases      ] GC(203)     Total                          Min: 0, Avg:  0.0, Max: 0, Diff: 0, Sum: 0, Workers: 4
[5444.738s][debug][gc,phases      ] GC(203)   StringTable Weak               Min:  0.1, Avg:  0.1, Max:  0.1, Diff:  0.0, Sum:  0.5, Workers: 4
[5444.738s][debug][gc,phases      ] GC(203)     Dead                           Min: 0, Avg:  0.0, Max: 0, Diff: 0, Sum: 0, Workers: 4
[5444.738s][debug][gc,phases      ] GC(203)     Total                          Min: 11328, Avg: 12309.2, Max: 13333, Diff: 2005, Sum: 49237, Workers: 4
[5444.738s][debug][gc,phases      ] GC(203)   ResolvedMethodTable Weak       Min:  0.0, Avg:  0.0, Max:  0.0, Diff:  0.0, Sum:  0.1, Workers: 4
[5444.738s][debug][gc,phases      ] GC(203)     Dead                           Min: 0, Avg:  0.0, Max: 0, Diff: 0, Sum: 0, Workers: 4
[5444.738s][debug][gc,phases      ] GC(203)     Total                          Min: 2176, Avg: 2272.2, Max: 2368, Diff: 192, Sum: 9089, Workers: 4
[5444.738s][debug][gc,phases      ] GC(203)   JNI Weak                       Min:  0.0, Avg:  0.0, Max:  0.0, Diff:  0.0, Sum:  0.0, Workers: 4
[5444.738s][debug][gc,phases      ] GC(203)     Dead                           Min: 0, Avg:  0.0, Max: 0, Diff: 0, Sum: 0, Workers: 4
[5444.738s][debug][gc,phases      ] GC(203)     Total                          Min: 0, Avg:  0.0, Max: 0, Diff: 0, Sum: 0, Workers: 4
[5444.738s][debug][gc,phases      ] GC(203)   StringDedup Table Weak         Min:  0.0, Avg:  0.0, Max:  0.0, Diff:  0.0, Sum:  0.0, Workers: 4
[5444.738s][debug][gc,phases      ] GC(203)     Dead                           Min: 0, Avg:  0.0, Max: 0, Diff: 0, Sum: 0, Workers: 4
[5444.738s][debug][gc,phases      ] GC(203)     Total                          Min: 0, Avg:  0.0, Max: 0, Diff: 0, Sum: 0, Workers: 4
[5444.738s][debug][gc,phases      ] GC(203)   StringDedup Requests0 Weak     Min:  0.0, Avg:  0.0, Max:  0.0, Diff:  0.0, Sum:  0.0, Workers: 4
[5444.738s][debug][gc,phases      ] GC(203)     Dead                           Min: 0, Avg:  0.0, Max: 0, Diff: 0, Sum: 0, Workers: 4
[5444.738s][debug][gc,phases      ] GC(203)     Total                          Min: 0, Avg:  0.0, Max: 0, Diff: 0, Sum: 0, Workers: 4
[5444.738s][debug][gc,phases      ] GC(203)   StringDedup Requests1 Weak     Min:  0.0, Avg:  0.0, Max:  0.0, Diff:  0.0, Sum:  0.0, Workers: 4
[5444.738s][debug][gc,phases      ] GC(203)     Dead                           Min: 0, Avg:  0.0, Max: 0, Diff: 0, Sum: 0, Workers: 4
[5444.738s][debug][gc,phases      ] GC(203)     Total                          Min: 0, Avg:  0.0, Max: 0, Diff: 0, Sum: 0, Workers: 4
[5444.738s][debug][gc,phases      ] GC(203)   Weak JFR Old Object Samples    Min:  0.0, Avg:  0.0, Max:  0.0, Diff:  0.0, Sum:  0.0, Workers: 4
[5444.738s][debug][gc,phases      ] GC(203)     Dead                           Min: 0, Avg:  0.0, Max: 0, Diff: 0, Sum: 0, Workers: 4
[5444.738s][debug][gc,phases      ] GC(203)     Total                          Min: 0, Avg:  0.0, Max: 0, Diff: 0, Sum: 0, Workers: 4
[5444.738s][debug][gc,phases      ] GC(203) Weak Processing 0.358ms
[5444.738s][debug][gc,age         ] GC(203) Desired survivor size 99614720 bytes, new threshold 15 (max threshold 15)
[5444.738s][info ][gc,heap        ] GC(203) PSYoungGen: 2013051K(2013184K)->77851K(1986560K) Eden: 1937408K(1937408K)->0K(1902592K) From: 75643K(75776K)->77851K(83968K)
[5444.738s][info ][gc,heap        ] GC(203) ParOldGen: 504167K(613888K)->504167K(613888K)
[5444.738s][info ][gc,metaspace   ] GC(203) Metaspace: 86952K(88064K)->86952K(88064K) NonClass: 74970K(75520K)->74970K(75520K) Class: 11981K(12544K)->11981K(12544K)
[5444.738s][info ][gc             ] GC(203) Pause Young (Allocation Failure) 2458M->568M(2539M) 21.661ms
[5444.738s][info ][gc,cpu         ] GC(203) User=0.08s Sys=0.00s Real=0.02s
[5444.738s][info ][safepoint      ] Safepoint "ParallelGCFailedAllocation", Time since last: 21801413 ns, Reaching safepoint: 119503 ns, At safepoint: 21748612 ns, Total: 21868115 ns
[5445.739s][info ][safepoint      ] Safepoint "Cleanup", Time since last: 1000081132 ns, Reaching safepoint: 68302 ns, At safepoint: 9300 ns, Total: 77602 ns
[5449.739s][info ][safepoint      ] Safepoint "Cleanup", Time since last: 4000234740 ns, Reaching safepoint: 47001 ns, At safepoint: 2600 ns, Total: 49601 ns
[5450.739s][info ][safepoint      ] Safepoint "Cleanup", Time since last: 1000086739 ns, Reaching safepoint: 50601 ns, At safepoint: 7000 ns, Total: 57601 ns
[5451.739s][info ][safepoint      ] Safepoint "Cleanup", Time since last: 1000107621 ns, Reaching safepoint: 47001 ns, At safepoint: 5800 ns, Total: 52801 ns
[5453.739s][info ][safepoint      ] Safepoint "Cleanup", Time since last: 2000138984 ns, Reaching safepoint: 40401 ns, At safepoint: 3300 ns, Total: 43701 ns
[5456.740s][info ][safepoint      ] Safepoint "Cleanup", Time since last: 3000225937 ns, Reaching safepoint: 49301 ns, At safepoint: 6700 ns, Total: 56001 ns
[5457.740s][info ][safepoint      ] Safepoint "Cleanup", Time since last: 1000096610 ns, Reaching safepoint: 50601 ns, At safepoint: 13300 ns, Total: 63901 ns
[5461.740s][info ][safepoint      ] Safepoint "Cleanup", Time since last: 4000294652 ns, Reaching safepoint: 44701 ns, At safepoint: 3800 ns, Total: 48501 ns
[5464.740s][info ][safepoint      ] Safepoint "Cleanup", Time since last: 3000222798 ns, Reaching safepoint: 80602 ns, At safepoint: 5800 ns, Total: 86402 ns
[5465.741s][info ][safepoint      ] Safepoint "Cleanup", Time since last: 1000099763 ns, Reaching safepoint: 132003 ns, At safepoint: 7601 ns, Total: 139604 ns
[5466.741s][info ][safepoint      ] Safepoint "Cleanup", Time since last: 1000097645 ns, Reaching safepoint: 43301 ns, At safepoint: 4100 ns, Total: 47401 ns
[5468.006s][info ][gc,start       ] GC(204) Pause Young (Allocation Failure)
[5468.026s][debug][gc,phases      ] GC(204) Scavenge 20.270ms
[5468.027s][debug][gc,ref         ] GC(204) Skipped phase 1 of Reference Processing: no references
[5468.027s][debug][gc,ref         ] GC(204) ReferenceProcessor::execute queues: 1, RefProcThreadModel::Single, marks_oops_alive: false
[5468.027s][debug][gc,ref         ] GC(204) Skipped phase 3 of Reference Processing: no references
[5468.027s][debug][gc,ref         ] GC(204) ReferenceProcessor::execute queues: 1, RefProcThreadModel::Single, marks_oops_alive: false
[5468.027s][debug][gc,phases      ] GC(204) Reference Processing 0.135ms
[5468.027s][debug][gc,phases      ] GC(204)   VM Weak                        Min:  0.0, Avg:  0.0, Max:  0.0, Diff:  0.0, Sum:  0.0, Workers: 4
[5468.027s][debug][gc,phases      ] GC(204)     Dead                           Min: 0, Avg:  0.0, Max: 0, Diff: 0, Sum: 0, Workers: 4
[5468.027s][debug][gc,phases      ] GC(204)     Total                          Min: 0, Avg: 162.2, Max: 309, Diff: 309, Sum: 649, Workers: 4
[5468.027s][debug][gc,phases      ] GC(204)   ObjectSynchronizer Weak        Min:  0.0, Avg:  0.0, Max:  0.0, Diff:  0.0, Sum:  0.0, Workers: 4
[5468.027s][debug][gc,phases      ] GC(204)     Dead                           Min: 0, Avg:  0.0, Max: 0, Diff: 0, Sum: 0, Workers: 4
[5468.027s][debug][gc,phases      ] GC(204)     Total                          Min: 0, Avg: 63.0, Max: 128, Diff: 128, Sum: 252, Workers: 4
[5468.027s][debug][gc,phases      ] GC(204)   JVMTI Tag Weak OopStorage      Min:  0.0, Avg:  0.0, Max:  0.0, Diff:  0.0, Sum:  0.0, Workers: 4
[5468.027s][debug][gc,phases      ] GC(204)     Dead                           Min: 0, Avg:  0.0, Max: 0, Diff: 0, Sum: 0, Workers: 4
[5468.027s][debug][gc,phases      ] GC(204)     Total                          Min: 0, Avg:  0.0, Max: 0, Diff: 0, Sum: 0, Workers: 4
[5468.027s][debug][gc,phases      ] GC(204)   StringTable Weak               Min:  0.1, Avg:  0.1, Max:  0.1, Diff:  0.0, Sum:  0.4, Workers: 4
[5468.027s][debug][gc,phases      ] GC(204)     Dead                           Min: 0, Avg:  0.0, Max: 0, Diff: 0, Sum: 0, Workers: 4
[5468.027s][debug][gc,phases      ] GC(204)     Total                          Min: 11840, Avg: 12309.2, Max: 12928, Diff: 1088, Sum: 49237, Workers: 4
[5468.027s][debug][gc,phases      ] GC(204)   ResolvedMethodTable Weak       Min:  0.0, Avg:  0.0, Max:  0.0, Diff:  0.0, Sum:  0.1, Workers: 4
[5468.027s][debug][gc,phases      ] GC(204)     Dead                           Min: 0, Avg:  0.0, Max: 0, Diff: 0, Sum: 0, Workers: 4
[5468.027s][debug][gc,phases      ] GC(204)     Total                          Min: 1921, Avg: 2272.2, Max: 2496, Diff: 575, Sum: 9089, Workers: 4
[5468.027s][debug][gc,phases      ] GC(204)   JNI Weak                       Min:  0.0, Avg:  0.0, Max:  0.0, Diff:  0.0, Sum:  0.0, Workers: 4
[5468.027s][debug][gc,phases      ] GC(204)     Dead                           Min: 0, Avg:  0.0, Max: 0, Diff: 0, Sum: 0, Workers: 4
[5468.027s][debug][gc,phases      ] GC(204)     Total                          Min: 0, Avg:  0.0, Max: 0, Diff: 0, Sum: 0, Workers: 4
[5468.027s][debug][gc,phases      ] GC(204)   StringDedup Table Weak         Min:  0.0, Avg:  0.0, Max:  0.0, Diff:  0.0, Sum:  0.0, Workers: 4
[5468.027s][debug][gc,phases      ] GC(204)     Dead                           Min: 0, Avg:  0.0, Max: 0, Diff: 0, Sum: 0, Workers: 4
[5468.027s][debug][gc,phases      ] GC(204)     Total                          Min: 0, Avg:  0.0, Max: 0, Diff: 0, Sum: 0, Workers: 4
[5468.027s][debug][gc,phases      ] GC(204)   StringDedup Requests0 Weak     Min:  0.0, Avg:  0.0, Max:  0.0, Diff:  0.0, Sum:  0.0, Workers: 4
[5468.027s][debug][gc,phases      ] GC(204)     Dead                           Min: 0, Avg:  0.0, Max: 0, Diff: 0, Sum: 0, Workers: 4
[5468.027s][debug][gc,phases      ] GC(204)     Total                          Min: 0, Avg:  0.0, Max: 0, Diff: 0, Sum: 0, Workers: 4
[5468.027s][debug][gc,phases      ] GC(204)   StringDedup Requests1 Weak     Min:  0.0, Avg:  0.0, Max:  0.0, Diff:  0.0, Sum:  0.0, Workers: 4
[5468.027s][debug][gc,phases      ] GC(204)     Dead                           Min: 0, Avg:  0.0, Max: 0, Diff: 0, Sum: 0, Workers: 4
[5468.027s][debug][gc,phases      ] GC(204)     Total                          Min: 0, Avg:  0.0, Max: 0, Diff: 0, Sum: 0, Workers: 4
[5468.027s][debug][gc,phases      ] GC(204)   Weak JFR Old Object Samples    Min:  0.0, Avg:  0.0, Max:  0.0, Diff:  0.0, Sum:  0.0, Workers: 4
[5468.027s][debug][gc,phases      ] GC(204)     Dead                           Min: 0, Avg:  0.0, Max: 0, Diff: 0, Sum: 0, Workers: 4
[5468.027s][debug][gc,phases      ] GC(204)     Total                          Min: 0, Avg:  0.0, Max: 0, Diff: 0, Sum: 0, Workers: 4
[5468.027s][debug][gc,phases      ] GC(204) Weak Processing 0.339ms
[5468.027s][debug][gc,age         ] GC(204) Desired survivor size 109576192 bytes, new threshold 15 (max threshold 15)
[5468.027s][info ][gc,heap        ] GC(204) PSYoungGen: 1980443K(1986560K)->87081K(1990144K) Eden: 1902592K(1902592K)->0K(1902592K) From: 77851K(83968K)->87081K(87552K)
[5468.027s][info ][gc,heap        ] GC(204) ParOldGen: 504167K(613888K)->504167K(613888K)
[5468.027s][info ][gc,metaspace   ] GC(204) Metaspace: 86984K(88064K)->86984K(88064K) NonClass: 75002K(75520K)->75002K(75520K) Class: 11981K(12544K)->11981K(12544K)
[5468.027s][info ][gc             ] GC(204) Pause Young (Allocation Failure) 2426M->577M(2543M) 20.883ms
[5468.027s][info ][gc,cpu         ] GC(204) User=0.08s Sys=0.00s Real=0.02s
[5468.027s][info ][safepoint      ] Safepoint "ParallelGCFailedAllocation", Time since last: 1265251256 ns, Reaching safepoint: 97802 ns, At safepoint: 20971585 ns, Total: 21069387 ns
[5472.027s][info ][safepoint      ] Safepoint "Cleanup", Time since last: 4000240605 ns, Reaching safepoint: 48701 ns, At safepoint: 6301 ns, Total: 55002 ns
[5474.028s][info ][safepoint      ] Safepoint "Cleanup", Time since last: 2000176846 ns, Reaching safepoint: 126903 ns, At safepoint: 39401 ns, Total: 166304 ns
[5475.028s][info ][safepoint      ] Safepoint "Cleanup", Time since last: 1000127397 ns, Reaching safepoint: 93102 ns, At safepoint: 9701 ns, Total: 102803 ns
[5475.612s][info ][gc,start       ] GC(205) Pause Young (Allocation Failure)
[5475.637s][debug][gc,phases      ] GC(205) Scavenge 25.681ms
[5475.637s][debug][gc,ref         ] GC(205) Skipped phase 1 of Reference Processing: no references
[5475.637s][debug][gc,ref         ] GC(205) ReferenceProcessor::execute queues: 1, RefProcThreadModel::Single, marks_oops_alive: false
[5475.637s][debug][gc,ref         ] GC(205) Skipped phase 3 of Reference Processing: no references
[5475.637s][debug][gc,ref         ] GC(205) ReferenceProcessor::execute queues: 1, RefProcThreadModel::Single, marks_oops_alive: false
[5475.637s][debug][gc,phases      ] GC(205) Reference Processing 0.153ms
[5475.638s][debug][gc,phases      ] GC(205)   VM Weak                        Min:  0.0, Avg:  0.0, Max:  0.0, Diff:  0.0, Sum:  0.0, Workers: 4
[5475.638s][debug][gc,phases      ] GC(205)     Dead                           Min: 0, Avg:  0.0, Max: 0, Diff: 0, Sum: 0, Workers: 4
[5475.638s][debug][gc,phases      ] GC(205)     Total                          Min: 0, Avg: 162.2, Max: 565, Diff: 565, Sum: 649, Workers: 4
[5475.638s][debug][gc,phases      ] GC(205)   ObjectSynchronizer Weak        Min:  0.0, Avg:  0.0, Max:  0.0, Diff:  0.0, Sum:  0.0, Workers: 4
[5475.638s][debug][gc,phases      ] GC(205)     Dead                           Min: 0, Avg:  0.0, Max: 0, Diff: 0, Sum: 0, Workers: 4
[5475.638s][debug][gc,phases      ] GC(205)     Total                          Min: 0, Avg: 63.0, Max: 128, Diff: 128, Sum: 252, Workers: 4
[5475.638s][debug][gc,phases      ] GC(205)   JVMTI Tag Weak OopStorage      Min:  0.0, Avg:  0.0, Max:  0.0, Diff:  0.0, Sum:  0.0, Workers: 4
[5475.638s][debug][gc,phases      ] GC(205)     Dead                           Min: 0, Avg:  0.0, Max: 0, Diff: 0, Sum: 0, Workers: 4
[5475.638s][debug][gc,phases      ] GC(205)     Total                          Min: 0, Avg:  0.0, Max: 0, Diff: 0, Sum: 0, Workers: 4
[5475.638s][debug][gc,phases      ] GC(205)   StringTable Weak               Min:  0.1, Avg:  0.1, Max:  0.1, Diff:  0.0, Sum:  0.5, Workers: 4
[5475.638s][debug][gc,phases      ] GC(205)     Dead                           Min: 0, Avg:  0.0, Max: 0, Diff: 0, Sum: 0, Workers: 4
[5475.638s][debug][gc,phases      ] GC(205)     Total                          Min: 5696, Avg: 12309.5, Max: 15488, Diff: 9792, Sum: 49238, Workers: 4
[5475.638s][debug][gc,phases      ] GC(205)   ResolvedMethodTable Weak       Min:  0.0, Avg:  0.0, Max:  0.0, Diff:  0.0, Sum:  0.1, Workers: 4
[5475.638s][debug][gc,phases      ] GC(205)     Dead                           Min: 0, Avg:  0.0, Max: 0, Diff: 0, Sum: 0, Workers: 4
[5475.638s][debug][gc,phases      ] GC(205)     Total                          Min: 2176, Avg: 2272.2, Max: 2496, Diff: 320, Sum: 9089, Workers: 4
[5475.638s][debug][gc,phases      ] GC(205)   JNI Weak                       Min:  0.0, Avg:  0.0, Max:  0.0, Diff:  0.0, Sum:  0.0, Workers: 4
[5475.638s][debug][gc,phases      ] GC(205)     Dead                           Min: 0, Avg:  0.0, Max: 0, Diff: 0, Sum: 0, Workers: 4
[5475.638s][debug][gc,phases      ] GC(205)     Total                          Min: 0, Avg:  0.0, Max: 0, Diff: 0, Sum: 0, Workers: 4
[5475.638s][debug][gc,phases      ] GC(205)   StringDedup Table Weak         Min:  0.0, Avg:  0.0, Max:  0.0, Diff:  0.0, Sum:  0.0, Workers: 4
[5475.638s][debug][gc,phases      ] GC(205)     Dead                           Min: 0, Avg:  0.0, Max: 0, Diff: 0, Sum: 0, Workers: 4
[5475.638s][debug][gc,phases      ] GC(205)     Total                          Min: 0, Avg:  0.0, Max: 0, Diff: 0, Sum: 0, Workers: 4
[5475.638s][debug][gc,phases      ] GC(205)   StringDedup Requests0 Weak     Min:  0.0, Avg:  0.0, Max:  0.0, Diff:  0.0, Sum:  0.0, Workers: 4
[5475.638s][debug][gc,phases      ] GC(205)     Dead                           Min: 0, Avg:  0.0, Max: 0, Diff: 0, Sum: 0, Workers: 4
[5475.638s][debug][gc,phases      ] GC(205)     Total                          Min: 0, Avg:  0.0, Max: 0, Diff: 0, Sum: 0, Workers: 4
[5475.638s][debug][gc,phases      ] GC(205)   StringDedup Requests1 Weak     Min:  0.0, Avg:  0.0, Max:  0.0, Diff:  0.0, Sum:  0.0, Workers: 4
[5475.638s][debug][gc,phases      ] GC(205)     Dead                           Min: 0, Avg:  0.0, Max: 0, Diff: 0, Sum: 0, Workers: 4
[5475.638s][debug][gc,phases      ] GC(205)     Total                          Min: 0, Avg:  0.0, Max: 0, Diff: 0, Sum: 0, Workers: 4
[5475.638s][debug][gc,phases      ] GC(205)   Weak JFR Old Object Samples    Min:  0.0, Avg:  0.0, Max:  0.0, Diff:  0.0, Sum:  0.0, Workers: 4
[5475.638s][debug][gc,phases      ] GC(205)     Dead                           Min: 0, Avg:  0.0, Max: 0, Diff: 0, Sum: 0, Workers: 4
[5475.638s][debug][gc,phases      ] GC(205)     Total                          Min: 0, Avg:  0.0, Max: 0, Diff: 0, Sum: 0, Workers: 4
[5475.638s][debug][gc,phases      ] GC(205) Weak Processing 0.367ms
[5475.638s][debug][gc,age         ] GC(205) Desired survivor size 122683392 bytes, new threshold 15 (max threshold 15)
[5475.638s][info ][gc,heap        ] GC(205) PSYoungGen: 1989673K(1990144K)->102096K(1964544K) Eden: 1902592K(1902592K)->0K(1857536K) From: 87081K(87552K)->102096K(107008K)
[5475.638s][info ][gc,heap        ] GC(205) ParOldGen: 504167K(613888K)->504167K(613888K)
[5475.638s][info ][gc,metaspace   ] GC(205) Metaspace: 87003K(88064K)->87003K(88064K) NonClass: 75021K(75520K)->75021K(75520K) Class: 11982K(12544K)->11982K(12544K)
[5475.638s][info ][gc             ] GC(205) Pause Young (Allocation Failure) 2435M->592M(2518M) 26.339ms
[5475.638s][info ][gc,cpu         ] GC(205) User=0.11s Sys=0.00s Real=0.02s
[5475.638s][info ][safepoint      ] Safepoint "ParallelGCFailedAllocation", Time since last: 583427407 ns, Reaching safepoint: 125703 ns, At safepoint: 26446007 ns, Total: 26571710 ns
[5476.638s][info ][safepoint      ] Safepoint "Cleanup", Time since last: 1000090068 ns, Reaching safepoint: 47701 ns, At safepoint: 9100 ns, Total: 56801 ns
[5478.638s][info ][safepoint      ] Safepoint "Cleanup", Time since last: 2000181583 ns, Reaching safepoint: 53101 ns, At safepoint: 7501 ns, Total: 60602 ns
[5481.639s][info ][safepoint      ] Safepoint "Cleanup", Time since last: 3000224191 ns, Reaching safepoint: 57201 ns, At safepoint: 10400 ns, Total: 67601 ns
[5483.639s][info ][safepoint      ] Safepoint "Cleanup", Time since last: 2000182407 ns, Reaching safepoint: 58801 ns, At safepoint: 9901 ns, Total: 68702 ns
[5486.639s][info ][safepoint      ] Safepoint "Cleanup", Time since last: 3000224928 ns, Reaching safepoint: 48501 ns, At safepoint: 4000 ns, Total: 52501 ns
[5490.419s][info ][gc,start       ] GC(206) Pause Young (Allocation Failure)
[5490.442s][debug][gc,phases      ] GC(206) Scavenge 23.343ms
[5490.442s][debug][gc,ref         ] GC(206) Skipped phase 1 of Reference Processing: no references
[5490.442s][debug][gc,ref         ] GC(206) ReferenceProcessor::execute queues: 1, RefProcThreadModel::Single, marks_oops_alive: false
[5490.443s][debug][gc,ref         ] GC(206) Skipped phase 3 of Reference Processing: no references
[5490.443s][debug][gc,ref         ] GC(206) ReferenceProcessor::execute queues: 1, RefProcThreadModel::Single, marks_oops_alive: false
[5490.443s][debug][gc,phases      ] GC(206) Reference Processing 0.141ms
[5490.443s][debug][gc,phases      ] GC(206)   VM Weak                        Min:  0.0, Avg:  0.0, Max:  0.0, Diff:  0.0, Sum:  0.0, Workers: 4
[5490.443s][debug][gc,phases      ] GC(206)     Dead                           Min: 0, Avg:  0.0, Max: 0, Diff: 0, Sum: 0, Workers: 4
[5490.443s][debug][gc,phases      ] GC(206)     Total                          Min: 0, Avg: 162.2, Max: 355, Diff: 355, Sum: 649, Workers: 4
[5490.443s][debug][gc,phases      ] GC(206)   ObjectSynchronizer Weak        Min:  0.0, Avg:  0.0, Max:  0.0, Diff:  0.0, Sum:  0.0, Workers: 4
[5490.443s][debug][gc,phases      ] GC(206)     Dead                           Min: 0, Avg:  0.0, Max: 0, Diff: 0, Sum: 0, Workers: 4
[5490.443s][debug][gc,phases      ] GC(206)     Total                          Min: 0, Avg: 63.0, Max: 128, Diff: 128, Sum: 252, Workers: 4
[5490.443s][debug][gc,phases      ] GC(206)   JVMTI Tag Weak OopStorage      Min:  0.0, Avg:  0.0, Max:  0.0, Diff:  0.0, Sum:  0.0, Workers: 4
[5490.443s][debug][gc,phases      ] GC(206)     Dead                           Min: 0, Avg:  0.0, Max: 0, Diff: 0, Sum: 0, Workers: 4
[5490.443s][debug][gc,phases      ] GC(206)     Total                          Min: 0, Avg:  0.0, Max: 0, Diff: 0, Sum: 0, Workers: 4
[5490.443s][debug][gc,phases      ] GC(206)   StringTable Weak               Min:  0.1, Avg:  0.1, Max:  0.1, Diff:  0.0, Sum:  0.4, Workers: 4
[5490.443s][debug][gc,phases      ] GC(206)     Dead                           Min: 0, Avg:  0.0, Max: 0, Diff: 0, Sum: 0, Workers: 4
[5490.443s][debug][gc,phases      ] GC(206)     Total                          Min: 11648, Avg: 12309.5, Max: 12928, Diff: 1280, Sum: 49238, Workers: 4
[5490.443s][debug][gc,phases      ] GC(206)   ResolvedMethodTable Weak       Min:  0.0, Avg:  0.0, Max:  0.0, Diff:  0.0, Sum:  0.1, Workers: 4
[5490.443s][debug][gc,phases      ] GC(206)     Dead                           Min: 0, Avg:  0.0, Max: 0, Diff: 0, Sum: 0, Workers: 4
[5490.443s][debug][gc,phases      ] GC(206)     Total                          Min: 2113, Avg: 2272.2, Max: 2432, Diff: 319, Sum: 9089, Workers: 4
[5490.443s][debug][gc,phases      ] GC(206)   JNI Weak                       Min:  0.0, Avg:  0.0, Max:  0.0, Diff:  0.0, Sum:  0.0, Workers: 4
[5490.443s][debug][gc,phases      ] GC(206)     Dead                           Min: 0, Avg:  0.0, Max: 0, Diff: 0, Sum: 0, Workers: 4
[5490.443s][debug][gc,phases      ] GC(206)     Total                          Min: 0, Avg:  0.2, Max: 1, Diff: 1, Sum: 1, Workers: 4
[5490.443s][debug][gc,phases      ] GC(206)   StringDedup Table Weak         Min:  0.0, Avg:  0.0, Max:  0.0, Diff:  0.0, Sum:  0.0, Workers: 4
[5490.443s][debug][gc,phases      ] GC(206)     Dead                           Min: 0, Avg:  0.0, Max: 0, Diff: 0, Sum: 0, Workers: 4
[5490.443s][debug][gc,phases      ] GC(206)     Total                          Min: 0, Avg:  0.0, Max: 0, Diff: 0, Sum: 0, Workers: 4
[5490.443s][debug][gc,phases      ] GC(206)   StringDedup Requests0 Weak     Min:  0.0, Avg:  0.0, Max:  0.0, Diff:  0.0, Sum:  0.0, Workers: 4
[5490.443s][debug][gc,phases      ] GC(206)     Dead                           Min: 0, Avg:  0.0, Max: 0, Diff: 0, Sum: 0, Workers: 4
[5490.443s][debug][gc,phases      ] GC(206)     Total                          Min: 0, Avg:  0.0, Max: 0, Diff: 0, Sum: 0, Workers: 4
[5490.443s][debug][gc,phases      ] GC(206)   StringDedup Requests1 Weak     Min:  0.0, Avg:  0.0, Max:  0.0, Diff:  0.0, Sum:  0.0, Workers: 4
[5490.443s][debug][gc,phases      ] GC(206)     Dead                           Min: 0, Avg:  0.0, Max: 0, Diff: 0, Sum: 0, Workers: 4
[5490.443s][debug][gc,phases      ] GC(206)     Total                          Min: 0, Avg:  0.0, Max: 0, Diff: 0, Sum: 0, Workers: 4
[5490.443s][debug][gc,phases      ] GC(206)   Weak JFR Old Object Samples    Min:  0.0, Avg:  0.0, Max:  0.0, Diff:  0.0, Sum:  0.0, Workers: 4
[5490.443s][debug][gc,phases      ] GC(206)     Dead                           Min: 0, Avg:  0.0, Max: 0, Diff: 0, Sum: 0, Workers: 4
[5490.443s][debug][gc,phases      ] GC(206)     Total                          Min: 0, Avg:  0.0, Max: 0, Diff: 0, Sum: 0, Workers: 4
[5490.443s][debug][gc,phases      ] GC(206) Weak Processing 0.335ms
[5490.443s][debug][gc,age         ] GC(206) Desired survivor size 136314880 bytes, new threshold 15 (max threshold 15)
[5490.443s][info ][gc,heap        ] GC(206) PSYoungGen: 1959632K(1964544K)->108585K(1966592K) Eden: 1857536K(1857536K)->0K(1857536K) From: 102096K(107008K)->108585K(109056K)
[5490.443s][info ][gc,heap        ] GC(206) ParOldGen: 504167K(613888K)->504167K(613888K)
[5490.443s][info ][gc,metaspace   ] GC(206) Metaspace: 87011K(88064K)->87011K(88064K) NonClass: 75029K(75520K)->75029K(75520K) Class: 11982K(12544K)->11982K(12544K)
[5490.443s][info ][gc             ] GC(206) Pause Young (Allocation Failure) 2406M->598M(2520M) 23.971ms
[5490.443s][info ][gc,cpu         ] GC(206) User=0.09s Sys=0.00s Real=0.03s
[5490.443s][info ][safepoint      ] Safepoint "ParallelGCFailedAllocation", Time since last: 3779685385 ns, Reaching safepoint: 40401 ns, At safepoint: 24061746 ns, Total: 24102147 ns
[5491.443s][info ][safepoint      ] Safepoint "Cleanup", Time since last: 1000090810 ns, Reaching safepoint: 119102 ns, At safepoint: 12001 ns, Total: 131103 ns
[5505.444s][info ][safepoint      ] Safepoint "Cleanup", Time since last: 14000923031 ns, Reaching safepoint: 42700 ns, At safepoint: 5901 ns, Total: 48601 ns
[5506.444s][info ][safepoint      ] Safepoint "Cleanup", Time since last: 1000120255 ns, Reaching safepoint: 41001 ns, At safepoint: 3800 ns, Total: 44801 ns
[5514.655s][info ][gc,start       ] GC(207) Pause Young (Allocation Failure)
[5514.684s][debug][gc,phases      ] GC(207) Scavenge 28.785ms
[5514.684s][debug][gc,ref         ] GC(207) Skipped phase 1 of Reference Processing: no references
[5514.684s][debug][gc,ref         ] GC(207) ReferenceProcessor::execute queues: 1, RefProcThreadModel::Single, marks_oops_alive: false
[5514.684s][debug][gc,ref         ] GC(207) Skipped phase 3 of Reference Processing: no references
[5514.684s][debug][gc,ref         ] GC(207) ReferenceProcessor::execute queues: 1, RefProcThreadModel::Single, marks_oops_alive: false
[5514.684s][debug][gc,phases      ] GC(207) Reference Processing 0.191ms
[5514.685s][debug][gc,phases      ] GC(207)   VM Weak                        Min:  0.0, Avg:  0.0, Max:  0.0, Diff:  0.0, Sum:  0.0, Workers: 4
[5514.685s][debug][gc,phases      ] GC(207)     Dead                           Min: 0, Avg:  0.0, Max: 0, Diff: 0, Sum: 0, Workers: 4
[5514.685s][debug][gc,phases      ] GC(207)     Total                          Min: 0, Avg: 162.2, Max: 375, Diff: 375, Sum: 649, Workers: 4
[5514.685s][debug][gc,phases      ] GC(207)   ObjectSynchronizer Weak        Min:  0.0, Avg:  0.0, Max:  0.0, Diff:  0.0, Sum:  0.0, Workers: 4
[5514.685s][debug][gc,phases      ] GC(207)     Dead                           Min: 0, Avg:  0.0, Max: 0, Diff: 0, Sum: 0, Workers: 4
[5514.685s][debug][gc,phases      ] GC(207)     Total                          Min: 0, Avg: 63.0, Max: 128, Diff: 128, Sum: 252, Workers: 4
[5514.685s][debug][gc,phases      ] GC(207)   JVMTI Tag Weak OopStorage      Min:  0.0, Avg:  0.0, Max:  0.0, Diff:  0.0, Sum:  0.0, Workers: 4
[5514.685s][debug][gc,phases      ] GC(207)     Dead                           Min: 0, Avg:  0.0, Max: 0, Diff: 0, Sum: 0, Workers: 4
[5514.685s][debug][gc,phases      ] GC(207)     Total                          Min: 0, Avg:  0.0, Max: 0, Diff: 0, Sum: 0, Workers: 4
[5514.685s][debug][gc,phases      ] GC(207)   StringTable Weak               Min:  0.2, Avg:  0.2, Max:  0.2, Diff:  0.0, Sum:  0.6, Workers: 4
[5514.685s][debug][gc,phases      ] GC(207)     Dead                           Min: 0, Avg:  0.0, Max: 0, Diff: 0, Sum: 0, Workers: 4
[5514.685s][debug][gc,phases      ] GC(207)     Total                          Min: 11648, Avg: 12312.2, Max: 12800, Diff: 1152, Sum: 49249, Workers: 4
[5514.685s][debug][gc,phases      ] GC(207)   ResolvedMethodTable Weak       Min:  0.0, Avg:  0.0, Max:  0.0, Diff:  0.0, Sum:  0.1, Workers: 4
[5514.685s][debug][gc,phases      ] GC(207)     Dead                           Min: 0, Avg:  0.0, Max: 0, Diff: 0, Sum: 0, Workers: 4
[5514.685s][debug][gc,phases      ] GC(207)     Total                          Min: 2113, Avg: 2272.2, Max: 2496, Diff: 383, Sum: 9089, Workers: 4
[5514.685s][debug][gc,phases      ] GC(207)   JNI Weak                       Min:  0.0, Avg:  0.0, Max:  0.0, Diff:  0.0, Sum:  0.0, Workers: 4
[5514.685s][debug][gc,phases      ] GC(207)     Dead                           Min: 0, Avg:  0.0, Max: 0, Diff: 0, Sum: 0, Workers: 4
[5514.685s][debug][gc,phases      ] GC(207)     Total                          Min: 0, Avg:  0.0, Max: 0, Diff: 0, Sum: 0, Workers: 4
[5514.685s][debug][gc,phases      ] GC(207)   StringDedup Table Weak         Min:  0.0, Avg:  0.0, Max:  0.0, Diff:  0.0, Sum:  0.0, Workers: 4
[5514.685s][debug][gc,phases      ] GC(207)     Dead                           Min: 0, Avg:  0.0, Max: 0, Diff: 0, Sum: 0, Workers: 4
[5514.685s][debug][gc,phases      ] GC(207)     Total                          Min: 0, Avg:  0.0, Max: 0, Diff: 0, Sum: 0, Workers: 4
[5514.685s][debug][gc,phases      ] GC(207)   StringDedup Requests0 Weak     Min:  0.0, Avg:  0.0, Max:  0.0, Diff:  0.0, Sum:  0.0, Workers: 4
[5514.685s][debug][gc,phases      ] GC(207)     Dead                           Min: 0, Avg:  0.0, Max: 0, Diff: 0, Sum: 0, Workers: 4
[5514.685s][debug][gc,phases      ] GC(207)     Total                          Min: 0, Avg:  0.0, Max: 0, Diff: 0, Sum: 0, Workers: 4
[5514.685s][debug][gc,phases      ] GC(207)   StringDedup Requests1 Weak     Min:  0.0, Avg:  0.0, Max:  0.0, Diff:  0.0, Sum:  0.0, Workers: 4
[5514.685s][debug][gc,phases      ] GC(207)     Dead                           Min: 0, Avg:  0.0, Max: 0, Diff: 0, Sum: 0, Workers: 4
[5514.685s][debug][gc,phases      ] GC(207)     Total                          Min: 0, Avg:  0.0, Max: 0, Diff: 0, Sum: 0, Workers: 4
[5514.685s][debug][gc,phases      ] GC(207)   Weak JFR Old Object Samples    Min:  0.0, Avg:  0.0, Max:  0.0, Diff:  0.0, Sum:  0.0, Workers: 4
[5514.685s][debug][gc,phases      ] GC(207)     Dead                           Min: 0, Avg:  0.0, Max: 0, Diff: 0, Sum: 0, Workers: 4
[5514.685s][debug][gc,phases      ] GC(207)     Total                          Min: 0, Avg:  0.0, Max: 0, Diff: 0, Sum: 0, Workers: 4
[5514.685s][debug][gc,phases      ] GC(207) Weak Processing 0.422ms
[5514.685s][debug][gc,age         ] GC(207) Desired survivor size 146800640 bytes, new threshold 15 (max threshold 15)
[5514.685s][info ][gc,heap        ] GC(207) PSYoungGen: 1966121K(1966592K)->108616K(1940992K) Eden: 1857536K(1857536K)->0K(1810432K) From: 108585K(109056K)->108616K(130560K)
[5514.685s][info ][gc,heap        ] GC(207) ParOldGen: 504167K(613888K)->504167K(613888K)
[5514.685s][info ][gc,metaspace   ] GC(207) Metaspace: 87030K(88064K)->87030K(88064K) NonClass: 75047K(75520K)->75047K(75520K) Class: 11982K(12544K)->11982K(12544K)
[5514.685s][info ][gc             ] GC(207) Pause Young (Allocation Failure) 2412M->598M(2495M) 29.571ms
[5514.685s][info ][gc,cpu         ] GC(207) User=0.12s Sys=0.00s Real=0.03s
[5514.685s][info ][safepoint      ] Safepoint "ParallelGCFailedAllocation", Time since last: 8210850026 ns, Reaching safepoint: 111402 ns, At safepoint: 29676862 ns, Total: 29788264 ns
[5522.686s][info ][safepoint      ] Safepoint "Cleanup", Time since last: 8000520251 ns, Reaching safepoint: 48001 ns, At safepoint: 3100 ns, Total: 51101 ns
[5534.686s][info ][safepoint      ] Safepoint "Cleanup", Time since last: 12000802288 ns, Reaching safepoint: 60802 ns, At safepoint: 12300 ns, Total: 73102 ns
[5539.687s][info ][safepoint      ] Safepoint "Cleanup", Time since last: 5000364238 ns, Reaching safepoint: 28800 ns, At safepoint: 3200 ns, Total: 32000 ns
[5552.688s][info ][safepoint      ] Safepoint "Cleanup", Time since last: 13000808292 ns, Reaching safepoint: 50002 ns, At safepoint: 7300 ns, Total: 57302 ns
[5559.688s][info ][safepoint      ] Safepoint "Cleanup", Time since last: 7000440377 ns, Reaching safepoint: 42801 ns, At safepoint: 3500 ns, Total: 46301 ns
[5560.083s][info ][gc,start       ] GC(208) Pause Young (Allocation Failure)
[5560.104s][debug][gc,phases      ] GC(208) Scavenge 20.633ms
[5560.104s][debug][gc,ref         ] GC(208) Skipped phase 1 of Reference Processing: no references
[5560.104s][debug][gc,ref         ] GC(208) ReferenceProcessor::execute queues: 1, RefProcThreadModel::Single, marks_oops_alive: false
[5560.104s][debug][gc,ref         ] GC(208) Skipped phase 3 of Reference Processing: no references
[5560.104s][debug][gc,ref         ] GC(208) ReferenceProcessor::execute queues: 1, RefProcThreadModel::Single, marks_oops_alive: false
[5560.104s][debug][gc,phases      ] GC(208) Reference Processing 0.135ms
[5560.104s][debug][gc,phases      ] GC(208)   VM Weak                        Min:  0.0, Avg:  0.0, Max:  0.0, Diff:  0.0, Sum:  0.0, Workers: 4
[5560.104s][debug][gc,phases      ] GC(208)     Dead                           Min: 0, Avg:  0.0, Max: 0, Diff: 0, Sum: 0, Workers: 4
[5560.104s][debug][gc,phases      ] GC(208)     Total                          Min: 0, Avg: 162.2, Max: 649, Diff: 649, Sum: 649, Workers: 4
[5560.104s][debug][gc,phases      ] GC(208)   ObjectSynchronizer Weak        Min:  0.0, Avg:  0.0, Max:  0.0, Diff:  0.0, Sum:  0.0, Workers: 4
[5560.104s][debug][gc,phases      ] GC(208)     Dead                           Min: 0, Avg:  0.0, Max: 0, Diff: 0, Sum: 0, Workers: 4
[5560.104s][debug][gc,phases      ] GC(208)     Total                          Min: 0, Avg: 63.0, Max: 128, Diff: 128, Sum: 252, Workers: 4
[5560.104s][debug][gc,phases      ] GC(208)   JVMTI Tag Weak OopStorage      Min:  0.0, Avg:  0.0, Max:  0.0, Diff:  0.0, Sum:  0.0, Workers: 4
[5560.104s][debug][gc,phases      ] GC(208)     Dead                           Min: 0, Avg:  0.0, Max: 0, Diff: 0, Sum: 0, Workers: 4
[5560.104s][debug][gc,phases      ] GC(208)     Total                          Min: 0, Avg:  0.0, Max: 0, Diff: 0, Sum: 0, Workers: 4
[5560.104s][debug][gc,phases      ] GC(208)   StringTable Weak               Min:  0.1, Avg:  0.1, Max:  0.1, Diff:  0.0, Sum:  0.4, Workers: 4
[5560.104s][debug][gc,phases      ] GC(208)     Dead                           Min: 0, Avg:  0.2, Max: 1, Diff: 1, Sum: 1, Workers: 4
[5560.104s][debug][gc,phases      ] GC(208)     Total                          Min: 12025, Avg: 12312.2, Max: 12522, Diff: 497, Sum: 49249, Workers: 4
[5560.104s][debug][gc,phases      ] GC(208)   ResolvedMethodTable Weak       Min:  0.0, Avg:  0.0, Max:  0.0, Diff:  0.0, Sum:  0.1, Workers: 4
[5560.104s][debug][gc,phases      ] GC(208)     Dead                           Min: 0, Avg:  0.0, Max: 0, Diff: 0, Sum: 0, Workers: 4
[5560.104s][debug][gc,phases      ] GC(208)     Total                          Min: 2176, Avg: 2272.5, Max: 2368, Diff: 192, Sum: 9090, Workers: 4
[5560.104s][debug][gc,phases      ] GC(208)   JNI Weak                       Min:  0.0, Avg:  0.0, Max:  0.0, Diff:  0.0, Sum:  0.0, Workers: 4
[5560.104s][debug][gc,phases      ] GC(208)     Dead                           Min: 0, Avg:  0.0, Max: 0, Diff: 0, Sum: 0, Workers: 4
[5560.104s][debug][gc,phases      ] GC(208)     Total                          Min: 0, Avg:  0.0, Max: 0, Diff: 0, Sum: 0, Workers: 4
[5560.104s][debug][gc,phases      ] GC(208)   StringDedup Table Weak         Min:  0.0, Avg:  0.0, Max:  0.0, Diff:  0.0, Sum:  0.0, Workers: 4
[5560.104s][debug][gc,phases      ] GC(208)     Dead                           Min: 0, Avg:  0.0, Max: 0, Diff: 0, Sum: 0, Workers: 4
[5560.104s][debug][gc,phases      ] GC(208)     Total                          Min: 0, Avg:  0.0, Max: 0, Diff: 0, Sum: 0, Workers: 4
[5560.104s][debug][gc,phases      ] GC(208)   StringDedup Requests0 Weak     Min:  0.0, Avg:  0.0, Max:  0.0, Diff:  0.0, Sum:  0.0, Workers: 4
[5560.104s][debug][gc,phases      ] GC(208)     Dead                           Min: 0, Avg:  0.0, Max: 0, Diff: 0, Sum: 0, Workers: 4
[5560.104s][debug][gc,phases      ] GC(208)     Total                          Min: 0, Avg:  0.0, Max: 0, Diff: 0, Sum: 0, Workers: 4
[5560.104s][debug][gc,phases      ] GC(208)   StringDedup Requests1 Weak     Min:  0.0, Avg:  0.0, Max:  0.0, Diff:  0.0, Sum:  0.0, Workers: 4
[5560.104s][debug][gc,phases      ] GC(208)     Dead                           Min: 0, Avg:  0.0, Max: 0, Diff: 0, Sum: 0, Workers: 4
[5560.104s][debug][gc,phases      ] GC(208)     Total                          Min: 0, Avg:  0.0, Max: 0, Diff: 0, Sum: 0, Workers: 4
[5560.104s][debug][gc,phases      ] GC(208)   Weak JFR Old Object Samples    Min:  0.0, Avg:  0.0, Max:  0.0, Diff:  0.0, Sum:  0.0, Workers: 4
[5560.104s][debug][gc,phases      ] GC(208)     Dead                           Min: 0, Avg:  0.0, Max: 0, Diff: 0, Sum: 0, Workers: 4
[5560.104s][debug][gc,phases      ] GC(208)     Total                          Min: 0, Avg:  0.0, Max: 0, Diff: 0, Sum: 0, Workers: 4
[5560.104s][debug][gc,phases      ] GC(208) Weak Processing 0.335ms
[5560.104s][debug][gc,age         ] GC(208) Desired survivor size 153092096 bytes, new threshold 15 (max threshold 15)
[5560.104s][info ][gc,heap        ] GC(208) PSYoungGen: 1919048K(1940992K)->104427K(1914880K) Eden: 1810432K(1810432K)->0K(1810432K) From: 108616K(130560K)->104427K(104448K)
[5560.104s][info ][gc,heap        ] GC(208) ParOldGen: 504167K(613888K)->504167K(613888K)
[5560.104s][info ][gc,metaspace   ] GC(208) Metaspace: 87034K(88064K)->87034K(88064K) NonClass: 75051K(75520K)->75051K(75520K) Class: 11983K(12544K)->11983K(12544K)
[5560.104s][info ][gc             ] GC(208) Pause Young (Allocation Failure) 2366M->594M(2469M) 21.247ms
[5560.104s][info ][gc,cpu         ] GC(208) User=0.09s Sys=0.00s Real=0.02s
[5560.104s][info ][safepoint      ] Safepoint "ParallelGCFailedAllocation", Time since last: 394750026 ns, Reaching safepoint: 24200 ns, At safepoint: 21345661 ns, Total: 21369861 ns
[5564.105s][info ][safepoint      ] Safepoint "Cleanup", Time since last: 4000332661 ns, Reaching safepoint: 152903 ns, At safepoint: 14200 ns, Total: 167103 ns
[5565.307s][info ][safepoint      ] Safepoint "Cleanup", Time since last: 1201916972 ns, Reaching safepoint: 118402 ns, At safepoint: 10100 ns, Total: 128502 ns
[5568.176s][info ][gc,start       ] GC(209) Pause Young (Allocation Failure)
[5568.207s][debug][gc,phases      ] GC(209) Scavenge 30.619ms
[5568.207s][debug][gc,ref         ] GC(209) Skipped phase 1 of Reference Processing: no references
[5568.207s][debug][gc,ref         ] GC(209) ReferenceProcessor::execute queues: 1, RefProcThreadModel::Single, marks_oops_alive: false
[5568.207s][debug][gc,ref         ] GC(209) Skipped phase 3 of Reference Processing: no references
[5568.207s][debug][gc,ref         ] GC(209) ReferenceProcessor::execute queues: 1, RefProcThreadModel::Single, marks_oops_alive: false
[5568.207s][debug][gc,phases      ] GC(209) Reference Processing 0.136ms
[5568.207s][debug][gc,phases      ] GC(209)   VM Weak                        Min:  0.0, Avg:  0.0, Max:  0.0, Diff:  0.0, Sum:  0.0, Workers: 4
[5568.207s][debug][gc,phases      ] GC(209)     Dead                           Min: 0, Avg:  0.0, Max: 0, Diff: 0, Sum: 0, Workers: 4
[5568.207s][debug][gc,phases      ] GC(209)     Total                          Min: 0, Avg: 162.2, Max: 585, Diff: 585, Sum: 649, Workers: 4
[5568.207s][debug][gc,phases      ] GC(209)   ObjectSynchronizer Weak        Min:  0.0, Avg:  0.0, Max:  0.0, Diff:  0.0, Sum:  0.0, Workers: 4
[5568.207s][debug][gc,phases      ] GC(209)     Dead                           Min: 0, Avg:  0.0, Max: 0, Diff: 0, Sum: 0, Workers: 4
[5568.207s][debug][gc,phases      ] GC(209)     Total                          Min: 0, Avg: 63.0, Max: 188, Diff: 188, Sum: 252, Workers: 4
[5568.207s][debug][gc,phases      ] GC(209)   JVMTI Tag Weak OopStorage      Min:  0.0, Avg:  0.0, Max:  0.0, Diff:  0.0, Sum:  0.0, Workers: 4
[5568.207s][debug][gc,phases      ] GC(209)     Dead                           Min: 0, Avg:  0.0, Max: 0, Diff: 0, Sum: 0, Workers: 4
[5568.207s][debug][gc,phases      ] GC(209)     Total                          Min: 0, Avg:  0.0, Max: 0, Diff: 0, Sum: 0, Workers: 4
[5568.207s][debug][gc,phases      ] GC(209)   StringTable Weak               Min:  0.1, Avg:  0.1, Max:  0.1, Diff:  0.0, Sum:  0.4, Workers: 4
[5568.207s][debug][gc,phases      ] GC(209)     Dead                           Min: 0, Avg:  0.5, Max: 2, Diff: 2, Sum: 2, Workers: 4
[5568.207s][debug][gc,phases      ] GC(209)     Total                          Min: 11712, Avg: 12315.0, Max: 12800, Diff: 1088, Sum: 49260, Workers: 4
[5568.207s][debug][gc,phases      ] GC(209)   ResolvedMethodTable Weak       Min:  0.0, Avg:  0.0, Max:  0.0, Diff:  0.0, Sum:  0.1, Workers: 4
[5568.207s][debug][gc,phases      ] GC(209)     Dead                           Min: 0, Avg:  0.0, Max: 0, Diff: 0, Sum: 0, Workers: 4
[5568.207s][debug][gc,phases      ] GC(209)     Total                          Min: 2048, Avg: 2273.2, Max: 2438, Diff: 390, Sum: 9093, Workers: 4
[5568.207s][debug][gc,phases      ] GC(209)   JNI Weak                       Min:  0.0, Avg:  0.0, Max:  0.0, Diff:  0.0, Sum:  0.0, Workers: 4
[5568.207s][debug][gc,phases      ] GC(209)     Dead                           Min: 0, Avg:  0.0, Max: 0, Diff: 0, Sum: 0, Workers: 4
[5568.207s][debug][gc,phases      ] GC(209)     Total                          Min: 0, Avg:  0.0, Max: 0, Diff: 0, Sum: 0, Workers: 4
[5568.207s][debug][gc,phases      ] GC(209)   StringDedup Table Weak         Min:  0.0, Avg:  0.0, Max:  0.0, Diff:  0.0, Sum:  0.0, Workers: 4
[5568.207s][debug][gc,phases      ] GC(209)     Dead                           Min: 0, Avg:  0.0, Max: 0, Diff: 0, Sum: 0, Workers: 4
[5568.207s][debug][gc,phases      ] GC(209)     Total                          Min: 0, Avg:  0.0, Max: 0, Diff: 0, Sum: 0, Workers: 4
[5568.207s][debug][gc,phases      ] GC(209)   StringDedup Requests0 Weak     Min:  0.0, Avg:  0.0, Max:  0.0, Diff:  0.0, Sum:  0.0, Workers: 4
[5568.207s][debug][gc,phases      ] GC(209)     Dead                           Min: 0, Avg:  0.0, Max: 0, Diff: 0, Sum: 0, Workers: 4
[5568.207s][debug][gc,phases      ] GC(209)     Total                          Min: 0, Avg:  0.0, Max: 0, Diff: 0, Sum: 0, Workers: 4
[5568.207s][debug][gc,phases      ] GC(209)   StringDedup Requests1 Weak     Min:  0.0, Avg:  0.0, Max:  0.0, Diff:  0.0, Sum:  0.0, Workers: 4
[5568.207s][debug][gc,phases      ] GC(209)     Dead                           Min: 0, Avg:  0.0, Max: 0, Diff: 0, Sum: 0, Workers: 4
[5568.207s][debug][gc,phases      ] GC(209)     Total                          Min: 0, Avg:  0.0, Max: 0, Diff: 0, Sum: 0, Workers: 4
[5568.207s][debug][gc,phases      ] GC(209)   Weak JFR Old Object Samples    Min:  0.0, Avg:  0.0, Max:  0.0, Diff:  0.0, Sum:  0.0, Workers: 4
[5568.207s][debug][gc,phases      ] GC(209)     Dead                           Min: 0, Avg:  0.0, Max: 0, Diff: 0, Sum: 0, Workers: 4
[5568.207s][debug][gc,phases      ] GC(209)     Total                          Min: 0, Avg:  0.0, Max: 0, Diff: 0, Sum: 0, Workers: 4
[5568.207s][debug][gc,phases      ] GC(209) Weak Processing 0.334ms
[5568.207s][debug][gc,age         ] GC(209) Desired survivor size 162529280 bytes, new threshold 15 (max threshold 15)
[5568.207s][info ][gc,heap        ] GC(209) PSYoungGen: 1914859K(1914880K)->115597K(1929216K) Eden: 1810432K(1810432K)->0K(1779712K) From: 104427K(104448K)->115597K(149504K)
[5568.207s][info ][gc,heap        ] GC(209) ParOldGen: 504167K(613888K)->504808K(613888K)
[5568.207s][info ][gc,metaspace   ] GC(209) Metaspace: 87071K(88064K)->87071K(88064K) NonClass: 75080K(75520K)->75080K(75520K) Class: 11990K(12544K)->11990K(12544K)
[5568.207s][info ][gc             ] GC(209) Pause Young (Allocation Failure) 2362M->605M(2483M) 31.238ms
[5568.207s][info ][gc,cpu         ] GC(209) User=0.12s Sys=0.00s Real=0.03s
[5568.207s][info ][safepoint      ] Safepoint "ParallelGCFailedAllocation", Time since last: 2869102769 ns, Reaching safepoint: 137603 ns, At safepoint: 31350873 ns, Total: 31488476 ns
[5569.208s][info ][safepoint      ] Safepoint "Cleanup", Time since last: 1000083967 ns, Reaching safepoint: 61201 ns, At safepoint: 8601 ns, Total: 69802 ns
[5570.208s][info ][safepoint      ] Safepoint "Cleanup", Time since last: 1000117252 ns, Reaching safepoint: 104102 ns, At safepoint: 13701 ns, Total: 117803 ns
[5579.208s][info ][safepoint      ] Safepoint "Cleanup", Time since last: 9000622705 ns, Reaching safepoint: 42101 ns, At safepoint: 3800 ns, Total: 45901 ns
[5579.475s][info ][gc,start       ] GC(210) Pause Young (Allocation Failure)
[5579.499s][debug][gc,phases      ] GC(210) Scavenge 24.391ms
[5579.499s][debug][gc,ref         ] GC(210) Skipped phase 1 of Reference Processing: no references
[5579.499s][debug][gc,ref         ] GC(210) ReferenceProcessor::execute queues: 1, RefProcThreadModel::Single, marks_oops_alive: false
[5579.499s][debug][gc,ref         ] GC(210) Skipped phase 3 of Reference Processing: no references
[5579.499s][debug][gc,ref         ] GC(210) ReferenceProcessor::execute queues: 1, RefProcThreadModel::Single, marks_oops_alive: false
[5579.499s][debug][gc,phases      ] GC(210) Reference Processing 0.186ms
[5579.500s][debug][gc,phases      ] GC(210)   VM Weak                        Min:  0.0, Avg:  0.0, Max:  0.0, Diff:  0.0, Sum:  0.0, Workers: 4
[5579.500s][debug][gc,phases      ] GC(210)     Dead                           Min: 0, Avg:  0.0, Max: 0, Diff: 0, Sum: 0, Workers: 4
[5579.500s][debug][gc,phases      ] GC(210)     Total                          Min: 0, Avg: 162.2, Max: 585, Diff: 585, Sum: 649, Workers: 4
[5579.500s][debug][gc,phases      ] GC(210)   ObjectSynchronizer Weak        Min:  0.0, Avg:  0.0, Max:  0.0, Diff:  0.0, Sum:  0.0, Workers: 4
[5579.500s][debug][gc,phases      ] GC(210)     Dead                           Min: 0, Avg:  0.0, Max: 0, Diff: 0, Sum: 0, Workers: 4
[5579.500s][debug][gc,phases      ] GC(210)     Total                          Min: 0, Avg: 63.0, Max: 128, Diff: 128, Sum: 252, Workers: 4
[5579.500s][debug][gc,phases      ] GC(210)   JVMTI Tag Weak OopStorage      Min:  0.0, Avg:  0.0, Max:  0.0, Diff:  0.0, Sum:  0.0, Workers: 4
[5579.500s][debug][gc,phases      ] GC(210)     Dead                           Min: 0, Avg:  0.0, Max: 0, Diff: 0, Sum: 0, Workers: 4
[5579.500s][debug][gc,phases      ] GC(210)     Total                          Min: 0, Avg:  0.0, Max: 0, Diff: 0, Sum: 0, Workers: 4
[5579.500s][debug][gc,phases      ] GC(210)   StringTable Weak               Min:  0.1, Avg:  0.1, Max:  0.1, Diff:  0.0, Sum:  0.4, Workers: 4
[5579.500s][debug][gc,phases      ] GC(210)     Dead                           Min: 0, Avg:  0.0, Max: 0, Diff: 0, Sum: 0, Workers: 4
[5579.500s][debug][gc,phases      ] GC(210)     Total                          Min: 11392, Avg: 12315.8, Max: 12800, Diff: 1408, Sum: 49263, Workers: 4
[5579.500s][debug][gc,phases      ] GC(210)   ResolvedMethodTable Weak       Min:  0.0, Avg:  0.0, Max:  0.0, Diff:  0.0, Sum:  0.1, Workers: 4
[5579.500s][debug][gc,phases      ] GC(210)     Dead                           Min: 0, Avg:  0.0, Max: 0, Diff: 0, Sum: 0, Workers: 4
[5579.500s][debug][gc,phases      ] GC(210)     Total                          Min: 2118, Avg: 2273.2, Max: 2367, Diff: 249, Sum: 9093, Workers: 4
[5579.500s][debug][gc,phases      ] GC(210)   JNI Weak                       Min:  0.0, Avg:  0.0, Max:  0.0, Diff:  0.0, Sum:  0.0, Workers: 4
[5579.500s][debug][gc,phases      ] GC(210)     Dead                           Min: 0, Avg:  0.0, Max: 0, Diff: 0, Sum: 0, Workers: 4
[5579.500s][debug][gc,phases      ] GC(210)     Total                          Min: 0, Avg:  0.0, Max: 0, Diff: 0, Sum: 0, Workers: 4
[5579.500s][debug][gc,phases      ] GC(210)   StringDedup Table Weak         Min:  0.0, Avg:  0.0, Max:  0.0, Diff:  0.0, Sum:  0.0, Workers: 4
[5579.500s][debug][gc,phases      ] GC(210)     Dead                           Min: 0, Avg:  0.0, Max: 0, Diff: 0, Sum: 0, Workers: 4
[5579.500s][debug][gc,phases      ] GC(210)     Total                          Min: 0, Avg:  0.0, Max: 0, Diff: 0, Sum: 0, Workers: 4
[5579.500s][debug][gc,phases      ] GC(210)   StringDedup Requests0 Weak     Min:  0.0, Avg:  0.0, Max:  0.0, Diff:  0.0, Sum:  0.0, Workers: 4
[5579.500s][debug][gc,phases      ] GC(210)     Dead                           Min: 0, Avg:  0.0, Max: 0, Diff: 0, Sum: 0, Workers: 4
[5579.500s][debug][gc,phases      ] GC(210)     Total                          Min: 0, Avg:  0.0, Max: 0, Diff: 0, Sum: 0, Workers: 4
[5579.500s][debug][gc,phases      ] GC(210)   StringDedup Requests1 Weak     Min:  0.0, Avg:  0.0, Max:  0.0, Diff:  0.0, Sum:  0.0, Workers: 4
[5579.500s][debug][gc,phases      ] GC(210)     Dead                           Min: 0, Avg:  0.0, Max: 0, Diff: 0, Sum: 0, Workers: 4
[5579.500s][debug][gc,phases      ] GC(210)     Total                          Min: 0, Avg:  0.0, Max: 0, Diff: 0, Sum: 0, Workers: 4
[5579.500s][debug][gc,phases      ] GC(210)   Weak JFR Old Object Samples    Min:  0.0, Avg:  0.0, Max:  0.0, Diff:  0.0, Sum:  0.0, Workers: 4
[5579.500s][debug][gc,phases      ] GC(210)     Dead                           Min: 0, Avg:  0.0, Max: 0, Diff: 0, Sum: 0, Workers: 4
[5579.500s][debug][gc,phases      ] GC(210)     Total                          Min: 0, Avg:  0.0, Max: 0, Diff: 0, Sum: 0, Workers: 4
[5579.500s][debug][gc,phases      ] GC(210) Weak Processing 0.319ms
[5579.500s][debug][gc,age         ] GC(210) Desired survivor size 167247872 bytes, new threshold 15 (max threshold 15)
[5579.500s][info ][gc,heap        ] GC(210) PSYoungGen: 1895309K(1929216K)->110997K(1890816K) Eden: 1779712K(1779712K)->0K(1779712K) From: 115597K(149504K)->110997K(111104K)
[5579.500s][info ][gc,heap        ] GC(210) ParOldGen: 504808K(613888K)->510558K(613888K)
[5579.500s][info ][gc,metaspace   ] GC(210) Metaspace: 87086K(88128K)->87086K(88128K) NonClass: 75094K(75584K)->75094K(75584K) Class: 11992K(12544K)->11992K(12544K)
[5579.500s][info ][gc             ] GC(210) Pause Young (Allocation Failure) 2343M->606M(2446M) 25.039ms
[5579.500s][info ][gc,cpu         ] GC(210) User=0.10s Sys=0.00s Real=0.02s
[5579.500s][info ][safepoint      ] Safepoint "ParallelGCFailedAllocation", Time since last: 266170071 ns, Reaching safepoint: 105202 ns, At safepoint: 25125535 ns, Total: 25230737 ns
[5580.500s][info ][safepoint      ] Safepoint "Cleanup", Time since last: 1000071102 ns, Reaching safepoint: 122702 ns, At safepoint: 13701 ns, Total: 136403 ns
[5581.500s][info ][safepoint      ] Safepoint "Cleanup", Time since last: 1000111187 ns, Reaching safepoint: 111803 ns, At safepoint: 9100 ns, Total: 120903 ns
[5590.501s][info ][safepoint      ] Safepoint "Cleanup", Time since last: 9000619635 ns, Reaching safepoint: 117303 ns, At safepoint: 16800 ns, Total: 134103 ns
[5598.502s][info ][safepoint      ] Safepoint "Cleanup", Time since last: 8000566656 ns, Reaching safepoint: 116802 ns, At safepoint: 17801 ns, Total: 134603 ns
[5605.502s][info ][safepoint      ] Safepoint "Cleanup", Time since last: 7000506428 ns, Reaching safepoint: 117003 ns, At safepoint: 8700 ns, Total: 125703 ns
[5608.051s][info ][gc,start       ] GC(211) Pause Young (Allocation Failure)
[5608.075s][debug][gc,phases      ] GC(211) Scavenge 23.577ms
[5608.075s][debug][gc,ref         ] GC(211) Skipped phase 1 of Reference Processing: no references
[5608.075s][debug][gc,ref         ] GC(211) ReferenceProcessor::execute queues: 1, RefProcThreadModel::Single, marks_oops_alive: false
[5608.075s][debug][gc,ref         ] GC(211) Skipped phase 3 of Reference Processing: no references
[5608.075s][debug][gc,ref         ] GC(211) ReferenceProcessor::execute queues: 1, RefProcThreadModel::Single, marks_oops_alive: false
[5608.075s][debug][gc,phases      ] GC(211) Reference Processing 0.149ms
[5608.075s][debug][gc,phases      ] GC(211)   VM Weak                        Min:  0.0, Avg:  0.0, Max:  0.0, Diff:  0.0, Sum:  0.0, Workers: 4
[5608.075s][debug][gc,phases      ] GC(211)     Dead                           Min: 0, Avg:  0.0, Max: 0, Diff: 0, Sum: 0, Workers: 4
[5608.075s][debug][gc,phases      ] GC(211)     Total                          Min: 0, Avg: 162.2, Max: 565, Diff: 565, Sum: 649, Workers: 4
[5608.075s][debug][gc,phases      ] GC(211)   ObjectSynchronizer Weak        Min:  0.0, Avg:  0.0, Max:  0.0, Diff:  0.0, Sum:  0.0, Workers: 4
[5608.075s][debug][gc,phases      ] GC(211)     Dead                           Min: 0, Avg:  0.0, Max: 0, Diff: 0, Sum: 0, Workers: 4
[5608.075s][debug][gc,phases      ] GC(211)     Total                          Min: 0, Avg: 63.0, Max: 128, Diff: 128, Sum: 252, Workers: 4
[5608.075s][debug][gc,phases      ] GC(211)   JVMTI Tag Weak OopStorage      Min:  0.0, Avg:  0.0, Max:  0.0, Diff:  0.0, Sum:  0.0, Workers: 4
[5608.075s][debug][gc,phases      ] GC(211)     Dead                           Min: 0, Avg:  0.0, Max: 0, Diff: 0, Sum: 0, Workers: 4
[5608.075s][debug][gc,phases      ] GC(211)     Total                          Min: 0, Avg:  0.0, Max: 0, Diff: 0, Sum: 0, Workers: 4
[5608.075s][debug][gc,phases      ] GC(211)   StringTable Weak               Min:  0.1, Avg:  0.1, Max:  0.1, Diff:  0.0, Sum:  0.4, Workers: 4
[5608.075s][debug][gc,phases      ] GC(211)     Dead                           Min: 0, Avg:  0.8, Max: 3, Diff: 3, Sum: 3, Workers: 4
[5608.075s][debug][gc,phases      ] GC(211)     Total                          Min: 10495, Avg: 12316.2, Max: 13056, Diff: 2561, Sum: 49265, Workers: 4
[5608.075s][debug][gc,phases      ] GC(211)   ResolvedMethodTable Weak       Min:  0.0, Avg:  0.0, Max:  0.0, Diff:  0.0, Sum:  0.1, Workers: 4
[5608.076s][debug][gc,phases      ] GC(211)     Dead                           Min: 0, Avg:  0.0, Max: 0, Diff: 0, Sum: 0, Workers: 4
[5608.076s][debug][gc,phases      ] GC(211)     Total                          Min: 2176, Avg: 2274.5, Max: 2368, Diff: 192, Sum: 9098, Workers: 4
[5608.076s][debug][gc,phases      ] GC(211)   JNI Weak                       Min:  0.0, Avg:  0.0, Max:  0.0, Diff:  0.0, Sum:  0.0, Workers: 4
[5608.076s][debug][gc,phases      ] GC(211)     Dead                           Min: 0, Avg:  0.0, Max: 0, Diff: 0, Sum: 0, Workers: 4
[5608.076s][debug][gc,phases      ] GC(211)     Total                          Min: 0, Avg:  0.0, Max: 0, Diff: 0, Sum: 0, Workers: 4
[5608.076s][debug][gc,phases      ] GC(211)   StringDedup Table Weak         Min:  0.0, Avg:  0.0, Max:  0.0, Diff:  0.0, Sum:  0.0, Workers: 4
[5608.076s][debug][gc,phases      ] GC(211)     Dead                           Min: 0, Avg:  0.0, Max: 0, Diff: 0, Sum: 0, Workers: 4
[5608.076s][debug][gc,phases      ] GC(211)     Total                          Min: 0, Avg:  0.0, Max: 0, Diff: 0, Sum: 0, Workers: 4
[5608.076s][debug][gc,phases      ] GC(211)   StringDedup Requests0 Weak     Min:  0.0, Avg:  0.0, Max:  0.0, Diff:  0.0, Sum:  0.0, Workers: 4
[5608.076s][debug][gc,phases      ] GC(211)     Dead                           Min: 0, Avg:  0.0, Max: 0, Diff: 0, Sum: 0, Workers: 4
[5608.076s][debug][gc,phases      ] GC(211)     Total                          Min: 0, Avg:  0.0, Max: 0, Diff: 0, Sum: 0, Workers: 4
[5608.076s][debug][gc,phases      ] GC(211)   StringDedup Requests1 Weak     Min:  0.0, Avg:  0.0, Max:  0.0, Diff:  0.0, Sum:  0.0, Workers: 4
[5608.076s][debug][gc,phases      ] GC(211)     Dead                           Min: 0, Avg:  0.0, Max: 0, Diff: 0, Sum: 0, Workers: 4
[5608.076s][debug][gc,phases      ] GC(211)     Total                          Min: 0, Avg:  0.0, Max: 0, Diff: 0, Sum: 0, Workers: 4
[5608.076s][debug][gc,phases      ] GC(211)   Weak JFR Old Object Samples    Min:  0.0, Avg:  0.0, Max:  0.0, Diff:  0.0, Sum:  0.0, Workers: 4
[5608.076s][debug][gc,phases      ] GC(211)     Dead                           Min: 0, Avg:  0.0, Max: 0, Diff: 0, Sum: 0, Workers: 4
[5608.076s][debug][gc,phases      ] GC(211)     Total                          Min: 0, Avg:  0.0, Max: 0, Diff: 0, Sum: 0, Workers: 4
[5608.076s][debug][gc,phases      ] GC(211) Weak Processing 0.340ms
[5608.076s][debug][gc,age         ] GC(211) Desired survivor size 168296448 bytes, new threshold 15 (max threshold 15)
[5608.076s][info ][gc,heap        ] GC(211) PSYoungGen: 1890709K(1890816K)->103017K(1931776K) Eden: 1779712K(1779712K)->0K(1768448K) From: 110997K(111104K)->103017K(163328K)
[5608.076s][info ][gc,heap        ] GC(211) ParOldGen: 510558K(613888K)->519527K(613888K)
[5608.076s][info ][gc,metaspace   ] GC(211) Metaspace: 87094K(88128K)->87094K(88128K) NonClass: 75099K(75584K)->75099K(75584K) Class: 11994K(12544K)->11994K(12544K)
[5608.076s][info ][gc             ] GC(211) Pause Young (Allocation Failure) 2344M->607M(2486M) 24.199ms
[5608.076s][info ][gc,cpu         ] GC(211) User=0.09s Sys=0.00s Real=0.02s
[5608.076s][info ][safepoint      ] Safepoint "ParallelGCFailedAllocation", Time since last: 2548836328 ns, Reaching safepoint: 119402 ns, At safepoint: 24323909 ns, Total: 24443311 ns
[5615.076s][info ][safepoint      ] Safepoint "Cleanup", Time since last: 7000478507 ns, Reaching safepoint: 41701 ns, At safepoint: 3500 ns, Total: 45201 ns
[5618.076s][info ][safepoint      ] Safepoint "Cleanup", Time since last: 3000228072 ns, Reaching safepoint: 45501 ns, At safepoint: 3300 ns, Total: 48801 ns
[5619.077s][info ][safepoint      ] Safepoint "Cleanup", Time since last: 1000096965 ns, Reaching safepoint: 31700 ns, At safepoint: 3800 ns, Total: 35500 ns
[5623.077s][info ][safepoint      ] Safepoint "Cleanup", Time since last: 4000315722 ns, Reaching safepoint: 142903 ns, At safepoint: 14600 ns, Total: 157503 ns
[5627.354s][info ][gc,start       ] GC(212) Pause Young (Allocation Failure)
[5627.377s][debug][gc,phases      ] GC(212) Scavenge 22.749ms
[5627.377s][debug][gc,ref         ] GC(212) Skipped phase 1 of Reference Processing: no references
[5627.377s][debug][gc,ref         ] GC(212) ReferenceProcessor::execute queues: 1, RefProcThreadModel::Single, marks_oops_alive: false
[5627.377s][debug][gc,ref         ] GC(212) Skipped phase 3 of Reference Processing: no references
[5627.377s][debug][gc,ref         ] GC(212) ReferenceProcessor::execute queues: 1, RefProcThreadModel::Single, marks_oops_alive: false
[5627.377s][debug][gc,phases      ] GC(212) Reference Processing 0.132ms
[5627.377s][debug][gc,phases      ] GC(212)   VM Weak                        Min:  0.0, Avg:  0.0, Max:  0.0, Diff:  0.0, Sum:  0.0, Workers: 4
[5627.377s][debug][gc,phases      ] GC(212)     Dead                           Min: 0, Avg:  0.0, Max: 0, Diff: 0, Sum: 0, Workers: 4
[5627.377s][debug][gc,phases      ] GC(212)     Total                          Min: 0, Avg: 162.2, Max: 361, Diff: 361, Sum: 649, Workers: 4
[5627.377s][debug][gc,phases      ] GC(212)   ObjectSynchronizer Weak        Min:  0.0, Avg:  0.0, Max:  0.0, Diff:  0.0, Sum:  0.0, Workers: 4
[5627.377s][debug][gc,phases      ] GC(212)     Dead                           Min: 0, Avg:  0.0, Max: 0, Diff: 0, Sum: 0, Workers: 4
[5627.377s][debug][gc,phases      ] GC(212)     Total                          Min: 0, Avg: 63.0, Max: 188, Diff: 188, Sum: 252, Workers: 4
[5627.377s][debug][gc,phases      ] GC(212)   JVMTI Tag Weak OopStorage      Min:  0.0, Avg:  0.0, Max:  0.0, Diff:  0.0, Sum:  0.0, Workers: 4
[5627.377s][debug][gc,phases      ] GC(212)     Dead                           Min: 0, Avg:  0.0, Max: 0, Diff: 0, Sum: 0, Workers: 4
[5627.377s][debug][gc,phases      ] GC(212)     Total                          Min: 0, Avg:  0.0, Max: 0, Diff: 0, Sum: 0, Workers: 4
[5627.377s][debug][gc,phases      ] GC(212)   StringTable Weak               Min:  0.1, Avg:  0.1, Max:  0.1, Diff:  0.0, Sum:  0.4, Workers: 4
[5627.377s][debug][gc,phases      ] GC(212)     Dead                           Min: 0, Avg:  0.0, Max: 0, Diff: 0, Sum: 0, Workers: 4
[5627.377s][debug][gc,phases      ] GC(212)     Total                          Min: 11903, Avg: 12319.8, Max: 12736, Diff: 833, Sum: 49279, Workers: 4
[5627.377s][debug][gc,phases      ] GC(212)   ResolvedMethodTable Weak       Min:  0.0, Avg:  0.0, Max:  0.0, Diff:  0.0, Sum:  0.1, Workers: 4
[5627.377s][debug][gc,phases      ] GC(212)     Dead                           Min: 0, Avg:  0.0, Max: 0, Diff: 0, Sum: 0, Workers: 4
[5627.377s][debug][gc,phases      ] GC(212)     Total                          Min: 2111, Avg: 2275.2, Max: 2382, Diff: 271, Sum: 9101, Workers: 4
[5627.377s][debug][gc,phases      ] GC(212)   JNI Weak                       Min:  0.0, Avg:  0.0, Max:  0.0, Diff:  0.0, Sum:  0.0, Workers: 4
[5627.377s][debug][gc,phases      ] GC(212)     Dead                           Min: 0, Avg:  0.0, Max: 0, Diff: 0, Sum: 0, Workers: 4
[5627.377s][debug][gc,phases      ] GC(212)     Total                          Min: 0, Avg:  0.0, Max: 0, Diff: 0, Sum: 0, Workers: 4
[5627.377s][debug][gc,phases      ] GC(212)   StringDedup Table Weak         Min:  0.0, Avg:  0.0, Max:  0.0, Diff:  0.0, Sum:  0.0, Workers: 4
[5627.377s][debug][gc,phases      ] GC(212)     Dead                           Min: 0, Avg:  0.0, Max: 0, Diff: 0, Sum: 0, Workers: 4
[5627.377s][debug][gc,phases      ] GC(212)     Total                          Min: 0, Avg:  0.0, Max: 0, Diff: 0, Sum: 0, Workers: 4
[5627.377s][debug][gc,phases      ] GC(212)   StringDedup Requests0 Weak     Min:  0.0, Avg:  0.0, Max:  0.0, Diff:  0.0, Sum:  0.0, Workers: 4
[5627.377s][debug][gc,phases      ] GC(212)     Dead                           Min: 0, Avg:  0.0, Max: 0, Diff: 0, Sum: 0, Workers: 4
[5627.377s][debug][gc,phases      ] GC(212)     Total                          Min: 0, Avg:  0.0, Max: 0, Diff: 0, Sum: 0, Workers: 4
[5627.377s][debug][gc,phases      ] GC(212)   StringDedup Requests1 Weak     Min:  0.0, Avg:  0.0, Max:  0.0, Diff:  0.0, Sum:  0.0, Workers: 4
[5627.377s][debug][gc,phases      ] GC(212)     Dead                           Min: 0, Avg:  0.0, Max: 0, Diff: 0, Sum: 0, Workers: 4
[5627.377s][debug][gc,phases      ] GC(212)     Total                          Min: 0, Avg:  0.0, Max: 0, Diff: 0, Sum: 0, Workers: 4
[5627.377s][debug][gc,phases      ] GC(212)   Weak JFR Old Object Samples    Min:  0.0, Avg:  0.0, Max:  0.0, Diff:  0.0, Sum:  0.0, Workers: 4
[5627.377s][debug][gc,phases      ] GC(212)     Dead                           Min: 0, Avg:  0.0, Max: 0, Diff: 0, Sum: 0, Workers: 4
[5627.377s][debug][gc,phases      ] GC(212)     Total                          Min: 0, Avg:  0.0, Max: 0, Diff: 0, Sum: 0, Workers: 4
[5627.377s][debug][gc,phases      ] GC(212) Weak Processing 0.327ms
[5627.377s][debug][gc,age         ] GC(212) Desired survivor size 167772160 bytes, new threshold 15 (max threshold 15)
[5627.377s][info ][gc,heap        ] GC(212) PSYoungGen: 1871465K(1931776K)->103079K(1932800K) Eden: 1768448K(1768448K)->0K(1768448K) From: 103017K(163328K)->103079K(164352K)
[5627.377s][info ][gc,heap        ] GC(212) ParOldGen: 519527K(613888K)->527026K(613888K)
[5627.377s][info ][gc,metaspace   ] GC(212) Metaspace: 87125K(88128K)->87125K(88128K) NonClass: 75128K(75584K)->75128K(75584K) Class: 11997K(12544K)->11997K(12544K)
[5627.377s][info ][gc             ] GC(212) Pause Young (Allocation Failure) 2334M->615M(2487M) 23.384ms
[5627.377s][info ][gc,cpu         ] GC(212) User=0.09s Sys=0.00s Real=0.02s
[5627.377s][info ][safepoint      ] Safepoint "ParallelGCFailedAllocation", Time since last: 4276706116 ns, Reaching safepoint: 32901 ns, At safepoint: 23483084 ns, Total: 23515985 ns
[5628.377s][info ][safepoint      ] Safepoint "Cleanup", Time since last: 1000090441 ns, Reaching safepoint: 47201 ns, At safepoint: 6100 ns, Total: 53301 ns
[5629.378s][info ][safepoint      ] Safepoint "Cleanup", Time since last: 1000107827 ns, Reaching safepoint: 40901 ns, At safepoint: 3300 ns, Total: 44201 ns
[5630.378s][info ][safepoint      ] Safepoint "Cleanup", Time since last: 1000131815 ns, Reaching safepoint: 53401 ns, At safepoint: 4501 ns, Total: 57902 ns
[5631.378s][info ][safepoint      ] Safepoint "Cleanup", Time since last: 1000140402 ns, Reaching safepoint: 34300 ns, At safepoint: 3600 ns, Total: 37900 ns
[5634.378s][info ][safepoint      ] Safepoint "Cleanup", Time since last: 3000232624 ns, Reaching safepoint: 54601 ns, At safepoint: 6800 ns, Total: 61401 ns
[5636.379s][info ][safepoint      ] Safepoint "Cleanup", Time since last: 2000173585 ns, Reaching safepoint: 132502 ns, At safepoint: 10901 ns, Total: 143403 ns
[5637.379s][info ][safepoint      ] Safepoint "Cleanup", Time since last: 1000097223 ns, Reaching safepoint: 52701 ns, At safepoint: 8500 ns, Total: 61201 ns
[5638.289s][info ][gc,start       ] GC(213) Pause Young (Allocation Failure)
[5638.316s][debug][gc,phases      ] GC(213) Scavenge 27.054ms
[5638.316s][debug][gc,ref         ] GC(213) Skipped phase 1 of Reference Processing: no references
[5638.316s][debug][gc,ref         ] GC(213) ReferenceProcessor::execute queues: 1, RefProcThreadModel::Single, marks_oops_alive: false
[5638.316s][debug][gc,ref         ] GC(213) Skipped phase 3 of Reference Processing: no references
[5638.316s][debug][gc,ref         ] GC(213) ReferenceProcessor::execute queues: 1, RefProcThreadModel::Single, marks_oops_alive: false
[5638.316s][debug][gc,phases      ] GC(213) Reference Processing 0.140ms
[5638.316s][debug][gc,phases      ] GC(213)   VM Weak                        Min:  0.0, Avg:  0.0, Max:  0.0, Diff:  0.0, Sum:  0.0, Workers: 4
[5638.316s][debug][gc,phases      ] GC(213)     Dead                           Min: 0, Avg:  0.0, Max: 0, Diff: 0, Sum: 0, Workers: 4
[5638.316s][debug][gc,phases      ] GC(213)     Total                          Min: 0, Avg: 162.2, Max: 309, Diff: 309, Sum: 649, Workers: 4
[5638.316s][debug][gc,phases      ] GC(213)   ObjectSynchronizer Weak        Min:  0.0, Avg:  0.0, Max:  0.0, Diff:  0.0, Sum:  0.0, Workers: 4
[5638.316s][debug][gc,phases      ] GC(213)     Dead                           Min: 0, Avg:  0.0, Max: 0, Diff: 0, Sum: 0, Workers: 4
[5638.316s][debug][gc,phases      ] GC(213)     Total                          Min: 0, Avg: 63.0, Max: 128, Diff: 128, Sum: 252, Workers: 4
[5638.316s][debug][gc,phases      ] GC(213)   JVMTI Tag Weak OopStorage      Min:  0.0, Avg:  0.0, Max:  0.0, Diff:  0.0, Sum:  0.0, Workers: 4
[5638.316s][debug][gc,phases      ] GC(213)     Dead                           Min: 0, Avg:  0.0, Max: 0, Diff: 0, Sum: 0, Workers: 4
[5638.316s][debug][gc,phases      ] GC(213)     Total                          Min: 0, Avg:  0.0, Max: 0, Diff: 0, Sum: 0, Workers: 4
[5638.316s][debug][gc,phases      ] GC(213)   StringTable Weak               Min:  0.1, Avg:  0.1, Max:  0.1, Diff:  0.0, Sum:  0.4, Workers: 4
[5638.316s][debug][gc,phases      ] GC(213)     Dead                           Min: 0, Avg:  0.0, Max: 0, Diff: 0, Sum: 0, Workers: 4
[5638.316s][debug][gc,phases      ] GC(213)     Total                          Min: 11840, Avg: 12319.8, Max: 12800, Diff: 960, Sum: 49279, Workers: 4
[5638.316s][debug][gc,phases      ] GC(213)   ResolvedMethodTable Weak       Min:  0.0, Avg:  0.0, Max:  0.0, Diff:  0.0, Sum:  0.1, Workers: 4
[5638.316s][debug][gc,phases      ] GC(213)     Dead                           Min: 0, Avg:  0.0, Max: 0, Diff: 0, Sum: 0, Workers: 4
[5638.316s][debug][gc,phases      ] GC(213)     Total                          Min: 2126, Avg: 2275.2, Max: 2495, Diff: 369, Sum: 9101, Workers: 4
[5638.316s][debug][gc,phases      ] GC(213)   JNI Weak                       Min:  0.0, Avg:  0.0, Max:  0.0, Diff:  0.0, Sum:  0.0, Workers: 4
[5638.316s][debug][gc,phases      ] GC(213)     Dead                           Min: 0, Avg:  0.0, Max: 0, Diff: 0, Sum: 0, Workers: 4
[5638.316s][debug][gc,phases      ] GC(213)     Total                          Min: 0, Avg:  0.0, Max: 0, Diff: 0, Sum: 0, Workers: 4
[5638.316s][debug][gc,phases      ] GC(213)   StringDedup Table Weak         Min:  0.0, Avg:  0.0, Max:  0.0, Diff:  0.0, Sum:  0.0, Workers: 4
[5638.316s][debug][gc,phases      ] GC(213)     Dead                           Min: 0, Avg:  0.0, Max: 0, Diff: 0, Sum: 0, Workers: 4
[5638.316s][debug][gc,phases      ] GC(213)     Total                          Min: 0, Avg:  0.0, Max: 0, Diff: 0, Sum: 0, Workers: 4
[5638.316s][debug][gc,phases      ] GC(213)   StringDedup Requests0 Weak     Min:  0.0, Avg:  0.0, Max:  0.0, Diff:  0.0, Sum:  0.0, Workers: 4
[5638.316s][debug][gc,phases      ] GC(213)     Dead                           Min: 0, Avg:  0.0, Max: 0, Diff: 0, Sum: 0, Workers: 4
[5638.316s][debug][gc,phases      ] GC(213)     Total                          Min: 0, Avg:  0.0, Max: 0, Diff: 0, Sum: 0, Workers: 4
[5638.316s][debug][gc,phases      ] GC(213)   StringDedup Requests1 Weak     Min:  0.0, Avg:  0.0, Max:  0.0, Diff:  0.0, Sum:  0.0, Workers: 4
[5638.316s][debug][gc,phases      ] GC(213)     Dead                           Min: 0, Avg:  0.0, Max: 0, Diff: 0, Sum: 0, Workers: 4
[5638.316s][debug][gc,phases      ] GC(213)     Total                          Min: 0, Avg:  0.0, Max: 0, Diff: 0, Sum: 0, Workers: 4
[5638.316s][debug][gc,phases      ] GC(213)   Weak JFR Old Object Samples    Min:  0.0, Avg:  0.0, Max:  0.0, Diff:  0.0, Sum:  0.0, Workers: 4
[5638.316s][debug][gc,phases      ] GC(213)     Dead                           Min: 0, Avg:  0.0, Max: 0, Diff: 0, Sum: 0, Workers: 4
[5638.316s][debug][gc,phases      ] GC(213)     Total                          Min: 0, Avg:  0.0, Max: 0, Diff: 0, Sum: 0, Workers: 4
[5638.316s][debug][gc,phases      ] GC(213) Weak Processing 0.339ms
[5638.316s][debug][gc,age         ] GC(213) Desired survivor size 168296448 bytes, new threshold 15 (max threshold 15)
[5638.316s][info ][gc,heap        ] GC(213) PSYoungGen: 1871527K(1932800K)->105098K(1932288K) Eden: 1768448K(1768448K)->0K(1768448K) From: 103079K(164352K)->105098K(163840K)
[5638.316s][info ][gc,heap        ] GC(213) ParOldGen: 527026K(613888K)->533304K(613888K)
[5638.316s][info ][gc,metaspace   ] GC(213) Metaspace: 87135K(88128K)->87135K(88128K) NonClass: 75138K(75584K)->75138K(75584K) Class: 11997K(12544K)->11997K(12544K)
[5638.316s][info ][gc             ] GC(213) Pause Young (Allocation Failure) 2342M->623M(2486M) 27.694ms
[5638.316s][info ][gc,cpu         ] GC(213) User=0.11s Sys=0.00s Real=0.03s
[5638.316s][info ][safepoint      ] Safepoint "ParallelGCFailedAllocation", Time since last: 909818060 ns, Reaching safepoint: 28800 ns, At safepoint: 27780369 ns, Total: 27809169 ns
[5639.317s][info ][safepoint      ] Safepoint "Cleanup", Time since last: 1000085898 ns, Reaching safepoint: 58501 ns, At safepoint: 6701 ns, Total: 65202 ns
[5640.317s][info ][safepoint      ] Safepoint "Cleanup", Time since last: 1000118585 ns, Reaching safepoint: 119002 ns, At safepoint: 11201 ns, Total: 130203 ns
[5644.317s][info ][safepoint      ] Safepoint "Cleanup", Time since last: 4000313010 ns, Reaching safepoint: 57901 ns, At safepoint: 3400 ns, Total: 61301 ns
[5647.463s][info ][gc,start       ] GC(214) Pause Young (Allocation Failure)
[5647.490s][debug][gc,phases      ] GC(214) Scavenge 27.066ms
[5647.490s][debug][gc,ref         ] GC(214) Skipped phase 1 of Reference Processing: no references
[5647.490s][debug][gc,ref         ] GC(214) ReferenceProcessor::execute queues: 1, RefProcThreadModel::Single, marks_oops_alive: false
[5647.490s][debug][gc,ref         ] GC(214) Skipped phase 3 of Reference Processing: no references
[5647.490s][debug][gc,ref         ] GC(214) ReferenceProcessor::execute queues: 1, RefProcThreadModel::Single, marks_oops_alive: false
[5647.490s][debug][gc,phases      ] GC(214) Reference Processing 0.140ms
[5647.490s][debug][gc,phases      ] GC(214)   VM Weak                        Min:  0.0, Avg:  0.0, Max:  0.0, Diff:  0.0, Sum:  0.0, Workers: 4
[5647.490s][debug][gc,phases      ] GC(214)     Dead                           Min: 0, Avg:  0.0, Max: 0, Diff: 0, Sum: 0, Workers: 4
[5647.490s][debug][gc,phases      ] GC(214)     Total                          Min: 0, Avg: 162.2, Max: 649, Diff: 649, Sum: 649, Workers: 4
[5647.490s][debug][gc,phases      ] GC(214)   ObjectSynchronizer Weak        Min:  0.0, Avg:  0.0, Max:  0.0, Diff:  0.0, Sum:  0.0, Workers: 4
[5647.490s][debug][gc,phases      ] GC(214)     Dead                           Min: 0, Avg:  0.0, Max: 0, Diff: 0, Sum: 0, Workers: 4
[5647.490s][debug][gc,phases      ] GC(214)     Total                          Min: 0, Avg: 63.0, Max: 128, Diff: 128, Sum: 252, Workers: 4
[5647.490s][debug][gc,phases      ] GC(214)   JVMTI Tag Weak OopStorage      Min:  0.0, Avg:  0.0, Max:  0.0, Diff:  0.0, Sum:  0.0, Workers: 4
[5647.490s][debug][gc,phases      ] GC(214)     Dead                           Min: 0, Avg:  0.0, Max: 0, Diff: 0, Sum: 0, Workers: 4
[5647.490s][debug][gc,phases      ] GC(214)     Total                          Min: 0, Avg:  0.0, Max: 0, Diff: 0, Sum: 0, Workers: 4
[5647.490s][debug][gc,phases      ] GC(214)   StringTable Weak               Min:  0.1, Avg:  0.1, Max:  0.1, Diff:  0.0, Sum:  0.4, Workers: 4
[5647.490s][debug][gc,phases      ] GC(214)     Dead                           Min: 0, Avg:  0.0, Max: 0, Diff: 0, Sum: 0, Workers: 4
[5647.490s][debug][gc,phases      ] GC(214)     Total                          Min: 11775, Avg: 12319.8, Max: 13184, Diff: 1409, Sum: 49279, Workers: 4
[5647.490s][debug][gc,phases      ] GC(214)   ResolvedMethodTable Weak       Min:  0.0, Avg:  0.0, Max:  0.0, Diff:  0.0, Sum:  0.1, Workers: 4
[5647.490s][debug][gc,phases      ] GC(214)     Dead                           Min: 0, Avg:  0.0, Max: 0, Diff: 0, Sum: 0, Workers: 4
[5647.490s][debug][gc,phases      ] GC(214)     Total                          Min: 2062, Avg: 2275.2, Max: 2496, Diff: 434, Sum: 9101, Workers: 4
[5647.490s][debug][gc,phases      ] GC(214)   JNI Weak                       Min:  0.0, Avg:  0.0, Max:  0.0, Diff:  0.0, Sum:  0.0, Workers: 4
[5647.490s][debug][gc,phases      ] GC(214)     Dead                           Min: 0, Avg:  0.0, Max: 0, Diff: 0, Sum: 0, Workers: 4
[5647.490s][debug][gc,phases      ] GC(214)     Total                          Min: 0, Avg:  0.0, Max: 0, Diff: 0, Sum: 0, Workers: 4
[5647.490s][debug][gc,phases      ] GC(214)   StringDedup Table Weak         Min:  0.0, Avg:  0.0, Max:  0.0, Diff:  0.0, Sum:  0.0, Workers: 4
[5647.490s][debug][gc,phases      ] GC(214)     Dead                           Min: 0, Avg:  0.0, Max: 0, Diff: 0, Sum: 0, Workers: 4
[5647.490s][debug][gc,phases      ] GC(214)     Total                          Min: 0, Avg:  0.0, Max: 0, Diff: 0, Sum: 0, Workers: 4
[5647.490s][debug][gc,phases      ] GC(214)   StringDedup Requests0 Weak     Min:  0.0, Avg:  0.0, Max:  0.0, Diff:  0.0, Sum:  0.0, Workers: 4
[5647.490s][debug][gc,phases      ] GC(214)     Dead                           Min: 0, Avg:  0.0, Max: 0, Diff: 0, Sum: 0, Workers: 4
[5647.490s][debug][gc,phases      ] GC(214)     Total                          Min: 0, Avg:  0.0, Max: 0, Diff: 0, Sum: 0, Workers: 4
[5647.490s][debug][gc,phases      ] GC(214)   StringDedup Requests1 Weak     Min:  0.0, Avg:  0.0, Max:  0.0, Diff:  0.0, Sum:  0.0, Workers: 4
[5647.490s][debug][gc,phases      ] GC(214)     Dead                           Min: 0, Avg:  0.0, Max: 0, Diff: 0, Sum: 0, Workers: 4
[5647.490s][debug][gc,phases      ] GC(214)     Total                          Min: 0, Avg:  0.0, Max: 0, Diff: 0, Sum: 0, Workers: 4
[5647.490s][debug][gc,phases      ] GC(214)   Weak JFR Old Object Samples    Min:  0.0, Avg:  0.0, Max:  0.0, Diff:  0.0, Sum:  0.0, Workers: 4
[5647.490s][debug][gc,phases      ] GC(214)     Dead                           Min: 0, Avg:  0.0, Max: 0, Diff: 0, Sum: 0, Workers: 4
[5647.490s][debug][gc,phases      ] GC(214)     Total                          Min: 0, Avg:  0.0, Max: 0, Diff: 0, Sum: 0, Workers: 4
[5647.490s][debug][gc,phases      ] GC(214) Weak Processing 0.329ms
[5647.490s][debug][gc,age         ] GC(214) Desired survivor size 167772160 bytes, new threshold 15 (max threshold 15)
[5647.490s][info ][gc,heap        ] GC(214) PSYoungGen: 1873546K(1932288K)->105359K(1932800K) Eden: 1768448K(1768448K)->0K(1768448K) From: 105098K(163840K)->105359K(164352K)
[5647.490s][info ][gc,heap        ] GC(214) ParOldGen: 533304K(613888K)->539097K(613888K)
[5647.490s][info ][gc,metaspace   ] GC(214) Metaspace: 87146K(88128K)->87146K(88128K) NonClass: 75149K(75584K)->75149K(75584K) Class: 11997K(12544K)->11997K(12544K)
[5647.490s][info ][gc             ] GC(214) Pause Young (Allocation Failure) 2350M->629M(2487M) 27.678ms
[5647.490s][info ][gc,cpu         ] GC(214) User=0.10s Sys=0.00s Real=0.03s
[5647.490s][info ][safepoint      ] Safepoint "ParallelGCFailedAllocation", Time since last: 3145316581 ns, Reaching safepoint: 132302 ns, At safepoint: 27793867 ns, Total: 27926169 ns
[5648.491s][info ][safepoint      ] Safepoint "Cleanup", Time since last: 1000089080 ns, Reaching safepoint: 53701 ns, At safepoint: 7601 ns, Total: 61302 ns
[5649.491s][info ][safepoint      ] Safepoint "Cleanup", Time since last: 1000113968 ns, Reaching safepoint: 32501 ns, At safepoint: 4100 ns, Total: 36601 ns
[5652.235s][info ][gc,start       ] GC(215) Pause Young (Allocation Failure)
[5652.261s][debug][gc,phases      ] GC(215) Scavenge 26.507ms
[5652.261s][debug][gc,ref         ] GC(215) Skipped phase 1 of Reference Processing: no references
[5652.262s][debug][gc,ref         ] GC(215) ReferenceProcessor::execute queues: 1, RefProcThreadModel::Single, marks_oops_alive: false
[5652.262s][debug][gc,ref         ] GC(215) Skipped phase 3 of Reference Processing: no references
[5652.262s][debug][gc,ref         ] GC(215) ReferenceProcessor::execute queues: 1, RefProcThreadModel::Single, marks_oops_alive: false
[5652.262s][debug][gc,phases      ] GC(215) Reference Processing 0.160ms
[5652.262s][debug][gc,phases      ] GC(215)   VM Weak                        Min:  0.0, Avg:  0.0, Max:  0.0, Diff:  0.0, Sum:  0.0, Workers: 4
[5652.262s][debug][gc,phases      ] GC(215)     Dead                           Min: 0, Avg:  0.0, Max: 0, Diff: 0, Sum: 0, Workers: 4
[5652.262s][debug][gc,phases      ] GC(215)     Total                          Min: 0, Avg: 162.2, Max: 508, Diff: 508, Sum: 649, Workers: 4
[5652.262s][debug][gc,phases      ] GC(215)   ObjectSynchronizer Weak        Min:  0.0, Avg:  0.0, Max:  0.0, Diff:  0.0, Sum:  0.0, Workers: 4
[5652.262s][debug][gc,phases      ] GC(215)     Dead                           Min: 0, Avg:  0.0, Max: 0, Diff: 0, Sum: 0, Workers: 4
[5652.262s][debug][gc,phases      ] GC(215)     Total                          Min: 0, Avg: 63.0, Max: 128, Diff: 128, Sum: 252, Workers: 4
[5652.262s][debug][gc,phases      ] GC(215)   JVMTI Tag Weak OopStorage      Min:  0.0, Avg:  0.0, Max:  0.0, Diff:  0.0, Sum:  0.0, Workers: 4
[5652.262s][debug][gc,phases      ] GC(215)     Dead                           Min: 0, Avg:  0.0, Max: 0, Diff: 0, Sum: 0, Workers: 4
[5652.262s][debug][gc,phases      ] GC(215)     Total                          Min: 0, Avg:  0.0, Max: 0, Diff: 0, Sum: 0, Workers: 4
[5652.262s][debug][gc,phases      ] GC(215)   StringTable Weak               Min:  0.1, Avg:  0.1, Max:  0.1, Diff:  0.0, Sum:  0.5, Workers: 4
[5652.262s][debug][gc,phases      ] GC(215)     Dead                           Min: 0, Avg:  0.0, Max: 0, Diff: 0, Sum: 0, Workers: 4
[5652.262s][debug][gc,phases      ] GC(215)     Total                          Min: 10944, Avg: 12322.0, Max: 13888, Diff: 2944, Sum: 49288, Workers: 4
[5652.262s][debug][gc,phases      ] GC(215)   ResolvedMethodTable Weak       Min:  0.0, Avg:  0.0, Max:  0.0, Diff:  0.0, Sum:  0.1, Workers: 4
[5652.262s][debug][gc,phases      ] GC(215)     Dead                           Min: 0, Avg:  0.0, Max: 0, Diff: 0, Sum: 0, Workers: 4
[5652.262s][debug][gc,phases      ] GC(215)     Total                          Min: 2063, Avg: 2275.8, Max: 2496, Diff: 433, Sum: 9103, Workers: 4
[5652.262s][debug][gc,phases      ] GC(215)   JNI Weak                       Min:  0.0, Avg:  0.0, Max:  0.0, Diff:  0.0, Sum:  0.0, Workers: 4
[5652.262s][debug][gc,phases      ] GC(215)     Dead                           Min: 0, Avg:  0.0, Max: 0, Diff: 0, Sum: 0, Workers: 4
[5652.262s][debug][gc,phases      ] GC(215)     Total                          Min: 0, Avg:  0.0, Max: 0, Diff: 0, Sum: 0, Workers: 4
[5652.262s][debug][gc,phases      ] GC(215)   StringDedup Table Weak         Min:  0.0, Avg:  0.0, Max:  0.0, Diff:  0.0, Sum:  0.0, Workers: 4
[5652.262s][debug][gc,phases      ] GC(215)     Dead                           Min: 0, Avg:  0.0, Max: 0, Diff: 0, Sum: 0, Workers: 4
[5652.262s][debug][gc,phases      ] GC(215)     Total                          Min: 0, Avg:  0.0, Max: 0, Diff: 0, Sum: 0, Workers: 4
[5652.262s][debug][gc,phases      ] GC(215)   StringDedup Requests0 Weak     Min:  0.0, Avg:  0.0, Max:  0.0, Diff:  0.0, Sum:  0.0, Workers: 4
[5652.262s][debug][gc,phases      ] GC(215)     Dead                           Min: 0, Avg:  0.0, Max: 0, Diff: 0, Sum: 0, Workers: 4
[5652.262s][debug][gc,phases      ] GC(215)     Total                          Min: 0, Avg:  0.0, Max: 0, Diff: 0, Sum: 0, Workers: 4
[5652.262s][debug][gc,phases      ] GC(215)   StringDedup Requests1 Weak     Min:  0.0, Avg:  0.0, Max:  0.0, Diff:  0.0, Sum:  0.0, Workers: 4
[5652.262s][debug][gc,phases      ] GC(215)     Dead                           Min: 0, Avg:  0.0, Max: 0, Diff: 0, Sum: 0, Workers: 4
[5652.262s][debug][gc,phases      ] GC(215)     Total                          Min: 0, Avg:  0.0, Max: 0, Diff: 0, Sum: 0, Workers: 4
[5652.262s][debug][gc,phases      ] GC(215)   Weak JFR Old Object Samples    Min:  0.0, Avg:  0.0, Max:  0.0, Diff:  0.0, Sum:  0.0, Workers: 4
[5652.262s][debug][gc,phases      ] GC(215)     Dead                           Min: 0, Avg:  0.0, Max: 0, Diff: 0, Sum: 0, Workers: 4
[5652.262s][debug][gc,phases      ] GC(215)     Total                          Min: 0, Avg:  0.0, Max: 0, Diff: 0, Sum: 0, Workers: 4
[5652.262s][debug][gc,phases      ] GC(215) Weak Processing 0.347ms
[5652.262s][debug][gc,age         ] GC(215) Desired survivor size 165675008 bytes, new threshold 15 (max threshold 15)
[5652.262s][info ][gc,heap        ] GC(215) PSYoungGen: 1873807K(1932800K)->102502K(1935360K) Eden: 1768448K(1768448K)->0K(1771520K) From: 105359K(164352K)->102502K(163840K)
[5652.262s][info ][gc,heap        ] GC(215) ParOldGen: 539097K(613888K)->545466K(613888K)
[5652.262s][info ][gc,metaspace   ] GC(215) Metaspace: 87153K(88128K)->87153K(88128K) NonClass: 75155K(75584K)->75155K(75584K) Class: 11998K(12544K)->11998K(12544K)
[5652.262s][info ][gc             ] GC(215) Pause Young (Allocation Failure) 2356M->632M(2489M) 27.185ms
[5652.262s][info ][gc,cpu         ] GC(215) User=0.10s Sys=0.00s Real=0.03s
[5652.262s][info ][safepoint      ] Safepoint "ParallelGCFailedAllocation", Time since last: 2744007220 ns, Reaching safepoint: 60401 ns, At safepoint: 27275355 ns, Total: 27335756 ns
[5653.262s][info ][safepoint      ] Safepoint "Cleanup", Time since last: 1000100420 ns, Reaching safepoint: 46801 ns, At safepoint: 3200 ns, Total: 50001 ns
[5655.262s][info ][safepoint      ] Safepoint "Cleanup", Time since last: 2000168303 ns, Reaching safepoint: 56101 ns, At safepoint: 5801 ns, Total: 61902 ns
[5662.263s][info ][safepoint      ] Safepoint "Cleanup", Time since last: 7000433314 ns, Reaching safepoint: 136603 ns, At safepoint: 17300 ns, Total: 153903 ns
[5662.407s][info ][gc,start       ] GC(216) Pause Young (Allocation Failure)
[5662.432s][debug][gc,phases      ] GC(216) Scavenge 25.053ms
[5662.432s][debug][gc,ref         ] GC(216) Skipped phase 1 of Reference Processing: no references
[5662.432s][debug][gc,ref         ] GC(216) ReferenceProcessor::execute queues: 1, RefProcThreadModel::Single, marks_oops_alive: false
[5662.432s][debug][gc,ref         ] GC(216) Skipped phase 3 of Reference Processing: no references
[5662.432s][debug][gc,ref         ] GC(216) ReferenceProcessor::execute queues: 1, RefProcThreadModel::Single, marks_oops_alive: false
[5662.432s][debug][gc,phases      ] GC(216) Reference Processing 0.185ms
[5662.432s][debug][gc,phases      ] GC(216)   VM Weak                        Min:  0.0, Avg:  0.0, Max:  0.0, Diff:  0.0, Sum:  0.0, Workers: 4
[5662.432s][debug][gc,phases      ] GC(216)     Dead                           Min: 0, Avg:  0.0, Max: 0, Diff: 0, Sum: 0, Workers: 4
[5662.432s][debug][gc,phases      ] GC(216)     Total                          Min: 0, Avg: 162.2, Max: 375, Diff: 375, Sum: 649, Workers: 4
[5662.432s][debug][gc,phases      ] GC(216)   ObjectSynchronizer Weak        Min:  0.0, Avg:  0.0, Max:  0.0, Diff:  0.0, Sum:  0.0, Workers: 4
[5662.432s][debug][gc,phases      ] GC(216)     Dead                           Min: 0, Avg:  0.0, Max: 0, Diff: 0, Sum: 0, Workers: 4
[5662.432s][debug][gc,phases      ] GC(216)     Total                          Min: 0, Avg: 63.0, Max: 128, Diff: 128, Sum: 252, Workers: 4
[5662.432s][debug][gc,phases      ] GC(216)   JVMTI Tag Weak OopStorage      Min:  0.0, Avg:  0.0, Max:  0.0, Diff:  0.0, Sum:  0.0, Workers: 4
[5662.432s][debug][gc,phases      ] GC(216)     Dead                           Min: 0, Avg:  0.0, Max: 0, Diff: 0, Sum: 0, Workers: 4
[5662.432s][debug][gc,phases      ] GC(216)     Total                          Min: 0, Avg:  0.0, Max: 0, Diff: 0, Sum: 0, Workers: 4
[5662.432s][debug][gc,phases      ] GC(216)   StringTable Weak               Min:  0.1, Avg:  0.1, Max:  0.1, Diff:  0.0, Sum:  0.4, Workers: 4
[5662.433s][debug][gc,phases      ] GC(216)     Dead                           Min: 0, Avg:  0.0, Max: 0, Diff: 0, Sum: 0, Workers: 4
[5662.433s][debug][gc,phases      ] GC(216)     Total                          Min: 11200, Avg: 12322.0, Max: 13056, Diff: 1856, Sum: 49288, Workers: 4
[5662.433s][debug][gc,phases      ] GC(216)   ResolvedMethodTable Weak       Min:  0.0, Avg:  0.0, Max:  0.0, Diff:  0.0, Sum:  0.1, Workers: 4
[5662.433s][debug][gc,phases      ] GC(216)     Dead                           Min: 0, Avg:  0.0, Max: 0, Diff: 0, Sum: 0, Workers: 4
[5662.433s][debug][gc,phases      ] GC(216)     Total                          Min: 1984, Avg: 2275.8, Max: 2383, Diff: 399, Sum: 9103, Workers: 4
[5662.433s][debug][gc,phases      ] GC(216)   JNI Weak                       Min:  0.0, Avg:  0.0, Max:  0.0, Diff:  0.0, Sum:  0.0, Workers: 4
[5662.433s][debug][gc,phases      ] GC(216)     Dead                           Min: 0, Avg:  0.0, Max: 0, Diff: 0, Sum: 0, Workers: 4
[5662.433s][debug][gc,phases      ] GC(216)     Total                          Min: 0, Avg:  0.8, Max: 3, Diff: 3, Sum: 3, Workers: 4
[5662.433s][debug][gc,phases      ] GC(216)   StringDedup Table Weak         Min:  0.0, Avg:  0.0, Max:  0.0, Diff:  0.0, Sum:  0.0, Workers: 4
[5662.433s][debug][gc,phases      ] GC(216)     Dead                           Min: 0, Avg:  0.0, Max: 0, Diff: 0, Sum: 0, Workers: 4
[5662.433s][debug][gc,phases      ] GC(216)     Total                          Min: 0, Avg:  0.0, Max: 0, Diff: 0, Sum: 0, Workers: 4
[5662.433s][debug][gc,phases      ] GC(216)   StringDedup Requests0 Weak     Min:  0.0, Avg:  0.0, Max:  0.0, Diff:  0.0, Sum:  0.0, Workers: 4
[5662.433s][debug][gc,phases      ] GC(216)     Dead                           Min: 0, Avg:  0.0, Max: 0, Diff: 0, Sum: 0, Workers: 4
[5662.433s][debug][gc,phases      ] GC(216)     Total                          Min: 0, Avg:  0.0, Max: 0, Diff: 0, Sum: 0, Workers: 4
[5662.433s][debug][gc,phases      ] GC(216)   StringDedup Requests1 Weak     Min:  0.0, Avg:  0.0, Max:  0.0, Diff:  0.0, Sum:  0.0, Workers: 4
[5662.433s][debug][gc,phases      ] GC(216)     Dead                           Min: 0, Avg:  0.0, Max: 0, Diff: 0, Sum: 0, Workers: 4
[5662.433s][debug][gc,phases      ] GC(216)     Total                          Min: 0, Avg:  0.0, Max: 0, Diff: 0, Sum: 0, Workers: 4
[5662.433s][debug][gc,phases      ] GC(216)   Weak JFR Old Object Samples    Min:  0.0, Avg:  0.0, Max:  0.0, Diff:  0.0, Sum:  0.0, Workers: 4
[5662.433s][debug][gc,phases      ] GC(216)     Dead                           Min: 0, Avg:  0.0, Max: 0, Diff: 0, Sum: 0, Workers: 4
[5662.433s][debug][gc,phases      ] GC(216)     Total                          Min: 0, Avg:  0.0, Max: 0, Diff: 0, Sum: 0, Workers: 4
[5662.433s][debug][gc,phases      ] GC(216) Weak Processing 0.331ms
[5662.433s][debug][gc,age         ] GC(216) Desired survivor size 159907840 bytes, new threshold 15 (max threshold 15)
[5662.433s][info ][gc,heap        ] GC(216) PSYoungGen: 1874022K(1935360K)->93470K(1933312K) Eden: 1771520K(1771520K)->0K(1771520K) From: 102502K(163840K)->93470K(161792K)
[5662.433s][info ][gc,heap        ] GC(216) ParOldGen: 545466K(613888K)->557985K(613888K)
[5662.433s][info ][gc,metaspace   ] GC(216) Metaspace: 87163K(88128K)->87163K(88128K) NonClass: 75165K(75584K)->75165K(75584K) Class: 11998K(12544K)->11998K(12544K)
[5662.433s][info ][gc             ] GC(216) Pause Young (Allocation Failure) 2362M->636M(2487M) 25.702ms
[5662.433s][info ][gc,cpu         ] GC(216) User=0.11s Sys=0.00s Real=0.03s
[5662.433s][info ][safepoint      ] Safepoint "ParallelGCFailedAllocation", Time since last: 143794504 ns, Reaching safepoint: 119203 ns, At safepoint: 25794321 ns, Total: 25913524 ns
[5663.433s][info ][safepoint      ] Safepoint "Cleanup", Time since last: 1000084393 ns, Reaching safepoint: 46501 ns, At safepoint: 3200 ns, Total: 49701 ns
[5666.433s][info ][safepoint      ] Safepoint "Cleanup", Time since last: 3000234708 ns, Reaching safepoint: 51501 ns, At safepoint: 8700 ns, Total: 60201 ns
[5670.434s][info ][safepoint      ] Safepoint "Cleanup", Time since last: 4000310906 ns, Reaching safepoint: 39201 ns, At safepoint: 19200 ns, Total: 58401 ns
[5674.434s][info ][safepoint      ] Safepoint "Cleanup", Time since last: 4000286811 ns, Reaching safepoint: 57701 ns, At safepoint: 5700 ns, Total: 63401 ns
[5675.434s][info ][safepoint      ] Safepoint "Cleanup", Time since last: 1000115849 ns, Reaching safepoint: 83202 ns, At safepoint: 9000 ns, Total: 92202 ns
[5694.154s][info ][gc,start       ] GC(217) Pause Young (Allocation Failure)
[5694.179s][debug][gc,phases      ] GC(217) Scavenge 24.930ms
[5694.179s][debug][gc,ref         ] GC(217) Skipped phase 1 of Reference Processing: no references
[5694.179s][debug][gc,ref         ] GC(217) ReferenceProcessor::execute queues: 1, RefProcThreadModel::Single, marks_oops_alive: false
[5694.179s][debug][gc,ref         ] GC(217) Skipped phase 3 of Reference Processing: no references
[5694.179s][debug][gc,ref         ] GC(217) ReferenceProcessor::execute queues: 1, RefProcThreadModel::Single, marks_oops_alive: false
[5694.179s][debug][gc,phases      ] GC(217) Reference Processing 0.201ms
[5694.179s][debug][gc,phases      ] GC(217)   VM Weak                        Min:  0.0, Avg:  0.0, Max:  0.0, Diff:  0.0, Sum:  0.0, Workers: 4
[5694.179s][debug][gc,phases      ] GC(217)     Dead                           Min: 0, Avg:  0.0, Max: 0, Diff: 0, Sum: 0, Workers: 4
[5694.179s][debug][gc,phases      ] GC(217)     Total                          Min: 0, Avg: 162.2, Max: 329, Diff: 329, Sum: 649, Workers: 4
[5694.179s][debug][gc,phases      ] GC(217)   ObjectSynchronizer Weak        Min:  0.0, Avg:  0.0, Max:  0.0, Diff:  0.0, Sum:  0.0, Workers: 4
[5694.179s][debug][gc,phases      ] GC(217)     Dead                           Min: 0, Avg:  0.0, Max: 0, Diff: 0, Sum: 0, Workers: 4
[5694.179s][debug][gc,phases      ] GC(217)     Total                          Min: 0, Avg: 63.0, Max: 128, Diff: 128, Sum: 252, Workers: 4
[5694.179s][debug][gc,phases      ] GC(217)   JVMTI Tag Weak OopStorage      Min:  0.0, Avg:  0.0, Max:  0.0, Diff:  0.0, Sum:  0.0, Workers: 4
[5694.179s][debug][gc,phases      ] GC(217)     Dead                           Min: 0, Avg:  0.0, Max: 0, Diff: 0, Sum: 0, Workers: 4
[5694.179s][debug][gc,phases      ] GC(217)     Total                          Min: 0, Avg:  0.0, Max: 0, Diff: 0, Sum: 0, Workers: 4
[5694.179s][debug][gc,phases      ] GC(217)   StringTable Weak               Min:  0.1, Avg:  0.2, Max:  0.2, Diff:  0.0, Sum:  0.6, Workers: 4
[5694.179s][debug][gc,phases      ] GC(217)     Dead                           Min: 0, Avg:  0.0, Max: 0, Diff: 0, Sum: 0, Workers: 4
[5694.179s][debug][gc,phases      ] GC(217)     Total                          Min: 11392, Avg: 12322.2, Max: 13312, Diff: 1920, Sum: 49289, Workers: 4
[5694.179s][debug][gc,phases      ] GC(217)   ResolvedMethodTable Weak       Min:  0.0, Avg:  0.0, Max:  0.0, Diff:  0.0, Sum:  0.1, Workers: 4
[5694.179s][debug][gc,phases      ] GC(217)     Dead                           Min: 0, Avg:  0.0, Max: 0, Diff: 0, Sum: 0, Workers: 4
[5694.179s][debug][gc,phases      ] GC(217)     Total                          Min: 1807, Avg: 2275.8, Max: 2688, Diff: 881, Sum: 9103, Workers: 4
[5694.179s][debug][gc,phases      ] GC(217)   JNI Weak                       Min:  0.0, Avg:  0.0, Max:  0.0, Diff:  0.0, Sum:  0.0, Workers: 4
[5694.179s][debug][gc,phases      ] GC(217)     Dead                           Min: 0, Avg:  0.0, Max: 0, Diff: 0, Sum: 0, Workers: 4
[5694.179s][debug][gc,phases      ] GC(217)     Total                          Min: 0, Avg:  0.0, Max: 0, Diff: 0, Sum: 0, Workers: 4
[5694.179s][debug][gc,phases      ] GC(217)   StringDedup Table Weak         Min:  0.0, Avg:  0.0, Max:  0.0, Diff:  0.0, Sum:  0.0, Workers: 4
[5694.179s][debug][gc,phases      ] GC(217)     Dead                           Min: 0, Avg:  0.0, Max: 0, Diff: 0, Sum: 0, Workers: 4
[5694.179s][debug][gc,phases      ] GC(217)     Total                          Min: 0, Avg:  0.0, Max: 0, Diff: 0, Sum: 0, Workers: 4
[5694.179s][debug][gc,phases      ] GC(217)   StringDedup Requests0 Weak     Min:  0.0, Avg:  0.0, Max:  0.0, Diff:  0.0, Sum:  0.0, Workers: 4
[5694.179s][debug][gc,phases      ] GC(217)     Dead                           Min: 0, Avg:  0.0, Max: 0, Diff: 0, Sum: 0, Workers: 4
[5694.179s][debug][gc,phases      ] GC(217)     Total                          Min: 0, Avg:  0.0, Max: 0, Diff: 0, Sum: 0, Workers: 4
[5694.179s][debug][gc,phases      ] GC(217)   StringDedup Requests1 Weak     Min:  0.0, Avg:  0.0, Max:  0.0, Diff:  0.0, Sum:  0.0, Workers: 4
[5694.179s][debug][gc,phases      ] GC(217)     Dead                           Min: 0, Avg:  0.0, Max: 0, Diff: 0, Sum: 0, Workers: 4
[5694.179s][debug][gc,phases      ] GC(217)     Total                          Min: 0, Avg:  0.0, Max: 0, Diff: 0, Sum: 0, Workers: 4
[5694.179s][debug][gc,phases      ] GC(217)   Weak JFR Old Object Samples    Min:  0.0, Avg:  0.0, Max:  0.0, Diff:  0.0, Sum:  0.0, Workers: 4
[5694.179s][debug][gc,phases      ] GC(217)     Dead                           Min: 0, Avg:  0.0, Max: 0, Diff: 0, Sum: 0, Workers: 4
[5694.179s][debug][gc,phases      ] GC(217)     Total                          Min: 0, Avg:  0.0, Max: 0, Diff: 0, Sum: 0, Workers: 4
[5694.179s][debug][gc,phases      ] GC(217) Weak Processing 0.379ms
[5694.179s][debug][gc,age         ] GC(217) Desired survivor size 154664960 bytes, new threshold 15 (max threshold 15)
[5694.179s][info ][gc,heap        ] GC(217) PSYoungGen: 1864990K(1933312K)->79837K(1946112K) Eden: 1771520K(1771520K)->0K(1789952K) From: 93470K(161792K)->79837K(156160K)
[5694.179s][info ][gc,heap        ] GC(217) ParOldGen: 557985K(613888K)->571060K(613888K)
[5694.180s][info ][gc,metaspace   ] GC(217) Metaspace: 87163K(88128K)->87163K(88128K) NonClass: 75165K(75584K)->75165K(75584K) Class: 11998K(12544K)->11998K(12544K)
[5694.180s][info ][gc             ] GC(217) Pause Young (Allocation Failure) 2366M->635M(2500M) 25.687ms
[5694.180s][info ][gc,cpu         ] GC(217) User=0.10s Sys=0.01s Real=0.02s
[5694.180s][info ][safepoint      ] Safepoint "ParallelGCFailedAllocation", Time since last: 18719617567 ns, Reaching safepoint: 113402 ns, At safepoint: 25794111 ns, Total: 25907513 ns
[5702.180s][info ][safepoint      ] Safepoint "Cleanup", Time since last: 8000488095 ns, Reaching safepoint: 45001 ns, At safepoint: 5500 ns, Total: 50501 ns
[5713.181s][info ][safepoint      ] Safepoint "Cleanup", Time since last: 11000791032 ns, Reaching safepoint: 50301 ns, At safepoint: 3000 ns, Total: 53301 ns
[5725.182s][info ][safepoint      ] Safepoint "Cleanup", Time since last: 12000800560 ns, Reaching safepoint: 48201 ns, At safepoint: 3000 ns, Total: 51201 ns
[5741.213s][info ][gc,start       ] GC(218) Pause Young (Allocation Failure)
[5741.229s][debug][gc,phases      ] GC(218) Scavenge 16.462ms
[5741.229s][debug][gc,ref         ] GC(218) Skipped phase 1 of Reference Processing: no references
[5741.230s][debug][gc,ref         ] GC(218) ReferenceProcessor::execute queues: 1, RefProcThreadModel::Single, marks_oops_alive: false
[5741.230s][debug][gc,ref         ] GC(218) Skipped phase 3 of Reference Processing: no references
[5741.230s][debug][gc,ref         ] GC(218) ReferenceProcessor::execute queues: 1, RefProcThreadModel::Single, marks_oops_alive: false
[5741.230s][debug][gc,phases      ] GC(218) Reference Processing 0.130ms
[5741.230s][debug][gc,phases      ] GC(218)   VM Weak                        Min:  0.0, Avg:  0.0, Max:  0.0, Diff:  0.0, Sum:  0.0, Workers: 4
[5741.230s][debug][gc,phases      ] GC(218)     Dead                           Min: 0, Avg:  0.0, Max: 0, Diff: 0, Sum: 0, Workers: 4
[5741.230s][debug][gc,phases      ] GC(218)     Total                          Min: 0, Avg: 162.2, Max: 649, Diff: 649, Sum: 649, Workers: 4
[5741.230s][debug][gc,phases      ] GC(218)   ObjectSynchronizer Weak        Min:  0.0, Avg:  0.0, Max:  0.0, Diff:  0.0, Sum:  0.0, Workers: 4
[5741.230s][debug][gc,phases      ] GC(218)     Dead                           Min: 0, Avg:  0.0, Max: 0, Diff: 0, Sum: 0, Workers: 4
[5741.230s][debug][gc,phases      ] GC(218)     Total                          Min: 0, Avg: 63.0, Max: 128, Diff: 128, Sum: 252, Workers: 4
[5741.230s][debug][gc,phases      ] GC(218)   JVMTI Tag Weak OopStorage      Min:  0.0, Avg:  0.0, Max:  0.0, Diff:  0.0, Sum:  0.0, Workers: 4
[5741.230s][debug][gc,phases      ] GC(218)     Dead                           Min: 0, Avg:  0.0, Max: 0, Diff: 0, Sum: 0, Workers: 4
[5741.230s][debug][gc,phases      ] GC(218)     Total                          Min: 0, Avg:  0.0, Max: 0, Diff: 0, Sum: 0, Workers: 4
[5741.230s][debug][gc,phases      ] GC(218)   StringTable Weak               Min:  0.1, Avg:  0.1, Max:  0.1, Diff:  0.0, Sum:  0.4, Workers: 4
[5741.230s][debug][gc,phases      ] GC(218)     Dead                           Min: 0, Avg:  0.0, Max: 0, Diff: 0, Sum: 0, Workers: 4
[5741.230s][debug][gc,phases      ] GC(218)     Total                          Min: 11840, Avg: 12322.2, Max: 12864, Diff: 1024, Sum: 49289, Workers: 4
[5741.230s][debug][gc,phases      ] GC(218)   ResolvedMethodTable Weak       Min:  0.0, Avg:  0.0, Max:  0.0, Diff:  0.0, Sum:  0.1, Workers: 4
[5741.230s][debug][gc,phases      ] GC(218)     Dead                           Min: 0, Avg:  0.0, Max: 0, Diff: 0, Sum: 0, Workers: 4
[5741.230s][debug][gc,phases      ] GC(218)     Total                          Min: 2048, Avg: 2275.8, Max: 2432, Diff: 384, Sum: 9103, Workers: 4
[5741.230s][debug][gc,phases      ] GC(218)   JNI Weak                       Min:  0.0, Avg:  0.0, Max:  0.0, Diff:  0.0, Sum:  0.0, Workers: 4
[5741.230s][debug][gc,phases      ] GC(218)     Dead                           Min: 0, Avg:  0.0, Max: 0, Diff: 0, Sum: 0, Workers: 4
[5741.230s][debug][gc,phases      ] GC(218)     Total                          Min: 0, Avg:  0.0, Max: 0, Diff: 0, Sum: 0, Workers: 4
[5741.230s][debug][gc,phases      ] GC(218)   StringDedup Table Weak         Min:  0.0, Avg:  0.0, Max:  0.0, Diff:  0.0, Sum:  0.0, Workers: 4
[5741.230s][debug][gc,phases      ] GC(218)     Dead                           Min: 0, Avg:  0.0, Max: 0, Diff: 0, Sum: 0, Workers: 4
[5741.230s][debug][gc,phases      ] GC(218)     Total                          Min: 0, Avg:  0.0, Max: 0, Diff: 0, Sum: 0, Workers: 4
[5741.230s][debug][gc,phases      ] GC(218)   StringDedup Requests0 Weak     Min:  0.0, Avg:  0.0, Max:  0.0, Diff:  0.0, Sum:  0.0, Workers: 4
[5741.230s][debug][gc,phases      ] GC(218)     Dead                           Min: 0, Avg:  0.0, Max: 0, Diff: 0, Sum: 0, Workers: 4
[5741.230s][debug][gc,phases      ] GC(218)     Total                          Min: 0, Avg:  0.0, Max: 0, Diff: 0, Sum: 0, Workers: 4
[5741.230s][debug][gc,phases      ] GC(218)   StringDedup Requests1 Weak     Min:  0.0, Avg:  0.0, Max:  0.0, Diff:  0.0, Sum:  0.0, Workers: 4
[5741.230s][debug][gc,phases      ] GC(218)     Dead                           Min: 0, Avg:  0.0, Max: 0, Diff: 0, Sum: 0, Workers: 4
[5741.230s][debug][gc,phases      ] GC(218)     Total                          Min: 0, Avg:  0.0, Max: 0, Diff: 0, Sum: 0, Workers: 4
[5741.230s][debug][gc,phases      ] GC(218)   Weak JFR Old Object Samples    Min:  0.0, Avg:  0.0, Max:  0.0, Diff:  0.0, Sum:  0.0, Workers: 4
[5741.230s][debug][gc,phases      ] GC(218)     Dead                           Min: 0, Avg:  0.0, Max: 0, Diff: 0, Sum: 0, Workers: 4
[5741.230s][debug][gc,phases      ] GC(218)     Total                          Min: 0, Avg:  0.0, Max: 0, Diff: 0, Sum: 0, Workers: 4
[5741.230s][debug][gc,phases      ] GC(218) Weak Processing 0.339ms
[5741.230s][debug][gc,age         ] GC(218) Desired survivor size 150470656 bytes, new threshold 15 (max threshold 15)
[5741.230s][info ][gc,heap        ] GC(218) PSYoungGen: 1869789K(1946112K)->76989K(1940992K) Eden: 1789952K(1789952K)->0K(1789952K) From: 79837K(156160K)->76989K(151040K)
[5741.230s][info ][gc,heap        ] GC(218) ParOldGen: 571060K(613888K)->572956K(613888K)
[5741.230s][info ][gc,metaspace   ] GC(218) Metaspace: 87167K(88192K)->87167K(88192K) NonClass: 75169K(75648K)->75169K(75648K) Class: 11998K(12544K)->11998K(12544K)
[5741.230s][info ][gc             ] GC(218) Pause Young (Allocation Failure) 2383M->634M(2495M) 17.075ms
[5741.230s][info ][gc,cpu         ] GC(218) User=0.06s Sys=0.01s Real=0.02s
[5741.230s][info ][safepoint      ] Safepoint "ParallelGCFailedAllocation", Time since last: 16030945654 ns, Reaching safepoint: 46101 ns, At safepoint: 17181332 ns, Total: 17227433 ns
[5758.231s][info ][safepoint      ] Safepoint "Cleanup", Time since last: 17001147996 ns, Reaching safepoint: 46901 ns, At safepoint: 3200 ns, Total: 50101 ns
[5761.232s][info ][safepoint      ] Safepoint "Cleanup", Time since last: 3000344728 ns, Reaching safepoint: 46701 ns, At safepoint: 10400 ns, Total: 57101 ns
[5763.232s][info ][safepoint      ] Safepoint "Cleanup", Time since last: 2000201968 ns, Reaching safepoint: 52101 ns, At safepoint: 5700 ns, Total: 57801 ns
[5771.233s][info ][safepoint      ] Safepoint "Cleanup", Time since last: 8000657263 ns, Reaching safepoint: 59402 ns, At safepoint: 8000 ns, Total: 67402 ns
[5772.233s][info ][safepoint      ] Safepoint "Cleanup", Time since last: 1000132789 ns, Reaching safepoint: 66901 ns, At safepoint: 13000 ns, Total: 79901 ns
[5776.661s][info ][gc,start       ] GC(219) Pause Young (Allocation Failure)
[5776.692s][debug][gc,phases      ] GC(219) Scavenge 31.596ms
[5776.692s][debug][gc,ref         ] GC(219) Skipped phase 1 of Reference Processing: no references
[5776.692s][debug][gc,ref         ] GC(219) ReferenceProcessor::execute queues: 1, RefProcThreadModel::Single, marks_oops_alive: false
[5776.692s][debug][gc,ref         ] GC(219) Skipped phase 3 of Reference Processing: no references
[5776.692s][debug][gc,ref         ] GC(219) ReferenceProcessor::execute queues: 1, RefProcThreadModel::Single, marks_oops_alive: false
[5776.692s][debug][gc,phases      ] GC(219) Reference Processing 0.139ms
[5776.693s][debug][gc,phases      ] GC(219)   VM Weak                        Min:  0.0, Avg:  0.0, Max:  0.0, Diff:  0.0, Sum:  0.0, Workers: 4
[5776.693s][debug][gc,phases      ] GC(219)     Dead                           Min: 0, Avg:  0.0, Max: 0, Diff: 0, Sum: 0, Workers: 4
[5776.693s][debug][gc,phases      ] GC(219)     Total                          Min: 0, Avg: 162.2, Max: 329, Diff: 329, Sum: 649, Workers: 4
[5776.693s][debug][gc,phases      ] GC(219)   ObjectSynchronizer Weak        Min:  0.0, Avg:  0.0, Max:  0.0, Diff:  0.0, Sum:  0.0, Workers: 4
[5776.693s][debug][gc,phases      ] GC(219)     Dead                           Min: 0, Avg:  0.0, Max: 0, Diff: 0, Sum: 0, Workers: 4
[5776.693s][debug][gc,phases      ] GC(219)     Total                          Min: 0, Avg: 63.0, Max: 128, Diff: 128, Sum: 252, Workers: 4
[5776.693s][debug][gc,phases      ] GC(219)   JVMTI Tag Weak OopStorage      Min:  0.0, Avg:  0.0, Max:  0.0, Diff:  0.0, Sum:  0.0, Workers: 4
[5776.693s][debug][gc,phases      ] GC(219)     Dead                           Min: 0, Avg:  0.0, Max: 0, Diff: 0, Sum: 0, Workers: 4
[5776.693s][debug][gc,phases      ] GC(219)     Total                          Min: 0, Avg:  0.0, Max: 0, Diff: 0, Sum: 0, Workers: 4
[5776.693s][debug][gc,phases      ] GC(219)   StringTable Weak               Min:  0.1, Avg:  0.1, Max:  0.1, Diff:  0.0, Sum:  0.5, Workers: 4
[5776.693s][debug][gc,phases      ] GC(219)     Dead                           Min: 0, Avg:  0.0, Max: 0, Diff: 0, Sum: 0, Workers: 4
[5776.693s][debug][gc,phases      ] GC(219)     Total                          Min: 10496, Avg: 12322.2, Max: 13513, Diff: 3017, Sum: 49289, Workers: 4
[5776.693s][debug][gc,phases      ] GC(219)   ResolvedMethodTable Weak       Min:  0.0, Avg:  0.0, Max:  0.0, Diff:  0.0, Sum:  0.1, Workers: 4
[5776.693s][debug][gc,phases      ] GC(219)     Dead                           Min: 0, Avg:  0.0, Max: 0, Diff: 0, Sum: 0, Workers: 4
[5776.693s][debug][gc,phases      ] GC(219)     Total                          Min: 2048, Avg: 2275.8, Max: 2383, Diff: 335, Sum: 9103, Workers: 4
[5776.693s][debug][gc,phases      ] GC(219)   JNI Weak                       Min:  0.0, Avg:  0.0, Max:  0.0, Diff:  0.0, Sum:  0.0, Workers: 4
[5776.693s][debug][gc,phases      ] GC(219)     Dead                           Min: 0, Avg:  0.0, Max: 0, Diff: 0, Sum: 0, Workers: 4
[5776.693s][debug][gc,phases      ] GC(219)     Total                          Min: 0, Avg:  0.0, Max: 0, Diff: 0, Sum: 0, Workers: 4
[5776.693s][debug][gc,phases      ] GC(219)   StringDedup Table Weak         Min:  0.0, Avg:  0.0, Max:  0.0, Diff:  0.0, Sum:  0.0, Workers: 4
[5776.693s][debug][gc,phases      ] GC(219)     Dead                           Min: 0, Avg:  0.0, Max: 0, Diff: 0, Sum: 0, Workers: 4
[5776.693s][debug][gc,phases      ] GC(219)     Total                          Min: 0, Avg:  0.0, Max: 0, Diff: 0, Sum: 0, Workers: 4
[5776.693s][debug][gc,phases      ] GC(219)   StringDedup Requests0 Weak     Min:  0.0, Avg:  0.0, Max:  0.0, Diff:  0.0, Sum:  0.0, Workers: 4
[5776.693s][debug][gc,phases      ] GC(219)     Dead                           Min: 0, Avg:  0.0, Max: 0, Diff: 0, Sum: 0, Workers: 4
[5776.693s][debug][gc,phases      ] GC(219)     Total                          Min: 0, Avg:  0.0, Max: 0, Diff: 0, Sum: 0, Workers: 4
[5776.693s][debug][gc,phases      ] GC(219)   StringDedup Requests1 Weak     Min:  0.0, Avg:  0.0, Max:  0.0, Diff:  0.0, Sum:  0.0, Workers: 4
[5776.693s][debug][gc,phases      ] GC(219)     Dead                           Min: 0, Avg:  0.0, Max: 0, Diff: 0, Sum: 0, Workers: 4
[5776.693s][debug][gc,phases      ] GC(219)     Total                          Min: 0, Avg:  0.0, Max: 0, Diff: 0, Sum: 0, Workers: 4
[5776.693s][debug][gc,phases      ] GC(219)   Weak JFR Old Object Samples    Min:  0.0, Avg:  0.0, Max:  0.0, Diff:  0.0, Sum:  0.0, Workers: 4
[5776.693s][debug][gc,phases      ] GC(219)     Dead                           Min: 0, Avg:  0.0, Max: 0, Diff: 0, Sum: 0, Workers: 4
[5776.693s][debug][gc,phases      ] GC(219)     Total                          Min: 0, Avg:  0.0, Max: 0, Diff: 0, Sum: 0, Workers: 4
[5776.693s][debug][gc,phases      ] GC(219) Weak Processing 0.350ms
[5776.693s][debug][gc,age         ] GC(219) Desired survivor size 146276352 bytes, new threshold 15 (max threshold 15)
[5776.693s][info ][gc,heap        ] GC(219) PSYoungGen: 1866941K(1940992K)->75200K(1954304K) Eden: 1789952K(1789952K)->0K(1807360K) From: 76989K(151040K)->75200K(146944K)
[5776.693s][info ][gc,heap        ] GC(219) ParOldGen: 572956K(613888K)->579765K(613888K)
[5776.693s][info ][gc,metaspace   ] GC(219) Metaspace: 87171K(88192K)->87171K(88192K) NonClass: 75173K(75648K)->75173K(75648K) Class: 11998K(12544K)->11998K(12544K)
[5776.693s][info ][gc             ] GC(219) Pause Young (Allocation Failure) 2382M->639M(2508M) 32.268ms
[5776.693s][info ][gc,cpu         ] GC(219) User=0.13s Sys=0.00s Real=0.04s
[5776.693s][info ][safepoint      ] Safepoint "ParallelGCFailedAllocation", Time since last: 4427601244 ns, Reaching safepoint: 158403 ns, At safepoint: 32419214 ns, Total: 32577617 ns
[5777.693s][info ][safepoint      ] Safepoint "Cleanup", Time since last: 1000094734 ns, Reaching safepoint: 44401 ns, At safepoint: 5000 ns, Total: 49401 ns
[5778.693s][info ][safepoint      ] Safepoint "Cleanup", Time since last: 1000144626 ns, Reaching safepoint: 36500 ns, At safepoint: 4400 ns, Total: 40900 ns
[5779.693s][info ][safepoint      ] Safepoint "Cleanup", Time since last: 1000136916 ns, Reaching safepoint: 52301 ns, At safepoint: 6900 ns, Total: 59201 ns
[5780.694s][info ][safepoint      ] Safepoint "Cleanup", Time since last: 1000116305 ns, Reaching safepoint: 50001 ns, At safepoint: 3200 ns, Total: 53201 ns
[5781.694s][info ][safepoint      ] Safepoint "Cleanup", Time since last: 1000115095 ns, Reaching safepoint: 48001 ns, At safepoint: 7100 ns, Total: 55101 ns
[5782.694s][info ][safepoint      ] Safepoint "Cleanup", Time since last: 1000107586 ns, Reaching safepoint: 48801 ns, At safepoint: 8200 ns, Total: 57001 ns
[5784.694s][info ][safepoint      ] Safepoint "Cleanup", Time since last: 2000173241 ns, Reaching safepoint: 117102 ns, At safepoint: 14100 ns, Total: 131202 ns
[5785.694s][info ][safepoint      ] Safepoint "Cleanup", Time since last: 1000105756 ns, Reaching safepoint: 46101 ns, At safepoint: 2900 ns, Total: 49001 ns
[5786.695s][info ][safepoint      ] Safepoint "Cleanup", Time since last: 1000098647 ns, Reaching safepoint: 51401 ns, At safepoint: 3000 ns, Total: 54401 ns
[5787.695s][info ][safepoint      ] Safepoint "Cleanup", Time since last: 1000152938 ns, Reaching safepoint: 53401 ns, At safepoint: 9000 ns, Total: 62401 ns
[5789.333s][info ][gc,start       ] GC(220) Pause Young (Allocation Failure)
[5789.355s][debug][gc,phases      ] GC(220) Scavenge 21.855ms
[5789.355s][debug][gc,ref         ] GC(220) Skipped phase 1 of Reference Processing: no references
[5789.355s][debug][gc,ref         ] GC(220) ReferenceProcessor::execute queues: 1, RefProcThreadModel::Single, marks_oops_alive: false
[5789.355s][debug][gc,ref         ] GC(220) Skipped phase 3 of Reference Processing: no references
[5789.355s][debug][gc,ref         ] GC(220) ReferenceProcessor::execute queues: 1, RefProcThreadModel::Single, marks_oops_alive: false
[5789.355s][debug][gc,phases      ] GC(220) Reference Processing 0.135ms
[5789.355s][debug][gc,phases      ] GC(220)   VM Weak                        Min:  0.0, Avg:  0.0, Max:  0.0, Diff:  0.0, Sum:  0.0, Workers: 4
[5789.355s][debug][gc,phases      ] GC(220)     Dead                           Min: 0, Avg:  0.0, Max: 0, Diff: 0, Sum: 0, Workers: 4
[5789.355s][debug][gc,phases      ] GC(220)     Total                          Min: 0, Avg: 162.2, Max: 375, Diff: 375, Sum: 649, Workers: 4
[5789.355s][debug][gc,phases      ] GC(220)   ObjectSynchronizer Weak        Min:  0.0, Avg:  0.0, Max:  0.0, Diff:  0.0, Sum:  0.0, Workers: 4
[5789.355s][debug][gc,phases      ] GC(220)     Dead                           Min: 0, Avg:  0.0, Max: 0, Diff: 0, Sum: 0, Workers: 4
[5789.355s][debug][gc,phases      ] GC(220)     Total                          Min: 0, Avg: 63.0, Max: 128, Diff: 128, Sum: 252, Workers: 4
[5789.355s][debug][gc,phases      ] GC(220)   JVMTI Tag Weak OopStorage      Min:  0.0, Avg:  0.0, Max:  0.0, Diff:  0.0, Sum:  0.0, Workers: 4
[5789.355s][debug][gc,phases      ] GC(220)     Dead                           Min: 0, Avg:  0.0, Max: 0, Diff: 0, Sum: 0, Workers: 4
[5789.355s][debug][gc,phases      ] GC(220)     Total                          Min: 0, Avg:  0.0, Max: 0, Diff: 0, Sum: 0, Workers: 4
[5789.355s][debug][gc,phases      ] GC(220)   StringTable Weak               Min:  0.1, Avg:  0.1, Max:  0.1, Diff:  0.0, Sum:  0.4, Workers: 4
[5789.355s][debug][gc,phases      ] GC(220)     Dead                           Min: 0, Avg:  0.0, Max: 0, Diff: 0, Sum: 0, Workers: 4
[5789.355s][debug][gc,phases      ] GC(220)     Total                          Min: 10944, Avg: 12322.2, Max: 13248, Diff: 2304, Sum: 49289, Workers: 4
[5789.355s][debug][gc,phases      ] GC(220)   ResolvedMethodTable Weak       Min:  0.0, Avg:  0.0, Max:  0.0, Diff:  0.0, Sum:  0.1, Workers: 4
[5789.355s][debug][gc,phases      ] GC(220)     Dead                           Min: 0, Avg:  0.0, Max: 0, Diff: 0, Sum: 0, Workers: 4
[5789.355s][debug][gc,phases      ] GC(220)     Total                          Min: 2176, Avg: 2275.8, Max: 2432, Diff: 256, Sum: 9103, Workers: 4
[5789.355s][debug][gc,phases      ] GC(220)   JNI Weak                       Min:  0.0, Avg:  0.0, Max:  0.0, Diff:  0.0, Sum:  0.0, Workers: 4
[5789.355s][debug][gc,phases      ] GC(220)     Dead                           Min: 0, Avg:  0.0, Max: 0, Diff: 0, Sum: 0, Workers: 4
[5789.355s][debug][gc,phases      ] GC(220)     Total                          Min: 0, Avg:  0.0, Max: 0, Diff: 0, Sum: 0, Workers: 4
[5789.355s][debug][gc,phases      ] GC(220)   StringDedup Table Weak         Min:  0.0, Avg:  0.0, Max:  0.0, Diff:  0.0, Sum:  0.0, Workers: 4
[5789.355s][debug][gc,phases      ] GC(220)     Dead                           Min: 0, Avg:  0.0, Max: 0, Diff: 0, Sum: 0, Workers: 4
[5789.355s][debug][gc,phases      ] GC(220)     Total                          Min: 0, Avg:  0.0, Max: 0, Diff: 0, Sum: 0, Workers: 4
[5789.355s][debug][gc,phases      ] GC(220)   StringDedup Requests0 Weak     Min:  0.0, Avg:  0.0, Max:  0.0, Diff:  0.0, Sum:  0.0, Workers: 4
[5789.355s][debug][gc,phases      ] GC(220)     Dead                           Min: 0, Avg:  0.0, Max: 0, Diff: 0, Sum: 0, Workers: 4
[5789.355s][debug][gc,phases      ] GC(220)     Total                          Min: 0, Avg:  0.0, Max: 0, Diff: 0, Sum: 0, Workers: 4
[5789.355s][debug][gc,phases      ] GC(220)   StringDedup Requests1 Weak     Min:  0.0, Avg:  0.0, Max:  0.0, Diff:  0.0, Sum:  0.0, Workers: 4
[5789.355s][debug][gc,phases      ] GC(220)     Dead                           Min: 0, Avg:  0.0, Max: 0, Diff: 0, Sum: 0, Workers: 4
[5789.355s][debug][gc,phases      ] GC(220)     Total                          Min: 0, Avg:  0.0, Max: 0, Diff: 0, Sum: 0, Workers: 4
[5789.355s][debug][gc,phases      ] GC(220)   Weak JFR Old Object Samples    Min:  0.0, Avg:  0.0, Max:  0.0, Diff:  0.0, Sum:  0.0, Workers: 4
[5789.355s][debug][gc,phases      ] GC(220)     Dead                           Min: 0, Avg:  0.0, Max: 0, Diff: 0, Sum: 0, Workers: 4
[5789.355s][debug][gc,phases      ] GC(220)     Total                          Min: 0, Avg:  0.0, Max: 0, Diff: 0, Sum: 0, Workers: 4
[5789.355s][debug][gc,phases      ] GC(220) Weak Processing 0.315ms
[5789.355s][debug][gc,age         ] GC(220) Desired survivor size 142082048 bytes, new threshold 15 (max threshold 15)
[5789.355s][info ][gc,heap        ] GC(220) PSYoungGen: 1882560K(1954304K)->77040K(1950208K) Eden: 1807360K(1807360K)->0K(1807360K) From: 75200K(146944K)->77040K(142848K)
[5789.355s][info ][gc,heap        ] GC(220) ParOldGen: 579765K(613888K)->588194K(613888K)
[5789.355s][info ][gc,metaspace   ] GC(220) Metaspace: 87181K(88192K)->87181K(88192K) NonClass: 75183K(75648K)->75183K(75648K) Class: 11998K(12544K)->11998K(12544K)
[5789.355s][info ][gc             ] GC(220) Pause Young (Allocation Failure) 2404M->649M(2504M) 22.445ms
[5789.355s][info ][gc,cpu         ] GC(220) User=0.08s Sys=0.00s Real=0.02s
[5789.355s][info ][safepoint      ] Safepoint "ParallelGCFailedAllocation", Time since last: 1637803228 ns, Reaching safepoint: 92002 ns, At safepoint: 22570124 ns, Total: 22662126 ns
[5790.356s][info ][safepoint      ] Safepoint "Cleanup", Time since last: 1000124512 ns, Reaching safepoint: 180703 ns, At safepoint: 13500 ns, Total: 194203 ns
[5792.356s][info ][safepoint      ] Safepoint "Cleanup", Time since last: 2000220694 ns, Reaching safepoint: 116103 ns, At safepoint: 20100 ns, Total: 136203 ns
[5793.356s][info ][safepoint      ] Safepoint "Cleanup", Time since last: 1000101183 ns, Reaching safepoint: 122102 ns, At safepoint: 8600 ns, Total: 130702 ns
[5806.907s][info ][gc,start       ] GC(221) Pause Young (Allocation Failure)
[5806.928s][debug][gc,phases      ] GC(221) Scavenge 20.568ms
[5806.928s][debug][gc,ref         ] GC(221) Skipped phase 1 of Reference Processing: no references
[5806.928s][debug][gc,ref         ] GC(221) ReferenceProcessor::execute queues: 1, RefProcThreadModel::Single, marks_oops_alive: false
[5806.928s][debug][gc,ref         ] GC(221) Skipped phase 3 of Reference Processing: no references
[5806.928s][debug][gc,ref         ] GC(221) ReferenceProcessor::execute queues: 1, RefProcThreadModel::Single, marks_oops_alive: false
[5806.928s][debug][gc,phases      ] GC(221) Reference Processing 0.122ms
[5806.928s][debug][gc,phases      ] GC(221)   VM Weak                        Min:  0.0, Avg:  0.0, Max:  0.0, Diff:  0.0, Sum:  0.0, Workers: 4
[5806.928s][debug][gc,phases      ] GC(221)     Dead                           Min: 0, Avg:  0.0, Max: 0, Diff: 0, Sum: 0, Workers: 4
[5806.928s][debug][gc,phases      ] GC(221)     Total                          Min: 0, Avg: 162.2, Max: 432, Diff: 432, Sum: 649, Workers: 4
[5806.928s][debug][gc,phases      ] GC(221)   ObjectSynchronizer Weak        Min:  0.0, Avg:  0.0, Max:  0.0, Diff:  0.0, Sum:  0.0, Workers: 4
[5806.928s][debug][gc,phases      ] GC(221)     Dead                           Min: 0, Avg:  0.0, Max: 0, Diff: 0, Sum: 0, Workers: 4
[5806.928s][debug][gc,phases      ] GC(221)     Total                          Min: 0, Avg: 63.0, Max: 128, Diff: 128, Sum: 252, Workers: 4
[5806.928s][debug][gc,phases      ] GC(221)   JVMTI Tag Weak OopStorage      Min:  0.0, Avg:  0.0, Max:  0.0, Diff:  0.0, Sum:  0.0, Workers: 4
[5806.928s][debug][gc,phases      ] GC(221)     Dead                           Min: 0, Avg:  0.0, Max: 0, Diff: 0, Sum: 0, Workers: 4
[5806.928s][debug][gc,phases      ] GC(221)     Total                          Min: 0, Avg:  0.0, Max: 0, Diff: 0, Sum: 0, Workers: 4
[5806.928s][debug][gc,phases      ] GC(221)   StringTable Weak               Min:  0.1, Avg:  0.1, Max:  0.1, Diff:  0.0, Sum:  0.4, Workers: 4
[5806.928s][debug][gc,phases      ] GC(221)     Dead                           Min: 0, Avg:  0.0, Max: 0, Diff: 0, Sum: 0, Workers: 4
[5806.928s][debug][gc,phases      ] GC(221)     Total                          Min: 11072, Avg: 12322.2, Max: 13248, Diff: 2176, Sum: 49289, Workers: 4
[5806.928s][debug][gc,phases      ] GC(221)   ResolvedMethodTable Weak       Min:  0.0, Avg:  0.0, Max:  0.0, Diff:  0.0, Sum:  0.1, Workers: 4
[5806.928s][debug][gc,phases      ] GC(221)     Dead                           Min: 0, Avg:  0.0, Max: 0, Diff: 0, Sum: 0, Workers: 4
[5806.928s][debug][gc,phases      ] GC(221)     Total                          Min: 2048, Avg: 2275.8, Max: 2447, Diff: 399, Sum: 9103, Workers: 4
[5806.928s][debug][gc,phases      ] GC(221)   JNI Weak                       Min:  0.0, Avg:  0.0, Max:  0.0, Diff:  0.0, Sum:  0.0, Workers: 4
[5806.928s][debug][gc,phases      ] GC(221)     Dead                           Min: 0, Avg:  0.0, Max: 0, Diff: 0, Sum: 0, Workers: 4
[5806.928s][debug][gc,phases      ] GC(221)     Total                          Min: 0, Avg:  0.0, Max: 0, Diff: 0, Sum: 0, Workers: 4
[5806.928s][debug][gc,phases      ] GC(221)   StringDedup Table Weak         Min:  0.0, Avg:  0.0, Max:  0.0, Diff:  0.0, Sum:  0.0, Workers: 4
[5806.928s][debug][gc,phases      ] GC(221)     Dead                           Min: 0, Avg:  0.0, Max: 0, Diff: 0, Sum: 0, Workers: 4
[5806.928s][debug][gc,phases      ] GC(221)     Total                          Min: 0, Avg:  0.0, Max: 0, Diff: 0, Sum: 0, Workers: 4
[5806.928s][debug][gc,phases      ] GC(221)   StringDedup Requests0 Weak     Min:  0.0, Avg:  0.0, Max:  0.0, Diff:  0.0, Sum:  0.0, Workers: 4
[5806.928s][debug][gc,phases      ] GC(221)     Dead                           Min: 0, Avg:  0.0, Max: 0, Diff: 0, Sum: 0, Workers: 4
[5806.928s][debug][gc,phases      ] GC(221)     Total                          Min: 0, Avg:  0.0, Max: 0, Diff: 0, Sum: 0, Workers: 4
[5806.928s][debug][gc,phases      ] GC(221)   StringDedup Requests1 Weak     Min:  0.0, Avg:  0.0, Max:  0.0, Diff:  0.0, Sum:  0.0, Workers: 4
[5806.928s][debug][gc,phases      ] GC(221)     Dead                           Min: 0, Avg:  0.0, Max: 0, Diff: 0, Sum: 0, Workers: 4
[5806.928s][debug][gc,phases      ] GC(221)     Total                          Min: 0, Avg:  0.0, Max: 0, Diff: 0, Sum: 0, Workers: 4
[5806.928s][debug][gc,phases      ] GC(221)   Weak JFR Old Object Samples    Min:  0.0, Avg:  0.0, Max:  0.0, Diff:  0.0, Sum:  0.0, Workers: 4
[5806.928s][debug][gc,phases      ] GC(221)     Dead                           Min: 0, Avg:  0.0, Max: 0, Diff: 0, Sum: 0, Workers: 4
[5806.928s][debug][gc,phases      ] GC(221)     Total                          Min: 0, Avg:  0.0, Max: 0, Diff: 0, Sum: 0, Workers: 4
[5806.928s][debug][gc,phases      ] GC(221) Weak Processing 0.332ms
[5806.928s][debug][gc,age         ] GC(221) Desired survivor size 137887744 bytes, new threshold 15 (max threshold 15)
[5806.928s][info ][gc,heap        ] GC(221) PSYoungGen: 1884400K(1950208K)->79168K(1962496K) Eden: 1807360K(1807360K)->0K(1823744K) From: 77040K(142848K)->79168K(138752K)
[5806.928s][info ][gc,heap        ] GC(221) ParOldGen: 588194K(613888K)->590510K(613888K)
[5806.928s][info ][gc,metaspace   ] GC(221) Metaspace: 87187K(88192K)->87187K(88192K) NonClass: 75189K(75648K)->75189K(75648K) Class: 11998K(12544K)->11998K(12544K)
[5806.928s][info ][gc             ] GC(221) Pause Young (Allocation Failure) 2414M->653M(2516M) 21.168ms
[5806.928s][info ][gc,cpu         ] GC(221) User=0.08s Sys=0.00s Real=0.02s
[5806.928s][info ][safepoint      ] Safepoint "ParallelGCFailedAllocation", Time since last: 13550817723 ns, Reaching safepoint: 42800 ns, At safepoint: 21274854 ns, Total: 21317654 ns
[5816.929s][info ][safepoint      ] Safepoint "Cleanup", Time since last: 10000775974 ns, Reaching safepoint: 48001 ns, At safepoint: 18601 ns, Total: 66602 ns
[5823.930s][info ][safepoint      ] Safepoint "Cleanup", Time since last: 7000517078 ns, Reaching safepoint: 48201 ns, At safepoint: 10000 ns, Total: 58201 ns
[5824.930s][info ][safepoint      ] Safepoint "Cleanup", Time since last: 1000128303 ns, Reaching safepoint: 130603 ns, At safepoint: 12200 ns, Total: 142803 ns
[5825.930s][info ][safepoint      ] Safepoint "Cleanup", Time since last: 1000107491 ns, Reaching safepoint: 61501 ns, At safepoint: 5100 ns, Total: 66601 ns
[5826.930s][info ][safepoint      ] Safepoint "Cleanup", Time since last: 1000128678 ns, Reaching safepoint: 46601 ns, At safepoint: 10000 ns, Total: 56601 ns
[5831.931s][info ][safepoint      ] Safepoint "Cleanup", Time since last: 5000364895 ns, Reaching safepoint: 57702 ns, At safepoint: 11100 ns, Total: 68802 ns
[5835.511s][info ][gc,start       ] GC(222) Pause Young (Allocation Failure)
[5835.542s][debug][gc,phases      ] GC(222) Scavenge 30.280ms
[5835.542s][debug][gc,ref         ] GC(222) Skipped phase 1 of Reference Processing: no references
[5835.542s][debug][gc,ref         ] GC(222) ReferenceProcessor::execute queues: 1, RefProcThreadModel::Single, marks_oops_alive: false
[5835.542s][debug][gc,ref         ] GC(222) Skipped phase 3 of Reference Processing: no references
[5835.542s][debug][gc,ref         ] GC(222) ReferenceProcessor::execute queues: 1, RefProcThreadModel::Single, marks_oops_alive: false
[5835.542s][debug][gc,phases      ] GC(222) Reference Processing 0.123ms
[5835.542s][debug][gc,phases      ] GC(222)   VM Weak                        Min:  0.0, Avg:  0.0, Max:  0.0, Diff:  0.0, Sum:  0.0, Workers: 4
[5835.542s][debug][gc,phases      ] GC(222)     Dead                           Min: 0, Avg:  0.0, Max: 0, Diff: 0, Sum: 0, Workers: 4
[5835.542s][debug][gc,phases      ] GC(222)     Total                          Min: 0, Avg: 162.2, Max: 425, Diff: 425, Sum: 649, Workers: 4
[5835.542s][debug][gc,phases      ] GC(222)   ObjectSynchronizer Weak        Min:  0.0, Avg:  0.0, Max:  0.0, Diff:  0.0, Sum:  0.0, Workers: 4
[5835.542s][debug][gc,phases      ] GC(222)     Dead                           Min: 0, Avg:  0.0, Max: 0, Diff: 0, Sum: 0, Workers: 4
[5835.542s][debug][gc,phases      ] GC(222)     Total                          Min: 0, Avg: 63.0, Max: 128, Diff: 128, Sum: 252, Workers: 4
[5835.542s][debug][gc,phases      ] GC(222)   JVMTI Tag Weak OopStorage      Min:  0.0, Avg:  0.0, Max:  0.0, Diff:  0.0, Sum:  0.0, Workers: 4
[5835.542s][debug][gc,phases      ] GC(222)     Dead                           Min: 0, Avg:  0.0, Max: 0, Diff: 0, Sum: 0, Workers: 4
[5835.542s][debug][gc,phases      ] GC(222)     Total                          Min: 0, Avg:  0.0, Max: 0, Diff: 0, Sum: 0, Workers: 4
[5835.542s][debug][gc,phases      ] GC(222)   StringTable Weak               Min:  0.1, Avg:  0.1, Max:  0.1, Diff:  0.0, Sum:  0.5, Workers: 4
[5835.542s][debug][gc,phases      ] GC(222)     Dead                           Min: 0, Avg:  0.0, Max: 0, Diff: 0, Sum: 0, Workers: 4
[5835.542s][debug][gc,phases      ] GC(222)     Total                          Min: 12042, Avg: 12322.5, Max: 12736, Diff: 694, Sum: 49290, Workers: 4
[5835.542s][debug][gc,phases      ] GC(222)   ResolvedMethodTable Weak       Min:  0.0, Avg:  0.0, Max:  0.0, Diff:  0.0, Sum:  0.1, Workers: 4
[5835.542s][debug][gc,phases      ] GC(222)     Dead                           Min: 0, Avg:  0.0, Max: 0, Diff: 0, Sum: 0, Workers: 4
[5835.542s][debug][gc,phases      ] GC(222)     Total                          Min: 1935, Avg: 2275.8, Max: 2432, Diff: 497, Sum: 9103, Workers: 4
[5835.542s][debug][gc,phases      ] GC(222)   JNI Weak                       Min:  0.0, Avg:  0.0, Max:  0.0, Diff:  0.0, Sum:  0.0, Workers: 4
[5835.542s][debug][gc,phases      ] GC(222)     Dead                           Min: 0, Avg:  0.0, Max: 0, Diff: 0, Sum: 0, Workers: 4
[5835.542s][debug][gc,phases      ] GC(222)     Total                          Min: 0, Avg:  0.0, Max: 0, Diff: 0, Sum: 0, Workers: 4
[5835.542s][debug][gc,phases      ] GC(222)   StringDedup Table Weak         Min:  0.0, Avg:  0.0, Max:  0.0, Diff:  0.0, Sum:  0.0, Workers: 4
[5835.542s][debug][gc,phases      ] GC(222)     Dead                           Min: 0, Avg:  0.0, Max: 0, Diff: 0, Sum: 0, Workers: 4
[5835.542s][debug][gc,phases      ] GC(222)     Total                          Min: 0, Avg:  0.0, Max: 0, Diff: 0, Sum: 0, Workers: 4
[5835.542s][debug][gc,phases      ] GC(222)   StringDedup Requests0 Weak     Min:  0.0, Avg:  0.0, Max:  0.0, Diff:  0.0, Sum:  0.0, Workers: 4
[5835.542s][debug][gc,phases      ] GC(222)     Dead                           Min: 0, Avg:  0.0, Max: 0, Diff: 0, Sum: 0, Workers: 4
[5835.542s][debug][gc,phases      ] GC(222)     Total                          Min: 0, Avg:  0.0, Max: 0, Diff: 0, Sum: 0, Workers: 4
[5835.542s][debug][gc,phases      ] GC(222)   StringDedup Requests1 Weak     Min:  0.0, Avg:  0.0, Max:  0.0, Diff:  0.0, Sum:  0.0, Workers: 4
[5835.542s][debug][gc,phases      ] GC(222)     Dead                           Min: 0, Avg:  0.0, Max: 0, Diff: 0, Sum: 0, Workers: 4
[5835.542s][debug][gc,phases      ] GC(222)     Total                          Min: 0, Avg:  0.0, Max: 0, Diff: 0, Sum: 0, Workers: 4
[5835.542s][debug][gc,phases      ] GC(222)   Weak JFR Old Object Samples    Min:  0.0, Avg:  0.0, Max:  0.0, Diff:  0.0, Sum:  0.0, Workers: 4
[5835.542s][debug][gc,phases      ] GC(222)     Dead                           Min: 0, Avg:  0.0, Max: 0, Diff: 0, Sum: 0, Workers: 4
[5835.542s][debug][gc,phases      ] GC(222)     Total                          Min: 0, Avg:  0.0, Max: 0, Diff: 0, Sum: 0, Workers: 4
[5835.542s][debug][gc,phases      ] GC(222) Weak Processing 0.344ms
[5835.542s][debug][gc,age         ] GC(222) Desired survivor size 132644864 bytes, new threshold 15 (max threshold 15)
[5835.542s][info ][gc,heap        ] GC(222) PSYoungGen: 1902912K(1962496K)->83392K(1958400K) Eden: 1823744K(1823744K)->0K(1823744K) From: 79168K(138752K)->83392K(134656K)
[5835.542s][info ][gc,heap        ] GC(222) ParOldGen: 590510K(613888K)->592887K(613888K)
[5835.542s][info ][gc,metaspace   ] GC(222) Metaspace: 87193K(88192K)->87193K(88192K) NonClass: 75195K(75648K)->75195K(75648K) Class: 11998K(12544K)->11998K(12544K)
[5835.542s][info ][gc             ] GC(222) Pause Young (Allocation Failure) 2434M->660M(2512M) 30.910ms
[5835.542s][info ][gc,cpu         ] GC(222) User=0.11s Sys=0.00s Real=0.03s
[5835.542s][info ][safepoint      ] Safepoint "ParallelGCFailedAllocation", Time since last: 3580478532 ns, Reaching safepoint: 44401 ns, At safepoint: 31045950 ns, Total: 31090351 ns
[5836.543s][info ][safepoint      ] Safepoint "Cleanup", Time since last: 1000108357 ns, Reaching safepoint: 101402 ns, At safepoint: 10001 ns, Total: 111403 ns
[5838.553s][info ][safepoint      ] Safepoint "Cleanup", Time since last: 2006782714 ns, Reaching safepoint: 4045884 ns, At safepoint: 17601 ns, Total: 4063485 ns
[5841.558s][info ][safepoint      ] Safepoint "Cleanup", Time since last: 3003928697 ns, Reaching safepoint: 913719 ns, At safepoint: 10200 ns, Total: 923919 ns
[5842.577s][info ][safepoint      ] Safepoint "Cleanup", Time since last: 1007083328 ns, Reaching safepoint: 12052552 ns, At safepoint: 27300 ns, Total: 12079852 ns
[5844.122s][info ][safepoint      ] Safepoint "Cleanup", Time since last: 1543992815 ns, Reaching safepoint: 154603 ns, At safepoint: 5601 ns, Total: 160204 ns
[5849.019s][info ][gc,start       ] GC(223) Pause Young (Allocation Failure)
[5849.089s][debug][gc,phases      ] GC(223) Scavenge 70.149ms
[5849.089s][debug][gc,ref         ] GC(223) Skipped phase 1 of Reference Processing: no references
[5849.090s][debug][gc,ref         ] GC(223) ReferenceProcessor::execute queues: 1, RefProcThreadModel::Single, marks_oops_alive: false
[5849.090s][debug][gc,ref         ] GC(223) Skipped phase 3 of Reference Processing: no references
[5849.090s][debug][gc,ref         ] GC(223) ReferenceProcessor::execute queues: 1, RefProcThreadModel::Single, marks_oops_alive: false
[5849.090s][debug][gc,phases      ] GC(223) Reference Processing 0.153ms
[5849.090s][debug][gc,phases      ] GC(223)   VM Weak                        Min:  0.0, Avg:  0.0, Max:  0.0, Diff:  0.0, Sum:  0.0, Workers: 4
[5849.090s][debug][gc,phases      ] GC(223)     Dead                           Min: 0, Avg:  0.0, Max: 0, Diff: 0, Sum: 0, Workers: 4
[5849.090s][debug][gc,phases      ] GC(223)     Total                          Min: 0, Avg: 162.2, Max: 405, Diff: 405, Sum: 649, Workers: 4
[5849.090s][debug][gc,phases      ] GC(223)   ObjectSynchronizer Weak        Min:  0.0, Avg:  0.0, Max:  0.0, Diff:  0.0, Sum:  0.0, Workers: 4
[5849.090s][debug][gc,phases      ] GC(223)     Dead                           Min: 0, Avg:  0.0, Max: 0, Diff: 0, Sum: 0, Workers: 4
[5849.090s][debug][gc,phases      ] GC(223)     Total                          Min: 0, Avg: 63.0, Max: 128, Diff: 128, Sum: 252, Workers: 4
[5849.090s][debug][gc,phases      ] GC(223)   JVMTI Tag Weak OopStorage      Min:  0.0, Avg:  0.0, Max:  0.0, Diff:  0.0, Sum:  0.0, Workers: 4
[5849.090s][debug][gc,phases      ] GC(223)     Dead                           Min: 0, Avg:  0.0, Max: 0, Diff: 0, Sum: 0, Workers: 4
[5849.090s][debug][gc,phases      ] GC(223)     Total                          Min: 0, Avg:  0.0, Max: 0, Diff: 0, Sum: 0, Workers: 4
[5849.090s][debug][gc,phases      ] GC(223)   StringTable Weak               Min:  0.0, Avg:  0.2, Max:  0.3, Diff:  0.3, Sum:  0.8, Workers: 4
[5849.090s][debug][gc,phases      ] GC(223)     Dead                           Min: 0, Avg:  0.5, Max: 2, Diff: 2, Sum: 2, Workers: 4
[5849.090s][debug][gc,phases      ] GC(223)     Total                          Min: 0, Avg: 12324.2, Max: 27390, Diff: 27390, Sum: 49297, Workers: 4
[5849.090s][debug][gc,phases      ] GC(223)   ResolvedMethodTable Weak       Min:  0.0, Avg:  0.0, Max:  0.1, Diff:  0.1, Sum:  0.1, Workers: 4
[5849.090s][debug][gc,phases      ] GC(223)     Dead                           Min: 0, Avg:  0.0, Max: 0, Diff: 0, Sum: 0, Workers: 4
[5849.090s][debug][gc,phases      ] GC(223)     Total                          Min: 0, Avg: 2278.5, Max: 4607, Diff: 4607, Sum: 9114, Workers: 4
[5849.090s][debug][gc,phases      ] GC(223)   JNI Weak                       Min:  0.0, Avg:  0.0, Max:  0.0, Diff:  0.0, Sum:  0.0, Workers: 4
[5849.090s][debug][gc,phases      ] GC(223)     Dead                           Min: 0, Avg:  0.0, Max: 0, Diff: 0, Sum: 0, Workers: 4
[5849.090s][debug][gc,phases      ] GC(223)     Total                          Min: 0, Avg:  0.0, Max: 0, Diff: 0, Sum: 0, Workers: 4
[5849.090s][debug][gc,phases      ] GC(223)   StringDedup Table Weak         Min:  0.0, Avg:  0.0, Max:  0.0, Diff:  0.0, Sum:  0.0, Workers: 4
[5849.090s][debug][gc,phases      ] GC(223)     Dead                           Min: 0, Avg:  0.0, Max: 0, Diff: 0, Sum: 0, Workers: 4
[5849.090s][debug][gc,phases      ] GC(223)     Total                          Min: 0, Avg:  0.0, Max: 0, Diff: 0, Sum: 0, Workers: 4
[5849.090s][debug][gc,phases      ] GC(223)   StringDedup Requests0 Weak     Min:  0.0, Avg:  0.0, Max:  0.0, Diff:  0.0, Sum:  0.0, Workers: 4
[5849.090s][debug][gc,phases      ] GC(223)     Dead                           Min: 0, Avg:  0.0, Max: 0, Diff: 0, Sum: 0, Workers: 4
[5849.090s][debug][gc,phases      ] GC(223)     Total                          Min: 0, Avg:  0.0, Max: 0, Diff: 0, Sum: 0, Workers: 4
[5849.090s][debug][gc,phases      ] GC(223)   StringDedup Requests1 Weak     Min:  0.0, Avg:  0.0, Max:  0.0, Diff:  0.0, Sum:  0.0, Workers: 4
[5849.090s][debug][gc,phases      ] GC(223)     Dead                           Min: 0, Avg:  0.0, Max: 0, Diff: 0, Sum: 0, Workers: 4
[5849.090s][debug][gc,phases      ] GC(223)     Total                          Min: 0, Avg:  0.0, Max: 0, Diff: 0, Sum: 0, Workers: 4
[5849.090s][debug][gc,phases      ] GC(223)   Weak JFR Old Object Samples    Min:  0.0, Avg:  0.0, Max:  0.0, Diff:  0.0, Sum:  0.0, Workers: 4
[5849.090s][debug][gc,phases      ] GC(223)     Dead                           Min: 0, Avg:  0.0, Max: 0, Diff: 0, Sum: 0, Workers: 4
[5849.090s][debug][gc,phases      ] GC(223)     Total                          Min: 0, Avg:  0.0, Max: 0, Diff: 0, Sum: 0, Workers: 4
[5849.090s][debug][gc,phases      ] GC(223) Weak Processing 0.634ms
[5849.090s][debug][gc,age         ] GC(223) Desired survivor size 133169152 bytes, new threshold 15 (max threshold 15)
[5849.090s][info ][gc,heap        ] GC(223) PSYoungGen: 1907136K(1958400K)->97488K(1966592K) Eden: 1823744K(1823744K)->0K(1837056K) From: 83392K(134656K)->97488K(129536K)
[5849.090s][info ][gc,heap        ] GC(223) ParOldGen: 592887K(613888K)->593195K(613888K)
[5849.090s][info ][gc,metaspace   ] GC(223) Metaspace: 87214K(88192K)->87214K(88192K) NonClass: 75211K(75648K)->75211K(75648K) Class: 12003K(12544K)->12003K(12544K)
[5849.090s][info ][gc             ] GC(223) Pause Young (Allocation Failure) 2441M->674M(2520M) 71.143ms
[5849.090s][info ][gc,cpu         ] GC(223) User=0.14s Sys=0.00s Real=0.08s
[5849.090s][info ][safepoint      ] Safepoint "ParallelGCFailedAllocation", Time since last: 4897330286 ns, Reaching safepoint: 139603 ns, At safepoint: 71271883 ns, Total: 71411486 ns
[5850.097s][info ][safepoint      ] Safepoint "Cleanup", Time since last: 1003055952 ns, Reaching safepoint: 4022283 ns, At safepoint: 20201 ns, Total: 4042484 ns
[5851.098s][info ][safepoint      ] Safepoint "Cleanup", Time since last: 1000120978 ns, Reaching safepoint: 58401 ns, At safepoint: 12001 ns, Total: 70402 ns
[5852.098s][info ][safepoint      ] Safepoint "Cleanup", Time since last: 1000114566 ns, Reaching safepoint: 54801 ns, At safepoint: 7700 ns, Total: 62501 ns
[5855.109s][info ][safepoint      ] Safepoint "Cleanup", Time since last: 3000233925 ns, Reaching safepoint: 11374036 ns, At safepoint: 20000 ns, Total: 11394036 ns
[5855.589s][info ][gc,start       ] GC(224) Pause Young (Allocation Failure)
[5855.726s][debug][gc,phases      ] GC(224) Scavenge 136.850ms
[5855.726s][debug][gc,ref         ] GC(224) Skipped phase 1 of Reference Processing: no references
[5855.726s][debug][gc,ref         ] GC(224) ReferenceProcessor::execute queues: 1, RefProcThreadModel::Single, marks_oops_alive: false
[5855.726s][debug][gc,ref         ] GC(224) Skipped phase 3 of Reference Processing: no references
[5855.726s][debug][gc,ref         ] GC(224) ReferenceProcessor::execute queues: 1, RefProcThreadModel::Single, marks_oops_alive: false
[5855.726s][debug][gc,phases      ] GC(224) Reference Processing 0.271ms
[5855.727s][debug][gc,phases      ] GC(224)   VM Weak                        Min:  0.0, Avg:  0.0, Max:  0.0, Diff:  0.0, Sum:  0.0, Workers: 4
[5855.727s][debug][gc,phases      ] GC(224)     Dead                           Min: 0, Avg:  0.0, Max: 0, Diff: 0, Sum: 0, Workers: 4
[5855.727s][debug][gc,phases      ] GC(224)     Total                          Min: 0, Avg: 162.2, Max: 649, Diff: 649, Sum: 649, Workers: 4
[5855.727s][debug][gc,phases      ] GC(224)   ObjectSynchronizer Weak        Min:  0.0, Avg:  0.0, Max:  0.0, Diff:  0.0, Sum:  0.0, Workers: 4
[5855.727s][debug][gc,phases      ] GC(224)     Dead                           Min: 0, Avg:  0.0, Max: 0, Diff: 0, Sum: 0, Workers: 4
[5855.727s][debug][gc,phases      ] GC(224)     Total                          Min: 0, Avg: 63.0, Max: 252, Diff: 252, Sum: 252, Workers: 4
[5855.727s][debug][gc,phases      ] GC(224)   JVMTI Tag Weak OopStorage      Min:  0.0, Avg:  0.0, Max:  0.0, Diff:  0.0, Sum:  0.0, Workers: 4
[5855.727s][debug][gc,phases      ] GC(224)     Dead                           Min: 0, Avg:  0.0, Max: 0, Diff: 0, Sum: 0, Workers: 4
[5855.727s][debug][gc,phases      ] GC(224)     Total                          Min: 0, Avg:  0.0, Max: 0, Diff: 0, Sum: 0, Workers: 4
[5855.727s][debug][gc,phases      ] GC(224)   StringTable Weak               Min:  0.0, Avg:  0.2, Max:  0.8, Diff:  0.8, Sum:  0.8, Workers: 4
[5855.727s][debug][gc,phases      ] GC(224)     Dead                           Min: 0, Avg:  0.0, Max: 0, Diff: 0, Sum: 0, Workers: 4
[5855.727s][debug][gc,phases      ] GC(224)     Total                          Min: 0, Avg: 12324.5, Max: 49298, Diff: 49298, Sum: 49298, Workers: 4
[5855.727s][debug][gc,phases      ] GC(224)   ResolvedMethodTable Weak       Min:  0.0, Avg:  0.0, Max:  0.2, Diff:  0.2, Sum:  0.2, Workers: 4
[5855.727s][debug][gc,phases      ] GC(224)     Dead                           Min: 0, Avg:  0.0, Max: 0, Diff: 0, Sum: 0, Workers: 4
[5855.727s][debug][gc,phases      ] GC(224)     Total                          Min: 0, Avg: 2278.8, Max: 9115, Diff: 9115, Sum: 9115, Workers: 4
[5855.727s][debug][gc,phases      ] GC(224)   JNI Weak                       Min:  0.0, Avg:  0.0, Max:  0.0, Diff:  0.0, Sum:  0.0, Workers: 4
[5855.727s][debug][gc,phases      ] GC(224)     Dead                           Min: 0, Avg:  0.0, Max: 0, Diff: 0, Sum: 0, Workers: 4
[5855.727s][debug][gc,phases      ] GC(224)     Total                          Min: 0, Avg:  0.2, Max: 1, Diff: 1, Sum: 1, Workers: 4
[5855.727s][debug][gc,phases      ] GC(224)   StringDedup Table Weak         Min:  0.0, Avg:  0.0, Max:  0.0, Diff:  0.0, Sum:  0.0, Workers: 4
[5855.727s][debug][gc,phases      ] GC(224)     Dead                           Min: 0, Avg:  0.0, Max: 0, Diff: 0, Sum: 0, Workers: 4
[5855.727s][debug][gc,phases      ] GC(224)     Total                          Min: 0, Avg:  0.0, Max: 0, Diff: 0, Sum: 0, Workers: 4
[5855.727s][debug][gc,phases      ] GC(224)   StringDedup Requests0 Weak     Min:  0.0, Avg:  0.0, Max:  0.0, Diff:  0.0, Sum:  0.0, Workers: 4
[5855.727s][debug][gc,phases      ] GC(224)     Dead                           Min: 0, Avg:  0.0, Max: 0, Diff: 0, Sum: 0, Workers: 4
[5855.727s][debug][gc,phases      ] GC(224)     Total                          Min: 0, Avg:  0.0, Max: 0, Diff: 0, Sum: 0, Workers: 4
[5855.727s][debug][gc,phases      ] GC(224)   StringDedup Requests1 Weak     Min:  0.0, Avg:  0.0, Max:  0.0, Diff:  0.0, Sum:  0.0, Workers: 4
[5855.727s][debug][gc,phases      ] GC(224)     Dead                           Min: 0, Avg:  0.0, Max: 0, Diff: 0, Sum: 0, Workers: 4
[5855.727s][debug][gc,phases      ] GC(224)     Total                          Min: 0, Avg:  0.0, Max: 0, Diff: 0, Sum: 0, Workers: 4
[5855.727s][debug][gc,phases      ] GC(224)   Weak JFR Old Object Samples    Min:  0.0, Avg:  0.0, Max:  0.0, Diff:  0.0, Sum:  0.0, Workers: 4
[5855.727s][debug][gc,phases      ] GC(224)     Dead                           Min: 0, Avg:  0.0, Max: 0, Diff: 0, Sum: 0, Workers: 4
[5855.727s][debug][gc,phases      ] GC(224)     Total                          Min: 0, Avg:  0.0, Max: 0, Diff: 0, Sum: 0, Workers: 4
[5855.727s][debug][gc,phases      ] GC(224) Weak Processing 1.202ms
[5855.727s][debug][gc,age         ] GC(224) Desired survivor size 132644864 bytes, new threshold 15 (max threshold 15)
[5855.727s][info ][gc,heap        ] GC(224) PSYoungGen: 1934544K(1966592K)->96912K(1967104K) Eden: 1837056K(1837056K)->0K(1837056K) From: 97488K(129536K)->96912K(130048K)
[5855.727s][info ][gc,heap        ] GC(224) ParOldGen: 593195K(613888K)->602893K(613888K)
[5855.727s][info ][gc,metaspace   ] GC(224) Metaspace: 87227K(88192K)->87227K(88192K) NonClass: 75223K(75648K)->75223K(75648K) Class: 12003K(12544K)->12003K(12544K)
[5855.727s][info ][gc             ] GC(224) Pause Young (Allocation Failure) 2468M->683M(2520M) 138.541ms
[5855.727s][info ][gc,cpu         ] GC(224) User=0.15s Sys=0.00s Real=0.14s
[5855.727s][debug][gc,phases      ] GC(225) Pre Compact 0.021ms
[5855.727s][info ][gc,start       ] GC(225) Pause Full (Ergonomics)
[5855.727s][info ][gc,phases,start] GC(225) Marking Phase
[5856.041s][debug][gc,phases      ] GC(225) Par Mark 314.010ms
[5856.041s][debug][gc,ref         ] GC(225) ReferenceProcessor::execute queues: 4, RefProcThreadModel::Multi, marks_oops_alive: true
[5856.054s][debug][gc,ref         ] GC(225) ReferenceProcessor::execute queues: 2, RefProcThreadModel::Multi, marks_oops_alive: false
[5856.058s][debug][gc,ref         ] GC(225) Skipped phase 3 of Reference Processing: no references
[5856.058s][debug][gc,ref         ] GC(225) ReferenceProcessor::execute queues: 1, RefProcThreadModel::Single, marks_oops_alive: false
[5856.058s][debug][gc,phases      ] GC(225) Reference Processing 16.177ms
[5856.058s][debug][gc,phases      ] GC(225)   VM Weak                        Min:  0.0, Avg:  0.0, Max:  0.0, Diff:  0.0, Sum:  0.0, Workers: 4
[5856.058s][debug][gc,phases      ] GC(225)     Dead                           Min: 0, Avg:  0.0, Max: 0, Diff: 0, Sum: 0, Workers: 4
[5856.058s][debug][gc,phases      ] GC(225)     Total                          Min: 0, Avg: 162.2, Max: 649, Diff: 649, Sum: 649, Workers: 4
[5856.058s][debug][gc,phases      ] GC(225)   ObjectSynchronizer Weak        Min:  0.0, Avg:  0.0, Max:  0.0, Diff:  0.0, Sum:  0.0, Workers: 4
[5856.058s][debug][gc,phases      ] GC(225)     Dead                           Min: 0, Avg:  0.0, Max: 0, Diff: 0, Sum: 0, Workers: 4
[5856.058s][debug][gc,phases      ] GC(225)     Total                          Min: 0, Avg: 63.0, Max: 252, Diff: 252, Sum: 252, Workers: 4
[5856.058s][debug][gc,phases      ] GC(225)   JVMTI Tag Weak OopStorage      Min:  0.0, Avg:  0.0, Max:  0.0, Diff:  0.0, Sum:  0.0, Workers: 4
[5856.058s][debug][gc,phases      ] GC(225)     Dead                           Min: 0, Avg:  0.0, Max: 0, Diff: 0, Sum: 0, Workers: 4
[5856.058s][debug][gc,phases      ] GC(225)     Total                          Min: 0, Avg:  0.0, Max: 0, Diff: 0, Sum: 0, Workers: 4
[5856.058s][debug][gc,phases      ] GC(225)   StringTable Weak               Min:  0.0, Avg:  0.2, Max:  0.4, Diff:  0.4, Sum:  0.9, Workers: 4
[5856.058s][debug][gc,phases      ] GC(225)     Dead                           Min: 0, Avg:  0.0, Max: 0, Diff: 0, Sum: 0, Workers: 4
[5856.058s][debug][gc,phases      ] GC(225)     Total                          Min: 0, Avg: 12324.5, Max: 24787, Diff: 24787, Sum: 49298, Workers: 4
[5856.058s][debug][gc,phases      ] GC(225)   ResolvedMethodTable Weak       Min:  0.0, Avg:  0.0, Max:  0.1, Diff:  0.1, Sum:  0.1, Workers: 4
[5856.058s][debug][gc,phases      ] GC(225)     Dead                           Min: 0, Avg:  0.0, Max: 0, Diff: 0, Sum: 0, Workers: 4
[5856.058s][debug][gc,phases      ] GC(225)     Total                          Min: 0, Avg: 2278.8, Max: 4571, Diff: 4571, Sum: 9115, Workers: 4
[5856.058s][debug][gc,phases      ] GC(225)   JNI Weak                       Min:  0.0, Avg:  0.0, Max:  0.0, Diff:  0.0, Sum:  0.0, Workers: 4
[5856.058s][debug][gc,phases      ] GC(225)     Dead                           Min: 0, Avg:  0.0, Max: 0, Diff: 0, Sum: 0, Workers: 4
[5856.058s][debug][gc,phases      ] GC(225)     Total                          Min: 0, Avg:  0.2, Max: 1, Diff: 1, Sum: 1, Workers: 4
[5856.058s][debug][gc,phases      ] GC(225)   StringDedup Table Weak         Min:  0.0, Avg:  0.0, Max:  0.0, Diff:  0.0, Sum:  0.0, Workers: 4
[5856.058s][debug][gc,phases      ] GC(225)     Dead                           Min: 0, Avg:  0.0, Max: 0, Diff: 0, Sum: 0, Workers: 4
[5856.058s][debug][gc,phases      ] GC(225)     Total                          Min: 0, Avg:  0.0, Max: 0, Diff: 0, Sum: 0, Workers: 4
[5856.058s][debug][gc,phases      ] GC(225)   StringDedup Requests0 Weak     Min:  0.0, Avg:  0.0, Max:  0.0, Diff:  0.0, Sum:  0.0, Workers: 4
[5856.058s][debug][gc,phases      ] GC(225)     Dead                           Min: 0, Avg:  0.0, Max: 0, Diff: 0, Sum: 0, Workers: 4
[5856.058s][debug][gc,phases      ] GC(225)     Total                          Min: 0, Avg:  0.0, Max: 0, Diff: 0, Sum: 0, Workers: 4
[5856.058s][debug][gc,phases      ] GC(225)   StringDedup Requests1 Weak     Min:  0.0, Avg:  0.0, Max:  0.0, Diff:  0.0, Sum:  0.0, Workers: 4
[5856.058s][debug][gc,phases      ] GC(225)     Dead                           Min: 0, Avg:  0.0, Max: 0, Diff: 0, Sum: 0, Workers: 4
[5856.058s][debug][gc,phases      ] GC(225)     Total                          Min: 0, Avg:  0.0, Max: 0, Diff: 0, Sum: 0, Workers: 4
[5856.058s][debug][gc,phases      ] GC(225)   Weak JFR Old Object Samples    Min:  0.0, Avg:  0.0, Max:  0.0, Diff:  0.0, Sum:  0.0, Workers: 4
[5856.058s][debug][gc,phases      ] GC(225)     Dead                           Min: 0, Avg:  0.0, Max: 0, Diff: 0, Sum: 0, Workers: 4
[5856.058s][debug][gc,phases      ] GC(225)     Total                          Min: 0, Avg:  0.0, Max: 0, Diff: 0, Sum: 0, Workers: 4
[5856.058s][debug][gc,phases      ] GC(225) Weak Processing 0.798ms
[5856.059s][debug][gc,phases      ] GC(225) ClassLoaderData 0.091ms
[5856.059s][debug][gc,phases      ] GC(225) Trigger cleanups 0.001ms
[5856.102s][debug][gc,phases      ] GC(225) Class Unloading 43.607ms
[5856.102s][info ][gc,phases      ] GC(225) Marking Phase 374.841ms
[5856.102s][info ][gc,phases,start] GC(225) Summary Phase
[5856.102s][info ][gc,phases      ] GC(225) Summary Phase 0.044ms
[5856.102s][info ][gc,phases,start] GC(225) Adjust Roots
[5856.134s][info ][gc,phases      ] GC(225) Adjust Roots 31.929ms
[5856.134s][info ][gc,phases,start] GC(225) Compaction Phase
[5856.465s][info ][gc,phases      ] GC(225) Compaction Phase 330.623ms
[5856.465s][info ][gc,phases,start] GC(225) Post Compact
[5856.467s][info ][gc,phases      ] GC(225) Post Compact 2.281ms
[5856.467s][info ][gc,heap        ] GC(225) PSYoungGen: 96912K(1967104K)->0K(1967616K) Eden: 0K(1837056K)->0K(1838080K) From: 96912K(130048K)->0K(129536K)
[5856.467s][info ][gc,heap        ] GC(225) ParOldGen: 602893K(613888K)->579971K(715264K)
[5856.467s][info ][gc,metaspace   ] GC(225) Metaspace: 87227K(88192K)->87227K(88192K) NonClass: 75223K(75648K)->75223K(75648K) Class: 12003K(12544K)->12003K(12544K)
[5856.467s][info ][gc             ] GC(225) Pause Full (Ergonomics) 683M->566M(2620M) 740.139ms
[5856.467s][info ][gc,cpu         ] GC(225) User=1.66s Sys=0.00s Real=0.74s
[5856.473s][info ][safepoint      ] Safepoint "ParallelGCFailedAllocation", Time since last: 478921123 ns, Reaching safepoint: 172103 ns, At safepoint: 884256014 ns, Total: 884428117 ns
[5857.474s][info ][safepoint      ] Safepoint "Cleanup", Time since last: 1000561511 ns, Reaching safepoint: 129203 ns, At safepoint: 16000 ns, Total: 145203 ns
[5859.485s][info ][safepoint      ] Safepoint "Cleanup", Time since last: 2003863144 ns, Reaching safepoint: 8051766 ns, At safepoint: 22801 ns, Total: 8074567 ns
[5860.497s][info ][safepoint      ] Safepoint "Cleanup", Time since last: 1003943145 ns, Reaching safepoint: 8038866 ns, At safepoint: 31200 ns, Total: 8070066 ns
[5865.498s][info ][safepoint      ] Safepoint "Cleanup", Time since last: 5000424549 ns, Reaching safepoint: 132403 ns, At safepoint: 8000 ns, Total: 140403 ns
[5868.498s][info ][safepoint      ] Safepoint "Cleanup", Time since last: 3000268949 ns, Reaching safepoint: 55601 ns, At safepoint: 4000 ns, Total: 59601 ns
[5876.909s][info ][gc,start       ] GC(226) Pause Young (Allocation Failure)
[5876.929s][debug][gc,phases      ] GC(226) Scavenge 20.691ms
[5876.929s][debug][gc,ref         ] GC(226) Skipped phase 1 of Reference Processing: no references
[5876.930s][debug][gc,ref         ] GC(226) ReferenceProcessor::execute queues: 1, RefProcThreadModel::Single, marks_oops_alive: false
[5876.930s][debug][gc,ref         ] GC(226) Skipped phase 3 of Reference Processing: no references
[5876.930s][debug][gc,ref         ] GC(226) ReferenceProcessor::execute queues: 1, RefProcThreadModel::Single, marks_oops_alive: false
[5876.930s][debug][gc,phases      ] GC(226) Reference Processing 0.140ms
[5876.930s][debug][gc,phases      ] GC(226)   VM Weak                        Min:  0.0, Avg:  0.0, Max:  0.0, Diff:  0.0, Sum:  0.0, Workers: 4
[5876.930s][debug][gc,phases      ] GC(226)     Dead                           Min: 0, Avg:  0.0, Max: 0, Diff: 0, Sum: 0, Workers: 4
[5876.930s][debug][gc,phases      ] GC(226)     Total                          Min: 0, Avg: 162.2, Max: 432, Diff: 432, Sum: 649, Workers: 4
[5876.930s][debug][gc,phases      ] GC(226)   ObjectSynchronizer Weak        Min:  0.0, Avg:  0.0, Max:  0.0, Diff:  0.0, Sum:  0.0, Workers: 4
[5876.930s][debug][gc,phases      ] GC(226)     Dead                           Min: 0, Avg:  0.0, Max: 0, Diff: 0, Sum: 0, Workers: 4
[5876.930s][debug][gc,phases      ] GC(226)     Total                          Min: 0, Avg: 63.0, Max: 128, Diff: 128, Sum: 252, Workers: 4
[5876.930s][debug][gc,phases      ] GC(226)   JVMTI Tag Weak OopStorage      Min:  0.0, Avg:  0.0, Max:  0.0, Diff:  0.0, Sum:  0.0, Workers: 4
[5876.930s][debug][gc,phases      ] GC(226)     Dead                           Min: 0, Avg:  0.0, Max: 0, Diff: 0, Sum: 0, Workers: 4
[5876.930s][debug][gc,phases      ] GC(226)     Total                          Min: 0, Avg:  0.0, Max: 0, Diff: 0, Sum: 0, Workers: 4
[5876.930s][debug][gc,phases      ] GC(226)   StringTable Weak               Min:  0.0, Avg:  0.1, Max:  0.2, Diff:  0.2, Sum:  0.5, Workers: 4
[5876.930s][debug][gc,phases      ] GC(226)     Dead                           Min: 0, Avg:  0.0, Max: 0, Diff: 0, Sum: 0, Workers: 4
[5876.930s][debug][gc,phases      ] GC(226)     Total                          Min: 0, Avg: 12325.2, Max: 17557, Diff: 17557, Sum: 49301, Workers: 4
[5876.930s][debug][gc,phases      ] GC(226)   ResolvedMethodTable Weak       Min:  0.0, Avg:  0.0, Max:  0.0, Diff:  0.0, Sum:  0.1, Workers: 4
[5876.930s][debug][gc,phases      ] GC(226)     Dead                           Min: 0, Avg:  0.0, Max: 0, Diff: 0, Sum: 0, Workers: 4
[5876.930s][debug][gc,phases      ] GC(226)     Total                          Min: 0, Avg: 2278.8, Max: 3264, Diff: 3264, Sum: 9115, Workers: 4
[5876.930s][debug][gc,phases      ] GC(226)   JNI Weak                       Min:  0.0, Avg:  0.0, Max:  0.0, Diff:  0.0, Sum:  0.0, Workers: 4
[5876.930s][debug][gc,phases      ] GC(226)     Dead                           Min: 0, Avg:  0.0, Max: 0, Diff: 0, Sum: 0, Workers: 4
[5876.930s][debug][gc,phases      ] GC(226)     Total                          Min: 0, Avg:  0.0, Max: 0, Diff: 0, Sum: 0, Workers: 4
[5876.930s][debug][gc,phases      ] GC(226)   StringDedup Table Weak         Min:  0.0, Avg:  0.0, Max:  0.0, Diff:  0.0, Sum:  0.0, Workers: 4
[5876.930s][debug][gc,phases      ] GC(226)     Dead                           Min: 0, Avg:  0.0, Max: 0, Diff: 0, Sum: 0, Workers: 4
[5876.930s][debug][gc,phases      ] GC(226)     Total                          Min: 0, Avg:  0.0, Max: 0, Diff: 0, Sum: 0, Workers: 4
[5876.930s][debug][gc,phases      ] GC(226)   StringDedup Requests0 Weak     Min:  0.0, Avg:  0.0, Max:  0.0, Diff:  0.0, Sum:  0.0, Workers: 4
[5876.930s][debug][gc,phases      ] GC(226)     Dead                           Min: 0, Avg:  0.0, Max: 0, Diff: 0, Sum: 0, Workers: 4
[5876.930s][debug][gc,phases      ] GC(226)     Total                          Min: 0, Avg:  0.0, Max: 0, Diff: 0, Sum: 0, Workers: 4
[5876.930s][debug][gc,phases      ] GC(226)   StringDedup Requests1 Weak     Min:  0.0, Avg:  0.0, Max:  0.0, Diff:  0.0, Sum:  0.0, Workers: 4
[5876.930s][debug][gc,phases      ] GC(226)     Dead                           Min: 0, Avg:  0.0, Max: 0, Diff: 0, Sum: 0, Workers: 4
[5876.930s][debug][gc,phases      ] GC(226)     Total                          Min: 0, Avg:  0.0, Max: 0, Diff: 0, Sum: 0, Workers: 4
[5876.930s][debug][gc,phases      ] GC(226)   Weak JFR Old Object Samples    Min:  0.0, Avg:  0.0, Max:  0.0, Diff:  0.0, Sum:  0.0, Workers: 4
[5876.930s][debug][gc,phases      ] GC(226)     Dead                           Min: 0, Avg:  0.0, Max: 0, Diff: 0, Sum: 0, Workers: 4
[5876.930s][debug][gc,phases      ] GC(226)     Total                          Min: 0, Avg:  0.0, Max: 0, Diff: 0, Sum: 0, Workers: 4
[5876.930s][debug][gc,phases      ] GC(226) Weak Processing 0.431ms
[5876.930s][debug][gc,age         ] GC(226) Desired survivor size 141557760 bytes, new threshold 15 (max threshold 15)
[5876.930s][info ][gc,heap        ] GC(226) PSYoungGen: 1838080K(1967616K)->12144K(1850368K) Eden: 1838080K(1838080K)->0K(1838080K) From: 0K(129536K)->12144K(12288K)
[5876.930s][info ][gc,heap        ] GC(226) ParOldGen: 579971K(715264K)->579971K(715264K)
[5876.930s][info ][gc,metaspace   ] GC(226) Metaspace: 87232K(88192K)->87232K(88192K) NonClass: 75228K(75648K)->75228K(75648K) Class: 12004K(12544K)->12004K(12544K)
[5876.930s][info ][gc             ] GC(226) Pause Young (Allocation Failure) 2361M->578M(2505M) 21.425ms
[5876.930s][info ][gc,cpu         ] GC(226) User=0.03s Sys=0.00s Real=0.03s
[5876.930s][info ][safepoint      ] Safepoint "ParallelGCFailedAllocation", Time since last: 8410147831 ns, Reaching safepoint: 106502 ns, At safepoint: 21538141 ns, Total: 21644643 ns
[5881.936s][info ][safepoint      ] Safepoint "Cleanup", Time since last: 5000390094 ns, Reaching safepoint: 4941001 ns, At safepoint: 35201 ns, Total: 4976202 ns
[5882.942s][info ][safepoint      ] Safepoint "Cleanup", Time since last: 1000121005 ns, Reaching safepoint: 6582335 ns, At safepoint: 34500 ns, Total: 6616835 ns
[5884.285s][info ][safepoint      ] Safepoint "Cleanup", Time since last: 1342956084 ns, Reaching safepoint: 196704 ns, At safepoint: 9700 ns, Total: 206404 ns
[5887.897s][info ][gc,start       ] GC(227) Pause Young (Allocation Failure)
[5887.949s][debug][gc,phases      ] GC(227) Scavenge 51.854ms
[5887.949s][debug][gc,ref         ] GC(227) Skipped phase 1 of Reference Processing: no references
[5887.950s][debug][gc,ref         ] GC(227) ReferenceProcessor::execute queues: 1, RefProcThreadModel::Single, marks_oops_alive: false
[5887.950s][debug][gc,ref         ] GC(227) Skipped phase 3 of Reference Processing: no references
[5887.950s][debug][gc,ref         ] GC(227) ReferenceProcessor::execute queues: 1, RefProcThreadModel::Single, marks_oops_alive: false
[5887.950s][debug][gc,phases      ] GC(227) Reference Processing 0.197ms
[5887.950s][debug][gc,phases      ] GC(227)   VM Weak                        Min:  0.0, Avg:  0.0, Max:  0.0, Diff:  0.0, Sum:  0.0, Workers: 4
[5887.950s][debug][gc,phases      ] GC(227)     Dead                           Min: 0, Avg:  0.0, Max: 0, Diff: 0, Sum: 0, Workers: 4
[5887.950s][debug][gc,phases      ] GC(227)     Total                          Min: 0, Avg: 163.2, Max: 416, Diff: 416, Sum: 653, Workers: 4
[5887.950s][debug][gc,phases      ] GC(227)   ObjectSynchronizer Weak        Min:  0.0, Avg:  0.0, Max:  0.0, Diff:  0.0, Sum:  0.0, Workers: 4
[5887.950s][debug][gc,phases      ] GC(227)     Dead                           Min: 0, Avg:  0.0, Max: 0, Diff: 0, Sum: 0, Workers: 4
[5887.950s][debug][gc,phases      ] GC(227)     Total                          Min: 0, Avg: 63.0, Max: 128, Diff: 128, Sum: 252, Workers: 4
[5887.950s][debug][gc,phases      ] GC(227)   JVMTI Tag Weak OopStorage      Min:  0.0, Avg:  0.0, Max:  0.0, Diff:  0.0, Sum:  0.0, Workers: 4
[5887.950s][debug][gc,phases      ] GC(227)     Dead                           Min: 0, Avg:  0.0, Max: 0, Diff: 0, Sum: 0, Workers: 4
[5887.950s][debug][gc,phases      ] GC(227)     Total                          Min: 0, Avg:  0.0, Max: 0, Diff: 0, Sum: 0, Workers: 4
[5887.950s][debug][gc,phases      ] GC(227)   StringTable Weak               Min:  0.0, Avg:  0.1, Max:  0.2, Diff:  0.2, Sum:  0.5, Workers: 4
[5887.950s][debug][gc,phases      ] GC(227)     Dead                           Min: 0, Avg:  1.0, Max: 4, Diff: 4, Sum: 4, Workers: 4
[5887.950s][debug][gc,phases      ] GC(227)     Total                          Min: 0, Avg: 12330.0, Max: 24896, Diff: 24896, Sum: 49320, Workers: 4
[5887.950s][debug][gc,phases      ] GC(227)   ResolvedMethodTable Weak       Min:  0.0, Avg:  0.0, Max:  0.0, Diff:  0.0, Sum:  0.1, Workers: 4
[5887.950s][debug][gc,phases      ] GC(227)     Dead                           Min: 0, Avg:  0.0, Max: 0, Diff: 0, Sum: 0, Workers: 4
[5887.950s][debug][gc,phases      ] GC(227)     Total                          Min: 0, Avg: 2285.0, Max: 4660, Diff: 4660, Sum: 9140, Workers: 4
[5887.950s][debug][gc,phases      ] GC(227)   JNI Weak                       Min:  0.0, Avg:  0.0, Max:  0.0, Diff:  0.0, Sum:  0.0, Workers: 4
[5887.950s][debug][gc,phases      ] GC(227)     Dead                           Min: 0, Avg:  0.0, Max: 0, Diff: 0, Sum: 0, Workers: 4
[5887.950s][debug][gc,phases      ] GC(227)     Total                          Min: 0, Avg:  0.0, Max: 0, Diff: 0, Sum: 0, Workers: 4
[5887.950s][debug][gc,phases      ] GC(227)   StringDedup Table Weak         Min:  0.0, Avg:  0.0, Max:  0.0, Diff:  0.0, Sum:  0.0, Workers: 4
[5887.950s][debug][gc,phases      ] GC(227)     Dead                           Min: 0, Avg:  0.0, Max: 0, Diff: 0, Sum: 0, Workers: 4
[5887.950s][debug][gc,phases      ] GC(227)     Total                          Min: 0, Avg:  0.0, Max: 0, Diff: 0, Sum: 0, Workers: 4
[5887.950s][debug][gc,phases      ] GC(227)   StringDedup Requests0 Weak     Min:  0.0, Avg:  0.0, Max:  0.0, Diff:  0.0, Sum:  0.0, Workers: 4
[5887.950s][debug][gc,phases      ] GC(227)     Dead                           Min: 0, Avg:  0.0, Max: 0, Diff: 0, Sum: 0, Workers: 4
[5887.950s][debug][gc,phases      ] GC(227)     Total                          Min: 0, Avg:  0.0, Max: 0, Diff: 0, Sum: 0, Workers: 4
[5887.950s][debug][gc,phases      ] GC(227)   StringDedup Requests1 Weak     Min:  0.0, Avg:  0.0, Max:  0.0, Diff:  0.0, Sum:  0.0, Workers: 4
[5887.950s][debug][gc,phases      ] GC(227)     Dead                           Min: 0, Avg:  0.0, Max: 0, Diff: 0, Sum: 0, Workers: 4
[5887.950s][debug][gc,phases      ] GC(227)     Total                          Min: 0, Avg:  0.0, Max: 0, Diff: 0, Sum: 0, Workers: 4
[5887.950s][debug][gc,phases      ] GC(227)   Weak JFR Old Object Samples    Min:  0.0, Avg:  0.0, Max:  0.0, Diff:  0.0, Sum:  0.0, Workers: 4
[5887.950s][debug][gc,phases      ] GC(227)     Dead                           Min: 0, Avg:  0.0, Max: 0, Diff: 0, Sum: 0, Workers: 4
[5887.950s][debug][gc,phases      ] GC(227)     Total                          Min: 0, Avg:  0.0, Max: 0, Diff: 0, Sum: 0, Workers: 4
[5887.950s][debug][gc,phases      ] GC(227) Weak Processing 0.545ms
[5887.950s][debug][gc,age         ] GC(227) Desired survivor size 145227776 bytes, new threshold 15 (max threshold 15)
[5887.950s][info ][gc,heap        ] GC(227) PSYoungGen: 1850224K(1850368K)->24720K(1951744K) Eden: 1838080K(1838080K)->0K(1813504K) From: 12144K(12288K)->24720K(138240K)
[5887.950s][info ][gc,heap        ] GC(227) ParOldGen: 579971K(715264K)->579979K(715264K)
[5887.950s][info ][gc,metaspace   ] GC(227) Metaspace: 87327K(88320K)->87327K(88320K) NonClass: 75314K(75776K)->75314K(75776K) Class: 12013K(12544K)->12013K(12544K)
[5887.950s][info ][gc             ] GC(227) Pause Young (Allocation Failure) 2373M->590M(2604M) 52.789ms
[5887.950s][info ][gc,cpu         ] GC(227) User=0.05s Sys=0.00s Real=0.06s
[5887.950s][info ][safepoint      ] Safepoint "ParallelGCFailedAllocation", Time since last: 3607863761 ns, Reaching safepoint: 4135784 ns, At safepoint: 52930277 ns, Total: 57066061 ns
[5888.961s][info ][safepoint      ] Safepoint "Cleanup", Time since last: 1001462164 ns, Reaching safepoint: 9621896 ns, At safepoint: 35601 ns, Total: 9657497 ns
[5889.962s][info ][safepoint      ] Safepoint "Cleanup", Time since last: 1000127026 ns, Reaching safepoint: 125703 ns, At safepoint: 12300 ns, Total: 138003 ns
[5905.963s][info ][safepoint      ] Safepoint "Cleanup", Time since last: 16001257596 ns, Reaching safepoint: 122503 ns, At safepoint: 6900 ns, Total: 129403 ns
[5906.963s][info ][safepoint      ] Safepoint "Cleanup", Time since last: 1000137839 ns, Reaching safepoint: 54201 ns, At safepoint: 5000 ns, Total: 59201 ns
[5910.964s][info ][safepoint      ] Safepoint "Cleanup", Time since last: 4000761753 ns, Reaching safepoint: 123902 ns, At safepoint: 5500 ns, Total: 129402 ns
[5913.966s][info ][safepoint      ] Safepoint "Cleanup", Time since last: 3001295141 ns, Reaching safepoint: 202904 ns, At safepoint: 8400 ns, Total: 211304 ns
[5916.718s][info ][gc,start       ] GC(228) Pause Young (Allocation Failure)
[5916.742s][debug][gc,phases      ] GC(228) Scavenge 24.029ms
[5916.742s][debug][gc,ref         ] GC(228) Skipped phase 1 of Reference Processing: no references
[5916.742s][debug][gc,ref         ] GC(228) ReferenceProcessor::execute queues: 1, RefProcThreadModel::Single, marks_oops_alive: false
[5916.742s][debug][gc,ref         ] GC(228) Skipped phase 3 of Reference Processing: no references
[5916.742s][debug][gc,ref         ] GC(228) ReferenceProcessor::execute queues: 1, RefProcThreadModel::Single, marks_oops_alive: false
[5916.742s][debug][gc,phases      ] GC(228) Reference Processing 0.147ms
[5916.742s][debug][gc,phases      ] GC(228)   VM Weak                        Min:  0.0, Avg:  0.0, Max:  0.0, Diff:  0.0, Sum:  0.0, Workers: 4
[5916.742s][debug][gc,phases      ] GC(228)     Dead                           Min: 0, Avg:  0.0, Max: 0, Diff: 0, Sum: 0, Workers: 4
[5916.742s][debug][gc,phases      ] GC(228)     Total                          Min: 0, Avg: 163.2, Max: 512, Diff: 512, Sum: 653, Workers: 4
[5916.742s][debug][gc,phases      ] GC(228)   ObjectSynchronizer Weak        Min:  0.0, Avg:  0.0, Max:  0.0, Diff:  0.0, Sum:  0.0, Workers: 4
[5916.742s][debug][gc,phases      ] GC(228)     Dead                           Min: 0, Avg:  0.0, Max: 0, Diff: 0, Sum: 0, Workers: 4
[5916.742s][debug][gc,phases      ] GC(228)     Total                          Min: 0, Avg: 63.0, Max: 128, Diff: 128, Sum: 252, Workers: 4
[5916.743s][debug][gc,phases      ] GC(228)   JVMTI Tag Weak OopStorage      Min:  0.0, Avg:  0.0, Max:  0.0, Diff:  0.0, Sum:  0.0, Workers: 4
[5916.743s][debug][gc,phases      ] GC(228)     Dead                           Min: 0, Avg:  0.0, Max: 0, Diff: 0, Sum: 0, Workers: 4
[5916.743s][debug][gc,phases      ] GC(228)     Total                          Min: 0, Avg:  0.0, Max: 0, Diff: 0, Sum: 0, Workers: 4
[5916.743s][debug][gc,phases      ] GC(228)   StringTable Weak               Min:  0.0, Avg:  0.1, Max:  0.2, Diff:  0.2, Sum:  0.5, Workers: 4
[5916.743s][debug][gc,phases      ] GC(228)     Dead                           Min: 0, Avg:  0.0, Max: 0, Diff: 0, Sum: 0, Workers: 4
[5916.743s][debug][gc,phases      ] GC(228)     Total                          Min: 0, Avg: 12330.5, Max: 17130, Diff: 17130, Sum: 49322, Workers: 4
[5916.743s][debug][gc,phases      ] GC(228)   ResolvedMethodTable Weak       Min:  0.0, Avg:  0.0, Max:  0.0, Diff:  0.0, Sum:  0.1, Workers: 4
[5916.743s][debug][gc,phases      ] GC(228)     Dead                           Min: 0, Avg:  0.0, Max: 0, Diff: 0, Sum: 0, Workers: 4
[5916.743s][debug][gc,phases      ] GC(228)     Total                          Min: 0, Avg: 2285.8, Max: 3255, Diff: 3255, Sum: 9143, Workers: 4
[5916.743s][debug][gc,phases      ] GC(228)   JNI Weak                       Min:  0.0, Avg:  0.0, Max:  0.0, Diff:  0.0, Sum:  0.0, Workers: 4
[5916.743s][debug][gc,phases      ] GC(228)     Dead                           Min: 0, Avg:  0.0, Max: 0, Diff: 0, Sum: 0, Workers: 4
[5916.743s][debug][gc,phases      ] GC(228)     Total                          Min: 0, Avg:  0.0, Max: 0, Diff: 0, Sum: 0, Workers: 4
[5916.743s][debug][gc,phases      ] GC(228)   StringDedup Table Weak         Min:  0.0, Avg:  0.0, Max:  0.0, Diff:  0.0, Sum:  0.0, Workers: 4
[5916.743s][debug][gc,phases      ] GC(228)     Dead                           Min: 0, Avg:  0.0, Max: 0, Diff: 0, Sum: 0, Workers: 4
[5916.743s][debug][gc,phases      ] GC(228)     Total                          Min: 0, Avg:  0.0, Max: 0, Diff: 0, Sum: 0, Workers: 4
[5916.743s][debug][gc,phases      ] GC(228)   StringDedup Requests0 Weak     Min:  0.0, Avg:  0.0, Max:  0.0, Diff:  0.0, Sum:  0.0, Workers: 4
[5916.743s][debug][gc,phases      ] GC(228)     Dead                           Min: 0, Avg:  0.0, Max: 0, Diff: 0, Sum: 0, Workers: 4
[5916.743s][debug][gc,phases      ] GC(228)     Total                          Min: 0, Avg:  0.0, Max: 0, Diff: 0, Sum: 0, Workers: 4
[5916.743s][debug][gc,phases      ] GC(228)   StringDedup Requests1 Weak     Min:  0.0, Avg:  0.0, Max:  0.0, Diff:  0.0, Sum:  0.0, Workers: 4
[5916.743s][debug][gc,phases      ] GC(228)     Dead                           Min: 0, Avg:  0.0, Max: 0, Diff: 0, Sum: 0, Workers: 4
[5916.743s][debug][gc,phases      ] GC(228)     Total                          Min: 0, Avg:  0.0, Max: 0, Diff: 0, Sum: 0, Workers: 4
[5916.743s][debug][gc,phases      ] GC(228)   Weak JFR Old Object Samples    Min:  0.0, Avg:  0.0, Max:  0.0, Diff:  0.0, Sum:  0.0, Workers: 4
[5916.743s][debug][gc,phases      ] GC(228)     Dead                           Min: 0, Avg:  0.0, Max: 0, Diff: 0, Sum: 0, Workers: 4
[5916.743s][debug][gc,phases      ] GC(228)     Total                          Min: 0, Avg:  0.0, Max: 0, Diff: 0, Sum: 0, Workers: 4
[5916.743s][debug][gc,phases      ] GC(228) Weak Processing 0.473ms
[5916.743s][debug][gc,age         ] GC(228) Desired survivor size 146276352 bytes, new threshold 15 (max threshold 15)
[5916.743s][info ][gc,heap        ] GC(228) PSYoungGen: 1838224K(1951744K)->26256K(1840128K) Eden: 1813504K(1813504K)->0K(1813504K) From: 24720K(138240K)->26256K(26624K)
[5916.743s][info ][gc,heap        ] GC(228) ParOldGen: 579979K(715264K)->579979K(715264K)
[5916.743s][info ][gc,metaspace   ] GC(228) Metaspace: 87333K(88320K)->87333K(88320K) NonClass: 75319K(75776K)->75319K(75776K) Class: 12014K(12544K)->12014K(12544K)
[5916.743s][info ][gc             ] GC(228) Pause Young (Allocation Failure) 2361M->592M(2495M) 24.824ms
[5916.743s][info ][gc,cpu         ] GC(228) User=0.04s Sys=0.00s Real=0.03s
[5916.743s][info ][safepoint      ] Safepoint "ParallelGCFailedAllocation", Time since last: 2752091454 ns, Reaching safepoint: 38201 ns, At safepoint: 24939600 ns, Total: 24977801 ns
[5920.743s][info ][safepoint      ] Safepoint "Cleanup", Time since last: 4000318525 ns, Reaching safepoint: 58801 ns, At safepoint: 11601 ns, Total: 70402 ns
[5922.743s][info ][safepoint      ] Safepoint "Cleanup", Time since last: 2000186150 ns, Reaching safepoint: 54701 ns, At safepoint: 3700 ns, Total: 58401 ns
[5924.744s][info ][safepoint      ] Safepoint "Cleanup", Time since last: 2000194208 ns, Reaching safepoint: 56401 ns, At safepoint: 4000 ns, Total: 60401 ns
[5941.745s][info ][safepoint      ] Safepoint "Cleanup", Time since last: 17001176736 ns, Reaching safepoint: 58201 ns, At safepoint: 3401 ns, Total: 61602 ns
[5946.745s][info ][safepoint      ] Safepoint "Cleanup", Time since last: 5000411215 ns, Reaching safepoint: 50701 ns, At safepoint: 64002 ns, Total: 114703 ns
[5958.902s][info ][gc,start       ] GC(229) Pause Young (Allocation Failure)
[5958.911s][debug][gc,phases      ] GC(229) Scavenge 9.114ms
[5958.911s][debug][gc,ref         ] GC(229) Skipped phase 1 of Reference Processing: no references
[5958.911s][debug][gc,ref         ] GC(229) ReferenceProcessor::execute queues: 1, RefProcThreadModel::Single, marks_oops_alive: false
[5958.911s][debug][gc,ref         ] GC(229) Skipped phase 3 of Reference Processing: no references
[5958.911s][debug][gc,ref         ] GC(229) ReferenceProcessor::execute queues: 1, RefProcThreadModel::Single, marks_oops_alive: false
[5958.911s][debug][gc,phases      ] GC(229) Reference Processing 0.121ms
[5958.912s][debug][gc,phases      ] GC(229)   VM Weak                        Min:  0.0, Avg:  0.0, Max:  0.0, Diff:  0.0, Sum:  0.0, Workers: 4
[5958.912s][debug][gc,phases      ] GC(229)     Dead                           Min: 0, Avg:  0.0, Max: 0, Diff: 0, Sum: 0, Workers: 4
[5958.912s][debug][gc,phases      ] GC(229)     Total                          Min: 0, Avg: 163.2, Max: 315, Diff: 315, Sum: 653, Workers: 4
[5958.912s][debug][gc,phases      ] GC(229)   ObjectSynchronizer Weak        Min:  0.0, Avg:  0.0, Max:  0.0, Diff:  0.0, Sum:  0.0, Workers: 4
[5958.912s][debug][gc,phases      ] GC(229)     Dead                           Min: 0, Avg:  0.0, Max: 0, Diff: 0, Sum: 0, Workers: 4
[5958.912s][debug][gc,phases      ] GC(229)     Total                          Min: 0, Avg: 63.0, Max: 128, Diff: 128, Sum: 252, Workers: 4
[5958.912s][debug][gc,phases      ] GC(229)   JVMTI Tag Weak OopStorage      Min:  0.0, Avg:  0.0, Max:  0.0, Diff:  0.0, Sum:  0.0, Workers: 4
[5958.912s][debug][gc,phases      ] GC(229)     Dead                           Min: 0, Avg:  0.0, Max: 0, Diff: 0, Sum: 0, Workers: 4
[5958.912s][debug][gc,phases      ] GC(229)     Total                          Min: 0, Avg:  0.0, Max: 0, Diff: 0, Sum: 0, Workers: 4
[5958.912s][debug][gc,phases      ] GC(229)   StringTable Weak               Min:  0.1, Avg:  0.1, Max:  0.1, Diff:  0.0, Sum:  0.4, Workers: 4
[5958.912s][debug][gc,phases      ] GC(229)     Dead                           Min: 0, Avg:  0.0, Max: 0, Diff: 0, Sum: 0, Workers: 4
[5958.912s][debug][gc,phases      ] GC(229)     Total                          Min: 11200, Avg: 12330.5, Max: 13120, Diff: 1920, Sum: 49322, Workers: 4
[5958.912s][debug][gc,phases      ] GC(229)   ResolvedMethodTable Weak       Min:  0.0, Avg:  0.0, Max:  0.0, Diff:  0.0, Sum:  0.1, Workers: 4
[5958.912s][debug][gc,phases      ] GC(229)     Dead                           Min: 0, Avg:  0.0, Max: 0, Diff: 0, Sum: 0, Workers: 4
[5958.912s][debug][gc,phases      ] GC(229)     Total                          Min: 2112, Avg: 2285.8, Max: 2615, Diff: 503, Sum: 9143, Workers: 4
[5958.912s][debug][gc,phases      ] GC(229)   JNI Weak                       Min:  0.0, Avg:  0.0, Max:  0.0, Diff:  0.0, Sum:  0.0, Workers: 4
[5958.912s][debug][gc,phases      ] GC(229)     Dead                           Min: 0, Avg:  0.0, Max: 0, Diff: 0, Sum: 0, Workers: 4
[5958.912s][debug][gc,phases      ] GC(229)     Total                          Min: 0, Avg:  0.0, Max: 0, Diff: 0, Sum: 0, Workers: 4
[5958.912s][debug][gc,phases      ] GC(229)   StringDedup Table Weak         Min:  0.0, Avg:  0.0, Max:  0.0, Diff:  0.0, Sum:  0.0, Workers: 4
[5958.912s][debug][gc,phases      ] GC(229)     Dead                           Min: 0, Avg:  0.0, Max: 0, Diff: 0, Sum: 0, Workers: 4
[5958.912s][debug][gc,phases      ] GC(229)     Total                          Min: 0, Avg:  0.0, Max: 0, Diff: 0, Sum: 0, Workers: 4
[5958.912s][debug][gc,phases      ] GC(229)   StringDedup Requests0 Weak     Min:  0.0, Avg:  0.0, Max:  0.0, Diff:  0.0, Sum:  0.0, Workers: 4
[5958.912s][debug][gc,phases      ] GC(229)     Dead                           Min: 0, Avg:  0.0, Max: 0, Diff: 0, Sum: 0, Workers: 4
[5958.912s][debug][gc,phases      ] GC(229)     Total                          Min: 0, Avg:  0.0, Max: 0, Diff: 0, Sum: 0, Workers: 4
[5958.912s][debug][gc,phases      ] GC(229)   StringDedup Requests1 Weak     Min:  0.0, Avg:  0.0, Max:  0.0, Diff:  0.0, Sum:  0.0, Workers: 4
[5958.912s][debug][gc,phases      ] GC(229)     Dead                           Min: 0, Avg:  0.0, Max: 0, Diff: 0, Sum: 0, Workers: 4
[5958.912s][debug][gc,phases      ] GC(229)     Total                          Min: 0, Avg:  0.0, Max: 0, Diff: 0, Sum: 0, Workers: 4
[5958.912s][debug][gc,phases      ] GC(229)   Weak JFR Old Object Samples    Min:  0.0, Avg:  0.0, Max:  0.0, Diff:  0.0, Sum:  0.0, Workers: 4
[5958.912s][debug][gc,phases      ] GC(229)     Dead                           Min: 0, Avg:  0.0, Max: 0, Diff: 0, Sum: 0, Workers: 4
[5958.912s][debug][gc,phases      ] GC(229)     Total                          Min: 0, Avg:  0.0, Max: 0, Diff: 0, Sum: 0, Workers: 4
[5958.912s][debug][gc,phases      ] GC(229) Weak Processing 0.349ms
[5958.912s][debug][gc,age         ] GC(229) Desired survivor size 146276352 bytes, new threshold 15 (max threshold 15)
[5958.912s][info ][gc,heap        ] GC(229) PSYoungGen: 1839760K(1840128K)->27696K(1954304K) Eden: 1813504K(1813504K)->0K(1811456K) From: 26256K(26624K)->27696K(142848K)
[5958.912s][info ][gc,heap        ] GC(229) ParOldGen: 579979K(715264K)->579979K(715264K)
[5958.912s][info ][gc,metaspace   ] GC(229) Metaspace: 87336K(88320K)->87336K(88320K) NonClass: 75322K(75776K)->75322K(75776K) Class: 12014K(12544K)->12014K(12544K)
[5958.912s][info ][gc             ] GC(229) Pause Young (Allocation Failure) 2363M->593M(2607M) 9.736ms
[5958.912s][info ][gc,cpu         ] GC(229) User=0.04s Sys=0.00s Real=0.01s
[5958.912s][info ][safepoint      ] Safepoint "ParallelGCFailedAllocation", Time since last: 12156490047 ns, Reaching safepoint: 117803 ns, At safepoint: 9836492 ns, Total: 9954295 ns
[5959.912s][info ][safepoint      ] Safepoint "Cleanup", Time since last: 1000095993 ns, Reaching safepoint: 109202 ns, At safepoint: 6001 ns, Total: 115203 ns
[5961.912s][info ][safepoint      ] Safepoint "Cleanup", Time since last: 2000175056 ns, Reaching safepoint: 48701 ns, At safepoint: 6500 ns, Total: 55201 ns
[5976.913s][info ][safepoint      ] Safepoint "Cleanup", Time since last: 15001008036 ns, Reaching safepoint: 52801 ns, At safepoint: 3700 ns, Total: 56501 ns
[5979.914s][info ][safepoint      ] Safepoint "Cleanup", Time since last: 3000240131 ns, Reaching safepoint: 131203 ns, At safepoint: 34200 ns, Total: 165403 ns
[5980.225s][info ][gc,start       ] GC(230) Pause Young (Allocation Failure)
[5980.240s][debug][gc,phases      ] GC(230) Scavenge 15.425ms
[5980.240s][debug][gc,ref         ] GC(230) Skipped phase 1 of Reference Processing: no references
[5980.241s][debug][gc,ref         ] GC(230) ReferenceProcessor::execute queues: 1, RefProcThreadModel::Single, marks_oops_alive: false
[5980.241s][debug][gc,ref         ] GC(230) Skipped phase 3 of Reference Processing: no references
[5980.241s][debug][gc,ref         ] GC(230) ReferenceProcessor::execute queues: 1, RefProcThreadModel::Single, marks_oops_alive: false
[5980.241s][debug][gc,phases      ] GC(230) Reference Processing 0.192ms
[5980.241s][debug][gc,phases      ] GC(230)   VM Weak                        Min:  0.0, Avg:  0.0, Max:  0.0, Diff:  0.0, Sum:  0.0, Workers: 4
[5980.241s][debug][gc,phases      ] GC(230)     Dead                           Min: 0, Avg:  0.0, Max: 0, Diff: 0, Sum: 0, Workers: 4
[5980.241s][debug][gc,phases      ] GC(230)     Total                          Min: 0, Avg: 163.2, Max: 569, Diff: 569, Sum: 653, Workers: 4
[5980.241s][debug][gc,phases      ] GC(230)   ObjectSynchronizer Weak        Min:  0.0, Avg:  0.0, Max:  0.0, Diff:  0.0, Sum:  0.0, Workers: 4
[5980.241s][debug][gc,phases      ] GC(230)     Dead                           Min: 0, Avg:  0.0, Max: 0, Diff: 0, Sum: 0, Workers: 4
[5980.241s][debug][gc,phases      ] GC(230)     Total                          Min: 0, Avg: 63.0, Max: 128, Diff: 128, Sum: 252, Workers: 4
[5980.241s][debug][gc,phases      ] GC(230)   JVMTI Tag Weak OopStorage      Min:  0.0, Avg:  0.0, Max:  0.0, Diff:  0.0, Sum:  0.0, Workers: 4
[5980.241s][debug][gc,phases      ] GC(230)     Dead                           Min: 0, Avg:  0.0, Max: 0, Diff: 0, Sum: 0, Workers: 4
[5980.241s][debug][gc,phases      ] GC(230)     Total                          Min: 0, Avg:  0.0, Max: 0, Diff: 0, Sum: 0, Workers: 4
[5980.241s][debug][gc,phases      ] GC(230)   StringTable Weak               Min:  0.1, Avg:  0.1, Max:  0.1, Diff:  0.1, Sum:  0.5, Workers: 4
[5980.241s][debug][gc,phases      ] GC(230)     Dead                           Min: 0, Avg:  0.0, Max: 0, Diff: 0, Sum: 0, Workers: 4
[5980.241s][debug][gc,phases      ] GC(230)     Total                          Min: 7872, Avg: 12330.5, Max: 14656, Diff: 6784, Sum: 49322, Workers: 4
[5980.241s][debug][gc,phases      ] GC(230)   ResolvedMethodTable Weak       Min:  0.0, Avg:  0.0, Max:  0.0, Diff:  0.0, Sum:  0.1, Workers: 4
[5980.241s][debug][gc,phases      ] GC(230)     Dead                           Min: 0, Avg:  0.0, Max: 0, Diff: 0, Sum: 0, Workers: 4
[5980.241s][debug][gc,phases      ] GC(230)     Total                          Min: 2176, Avg: 2285.8, Max: 2423, Diff: 247, Sum: 9143, Workers: 4
[5980.241s][debug][gc,phases      ] GC(230)   JNI Weak                       Min:  0.0, Avg:  0.0, Max:  0.0, Diff:  0.0, Sum:  0.0, Workers: 4
[5980.241s][debug][gc,phases      ] GC(230)     Dead                           Min: 0, Avg:  0.0, Max: 0, Diff: 0, Sum: 0, Workers: 4
[5980.241s][debug][gc,phases      ] GC(230)     Total                          Min: 0, Avg:  0.0, Max: 0, Diff: 0, Sum: 0, Workers: 4
[5980.241s][debug][gc,phases      ] GC(230)   StringDedup Table Weak         Min:  0.0, Avg:  0.0, Max:  0.0, Diff:  0.0, Sum:  0.0, Workers: 4
[5980.241s][debug][gc,phases      ] GC(230)     Dead                           Min: 0, Avg:  0.0, Max: 0, Diff: 0, Sum: 0, Workers: 4
[5980.241s][debug][gc,phases      ] GC(230)     Total                          Min: 0, Avg:  0.0, Max: 0, Diff: 0, Sum: 0, Workers: 4
[5980.241s][debug][gc,phases      ] GC(230)   StringDedup Requests0 Weak     Min:  0.0, Avg:  0.0, Max:  0.0, Diff:  0.0, Sum:  0.0, Workers: 4
[5980.241s][debug][gc,phases      ] GC(230)     Dead                           Min: 0, Avg:  0.0, Max: 0, Diff: 0, Sum: 0, Workers: 4
[5980.241s][debug][gc,phases      ] GC(230)     Total                          Min: 0, Avg:  0.0, Max: 0, Diff: 0, Sum: 0, Workers: 4
[5980.241s][debug][gc,phases      ] GC(230)   StringDedup Requests1 Weak     Min:  0.0, Avg:  0.0, Max:  0.0, Diff:  0.0, Sum:  0.0, Workers: 4
[5980.241s][debug][gc,phases      ] GC(230)     Dead                           Min: 0, Avg:  0.0, Max: 0, Diff: 0, Sum: 0, Workers: 4
[5980.241s][debug][gc,phases      ] GC(230)     Total                          Min: 0, Avg:  0.0, Max: 0, Diff: 0, Sum: 0, Workers: 4
[5980.241s][debug][gc,phases      ] GC(230)   Weak JFR Old Object Samples    Min:  0.0, Avg:  0.0, Max:  0.0, Diff:  0.0, Sum:  0.0, Workers: 4
[5980.241s][debug][gc,phases      ] GC(230)     Dead                           Min: 0, Avg:  0.0, Max: 0, Diff: 0, Sum: 0, Workers: 4
[5980.241s][debug][gc,phases      ] GC(230)     Total                          Min: 0, Avg:  0.0, Max: 0, Diff: 0, Sum: 0, Workers: 4
[5980.241s][debug][gc,phases      ] GC(230) Weak Processing 0.348ms
[5980.241s][debug][gc,age         ] GC(230) Desired survivor size 142082048 bytes, new threshold 15 (max threshold 15)
[5980.241s][info ][gc,heap        ] GC(230) PSYoungGen: 1839152K(1954304K)->42128K(1954304K) Eden: 1811456K(1811456K)->0K(1811456K) From: 27696K(142848K)->42128K(142848K)
[5980.241s][info ][gc,heap        ] GC(230) ParOldGen: 579979K(715264K)->579979K(715264K)
[5980.241s][info ][gc,metaspace   ] GC(230) Metaspace: 87343K(88320K)->87343K(88320K) NonClass: 75329K(75776K)->75329K(75776K) Class: 12014K(12544K)->12014K(12544K)
[5980.241s][info ][gc             ] GC(230) Pause Young (Allocation Failure) 2362M->607M(2607M) 16.107ms
[5980.241s][info ][gc,cpu         ] GC(230) User=0.06s Sys=0.00s Real=0.01s
[5980.241s][info ][safepoint      ] Safepoint "ParallelGCFailedAllocation", Time since last: 310959332 ns, Reaching safepoint: 102202 ns, At safepoint: 16198814 ns, Total: 16301016 ns
[5981.241s][info ][safepoint      ] Safepoint "Cleanup", Time since last: 1000091388 ns, Reaching safepoint: 53301 ns, At safepoint: 7801 ns, Total: 61102 ns
[5987.242s][info ][safepoint      ] Safepoint "Cleanup", Time since last: 6000452633 ns, Reaching safepoint: 63602 ns, At safepoint: 7700 ns, Total: 71302 ns
[5989.242s][info ][safepoint      ] Safepoint "Cleanup", Time since last: 2000185338 ns, Reaching safepoint: 55001 ns, At safepoint: 6600 ns, Total: 61601 ns
[5991.242s][info ][safepoint      ] Safepoint "Cleanup", Time since last: 2000169000 ns, Reaching safepoint: 52601 ns, At safepoint: 4900 ns, Total: 57501 ns
[5996.243s][info ][safepoint      ] Safepoint "Cleanup", Time since last: 5000383640 ns, Reaching safepoint: 131203 ns, At safepoint: 27200 ns, Total: 158403 ns
[5997.012s][info ][gc,start       ] GC(231) Pause Young (Allocation Failure)
[5997.031s][debug][gc,phases      ] GC(231) Scavenge 18.499ms
[5997.031s][debug][gc,ref         ] GC(231) Skipped phase 1 of Reference Processing: no references
[5997.031s][debug][gc,ref         ] GC(231) ReferenceProcessor::execute queues: 1, RefProcThreadModel::Single, marks_oops_alive: false
[5997.031s][debug][gc,ref         ] GC(231) Skipped phase 3 of Reference Processing: no references
[5997.031s][debug][gc,ref         ] GC(231) ReferenceProcessor::execute queues: 1, RefProcThreadModel::Single, marks_oops_alive: false
[5997.031s][debug][gc,phases      ] GC(231) Reference Processing 0.151ms
[5997.031s][debug][gc,phases      ] GC(231)   VM Weak                        Min:  0.0, Avg:  0.0, Max:  0.0, Diff:  0.0, Sum:  0.0, Workers: 4
[5997.031s][debug][gc,phases      ] GC(231)     Dead                           Min: 0, Avg:  0.0, Max: 0, Diff: 0, Sum: 0, Workers: 4
[5997.031s][debug][gc,phases      ] GC(231)     Total                          Min: 0, Avg: 163.2, Max: 532, Diff: 532, Sum: 653, Workers: 4
[5997.032s][debug][gc,phases      ] GC(231)   ObjectSynchronizer Weak        Min:  0.0, Avg:  0.0, Max:  0.0, Diff:  0.0, Sum:  0.0, Workers: 4
[5997.032s][debug][gc,phases      ] GC(231)     Dead                           Min: 0, Avg:  0.0, Max: 0, Diff: 0, Sum: 0, Workers: 4
[5997.032s][debug][gc,phases      ] GC(231)     Total                          Min: 0, Avg: 63.0, Max: 128, Diff: 128, Sum: 252, Workers: 4
[5997.032s][debug][gc,phases      ] GC(231)   JVMTI Tag Weak OopStorage      Min:  0.0, Avg:  0.0, Max:  0.0, Diff:  0.0, Sum:  0.0, Workers: 4
[5997.032s][debug][gc,phases      ] GC(231)     Dead                           Min: 0, Avg:  0.0, Max: 0, Diff: 0, Sum: 0, Workers: 4
[5997.032s][debug][gc,phases      ] GC(231)     Total                          Min: 0, Avg:  0.0, Max: 0, Diff: 0, Sum: 0, Workers: 4
[5997.032s][debug][gc,phases      ] GC(231)   StringTable Weak               Min:  0.1, Avg:  0.1, Max:  0.1, Diff:  0.0, Sum:  0.6, Workers: 4
[5997.032s][debug][gc,phases      ] GC(231)     Dead                           Min: 0, Avg:  0.0, Max: 0, Diff: 0, Sum: 0, Workers: 4
[5997.032s][debug][gc,phases      ] GC(231)     Total                          Min: 5824, Avg: 12330.8, Max: 15743, Diff: 9919, Sum: 49323, Workers: 4
[5997.032s][debug][gc,phases      ] GC(231)   ResolvedMethodTable Weak       Min:  0.0, Avg:  0.0, Max:  0.0, Diff:  0.0, Sum:  0.1, Workers: 4
[5997.032s][debug][gc,phases      ] GC(231)     Dead                           Min: 0, Avg:  0.0, Max: 0, Diff: 0, Sum: 0, Workers: 4
[5997.032s][debug][gc,phases      ] GC(231)     Total                          Min: 2176, Avg: 2285.8, Max: 2423, Diff: 247, Sum: 9143, Workers: 4
[5997.032s][debug][gc,phases      ] GC(231)   JNI Weak                       Min:  0.0, Avg:  0.0, Max:  0.0, Diff:  0.0, Sum:  0.0, Workers: 4
[5997.032s][debug][gc,phases      ] GC(231)     Dead                           Min: 0, Avg:  0.0, Max: 0, Diff: 0, Sum: 0, Workers: 4
[5997.032s][debug][gc,phases      ] GC(231)     Total                          Min: 0, Avg:  0.0, Max: 0, Diff: 0, Sum: 0, Workers: 4
[5997.032s][debug][gc,phases      ] GC(231)   StringDedup Table Weak         Min:  0.0, Avg:  0.0, Max:  0.0, Diff:  0.0, Sum:  0.0, Workers: 4
[5997.032s][debug][gc,phases      ] GC(231)     Dead                           Min: 0, Avg:  0.0, Max: 0, Diff: 0, Sum: 0, Workers: 4
[5997.032s][debug][gc,phases      ] GC(231)     Total                          Min: 0, Avg:  0.0, Max: 0, Diff: 0, Sum: 0, Workers: 4
[5997.032s][debug][gc,phases      ] GC(231)   StringDedup Requests0 Weak     Min:  0.0, Avg:  0.0, Max:  0.0, Diff:  0.0, Sum:  0.0, Workers: 4
[5997.032s][debug][gc,phases      ] GC(231)     Dead                           Min: 0, Avg:  0.0, Max: 0, Diff: 0, Sum: 0, Workers: 4
[5997.032s][debug][gc,phases      ] GC(231)     Total                          Min: 0, Avg:  0.0, Max: 0, Diff: 0, Sum: 0, Workers: 4
[5997.032s][debug][gc,phases      ] GC(231)   StringDedup Requests1 Weak     Min:  0.0, Avg:  0.0, Max:  0.0, Diff:  0.0, Sum:  0.0, Workers: 4
[5997.032s][debug][gc,phases      ] GC(231)     Dead                           Min: 0, Avg:  0.0, Max: 0, Diff: 0, Sum: 0, Workers: 4
[5997.032s][debug][gc,phases      ] GC(231)     Total                          Min: 0, Avg:  0.0, Max: 0, Diff: 0, Sum: 0, Workers: 4
[5997.032s][debug][gc,phases      ] GC(231)   Weak JFR Old Object Samples    Min:  0.0, Avg:  0.0, Max:  0.0, Diff:  0.0, Sum:  0.0, Workers: 4
[5997.032s][debug][gc,phases      ] GC(231)     Dead                           Min: 0, Avg:  0.0, Max: 0, Diff: 0, Sum: 0, Workers: 4
[5997.032s][debug][gc,phases      ] GC(231)     Total                          Min: 0, Avg:  0.0, Max: 0, Diff: 0, Sum: 0, Workers: 4
[5997.032s][debug][gc,phases      ] GC(231) Weak Processing 0.395ms
[5997.032s][debug][gc,age         ] GC(231) Desired survivor size 135266304 bytes, new threshold 15 (max threshold 15)
[5997.032s][info ][gc,heap        ] GC(231) PSYoungGen: 1853584K(1954304K)->58800K(1965056K) Eden: 1811456K(1811456K)->0K(1826304K) From: 42128K(142848K)->58800K(138752K)
[5997.032s][info ][gc,heap        ] GC(231) ParOldGen: 579979K(715264K)->579979K(715264K)
[5997.032s][info ][gc,metaspace   ] GC(231) Metaspace: 87351K(88320K)->87351K(88320K) NonClass: 75336K(75776K)->75336K(75776K) Class: 12014K(12544K)->12014K(12544K)
[5997.032s][info ][gc             ] GC(231) Pause Young (Allocation Failure) 2376M->623M(2617M) 19.198ms
[5997.032s][info ][gc,cpu         ] GC(231) User=0.06s Sys=0.01s Real=0.02s
[5997.032s][info ][safepoint      ] Safepoint "ParallelGCFailedAllocation", Time since last: 769602507 ns, Reaching safepoint: 105002 ns, At safepoint: 19316572 ns, Total: 19421574 ns
[6001.032s][info ][safepoint      ] Safepoint "Cleanup", Time since last: 4000288679 ns, Reaching safepoint: 51801 ns, At safepoint: 7200 ns, Total: 59001 ns
[6006.033s][info ][safepoint      ] Safepoint "Cleanup", Time since last: 5000381097 ns, Reaching safepoint: 117602 ns, At safepoint: 15201 ns, Total: 132803 ns
[6006.361s][info ][gc,start       ] GC(232) Pause Young (Allocation Failure)
[6006.380s][debug][gc,phases      ] GC(232) Scavenge 18.951ms
[6006.380s][debug][gc,ref         ] GC(232) Skipped phase 1 of Reference Processing: no references
[6006.380s][debug][gc,ref         ] GC(232) ReferenceProcessor::execute queues: 1, RefProcThreadModel::Single, marks_oops_alive: false
[6006.380s][debug][gc,ref         ] GC(232) Skipped phase 3 of Reference Processing: no references
[6006.380s][debug][gc,ref         ] GC(232) ReferenceProcessor::execute queues: 1, RefProcThreadModel::Single, marks_oops_alive: false
[6006.380s][debug][gc,phases      ] GC(232) Reference Processing 0.119ms
[6006.381s][debug][gc,phases      ] GC(232)   VM Weak                        Min:  0.0, Avg:  0.0, Max:  0.0, Diff:  0.0, Sum:  0.0, Workers: 4
[6006.381s][debug][gc,phases      ] GC(232)     Dead                           Min: 0, Avg:  0.0, Max: 0, Diff: 0, Sum: 0, Workers: 4
[6006.381s][debug][gc,phases      ] GC(232)     Total                          Min: 0, Avg: 163.2, Max: 486, Diff: 486, Sum: 653, Workers: 4
[6006.381s][debug][gc,phases      ] GC(232)   ObjectSynchronizer Weak        Min:  0.0, Avg:  0.0, Max:  0.0, Diff:  0.0, Sum:  0.0, Workers: 4
[6006.381s][debug][gc,phases      ] GC(232)     Dead                           Min: 0, Avg:  0.0, Max: 0, Diff: 0, Sum: 0, Workers: 4
[6006.381s][debug][gc,phases      ] GC(232)     Total                          Min: 0, Avg: 63.0, Max: 128, Diff: 128, Sum: 252, Workers: 4
[6006.381s][debug][gc,phases      ] GC(232)   JVMTI Tag Weak OopStorage      Min:  0.0, Avg:  0.0, Max:  0.0, Diff:  0.0, Sum:  0.0, Workers: 4
[6006.381s][debug][gc,phases      ] GC(232)     Dead                           Min: 0, Avg:  0.0, Max: 0, Diff: 0, Sum: 0, Workers: 4
[6006.381s][debug][gc,phases      ] GC(232)     Total                          Min: 0, Avg:  0.0, Max: 0, Diff: 0, Sum: 0, Workers: 4
[6006.381s][debug][gc,phases      ] GC(232)   StringTable Weak               Min:  0.1, Avg:  0.1, Max:  0.1, Diff:  0.0, Sum:  0.5, Workers: 4
[6006.381s][debug][gc,phases      ] GC(232)     Dead                           Min: 0, Avg:  0.0, Max: 0, Diff: 0, Sum: 0, Workers: 4
[6006.381s][debug][gc,phases      ] GC(232)     Total                          Min: 12095, Avg: 12330.8, Max: 12480, Diff: 385, Sum: 49323, Workers: 4
[6006.381s][debug][gc,phases      ] GC(232)   ResolvedMethodTable Weak       Min:  0.0, Avg:  0.0, Max:  0.0, Diff:  0.0, Sum:  0.1, Workers: 4
[6006.381s][debug][gc,phases      ] GC(232)     Dead                           Min: 0, Avg:  0.0, Max: 0, Diff: 0, Sum: 0, Workers: 4
[6006.381s][debug][gc,phases      ] GC(232)     Total                          Min: 2103, Avg: 2285.8, Max: 2496, Diff: 393, Sum: 9143, Workers: 4
[6006.381s][debug][gc,phases      ] GC(232)   JNI Weak                       Min:  0.0, Avg:  0.0, Max:  0.0, Diff:  0.0, Sum:  0.0, Workers: 4
[6006.381s][debug][gc,phases      ] GC(232)     Dead                           Min: 0, Avg:  0.0, Max: 0, Diff: 0, Sum: 0, Workers: 4
[6006.381s][debug][gc,phases      ] GC(232)     Total                          Min: 0, Avg:  0.0, Max: 0, Diff: 0, Sum: 0, Workers: 4
[6006.381s][debug][gc,phases      ] GC(232)   StringDedup Table Weak         Min:  0.0, Avg:  0.0, Max:  0.0, Diff:  0.0, Sum:  0.0, Workers: 4
[6006.381s][debug][gc,phases      ] GC(232)     Dead                           Min: 0, Avg:  0.0, Max: 0, Diff: 0, Sum: 0, Workers: 4
[6006.381s][debug][gc,phases      ] GC(232)     Total                          Min: 0, Avg:  0.0, Max: 0, Diff: 0, Sum: 0, Workers: 4
[6006.381s][debug][gc,phases      ] GC(232)   StringDedup Requests0 Weak     Min:  0.0, Avg:  0.0, Max:  0.0, Diff:  0.0, Sum:  0.0, Workers: 4
[6006.381s][debug][gc,phases      ] GC(232)     Dead                           Min: 0, Avg:  0.0, Max: 0, Diff: 0, Sum: 0, Workers: 4
[6006.381s][debug][gc,phases      ] GC(232)     Total                          Min: 0, Avg:  0.0, Max: 0, Diff: 0, Sum: 0, Workers: 4
[6006.381s][debug][gc,phases      ] GC(232)   StringDedup Requests1 Weak     Min:  0.0, Avg:  0.0, Max:  0.0, Diff:  0.0, Sum:  0.0, Workers: 4
[6006.381s][debug][gc,phases      ] GC(232)     Dead                           Min: 0, Avg:  0.0, Max: 0, Diff: 0, Sum: 0, Workers: 4
[6006.381s][debug][gc,phases      ] GC(232)     Total                          Min: 0, Avg:  0.0, Max: 0, Diff: 0, Sum: 0, Workers: 4
[6006.381s][debug][gc,phases      ] GC(232)   Weak JFR Old Object Samples    Min:  0.0, Avg:  0.0, Max:  0.0, Diff:  0.0, Sum:  0.0, Workers: 4
[6006.381s][debug][gc,phases      ] GC(232)     Dead                           Min: 0, Avg:  0.0, Max: 0, Diff: 0, Sum: 0, Workers: 4
[6006.381s][debug][gc,phases      ] GC(232)     Total                          Min: 0, Avg:  0.0, Max: 0, Diff: 0, Sum: 0, Workers: 4
[6006.381s][debug][gc,phases      ] GC(232) Weak Processing 0.323ms
[6006.381s][debug][gc,age         ] GC(232) Desired survivor size 130547712 bytes, new threshold 15 (max threshold 15)
[6006.381s][info ][gc,heap        ] GC(232) PSYoungGen: 1885104K(1965056K)->69840K(1958400K) Eden: 1826304K(1826304K)->0K(1826304K) From: 58800K(138752K)->69840K(132096K)
[6006.381s][info ][gc,heap        ] GC(232) ParOldGen: 579979K(715264K)->579979K(715264K)
[6006.381s][info ][gc,metaspace   ] GC(232) Metaspace: 87361K(88320K)->87361K(88320K) NonClass: 75346K(75776K)->75346K(75776K) Class: 12014K(12544K)->12014K(12544K)
[6006.381s][info ][gc             ] GC(232) Pause Young (Allocation Failure) 2407M->634M(2611M) 19.538ms
[6006.381s][info ][gc,cpu         ] GC(232) User=0.08s Sys=0.00s Real=0.02s
[6006.381s][info ][safepoint      ] Safepoint "ParallelGCFailedAllocation", Time since last: 328436491 ns, Reaching safepoint: 109002 ns, At safepoint: 19631776 ns, Total: 19740778 ns
[6012.381s][info ][safepoint      ] Safepoint "Cleanup", Time since last: 6000433663 ns, Reaching safepoint: 126102 ns, At safepoint: 10801 ns, Total: 136903 ns
[6013.382s][info ][safepoint      ] Safepoint "Cleanup", Time since last: 1000116897 ns, Reaching safepoint: 49501 ns, At safepoint: 16200 ns, Total: 65701 ns
[6017.382s][info ][safepoint      ] Safepoint "Cleanup", Time since last: 4000321698 ns, Reaching safepoint: 50100 ns, At safepoint: 10901 ns, Total: 61001 ns
[6018.145s][info ][gc,start       ] GC(233) Pause Young (Allocation Failure)
[6018.172s][debug][gc,phases      ] GC(233) Scavenge 27.598ms
[6018.172s][debug][gc,ref         ] GC(233) Skipped phase 1 of Reference Processing: no references
[6018.172s][debug][gc,ref         ] GC(233) ReferenceProcessor::execute queues: 1, RefProcThreadModel::Single, marks_oops_alive: false
[6018.172s][debug][gc,ref         ] GC(233) Skipped phase 3 of Reference Processing: no references
[6018.172s][debug][gc,ref         ] GC(233) ReferenceProcessor::execute queues: 1, RefProcThreadModel::Single, marks_oops_alive: false
[6018.172s][debug][gc,phases      ] GC(233) Reference Processing 0.157ms
[6018.173s][debug][gc,phases      ] GC(233)   VM Weak                        Min:  0.0, Avg:  0.0, Max:  0.0, Diff:  0.0, Sum:  0.0, Workers: 4
[6018.173s][debug][gc,phases      ] GC(233)     Dead                           Min: 0, Avg:  0.0, Max: 0, Diff: 0, Sum: 0, Workers: 4
[6018.173s][debug][gc,phases      ] GC(233)     Total                          Min: 0, Avg: 164.0, Max: 318, Diff: 318, Sum: 656, Workers: 4
[6018.173s][debug][gc,phases      ] GC(233)   ObjectSynchronizer Weak        Min:  0.0, Avg:  0.0, Max:  0.0, Diff:  0.0, Sum:  0.0, Workers: 4
[6018.173s][debug][gc,phases      ] GC(233)     Dead                           Min: 0, Avg:  0.0, Max: 0, Diff: 0, Sum: 0, Workers: 4
[6018.173s][debug][gc,phases      ] GC(233)     Total                          Min: 0, Avg: 63.0, Max: 128, Diff: 128, Sum: 252, Workers: 4
[6018.173s][debug][gc,phases      ] GC(233)   JVMTI Tag Weak OopStorage      Min:  0.0, Avg:  0.0, Max:  0.0, Diff:  0.0, Sum:  0.0, Workers: 4
[6018.173s][debug][gc,phases      ] GC(233)     Dead                           Min: 0, Avg:  0.0, Max: 0, Diff: 0, Sum: 0, Workers: 4
[6018.173s][debug][gc,phases      ] GC(233)     Total                          Min: 0, Avg:  0.0, Max: 0, Diff: 0, Sum: 0, Workers: 4
[6018.173s][debug][gc,phases      ] GC(233)   StringTable Weak               Min:  0.1, Avg:  0.1, Max:  0.1, Diff:  0.0, Sum:  0.6, Workers: 4
[6018.173s][debug][gc,phases      ] GC(233)     Dead                           Min: 0, Avg:  0.5, Max: 2, Diff: 2, Sum: 2, Workers: 4
[6018.173s][debug][gc,phases      ] GC(233)     Total                          Min: 11584, Avg: 12331.2, Max: 13119, Diff: 1535, Sum: 49325, Workers: 4
[6018.173s][debug][gc,phases      ] GC(233)   ResolvedMethodTable Weak       Min:  0.0, Avg:  0.0, Max:  0.0, Diff:  0.0, Sum:  0.1, Workers: 4
[6018.173s][debug][gc,phases      ] GC(233)     Dead                           Min: 0, Avg:  0.0, Max: 0, Diff: 0, Sum: 0, Workers: 4
[6018.173s][debug][gc,phases      ] GC(233)     Total                          Min: 2048, Avg: 2288.0, Max: 2496, Diff: 448, Sum: 9152, Workers: 4
[6018.173s][debug][gc,phases      ] GC(233)   JNI Weak                       Min:  0.0, Avg:  0.0, Max:  0.0, Diff:  0.0, Sum:  0.0, Workers: 4
[6018.173s][debug][gc,phases      ] GC(233)     Dead                           Min: 0, Avg:  0.0, Max: 0, Diff: 0, Sum: 0, Workers: 4
[6018.173s][debug][gc,phases      ] GC(233)     Total                          Min: 0, Avg:  0.0, Max: 0, Diff: 0, Sum: 0, Workers: 4
[6018.173s][debug][gc,phases      ] GC(233)   StringDedup Table Weak         Min:  0.0, Avg:  0.0, Max:  0.0, Diff:  0.0, Sum:  0.0, Workers: 4
[6018.173s][debug][gc,phases      ] GC(233)     Dead                           Min: 0, Avg:  0.0, Max: 0, Diff: 0, Sum: 0, Workers: 4
[6018.173s][debug][gc,phases      ] GC(233)     Total                          Min: 0, Avg:  0.0, Max: 0, Diff: 0, Sum: 0, Workers: 4
[6018.173s][debug][gc,phases      ] GC(233)   StringDedup Requests0 Weak     Min:  0.0, Avg:  0.0, Max:  0.0, Diff:  0.0, Sum:  0.0, Workers: 4
[6018.173s][debug][gc,phases      ] GC(233)     Dead                           Min: 0, Avg:  0.0, Max: 0, Diff: 0, Sum: 0, Workers: 4
[6018.173s][debug][gc,phases      ] GC(233)     Total                          Min: 0, Avg:  0.0, Max: 0, Diff: 0, Sum: 0, Workers: 4
[6018.173s][debug][gc,phases      ] GC(233)   StringDedup Requests1 Weak     Min:  0.0, Avg:  0.0, Max:  0.0, Diff:  0.0, Sum:  0.0, Workers: 4
[6018.173s][debug][gc,phases      ] GC(233)     Dead                           Min: 0, Avg:  0.0, Max: 0, Diff: 0, Sum: 0, Workers: 4
[6018.173s][debug][gc,phases      ] GC(233)     Total                          Min: 0, Avg:  0.0, Max: 0, Diff: 0, Sum: 0, Workers: 4
[6018.173s][debug][gc,phases      ] GC(233)   Weak JFR Old Object Samples    Min:  0.0, Avg:  0.0, Max:  0.0, Diff:  0.0, Sum:  0.0, Workers: 4
[6018.173s][debug][gc,phases      ] GC(233)     Dead                           Min: 0, Avg:  0.0, Max: 0, Diff: 0, Sum: 0, Workers: 4
[6018.173s][debug][gc,phases      ] GC(233)     Total                          Min: 0, Avg:  0.0, Max: 0, Diff: 0, Sum: 0, Workers: 4
[6018.173s][debug][gc,phases      ] GC(233) Weak Processing 0.386ms
[6018.173s][debug][gc,age         ] GC(233) Desired survivor size 131596288 bytes, new threshold 15 (max threshold 15)
[6018.173s][info ][gc,heap        ] GC(233) PSYoungGen: 1896144K(1958400K)->83072K(1967616K) Eden: 1826304K(1826304K)->0K(1840128K) From: 69840K(132096K)->83072K(127488K)
[6018.173s][info ][gc,heap        ] GC(233) ParOldGen: 579979K(715264K)->579979K(715264K)
[6018.173s][info ][gc,metaspace   ] GC(233) Metaspace: 87375K(88384K)->87375K(88384K) NonClass: 75357K(75840K)->75357K(75840K) Class: 12017K(12544K)->12017K(12544K)
[6018.173s][info ][gc             ] GC(233) Pause Young (Allocation Failure) 2418M->647M(2620M) 28.314ms
[6018.173s][info ][gc,cpu         ] GC(233) User=0.11s Sys=0.00s Real=0.03s
[6018.173s][info ][safepoint      ] Safepoint "ParallelGCFailedAllocation", Time since last: 762501027 ns, Reaching safepoint: 122402 ns, At safepoint: 28442342 ns, Total: 28564744 ns
[6019.173s][info ][safepoint      ] Safepoint "Cleanup", Time since last: 1000092946 ns, Reaching safepoint: 58101 ns, At safepoint: 12200 ns, Total: 70301 ns
[6028.174s][info ][safepoint      ] Safepoint "Cleanup", Time since last: 9000567119 ns, Reaching safepoint: 118802 ns, At safepoint: 24801 ns, Total: 143603 ns
[6028.777s][info ][gc,start       ] GC(234) Pause Young (Allocation Failure)
[6028.805s][debug][gc,phases      ] GC(234) Scavenge 27.914ms
[6028.805s][debug][gc,ref         ] GC(234) Skipped phase 1 of Reference Processing: no references
[6028.805s][debug][gc,ref         ] GC(234) ReferenceProcessor::execute queues: 1, RefProcThreadModel::Single, marks_oops_alive: false
[6028.805s][debug][gc,ref         ] GC(234) Skipped phase 3 of Reference Processing: no references
[6028.805s][debug][gc,ref         ] GC(234) ReferenceProcessor::execute queues: 1, RefProcThreadModel::Single, marks_oops_alive: false
[6028.805s][debug][gc,phases      ] GC(234) Reference Processing 0.151ms
[6028.806s][debug][gc,phases      ] GC(234)   VM Weak                        Min:  0.0, Avg:  0.0, Max:  0.0, Diff:  0.0, Sum:  0.0, Workers: 4
[6028.806s][debug][gc,phases      ] GC(234)     Dead                           Min: 0, Avg:  0.0, Max: 0, Diff: 0, Sum: 0, Workers: 4
[6028.806s][debug][gc,phases      ] GC(234)     Total                          Min: 0, Avg: 164.0, Max: 471, Diff: 471, Sum: 656, Workers: 4
[6028.806s][debug][gc,phases      ] GC(234)   ObjectSynchronizer Weak        Min:  0.0, Avg:  0.0, Max:  0.0, Diff:  0.0, Sum:  0.0, Workers: 4
[6028.806s][debug][gc,phases      ] GC(234)     Dead                           Min: 0, Avg:  0.0, Max: 0, Diff: 0, Sum: 0, Workers: 4
[6028.806s][debug][gc,phases      ] GC(234)     Total                          Min: 0, Avg: 63.0, Max: 128, Diff: 128, Sum: 252, Workers: 4
[6028.806s][debug][gc,phases      ] GC(234)   JVMTI Tag Weak OopStorage      Min:  0.0, Avg:  0.0, Max:  0.0, Diff:  0.0, Sum:  0.0, Workers: 4
[6028.806s][debug][gc,phases      ] GC(234)     Dead                           Min: 0, Avg:  0.0, Max: 0, Diff: 0, Sum: 0, Workers: 4
[6028.806s][debug][gc,phases      ] GC(234)     Total                          Min: 0, Avg:  0.0, Max: 0, Diff: 0, Sum: 0, Workers: 4
[6028.806s][debug][gc,phases      ] GC(234)   StringTable Weak               Min:  0.1, Avg:  0.1, Max:  0.1, Diff:  0.0, Sum:  0.5, Workers: 4
[6028.806s][debug][gc,phases      ] GC(234)     Dead                           Min: 0, Avg:  0.0, Max: 0, Diff: 0, Sum: 0, Workers: 4
[6028.806s][debug][gc,phases      ] GC(234)     Total                          Min: 11967, Avg: 12331.2, Max: 12608, Diff: 641, Sum: 49325, Workers: 4
[6028.806s][debug][gc,phases      ] GC(234)   ResolvedMethodTable Weak       Min:  0.0, Avg:  0.0, Max:  0.0, Diff:  0.0, Sum:  0.1, Workers: 4
[6028.806s][debug][gc,phases      ] GC(234)     Dead                           Min: 0, Avg:  0.0, Max: 0, Diff: 0, Sum: 0, Workers: 4
[6028.806s][debug][gc,phases      ] GC(234)     Total                          Min: 2176, Avg: 2288.0, Max: 2496, Diff: 320, Sum: 9152, Workers: 4
[6028.806s][debug][gc,phases      ] GC(234)   JNI Weak                       Min:  0.0, Avg:  0.0, Max:  0.0, Diff:  0.0, Sum:  0.0, Workers: 4
[6028.806s][debug][gc,phases      ] GC(234)     Dead                           Min: 0, Avg:  0.0, Max: 0, Diff: 0, Sum: 0, Workers: 4
[6028.806s][debug][gc,phases      ] GC(234)     Total                          Min: 0, Avg:  0.0, Max: 0, Diff: 0, Sum: 0, Workers: 4
[6028.806s][debug][gc,phases      ] GC(234)   StringDedup Table Weak         Min:  0.0, Avg:  0.0, Max:  0.0, Diff:  0.0, Sum:  0.0, Workers: 4
[6028.806s][debug][gc,phases      ] GC(234)     Dead                           Min: 0, Avg:  0.0, Max: 0, Diff: 0, Sum: 0, Workers: 4
[6028.806s][debug][gc,phases      ] GC(234)     Total                          Min: 0, Avg:  0.0, Max: 0, Diff: 0, Sum: 0, Workers: 4
[6028.806s][debug][gc,phases      ] GC(234)   StringDedup Requests0 Weak     Min:  0.0, Avg:  0.0, Max:  0.0, Diff:  0.0, Sum:  0.0, Workers: 4
[6028.806s][debug][gc,phases      ] GC(234)     Dead                           Min: 0, Avg:  0.0, Max: 0, Diff: 0, Sum: 0, Workers: 4
[6028.806s][debug][gc,phases      ] GC(234)     Total                          Min: 0, Avg:  0.0, Max: 0, Diff: 0, Sum: 0, Workers: 4
[6028.806s][debug][gc,phases      ] GC(234)   StringDedup Requests1 Weak     Min:  0.0, Avg:  0.0, Max:  0.0, Diff:  0.0, Sum:  0.0, Workers: 4
[6028.806s][debug][gc,phases      ] GC(234)     Dead                           Min: 0, Avg:  0.0, Max: 0, Diff: 0, Sum: 0, Workers: 4
[6028.806s][debug][gc,phases      ] GC(234)     Total                          Min: 0, Avg:  0.0, Max: 0, Diff: 0, Sum: 0, Workers: 4
[6028.806s][debug][gc,phases      ] GC(234)   Weak JFR Old Object Samples    Min:  0.0, Avg:  0.0, Max:  0.0, Diff:  0.0, Sum:  0.0, Workers: 4
[6028.806s][debug][gc,phases      ] GC(234)     Dead                           Min: 0, Avg:  0.0, Max: 0, Diff: 0, Sum: 0, Workers: 4
[6028.806s][debug][gc,phases      ] GC(234)     Total                          Min: 0, Avg:  0.0, Max: 0, Diff: 0, Sum: 0, Workers: 4
[6028.806s][debug][gc,phases      ] GC(234) Weak Processing 0.333ms
[6028.806s][debug][gc,age         ] GC(234) Desired survivor size 137363456 bytes, new threshold 15 (max threshold 15)
[6028.806s][info ][gc,heap        ] GC(234) PSYoungGen: 1923200K(1967616K)->97296K(1937920K) Eden: 1840128K(1840128K)->0K(1840128K) From: 83072K(127488K)->97296K(97792K)
[6028.806s][info ][gc,heap        ] GC(234) ParOldGen: 579979K(715264K)->579979K(715264K)
[6028.806s][info ][gc,metaspace   ] GC(234) Metaspace: 87378K(88384K)->87378K(88384K) NonClass: 75360K(75840K)->75360K(75840K) Class: 12017K(12544K)->12017K(12544K)
[6028.806s][info ][gc             ] GC(234) Pause Young (Allocation Failure) 2444M->661M(2591M) 28.538ms
[6028.806s][info ][gc,cpu         ] GC(234) User=0.12s Sys=0.00s Real=0.03s
[6028.806s][info ][safepoint      ] Safepoint "ParallelGCFailedAllocation", Time since last: 603221436 ns, Reaching safepoint: 118602 ns, At safepoint: 28658543 ns, Total: 28777145 ns
[6029.806s][info ][safepoint      ] Safepoint "Cleanup", Time since last: 1000090255 ns, Reaching safepoint: 75401 ns, At safepoint: 9800 ns, Total: 85201 ns
[6030.806s][info ][safepoint      ] Safepoint "Cleanup", Time since last: 1000112646 ns, Reaching safepoint: 108502 ns, At safepoint: 5501 ns, Total: 114003 ns
[6031.807s][info ][safepoint      ] Safepoint "Cleanup", Time since last: 1000108937 ns, Reaching safepoint: 125102 ns, At safepoint: 5901 ns, Total: 131003 ns
[6033.810s][info ][safepoint      ] Safepoint "Cleanup", Time since last: 2000183249 ns, Reaching safepoint: 3215160 ns, At safepoint: 34801 ns, Total: 3249961 ns
[6034.810s][info ][safepoint      ] Safepoint "Cleanup", Time since last: 1000112512 ns, Reaching safepoint: 52001 ns, At safepoint: 5900 ns, Total: 57901 ns
[6036.792s][info ][gc,start       ] GC(235) Pause Young (Allocation Failure)
[6036.819s][debug][gc,phases      ] GC(235) Scavenge 27.004ms
[6036.819s][debug][gc,ref         ] GC(235) Skipped phase 1 of Reference Processing: no references
[6036.819s][debug][gc,ref         ] GC(235) ReferenceProcessor::execute queues: 1, RefProcThreadModel::Single, marks_oops_alive: false
[6036.819s][debug][gc,ref         ] GC(235) Skipped phase 3 of Reference Processing: no references
[6036.819s][debug][gc,ref         ] GC(235) ReferenceProcessor::execute queues: 1, RefProcThreadModel::Single, marks_oops_alive: false
[6036.819s][debug][gc,phases      ] GC(235) Reference Processing 0.123ms
[6036.819s][debug][gc,phases      ] GC(235)   VM Weak                        Min:  0.0, Avg:  0.0, Max:  0.0, Diff:  0.0, Sum:  0.0, Workers: 4
[6036.819s][debug][gc,phases      ] GC(235)     Dead                           Min: 0, Avg:  0.0, Max: 0, Diff: 0, Sum: 0, Workers: 4
[6036.819s][debug][gc,phases      ] GC(235)     Total                          Min: 0, Avg: 164.0, Max: 336, Diff: 336, Sum: 656, Workers: 4
[6036.819s][debug][gc,phases      ] GC(235)   ObjectSynchronizer Weak        Min:  0.0, Avg:  0.0, Max:  0.0, Diff:  0.0, Sum:  0.0, Workers: 4
[6036.819s][debug][gc,phases      ] GC(235)     Dead                           Min: 0, Avg:  0.0, Max: 0, Diff: 0, Sum: 0, Workers: 4
[6036.819s][debug][gc,phases      ] GC(235)     Total                          Min: 0, Avg: 63.0, Max: 128, Diff: 128, Sum: 252, Workers: 4
[6036.819s][debug][gc,phases      ] GC(235)   JVMTI Tag Weak OopStorage      Min:  0.0, Avg:  0.0, Max:  0.0, Diff:  0.0, Sum:  0.0, Workers: 4
[6036.819s][debug][gc,phases      ] GC(235)     Dead                           Min: 0, Avg:  0.0, Max: 0, Diff: 0, Sum: 0, Workers: 4
[6036.819s][debug][gc,phases      ] GC(235)     Total                          Min: 0, Avg:  0.0, Max: 0, Diff: 0, Sum: 0, Workers: 4
[6036.819s][debug][gc,phases      ] GC(235)   StringTable Weak               Min:  0.1, Avg:  0.1, Max:  0.1, Diff:  0.0, Sum:  0.5, Workers: 4
[6036.819s][debug][gc,phases      ] GC(235)     Dead                           Min: 0, Avg:  0.0, Max: 0, Diff: 0, Sum: 0, Workers: 4
[6036.819s][debug][gc,phases      ] GC(235)     Total                          Min: 11246, Avg: 12331.2, Max: 13376, Diff: 2130, Sum: 49325, Workers: 4
[6036.819s][debug][gc,phases      ] GC(235)   ResolvedMethodTable Weak       Min:  0.0, Avg:  0.0, Max:  0.0, Diff:  0.0, Sum:  0.1, Workers: 4
[6036.819s][debug][gc,phases      ] GC(235)     Dead                           Min: 0, Avg:  0.0, Max: 0, Diff: 0, Sum: 0, Workers: 4
[6036.819s][debug][gc,phases      ] GC(235)     Total                          Min: 2112, Avg: 2288.0, Max: 2560, Diff: 448, Sum: 9152, Workers: 4
[6036.819s][debug][gc,phases      ] GC(235)   JNI Weak                       Min:  0.0, Avg:  0.0, Max:  0.0, Diff:  0.0, Sum:  0.0, Workers: 4
[6036.819s][debug][gc,phases      ] GC(235)     Dead                           Min: 0, Avg:  0.0, Max: 0, Diff: 0, Sum: 0, Workers: 4
[6036.819s][debug][gc,phases      ] GC(235)     Total                          Min: 0, Avg:  0.0, Max: 0, Diff: 0, Sum: 0, Workers: 4
[6036.819s][debug][gc,phases      ] GC(235)   StringDedup Table Weak         Min:  0.0, Avg:  0.0, Max:  0.0, Diff:  0.0, Sum:  0.0, Workers: 4
[6036.819s][debug][gc,phases      ] GC(235)     Dead                           Min: 0, Avg:  0.0, Max: 0, Diff: 0, Sum: 0, Workers: 4
[6036.819s][debug][gc,phases      ] GC(235)     Total                          Min: 0, Avg:  0.0, Max: 0, Diff: 0, Sum: 0, Workers: 4
[6036.819s][debug][gc,phases      ] GC(235)   StringDedup Requests0 Weak     Min:  0.0, Avg:  0.0, Max:  0.0, Diff:  0.0, Sum:  0.0, Workers: 4
[6036.819s][debug][gc,phases      ] GC(235)     Dead                           Min: 0, Avg:  0.0, Max: 0, Diff: 0, Sum: 0, Workers: 4
[6036.819s][debug][gc,phases      ] GC(235)     Total                          Min: 0, Avg:  0.0, Max: 0, Diff: 0, Sum: 0, Workers: 4
[6036.819s][debug][gc,phases      ] GC(235)   StringDedup Requests1 Weak     Min:  0.0, Avg:  0.0, Max:  0.0, Diff:  0.0, Sum:  0.0, Workers: 4
[6036.819s][debug][gc,phases      ] GC(235)     Dead                           Min: 0, Avg:  0.0, Max: 0, Diff: 0, Sum: 0, Workers: 4
[6036.819s][debug][gc,phases      ] GC(235)     Total                          Min: 0, Avg:  0.0, Max: 0, Diff: 0, Sum: 0, Workers: 4
[6036.819s][debug][gc,phases      ] GC(235)   Weak JFR Old Object Samples    Min:  0.0, Avg:  0.0, Max:  0.0, Diff:  0.0, Sum:  0.0, Workers: 4
[6036.819s][debug][gc,phases      ] GC(235)     Dead                           Min: 0, Avg:  0.0, Max: 0, Diff: 0, Sum: 0, Workers: 4
[6036.819s][debug][gc,phases      ] GC(235)     Total                          Min: 0, Avg:  0.0, Max: 0, Diff: 0, Sum: 0, Workers: 4
[6036.819s][debug][gc,phases      ] GC(235) Weak Processing 0.366ms
[6036.819s][debug][gc,age         ] GC(235) Desired survivor size 144179200 bytes, new threshold 15 (max threshold 15)
[6036.819s][info ][gc,heap        ] GC(235) PSYoungGen: 1937424K(1937920K)->103472K(1949696K) Eden: 1840128K(1840128K)->0K(1815552K) From: 97296K(97792K)->103472K(134144K)
[6036.819s][info ][gc,heap        ] GC(235) ParOldGen: 579979K(715264K)->579979K(715264K)
[6036.819s][info ][gc,metaspace   ] GC(235) Metaspace: 87391K(88384K)->87391K(88384K) NonClass: 75374K(75840K)->75374K(75840K) Class: 12017K(12544K)->12017K(12544K)
[6036.819s][info ][gc             ] GC(235) Pause Young (Allocation Failure) 2458M->667M(2602M) 27.631ms
[6036.819s][info ][gc,cpu         ] GC(235) User=0.11s Sys=0.00s Real=0.02s
[6036.819s][info ][safepoint      ] Safepoint "ParallelGCFailedAllocation", Time since last: 1981313942 ns, Reaching safepoint: 40601 ns, At safepoint: 27717024 ns, Total: 27757625 ns
[6037.819s][info ][safepoint      ] Safepoint "Cleanup", Time since last: 1000057585 ns, Reaching safepoint: 49101 ns, At safepoint: 8401 ns, Total: 57502 ns
[6040.820s][info ][safepoint      ] Safepoint "Cleanup", Time since last: 3000246408 ns, Reaching safepoint: 45101 ns, At safepoint: 3500 ns, Total: 48601 ns
[6049.414s][info ][gc,start       ] GC(236) Pause Young (Allocation Failure)
[6049.443s][debug][gc,phases      ] GC(236) Scavenge 29.068ms
[6049.443s][debug][gc,ref         ] GC(236) Skipped phase 1 of Reference Processing: no references
[6049.443s][debug][gc,ref         ] GC(236) ReferenceProcessor::execute queues: 1, RefProcThreadModel::Single, marks_oops_alive: false
[6049.443s][debug][gc,ref         ] GC(236) Skipped phase 3 of Reference Processing: no references
[6049.443s][debug][gc,ref         ] GC(236) ReferenceProcessor::execute queues: 1, RefProcThreadModel::Single, marks_oops_alive: false
[6049.443s][debug][gc,phases      ] GC(236) Reference Processing 0.122ms
[6049.443s][debug][gc,phases      ] GC(236)   VM Weak                        Min:  0.0, Avg:  0.0, Max:  0.0, Diff:  0.0, Sum:  0.0, Workers: 4
[6049.443s][debug][gc,phases      ] GC(236)     Dead                           Min: 0, Avg:  0.0, Max: 0, Diff: 0, Sum: 0, Workers: 4
[6049.443s][debug][gc,phases      ] GC(236)     Total                          Min: 0, Avg: 164.0, Max: 515, Diff: 515, Sum: 656, Workers: 4
[6049.443s][debug][gc,phases      ] GC(236)   ObjectSynchronizer Weak        Min:  0.0, Avg:  0.0, Max:  0.0, Diff:  0.0, Sum:  0.0, Workers: 4
[6049.443s][debug][gc,phases      ] GC(236)     Dead                           Min: 0, Avg:  0.0, Max: 0, Diff: 0, Sum: 0, Workers: 4
[6049.443s][debug][gc,phases      ] GC(236)     Total                          Min: 0, Avg: 63.0, Max: 128, Diff: 128, Sum: 252, Workers: 4
[6049.443s][debug][gc,phases      ] GC(236)   JVMTI Tag Weak OopStorage      Min:  0.0, Avg:  0.0, Max:  0.0, Diff:  0.0, Sum:  0.0, Workers: 4
[6049.443s][debug][gc,phases      ] GC(236)     Dead                           Min: 0, Avg:  0.0, Max: 0, Diff: 0, Sum: 0, Workers: 4
[6049.443s][debug][gc,phases      ] GC(236)     Total                          Min: 0, Avg:  0.0, Max: 0, Diff: 0, Sum: 0, Workers: 4
[6049.443s][debug][gc,phases      ] GC(236)   StringTable Weak               Min:  0.1, Avg:  0.1, Max:  0.1, Diff:  0.0, Sum:  0.5, Workers: 4
[6049.443s][debug][gc,phases      ] GC(236)     Dead                           Min: 0, Avg:  0.0, Max: 0, Diff: 0, Sum: 0, Workers: 4
[6049.443s][debug][gc,phases      ] GC(236)     Total                          Min: 11776, Avg: 12331.2, Max: 12672, Diff: 896, Sum: 49325, Workers: 4
[6049.443s][debug][gc,phases      ] GC(236)   ResolvedMethodTable Weak       Min:  0.0, Avg:  0.0, Max:  0.0, Diff:  0.0, Sum:  0.1, Workers: 4
[6049.443s][debug][gc,phases      ] GC(236)     Dead                           Min: 0, Avg:  0.0, Max: 0, Diff: 0, Sum: 0, Workers: 4
[6049.443s][debug][gc,phases      ] GC(236)     Total                          Min: 2048, Avg: 2288.0, Max: 2496, Diff: 448, Sum: 9152, Workers: 4
[6049.443s][debug][gc,phases      ] GC(236)   JNI Weak                       Min:  0.0, Avg:  0.0, Max:  0.0, Diff:  0.0, Sum:  0.0, Workers: 4
[6049.443s][debug][gc,phases      ] GC(236)     Dead                           Min: 0, Avg:  0.0, Max: 0, Diff: 0, Sum: 0, Workers: 4
[6049.443s][debug][gc,phases      ] GC(236)     Total                          Min: 0, Avg:  0.0, Max: 0, Diff: 0, Sum: 0, Workers: 4
[6049.443s][debug][gc,phases      ] GC(236)   StringDedup Table Weak         Min:  0.0, Avg:  0.0, Max:  0.0, Diff:  0.0, Sum:  0.0, Workers: 4
[6049.444s][debug][gc,phases      ] GC(236)     Dead                           Min: 0, Avg:  0.0, Max: 0, Diff: 0, Sum: 0, Workers: 4
[6049.444s][debug][gc,phases      ] GC(236)     Total                          Min: 0, Avg:  0.0, Max: 0, Diff: 0, Sum: 0, Workers: 4
[6049.444s][debug][gc,phases      ] GC(236)   StringDedup Requests0 Weak     Min:  0.0, Avg:  0.0, Max:  0.0, Diff:  0.0, Sum:  0.0, Workers: 4
[6049.444s][debug][gc,phases      ] GC(236)     Dead                           Min: 0, Avg:  0.0, Max: 0, Diff: 0, Sum: 0, Workers: 4
[6049.444s][debug][gc,phases      ] GC(236)     Total                          Min: 0, Avg:  0.0, Max: 0, Diff: 0, Sum: 0, Workers: 4
[6049.444s][debug][gc,phases      ] GC(236)   StringDedup Requests1 Weak     Min:  0.0, Avg:  0.0, Max:  0.0, Diff:  0.0, Sum:  0.0, Workers: 4
[6049.444s][debug][gc,phases      ] GC(236)     Dead                           Min: 0, Avg:  0.0, Max: 0, Diff: 0, Sum: 0, Workers: 4
[6049.444s][debug][gc,phases      ] GC(236)     Total                          Min: 0, Avg:  0.0, Max: 0, Diff: 0, Sum: 0, Workers: 4
[6049.444s][debug][gc,phases      ] GC(236)   Weak JFR Old Object Samples    Min:  0.0, Avg:  0.0, Max:  0.0, Diff:  0.0, Sum:  0.0, Workers: 4
[6049.444s][debug][gc,phases      ] GC(236)     Dead                           Min: 0, Avg:  0.0, Max: 0, Diff: 0, Sum: 0, Workers: 4
[6049.444s][debug][gc,phases      ] GC(236)     Total                          Min: 0, Avg:  0.0, Max: 0, Diff: 0, Sum: 0, Workers: 4
[6049.444s][debug][gc,phases      ] GC(236) Weak Processing 0.340ms
[6049.444s][debug][gc,age         ] GC(236) Desired survivor size 153092096 bytes, new threshold 15 (max threshold 15)
[6049.444s][info ][gc,heap        ] GC(236) PSYoungGen: 1919024K(1949696K)->113920K(1929728K) Eden: 1815552K(1815552K)->0K(1815552K) From: 103472K(134144K)->113920K(114176K)
[6049.444s][info ][gc,heap        ] GC(236) ParOldGen: 579979K(715264K)->579979K(715264K)
[6049.444s][info ][gc,metaspace   ] GC(236) Metaspace: 87396K(88384K)->87396K(88384K) NonClass: 75378K(75840K)->75378K(75840K) Class: 12017K(12544K)->12017K(12544K)
[6049.444s][info ][gc             ] GC(236) Pause Young (Allocation Failure) 2440M->677M(2583M) 29.674ms
[6049.444s][info ][gc,cpu         ] GC(236) User=0.11s Sys=0.00s Real=0.03s
[6049.444s][info ][safepoint      ] Safepoint "ParallelGCFailedAllocation", Time since last: 8594242943 ns, Reaching safepoint: 50101 ns, At safepoint: 29767659 ns, Total: 29817760 ns
[6050.444s][info ][safepoint      ] Safepoint "Cleanup", Time since last: 1000089982 ns, Reaching safepoint: 58101 ns, At safepoint: 6500 ns, Total: 64601 ns
[6051.444s][info ][safepoint      ] Safepoint "Cleanup", Time since last: 1000107674 ns, Reaching safepoint: 58701 ns, At safepoint: 7600 ns, Total: 66301 ns
[6053.444s][info ][safepoint      ] Safepoint "Cleanup", Time since last: 2000162823 ns, Reaching safepoint: 45300 ns, At safepoint: 3200 ns, Total: 48500 ns
[6054.444s][info ][safepoint      ] Safepoint "Cleanup", Time since last: 1000118250 ns, Reaching safepoint: 53701 ns, At safepoint: 6200 ns, Total: 59901 ns
[6063.445s][info ][safepoint      ] Safepoint "Cleanup", Time since last: 9000676477 ns, Reaching safepoint: 122802 ns, At safepoint: 15200 ns, Total: 138002 ns
[6063.505s][info ][gc,start       ] GC(237) Pause Young (Allocation Failure)
[6063.535s][debug][gc,phases      ] GC(237) Scavenge 29.030ms
[6063.535s][debug][gc,ref         ] GC(237) Skipped phase 1 of Reference Processing: no references
[6063.535s][debug][gc,ref         ] GC(237) ReferenceProcessor::execute queues: 1, RefProcThreadModel::Single, marks_oops_alive: false
[6063.535s][debug][gc,ref         ] GC(237) Skipped phase 3 of Reference Processing: no references
[6063.535s][debug][gc,ref         ] GC(237) ReferenceProcessor::execute queues: 1, RefProcThreadModel::Single, marks_oops_alive: false
[6063.535s][debug][gc,phases      ] GC(237) Reference Processing 0.157ms
[6063.535s][debug][gc,phases      ] GC(237)   VM Weak                        Min:  0.0, Avg:  0.0, Max:  0.0, Diff:  0.0, Sum:  0.0, Workers: 4
[6063.535s][debug][gc,phases      ] GC(237)     Dead                           Min: 0, Avg:  0.0, Max: 0, Diff: 0, Sum: 0, Workers: 4
[6063.535s][debug][gc,phases      ] GC(237)     Total                          Min: 0, Avg: 164.0, Max: 340, Diff: 340, Sum: 656, Workers: 4
[6063.535s][debug][gc,phases      ] GC(237)   ObjectSynchronizer Weak        Min:  0.0, Avg:  0.0, Max:  0.0, Diff:  0.0, Sum:  0.0, Workers: 4
[6063.535s][debug][gc,phases      ] GC(237)     Dead                           Min: 0, Avg:  0.0, Max: 0, Diff: 0, Sum: 0, Workers: 4
[6063.535s][debug][gc,phases      ] GC(237)     Total                          Min: 0, Avg: 63.0, Max: 128, Diff: 128, Sum: 252, Workers: 4
[6063.535s][debug][gc,phases      ] GC(237)   JVMTI Tag Weak OopStorage      Min:  0.0, Avg:  0.0, Max:  0.0, Diff:  0.0, Sum:  0.0, Workers: 4
[6063.535s][debug][gc,phases      ] GC(237)     Dead                           Min: 0, Avg:  0.0, Max: 0, Diff: 0, Sum: 0, Workers: 4
[6063.535s][debug][gc,phases      ] GC(237)     Total                          Min: 0, Avg:  0.0, Max: 0, Diff: 0, Sum: 0, Workers: 4
[6063.535s][debug][gc,phases      ] GC(237)   StringTable Weak               Min:  0.2, Avg:  0.2, Max:  0.2, Diff:  0.0, Sum:  0.6, Workers: 4
[6063.535s][debug][gc,phases      ] GC(237)     Dead                           Min: 0, Avg:  0.0, Max: 0, Diff: 0, Sum: 0, Workers: 4
[6063.535s][debug][gc,phases      ] GC(237)     Total                          Min: 10989, Avg: 12331.2, Max: 14336, Diff: 3347, Sum: 49325, Workers: 4
[6063.535s][debug][gc,phases      ] GC(237)   ResolvedMethodTable Weak       Min:  0.0, Avg:  0.0, Max:  0.0, Diff:  0.0, Sum:  0.1, Workers: 4
[6063.535s][debug][gc,phases      ] GC(237)     Dead                           Min: 0, Avg:  0.0, Max: 0, Diff: 0, Sum: 0, Workers: 4
[6063.535s][debug][gc,phases      ] GC(237)     Total                          Min: 2112, Avg: 2288.0, Max: 2496, Diff: 384, Sum: 9152, Workers: 4
[6063.535s][debug][gc,phases      ] GC(237)   JNI Weak                       Min:  0.0, Avg:  0.0, Max:  0.0, Diff:  0.0, Sum:  0.0, Workers: 4
[6063.535s][debug][gc,phases      ] GC(237)     Dead                           Min: 0, Avg:  0.0, Max: 0, Diff: 0, Sum: 0, Workers: 4
[6063.535s][debug][gc,phases      ] GC(237)     Total                          Min: 0, Avg:  0.0, Max: 0, Diff: 0, Sum: 0, Workers: 4
[6063.535s][debug][gc,phases      ] GC(237)   StringDedup Table Weak         Min:  0.0, Avg:  0.0, Max:  0.0, Diff:  0.0, Sum:  0.0, Workers: 4
[6063.535s][debug][gc,phases      ] GC(237)     Dead                           Min: 0, Avg:  0.0, Max: 0, Diff: 0, Sum: 0, Workers: 4
[6063.535s][debug][gc,phases      ] GC(237)     Total                          Min: 0, Avg:  0.0, Max: 0, Diff: 0, Sum: 0, Workers: 4
[6063.535s][debug][gc,phases      ] GC(237)   StringDedup Requests0 Weak     Min:  0.0, Avg:  0.0, Max:  0.0, Diff:  0.0, Sum:  0.0, Workers: 4
[6063.535s][debug][gc,phases      ] GC(237)     Dead                           Min: 0, Avg:  0.0, Max: 0, Diff: 0, Sum: 0, Workers: 4
[6063.535s][debug][gc,phases      ] GC(237)     Total                          Min: 0, Avg:  0.0, Max: 0, Diff: 0, Sum: 0, Workers: 4
[6063.535s][debug][gc,phases      ] GC(237)   StringDedup Requests1 Weak     Min:  0.0, Avg:  0.0, Max:  0.0, Diff:  0.0, Sum:  0.0, Workers: 4
[6063.535s][debug][gc,phases      ] GC(237)     Dead                           Min: 0, Avg:  0.0, Max: 0, Diff: 0, Sum: 0, Workers: 4
[6063.535s][debug][gc,phases      ] GC(237)     Total                          Min: 0, Avg:  0.0, Max: 0, Diff: 0, Sum: 0, Workers: 4
[6063.535s][debug][gc,phases      ] GC(237)   Weak JFR Old Object Samples    Min:  0.0, Avg:  0.0, Max:  0.0, Diff:  0.0, Sum:  0.0, Workers: 4
[6063.535s][debug][gc,phases      ] GC(237)     Dead                           Min: 0, Avg:  0.0, Max: 0, Diff: 0, Sum: 0, Workers: 4
[6063.535s][debug][gc,phases      ] GC(237)     Total                          Min: 0, Avg:  0.0, Max: 0, Diff: 0, Sum: 0, Workers: 4
[6063.535s][debug][gc,phases      ] GC(237) Weak Processing 0.399ms
[6063.535s][debug][gc,age         ] GC(237) Desired survivor size 161480704 bytes, new threshold 15 (max threshold 15)
[6063.535s][info ][gc,heap        ] GC(237) PSYoungGen: 1929472K(1929728K)->118409K(1931264K) Eden: 1815552K(1815552K)->0K(1781760K) From: 113920K(114176K)->118409K(149504K)
[6063.535s][info ][gc,heap        ] GC(237) ParOldGen: 579979K(715264K)->579979K(715264K)
[6063.535s][info ][gc,metaspace   ] GC(237) Metaspace: 87396K(88384K)->87396K(88384K) NonClass: 75379K(75840K)->75379K(75840K) Class: 12017K(12544K)->12017K(12544K)
[6063.535s][info ][gc             ] GC(237) Pause Young (Allocation Failure) 2450M->682M(2584M) 29.759ms
[6063.535s][info ][gc,cpu         ] GC(237) User=0.13s Sys=0.00s Real=0.03s
[6063.535s][info ][safepoint      ] Safepoint "ParallelGCFailedAllocation", Time since last: 60113622 ns, Reaching safepoint: 115002 ns, At safepoint: 29901259 ns, Total: 30016261 ns
[6064.774s][info ][safepoint      ] Safepoint "Cleanup", Time since last: 1239068327 ns, Reaching safepoint: 59501 ns, At safepoint: 9200 ns, Total: 68701 ns
[6068.775s][info ][safepoint      ] Safepoint "Cleanup", Time since last: 4000291484 ns, Reaching safepoint: 122502 ns, At safepoint: 13900 ns, Total: 136402 ns
[6069.775s][info ][safepoint      ] Safepoint "Cleanup", Time since last: 1000102427 ns, Reaching safepoint: 117302 ns, At safepoint: 9500 ns, Total: 126802 ns
[6071.837s][info ][gc,start       ] GC(238) Pause Young (Allocation Failure)
[6071.870s][debug][gc,phases      ] GC(238) Scavenge 32.741ms
[6071.870s][debug][gc,ref         ] GC(238) Skipped phase 1 of Reference Processing: no references
[6071.870s][debug][gc,ref         ] GC(238) ReferenceProcessor::execute queues: 1, RefProcThreadModel::Single, marks_oops_alive: false
[6071.870s][debug][gc,ref         ] GC(238) Skipped phase 3 of Reference Processing: no references
[6071.870s][debug][gc,ref         ] GC(238) ReferenceProcessor::execute queues: 1, RefProcThreadModel::Single, marks_oops_alive: false
[6071.870s][debug][gc,phases      ] GC(238) Reference Processing 0.122ms
[6071.870s][debug][gc,phases      ] GC(238)   VM Weak                        Min:  0.0, Avg:  0.0, Max:  0.0, Diff:  0.0, Sum:  0.0, Workers: 4
[6071.870s][debug][gc,phases      ] GC(238)     Dead                           Min: 0, Avg:  0.0, Max: 0, Diff: 0, Sum: 0, Workers: 4
[6071.870s][debug][gc,phases      ] GC(238)     Total                          Min: 0, Avg: 164.0, Max: 340, Diff: 340, Sum: 656, Workers: 4
[6071.870s][debug][gc,phases      ] GC(238)   ObjectSynchronizer Weak        Min:  0.0, Avg:  0.0, Max:  0.0, Diff:  0.0, Sum:  0.0, Workers: 4
[6071.870s][debug][gc,phases      ] GC(238)     Dead                           Min: 0, Avg:  0.0, Max: 0, Diff: 0, Sum: 0, Workers: 4
[6071.870s][debug][gc,phases      ] GC(238)     Total                          Min: 0, Avg: 63.0, Max: 128, Diff: 128, Sum: 252, Workers: 4
[6071.870s][debug][gc,phases      ] GC(238)   JVMTI Tag Weak OopStorage      Min:  0.0, Avg:  0.0, Max:  0.0, Diff:  0.0, Sum:  0.0, Workers: 4
[6071.870s][debug][gc,phases      ] GC(238)     Dead                           Min: 0, Avg:  0.0, Max: 0, Diff: 0, Sum: 0, Workers: 4
[6071.870s][debug][gc,phases      ] GC(238)     Total                          Min: 0, Avg:  0.0, Max: 0, Diff: 0, Sum: 0, Workers: 4
[6071.870s][debug][gc,phases      ] GC(238)   StringTable Weak               Min:  0.1, Avg:  0.1, Max:  0.1, Diff:  0.0, Sum:  0.5, Workers: 4
[6071.870s][debug][gc,phases      ] GC(238)     Dead                           Min: 0, Avg:  0.0, Max: 0, Diff: 0, Sum: 0, Workers: 4
[6071.870s][debug][gc,phases      ] GC(238)     Total                          Min: 10688, Avg: 12333.0, Max: 14464, Diff: 3776, Sum: 49332, Workers: 4
[6071.870s][debug][gc,phases      ] GC(238)   ResolvedMethodTable Weak       Min:  0.0, Avg:  0.0, Max:  0.0, Diff:  0.0, Sum:  0.1, Workers: 4
[6071.870s][debug][gc,phases      ] GC(238)     Dead                           Min: 0, Avg:  0.0, Max: 0, Diff: 0, Sum: 0, Workers: 4
[6071.870s][debug][gc,phases      ] GC(238)     Total                          Min: 2176, Avg: 2289.2, Max: 2368, Diff: 192, Sum: 9157, Workers: 4
[6071.870s][debug][gc,phases      ] GC(238)   JNI Weak                       Min:  0.0, Avg:  0.0, Max:  0.0, Diff:  0.0, Sum:  0.0, Workers: 4
[6071.870s][debug][gc,phases      ] GC(238)     Dead                           Min: 0, Avg:  0.0, Max: 0, Diff: 0, Sum: 0, Workers: 4
[6071.870s][debug][gc,phases      ] GC(238)     Total                          Min: 0, Avg:  0.0, Max: 0, Diff: 0, Sum: 0, Workers: 4
[6071.870s][debug][gc,phases      ] GC(238)   StringDedup Table Weak         Min:  0.0, Avg:  0.0, Max:  0.0, Diff:  0.0, Sum:  0.0, Workers: 4
[6071.870s][debug][gc,phases      ] GC(238)     Dead                           Min: 0, Avg:  0.0, Max: 0, Diff: 0, Sum: 0, Workers: 4
[6071.870s][debug][gc,phases      ] GC(238)     Total                          Min: 0, Avg:  0.0, Max: 0, Diff: 0, Sum: 0, Workers: 4
[6071.870s][debug][gc,phases      ] GC(238)   StringDedup Requests0 Weak     Min:  0.0, Avg:  0.0, Max:  0.0, Diff:  0.0, Sum:  0.0, Workers: 4
[6071.870s][debug][gc,phases      ] GC(238)     Dead                           Min: 0, Avg:  0.0, Max: 0, Diff: 0, Sum: 0, Workers: 4
[6071.870s][debug][gc,phases      ] GC(238)     Total                          Min: 0, Avg:  0.0, Max: 0, Diff: 0, Sum: 0, Workers: 4
[6071.870s][debug][gc,phases      ] GC(238)   StringDedup Requests1 Weak     Min:  0.0, Avg:  0.0, Max:  0.0, Diff:  0.0, Sum:  0.0, Workers: 4
[6071.870s][debug][gc,phases      ] GC(238)     Dead                           Min: 0, Avg:  0.0, Max: 0, Diff: 0, Sum: 0, Workers: 4
[6071.870s][debug][gc,phases      ] GC(238)     Total                          Min: 0, Avg:  0.0, Max: 0, Diff: 0, Sum: 0, Workers: 4
[6071.870s][debug][gc,phases      ] GC(238)   Weak JFR Old Object Samples    Min:  0.0, Avg:  0.0, Max:  0.0, Diff:  0.0, Sum:  0.0, Workers: 4
[6071.870s][debug][gc,phases      ] GC(238)     Dead                           Min: 0, Avg:  0.0, Max: 0, Diff: 0, Sum: 0, Workers: 4
[6071.870s][debug][gc,phases      ] GC(238)     Total                          Min: 0, Avg:  0.0, Max: 0, Diff: 0, Sum: 0, Workers: 4
[6071.870s][debug][gc,phases      ] GC(238) Weak Processing 0.342ms
[6071.870s][debug][gc,age         ] GC(238) Desired survivor size 169869312 bytes, new threshold 15 (max threshold 15)
[6071.870s][info ][gc,heap        ] GC(238) PSYoungGen: 1900169K(1931264K)->123307K(1905152K) Eden: 1781760K(1781760K)->0K(1781760K) From: 118409K(149504K)->123307K(123392K)
[6071.870s][info ][gc,heap        ] GC(238) ParOldGen: 579979K(715264K)->579979K(715264K)
[6071.870s][info ][gc,metaspace   ] GC(238) Metaspace: 87418K(88384K)->87418K(88384K) NonClass: 75398K(75840K)->75398K(75840K) Class: 12020K(12544K)->12020K(12544K)
[6071.870s][info ][gc             ] GC(238) Pause Young (Allocation Failure) 2422M->686M(2559M) 33.349ms
[6071.870s][info ][gc,cpu         ] GC(238) User=0.14s Sys=0.00s Real=0.04s
[6071.871s][info ][safepoint      ] Safepoint "ParallelGCFailedAllocation", Time since last: 2061829277 ns, Reaching safepoint: 120302 ns, At safepoint: 33447522 ns, Total: 33567824 ns
[6072.871s][info ][safepoint      ] Safepoint "Cleanup", Time since last: 1000086602 ns, Reaching safepoint: 52301 ns, At safepoint: 9500 ns, Total: 61801 ns
[6074.871s][info ][safepoint      ] Safepoint "Cleanup", Time since last: 2000176681 ns, Reaching safepoint: 40701 ns, At safepoint: 3800 ns, Total: 44501 ns
[6075.871s][info ][safepoint      ] Safepoint "Cleanup", Time since last: 1000096479 ns, Reaching safepoint: 91401 ns, At safepoint: 12001 ns, Total: 103402 ns
[6076.871s][info ][safepoint      ] Safepoint "Cleanup", Time since last: 1000097071 ns, Reaching safepoint: 48800 ns, At safepoint: 6601 ns, Total: 55401 ns
[6077.871s][info ][safepoint      ] Safepoint "Cleanup", Time since last: 1000103963 ns, Reaching safepoint: 45501 ns, At safepoint: 3300 ns, Total: 48801 ns
[6078.872s][info ][safepoint      ] Safepoint "Cleanup", Time since last: 1000109055 ns, Reaching safepoint: 131903 ns, At safepoint: 27100 ns, Total: 159003 ns
[6079.404s][info ][gc,start       ] GC(239) Pause Young (Allocation Failure)
[6079.439s][debug][gc,phases      ] GC(239) Scavenge 34.839ms
[6079.439s][debug][gc,ref         ] GC(239) Skipped phase 1 of Reference Processing: no references
[6079.439s][debug][gc,ref         ] GC(239) ReferenceProcessor::execute queues: 1, RefProcThreadModel::Single, marks_oops_alive: false
[6079.439s][debug][gc,ref         ] GC(239) Skipped phase 3 of Reference Processing: no references
[6079.439s][debug][gc,ref         ] GC(239) ReferenceProcessor::execute queues: 1, RefProcThreadModel::Single, marks_oops_alive: false
[6079.439s][debug][gc,phases      ] GC(239) Reference Processing 0.228ms
[6079.440s][debug][gc,phases      ] GC(239)   VM Weak                        Min:  0.0, Avg:  0.0, Max:  0.0, Diff:  0.0, Sum:  0.0, Workers: 4
[6079.440s][debug][gc,phases      ] GC(239)     Dead                           Min: 0, Avg:  0.0, Max: 0, Diff: 0, Sum: 0, Workers: 4
[6079.440s][debug][gc,phases      ] GC(239)     Total                          Min: 0, Avg: 164.0, Max: 592, Diff: 592, Sum: 656, Workers: 4
[6079.440s][debug][gc,phases      ] GC(239)   ObjectSynchronizer Weak        Min:  0.0, Avg:  0.0, Max:  0.0, Diff:  0.0, Sum:  0.0, Workers: 4
[6079.440s][debug][gc,phases      ] GC(239)     Dead                           Min: 0, Avg:  0.0, Max: 0, Diff: 0, Sum: 0, Workers: 4
[6079.440s][debug][gc,phases      ] GC(239)     Total                          Min: 0, Avg: 63.0, Max: 128, Diff: 128, Sum: 252, Workers: 4
[6079.440s][debug][gc,phases      ] GC(239)   JVMTI Tag Weak OopStorage      Min:  0.0, Avg:  0.0, Max:  0.0, Diff:  0.0, Sum:  0.0, Workers: 4
[6079.440s][debug][gc,phases      ] GC(239)     Dead                           Min: 0, Avg:  0.0, Max: 0, Diff: 0, Sum: 0, Workers: 4
[6079.440s][debug][gc,phases      ] GC(239)     Total                          Min: 0, Avg:  0.0, Max: 0, Diff: 0, Sum: 0, Workers: 4
[6079.440s][debug][gc,phases      ] GC(239)   StringTable Weak               Min:  0.1, Avg:  0.2, Max:  0.2, Diff:  0.0, Sum:  0.6, Workers: 4
[6079.440s][debug][gc,phases      ] GC(239)     Dead                           Min: 0, Avg:  0.0, Max: 0, Diff: 0, Sum: 0, Workers: 4
[6079.440s][debug][gc,phases      ] GC(239)     Total                          Min: 11392, Avg: 12333.0, Max: 13184, Diff: 1792, Sum: 49332, Workers: 4
[6079.440s][debug][gc,phases      ] GC(239)   ResolvedMethodTable Weak       Min:  0.0, Avg:  0.0, Max:  0.0, Diff:  0.0, Sum:  0.1, Workers: 4
[6079.440s][debug][gc,phases      ] GC(239)     Dead                           Min: 0, Avg:  0.0, Max: 0, Diff: 0, Sum: 0, Workers: 4
[6079.440s][debug][gc,phases      ] GC(239)     Total                          Min: 2176, Avg: 2289.2, Max: 2373, Diff: 197, Sum: 9157, Workers: 4
[6079.440s][debug][gc,phases      ] GC(239)   JNI Weak                       Min:  0.0, Avg:  0.0, Max:  0.0, Diff:  0.0, Sum:  0.0, Workers: 4
[6079.440s][debug][gc,phases      ] GC(239)     Dead                           Min: 0, Avg:  0.0, Max: 0, Diff: 0, Sum: 0, Workers: 4
[6079.440s][debug][gc,phases      ] GC(239)     Total                          Min: 0, Avg:  0.0, Max: 0, Diff: 0, Sum: 0, Workers: 4
[6079.440s][debug][gc,phases      ] GC(239)   StringDedup Table Weak         Min:  0.0, Avg:  0.0, Max:  0.0, Diff:  0.0, Sum:  0.0, Workers: 4
[6079.440s][debug][gc,phases      ] GC(239)     Dead                           Min: 0, Avg:  0.0, Max: 0, Diff: 0, Sum: 0, Workers: 4
[6079.440s][debug][gc,phases      ] GC(239)     Total                          Min: 0, Avg:  0.0, Max: 0, Diff: 0, Sum: 0, Workers: 4
[6079.440s][debug][gc,phases      ] GC(239)   StringDedup Requests0 Weak     Min:  0.0, Avg:  0.0, Max:  0.0, Diff:  0.0, Sum:  0.0, Workers: 4
[6079.440s][debug][gc,phases      ] GC(239)     Dead                           Min: 0, Avg:  0.0, Max: 0, Diff: 0, Sum: 0, Workers: 4
[6079.440s][debug][gc,phases      ] GC(239)     Total                          Min: 0, Avg:  0.0, Max: 0, Diff: 0, Sum: 0, Workers: 4
[6079.440s][debug][gc,phases      ] GC(239)   StringDedup Requests1 Weak     Min:  0.0, Avg:  0.0, Max:  0.0, Diff:  0.0, Sum:  0.0, Workers: 4
[6079.440s][debug][gc,phases      ] GC(239)     Dead                           Min: 0, Avg:  0.0, Max: 0, Diff: 0, Sum: 0, Workers: 4
[6079.440s][debug][gc,phases      ] GC(239)     Total                          Min: 0, Avg:  0.0, Max: 0, Diff: 0, Sum: 0, Workers: 4
[6079.440s][debug][gc,phases      ] GC(239)   Weak JFR Old Object Samples    Min:  0.0, Avg:  0.0, Max:  0.0, Diff:  0.0, Sum:  0.0, Workers: 4
[6079.440s][debug][gc,phases      ] GC(239)     Dead                           Min: 0, Avg:  0.0, Max: 0, Diff: 0, Sum: 0, Workers: 4
[6079.440s][debug][gc,phases      ] GC(239)     Total                          Min: 0, Avg:  0.0, Max: 0, Diff: 0, Sum: 0, Workers: 4
[6079.440s][debug][gc,phases      ] GC(239) Weak Processing 0.441ms
[6079.440s][debug][gc,age         ] GC(239) Desired survivor size 178782208 bytes, new threshold 15 (max threshold 15)
[6079.440s][info ][gc,heap        ] GC(239) PSYoungGen: 1905067K(1905152K)->129683K(1913856K) Eden: 1781760K(1781760K)->0K(1747968K) From: 123307K(123392K)->129683K(165888K)
[6079.440s][info ][gc,heap        ] GC(239) ParOldGen: 579979K(715264K)->579979K(715264K)
[6079.440s][info ][gc,metaspace   ] GC(239) Metaspace: 87442K(88384K)->87442K(88384K) NonClass: 75422K(75840K)->75422K(75840K) Class: 12020K(12544K)->12020K(12544K)
[6079.440s][info ][gc             ] GC(239) Pause Young (Allocation Failure) 2426M->693M(2567M) 35.694ms
[6079.440s][info ][gc,cpu         ] GC(239) User=0.14s Sys=0.00s Real=0.03s
[6079.440s][info ][safepoint      ] Safepoint "ParallelGCFailedAllocation", Time since last: 532286374 ns, Reaching safepoint: 112902 ns, At safepoint: 35808364 ns, Total: 35921266 ns
[6080.440s][info ][safepoint      ] Safepoint "Cleanup", Time since last: 1000099743 ns, Reaching safepoint: 53901 ns, At safepoint: 5500 ns, Total: 59401 ns
[6081.440s][info ][safepoint      ] Safepoint "Cleanup", Time since last: 1000114536 ns, Reaching safepoint: 65101 ns, At safepoint: 7900 ns, Total: 73001 ns
[6082.440s][info ][safepoint      ] Safepoint "Cleanup", Time since last: 1000116629 ns, Reaching safepoint: 62501 ns, At safepoint: 16300 ns, Total: 78801 ns
[6083.441s][info ][safepoint      ] Safepoint "Cleanup", Time since last: 1000112521 ns, Reaching safepoint: 55601 ns, At safepoint: 6200 ns, Total: 61801 ns
[6084.441s][info ][safepoint      ] Safepoint "Cleanup", Time since last: 1000117813 ns, Reaching safepoint: 52501 ns, At safepoint: 3100 ns, Total: 55601 ns
[6087.441s][info ][safepoint      ] Safepoint "Cleanup", Time since last: 3000260391 ns, Reaching safepoint: 53401 ns, At safepoint: 8000 ns, Total: 61401 ns
[6088.441s][info ][safepoint      ] Safepoint "Cleanup", Time since last: 1000120383 ns, Reaching safepoint: 136402 ns, At safepoint: 36401 ns, Total: 172803 ns
[6091.442s][info ][safepoint      ] Safepoint "Cleanup", Time since last: 3000260800 ns, Reaching safepoint: 56301 ns, At safepoint: 11500 ns, Total: 67801 ns
[6092.442s][info ][safepoint      ] Safepoint "Cleanup", Time since last: 1000098752 ns, Reaching safepoint: 49901 ns, At safepoint: 6900 ns, Total: 56801 ns
[6093.221s][info ][gc,start       ] GC(240) Pause Young (Allocation Failure)
[6093.252s][debug][gc,phases      ] GC(240) Scavenge 31.516ms
[6093.252s][debug][gc,ref         ] GC(240) Skipped phase 1 of Reference Processing: no references
[6093.253s][debug][gc,ref         ] GC(240) ReferenceProcessor::execute queues: 1, RefProcThreadModel::Single, marks_oops_alive: false
[6093.253s][debug][gc,ref         ] GC(240) Skipped phase 3 of Reference Processing: no references
[6093.253s][debug][gc,ref         ] GC(240) ReferenceProcessor::execute queues: 1, RefProcThreadModel::Single, marks_oops_alive: false
[6093.253s][debug][gc,phases      ] GC(240) Reference Processing 0.151ms
[6093.253s][debug][gc,phases      ] GC(240)   VM Weak                        Min:  0.0, Avg:  0.0, Max:  0.0, Diff:  0.0, Sum:  0.0, Workers: 4
[6093.253s][debug][gc,phases      ] GC(240)     Dead                           Min: 0, Avg:  0.0, Max: 0, Diff: 0, Sum: 0, Workers: 4
[6093.253s][debug][gc,phases      ] GC(240)     Total                          Min: 0, Avg: 164.0, Max: 489, Diff: 489, Sum: 656, Workers: 4
[6093.253s][debug][gc,phases      ] GC(240)   ObjectSynchronizer Weak        Min:  0.0, Avg:  0.0, Max:  0.0, Diff:  0.0, Sum:  0.0, Workers: 4
[6093.253s][debug][gc,phases      ] GC(240)     Dead                           Min: 0, Avg:  0.0, Max: 0, Diff: 0, Sum: 0, Workers: 4
[6093.253s][debug][gc,phases      ] GC(240)     Total                          Min: 0, Avg: 63.0, Max: 128, Diff: 128, Sum: 252, Workers: 4
[6093.253s][debug][gc,phases      ] GC(240)   JVMTI Tag Weak OopStorage      Min:  0.0, Avg:  0.0, Max:  0.0, Diff:  0.0, Sum:  0.0, Workers: 4
[6093.253s][debug][gc,phases      ] GC(240)     Dead                           Min: 0, Avg:  0.0, Max: 0, Diff: 0, Sum: 0, Workers: 4
[6093.253s][debug][gc,phases      ] GC(240)     Total                          Min: 0, Avg:  0.0, Max: 0, Diff: 0, Sum: 0, Workers: 4
[6093.253s][debug][gc,phases      ] GC(240)   StringTable Weak               Min:  0.1, Avg:  0.1, Max:  0.1, Diff:  0.0, Sum:  0.5, Workers: 4
[6093.253s][debug][gc,phases      ] GC(240)     Dead                           Min: 0, Avg:  0.0, Max: 0, Diff: 0, Sum: 0, Workers: 4
[6093.253s][debug][gc,phases      ] GC(240)     Total                          Min: 11060, Avg: 12333.0, Max: 13696, Diff: 2636, Sum: 49332, Workers: 4
[6093.253s][debug][gc,phases      ] GC(240)   ResolvedMethodTable Weak       Min:  0.0, Avg:  0.0, Max:  0.0, Diff:  0.0, Sum:  0.1, Workers: 4
[6093.253s][debug][gc,phases      ] GC(240)     Dead                           Min: 0, Avg:  0.0, Max: 0, Diff: 0, Sum: 0, Workers: 4
[6093.253s][debug][gc,phases      ] GC(240)     Total                          Min: 1920, Avg: 2289.2, Max: 2496, Diff: 576, Sum: 9157, Workers: 4
[6093.253s][debug][gc,phases      ] GC(240)   JNI Weak                       Min:  0.0, Avg:  0.0, Max:  0.0, Diff:  0.0, Sum:  0.0, Workers: 4
[6093.253s][debug][gc,phases      ] GC(240)     Dead                           Min: 0, Avg:  0.0, Max: 0, Diff: 0, Sum: 0, Workers: 4
[6093.253s][debug][gc,phases      ] GC(240)     Total                          Min: 0, Avg:  0.0, Max: 0, Diff: 0, Sum: 0, Workers: 4
[6093.253s][debug][gc,phases      ] GC(240)   StringDedup Table Weak         Min:  0.0, Avg:  0.0, Max:  0.0, Diff:  0.0, Sum:  0.0, Workers: 4
[6093.253s][debug][gc,phases      ] GC(240)     Dead                           Min: 0, Avg:  0.0, Max: 0, Diff: 0, Sum: 0, Workers: 4
[6093.253s][debug][gc,phases      ] GC(240)     Total                          Min: 0, Avg:  0.0, Max: 0, Diff: 0, Sum: 0, Workers: 4
[6093.253s][debug][gc,phases      ] GC(240)   StringDedup Requests0 Weak     Min:  0.0, Avg:  0.0, Max:  0.0, Diff:  0.0, Sum:  0.0, Workers: 4
[6093.253s][debug][gc,phases      ] GC(240)     Dead                           Min: 0, Avg:  0.0, Max: 0, Diff: 0, Sum: 0, Workers: 4
[6093.253s][debug][gc,phases      ] GC(240)     Total                          Min: 0, Avg:  0.0, Max: 0, Diff: 0, Sum: 0, Workers: 4
[6093.253s][debug][gc,phases      ] GC(240)   StringDedup Requests1 Weak     Min:  0.0, Avg:  0.0, Max:  0.0, Diff:  0.0, Sum:  0.0, Workers: 4
[6093.253s][debug][gc,phases      ] GC(240)     Dead                           Min: 0, Avg:  0.0, Max: 0, Diff: 0, Sum: 0, Workers: 4
[6093.253s][debug][gc,phases      ] GC(240)     Total                          Min: 0, Avg:  0.0, Max: 0, Diff: 0, Sum: 0, Workers: 4
[6093.253s][debug][gc,phases      ] GC(240)   Weak JFR Old Object Samples    Min:  0.0, Avg:  0.0, Max:  0.0, Diff:  0.0, Sum:  0.0, Workers: 4
[6093.253s][debug][gc,phases      ] GC(240)     Dead                           Min: 0, Avg:  0.0, Max: 0, Diff: 0, Sum: 0, Workers: 4
[6093.253s][debug][gc,phases      ] GC(240)     Total                          Min: 0, Avg:  0.0, Max: 0, Diff: 0, Sum: 0, Workers: 4
[6093.253s][debug][gc,phases      ] GC(240) Weak Processing 0.358ms
[6093.253s][debug][gc,age         ] GC(240) Desired survivor size 186122240 bytes, new threshold 15 (max threshold 15)
[6093.253s][info ][gc,heap        ] GC(240) PSYoungGen: 1877651K(1913856K)->131635K(1880064K) Eden: 1747968K(1747968K)->0K(1747968K) From: 129683K(165888K)->131635K(132096K)
[6093.253s][info ][gc,heap        ] GC(240) ParOldGen: 579979K(715264K)->579979K(715264K)
[6093.253s][info ][gc,metaspace   ] GC(240) Metaspace: 87452K(88448K)->87452K(88448K) NonClass: 75432K(75904K)->75432K(75904K) Class: 12020K(12544K)->12020K(12544K)
[6093.253s][info ][gc             ] GC(240) Pause Young (Allocation Failure) 2400M->694M(2534M) 32.186ms
[6093.253s][info ][gc,cpu         ] GC(240) User=0.12s Sys=0.00s Real=0.04s
[6093.253s][info ][safepoint      ] Safepoint "ParallelGCFailedAllocation", Time since last: 778863565 ns, Reaching safepoint: 26400 ns, At safepoint: 32273296 ns, Total: 32299696 ns
[6094.253s][info ][safepoint      ] Safepoint "Cleanup", Time since last: 1000090438 ns, Reaching safepoint: 126402 ns, At safepoint: 11300 ns, Total: 137702 ns
[6096.254s][info ][safepoint      ] Safepoint "Cleanup", Time since last: 2000174153 ns, Reaching safepoint: 98902 ns, At safepoint: 8200 ns, Total: 107102 ns
[6097.254s][info ][safepoint      ] Safepoint "Cleanup", Time since last: 1000113116 ns, Reaching safepoint: 151603 ns, At safepoint: 8800 ns, Total: 160403 ns
[6105.255s][info ][safepoint      ] Safepoint "Cleanup", Time since last: 8000575954 ns, Reaching safepoint: 128002 ns, At safepoint: 9800 ns, Total: 137802 ns
[6106.255s][info ][safepoint      ] Safepoint "Cleanup", Time since last: 1000114750 ns, Reaching safepoint: 112302 ns, At safepoint: 5800 ns, Total: 118102 ns
[6108.255s][info ][safepoint      ] Safepoint "Cleanup", Time since last: 2000177075 ns, Reaching safepoint: 112602 ns, At safepoint: 5300 ns, Total: 117902 ns
[6109.255s][info ][safepoint      ] Safepoint "Cleanup", Time since last: 1000110628 ns, Reaching safepoint: 115802 ns, At safepoint: 10200 ns, Total: 126002 ns
[6115.801s][info ][gc,start       ] GC(241) Pause Young (Allocation Failure)
[6115.833s][debug][gc,phases      ] GC(241) Scavenge 32.064ms
[6115.833s][debug][gc,ref         ] GC(241) Skipped phase 1 of Reference Processing: no references
[6115.834s][debug][gc,ref         ] GC(241) ReferenceProcessor::execute queues: 1, RefProcThreadModel::Single, marks_oops_alive: false
[6115.834s][debug][gc,ref         ] GC(241) Skipped phase 3 of Reference Processing: no references
[6115.834s][debug][gc,ref         ] GC(241) ReferenceProcessor::execute queues: 1, RefProcThreadModel::Single, marks_oops_alive: false
[6115.834s][debug][gc,phases      ] GC(241) Reference Processing 0.144ms
[6115.834s][debug][gc,phases      ] GC(241)   VM Weak                        Min:  0.0, Avg:  0.0, Max:  0.0, Diff:  0.0, Sum:  0.0, Workers: 4
[6115.834s][debug][gc,phases      ] GC(241)     Dead                           Min: 0, Avg:  0.0, Max: 0, Diff: 0, Sum: 0, Workers: 4
[6115.834s][debug][gc,phases      ] GC(241)     Total                          Min: 0, Avg: 164.0, Max: 320, Diff: 320, Sum: 656, Workers: 4
[6115.834s][debug][gc,phases      ] GC(241)   ObjectSynchronizer Weak        Min:  0.0, Avg:  0.0, Max:  0.0, Diff:  0.0, Sum:  0.0, Workers: 4
[6115.834s][debug][gc,phases      ] GC(241)     Dead                           Min: 0, Avg:  0.0, Max: 0, Diff: 0, Sum: 0, Workers: 4
[6115.834s][debug][gc,phases      ] GC(241)     Total                          Min: 0, Avg: 63.0, Max: 128, Diff: 128, Sum: 252, Workers: 4
[6115.834s][debug][gc,phases      ] GC(241)   JVMTI Tag Weak OopStorage      Min:  0.0, Avg:  0.0, Max:  0.0, Diff:  0.0, Sum:  0.0, Workers: 4
[6115.834s][debug][gc,phases      ] GC(241)     Dead                           Min: 0, Avg:  0.0, Max: 0, Diff: 0, Sum: 0, Workers: 4
[6115.834s][debug][gc,phases      ] GC(241)     Total                          Min: 0, Avg:  0.0, Max: 0, Diff: 0, Sum: 0, Workers: 4
[6115.834s][debug][gc,phases      ] GC(241)   StringTable Weak               Min:  0.1, Avg:  0.1, Max:  0.2, Diff:  0.0, Sum:  0.6, Workers: 4
[6115.834s][debug][gc,phases      ] GC(241)     Dead                           Min: 0, Avg:  0.2, Max: 1, Diff: 1, Sum: 1, Workers: 4
[6115.834s][debug][gc,phases      ] GC(241)     Total                          Min: 11264, Avg: 12333.8, Max: 13888, Diff: 2624, Sum: 49335, Workers: 4
[6115.834s][debug][gc,phases      ] GC(241)   ResolvedMethodTable Weak       Min:  0.0, Avg:  0.0, Max:  0.0, Diff:  0.0, Sum:  0.1, Workers: 4
[6115.834s][debug][gc,phases      ] GC(241)     Dead                           Min: 0, Avg:  0.0, Max: 0, Diff: 0, Sum: 0, Workers: 4
[6115.834s][debug][gc,phases      ] GC(241)     Total                          Min: 2058, Avg: 2290.5, Max: 2496, Diff: 438, Sum: 9162, Workers: 4
[6115.834s][debug][gc,phases      ] GC(241)   JNI Weak                       Min:  0.0, Avg:  0.0, Max:  0.0, Diff:  0.0, Sum:  0.0, Workers: 4
[6115.834s][debug][gc,phases      ] GC(241)     Dead                           Min: 0, Avg:  0.0, Max: 0, Diff: 0, Sum: 0, Workers: 4
[6115.834s][debug][gc,phases      ] GC(241)     Total                          Min: 0, Avg:  0.0, Max: 0, Diff: 0, Sum: 0, Workers: 4
[6115.834s][debug][gc,phases      ] GC(241)   StringDedup Table Weak         Min:  0.0, Avg:  0.0, Max:  0.0, Diff:  0.0, Sum:  0.0, Workers: 4
[6115.834s][debug][gc,phases      ] GC(241)     Dead                           Min: 0, Avg:  0.0, Max: 0, Diff: 0, Sum: 0, Workers: 4
[6115.834s][debug][gc,phases      ] GC(241)     Total                          Min: 0, Avg:  0.0, Max: 0, Diff: 0, Sum: 0, Workers: 4
[6115.834s][debug][gc,phases      ] GC(241)   StringDedup Requests0 Weak     Min:  0.0, Avg:  0.0, Max:  0.0, Diff:  0.0, Sum:  0.0, Workers: 4
[6115.834s][debug][gc,phases      ] GC(241)     Dead                           Min: 0, Avg:  0.0, Max: 0, Diff: 0, Sum: 0, Workers: 4
[6115.834s][debug][gc,phases      ] GC(241)     Total                          Min: 0, Avg:  0.0, Max: 0, Diff: 0, Sum: 0, Workers: 4
[6115.834s][debug][gc,phases      ] GC(241)   StringDedup Requests1 Weak     Min:  0.0, Avg:  0.0, Max:  0.0, Diff:  0.0, Sum:  0.0, Workers: 4
[6115.834s][debug][gc,phases      ] GC(241)     Dead                           Min: 0, Avg:  0.0, Max: 0, Diff: 0, Sum: 0, Workers: 4
[6115.834s][debug][gc,phases      ] GC(241)     Total                          Min: 0, Avg:  0.0, Max: 0, Diff: 0, Sum: 0, Workers: 4
[6115.834s][debug][gc,phases      ] GC(241)   Weak JFR Old Object Samples    Min:  0.0, Avg:  0.0, Max:  0.0, Diff:  0.0, Sum:  0.0, Workers: 4
[6115.834s][debug][gc,phases      ] GC(241)     Dead                           Min: 0, Avg:  0.0, Max: 0, Diff: 0, Sum: 0, Workers: 4
[6115.834s][debug][gc,phases      ] GC(241)     Total                          Min: 0, Avg:  0.0, Max: 0, Diff: 0, Sum: 0, Workers: 4
[6115.834s][debug][gc,phases      ] GC(241) Weak Processing 0.406ms
[6115.834s][debug][gc,age         ] GC(241) Desired survivor size 189267968 bytes, new threshold 15 (max threshold 15)
[6115.834s][info ][gc,heap        ] GC(241) PSYoungGen: 1879354K(1880064K)->125635K(1909248K) Eden: 1747719K(1747968K)->0K(1727488K) From: 131635K(132096K)->125635K(181760K)
[6115.834s][info ][gc,heap        ] GC(241) ParOldGen: 579979K(715264K)->587816K(715264K)
[6115.834s][info ][gc,metaspace   ] GC(241) Metaspace: 87460K(88448K)->87460K(88448K) NonClass: 75438K(75904K)->75438K(75904K) Class: 12022K(12544K)->12022K(12544K)
[6115.834s][info ][gc             ] GC(241) Pause Young (Allocation Failure) 2401M->696M(2563M) 32.764ms
[6115.834s][info ][gc,cpu         ] GC(241) User=0.13s Sys=0.00s Real=0.04s
[6115.834s][info ][safepoint      ] Safepoint "ParallelGCFailedAllocation", Time since last: 6545849273 ns, Reaching safepoint: 107402 ns, At safepoint: 32860701 ns, Total: 32968103 ns
[6116.834s][info ][safepoint      ] Safepoint "Cleanup", Time since last: 1000096572 ns, Reaching safepoint: 55901 ns, At safepoint: 3100 ns, Total: 59001 ns
[6128.616s][info ][safepoint      ] Safepoint "Cleanup", Time since last: 11782121025 ns, Reaching safepoint: 60601 ns, At safepoint: 6300 ns, Total: 66901 ns
[6149.618s][info ][safepoint      ] Safepoint "Cleanup", Time since last: 21001436042 ns, Reaching safepoint: 63001 ns, At safepoint: 12100 ns, Total: 75101 ns
[6149.955s][info ][gc,start       ] GC(242) Pause Young (Allocation Failure)
[6149.986s][debug][gc,phases      ] GC(242) Scavenge 31.453ms
[6149.986s][debug][gc,ref         ] GC(242) Skipped phase 1 of Reference Processing: no references
[6149.986s][debug][gc,ref         ] GC(242) ReferenceProcessor::execute queues: 1, RefProcThreadModel::Single, marks_oops_alive: false
[6149.986s][debug][gc,ref         ] GC(242) Skipped phase 3 of Reference Processing: no references
[6149.986s][debug][gc,ref         ] GC(242) ReferenceProcessor::execute queues: 1, RefProcThreadModel::Single, marks_oops_alive: false
[6149.986s][debug][gc,phases      ] GC(242) Reference Processing 0.177ms
[6149.987s][debug][gc,phases      ] GC(242)   VM Weak                        Min:  0.0, Avg:  0.0, Max:  0.0, Diff:  0.0, Sum:  0.0, Workers: 4
[6149.987s][debug][gc,phases      ] GC(242)     Dead                           Min: 0, Avg:  0.0, Max: 0, Diff: 0, Sum: 0, Workers: 4
[6149.987s][debug][gc,phases      ] GC(242)     Total                          Min: 0, Avg: 164.0, Max: 489, Diff: 489, Sum: 656, Workers: 4
[6149.987s][debug][gc,phases      ] GC(242)   ObjectSynchronizer Weak        Min:  0.0, Avg:  0.0, Max:  0.0, Diff:  0.0, Sum:  0.0, Workers: 4
[6149.987s][debug][gc,phases      ] GC(242)     Dead                           Min: 0, Avg:  0.0, Max: 0, Diff: 0, Sum: 0, Workers: 4
[6149.987s][debug][gc,phases      ] GC(242)     Total                          Min: 0, Avg: 63.0, Max: 128, Diff: 128, Sum: 252, Workers: 4
[6149.987s][debug][gc,phases      ] GC(242)   JVMTI Tag Weak OopStorage      Min:  0.0, Avg:  0.0, Max:  0.0, Diff:  0.0, Sum:  0.0, Workers: 4
[6149.987s][debug][gc,phases      ] GC(242)     Dead                           Min: 0, Avg:  0.0, Max: 0, Diff: 0, Sum: 0, Workers: 4
[6149.987s][debug][gc,phases      ] GC(242)     Total                          Min: 0, Avg:  0.0, Max: 0, Diff: 0, Sum: 0, Workers: 4
[6149.987s][debug][gc,phases      ] GC(242)   StringTable Weak               Min:  0.1, Avg:  0.1, Max:  0.1, Diff:  0.0, Sum:  0.5, Workers: 4
[6149.987s][debug][gc,phases      ] GC(242)     Dead                           Min: 0, Avg:  0.0, Max: 0, Diff: 0, Sum: 0, Workers: 4
[6149.987s][debug][gc,phases      ] GC(242)     Total                          Min: 11456, Avg: 12333.8, Max: 12919, Diff: 1463, Sum: 49335, Workers: 4
[6149.987s][debug][gc,phases      ] GC(242)   ResolvedMethodTable Weak       Min:  0.0, Avg:  0.0, Max:  0.0, Diff:  0.0, Sum:  0.1, Workers: 4
[6149.987s][debug][gc,phases      ] GC(242)     Dead                           Min: 0, Avg:  0.0, Max: 0, Diff: 0, Sum: 0, Workers: 4
[6149.987s][debug][gc,phases      ] GC(242)     Total                          Min: 2186, Avg: 2290.5, Max: 2368, Diff: 182, Sum: 9162, Workers: 4
[6149.987s][debug][gc,phases      ] GC(242)   JNI Weak                       Min:  0.0, Avg:  0.0, Max:  0.0, Diff:  0.0, Sum:  0.0, Workers: 4
[6149.987s][debug][gc,phases      ] GC(242)     Dead                           Min: 0, Avg:  0.0, Max: 0, Diff: 0, Sum: 0, Workers: 4
[6149.987s][debug][gc,phases      ] GC(242)     Total                          Min: 0, Avg:  0.0, Max: 0, Diff: 0, Sum: 0, Workers: 4
[6149.987s][debug][gc,phases      ] GC(242)   StringDedup Table Weak         Min:  0.0, Avg:  0.0, Max:  0.0, Diff:  0.0, Sum:  0.0, Workers: 4
[6149.987s][debug][gc,phases      ] GC(242)     Dead                           Min: 0, Avg:  0.0, Max: 0, Diff: 0, Sum: 0, Workers: 4
[6149.987s][debug][gc,phases      ] GC(242)     Total                          Min: 0, Avg:  0.0, Max: 0, Diff: 0, Sum: 0, Workers: 4
[6149.987s][debug][gc,phases      ] GC(242)   StringDedup Requests0 Weak     Min:  0.0, Avg:  0.0, Max:  0.0, Diff:  0.0, Sum:  0.0, Workers: 4
[6149.987s][debug][gc,phases      ] GC(242)     Dead                           Min: 0, Avg:  0.0, Max: 0, Diff: 0, Sum: 0, Workers: 4
[6149.987s][debug][gc,phases      ] GC(242)     Total                          Min: 0, Avg:  0.0, Max: 0, Diff: 0, Sum: 0, Workers: 4
[6149.987s][debug][gc,phases      ] GC(242)   StringDedup Requests1 Weak     Min:  0.0, Avg:  0.0, Max:  0.0, Diff:  0.0, Sum:  0.0, Workers: 4
[6149.987s][debug][gc,phases      ] GC(242)     Dead                           Min: 0, Avg:  0.0, Max: 0, Diff: 0, Sum: 0, Workers: 4
[6149.987s][debug][gc,phases      ] GC(242)     Total                          Min: 0, Avg:  0.0, Max: 0, Diff: 0, Sum: 0, Workers: 4
[6149.987s][debug][gc,phases      ] GC(242)   Weak JFR Old Object Samples    Min:  0.0, Avg:  0.0, Max:  0.0, Diff:  0.0, Sum:  0.0, Workers: 4
[6149.987s][debug][gc,phases      ] GC(242)     Dead                           Min: 0, Avg:  0.0, Max: 0, Diff: 0, Sum: 0, Workers: 4
[6149.987s][debug][gc,phases      ] GC(242)     Total                          Min: 0, Avg:  0.0, Max: 0, Diff: 0, Sum: 0, Workers: 4
[6149.987s][debug][gc,phases      ] GC(242) Weak Processing 0.363ms
[6149.987s][debug][gc,age         ] GC(242) Desired survivor size 186122240 bytes, new threshold 15 (max threshold 15)
[6149.987s][info ][gc,heap        ] GC(242) PSYoungGen: 1853123K(1909248K)->112163K(1912320K) Eden: 1727488K(1727488K)->0K(1727488K) From: 125635K(181760K)->112163K(184832K)
[6149.987s][info ][gc,heap        ] GC(242) ParOldGen: 587816K(715264K)->597322K(715264K)
[6149.987s][info ][gc,metaspace   ] GC(242) Metaspace: 87461K(88448K)->87461K(88448K) NonClass: 75438K(75904K)->75438K(75904K) Class: 12022K(12544K)->12022K(12544K)
[6149.987s][info ][gc             ] GC(242) Pause Young (Allocation Failure) 2383M->692M(2566M) 32.142ms
[6149.987s][info ][gc,cpu         ] GC(242) User=0.13s Sys=0.00s Real=0.03s
[6149.987s][info ][safepoint      ] Safepoint "ParallelGCFailedAllocation", Time since last: 336690173 ns, Reaching safepoint: 33201 ns, At safepoint: 32226881 ns, Total: 32260082 ns
[6150.987s][info ][safepoint      ] Safepoint "Cleanup", Time since last: 1000084234 ns, Reaching safepoint: 53501 ns, At safepoint: 3600 ns, Total: 57101 ns
[6165.988s][info ][safepoint      ] Safepoint "Cleanup", Time since last: 15000982009 ns, Reaching safepoint: 63501 ns, At safepoint: 3200 ns, Total: 66701 ns
[6174.989s][info ][safepoint      ] Safepoint "Cleanup", Time since last: 9000651518 ns, Reaching safepoint: 61301 ns, At safepoint: 6000 ns, Total: 67301 ns
[6176.989s][info ][safepoint      ] Safepoint "Cleanup", Time since last: 2000188834 ns, Reaching safepoint: 70802 ns, At safepoint: 6000 ns, Total: 76802 ns
[6178.989s][info ][safepoint      ] Safepoint "Cleanup", Time since last: 2000165808 ns, Reaching safepoint: 56801 ns, At safepoint: 6000 ns, Total: 62801 ns
[6182.990s][info ][safepoint      ] Safepoint "Cleanup", Time since last: 4000269939 ns, Reaching safepoint: 70901 ns, At safepoint: 8000 ns, Total: 78901 ns
[6185.990s][info ][safepoint      ] Safepoint "Cleanup", Time since last: 3000256139 ns, Reaching safepoint: 43901 ns, At safepoint: 2800 ns, Total: 46701 ns
[6187.990s][info ][safepoint      ] Safepoint "Cleanup", Time since last: 2000186194 ns, Reaching safepoint: 46501 ns, At safepoint: 6100 ns, Total: 52601 ns
[6189.990s][info ][safepoint      ] Safepoint "Cleanup", Time since last: 2000183570 ns, Reaching safepoint: 48501 ns, At safepoint: 3200 ns, Total: 51701 ns
[6194.315s][info ][gc,start       ] GC(243) Pause Young (Allocation Failure)
[6194.342s][debug][gc,phases      ] GC(243) Scavenge 26.828ms
[6194.342s][debug][gc,ref         ] GC(243) Skipped phase 1 of Reference Processing: no references
[6194.342s][debug][gc,ref         ] GC(243) ReferenceProcessor::execute queues: 1, RefProcThreadModel::Single, marks_oops_alive: false
[6194.342s][debug][gc,ref         ] GC(243) Skipped phase 3 of Reference Processing: no references
[6194.342s][debug][gc,ref         ] GC(243) ReferenceProcessor::execute queues: 1, RefProcThreadModel::Single, marks_oops_alive: false
[6194.342s][debug][gc,phases      ] GC(243) Reference Processing 0.130ms
[6194.342s][debug][gc,phases      ] GC(243)   VM Weak                        Min:  0.0, Avg:  0.0, Max:  0.0, Diff:  0.0, Sum:  0.0, Workers: 4
[6194.343s][debug][gc,phases      ] GC(243)     Dead                           Min: 0, Avg:  0.0, Max: 0, Diff: 0, Sum: 0, Workers: 4
[6194.343s][debug][gc,phases      ] GC(243)     Total                          Min: 0, Avg: 164.0, Max: 368, Diff: 368, Sum: 656, Workers: 4
[6194.343s][debug][gc,phases      ] GC(243)   ObjectSynchronizer Weak        Min:  0.0, Avg:  0.0, Max:  0.0, Diff:  0.0, Sum:  0.0, Workers: 4
[6194.343s][debug][gc,phases      ] GC(243)     Dead                           Min: 0, Avg:  0.0, Max: 0, Diff: 0, Sum: 0, Workers: 4
[6194.343s][debug][gc,phases      ] GC(243)     Total                          Min: 0, Avg: 63.0, Max: 188, Diff: 188, Sum: 252, Workers: 4
[6194.343s][debug][gc,phases      ] GC(243)   JVMTI Tag Weak OopStorage      Min:  0.0, Avg:  0.0, Max:  0.0, Diff:  0.0, Sum:  0.0, Workers: 4
[6194.343s][debug][gc,phases      ] GC(243)     Dead                           Min: 0, Avg:  0.0, Max: 0, Diff: 0, Sum: 0, Workers: 4
[6194.343s][debug][gc,phases      ] GC(243)     Total                          Min: 0, Avg:  0.0, Max: 0, Diff: 0, Sum: 0, Workers: 4
[6194.343s][debug][gc,phases      ] GC(243)   StringTable Weak               Min:  0.1, Avg:  0.1, Max:  0.1, Diff:  0.0, Sum:  0.6, Workers: 4
[6194.343s][debug][gc,phases      ] GC(243)     Dead                           Min: 0, Avg:  0.0, Max: 0, Diff: 0, Sum: 0, Workers: 4
[6194.343s][debug][gc,phases      ] GC(243)     Total                          Min: 11264, Avg: 12334.5, Max: 13242, Diff: 1978, Sum: 49338, Workers: 4
[6194.343s][debug][gc,phases      ] GC(243)   ResolvedMethodTable Weak       Min:  0.0, Avg:  0.0, Max:  0.0, Diff:  0.0, Sum:  0.1, Workers: 4
[6194.343s][debug][gc,phases      ] GC(243)     Dead                           Min: 0, Avg:  0.0, Max: 0, Diff: 0, Sum: 0, Workers: 4
[6194.343s][debug][gc,phases      ] GC(243)     Total                          Min: 2122, Avg: 2290.5, Max: 2560, Diff: 438, Sum: 9162, Workers: 4
[6194.343s][debug][gc,phases      ] GC(243)   JNI Weak                       Min:  0.0, Avg:  0.0, Max:  0.0, Diff:  0.0, Sum:  0.0, Workers: 4
[6194.343s][debug][gc,phases      ] GC(243)     Dead                           Min: 0, Avg:  0.0, Max: 0, Diff: 0, Sum: 0, Workers: 4
[6194.343s][debug][gc,phases      ] GC(243)     Total                          Min: 0, Avg:  0.0, Max: 0, Diff: 0, Sum: 0, Workers: 4
[6194.343s][debug][gc,phases      ] GC(243)   StringDedup Table Weak         Min:  0.0, Avg:  0.0, Max:  0.0, Diff:  0.0, Sum:  0.0, Workers: 4
[6194.343s][debug][gc,phases      ] GC(243)     Dead                           Min: 0, Avg:  0.0, Max: 0, Diff: 0, Sum: 0, Workers: 4
[6194.343s][debug][gc,phases      ] GC(243)     Total                          Min: 0, Avg:  0.0, Max: 0, Diff: 0, Sum: 0, Workers: 4
[6194.343s][debug][gc,phases      ] GC(243)   StringDedup Requests0 Weak     Min:  0.0, Avg:  0.0, Max:  0.0, Diff:  0.0, Sum:  0.0, Workers: 4
[6194.343s][debug][gc,phases      ] GC(243)     Dead                           Min: 0, Avg:  0.0, Max: 0, Diff: 0, Sum: 0, Workers: 4
[6194.343s][debug][gc,phases      ] GC(243)     Total                          Min: 0, Avg:  0.0, Max: 0, Diff: 0, Sum: 0, Workers: 4
[6194.343s][debug][gc,phases      ] GC(243)   StringDedup Requests1 Weak     Min:  0.0, Avg:  0.0, Max:  0.0, Diff:  0.0, Sum:  0.0, Workers: 4
[6194.343s][debug][gc,phases      ] GC(243)     Dead                           Min: 0, Avg:  0.0, Max: 0, Diff: 0, Sum: 0, Workers: 4
[6194.343s][debug][gc,phases      ] GC(243)     Total                          Min: 0, Avg:  0.0, Max: 0, Diff: 0, Sum: 0, Workers: 4
[6194.343s][debug][gc,phases      ] GC(243)   Weak JFR Old Object Samples    Min:  0.0, Avg:  0.0, Max:  0.0, Diff:  0.0, Sum:  0.0, Workers: 4
[6194.343s][debug][gc,phases      ] GC(243)     Dead                           Min: 0, Avg:  0.0, Max: 0, Diff: 0, Sum: 0, Workers: 4
[6194.343s][debug][gc,phases      ] GC(243)     Total                          Min: 0, Avg:  0.0, Max: 0, Diff: 0, Sum: 0, Workers: 4
[6194.343s][debug][gc,phases      ] GC(243) Weak Processing 0.383ms
[6194.343s][debug][gc,age         ] GC(243) Desired survivor size 180879360 bytes, new threshold 15 (max threshold 15)
[6194.343s][info ][gc,heap        ] GC(243) PSYoungGen: 1839651K(1912320K)->106451K(1920512K) Eden: 1727488K(1727488K)->0K(1738752K) From: 112163K(184832K)->106451K(181760K)
[6194.343s][info ][gc,heap        ] GC(243) ParOldGen: 597322K(715264K)->600377K(715264K)
[6194.343s][info ][gc,metaspace   ] GC(243) Metaspace: 87474K(88448K)->87474K(88448K) NonClass: 75450K(75904K)->75450K(75904K) Class: 12023K(12544K)->12023K(12544K)
[6194.343s][info ][gc             ] GC(243) Pause Young (Allocation Failure) 2379M->690M(2574M) 27.490ms
[6194.343s][info ][gc,cpu         ] GC(243) User=0.11s Sys=0.00s Real=0.03s
[6194.343s][info ][safepoint      ] Safepoint "ParallelGCFailedAllocation", Time since last: 4324696722 ns, Reaching safepoint: 28100 ns, At safepoint: 27593090 ns, Total: 27621190 ns
[6197.343s][info ][safepoint      ] Safepoint "Cleanup", Time since last: 3000227926 ns, Reaching safepoint: 39801 ns, At safepoint: 3000 ns, Total: 42801 ns
[6199.343s][info ][safepoint      ] Safepoint "Cleanup", Time since last: 2000168754 ns, Reaching safepoint: 39700 ns, At safepoint: 32401 ns, Total: 72101 ns
[6223.345s][info ][safepoint      ] Safepoint "Cleanup", Time since last: 24001511854 ns, Reaching safepoint: 47100 ns, At safepoint: 8401 ns, Total: 55501 ns
[6228.345s][info ][safepoint      ] Safepoint "Cleanup", Time since last: 5000372313 ns, Reaching safepoint: 49401 ns, At safepoint: 2900 ns, Total: 52301 ns
[6246.875s][info ][gc,start       ] GC(244) Pause Young (Allocation Failure)
[6246.906s][debug][gc,phases      ] GC(244) Scavenge 31.371ms
[6246.906s][debug][gc,ref         ] GC(244) Skipped phase 1 of Reference Processing: no references
[6246.906s][debug][gc,ref         ] GC(244) ReferenceProcessor::execute queues: 1, RefProcThreadModel::Single, marks_oops_alive: false
[6246.906s][debug][gc,ref         ] GC(244) Skipped phase 3 of Reference Processing: no references
[6246.906s][debug][gc,ref         ] GC(244) ReferenceProcessor::execute queues: 1, RefProcThreadModel::Single, marks_oops_alive: false
[6246.906s][debug][gc,phases      ] GC(244) Reference Processing 0.202ms
[6246.907s][debug][gc,phases      ] GC(244)   VM Weak                        Min:  0.0, Avg:  0.0, Max:  0.0, Diff:  0.0, Sum:  0.0, Workers: 4
[6246.907s][debug][gc,phases      ] GC(244)     Dead                           Min: 0, Avg:  0.0, Max: 0, Diff: 0, Sum: 0, Workers: 4
[6246.907s][debug][gc,phases      ] GC(244)     Total                          Min: 0, Avg: 164.0, Max: 469, Diff: 469, Sum: 656, Workers: 4
[6246.907s][debug][gc,phases      ] GC(244)   ObjectSynchronizer Weak        Min:  0.0, Avg:  0.0, Max:  0.0, Diff:  0.0, Sum:  0.0, Workers: 4
[6246.907s][debug][gc,phases      ] GC(244)     Dead                           Min: 0, Avg:  0.0, Max: 0, Diff: 0, Sum: 0, Workers: 4
[6246.907s][debug][gc,phases      ] GC(244)     Total                          Min: 0, Avg: 63.0, Max: 128, Diff: 128, Sum: 252, Workers: 4
[6246.907s][debug][gc,phases      ] GC(244)   JVMTI Tag Weak OopStorage      Min:  0.0, Avg:  0.0, Max:  0.0, Diff:  0.0, Sum:  0.0, Workers: 4
[6246.907s][debug][gc,phases      ] GC(244)     Dead                           Min: 0, Avg:  0.0, Max: 0, Diff: 0, Sum: 0, Workers: 4
[6246.907s][debug][gc,phases      ] GC(244)     Total                          Min: 0, Avg:  0.0, Max: 0, Diff: 0, Sum: 0, Workers: 4
[6246.907s][debug][gc,phases      ] GC(244)   StringTable Weak               Min:  0.2, Avg:  0.2, Max:  0.2, Diff:  0.0, Sum:  0.8, Workers: 4
[6246.907s][debug][gc,phases      ] GC(244)     Dead                           Min: 0, Avg:  0.0, Max: 0, Diff: 0, Sum: 0, Workers: 4
[6246.907s][debug][gc,phases      ] GC(244)     Total                          Min: 10746, Avg: 12334.5, Max: 13312, Diff: 2566, Sum: 49338, Workers: 4
[6246.907s][debug][gc,phases      ] GC(244)   ResolvedMethodTable Weak       Min:  0.0, Avg:  0.0, Max:  0.0, Diff:  0.0, Sum:  0.2, Workers: 4
[6246.907s][debug][gc,phases      ] GC(244)     Dead                           Min: 0, Avg:  0.0, Max: 0, Diff: 0, Sum: 0, Workers: 4
[6246.907s][debug][gc,phases      ] GC(244)     Total                          Min: 2122, Avg: 2290.5, Max: 2496, Diff: 374, Sum: 9162, Workers: 4
[6246.907s][debug][gc,phases      ] GC(244)   JNI Weak                       Min:  0.0, Avg:  0.0, Max:  0.0, Diff:  0.0, Sum:  0.0, Workers: 4
[6246.907s][debug][gc,phases      ] GC(244)     Dead                           Min: 0, Avg:  0.0, Max: 0, Diff: 0, Sum: 0, Workers: 4
[6246.907s][debug][gc,phases      ] GC(244)     Total                          Min: 0, Avg:  0.0, Max: 0, Diff: 0, Sum: 0, Workers: 4
[6246.907s][debug][gc,phases      ] GC(244)   StringDedup Table Weak         Min:  0.0, Avg:  0.0, Max:  0.0, Diff:  0.0, Sum:  0.0, Workers: 4
[6246.907s][debug][gc,phases      ] GC(244)     Dead                           Min: 0, Avg:  0.0, Max: 0, Diff: 0, Sum: 0, Workers: 4
[6246.907s][debug][gc,phases      ] GC(244)     Total                          Min: 0, Avg:  0.0, Max: 0, Diff: 0, Sum: 0, Workers: 4
[6246.907s][debug][gc,phases      ] GC(244)   StringDedup Requests0 Weak     Min:  0.0, Avg:  0.0, Max:  0.0, Diff:  0.0, Sum:  0.0, Workers: 4
[6246.907s][debug][gc,phases      ] GC(244)     Dead                           Min: 0, Avg:  0.0, Max: 0, Diff: 0, Sum: 0, Workers: 4
[6246.907s][debug][gc,phases      ] GC(244)     Total                          Min: 0, Avg:  0.0, Max: 0, Diff: 0, Sum: 0, Workers: 4
[6246.907s][debug][gc,phases      ] GC(244)   StringDedup Requests1 Weak     Min:  0.0, Avg:  0.0, Max:  0.0, Diff:  0.0, Sum:  0.0, Workers: 4
[6246.907s][debug][gc,phases      ] GC(244)     Dead                           Min: 0, Avg:  0.0, Max: 0, Diff: 0, Sum: 0, Workers: 4
[6246.907s][debug][gc,phases      ] GC(244)     Total                          Min: 0, Avg:  0.0, Max: 0, Diff: 0, Sum: 0, Workers: 4
[6246.907s][debug][gc,phases      ] GC(244)   Weak JFR Old Object Samples    Min:  0.0, Avg:  0.0, Max:  0.0, Diff:  0.0, Sum:  0.0, Workers: 4
[6246.907s][debug][gc,phases      ] GC(244)     Dead                           Min: 0, Avg:  0.0, Max: 0, Diff: 0, Sum: 0, Workers: 4
[6246.907s][debug][gc,phases      ] GC(244)     Total                          Min: 0, Avg:  0.0, Max: 0, Diff: 0, Sum: 0, Workers: 4
[6246.907s][debug][gc,phases      ] GC(244) Weak Processing 0.526ms
[6246.907s][debug][gc,age         ] GC(244) Desired survivor size 175112192 bytes, new threshold 15 (max threshold 15)
[6246.907s][info ][gc,heap        ] GC(244) PSYoungGen: 1845203K(1920512K)->104019K(1915392K) Eden: 1738752K(1738752K)->0K(1738752K) From: 106451K(181760K)->104019K(176640K)
[6246.907s][info ][gc,heap        ] GC(244) ParOldGen: 600377K(715264K)->601782K(715264K)
[6246.907s][info ][gc,metaspace   ] GC(244) Metaspace: 87477K(88448K)->87477K(88448K) NonClass: 75453K(75904K)->75453K(75904K) Class: 12023K(12544K)->12023K(12544K)
[6246.907s][info ][gc             ] GC(244) Pause Young (Allocation Failure) 2388M->689M(2569M) 32.349ms
[6246.907s][info ][gc,cpu         ] GC(244) User=0.12s Sys=0.00s Real=0.03s
[6246.907s][info ][safepoint      ] Safepoint "ParallelGCFailedAllocation", Time since last: 18529265249 ns, Reaching safepoint: 46001 ns, At safepoint: 32468266 ns, Total: 32514267 ns
[6247.907s][info ][safepoint      ] Safepoint "Cleanup", Time since last: 1000094640 ns, Reaching safepoint: 111802 ns, At safepoint: 8700 ns, Total: 120502 ns
[6250.908s][info ][safepoint      ] Safepoint "Cleanup", Time since last: 3000249988 ns, Reaching safepoint: 117902 ns, At safepoint: 6100 ns, Total: 124002 ns
[6282.910s][info ][safepoint      ] Safepoint "Cleanup", Time since last: 32002008879 ns, Reaching safepoint: 58901 ns, At safepoint: 4801 ns, Total: 63702 ns
[6284.910s][info ][safepoint      ] Safepoint "Cleanup", Time since last: 2000194988 ns, Reaching safepoint: 48101 ns, At safepoint: 8900 ns, Total: 57001 ns
[6300.911s][info ][safepoint      ] Safepoint "Cleanup", Time since last: 16001079163 ns, Reaching safepoint: 116402 ns, At safepoint: 12900 ns, Total: 129302 ns
[6301.655s][info ][gc,start       ] GC(245) Pause Young (Allocation Failure)
[6301.682s][debug][gc,phases      ] GC(245) Scavenge 26.588ms
[6301.682s][debug][gc,ref         ] GC(245) Skipped phase 1 of Reference Processing: no references
[6301.682s][debug][gc,ref         ] GC(245) ReferenceProcessor::execute queues: 1, RefProcThreadModel::Single, marks_oops_alive: false
[6301.682s][debug][gc,ref         ] GC(245) Skipped phase 3 of Reference Processing: no references
[6301.682s][debug][gc,ref         ] GC(245) ReferenceProcessor::execute queues: 1, RefProcThreadModel::Single, marks_oops_alive: false
[6301.682s][debug][gc,phases      ] GC(245) Reference Processing 0.203ms
[6301.682s][debug][gc,phases      ] GC(245)   VM Weak                        Min:  0.0, Avg:  0.0, Max:  0.0, Diff:  0.0, Sum:  0.0, Workers: 4
[6301.682s][debug][gc,phases      ] GC(245)     Dead                           Min: 0, Avg:  0.0, Max: 0, Diff: 0, Sum: 0, Workers: 4
[6301.682s][debug][gc,phases      ] GC(245)     Total                          Min: 0, Avg: 164.0, Max: 592, Diff: 592, Sum: 656, Workers: 4
[6301.682s][debug][gc,phases      ] GC(245)   ObjectSynchronizer Weak        Min:  0.0, Avg:  0.0, Max:  0.0, Diff:  0.0, Sum:  0.0, Workers: 4
[6301.682s][debug][gc,phases      ] GC(245)     Dead                           Min: 0, Avg:  0.0, Max: 0, Diff: 0, Sum: 0, Workers: 4
[6301.682s][debug][gc,phases      ] GC(245)     Total                          Min: 0, Avg: 63.0, Max: 128, Diff: 128, Sum: 252, Workers: 4
[6301.682s][debug][gc,phases      ] GC(245)   JVMTI Tag Weak OopStorage      Min:  0.0, Avg:  0.0, Max:  0.0, Diff:  0.0, Sum:  0.0, Workers: 4
[6301.682s][debug][gc,phases      ] GC(245)     Dead                           Min: 0, Avg:  0.0, Max: 0, Diff: 0, Sum: 0, Workers: 4
[6301.682s][debug][gc,phases      ] GC(245)     Total                          Min: 0, Avg:  0.0, Max: 0, Diff: 0, Sum: 0, Workers: 4
[6301.682s][debug][gc,phases      ] GC(245)   StringTable Weak               Min:  0.1, Avg:  0.1, Max:  0.1, Diff:  0.0, Sum:  0.5, Workers: 4
[6301.682s][debug][gc,phases      ] GC(245)     Dead                           Min: 0, Avg:  0.0, Max: 0, Diff: 0, Sum: 0, Workers: 4
[6301.682s][debug][gc,phases      ] GC(245)     Total                          Min: 11072, Avg: 12334.5, Max: 13434, Diff: 2362, Sum: 49338, Workers: 4
[6301.682s][debug][gc,phases      ] GC(245)   ResolvedMethodTable Weak       Min:  0.0, Avg:  0.0, Max:  0.0, Diff:  0.0, Sum:  0.1, Workers: 4
[6301.682s][debug][gc,phases      ] GC(245)     Dead                           Min: 0, Avg:  0.0, Max: 0, Diff: 0, Sum: 0, Workers: 4
[6301.682s][debug][gc,phases      ] GC(245)     Total                          Min: 2176, Avg: 2290.5, Max: 2378, Diff: 202, Sum: 9162, Workers: 4
[6301.682s][debug][gc,phases      ] GC(245)   JNI Weak                       Min:  0.0, Avg:  0.0, Max:  0.0, Diff:  0.0, Sum:  0.0, Workers: 4
[6301.682s][debug][gc,phases      ] GC(245)     Dead                           Min: 0, Avg:  0.0, Max: 0, Diff: 0, Sum: 0, Workers: 4
[6301.682s][debug][gc,phases      ] GC(245)     Total                          Min: 0, Avg:  0.0, Max: 0, Diff: 0, Sum: 0, Workers: 4
[6301.682s][debug][gc,phases      ] GC(245)   StringDedup Table Weak         Min:  0.0, Avg:  0.0, Max:  0.0, Diff:  0.0, Sum:  0.0, Workers: 4
[6301.682s][debug][gc,phases      ] GC(245)     Dead                           Min: 0, Avg:  0.0, Max: 0, Diff: 0, Sum: 0, Workers: 4
[6301.682s][debug][gc,phases      ] GC(245)     Total                          Min: 0, Avg:  0.0, Max: 0, Diff: 0, Sum: 0, Workers: 4
[6301.682s][debug][gc,phases      ] GC(245)   StringDedup Requests0 Weak     Min:  0.0, Avg:  0.0, Max:  0.0, Diff:  0.0, Sum:  0.0, Workers: 4
[6301.682s][debug][gc,phases      ] GC(245)     Dead                           Min: 0, Avg:  0.0, Max: 0, Diff: 0, Sum: 0, Workers: 4
[6301.682s][debug][gc,phases      ] GC(245)     Total                          Min: 0, Avg:  0.0, Max: 0, Diff: 0, Sum: 0, Workers: 4
[6301.682s][debug][gc,phases      ] GC(245)   StringDedup Requests1 Weak     Min:  0.0, Avg:  0.0, Max:  0.0, Diff:  0.0, Sum:  0.0, Workers: 4
[6301.682s][debug][gc,phases      ] GC(245)     Dead                           Min: 0, Avg:  0.0, Max: 0, Diff: 0, Sum: 0, Workers: 4
[6301.682s][debug][gc,phases      ] GC(245)     Total                          Min: 0, Avg:  0.0, Max: 0, Diff: 0, Sum: 0, Workers: 4
[6301.682s][debug][gc,phases      ] GC(245)   Weak JFR Old Object Samples    Min:  0.0, Avg:  0.0, Max:  0.0, Diff:  0.0, Sum:  0.0, Workers: 4
[6301.682s][debug][gc,phases      ] GC(245)     Dead                           Min: 0, Avg:  0.0, Max: 0, Diff: 0, Sum: 0, Workers: 4
[6301.682s][debug][gc,phases      ] GC(245)     Total                          Min: 0, Avg:  0.0, Max: 0, Diff: 0, Sum: 0, Workers: 4
[6301.682s][debug][gc,phases      ] GC(245) Weak Processing 0.375ms
[6301.682s][debug][gc,age         ] GC(245) Desired survivor size 168820736 bytes, new threshold 15 (max threshold 15)
[6301.682s][info ][gc,heap        ] GC(245) PSYoungGen: 1842771K(1915392K)->93795K(1932288K) Eden: 1738752K(1738752K)->0K(1761280K) From: 104019K(176640K)->93795K(171008K)
[6301.682s][info ][gc,heap        ] GC(245) ParOldGen: 601782K(715264K)->612446K(715264K)
[6301.682s][info ][gc,metaspace   ] GC(245) Metaspace: 87482K(88448K)->87482K(88448K) NonClass: 75458K(75904K)->75458K(75904K) Class: 12023K(12544K)->12023K(12544K)
[6301.682s][info ][gc             ] GC(245) Pause Young (Allocation Failure) 2387M->689M(2585M) 27.324ms
[6301.682s][info ][gc,cpu         ] GC(245) User=0.10s Sys=0.01s Real=0.03s
[6301.682s][info ][safepoint      ] Safepoint "ParallelGCFailedAllocation", Time since last: 743627756 ns, Reaching safepoint: 109902 ns, At safepoint: 27427270 ns, Total: 27537172 ns
[6306.683s][info ][safepoint      ] Safepoint "Cleanup", Time since last: 5000349304 ns, Reaching safepoint: 56701 ns, At safepoint: 5600 ns, Total: 62301 ns
[6307.683s][info ][safepoint      ] Safepoint "Cleanup", Time since last: 1000113727 ns, Reaching safepoint: 50701 ns, At safepoint: 4100 ns, Total: 54801 ns
[6317.684s][info ][safepoint      ] Safepoint "Cleanup", Time since last: 10000744089 ns, Reaching safepoint: 62801 ns, At safepoint: 4400 ns, Total: 67201 ns
[6321.684s][info ][safepoint      ] Safepoint "Cleanup", Time since last: 4000341060 ns, Reaching safepoint: 125003 ns, At safepoint: 12100 ns, Total: 137103 ns
[6322.684s][info ][safepoint      ] Safepoint "Cleanup", Time since last: 1000125453 ns, Reaching safepoint: 58301 ns, At safepoint: 13101 ns, Total: 71402 ns
[6323.685s][info ][safepoint      ] Safepoint "Cleanup", Time since last: 1000116748 ns, Reaching safepoint: 50101 ns, At safepoint: 3900 ns, Total: 54001 ns
[6327.329s][info ][safepoint      ] Safepoint "ParallelGCFailedAllocation", Time since last: 3643933277 ns, Reaching safepoint: 40601 ns, At safepoint: 17900 ns, Total: 58501 ns
[6327.329s][info ][gc,start       ] GC(246) Pause Young (GCLocker Initiated GC)
[6327.358s][debug][gc,phases      ] GC(246) Scavenge 28.798ms
[6327.358s][debug][gc,ref         ] GC(246) Skipped phase 1 of Reference Processing: no references
[6327.358s][debug][gc,ref         ] GC(246) ReferenceProcessor::execute queues: 1, RefProcThreadModel::Single, marks_oops_alive: false
[6327.358s][debug][gc,ref         ] GC(246) Skipped phase 3 of Reference Processing: no references
[6327.358s][debug][gc,ref         ] GC(246) ReferenceProcessor::execute queues: 1, RefProcThreadModel::Single, marks_oops_alive: false
[6327.358s][debug][gc,phases      ] GC(246) Reference Processing 0.134ms
[6327.358s][debug][gc,phases      ] GC(246)   VM Weak                        Min:  0.0, Avg:  0.0, Max:  0.0, Diff:  0.0, Sum:  0.0, Workers: 4
[6327.358s][debug][gc,phases      ] GC(246)     Dead                           Min: 0, Avg:  0.0, Max: 0, Diff: 0, Sum: 0, Workers: 4
[6327.358s][debug][gc,phases      ] GC(246)     Total                          Min: 0, Avg: 164.0, Max: 656, Diff: 656, Sum: 656, Workers: 4
[6327.358s][debug][gc,phases      ] GC(246)   ObjectSynchronizer Weak        Min:  0.0, Avg:  0.0, Max:  0.0, Diff:  0.0, Sum:  0.0, Workers: 4
[6327.358s][debug][gc,phases      ] GC(246)     Dead                           Min: 0, Avg:  0.0, Max: 0, Diff: 0, Sum: 0, Workers: 4
[6327.358s][debug][gc,phases      ] GC(246)     Total                          Min: 0, Avg: 63.0, Max: 128, Diff: 128, Sum: 252, Workers: 4
[6327.358s][debug][gc,phases      ] GC(246)   JVMTI Tag Weak OopStorage      Min:  0.0, Avg:  0.0, Max:  0.0, Diff:  0.0, Sum:  0.0, Workers: 4
[6327.358s][debug][gc,phases      ] GC(246)     Dead                           Min: 0, Avg:  0.0, Max: 0, Diff: 0, Sum: 0, Workers: 4
[6327.358s][debug][gc,phases      ] GC(246)     Total                          Min: 0, Avg:  0.0, Max: 0, Diff: 0, Sum: 0, Workers: 4
[6327.358s][debug][gc,phases      ] GC(246)   StringTable Weak               Min:  0.1, Avg:  0.1, Max:  0.1, Diff:  0.0, Sum:  0.4, Workers: 4
[6327.358s][debug][gc,phases      ] GC(246)     Dead                           Min: 0, Avg:  0.0, Max: 0, Diff: 0, Sum: 0, Workers: 4
[6327.358s][debug][gc,phases      ] GC(246)     Total                          Min: 11264, Avg: 12334.5, Max: 13306, Diff: 2042, Sum: 49338, Workers: 4
[6327.358s][debug][gc,phases      ] GC(246)   ResolvedMethodTable Weak       Min:  0.0, Avg:  0.0, Max:  0.0, Diff:  0.0, Sum:  0.1, Workers: 4
[6327.358s][debug][gc,phases      ] GC(246)     Dead                           Min: 0, Avg:  0.0, Max: 0, Diff: 0, Sum: 0, Workers: 4
[6327.358s][debug][gc,phases      ] GC(246)     Total                          Min: 2112, Avg: 2290.5, Max: 2496, Diff: 384, Sum: 9162, Workers: 4
[6327.358s][debug][gc,phases      ] GC(246)   JNI Weak                       Min:  0.0, Avg:  0.0, Max:  0.0, Diff:  0.0, Sum:  0.0, Workers: 4
[6327.358s][debug][gc,phases      ] GC(246)     Dead                           Min: 0, Avg:  0.0, Max: 0, Diff: 0, Sum: 0, Workers: 4
[6327.358s][debug][gc,phases      ] GC(246)     Total                          Min: 0, Avg:  0.0, Max: 0, Diff: 0, Sum: 0, Workers: 4
[6327.358s][debug][gc,phases      ] GC(246)   StringDedup Table Weak         Min:  0.0, Avg:  0.0, Max:  0.0, Diff:  0.0, Sum:  0.0, Workers: 4
[6327.358s][debug][gc,phases      ] GC(246)     Dead                           Min: 0, Avg:  0.0, Max: 0, Diff: 0, Sum: 0, Workers: 4
[6327.358s][debug][gc,phases      ] GC(246)     Total                          Min: 0, Avg:  0.0, Max: 0, Diff: 0, Sum: 0, Workers: 4
[6327.358s][debug][gc,phases      ] GC(246)   StringDedup Requests0 Weak     Min:  0.0, Avg:  0.0, Max:  0.0, Diff:  0.0, Sum:  0.0, Workers: 4
[6327.358s][debug][gc,phases      ] GC(246)     Dead                           Min: 0, Avg:  0.0, Max: 0, Diff: 0, Sum: 0, Workers: 4
[6327.358s][debug][gc,phases      ] GC(246)     Total                          Min: 0, Avg:  0.0, Max: 0, Diff: 0, Sum: 0, Workers: 4
[6327.358s][debug][gc,phases      ] GC(246)   StringDedup Requests1 Weak     Min:  0.0, Avg:  0.0, Max:  0.0, Diff:  0.0, Sum:  0.0, Workers: 4
[6327.358s][debug][gc,phases      ] GC(246)     Dead                           Min: 0, Avg:  0.0, Max: 0, Diff: 0, Sum: 0, Workers: 4
[6327.358s][debug][gc,phases      ] GC(246)     Total                          Min: 0, Avg:  0.0, Max: 0, Diff: 0, Sum: 0, Workers: 4
[6327.358s][debug][gc,phases      ] GC(246)   Weak JFR Old Object Samples    Min:  0.0, Avg:  0.0, Max:  0.0, Diff:  0.0, Sum:  0.0, Workers: 4
[6327.358s][debug][gc,phases      ] GC(246)     Dead                           Min: 0, Avg:  0.0, Max: 0, Diff: 0, Sum: 0, Workers: 4
[6327.358s][debug][gc,phases      ] GC(246)     Total                          Min: 0, Avg:  0.0, Max: 0, Diff: 0, Sum: 0, Workers: 4
[6327.358s][debug][gc,phases      ] GC(246) Weak Processing 0.343ms
[6327.358s][debug][gc,age         ] GC(246) Desired survivor size 162529280 bytes, new threshold 15 (max threshold 15)
[6327.358s][info ][gc,heap        ] GC(246) PSYoungGen: 1855073K(1932288K)->93803K(1926144K) Eden: 1761278K(1761280K)->0K(1761280K) From: 93795K(171008K)->93803K(164864K)
[6327.358s][info ][gc,heap        ] GC(246) ParOldGen: 612958K(715264K)->624043K(715264K)
[6327.358s][info ][gc,metaspace   ] GC(246) Metaspace: 87491K(88448K)->87491K(88448K) NonClass: 75467K(75904K)->75467K(75904K) Class: 12023K(12544K)->12023K(12544K)
[6327.358s][info ][gc             ] GC(246) Pause Young (GCLocker Initiated GC) 2410M->701M(2579M) 29.407ms
[6327.358s][info ][gc,cpu         ] GC(246) User=0.11s Sys=0.00s Real=0.03s
[6327.358s][info ][safepoint      ] Safepoint "ParallelGCSystemGC", Time since last: 68501 ns, Reaching safepoint: 85702 ns, At safepoint: 29487502 ns, Total: 29573204 ns
[6329.358s][info ][safepoint      ] Safepoint "Cleanup", Time since last: 2000159347 ns, Reaching safepoint: 44700 ns, At safepoint: 5700 ns, Total: 50400 ns
[6330.359s][info ][safepoint      ] Safepoint "Cleanup", Time since last: 1000113417 ns, Reaching safepoint: 46101 ns, At safepoint: 2800 ns, Total: 48901 ns
[6340.475s][info ][safepoint      ] Safepoint "Cleanup", Time since last: 10116060859 ns, Reaching safepoint: 53901 ns, At safepoint: 10100 ns, Total: 64001 ns
[6341.475s][info ][safepoint      ] Safepoint "Cleanup", Time since last: 1000122965 ns, Reaching safepoint: 40100 ns, At safepoint: 3700 ns, Total: 43800 ns
[6343.475s][info ][safepoint      ] Safepoint "Cleanup", Time since last: 2000181315 ns, Reaching safepoint: 112202 ns, At safepoint: 9400 ns, Total: 121602 ns
[6346.476s][info ][safepoint      ] Safepoint "Cleanup", Time since last: 3000240237 ns, Reaching safepoint: 123502 ns, At safepoint: 26501 ns, Total: 150003 ns
[6350.599s][info ][gc,start       ] GC(247) Pause Young (Allocation Failure)
[6350.624s][debug][gc,phases      ] GC(247) Scavenge 25.340ms
[6350.624s][debug][gc,ref         ] GC(247) Skipped phase 1 of Reference Processing: no references
[6350.624s][debug][gc,ref         ] GC(247) ReferenceProcessor::execute queues: 1, RefProcThreadModel::Single, marks_oops_alive: false
[6350.624s][debug][gc,ref         ] GC(247) Skipped phase 3 of Reference Processing: no references
[6350.624s][debug][gc,ref         ] GC(247) ReferenceProcessor::execute queues: 1, RefProcThreadModel::Single, marks_oops_alive: false
[6350.624s][debug][gc,phases      ] GC(247) Reference Processing 0.131ms
[6350.624s][debug][gc,phases      ] GC(247)   VM Weak                        Min:  0.0, Avg:  0.0, Max:  0.0, Diff:  0.0, Sum:  0.0, Workers: 4
[6350.624s][debug][gc,phases      ] GC(247)     Dead                           Min: 0, Avg:  0.0, Max: 0, Diff: 0, Sum: 0, Workers: 4
[6350.624s][debug][gc,phases      ] GC(247)     Total                          Min: 0, Avg: 164.0, Max: 419, Diff: 419, Sum: 656, Workers: 4
[6350.624s][debug][gc,phases      ] GC(247)   ObjectSynchronizer Weak        Min:  0.0, Avg:  0.0, Max:  0.0, Diff:  0.0, Sum:  0.0, Workers: 4
[6350.624s][debug][gc,phases      ] GC(247)     Dead                           Min: 0, Avg:  0.0, Max: 0, Diff: 0, Sum: 0, Workers: 4
[6350.624s][debug][gc,phases      ] GC(247)     Total                          Min: 0, Avg: 63.0, Max: 128, Diff: 128, Sum: 252, Workers: 4
[6350.624s][debug][gc,phases      ] GC(247)   JVMTI Tag Weak OopStorage      Min:  0.0, Avg:  0.0, Max:  0.0, Diff:  0.0, Sum:  0.0, Workers: 4
[6350.624s][debug][gc,phases      ] GC(247)     Dead                           Min: 0, Avg:  0.0, Max: 0, Diff: 0, Sum: 0, Workers: 4
[6350.624s][debug][gc,phases      ] GC(247)     Total                          Min: 0, Avg:  0.0, Max: 0, Diff: 0, Sum: 0, Workers: 4
[6350.624s][debug][gc,phases      ] GC(247)   StringTable Weak               Min:  0.1, Avg:  0.1, Max:  0.1, Diff:  0.0, Sum:  0.4, Workers: 4
[6350.624s][debug][gc,phases      ] GC(247)     Dead                           Min: 0, Avg:  0.0, Max: 0, Diff: 0, Sum: 0, Workers: 4
[6350.624s][debug][gc,phases      ] GC(247)     Total                          Min: 11136, Avg: 12334.5, Max: 12800, Diff: 1664, Sum: 49338, Workers: 4
[6350.624s][debug][gc,phases      ] GC(247)   ResolvedMethodTable Weak       Min:  0.0, Avg:  0.0, Max:  0.0, Diff:  0.0, Sum:  0.1, Workers: 4
[6350.624s][debug][gc,phases      ] GC(247)     Dead                           Min: 0, Avg:  0.0, Max: 0, Diff: 0, Sum: 0, Workers: 4
[6350.624s][debug][gc,phases      ] GC(247)     Total                          Min: 2176, Avg: 2290.5, Max: 2378, Diff: 202, Sum: 9162, Workers: 4
[6350.624s][debug][gc,phases      ] GC(247)   JNI Weak                       Min:  0.0, Avg:  0.0, Max:  0.0, Diff:  0.0, Sum:  0.0, Workers: 4
[6350.624s][debug][gc,phases      ] GC(247)     Dead                           Min: 0, Avg:  0.0, Max: 0, Diff: 0, Sum: 0, Workers: 4
[6350.624s][debug][gc,phases      ] GC(247)     Total                          Min: 0, Avg:  0.0, Max: 0, Diff: 0, Sum: 0, Workers: 4
[6350.624s][debug][gc,phases      ] GC(247)   StringDedup Table Weak         Min:  0.0, Avg:  0.0, Max:  0.0, Diff:  0.0, Sum:  0.0, Workers: 4
[6350.624s][debug][gc,phases      ] GC(247)     Dead                           Min: 0, Avg:  0.0, Max: 0, Diff: 0, Sum: 0, Workers: 4
[6350.624s][debug][gc,phases      ] GC(247)     Total                          Min: 0, Avg:  0.0, Max: 0, Diff: 0, Sum: 0, Workers: 4
[6350.624s][debug][gc,phases      ] GC(247)   StringDedup Requests0 Weak     Min:  0.0, Avg:  0.0, Max:  0.0, Diff:  0.0, Sum:  0.0, Workers: 4
[6350.624s][debug][gc,phases      ] GC(247)     Dead                           Min: 0, Avg:  0.0, Max: 0, Diff: 0, Sum: 0, Workers: 4
[6350.624s][debug][gc,phases      ] GC(247)     Total                          Min: 0, Avg:  0.0, Max: 0, Diff: 0, Sum: 0, Workers: 4
[6350.624s][debug][gc,phases      ] GC(247)   StringDedup Requests1 Weak     Min:  0.0, Avg:  0.0, Max:  0.0, Diff:  0.0, Sum:  0.0, Workers: 4
[6350.624s][debug][gc,phases      ] GC(247)     Dead                           Min: 0, Avg:  0.0, Max: 0, Diff: 0, Sum: 0, Workers: 4
[6350.624s][debug][gc,phases      ] GC(247)     Total                          Min: 0, Avg:  0.0, Max: 0, Diff: 0, Sum: 0, Workers: 4
[6350.624s][debug][gc,phases      ] GC(247)   Weak JFR Old Object Samples    Min:  0.0, Avg:  0.0, Max:  0.0, Diff:  0.0, Sum:  0.0, Workers: 4
[6350.624s][debug][gc,phases      ] GC(247)     Dead                           Min: 0, Avg:  0.0, Max: 0, Diff: 0, Sum: 0, Workers: 4
[6350.624s][debug][gc,phases      ] GC(247)     Total                          Min: 0, Avg:  0.0, Max: 0, Diff: 0, Sum: 0, Workers: 4
[6350.624s][debug][gc,phases      ] GC(247) Weak Processing 0.329ms
[6350.624s][debug][gc,age         ] GC(247) Desired survivor size 159907840 bytes, new threshold 15 (max threshold 15)
[6350.624s][info ][gc,heap        ] GC(247) PSYoungGen: 1855083K(1926144K)->80427K(1940992K) Eden: 1761280K(1761280K)->0K(1782272K) From: 93803K(164864K)->80427K(158720K)
[6350.624s][info ][gc,heap        ] GC(247) ParOldGen: 624048K(715264K)->637631K(715264K)
[6350.624s][info ][gc,metaspace   ] GC(247) Metaspace: 87493K(88448K)->87493K(88448K) NonClass: 75469K(75904K)->75469K(75904K) Class: 12023K(12544K)->12023K(12544K)
[6350.624s][info ][gc             ] GC(247) Pause Young (Allocation Failure) 2421M->701M(2594M) 25.933ms
[6350.624s][info ][gc,cpu         ] GC(247) User=0.10s Sys=0.00s Real=0.03s
[6350.625s][info ][safepoint      ] Safepoint "ParallelGCFailedAllocation", Time since last: 4122797390 ns, Reaching safepoint: 113302 ns, At safepoint: 26049041 ns, Total: 26162343 ns
[6359.625s][info ][safepoint      ] Safepoint "Cleanup", Time since last: 9000585993 ns, Reaching safepoint: 47801 ns, At safepoint: 7300 ns, Total: 55101 ns
[6365.626s][info ][safepoint      ] Safepoint "Cleanup", Time since last: 6000376493 ns, Reaching safepoint: 40201 ns, At safepoint: 7100 ns, Total: 47301 ns
[6366.626s][info ][safepoint      ] Safepoint "Cleanup", Time since last: 1000120251 ns, Reaching safepoint: 40601 ns, At safepoint: 7200 ns, Total: 47801 ns
[6384.954s][info ][gc,start       ] GC(248) Pause Young (Allocation Failure)
[6384.973s][debug][gc,phases      ] GC(248) Scavenge 19.517ms
[6384.973s][debug][gc,ref         ] GC(248) Skipped phase 1 of Reference Processing: no references
[6384.973s][debug][gc,ref         ] GC(248) ReferenceProcessor::execute queues: 1, RefProcThreadModel::Single, marks_oops_alive: false
[6384.973s][debug][gc,ref         ] GC(248) Skipped phase 3 of Reference Processing: no references
[6384.973s][debug][gc,ref         ] GC(248) ReferenceProcessor::execute queues: 1, RefProcThreadModel::Single, marks_oops_alive: false
[6384.973s][debug][gc,phases      ] GC(248) Reference Processing 0.175ms
[6384.974s][debug][gc,phases      ] GC(248)   VM Weak                        Min:  0.0, Avg:  0.0, Max:  0.0, Diff:  0.0, Sum:  0.0, Workers: 4
[6384.974s][debug][gc,phases      ] GC(248)     Dead                           Min: 0, Avg:  0.0, Max: 0, Diff: 0, Sum: 0, Workers: 4
[6384.974s][debug][gc,phases      ] GC(248)     Total                          Min: 0, Avg: 164.2, Max: 490, Diff: 490, Sum: 657, Workers: 4
[6384.974s][debug][gc,phases      ] GC(248)   ObjectSynchronizer Weak        Min:  0.0, Avg:  0.0, Max:  0.0, Diff:  0.0, Sum:  0.0, Workers: 4
[6384.974s][debug][gc,phases      ] GC(248)     Dead                           Min: 0, Avg:  0.0, Max: 0, Diff: 0, Sum: 0, Workers: 4
[6384.974s][debug][gc,phases      ] GC(248)     Total                          Min: 0, Avg: 63.0, Max: 128, Diff: 128, Sum: 252, Workers: 4
[6384.974s][debug][gc,phases      ] GC(248)   JVMTI Tag Weak OopStorage      Min:  0.0, Avg:  0.0, Max:  0.0, Diff:  0.0, Sum:  0.0, Workers: 4
[6384.974s][debug][gc,phases      ] GC(248)     Dead                           Min: 0, Avg:  0.0, Max: 0, Diff: 0, Sum: 0, Workers: 4
[6384.974s][debug][gc,phases      ] GC(248)     Total                          Min: 0, Avg:  0.0, Max: 0, Diff: 0, Sum: 0, Workers: 4
[6384.974s][debug][gc,phases      ] GC(248)   StringTable Weak               Min:  0.1, Avg:  0.1, Max:  0.1, Diff:  0.0, Sum:  0.4, Workers: 4
[6384.974s][debug][gc,phases      ] GC(248)     Dead                           Min: 0, Avg:  0.0, Max: 0, Diff: 0, Sum: 0, Workers: 4
[6384.974s][debug][gc,phases      ] GC(248)     Total                          Min: 11008, Avg: 12335.0, Max: 13244, Diff: 2236, Sum: 49340, Workers: 4
[6384.974s][debug][gc,phases      ] GC(248)   ResolvedMethodTable Weak       Min:  0.0, Avg:  0.0, Max:  0.0, Diff:  0.0, Sum:  0.1, Workers: 4
[6384.974s][debug][gc,phases      ] GC(248)     Dead                           Min: 0, Avg:  0.0, Max: 0, Diff: 0, Sum: 0, Workers: 4
[6384.974s][debug][gc,phases      ] GC(248)     Total                          Min: 1870, Avg: 2291.5, Max: 2752, Diff: 882, Sum: 9166, Workers: 4
[6384.974s][debug][gc,phases      ] GC(248)   JNI Weak                       Min:  0.0, Avg:  0.0, Max:  0.0, Diff:  0.0, Sum:  0.0, Workers: 4
[6384.974s][debug][gc,phases      ] GC(248)     Dead                           Min: 0, Avg:  0.0, Max: 0, Diff: 0, Sum: 0, Workers: 4
[6384.974s][debug][gc,phases      ] GC(248)     Total                          Min: 0, Avg:  0.0, Max: 0, Diff: 0, Sum: 0, Workers: 4
[6384.974s][debug][gc,phases      ] GC(248)   StringDedup Table Weak         Min:  0.0, Avg:  0.0, Max:  0.0, Diff:  0.0, Sum:  0.0, Workers: 4
[6384.974s][debug][gc,phases      ] GC(248)     Dead                           Min: 0, Avg:  0.0, Max: 0, Diff: 0, Sum: 0, Workers: 4
[6384.974s][debug][gc,phases      ] GC(248)     Total                          Min: 0, Avg:  0.0, Max: 0, Diff: 0, Sum: 0, Workers: 4
[6384.974s][debug][gc,phases      ] GC(248)   StringDedup Requests0 Weak     Min:  0.0, Avg:  0.0, Max:  0.0, Diff:  0.0, Sum:  0.0, Workers: 4
[6384.974s][debug][gc,phases      ] GC(248)     Dead                           Min: 0, Avg:  0.0, Max: 0, Diff: 0, Sum: 0, Workers: 4
[6384.974s][debug][gc,phases      ] GC(248)     Total                          Min: 0, Avg:  0.0, Max: 0, Diff: 0, Sum: 0, Workers: 4
[6384.974s][debug][gc,phases      ] GC(248)   StringDedup Requests1 Weak     Min:  0.0, Avg:  0.0, Max:  0.0, Diff:  0.0, Sum:  0.0, Workers: 4
[6384.974s][debug][gc,phases      ] GC(248)     Dead                           Min: 0, Avg:  0.0, Max: 0, Diff: 0, Sum: 0, Workers: 4
[6384.974s][debug][gc,phases      ] GC(248)     Total                          Min: 0, Avg:  0.0, Max: 0, Diff: 0, Sum: 0, Workers: 4
[6384.974s][debug][gc,phases      ] GC(248)   Weak JFR Old Object Samples    Min:  0.0, Avg:  0.0, Max:  0.0, Diff:  0.0, Sum:  0.0, Workers: 4
[6384.974s][debug][gc,phases      ] GC(248)     Dead                           Min: 0, Avg:  0.0, Max: 0, Diff: 0, Sum: 0, Workers: 4
[6384.974s][debug][gc,phases      ] GC(248)     Total                          Min: 0, Avg:  0.0, Max: 0, Diff: 0, Sum: 0, Workers: 4
[6384.974s][debug][gc,phases      ] GC(248) Weak Processing 0.340ms
[6384.974s][debug][gc,age         ] GC(248) Desired survivor size 157810688 bytes, new threshold 15 (max threshold 15)
[6384.974s][info ][gc,heap        ] GC(248) PSYoungGen: 1862699K(1940992K)->72012K(1938432K) Eden: 1782272K(1782272K)->0K(1782272K) From: 80427K(158720K)->72012K(156160K)
[6384.974s][info ][gc,heap        ] GC(248) ParOldGen: 637631K(715264K)->643819K(715264K)
[6384.974s][info ][gc,metaspace   ] GC(248) Metaspace: 87505K(88448K)->87505K(88448K) NonClass: 75480K(75904K)->75480K(75904K) Class: 12024K(12544K)->12024K(12544K)
[6384.974s][info ][gc             ] GC(248) Pause Young (Allocation Failure) 2441M->699M(2591M) 20.171ms
[6384.974s][info ][gc,cpu         ] GC(248) User=0.08s Sys=0.00s Real=0.02s
[6384.974s][info ][safepoint      ] Safepoint "ParallelGCFailedAllocation", Time since last: 18327707631 ns, Reaching safepoint: 111502 ns, At safepoint: 20286140 ns, Total: 20397642 ns
[6400.975s][info ][safepoint      ] Safepoint "Cleanup", Time since last: 16000956255 ns, Reaching safepoint: 44101 ns, At safepoint: 5100 ns, Total: 49201 ns
[6406.975s][info ][safepoint      ] Safepoint "Cleanup", Time since last: 6000426635 ns, Reaching safepoint: 42301 ns, At safepoint: 13400 ns, Total: 55701 ns
[6409.473s][info ][safepoint      ] Safepoint "Cleanup", Time since last: 2497447234 ns, Reaching safepoint: 217804 ns, At safepoint: 19800 ns, Total: 237604 ns
[6410.473s][info ][safepoint      ] Safepoint "Cleanup", Time since last: 1000119766 ns, Reaching safepoint: 62201 ns, At safepoint: 3500 ns, Total: 65701 ns
[6411.473s][info ][safepoint      ] Safepoint "Cleanup", Time since last: 1000105761 ns, Reaching safepoint: 57901 ns, At safepoint: 9200 ns, Total: 67101 ns
[6414.474s][info ][safepoint      ] Safepoint "Cleanup", Time since last: 3000216658 ns, Reaching safepoint: 29101 ns, At safepoint: 36300 ns, Total: 65401 ns
[6415.248s][info ][gc,start       ] GC(249) Pause Young (Allocation Failure)
[6415.271s][debug][gc,phases      ] GC(249) Scavenge 22.620ms
[6415.271s][debug][gc,ref         ] GC(249) Skipped phase 1 of Reference Processing: no references
[6415.271s][debug][gc,ref         ] GC(249) ReferenceProcessor::execute queues: 1, RefProcThreadModel::Single, marks_oops_alive: false
[6415.271s][debug][gc,ref         ] GC(249) Skipped phase 3 of Reference Processing: no references
[6415.271s][debug][gc,ref         ] GC(249) ReferenceProcessor::execute queues: 1, RefProcThreadModel::Single, marks_oops_alive: false
[6415.271s][debug][gc,phases      ] GC(249) Reference Processing 0.134ms
[6415.272s][debug][gc,phases      ] GC(249)   VM Weak                        Min:  0.0, Avg:  0.0, Max:  0.0, Diff:  0.0, Sum:  0.0, Workers: 4
[6415.272s][debug][gc,phases      ] GC(249)     Dead                           Min: 0, Avg:  0.0, Max: 0, Diff: 0, Sum: 0, Workers: 4
[6415.272s][debug][gc,phases      ] GC(249)     Total                          Min: 0, Avg: 164.2, Max: 593, Diff: 593, Sum: 657, Workers: 4
[6415.272s][debug][gc,phases      ] GC(249)   ObjectSynchronizer Weak        Min:  0.0, Avg:  0.0, Max:  0.0, Diff:  0.0, Sum:  0.0, Workers: 4
[6415.272s][debug][gc,phases      ] GC(249)     Dead                           Min: 0, Avg:  0.0, Max: 0, Diff: 0, Sum: 0, Workers: 4
[6415.272s][debug][gc,phases      ] GC(249)     Total                          Min: 0, Avg: 63.0, Max: 128, Diff: 128, Sum: 252, Workers: 4
[6415.272s][debug][gc,phases      ] GC(249)   JVMTI Tag Weak OopStorage      Min:  0.0, Avg:  0.0, Max:  0.0, Diff:  0.0, Sum:  0.0, Workers: 4
[6415.272s][debug][gc,phases      ] GC(249)     Dead                           Min: 0, Avg:  0.0, Max: 0, Diff: 0, Sum: 0, Workers: 4
[6415.272s][debug][gc,phases      ] GC(249)     Total                          Min: 0, Avg:  0.0, Max: 0, Diff: 0, Sum: 0, Workers: 4
[6415.272s][debug][gc,phases      ] GC(249)   StringTable Weak               Min:  0.1, Avg:  0.1, Max:  0.1, Diff:  0.0, Sum:  0.5, Workers: 4
[6415.272s][debug][gc,phases      ] GC(249)     Dead                           Min: 0, Avg:  0.2, Max: 1, Diff: 1, Sum: 1, Workers: 4
[6415.272s][debug][gc,phases      ] GC(249)     Total                          Min: 11968, Avg: 12336.0, Max: 12736, Diff: 768, Sum: 49344, Workers: 4
[6415.272s][debug][gc,phases      ] GC(249)   ResolvedMethodTable Weak       Min:  0.0, Avg:  0.0, Max:  0.0, Diff:  0.0, Sum:  0.1, Workers: 4
[6415.272s][debug][gc,phases      ] GC(249)     Dead                           Min: 0, Avg:  0.0, Max: 0, Diff: 0, Sum: 0, Workers: 4
[6415.272s][debug][gc,phases      ] GC(249)     Total                          Min: 2135, Avg: 2293.8, Max: 2496, Diff: 361, Sum: 9175, Workers: 4
[6415.272s][debug][gc,phases      ] GC(249)   JNI Weak                       Min:  0.0, Avg:  0.0, Max:  0.0, Diff:  0.0, Sum:  0.0, Workers: 4
[6415.272s][debug][gc,phases      ] GC(249)     Dead                           Min: 0, Avg:  0.0, Max: 0, Diff: 0, Sum: 0, Workers: 4
[6415.272s][debug][gc,phases      ] GC(249)     Total                          Min: 0, Avg:  0.0, Max: 0, Diff: 0, Sum: 0, Workers: 4
[6415.272s][debug][gc,phases      ] GC(249)   StringDedup Table Weak         Min:  0.0, Avg:  0.0, Max:  0.0, Diff:  0.0, Sum:  0.0, Workers: 4
[6415.272s][debug][gc,phases      ] GC(249)     Dead                           Min: 0, Avg:  0.0, Max: 0, Diff: 0, Sum: 0, Workers: 4
[6415.272s][debug][gc,phases      ] GC(249)     Total                          Min: 0, Avg:  0.0, Max: 0, Diff: 0, Sum: 0, Workers: 4
[6415.272s][debug][gc,phases      ] GC(249)   StringDedup Requests0 Weak     Min:  0.0, Avg:  0.0, Max:  0.0, Diff:  0.0, Sum:  0.0, Workers: 4
[6415.272s][debug][gc,phases      ] GC(249)     Dead                           Min: 0, Avg:  0.0, Max: 0, Diff: 0, Sum: 0, Workers: 4
[6415.272s][debug][gc,phases      ] GC(249)     Total                          Min: 0, Avg:  0.0, Max: 0, Diff: 0, Sum: 0, Workers: 4
[6415.272s][debug][gc,phases      ] GC(249)   StringDedup Requests1 Weak     Min:  0.0, Avg:  0.0, Max:  0.0, Diff:  0.0, Sum:  0.0, Workers: 4
[6415.272s][debug][gc,phases      ] GC(249)     Dead                           Min: 0, Avg:  0.0, Max: 0, Diff: 0, Sum: 0, Workers: 4
[6415.272s][debug][gc,phases      ] GC(249)     Total                          Min: 0, Avg:  0.0, Max: 0, Diff: 0, Sum: 0, Workers: 4
[6415.272s][debug][gc,phases      ] GC(249)   Weak JFR Old Object Samples    Min:  0.0, Avg:  0.0, Max:  0.0, Diff:  0.0, Sum:  0.0, Workers: 4
[6415.272s][debug][gc,phases      ] GC(249)     Dead                           Min: 0, Avg:  0.0, Max: 0, Diff: 0, Sum: 0, Workers: 4
[6415.272s][debug][gc,phases      ] GC(249)     Total                          Min: 0, Avg:  0.0, Max: 0, Diff: 0, Sum: 0, Workers: 4
[6415.272s][debug][gc,phases      ] GC(249) Weak Processing 0.354ms
[6415.272s][debug][gc,age         ] GC(249) Desired survivor size 155713536 bytes, new threshold 15 (max threshold 15)
[6415.272s][info ][gc,heap        ] GC(249) PSYoungGen: 1854284K(1938432K)->71292K(1945088K) Eden: 1782272K(1782272K)->0K(1790976K) From: 72012K(156160K)->71292K(154112K)
[6415.272s][info ][gc,heap        ] GC(249) ParOldGen: 643819K(715264K)->650218K(715264K)
[6415.272s][info ][gc,metaspace   ] GC(249) Metaspace: 87517K(88448K)->87517K(88448K) NonClass: 75489K(75904K)->75489K(75904K) Class: 12027K(12544K)->12027K(12544K)
[6415.272s][info ][gc             ] GC(249) Pause Young (Allocation Failure) 2439M->704M(2598M) 23.248ms
[6415.272s][info ][gc,cpu         ] GC(249) User=0.08s Sys=0.00s Real=0.03s
[6415.272s][info ][safepoint      ] Safepoint "ParallelGCFailedAllocation", Time since last: 774675694 ns, Reaching safepoint: 117802 ns, At safepoint: 23356889 ns, Total: 23474691 ns
[6438.273s][info ][safepoint      ] Safepoint "Cleanup", Time since last: 23001515851 ns, Reaching safepoint: 71501 ns, At safepoint: 6101 ns, Total: 77602 ns
[6439.274s][info ][safepoint      ] Safepoint "Cleanup", Time since last: 1000128752 ns, Reaching safepoint: 49701 ns, At safepoint: 11400 ns, Total: 61101 ns
[6440.274s][info ][safepoint      ] Safepoint "Cleanup", Time since last: 1000116648 ns, Reaching safepoint: 45001 ns, At safepoint: 3100 ns, Total: 48101 ns
[6441.274s][info ][safepoint      ] Safepoint "Cleanup", Time since last: 1000116744 ns, Reaching safepoint: 44201 ns, At safepoint: 4400 ns, Total: 48601 ns
[6443.274s][info ][safepoint      ] Safepoint "Cleanup", Time since last: 2000203477 ns, Reaching safepoint: 49101 ns, At safepoint: 3100 ns, Total: 52201 ns
[6449.275s][info ][safepoint      ] Safepoint "Cleanup", Time since last: 6000408036 ns, Reaching safepoint: 48101 ns, At safepoint: 2800 ns, Total: 50901 ns
[6450.275s][info ][safepoint      ] Safepoint "Cleanup", Time since last: 1000111211 ns, Reaching safepoint: 48700 ns, At safepoint: 3500 ns, Total: 52200 ns
[6451.275s][info ][safepoint      ] Safepoint "Cleanup", Time since last: 1000104907 ns, Reaching safepoint: 44001 ns, At safepoint: 8500 ns, Total: 52501 ns
[6451.504s][info ][gc,start       ] GC(250) Pause Young (Allocation Failure)
[6451.520s][debug][gc,phases      ] GC(250) Scavenge 16.395ms
[6451.520s][debug][gc,ref         ] GC(250) Skipped phase 1 of Reference Processing: no references
[6451.521s][debug][gc,ref         ] GC(250) ReferenceProcessor::execute queues: 1, RefProcThreadModel::Single, marks_oops_alive: false
[6451.521s][debug][gc,ref         ] GC(250) Skipped phase 3 of Reference Processing: no references
[6451.521s][debug][gc,ref         ] GC(250) ReferenceProcessor::execute queues: 1, RefProcThreadModel::Single, marks_oops_alive: false
[6451.521s][debug][gc,phases      ] GC(250) Reference Processing 0.124ms
[6451.521s][debug][gc,phases      ] GC(250)   VM Weak                        Min:  0.0, Avg:  0.0, Max:  0.0, Diff:  0.0, Sum:  0.0, Workers: 4
[6451.521s][debug][gc,phases      ] GC(250)     Dead                           Min: 0, Avg:  0.0, Max: 0, Diff: 0, Sum: 0, Workers: 4
[6451.521s][debug][gc,phases      ] GC(250)     Total                          Min: 0, Avg: 164.2, Max: 440, Diff: 440, Sum: 657, Workers: 4
[6451.521s][debug][gc,phases      ] GC(250)   ObjectSynchronizer Weak        Min:  0.0, Avg:  0.0, Max:  0.0, Diff:  0.0, Sum:  0.0, Workers: 4
[6451.521s][debug][gc,phases      ] GC(250)     Dead                           Min: 0, Avg:  0.0, Max: 0, Diff: 0, Sum: 0, Workers: 4
[6451.521s][debug][gc,phases      ] GC(250)     Total                          Min: 0, Avg: 63.0, Max: 128, Diff: 128, Sum: 252, Workers: 4
[6451.521s][debug][gc,phases      ] GC(250)   JVMTI Tag Weak OopStorage      Min:  0.0, Avg:  0.0, Max:  0.0, Diff:  0.0, Sum:  0.0, Workers: 4
[6451.521s][debug][gc,phases      ] GC(250)     Dead                           Min: 0, Avg:  0.0, Max: 0, Diff: 0, Sum: 0, Workers: 4
[6451.521s][debug][gc,phases      ] GC(250)     Total                          Min: 0, Avg:  0.0, Max: 0, Diff: 0, Sum: 0, Workers: 4
[6451.521s][debug][gc,phases      ] GC(250)   StringTable Weak               Min:  0.1, Avg:  0.1, Max:  0.1, Diff:  0.0, Sum:  0.4, Workers: 4
[6451.521s][debug][gc,phases      ] GC(250)     Dead                           Min: 0, Avg:  0.0, Max: 0, Diff: 0, Sum: 0, Workers: 4
[6451.521s][debug][gc,phases      ] GC(250)     Total                          Min: 11776, Avg: 12336.0, Max: 13056, Diff: 1280, Sum: 49344, Workers: 4
[6451.521s][debug][gc,phases      ] GC(250)   ResolvedMethodTable Weak       Min:  0.0, Avg:  0.0, Max:  0.0, Diff:  0.0, Sum:  0.1, Workers: 4
[6451.521s][debug][gc,phases      ] GC(250)     Dead                           Min: 0, Avg:  0.0, Max: 0, Diff: 0, Sum: 0, Workers: 4
[6451.521s][debug][gc,phases      ] GC(250)     Total                          Min: 2112, Avg: 2294.0, Max: 2496, Diff: 384, Sum: 9176, Workers: 4
[6451.521s][debug][gc,phases      ] GC(250)   JNI Weak                       Min:  0.0, Avg:  0.0, Max:  0.0, Diff:  0.0, Sum:  0.0, Workers: 4
[6451.521s][debug][gc,phases      ] GC(250)     Dead                           Min: 0, Avg:  0.0, Max: 0, Diff: 0, Sum: 0, Workers: 4
[6451.521s][debug][gc,phases      ] GC(250)     Total                          Min: 0, Avg:  0.0, Max: 0, Diff: 0, Sum: 0, Workers: 4
[6451.521s][debug][gc,phases      ] GC(250)   StringDedup Table Weak         Min:  0.0, Avg:  0.0, Max:  0.0, Diff:  0.0, Sum:  0.0, Workers: 4
[6451.521s][debug][gc,phases      ] GC(250)     Dead                           Min: 0, Avg:  0.0, Max: 0, Diff: 0, Sum: 0, Workers: 4
[6451.521s][debug][gc,phases      ] GC(250)     Total                          Min: 0, Avg:  0.0, Max: 0, Diff: 0, Sum: 0, Workers: 4
[6451.521s][debug][gc,phases      ] GC(250)   StringDedup Requests0 Weak     Min:  0.0, Avg:  0.0, Max:  0.0, Diff:  0.0, Sum:  0.0, Workers: 4
[6451.521s][debug][gc,phases      ] GC(250)     Dead                           Min: 0, Avg:  0.0, Max: 0, Diff: 0, Sum: 0, Workers: 4
[6451.521s][debug][gc,phases      ] GC(250)     Total                          Min: 0, Avg:  0.0, Max: 0, Diff: 0, Sum: 0, Workers: 4
[6451.521s][debug][gc,phases      ] GC(250)   StringDedup Requests1 Weak     Min:  0.0, Avg:  0.0, Max:  0.0, Diff:  0.0, Sum:  0.0, Workers: 4
[6451.521s][debug][gc,phases      ] GC(250)     Dead                           Min: 0, Avg:  0.0, Max: 0, Diff: 0, Sum: 0, Workers: 4
[6451.521s][debug][gc,phases      ] GC(250)     Total                          Min: 0, Avg:  0.0, Max: 0, Diff: 0, Sum: 0, Workers: 4
[6451.521s][debug][gc,phases      ] GC(250)   Weak JFR Old Object Samples    Min:  0.0, Avg:  0.0, Max:  0.0, Diff:  0.0, Sum:  0.0, Workers: 4
[6451.521s][debug][gc,phases      ] GC(250)     Dead                           Min: 0, Avg:  0.0, Max: 0, Diff: 0, Sum: 0, Workers: 4
[6451.521s][debug][gc,phases      ] GC(250)     Total                          Min: 0, Avg:  0.0, Max: 0, Diff: 0, Sum: 0, Workers: 4
[6451.521s][debug][gc,phases      ] GC(250) Weak Processing 0.327ms
[6451.521s][debug][gc,age         ] GC(250) Desired survivor size 156237824 bytes, new threshold 15 (max threshold 15)
[6451.521s][info ][gc,heap        ] GC(250) PSYoungGen: 1862268K(1945088K)->54707K(1943040K) Eden: 1790976K(1790976K)->0K(1790976K) From: 71292K(154112K)->54707K(152064K)
[6451.521s][info ][gc,heap        ] GC(250) ParOldGen: 650218K(715264K)->659680K(715264K)
[6451.521s][info ][gc,metaspace   ] GC(250) Metaspace: 87522K(88448K)->87522K(88448K) NonClass: 75494K(75904K)->75494K(75904K) Class: 12028K(12544K)->12028K(12544K)
[6451.521s][info ][gc             ] GC(250) Pause Young (Allocation Failure) 2453M->697M(2596M) 16.985ms
[6451.521s][info ][gc,cpu         ] GC(250) User=0.06s Sys=0.00s Real=0.01s
[6451.521s][info ][safepoint      ] Safepoint "ParallelGCFailedAllocation", Time since last: 228929577 ns, Reaching safepoint: 28901 ns, At safepoint: 17074682 ns, Total: 17103583 ns
[6452.521s][info ][safepoint      ] Safepoint "Cleanup", Time since last: 1000082201 ns, Reaching safepoint: 52901 ns, At safepoint: 3200 ns, Total: 56101 ns
[6471.522s][info ][safepoint      ] Safepoint "Cleanup", Time since last: 19001186821 ns, Reaching safepoint: 55100 ns, At safepoint: 7601 ns, Total: 62701 ns
[6473.523s][info ][safepoint      ] Safepoint "Cleanup", Time since last: 2000140252 ns, Reaching safepoint: 37501 ns, At safepoint: 3300 ns, Total: 40801 ns
[6479.523s][info ][safepoint      ] Safepoint "Cleanup", Time since last: 6000430872 ns, Reaching safepoint: 47701 ns, At safepoint: 5900 ns, Total: 53601 ns
[6480.523s][info ][safepoint      ] Safepoint "Cleanup", Time since last: 1000110700 ns, Reaching safepoint: 50101 ns, At safepoint: 9900 ns, Total: 60001 ns
[6485.524s][info ][safepoint      ] Safepoint "Cleanup", Time since last: 5000369645 ns, Reaching safepoint: 51401 ns, At safepoint: 7300 ns, Total: 58701 ns
[6487.524s][info ][safepoint      ] Safepoint "Cleanup", Time since last: 2000169954 ns, Reaching safepoint: 30500 ns, At safepoint: 4201 ns, Total: 34701 ns
[6502.818s][info ][gc,start       ] GC(251) Pause Young (Allocation Failure)
[6502.833s][debug][gc,phases      ] GC(251) Scavenge 14.342ms
[6502.833s][debug][gc,ref         ] GC(251) Skipped phase 1 of Reference Processing: no references
[6502.833s][debug][gc,ref         ] GC(251) ReferenceProcessor::execute queues: 1, RefProcThreadModel::Single, marks_oops_alive: false
[6502.833s][debug][gc,ref         ] GC(251) Skipped phase 3 of Reference Processing: no references
[6502.833s][debug][gc,ref         ] GC(251) ReferenceProcessor::execute queues: 1, RefProcThreadModel::Single, marks_oops_alive: false
[6502.833s][debug][gc,phases      ] GC(251) Reference Processing 0.140ms
[6502.833s][debug][gc,phases      ] GC(251)   VM Weak                        Min:  0.0, Avg:  0.0, Max:  0.0, Diff:  0.0, Sum:  0.0, Workers: 4
[6502.833s][debug][gc,phases      ] GC(251)     Dead                           Min: 0, Avg:  0.0, Max: 0, Diff: 0, Sum: 0, Workers: 4
[6502.833s][debug][gc,phases      ] GC(251)     Total                          Min: 0, Avg: 164.2, Max: 593, Diff: 593, Sum: 657, Workers: 4
[6502.833s][debug][gc,phases      ] GC(251)   ObjectSynchronizer Weak        Min:  0.0, Avg:  0.0, Max:  0.0, Diff:  0.0, Sum:  0.0, Workers: 4
[6502.833s][debug][gc,phases      ] GC(251)     Dead                           Min: 0, Avg:  0.0, Max: 0, Diff: 0, Sum: 0, Workers: 4
[6502.833s][debug][gc,phases      ] GC(251)     Total                          Min: 0, Avg: 63.0, Max: 128, Diff: 128, Sum: 252, Workers: 4
[6502.833s][debug][gc,phases      ] GC(251)   JVMTI Tag Weak OopStorage      Min:  0.0, Avg:  0.0, Max:  0.0, Diff:  0.0, Sum:  0.0, Workers: 4
[6502.833s][debug][gc,phases      ] GC(251)     Dead                           Min: 0, Avg:  0.0, Max: 0, Diff: 0, Sum: 0, Workers: 4
[6502.833s][debug][gc,phases      ] GC(251)     Total                          Min: 0, Avg:  0.0, Max: 0, Diff: 0, Sum: 0, Workers: 4
[6502.833s][debug][gc,phases      ] GC(251)   StringTable Weak               Min:  0.1, Avg:  0.1, Max:  0.1, Diff:  0.0, Sum:  0.5, Workers: 4
[6502.833s][debug][gc,phases      ] GC(251)     Dead                           Min: 0, Avg:  0.0, Max: 0, Diff: 0, Sum: 0, Workers: 4
[6502.833s][debug][gc,phases      ] GC(251)     Total                          Min: 11008, Avg: 12336.0, Max: 13440, Diff: 2432, Sum: 49344, Workers: 4
[6502.833s][debug][gc,phases      ] GC(251)   ResolvedMethodTable Weak       Min:  0.0, Avg:  0.0, Max:  0.0, Diff:  0.0, Sum:  0.1, Workers: 4
[6502.833s][debug][gc,phases      ] GC(251)     Dead                           Min: 0, Avg:  0.0, Max: 0, Diff: 0, Sum: 0, Workers: 4
[6502.833s][debug][gc,phases      ] GC(251)     Total                          Min: 2072, Avg: 2294.0, Max: 2496, Diff: 424, Sum: 9176, Workers: 4
[6502.833s][debug][gc,phases      ] GC(251)   JNI Weak                       Min:  0.0, Avg:  0.0, Max:  0.0, Diff:  0.0, Sum:  0.0, Workers: 4
[6502.833s][debug][gc,phases      ] GC(251)     Dead                           Min: 0, Avg:  0.0, Max: 0, Diff: 0, Sum: 0, Workers: 4
[6502.833s][debug][gc,phases      ] GC(251)     Total                          Min: 0, Avg:  0.0, Max: 0, Diff: 0, Sum: 0, Workers: 4
[6502.833s][debug][gc,phases      ] GC(251)   StringDedup Table Weak         Min:  0.0, Avg:  0.0, Max:  0.0, Diff:  0.0, Sum:  0.0, Workers: 4
[6502.833s][debug][gc,phases      ] GC(251)     Dead                           Min: 0, Avg:  0.0, Max: 0, Diff: 0, Sum: 0, Workers: 4
[6502.833s][debug][gc,phases      ] GC(251)     Total                          Min: 0, Avg:  0.0, Max: 0, Diff: 0, Sum: 0, Workers: 4
[6502.833s][debug][gc,phases      ] GC(251)   StringDedup Requests0 Weak     Min:  0.0, Avg:  0.0, Max:  0.0, Diff:  0.0, Sum:  0.0, Workers: 4
[6502.833s][debug][gc,phases      ] GC(251)     Dead                           Min: 0, Avg:  0.0, Max: 0, Diff: 0, Sum: 0, Workers: 4
[6502.833s][debug][gc,phases      ] GC(251)     Total                          Min: 0, Avg:  0.0, Max: 0, Diff: 0, Sum: 0, Workers: 4
[6502.833s][debug][gc,phases      ] GC(251)   StringDedup Requests1 Weak     Min:  0.0, Avg:  0.0, Max:  0.0, Diff:  0.0, Sum:  0.0, Workers: 4
[6502.833s][debug][gc,phases      ] GC(251)     Dead                           Min: 0, Avg:  0.0, Max: 0, Diff: 0, Sum: 0, Workers: 4
[6502.833s][debug][gc,phases      ] GC(251)     Total                          Min: 0, Avg:  0.0, Max: 0, Diff: 0, Sum: 0, Workers: 4
[6502.833s][debug][gc,phases      ] GC(251)   Weak JFR Old Object Samples    Min:  0.0, Avg:  0.0, Max:  0.0, Diff:  0.0, Sum:  0.0, Workers: 4
[6502.833s][debug][gc,phases      ] GC(251)     Dead                           Min: 0, Avg:  0.0, Max: 0, Diff: 0, Sum: 0, Workers: 4
[6502.833s][debug][gc,phases      ] GC(251)     Total                          Min: 0, Avg:  0.0, Max: 0, Diff: 0, Sum: 0, Workers: 4
[6502.833s][debug][gc,phases      ] GC(251) Weak Processing 0.329ms
[6502.833s][debug][gc,age         ] GC(251) Desired survivor size 157286400 bytes, new threshold 15 (max threshold 15)
[6502.833s][info ][gc,heap        ] GC(251) PSYoungGen: 1845683K(1943040K)->43459K(1942528K) Eden: 1790976K(1790976K)->0K(1789952K) From: 54707K(152064K)->43459K(152576K)
[6502.833s][info ][gc,heap        ] GC(251) ParOldGen: 659680K(715264K)->666398K(715264K)
[6502.833s][info ][gc,metaspace   ] GC(251) Metaspace: 87526K(88512K)->87526K(88512K) NonClass: 75497K(75968K)->75497K(75968K) Class: 12028K(12544K)->12028K(12544K)
[6502.833s][info ][gc             ] GC(251) Pause Young (Allocation Failure) 2446M->693M(2595M) 14.959ms
[6502.833s][info ][gc,cpu         ] GC(251) User=0.04s Sys=0.01s Real=0.02s
[6502.833s][info ][safepoint      ] Safepoint "ParallelGCFailedAllocation", Time since last: 15294117893 ns, Reaching safepoint: 119702 ns, At safepoint: 15073046 ns, Total: 15192748 ns
[6522.835s][info ][safepoint      ] Safepoint "Cleanup", Time since last: 20001407848 ns, Reaching safepoint: 65601 ns, At safepoint: 13300 ns, Total: 78901 ns
[6537.836s][info ][safepoint      ] Safepoint "Cleanup", Time since last: 15001089956 ns, Reaching safepoint: 59101 ns, At safepoint: 33201 ns, Total: 92302 ns
[6542.836s][info ][safepoint      ] Safepoint "Cleanup", Time since last: 5000422794 ns, Reaching safepoint: 67701 ns, At safepoint: 9300 ns, Total: 77001 ns
[6544.837s][info ][safepoint      ] Safepoint "Cleanup", Time since last: 2000195276 ns, Reaching safepoint: 137702 ns, At safepoint: 12101 ns, Total: 149803 ns
[6548.006s][info ][gc,start       ] GC(252) Pause Young (Allocation Failure)
[6548.017s][debug][gc,phases      ] GC(252) Scavenge 11.160ms
[6548.017s][debug][gc,ref         ] GC(252) Skipped phase 1 of Reference Processing: no references
[6548.017s][debug][gc,ref         ] GC(252) ReferenceProcessor::execute queues: 1, RefProcThreadModel::Single, marks_oops_alive: false
[6548.017s][debug][gc,ref         ] GC(252) Skipped phase 3 of Reference Processing: no references
[6548.017s][debug][gc,ref         ] GC(252) ReferenceProcessor::execute queues: 1, RefProcThreadModel::Single, marks_oops_alive: false
[6548.017s][debug][gc,phases      ] GC(252) Reference Processing 0.129ms
[6548.017s][debug][gc,phases      ] GC(252)   VM Weak                        Min:  0.0, Avg:  0.0, Max:  0.0, Diff:  0.0, Sum:  0.0, Workers: 4
[6548.017s][debug][gc,phases      ] GC(252)     Dead                           Min: 0, Avg:  0.0, Max: 0, Diff: 0, Sum: 0, Workers: 4
[6548.017s][debug][gc,phases      ] GC(252)     Total                          Min: 0, Avg: 164.2, Max: 420, Diff: 420, Sum: 657, Workers: 4
[6548.017s][debug][gc,phases      ] GC(252)   ObjectSynchronizer Weak        Min:  0.0, Avg:  0.0, Max:  0.0, Diff:  0.0, Sum:  0.0, Workers: 4
[6548.017s][debug][gc,phases      ] GC(252)     Dead                           Min: 0, Avg:  0.0, Max: 0, Diff: 0, Sum: 0, Workers: 4
[6548.017s][debug][gc,phases      ] GC(252)     Total                          Min: 0, Avg: 63.0, Max: 188, Diff: 188, Sum: 252, Workers: 4
[6548.017s][debug][gc,phases      ] GC(252)   JVMTI Tag Weak OopStorage      Min:  0.0, Avg:  0.0, Max:  0.0, Diff:  0.0, Sum:  0.0, Workers: 4
[6548.017s][debug][gc,phases      ] GC(252)     Dead                           Min: 0, Avg:  0.0, Max: 0, Diff: 0, Sum: 0, Workers: 4
[6548.017s][debug][gc,phases      ] GC(252)     Total                          Min: 0, Avg:  0.0, Max: 0, Diff: 0, Sum: 0, Workers: 4
[6548.017s][debug][gc,phases      ] GC(252)   StringTable Weak               Min:  0.1, Avg:  0.1, Max:  0.1, Diff:  0.0, Sum:  0.4, Workers: 4
[6548.017s][debug][gc,phases      ] GC(252)     Dead                           Min: 0, Avg:  0.0, Max: 0, Diff: 0, Sum: 0, Workers: 4
[6548.017s][debug][gc,phases      ] GC(252)     Total                          Min: 11328, Avg: 12336.0, Max: 13888, Diff: 2560, Sum: 49344, Workers: 4
[6548.017s][debug][gc,phases      ] GC(252)   ResolvedMethodTable Weak       Min:  0.0, Avg:  0.0, Max:  0.0, Diff:  0.0, Sum:  0.1, Workers: 4
[6548.017s][debug][gc,phases      ] GC(252)     Dead                           Min: 0, Avg:  0.0, Max: 0, Diff: 0, Sum: 0, Workers: 4
[6548.017s][debug][gc,phases      ] GC(252)     Total                          Min: 2176, Avg: 2294.0, Max: 2496, Diff: 320, Sum: 9176, Workers: 4
[6548.017s][debug][gc,phases      ] GC(252)   JNI Weak                       Min:  0.0, Avg:  0.0, Max:  0.0, Diff:  0.0, Sum:  0.0, Workers: 4
[6548.017s][debug][gc,phases      ] GC(252)     Dead                           Min: 0, Avg:  0.0, Max: 0, Diff: 0, Sum: 0, Workers: 4
[6548.017s][debug][gc,phases      ] GC(252)     Total                          Min: 0, Avg:  0.0, Max: 0, Diff: 0, Sum: 0, Workers: 4
[6548.017s][debug][gc,phases      ] GC(252)   StringDedup Table Weak         Min:  0.0, Avg:  0.0, Max:  0.0, Diff:  0.0, Sum:  0.0, Workers: 4
[6548.017s][debug][gc,phases      ] GC(252)     Dead                           Min: 0, Avg:  0.0, Max: 0, Diff: 0, Sum: 0, Workers: 4
[6548.017s][debug][gc,phases      ] GC(252)     Total                          Min: 0, Avg:  0.0, Max: 0, Diff: 0, Sum: 0, Workers: 4
[6548.017s][debug][gc,phases      ] GC(252)   StringDedup Requests0 Weak     Min:  0.0, Avg:  0.0, Max:  0.0, Diff:  0.0, Sum:  0.0, Workers: 4
[6548.017s][debug][gc,phases      ] GC(252)     Dead                           Min: 0, Avg:  0.0, Max: 0, Diff: 0, Sum: 0, Workers: 4
[6548.017s][debug][gc,phases      ] GC(252)     Total                          Min: 0, Avg:  0.0, Max: 0, Diff: 0, Sum: 0, Workers: 4
[6548.017s][debug][gc,phases      ] GC(252)   StringDedup Requests1 Weak     Min:  0.0, Avg:  0.0, Max:  0.0, Diff:  0.0, Sum:  0.0, Workers: 4
[6548.017s][debug][gc,phases      ] GC(252)     Dead                           Min: 0, Avg:  0.0, Max: 0, Diff: 0, Sum: 0, Workers: 4
[6548.017s][debug][gc,phases      ] GC(252)     Total                          Min: 0, Avg:  0.0, Max: 0, Diff: 0, Sum: 0, Workers: 4
[6548.017s][debug][gc,phases      ] GC(252)   Weak JFR Old Object Samples    Min:  0.0, Avg:  0.0, Max:  0.0, Diff:  0.0, Sum:  0.0, Workers: 4
[6548.017s][debug][gc,phases      ] GC(252)     Dead                           Min: 0, Avg:  0.0, Max: 0, Diff: 0, Sum: 0, Workers: 4
[6548.017s][debug][gc,phases      ] GC(252)     Total                          Min: 0, Avg:  0.0, Max: 0, Diff: 0, Sum: 0, Workers: 4
[6548.017s][debug][gc,phases      ] GC(252) Weak Processing 0.372ms
[6548.017s][debug][gc,age         ] GC(252) Desired survivor size 158859264 bytes, new threshold 15 (max threshold 15)
[6548.017s][info ][gc,heap        ] GC(252) PSYoungGen: 1833411K(1942528K)->34211K(1824256K) Eden: 1789952K(1789952K)->0K(1789952K) From: 43459K(152576K)->34211K(34304K)
[6548.017s][info ][gc,heap        ] GC(252) ParOldGen: 666398K(715264K)->669546K(715264K)
[6548.017s][info ][gc,metaspace   ] GC(252) Metaspace: 87528K(88512K)->87528K(88512K) NonClass: 75500K(75968K)->75500K(75968K) Class: 12028K(12544K)->12028K(12544K)
[6548.017s][info ][gc             ] GC(252) Pause Young (Allocation Failure) 2441M->687M(2480M) 11.812ms
[6548.018s][info ][gc,cpu         ] GC(252) User=0.03s Sys=0.01s Real=0.01s
[6548.018s][info ][safepoint      ] Safepoint "ParallelGCFailedAllocation", Time since last: 3168913168 ns, Reaching safepoint: 40500 ns, At safepoint: 11898393 ns, Total: 11938893 ns
[6551.018s][info ][safepoint      ] Safepoint "Cleanup", Time since last: 3000221010 ns, Reaching safepoint: 48801 ns, At safepoint: 4700 ns, Total: 53501 ns
[6552.018s][info ][safepoint      ] Safepoint "Cleanup", Time since last: 1000119665 ns, Reaching safepoint: 46800 ns, At safepoint: 5600 ns, Total: 52400 ns
[6564.019s][info ][safepoint      ] Safepoint "Cleanup", Time since last: 12000838129 ns, Reaching safepoint: 48001 ns, At safepoint: 4400 ns, Total: 52401 ns
[6600.459s][info ][gc,start       ] GC(253) Pause Young (Allocation Failure)
[6600.470s][debug][gc,phases      ] GC(253) Scavenge 10.606ms
[6600.470s][debug][gc,ref         ] GC(253) Skipped phase 1 of Reference Processing: no references
[6600.470s][debug][gc,ref         ] GC(253) ReferenceProcessor::execute queues: 1, RefProcThreadModel::Single, marks_oops_alive: false
[6600.470s][debug][gc,ref         ] GC(253) Skipped phase 3 of Reference Processing: no references
[6600.470s][debug][gc,ref         ] GC(253) ReferenceProcessor::execute queues: 1, RefProcThreadModel::Single, marks_oops_alive: false
[6600.470s][debug][gc,phases      ] GC(253) Reference Processing 0.129ms
[6600.470s][debug][gc,phases      ] GC(253)   VM Weak                        Min:  0.0, Avg:  0.0, Max:  0.0, Diff:  0.0, Sum:  0.0, Workers: 4
[6600.470s][debug][gc,phases      ] GC(253)     Dead                           Min: 0, Avg:  0.0, Max: 0, Diff: 0, Sum: 0, Workers: 4
[6600.470s][debug][gc,phases      ] GC(253)     Total                          Min: 0, Avg: 164.2, Max: 490, Diff: 490, Sum: 657, Workers: 4
[6600.470s][debug][gc,phases      ] GC(253)   ObjectSynchronizer Weak        Min:  0.0, Avg:  0.0, Max:  0.0, Diff:  0.0, Sum:  0.0, Workers: 4
[6600.470s][debug][gc,phases      ] GC(253)     Dead                           Min: 0, Avg:  0.0, Max: 0, Diff: 0, Sum: 0, Workers: 4
[6600.470s][debug][gc,phases      ] GC(253)     Total                          Min: 0, Avg: 63.0, Max: 128, Diff: 128, Sum: 252, Workers: 4
[6600.470s][debug][gc,phases      ] GC(253)   JVMTI Tag Weak OopStorage      Min:  0.0, Avg:  0.0, Max:  0.0, Diff:  0.0, Sum:  0.0, Workers: 4
[6600.470s][debug][gc,phases      ] GC(253)     Dead                           Min: 0, Avg:  0.0, Max: 0, Diff: 0, Sum: 0, Workers: 4
[6600.470s][debug][gc,phases      ] GC(253)     Total                          Min: 0, Avg:  0.0, Max: 0, Diff: 0, Sum: 0, Workers: 4
[6600.470s][debug][gc,phases      ] GC(253)   StringTable Weak               Min:  0.1, Avg:  0.1, Max:  0.1, Diff:  0.0, Sum:  0.4, Workers: 4
[6600.470s][debug][gc,phases      ] GC(253)     Dead                           Min: 0, Avg:  0.0, Max: 0, Diff: 0, Sum: 0, Workers: 4
[6600.470s][debug][gc,phases      ] GC(253)     Total                          Min: 11520, Avg: 12336.0, Max: 13312, Diff: 1792, Sum: 49344, Workers: 4
[6600.470s][debug][gc,phases      ] GC(253)   ResolvedMethodTable Weak       Min:  0.0, Avg:  0.0, Max:  0.0, Diff:  0.0, Sum:  0.1, Workers: 4
[6600.470s][debug][gc,phases      ] GC(253)     Dead                           Min: 0, Avg:  0.0, Max: 0, Diff: 0, Sum: 0, Workers: 4
[6600.470s][debug][gc,phases      ] GC(253)     Total                          Min: 1752, Avg: 2294.0, Max: 2560, Diff: 808, Sum: 9176, Workers: 4
[6600.470s][debug][gc,phases      ] GC(253)   JNI Weak                       Min:  0.0, Avg:  0.0, Max:  0.0, Diff:  0.0, Sum:  0.0, Workers: 4
[6600.470s][debug][gc,phases      ] GC(253)     Dead                           Min: 0, Avg:  0.0, Max: 0, Diff: 0, Sum: 0, Workers: 4
[6600.470s][debug][gc,phases      ] GC(253)     Total                          Min: 0, Avg:  0.0, Max: 0, Diff: 0, Sum: 0, Workers: 4
[6600.470s][debug][gc,phases      ] GC(253)   StringDedup Table Weak         Min:  0.0, Avg:  0.0, Max:  0.0, Diff:  0.0, Sum:  0.0, Workers: 4
[6600.470s][debug][gc,phases      ] GC(253)     Dead                           Min: 0, Avg:  0.0, Max: 0, Diff: 0, Sum: 0, Workers: 4
[6600.470s][debug][gc,phases      ] GC(253)     Total                          Min: 0, Avg:  0.0, Max: 0, Diff: 0, Sum: 0, Workers: 4
[6600.470s][debug][gc,phases      ] GC(253)   StringDedup Requests0 Weak     Min:  0.0, Avg:  0.0, Max:  0.0, Diff:  0.0, Sum:  0.0, Workers: 4
[6600.470s][debug][gc,phases      ] GC(253)     Dead                           Min: 0, Avg:  0.0, Max: 0, Diff: 0, Sum: 0, Workers: 4
[6600.470s][debug][gc,phases      ] GC(253)     Total                          Min: 0, Avg:  0.0, Max: 0, Diff: 0, Sum: 0, Workers: 4
[6600.470s][debug][gc,phases      ] GC(253)   StringDedup Requests1 Weak     Min:  0.0, Avg:  0.0, Max:  0.0, Diff:  0.0, Sum:  0.0, Workers: 4
[6600.470s][debug][gc,phases      ] GC(253)     Dead                           Min: 0, Avg:  0.0, Max: 0, Diff: 0, Sum: 0, Workers: 4
[6600.470s][debug][gc,phases      ] GC(253)     Total                          Min: 0, Avg:  0.0, Max: 0, Diff: 0, Sum: 0, Workers: 4
[6600.470s][debug][gc,phases      ] GC(253)   Weak JFR Old Object Samples    Min:  0.0, Avg:  0.0, Max:  0.0, Diff:  0.0, Sum:  0.0, Workers: 4
[6600.470s][debug][gc,phases      ] GC(253)     Dead                           Min: 0, Avg:  0.0, Max: 0, Diff: 0, Sum: 0, Workers: 4
[6600.470s][debug][gc,phases      ] GC(253)     Total                          Min: 0, Avg:  0.0, Max: 0, Diff: 0, Sum: 0, Workers: 4
[6600.470s][debug][gc,phases      ] GC(253) Weak Processing 0.348ms
[6600.470s][debug][gc,age         ] GC(253) Desired survivor size 160432128 bytes, new threshold 15 (max threshold 15)
[6600.470s][info ][gc,heap        ] GC(253) PSYoungGen: 1824163K(1824256K)->23351K(1938944K) Eden: 1789952K(1789952K)->0K(1783808K) From: 34211K(34304K)->23351K(155136K)
[6600.470s][info ][gc,heap        ] GC(253) ParOldGen: 669546K(715264K)->676301K(715264K)
[6600.470s][info ][gc,metaspace   ] GC(253) Metaspace: 87530K(88512K)->87530K(88512K) NonClass: 75502K(75968K)->75502K(75968K) Class: 12028K(12544K)->12028K(12544K)
[6600.470s][info ][gc             ] GC(253) Pause Young (Allocation Failure) 2435M->683M(2592M) 11.222ms
[6600.470s][info ][gc,cpu         ] GC(253) User=0.03s Sys=0.01s Real=0.02s
[6600.470s][info ][safepoint      ] Safepoint "ParallelGCFailedAllocation", Time since last: 36439785940 ns, Reaching safepoint: 121902 ns, At safepoint: 11341582 ns, Total: 11463484 ns
[6627.472s][info ][safepoint      ] Safepoint "Cleanup", Time since last: 27001643449 ns, Reaching safepoint: 52401 ns, At safepoint: 7800 ns, Total: 60201 ns
[6629.472s][info ][safepoint      ] Safepoint "Cleanup", Time since last: 2000181489 ns, Reaching safepoint: 46201 ns, At safepoint: 26700 ns, Total: 72901 ns
[6639.473s][info ][safepoint      ] Safepoint "Cleanup", Time since last: 10000685287 ns, Reaching safepoint: 56301 ns, At safepoint: 5900 ns, Total: 62201 ns
[6640.473s][info ][safepoint      ] Safepoint "Cleanup", Time since last: 1000115715 ns, Reaching safepoint: 49100 ns, At safepoint: 7301 ns, Total: 56401 ns
[6648.474s][info ][safepoint      ] Safepoint "Cleanup", Time since last: 8000523021 ns, Reaching safepoint: 54401 ns, At safepoint: 5800 ns, Total: 60201 ns
[6650.474s][info ][safepoint      ] Safepoint "Cleanup", Time since last: 2000168781 ns, Reaching safepoint: 43500 ns, At safepoint: 3101 ns, Total: 46601 ns
[6656.108s][info ][gc,start       ] GC(254) Pause Young (Allocation Failure)
[6656.115s][debug][gc,phases      ] GC(254) Scavenge 7.774ms
[6656.115s][debug][gc,ref         ] GC(254) Skipped phase 1 of Reference Processing: no references
[6656.115s][debug][gc,ref         ] GC(254) ReferenceProcessor::execute queues: 1, RefProcThreadModel::Single, marks_oops_alive: false
[6656.116s][debug][gc,ref         ] GC(254) Skipped phase 3 of Reference Processing: no references
[6656.116s][debug][gc,ref         ] GC(254) ReferenceProcessor::execute queues: 1, RefProcThreadModel::Single, marks_oops_alive: false
[6656.116s][debug][gc,phases      ] GC(254) Reference Processing 0.124ms
[6656.116s][debug][gc,phases      ] GC(254)   VM Weak                        Min:  0.0, Avg:  0.0, Max:  0.0, Diff:  0.0, Sum:  0.0, Workers: 4
[6656.116s][debug][gc,phases      ] GC(254)     Dead                           Min: 0, Avg:  0.0, Max: 0, Diff: 0, Sum: 0, Workers: 4
[6656.116s][debug][gc,phases      ] GC(254)     Total                          Min: 0, Avg: 164.2, Max: 657, Diff: 657, Sum: 657, Workers: 4
[6656.116s][debug][gc,phases      ] GC(254)   ObjectSynchronizer Weak        Min:  0.0, Avg:  0.0, Max:  0.0, Diff:  0.0, Sum:  0.0, Workers: 4
[6656.116s][debug][gc,phases      ] GC(254)     Dead                           Min: 0, Avg:  0.0, Max: 0, Diff: 0, Sum: 0, Workers: 4
[6656.116s][debug][gc,phases      ] GC(254)     Total                          Min: 0, Avg: 63.0, Max: 252, Diff: 252, Sum: 252, Workers: 4
[6656.116s][debug][gc,phases      ] GC(254)   JVMTI Tag Weak OopStorage      Min:  0.0, Avg:  0.0, Max:  0.0, Diff:  0.0, Sum:  0.0, Workers: 4
[6656.116s][debug][gc,phases      ] GC(254)     Dead                           Min: 0, Avg:  0.0, Max: 0, Diff: 0, Sum: 0, Workers: 4
[6656.116s][debug][gc,phases      ] GC(254)     Total                          Min: 0, Avg:  0.0, Max: 0, Diff: 0, Sum: 0, Workers: 4
[6656.116s][debug][gc,phases      ] GC(254)   StringTable Weak               Min:  0.1, Avg:  0.1, Max:  0.1, Diff:  0.0, Sum:  0.4, Workers: 4
[6656.116s][debug][gc,phases      ] GC(254)     Dead                           Min: 0, Avg:  0.0, Max: 0, Diff: 0, Sum: 0, Workers: 4
[6656.116s][debug][gc,phases      ] GC(254)     Total                          Min: 11712, Avg: 12336.0, Max: 13440, Diff: 1728, Sum: 49344, Workers: 4
[6656.116s][debug][gc,phases      ] GC(254)   ResolvedMethodTable Weak       Min:  0.0, Avg:  0.0, Max:  0.0, Diff:  0.0, Sum:  0.1, Workers: 4
[6656.116s][debug][gc,phases      ] GC(254)     Dead                           Min: 0, Avg:  0.0, Max: 0, Diff: 0, Sum: 0, Workers: 4
[6656.116s][debug][gc,phases      ] GC(254)     Total                          Min: 2048, Avg: 2294.0, Max: 2584, Diff: 536, Sum: 9176, Workers: 4
[6656.116s][debug][gc,phases      ] GC(254)   JNI Weak                       Min:  0.0, Avg:  0.0, Max:  0.0, Diff:  0.0, Sum:  0.0, Workers: 4
[6656.116s][debug][gc,phases      ] GC(254)     Dead                           Min: 0, Avg:  0.0, Max: 0, Diff: 0, Sum: 0, Workers: 4
[6656.116s][debug][gc,phases      ] GC(254)     Total                          Min: 0, Avg:  0.0, Max: 0, Diff: 0, Sum: 0, Workers: 4
[6656.116s][debug][gc,phases      ] GC(254)   StringDedup Table Weak         Min:  0.0, Avg:  0.0, Max:  0.0, Diff:  0.0, Sum:  0.0, Workers: 4
[6656.116s][debug][gc,phases      ] GC(254)     Dead                           Min: 0, Avg:  0.0, Max: 0, Diff: 0, Sum: 0, Workers: 4
[6656.116s][debug][gc,phases      ] GC(254)     Total                          Min: 0, Avg:  0.0, Max: 0, Diff: 0, Sum: 0, Workers: 4
[6656.116s][debug][gc,phases      ] GC(254)   StringDedup Requests0 Weak     Min:  0.0, Avg:  0.0, Max:  0.0, Diff:  0.0, Sum:  0.0, Workers: 4
[6656.116s][debug][gc,phases      ] GC(254)     Dead                           Min: 0, Avg:  0.0, Max: 0, Diff: 0, Sum: 0, Workers: 4
[6656.116s][debug][gc,phases      ] GC(254)     Total                          Min: 0, Avg:  0.0, Max: 0, Diff: 0, Sum: 0, Workers: 4
[6656.116s][debug][gc,phases      ] GC(254)   StringDedup Requests1 Weak     Min:  0.0, Avg:  0.0, Max:  0.0, Diff:  0.0, Sum:  0.0, Workers: 4
[6656.116s][debug][gc,phases      ] GC(254)     Dead                           Min: 0, Avg:  0.0, Max: 0, Diff: 0, Sum: 0, Workers: 4
[6656.116s][debug][gc,phases      ] GC(254)     Total                          Min: 0, Avg:  0.0, Max: 0, Diff: 0, Sum: 0, Workers: 4
[6656.116s][debug][gc,phases      ] GC(254)   Weak JFR Old Object Samples    Min:  0.0, Avg:  0.0, Max:  0.0, Diff:  0.0, Sum:  0.0, Workers: 4
[6656.116s][debug][gc,phases      ] GC(254)     Dead                           Min: 0, Avg:  0.0, Max: 0, Diff: 0, Sum: 0, Workers: 4
[6656.116s][debug][gc,phases      ] GC(254)     Total                          Min: 0, Avg:  0.0, Max: 0, Diff: 0, Sum: 0, Workers: 4
[6656.116s][debug][gc,phases      ] GC(254) Weak Processing 0.330ms
[6656.116s][debug][gc,age         ] GC(254) Desired survivor size 161480704 bytes, new threshold 15 (max threshold 15)
[6656.116s][info ][gc,heap        ] GC(254) PSYoungGen: 1807159K(1938944K)->20032K(1804288K) Eden: 1783808K(1783808K)->0K(1783808K) From: 23351K(155136K)->20032K(20480K)
[6656.116s][info ][gc,heap        ] GC(254) ParOldGen: 676301K(715264K)->679361K(715264K)
[6656.116s][info ][gc,metaspace   ] GC(254) Metaspace: 87532K(88512K)->87532K(88512K) NonClass: 75504K(75968K)->75504K(75968K) Class: 12028K(12544K)->12028K(12544K)
[6656.116s][info ][gc             ] GC(254) Pause Young (Allocation Failure) 2425M->683M(2460M) 8.355ms
[6656.116s][info ][gc,cpu         ] GC(254) User=0.03s Sys=0.00s Real=0.01s
[6656.116s][info ][safepoint      ] Safepoint "ParallelGCFailedAllocation", Time since last: 5633688658 ns, Reaching safepoint: 29701 ns, At safepoint: 8433934 ns, Total: 8463635 ns
[6673.117s][info ][safepoint      ] Safepoint "Cleanup", Time since last: 17001069786 ns, Reaching safepoint: 47501 ns, At safepoint: 7400 ns, Total: 54901 ns
[6677.117s][info ][safepoint      ] Safepoint "Cleanup", Time since last: 4000313707 ns, Reaching safepoint: 28400 ns, At safepoint: 3400 ns, Total: 31800 ns
[6686.118s][info ][safepoint      ] Safepoint "Cleanup", Time since last: 9000646300 ns, Reaching safepoint: 42000 ns, At safepoint: 3301 ns, Total: 45301 ns
[6697.119s][info ][safepoint      ] Safepoint "Cleanup", Time since last: 11000731061 ns, Reaching safepoint: 41100 ns, At safepoint: 4501 ns, Total: 45601 ns
[6698.119s][info ][safepoint      ] Safepoint "Cleanup", Time since last: 1000101874 ns, Reaching safepoint: 48400 ns, At safepoint: 9700 ns, Total: 58100 ns
[6709.120s][info ][safepoint      ] Safepoint "Cleanup", Time since last: 11000744057 ns, Reaching safepoint: 60001 ns, At safepoint: 10600 ns, Total: 70601 ns
[6713.559s][info ][gc,start       ] GC(255) Pause Young (Allocation Failure)
[6713.569s][debug][gc,phases      ] GC(255) Scavenge 10.334ms
[6713.569s][debug][gc,ref         ] GC(255) Skipped phase 1 of Reference Processing: no references
[6713.569s][debug][gc,ref         ] GC(255) ReferenceProcessor::execute queues: 1, RefProcThreadModel::Single, marks_oops_alive: false
[6713.569s][debug][gc,ref         ] GC(255) Skipped phase 3 of Reference Processing: no references
[6713.569s][debug][gc,ref         ] GC(255) ReferenceProcessor::execute queues: 1, RefProcThreadModel::Single, marks_oops_alive: false
[6713.569s][debug][gc,phases      ] GC(255) Reference Processing 0.139ms
[6713.569s][debug][gc,phases      ] GC(255)   VM Weak                        Min:  0.0, Avg:  0.0, Max:  0.0, Diff:  0.0, Sum:  0.0, Workers: 4
[6713.569s][debug][gc,phases      ] GC(255)     Dead                           Min: 0, Avg:  0.0, Max: 0, Diff: 0, Sum: 0, Workers: 4
[6713.569s][debug][gc,phases      ] GC(255)     Total                          Min: 0, Avg: 164.2, Max: 340, Diff: 340, Sum: 657, Workers: 4
[6713.569s][debug][gc,phases      ] GC(255)   ObjectSynchronizer Weak        Min:  0.0, Avg:  0.0, Max:  0.0, Diff:  0.0, Sum:  0.0, Workers: 4
[6713.569s][debug][gc,phases      ] GC(255)     Dead                           Min: 0, Avg:  0.0, Max: 0, Diff: 0, Sum: 0, Workers: 4
[6713.569s][debug][gc,phases      ] GC(255)     Total                          Min: 0, Avg: 63.0, Max: 188, Diff: 188, Sum: 252, Workers: 4
[6713.569s][debug][gc,phases      ] GC(255)   JVMTI Tag Weak OopStorage      Min:  0.0, Avg:  0.0, Max:  0.0, Diff:  0.0, Sum:  0.0, Workers: 4
[6713.569s][debug][gc,phases      ] GC(255)     Dead                           Min: 0, Avg:  0.0, Max: 0, Diff: 0, Sum: 0, Workers: 4
[6713.569s][debug][gc,phases      ] GC(255)     Total                          Min: 0, Avg:  0.0, Max: 0, Diff: 0, Sum: 0, Workers: 4
[6713.569s][debug][gc,phases      ] GC(255)   StringTable Weak               Min:  0.1, Avg:  0.1, Max:  0.1, Diff:  0.0, Sum:  0.5, Workers: 4
[6713.569s][debug][gc,phases      ] GC(255)     Dead                           Min: 0, Avg:  0.0, Max: 0, Diff: 0, Sum: 0, Workers: 4
[6713.569s][debug][gc,phases      ] GC(255)     Total                          Min: 11776, Avg: 12336.0, Max: 13184, Diff: 1408, Sum: 49344, Workers: 4
[6713.569s][debug][gc,phases      ] GC(255)   ResolvedMethodTable Weak       Min:  0.0, Avg:  0.0, Max:  0.0, Diff:  0.0, Sum:  0.1, Workers: 4
[6713.569s][debug][gc,phases      ] GC(255)     Dead                           Min: 0, Avg:  0.0, Max: 0, Diff: 0, Sum: 0, Workers: 4
[6713.569s][debug][gc,phases      ] GC(255)     Total                          Min: 2072, Avg: 2294.0, Max: 2432, Diff: 360, Sum: 9176, Workers: 4
[6713.569s][debug][gc,phases      ] GC(255)   JNI Weak                       Min:  0.0, Avg:  0.0, Max:  0.0, Diff:  0.0, Sum:  0.0, Workers: 4
[6713.569s][debug][gc,phases      ] GC(255)     Dead                           Min: 0, Avg:  0.0, Max: 0, Diff: 0, Sum: 0, Workers: 4
[6713.569s][debug][gc,phases      ] GC(255)     Total                          Min: 0, Avg:  0.0, Max: 0, Diff: 0, Sum: 0, Workers: 4
[6713.569s][debug][gc,phases      ] GC(255)   StringDedup Table Weak         Min:  0.0, Avg:  0.0, Max:  0.0, Diff:  0.0, Sum:  0.0, Workers: 4
[6713.569s][debug][gc,phases      ] GC(255)     Dead                           Min: 0, Avg:  0.0, Max: 0, Diff: 0, Sum: 0, Workers: 4
[6713.569s][debug][gc,phases      ] GC(255)     Total                          Min: 0, Avg:  0.0, Max: 0, Diff: 0, Sum: 0, Workers: 4
[6713.569s][debug][gc,phases      ] GC(255)   StringDedup Requests0 Weak     Min:  0.0, Avg:  0.0, Max:  0.0, Diff:  0.0, Sum:  0.0, Workers: 4
[6713.570s][debug][gc,phases      ] GC(255)     Dead                           Min: 0, Avg:  0.0, Max: 0, Diff: 0, Sum: 0, Workers: 4
[6713.570s][debug][gc,phases      ] GC(255)     Total                          Min: 0, Avg:  0.0, Max: 0, Diff: 0, Sum: 0, Workers: 4
[6713.570s][debug][gc,phases      ] GC(255)   StringDedup Requests1 Weak     Min:  0.0, Avg:  0.0, Max:  0.0, Diff:  0.0, Sum:  0.0, Workers: 4
[6713.570s][debug][gc,phases      ] GC(255)     Dead                           Min: 0, Avg:  0.0, Max: 0, Diff: 0, Sum: 0, Workers: 4
[6713.570s][debug][gc,phases      ] GC(255)     Total                          Min: 0, Avg:  0.0, Max: 0, Diff: 0, Sum: 0, Workers: 4
[6713.570s][debug][gc,phases      ] GC(255)   Weak JFR Old Object Samples    Min:  0.0, Avg:  0.0, Max:  0.0, Diff:  0.0, Sum:  0.0, Workers: 4
[6713.570s][debug][gc,phases      ] GC(255)     Dead                           Min: 0, Avg:  0.0, Max: 0, Diff: 0, Sum: 0, Workers: 4
[6713.570s][debug][gc,phases      ] GC(255)     Total                          Min: 0, Avg:  0.0, Max: 0, Diff: 0, Sum: 0, Workers: 4
[6713.570s][debug][gc,phases      ] GC(255) Weak Processing 0.365ms
[6713.570s][debug][gc,age         ] GC(255) Desired survivor size 160432128 bytes, new threshold 15 (max threshold 15)
[6713.570s][info ][gc,heap        ] GC(255) PSYoungGen: 1803840K(1804288K)->19008K(1940480K) Eden: 1783808K(1783808K)->0K(1782784K) From: 20032K(20480K)->19008K(157696K)
[6713.570s][info ][gc,heap        ] GC(255) ParOldGen: 679361K(715264K)->680645K(715264K)
[6713.570s][info ][gc,metaspace   ] GC(255) Metaspace: 87537K(88512K)->87537K(88512K) NonClass: 75508K(75968K)->75508K(75968K) Class: 12028K(12544K)->12028K(12544K)
[6713.570s][info ][gc             ] GC(255) Pause Young (Allocation Failure) 2425M->683M(2593M) 11.000ms
[6713.570s][info ][gc,cpu         ] GC(255) User=0.03s Sys=0.01s Real=0.02s
[6713.570s][info ][safepoint      ] Safepoint "ParallelGCFailedAllocation", Time since last: 4438628269 ns, Reaching safepoint: 48601 ns, At safepoint: 11087575 ns, Total: 11136176 ns
[6722.570s][info ][safepoint      ] Safepoint "Cleanup", Time since last: 9000510843 ns, Reaching safepoint: 52201 ns, At safepoint: 37700 ns, Total: 89901 ns
[6747.572s][info ][safepoint      ] Safepoint "Cleanup", Time since last: 25001537953 ns, Reaching safepoint: 38200 ns, At safepoint: 2800 ns, Total: 41000 ns
[6753.572s][info ][safepoint      ] Safepoint "Cleanup", Time since last: 6000436645 ns, Reaching safepoint: 52601 ns, At safepoint: 30100 ns, Total: 82701 ns
[6759.573s][info ][safepoint      ] Safepoint "Cleanup", Time since last: 6000378069 ns, Reaching safepoint: 43201 ns, At safepoint: 3400 ns, Total: 46601 ns
[6767.002s][info ][gc,start       ] GC(256) Pause Young (Allocation Failure)
[6767.009s][debug][gc,phases      ] GC(256) Scavenge 7.427ms
[6767.009s][debug][gc,ref         ] GC(256) Skipped phase 1 of Reference Processing: no references
[6767.010s][debug][gc,ref         ] GC(256) ReferenceProcessor::execute queues: 1, RefProcThreadModel::Single, marks_oops_alive: false
[6767.010s][debug][gc,ref         ] GC(256) Skipped phase 3 of Reference Processing: no references
[6767.010s][debug][gc,ref         ] GC(256) ReferenceProcessor::execute queues: 1, RefProcThreadModel::Single, marks_oops_alive: false
[6767.010s][debug][gc,phases      ] GC(256) Reference Processing 0.137ms
[6767.010s][debug][gc,phases      ] GC(256)   VM Weak                        Min:  0.0, Avg:  0.0, Max:  0.0, Diff:  0.0, Sum:  0.0, Workers: 4
[6767.010s][debug][gc,phases      ] GC(256)     Dead                           Min: 0, Avg:  0.0, Max: 0, Diff: 0, Sum: 0, Workers: 4
[6767.010s][debug][gc,phases      ] GC(256)     Total                          Min: 0, Avg: 164.2, Max: 657, Diff: 657, Sum: 657, Workers: 4
[6767.010s][debug][gc,phases      ] GC(256)   ObjectSynchronizer Weak        Min:  0.0, Avg:  0.0, Max:  0.0, Diff:  0.0, Sum:  0.0, Workers: 4
[6767.010s][debug][gc,phases      ] GC(256)     Dead                           Min: 0, Avg:  0.0, Max: 0, Diff: 0, Sum: 0, Workers: 4
[6767.010s][debug][gc,phases      ] GC(256)     Total                          Min: 0, Avg: 63.0, Max: 252, Diff: 252, Sum: 252, Workers: 4
[6767.010s][debug][gc,phases      ] GC(256)   JVMTI Tag Weak OopStorage      Min:  0.0, Avg:  0.0, Max:  0.0, Diff:  0.0, Sum:  0.0, Workers: 4
[6767.010s][debug][gc,phases      ] GC(256)     Dead                           Min: 0, Avg:  0.0, Max: 0, Diff: 0, Sum: 0, Workers: 4
[6767.010s][debug][gc,phases      ] GC(256)     Total                          Min: 0, Avg:  0.0, Max: 0, Diff: 0, Sum: 0, Workers: 4
[6767.010s][debug][gc,phases      ] GC(256)   StringTable Weak               Min:  0.1, Avg:  0.1, Max:  0.1, Diff:  0.0, Sum:  0.5, Workers: 4
[6767.010s][debug][gc,phases      ] GC(256)     Dead                           Min: 0, Avg:  0.0, Max: 0, Diff: 0, Sum: 0, Workers: 4
[6767.010s][debug][gc,phases      ] GC(256)     Total                          Min: 10688, Avg: 12336.0, Max: 13824, Diff: 3136, Sum: 49344, Workers: 4
[6767.010s][debug][gc,phases      ] GC(256)   ResolvedMethodTable Weak       Min:  0.0, Avg:  0.0, Max:  0.0, Diff:  0.0, Sum:  0.1, Workers: 4
[6767.010s][debug][gc,phases      ] GC(256)     Dead                           Min: 0, Avg:  0.0, Max: 0, Diff: 0, Sum: 0, Workers: 4
[6767.010s][debug][gc,phases      ] GC(256)     Total                          Min: 2112, Avg: 2294.0, Max: 2624, Diff: 512, Sum: 9176, Workers: 4
[6767.010s][debug][gc,phases      ] GC(256)   JNI Weak                       Min:  0.0, Avg:  0.0, Max:  0.0, Diff:  0.0, Sum:  0.0, Workers: 4
[6767.010s][debug][gc,phases      ] GC(256)     Dead                           Min: 0, Avg:  0.0, Max: 0, Diff: 0, Sum: 0, Workers: 4
[6767.010s][debug][gc,phases      ] GC(256)     Total                          Min: 0, Avg:  0.0, Max: 0, Diff: 0, Sum: 0, Workers: 4
[6767.010s][debug][gc,phases      ] GC(256)   StringDedup Table Weak         Min:  0.0, Avg:  0.0, Max:  0.0, Diff:  0.0, Sum:  0.0, Workers: 4
[6767.010s][debug][gc,phases      ] GC(256)     Dead                           Min: 0, Avg:  0.0, Max: 0, Diff: 0, Sum: 0, Workers: 4
[6767.010s][debug][gc,phases      ] GC(256)     Total                          Min: 0, Avg:  0.0, Max: 0, Diff: 0, Sum: 0, Workers: 4
[6767.010s][debug][gc,phases      ] GC(256)   StringDedup Requests0 Weak     Min:  0.0, Avg:  0.0, Max:  0.0, Diff:  0.0, Sum:  0.0, Workers: 4
[6767.010s][debug][gc,phases      ] GC(256)     Dead                           Min: 0, Avg:  0.0, Max: 0, Diff: 0, Sum: 0, Workers: 4
[6767.010s][debug][gc,phases      ] GC(256)     Total                          Min: 0, Avg:  0.0, Max: 0, Diff: 0, Sum: 0, Workers: 4
[6767.010s][debug][gc,phases      ] GC(256)   StringDedup Requests1 Weak     Min:  0.0, Avg:  0.0, Max:  0.0, Diff:  0.0, Sum:  0.0, Workers: 4
[6767.010s][debug][gc,phases      ] GC(256)     Dead                           Min: 0, Avg:  0.0, Max: 0, Diff: 0, Sum: 0, Workers: 4
[6767.010s][debug][gc,phases      ] GC(256)     Total                          Min: 0, Avg:  0.0, Max: 0, Diff: 0, Sum: 0, Workers: 4
[6767.010s][debug][gc,phases      ] GC(256)   Weak JFR Old Object Samples    Min:  0.0, Avg:  0.0, Max:  0.0, Diff:  0.0, Sum:  0.0, Workers: 4
[6767.010s][debug][gc,phases      ] GC(256)     Dead                           Min: 0, Avg:  0.0, Max: 0, Diff: 0, Sum: 0, Workers: 4
[6767.010s][debug][gc,phases      ] GC(256)     Total                          Min: 0, Avg:  0.0, Max: 0, Diff: 0, Sum: 0, Workers: 4
[6767.010s][debug][gc,phases      ] GC(256) Weak Processing 0.344ms
[6767.010s][debug][gc,age         ] GC(256) Desired survivor size 158859264 bytes, new threshold 15 (max threshold 15)
[6767.010s][info ][gc,heap        ] GC(256) PSYoungGen: 1801792K(1940480K)->19696K(1939456K) Eden: 1782784K(1782784K)->0K(1782784K) From: 19008K(157696K)->19696K(156672K)
[6767.010s][info ][gc,heap        ] GC(256) ParOldGen: 680645K(715264K)->681021K(715264K)
[6767.010s][info ][gc,metaspace   ] GC(256) Metaspace: 87537K(88512K)->87537K(88512K) NonClass: 75508K(75968K)->75508K(75968K) Class: 12028K(12544K)->12028K(12544K)
[6767.010s][info ][gc             ] GC(256) Pause Young (Allocation Failure) 2424M->684M(2592M) 8.059ms
[6767.010s][info ][gc,cpu         ] GC(256) User=0.03s Sys=0.00s Real=0.01s
[6767.010s][info ][safepoint      ] Safepoint "ParallelGCFailedAllocation", Time since last: 7429085318 ns, Reaching safepoint: 77701 ns, At safepoint: 8148527 ns, Total: 8226228 ns
[6772.010s][info ][safepoint      ] Safepoint "Cleanup", Time since last: 5000338693 ns, Reaching safepoint: 52101 ns, At safepoint: 8300 ns, Total: 60401 ns
[6773.011s][info ][safepoint      ] Safepoint "Cleanup", Time since last: 1000105713 ns, Reaching safepoint: 46001 ns, At safepoint: 9400 ns, Total: 55401 ns
[6775.011s][info ][safepoint      ] Safepoint "Cleanup", Time since last: 2000178720 ns, Reaching safepoint: 43001 ns, At safepoint: 3500 ns, Total: 46501 ns
[6780.011s][info ][safepoint      ] Safepoint "Cleanup", Time since last: 5000339914 ns, Reaching safepoint: 62301 ns, At safepoint: 9900 ns, Total: 72201 ns
[6782.011s][info ][safepoint      ] Safepoint "Cleanup", Time since last: 2000181192 ns, Reaching safepoint: 45801 ns, At safepoint: 3100 ns, Total: 48901 ns
[6805.452s][info ][gc,start       ] GC(257) Pause Young (Allocation Failure)
[6805.469s][debug][gc,phases      ] GC(257) Scavenge 16.647ms
[6805.469s][debug][gc,ref         ] GC(257) Skipped phase 1 of Reference Processing: no references
[6805.469s][debug][gc,ref         ] GC(257) ReferenceProcessor::execute queues: 1, RefProcThreadModel::Single, marks_oops_alive: false
[6805.469s][debug][gc,ref         ] GC(257) Skipped phase 3 of Reference Processing: no references
[6805.469s][debug][gc,ref         ] GC(257) ReferenceProcessor::execute queues: 1, RefProcThreadModel::Single, marks_oops_alive: false
[6805.469s][debug][gc,phases      ] GC(257) Reference Processing 0.158ms
[6805.470s][debug][gc,phases      ] GC(257)   VM Weak                        Min:  0.0, Avg:  0.0, Max:  0.0, Diff:  0.0, Sum:  0.0, Workers: 4
[6805.470s][debug][gc,phases      ] GC(257)     Dead                           Min: 0, Avg:  0.0, Max: 0, Diff: 0, Sum: 0, Workers: 4
[6805.470s][debug][gc,phases      ] GC(257)     Total                          Min: 0, Avg: 164.2, Max: 657, Diff: 657, Sum: 657, Workers: 4
[6805.470s][debug][gc,phases      ] GC(257)   ObjectSynchronizer Weak        Min:  0.0, Avg:  0.0, Max:  0.0, Diff:  0.0, Sum:  0.0, Workers: 4
[6805.470s][debug][gc,phases      ] GC(257)     Dead                           Min: 0, Avg:  0.0, Max: 0, Diff: 0, Sum: 0, Workers: 4
[6805.470s][debug][gc,phases      ] GC(257)     Total                          Min: 0, Avg: 63.0, Max: 188, Diff: 188, Sum: 252, Workers: 4
[6805.470s][debug][gc,phases      ] GC(257)   JVMTI Tag Weak OopStorage      Min:  0.0, Avg:  0.0, Max:  0.0, Diff:  0.0, Sum:  0.0, Workers: 4
[6805.470s][debug][gc,phases      ] GC(257)     Dead                           Min: 0, Avg:  0.0, Max: 0, Diff: 0, Sum: 0, Workers: 4
[6805.470s][debug][gc,phases      ] GC(257)     Total                          Min: 0, Avg:  0.0, Max: 0, Diff: 0, Sum: 0, Workers: 4
[6805.470s][debug][gc,phases      ] GC(257)   StringTable Weak               Min:  0.1, Avg:  0.1, Max:  0.1, Diff:  0.0, Sum:  0.6, Workers: 4
[6805.470s][debug][gc,phases      ] GC(257)     Dead                           Min: 0, Avg:  0.0, Max: 0, Diff: 0, Sum: 0, Workers: 4
[6805.470s][debug][gc,phases      ] GC(257)     Total                          Min: 11328, Avg: 12336.0, Max: 13312, Diff: 1984, Sum: 49344, Workers: 4
[6805.470s][debug][gc,phases      ] GC(257)   ResolvedMethodTable Weak       Min:  0.0, Avg:  0.0, Max:  0.0, Diff:  0.0, Sum:  0.1, Workers: 4
[6805.470s][debug][gc,phases      ] GC(257)     Dead                           Min: 0, Avg:  0.0, Max: 0, Diff: 0, Sum: 0, Workers: 4
[6805.470s][debug][gc,phases      ] GC(257)     Total                          Min: 2176, Avg: 2294.0, Max: 2392, Diff: 216, Sum: 9176, Workers: 4
[6805.470s][debug][gc,phases      ] GC(257)   JNI Weak                       Min:  0.0, Avg:  0.0, Max:  0.0, Diff:  0.0, Sum:  0.0, Workers: 4
[6805.470s][debug][gc,phases      ] GC(257)     Dead                           Min: 0, Avg:  0.0, Max: 0, Diff: 0, Sum: 0, Workers: 4
[6805.470s][debug][gc,phases      ] GC(257)     Total                          Min: 0, Avg:  0.0, Max: 0, Diff: 0, Sum: 0, Workers: 4
[6805.470s][debug][gc,phases      ] GC(257)   StringDedup Table Weak         Min:  0.0, Avg:  0.0, Max:  0.0, Diff:  0.0, Sum:  0.0, Workers: 4
[6805.470s][debug][gc,phases      ] GC(257)     Dead                           Min: 0, Avg:  0.0, Max: 0, Diff: 0, Sum: 0, Workers: 4
[6805.470s][debug][gc,phases      ] GC(257)     Total                          Min: 0, Avg:  0.0, Max: 0, Diff: 0, Sum: 0, Workers: 4
[6805.470s][debug][gc,phases      ] GC(257)   StringDedup Requests0 Weak     Min:  0.0, Avg:  0.0, Max:  0.0, Diff:  0.0, Sum:  0.0, Workers: 4
[6805.470s][debug][gc,phases      ] GC(257)     Dead                           Min: 0, Avg:  0.0, Max: 0, Diff: 0, Sum: 0, Workers: 4
[6805.470s][debug][gc,phases      ] GC(257)     Total                          Min: 0, Avg:  0.0, Max: 0, Diff: 0, Sum: 0, Workers: 4
[6805.470s][debug][gc,phases      ] GC(257)   StringDedup Requests1 Weak     Min:  0.0, Avg:  0.0, Max:  0.0, Diff:  0.0, Sum:  0.0, Workers: 4
[6805.470s][debug][gc,phases      ] GC(257)     Dead                           Min: 0, Avg:  0.0, Max: 0, Diff: 0, Sum: 0, Workers: 4
[6805.470s][debug][gc,phases      ] GC(257)     Total                          Min: 0, Avg:  0.0, Max: 0, Diff: 0, Sum: 0, Workers: 4
[6805.470s][debug][gc,phases      ] GC(257)   Weak JFR Old Object Samples    Min:  0.0, Avg:  0.0, Max:  0.0, Diff:  0.0, Sum:  0.0, Workers: 4
[6805.470s][debug][gc,phases      ] GC(257)     Dead                           Min: 0, Avg:  0.0, Max: 0, Diff: 0, Sum: 0, Workers: 4
[6805.470s][debug][gc,phases      ] GC(257)     Total                          Min: 0, Avg:  0.0, Max: 0, Diff: 0, Sum: 0, Workers: 4
[6805.470s][debug][gc,phases      ] GC(257) Weak Processing 0.410ms
[6805.470s][debug][gc,age         ] GC(257) Desired survivor size 152043520 bytes, new threshold 15 (max threshold 15)
[6805.470s][info ][gc,heap        ] GC(257) PSYoungGen: 1802480K(1939456K)->40945K(1948672K) Eden: 1782784K(1782784K)->0K(1793536K) From: 19696K(156672K)->40945K(155136K)
[6805.470s][info ][gc,heap        ] GC(257) ParOldGen: 681021K(715264K)->681125K(715264K)
[6805.470s][info ][gc,metaspace   ] GC(257) Metaspace: 87537K(88512K)->87537K(88512K) NonClass: 75509K(75968K)->75509K(75968K) Class: 12028K(12544K)->12028K(12544K)
[6805.470s][info ][gc             ] GC(257) Pause Young (Allocation Failure) 2425M->705M(2601M) 17.367ms
[6805.470s][info ][gc,cpu         ] GC(257) User=0.06s Sys=0.00s Real=0.02s
[6805.470s][info ][safepoint      ] Safepoint "ParallelGCFailedAllocation", Time since last: 23440822778 ns, Reaching safepoint: 117602 ns, At safepoint: 17475672 ns, Total: 17593274 ns
[6834.472s][info ][safepoint      ] Safepoint "Cleanup", Time since last: 29001814947 ns, Reaching safepoint: 40900 ns, At safepoint: 2800 ns, Total: 43700 ns
[6856.277s][info ][gc,start       ] GC(258) Pause Young (Allocation Failure)
[6856.290s][debug][gc,phases      ] GC(258) Scavenge 12.791ms
[6856.290s][debug][gc,ref         ] GC(258) Skipped phase 1 of Reference Processing: no references
[6856.290s][debug][gc,ref         ] GC(258) ReferenceProcessor::execute queues: 1, RefProcThreadModel::Single, marks_oops_alive: false
[6856.290s][debug][gc,ref         ] GC(258) Skipped phase 3 of Reference Processing: no references
[6856.290s][debug][gc,ref         ] GC(258) ReferenceProcessor::execute queues: 1, RefProcThreadModel::Single, marks_oops_alive: false
[6856.290s][debug][gc,phases      ] GC(258) Reference Processing 0.140ms
[6856.290s][debug][gc,phases      ] GC(258)   VM Weak                        Min:  0.0, Avg:  0.0, Max:  0.0, Diff:  0.0, Sum:  0.0, Workers: 4
[6856.290s][debug][gc,phases      ] GC(258)     Dead                           Min: 0, Avg:  0.0, Max: 0, Diff: 0, Sum: 0, Workers: 4
[6856.290s][debug][gc,phases      ] GC(258)     Total                          Min: 0, Avg: 164.2, Max: 657, Diff: 657, Sum: 657, Workers: 4
[6856.290s][debug][gc,phases      ] GC(258)   ObjectSynchronizer Weak        Min:  0.0, Avg:  0.0, Max:  0.0, Diff:  0.0, Sum:  0.0, Workers: 4
[6856.290s][debug][gc,phases      ] GC(258)     Dead                           Min: 0, Avg:  0.0, Max: 0, Diff: 0, Sum: 0, Workers: 4
[6856.290s][debug][gc,phases      ] GC(258)     Total                          Min: 0, Avg: 63.0, Max: 188, Diff: 188, Sum: 252, Workers: 4
[6856.290s][debug][gc,phases      ] GC(258)   JVMTI Tag Weak OopStorage      Min:  0.0, Avg:  0.0, Max:  0.0, Diff:  0.0, Sum:  0.0, Workers: 4
[6856.290s][debug][gc,phases      ] GC(258)     Dead                           Min: 0, Avg:  0.0, Max: 0, Diff: 0, Sum: 0, Workers: 4
[6856.290s][debug][gc,phases      ] GC(258)     Total                          Min: 0, Avg:  0.0, Max: 0, Diff: 0, Sum: 0, Workers: 4
[6856.290s][debug][gc,phases      ] GC(258)   StringTable Weak               Min:  0.1, Avg:  0.1, Max:  0.1, Diff:  0.0, Sum:  0.5, Workers: 4
[6856.290s][debug][gc,phases      ] GC(258)     Dead                           Min: 0, Avg:  0.0, Max: 0, Diff: 0, Sum: 0, Workers: 4
[6856.290s][debug][gc,phases      ] GC(258)     Total                          Min: 11392, Avg: 12336.0, Max: 13504, Diff: 2112, Sum: 49344, Workers: 4
[6856.290s][debug][gc,phases      ] GC(258)   ResolvedMethodTable Weak       Min:  0.0, Avg:  0.0, Max:  0.0, Diff:  0.0, Sum:  0.1, Workers: 4
[6856.290s][debug][gc,phases      ] GC(258)     Dead                           Min: 0, Avg:  0.0, Max: 0, Diff: 0, Sum: 0, Workers: 4
[6856.290s][debug][gc,phases      ] GC(258)     Total                          Min: 2240, Avg: 2294.0, Max: 2392, Diff: 152, Sum: 9176, Workers: 4
[6856.290s][debug][gc,phases      ] GC(258)   JNI Weak                       Min:  0.0, Avg:  0.0, Max:  0.0, Diff:  0.0, Sum:  0.0, Workers: 4
[6856.290s][debug][gc,phases      ] GC(258)     Dead                           Min: 0, Avg:  0.0, Max: 0, Diff: 0, Sum: 0, Workers: 4
[6856.290s][debug][gc,phases      ] GC(258)     Total                          Min: 0, Avg:  0.0, Max: 0, Diff: 0, Sum: 0, Workers: 4
[6856.290s][debug][gc,phases      ] GC(258)   StringDedup Table Weak         Min:  0.0, Avg:  0.0, Max:  0.0, Diff:  0.0, Sum:  0.0, Workers: 4
[6856.290s][debug][gc,phases      ] GC(258)     Dead                           Min: 0, Avg:  0.0, Max: 0, Diff: 0, Sum: 0, Workers: 4
[6856.290s][debug][gc,phases      ] GC(258)     Total                          Min: 0, Avg:  0.0, Max: 0, Diff: 0, Sum: 0, Workers: 4
[6856.290s][debug][gc,phases      ] GC(258)   StringDedup Requests0 Weak     Min:  0.0, Avg:  0.0, Max:  0.0, Diff:  0.0, Sum:  0.0, Workers: 4
[6856.290s][debug][gc,phases      ] GC(258)     Dead                           Min: 0, Avg:  0.0, Max: 0, Diff: 0, Sum: 0, Workers: 4
[6856.290s][debug][gc,phases      ] GC(258)     Total                          Min: 0, Avg:  0.0, Max: 0, Diff: 0, Sum: 0, Workers: 4
[6856.290s][debug][gc,phases      ] GC(258)   StringDedup Requests1 Weak     Min:  0.0, Avg:  0.0, Max:  0.0, Diff:  0.0, Sum:  0.0, Workers: 4
[6856.290s][debug][gc,phases      ] GC(258)     Dead                           Min: 0, Avg:  0.0, Max: 0, Diff: 0, Sum: 0, Workers: 4
[6856.290s][debug][gc,phases      ] GC(258)     Total                          Min: 0, Avg:  0.0, Max: 0, Diff: 0, Sum: 0, Workers: 4
[6856.290s][debug][gc,phases      ] GC(258)   Weak JFR Old Object Samples    Min:  0.0, Avg:  0.0, Max:  0.0, Diff:  0.0, Sum:  0.0, Workers: 4
[6856.290s][debug][gc,phases      ] GC(258)     Dead                           Min: 0, Avg:  0.0, Max: 0, Diff: 0, Sum: 0, Workers: 4
[6856.290s][debug][gc,phases      ] GC(258)     Total                          Min: 0, Avg:  0.0, Max: 0, Diff: 0, Sum: 0, Workers: 4
[6856.290s][debug][gc,phases      ] GC(258) Weak Processing 0.325ms
[6856.290s][debug][gc,age         ] GC(258) Desired survivor size 145227776 bytes, new threshold 15 (max threshold 15)
[6856.290s][info ][gc,heap        ] GC(258) PSYoungGen: 1834481K(1948672K)->40987K(1942016K) Eden: 1793536K(1793536K)->0K(1793536K) From: 40945K(155136K)->40987K(148480K)
[6856.290s][info ][gc,heap        ] GC(258) ParOldGen: 681125K(715264K)->681189K(715264K)
[6856.290s][info ][gc,metaspace   ] GC(258) Metaspace: 87538K(88512K)->87538K(88512K) NonClass: 75509K(75968K)->75509K(75968K) Class: 12028K(12544K)->12028K(12544K)
[6856.290s][info ][gc             ] GC(258) Pause Young (Allocation Failure) 2456M->705M(2595M) 13.414ms
[6856.290s][info ][gc,cpu         ] GC(258) User=0.05s Sys=0.00s Real=0.02s
[6856.290s][info ][safepoint      ] Safepoint "ParallelGCFailedAllocation", Time since last: 21804931259 ns, Reaching safepoint: 38600 ns, At safepoint: 13503509 ns, Total: 13542109 ns
[6862.291s][info ][safepoint      ] Safepoint "Cleanup", Time since last: 6000437221 ns, Reaching safepoint: 54301 ns, At safepoint: 3200 ns, Total: 57501 ns
[6863.291s][info ][safepoint      ] Safepoint "Cleanup", Time since last: 1000113949 ns, Reaching safepoint: 44600 ns, At safepoint: 5700 ns, Total: 50300 ns
[6868.291s][info ][safepoint      ] Safepoint "Cleanup", Time since last: 5000355614 ns, Reaching safepoint: 49400 ns, At safepoint: 12301 ns, Total: 61701 ns
[6907.822s][info ][gc,start       ] GC(259) Pause Young (Allocation Failure)
[6907.834s][debug][gc,phases      ] GC(259) Scavenge 12.110ms
[6907.834s][debug][gc,ref         ] GC(259) Skipped phase 1 of Reference Processing: no references
[6907.834s][debug][gc,ref         ] GC(259) ReferenceProcessor::execute queues: 1, RefProcThreadModel::Single, marks_oops_alive: false
[6907.834s][debug][gc,ref         ] GC(259) Skipped phase 3 of Reference Processing: no references
[6907.834s][debug][gc,ref         ] GC(259) ReferenceProcessor::execute queues: 1, RefProcThreadModel::Single, marks_oops_alive: false
[6907.834s][debug][gc,phases      ] GC(259) Reference Processing 0.142ms
[6907.834s][debug][gc,phases      ] GC(259)   VM Weak                        Min:  0.0, Avg:  0.0, Max:  0.0, Diff:  0.0, Sum:  0.0, Workers: 4
[6907.834s][debug][gc,phases      ] GC(259)     Dead                           Min: 0, Avg:  0.0, Max: 0, Diff: 0, Sum: 0, Workers: 4
[6907.834s][debug][gc,phases      ] GC(259)     Total                          Min: 0, Avg: 164.2, Max: 593, Diff: 593, Sum: 657, Workers: 4
[6907.834s][debug][gc,phases      ] GC(259)   ObjectSynchronizer Weak        Min:  0.0, Avg:  0.0, Max:  0.0, Diff:  0.0, Sum:  0.0, Workers: 4
[6907.834s][debug][gc,phases      ] GC(259)     Dead                           Min: 0, Avg:  0.0, Max: 0, Diff: 0, Sum: 0, Workers: 4
[6907.834s][debug][gc,phases      ] GC(259)     Total                          Min: 0, Avg: 63.0, Max: 188, Diff: 188, Sum: 252, Workers: 4
[6907.834s][debug][gc,phases      ] GC(259)   JVMTI Tag Weak OopStorage      Min:  0.0, Avg:  0.0, Max:  0.0, Diff:  0.0, Sum:  0.0, Workers: 4
[6907.834s][debug][gc,phases      ] GC(259)     Dead                           Min: 0, Avg:  0.0, Max: 0, Diff: 0, Sum: 0, Workers: 4
[6907.834s][debug][gc,phases      ] GC(259)     Total                          Min: 0, Avg:  0.0, Max: 0, Diff: 0, Sum: 0, Workers: 4
[6907.834s][debug][gc,phases      ] GC(259)   StringTable Weak               Min:  0.1, Avg:  0.1, Max:  0.1, Diff:  0.0, Sum:  0.4, Workers: 4
[6907.834s][debug][gc,phases      ] GC(259)     Dead                           Min: 0, Avg:  0.0, Max: 0, Diff: 0, Sum: 0, Workers: 4
[6907.834s][debug][gc,phases      ] GC(259)     Total                          Min: 11840, Avg: 12336.0, Max: 13632, Diff: 1792, Sum: 49344, Workers: 4
[6907.834s][debug][gc,phases      ] GC(259)   ResolvedMethodTable Weak       Min:  0.0, Avg:  0.0, Max:  0.0, Diff:  0.0, Sum:  0.1, Workers: 4
[6907.834s][debug][gc,phases      ] GC(259)     Dead                           Min: 0, Avg:  0.0, Max: 0, Diff: 0, Sum: 0, Workers: 4
[6907.834s][debug][gc,phases      ] GC(259)     Total                          Min: 2176, Avg: 2294.0, Max: 2432, Diff: 256, Sum: 9176, Workers: 4
[6907.834s][debug][gc,phases      ] GC(259)   JNI Weak                       Min:  0.0, Avg:  0.0, Max:  0.0, Diff:  0.0, Sum:  0.0, Workers: 4
[6907.834s][debug][gc,phases      ] GC(259)     Dead                           Min: 0, Avg:  0.0, Max: 0, Diff: 0, Sum: 0, Workers: 4
[6907.834s][debug][gc,phases      ] GC(259)     Total                          Min: 0, Avg:  0.0, Max: 0, Diff: 0, Sum: 0, Workers: 4
[6907.834s][debug][gc,phases      ] GC(259)   StringDedup Table Weak         Min:  0.0, Avg:  0.0, Max:  0.0, Diff:  0.0, Sum:  0.0, Workers: 4
[6907.834s][debug][gc,phases      ] GC(259)     Dead                           Min: 0, Avg:  0.0, Max: 0, Diff: 0, Sum: 0, Workers: 4
[6907.834s][debug][gc,phases      ] GC(259)     Total                          Min: 0, Avg:  0.0, Max: 0, Diff: 0, Sum: 0, Workers: 4
[6907.834s][debug][gc,phases      ] GC(259)   StringDedup Requests0 Weak     Min:  0.0, Avg:  0.0, Max:  0.0, Diff:  0.0, Sum:  0.0, Workers: 4
[6907.834s][debug][gc,phases      ] GC(259)     Dead                           Min: 0, Avg:  0.0, Max: 0, Diff: 0, Sum: 0, Workers: 4
[6907.834s][debug][gc,phases      ] GC(259)     Total                          Min: 0, Avg:  0.0, Max: 0, Diff: 0, Sum: 0, Workers: 4
[6907.834s][debug][gc,phases      ] GC(259)   StringDedup Requests1 Weak     Min:  0.0, Avg:  0.0, Max:  0.0, Diff:  0.0, Sum:  0.0, Workers: 4
[6907.834s][debug][gc,phases      ] GC(259)     Dead                           Min: 0, Avg:  0.0, Max: 0, Diff: 0, Sum: 0, Workers: 4
[6907.834s][debug][gc,phases      ] GC(259)     Total                          Min: 0, Avg:  0.0, Max: 0, Diff: 0, Sum: 0, Workers: 4
[6907.834s][debug][gc,phases      ] GC(259)   Weak JFR Old Object Samples    Min:  0.0, Avg:  0.0, Max:  0.0, Diff:  0.0, Sum:  0.0, Workers: 4
[6907.834s][debug][gc,phases      ] GC(259)     Dead                           Min: 0, Avg:  0.0, Max: 0, Diff: 0, Sum: 0, Workers: 4
[6907.834s][debug][gc,phases      ] GC(259)     Total                          Min: 0, Avg:  0.0, Max: 0, Diff: 0, Sum: 0, Workers: 4
[6907.834s][debug][gc,phases      ] GC(259) Weak Processing 0.389ms
[6907.834s][debug][gc,age         ] GC(259) Desired survivor size 138936320 bytes, new threshold 15 (max threshold 15)
[6907.834s][info ][gc,heap        ] GC(259) PSYoungGen: 1834523K(1942016K)->40067K(1961472K) Eden: 1793536K(1793536K)->0K(1819648K) From: 40987K(148480K)->40067K(141824K)
[6907.834s][info ][gc,heap        ] GC(259) ParOldGen: 681189K(715264K)->681253K(715264K)
[6907.834s][info ][gc,metaspace   ] GC(259) Metaspace: 87539K(88512K)->87539K(88512K) NonClass: 75510K(75968K)->75510K(75968K) Class: 12028K(12544K)->12028K(12544K)
[6907.835s][info ][gc             ] GC(259) Pause Young (Allocation Failure) 2456M->704M(2614M) 12.787ms
[6907.835s][info ][gc,cpu         ] GC(259) User=0.04s Sys=0.01s Real=0.01s
[6907.835s][info ][safepoint      ] Safepoint "ParallelGCFailedAllocation", Time since last: 39530296386 ns, Reaching safepoint: 40701 ns, At safepoint: 12922698 ns, Total: 12963399 ns
[6936.837s][info ][safepoint      ] Safepoint "Cleanup", Time since last: 29001957359 ns, Reaching safepoint: 46401 ns, At safepoint: 36500 ns, Total: 82901 ns
[6947.837s][info ][safepoint      ] Safepoint "Cleanup", Time since last: 11000772070 ns, Reaching safepoint: 47601 ns, At safepoint: 3100 ns, Total: 50701 ns
[6949.838s][info ][safepoint      ] Safepoint "Cleanup", Time since last: 2000186031 ns, Reaching safepoint: 48301 ns, At safepoint: 4000 ns, Total: 52301 ns
[6950.838s][info ][safepoint      ] Safepoint "Cleanup", Time since last: 1000123614 ns, Reaching safepoint: 52301 ns, At safepoint: 6900 ns, Total: 59201 ns
[6956.838s][info ][safepoint      ] Safepoint "Cleanup", Time since last: 6000467450 ns, Reaching safepoint: 60101 ns, At safepoint: 3900 ns, Total: 64001 ns
[6957.865s][info ][gc,start       ] GC(260) Pause Young (Allocation Failure)
[6957.876s][debug][gc,phases      ] GC(260) Scavenge 10.548ms
[6957.876s][debug][gc,ref         ] GC(260) Skipped phase 1 of Reference Processing: no references
[6957.876s][debug][gc,ref         ] GC(260) ReferenceProcessor::execute queues: 1, RefProcThreadModel::Single, marks_oops_alive: false
[6957.876s][debug][gc,ref         ] GC(260) Skipped phase 3 of Reference Processing: no references
[6957.876s][debug][gc,ref         ] GC(260) ReferenceProcessor::execute queues: 1, RefProcThreadModel::Single, marks_oops_alive: false
[6957.876s][debug][gc,phases      ] GC(260) Reference Processing 0.130ms
[6957.876s][debug][gc,phases      ] GC(260)   VM Weak                        Min:  0.0, Avg:  0.0, Max:  0.0, Diff:  0.0, Sum:  0.0, Workers: 4
[6957.876s][debug][gc,phases      ] GC(260)     Dead                           Min: 0, Avg:  0.0, Max: 0, Diff: 0, Sum: 0, Workers: 4
[6957.876s][debug][gc,phases      ] GC(260)     Total                          Min: 0, Avg: 164.2, Max: 433, Diff: 433, Sum: 657, Workers: 4
[6957.876s][debug][gc,phases      ] GC(260)   ObjectSynchronizer Weak        Min:  0.0, Avg:  0.0, Max:  0.0, Diff:  0.0, Sum:  0.0, Workers: 4
[6957.876s][debug][gc,phases      ] GC(260)     Dead                           Min: 0, Avg:  0.0, Max: 0, Diff: 0, Sum: 0, Workers: 4
[6957.876s][debug][gc,phases      ] GC(260)     Total                          Min: 0, Avg: 63.0, Max: 128, Diff: 128, Sum: 252, Workers: 4
[6957.876s][debug][gc,phases      ] GC(260)   JVMTI Tag Weak OopStorage      Min:  0.0, Avg:  0.0, Max:  0.0, Diff:  0.0, Sum:  0.0, Workers: 4
[6957.876s][debug][gc,phases      ] GC(260)     Dead                           Min: 0, Avg:  0.0, Max: 0, Diff: 0, Sum: 0, Workers: 4
[6957.876s][debug][gc,phases      ] GC(260)     Total                          Min: 0, Avg:  0.0, Max: 0, Diff: 0, Sum: 0, Workers: 4
[6957.876s][debug][gc,phases      ] GC(260)   StringTable Weak               Min:  0.1, Avg:  0.1, Max:  0.1, Diff:  0.0, Sum:  0.4, Workers: 4
[6957.876s][debug][gc,phases      ] GC(260)     Dead                           Min: 0, Avg:  0.0, Max: 0, Diff: 0, Sum: 0, Workers: 4
[6957.876s][debug][gc,phases      ] GC(260)     Total                          Min: 11904, Avg: 12336.0, Max: 13248, Diff: 1344, Sum: 49344, Workers: 4
[6957.876s][debug][gc,phases      ] GC(260)   ResolvedMethodTable Weak       Min:  0.0, Avg:  0.0, Max:  0.0, Diff:  0.0, Sum:  0.1, Workers: 4
[6957.876s][debug][gc,phases      ] GC(260)     Dead                           Min: 0, Avg:  0.0, Max: 0, Diff: 0, Sum: 0, Workers: 4
[6957.876s][debug][gc,phases      ] GC(260)     Total                          Min: 2240, Avg: 2294.0, Max: 2368, Diff: 128, Sum: 9176, Workers: 4
[6957.876s][debug][gc,phases      ] GC(260)   JNI Weak                       Min:  0.0, Avg:  0.0, Max:  0.0, Diff:  0.0, Sum:  0.0, Workers: 4
[6957.876s][debug][gc,phases      ] GC(260)     Dead                           Min: 0, Avg:  0.0, Max: 0, Diff: 0, Sum: 0, Workers: 4
[6957.876s][debug][gc,phases      ] GC(260)     Total                          Min: 0, Avg:  0.0, Max: 0, Diff: 0, Sum: 0, Workers: 4
[6957.876s][debug][gc,phases      ] GC(260)   StringDedup Table Weak         Min:  0.0, Avg:  0.0, Max:  0.0, Diff:  0.0, Sum:  0.0, Workers: 4
[6957.876s][debug][gc,phases      ] GC(260)     Dead                           Min: 0, Avg:  0.0, Max: 0, Diff: 0, Sum: 0, Workers: 4
[6957.876s][debug][gc,phases      ] GC(260)     Total                          Min: 0, Avg:  0.0, Max: 0, Diff: 0, Sum: 0, Workers: 4
[6957.876s][debug][gc,phases      ] GC(260)   StringDedup Requests0 Weak     Min:  0.0, Avg:  0.0, Max:  0.0, Diff:  0.0, Sum:  0.0, Workers: 4
[6957.876s][debug][gc,phases      ] GC(260)     Dead                           Min: 0, Avg:  0.0, Max: 0, Diff: 0, Sum: 0, Workers: 4
[6957.876s][debug][gc,phases      ] GC(260)     Total                          Min: 0, Avg:  0.0, Max: 0, Diff: 0, Sum: 0, Workers: 4
[6957.876s][debug][gc,phases      ] GC(260)   StringDedup Requests1 Weak     Min:  0.0, Avg:  0.0, Max:  0.0, Diff:  0.0, Sum:  0.0, Workers: 4
[6957.876s][debug][gc,phases      ] GC(260)     Dead                           Min: 0, Avg:  0.0, Max: 0, Diff: 0, Sum: 0, Workers: 4
[6957.876s][debug][gc,phases      ] GC(260)     Total                          Min: 0, Avg:  0.0, Max: 0, Diff: 0, Sum: 0, Workers: 4
[6957.876s][debug][gc,phases      ] GC(260)   Weak JFR Old Object Samples    Min:  0.0, Avg:  0.0, Max:  0.0, Diff:  0.0, Sum:  0.0, Workers: 4
[6957.876s][debug][gc,phases      ] GC(260)     Dead                           Min: 0, Avg:  0.0, Max: 0, Diff: 0, Sum: 0, Workers: 4
[6957.876s][debug][gc,phases      ] GC(260)     Total                          Min: 0, Avg:  0.0, Max: 0, Diff: 0, Sum: 0, Workers: 4
[6957.876s][debug][gc,phases      ] GC(260) Weak Processing 0.329ms
[6957.876s][debug][gc,age         ] GC(260) Desired survivor size 133169152 bytes, new threshold 15 (max threshold 15)
[6957.876s][info ][gc,heap        ] GC(260) PSYoungGen: 1859715K(1961472K)->39322K(1955328K) Eden: 1819648K(1819648K)->0K(1819648K) From: 40067K(141824K)->39322K(135680K)
[6957.876s][info ][gc,heap        ] GC(260) ParOldGen: 681253K(715264K)->681325K(715264K)
[6957.876s][info ][gc,metaspace   ] GC(260) Metaspace: 87539K(88512K)->87539K(88512K) NonClass: 75510K(75968K)->75510K(75968K) Class: 12028K(12544K)->12028K(12544K)
[6957.876s][info ][gc             ] GC(260) Pause Young (Allocation Failure) 2481M->703M(2608M) 11.144ms
[6957.876s][info ][gc,cpu         ] GC(260) User=0.04s Sys=0.00s Real=0.01s
[6957.876s][info ][safepoint      ] Safepoint "ParallelGCFailedAllocation", Time since last: 1026746812 ns, Reaching safepoint: 32100 ns, At safepoint: 11229072 ns, Total: 11261172 ns
[6963.877s][info ][safepoint      ] Safepoint "Cleanup", Time since last: 6000419091 ns, Reaching safepoint: 44900 ns, At safepoint: 3200 ns, Total: 48100 ns
[6971.877s][info ][safepoint      ] Safepoint "Cleanup", Time since last: 8000468210 ns, Reaching safepoint: 49901 ns, At safepoint: 4300 ns, Total: 54201 ns
[6975.878s][info ][safepoint      ] Safepoint "Cleanup", Time since last: 4000308723 ns, Reaching safepoint: 72401 ns, At safepoint: 8601 ns, Total: 81002 ns
[6998.062s][info ][gc,start       ] GC(261) Pause Young (Allocation Failure)
[6998.077s][debug][gc,phases      ] GC(261) Scavenge 15.105ms
[6998.077s][debug][gc,ref         ] GC(261) Skipped phase 1 of Reference Processing: no references
[6998.077s][debug][gc,ref         ] GC(261) ReferenceProcessor::execute queues: 1, RefProcThreadModel::Single, marks_oops_alive: false
[6998.077s][debug][gc,ref         ] GC(261) Skipped phase 3 of Reference Processing: no references
[6998.077s][debug][gc,ref         ] GC(261) ReferenceProcessor::execute queues: 1, RefProcThreadModel::Single, marks_oops_alive: false
[6998.077s][debug][gc,phases      ] GC(261) Reference Processing 0.157ms
[6998.077s][debug][gc,phases      ] GC(261)   VM Weak                        Min:  0.0, Avg:  0.0, Max:  0.0, Diff:  0.0, Sum:  0.0, Workers: 4
[6998.077s][debug][gc,phases      ] GC(261)     Dead                           Min: 0, Avg:  0.0, Max: 0, Diff: 0, Sum: 0, Workers: 4
[6998.077s][debug][gc,phases      ] GC(261)     Total                          Min: 0, Avg: 164.2, Max: 593, Diff: 593, Sum: 657, Workers: 4
[6998.077s][debug][gc,phases      ] GC(261)   ObjectSynchronizer Weak        Min:  0.0, Avg:  0.0, Max:  0.0, Diff:  0.0, Sum:  0.0, Workers: 4
[6998.077s][debug][gc,phases      ] GC(261)     Dead                           Min: 0, Avg:  0.0, Max: 0, Diff: 0, Sum: 0, Workers: 4
[6998.077s][debug][gc,phases      ] GC(261)     Total                          Min: 0, Avg: 63.0, Max: 128, Diff: 128, Sum: 252, Workers: 4
[6998.077s][debug][gc,phases      ] GC(261)   JVMTI Tag Weak OopStorage      Min:  0.0, Avg:  0.0, Max:  0.0, Diff:  0.0, Sum:  0.0, Workers: 4
[6998.077s][debug][gc,phases      ] GC(261)     Dead                           Min: 0, Avg:  0.0, Max: 0, Diff: 0, Sum: 0, Workers: 4
[6998.077s][debug][gc,phases      ] GC(261)     Total                          Min: 0, Avg:  0.0, Max: 0, Diff: 0, Sum: 0, Workers: 4
[6998.077s][debug][gc,phases      ] GC(261)   StringTable Weak               Min:  0.2, Avg:  0.2, Max:  0.2, Diff:  0.0, Sum:  0.6, Workers: 4
[6998.077s][debug][gc,phases      ] GC(261)     Dead                           Min: 0, Avg:  0.0, Max: 0, Diff: 0, Sum: 0, Workers: 4
[6998.077s][debug][gc,phases      ] GC(261)     Total                          Min: 11392, Avg: 12336.0, Max: 12800, Diff: 1408, Sum: 49344, Workers: 4
[6998.077s][debug][gc,phases      ] GC(261)   ResolvedMethodTable Weak       Min:  0.0, Avg:  0.0, Max:  0.0, Diff:  0.0, Sum:  0.1, Workers: 4
[6998.077s][debug][gc,phases      ] GC(261)     Dead                           Min: 0, Avg:  0.0, Max: 0, Diff: 0, Sum: 0, Workers: 4
[6998.077s][debug][gc,phases      ] GC(261)     Total                          Min: 2176, Avg: 2294.0, Max: 2496, Diff: 320, Sum: 9176, Workers: 4
[6998.077s][debug][gc,phases      ] GC(261)   JNI Weak                       Min:  0.0, Avg:  0.0, Max:  0.0, Diff:  0.0, Sum:  0.0, Workers: 4
[6998.077s][debug][gc,phases      ] GC(261)     Dead                           Min: 0, Avg:  0.0, Max: 0, Diff: 0, Sum: 0, Workers: 4
[6998.077s][debug][gc,phases      ] GC(261)     Total                          Min: 0, Avg:  0.0, Max: 0, Diff: 0, Sum: 0, Workers: 4
[6998.077s][debug][gc,phases      ] GC(261)   StringDedup Table Weak         Min:  0.0, Avg:  0.0, Max:  0.0, Diff:  0.0, Sum:  0.0, Workers: 4
[6998.077s][debug][gc,phases      ] GC(261)     Dead                           Min: 0, Avg:  0.0, Max: 0, Diff: 0, Sum: 0, Workers: 4
[6998.077s][debug][gc,phases      ] GC(261)     Total                          Min: 0, Avg:  0.0, Max: 0, Diff: 0, Sum: 0, Workers: 4
[6998.077s][debug][gc,phases      ] GC(261)   StringDedup Requests0 Weak     Min:  0.0, Avg:  0.0, Max:  0.0, Diff:  0.0, Sum:  0.0, Workers: 4
[6998.077s][debug][gc,phases      ] GC(261)     Dead                           Min: 0, Avg:  0.0, Max: 0, Diff: 0, Sum: 0, Workers: 4
[6998.077s][debug][gc,phases      ] GC(261)     Total                          Min: 0, Avg:  0.0, Max: 0, Diff: 0, Sum: 0, Workers: 4
[6998.077s][debug][gc,phases      ] GC(261)   StringDedup Requests1 Weak     Min:  0.0, Avg:  0.0, Max:  0.0, Diff:  0.0, Sum:  0.0, Workers: 4
[6998.077s][debug][gc,phases      ] GC(261)     Dead                           Min: 0, Avg:  0.0, Max: 0, Diff: 0, Sum: 0, Workers: 4
[6998.077s][debug][gc,phases      ] GC(261)     Total                          Min: 0, Avg:  0.0, Max: 0, Diff: 0, Sum: 0, Workers: 4
[6998.077s][debug][gc,phases      ] GC(261)   Weak JFR Old Object Samples    Min:  0.0, Avg:  0.0, Max:  0.0, Diff:  0.0, Sum:  0.0, Workers: 4
[6998.077s][debug][gc,phases      ] GC(261)     Dead                           Min: 0, Avg:  0.0, Max: 0, Diff: 0, Sum: 0, Workers: 4
[6998.077s][debug][gc,phases      ] GC(261)     Total                          Min: 0, Avg:  0.0, Max: 0, Diff: 0, Sum: 0, Workers: 4
[6998.077s][debug][gc,phases      ] GC(261) Weak Processing 0.401ms
[6998.077s][debug][gc,age         ] GC(261) Desired survivor size 125829120 bytes, new threshold 15 (max threshold 15)
[6998.077s][info ][gc,heap        ] GC(261) PSYoungGen: 1858970K(1955328K)->50794K(1974272K) Eden: 1819648K(1819648K)->0K(1844224K) From: 39322K(135680K)->50794K(130048K)
[6998.077s][info ][gc,heap        ] GC(261) ParOldGen: 681325K(715264K)->685057K(715264K)
[6998.077s][info ][gc,metaspace   ] GC(261) Metaspace: 87549K(88512K)->87549K(88512K) NonClass: 75520K(75968K)->75520K(75968K) Class: 12028K(12544K)->12028K(12544K)
[6998.077s][info ][gc             ] GC(261) Pause Young (Allocation Failure) 2480M->718M(2626M) 15.826ms
[6998.077s][info ][gc,cpu         ] GC(261) User=0.06s Sys=0.00s Real=0.01s
[6998.077s][info ][safepoint      ] Safepoint "ParallelGCFailedAllocation", Time since last: 22183592273 ns, Reaching safepoint: 101802 ns, At safepoint: 15960843 ns, Total: 16062645 ns
[7009.078s][info ][safepoint      ] Safepoint "Cleanup", Time since last: 11000708161 ns, Reaching safepoint: 43800 ns, At safepoint: 9101 ns, Total: 52901 ns
[7052.081s][info ][safepoint      ] Safepoint "Cleanup", Time since last: 43002804172 ns, Reaching safepoint: 52501 ns, At safepoint: 3600 ns, Total: 56101 ns
[7054.508s][info ][gc,start       ] GC(262) Pause Young (Allocation Failure)
[7054.525s][debug][gc,phases      ] GC(262) Scavenge 16.795ms
[7054.525s][debug][gc,ref         ] GC(262) Skipped phase 1 of Reference Processing: no references
[7054.525s][debug][gc,ref         ] GC(262) ReferenceProcessor::execute queues: 1, RefProcThreadModel::Single, marks_oops_alive: false
[7054.525s][debug][gc,ref         ] GC(262) Skipped phase 3 of Reference Processing: no references
[7054.525s][debug][gc,ref         ] GC(262) ReferenceProcessor::execute queues: 1, RefProcThreadModel::Single, marks_oops_alive: false
[7054.525s][debug][gc,phases      ] GC(262) Reference Processing 0.180ms
[7054.525s][debug][gc,phases      ] GC(262)   VM Weak                        Min:  0.0, Avg:  0.0, Max:  0.0, Diff:  0.0, Sum:  0.0, Workers: 4
[7054.525s][debug][gc,phases      ] GC(262)     Dead                           Min: 0, Avg:  0.0, Max: 0, Diff: 0, Sum: 0, Workers: 4
[7054.525s][debug][gc,phases      ] GC(262)     Total                          Min: 0, Avg: 164.2, Max: 637, Diff: 637, Sum: 657, Workers: 4
[7054.525s][debug][gc,phases      ] GC(262)   ObjectSynchronizer Weak        Min:  0.0, Avg:  0.0, Max:  0.0, Diff:  0.0, Sum:  0.0, Workers: 4
[7054.525s][debug][gc,phases      ] GC(262)     Dead                           Min: 0, Avg:  0.0, Max: 0, Diff: 0, Sum: 0, Workers: 4
[7054.525s][debug][gc,phases      ] GC(262)     Total                          Min: 0, Avg: 63.0, Max: 188, Diff: 188, Sum: 252, Workers: 4
[7054.525s][debug][gc,phases      ] GC(262)   JVMTI Tag Weak OopStorage      Min:  0.0, Avg:  0.0, Max:  0.0, Diff:  0.0, Sum:  0.0, Workers: 4
[7054.525s][debug][gc,phases      ] GC(262)     Dead                           Min: 0, Avg:  0.0, Max: 0, Diff: 0, Sum: 0, Workers: 4
[7054.525s][debug][gc,phases      ] GC(262)     Total                          Min: 0, Avg:  0.0, Max: 0, Diff: 0, Sum: 0, Workers: 4
[7054.525s][debug][gc,phases      ] GC(262)   StringTable Weak               Min:  0.2, Avg:  0.2, Max:  0.2, Diff:  0.0, Sum:  0.7, Workers: 4
[7054.525s][debug][gc,phases      ] GC(262)     Dead                           Min: 0, Avg:  0.0, Max: 0, Diff: 0, Sum: 0, Workers: 4
[7054.525s][debug][gc,phases      ] GC(262)     Total                          Min: 11840, Avg: 12336.0, Max: 13120, Diff: 1280, Sum: 49344, Workers: 4
[7054.525s][debug][gc,phases      ] GC(262)   ResolvedMethodTable Weak       Min:  0.0, Avg:  0.0, Max:  0.0, Diff:  0.0, Sum:  0.2, Workers: 4
[7054.525s][debug][gc,phases      ] GC(262)     Dead                           Min: 0, Avg:  0.0, Max: 0, Diff: 0, Sum: 0, Workers: 4
[7054.525s][debug][gc,phases      ] GC(262)     Total                          Min: 2200, Avg: 2294.0, Max: 2432, Diff: 232, Sum: 9176, Workers: 4
[7054.525s][debug][gc,phases      ] GC(262)   JNI Weak                       Min:  0.0, Avg:  0.0, Max:  0.0, Diff:  0.0, Sum:  0.0, Workers: 4
[7054.525s][debug][gc,phases      ] GC(262)     Dead                           Min: 0, Avg:  0.0, Max: 0, Diff: 0, Sum: 0, Workers: 4
[7054.525s][debug][gc,phases      ] GC(262)     Total                          Min: 0, Avg:  0.0, Max: 0, Diff: 0, Sum: 0, Workers: 4
[7054.525s][debug][gc,phases      ] GC(262)   StringDedup Table Weak         Min:  0.0, Avg:  0.0, Max:  0.0, Diff:  0.0, Sum:  0.0, Workers: 4
[7054.525s][debug][gc,phases      ] GC(262)     Dead                           Min: 0, Avg:  0.0, Max: 0, Diff: 0, Sum: 0, Workers: 4
[7054.525s][debug][gc,phases      ] GC(262)     Total                          Min: 0, Avg:  0.0, Max: 0, Diff: 0, Sum: 0, Workers: 4
[7054.525s][debug][gc,phases      ] GC(262)   StringDedup Requests0 Weak     Min:  0.0, Avg:  0.0, Max:  0.0, Diff:  0.0, Sum:  0.0, Workers: 4
[7054.525s][debug][gc,phases      ] GC(262)     Dead                           Min: 0, Avg:  0.0, Max: 0, Diff: 0, Sum: 0, Workers: 4
[7054.525s][debug][gc,phases      ] GC(262)     Total                          Min: 0, Avg:  0.0, Max: 0, Diff: 0, Sum: 0, Workers: 4
[7054.525s][debug][gc,phases      ] GC(262)   StringDedup Requests1 Weak     Min:  0.0, Avg:  0.0, Max:  0.0, Diff:  0.0, Sum:  0.0, Workers: 4
[7054.525s][debug][gc,phases      ] GC(262)     Dead                           Min: 0, Avg:  0.0, Max: 0, Diff: 0, Sum: 0, Workers: 4
[7054.525s][debug][gc,phases      ] GC(262)     Total                          Min: 0, Avg:  0.0, Max: 0, Diff: 0, Sum: 0, Workers: 4
[7054.525s][debug][gc,phases      ] GC(262)   Weak JFR Old Object Samples    Min:  0.0, Avg:  0.0, Max:  0.0, Diff:  0.0, Sum:  0.0, Workers: 4
[7054.525s][debug][gc,phases      ] GC(262)     Dead                           Min: 0, Avg:  0.0, Max: 0, Diff: 0, Sum: 0, Workers: 4
[7054.525s][debug][gc,phases      ] GC(262)     Total                          Min: 0, Avg:  0.0, Max: 0, Diff: 0, Sum: 0, Workers: 4
[7054.525s][debug][gc,phases      ] GC(262) Weak Processing 0.443ms
[7054.525s][debug][gc,age         ] GC(262) Desired survivor size 119013376 bytes, new threshold 15 (max threshold 15)
[7054.525s][info ][gc,heap        ] GC(262) PSYoungGen: 1895018K(1974272K)->49345K(1967104K) Eden: 1844224K(1844224K)->0K(1844224K) From: 50794K(130048K)->49345K(122880K)
[7054.525s][info ][gc,heap        ] GC(262) ParOldGen: 685057K(715264K)->685754K(715264K)
[7054.525s][info ][gc,metaspace   ] GC(262) Metaspace: 87554K(88512K)->87554K(88512K) NonClass: 75526K(75968K)->75526K(75968K) Class: 12028K(12544K)->12028K(12544K)
[7054.525s][info ][gc             ] GC(262) Pause Young (Allocation Failure) 2519M->717M(2619M) 17.639ms
[7054.525s][info ][gc,cpu         ] GC(262) User=0.06s Sys=0.00s Real=0.02s
[7054.525s][info ][safepoint      ] Safepoint "ParallelGCFailedAllocation", Time since last: 2426614138 ns, Reaching safepoint: 38000 ns, At safepoint: 17740870 ns, Total: 17778870 ns
[7056.526s][info ][safepoint      ] Safepoint "Cleanup", Time since last: 2000148558 ns, Reaching safepoint: 42201 ns, At safepoint: 3000 ns, Total: 45201 ns
[7086.528s][info ][safepoint      ] Safepoint "Cleanup", Time since last: 30001906035 ns, Reaching safepoint: 54201 ns, At safepoint: 5600 ns, Total: 59801 ns
[7098.528s][info ][safepoint      ] Safepoint "Cleanup", Time since last: 12000706357 ns, Reaching safepoint: 53301 ns, At safepoint: 9200 ns, Total: 62501 ns
[7099.529s][info ][safepoint      ] Safepoint "Cleanup", Time since last: 1000112132 ns, Reaching safepoint: 37801 ns, At safepoint: 3800 ns, Total: 41601 ns
[7104.152s][info ][gc,start       ] GC(263) Pause Young (Allocation Failure)
[7104.165s][debug][gc,phases      ] GC(263) Scavenge 12.938ms
[7104.165s][debug][gc,ref         ] GC(263) Skipped phase 1 of Reference Processing: no references
[7104.165s][debug][gc,ref         ] GC(263) ReferenceProcessor::execute queues: 1, RefProcThreadModel::Single, marks_oops_alive: false
[7104.165s][debug][gc,ref         ] GC(263) Skipped phase 3 of Reference Processing: no references
[7104.165s][debug][gc,ref         ] GC(263) ReferenceProcessor::execute queues: 1, RefProcThreadModel::Single, marks_oops_alive: false
[7104.165s][debug][gc,phases      ] GC(263) Reference Processing 0.157ms
[7104.166s][debug][gc,phases      ] GC(263)   VM Weak                        Min:  0.0, Avg:  0.0, Max:  0.0, Diff:  0.0, Sum:  0.0, Workers: 4
[7104.166s][debug][gc,phases      ] GC(263)     Dead                           Min: 0, Avg:  0.0, Max: 0, Diff: 0, Sum: 0, Workers: 4
[7104.166s][debug][gc,phases      ] GC(263)     Total                          Min: 0, Avg: 164.2, Max: 536, Diff: 536, Sum: 657, Workers: 4
[7104.166s][debug][gc,phases      ] GC(263)   ObjectSynchronizer Weak        Min:  0.0, Avg:  0.0, Max:  0.0, Diff:  0.0, Sum:  0.0, Workers: 4
[7104.166s][debug][gc,phases      ] GC(263)     Dead                           Min: 0, Avg:  0.0, Max: 0, Diff: 0, Sum: 0, Workers: 4
[7104.166s][debug][gc,phases      ] GC(263)     Total                          Min: 0, Avg: 63.0, Max: 128, Diff: 128, Sum: 252, Workers: 4
[7104.166s][debug][gc,phases      ] GC(263)   JVMTI Tag Weak OopStorage      Min:  0.0, Avg:  0.0, Max:  0.0, Diff:  0.0, Sum:  0.0, Workers: 4
[7104.166s][debug][gc,phases      ] GC(263)     Dead                           Min: 0, Avg:  0.0, Max: 0, Diff: 0, Sum: 0, Workers: 4
[7104.166s][debug][gc,phases      ] GC(263)     Total                          Min: 0, Avg:  0.0, Max: 0, Diff: 0, Sum: 0, Workers: 4
[7104.166s][debug][gc,phases      ] GC(263)   StringTable Weak               Min:  0.1, Avg:  0.1, Max:  0.1, Diff:  0.0, Sum:  0.4, Workers: 4
[7104.166s][debug][gc,phases      ] GC(263)     Dead                           Min: 0, Avg:  0.0, Max: 0, Diff: 0, Sum: 0, Workers: 4
[7104.166s][debug][gc,phases      ] GC(263)     Total                          Min: 11904, Avg: 12336.0, Max: 12736, Diff: 832, Sum: 49344, Workers: 4
[7104.166s][debug][gc,phases      ] GC(263)   ResolvedMethodTable Weak       Min:  0.0, Avg:  0.0, Max:  0.0, Diff:  0.0, Sum:  0.1, Workers: 4
[7104.166s][debug][gc,phases      ] GC(263)     Dead                           Min: 0, Avg:  0.0, Max: 0, Diff: 0, Sum: 0, Workers: 4
[7104.166s][debug][gc,phases      ] GC(263)     Total                          Min: 2072, Avg: 2294.0, Max: 2496, Diff: 424, Sum: 9176, Workers: 4
[7104.166s][debug][gc,phases      ] GC(263)   JNI Weak                       Min:  0.0, Avg:  0.0, Max:  0.0, Diff:  0.0, Sum:  0.0, Workers: 4
[7104.166s][debug][gc,phases      ] GC(263)     Dead                           Min: 0, Avg:  0.0, Max: 0, Diff: 0, Sum: 0, Workers: 4
[7104.166s][debug][gc,phases      ] GC(263)     Total                          Min: 0, Avg:  0.0, Max: 0, Diff: 0, Sum: 0, Workers: 4
[7104.166s][debug][gc,phases      ] GC(263)   StringDedup Table Weak         Min:  0.0, Avg:  0.0, Max:  0.0, Diff:  0.0, Sum:  0.0, Workers: 4
[7104.166s][debug][gc,phases      ] GC(263)     Dead                           Min: 0, Avg:  0.0, Max: 0, Diff: 0, Sum: 0, Workers: 4
[7104.166s][debug][gc,phases      ] GC(263)     Total                          Min: 0, Avg:  0.0, Max: 0, Diff: 0, Sum: 0, Workers: 4
[7104.166s][debug][gc,phases      ] GC(263)   StringDedup Requests0 Weak     Min:  0.0, Avg:  0.0, Max:  0.0, Diff:  0.0, Sum:  0.0, Workers: 4
[7104.166s][debug][gc,phases      ] GC(263)     Dead                           Min: 0, Avg:  0.0, Max: 0, Diff: 0, Sum: 0, Workers: 4
[7104.166s][debug][gc,phases      ] GC(263)     Total                          Min: 0, Avg:  0.0, Max: 0, Diff: 0, Sum: 0, Workers: 4
[7104.166s][debug][gc,phases      ] GC(263)   StringDedup Requests1 Weak     Min:  0.0, Avg:  0.0, Max:  0.0, Diff:  0.0, Sum:  0.0, Workers: 4
[7104.166s][debug][gc,phases      ] GC(263)     Dead                           Min: 0, Avg:  0.0, Max: 0, Diff: 0, Sum: 0, Workers: 4
[7104.166s][debug][gc,phases      ] GC(263)     Total                          Min: 0, Avg:  0.0, Max: 0, Diff: 0, Sum: 0, Workers: 4
[7104.166s][debug][gc,phases      ] GC(263)   Weak JFR Old Object Samples    Min:  0.0, Avg:  0.0, Max:  0.0, Diff:  0.0, Sum:  0.0, Workers: 4
[7104.166s][debug][gc,phases      ] GC(263)     Dead                           Min: 0, Avg:  0.0, Max: 0, Diff: 0, Sum: 0, Workers: 4
[7104.166s][debug][gc,phases      ] GC(263)     Total                          Min: 0, Avg:  0.0, Max: 0, Diff: 0, Sum: 0, Workers: 4
[7104.166s][debug][gc,phases      ] GC(263) Weak Processing 0.320ms
[7104.166s][debug][gc,age         ] GC(263) Desired survivor size 112721920 bytes, new threshold 15 (max threshold 15)
[7104.166s][info ][gc,heap        ] GC(263) PSYoungGen: 1893569K(1967104K)->48505K(1987072K) Eden: 1844224K(1844224K)->0K(1870848K) From: 49345K(122880K)->48505K(116224K)
[7104.166s][info ][gc,heap        ] GC(263) ParOldGen: 685754K(715264K)->686266K(715264K)
[7104.166s][info ][gc,metaspace   ] GC(263) Metaspace: 87554K(88512K)->87554K(88512K) NonClass: 75526K(75968K)->75526K(75968K) Class: 12028K(12544K)->12028K(12544K)
[7104.166s][info ][gc             ] GC(263) Pause Young (Allocation Failure) 2518M->717M(2639M) 13.555ms
[7104.166s][info ][gc,cpu         ] GC(263) User=0.05s Sys=0.00s Real=0.01s
[7104.166s][info ][safepoint      ] Safepoint "ParallelGCFailedAllocation", Time since last: 4623574143 ns, Reaching safepoint: 101501 ns, At safepoint: 13640307 ns, Total: 13741808 ns
[7120.167s][info ][safepoint      ] Safepoint "Cleanup", Time since last: 16000970482 ns, Reaching safepoint: 50901 ns, At safepoint: 4500 ns, Total: 55401 ns
[7124.167s][info ][safepoint      ] Safepoint "Cleanup", Time since last: 4000252130 ns, Reaching safepoint: 50201 ns, At safepoint: 10300 ns, Total: 60501 ns
[7126.167s][info ][safepoint      ] Safepoint "Cleanup", Time since last: 2000177809 ns, Reaching safepoint: 49601 ns, At safepoint: 4600 ns, Total: 54201 ns
[7129.168s][info ][safepoint      ] Safepoint "Cleanup", Time since last: 3000241207 ns, Reaching safepoint: 42901 ns, At safepoint: 3000 ns, Total: 45901 ns
[7152.691s][info ][gc,start       ] GC(264) Pause Young (Allocation Failure)
[7152.706s][debug][gc,phases      ] GC(264) Scavenge 15.422ms
[7152.706s][debug][gc,ref         ] GC(264) Skipped phase 1 of Reference Processing: no references
[7152.706s][debug][gc,ref         ] GC(264) ReferenceProcessor::execute queues: 1, RefProcThreadModel::Single, marks_oops_alive: false
[7152.706s][debug][gc,ref         ] GC(264) Skipped phase 3 of Reference Processing: no references
[7152.706s][debug][gc,ref         ] GC(264) ReferenceProcessor::execute queues: 1, RefProcThreadModel::Single, marks_oops_alive: false
[7152.706s][debug][gc,phases      ] GC(264) Reference Processing 0.141ms
[7152.707s][debug][gc,phases      ] GC(264)   VM Weak                        Min:  0.0, Avg:  0.0, Max:  0.0, Diff:  0.0, Sum:  0.0, Workers: 4
[7152.707s][debug][gc,phases      ] GC(264)     Dead                           Min: 0, Avg:  0.0, Max: 0, Diff: 0, Sum: 0, Workers: 4
[7152.707s][debug][gc,phases      ] GC(264)     Total                          Min: 0, Avg: 164.2, Max: 433, Diff: 433, Sum: 657, Workers: 4
[7152.707s][debug][gc,phases      ] GC(264)   ObjectSynchronizer Weak        Min:  0.0, Avg:  0.0, Max:  0.0, Diff:  0.0, Sum:  0.0, Workers: 4
[7152.707s][debug][gc,phases      ] GC(264)     Dead                           Min: 0, Avg:  0.0, Max: 0, Diff: 0, Sum: 0, Workers: 4
[7152.707s][debug][gc,phases      ] GC(264)     Total                          Min: 0, Avg: 63.0, Max: 128, Diff: 128, Sum: 252, Workers: 4
[7152.707s][debug][gc,phases      ] GC(264)   JVMTI Tag Weak OopStorage      Min:  0.0, Avg:  0.0, Max:  0.0, Diff:  0.0, Sum:  0.0, Workers: 4
[7152.707s][debug][gc,phases      ] GC(264)     Dead                           Min: 0, Avg:  0.0, Max: 0, Diff: 0, Sum: 0, Workers: 4
[7152.707s][debug][gc,phases      ] GC(264)     Total                          Min: 0, Avg:  0.0, Max: 0, Diff: 0, Sum: 0, Workers: 4
[7152.707s][debug][gc,phases      ] GC(264)   StringTable Weak               Min:  0.1, Avg:  0.1, Max:  0.1, Diff:  0.0, Sum:  0.5, Workers: 4
[7152.707s][debug][gc,phases      ] GC(264)     Dead                           Min: 0, Avg:  0.0, Max: 0, Diff: 0, Sum: 0, Workers: 4
[7152.707s][debug][gc,phases      ] GC(264)     Total                          Min: 11456, Avg: 12336.0, Max: 13056, Diff: 1600, Sum: 49344, Workers: 4
[7152.707s][debug][gc,phases      ] GC(264)   ResolvedMethodTable Weak       Min:  0.0, Avg:  0.0, Max:  0.0, Diff:  0.0, Sum:  0.1, Workers: 4
[7152.707s][debug][gc,phases      ] GC(264)     Dead                           Min: 0, Avg:  0.0, Max: 0, Diff: 0, Sum: 0, Workers: 4
[7152.707s][debug][gc,phases      ] GC(264)     Total                          Min: 2048, Avg: 2294.0, Max: 2432, Diff: 384, Sum: 9176, Workers: 4
[7152.707s][debug][gc,phases      ] GC(264)   JNI Weak                       Min:  0.0, Avg:  0.0, Max:  0.0, Diff:  0.0, Sum:  0.0, Workers: 4
[7152.707s][debug][gc,phases      ] GC(264)     Dead                           Min: 0, Avg:  0.0, Max: 0, Diff: 0, Sum: 0, Workers: 4
[7152.707s][debug][gc,phases      ] GC(264)     Total                          Min: 0, Avg:  0.0, Max: 0, Diff: 0, Sum: 0, Workers: 4
[7152.707s][debug][gc,phases      ] GC(264)   StringDedup Table Weak         Min:  0.0, Avg:  0.0, Max:  0.0, Diff:  0.0, Sum:  0.0, Workers: 4
[7152.707s][debug][gc,phases      ] GC(264)     Dead                           Min: 0, Avg:  0.0, Max: 0, Diff: 0, Sum: 0, Workers: 4
[7152.707s][debug][gc,phases      ] GC(264)     Total                          Min: 0, Avg:  0.0, Max: 0, Diff: 0, Sum: 0, Workers: 4
[7152.707s][debug][gc,phases      ] GC(264)   StringDedup Requests0 Weak     Min:  0.0, Avg:  0.0, Max:  0.0, Diff:  0.0, Sum:  0.0, Workers: 4
[7152.707s][debug][gc,phases      ] GC(264)     Dead                           Min: 0, Avg:  0.0, Max: 0, Diff: 0, Sum: 0, Workers: 4
[7152.707s][debug][gc,phases      ] GC(264)     Total                          Min: 0, Avg:  0.0, Max: 0, Diff: 0, Sum: 0, Workers: 4
[7152.707s][debug][gc,phases      ] GC(264)   StringDedup Requests1 Weak     Min:  0.0, Avg:  0.0, Max:  0.0, Diff:  0.0, Sum:  0.0, Workers: 4
[7152.707s][debug][gc,phases      ] GC(264)     Dead                           Min: 0, Avg:  0.0, Max: 0, Diff: 0, Sum: 0, Workers: 4
[7152.707s][debug][gc,phases      ] GC(264)     Total                          Min: 0, Avg:  0.0, Max: 0, Diff: 0, Sum: 0, Workers: 4
[7152.707s][debug][gc,phases      ] GC(264)   Weak JFR Old Object Samples    Min:  0.0, Avg:  0.0, Max:  0.0, Diff:  0.0, Sum:  0.0, Workers: 4
[7152.707s][debug][gc,phases      ] GC(264)     Dead                           Min: 0, Avg:  0.0, Max: 0, Diff: 0, Sum: 0, Workers: 4
[7152.707s][debug][gc,phases      ] GC(264)     Total                          Min: 0, Avg:  0.0, Max: 0, Diff: 0, Sum: 0, Workers: 4
[7152.707s][debug][gc,phases      ] GC(264) Weak Processing 0.351ms
[7152.707s][debug][gc,age         ] GC(264) Desired survivor size 108003328 bytes, new threshold 15 (max threshold 15)
[7152.707s][info ][gc,heap        ] GC(264) PSYoungGen: 1919353K(1987072K)->46305K(1980928K) Eden: 1870848K(1870848K)->0K(1870848K) From: 48505K(116224K)->46305K(110080K)
[7152.707s][info ][gc,heap        ] GC(264) ParOldGen: 686266K(715264K)->688650K(715264K)
[7152.707s][info ][gc,metaspace   ] GC(264) Metaspace: 87554K(88512K)->87554K(88512K) NonClass: 75526K(75968K)->75526K(75968K) Class: 12028K(12544K)->12028K(12544K)
[7152.707s][info ][gc             ] GC(264) Pause Young (Allocation Failure) 2544M->717M(2633M) 16.052ms
[7152.707s][info ][gc,cpu         ] GC(264) User=0.06s Sys=0.00s Real=0.01s
[7152.707s][info ][safepoint      ] Safepoint "ParallelGCFailedAllocation", Time since last: 23522951015 ns, Reaching safepoint: 43500 ns, At safepoint: 16171444 ns, Total: 16214944 ns
[7167.708s][info ][safepoint      ] Safepoint "Cleanup", Time since last: 15000927359 ns, Reaching safepoint: 113302 ns, At safepoint: 6100 ns, Total: 119402 ns
[7175.709s][info ][safepoint      ] Safepoint "Cleanup", Time since last: 8000587581 ns, Reaching safepoint: 120702 ns, At safepoint: 6100 ns, Total: 126802 ns
[7199.905s][info ][gc,start       ] GC(265) Pause Young (Allocation Failure)
[7199.918s][debug][gc,phases      ] GC(265) Scavenge 13.028ms
[7199.918s][debug][gc,ref         ] GC(265) Skipped phase 1 of Reference Processing: no references
[7199.918s][debug][gc,ref         ] GC(265) ReferenceProcessor::execute queues: 1, RefProcThreadModel::Single, marks_oops_alive: false
[7199.918s][debug][gc,ref         ] GC(265) Skipped phase 3 of Reference Processing: no references
[7199.918s][debug][gc,ref         ] GC(265) ReferenceProcessor::execute queues: 1, RefProcThreadModel::Single, marks_oops_alive: false
[7199.918s][debug][gc,phases      ] GC(265) Reference Processing 0.125ms
[7199.918s][debug][gc,phases      ] GC(265)   VM Weak                        Min:  0.0, Avg:  0.0, Max:  0.0, Diff:  0.0, Sum:  0.0, Workers: 4
[7199.918s][debug][gc,phases      ] GC(265)     Dead                           Min: 0, Avg:  0.0, Max: 0, Diff: 0, Sum: 0, Workers: 4
[7199.918s][debug][gc,phases      ] GC(265)     Total                          Min: 0, Avg: 164.2, Max: 657, Diff: 657, Sum: 657, Workers: 4
[7199.918s][debug][gc,phases      ] GC(265)   ObjectSynchronizer Weak        Min:  0.0, Avg:  0.0, Max:  0.0, Diff:  0.0, Sum:  0.0, Workers: 4
[7199.918s][debug][gc,phases      ] GC(265)     Dead                           Min: 0, Avg:  0.0, Max: 0, Diff: 0, Sum: 0, Workers: 4
[7199.918s][debug][gc,phases      ] GC(265)     Total                          Min: 0, Avg: 63.0, Max: 252, Diff: 252, Sum: 252, Workers: 4
[7199.918s][debug][gc,phases      ] GC(265)   JVMTI Tag Weak OopStorage      Min:  0.0, Avg:  0.0, Max:  0.0, Diff:  0.0, Sum:  0.0, Workers: 4
[7199.918s][debug][gc,phases      ] GC(265)     Dead                           Min: 0, Avg:  0.0, Max: 0, Diff: 0, Sum: 0, Workers: 4
[7199.918s][debug][gc,phases      ] GC(265)     Total                          Min: 0, Avg:  0.0, Max: 0, Diff: 0, Sum: 0, Workers: 4
[7199.918s][debug][gc,phases      ] GC(265)   StringTable Weak               Min:  0.1, Avg:  0.1, Max:  0.1, Diff:  0.0, Sum:  0.5, Workers: 4
[7199.918s][debug][gc,phases      ] GC(265)     Dead                           Min: 0, Avg:  0.0, Max: 0, Diff: 0, Sum: 0, Workers: 4
[7199.918s][debug][gc,phases      ] GC(265)     Total                          Min: 11584, Avg: 12336.0, Max: 12992, Diff: 1408, Sum: 49344, Workers: 4
[7199.918s][debug][gc,phases      ] GC(265)   ResolvedMethodTable Weak       Min:  0.0, Avg:  0.0, Max:  0.0, Diff:  0.0, Sum:  0.1, Workers: 4
[7199.918s][debug][gc,phases      ] GC(265)     Dead                           Min: 0, Avg:  0.0, Max: 0, Diff: 0, Sum: 0, Workers: 4
[7199.918s][debug][gc,phases      ] GC(265)     Total                          Min: 2048, Avg: 2294.0, Max: 2432, Diff: 384, Sum: 9176, Workers: 4
[7199.918s][debug][gc,phases      ] GC(265)   JNI Weak                       Min:  0.0, Avg:  0.0, Max:  0.0, Diff:  0.0, Sum:  0.0, Workers: 4
[7199.918s][debug][gc,phases      ] GC(265)     Dead                           Min: 0, Avg:  0.0, Max: 0, Diff: 0, Sum: 0, Workers: 4
[7199.918s][debug][gc,phases      ] GC(265)     Total                          Min: 0, Avg:  0.0, Max: 0, Diff: 0, Sum: 0, Workers: 4
[7199.918s][debug][gc,phases      ] GC(265)   StringDedup Table Weak         Min:  0.0, Avg:  0.0, Max:  0.0, Diff:  0.0, Sum:  0.0, Workers: 4
[7199.918s][debug][gc,phases      ] GC(265)     Dead                           Min: 0, Avg:  0.0, Max: 0, Diff: 0, Sum: 0, Workers: 4
[7199.918s][debug][gc,phases      ] GC(265)     Total                          Min: 0, Avg:  0.0, Max: 0, Diff: 0, Sum: 0, Workers: 4
[7199.918s][debug][gc,phases      ] GC(265)   StringDedup Requests0 Weak     Min:  0.0, Avg:  0.0, Max:  0.0, Diff:  0.0, Sum:  0.0, Workers: 4
[7199.918s][debug][gc,phases      ] GC(265)     Dead                           Min: 0, Avg:  0.0, Max: 0, Diff: 0, Sum: 0, Workers: 4
[7199.918s][debug][gc,phases      ] GC(265)     Total                          Min: 0, Avg:  0.0, Max: 0, Diff: 0, Sum: 0, Workers: 4
[7199.918s][debug][gc,phases      ] GC(265)   StringDedup Requests1 Weak     Min:  0.0, Avg:  0.0, Max:  0.0, Diff:  0.0, Sum:  0.0, Workers: 4
[7199.918s][debug][gc,phases      ] GC(265)     Dead                           Min: 0, Avg:  0.0, Max: 0, Diff: 0, Sum: 0, Workers: 4
[7199.918s][debug][gc,phases      ] GC(265)     Total                          Min: 0, Avg:  0.0, Max: 0, Diff: 0, Sum: 0, Workers: 4
[7199.918s][debug][gc,phases      ] GC(265)   Weak JFR Old Object Samples    Min:  0.0, Avg:  0.0, Max:  0.0, Diff:  0.0, Sum:  0.0, Workers: 4
[7199.918s][debug][gc,phases      ] GC(265)     Dead                           Min: 0, Avg:  0.0, Max: 0, Diff: 0, Sum: 0, Workers: 4
[7199.918s][debug][gc,phases      ] GC(265)     Total                          Min: 0, Avg:  0.0, Max: 0, Diff: 0, Sum: 0, Workers: 4
[7199.918s][debug][gc,phases      ] GC(265) Weak Processing 0.343ms
[7199.918s][debug][gc,age         ] GC(265) Desired survivor size 103284736 bytes, new threshold 15 (max threshold 15)
[7199.918s][info ][gc,heap        ] GC(265) PSYoungGen: 1917153K(1980928K)->45713K(1996288K) Eden: 1870848K(1870848K)->0K(1890816K) From: 46305K(110080K)->45713K(105472K)
[7199.918s][info ][gc,heap        ] GC(265) ParOldGen: 688650K(715264K)->689453K(715264K)
[7199.918s][info ][gc,metaspace   ] GC(265) Metaspace: 87556K(88512K)->87556K(88512K) NonClass: 75527K(75968K)->75527K(75968K) Class: 12028K(12544K)->12028K(12544K)
[7199.918s][info ][gc             ] GC(265) Pause Young (Allocation Failure) 2544M->717M(2648M) 13.647ms
[7199.918s][info ][gc,cpu         ] GC(265) User=0.05s Sys=0.00s Real=0.01s
[7199.918s][info ][safepoint      ] Safepoint "ParallelGCFailedAllocation", Time since last: 24195903817 ns, Reaching safepoint: 46201 ns, At safepoint: 13743706 ns, Total: 13789907 ns
[7210.919s][info ][safepoint      ] Safepoint "Cleanup", Time since last: 11000723633 ns, Reaching safepoint: 31400 ns, At safepoint: 3600 ns, Total: 35000 ns
[7249.469s][info ][safepoint      ] Safepoint "ParallelGCFailedAllocation", Time since last: 38550026583 ns, Reaching safepoint: 39000 ns, At safepoint: 10001 ns, Total: 49001 ns
[7249.470s][info ][gc,start       ] GC(266) Pause Young (GCLocker Initiated GC)
[7249.482s][debug][gc,phases      ] GC(266) Scavenge 12.520ms
[7249.483s][debug][gc,ref         ] GC(266) Skipped phase 1 of Reference Processing: no references
[7249.483s][debug][gc,ref         ] GC(266) ReferenceProcessor::execute queues: 1, RefProcThreadModel::Single, marks_oops_alive: false
[7249.483s][debug][gc,ref         ] GC(266) Skipped phase 3 of Reference Processing: no references
[7249.483s][debug][gc,ref         ] GC(266) ReferenceProcessor::execute queues: 1, RefProcThreadModel::Single, marks_oops_alive: false
[7249.483s][debug][gc,phases      ] GC(266) Reference Processing 0.123ms
[7249.483s][debug][gc,phases      ] GC(266)   VM Weak                        Min:  0.0, Avg:  0.0, Max:  0.0, Diff:  0.0, Sum:  0.0, Workers: 4
[7249.483s][debug][gc,phases      ] GC(266)     Dead                           Min: 0, Avg:  0.0, Max: 0, Diff: 0, Sum: 0, Workers: 4
[7249.483s][debug][gc,phases      ] GC(266)     Total                          Min: 0, Avg: 164.2, Max: 657, Diff: 657, Sum: 657, Workers: 4
[7249.483s][debug][gc,phases      ] GC(266)   ObjectSynchronizer Weak        Min:  0.0, Avg:  0.0, Max:  0.0, Diff:  0.0, Sum:  0.0, Workers: 4
[7249.483s][debug][gc,phases      ] GC(266)     Dead                           Min: 0, Avg:  0.0, Max: 0, Diff: 0, Sum: 0, Workers: 4
[7249.483s][debug][gc,phases      ] GC(266)     Total                          Min: 0, Avg: 63.0, Max: 128, Diff: 128, Sum: 252, Workers: 4
[7249.483s][debug][gc,phases      ] GC(266)   JVMTI Tag Weak OopStorage      Min:  0.0, Avg:  0.0, Max:  0.0, Diff:  0.0, Sum:  0.0, Workers: 4
[7249.483s][debug][gc,phases      ] GC(266)     Dead                           Min: 0, Avg:  0.0, Max: 0, Diff: 0, Sum: 0, Workers: 4
[7249.483s][debug][gc,phases      ] GC(266)     Total                          Min: 0, Avg:  0.0, Max: 0, Diff: 0, Sum: 0, Workers: 4
[7249.483s][debug][gc,phases      ] GC(266)   StringTable Weak               Min:  0.1, Avg:  0.1, Max:  0.1, Diff:  0.0, Sum:  0.4, Workers: 4
[7249.483s][debug][gc,phases      ] GC(266)     Dead                           Min: 0, Avg:  0.0, Max: 0, Diff: 0, Sum: 0, Workers: 4
[7249.483s][debug][gc,phases      ] GC(266)     Total                          Min: 11716, Avg: 12337.0, Max: 12992, Diff: 1276, Sum: 49348, Workers: 4
[7249.483s][debug][gc,phases      ] GC(266)   ResolvedMethodTable Weak       Min:  0.0, Avg:  0.0, Max:  0.0, Diff:  0.0, Sum:  0.1, Workers: 4
[7249.483s][debug][gc,phases      ] GC(266)     Dead                           Min: 0, Avg:  0.0, Max: 0, Diff: 0, Sum: 0, Workers: 4
[7249.483s][debug][gc,phases      ] GC(266)     Total                          Min: 2048, Avg: 2294.0, Max: 2496, Diff: 448, Sum: 9176, Workers: 4
[7249.483s][debug][gc,phases      ] GC(266)   JNI Weak                       Min:  0.0, Avg:  0.0, Max:  0.0, Diff:  0.0, Sum:  0.0, Workers: 4
[7249.483s][debug][gc,phases      ] GC(266)     Dead                           Min: 0, Avg:  0.0, Max: 0, Diff: 0, Sum: 0, Workers: 4
[7249.483s][debug][gc,phases      ] GC(266)     Total                          Min: 0, Avg:  0.0, Max: 0, Diff: 0, Sum: 0, Workers: 4
[7249.483s][debug][gc,phases      ] GC(266)   StringDedup Table Weak         Min:  0.0, Avg:  0.0, Max:  0.0, Diff:  0.0, Sum:  0.0, Workers: 4
[7249.483s][debug][gc,phases      ] GC(266)     Dead                           Min: 0, Avg:  0.0, Max: 0, Diff: 0, Sum: 0, Workers: 4
[7249.483s][debug][gc,phases      ] GC(266)     Total                          Min: 0, Avg:  0.0, Max: 0, Diff: 0, Sum: 0, Workers: 4
[7249.483s][debug][gc,phases      ] GC(266)   StringDedup Requests0 Weak     Min:  0.0, Avg:  0.0, Max:  0.0, Diff:  0.0, Sum:  0.0, Workers: 4
[7249.483s][debug][gc,phases      ] GC(266)     Dead                           Min: 0, Avg:  0.0, Max: 0, Diff: 0, Sum: 0, Workers: 4
[7249.483s][debug][gc,phases      ] GC(266)     Total                          Min: 0, Avg:  0.0, Max: 0, Diff: 0, Sum: 0, Workers: 4
[7249.483s][debug][gc,phases      ] GC(266)   StringDedup Requests1 Weak     Min:  0.0, Avg:  0.0, Max:  0.0, Diff:  0.0, Sum:  0.0, Workers: 4
[7249.483s][debug][gc,phases      ] GC(266)     Dead                           Min: 0, Avg:  0.0, Max: 0, Diff: 0, Sum: 0, Workers: 4
[7249.483s][debug][gc,phases      ] GC(266)     Total                          Min: 0, Avg:  0.0, Max: 0, Diff: 0, Sum: 0, Workers: 4
[7249.483s][debug][gc,phases      ] GC(266)   Weak JFR Old Object Samples    Min:  0.0, Avg:  0.0, Max:  0.0, Diff:  0.0, Sum:  0.0, Workers: 4
[7249.483s][debug][gc,phases      ] GC(266)     Dead                           Min: 0, Avg:  0.0, Max: 0, Diff: 0, Sum: 0, Workers: 4
[7249.483s][debug][gc,phases      ] GC(266)     Total                          Min: 0, Avg:  0.0, Max: 0, Diff: 0, Sum: 0, Workers: 4
[7249.483s][debug][gc,phases      ] GC(266) Weak Processing 0.344ms
[7249.483s][debug][gc,age         ] GC(266) Desired survivor size 99090432 bytes, new threshold 15 (max threshold 15)
[7249.483s][info ][gc,heap        ] GC(266) PSYoungGen: 1936529K(1996288K)->45154K(1991680K) Eden: 1890816K(1890816K)->0K(1890816K) From: 45713K(105472K)->45154K(100864K)
[7249.483s][info ][gc,heap        ] GC(266) ParOldGen: 689621K(715264K)->690785K(715264K)
[7249.483s][info ][gc,metaspace   ] GC(266) Metaspace: 87556K(88512K)->87556K(88512K) NonClass: 75527K(75968K)->75527K(75968K) Class: 12028K(12544K)->12028K(12544K)
[7249.483s][info ][gc             ] GC(266) Pause Young (GCLocker Initiated GC) 2564M->718M(2643M) 13.105ms
[7249.483s][info ][gc,cpu         ] GC(266) User=0.05s Sys=0.00s Real=0.01s
[7249.483s][info ][safepoint      ] Safepoint "ParallelGCSystemGC", Time since last: 678810 ns, Reaching safepoint: 83701 ns, At safepoint: 13181298 ns, Total: 13264999 ns
[7263.484s][info ][safepoint      ] Safepoint "Cleanup", Time since last: 14000881740 ns, Reaching safepoint: 44701 ns, At safepoint: 6800 ns, Total: 51501 ns
[7267.484s][info ][safepoint      ] Safepoint "Cleanup", Time since last: 4000272127 ns, Reaching safepoint: 49200 ns, At safepoint: 4101 ns, Total: 53301 ns
[7268.485s][info ][safepoint      ] Safepoint "Cleanup", Time since last: 1000101080 ns, Reaching safepoint: 50101 ns, At safepoint: 6300 ns, Total: 56401 ns
[7273.485s][info ][safepoint      ] Safepoint "Cleanup", Time since last: 5000372888 ns, Reaching safepoint: 51301 ns, At safepoint: 2900 ns, Total: 54201 ns
[7288.486s][info ][safepoint      ] Safepoint "Cleanup", Time since last: 15000992952 ns, Reaching safepoint: 51801 ns, At safepoint: 9100 ns, Total: 60901 ns
[7292.486s][info ][safepoint      ] Safepoint "Cleanup", Time since last: 4000315353 ns, Reaching safepoint: 53701 ns, At safepoint: 6200 ns, Total: 59901 ns
[7299.487s][info ][safepoint      ] Safepoint "Cleanup", Time since last: 7000503115 ns, Reaching safepoint: 33501 ns, At safepoint: 3800 ns, Total: 37301 ns
[7301.056s][info ][gc,start       ] GC(267) Pause Young (Allocation Failure)
[7301.068s][debug][gc,phases      ] GC(267) Scavenge 12.299ms
[7301.069s][debug][gc,ref         ] GC(267) Skipped phase 1 of Reference Processing: no references
[7301.069s][debug][gc,ref         ] GC(267) ReferenceProcessor::execute queues: 1, RefProcThreadModel::Single, marks_oops_alive: false
[7301.069s][debug][gc,ref         ] GC(267) Skipped phase 3 of Reference Processing: no references
[7301.069s][debug][gc,ref         ] GC(267) ReferenceProcessor::execute queues: 1, RefProcThreadModel::Single, marks_oops_alive: false
[7301.069s][debug][gc,phases      ] GC(267) Reference Processing 0.119ms
[7301.069s][debug][gc,phases      ] GC(267)   VM Weak                        Min:  0.0, Avg:  0.0, Max:  0.0, Diff:  0.0, Sum:  0.0, Workers: 4
[7301.069s][debug][gc,phases      ] GC(267)     Dead                           Min: 0, Avg:  0.0, Max: 0, Diff: 0, Sum: 0, Workers: 4
[7301.069s][debug][gc,phases      ] GC(267)     Total                          Min: 0, Avg: 164.2, Max: 637, Diff: 637, Sum: 657, Workers: 4
[7301.069s][debug][gc,phases      ] GC(267)   ObjectSynchronizer Weak        Min:  0.0, Avg:  0.0, Max:  0.0, Diff:  0.0, Sum:  0.0, Workers: 4
[7301.069s][debug][gc,phases      ] GC(267)     Dead                           Min: 0, Avg:  0.0, Max: 0, Diff: 0, Sum: 0, Workers: 4
[7301.069s][debug][gc,phases      ] GC(267)     Total                          Min: 0, Avg: 63.0, Max: 188, Diff: 188, Sum: 252, Workers: 4
[7301.069s][debug][gc,phases      ] GC(267)   JVMTI Tag Weak OopStorage      Min:  0.0, Avg:  0.0, Max:  0.0, Diff:  0.0, Sum:  0.0, Workers: 4
[7301.069s][debug][gc,phases      ] GC(267)     Dead                           Min: 0, Avg:  0.0, Max: 0, Diff: 0, Sum: 0, Workers: 4
[7301.069s][debug][gc,phases      ] GC(267)     Total                          Min: 0, Avg:  0.0, Max: 0, Diff: 0, Sum: 0, Workers: 4
[7301.069s][debug][gc,phases      ] GC(267)   StringTable Weak               Min:  0.1, Avg:  0.1, Max:  0.1, Diff:  0.0, Sum:  0.4, Workers: 4
[7301.069s][debug][gc,phases      ] GC(267)     Dead                           Min: 0, Avg:  0.0, Max: 0, Diff: 0, Sum: 0, Workers: 4
[7301.069s][debug][gc,phases      ] GC(267)     Total                          Min: 10628, Avg: 12337.0, Max: 13824, Diff: 3196, Sum: 49348, Workers: 4
[7301.069s][debug][gc,phases      ] GC(267)   ResolvedMethodTable Weak       Min:  0.0, Avg:  0.0, Max:  0.0, Diff:  0.0, Sum:  0.1, Workers: 4
[7301.069s][debug][gc,phases      ] GC(267)     Dead                           Min: 0, Avg:  0.0, Max: 0, Diff: 0, Sum: 0, Workers: 4
[7301.069s][debug][gc,phases      ] GC(267)     Total                          Min: 2112, Avg: 2294.0, Max: 2496, Diff: 384, Sum: 9176, Workers: 4
[7301.069s][debug][gc,phases      ] GC(267)   JNI Weak                       Min:  0.0, Avg:  0.0, Max:  0.0, Diff:  0.0, Sum:  0.0, Workers: 4
[7301.069s][debug][gc,phases      ] GC(267)     Dead                           Min: 0, Avg:  0.0, Max: 0, Diff: 0, Sum: 0, Workers: 4
[7301.069s][debug][gc,phases      ] GC(267)     Total                          Min: 0, Avg:  0.0, Max: 0, Diff: 0, Sum: 0, Workers: 4
[7301.069s][debug][gc,phases      ] GC(267)   StringDedup Table Weak         Min:  0.0, Avg:  0.0, Max:  0.0, Diff:  0.0, Sum:  0.0, Workers: 4
[7301.069s][debug][gc,phases      ] GC(267)     Dead                           Min: 0, Avg:  0.0, Max: 0, Diff: 0, Sum: 0, Workers: 4
[7301.069s][debug][gc,phases      ] GC(267)     Total                          Min: 0, Avg:  0.0, Max: 0, Diff: 0, Sum: 0, Workers: 4
[7301.069s][debug][gc,phases      ] GC(267)   StringDedup Requests0 Weak     Min:  0.0, Avg:  0.0, Max:  0.0, Diff:  0.0, Sum:  0.0, Workers: 4
[7301.069s][debug][gc,phases      ] GC(267)     Dead                           Min: 0, Avg:  0.0, Max: 0, Diff: 0, Sum: 0, Workers: 4
[7301.069s][debug][gc,phases      ] GC(267)     Total                          Min: 0, Avg:  0.0, Max: 0, Diff: 0, Sum: 0, Workers: 4
[7301.069s][debug][gc,phases      ] GC(267)   StringDedup Requests1 Weak     Min:  0.0, Avg:  0.0, Max:  0.0, Diff:  0.0, Sum:  0.0, Workers: 4
[7301.069s][debug][gc,phases      ] GC(267)     Dead                           Min: 0, Avg:  0.0, Max: 0, Diff: 0, Sum: 0, Workers: 4
[7301.069s][debug][gc,phases      ] GC(267)     Total                          Min: 0, Avg:  0.0, Max: 0, Diff: 0, Sum: 0, Workers: 4
[7301.069s][debug][gc,phases      ] GC(267)   Weak JFR Old Object Samples    Min:  0.0, Avg:  0.0, Max:  0.0, Diff:  0.0, Sum:  0.0, Workers: 4
[7301.069s][debug][gc,phases      ] GC(267)     Dead                           Min: 0, Avg:  0.0, Max: 0, Diff: 0, Sum: 0, Workers: 4
[7301.069s][debug][gc,phases      ] GC(267)     Total                          Min: 0, Avg:  0.0, Max: 0, Diff: 0, Sum: 0, Workers: 4
[7301.069s][debug][gc,phases      ] GC(267) Weak Processing 0.307ms
[7301.069s][debug][gc,age         ] GC(267) Desired survivor size 95420416 bytes, new threshold 15 (max threshold 15)
[7301.069s][info ][gc,heap        ] GC(267) PSYoungGen: 1935970K(1991680K)->42961K(2003968K) Eden: 1890816K(1890816K)->0K(1907200K) From: 45154K(100864K)->42961K(96768K)
[7301.069s][info ][gc,heap        ] GC(267) ParOldGen: 690787K(715264K)->692612K(715264K)
[7301.069s][info ][gc,metaspace   ] GC(267) Metaspace: 87576K(88512K)->87576K(88512K) NonClass: 75547K(75968K)->75547K(75968K) Class: 12028K(12544K)->12028K(12544K)
[7301.069s][info ][gc             ] GC(267) Pause Young (Allocation Failure) 2565M->718M(2655M) 12.874ms
[7301.069s][info ][gc,cpu         ] GC(267) User=0.05s Sys=0.00s Real=0.01s
[7301.069s][info ][safepoint      ] Safepoint "ParallelGCFailedAllocation", Time since last: 1569158167 ns, Reaching safepoint: 30200 ns, At safepoint: 12953394 ns, Total: 12983594 ns
[7320.070s][info ][safepoint      ] Safepoint "Cleanup", Time since last: 19001265930 ns, Reaching safepoint: 58800 ns, At safepoint: 8701 ns, Total: 67501 ns
[7331.071s][info ][safepoint      ] Safepoint "Cleanup", Time since last: 11000722224 ns, Reaching safepoint: 44401 ns, At safepoint: 6800 ns, Total: 51201 ns
[7336.072s][info ][safepoint      ] Safepoint "Cleanup", Time since last: 5000337866 ns, Reaching safepoint: 45601 ns, At safepoint: 9000 ns, Total: 54601 ns
[7340.072s][info ][safepoint      ] Safepoint "Cleanup", Time since last: 4000296222 ns, Reaching safepoint: 63400 ns, At safepoint: 13601 ns, Total: 77001 ns
[7342.072s][info ][safepoint      ] Safepoint "Cleanup", Time since last: 2000193457 ns, Reaching safepoint: 48801 ns, At safepoint: 4100 ns, Total: 52901 ns
[7344.072s][info ][safepoint      ] Safepoint "Cleanup", Time since last: 2000138054 ns, Reaching safepoint: 43101 ns, At safepoint: 3200 ns, Total: 46301 ns
[7351.452s][info ][gc,start       ] GC(268) Pause Young (Allocation Failure)
[7351.464s][debug][gc,phases      ] GC(268) Scavenge 11.274ms
[7351.464s][debug][gc,ref         ] GC(268) Skipped phase 1 of Reference Processing: no references
[7351.464s][debug][gc,ref         ] GC(268) ReferenceProcessor::execute queues: 1, RefProcThreadModel::Single, marks_oops_alive: false
[7351.464s][debug][gc,ref         ] GC(268) Skipped phase 3 of Reference Processing: no references
[7351.464s][debug][gc,ref         ] GC(268) ReferenceProcessor::execute queues: 1, RefProcThreadModel::Single, marks_oops_alive: false
[7351.464s][debug][gc,phases      ] GC(268) Reference Processing 0.123ms
[7351.464s][debug][gc,phases      ] GC(268)   VM Weak                        Min:  0.0, Avg:  0.0, Max:  0.0, Diff:  0.0, Sum:  0.0, Workers: 4
[7351.464s][debug][gc,phases      ] GC(268)     Dead                           Min: 0, Avg:  0.0, Max: 0, Diff: 0, Sum: 0, Workers: 4
[7351.464s][debug][gc,phases      ] GC(268)     Total                          Min: 0, Avg: 164.2, Max: 593, Diff: 593, Sum: 657, Workers: 4
[7351.464s][debug][gc,phases      ] GC(268)   ObjectSynchronizer Weak        Min:  0.0, Avg:  0.0, Max:  0.0, Diff:  0.0, Sum:  0.0, Workers: 4
[7351.464s][debug][gc,phases      ] GC(268)     Dead                           Min: 0, Avg:  0.0, Max: 0, Diff: 0, Sum: 0, Workers: 4
[7351.464s][debug][gc,phases      ] GC(268)     Total                          Min: 0, Avg: 63.0, Max: 128, Diff: 128, Sum: 252, Workers: 4
[7351.464s][debug][gc,phases      ] GC(268)   JVMTI Tag Weak OopStorage      Min:  0.0, Avg:  0.0, Max:  0.0, Diff:  0.0, Sum:  0.0, Workers: 4
[7351.464s][debug][gc,phases      ] GC(268)     Dead                           Min: 0, Avg:  0.0, Max: 0, Diff: 0, Sum: 0, Workers: 4
[7351.464s][debug][gc,phases      ] GC(268)     Total                          Min: 0, Avg:  0.0, Max: 0, Diff: 0, Sum: 0, Workers: 4
[7351.464s][debug][gc,phases      ] GC(268)   StringTable Weak               Min:  0.1, Avg:  0.1, Max:  0.1, Diff:  0.0, Sum:  0.4, Workers: 4
[7351.464s][debug][gc,phases      ] GC(268)     Dead                           Min: 0, Avg:  0.0, Max: 0, Diff: 0, Sum: 0, Workers: 4
[7351.464s][debug][gc,phases      ] GC(268)     Total                          Min: 11904, Avg: 12337.5, Max: 12928, Diff: 1024, Sum: 49350, Workers: 4
[7351.464s][debug][gc,phases      ] GC(268)   ResolvedMethodTable Weak       Min:  0.0, Avg:  0.0, Max:  0.0, Diff:  0.0, Sum:  0.1, Workers: 4
[7351.464s][debug][gc,phases      ] GC(268)     Dead                           Min: 0, Avg:  0.0, Max: 0, Diff: 0, Sum: 0, Workers: 4
[7351.464s][debug][gc,phases      ] GC(268)     Total                          Min: 2176, Avg: 2294.0, Max: 2368, Diff: 192, Sum: 9176, Workers: 4
[7351.464s][debug][gc,phases      ] GC(268)   JNI Weak                       Min:  0.0, Avg:  0.0, Max:  0.0, Diff:  0.0, Sum:  0.0, Workers: 4
[7351.464s][debug][gc,phases      ] GC(268)     Dead                           Min: 0, Avg:  0.0, Max: 0, Diff: 0, Sum: 0, Workers: 4
[7351.464s][debug][gc,phases      ] GC(268)     Total                          Min: 0, Avg:  0.0, Max: 0, Diff: 0, Sum: 0, Workers: 4
[7351.464s][debug][gc,phases      ] GC(268)   StringDedup Table Weak         Min:  0.0, Avg:  0.0, Max:  0.0, Diff:  0.0, Sum:  0.0, Workers: 4
[7351.464s][debug][gc,phases      ] GC(268)     Dead                           Min: 0, Avg:  0.0, Max: 0, Diff: 0, Sum: 0, Workers: 4
[7351.464s][debug][gc,phases      ] GC(268)     Total                          Min: 0, Avg:  0.0, Max: 0, Diff: 0, Sum: 0, Workers: 4
[7351.464s][debug][gc,phases      ] GC(268)   StringDedup Requests0 Weak     Min:  0.0, Avg:  0.0, Max:  0.0, Diff:  0.0, Sum:  0.0, Workers: 4
[7351.464s][debug][gc,phases      ] GC(268)     Dead                           Min: 0, Avg:  0.0, Max: 0, Diff: 0, Sum: 0, Workers: 4
[7351.464s][debug][gc,phases      ] GC(268)     Total                          Min: 0, Avg:  0.0, Max: 0, Diff: 0, Sum: 0, Workers: 4
[7351.464s][debug][gc,phases      ] GC(268)   StringDedup Requests1 Weak     Min:  0.0, Avg:  0.0, Max:  0.0, Diff:  0.0, Sum:  0.0, Workers: 4
[7351.464s][debug][gc,phases      ] GC(268)     Dead                           Min: 0, Avg:  0.0, Max: 0, Diff: 0, Sum: 0, Workers: 4
[7351.464s][debug][gc,phases      ] GC(268)     Total                          Min: 0, Avg:  0.0, Max: 0, Diff: 0, Sum: 0, Workers: 4
[7351.464s][debug][gc,phases      ] GC(268)   Weak JFR Old Object Samples    Min:  0.0, Avg:  0.0, Max:  0.0, Diff:  0.0, Sum:  0.0, Workers: 4
[7351.464s][debug][gc,phases      ] GC(268)     Dead                           Min: 0, Avg:  0.0, Max: 0, Diff: 0, Sum: 0, Workers: 4
[7351.464s][debug][gc,phases      ] GC(268)     Total                          Min: 0, Avg:  0.0, Max: 0, Diff: 0, Sum: 0, Workers: 4
[7351.464s][debug][gc,phases      ] GC(268) Weak Processing 0.327ms
[7351.464s][debug][gc,age         ] GC(268) Desired survivor size 92274688 bytes, new threshold 15 (max threshold 15)
[7351.464s][info ][gc,heap        ] GC(268) PSYoungGen: 1950161K(2003968K)->42346K(2000384K) Eden: 1907200K(1907200K)->0K(1907200K) From: 42961K(96768K)->42346K(93184K)
[7351.464s][info ][gc,heap        ] GC(268) ParOldGen: 692612K(715264K)->692996K(715264K)
[7351.464s][info ][gc,metaspace   ] GC(268) Metaspace: 87588K(88512K)->87588K(88512K) NonClass: 75559K(75968K)->75559K(75968K) Class: 12029K(12544K)->12029K(12544K)
[7351.464s][info ][gc             ] GC(268) Pause Young (Allocation Failure) 2580M->718M(2652M) 11.863ms
[7351.464s][info ][gc,cpu         ] GC(268) User=0.04s Sys=0.00s Real=0.01s
[7351.464s][info ][safepoint      ] Safepoint "ParallelGCFailedAllocation", Time since last: 7379795628 ns, Reaching safepoint: 107901 ns, At safepoint: 11961079 ns, Total: 12068980 ns
[7374.466s][info ][safepoint      ] Safepoint "Cleanup", Time since last: 23001468227 ns, Reaching safepoint: 65901 ns, At safepoint: 7600 ns, Total: 73501 ns
[7385.467s][info ][safepoint      ] Safepoint "Cleanup", Time since last: 11000717841 ns, Reaching safepoint: 119201 ns, At safepoint: 6100 ns, Total: 125301 ns
[7391.467s][info ][safepoint      ] Safepoint "Cleanup", Time since last: 6000411092 ns, Reaching safepoint: 39001 ns, At safepoint: 2600 ns, Total: 41601 ns
[7396.467s][info ][safepoint      ] Safepoint "Cleanup", Time since last: 5000324676 ns, Reaching safepoint: 51201 ns, At safepoint: 7000 ns, Total: 58201 ns
[7401.468s][info ][safepoint      ] Safepoint "Cleanup", Time since last: 5000345862 ns, Reaching safepoint: 55501 ns, At safepoint: 12400 ns, Total: 67901 ns
[7402.144s][info ][gc,start       ] GC(269) Pause Young (Allocation Failure)
[7402.157s][debug][gc,phases      ] GC(269) Scavenge 12.654ms
[7402.157s][debug][gc,ref         ] GC(269) Skipped phase 1 of Reference Processing: no references
[7402.157s][debug][gc,ref         ] GC(269) ReferenceProcessor::execute queues: 1, RefProcThreadModel::Single, marks_oops_alive: false
[7402.157s][debug][gc,ref         ] GC(269) Skipped phase 3 of Reference Processing: no references
[7402.157s][debug][gc,ref         ] GC(269) ReferenceProcessor::execute queues: 1, RefProcThreadModel::Single, marks_oops_alive: false
[7402.157s][debug][gc,phases      ] GC(269) Reference Processing 0.126ms
[7402.157s][debug][gc,phases      ] GC(269)   VM Weak                        Min:  0.0, Avg:  0.0, Max:  0.0, Diff:  0.0, Sum:  0.0, Workers: 4
[7402.157s][debug][gc,phases      ] GC(269)     Dead                           Min: 0, Avg:  0.0, Max: 0, Diff: 0, Sum: 0, Workers: 4
[7402.157s][debug][gc,phases      ] GC(269)     Total                          Min: 0, Avg: 164.2, Max: 363, Diff: 363, Sum: 657, Workers: 4
[7402.157s][debug][gc,phases      ] GC(269)   ObjectSynchronizer Weak        Min:  0.0, Avg:  0.0, Max:  0.0, Diff:  0.0, Sum:  0.0, Workers: 4
[7402.157s][debug][gc,phases      ] GC(269)     Dead                           Min: 0, Avg:  0.0, Max: 0, Diff: 0, Sum: 0, Workers: 4
[7402.157s][debug][gc,phases      ] GC(269)     Total                          Min: 0, Avg: 63.0, Max: 128, Diff: 128, Sum: 252, Workers: 4
[7402.157s][debug][gc,phases      ] GC(269)   JVMTI Tag Weak OopStorage      Min:  0.0, Avg:  0.0, Max:  0.0, Diff:  0.0, Sum:  0.0, Workers: 4
[7402.157s][debug][gc,phases      ] GC(269)     Dead                           Min: 0, Avg:  0.0, Max: 0, Diff: 0, Sum: 0, Workers: 4
[7402.157s][debug][gc,phases      ] GC(269)     Total                          Min: 0, Avg:  0.0, Max: 0, Diff: 0, Sum: 0, Workers: 4
[7402.157s][debug][gc,phases      ] GC(269)   StringTable Weak               Min:  0.1, Avg:  0.1, Max:  0.1, Diff:  0.0, Sum:  0.4, Workers: 4
[7402.157s][debug][gc,phases      ] GC(269)     Dead                           Min: 0, Avg:  0.0, Max: 0, Diff: 0, Sum: 0, Workers: 4
[7402.157s][debug][gc,phases      ] GC(269)     Total                          Min: 11974, Avg: 12337.5, Max: 12992, Diff: 1018, Sum: 49350, Workers: 4
[7402.157s][debug][gc,phases      ] GC(269)   ResolvedMethodTable Weak       Min:  0.0, Avg:  0.0, Max:  0.0, Diff:  0.0, Sum:  0.1, Workers: 4
[7402.157s][debug][gc,phases      ] GC(269)     Dead                           Min: 0, Avg:  0.0, Max: 0, Diff: 0, Sum: 0, Workers: 4
[7402.157s][debug][gc,phases      ] GC(269)     Total                          Min: 1752, Avg: 2294.0, Max: 2496, Diff: 744, Sum: 9176, Workers: 4
[7402.157s][debug][gc,phases      ] GC(269)   JNI Weak                       Min:  0.0, Avg:  0.0, Max:  0.0, Diff:  0.0, Sum:  0.0, Workers: 4
[7402.157s][debug][gc,phases      ] GC(269)     Dead                           Min: 0, Avg:  0.0, Max: 0, Diff: 0, Sum: 0, Workers: 4
[7402.157s][debug][gc,phases      ] GC(269)     Total                          Min: 0, Avg:  0.0, Max: 0, Diff: 0, Sum: 0, Workers: 4
[7402.157s][debug][gc,phases      ] GC(269)   StringDedup Table Weak         Min:  0.0, Avg:  0.0, Max:  0.0, Diff:  0.0, Sum:  0.0, Workers: 4
[7402.157s][debug][gc,phases      ] GC(269)     Dead                           Min: 0, Avg:  0.0, Max: 0, Diff: 0, Sum: 0, Workers: 4
[7402.157s][debug][gc,phases      ] GC(269)     Total                          Min: 0, Avg:  0.0, Max: 0, Diff: 0, Sum: 0, Workers: 4
[7402.157s][debug][gc,phases      ] GC(269)   StringDedup Requests0 Weak     Min:  0.0, Avg:  0.0, Max:  0.0, Diff:  0.0, Sum:  0.0, Workers: 4
[7402.157s][debug][gc,phases      ] GC(269)     Dead                           Min: 0, Avg:  0.0, Max: 0, Diff: 0, Sum: 0, Workers: 4
[7402.157s][debug][gc,phases      ] GC(269)     Total                          Min: 0, Avg:  0.0, Max: 0, Diff: 0, Sum: 0, Workers: 4
[7402.157s][debug][gc,phases      ] GC(269)   StringDedup Requests1 Weak     Min:  0.0, Avg:  0.0, Max:  0.0, Diff:  0.0, Sum:  0.0, Workers: 4
[7402.157s][debug][gc,phases      ] GC(269)     Dead                           Min: 0, Avg:  0.0, Max: 0, Diff: 0, Sum: 0, Workers: 4
[7402.157s][debug][gc,phases      ] GC(269)     Total                          Min: 0, Avg:  0.0, Max: 0, Diff: 0, Sum: 0, Workers: 4
[7402.157s][debug][gc,phases      ] GC(269)   Weak JFR Old Object Samples    Min:  0.0, Avg:  0.0, Max:  0.0, Diff:  0.0, Sum:  0.0, Workers: 4
[7402.157s][debug][gc,phases      ] GC(269)     Dead                           Min: 0, Avg:  0.0, Max: 0, Diff: 0, Sum: 0, Workers: 4
[7402.157s][debug][gc,phases      ] GC(269)     Total                          Min: 0, Avg:  0.0, Max: 0, Diff: 0, Sum: 0, Workers: 4
[7402.157s][debug][gc,phases      ] GC(269) Weak Processing 0.344ms
[7402.157s][debug][gc,age         ] GC(269) Desired survivor size 89128960 bytes, new threshold 15 (max threshold 15)
[7402.157s][info ][gc,heap        ] GC(269) PSYoungGen: 1949546K(2000384K)->42306K(2010112K) Eden: 1907200K(1907200K)->0K(1920000K) From: 42346K(93184K)->42306K(90112K)
[7402.157s][info ][gc,heap        ] GC(269) ParOldGen: 692996K(715264K)->693200K(715264K)
[7402.157s][info ][gc,metaspace   ] GC(269) Metaspace: 87591K(88512K)->87591K(88512K) NonClass: 75562K(75968K)->75562K(75968K) Class: 12029K(12544K)->12029K(12544K)
[7402.157s][info ][gc             ] GC(269) Pause Young (Allocation Failure) 2580M->718M(2661M) 13.270ms
[7402.157s][info ][gc,cpu         ] GC(269) User=0.05s Sys=0.00s Real=0.01s
[7402.157s][info ][safepoint      ] Safepoint "ParallelGCFailedAllocation", Time since last: 675899364 ns, Reaching safepoint: 28400 ns, At safepoint: 13357399 ns, Total: 13385799 ns
[7449.160s][info ][safepoint      ] Safepoint "Cleanup", Time since last: 47002998328 ns, Reaching safepoint: 68101 ns, At safepoint: 9600 ns, Total: 77701 ns
[7456.602s][info ][gc,start       ] GC(270) Pause Young (Allocation Failure)
[7456.613s][debug][gc,phases      ] GC(270) Scavenge 10.819ms
[7456.613s][debug][gc,ref         ] GC(270) Skipped phase 1 of Reference Processing: no references
[7456.613s][debug][gc,ref         ] GC(270) ReferenceProcessor::execute queues: 1, RefProcThreadModel::Single, marks_oops_alive: false
[7456.613s][debug][gc,ref         ] GC(270) Skipped phase 3 of Reference Processing: no references
[7456.613s][debug][gc,ref         ] GC(270) ReferenceProcessor::execute queues: 1, RefProcThreadModel::Single, marks_oops_alive: false
[7456.613s][debug][gc,phases      ] GC(270) Reference Processing 0.147ms
[7456.613s][debug][gc,phases      ] GC(270)   VM Weak                        Min:  0.0, Avg:  0.0, Max:  0.0, Diff:  0.0, Sum:  0.0, Workers: 4
[7456.613s][debug][gc,phases      ] GC(270)     Dead                           Min: 0, Avg:  0.0, Max: 0, Diff: 0, Sum: 0, Workers: 4
[7456.613s][debug][gc,phases      ] GC(270)     Total                          Min: 0, Avg: 164.2, Max: 433, Diff: 433, Sum: 657, Workers: 4
[7456.613s][debug][gc,phases      ] GC(270)   ObjectSynchronizer Weak        Min:  0.0, Avg:  0.0, Max:  0.0, Diff:  0.0, Sum:  0.0, Workers: 4
[7456.613s][debug][gc,phases      ] GC(270)     Dead                           Min: 0, Avg:  0.0, Max: 0, Diff: 0, Sum: 0, Workers: 4
[7456.614s][debug][gc,phases      ] GC(270)     Total                          Min: 0, Avg: 63.0, Max: 128, Diff: 128, Sum: 252, Workers: 4
[7456.614s][debug][gc,phases      ] GC(270)   JVMTI Tag Weak OopStorage      Min:  0.0, Avg:  0.0, Max:  0.0, Diff:  0.0, Sum:  0.0, Workers: 4
[7456.614s][debug][gc,phases      ] GC(270)     Dead                           Min: 0, Avg:  0.0, Max: 0, Diff: 0, Sum: 0, Workers: 4
[7456.614s][debug][gc,phases      ] GC(270)     Total                          Min: 0, Avg:  0.0, Max: 0, Diff: 0, Sum: 0, Workers: 4
[7456.614s][debug][gc,phases      ] GC(270)   StringTable Weak               Min:  0.1, Avg:  0.1, Max:  0.1, Diff:  0.0, Sum:  0.5, Workers: 4
[7456.614s][debug][gc,phases      ] GC(270)     Dead                           Min: 0, Avg:  0.0, Max: 0, Diff: 0, Sum: 0, Workers: 4
[7456.614s][debug][gc,phases      ] GC(270)     Total                          Min: 11072, Avg: 12337.5, Max: 13958, Diff: 2886, Sum: 49350, Workers: 4
[7456.614s][debug][gc,phases      ] GC(270)   ResolvedMethodTable Weak       Min:  0.0, Avg:  0.0, Max:  0.0, Diff:  0.0, Sum:  0.1, Workers: 4
[7456.614s][debug][gc,phases      ] GC(270)     Dead                           Min: 0, Avg:  0.0, Max: 0, Diff: 0, Sum: 0, Workers: 4
[7456.614s][debug][gc,phases      ] GC(270)     Total                          Min: 2048, Avg: 2294.0, Max: 2496, Diff: 448, Sum: 9176, Workers: 4
[7456.614s][debug][gc,phases      ] GC(270)   JNI Weak                       Min:  0.0, Avg:  0.0, Max:  0.0, Diff:  0.0, Sum:  0.0, Workers: 4
[7456.614s][debug][gc,phases      ] GC(270)     Dead                           Min: 0, Avg:  0.0, Max: 0, Diff: 0, Sum: 0, Workers: 4
[7456.614s][debug][gc,phases      ] GC(270)     Total                          Min: 0, Avg:  0.0, Max: 0, Diff: 0, Sum: 0, Workers: 4
[7456.614s][debug][gc,phases      ] GC(270)   StringDedup Table Weak         Min:  0.0, Avg:  0.0, Max:  0.0, Diff:  0.0, Sum:  0.0, Workers: 4
[7456.614s][debug][gc,phases      ] GC(270)     Dead                           Min: 0, Avg:  0.0, Max: 0, Diff: 0, Sum: 0, Workers: 4
[7456.614s][debug][gc,phases      ] GC(270)     Total                          Min: 0, Avg:  0.0, Max: 0, Diff: 0, Sum: 0, Workers: 4
[7456.614s][debug][gc,phases      ] GC(270)   StringDedup Requests0 Weak     Min:  0.0, Avg:  0.0, Max:  0.0, Diff:  0.0, Sum:  0.0, Workers: 4
[7456.614s][debug][gc,phases      ] GC(270)     Dead                           Min: 0, Avg:  0.0, Max: 0, Diff: 0, Sum: 0, Workers: 4
[7456.614s][debug][gc,phases      ] GC(270)     Total                          Min: 0, Avg:  0.0, Max: 0, Diff: 0, Sum: 0, Workers: 4
[7456.614s][debug][gc,phases      ] GC(270)   StringDedup Requests1 Weak     Min:  0.0, Avg:  0.0, Max:  0.0, Diff:  0.0, Sum:  0.0, Workers: 4
[7456.614s][debug][gc,phases      ] GC(270)     Dead                           Min: 0, Avg:  0.0, Max: 0, Diff: 0, Sum: 0, Workers: 4
[7456.614s][debug][gc,phases      ] GC(270)     Total                          Min: 0, Avg:  0.0, Max: 0, Diff: 0, Sum: 0, Workers: 4
[7456.614s][debug][gc,phases      ] GC(270)   Weak JFR Old Object Samples    Min:  0.0, Avg:  0.0, Max:  0.0, Diff:  0.0, Sum:  0.0, Workers: 4
[7456.614s][debug][gc,phases      ] GC(270)     Dead                           Min: 0, Avg:  0.0, Max: 0, Diff: 0, Sum: 0, Workers: 4
[7456.614s][debug][gc,phases      ] GC(270)     Total                          Min: 0, Avg:  0.0, Max: 0, Diff: 0, Sum: 0, Workers: 4
[7456.614s][debug][gc,phases      ] GC(270) Weak Processing 0.360ms
[7456.614s][debug][gc,age         ] GC(270) Desired survivor size 85983232 bytes, new threshold 15 (max threshold 15)
[7456.614s][info ][gc,heap        ] GC(270) PSYoungGen: 1962306K(2010112K)->42562K(2007040K) Eden: 1920000K(1920000K)->0K(1920000K) From: 42306K(90112K)->42562K(87040K)
[7456.614s][info ][gc,heap        ] GC(270) ParOldGen: 693200K(715264K)->693280K(715264K)
[7456.614s][info ][gc,metaspace   ] GC(270) Metaspace: 87595K(88512K)->87595K(88512K) NonClass: 75566K(75968K)->75566K(75968K) Class: 12029K(12544K)->12029K(12544K)
[7456.614s][info ][gc             ] GC(270) Pause Young (Allocation Failure) 2593M->718M(2658M) 11.466ms
[7456.614s][info ][gc,cpu         ] GC(270) User=0.04s Sys=0.00s Real=0.01s
[7456.614s][info ][safepoint      ] Safepoint "ParallelGCFailedAllocation", Time since last: 7441867897 ns, Reaching safepoint: 67301 ns, At safepoint: 11558972 ns, Total: 11626273 ns
[7467.615s][info ][safepoint      ] Safepoint "Cleanup", Time since last: 11000723533 ns, Reaching safepoint: 46101 ns, At safepoint: 26500 ns, Total: 72601 ns
[7517.227s][info ][gc,start       ] GC(271) Pause Young (Allocation Failure)
[7517.239s][debug][gc,phases      ] GC(271) Scavenge 11.635ms
[7517.239s][debug][gc,ref         ] GC(271) Skipped phase 1 of Reference Processing: no references
[7517.239s][debug][gc,ref         ] GC(271) ReferenceProcessor::execute queues: 1, RefProcThreadModel::Single, marks_oops_alive: false
[7517.239s][debug][gc,ref         ] GC(271) Skipped phase 3 of Reference Processing: no references
[7517.239s][debug][gc,ref         ] GC(271) ReferenceProcessor::execute queues: 1, RefProcThreadModel::Single, marks_oops_alive: false
[7517.239s][debug][gc,phases      ] GC(271) Reference Processing 0.134ms
[7517.239s][debug][gc,phases      ] GC(271)   VM Weak                        Min:  0.0, Avg:  0.0, Max:  0.0, Diff:  0.0, Sum:  0.0, Workers: 4
[7517.239s][debug][gc,phases      ] GC(271)     Dead                           Min: 0, Avg:  0.0, Max: 0, Diff: 0, Sum: 0, Workers: 4
[7517.239s][debug][gc,phases      ] GC(271)     Total                          Min: 0, Avg: 164.2, Max: 593, Diff: 593, Sum: 657, Workers: 4
[7517.239s][debug][gc,phases      ] GC(271)   ObjectSynchronizer Weak        Min:  0.0, Avg:  0.0, Max:  0.0, Diff:  0.0, Sum:  0.0, Workers: 4
[7517.239s][debug][gc,phases      ] GC(271)     Dead                           Min: 0, Avg:  0.0, Max: 0, Diff: 0, Sum: 0, Workers: 4
[7517.239s][debug][gc,phases      ] GC(271)     Total                          Min: 0, Avg: 63.0, Max: 128, Diff: 128, Sum: 252, Workers: 4
[7517.239s][debug][gc,phases      ] GC(271)   JVMTI Tag Weak OopStorage      Min:  0.0, Avg:  0.0, Max:  0.0, Diff:  0.0, Sum:  0.0, Workers: 4
[7517.239s][debug][gc,phases      ] GC(271)     Dead                           Min: 0, Avg:  0.0, Max: 0, Diff: 0, Sum: 0, Workers: 4
[7517.239s][debug][gc,phases      ] GC(271)     Total                          Min: 0, Avg:  0.0, Max: 0, Diff: 0, Sum: 0, Workers: 4
[7517.239s][debug][gc,phases      ] GC(271)   StringTable Weak               Min:  0.1, Avg:  0.1, Max:  0.1, Diff:  0.0, Sum:  0.4, Workers: 4
[7517.239s][debug][gc,phases      ] GC(271)     Dead                           Min: 0, Avg:  0.0, Max: 0, Diff: 0, Sum: 0, Workers: 4
[7517.239s][debug][gc,phases      ] GC(271)     Total                          Min: 11526, Avg: 12337.5, Max: 12736, Diff: 1210, Sum: 49350, Workers: 4
[7517.239s][debug][gc,phases      ] GC(271)   ResolvedMethodTable Weak       Min:  0.0, Avg:  0.0, Max:  0.0, Diff:  0.0, Sum:  0.1, Workers: 4
[7517.239s][debug][gc,phases      ] GC(271)     Dead                           Min: 0, Avg:  0.0, Max: 0, Diff: 0, Sum: 0, Workers: 4
[7517.239s][debug][gc,phases      ] GC(271)     Total                          Min: 2048, Avg: 2294.0, Max: 2496, Diff: 448, Sum: 9176, Workers: 4
[7517.239s][debug][gc,phases      ] GC(271)   JNI Weak                       Min:  0.0, Avg:  0.0, Max:  0.0, Diff:  0.0, Sum:  0.0, Workers: 4
[7517.239s][debug][gc,phases      ] GC(271)     Dead                           Min: 0, Avg:  0.0, Max: 0, Diff: 0, Sum: 0, Workers: 4
[7517.239s][debug][gc,phases      ] GC(271)     Total                          Min: 0, Avg:  0.0, Max: 0, Diff: 0, Sum: 0, Workers: 4
[7517.239s][debug][gc,phases      ] GC(271)   StringDedup Table Weak         Min:  0.0, Avg:  0.0, Max:  0.0, Diff:  0.0, Sum:  0.0, Workers: 4
[7517.239s][debug][gc,phases      ] GC(271)     Dead                           Min: 0, Avg:  0.0, Max: 0, Diff: 0, Sum: 0, Workers: 4
[7517.239s][debug][gc,phases      ] GC(271)     Total                          Min: 0, Avg:  0.0, Max: 0, Diff: 0, Sum: 0, Workers: 4
[7517.239s][debug][gc,phases      ] GC(271)   StringDedup Requests0 Weak     Min:  0.0, Avg:  0.0, Max:  0.0, Diff:  0.0, Sum:  0.0, Workers: 4
[7517.239s][debug][gc,phases      ] GC(271)     Dead                           Min: 0, Avg:  0.0, Max: 0, Diff: 0, Sum: 0, Workers: 4
[7517.239s][debug][gc,phases      ] GC(271)     Total                          Min: 0, Avg:  0.0, Max: 0, Diff: 0, Sum: 0, Workers: 4
[7517.239s][debug][gc,phases      ] GC(271)   StringDedup Requests1 Weak     Min:  0.0, Avg:  0.0, Max:  0.0, Diff:  0.0, Sum:  0.0, Workers: 4
[7517.239s][debug][gc,phases      ] GC(271)     Dead                           Min: 0, Avg:  0.0, Max: 0, Diff: 0, Sum: 0, Workers: 4
[7517.239s][debug][gc,phases      ] GC(271)     Total                          Min: 0, Avg:  0.0, Max: 0, Diff: 0, Sum: 0, Workers: 4
[7517.239s][debug][gc,phases      ] GC(271)   Weak JFR Old Object Samples    Min:  0.0, Avg:  0.0, Max:  0.0, Diff:  0.0, Sum:  0.0, Workers: 4
[7517.239s][debug][gc,phases      ] GC(271)     Dead                           Min: 0, Avg:  0.0, Max: 0, Diff: 0, Sum: 0, Workers: 4
[7517.240s][debug][gc,phases      ] GC(271)     Total                          Min: 0, Avg:  0.0, Max: 0, Diff: 0, Sum: 0, Workers: 4
[7517.240s][debug][gc,phases      ] GC(271) Weak Processing 0.336ms
[7517.240s][debug][gc,age         ] GC(271) Desired survivor size 83361792 bytes, new threshold 15 (max threshold 15)
[7517.240s][info ][gc,heap        ] GC(271) PSYoungGen: 1962562K(2007040K)->42426K(2015744K) Eden: 1920000K(1920000K)->0K(1931776K) From: 42562K(87040K)->42426K(83968K)
[7517.240s][info ][gc,heap        ] GC(271) ParOldGen: 693280K(715264K)->693440K(715264K)
[7517.240s][info ][gc,metaspace   ] GC(271) Metaspace: 87596K(88512K)->87596K(88512K) NonClass: 75567K(75968K)->75567K(75968K) Class: 12029K(12544K)->12029K(12544K)
[7517.240s][info ][gc             ] GC(271) Pause Young (Allocation Failure) 2593M->718M(2667M) 12.253ms
[7517.240s][info ][gc,cpu         ] GC(271) User=0.05s Sys=0.00s Real=0.01s
[7517.240s][info ][safepoint      ] Safepoint "ParallelGCFailedAllocation", Time since last: 49612725224 ns, Reaching safepoint: 28801 ns, At safepoint: 12349583 ns, Total: 12378384 ns
[7578.754s][info ][gc,start       ] GC(272) Pause Young (Allocation Failure)
[7578.767s][debug][gc,phases      ] GC(272) Scavenge 13.220ms
[7578.767s][debug][gc,ref         ] GC(272) Skipped phase 1 of Reference Processing: no references
[7578.767s][debug][gc,ref         ] GC(272) ReferenceProcessor::execute queues: 1, RefProcThreadModel::Single, marks_oops_alive: false
[7578.767s][debug][gc,ref         ] GC(272) Skipped phase 3 of Reference Processing: no references
[7578.767s][debug][gc,ref         ] GC(272) ReferenceProcessor::execute queues: 1, RefProcThreadModel::Single, marks_oops_alive: false
[7578.767s][debug][gc,phases      ] GC(272) Reference Processing 0.126ms
[7578.767s][debug][gc,phases      ] GC(272)   VM Weak                        Min:  0.0, Avg:  0.0, Max:  0.0, Diff:  0.0, Sum:  0.0, Workers: 4
[7578.767s][debug][gc,phases      ] GC(272)     Dead                           Min: 0, Avg:  0.0, Max: 0, Diff: 0, Sum: 0, Workers: 4
[7578.767s][debug][gc,phases      ] GC(272)     Total                          Min: 0, Avg: 164.2, Max: 637, Diff: 637, Sum: 657, Workers: 4
[7578.767s][debug][gc,phases      ] GC(272)   ObjectSynchronizer Weak        Min:  0.0, Avg:  0.0, Max:  0.0, Diff:  0.0, Sum:  0.0, Workers: 4
[7578.767s][debug][gc,phases      ] GC(272)     Dead                           Min: 0, Avg:  0.0, Max: 0, Diff: 0, Sum: 0, Workers: 4
[7578.767s][debug][gc,phases      ] GC(272)     Total                          Min: 0, Avg: 63.0, Max: 128, Diff: 128, Sum: 252, Workers: 4
[7578.767s][debug][gc,phases      ] GC(272)   JVMTI Tag Weak OopStorage      Min:  0.0, Avg:  0.0, Max:  0.0, Diff:  0.0, Sum:  0.0, Workers: 4
[7578.767s][debug][gc,phases      ] GC(272)     Dead                           Min: 0, Avg:  0.0, Max: 0, Diff: 0, Sum: 0, Workers: 4
[7578.767s][debug][gc,phases      ] GC(272)     Total                          Min: 0, Avg:  0.0, Max: 0, Diff: 0, Sum: 0, Workers: 4
[7578.767s][debug][gc,phases      ] GC(272)   StringTable Weak               Min:  0.1, Avg:  0.1, Max:  0.1, Diff:  0.0, Sum:  0.4, Workers: 4
[7578.767s][debug][gc,phases      ] GC(272)     Dead                           Min: 0, Avg:  0.0, Max: 0, Diff: 0, Sum: 0, Workers: 4
[7578.767s][debug][gc,phases      ] GC(272)     Total                          Min: 11200, Avg: 12337.5, Max: 13312, Diff: 2112, Sum: 49350, Workers: 4
[7578.767s][debug][gc,phases      ] GC(272)   ResolvedMethodTable Weak       Min:  0.0, Avg:  0.0, Max:  0.0, Diff:  0.0, Sum:  0.1, Workers: 4
[7578.767s][debug][gc,phases      ] GC(272)     Dead                           Min: 0, Avg:  0.0, Max: 0, Diff: 0, Sum: 0, Workers: 4
[7578.767s][debug][gc,phases      ] GC(272)     Total                          Min: 2048, Avg: 2294.0, Max: 2496, Diff: 448, Sum: 9176, Workers: 4
[7578.767s][debug][gc,phases      ] GC(272)   JNI Weak                       Min:  0.0, Avg:  0.0, Max:  0.0, Diff:  0.0, Sum:  0.0, Workers: 4
[7578.767s][debug][gc,phases      ] GC(272)     Dead                           Min: 0, Avg:  0.0, Max: 0, Diff: 0, Sum: 0, Workers: 4
[7578.767s][debug][gc,phases      ] GC(272)     Total                          Min: 0, Avg:  0.0, Max: 0, Diff: 0, Sum: 0, Workers: 4
[7578.767s][debug][gc,phases      ] GC(272)   StringDedup Table Weak         Min:  0.0, Avg:  0.0, Max:  0.0, Diff:  0.0, Sum:  0.0, Workers: 4
[7578.767s][debug][gc,phases      ] GC(272)     Dead                           Min: 0, Avg:  0.0, Max: 0, Diff: 0, Sum: 0, Workers: 4
[7578.767s][debug][gc,phases      ] GC(272)     Total                          Min: 0, Avg:  0.0, Max: 0, Diff: 0, Sum: 0, Workers: 4
[7578.767s][debug][gc,phases      ] GC(272)   StringDedup Requests0 Weak     Min:  0.0, Avg:  0.0, Max:  0.0, Diff:  0.0, Sum:  0.0, Workers: 4
[7578.767s][debug][gc,phases      ] GC(272)     Dead                           Min: 0, Avg:  0.0, Max: 0, Diff: 0, Sum: 0, Workers: 4
[7578.767s][debug][gc,phases      ] GC(272)     Total                          Min: 0, Avg:  0.0, Max: 0, Diff: 0, Sum: 0, Workers: 4
[7578.767s][debug][gc,phases      ] GC(272)   StringDedup Requests1 Weak     Min:  0.0, Avg:  0.0, Max:  0.0, Diff:  0.0, Sum:  0.0, Workers: 4
[7578.767s][debug][gc,phases      ] GC(272)     Dead                           Min: 0, Avg:  0.0, Max: 0, Diff: 0, Sum: 0, Workers: 4
[7578.767s][debug][gc,phases      ] GC(272)     Total                          Min: 0, Avg:  0.0, Max: 0, Diff: 0, Sum: 0, Workers: 4
[7578.767s][debug][gc,phases      ] GC(272)   Weak JFR Old Object Samples    Min:  0.0, Avg:  0.0, Max:  0.0, Diff:  0.0, Sum:  0.0, Workers: 4
[7578.767s][debug][gc,phases      ] GC(272)     Dead                           Min: 0, Avg:  0.0, Max: 0, Diff: 0, Sum: 0, Workers: 4
[7578.767s][debug][gc,phases      ] GC(272)     Total                          Min: 0, Avg:  0.0, Max: 0, Diff: 0, Sum: 0, Workers: 4
[7578.767s][debug][gc,phases      ] GC(272) Weak Processing 0.331ms
[7578.767s][debug][gc,age         ] GC(272) Desired survivor size 84410368 bytes, new threshold 15 (max threshold 15)
[7578.767s][info ][gc,heap        ] GC(272) PSYoungGen: 1974202K(2015744K)->20944K(2013184K) Eden: 1931776K(1931776K)->0K(1931776K) From: 42426K(83968K)->20944K(81408K)
[7578.767s][info ][gc,heap        ] GC(272) ParOldGen: 693440K(715264K)->715897K(716288K)
[7578.767s][info ][gc,metaspace   ] GC(272) Metaspace: 87596K(88512K)->87596K(88512K) NonClass: 75567K(75968K)->75567K(75968K) Class: 12029K(12544K)->12029K(12544K)
[7578.767s][info ][gc             ] GC(272) Pause Young (Allocation Failure) 2605M->719M(2665M) 13.822ms
[7578.768s][info ][gc,cpu         ] GC(272) User=0.02s Sys=0.03s Real=0.01s
[7578.768s][debug][gc,phases      ] GC(273) Pre Compact 0.010ms
[7578.768s][info ][gc,start       ] GC(273) Pause Full (Ergonomics)
[7578.768s][info ][gc,phases,start] GC(273) Marking Phase
[7578.904s][debug][gc,phases      ] GC(273) Par Mark 136.188ms
[7578.904s][debug][gc,ref         ] GC(273) ReferenceProcessor::execute queues: 4, RefProcThreadModel::Multi, marks_oops_alive: true
[7578.904s][debug][gc,ref         ] GC(273) ReferenceProcessor::execute queues: 4, RefProcThreadModel::Multi, marks_oops_alive: false
[7578.905s][debug][gc,ref         ] GC(273) Skipped phase 3 of Reference Processing: no references
[7578.905s][debug][gc,ref         ] GC(273) ReferenceProcessor::execute queues: 1, RefProcThreadModel::Single, marks_oops_alive: false
[7578.905s][debug][gc,phases      ] GC(273) Reference Processing 0.815ms
[7578.905s][debug][gc,phases      ] GC(273)   VM Weak                        Min:  0.0, Avg:  0.0, Max:  0.0, Diff:  0.0, Sum:  0.0, Workers: 4
[7578.905s][debug][gc,phases      ] GC(273)     Dead                           Min: 0, Avg:  0.2, Max: 1, Diff: 1, Sum: 1, Workers: 4
[7578.905s][debug][gc,phases      ] GC(273)     Total                          Min: 0, Avg: 164.2, Max: 319, Diff: 319, Sum: 657, Workers: 4
[7578.905s][debug][gc,phases      ] GC(273)   ObjectSynchronizer Weak        Min:  0.0, Avg:  0.0, Max:  0.0, Diff:  0.0, Sum:  0.0, Workers: 4
[7578.905s][debug][gc,phases      ] GC(273)     Dead                           Min: 0, Avg:  0.0, Max: 0, Diff: 0, Sum: 0, Workers: 4
[7578.905s][debug][gc,phases      ] GC(273)     Total                          Min: 0, Avg: 63.0, Max: 128, Diff: 128, Sum: 252, Workers: 4
[7578.905s][debug][gc,phases      ] GC(273)   JVMTI Tag Weak OopStorage      Min:  0.0, Avg:  0.0, Max:  0.0, Diff:  0.0, Sum:  0.0, Workers: 4
[7578.905s][debug][gc,phases      ] GC(273)     Dead                           Min: 0, Avg:  0.0, Max: 0, Diff: 0, Sum: 0, Workers: 4
[7578.905s][debug][gc,phases      ] GC(273)     Total                          Min: 0, Avg:  0.0, Max: 0, Diff: 0, Sum: 0, Workers: 4
[7578.905s][debug][gc,phases      ] GC(273)   StringTable Weak               Min:  0.1, Avg:  0.1, Max:  0.1, Diff:  0.0, Sum:  0.6, Workers: 4
[7578.905s][debug][gc,phases      ] GC(273)     Dead                           Min: 0, Avg:  3.2, Max: 12, Diff: 12, Sum: 13, Workers: 4
[7578.905s][debug][gc,phases      ] GC(273)     Total                          Min: 12096, Avg: 12337.5, Max: 12550, Diff: 454, Sum: 49350, Workers: 4
[7578.905s][debug][gc,phases      ] GC(273)   ResolvedMethodTable Weak       Min:  0.0, Avg:  0.0, Max:  0.0, Diff:  0.0, Sum:  0.1, Workers: 4
[7578.905s][debug][gc,phases      ] GC(273)     Dead                           Min: 0, Avg:  0.5, Max: 1, Diff: 1, Sum: 2, Workers: 4
[7578.905s][debug][gc,phases      ] GC(273)     Total                          Min: 2112, Avg: 2294.0, Max: 2392, Diff: 280, Sum: 9176, Workers: 4
[7578.905s][debug][gc,phases      ] GC(273)   JNI Weak                       Min:  0.0, Avg:  0.0, Max:  0.0, Diff:  0.0, Sum:  0.0, Workers: 4
[7578.905s][debug][gc,phases      ] GC(273)     Dead                           Min: 0, Avg:  0.0, Max: 0, Diff: 0, Sum: 0, Workers: 4
[7578.905s][debug][gc,phases      ] GC(273)     Total                          Min: 0, Avg:  0.0, Max: 0, Diff: 0, Sum: 0, Workers: 4
[7578.905s][debug][gc,phases      ] GC(273)   StringDedup Table Weak         Min:  0.0, Avg:  0.0, Max:  0.0, Diff:  0.0, Sum:  0.0, Workers: 4
[7578.905s][debug][gc,phases      ] GC(273)     Dead                           Min: 0, Avg:  0.0, Max: 0, Diff: 0, Sum: 0, Workers: 4
[7578.905s][debug][gc,phases      ] GC(273)     Total                          Min: 0, Avg:  0.0, Max: 0, Diff: 0, Sum: 0, Workers: 4
[7578.905s][debug][gc,phases      ] GC(273)   StringDedup Requests0 Weak     Min:  0.0, Avg:  0.0, Max:  0.0, Diff:  0.0, Sum:  0.0, Workers: 4
[7578.905s][debug][gc,phases      ] GC(273)     Dead                           Min: 0, Avg:  0.0, Max: 0, Diff: 0, Sum: 0, Workers: 4
[7578.905s][debug][gc,phases      ] GC(273)     Total                          Min: 0, Avg:  0.0, Max: 0, Diff: 0, Sum: 0, Workers: 4
[7578.905s][debug][gc,phases      ] GC(273)   StringDedup Requests1 Weak     Min:  0.0, Avg:  0.0, Max:  0.0, Diff:  0.0, Sum:  0.0, Workers: 4
[7578.905s][debug][gc,phases      ] GC(273)     Dead                           Min: 0, Avg:  0.0, Max: 0, Diff: 0, Sum: 0, Workers: 4
[7578.905s][debug][gc,phases      ] GC(273)     Total                          Min: 0, Avg:  0.0, Max: 0, Diff: 0, Sum: 0, Workers: 4
[7578.905s][debug][gc,phases      ] GC(273)   Weak JFR Old Object Samples    Min:  0.0, Avg:  0.0, Max:  0.0, Diff:  0.0, Sum:  0.0, Workers: 4
[7578.905s][debug][gc,phases      ] GC(273)     Dead                           Min: 0, Avg:  0.0, Max: 0, Diff: 0, Sum: 0, Workers: 4
[7578.905s][debug][gc,phases      ] GC(273)     Total                          Min: 0, Avg:  0.0, Max: 0, Diff: 0, Sum: 0, Workers: 4
[7578.905s][debug][gc,phases      ] GC(273) Weak Processing 0.362ms
[7578.905s][debug][gc,phases      ] GC(273) ClassLoaderData 0.161ms
[7578.905s][debug][gc,phases      ] GC(273) Trigger cleanups 0.001ms
[7578.940s][debug][gc,phases      ] GC(273) Class Unloading 34.999ms
[7578.940s][info ][gc,phases      ] GC(273) Marking Phase 172.551ms
[7578.940s][info ][gc,phases,start] GC(273) Summary Phase
[7578.940s][info ][gc,phases      ] GC(273) Summary Phase 0.024ms
[7578.940s][info ][gc,phases,start] GC(273) Adjust Roots
[7578.957s][info ][gc,phases      ] GC(273) Adjust Roots 16.795ms
[7578.957s][info ][gc,phases,start] GC(273) Compaction Phase
[7579.056s][info ][gc,phases      ] GC(273) Compaction Phase 99.417ms
[7579.056s][info ][gc,phases,start] GC(273) Post Compact
[7579.058s][info ][gc,phases      ] GC(273) Post Compact 1.904ms
[7579.059s][info ][gc,heap        ] GC(273) PSYoungGen: 20944K(2013184K)->0K(2014720K) Eden: 0K(1931776K)->0K(1932288K) From: 20944K(81408K)->0K(82432K)
[7579.059s][info ][gc,heap        ] GC(273) ParOldGen: 715897K(716288K)->500474K(660992K)
[7579.059s][info ][gc,metaspace   ] GC(273) Metaspace: 87596K(88512K)->87594K(88512K) NonClass: 75567K(75968K)->75565K(75968K) Class: 12029K(12544K)->12028K(12544K)
[7579.059s][info ][gc             ] GC(273) Pause Full (Ergonomics) 719M->488M(2613M) 291.177ms
[7579.059s][info ][gc,cpu         ] GC(273) User=0.99s Sys=0.00s Real=0.29s
[7579.059s][info ][safepoint      ] Safepoint "ParallelGCFailedAllocation", Time since last: 61513979877 ns, Reaching safepoint: 42400 ns, At safepoint: 305165617 ns, Total: 305208017 ns
[7611.061s][info ][safepoint      ] Safepoint "Cleanup", Time since last: 32002248310 ns, Reaching safepoint: 48601 ns, At safepoint: 7800 ns, Total: 56401 ns
[7624.062s][info ][safepoint      ] Safepoint "Cleanup", Time since last: 13000908715 ns, Reaching safepoint: 50701 ns, At safepoint: 3000 ns, Total: 53701 ns
[7630.591s][info ][gc,start       ] GC(274) Pause Young (Allocation Failure)
[7630.594s][debug][gc,phases      ] GC(274) Scavenge 2.844ms
[7630.594s][debug][gc,ref         ] GC(274) Skipped phase 1 of Reference Processing: no references
[7630.594s][debug][gc,ref         ] GC(274) ReferenceProcessor::execute queues: 1, RefProcThreadModel::Single, marks_oops_alive: false
[7630.594s][debug][gc,ref         ] GC(274) Skipped phase 3 of Reference Processing: no references
[7630.594s][debug][gc,ref         ] GC(274) ReferenceProcessor::execute queues: 1, RefProcThreadModel::Single, marks_oops_alive: false
[7630.594s][debug][gc,phases      ] GC(274) Reference Processing 0.112ms
[7630.594s][debug][gc,phases      ] GC(274)   VM Weak                        Min:  0.0, Avg:  0.0, Max:  0.0, Diff:  0.0, Sum:  0.0, Workers: 4
[7630.594s][debug][gc,phases      ] GC(274)     Dead                           Min: 0, Avg:  0.0, Max: 0, Diff: 0, Sum: 0, Workers: 4
[7630.594s][debug][gc,phases      ] GC(274)     Total                          Min: 0, Avg: 164.0, Max: 383, Diff: 383, Sum: 656, Workers: 4
[7630.594s][debug][gc,phases      ] GC(274)   ObjectSynchronizer Weak        Min:  0.0, Avg:  0.0, Max:  0.0, Diff:  0.0, Sum:  0.0, Workers: 4
[7630.594s][debug][gc,phases      ] GC(274)     Dead                           Min: 0, Avg:  0.0, Max: 0, Diff: 0, Sum: 0, Workers: 4
[7630.594s][debug][gc,phases      ] GC(274)     Total                          Min: 0, Avg: 63.0, Max: 188, Diff: 188, Sum: 252, Workers: 4
[7630.594s][debug][gc,phases      ] GC(274)   JVMTI Tag Weak OopStorage      Min:  0.0, Avg:  0.0, Max:  0.0, Diff:  0.0, Sum:  0.0, Workers: 4
[7630.594s][debug][gc,phases      ] GC(274)     Dead                           Min: 0, Avg:  0.0, Max: 0, Diff: 0, Sum: 0, Workers: 4
[7630.594s][debug][gc,phases      ] GC(274)     Total                          Min: 0, Avg:  0.0, Max: 0, Diff: 0, Sum: 0, Workers: 4
[7630.594s][debug][gc,phases      ] GC(274)   StringTable Weak               Min:  0.1, Avg:  0.1, Max:  0.1, Diff:  0.0, Sum:  0.4, Workers: 4
[7630.594s][debug][gc,phases      ] GC(274)     Dead                           Min: 0, Avg:  0.0, Max: 0, Diff: 0, Sum: 0, Workers: 4
[7630.594s][debug][gc,phases      ] GC(274)     Total                          Min: 10560, Avg: 12337.5, Max: 13376, Diff: 2816, Sum: 49350, Workers: 4
[7630.594s][debug][gc,phases      ] GC(274)   ResolvedMethodTable Weak       Min:  0.0, Avg:  0.0, Max:  0.0, Diff:  0.0, Sum:  0.1, Workers: 4
