[0.003s][info][gc] Using Parallel
[0.005s][info][gc,init] Version: 17.0.2+8-LTS (release)
[0.005s][info][gc,init] CPUs: 8 total, 8 available
[0.005s][info][gc,init] Memory: 32112M
[0.005s][info][gc,init] Large Page Support: Disabled
[0.005s][info][gc,init] NUMA Support: Disabled
[0.005s][info][gc,init] Compressed Oops: Enabled (Zero based)
[0.005s][info][gc,init] Alignments: Space 512K, Generation 512K, Heap 2M
[0.005s][info][gc,init] Heap Min Capacity: 2054M
[0.005s][info][gc,init] Heap Initial Capacity: 2054M
[0.005s][info][gc,init] Heap Max Capacity: 3G
[0.005s][info][gc,init] Pre-touch: Disabled
[0.005s][info][gc,init] Parallel Workers: 4
[0.005s][info][gc,metaspace] CDS archive(s) not mapped
[0.005s][info][gc,metaspace] Compressed class space mapped at: 0x0000000800000000-0x0000000840000000, reserved size: 1073741824
[0.005s][info][gc,metaspace] Narrow klass base: 0x0000000800000000, Narrow klass shift: 0, Narrow klass range: 0x40000000
[0.689s][info][safepoint   ] Safepoint "ICBufferFull", Time since last: 667280580 ns, Reaching safepoint: 166904 ns, At safepoint: 7400 ns, Total: 174304 ns
[0.934s][info][safepoint   ] Safepoint "ICBufferFull", Time since last: 244407614 ns, Reaching safepoint: 202305 ns, At safepoint: 1700 ns, Total: 204005 ns
[1.125s][info][gc,start    ] GC(0) Pause Young (Metadata GC Threshold)
[1.135s][debug][gc,phases   ] GC(0) Scavenge 8.492ms
[1.135s][debug][gc,ref      ] GC(0) Skipped phase 1 of Reference Processing: no references
[1.135s][debug][gc,ref      ] GC(0) ReferenceProcessor::execute queues: 1, RefProcThreadModel::Single, marks_oops_alive: false
[1.135s][debug][gc,ref      ] GC(0) Skipped phase 3 of Reference Processing: no references
[1.135s][debug][gc,ref      ] GC(0) ReferenceProcessor::execute queues: 1, RefProcThreadModel::Single, marks_oops_alive: false
[1.135s][debug][gc,phases   ] GC(0) Reference Processing 0.218ms
[1.135s][debug][gc,phases   ] GC(0)   VM Weak                        Min:  0.0, Avg:  0.0, Max:  0.0, Diff:  0.0, Sum:  0.0, Workers: 4
[1.135s][debug][gc,phases   ] GC(0)     Dead                           Min: 0, Avg:  0.0, Max: 0, Diff: 0, Sum: 0, Workers: 4
[1.135s][debug][gc,phases   ] GC(0)     Total                          Min: 0, Avg: 24.0, Max: 96, Diff: 96, Sum: 96, Workers: 4
[1.135s][debug][gc,phases   ] GC(0)   ObjectSynchronizer Weak        Min:  0.0, Avg:  0.0, Max:  0.0, Diff:  0.0, Sum:  0.0, Workers: 4
[1.135s][debug][gc,phases   ] GC(0)     Dead                           Min: 0, Avg:  0.2, Max: 1, Diff: 1, Sum: 1, Workers: 4
[1.135s][debug][gc,phases   ] GC(0)     Total                          Min: 0, Avg:  1.0, Max: 4, Diff: 4, Sum: 4, Workers: 4
[1.135s][debug][gc,phases   ] GC(0)   JVMTI Tag Weak OopStorage      Min:  0.0, Avg:  0.0, Max:  0.0, Diff:  0.0, Sum:  0.0, Workers: 4
[1.135s][debug][gc,phases   ] GC(0)     Dead                           Min: 0, Avg:  0.0, Max: 0, Diff: 0, Sum: 0, Workers: 4
[1.135s][debug][gc,phases   ] GC(0)     Total                          Min: 0, Avg:  0.0, Max: 0, Diff: 0, Sum: 0, Workers: 4
[1.135s][debug][gc,phases   ] GC(0)   StringTable Weak               Min:  0.1, Avg:  0.1, Max:  0.1, Diff:  0.0, Sum:  0.3, Workers: 4
[1.135s][debug][gc,phases   ] GC(0)     Dead                           Min: 2, Avg:  7.2, Max: 14, Diff: 12, Sum: 29, Workers: 4
[1.135s][debug][gc,phases   ] GC(0)     Total                          Min: 1920, Avg: 2878.0, Max: 3840, Diff: 1920, Sum: 11512, Workers: 4
[1.135s][debug][gc,phases   ] GC(0)   ResolvedMethodTable Weak       Min:  0.0, Avg:  0.0, Max:  0.0, Diff:  0.0, Sum:  0.0, Workers: 4
[1.135s][debug][gc,phases   ] GC(0)     Dead                           Min: 1, Avg:  6.8, Max: 15, Diff: 14, Sum: 27, Workers: 4
[1.135s][debug][gc,phases   ] GC(0)     Total                          Min: 64, Avg: 142.8, Max: 192, Diff: 128, Sum: 571, Workers: 4
[1.135s][debug][gc,phases   ] GC(0)   JNI Weak                       Min:  0.0, Avg:  0.0, Max:  0.0, Diff:  0.0, Sum:  0.0, Workers: 4
[1.135s][debug][gc,phases   ] GC(0)     Dead                           Min: 0, Avg:  0.0, Max: 0, Diff: 0, Sum: 0, Workers: 4
[1.135s][debug][gc,phases   ] GC(0)     Total                          Min: 0, Avg:  0.2, Max: 1, Diff: 1, Sum: 1, Workers: 4
[1.135s][debug][gc,phases   ] GC(0)   StringDedup Table Weak         Min:  0.0, Avg:  0.0, Max:  0.0, Diff:  0.0, Sum:  0.0, Workers: 4
[1.135s][debug][gc,phases   ] GC(0)     Dead                           Min: 0, Avg:  0.0, Max: 0, Diff: 0, Sum: 0, Workers: 4
[1.135s][debug][gc,phases   ] GC(0)     Total                          Min: 0, Avg:  0.0, Max: 0, Diff: 0, Sum: 0, Workers: 4
[1.135s][debug][gc,phases   ] GC(0)   StringDedup Requests0 Weak     Min:  0.0, Avg:  0.0, Max:  0.0, Diff:  0.0, Sum:  0.0, Workers: 4
[1.135s][debug][gc,phases   ] GC(0)     Dead                           Min: 0, Avg:  0.0, Max: 0, Diff: 0, Sum: 0, Workers: 4
[1.135s][debug][gc,phases   ] GC(0)     Total                          Min: 0, Avg:  0.0, Max: 0, Diff: 0, Sum: 0, Workers: 4
[1.135s][debug][gc,phases   ] GC(0)   StringDedup Requests1 Weak     Min:  0.0, Avg:  0.0, Max:  0.0, Diff:  0.0, Sum:  0.0, Workers: 4
[1.135s][debug][gc,phases   ] GC(0)     Dead                           Min: 0, Avg:  0.0, Max: 0, Diff: 0, Sum: 0, Workers: 4
[1.135s][debug][gc,phases   ] GC(0)     Total                          Min: 0, Avg:  0.0, Max: 0, Diff: 0, Sum: 0, Workers: 4
[1.135s][debug][gc,phases   ] GC(0)   Weak JFR Old Object Samples    Min:  0.0, Avg:  0.0, Max:  0.0, Diff:  0.0, Sum:  0.0, Workers: 4
[1.135s][debug][gc,phases   ] GC(0)     Dead                           Min: 0, Avg:  0.0, Max: 0, Diff: 0, Sum: 0, Workers: 4
[1.135s][debug][gc,phases   ] GC(0)     Total                          Min: 0, Avg:  0.0, Max: 0, Diff: 0, Sum: 0, Workers: 4
[1.135s][debug][gc,phases   ] GC(0) Weak Processing 0.263ms
[1.135s][debug][gc,age      ] GC(0) Desired survivor size 536870912 bytes, new threshold 7 (max threshold 15)
[1.135s][info ][gc,heap     ] GC(0) PSYoungGen: 253558K(1572864K)->16897K(1572864K) Eden: 253558K(1048576K)->0K(1048576K) From: 0K(524288K)->16897K(524288K)
[1.135s][info ][gc,heap     ] GC(0) ParOldGen: 0K(6144K)->88K(6144K)
[1.135s][info ][gc,metaspace] GC(0) Metaspace: 21345K(21504K)->21345K(21504K) NonClass: 18876K(18944K)->18876K(18944K) Class: 2468K(2560K)->2468K(2560K)
[1.135s][info ][gc          ] GC(0) Pause Young (Metadata GC Threshold) 247M->16M(1542M) 10.636ms
[1.135s][info ][gc,cpu      ] GC(0) User=0.04s Sys=0.00s Real=0.01s
[1.135s][debug][gc,phases   ] GC(1) Pre Compact 0.010ms
[1.135s][info ][gc,start    ] GC(1) Pause Full (Metadata GC Threshold)
[1.135s][info ][gc,phases,start] GC(1) Marking Phase
[1.141s][debug][gc,phases      ] GC(1) Par Mark 5.766ms
[1.141s][debug][gc,ref         ] GC(1) Skipped phase 1 of Reference Processing: no references
[1.141s][debug][gc,ref         ] GC(1) ReferenceProcessor::execute queues: 1, RefProcThreadModel::Single, marks_oops_alive: false
[1.141s][debug][gc,ref         ] GC(1) Skipped phase 3 of Reference Processing: no references
[1.141s][debug][gc,ref         ] GC(1) ReferenceProcessor::execute queues: 1, RefProcThreadModel::Single, marks_oops_alive: false
[1.141s][debug][gc,phases      ] GC(1) Reference Processing 0.046ms
[1.141s][debug][gc,phases      ] GC(1)   VM Weak                        Min:  0.0, Avg:  0.0, Max:  0.0, Diff:  0.0, Sum:  0.0, Workers: 4
[1.141s][debug][gc,phases      ] GC(1)     Dead                           Min: 0, Avg:  0.0, Max: 0, Diff: 0, Sum: 0, Workers: 4
[1.141s][debug][gc,phases      ] GC(1)     Total                          Min: 0, Avg: 24.0, Max: 96, Diff: 96, Sum: 96, Workers: 4
[1.141s][debug][gc,phases      ] GC(1)   ObjectSynchronizer Weak        Min:  0.0, Avg:  0.0, Max:  0.0, Diff:  0.0, Sum:  0.0, Workers: 4
[1.141s][debug][gc,phases      ] GC(1)     Dead                           Min: 0, Avg:  0.0, Max: 0, Diff: 0, Sum: 0, Workers: 4
[1.141s][debug][gc,phases      ] GC(1)     Total                          Min: 0, Avg:  1.0, Max: 4, Diff: 4, Sum: 4, Workers: 4
[1.141s][debug][gc,phases      ] GC(1)   JVMTI Tag Weak OopStorage      Min:  0.0, Avg:  0.0, Max:  0.0, Diff:  0.0, Sum:  0.0, Workers: 4
[1.141s][debug][gc,phases      ] GC(1)     Dead                           Min: 0, Avg:  0.0, Max: 0, Diff: 0, Sum: 0, Workers: 4
[1.141s][debug][gc,phases      ] GC(1)     Total                          Min: 0, Avg:  0.0, Max: 0, Diff: 0, Sum: 0, Workers: 4
[1.141s][debug][gc,phases      ] GC(1)   StringTable Weak               Min:  0.0, Avg:  0.0, Max:  0.0, Diff:  0.0, Sum:  0.1, Workers: 4
[1.141s][debug][gc,phases      ] GC(1)     Dead                           Min: 0, Avg:  0.0, Max: 0, Diff: 0, Sum: 0, Workers: 4
[1.141s][debug][gc,phases      ] GC(1)     Total                          Min: 2368, Avg: 2878.0, Max: 3328, Diff: 960, Sum: 11512, Workers: 4
[1.141s][debug][gc,phases      ] GC(1)   ResolvedMethodTable Weak       Min:  0.0, Avg:  0.0, Max:  0.0, Diff:  0.0, Sum:  0.0, Workers: 4
[1.141s][debug][gc,phases      ] GC(1)     Dead                           Min: 0, Avg:  0.0, Max: 0, Diff: 0, Sum: 0, Workers: 4
[1.141s][debug][gc,phases      ] GC(1)     Total                          Min: 123, Avg: 142.8, Max: 192, Diff: 69, Sum: 571, Workers: 4
[1.141s][debug][gc,phases      ] GC(1)   JNI Weak                       Min:  0.0, Avg:  0.0, Max:  0.0, Diff:  0.0, Sum:  0.0, Workers: 4
[1.141s][debug][gc,phases      ] GC(1)     Dead                           Min: 0, Avg:  0.0, Max: 0, Diff: 0, Sum: 0, Workers: 4
[1.141s][debug][gc,phases      ] GC(1)     Total                          Min: 0, Avg:  0.2, Max: 1, Diff: 1, Sum: 1, Workers: 4
[1.141s][debug][gc,phases      ] GC(1)   StringDedup Table Weak         Min:  0.0, Avg:  0.0, Max:  0.0, Diff:  0.0, Sum:  0.0, Workers: 4
[1.141s][debug][gc,phases      ] GC(1)     Dead                           Min: 0, Avg:  0.0, Max: 0, Diff: 0, Sum: 0, Workers: 4
[1.141s][debug][gc,phases      ] GC(1)     Total                          Min: 0, Avg:  0.0, Max: 0, Diff: 0, Sum: 0, Workers: 4
[1.141s][debug][gc,phases      ] GC(1)   StringDedup Requests0 Weak     Min:  0.0, Avg:  0.0, Max:  0.0, Diff:  0.0, Sum:  0.0, Workers: 4
[1.141s][debug][gc,phases      ] GC(1)     Dead                           Min: 0, Avg:  0.0, Max: 0, Diff: 0, Sum: 0, Workers: 4
[1.141s][debug][gc,phases      ] GC(1)     Total                          Min: 0, Avg:  0.0, Max: 0, Diff: 0, Sum: 0, Workers: 4
[1.141s][debug][gc,phases      ] GC(1)   StringDedup Requests1 Weak     Min:  0.0, Avg:  0.0, Max:  0.0, Diff:  0.0, Sum:  0.0, Workers: 4
[1.141s][debug][gc,phases      ] GC(1)     Dead                           Min: 0, Avg:  0.0, Max: 0, Diff: 0, Sum: 0, Workers: 4
[1.141s][debug][gc,phases      ] GC(1)     Total                          Min: 0, Avg:  0.0, Max: 0, Diff: 0, Sum: 0, Workers: 4
[1.141s][debug][gc,phases      ] GC(1)   Weak JFR Old Object Samples    Min:  0.0, Avg:  0.0, Max:  0.0, Diff:  0.0, Sum:  0.0, Workers: 4
[1.141s][debug][gc,phases      ] GC(1)     Dead                           Min: 0, Avg:  0.0, Max: 0, Diff: 0, Sum: 0, Workers: 4
[1.141s][debug][gc,phases      ] GC(1)     Total                          Min: 0, Avg:  0.0, Max: 0, Diff: 0, Sum: 0, Workers: 4
[1.141s][debug][gc,phases      ] GC(1) Weak Processing 0.210ms
[1.141s][debug][gc,phases      ] GC(1) ClassLoaderData 0.011ms
[1.141s][debug][gc,phases      ] GC(1) Trigger cleanups 0.000ms
[1.143s][debug][gc,phases      ] GC(1) Class Unloading 1.836ms
[1.143s][info ][gc,phases      ] GC(1) Marking Phase 7.926ms
[1.143s][info ][gc,phases,start] GC(1) Summary Phase
[1.143s][info ][gc,phases      ] GC(1) Summary Phase 0.005ms
[1.143s][info ][gc,phases,start] GC(1) Adjust Roots
[1.146s][info ][gc,phases      ] GC(1) Adjust Roots 2.261ms
[1.146s][info ][gc,phases,start] GC(1) Compaction Phase
[1.156s][info ][gc,phases      ] GC(1) Compaction Phase 10.087ms
[1.156s][info ][gc,phases,start] GC(1) Post Compact
[1.156s][info ][gc,phases      ] GC(1) Post Compact 0.481ms
[1.156s][info ][gc,heap        ] GC(1) PSYoungGen: 16897K(1572864K)->11144K(1572864K) Eden: 0K(1048576K)->0K(1048576K) From: 16897K(524288K)->11144K(524288K)
[1.156s][info ][gc,heap        ] GC(1) ParOldGen: 88K(6144K)->5645K(6144K)
[1.156s][info ][gc,metaspace   ] GC(1) Metaspace: 21345K(21504K)->21345K(21504K) NonClass: 18876K(18944K)->18876K(18944K) Class: 2468K(2560K)->2468K(2560K)
[1.156s][info ][gc             ] GC(1) Pause Full (Metadata GC Threshold) 16M->16M(1542M) 20.880ms
[1.156s][info ][gc,cpu         ] GC(1) User=0.07s Sys=0.00s Real=0.02s
[1.156s][info ][safepoint      ] Safepoint "CollectForMetadataAllocation", Time since last: 190778538 ns, Reaching safepoint: 181204 ns, At safepoint: 31633053 ns, Total: 31814257 ns
[1.525s][info ][safepoint      ] Safepoint "ICBufferFull", Time since last: 369097479 ns, Reaching safepoint: 116303 ns, At safepoint: 4600 ns, Total: 120903 ns
[1.544s][info ][safepoint      ] Safepoint "ICBufferFull", Time since last: 18918650 ns, Reaching safepoint: 36901 ns, At safepoint: 6100 ns, Total: 43001 ns
[1.549s][info ][safepoint      ] Safepoint "ICBufferFull", Time since last: 4840715 ns, Reaching safepoint: 34901 ns, At safepoint: 3900 ns, Total: 38801 ns
[1.560s][info ][safepoint      ] Safepoint "ICBufferFull", Time since last: 10465949 ns, Reaching safepoint: 53202 ns, At safepoint: 4600 ns, Total: 57802 ns
[1.563s][info ][safepoint      ] Safepoint "ICBufferFull", Time since last: 2914869 ns, Reaching safepoint: 111103 ns, At safepoint: 5000 ns, Total: 116103 ns
[1.567s][info ][safepoint      ] Safepoint "ICBufferFull", Time since last: 3860192 ns, Reaching safepoint: 37900 ns, At safepoint: 9001 ns, Total: 46901 ns
[1.570s][info ][safepoint      ] Safepoint "ICBufferFull", Time since last: 3171875 ns, Reaching safepoint: 119403 ns, At safepoint: 4500 ns, Total: 123903 ns
[1.573s][info ][safepoint      ] Safepoint "ICBufferFull", Time since last: 2737065 ns, Reaching safepoint: 34301 ns, At safepoint: 1300 ns, Total: 35601 ns
[1.576s][info ][safepoint      ] Safepoint "ICBufferFull", Time since last: 2866168 ns, Reaching safepoint: 100103 ns, At safepoint: 4900 ns, Total: 105003 ns
[1.583s][info ][safepoint      ] Safepoint "ICBufferFull", Time since last: 7202671 ns, Reaching safepoint: 44901 ns, At safepoint: 2600 ns, Total: 47501 ns
[1.585s][info ][safepoint      ] Safepoint "ICBufferFull", Time since last: 1590238 ns, Reaching safepoint: 31501 ns, At safepoint: 1000 ns, Total: 32501 ns
[1.585s][info ][safepoint      ] Safepoint "ICBufferFull", Time since last: 531012 ns, Reaching safepoint: 16401 ns, At safepoint: 4700 ns, Total: 21101 ns
[1.631s][info ][safepoint      ] Safepoint "ICBufferFull", Time since last: 45527483 ns, Reaching safepoint: 113003 ns, At safepoint: 5700 ns, Total: 118703 ns
[1.653s][info ][safepoint      ] Safepoint "ICBufferFull", Time since last: 22332031 ns, Reaching safepoint: 62301 ns, At safepoint: 1800 ns, Total: 64101 ns
[1.655s][info ][safepoint      ] Safepoint "ICBufferFull", Time since last: 1193429 ns, Reaching safepoint: 36401 ns, At safepoint: 2400 ns, Total: 38801 ns
[1.656s][info ][safepoint      ] Safepoint "ICBufferFull", Time since last: 1169328 ns, Reaching safepoint: 30800 ns, At safepoint: 6500 ns, Total: 37300 ns
[1.657s][info ][safepoint      ] Safepoint "ICBufferFull", Time since last: 807820 ns, Reaching safepoint: 16200 ns, At safepoint: 1100 ns, Total: 17300 ns
[1.658s][info ][safepoint      ] Safepoint "ICBufferFull", Time since last: 1049925 ns, Reaching safepoint: 28001 ns, At safepoint: 900 ns, Total: 28901 ns
[1.658s][info ][safepoint      ] Safepoint "ICBufferFull", Time since last: 728017 ns, Reaching safepoint: 17100 ns, At safepoint: 1301 ns, Total: 18401 ns
[1.660s][info ][safepoint      ] Safepoint "ICBufferFull", Time since last: 1362132 ns, Reaching safepoint: 15700 ns, At safepoint: 5200 ns, Total: 20900 ns
[1.661s][info ][safepoint      ] Safepoint "ICBufferFull", Time since last: 758418 ns, Reaching safepoint: 16401 ns, At safepoint: 3500 ns, Total: 19901 ns
[1.662s][info ][safepoint      ] Safepoint "ICBufferFull", Time since last: 1037325 ns, Reaching safepoint: 16400 ns, At safepoint: 900 ns, Total: 17300 ns
[1.662s][info ][safepoint      ] Safepoint "ICBufferFull", Time since last: 785119 ns, Reaching safepoint: 16200 ns, At safepoint: 1000 ns, Total: 17200 ns
[1.664s][info ][safepoint      ] Safepoint "ICBufferFull", Time since last: 1546537 ns, Reaching safepoint: 16700 ns, At safepoint: 1300 ns, Total: 18000 ns
[1.664s][info ][safepoint      ] Safepoint "ICBufferFull", Time since last: 482912 ns, Reaching safepoint: 13400 ns, At safepoint: 900 ns, Total: 14300 ns
[1.666s][info ][safepoint      ] Safepoint "ICBufferFull", Time since last: 1303931 ns, Reaching safepoint: 27401 ns, At safepoint: 5400 ns, Total: 32801 ns
[1.668s][info ][safepoint      ] Safepoint "ICBufferFull", Time since last: 1788542 ns, Reaching safepoint: 31601 ns, At safepoint: 5400 ns, Total: 37001 ns
[1.669s][info ][safepoint      ] Safepoint "ICBufferFull", Time since last: 1470435 ns, Reaching safepoint: 53102 ns, At safepoint: 5500 ns, Total: 58602 ns
[1.676s][info ][safepoint      ] Safepoint "ICBufferFull", Time since last: 7034467 ns, Reaching safepoint: 119603 ns, At safepoint: 4900 ns, Total: 124503 ns
[1.685s][info ][safepoint      ] Safepoint "ICBufferFull", Time since last: 8884711 ns, Reaching safepoint: 40501 ns, At safepoint: 2100 ns, Total: 42601 ns
[1.699s][info ][safepoint      ] Safepoint "ICBufferFull", Time since last: 14011934 ns, Reaching safepoint: 39001 ns, At safepoint: 1600 ns, Total: 40601 ns
[1.737s][info ][safepoint      ] Safepoint "ICBufferFull", Time since last: 37178384 ns, Reaching safepoint: 134703 ns, At safepoint: 5600 ns, Total: 140303 ns
[1.737s][info ][safepoint      ] Safepoint "ICBufferFull", Time since last: 514312 ns, Reaching safepoint: 16401 ns, At safepoint: 1000 ns, Total: 17401 ns
[1.740s][info ][safepoint      ] Safepoint "ICBufferFull", Time since last: 2995771 ns, Reaching safepoint: 41901 ns, At safepoint: 1300 ns, Total: 43201 ns
[1.742s][info ][safepoint      ] Safepoint "ICBufferFull", Time since last: 1983547 ns, Reaching safepoint: 19901 ns, At safepoint: 2900 ns, Total: 22801 ns
[1.800s][info ][safepoint      ] Safepoint "ICBufferFull", Time since last: 57707472 ns, Reaching safepoint: 66901 ns, At safepoint: 2400 ns, Total: 69301 ns
[1.803s][info ][safepoint      ] Safepoint "ICBufferFull", Time since last: 2888469 ns, Reaching safepoint: 39901 ns, At safepoint: 1500 ns, Total: 41401 ns
[1.804s][info ][safepoint      ] Safepoint "ICBufferFull", Time since last: 1072726 ns, Reaching safepoint: 26500 ns, At safepoint: 9700 ns, Total: 36200 ns
[1.806s][info ][safepoint      ] Safepoint "ICBufferFull", Time since last: 1510136 ns, Reaching safepoint: 19601 ns, At safepoint: 5700 ns, Total: 25301 ns
[1.807s][info ][safepoint      ] Safepoint "ICBufferFull", Time since last: 1002024 ns, Reaching safepoint: 20500 ns, At safepoint: 1500 ns, Total: 22000 ns
[1.808s][info ][safepoint      ] Safepoint "ICBufferFull", Time since last: 1402334 ns, Reaching safepoint: 31600 ns, At safepoint: 2200 ns, Total: 33800 ns
[1.810s][info ][safepoint      ] Safepoint "ICBufferFull", Time since last: 1808943 ns, Reaching safepoint: 36301 ns, At safepoint: 2200 ns, Total: 38501 ns
[1.810s][info ][safepoint      ] Safepoint "ICBufferFull", Time since last: 474912 ns, Reaching safepoint: 17300 ns, At safepoint: 1400 ns, Total: 18700 ns
[1.811s][info ][safepoint      ] Safepoint "ICBufferFull", Time since last: 842320 ns, Reaching safepoint: 17901 ns, At safepoint: 1700 ns, Total: 19601 ns
[1.813s][info ][safepoint      ] Safepoint "ICBufferFull", Time since last: 1719641 ns, Reaching safepoint: 17600 ns, At safepoint: 1400 ns, Total: 19000 ns
[1.814s][info ][safepoint      ] Safepoint "ICBufferFull", Time since last: 780419 ns, Reaching safepoint: 15200 ns, At safepoint: 1200 ns, Total: 16400 ns
[1.815s][info ][safepoint      ] Safepoint "ICBufferFull", Time since last: 824020 ns, Reaching safepoint: 16100 ns, At safepoint: 1000 ns, Total: 17100 ns
[1.815s][info ][safepoint      ] Safepoint "ICBufferFull", Time since last: 681116 ns, Reaching safepoint: 19101 ns, At safepoint: 1300 ns, Total: 20401 ns
[1.818s][info ][safepoint      ] Safepoint "ICBufferFull", Time since last: 2229253 ns, Reaching safepoint: 19200 ns, At safepoint: 1600 ns, Total: 20800 ns
[1.818s][info ][safepoint      ] Safepoint "ICBufferFull", Time since last: 625515 ns, Reaching safepoint: 16500 ns, At safepoint: 1200 ns, Total: 17700 ns
[1.820s][info ][safepoint      ] Safepoint "ICBufferFull", Time since last: 1780543 ns, Reaching safepoint: 22600 ns, At safepoint: 2200 ns, Total: 24800 ns
[1.821s][info ][safepoint      ] Safepoint "ICBufferFull", Time since last: 1190129 ns, Reaching safepoint: 31800 ns, At safepoint: 1200 ns, Total: 33000 ns
[1.823s][info ][safepoint      ] Safepoint "ICBufferFull", Time since last: 1736842 ns, Reaching safepoint: 33000 ns, At safepoint: 1200 ns, Total: 34200 ns
[1.827s][info ][safepoint      ] Safepoint "ICBufferFull", Time since last: 3577486 ns, Reaching safepoint: 33800 ns, At safepoint: 1700 ns, Total: 35500 ns
[1.830s][info ][safepoint      ] Safepoint "ICBufferFull", Time since last: 3002472 ns, Reaching safepoint: 53501 ns, At safepoint: 2500 ns, Total: 56001 ns
[1.837s][info ][safepoint      ] Safepoint "ICBufferFull", Time since last: 7251173 ns, Reaching safepoint: 32100 ns, At safepoint: 1900 ns, Total: 34000 ns
[1.838s][info ][safepoint      ] Safepoint "ICBufferFull", Time since last: 1053525 ns, Reaching safepoint: 12401 ns, At safepoint: 900 ns, Total: 13301 ns
[1.840s][info ][safepoint      ] Safepoint "ICBufferFull", Time since last: 2328355 ns, Reaching safepoint: 31401 ns, At safepoint: 1500 ns, Total: 32901 ns
[1.842s][info ][safepoint      ] Safepoint "ICBufferFull", Time since last: 1593738 ns, Reaching safepoint: 95302 ns, At safepoint: 5000 ns, Total: 100302 ns
[1.844s][info ][safepoint      ] Safepoint "ICBufferFull", Time since last: 1820243 ns, Reaching safepoint: 37601 ns, At safepoint: 2300 ns, Total: 39901 ns
[1.845s][info ][safepoint      ] Safepoint "ICBufferFull", Time since last: 1462835 ns, Reaching safepoint: 39901 ns, At safepoint: 2100 ns, Total: 42001 ns
[1.847s][info ][safepoint      ] Safepoint "ICBufferFull", Time since last: 1491736 ns, Reaching safepoint: 36400 ns, At safepoint: 4601 ns, Total: 41001 ns
[1.849s][info ][safepoint      ] Safepoint "ICBufferFull", Time since last: 1694940 ns, Reaching safepoint: 21900 ns, At safepoint: 7801 ns, Total: 29701 ns
[1.851s][info ][safepoint      ] Safepoint "ICBufferFull", Time since last: 2584461 ns, Reaching safepoint: 35201 ns, At safepoint: 1500 ns, Total: 36701 ns
[1.853s][info ][safepoint      ] Safepoint "ICBufferFull", Time since last: 1453734 ns, Reaching safepoint: 22401 ns, At safepoint: 2300 ns, Total: 24701 ns
[1.854s][info ][safepoint      ] Safepoint "ICBufferFull", Time since last: 1454835 ns, Reaching safepoint: 12600 ns, At safepoint: 700 ns, Total: 13300 ns
[1.856s][info ][safepoint      ] Safepoint "ICBufferFull", Time since last: 1726741 ns, Reaching safepoint: 17100 ns, At safepoint: 1100 ns, Total: 18200 ns
[1.858s][info ][safepoint      ] Safepoint "ICBufferFull", Time since last: 1666740 ns, Reaching safepoint: 24101 ns, At safepoint: 4500 ns, Total: 28601 ns
[1.859s][info ][safepoint      ] Safepoint "ICBufferFull", Time since last: 1769142 ns, Reaching safepoint: 26900 ns, At safepoint: 1401 ns, Total: 28301 ns
[1.861s][info ][safepoint      ] Safepoint "ICBufferFull", Time since last: 1862544 ns, Reaching safepoint: 34401 ns, At safepoint: 1000 ns, Total: 35401 ns
[1.864s][info ][safepoint      ] Safepoint "ICBufferFull", Time since last: 2420757 ns, Reaching safepoint: 54401 ns, At safepoint: 1801 ns, Total: 56202 ns
[1.872s][info ][safepoint      ] Safepoint "ICBufferFull", Time since last: 8462801 ns, Reaching safepoint: 42901 ns, At safepoint: 2000 ns, Total: 44901 ns
[1.873s][info ][safepoint      ] Safepoint "ICBufferFull", Time since last: 1016324 ns, Reaching safepoint: 23401 ns, At safepoint: 1600 ns, Total: 25001 ns
[1.874s][info ][safepoint      ] Safepoint "ICBufferFull", Time since last: 520012 ns, Reaching safepoint: 15700 ns, At safepoint: 1100 ns, Total: 16800 ns
[1.876s][info ][safepoint      ] Safepoint "ICBufferFull", Time since last: 2259954 ns, Reaching safepoint: 33201 ns, At safepoint: 5900 ns, Total: 39101 ns
[1.879s][info ][safepoint      ] Safepoint "ICBufferFull", Time since last: 2420358 ns, Reaching safepoint: 25200 ns, At safepoint: 1500 ns, Total: 26700 ns
[1.883s][info ][safepoint      ] Safepoint "ICBufferFull", Time since last: 4021096 ns, Reaching safepoint: 41001 ns, At safepoint: 6300 ns, Total: 47301 ns
[1.883s][info ][safepoint      ] Safepoint "ICBufferFull", Time since last: 673016 ns, Reaching safepoint: 22600 ns, At safepoint: 6401 ns, Total: 29001 ns
[1.890s][info ][safepoint      ] Safepoint "ICBufferFull", Time since last: 6947765 ns, Reaching safepoint: 37501 ns, At safepoint: 1500 ns, Total: 39001 ns
[1.896s][info ][safepoint      ] Safepoint "ICBufferFull", Time since last: 5402828 ns, Reaching safepoint: 37201 ns, At safepoint: 4900 ns, Total: 42101 ns
[1.897s][info ][safepoint      ] Safepoint "ICBufferFull", Time since last: 689317 ns, Reaching safepoint: 23500 ns, At safepoint: 1300 ns, Total: 24800 ns
[1.899s][info ][safepoint      ] Safepoint "ICBufferFull", Time since last: 2422358 ns, Reaching safepoint: 17200 ns, At safepoint: 1800 ns, Total: 19000 ns
[1.900s][info ][safepoint      ] Safepoint "ICBufferFull", Time since last: 1189429 ns, Reaching safepoint: 14400 ns, At safepoint: 1100 ns, Total: 15500 ns
[1.901s][info ][safepoint      ] Safepoint "ICBufferFull", Time since last: 486711 ns, Reaching safepoint: 12901 ns, At safepoint: 800 ns, Total: 13701 ns
[1.903s][info ][safepoint      ] Safepoint "ICBufferFull", Time since last: 2639163 ns, Reaching safepoint: 18900 ns, At safepoint: 1600 ns, Total: 20500 ns
[1.905s][info ][safepoint      ] Safepoint "ICBufferFull", Time since last: 1669840 ns, Reaching safepoint: 21400 ns, At safepoint: 1200 ns, Total: 22600 ns
[1.906s][info ][safepoint      ] Safepoint "ICBufferFull", Time since last: 479112 ns, Reaching safepoint: 23300 ns, At safepoint: 800 ns, Total: 24100 ns
[1.907s][info ][safepoint      ] Safepoint "ICBufferFull", Time since last: 1836244 ns, Reaching safepoint: 15200 ns, At safepoint: 1000 ns, Total: 16200 ns
[1.910s][info ][safepoint      ] Safepoint "ICBufferFull", Time since last: 2393857 ns, Reaching safepoint: 20001 ns, At safepoint: 5800 ns, Total: 25801 ns
[1.912s][info ][safepoint      ] Safepoint "ICBufferFull", Time since last: 1620238 ns, Reaching safepoint: 15501 ns, At safepoint: 1100 ns, Total: 16601 ns
[1.927s][info ][safepoint      ] Safepoint "ICBufferFull", Time since last: 15922378 ns, Reaching safepoint: 48401 ns, At safepoint: 2200 ns, Total: 50601 ns
[1.946s][info ][safepoint      ] Safepoint "ICBufferFull", Time since last: 18717146 ns, Reaching safepoint: 47201 ns, At safepoint: 5600 ns, Total: 52801 ns
[1.947s][info ][safepoint      ] Safepoint "ICBufferFull", Time since last: 830320 ns, Reaching safepoint: 29200 ns, At safepoint: 5600 ns, Total: 34800 ns
[1.948s][info ][safepoint      ] Safepoint "ICBufferFull", Time since last: 793119 ns, Reaching safepoint: 15601 ns, At safepoint: 1200 ns, Total: 16801 ns
[1.949s][info ][safepoint      ] Safepoint "ICBufferFull", Time since last: 1089226 ns, Reaching safepoint: 16400 ns, At safepoint: 1100 ns, Total: 17500 ns
[1.950s][info ][safepoint      ] Safepoint "ICBufferFull", Time since last: 756918 ns, Reaching safepoint: 12100 ns, At safepoint: 2300 ns, Total: 14400 ns
[1.952s][info ][safepoint      ] Safepoint "ICBufferFull", Time since last: 2618563 ns, Reaching safepoint: 24600 ns, At safepoint: 1100 ns, Total: 25700 ns
[1.953s][info ][safepoint      ] Safepoint "ICBufferFull", Time since last: 847620 ns, Reaching safepoint: 12201 ns, At safepoint: 800 ns, Total: 13001 ns
[1.954s][info ][safepoint      ] Safepoint "ICBufferFull", Time since last: 1134427 ns, Reaching safepoint: 11800 ns, At safepoint: 3700 ns, Total: 15500 ns
[1.955s][info ][safepoint      ] Safepoint "ICBufferFull", Time since last: 791219 ns, Reaching safepoint: 14300 ns, At safepoint: 1000 ns, Total: 15300 ns
[1.958s][info ][safepoint      ] Safepoint "ICBufferFull", Time since last: 2344756 ns, Reaching safepoint: 17000 ns, At safepoint: 1300 ns, Total: 18300 ns
[1.959s][info ][safepoint      ] Safepoint "ICBufferFull", Time since last: 1064226 ns, Reaching safepoint: 13700 ns, At safepoint: 900 ns, Total: 14600 ns
[1.960s][info ][safepoint      ] Safepoint "ICBufferFull", Time since last: 1755542 ns, Reaching safepoint: 14100 ns, At safepoint: 2200 ns, Total: 16300 ns
[1.964s][info ][safepoint      ] Safepoint "ICBufferFull", Time since last: 3381780 ns, Reaching safepoint: 15801 ns, At safepoint: 1000 ns, Total: 16801 ns
[1.965s][info ][safepoint      ] Safepoint "ICBufferFull", Time since last: 748218 ns, Reaching safepoint: 32200 ns, At safepoint: 2100 ns, Total: 34300 ns
[1.965s][info ][safepoint      ] Safepoint "ICBufferFull", Time since last: 483212 ns, Reaching safepoint: 17500 ns, At safepoint: 1300 ns, Total: 18800 ns
[1.967s][info ][safepoint      ] Safepoint "ICBufferFull", Time since last: 1728842 ns, Reaching safepoint: 31800 ns, At safepoint: 1600 ns, Total: 33400 ns
[1.968s][info ][safepoint      ] Safepoint "ICBufferFull", Time since last: 998524 ns, Reaching safepoint: 16900 ns, At safepoint: 1701 ns, Total: 18601 ns
[1.969s][info ][safepoint      ] Safepoint "ICBufferFull", Time since last: 922821 ns, Reaching safepoint: 21701 ns, At safepoint: 1100 ns, Total: 22801 ns
[1.971s][info ][safepoint      ] Safepoint "ICBufferFull", Time since last: 2034748 ns, Reaching safepoint: 15601 ns, At safepoint: 800 ns, Total: 16401 ns
[1.972s][info ][safepoint      ] Safepoint "ICBufferFull", Time since last: 1254930 ns, Reaching safepoint: 30100 ns, At safepoint: 1300 ns, Total: 31400 ns
[1.974s][info ][safepoint      ] Safepoint "ICBufferFull", Time since last: 1301131 ns, Reaching safepoint: 21301 ns, At safepoint: 3200 ns, Total: 24501 ns
[1.975s][info ][safepoint      ] Safepoint "ICBufferFull", Time since last: 1530036 ns, Reaching safepoint: 25001 ns, At safepoint: 1500 ns, Total: 26501 ns
[1.977s][info ][safepoint      ] Safepoint "ICBufferFull", Time since last: 1307131 ns, Reaching safepoint: 100802 ns, At safepoint: 5100 ns, Total: 105902 ns
[1.978s][info ][safepoint      ] Safepoint "ICBufferFull", Time since last: 1209629 ns, Reaching safepoint: 23101 ns, At safepoint: 1300 ns, Total: 24401 ns
[1.979s][info ][safepoint      ] Safepoint "ICBufferFull", Time since last: 1236629 ns, Reaching safepoint: 48401 ns, At safepoint: 5000 ns, Total: 53401 ns
[1.980s][info ][safepoint      ] Safepoint "ICBufferFull", Time since last: 1237330 ns, Reaching safepoint: 24500 ns, At safepoint: 1501 ns, Total: 26001 ns
[1.982s][info ][safepoint      ] Safepoint "ICBufferFull", Time since last: 1389533 ns, Reaching safepoint: 28600 ns, At safepoint: 1300 ns, Total: 29900 ns
[1.983s][info ][safepoint      ] Safepoint "ICBufferFull", Time since last: 1136827 ns, Reaching safepoint: 33701 ns, At safepoint: 900 ns, Total: 34601 ns
[1.984s][info ][safepoint      ] Safepoint "ICBufferFull", Time since last: 1174328 ns, Reaching safepoint: 101202 ns, At safepoint: 5701 ns, Total: 106903 ns
[1.986s][info ][safepoint      ] Safepoint "ICBufferFull", Time since last: 1348732 ns, Reaching safepoint: 17800 ns, At safepoint: 1400 ns, Total: 19200 ns
[1.987s][info ][safepoint      ] Safepoint "ICBufferFull", Time since last: 1148227 ns, Reaching safepoint: 24401 ns, At safepoint: 1100 ns, Total: 25501 ns
[1.989s][info ][safepoint      ] Safepoint "ICBufferFull", Time since last: 2053849 ns, Reaching safepoint: 34001 ns, At safepoint: 1100 ns, Total: 35101 ns
[1.989s][info ][safepoint      ] Safepoint "ICBufferFull", Time since last: 480211 ns, Reaching safepoint: 15100 ns, At safepoint: 1301 ns, Total: 16401 ns
[1.991s][info ][safepoint      ] Safepoint "ICBufferFull", Time since last: 1498235 ns, Reaching safepoint: 15801 ns, At safepoint: 1600 ns, Total: 17401 ns
[1.993s][info ][safepoint      ] Safepoint "ICBufferFull", Time since last: 2417557 ns, Reaching safepoint: 18100 ns, At safepoint: 1600 ns, Total: 19700 ns
[1.995s][info ][safepoint      ] Safepoint "ICBufferFull", Time since last: 1473036 ns, Reaching safepoint: 17600 ns, At safepoint: 1400 ns, Total: 19000 ns
[1.996s][info ][safepoint      ] Safepoint "ICBufferFull", Time since last: 1295031 ns, Reaching safepoint: 18100 ns, At safepoint: 1600 ns, Total: 19700 ns
[1.998s][info ][safepoint      ] Safepoint "ICBufferFull", Time since last: 1453135 ns, Reaching safepoint: 15800 ns, At safepoint: 1500 ns, Total: 17300 ns
[1.998s][info ][safepoint      ] Safepoint "ICBufferFull", Time since last: 470511 ns, Reaching safepoint: 14501 ns, At safepoint: 1400 ns, Total: 15901 ns
[2.000s][info ][safepoint      ] Safepoint "ICBufferFull", Time since last: 1624838 ns, Reaching safepoint: 15501 ns, At safepoint: 1500 ns, Total: 17001 ns
[2.001s][info ][safepoint      ] Safepoint "ICBufferFull", Time since last: 1465235 ns, Reaching safepoint: 15600 ns, At safepoint: 1200 ns, Total: 16800 ns
[2.002s][info ][safepoint      ] Safepoint "ICBufferFull", Time since last: 655216 ns, Reaching safepoint: 38001 ns, At safepoint: 1100 ns, Total: 39101 ns
[2.003s][info ][safepoint      ] Safepoint "ICBufferFull", Time since last: 1365732 ns, Reaching safepoint: 32801 ns, At safepoint: 900 ns, Total: 33701 ns
[2.005s][info ][safepoint      ] Safepoint "ICBufferFull", Time since last: 1343532 ns, Reaching safepoint: 12600 ns, At safepoint: 800 ns, Total: 13400 ns
[2.006s][info ][safepoint      ] Safepoint "ICBufferFull", Time since last: 1076526 ns, Reaching safepoint: 13400 ns, At safepoint: 800 ns, Total: 14200 ns
[2.007s][info ][safepoint      ] Safepoint "ICBufferFull", Time since last: 1226029 ns, Reaching safepoint: 27501 ns, At safepoint: 700 ns, Total: 28201 ns
[2.008s][info ][safepoint      ] Safepoint "ICBufferFull", Time since last: 874121 ns, Reaching safepoint: 11900 ns, At safepoint: 700 ns, Total: 12600 ns
[2.009s][info ][safepoint      ] Safepoint "ICBufferFull", Time since last: 1038125 ns, Reaching safepoint: 13200 ns, At safepoint: 800 ns, Total: 14000 ns
[2.010s][info ][safepoint      ] Safepoint "ICBufferFull", Time since last: 995124 ns, Reaching safepoint: 12900 ns, At safepoint: 900 ns, Total: 13800 ns
[2.011s][info ][safepoint      ] Safepoint "ICBufferFull", Time since last: 935722 ns, Reaching safepoint: 28801 ns, At safepoint: 800 ns, Total: 29601 ns
[2.012s][info ][safepoint      ] Safepoint "ICBufferFull", Time since last: 689116 ns, Reaching safepoint: 18401 ns, At safepoint: 4900 ns, Total: 23301 ns
[2.012s][info ][safepoint      ] Safepoint "ICBufferFull", Time since last: 669616 ns, Reaching safepoint: 13300 ns, At safepoint: 800 ns, Total: 14100 ns
[2.013s][info ][safepoint      ] Safepoint "ICBufferFull", Time since last: 718717 ns, Reaching safepoint: 82202 ns, At safepoint: 4000 ns, Total: 86202 ns
[2.014s][info ][safepoint      ] Safepoint "ICBufferFull", Time since last: 655816 ns, Reaching safepoint: 12400 ns, At safepoint: 2900 ns, Total: 15300 ns
[2.014s][info ][safepoint      ] Safepoint "ICBufferFull", Time since last: 585514 ns, Reaching safepoint: 17100 ns, At safepoint: 1201 ns, Total: 18301 ns
[2.016s][info ][safepoint      ] Safepoint "ICBufferFull", Time since last: 1583137 ns, Reaching safepoint: 44901 ns, At safepoint: 5400 ns, Total: 50301 ns
[2.017s][info ][safepoint      ] Safepoint "ICBufferFull", Time since last: 793319 ns, Reaching safepoint: 30501 ns, At safepoint: 1700 ns, Total: 32201 ns
[2.017s][info ][safepoint      ] Safepoint "ICBufferFull", Time since last: 599114 ns, Reaching safepoint: 17101 ns, At safepoint: 1400 ns, Total: 18501 ns
[2.018s][info ][safepoint      ] Safepoint "ICBufferFull", Time since last: 580213 ns, Reaching safepoint: 15001 ns, At safepoint: 1000 ns, Total: 16001 ns
[2.019s][info ][safepoint      ] Safepoint "ICBufferFull", Time since last: 634915 ns, Reaching safepoint: 13800 ns, At safepoint: 5400 ns, Total: 19200 ns
[2.019s][info ][safepoint      ] Safepoint "ICBufferFull", Time since last: 601815 ns, Reaching safepoint: 13800 ns, At safepoint: 900 ns, Total: 14700 ns
[2.020s][info ][safepoint      ] Safepoint "ICBufferFull", Time since last: 608115 ns, Reaching safepoint: 24900 ns, At safepoint: 1200 ns, Total: 26100 ns
[2.021s][info ][safepoint      ] Safepoint "ICBufferFull", Time since last: 589314 ns, Reaching safepoint: 17701 ns, At safepoint: 4600 ns, Total: 22301 ns
[2.021s][info ][safepoint      ] Safepoint "ICBufferFull", Time since last: 594714 ns, Reaching safepoint: 17300 ns, At safepoint: 1800 ns, Total: 19100 ns
[2.022s][info ][safepoint      ] Safepoint "ICBufferFull", Time since last: 693317 ns, Reaching safepoint: 29400 ns, At safepoint: 1901 ns, Total: 31301 ns
[2.023s][info ][safepoint      ] Safepoint "ICBufferFull", Time since last: 772718 ns, Reaching safepoint: 15000 ns, At safepoint: 1200 ns, Total: 16200 ns
[2.023s][info ][safepoint      ] Safepoint "ICBufferFull", Time since last: 756218 ns, Reaching safepoint: 22201 ns, At safepoint: 1600 ns, Total: 23801 ns
[2.197s][info ][safepoint      ] Safepoint "ICBufferFull", Time since last: 173419923 ns, Reaching safepoint: 92602 ns, At safepoint: 5100 ns, Total: 97702 ns
[2.241s][info ][safepoint      ] Safepoint "ICBufferFull", Time since last: 43852143 ns, Reaching safepoint: 214205 ns, At safepoint: 5900 ns, Total: 220105 ns
[2.418s][info ][gc,start       ] GC(2) Pause Young (Metadata GC Threshold)
[2.448s][debug][gc,phases      ] GC(2) Scavenge 29.893ms
[2.448s][debug][gc,ref         ] GC(2) Skipped phase 1 of Reference Processing: no references
[2.449s][debug][gc,ref         ] GC(2) ReferenceProcessor::execute queues: 1, RefProcThreadModel::Single, marks_oops_alive: false
[2.449s][debug][gc,ref         ] GC(2) Skipped phase 3 of Reference Processing: no references
[2.449s][debug][gc,ref         ] GC(2) ReferenceProcessor::execute queues: 1, RefProcThreadModel::Single, marks_oops_alive: false
[2.449s][debug][gc,phases      ] GC(2) Reference Processing 0.252ms
[2.449s][debug][gc,phases      ] GC(2)   VM Weak                        Min:  0.0, Avg:  0.0, Max:  0.0, Diff:  0.0, Sum:  0.0, Workers: 4
[2.449s][debug][gc,phases      ] GC(2)     Dead                           Min: 0, Avg:  0.0, Max: 0, Diff: 0, Sum: 0, Workers: 4
[2.449s][debug][gc,phases      ] GC(2)     Total                          Min: 0, Avg: 68.2, Max: 192, Diff: 192, Sum: 273, Workers: 4
[2.449s][debug][gc,phases      ] GC(2)   ObjectSynchronizer Weak        Min:  0.0, Avg:  0.0, Max:  0.0, Diff:  0.0, Sum:  0.0, Workers: 4
[2.449s][debug][gc,phases      ] GC(2)     Dead                           Min: 0, Avg:  1.0, Max: 4, Diff: 4, Sum: 4, Workers: 4
[2.449s][debug][gc,phases      ] GC(2)     Total                          Min: 0, Avg:  3.8, Max: 15, Diff: 15, Sum: 15, Workers: 4
[2.449s][debug][gc,phases      ] GC(2)   JVMTI Tag Weak OopStorage      Min:  0.0, Avg:  0.0, Max:  0.0, Diff:  0.0, Sum:  0.0, Workers: 4
[2.449s][debug][gc,phases      ] GC(2)     Dead                           Min: 0, Avg:  0.0, Max: 0, Diff: 0, Sum: 0, Workers: 4
[2.449s][debug][gc,phases      ] GC(2)     Total                          Min: 0, Avg:  0.0, Max: 0, Diff: 0, Sum: 0, Workers: 4
[2.449s][debug][gc,phases      ] GC(2)   StringTable Weak               Min:  0.1, Avg:  0.1, Max:  0.1, Diff:  0.0, Sum:  0.6, Workers: 4
[2.449s][debug][gc,phases      ] GC(2)     Dead                           Min: 1, Avg:  6.2, Max: 17, Diff: 16, Sum: 25, Workers: 4
[2.449s][debug][gc,phases      ] GC(2)     Total                          Min: 3840, Avg: 4944.5, Max: 6018, Diff: 2178, Sum: 19778, Workers: 4
[2.449s][debug][gc,phases      ] GC(2)   ResolvedMethodTable Weak       Min:  0.0, Avg:  0.0, Max:  0.0, Diff:  0.0, Sum:  0.1, Workers: 4
[2.449s][debug][gc,phases      ] GC(2)     Dead                           Min: 9, Avg: 18.2, Max: 37, Diff: 28, Sum: 73, Workers: 4
[2.449s][debug][gc,phases      ] GC(2)     Total                          Min: 256, Avg: 473.5, Max: 704, Diff: 448, Sum: 1894, Workers: 4
[2.449s][debug][gc,phases      ] GC(2)   JNI Weak                       Min:  0.0, Avg:  0.0, Max:  0.0, Diff:  0.0, Sum:  0.0, Workers: 4
[2.449s][debug][gc,phases      ] GC(2)     Dead                           Min: 0, Avg:  0.0, Max: 0, Diff: 0, Sum: 0, Workers: 4
[2.449s][debug][gc,phases      ] GC(2)     Total                          Min: 0, Avg:  0.0, Max: 0, Diff: 0, Sum: 0, Workers: 4
[2.449s][debug][gc,phases      ] GC(2)   StringDedup Table Weak         Min:  0.0, Avg:  0.0, Max:  0.0, Diff:  0.0, Sum:  0.0, Workers: 4
[2.449s][debug][gc,phases      ] GC(2)     Dead                           Min: 0, Avg:  0.0, Max: 0, Diff: 0, Sum: 0, Workers: 4
[2.449s][debug][gc,phases      ] GC(2)     Total                          Min: 0, Avg:  0.0, Max: 0, Diff: 0, Sum: 0, Workers: 4
[2.449s][debug][gc,phases      ] GC(2)   StringDedup Requests0 Weak     Min:  0.0, Avg:  0.0, Max:  0.0, Diff:  0.0, Sum:  0.0, Workers: 4
[2.449s][debug][gc,phases      ] GC(2)     Dead                           Min: 0, Avg:  0.0, Max: 0, Diff: 0, Sum: 0, Workers: 4
[2.449s][debug][gc,phases      ] GC(2)     Total                          Min: 0, Avg:  0.0, Max: 0, Diff: 0, Sum: 0, Workers: 4
[2.449s][debug][gc,phases      ] GC(2)   StringDedup Requests1 Weak     Min:  0.0, Avg:  0.0, Max:  0.0, Diff:  0.0, Sum:  0.0, Workers: 4
[2.449s][debug][gc,phases      ] GC(2)     Dead                           Min: 0, Avg:  0.0, Max: 0, Diff: 0, Sum: 0, Workers: 4
[2.449s][debug][gc,phases      ] GC(2)     Total                          Min: 0, Avg:  0.0, Max: 0, Diff: 0, Sum: 0, Workers: 4
[2.449s][debug][gc,phases      ] GC(2)   Weak JFR Old Object Samples    Min:  0.0, Avg:  0.0, Max:  0.0, Diff:  0.0, Sum:  0.0, Workers: 4
[2.449s][debug][gc,phases      ] GC(2)     Dead                           Min: 0, Avg:  0.0, Max: 0, Diff: 0, Sum: 0, Workers: 4
[2.449s][debug][gc,phases      ] GC(2)     Total                          Min: 0, Avg:  0.0, Max: 0, Diff: 0, Sum: 0, Workers: 4
[2.449s][debug][gc,phases      ] GC(2) Weak Processing 0.349ms
[2.449s][debug][gc,age         ] GC(2) Desired survivor size 536870912 bytes, new threshold 7 (max threshold 15)
[2.449s][info ][gc,heap        ] GC(2) PSYoungGen: 456806K(1572864K)->56630K(1572864K) Eden: 445662K(1048576K)->0K(1048576K) From: 11144K(524288K)->56630K(524288K)
[2.449s][info ][gc,heap        ] GC(2) ParOldGen: 5645K(6144K)->5653K(6144K)
[2.449s][info ][gc,metaspace   ] GC(2) Metaspace: 35427K(35840K)->35427K(35840K) NonClass: 30957K(31168K)->30957K(31168K) Class: 4470K(4672K)->4470K(4672K)
[2.449s][info ][gc             ] GC(2) Pause Young (Metadata GC Threshold) 451M->60M(1542M) 30.621ms
[2.449s][info ][gc,cpu         ] GC(2) User=0.11s Sys=0.01s Real=0.03s
[2.449s][debug][gc,phases      ] GC(3) Pre Compact 0.013ms
[2.449s][info ][gc,start       ] GC(3) Pause Full (Metadata GC Threshold)
[2.449s][info ][gc,phases,start] GC(3) Marking Phase
[2.466s][debug][gc,phases      ] GC(3) Par Mark 17.133ms
[2.466s][debug][gc,ref         ] GC(3) Skipped phase 1 of Reference Processing: no references
[2.466s][debug][gc,ref         ] GC(3) ReferenceProcessor::execute queues: 2, RefProcThreadModel::Multi, marks_oops_alive: false
[2.466s][debug][gc,ref         ] GC(3) Skipped phase 3 of Reference Processing: no references
[2.466s][debug][gc,ref         ] GC(3) ReferenceProcessor::execute queues: 1, RefProcThreadModel::Single, marks_oops_alive: false
[2.466s][debug][gc,phases      ] GC(3) Reference Processing 0.145ms
[2.467s][debug][gc,phases      ] GC(3)   VM Weak                        Min:  0.0, Avg:  0.0, Max:  0.0, Diff:  0.0, Sum:  0.0, Workers: 4
[2.467s][debug][gc,phases      ] GC(3)     Dead                           Min: 0, Avg:  0.0, Max: 0, Diff: 0, Sum: 0, Workers: 4
[2.467s][debug][gc,phases      ] GC(3)     Total                          Min: 0, Avg: 68.2, Max: 145, Diff: 145, Sum: 273, Workers: 4
[2.467s][debug][gc,phases      ] GC(3)   ObjectSynchronizer Weak        Min:  0.0, Avg:  0.0, Max:  0.0, Diff:  0.0, Sum:  0.0, Workers: 4
[2.467s][debug][gc,phases      ] GC(3)     Dead                           Min: 0, Avg:  0.0, Max: 0, Diff: 0, Sum: 0, Workers: 4
[2.467s][debug][gc,phases      ] GC(3)     Total                          Min: 0, Avg:  3.8, Max: 15, Diff: 15, Sum: 15, Workers: 4
[2.467s][debug][gc,phases      ] GC(3)   JVMTI Tag Weak OopStorage      Min:  0.0, Avg:  0.0, Max:  0.0, Diff:  0.0, Sum:  0.0, Workers: 4
[2.467s][debug][gc,phases      ] GC(3)     Dead                           Min: 0, Avg:  0.0, Max: 0, Diff: 0, Sum: 0, Workers: 4
[2.467s][debug][gc,phases      ] GC(3)     Total                          Min: 0, Avg:  0.0, Max: 0, Diff: 0, Sum: 0, Workers: 4
[2.467s][debug][gc,phases      ] GC(3)   StringTable Weak               Min:  0.1, Avg:  0.1, Max:  0.1, Diff:  0.0, Sum:  0.3, Workers: 4
[2.467s][debug][gc,phases      ] GC(3)     Dead                           Min: 0, Avg:  0.0, Max: 0, Diff: 0, Sum: 0, Workers: 4
[2.467s][debug][gc,phases      ] GC(3)     Total                          Min: 4288, Avg: 4944.5, Max: 5440, Diff: 1152, Sum: 19778, Workers: 4
[2.467s][debug][gc,phases      ] GC(3)   ResolvedMethodTable Weak       Min:  0.0, Avg:  0.0, Max:  0.0, Diff:  0.0, Sum:  0.0, Workers: 4
[2.467s][debug][gc,phases      ] GC(3)     Dead                           Min: 0, Avg:  0.0, Max: 0, Diff: 0, Sum: 0, Workers: 4
[2.467s][debug][gc,phases      ] GC(3)     Total                          Min: 384, Avg: 473.5, Max: 576, Diff: 192, Sum: 1894, Workers: 4
[2.467s][debug][gc,phases      ] GC(3)   JNI Weak                       Min:  0.0, Avg:  0.0, Max:  0.0, Diff:  0.0, Sum:  0.0, Workers: 4
[2.467s][debug][gc,phases      ] GC(3)     Dead                           Min: 0, Avg:  0.0, Max: 0, Diff: 0, Sum: 0, Workers: 4
[2.467s][debug][gc,phases      ] GC(3)     Total                          Min: 0, Avg:  0.0, Max: 0, Diff: 0, Sum: 0, Workers: 4
[2.467s][debug][gc,phases      ] GC(3)   StringDedup Table Weak         Min:  0.0, Avg:  0.0, Max:  0.0, Diff:  0.0, Sum:  0.0, Workers: 4
[2.467s][debug][gc,phases      ] GC(3)     Dead                           Min: 0, Avg:  0.0, Max: 0, Diff: 0, Sum: 0, Workers: 4
[2.467s][debug][gc,phases      ] GC(3)     Total                          Min: 0, Avg:  0.0, Max: 0, Diff: 0, Sum: 0, Workers: 4
[2.467s][debug][gc,phases      ] GC(3)   StringDedup Requests0 Weak     Min:  0.0, Avg:  0.0, Max:  0.0, Diff:  0.0, Sum:  0.0, Workers: 4
[2.467s][debug][gc,phases      ] GC(3)     Dead                           Min: 0, Avg:  0.0, Max: 0, Diff: 0, Sum: 0, Workers: 4
[2.467s][debug][gc,phases      ] GC(3)     Total                          Min: 0, Avg:  0.0, Max: 0, Diff: 0, Sum: 0, Workers: 4
[2.467s][debug][gc,phases      ] GC(3)   StringDedup Requests1 Weak     Min:  0.0, Avg:  0.0, Max:  0.0, Diff:  0.0, Sum:  0.0, Workers: 4
[2.467s][debug][gc,phases      ] GC(3)     Dead                           Min: 0, Avg:  0.0, Max: 0, Diff: 0, Sum: 0, Workers: 4
[2.467s][debug][gc,phases      ] GC(3)     Total                          Min: 0, Avg:  0.0, Max: 0, Diff: 0, Sum: 0, Workers: 4
[2.467s][debug][gc,phases      ] GC(3)   Weak JFR Old Object Samples    Min:  0.0, Avg:  0.0, Max:  0.0, Diff:  0.0, Sum:  0.0, Workers: 4
[2.467s][debug][gc,phases      ] GC(3)     Dead                           Min: 0, Avg:  0.0, Max: 0, Diff: 0, Sum: 0, Workers: 4
[2.467s][debug][gc,phases      ] GC(3)     Total                          Min: 0, Avg:  0.0, Max: 0, Diff: 0, Sum: 0, Workers: 4
[2.467s][debug][gc,phases      ] GC(3) Weak Processing 0.251ms
[2.467s][debug][gc,phases      ] GC(3) ClassLoaderData 0.040ms
[2.467s][debug][gc,phases      ] GC(3) Trigger cleanups 0.000ms
[2.470s][debug][gc,phases      ] GC(3) Class Unloading 3.739ms
[2.470s][info ][gc,phases      ] GC(3) Marking Phase 21.373ms
[2.470s][info ][gc,phases,start] GC(3) Summary Phase
[2.471s][info ][gc,phases      ] GC(3) Summary Phase 0.006ms
[2.471s][info ][gc,phases,start] GC(3) Adjust Roots
[2.475s][info ][gc,phases      ] GC(3) Adjust Roots 4.702ms
[2.475s][info ][gc,phases,start] GC(3) Compaction Phase
[2.703s][info ][gc,phases      ] GC(3) Compaction Phase 227.317ms
[2.703s][info ][gc,phases,start] GC(3) Post Compact
[2.703s][info ][gc,phases      ] GC(3) Post Compact 0.616ms
[2.703s][info ][gc,heap        ] GC(3) PSYoungGen: 56630K(1572864K)->55920K(1572864K) Eden: 0K(1048576K)->0K(1048576K) From: 56630K(524288K)->55920K(524288K)
[2.703s][info ][gc,heap        ] GC(3) ParOldGen: 5653K(6144K)->6115K(6144K)
[2.703s][info ][gc,metaspace   ] GC(3) Metaspace: 35427K(35840K)->35427K(35840K) NonClass: 30957K(31168K)->30957K(31168K) Class: 4470K(4672K)->4470K(4672K)
[2.703s][info ][gc             ] GC(3) Pause Full (Metadata GC Threshold) 60M->60M(1542M) 254.143ms
[2.703s][info ][gc,cpu         ] GC(3) User=0.56s Sys=0.00s Real=0.26s
[2.703s][info ][safepoint      ] Safepoint "CollectForMetadataAllocation", Time since last: 177278715 ns, Reaching safepoint: 99903 ns, At safepoint: 284881173 ns, Total: 284981076 ns
[2.947s][info ][safepoint      ] Safepoint "ICBufferFull", Time since last: 243205181 ns, Reaching safepoint: 134403 ns, At safepoint: 9100 ns, Total: 143503 ns
[3.033s][info ][safepoint      ] Safepoint "ICBufferFull", Time since last: 86082846 ns, Reaching safepoint: 213205 ns, At safepoint: 7500 ns, Total: 220705 ns
[3.270s][info ][safepoint      ] Safepoint "ICBufferFull", Time since last: 236990233 ns, Reaching safepoint: 233805 ns, At safepoint: 18701 ns, Total: 252506 ns
[3.270s][info ][safepoint      ] Safepoint "ICBufferFull", Time since last: 57501 ns, Reaching safepoint: 85402 ns, At safepoint: 23200 ns, Total: 108602 ns
[3.370s][info ][safepoint      ] Safepoint "ICBufferFull", Time since last: 99565167 ns, Reaching safepoint: 229405 ns, At safepoint: 23401 ns, Total: 252806 ns
[3.596s][info ][safepoint      ] Safepoint "ICBufferFull", Time since last: 225220052 ns, Reaching safepoint: 220006 ns, At safepoint: 23900 ns, Total: 243906 ns
[3.659s][info ][safepoint      ] Safepoint "ICBufferFull", Time since last: 63282104 ns, Reaching safepoint: 128903 ns, At safepoint: 26101 ns, Total: 155004 ns
[3.773s][info ][safepoint      ] Safepoint "ICBufferFull", Time since last: 113690701 ns, Reaching safepoint: 213305 ns, At safepoint: 26201 ns, Total: 239506 ns
[3.900s][info ][safepoint      ] Safepoint "ICBufferFull", Time since last: 126377602 ns, Reaching safepoint: 294307 ns, At safepoint: 25601 ns, Total: 319908 ns
[3.914s][info ][safepoint      ] Safepoint "ICBufferFull", Time since last: 14476844 ns, Reaching safepoint: 142603 ns, At safepoint: 21801 ns, Total: 164404 ns
[3.917s][info ][safepoint      ] Safepoint "ICBufferFull", Time since last: 2739065 ns, Reaching safepoint: 118202 ns, At safepoint: 22501 ns, Total: 140703 ns
[3.923s][info ][safepoint      ] Safepoint "ICBufferFull", Time since last: 5601033 ns, Reaching safepoint: 130303 ns, At safepoint: 24701 ns, Total: 155004 ns
[3.927s][info ][safepoint      ] Safepoint "ICBufferFull", Time since last: 2294554 ns, Reaching safepoint: 2151251 ns, At safepoint: 19701 ns, Total: 2170952 ns
[3.931s][info ][safepoint      ] Safepoint "ICBufferFull", Time since last: 3476882 ns, Reaching safepoint: 139304 ns, At safepoint: 24200 ns, Total: 163504 ns
[3.942s][info ][safepoint      ] Safepoint "ICBufferFull", Time since last: 10518450 ns, Reaching safepoint: 185405 ns, At safepoint: 22400 ns, Total: 207805 ns
[3.949s][info ][safepoint      ] Safepoint "ICBufferFull", Time since last: 7525979 ns, Reaching safepoint: 102102 ns, At safepoint: 22901 ns, Total: 125003 ns
[3.953s][info ][safepoint      ] Safepoint "ICBufferFull", Time since last: 3393480 ns, Reaching safepoint: 116203 ns, At safepoint: 28201 ns, Total: 144404 ns
[3.955s][info ][safepoint      ] Safepoint "ICBufferFull", Time since last: 2023948 ns, Reaching safepoint: 94602 ns, At safepoint: 23501 ns, Total: 118103 ns
[3.959s][info ][safepoint      ] Safepoint "ICBufferFull", Time since last: 3860592 ns, Reaching safepoint: 115802 ns, At safepoint: 18401 ns, Total: 134203 ns
[3.961s][info ][safepoint      ] Safepoint "ICBufferFull", Time since last: 2177851 ns, Reaching safepoint: 76402 ns, At safepoint: 23501 ns, Total: 99903 ns
[3.963s][info ][safepoint      ] Safepoint "ICBufferFull", Time since last: 1722241 ns, Reaching safepoint: 110302 ns, At safepoint: 22301 ns, Total: 132603 ns
[3.965s][info ][safepoint      ] Safepoint "ICBufferFull", Time since last: 2065249 ns, Reaching safepoint: 107102 ns, At safepoint: 20001 ns, Total: 127103 ns
[3.967s][info ][safepoint      ] Safepoint "ICBufferFull", Time since last: 1903945 ns, Reaching safepoint: 106603 ns, At safepoint: 22500 ns, Total: 129103 ns
[3.969s][info ][safepoint      ] Safepoint "ICBufferFull", Time since last: 1821544 ns, Reaching safepoint: 99502 ns, At safepoint: 21300 ns, Total: 120802 ns
[3.970s][info ][safepoint      ] Safepoint "ICBufferFull", Time since last: 56002 ns, Reaching safepoint: 93802 ns, At safepoint: 23000 ns, Total: 116802 ns
[3.975s][info ][safepoint      ] Safepoint "ICBufferFull", Time since last: 2448659 ns, Reaching safepoint: 3166475 ns, At safepoint: 34701 ns, Total: 3201176 ns
[3.978s][info ][safepoint      ] Safepoint "ICBufferFull", Time since last: 2479159 ns, Reaching safepoint: 118802 ns, At safepoint: 22001 ns, Total: 140803 ns
[3.981s][info ][safepoint      ] Safepoint "ICBufferFull", Time since last: 2963470 ns, Reaching safepoint: 118903 ns, At safepoint: 20601 ns, Total: 139504 ns
[3.985s][info ][safepoint      ] Safepoint "ICBufferFull", Time since last: 3604285 ns, Reaching safepoint: 121803 ns, At safepoint: 24301 ns, Total: 146104 ns
[3.987s][info ][safepoint      ] Safepoint "ICBufferFull", Time since last: 2127850 ns, Reaching safepoint: 101303 ns, At safepoint: 28900 ns, Total: 130203 ns
[3.989s][info ][safepoint      ] Safepoint "ICBufferFull", Time since last: 1935746 ns, Reaching safepoint: 111903 ns, At safepoint: 25701 ns, Total: 137604 ns
[3.991s][info ][safepoint      ] Safepoint "ICBufferFull", Time since last: 2001847 ns, Reaching safepoint: 133403 ns, At safepoint: 22901 ns, Total: 156304 ns
[3.993s][info ][safepoint      ] Safepoint "ICBufferFull", Time since last: 1752942 ns, Reaching safepoint: 166304 ns, At safepoint: 22600 ns, Total: 188904 ns
[3.995s][info ][safepoint      ] Safepoint "ICBufferFull", Time since last: 2128751 ns, Reaching safepoint: 105402 ns, At safepoint: 21501 ns, Total: 126903 ns
[3.997s][info ][safepoint      ] Safepoint "ICBufferFull", Time since last: 1619738 ns, Reaching safepoint: 103203 ns, At safepoint: 21600 ns, Total: 124803 ns
[3.999s][info ][safepoint      ] Safepoint "ICBufferFull", Time since last: 1424134 ns, Reaching safepoint: 70602 ns, At safepoint: 22000 ns, Total: 92602 ns
[4.004s][info ][safepoint      ] Safepoint "ICBufferFull", Time since last: 4761013 ns, Reaching safepoint: 128503 ns, At safepoint: 26701 ns, Total: 155204 ns
[4.014s][info ][safepoint      ] Safepoint "ICBufferFull", Time since last: 10146641 ns, Reaching safepoint: 250206 ns, At safepoint: 24400 ns, Total: 274606 ns
[4.125s][info ][safepoint      ] Safepoint "ICBufferFull", Time since last: 111165141 ns, Reaching safepoint: 241306 ns, At safepoint: 24301 ns, Total: 265607 ns
[4.161s][info ][safepoint      ] Safepoint "ICBufferFull", Time since last: 35680547 ns, Reaching safepoint: 174004 ns, At safepoint: 29701 ns, Total: 203705 ns
[4.168s][info ][safepoint      ] Safepoint "ICBufferFull", Time since last: 6868763 ns, Reaching safepoint: 127803 ns, At safepoint: 28101 ns, Total: 155904 ns
[4.176s][info ][safepoint      ] Safepoint "ICBufferFull", Time since last: 7546379 ns, Reaching safepoint: 148704 ns, At safepoint: 19500 ns, Total: 168204 ns
[4.196s][info ][safepoint      ] Safepoint "ICBufferFull", Time since last: 19373260 ns, Reaching safepoint: 140504 ns, At safepoint: 27900 ns, Total: 168404 ns
[4.219s][info ][safepoint      ] Safepoint "ICBufferFull", Time since last: 22599437 ns, Reaching safepoint: 819920 ns, At safepoint: 23200 ns, Total: 843120 ns
[4.252s][info ][safepoint      ] Safepoint "ICBufferFull", Time since last: 32831980 ns, Reaching safepoint: 132503 ns, At safepoint: 28201 ns, Total: 160704 ns
[4.271s][info ][safepoint      ] Safepoint "ICBufferFull", Time since last: 19148155 ns, Reaching safepoint: 116803 ns, At safepoint: 22100 ns, Total: 138903 ns
[4.288s][info ][safepoint      ] Safepoint "ICBufferFull", Time since last: 12319093 ns, Reaching safepoint: 4284102 ns, At safepoint: 31400 ns, Total: 4315502 ns
[4.300s][info ][safepoint      ] Safepoint "ICBufferFull", Time since last: 11670178 ns, Reaching safepoint: 129503 ns, At safepoint: 23800 ns, Total: 153303 ns
[4.320s][info ][safepoint      ] Safepoint "ICBufferFull", Time since last: 20255982 ns, Reaching safepoint: 132203 ns, At safepoint: 19400 ns, Total: 151603 ns
[4.327s][info ][safepoint      ] Safepoint "ICBufferFull", Time since last: 6050944 ns, Reaching safepoint: 796319 ns, At safepoint: 20000 ns, Total: 816319 ns
[4.351s][info ][safepoint      ] Safepoint "ICBufferFull", Time since last: 23159150 ns, Reaching safepoint: 278207 ns, At safepoint: 29301 ns, Total: 307508 ns
[4.358s][info ][safepoint      ] Safepoint "ICBufferFull", Time since last: 6930864 ns, Reaching safepoint: 126903 ns, At safepoint: 25001 ns, Total: 151904 ns
[4.373s][info ][safepoint      ] Safepoint "ICBufferFull", Time since last: 15618171 ns, Reaching safepoint: 137603 ns, At safepoint: 19101 ns, Total: 156704 ns
[4.384s][info ][safepoint      ] Safepoint "ICBufferFull", Time since last: 6370751 ns, Reaching safepoint: 4238901 ns, At safepoint: 32001 ns, Total: 4270902 ns
[4.399s][debug][gc,phases      ] GC(4) Pre Compact 0.021ms
[4.399s][info ][gc,start       ] GC(4) Pause Full (Ergonomics)
[4.399s][info ][gc,phases,start] GC(4) Marking Phase
[4.508s][debug][gc,phases      ] GC(4) Par Mark 109.123ms
[4.508s][debug][gc,ref         ] GC(4) Skipped phase 1 of Reference Processing: no references
[4.509s][debug][gc,ref         ] GC(4) ReferenceProcessor::execute queues: 4, RefProcThreadModel::Multi, marks_oops_alive: false
[4.509s][debug][gc,ref         ] GC(4) Skipped phase 3 of Reference Processing: no references
[4.509s][debug][gc,ref         ] GC(4) ReferenceProcessor::execute queues: 3, RefProcThreadModel::Multi, marks_oops_alive: false
[4.510s][debug][gc,phases      ] GC(4) Reference Processing 1.126ms
[4.510s][debug][gc,phases      ] GC(4)   VM Weak                        Min:  0.0, Avg:  0.0, Max:  0.0, Diff:  0.0, Sum:  0.0, Workers: 4
[4.510s][debug][gc,phases      ] GC(4)     Dead                           Min: 0, Avg:  2.0, Max: 5, Diff: 5, Sum: 8, Workers: 4
[4.510s][debug][gc,phases      ] GC(4)     Total                          Min: 0, Avg: 111.0, Max: 252, Diff: 252, Sum: 444, Workers: 4
[4.510s][debug][gc,phases      ] GC(4)   ObjectSynchronizer Weak        Min:  0.0, Avg:  0.0, Max:  0.0, Diff:  0.0, Sum:  0.0, Workers: 4
[4.510s][debug][gc,phases      ] GC(4)     Dead                           Min: 58, Avg: 83.0, Max: 121, Diff: 63, Sum: 332, Workers: 4
[4.510s][debug][gc,phases      ] GC(4)     Total                          Min: 64, Avg: 97.0, Max: 132, Diff: 68, Sum: 388, Workers: 4
[4.510s][debug][gc,phases      ] GC(4)   JVMTI Tag Weak OopStorage      Min:  0.0, Avg:  0.0, Max:  0.0, Diff:  0.0, Sum:  0.0, Workers: 4
[4.510s][debug][gc,phases      ] GC(4)     Dead                           Min: 0, Avg:  0.0, Max: 0, Diff: 0, Sum: 0, Workers: 4
[4.510s][debug][gc,phases      ] GC(4)     Total                          Min: 0, Avg:  0.0, Max: 0, Diff: 0, Sum: 0, Workers: 4
[4.510s][debug][gc,phases      ] GC(4)   StringTable Weak               Min:  0.2, Avg:  0.2, Max:  0.2, Diff:  0.0, Sum:  0.6, Workers: 4
[4.510s][debug][gc,phases      ] GC(4)     Dead                           Min: 2, Avg:  6.5, Max: 13, Diff: 11, Sum: 26, Workers: 4
[4.510s][debug][gc,phases      ] GC(4)     Total                          Min: 8064, Avg: 9588.5, Max: 11410, Diff: 3346, Sum: 38354, Workers: 4
[4.510s][debug][gc,phases      ] GC(4)   ResolvedMethodTable Weak       Min:  0.0, Avg:  0.0, Max:  0.0, Diff:  0.0, Sum:  0.1, Workers: 4
[4.510s][debug][gc,phases      ] GC(4)     Dead                           Min: 29, Avg: 45.8, Max: 75, Diff: 46, Sum: 183, Workers: 4
[4.510s][debug][gc,phases      ] GC(4)     Total                          Min: 1088, Avg: 1273.0, Max: 1536, Diff: 448, Sum: 5092, Workers: 4
[4.510s][debug][gc,phases      ] GC(4)   JNI Weak                       Min:  0.0, Avg:  0.0, Max:  0.0, Diff:  0.0, Sum:  0.0, Workers: 4
[4.510s][debug][gc,phases      ] GC(4)     Dead                           Min: 0, Avg:  0.0, Max: 0, Diff: 0, Sum: 0, Workers: 4
[4.510s][debug][gc,phases      ] GC(4)     Total                          Min: 0, Avg:  0.8, Max: 3, Diff: 3, Sum: 3, Workers: 4
[4.510s][debug][gc,phases      ] GC(4)   StringDedup Table Weak         Min:  0.0, Avg:  0.0, Max:  0.0, Diff:  0.0, Sum:  0.0, Workers: 4
[4.510s][debug][gc,phases      ] GC(4)     Dead                           Min: 0, Avg:  0.0, Max: 0, Diff: 0, Sum: 0, Workers: 4
[4.510s][debug][gc,phases      ] GC(4)     Total                          Min: 0, Avg:  0.0, Max: 0, Diff: 0, Sum: 0, Workers: 4
[4.510s][debug][gc,phases      ] GC(4)   StringDedup Requests0 Weak     Min:  0.0, Avg:  0.0, Max:  0.0, Diff:  0.0, Sum:  0.0, Workers: 4
[4.510s][debug][gc,phases      ] GC(4)     Dead                           Min: 0, Avg:  0.0, Max: 0, Diff: 0, Sum: 0, Workers: 4
[4.510s][debug][gc,phases      ] GC(4)     Total                          Min: 0, Avg:  0.0, Max: 0, Diff: 0, Sum: 0, Workers: 4
[4.510s][debug][gc,phases      ] GC(4)   StringDedup Requests1 Weak     Min:  0.0, Avg:  0.0, Max:  0.0, Diff:  0.0, Sum:  0.0, Workers: 4
[4.510s][debug][gc,phases      ] GC(4)     Dead                           Min: 0, Avg:  0.0, Max: 0, Diff: 0, Sum: 0, Workers: 4
[4.510s][debug][gc,phases      ] GC(4)     Total                          Min: 0, Avg:  0.0, Max: 0, Diff: 0, Sum: 0, Workers: 4
[4.510s][debug][gc,phases      ] GC(4)   Weak JFR Old Object Samples    Min:  0.0, Avg:  0.0, Max:  0.0, Diff:  0.0, Sum:  0.0, Workers: 4
[4.510s][debug][gc,phases      ] GC(4)     Dead                           Min: 0, Avg:  0.0, Max: 0, Diff: 0, Sum: 0, Workers: 4
[4.510s][debug][gc,phases      ] GC(4)     Total                          Min: 0, Avg:  0.0, Max: 0, Diff: 0, Sum: 0, Workers: 4
[4.510s][debug][gc,phases      ] GC(4) Weak Processing 0.374ms
[4.510s][debug][gc,phases      ] GC(4) ClassLoaderData 0.166ms
[4.510s][debug][gc,phases      ] GC(4) Trigger cleanups 0.001ms
[4.519s][debug][gc,phases      ] GC(4) Class Unloading 9.176ms
[4.519s][info ][gc,phases      ] GC(4) Marking Phase 119.988ms
[4.519s][info ][gc,phases,start] GC(4) Summary Phase
[4.519s][info ][gc,phases      ] GC(4) Summary Phase 0.026ms
[4.519s][info ][gc,phases,start] GC(4) Adjust Roots
[4.527s][info ][gc,phases      ] GC(4) Adjust Roots 8.192ms
[4.527s][info ][gc,phases,start] GC(4) Compaction Phase
[4.763s][info ][gc,phases      ] GC(4) Compaction Phase 235.332ms
[4.763s][info ][gc,phases,start] GC(4) Post Compact
[4.766s][info ][gc,phases      ] GC(4) Post Compact 3.597ms
[4.767s][info ][gc,heap        ] GC(4) PSYoungGen: 1104496K(1572864K)->173499K(1572864K) Eden: 1048576K(1048576K)->173499K(1048576K) From: 55920K(524288K)->0K(524288K)
[4.767s][info ][gc,heap        ] GC(4) ParOldGen: 6115K(6144K)->6133K(18432K)
[4.767s][info ][gc,metaspace   ] GC(4) Metaspace: 54048K(54656K)->54034K(54656K) NonClass: 46056K(46400K)->46046K(46400K) Class: 7992K(8256K)->7988K(8256K)
[4.767s][info ][gc             ] GC(4) Pause Full (Ergonomics) 1084M->175M(1554M) 367.374ms
[4.767s][info ][gc,cpu         ] GC(4) User=1.33s Sys=0.00s Real=0.37s
[4.767s][info ][safepoint      ] Safepoint "ParallelGCFailedAllocation", Time since last: 14947655 ns, Reaching safepoint: 117202 ns, At safepoint: 367522931 ns, Total: 367640133 ns
[4.809s][info ][safepoint      ] Safepoint "ICBufferFull", Time since last: 41921595 ns, Reaching safepoint: 91902 ns, At safepoint: 27201 ns, Total: 119103 ns
[4.814s][info ][safepoint      ] Safepoint "ICBufferFull", Time since last: 5145622 ns, Reaching safepoint: 117503 ns, At safepoint: 26501 ns, Total: 144004 ns
[4.818s][info ][safepoint      ] Safepoint "ICBufferFull", Time since last: 3954694 ns, Reaching safepoint: 104402 ns, At safepoint: 23901 ns, Total: 128303 ns
[4.825s][info ][safepoint      ] Safepoint "ICBufferFull", Time since last: 7201471 ns, Reaching safepoint: 125603 ns, At safepoint: 29500 ns, Total: 155103 ns
[4.830s][info ][safepoint      ] Safepoint "ICBufferFull", Time since last: 4917917 ns, Reaching safepoint: 112403 ns, At safepoint: 27100 ns, Total: 139503 ns
[4.836s][info ][safepoint      ] Safepoint "ICBufferFull", Time since last: 5223724 ns, Reaching safepoint: 124403 ns, At safepoint: 32001 ns, Total: 156404 ns
[4.839s][info ][safepoint      ] Safepoint "ICBufferFull", Time since last: 2807967 ns, Reaching safepoint: 107302 ns, At safepoint: 23001 ns, Total: 130303 ns
[4.841s][info ][safepoint      ] Safepoint "ICBufferFull", Time since last: 2462258 ns, Reaching safepoint: 73602 ns, At safepoint: 18001 ns, Total: 91603 ns
[4.844s][info ][safepoint      ] Safepoint "ICBufferFull", Time since last: 2473358 ns, Reaching safepoint: 98103 ns, At safepoint: 24200 ns, Total: 122303 ns
[4.846s][info ][safepoint      ] Safepoint "ICBufferFull", Time since last: 2334656 ns, Reaching safepoint: 89702 ns, At safepoint: 18900 ns, Total: 108602 ns
[4.859s][info ][safepoint      ] Safepoint "ICBufferFull", Time since last: 12595199 ns, Reaching safepoint: 99903 ns, At safepoint: 20600 ns, Total: 120503 ns
[4.859s][info ][safepoint      ] Safepoint "ICBufferFull", Time since last: 60702 ns, Reaching safepoint: 90002 ns, At safepoint: 20900 ns, Total: 110902 ns
[4.879s][info ][safepoint      ] Safepoint "ICBufferFull", Time since last: 15729674 ns, Reaching safepoint: 4302902 ns, At safepoint: 24300 ns, Total: 4327202 ns
[4.882s][info ][safepoint      ] Safepoint "ICBufferFull", Time since last: 2594062 ns, Reaching safepoint: 98002 ns, At safepoint: 19601 ns, Total: 117603 ns
[4.882s][info ][safepoint      ] Safepoint "ICBufferFull", Time since last: 38301 ns, Reaching safepoint: 92302 ns, At safepoint: 22300 ns, Total: 114602 ns
[4.885s][info ][safepoint      ] Safepoint "ICBufferFull", Time since last: 2481359 ns, Reaching safepoint: 119703 ns, At safepoint: 27101 ns, Total: 146804 ns
[4.887s][info ][safepoint      ] Safepoint "ICBufferFull", Time since last: 2348756 ns, Reaching safepoint: 50701 ns, At safepoint: 22900 ns, Total: 73601 ns
[4.890s][info ][safepoint      ] Safepoint "ICBufferFull", Time since last: 2290655 ns, Reaching safepoint: 101602 ns, At safepoint: 22401 ns, Total: 124003 ns
[4.910s][info ][safepoint      ] Safepoint "ICBufferFull", Time since last: 20293082 ns, Reaching safepoint: 132403 ns, At safepoint: 27200 ns, Total: 159603 ns
[4.959s][info ][safepoint      ] Safepoint "ICBufferFull", Time since last: 48888461 ns, Reaching safepoint: 114503 ns, At safepoint: 8000 ns, Total: 122503 ns
[4.959s][info ][gc,start       ] GC(5) Pause Young (Allocation Failure)
[5.067s][debug][gc,phases      ] GC(5) Scavenge 107.365ms
[5.067s][debug][gc,ref         ] GC(5) Skipped phase 1 of Reference Processing: no references
[5.067s][debug][gc,ref         ] GC(5) ReferenceProcessor::execute queues: 3, RefProcThreadModel::Multi, marks_oops_alive: false
[5.067s][debug][gc,ref         ] GC(5) Skipped phase 3 of Reference Processing: no references
[5.067s][debug][gc,ref         ] GC(5) ReferenceProcessor::execute queues: 1, RefProcThreadModel::Single, marks_oops_alive: false
[5.067s][debug][gc,phases      ] GC(5) Reference Processing 0.324ms
[5.067s][debug][gc,phases      ] GC(5)   VM Weak                        Min:  0.0, Avg:  0.0, Max:  0.0, Diff:  0.0, Sum:  0.0, Workers: 4
[5.067s][debug][gc,phases      ] GC(5)     Dead                           Min: 0, Avg:  0.0, Max: 0, Diff: 0, Sum: 0, Workers: 4
[5.067s][debug][gc,phases      ] GC(5)     Total                          Min: 0, Avg: 109.0, Max: 316, Diff: 316, Sum: 436, Workers: 4
[5.067s][debug][gc,phases      ] GC(5)   ObjectSynchronizer Weak        Min:  0.0, Avg:  0.0, Max:  0.0, Diff:  0.0, Sum:  0.0, Workers: 4
[5.067s][debug][gc,phases      ] GC(5)     Dead                           Min: 0, Avg:  6.2, Max: 23, Diff: 23, Sum: 25, Workers: 4
[5.068s][debug][gc,phases      ] GC(5)     Total                          Min: 64, Avg: 103.2, Max: 128, Diff: 64, Sum: 413, Workers: 4
[5.068s][debug][gc,phases      ] GC(5)   JVMTI Tag Weak OopStorage      Min:  0.0, Avg:  0.0, Max:  0.0, Diff:  0.0, Sum:  0.0, Workers: 4
[5.068s][debug][gc,phases      ] GC(5)     Dead                           Min: 0, Avg:  0.0, Max: 0, Diff: 0, Sum: 0, Workers: 4
[5.068s][debug][gc,phases      ] GC(5)     Total                          Min: 0, Avg:  0.0, Max: 0, Diff: 0, Sum: 0, Workers: 4
[5.068s][debug][gc,phases      ] GC(5)   StringTable Weak               Min:  0.3, Avg:  0.3, Max:  0.3, Diff:  0.0, Sum:  1.4, Workers: 4
[5.068s][debug][gc,phases      ] GC(5)     Dead                           Min: 0, Avg:  3.2, Max: 13, Diff: 13, Sum: 13, Workers: 4
[5.068s][debug][gc,phases      ] GC(5)     Total                          Min: 7616, Avg: 9590.0, Max: 12595, Diff: 4979, Sum: 38360, Workers: 4
[5.068s][debug][gc,phases      ] GC(5)   ResolvedMethodTable Weak       Min:  0.1, Avg:  0.1, Max:  0.1, Diff:  0.0, Sum:  0.2, Workers: 4
[5.068s][debug][gc,phases      ] GC(5)     Dead                           Min: 0, Avg:  0.0, Max: 0, Diff: 0, Sum: 0, Workers: 4
[5.068s][debug][gc,phases      ] GC(5)     Total                          Min: 1133, Avg: 1228.2, Max: 1337, Diff: 204, Sum: 4913, Workers: 4
[5.068s][debug][gc,phases      ] GC(5)   JNI Weak                       Min:  0.0, Avg:  0.0, Max:  0.0, Diff:  0.0, Sum:  0.0, Workers: 4
[5.068s][debug][gc,phases      ] GC(5)     Dead                           Min: 0, Avg:  0.0, Max: 0, Diff: 0, Sum: 0, Workers: 4
[5.068s][debug][gc,phases      ] GC(5)     Total                          Min: 0, Avg:  2.2, Max: 9, Diff: 9, Sum: 9, Workers: 4
[5.068s][debug][gc,phases      ] GC(5)   StringDedup Table Weak         Min:  0.0, Avg:  0.0, Max:  0.0, Diff:  0.0, Sum:  0.0, Workers: 4
[5.068s][debug][gc,phases      ] GC(5)     Dead                           Min: 0, Avg:  0.0, Max: 0, Diff: 0, Sum: 0, Workers: 4
[5.068s][debug][gc,phases      ] GC(5)     Total                          Min: 0, Avg:  0.0, Max: 0, Diff: 0, Sum: 0, Workers: 4
[5.068s][debug][gc,phases      ] GC(5)   StringDedup Requests0 Weak     Min:  0.0, Avg:  0.0, Max:  0.0, Diff:  0.0, Sum:  0.0, Workers: 4
[5.068s][debug][gc,phases      ] GC(5)     Dead                           Min: 0, Avg:  0.0, Max: 0, Diff: 0, Sum: 0, Workers: 4
[5.068s][debug][gc,phases      ] GC(5)     Total                          Min: 0, Avg:  0.0, Max: 0, Diff: 0, Sum: 0, Workers: 4
[5.068s][debug][gc,phases      ] GC(5)   StringDedup Requests1 Weak     Min:  0.0, Avg:  0.0, Max:  0.0, Diff:  0.0, Sum:  0.0, Workers: 4
[5.068s][debug][gc,phases      ] GC(5)     Dead                           Min: 0, Avg:  0.0, Max: 0, Diff: 0, Sum: 0, Workers: 4
[5.068s][debug][gc,phases      ] GC(5)     Total                          Min: 0, Avg:  0.0, Max: 0, Diff: 0, Sum: 0, Workers: 4
[5.068s][debug][gc,phases      ] GC(5)   Weak JFR Old Object Samples    Min:  0.0, Avg:  0.0, Max:  0.0, Diff:  0.0, Sum:  0.0, Workers: 4
[5.068s][debug][gc,phases      ] GC(5)     Dead                           Min: 0, Avg:  0.0, Max: 0, Diff: 0, Sum: 0, Workers: 4
[5.068s][debug][gc,phases      ] GC(5)     Total                          Min: 0, Avg:  0.0, Max: 0, Diff: 0, Sum: 0, Workers: 4
[5.068s][debug][gc,phases      ] GC(5) Weak Processing 0.590ms
[5.068s][debug][gc,age         ] GC(5) Desired survivor size 536870912 bytes, new threshold 7 (max threshold 15)
[5.068s][info ][gc,heap        ] GC(5) PSYoungGen: 1048576K(1572864K)->181082K(1572864K) Eden: 1048576K(1048576K)->0K(1048576K) From: 0K(524288K)->181082K(524288K)
[5.068s][info ][gc,heap        ] GC(5) ParOldGen: 6133K(18432K)->6149K(18432K)
[5.068s][info ][gc,metaspace   ] GC(5) Metaspace: 54066K(54656K)->54066K(54656K) NonClass: 46075K(46400K)->46075K(46400K) Class: 7991K(8256K)->7991K(8256K)
[5.068s][info ][gc             ] GC(5) Pause Young (Allocation Failure) 1029M->182M(1554M) 108.394ms
[5.068s][info ][gc,cpu         ] GC(5) User=0.38s Sys=0.04s Real=0.11s
[5.068s][info ][safepoint      ] Safepoint "ParallelGCFailedAllocation", Time since last: 57502 ns, Reaching safepoint: 80301 ns, At safepoint: 108476476 ns, Total: 108556777 ns
[5.083s][info ][safepoint      ] Safepoint "ICBufferFull", Time since last: 15428167 ns, Reaching safepoint: 130303 ns, At safepoint: 24300 ns, Total: 154603 ns
[5.105s][info ][safepoint      ] Safepoint "ICBufferFull", Time since last: 21790818 ns, Reaching safepoint: 133803 ns, At safepoint: 23000 ns, Total: 156803 ns
[5.192s][info ][safepoint      ] Safepoint "ICBufferFull", Time since last: 83250377 ns, Reaching safepoint: 3238877 ns, At safepoint: 28901 ns, Total: 3267778 ns
[5.208s][info ][safepoint      ] Safepoint "ICBufferFull", Time since last: 16283687 ns, Reaching safepoint: 120602 ns, At safepoint: 29001 ns, Total: 149603 ns
[5.209s][info ][safepoint      ] Safepoint "ICBufferFull", Time since last: 673816 ns, Reaching safepoint: 113703 ns, At safepoint: 21600 ns, Total: 135303 ns
[5.210s][info ][safepoint      ] Safepoint "ICBufferFull", Time since last: 648916 ns, Reaching safepoint: 88202 ns, At safepoint: 19600 ns, Total: 107802 ns
[5.211s][info ][safepoint      ] Safepoint "ICBufferFull", Time since last: 629115 ns, Reaching safepoint: 94302 ns, At safepoint: 22701 ns, Total: 117003 ns
[5.211s][info ][safepoint      ] Safepoint "ICBufferFull", Time since last: 654816 ns, Reaching safepoint: 86102 ns, At safepoint: 21100 ns, Total: 107202 ns
[5.212s][info ][safepoint      ] Safepoint "ICBufferFull", Time since last: 665116 ns, Reaching safepoint: 67301 ns, At safepoint: 23301 ns, Total: 90602 ns
[5.213s][info ][safepoint      ] Safepoint "ICBufferFull", Time since last: 629515 ns, Reaching safepoint: 89002 ns, At safepoint: 22401 ns, Total: 111403 ns
[5.213s][info ][safepoint      ] Safepoint "ICBufferFull", Time since last: 647015 ns, Reaching safepoint: 49901 ns, At safepoint: 24901 ns, Total: 74802 ns
[5.214s][info ][safepoint      ] Safepoint "ICBufferFull", Time since last: 663816 ns, Reaching safepoint: 92202 ns, At safepoint: 24200 ns, Total: 116402 ns
[5.215s][info ][safepoint      ] Safepoint "ICBufferFull", Time since last: 681016 ns, Reaching safepoint: 92403 ns, At safepoint: 21300 ns, Total: 113703 ns
[5.216s][info ][safepoint      ] Safepoint "ICBufferFull", Time since last: 586514 ns, Reaching safepoint: 56001 ns, At safepoint: 20001 ns, Total: 76002 ns
[5.216s][info ][safepoint      ] Safepoint "ICBufferFull", Time since last: 646815 ns, Reaching safepoint: 91402 ns, At safepoint: 19501 ns, Total: 110903 ns
[5.217s][info ][safepoint      ] Safepoint "ICBufferFull", Time since last: 655615 ns, Reaching safepoint: 83702 ns, At safepoint: 20201 ns, Total: 103903 ns
[5.219s][info ][safepoint      ] Safepoint "ICBufferFull", Time since last: 1143527 ns, Reaching safepoint: 220505 ns, At safepoint: 17001 ns, Total: 237506 ns
[5.220s][info ][safepoint      ] Safepoint "ICBufferFull", Time since last: 803119 ns, Reaching safepoint: 92502 ns, At safepoint: 24501 ns, Total: 117003 ns
[5.220s][info ][safepoint      ] Safepoint "ICBufferFull", Time since last: 636315 ns, Reaching safepoint: 88202 ns, At safepoint: 23300 ns, Total: 111502 ns
[5.221s][info ][safepoint      ] Safepoint "ICBufferFull", Time since last: 642916 ns, Reaching safepoint: 89702 ns, At safepoint: 22400 ns, Total: 112102 ns
[5.224s][info ][safepoint      ] Safepoint "ICBufferFull", Time since last: 658716 ns, Reaching safepoint: 2088950 ns, At safepoint: 24800 ns, Total: 2113750 ns
[5.228s][info ][safepoint      ] Safepoint "ICBufferFull", Time since last: 649216 ns, Reaching safepoint: 3150274 ns, At safepoint: 24201 ns, Total: 3174475 ns
[5.228s][info ][safepoint      ] Safepoint "ICBufferFull", Time since last: 674716 ns, Reaching safepoint: 90802 ns, At safepoint: 21801 ns, Total: 112603 ns
[5.230s][info ][safepoint      ] Safepoint "ICBufferFull", Time since last: 1649039 ns, Reaching safepoint: 94402 ns, At safepoint: 22401 ns, Total: 116803 ns
[5.237s][info ][safepoint      ] Safepoint "ICBufferFull", Time since last: 6180146 ns, Reaching safepoint: 118703 ns, At safepoint: 24101 ns, Total: 142804 ns
[5.237s][info ][safepoint      ] Safepoint "ICBufferFull", Time since last: 713417 ns, Reaching safepoint: 98102 ns, At safepoint: 24201 ns, Total: 122303 ns
[5.238s][info ][safepoint      ] Safepoint "ICBufferFull", Time since last: 756917 ns, Reaching safepoint: 90603 ns, At safepoint: 19300 ns, Total: 109903 ns
[5.239s][info ][safepoint      ] Safepoint "ICBufferFull", Time since last: 772718 ns, Reaching safepoint: 89303 ns, At safepoint: 23700 ns, Total: 113003 ns
[5.240s][info ][safepoint      ] Safepoint "ICBufferFull", Time since last: 783219 ns, Reaching safepoint: 87802 ns, At safepoint: 22700 ns, Total: 110502 ns
[5.243s][info ][safepoint      ] Safepoint "ICBufferFull", Time since last: 2694364 ns, Reaching safepoint: 76502 ns, At safepoint: 22001 ns, Total: 98503 ns
[5.244s][info ][safepoint      ] Safepoint "ICBufferFull", Time since last: 714717 ns, Reaching safepoint: 87702 ns, At safepoint: 18900 ns, Total: 106602 ns
[5.244s][info ][safepoint      ] Safepoint "ICBufferFull", Time since last: 696917 ns, Reaching safepoint: 85402 ns, At safepoint: 19800 ns, Total: 105202 ns
[5.252s][info ][safepoint      ] Safepoint "ICBufferFull", Time since last: 7918088 ns, Reaching safepoint: 91802 ns, At safepoint: 24501 ns, Total: 116303 ns
[5.253s][info ][safepoint      ] Safepoint "ICBufferFull", Time since last: 678916 ns, Reaching safepoint: 86102 ns, At safepoint: 19101 ns, Total: 105203 ns
[5.254s][info ][safepoint      ] Safepoint "ICBufferFull", Time since last: 654915 ns, Reaching safepoint: 86502 ns, At safepoint: 23401 ns, Total: 109903 ns
[5.255s][info ][safepoint      ] Safepoint "ICBufferFull", Time since last: 666816 ns, Reaching safepoint: 89002 ns, At safepoint: 19200 ns, Total: 108202 ns
[5.256s][info ][safepoint      ] Safepoint "ICBufferFull", Time since last: 688417 ns, Reaching safepoint: 88102 ns, At safepoint: 24000 ns, Total: 112102 ns
[5.256s][info ][safepoint      ] Safepoint "ICBufferFull", Time since last: 670216 ns, Reaching safepoint: 84302 ns, At safepoint: 23101 ns, Total: 107403 ns
[5.257s][info ][safepoint      ] Safepoint "ICBufferFull", Time since last: 667315 ns, Reaching safepoint: 98903 ns, At safepoint: 21700 ns, Total: 120603 ns
[5.258s][info ][safepoint      ] Safepoint "ICBufferFull", Time since last: 638816 ns, Reaching safepoint: 93202 ns, At safepoint: 18500 ns, Total: 111702 ns
[5.259s][info ][safepoint      ] Safepoint "ICBufferFull", Time since last: 642315 ns, Reaching safepoint: 104503 ns, At safepoint: 21600 ns, Total: 126103 ns
[5.259s][info ][safepoint      ] Safepoint "ICBufferFull", Time since last: 673916 ns, Reaching safepoint: 90103 ns, At safepoint: 20700 ns, Total: 110803 ns
[5.260s][info ][safepoint      ] Safepoint "ICBufferFull", Time since last: 638215 ns, Reaching safepoint: 98703 ns, At safepoint: 17900 ns, Total: 116603 ns
[5.261s][info ][safepoint      ] Safepoint "ICBufferFull", Time since last: 639715 ns, Reaching safepoint: 84802 ns, At safepoint: 13401 ns, Total: 98203 ns
[5.262s][info ][safepoint      ] Safepoint "ICBufferFull", Time since last: 653715 ns, Reaching safepoint: 90202 ns, At safepoint: 18301 ns, Total: 108503 ns
[5.263s][info ][safepoint      ] Safepoint "ICBufferFull", Time since last: 711116 ns, Reaching safepoint: 92103 ns, At safepoint: 20700 ns, Total: 112803 ns
[5.263s][info ][safepoint      ] Safepoint "ICBufferFull", Time since last: 663216 ns, Reaching safepoint: 99602 ns, At safepoint: 17301 ns, Total: 116903 ns
[5.264s][info ][safepoint      ] Safepoint "ICBufferFull", Time since last: 664215 ns, Reaching safepoint: 93303 ns, At safepoint: 19100 ns, Total: 112403 ns
[5.272s][info ][safepoint      ] Safepoint "ICBufferFull", Time since last: 8184594 ns, Reaching safepoint: 119603 ns, At safepoint: 19501 ns, Total: 139104 ns
[5.273s][info ][gc,start       ] GC(6) Pause Young (Allocation Failure)
[5.361s][debug][gc,phases      ] GC(6) Scavenge 88.465ms
[5.361s][debug][gc,ref         ] GC(6) Skipped phase 1 of Reference Processing: no references
[5.361s][debug][gc,ref         ] GC(6) ReferenceProcessor::execute queues: 4, RefProcThreadModel::Multi, marks_oops_alive: false
[5.362s][debug][gc,ref         ] GC(6) Skipped phase 3 of Reference Processing: no references
[5.362s][debug][gc,ref         ] GC(6) ReferenceProcessor::execute queues: 1, RefProcThreadModel::Single, marks_oops_alive: false
[5.362s][debug][gc,phases      ] GC(6) Reference Processing 0.323ms
[5.362s][debug][gc,phases      ] GC(6)   VM Weak                        Min:  0.0, Avg:  0.0, Max:  0.0, Diff:  0.0, Sum:  0.0, Workers: 4
[5.362s][debug][gc,phases      ] GC(6)     Dead                           Min: 0, Avg:  0.0, Max: 0, Diff: 0, Sum: 0, Workers: 4
[5.362s][debug][gc,phases      ] GC(6)     Total                          Min: 0, Avg: 110.0, Max: 249, Diff: 249, Sum: 440, Workers: 4
[5.362s][debug][gc,phases      ] GC(6)   ObjectSynchronizer Weak        Min:  0.0, Avg:  0.0, Max:  0.0, Diff:  0.0, Sum:  0.0, Workers: 4
[5.362s][debug][gc,phases      ] GC(6)     Dead                           Min: 0, Avg:  0.0, Max: 0, Diff: 0, Sum: 0, Workers: 4
[5.362s][debug][gc,phases      ] GC(6)     Total                          Min: 0, Avg: 103.2, Max: 157, Diff: 157, Sum: 413, Workers: 4
[5.362s][debug][gc,phases      ] GC(6)   JVMTI Tag Weak OopStorage      Min:  0.0, Avg:  0.0, Max:  0.0, Diff:  0.0, Sum:  0.0, Workers: 4
[5.362s][debug][gc,phases      ] GC(6)     Dead                           Min: 0, Avg:  0.0, Max: 0, Diff: 0, Sum: 0, Workers: 4
[5.362s][debug][gc,phases      ] GC(6)     Total                          Min: 0, Avg:  0.0, Max: 0, Diff: 0, Sum: 0, Workers: 4
[5.362s][debug][gc,phases      ] GC(6)   StringTable Weak               Min:  0.3, Avg:  0.3, Max:  0.3, Diff:  0.0, Sum:  1.3, Workers: 4
[5.362s][debug][gc,phases      ] GC(6)     Dead                           Min: 0, Avg:  0.5, Max: 2, Diff: 2, Sum: 2, Workers: 4
[5.362s][debug][gc,phases      ] GC(6)     Total                          Min: 7872, Avg: 9607.5, Max: 11422, Diff: 3550, Sum: 38430, Workers: 4
[5.362s][debug][gc,phases      ] GC(6)   ResolvedMethodTable Weak       Min:  0.0, Avg:  0.0, Max:  0.1, Diff:  0.0, Sum:  0.2, Workers: 4
[5.362s][debug][gc,phases      ] GC(6)     Dead                           Min: 0, Avg:  3.5, Max: 13, Diff: 13, Sum: 14, Workers: 4
[5.362s][debug][gc,phases      ] GC(6)     Total                          Min: 830, Avg: 1246.0, Max: 1586, Diff: 756, Sum: 4984, Workers: 4
[5.362s][debug][gc,phases      ] GC(6)   JNI Weak                       Min:  0.0, Avg:  0.0, Max:  0.0, Diff:  0.0, Sum:  0.0, Workers: 4
[5.362s][debug][gc,phases      ] GC(6)     Dead                           Min: 0, Avg:  0.0, Max: 0, Diff: 0, Sum: 0, Workers: 4
[5.362s][debug][gc,phases      ] GC(6)     Total                          Min: 0, Avg:  3.5, Max: 14, Diff: 14, Sum: 14, Workers: 4
[5.362s][debug][gc,phases      ] GC(6)   StringDedup Table Weak         Min:  0.0, Avg:  0.0, Max:  0.0, Diff:  0.0, Sum:  0.0, Workers: 4
[5.362s][debug][gc,phases      ] GC(6)     Dead                           Min: 0, Avg:  0.0, Max: 0, Diff: 0, Sum: 0, Workers: 4
[5.362s][debug][gc,phases      ] GC(6)     Total                          Min: 0, Avg:  0.0, Max: 0, Diff: 0, Sum: 0, Workers: 4
[5.362s][debug][gc,phases      ] GC(6)   StringDedup Requests0 Weak     Min:  0.0, Avg:  0.0, Max:  0.0, Diff:  0.0, Sum:  0.0, Workers: 4
[5.362s][debug][gc,phases      ] GC(6)     Dead                           Min: 0, Avg:  0.0, Max: 0, Diff: 0, Sum: 0, Workers: 4
[5.362s][debug][gc,phases      ] GC(6)     Total                          Min: 0, Avg:  0.0, Max: 0, Diff: 0, Sum: 0, Workers: 4
[5.362s][debug][gc,phases      ] GC(6)   StringDedup Requests1 Weak     Min:  0.0, Avg:  0.0, Max:  0.0, Diff:  0.0, Sum:  0.0, Workers: 4
[5.362s][debug][gc,phases      ] GC(6)     Dead                           Min: 0, Avg:  0.0, Max: 0, Diff: 0, Sum: 0, Workers: 4
[5.362s][debug][gc,phases      ] GC(6)     Total                          Min: 0, Avg:  0.0, Max: 0, Diff: 0, Sum: 0, Workers: 4
[5.362s][debug][gc,phases      ] GC(6)   Weak JFR Old Object Samples    Min:  0.0, Avg:  0.0, Max:  0.0, Diff:  0.0, Sum:  0.0, Workers: 4
[5.362s][debug][gc,phases      ] GC(6)     Dead                           Min: 0, Avg:  0.0, Max: 0, Diff: 0, Sum: 0, Workers: 4
[5.362s][debug][gc,phases      ] GC(6)     Total                          Min: 0, Avg:  0.0, Max: 0, Diff: 0, Sum: 0, Workers: 4
[5.362s][debug][gc,phases      ] GC(6) Weak Processing 0.562ms
[5.362s][debug][gc,age         ] GC(6) Desired survivor size 536870912 bytes, new threshold 7 (max threshold 15)
[5.362s][info ][gc,heap        ] GC(6) PSYoungGen: 1229658K(1572864K)->179612K(1572864K) Eden: 1048576K(1048576K)->0K(1048576K) From: 181082K(524288K)->179612K(524288K)
[5.362s][info ][gc,heap        ] GC(6) ParOldGen: 6149K(18432K)->6157K(18432K)
[5.362s][info ][gc,metaspace   ] GC(6) Metaspace: 54332K(54912K)->54332K(54912K) NonClass: 46295K(46656K)->46295K(46656K) Class: 8036K(8256K)->8036K(8256K)
[5.362s][info ][gc             ] GC(6) Pause Young (Allocation Failure) 1206M->181M(1554M) 89.476ms
[5.362s][info ][gc,cpu         ] GC(6) User=0.40s Sys=0.03s Real=0.08s
[5.362s][info ][safepoint      ] Safepoint "ParallelGCFailedAllocation", Time since last: 235005 ns, Reaching safepoint: 92003 ns, At safepoint: 89582627 ns, Total: 89674630 ns
[5.363s][info ][safepoint      ] Safepoint "ICBufferFull", Time since last: 718917 ns, Reaching safepoint: 102502 ns, At safepoint: 28601 ns, Total: 131103 ns
[5.364s][info ][safepoint      ] Safepoint "ICBufferFull", Time since last: 696616 ns, Reaching safepoint: 102203 ns, At safepoint: 21800 ns, Total: 124003 ns
[5.365s][info ][safepoint      ] Safepoint "ICBufferFull", Time since last: 671616 ns, Reaching safepoint: 102603 ns, At safepoint: 21000 ns, Total: 123603 ns
[5.374s][info ][safepoint      ] Safepoint "ICBufferFull", Time since last: 8231996 ns, Reaching safepoint: 862220 ns, At safepoint: 36601 ns, Total: 898821 ns
[5.375s][info ][safepoint      ] Safepoint "ICBufferFull", Time since last: 703017 ns, Reaching safepoint: 376409 ns, At safepoint: 26200 ns, Total: 402609 ns
[5.378s][info ][safepoint      ] Safepoint "ICBufferFull", Time since last: 640116 ns, Reaching safepoint: 2173851 ns, At safepoint: 29601 ns, Total: 2203452 ns
[5.379s][info ][safepoint      ] Safepoint "ICBufferFull", Time since last: 694316 ns, Reaching safepoint: 98403 ns, At safepoint: 28000 ns, Total: 126403 ns
[5.381s][info ][safepoint      ] Safepoint "ICBufferFull", Time since last: 2351656 ns, Reaching safepoint: 101703 ns, At safepoint: 23300 ns, Total: 125003 ns
[5.382s][info ][safepoint      ] Safepoint "ICBufferFull", Time since last: 653716 ns, Reaching safepoint: 90102 ns, At safepoint: 23700 ns, Total: 113802 ns
[5.383s][info ][safepoint      ] Safepoint "ICBufferFull", Time since last: 732818 ns, Reaching safepoint: 98702 ns, At safepoint: 23601 ns, Total: 122303 ns
[5.384s][info ][safepoint      ] Safepoint "ICBufferFull", Time since last: 712317 ns, Reaching safepoint: 110602 ns, At safepoint: 22201 ns, Total: 132803 ns
[5.384s][info ][safepoint      ] Safepoint "ICBufferFull", Time since last: 699816 ns, Reaching safepoint: 101703 ns, At safepoint: 20500 ns, Total: 122203 ns
[5.385s][info ][safepoint      ] Safepoint "ICBufferFull", Time since last: 659816 ns, Reaching safepoint: 249206 ns, At safepoint: 24400 ns, Total: 273606 ns
[5.396s][info ][safepoint      ] Safepoint "ICBufferFull", Time since last: 10211143 ns, Reaching safepoint: 117403 ns, At safepoint: 22300 ns, Total: 139703 ns
[5.397s][info ][safepoint      ] Safepoint "ICBufferFull", Time since last: 706717 ns, Reaching safepoint: 96202 ns, At safepoint: 26501 ns, Total: 122703 ns
[5.397s][info ][safepoint      ] Safepoint "ICBufferFull", Time since last: 689016 ns, Reaching safepoint: 92703 ns, At safepoint: 24300 ns, Total: 117003 ns
[5.398s][info ][safepoint      ] Safepoint "ICBufferFull", Time since last: 672816 ns, Reaching safepoint: 88102 ns, At safepoint: 22301 ns, Total: 110403 ns
[5.399s][info ][safepoint      ] Safepoint "ICBufferFull", Time since last: 693016 ns, Reaching safepoint: 112103 ns, At safepoint: 20900 ns, Total: 133003 ns
[5.400s][info ][safepoint      ] Safepoint "ICBufferFull", Time since last: 685817 ns, Reaching safepoint: 90102 ns, At safepoint: 22700 ns, Total: 112802 ns
[5.401s][info ][safepoint      ] Safepoint "ICBufferFull", Time since last: 667116 ns, Reaching safepoint: 102603 ns, At safepoint: 28500 ns, Total: 131103 ns
[5.401s][info ][safepoint      ] Safepoint "ICBufferFull", Time since last: 665716 ns, Reaching safepoint: 100702 ns, At safepoint: 19401 ns, Total: 120103 ns
[5.402s][info ][safepoint      ] Safepoint "ICBufferFull", Time since last: 686016 ns, Reaching safepoint: 100103 ns, At safepoint: 18400 ns, Total: 118503 ns
[5.403s][info ][safepoint      ] Safepoint "ICBufferFull", Time since last: 698417 ns, Reaching safepoint: 93102 ns, At safepoint: 22100 ns, Total: 115202 ns
[5.404s][info ][safepoint      ] Safepoint "ICBufferFull", Time since last: 703417 ns, Reaching safepoint: 91202 ns, At safepoint: 21201 ns, Total: 112403 ns
[5.405s][info ][safepoint      ] Safepoint "ICBufferFull", Time since last: 671716 ns, Reaching safepoint: 104502 ns, At safepoint: 25201 ns, Total: 129703 ns
[5.405s][info ][safepoint      ] Safepoint "ICBufferFull", Time since last: 684216 ns, Reaching safepoint: 96302 ns, At safepoint: 23001 ns, Total: 119303 ns
[5.406s][info ][safepoint      ] Safepoint "ICBufferFull", Time since last: 643415 ns, Reaching safepoint: 99402 ns, At safepoint: 21901 ns, Total: 121303 ns
[5.407s][info ][safepoint      ] Safepoint "ICBufferFull", Time since last: 651315 ns, Reaching safepoint: 92203 ns, At safepoint: 33200 ns, Total: 125403 ns
[5.408s][info ][safepoint      ] Safepoint "ICBufferFull", Time since last: 649516 ns, Reaching safepoint: 98202 ns, At safepoint: 20501 ns, Total: 118703 ns
[5.408s][info ][safepoint      ] Safepoint "ICBufferFull", Time since last: 651315 ns, Reaching safepoint: 100702 ns, At safepoint: 20301 ns, Total: 121003 ns
[5.409s][info ][safepoint      ] Safepoint "ICBufferFull", Time since last: 655916 ns, Reaching safepoint: 91202 ns, At safepoint: 20600 ns, Total: 111802 ns
[5.410s][info ][safepoint      ] Safepoint "ICBufferFull", Time since last: 652116 ns, Reaching safepoint: 92902 ns, At safepoint: 20000 ns, Total: 112902 ns
[5.423s][info ][safepoint      ] Safepoint "ICBufferFull", Time since last: 12945208 ns, Reaching safepoint: 117803 ns, At safepoint: 22700 ns, Total: 140503 ns
[5.424s][info ][safepoint      ] Safepoint "ICBufferFull", Time since last: 669916 ns, Reaching safepoint: 95902 ns, At safepoint: 19401 ns, Total: 115303 ns
[5.430s][info ][safepoint      ] Safepoint "ICBufferFull", Time since last: 629515 ns, Reaching safepoint: 5389828 ns, At safepoint: 31200 ns, Total: 5421028 ns
[5.431s][info ][safepoint      ] Safepoint "ICBufferFull", Time since last: 698817 ns, Reaching safepoint: 101202 ns, At safepoint: 21501 ns, Total: 122703 ns
[5.432s][info ][safepoint      ] Safepoint "ICBufferFull", Time since last: 686416 ns, Reaching safepoint: 91202 ns, At safepoint: 21801 ns, Total: 113003 ns
[5.432s][info ][safepoint      ] Safepoint "ICBufferFull", Time since last: 653115 ns, Reaching safepoint: 105703 ns, At safepoint: 20500 ns, Total: 126203 ns
[5.433s][info ][safepoint      ] Safepoint "ICBufferFull", Time since last: 628615 ns, Reaching safepoint: 101103 ns, At safepoint: 18700 ns, Total: 119803 ns
[5.436s][info ][safepoint      ] Safepoint "ICBufferFull", Time since last: 629215 ns, Reaching safepoint: 2124451 ns, At safepoint: 28900 ns, Total: 2153351 ns
[5.445s][info ][safepoint      ] Safepoint "ICBufferFull", Time since last: 9261220 ns, Reaching safepoint: 109903 ns, At safepoint: 23100 ns, Total: 133003 ns
[5.446s][info ][safepoint      ] Safepoint "ICBufferFull", Time since last: 644016 ns, Reaching safepoint: 90702 ns, At safepoint: 18400 ns, Total: 109102 ns
[5.447s][info ][safepoint      ] Safepoint "ICBufferFull", Time since last: 621915 ns, Reaching safepoint: 99802 ns, At safepoint: 17801 ns, Total: 117603 ns
[5.448s][info ][safepoint      ] Safepoint "ICBufferFull", Time since last: 661415 ns, Reaching safepoint: 85202 ns, At safepoint: 22801 ns, Total: 108003 ns
[5.448s][info ][safepoint      ] Safepoint "ICBufferFull", Time since last: 677616 ns, Reaching safepoint: 98202 ns, At safepoint: 26801 ns, Total: 125003 ns
[5.449s][info ][safepoint      ] Safepoint "ICBufferFull", Time since last: 662516 ns, Reaching safepoint: 100802 ns, At safepoint: 24401 ns, Total: 125203 ns
[5.450s][info ][safepoint      ] Safepoint "ICBufferFull", Time since last: 672416 ns, Reaching safepoint: 93402 ns, At safepoint: 25201 ns, Total: 118603 ns
[5.451s][info ][safepoint      ] Safepoint "ICBufferFull", Time since last: 774018 ns, Reaching safepoint: 280907 ns, At safepoint: 22100 ns, Total: 303007 ns
[5.452s][info ][safepoint      ] Safepoint "ICBufferFull", Time since last: 665316 ns, Reaching safepoint: 99802 ns, At safepoint: 24401 ns, Total: 124203 ns
[5.453s][info ][safepoint      ] Safepoint "ICBufferFull", Time since last: 642315 ns, Reaching safepoint: 98703 ns, At safepoint: 23600 ns, Total: 122303 ns
[5.454s][info ][safepoint      ] Safepoint "ICBufferFull", Time since last: 902821 ns, Reaching safepoint: 337309 ns, At safepoint: 27100 ns, Total: 364409 ns
[5.455s][info ][safepoint      ] Safepoint "ICBufferFull", Time since last: 1081726 ns, Reaching safepoint: 105702 ns, At safepoint: 26401 ns, Total: 132103 ns
[5.456s][info ][safepoint      ] Safepoint "ICBufferFull", Time since last: 860520 ns, Reaching safepoint: 100603 ns, At safepoint: 21800 ns, Total: 122403 ns
[5.457s][info ][safepoint      ] Safepoint "ICBufferFull", Time since last: 876721 ns, Reaching safepoint: 103803 ns, At safepoint: 24200 ns, Total: 128003 ns
[5.458s][info ][safepoint      ] Safepoint "ICBufferFull", Time since last: 1157328 ns, Reaching safepoint: 105502 ns, At safepoint: 24201 ns, Total: 129703 ns
[5.460s][info ][safepoint      ] Safepoint "ICBufferFull", Time since last: 1537936 ns, Reaching safepoint: 106003 ns, At safepoint: 23000 ns, Total: 129003 ns
[5.462s][info ][safepoint      ] Safepoint "ICBufferFull", Time since last: 1445835 ns, Reaching safepoint: 111602 ns, At safepoint: 23301 ns, Total: 134903 ns
[5.462s][info ][safepoint      ] Safepoint "ICBufferFull", Time since last: 738517 ns, Reaching safepoint: 87502 ns, At safepoint: 22801 ns, Total: 110303 ns
[5.474s][info ][safepoint      ] Safepoint "ICBufferFull", Time since last: 10982161 ns, Reaching safepoint: 367309 ns, At safepoint: 23700 ns, Total: 391009 ns
[5.477s][info ][safepoint      ] Safepoint "ICBufferFull", Time since last: 684616 ns, Reaching safepoint: 2119951 ns, At safepoint: 30400 ns, Total: 2150351 ns
[5.478s][info ][safepoint      ] Safepoint "ICBufferFull", Time since last: 689917 ns, Reaching safepoint: 290707 ns, At safepoint: 26200 ns, Total: 316907 ns
[5.479s][info ][safepoint      ] Safepoint "ICBufferFull", Time since last: 913822 ns, Reaching safepoint: 515312 ns, At safepoint: 20101 ns, Total: 535413 ns
[5.480s][info ][safepoint      ] Safepoint "ICBufferFull", Time since last: 660515 ns, Reaching safepoint: 96303 ns, At safepoint: 19200 ns, Total: 115503 ns
[5.481s][info ][safepoint      ] Safepoint "ICBufferFull", Time since last: 660016 ns, Reaching safepoint: 96102 ns, At safepoint: 17801 ns, Total: 113903 ns
[5.481s][info ][safepoint      ] Safepoint "ICBufferFull", Time since last: 652515 ns, Reaching safepoint: 86502 ns, At safepoint: 21901 ns, Total: 108403 ns
[5.482s][info ][safepoint      ] Safepoint "ICBufferFull", Time since last: 743817 ns, Reaching safepoint: 85502 ns, At safepoint: 21601 ns, Total: 107103 ns
[5.483s][info ][safepoint      ] Safepoint "ICBufferFull", Time since last: 734817 ns, Reaching safepoint: 85702 ns, At safepoint: 20501 ns, Total: 106203 ns
[5.484s][info ][safepoint      ] Safepoint "ICBufferFull", Time since last: 800219 ns, Reaching safepoint: 87402 ns, At safepoint: 21200 ns, Total: 108602 ns
[5.485s][info ][safepoint      ] Safepoint "ICBufferFull", Time since last: 686517 ns, Reaching safepoint: 87602 ns, At safepoint: 19900 ns, Total: 107502 ns
[5.486s][info ][safepoint      ] Safepoint "ICBufferFull", Time since last: 651716 ns, Reaching safepoint: 89602 ns, At safepoint: 21000 ns, Total: 110602 ns
[5.486s][info ][safepoint      ] Safepoint "ICBufferFull", Time since last: 656416 ns, Reaching safepoint: 87502 ns, At safepoint: 20500 ns, Total: 108002 ns
[5.487s][info ][safepoint      ] Safepoint "ICBufferFull", Time since last: 742518 ns, Reaching safepoint: 91402 ns, At safepoint: 20601 ns, Total: 112003 ns
[5.488s][info ][safepoint      ] Safepoint "ICBufferFull", Time since last: 839820 ns, Reaching safepoint: 90402 ns, At safepoint: 21500 ns, Total: 111902 ns
[5.489s][info ][safepoint      ] Safepoint "ICBufferFull", Time since last: 801519 ns, Reaching safepoint: 55502 ns, At safepoint: 23800 ns, Total: 79302 ns
[5.504s][info ][safepoint      ] Safepoint "ICBufferFull", Time since last: 14730550 ns, Reaching safepoint: 115603 ns, At safepoint: 29900 ns, Total: 145503 ns
[5.505s][info ][safepoint      ] Safepoint "ICBufferFull", Time since last: 780519 ns, Reaching safepoint: 92902 ns, At safepoint: 22901 ns, Total: 115803 ns
[5.506s][info ][safepoint      ] Safepoint "ICBufferFull", Time since last: 778218 ns, Reaching safepoint: 108603 ns, At safepoint: 23200 ns, Total: 131803 ns
[5.507s][info ][safepoint      ] Safepoint "ICBufferFull", Time since last: 749518 ns, Reaching safepoint: 75302 ns, At safepoint: 22401 ns, Total: 97703 ns
[5.507s][info ][safepoint      ] Safepoint "ICBufferFull", Time since last: 783118 ns, Reaching safepoint: 98102 ns, At safepoint: 19401 ns, Total: 117503 ns
[5.508s][info ][safepoint      ] Safepoint "ICBufferFull", Time since last: 764718 ns, Reaching safepoint: 91102 ns, At safepoint: 22801 ns, Total: 113903 ns
[5.509s][info ][safepoint      ] Safepoint "ICBufferFull", Time since last: 1071325 ns, Reaching safepoint: 99103 ns, At safepoint: 21900 ns, Total: 121003 ns
[5.510s][info ][safepoint      ] Safepoint "ICBufferFull", Time since last: 832620 ns, Reaching safepoint: 85702 ns, At safepoint: 19600 ns, Total: 105302 ns
[5.511s][info ][safepoint      ] Safepoint "ICBufferFull", Time since last: 817120 ns, Reaching safepoint: 110202 ns, At safepoint: 28601 ns, Total: 138803 ns
[5.512s][info ][safepoint      ] Safepoint "ICBufferFull", Time since last: 759018 ns, Reaching safepoint: 101902 ns, At safepoint: 27301 ns, Total: 129203 ns
[5.513s][info ][safepoint      ] Safepoint "ICBufferFull", Time since last: 782119 ns, Reaching safepoint: 96402 ns, At safepoint: 20300 ns, Total: 116702 ns
[5.514s][info ][safepoint      ] Safepoint "ICBufferFull", Time since last: 755418 ns, Reaching safepoint: 93903 ns, At safepoint: 26100 ns, Total: 120003 ns
[5.515s][info ][safepoint      ] Safepoint "ICBufferFull", Time since last: 765218 ns, Reaching safepoint: 89203 ns, At safepoint: 25200 ns, Total: 114403 ns
[5.516s][info ][safepoint      ] Safepoint "ICBufferFull", Time since last: 764418 ns, Reaching safepoint: 88602 ns, At safepoint: 23301 ns, Total: 111903 ns
[5.517s][info ][safepoint      ] Safepoint "ICBufferFull", Time since last: 921022 ns, Reaching safepoint: 90002 ns, At safepoint: 22400 ns, Total: 112402 ns
[5.518s][info ][safepoint      ] Safepoint "ICBufferFull", Time since last: 878521 ns, Reaching safepoint: 88702 ns, At safepoint: 25901 ns, Total: 114603 ns
[5.519s][info ][safepoint      ] Safepoint "ICBufferFull", Time since last: 862221 ns, Reaching safepoint: 89702 ns, At safepoint: 22000 ns, Total: 111702 ns
[5.530s][info ][safepoint      ] Safepoint "ICBufferFull", Time since last: 11060163 ns, Reaching safepoint: 119303 ns, At safepoint: 26800 ns, Total: 146103 ns
[5.531s][info ][safepoint      ] Safepoint "ICBufferFull", Time since last: 758718 ns, Reaching safepoint: 89402 ns, At safepoint: 24401 ns, Total: 113803 ns
[5.532s][info ][safepoint      ] Safepoint "ICBufferFull", Time since last: 720317 ns, Reaching safepoint: 86702 ns, At safepoint: 27601 ns, Total: 114303 ns
[5.535s][info ][safepoint      ] Safepoint "ICBufferFull", Time since last: 692716 ns, Reaching safepoint: 2100650 ns, At safepoint: 27801 ns, Total: 2128451 ns
[5.535s][info ][safepoint      ] Safepoint "ICBufferFull", Time since last: 741217 ns, Reaching safepoint: 93803 ns, At safepoint: 21500 ns, Total: 115303 ns
[5.536s][info ][safepoint      ] Safepoint "ICBufferFull", Time since last: 692517 ns, Reaching safepoint: 91102 ns, At safepoint: 16700 ns, Total: 107802 ns
[5.537s][info ][safepoint      ] Safepoint "ICBufferFull", Time since last: 691017 ns, Reaching safepoint: 91602 ns, At safepoint: 24900 ns, Total: 116502 ns
[5.538s][info ][safepoint      ] Safepoint "ICBufferFull", Time since last: 696817 ns, Reaching safepoint: 107302 ns, At safepoint: 25301 ns, Total: 132603 ns
[5.539s][info ][safepoint      ] Safepoint "ICBufferFull", Time since last: 694617 ns, Reaching safepoint: 94702 ns, At safepoint: 27700 ns, Total: 122402 ns
[5.540s][info ][safepoint      ] Safepoint "ICBufferFull", Time since last: 854221 ns, Reaching safepoint: 104102 ns, At safepoint: 26401 ns, Total: 130503 ns
[5.541s][info ][safepoint      ] Safepoint "ICBufferFull", Time since last: 809519 ns, Reaching safepoint: 99702 ns, At safepoint: 23901 ns, Total: 123603 ns
[5.542s][info ][safepoint      ] Safepoint "ICBufferFull", Time since last: 946422 ns, Reaching safepoint: 93303 ns, At safepoint: 20300 ns, Total: 113603 ns
[5.543s][info ][safepoint      ] Safepoint "ICBufferFull", Time since last: 877521 ns, Reaching safepoint: 96002 ns, At safepoint: 24301 ns, Total: 120303 ns
[5.544s][info ][safepoint      ] Safepoint "ICBufferFull", Time since last: 882321 ns, Reaching safepoint: 87002 ns, At safepoint: 22900 ns, Total: 109902 ns
[5.545s][info ][safepoint      ] Safepoint "ICBufferFull", Time since last: 944923 ns, Reaching safepoint: 86002 ns, At safepoint: 22800 ns, Total: 108802 ns
[5.546s][info ][safepoint      ] Safepoint "ICBufferFull", Time since last: 801619 ns, Reaching safepoint: 85903 ns, At safepoint: 15900 ns, Total: 101803 ns
[5.547s][info ][safepoint      ] Safepoint "ICBufferFull", Time since last: 1047625 ns, Reaching safepoint: 87202 ns, At safepoint: 21700 ns, Total: 108902 ns
[5.548s][info ][safepoint      ] Safepoint "ICBufferFull", Time since last: 719417 ns, Reaching safepoint: 92303 ns, At safepoint: 23100 ns, Total: 115403 ns
[5.548s][info ][safepoint      ] Safepoint "ICBufferFull", Time since last: 672816 ns, Reaching safepoint: 91302 ns, At safepoint: 23901 ns, Total: 115203 ns
[5.549s][info ][safepoint      ] Safepoint "ICBufferFull", Time since last: 674116 ns, Reaching safepoint: 92002 ns, At safepoint: 19401 ns, Total: 111403 ns
[5.550s][info ][safepoint      ] Safepoint "ICBufferFull", Time since last: 672415 ns, Reaching safepoint: 91303 ns, At safepoint: 17300 ns, Total: 108603 ns
[5.551s][info ][safepoint      ] Safepoint "ICBufferFull", Time since last: 680816 ns, Reaching safepoint: 88202 ns, At safepoint: 22801 ns, Total: 111003 ns
[5.552s][info ][safepoint      ] Safepoint "ICBufferFull", Time since last: 868921 ns, Reaching safepoint: 90502 ns, At safepoint: 20900 ns, Total: 111402 ns
[5.552s][info ][safepoint      ] Safepoint "ICBufferFull", Time since last: 660216 ns, Reaching safepoint: 91002 ns, At safepoint: 26001 ns, Total: 117003 ns
[5.553s][info ][safepoint      ] Safepoint "ICBufferFull", Time since last: 680616 ns, Reaching safepoint: 91202 ns, At safepoint: 22500 ns, Total: 113702 ns
[5.554s][info ][safepoint      ] Safepoint "ICBufferFull", Time since last: 660516 ns, Reaching safepoint: 91102 ns, At safepoint: 22401 ns, Total: 113503 ns
[5.555s][info ][safepoint      ] Safepoint "ICBufferFull", Time since last: 490912 ns, Reaching safepoint: 89102 ns, At safepoint: 21300 ns, Total: 110402 ns
[5.560s][info ][safepoint      ] Safepoint "ICBufferFull", Time since last: 5073721 ns, Reaching safepoint: 63101 ns, At safepoint: 21601 ns, Total: 84702 ns
[5.561s][info ][safepoint      ] Safepoint "ICBufferFull", Time since last: 747717 ns, Reaching safepoint: 47702 ns, At safepoint: 22600 ns, Total: 70302 ns
[5.562s][info ][safepoint      ] Safepoint "ICBufferFull", Time since last: 1532736 ns, Reaching safepoint: 101003 ns, At safepoint: 25300 ns, Total: 126303 ns
[5.563s][info ][safepoint      ] Safepoint "ICBufferFull", Time since last: 692617 ns, Reaching safepoint: 95102 ns, At safepoint: 24801 ns, Total: 119903 ns
[5.564s][info ][safepoint      ] Safepoint "ICBufferFull", Time since last: 685616 ns, Reaching safepoint: 105103 ns, At safepoint: 22400 ns, Total: 127503 ns
[5.565s][info ][safepoint      ] Safepoint "ICBufferFull", Time since last: 671716 ns, Reaching safepoint: 157404 ns, At safepoint: 27300 ns, Total: 184704 ns
[5.566s][info ][safepoint      ] Safepoint "ICBufferFull", Time since last: 671916 ns, Reaching safepoint: 157004 ns, At safepoint: 23101 ns, Total: 180105 ns
[5.566s][info ][safepoint      ] Safepoint "ICBufferFull", Time since last: 675716 ns, Reaching safepoint: 90002 ns, At safepoint: 26900 ns, Total: 116902 ns
[5.569s][info ][safepoint      ] Safepoint "ICBufferFull", Time since last: 699417 ns, Reaching safepoint: 2091250 ns, At safepoint: 26300 ns, Total: 2117550 ns
[5.570s][info ][safepoint      ] Safepoint "ICBufferFull", Time since last: 668816 ns, Reaching safepoint: 98403 ns, At safepoint: 25100 ns, Total: 123503 ns
[5.571s][info ][safepoint      ] Safepoint "ICBufferFull", Time since last: 687816 ns, Reaching safepoint: 98603 ns, At safepoint: 29701 ns, Total: 128304 ns
[5.576s][info ][safepoint      ] Safepoint "ICBufferFull", Time since last: 727017 ns, Reaching safepoint: 4272601 ns, At safepoint: 30201 ns, Total: 4302802 ns
[5.579s][info ][safepoint      ] Safepoint "ICBufferFull", Time since last: 2144751 ns, Reaching safepoint: 702717 ns, At safepoint: 26700 ns, Total: 729417 ns
[5.579s][info ][safepoint      ] Safepoint "ICBufferFull", Time since last: 76502 ns, Reaching safepoint: 83902 ns, At safepoint: 14300 ns, Total: 98202 ns
[5.579s][info ][safepoint      ] Safepoint "ICBufferFull", Time since last: 63702 ns, Reaching safepoint: 84202 ns, At safepoint: 24500 ns, Total: 108702 ns
[5.580s][info ][safepoint      ] Safepoint "ICBufferFull", Time since last: 711117 ns, Reaching safepoint: 100003 ns, At safepoint: 4300 ns, Total: 104303 ns
[5.580s][info ][safepoint      ] Safepoint "ICBufferFull", Time since last: 49201 ns, Reaching safepoint: 91102 ns, At safepoint: 21801 ns, Total: 112903 ns
[5.583s][info ][safepoint      ] Safepoint "ICBufferFull", Time since last: 2949970 ns, Reaching safepoint: 97002 ns, At safepoint: 20100 ns, Total: 117102 ns
[5.583s][info ][safepoint      ] Safepoint "ICBufferFull", Time since last: 58602 ns, Reaching safepoint: 99402 ns, At safepoint: 19101 ns, Total: 118503 ns
[5.583s][info ][safepoint      ] Safepoint "ICBufferFull", Time since last: 32200 ns, Reaching safepoint: 92503 ns, At safepoint: 16000 ns, Total: 108503 ns
[5.595s][info ][safepoint      ] Safepoint "ICBufferFull", Time since last: 11551474 ns, Reaching safepoint: 108303 ns, At safepoint: 21800 ns, Total: 130103 ns
[5.596s][info ][safepoint      ] Safepoint "ICBufferFull", Time since last: 754218 ns, Reaching safepoint: 98903 ns, At safepoint: 15800 ns, Total: 114703 ns
[5.596s][info ][safepoint      ] Safepoint "ICBufferFull", Time since last: 37901 ns, Reaching safepoint: 83402 ns, At safepoint: 21500 ns, Total: 104902 ns
[5.612s][info ][safepoint      ] Safepoint "ICBufferFull", Time since last: 15517569 ns, Reaching safepoint: 123003 ns, At safepoint: 22000 ns, Total: 145003 ns
[5.613s][info ][safepoint      ] Safepoint "ICBufferFull", Time since last: 690217 ns, Reaching safepoint: 101002 ns, At safepoint: 17501 ns, Total: 118503 ns
[5.613s][info ][safepoint      ] Safepoint "ICBufferFull", Time since last: 656615 ns, Reaching safepoint: 96702 ns, At safepoint: 23301 ns, Total: 120003 ns
[5.614s][info ][safepoint      ] Safepoint "ICBufferFull", Time since last: 757918 ns, Reaching safepoint: 101902 ns, At safepoint: 35601 ns, Total: 137503 ns
[5.615s][info ][safepoint      ] Safepoint "ICBufferFull", Time since last: 752318 ns, Reaching safepoint: 85402 ns, At safepoint: 29001 ns, Total: 114403 ns
[5.616s][info ][safepoint      ] Safepoint "ICBufferFull", Time since last: 832020 ns, Reaching safepoint: 88002 ns, At safepoint: 24100 ns, Total: 112102 ns
[5.617s][info ][safepoint      ] Safepoint "ICBufferFull", Time since last: 847020 ns, Reaching safepoint: 77802 ns, At safepoint: 21101 ns, Total: 98903 ns
[5.618s][info ][safepoint      ] Safepoint "ICBufferFull", Time since last: 913221 ns, Reaching safepoint: 73902 ns, At safepoint: 22801 ns, Total: 96703 ns
[5.619s][info ][safepoint      ] Safepoint "ICBufferFull", Time since last: 709317 ns, Reaching safepoint: 81901 ns, At safepoint: 22701 ns, Total: 104602 ns
[5.620s][info ][safepoint      ] Safepoint "ICBufferFull", Time since last: 694517 ns, Reaching safepoint: 88502 ns, At safepoint: 24100 ns, Total: 112602 ns
[5.620s][info ][safepoint      ] Safepoint "ICBufferFull", Time since last: 679016 ns, Reaching safepoint: 88902 ns, At safepoint: 21701 ns, Total: 110603 ns
[5.621s][info ][safepoint      ] Safepoint "ICBufferFull", Time since last: 674916 ns, Reaching safepoint: 88902 ns, At safepoint: 22001 ns, Total: 110903 ns
[5.624s][info ][safepoint      ] Safepoint "ICBufferFull", Time since last: 678116 ns, Reaching safepoint: 2106550 ns, At safepoint: 26700 ns, Total: 2133250 ns
[5.625s][info ][safepoint      ] Safepoint "ICBufferFull", Time since last: 745318 ns, Reaching safepoint: 93602 ns, At safepoint: 20201 ns, Total: 113803 ns
[5.626s][info ][safepoint      ] Safepoint "ICBufferFull", Time since last: 676516 ns, Reaching safepoint: 91402 ns, At safepoint: 18300 ns, Total: 109702 ns
[5.626s][info ][safepoint      ] Safepoint "ICBufferFull", Time since last: 667516 ns, Reaching safepoint: 89502 ns, At safepoint: 17601 ns, Total: 107103 ns
[5.627s][info ][safepoint      ] Safepoint "ICBufferFull", Time since last: 686216 ns, Reaching safepoint: 89202 ns, At safepoint: 17601 ns, Total: 106803 ns
[5.628s][info ][safepoint      ] Safepoint "ICBufferFull", Time since last: 652815 ns, Reaching safepoint: 94402 ns, At safepoint: 18801 ns, Total: 113203 ns
[5.629s][info ][safepoint      ] Safepoint "ICBufferFull", Time since last: 658315 ns, Reaching safepoint: 98303 ns, At safepoint: 19800 ns, Total: 118103 ns
[5.636s][info ][safepoint      ] Safepoint "ICBufferFull", Time since last: 7150470 ns, Reaching safepoint: 121203 ns, At safepoint: 20400 ns, Total: 141603 ns
[5.637s][info ][safepoint      ] Safepoint "ICBufferFull", Time since last: 716217 ns, Reaching safepoint: 90603 ns, At safepoint: 18400 ns, Total: 109003 ns
[5.638s][info ][safepoint      ] Safepoint "ICBufferFull", Time since last: 662016 ns, Reaching safepoint: 88702 ns, At safepoint: 17400 ns, Total: 106102 ns
[5.638s][info ][safepoint      ] Safepoint "ICBufferFull", Time since last: 675516 ns, Reaching safepoint: 90302 ns, At safepoint: 19001 ns, Total: 109303 ns
[5.639s][info ][safepoint      ] Safepoint "ICBufferFull", Time since last: 686716 ns, Reaching safepoint: 90502 ns, At safepoint: 19601 ns, Total: 110103 ns
[5.651s][info ][safepoint      ] Safepoint "ICBufferFull", Time since last: 11698678 ns, Reaching safepoint: 99302 ns, At safepoint: 17100 ns, Total: 116402 ns
[5.652s][info ][safepoint      ] Safepoint "ICBufferFull", Time since last: 688217 ns, Reaching safepoint: 92202 ns, At safepoint: 21500 ns, Total: 113702 ns
[5.668s][info ][safepoint      ] Safepoint "ICBufferFull", Time since last: 15795475 ns, Reaching safepoint: 101703 ns, At safepoint: 21700 ns, Total: 123403 ns
[5.669s][info ][safepoint      ] Safepoint "ICBufferFull", Time since last: 710417 ns, Reaching safepoint: 99603 ns, At safepoint: 25100 ns, Total: 124703 ns
[5.669s][info ][safepoint      ] Safepoint "ICBufferFull", Time since last: 689317 ns, Reaching safepoint: 90602 ns, At safepoint: 21200 ns, Total: 111802 ns
[5.670s][info ][safepoint      ] Safepoint "ICBufferFull", Time since last: 683717 ns, Reaching safepoint: 90702 ns, At safepoint: 20700 ns, Total: 111402 ns
[5.671s][info ][safepoint      ] Safepoint "ICBufferFull", Time since last: 531713 ns, Reaching safepoint: 89302 ns, At safepoint: 16600 ns, Total: 105902 ns
[5.680s][info ][safepoint      ] Safepoint "ICBufferFull", Time since last: 8625105 ns, Reaching safepoint: 117603 ns, At safepoint: 25601 ns, Total: 143204 ns
[5.681s][info ][safepoint      ] Safepoint "ICBufferFull", Time since last: 812319 ns, Reaching safepoint: 55301 ns, At safepoint: 25301 ns, Total: 80602 ns
[5.682s][info ][safepoint      ] Safepoint "ICBufferFull", Time since last: 798019 ns, Reaching safepoint: 246006 ns, At safepoint: 30400 ns, Total: 276406 ns
[5.683s][info ][safepoint      ] Safepoint "ICBufferFull", Time since last: 806919 ns, Reaching safepoint: 95503 ns, At safepoint: 16500 ns, Total: 112003 ns
[5.683s][info ][safepoint      ] Safepoint "ICBufferFull", Time since last: 717817 ns, Reaching safepoint: 88402 ns, At safepoint: 21901 ns, Total: 110303 ns
[5.684s][info ][safepoint      ] Safepoint "ICBufferFull", Time since last: 714717 ns, Reaching safepoint: 87902 ns, At safepoint: 20100 ns, Total: 108002 ns
[5.685s][info ][safepoint      ] Safepoint "ICBufferFull", Time since last: 670816 ns, Reaching safepoint: 98103 ns, At safepoint: 20300 ns, Total: 118403 ns
[5.686s][info ][safepoint      ] Safepoint "ICBufferFull", Time since last: 678416 ns, Reaching safepoint: 91702 ns, At safepoint: 25301 ns, Total: 117003 ns
[5.687s][info ][safepoint      ] Safepoint "ICBufferFull", Time since last: 686916 ns, Reaching safepoint: 91602 ns, At safepoint: 19901 ns, Total: 111503 ns
[5.687s][info ][safepoint      ] Safepoint "ICBufferFull", Time since last: 680716 ns, Reaching safepoint: 92902 ns, At safepoint: 22601 ns, Total: 115503 ns
[5.688s][info ][safepoint      ] Safepoint "ICBufferFull", Time since last: 680016 ns, Reaching safepoint: 93902 ns, At safepoint: 21301 ns, Total: 115203 ns
[5.689s][info ][safepoint      ] Safepoint "ICBufferFull", Time since last: 844820 ns, Reaching safepoint: 89802 ns, At safepoint: 21700 ns, Total: 111502 ns
[5.690s][info ][safepoint      ] Safepoint "ICBufferFull", Time since last: 878921 ns, Reaching safepoint: 91102 ns, At safepoint: 24001 ns, Total: 115103 ns
[5.691s][info ][safepoint      ] Safepoint "ICBufferFull", Time since last: 878021 ns, Reaching safepoint: 86202 ns, At safepoint: 25000 ns, Total: 111202 ns
[5.692s][info ][safepoint      ] Safepoint "ICBufferFull", Time since last: 766919 ns, Reaching safepoint: 90302 ns, At safepoint: 22700 ns, Total: 113002 ns
[5.693s][info ][safepoint      ] Safepoint "ICBufferFull", Time since last: 954923 ns, Reaching safepoint: 72702 ns, At safepoint: 23900 ns, Total: 96602 ns
[5.695s][info ][safepoint      ] Safepoint "ICBufferFull", Time since last: 1445835 ns, Reaching safepoint: 102602 ns, At safepoint: 22501 ns, Total: 125103 ns
[5.696s][info ][safepoint      ] Safepoint "ICBufferFull", Time since last: 1760241 ns, Reaching safepoint: 96103 ns, At safepoint: 19100 ns, Total: 115203 ns
[5.698s][info ][safepoint      ] Safepoint "ICBufferFull", Time since last: 1418134 ns, Reaching safepoint: 100902 ns, At safepoint: 22201 ns, Total: 123103 ns
[5.700s][info ][safepoint      ] Safepoint "ICBufferFull", Time since last: 1703840 ns, Reaching safepoint: 102103 ns, At safepoint: 20700 ns, Total: 122803 ns
[5.701s][info ][safepoint      ] Safepoint "ICBufferFull", Time since last: 696917 ns, Reaching safepoint: 100202 ns, At safepoint: 22701 ns, Total: 122903 ns
[5.701s][info ][safepoint      ] Safepoint "ICBufferFull", Time since last: 672516 ns, Reaching safepoint: 101302 ns, At safepoint: 18900 ns, Total: 120202 ns
[5.702s][info ][safepoint      ] Safepoint "ICBufferFull", Time since last: 667916 ns, Reaching safepoint: 99903 ns, At safepoint: 24000 ns, Total: 123903 ns
[5.703s][info ][safepoint      ] Safepoint "ICBufferFull", Time since last: 664816 ns, Reaching safepoint: 100802 ns, At safepoint: 19601 ns, Total: 120403 ns
[5.704s][info ][safepoint      ] Safepoint "ICBufferFull", Time since last: 666016 ns, Reaching safepoint: 88502 ns, At safepoint: 23000 ns, Total: 111502 ns
[5.705s][info ][safepoint      ] Safepoint "ICBufferFull", Time since last: 671016 ns, Reaching safepoint: 100303 ns, At safepoint: 19800 ns, Total: 120103 ns
[5.705s][info ][safepoint      ] Safepoint "ICBufferFull", Time since last: 689516 ns, Reaching safepoint: 95003 ns, At safepoint: 22200 ns, Total: 117203 ns
[5.706s][info ][safepoint      ] Safepoint "ICBufferFull", Time since last: 655816 ns, Reaching safepoint: 90802 ns, At safepoint: 23201 ns, Total: 114003 ns
[5.707s][info ][safepoint      ] Safepoint "ICBufferFull", Time since last: 662515 ns, Reaching safepoint: 89702 ns, At safepoint: 34701 ns, Total: 124403 ns
[5.708s][info ][safepoint      ] Safepoint "ICBufferFull", Time since last: 672516 ns, Reaching safepoint: 89702 ns, At safepoint: 24301 ns, Total: 114003 ns
[5.709s][info ][safepoint      ] Safepoint "ICBufferFull", Time since last: 659516 ns, Reaching safepoint: 88202 ns, At safepoint: 20500 ns, Total: 108702 ns
[5.709s][info ][safepoint      ] Safepoint "ICBufferFull", Time since last: 784919 ns, Reaching safepoint: 92302 ns, At safepoint: 21000 ns, Total: 113302 ns
[5.710s][info ][safepoint      ] Safepoint "ICBufferFull", Time since last: 671816 ns, Reaching safepoint: 90703 ns, At safepoint: 26700 ns, Total: 117403 ns
[5.711s][info ][safepoint      ] Safepoint "ICBufferFull", Time since last: 687617 ns, Reaching safepoint: 90302 ns, At safepoint: 20700 ns, Total: 111002 ns
[5.712s][info ][safepoint      ] Safepoint "ICBufferFull", Time since last: 678516 ns, Reaching safepoint: 88102 ns, At safepoint: 24901 ns, Total: 113003 ns
[5.713s][info ][safepoint      ] Safepoint "ICBufferFull", Time since last: 668716 ns, Reaching safepoint: 89002 ns, At safepoint: 20400 ns, Total: 109402 ns
[5.713s][info ][safepoint      ] Safepoint "ICBufferFull", Time since last: 666916 ns, Reaching safepoint: 88002 ns, At safepoint: 24601 ns, Total: 112603 ns
[5.714s][info ][safepoint      ] Safepoint "ICBufferFull", Time since last: 668516 ns, Reaching safepoint: 88202 ns, At safepoint: 24700 ns, Total: 112902 ns
[5.715s][info ][safepoint      ] Safepoint "ICBufferFull", Time since last: 1125227 ns, Reaching safepoint: 89402 ns, At safepoint: 21901 ns, Total: 111303 ns
[5.716s][info ][safepoint      ] Safepoint "ICBufferFull", Time since last: 672716 ns, Reaching safepoint: 93402 ns, At safepoint: 18400 ns, Total: 111802 ns
[5.717s][info ][safepoint      ] Safepoint "ICBufferFull", Time since last: 691117 ns, Reaching safepoint: 103502 ns, At safepoint: 22401 ns, Total: 125903 ns
[5.718s][info ][safepoint      ] Safepoint "ICBufferFull", Time since last: 688116 ns, Reaching safepoint: 95902 ns, At safepoint: 19501 ns, Total: 115403 ns
[5.719s][info ][safepoint      ] Safepoint "ICBufferFull", Time since last: 674916 ns, Reaching safepoint: 90302 ns, At safepoint: 22201 ns, Total: 112503 ns
[5.719s][info ][safepoint      ] Safepoint "ICBufferFull", Time since last: 669015 ns, Reaching safepoint: 103703 ns, At safepoint: 20100 ns, Total: 123803 ns
[5.721s][info ][safepoint      ] Safepoint "ICBufferFull", Time since last: 1519236 ns, Reaching safepoint: 98703 ns, At safepoint: 20800 ns, Total: 119503 ns
[5.723s][info ][safepoint      ] Safepoint "ICBufferFull", Time since last: 1334932 ns, Reaching safepoint: 702817 ns, At safepoint: 19200 ns, Total: 722017 ns
[5.738s][info ][safepoint      ] Safepoint "ICBufferFull", Time since last: 14483844 ns, Reaching safepoint: 120703 ns, At safepoint: 28900 ns, Total: 149603 ns
[5.740s][info ][safepoint      ] Safepoint "ICBufferFull", Time since last: 2006848 ns, Reaching safepoint: 111603 ns, At safepoint: 27000 ns, Total: 138603 ns
[5.746s][info ][safepoint      ] Safepoint "ICBufferFull", Time since last: 6000143 ns, Reaching safepoint: 104202 ns, At safepoint: 25501 ns, Total: 129703 ns
[5.747s][info ][safepoint      ] Safepoint "ICBufferFull", Time since last: 796119 ns, Reaching safepoint: 68901 ns, At safepoint: 28601 ns, Total: 97502 ns
[5.748s][info ][safepoint      ] Safepoint "ICBufferFull", Time since last: 805019 ns, Reaching safepoint: 88302 ns, At safepoint: 20901 ns, Total: 109203 ns
[5.749s][info ][safepoint      ] Safepoint "ICBufferFull", Time since last: 678316 ns, Reaching safepoint: 89602 ns, At safepoint: 27201 ns, Total: 116803 ns
[5.749s][info ][safepoint      ] Safepoint "ICBufferFull", Time since last: 704816 ns, Reaching safepoint: 89503 ns, At safepoint: 23700 ns, Total: 113203 ns
[5.750s][info ][safepoint      ] Safepoint "ICBufferFull", Time since last: 732717 ns, Reaching safepoint: 90503 ns, At safepoint: 24300 ns, Total: 114803 ns
[5.751s][info ][safepoint      ] Safepoint "ICBufferFull", Time since last: 678116 ns, Reaching safepoint: 92202 ns, At safepoint: 27701 ns, Total: 119903 ns
[5.752s][info ][safepoint      ] Safepoint "ICBufferFull", Time since last: 657516 ns, Reaching safepoint: 90802 ns, At safepoint: 24300 ns, Total: 115102 ns
[5.753s][info ][safepoint      ] Safepoint "ICBufferFull", Time since last: 659816 ns, Reaching safepoint: 89902 ns, At safepoint: 23201 ns, Total: 113103 ns
[5.753s][info ][safepoint      ] Safepoint "ICBufferFull", Time since last: 803219 ns, Reaching safepoint: 62601 ns, At safepoint: 25101 ns, Total: 87702 ns
[5.755s][info ][safepoint      ] Safepoint "ICBufferFull", Time since last: 1431034 ns, Reaching safepoint: 85302 ns, At safepoint: 26901 ns, Total: 112203 ns
[5.757s][info ][safepoint      ] Safepoint "ICBufferFull", Time since last: 1534036 ns, Reaching safepoint: 87802 ns, At safepoint: 22601 ns, Total: 110403 ns
[5.758s][info ][safepoint      ] Safepoint "ICBufferFull", Time since last: 808619 ns, Reaching safepoint: 76402 ns, At safepoint: 23800 ns, Total: 100202 ns
[5.776s][info ][safepoint      ] Safepoint "ICBufferFull", Time since last: 14152336 ns, Reaching safepoint: 4217500 ns, At safepoint: 31201 ns, Total: 4248701 ns
[5.780s][info ][safepoint      ] Safepoint "ICBufferFull", Time since last: 745418 ns, Reaching safepoint: 3168275 ns, At safepoint: 28200 ns, Total: 3196475 ns
[5.781s][info ][safepoint      ] Safepoint "ICBufferFull", Time since last: 747618 ns, Reaching safepoint: 97203 ns, At safepoint: 25900 ns, Total: 123103 ns
[5.782s][info ][safepoint      ] Safepoint "ICBufferFull", Time since last: 723617 ns, Reaching safepoint: 91203 ns, At safepoint: 25600 ns, Total: 116803 ns
[5.782s][info ][safepoint      ] Safepoint "ICBufferFull", Time since last: 671016 ns, Reaching safepoint: 102202 ns, At safepoint: 24701 ns, Total: 126903 ns
[5.783s][info ][safepoint      ] Safepoint "ICBufferFull", Time since last: 713017 ns, Reaching safepoint: 91602 ns, At safepoint: 18801 ns, Total: 110403 ns
[5.784s][info ][safepoint      ] Safepoint "ICBufferFull", Time since last: 702016 ns, Reaching safepoint: 98703 ns, At safepoint: 24600 ns, Total: 123303 ns
[5.785s][info ][safepoint      ] Safepoint "ICBufferFull", Time since last: 702517 ns, Reaching safepoint: 90902 ns, At safepoint: 22701 ns, Total: 113603 ns
[5.786s][info ][safepoint      ] Safepoint "ICBufferFull", Time since last: 695616 ns, Reaching safepoint: 91202 ns, At safepoint: 21001 ns, Total: 112203 ns
[5.787s][info ][safepoint      ] Safepoint "ICBufferFull", Time since last: 714217 ns, Reaching safepoint: 720917 ns, At safepoint: 25700 ns, Total: 746617 ns
[5.788s][info ][safepoint      ] Safepoint "ICBufferFull", Time since last: 694317 ns, Reaching safepoint: 90802 ns, At safepoint: 25601 ns, Total: 116403 ns
[5.789s][info ][safepoint      ] Safepoint "ICBufferFull", Time since last: 699416 ns, Reaching safepoint: 96003 ns, At safepoint: 24800 ns, Total: 120803 ns
[5.790s][info ][safepoint      ] Safepoint "ICBufferFull", Time since last: 717217 ns, Reaching safepoint: 90902 ns, At safepoint: 25501 ns, Total: 116403 ns
[5.790s][info ][safepoint      ] Safepoint "ICBufferFull", Time since last: 721317 ns, Reaching safepoint: 90502 ns, At safepoint: 21801 ns, Total: 112303 ns
[5.791s][info ][safepoint      ] Safepoint "ICBufferFull", Time since last: 714317 ns, Reaching safepoint: 92402 ns, At safepoint: 23200 ns, Total: 115602 ns
[5.792s][info ][safepoint      ] Safepoint "ICBufferFull", Time since last: 694717 ns, Reaching safepoint: 91102 ns, At safepoint: 24801 ns, Total: 115903 ns
[5.793s][info ][safepoint      ] Safepoint "ICBufferFull", Time since last: 845620 ns, Reaching safepoint: 100802 ns, At safepoint: 27001 ns, Total: 127803 ns
[5.796s][info ][safepoint      ] Safepoint "ICBufferFull", Time since last: 698616 ns, Reaching safepoint: 2117151 ns, At safepoint: 26100 ns, Total: 2143251 ns
[5.797s][info ][safepoint      ] Safepoint "ICBufferFull", Time since last: 722817 ns, Reaching safepoint: 105903 ns, At safepoint: 24100 ns, Total: 130003 ns
[5.798s][info ][safepoint      ] Safepoint "ICBufferFull", Time since last: 723318 ns, Reaching safepoint: 90202 ns, At safepoint: 22600 ns, Total: 112802 ns
[5.798s][info ][safepoint      ] Safepoint "ICBufferFull", Time since last: 690017 ns, Reaching safepoint: 98802 ns, At safepoint: 21801 ns, Total: 120603 ns
[5.799s][info ][safepoint      ] Safepoint "ICBufferFull", Time since last: 706616 ns, Reaching safepoint: 100303 ns, At safepoint: 26000 ns, Total: 126303 ns
[5.800s][info ][safepoint      ] Safepoint "ICBufferFull", Time since last: 728918 ns, Reaching safepoint: 90202 ns, At safepoint: 23000 ns, Total: 113202 ns
[5.801s][info ][safepoint      ] Safepoint "ICBufferFull", Time since last: 688417 ns, Reaching safepoint: 100002 ns, At safepoint: 24801 ns, Total: 124803 ns
[5.802s][info ][safepoint      ] Safepoint "ICBufferFull", Time since last: 687416 ns, Reaching safepoint: 88202 ns, At safepoint: 22901 ns, Total: 111103 ns
[5.802s][info ][safepoint      ] Safepoint "ICBufferFull", Time since last: 696816 ns, Reaching safepoint: 97302 ns, At safepoint: 22201 ns, Total: 119503 ns
[5.803s][info ][safepoint      ] Safepoint "ICBufferFull", Time since last: 712417 ns, Reaching safepoint: 90402 ns, At safepoint: 22300 ns, Total: 112702 ns
[5.804s][info ][safepoint      ] Safepoint "ICBufferFull", Time since last: 683317 ns, Reaching safepoint: 91602 ns, At safepoint: 23800 ns, Total: 115402 ns
[5.805s][info ][safepoint      ] Safepoint "ICBufferFull", Time since last: 689317 ns, Reaching safepoint: 97702 ns, At safepoint: 22701 ns, Total: 120403 ns
[5.806s][info ][safepoint      ] Safepoint "ICBufferFull", Time since last: 703716 ns, Reaching safepoint: 90002 ns, At safepoint: 18301 ns, Total: 108303 ns
[5.807s][info ][safepoint      ] Safepoint "ICBufferFull", Time since last: 687416 ns, Reaching safepoint: 89202 ns, At safepoint: 20101 ns, Total: 109303 ns
[5.807s][info ][safepoint      ] Safepoint "ICBufferFull", Time since last: 705017 ns, Reaching safepoint: 89502 ns, At safepoint: 19300 ns, Total: 108802 ns
[5.808s][info ][safepoint      ] Safepoint "ICBufferFull", Time since last: 690717 ns, Reaching safepoint: 88902 ns, At safepoint: 20700 ns, Total: 109602 ns
[5.809s][info ][safepoint      ] Safepoint "ICBufferFull", Time since last: 701517 ns, Reaching safepoint: 90002 ns, At safepoint: 18200 ns, Total: 108202 ns
[5.810s][info ][safepoint      ] Safepoint "ICBufferFull", Time since last: 694017 ns, Reaching safepoint: 90202 ns, At safepoint: 22601 ns, Total: 112803 ns
[5.811s][info ][safepoint      ] Safepoint "ICBufferFull", Time since last: 687316 ns, Reaching safepoint: 90402 ns, At safepoint: 18800 ns, Total: 109202 ns
[5.811s][info ][safepoint      ] Safepoint "ICBufferFull", Time since last: 722818 ns, Reaching safepoint: 90202 ns, At safepoint: 23500 ns, Total: 113702 ns
[5.812s][info ][safepoint      ] Safepoint "ICBufferFull", Time since last: 695217 ns, Reaching safepoint: 91302 ns, At safepoint: 23901 ns, Total: 115203 ns
[5.813s][info ][safepoint      ] Safepoint "ICBufferFull", Time since last: 691316 ns, Reaching safepoint: 90802 ns, At safepoint: 23301 ns, Total: 114103 ns
[5.814s][info ][safepoint      ] Safepoint "ICBufferFull", Time since last: 692016 ns, Reaching safepoint: 90202 ns, At safepoint: 20801 ns, Total: 111003 ns
[5.815s][info ][safepoint      ] Safepoint "ICBufferFull", Time since last: 865120 ns, Reaching safepoint: 97703 ns, At safepoint: 22700 ns, Total: 120403 ns
[5.816s][info ][safepoint      ] Safepoint "ICBufferFull", Time since last: 797419 ns, Reaching safepoint: 56601 ns, At safepoint: 20501 ns, Total: 77102 ns
[5.816s][info ][safepoint      ] Safepoint "ICBufferFull", Time since last: 713517 ns, Reaching safepoint: 59001 ns, At safepoint: 22001 ns, Total: 81002 ns
[5.818s][info ][safepoint      ] Safepoint "ICBufferFull", Time since last: 1585337 ns, Reaching safepoint: 100703 ns, At safepoint: 19500 ns, Total: 120203 ns
[5.820s][info ][safepoint      ] Safepoint "ICBufferFull", Time since last: 1540837 ns, Reaching safepoint: 105302 ns, At safepoint: 26801 ns, Total: 132103 ns
[5.823s][info ][safepoint      ] Safepoint "ICBufferFull", Time since last: 2282454 ns, Reaching safepoint: 899521 ns, At safepoint: 23901 ns, Total: 923422 ns
[5.832s][info ][safepoint      ] Safepoint "ICBufferFull", Time since last: 5454929 ns, Reaching safepoint: 3172076 ns, At safepoint: 29300 ns, Total: 3201376 ns
[5.833s][info ][safepoint      ] Safepoint "ICBufferFull", Time since last: 733818 ns, Reaching safepoint: 101302 ns, At safepoint: 21901 ns, Total: 123203 ns
[5.833s][info ][safepoint      ] Safepoint "ICBufferFull", Time since last: 727817 ns, Reaching safepoint: 92002 ns, At safepoint: 20401 ns, Total: 112403 ns
[5.834s][info ][safepoint      ] Safepoint "ICBufferFull", Time since last: 700016 ns, Reaching safepoint: 91002 ns, At safepoint: 22701 ns, Total: 113703 ns
[5.838s][info ][safepoint      ] Safepoint "ICBufferFull", Time since last: 3162575 ns, Reaching safepoint: 104203 ns, At safepoint: 21900 ns, Total: 126103 ns
[5.840s][info ][safepoint      ] Safepoint "ICBufferFull", Time since last: 2255454 ns, Reaching safepoint: 110902 ns, At safepoint: 21101 ns, Total: 132003 ns
[5.841s][info ][safepoint      ] Safepoint "ICBufferFull", Time since last: 697116 ns, Reaching safepoint: 93303 ns, At safepoint: 21200 ns, Total: 114503 ns
[5.841s][info ][safepoint      ] Safepoint "ICBufferFull", Time since last: 677016 ns, Reaching safepoint: 93802 ns, At safepoint: 20901 ns, Total: 114703 ns
[5.842s][info ][safepoint      ] Safepoint "ICBufferFull", Time since last: 680216 ns, Reaching safepoint: 91702 ns, At safepoint: 24401 ns, Total: 116103 ns
[5.843s][info ][safepoint      ] Safepoint "ICBufferFull", Time since last: 691016 ns, Reaching safepoint: 89502 ns, At safepoint: 22501 ns, Total: 112003 ns
[5.844s][info ][safepoint      ] Safepoint "ICBufferFull", Time since last: 719617 ns, Reaching safepoint: 92302 ns, At safepoint: 23401 ns, Total: 115703 ns
[5.845s][info ][safepoint      ] Safepoint "ICBufferFull", Time since last: 679616 ns, Reaching safepoint: 92802 ns, At safepoint: 24701 ns, Total: 117503 ns
[5.846s][info ][safepoint      ] Safepoint "ICBufferFull", Time since last: 794118 ns, Reaching safepoint: 94903 ns, At safepoint: 21100 ns, Total: 116003 ns
[5.846s][info ][safepoint      ] Safepoint "ICBufferFull", Time since last: 683316 ns, Reaching safepoint: 90903 ns, At safepoint: 23600 ns, Total: 114503 ns
[5.847s][info ][safepoint      ] Safepoint "ICBufferFull", Time since last: 689716 ns, Reaching safepoint: 90903 ns, At safepoint: 23800 ns, Total: 114703 ns
[5.848s][info ][safepoint      ] Safepoint "ICBufferFull", Time since last: 673816 ns, Reaching safepoint: 90402 ns, At safepoint: 22101 ns, Total: 112503 ns
[5.849s][info ][safepoint      ] Safepoint "ICBufferFull", Time since last: 681116 ns, Reaching safepoint: 90702 ns, At safepoint: 23501 ns, Total: 114203 ns
[5.850s][info ][safepoint      ] Safepoint "ICBufferFull", Time since last: 675116 ns, Reaching safepoint: 92902 ns, At safepoint: 20900 ns, Total: 113802 ns
[5.850s][info ][safepoint      ] Safepoint "ICBufferFull", Time since last: 680417 ns, Reaching safepoint: 91402 ns, At safepoint: 20200 ns, Total: 111602 ns
[5.851s][info ][safepoint      ] Safepoint "ICBufferFull", Time since last: 715317 ns, Reaching safepoint: 91502 ns, At safepoint: 26401 ns, Total: 117903 ns
[5.852s][info ][safepoint      ] Safepoint "ICBufferFull", Time since last: 675816 ns, Reaching safepoint: 97202 ns, At safepoint: 21701 ns, Total: 118903 ns
[5.853s][info ][safepoint      ] Safepoint "ICBufferFull", Time since last: 682916 ns, Reaching safepoint: 90302 ns, At safepoint: 15901 ns, Total: 106203 ns
[5.854s][info ][safepoint      ] Safepoint "ICBufferFull", Time since last: 668115 ns, Reaching safepoint: 90203 ns, At safepoint: 20700 ns, Total: 110903 ns
[5.854s][info ][safepoint      ] Safepoint "ICBufferFull", Time since last: 679916 ns, Reaching safepoint: 112703 ns, At safepoint: 25901 ns, Total: 138604 ns
[5.856s][info ][safepoint      ] Safepoint "ICBufferFull", Time since last: 1565637 ns, Reaching safepoint: 91402 ns, At safepoint: 23000 ns, Total: 114402 ns
[5.858s][info ][safepoint      ] Safepoint "ICBufferFull", Time since last: 1671240 ns, Reaching safepoint: 91402 ns, At safepoint: 19101 ns, Total: 110503 ns
[5.859s][info ][safepoint      ] Safepoint "ICBufferFull", Time since last: 1381532 ns, Reaching safepoint: 89403 ns, At safepoint: 24700 ns, Total: 114103 ns
[5.870s][info ][safepoint      ] Safepoint "ICBufferFull", Time since last: 10846458 ns, Reaching safepoint: 152903 ns, At safepoint: 25501 ns, Total: 178404 ns
[5.877s][info ][safepoint      ] Safepoint "ICBufferFull", Time since last: 6065044 ns, Reaching safepoint: 257806 ns, At safepoint: 24300 ns, Total: 282106 ns
[5.883s][info ][safepoint      ] Safepoint "ICBufferFull", Time since last: 2259854 ns, Reaching safepoint: 4283402 ns, At safepoint: 42301 ns, Total: 4325703 ns
[5.886s][info ][safepoint      ] Safepoint "ICBufferFull", Time since last: 2037548 ns, Reaching safepoint: 119903 ns, At safepoint: 24101 ns, Total: 144004 ns
[5.886s][info ][safepoint      ] Safepoint "ICBufferFull", Time since last: 707316 ns, Reaching safepoint: 105603 ns, At safepoint: 18500 ns, Total: 124103 ns
[5.887s][info ][safepoint      ] Safepoint "ICBufferFull", Time since last: 701317 ns, Reaching safepoint: 88602 ns, At safepoint: 16200 ns, Total: 104802 ns
[5.888s][info ][safepoint      ] Safepoint "ICBufferFull", Time since last: 666816 ns, Reaching safepoint: 89902 ns, At safepoint: 24001 ns, Total: 113903 ns
[5.889s][info ][safepoint      ] Safepoint "ICBufferFull", Time since last: 672516 ns, Reaching safepoint: 89302 ns, At safepoint: 18801 ns, Total: 108103 ns
[5.890s][info ][safepoint      ] Safepoint "ICBufferFull", Time since last: 673916 ns, Reaching safepoint: 91002 ns, At safepoint: 26000 ns, Total: 117002 ns
[5.890s][info ][safepoint      ] Safepoint "ICBufferFull", Time since last: 665416 ns, Reaching safepoint: 87102 ns, At safepoint: 24101 ns, Total: 111203 ns
[5.891s][info ][safepoint      ] Safepoint "ICBufferFull", Time since last: 696716 ns, Reaching safepoint: 57502 ns, At safepoint: 22000 ns, Total: 79502 ns
[5.892s][info ][safepoint      ] Safepoint "ICBufferFull", Time since last: 693517 ns, Reaching safepoint: 104802 ns, At safepoint: 19601 ns, Total: 124403 ns
[5.893s][info ][safepoint      ] Safepoint "ICBufferFull", Time since last: 677316 ns, Reaching safepoint: 102402 ns, At safepoint: 46101 ns, Total: 148503 ns
[5.894s][info ][safepoint      ] Safepoint "ICBufferFull", Time since last: 698817 ns, Reaching safepoint: 1006924 ns, At safepoint: 21000 ns, Total: 1027924 ns
[5.895s][info ][safepoint      ] Safepoint "ICBufferFull", Time since last: 677116 ns, Reaching safepoint: 101403 ns, At safepoint: 29600 ns, Total: 131003 ns
[5.898s][info ][safepoint      ] Safepoint "ICBufferFull", Time since last: 1319132 ns, Reaching safepoint: 966923 ns, At safepoint: 23700 ns, Total: 990623 ns
[5.899s][info ][safepoint      ] Safepoint "ICBufferFull", Time since last: 764518 ns, Reaching safepoint: 298007 ns, At safepoint: 25001 ns, Total: 323008 ns
[5.900s][info ][safepoint      ] Safepoint "ICBufferFull", Time since last: 809119 ns, Reaching safepoint: 86502 ns, At safepoint: 24501 ns, Total: 111003 ns
[5.901s][info ][safepoint      ] Safepoint "ICBufferFull", Time since last: 1486935 ns, Reaching safepoint: 88002 ns, At safepoint: 23301 ns, Total: 111303 ns
[5.903s][info ][safepoint      ] Safepoint "ICBufferFull", Time since last: 1552337 ns, Reaching safepoint: 105402 ns, At safepoint: 25701 ns, Total: 131103 ns
[5.904s][info ][safepoint      ] Safepoint "ICBufferFull", Time since last: 767918 ns, Reaching safepoint: 92102 ns, At safepoint: 27801 ns, Total: 119903 ns
[5.905s][info ][safepoint      ] Safepoint "ICBufferFull", Time since last: 657615 ns, Reaching safepoint: 100603 ns, At safepoint: 22800 ns, Total: 123403 ns
[5.905s][info ][safepoint      ] Safepoint "ICBufferFull", Time since last: 680716 ns, Reaching safepoint: 88403 ns, At safepoint: 22700 ns, Total: 111103 ns
[5.906s][info ][safepoint      ] Safepoint "ICBufferFull", Time since last: 666016 ns, Reaching safepoint: 99502 ns, At safepoint: 22001 ns, Total: 121503 ns
[5.907s][info ][safepoint      ] Safepoint "ICBufferFull", Time since last: 739217 ns, Reaching safepoint: 52102 ns, At safepoint: 26600 ns, Total: 78702 ns
[5.908s][info ][safepoint      ] Safepoint "ICBufferFull", Time since last: 1413234 ns, Reaching safepoint: 105002 ns, At safepoint: 25001 ns, Total: 130003 ns
[5.910s][info ][safepoint      ] Safepoint "ICBufferFull", Time since last: 1421334 ns, Reaching safepoint: 79901 ns, At safepoint: 25801 ns, Total: 105702 ns
[5.911s][info ][safepoint      ] Safepoint "ICBufferFull", Time since last: 765118 ns, Reaching safepoint: 87902 ns, At safepoint: 24701 ns, Total: 112603 ns
[5.912s][info ][safepoint      ] Safepoint "ICBufferFull", Time since last: 1461035 ns, Reaching safepoint: 87402 ns, At safepoint: 24800 ns, Total: 112202 ns
[5.914s][info ][safepoint      ] Safepoint "ICBufferFull", Time since last: 1366633 ns, Reaching safepoint: 102202 ns, At safepoint: 20001 ns, Total: 122203 ns
[5.916s][info ][safepoint      ] Safepoint "ICBufferFull", Time since last: 1688040 ns, Reaching safepoint: 89402 ns, At safepoint: 26600 ns, Total: 116002 ns
[5.921s][info ][safepoint      ] Safepoint "ICBufferFull", Time since last: 5540032 ns, Reaching safepoint: 90502 ns, At safepoint: 19801 ns, Total: 110303 ns
[5.931s][info ][safepoint      ] Safepoint "ICBufferFull", Time since last: 8593903 ns, Reaching safepoint: 1051225 ns, At safepoint: 25701 ns, Total: 1076926 ns
[5.932s][info ][safepoint      ] Safepoint "ICBufferFull", Time since last: 868021 ns, Reaching safepoint: 92302 ns, At safepoint: 22000 ns, Total: 114302 ns
[5.940s][info ][safepoint      ] Safepoint "ICBufferFull", Time since last: 7593681 ns, Reaching safepoint: 98302 ns, At safepoint: 22600 ns, Total: 120902 ns
[5.941s][info ][safepoint      ] Safepoint "ICBufferFull", Time since last: 739818 ns, Reaching safepoint: 89202 ns, At safepoint: 20701 ns, Total: 109903 ns
[5.942s][info ][safepoint      ] Safepoint "ICBufferFull", Time since last: 858220 ns, Reaching safepoint: 92102 ns, At safepoint: 21201 ns, Total: 113303 ns
[5.942s][info ][safepoint      ] Safepoint "ICBufferFull", Time since last: 786918 ns, Reaching safepoint: 88302 ns, At safepoint: 22801 ns, Total: 111103 ns
[5.943s][info ][safepoint      ] Safepoint "ICBufferFull", Time since last: 759218 ns, Reaching safepoint: 86202 ns, At safepoint: 22901 ns, Total: 109103 ns
[5.944s][info ][safepoint      ] Safepoint "ICBufferFull", Time since last: 690016 ns, Reaching safepoint: 263606 ns, At safepoint: 28401 ns, Total: 292007 ns
[5.948s][info ][safepoint      ] Safepoint "ICBufferFull", Time since last: 3646486 ns, Reaching safepoint: 87403 ns, At safepoint: 23600 ns, Total: 111003 ns
[5.949s][info ][safepoint      ] Safepoint "ICBufferFull", Time since last: 930022 ns, Reaching safepoint: 94302 ns, At safepoint: 24601 ns, Total: 118903 ns
[5.950s][info ][safepoint      ] Safepoint "ICBufferFull", Time since last: 669416 ns, Reaching safepoint: 91002 ns, At safepoint: 23701 ns, Total: 114703 ns
[5.951s][info ][safepoint      ] Safepoint "ICBufferFull", Time since last: 649915 ns, Reaching safepoint: 87702 ns, At safepoint: 22301 ns, Total: 110003 ns
[5.951s][info ][safepoint      ] Safepoint "ICBufferFull", Time since last: 683916 ns, Reaching safepoint: 86402 ns, At safepoint: 21500 ns, Total: 107902 ns
[5.952s][info ][safepoint      ] Safepoint "ICBufferFull", Time since last: 657016 ns, Reaching safepoint: 87602 ns, At safepoint: 20201 ns, Total: 107803 ns
[5.953s][info ][safepoint      ] Safepoint "ICBufferFull", Time since last: 641015 ns, Reaching safepoint: 86502 ns, At safepoint: 14200 ns, Total: 100702 ns
[5.954s][info ][safepoint      ] Safepoint "ICBufferFull", Time since last: 651516 ns, Reaching safepoint: 88002 ns, At safepoint: 17900 ns, Total: 105902 ns
[5.954s][info ][safepoint      ] Safepoint "ICBufferFull", Time since last: 642515 ns, Reaching safepoint: 88403 ns, At safepoint: 16200 ns, Total: 104603 ns
[5.955s][info ][safepoint      ] Safepoint "ICBufferFull", Time since last: 650015 ns, Reaching safepoint: 86902 ns, At safepoint: 22601 ns, Total: 109503 ns
[5.956s][info ][safepoint      ] Safepoint "ICBufferFull", Time since last: 639715 ns, Reaching safepoint: 88402 ns, At safepoint: 22201 ns, Total: 110603 ns
[5.957s][info ][safepoint      ] Safepoint "ICBufferFull", Time since last: 643215 ns, Reaching safepoint: 85602 ns, At safepoint: 23701 ns, Total: 109303 ns
[5.957s][info ][safepoint      ] Safepoint "ICBufferFull", Time since last: 649915 ns, Reaching safepoint: 86802 ns, At safepoint: 22001 ns, Total: 108803 ns
[5.958s][info ][safepoint      ] Safepoint "ICBufferFull", Time since last: 642515 ns, Reaching safepoint: 86302 ns, At safepoint: 22700 ns, Total: 109002 ns
[5.959s][info ][safepoint      ] Safepoint "ICBufferFull", Time since last: 653916 ns, Reaching safepoint: 82202 ns, At safepoint: 23901 ns, Total: 106103 ns
[5.960s][info ][safepoint      ] Safepoint "ICBufferFull", Time since last: 673916 ns, Reaching safepoint: 87102 ns, At safepoint: 26700 ns, Total: 113802 ns
[5.984s][info ][safepoint      ] Safepoint "ICBufferFull", Time since last: 19738269 ns, Reaching safepoint: 4240300 ns, At safepoint: 30701 ns, Total: 4271001 ns
[5.985s][info ][safepoint      ] Safepoint "ICBufferFull", Time since last: 747018 ns, Reaching safepoint: 98902 ns, At safepoint: 23201 ns, Total: 122103 ns
[5.985s][info ][safepoint      ] Safepoint "ICBufferFull", Time since last: 675716 ns, Reaching safepoint: 84102 ns, At safepoint: 19500 ns, Total: 103602 ns
[5.986s][info ][safepoint      ] Safepoint "ICBufferFull", Time since last: 530913 ns, Reaching safepoint: 60001 ns, At safepoint: 22701 ns, Total: 82702 ns
[5.987s][info ][safepoint      ] Safepoint "ICBufferFull", Time since last: 658515 ns, Reaching safepoint: 91703 ns, At safepoint: 23600 ns, Total: 115303 ns
[5.988s][info ][safepoint      ] Safepoint "ICBufferFull", Time since last: 680616 ns, Reaching safepoint: 90902 ns, At safepoint: 23401 ns, Total: 114303 ns
[5.988s][info ][safepoint      ] Safepoint "ICBufferFull", Time since last: 709517 ns, Reaching safepoint: 92802 ns, At safepoint: 25101 ns, Total: 117903 ns
[6.020s][info ][gc,start       ] GC(7) Pause Young (Allocation Failure)
[6.088s][debug][gc,phases      ] GC(7) Scavenge 67.637ms
[6.088s][debug][gc,ref         ] GC(7) Skipped phase 1 of Reference Processing: no references
[6.088s][debug][gc,ref         ] GC(7) ReferenceProcessor::execute queues: 4, RefProcThreadModel::Multi, marks_oops_alive: false
[6.088s][debug][gc,ref         ] GC(7) Skipped phase 3 of Reference Processing: no references
[6.088s][debug][gc,ref         ] GC(7) ReferenceProcessor::execute queues: 1, RefProcThreadModel::Single, marks_oops_alive: false
[6.088s][debug][gc,phases      ] GC(7) Reference Processing 0.300ms
[6.088s][debug][gc,phases      ] GC(7)   VM Weak                        Min:  0.0, Avg:  0.0, Max:  0.0, Diff:  0.0, Sum:  0.0, Workers: 4
[6.088s][debug][gc,phases      ] GC(7)     Dead                           Min: 0, Avg:  0.0, Max: 0, Diff: 0, Sum: 0, Workers: 4
[6.088s][debug][gc,phases      ] GC(7)     Total                          Min: 0, Avg: 110.0, Max: 251, Diff: 251, Sum: 440, Workers: 4
[6.088s][debug][gc,phases      ] GC(7)   ObjectSynchronizer Weak        Min:  0.0, Avg:  0.0, Max:  0.0, Diff:  0.0, Sum:  0.0, Workers: 4
[6.088s][debug][gc,phases      ] GC(7)     Dead                           Min: 0, Avg:  0.2, Max: 1, Diff: 1, Sum: 1, Workers: 4
[6.088s][debug][gc,phases      ] GC(7)     Total                          Min: 0, Avg: 103.2, Max: 157, Diff: 157, Sum: 413, Workers: 4
[6.088s][debug][gc,phases      ] GC(7)   JVMTI Tag Weak OopStorage      Min:  0.0, Avg:  0.0, Max:  0.0, Diff:  0.0, Sum:  0.0, Workers: 4
[6.088s][debug][gc,phases      ] GC(7)     Dead                           Min: 0, Avg:  0.0, Max: 0, Diff: 0, Sum: 0, Workers: 4
[6.088s][debug][gc,phases      ] GC(7)     Total                          Min: 0, Avg:  0.0, Max: 0, Diff: 0, Sum: 0, Workers: 4
[6.088s][debug][gc,phases      ] GC(7)   StringTable Weak               Min:  0.3, Avg:  0.3, Max:  0.3, Diff:  0.0, Sum:  1.2, Workers: 4
[6.088s][debug][gc,phases      ] GC(7)     Dead                           Min: 0, Avg:  3.2, Max: 13, Diff: 13, Sum: 13, Workers: 4
[6.088s][debug][gc,phases      ] GC(7)     Total                          Min: 6976, Avg: 9617.2, Max: 11333, Diff: 4357, Sum: 38469, Workers: 4
[6.088s][debug][gc,phases      ] GC(7)   ResolvedMethodTable Weak       Min:  0.0, Avg:  0.0, Max:  0.1, Diff:  0.0, Sum:  0.2, Workers: 4
[6.088s][debug][gc,phases      ] GC(7)     Dead                           Min: 0, Avg:  0.0, Max: 0, Diff: 0, Sum: 0, Workers: 4
[6.088s][debug][gc,phases      ] GC(7)     Total                          Min: 634, Avg: 1246.0, Max: 1684, Diff: 1050, Sum: 4984, Workers: 4
[6.088s][debug][gc,phases      ] GC(7)   JNI Weak                       Min:  0.0, Avg:  0.0, Max:  0.0, Diff:  0.0, Sum:  0.0, Workers: 4
[6.088s][debug][gc,phases      ] GC(7)     Dead                           Min: 0, Avg:  0.0, Max: 0, Diff: 0, Sum: 0, Workers: 4
[6.088s][debug][gc,phases      ] GC(7)     Total                          Min: 0, Avg:  0.0, Max: 0, Diff: 0, Sum: 0, Workers: 4
[6.088s][debug][gc,phases      ] GC(7)   StringDedup Table Weak         Min:  0.0, Avg:  0.0, Max:  0.0, Diff:  0.0, Sum:  0.0, Workers: 4
[6.088s][debug][gc,phases      ] GC(7)     Dead                           Min: 0, Avg:  0.0, Max: 0, Diff: 0, Sum: 0, Workers: 4
[6.088s][debug][gc,phases      ] GC(7)     Total                          Min: 0, Avg:  0.0, Max: 0, Diff: 0, Sum: 0, Workers: 4
[6.088s][debug][gc,phases      ] GC(7)   StringDedup Requests0 Weak     Min:  0.0, Avg:  0.0, Max:  0.0, Diff:  0.0, Sum:  0.0, Workers: 4
[6.088s][debug][gc,phases      ] GC(7)     Dead                           Min: 0, Avg:  0.0, Max: 0, Diff: 0, Sum: 0, Workers: 4
[6.088s][debug][gc,phases      ] GC(7)     Total                          Min: 0, Avg:  0.0, Max: 0, Diff: 0, Sum: 0, Workers: 4
[6.088s][debug][gc,phases      ] GC(7)   StringDedup Requests1 Weak     Min:  0.0, Avg:  0.0, Max:  0.0, Diff:  0.0, Sum:  0.0, Workers: 4
[6.088s][debug][gc,phases      ] GC(7)     Dead                           Min: 0, Avg:  0.0, Max: 0, Diff: 0, Sum: 0, Workers: 4
[6.088s][debug][gc,phases      ] GC(7)     Total                          Min: 0, Avg:  0.0, Max: 0, Diff: 0, Sum: 0, Workers: 4
[6.088s][debug][gc,phases      ] GC(7)   Weak JFR Old Object Samples    Min:  0.0, Avg:  0.0, Max:  0.0, Diff:  0.0, Sum:  0.0, Workers: 4
[6.088s][debug][gc,phases      ] GC(7)     Dead                           Min: 0, Avg:  0.0, Max: 0, Diff: 0, Sum: 0, Workers: 4
[6.088s][debug][gc,phases      ] GC(7)     Total                          Min: 0, Avg:  0.0, Max: 0, Diff: 0, Sum: 0, Workers: 4
[6.088s][debug][gc,phases      ] GC(7) Weak Processing 0.541ms
[6.088s][debug][gc,age         ] GC(7) Desired survivor size 277348352 bytes, new threshold 8 (max threshold 15)
[6.088s][info ][gc,heap        ] GC(7) PSYoungGen: 1228188K(1572864K)->181698K(1826304K) Eden: 1048576K(1048576K)->0K(1302016K) From: 179612K(524288K)->181698K(524288K)
[6.088s][info ][gc,heap        ] GC(7) ParOldGen: 6157K(18432K)->6165K(18432K)
[6.088s][info ][gc,metaspace   ] GC(7) Metaspace: 54350K(54912K)->54350K(54912K) NonClass: 46312K(46656K)->46312K(46656K) Class: 8037K(8256K)->8037K(8256K)
[6.088s][info ][gc             ] GC(7) Pause Young (Allocation Failure) 1205M->183M(1801M) 68.619ms
[6.088s][info ][gc,cpu         ] GC(7) User=0.27s Sys=0.00s Real=0.07s
[6.089s][info ][safepoint      ] Safepoint "ParallelGCFailedAllocation", Time since last: 31196540 ns, Reaching safepoint: 145504 ns, At safepoint: 68725231 ns, Total: 68870735 ns
[6.389s][info ][gc,start       ] GC(8) Pause Young (Allocation Failure)
[6.485s][debug][gc,phases      ] GC(8) Scavenge 95.955ms
[6.485s][debug][gc,ref         ] GC(8) Skipped phase 1 of Reference Processing: no references
[6.485s][debug][gc,ref         ] GC(8) ReferenceProcessor::execute queues: 4, RefProcThreadModel::Multi, marks_oops_alive: false
[6.486s][debug][gc,ref         ] GC(8) Skipped phase 3 of Reference Processing: no references
[6.486s][debug][gc,ref         ] GC(8) ReferenceProcessor::execute queues: 1, RefProcThreadModel::Single, marks_oops_alive: false
[6.486s][debug][gc,phases      ] GC(8) Reference Processing 0.344ms
[6.486s][debug][gc,phases      ] GC(8)   VM Weak                        Min:  0.0, Avg:  0.0, Max:  0.0, Diff:  0.0, Sum:  0.0, Workers: 4
[6.486s][debug][gc,phases      ] GC(8)     Dead                           Min: 0, Avg:  0.0, Max: 0, Diff: 0, Sum: 0, Workers: 4
[6.486s][debug][gc,phases      ] GC(8)     Total                          Min: 0, Avg: 110.2, Max: 253, Diff: 253, Sum: 441, Workers: 4
[6.486s][debug][gc,phases      ] GC(8)   ObjectSynchronizer Weak        Min:  0.0, Avg:  0.0, Max:  0.0, Diff:  0.0, Sum:  0.0, Workers: 4
[6.486s][debug][gc,phases      ] GC(8)     Dead                           Min: 0, Avg:  0.2, Max: 1, Diff: 1, Sum: 1, Workers: 4
[6.486s][debug][gc,phases      ] GC(8)     Total                          Min: 0, Avg: 103.2, Max: 192, Diff: 192, Sum: 413, Workers: 4
[6.486s][debug][gc,phases      ] GC(8)   JVMTI Tag Weak OopStorage      Min:  0.0, Avg:  0.0, Max:  0.0, Diff:  0.0, Sum:  0.0, Workers: 4
[6.486s][debug][gc,phases      ] GC(8)     Dead                           Min: 0, Avg:  0.0, Max: 0, Diff: 0, Sum: 0, Workers: 4
[6.486s][debug][gc,phases      ] GC(8)     Total                          Min: 0, Avg:  0.0, Max: 0, Diff: 0, Sum: 0, Workers: 4
[6.486s][debug][gc,phases      ] GC(8)   StringTable Weak               Min:  0.4, Avg:  0.4, Max:  0.4, Diff:  0.0, Sum:  1.5, Workers: 4
[6.486s][debug][gc,phases      ] GC(8)     Dead                           Min: 0, Avg:  0.2, Max: 1, Diff: 1, Sum: 1, Workers: 4
[6.486s][debug][gc,phases      ] GC(8)     Total                          Min: 7680, Avg: 9621.0, Max: 13012, Diff: 5332, Sum: 38484, Workers: 4
[6.486s][debug][gc,phases      ] GC(8)   ResolvedMethodTable Weak       Min:  0.1, Avg:  0.1, Max:  0.1, Diff:  0.0, Sum:  0.2, Workers: 4
[6.486s][debug][gc,phases      ] GC(8)     Dead                           Min: 0, Avg:  0.0, Max: 0, Diff: 0, Sum: 0, Workers: 4
[6.486s][debug][gc,phases      ] GC(8)     Total                          Min: 941, Avg: 1247.5, Max: 1888, Diff: 947, Sum: 4990, Workers: 4
[6.486s][debug][gc,phases      ] GC(8)   JNI Weak                       Min:  0.0, Avg:  0.0, Max:  0.0, Diff:  0.0, Sum:  0.0, Workers: 4
[6.486s][debug][gc,phases      ] GC(8)     Dead                           Min: 0, Avg:  0.0, Max: 0, Diff: 0, Sum: 0, Workers: 4
[6.486s][debug][gc,phases      ] GC(8)     Total                          Min: 0, Avg:  1.0, Max: 4, Diff: 4, Sum: 4, Workers: 4
[6.486s][debug][gc,phases      ] GC(8)   StringDedup Table Weak         Min:  0.0, Avg:  0.0, Max:  0.0, Diff:  0.0, Sum:  0.0, Workers: 4
[6.486s][debug][gc,phases      ] GC(8)     Dead                           Min: 0, Avg:  0.0, Max: 0, Diff: 0, Sum: 0, Workers: 4
[6.486s][debug][gc,phases      ] GC(8)     Total                          Min: 0, Avg:  0.0, Max: 0, Diff: 0, Sum: 0, Workers: 4
[6.486s][debug][gc,phases      ] GC(8)   StringDedup Requests0 Weak     Min:  0.0, Avg:  0.0, Max:  0.0, Diff:  0.0, Sum:  0.0, Workers: 4
[6.486s][debug][gc,phases      ] GC(8)     Dead                           Min: 0, Avg:  0.0, Max: 0, Diff: 0, Sum: 0, Workers: 4
[6.486s][debug][gc,phases      ] GC(8)     Total                          Min: 0, Avg:  0.0, Max: 0, Diff: 0, Sum: 0, Workers: 4
[6.486s][debug][gc,phases      ] GC(8)   StringDedup Requests1 Weak     Min:  0.0, Avg:  0.0, Max:  0.0, Diff:  0.0, Sum:  0.0, Workers: 4
[6.486s][debug][gc,phases      ] GC(8)     Dead                           Min: 0, Avg:  0.0, Max: 0, Diff: 0, Sum: 0, Workers: 4
[6.486s][debug][gc,phases      ] GC(8)     Total                          Min: 0, Avg:  0.0, Max: 0, Diff: 0, Sum: 0, Workers: 4
[6.486s][debug][gc,phases      ] GC(8)   Weak JFR Old Object Samples    Min:  0.0, Avg:  0.0, Max:  0.0, Diff:  0.0, Sum:  0.0, Workers: 4
[6.486s][debug][gc,phases      ] GC(8)     Dead                           Min: 0, Avg:  0.0, Max: 0, Diff: 0, Sum: 0, Workers: 4
[6.486s][debug][gc,phases      ] GC(8)     Total                          Min: 0, Avg:  0.0, Max: 0, Diff: 0, Sum: 0, Workers: 4
[6.486s][debug][gc,phases      ] GC(8) Weak Processing 0.629ms
[6.486s][debug][gc,age         ] GC(8) Desired survivor size 287834112 bytes, new threshold 9 (max threshold 15)
[6.486s][info ][gc,heap        ] GC(8) PSYoungGen: 1483714K(1826304K)->183058K(1572864K) Eden: 1302016K(1302016K)->0K(1302016K) From: 181698K(524288K)->183058K(270848K)
[6.486s][info ][gc,heap        ] GC(8) ParOldGen: 6165K(18432K)->6173K(18432K)
[6.486s][info ][gc,metaspace   ] GC(8) Metaspace: 54371K(54912K)->54371K(54912K) NonClass: 46333K(46656K)->46333K(46656K) Class: 8038K(8256K)->8038K(8256K)
[6.486s][info ][gc             ] GC(8) Pause Young (Allocation Failure) 1454M->184M(1554M) 97.075ms
[6.486s][info ][gc,cpu         ] GC(8) User=0.36s Sys=0.03s Real=0.10s
[6.486s][info ][safepoint      ] Safepoint "ParallelGCFailedAllocation", Time since last: 300274527 ns, Reaching safepoint: 482911 ns, At safepoint: 97197407 ns, Total: 97680318 ns
[6.813s][info ][safepoint      ] Safepoint "ICBufferFull", Time since last: 326020537 ns, Reaching safepoint: 250206 ns, At safepoint: 31501 ns, Total: 281707 ns
[6.902s][info ][gc,start       ] GC(9) Pause Young (Allocation Failure)
[6.994s][debug][gc,phases      ] GC(9) Scavenge 92.616ms
[6.994s][debug][gc,ref         ] GC(9) Skipped phase 1 of Reference Processing: no references
[6.994s][debug][gc,ref         ] GC(9) ReferenceProcessor::execute queues: 4, RefProcThreadModel::Multi, marks_oops_alive: false
[6.995s][debug][gc,ref         ] GC(9) Skipped phase 3 of Reference Processing: no references
[6.995s][debug][gc,ref         ] GC(9) ReferenceProcessor::execute queues: 1, RefProcThreadModel::Single, marks_oops_alive: false
[6.995s][debug][gc,phases      ] GC(9) Reference Processing 0.389ms
[6.995s][debug][gc,phases      ] GC(9)   VM Weak                        Min:  0.0, Avg:  0.0, Max:  0.0, Diff:  0.0, Sum:  0.0, Workers: 4
[6.995s][debug][gc,phases      ] GC(9)     Dead                           Min: 0, Avg:  0.0, Max: 0, Diff: 0, Sum: 0, Workers: 4
[6.995s][debug][gc,phases      ] GC(9)     Total                          Min: 0, Avg: 128.2, Max: 321, Diff: 321, Sum: 513, Workers: 4
[6.995s][debug][gc,phases      ] GC(9)   ObjectSynchronizer Weak        Min:  0.0, Avg:  0.0, Max:  0.0, Diff:  0.0, Sum:  0.0, Workers: 4
[6.995s][debug][gc,phases      ] GC(9)     Dead                           Min: 0, Avg:  0.0, Max: 0, Diff: 0, Sum: 0, Workers: 4
[6.995s][debug][gc,phases      ] GC(9)     Total                          Min: 0, Avg: 103.2, Max: 221, Diff: 221, Sum: 413, Workers: 4
[6.995s][debug][gc,phases      ] GC(9)   JVMTI Tag Weak OopStorage      Min:  0.0, Avg:  0.0, Max:  0.0, Diff:  0.0, Sum:  0.0, Workers: 4
[6.995s][debug][gc,phases      ] GC(9)     Dead                           Min: 0, Avg:  0.0, Max: 0, Diff: 0, Sum: 0, Workers: 4
[6.995s][debug][gc,phases      ] GC(9)     Total                          Min: 0, Avg:  0.0, Max: 0, Diff: 0, Sum: 0, Workers: 4
[6.995s][debug][gc,phases      ] GC(9)   StringTable Weak               Min:  0.4, Avg:  0.4, Max:  0.4, Diff:  0.0, Sum:  1.6, Workers: 4
[6.995s][debug][gc,phases      ] GC(9)     Dead                           Min: 0, Avg:  4.5, Max: 17, Diff: 17, Sum: 18, Workers: 4
[6.995s][debug][gc,phases      ] GC(9)     Total                          Min: 7168, Avg: 9836.0, Max: 12544, Diff: 5376, Sum: 39344, Workers: 4
[6.995s][debug][gc,phases      ] GC(9)   ResolvedMethodTable Weak       Min:  0.1, Avg:  0.1, Max:  0.1, Diff:  0.0, Sum:  0.2, Workers: 4
[6.995s][debug][gc,phases      ] GC(9)     Dead                           Min: 1, Avg:  9.2, Max: 30, Diff: 29, Sum: 37, Workers: 4
[6.995s][debug][gc,phases      ] GC(9)     Total                          Min: 960, Avg: 1451.2, Max: 1984, Diff: 1024, Sum: 5805, Workers: 4
[6.995s][debug][gc,phases      ] GC(9)   JNI Weak                       Min:  0.0, Avg:  0.0, Max:  0.0, Diff:  0.0, Sum:  0.0, Workers: 4
[6.995s][debug][gc,phases      ] GC(9)     Dead                           Min: 0, Avg:  0.0, Max: 0, Diff: 0, Sum: 0, Workers: 4
[6.995s][debug][gc,phases      ] GC(9)     Total                          Min: 0, Avg:  0.0, Max: 0, Diff: 0, Sum: 0, Workers: 4
[6.995s][debug][gc,phases      ] GC(9)   StringDedup Table Weak         Min:  0.0, Avg:  0.0, Max:  0.0, Diff:  0.0, Sum:  0.0, Workers: 4
[6.995s][debug][gc,phases      ] GC(9)     Dead                           Min: 0, Avg:  0.0, Max: 0, Diff: 0, Sum: 0, Workers: 4
[6.995s][debug][gc,phases      ] GC(9)     Total                          Min: 0, Avg:  0.0, Max: 0, Diff: 0, Sum: 0, Workers: 4
[6.995s][debug][gc,phases      ] GC(9)   StringDedup Requests0 Weak     Min:  0.0, Avg:  0.0, Max:  0.0, Diff:  0.0, Sum:  0.0, Workers: 4
[6.995s][debug][gc,phases      ] GC(9)     Dead                           Min: 0, Avg:  0.0, Max: 0, Diff: 0, Sum: 0, Workers: 4
[6.995s][debug][gc,phases      ] GC(9)     Total                          Min: 0, Avg:  0.0, Max: 0, Diff: 0, Sum: 0, Workers: 4
[6.995s][debug][gc,phases      ] GC(9)   StringDedup Requests1 Weak     Min:  0.0, Avg:  0.0, Max:  0.0, Diff:  0.0, Sum:  0.0, Workers: 4
[6.995s][debug][gc,phases      ] GC(9)     Dead                           Min: 0, Avg:  0.0, Max: 0, Diff: 0, Sum: 0, Workers: 4
[6.995s][debug][gc,phases      ] GC(9)     Total                          Min: 0, Avg:  0.0, Max: 0, Diff: 0, Sum: 0, Workers: 4
[6.995s][debug][gc,phases      ] GC(9)   Weak JFR Old Object Samples    Min:  0.0, Avg:  0.0, Max:  0.0, Diff:  0.0, Sum:  0.0, Workers: 4
[6.995s][debug][gc,phases      ] GC(9)     Dead                           Min: 0, Avg:  0.0, Max: 0, Diff: 0, Sum: 0, Workers: 4
[6.995s][debug][gc,phases      ] GC(9)     Total                          Min: 0, Avg:  0.0, Max: 0, Diff: 0, Sum: 0, Workers: 4
[6.995s][debug][gc,phases      ] GC(9) Weak Processing 0.644ms
[6.995s][debug][gc,age         ] GC(9) Desired survivor size 294125568 bytes, new threshold 10 (max threshold 15)
[6.995s][info ][gc,heap        ] GC(9) PSYoungGen: 1485074K(1572864K)->186337K(1803776K) Eden: 1302016K(1302016K)->0K(1522688K) From: 183058K(270848K)->186337K(281088K)
[6.995s][info ][gc,heap        ] GC(9) ParOldGen: 6173K(18432K)->6181K(18432K)
[6.995s][info ][gc,metaspace   ] GC(9) Metaspace: 57278K(57984K)->57278K(57984K) NonClass: 48707K(49088K)->48707K(49088K) Class: 8570K(8896K)->8570K(8896K)
[6.995s][info ][gc             ] GC(9) Pause Young (Allocation Failure) 1456M->188M(1779M) 93.794ms
[6.995s][info ][gc,cpu         ] GC(9) User=0.33s Sys=0.04s Real=0.10s
[6.996s][info ][safepoint      ] Safepoint "ParallelGCFailedAllocation", Time since last: 88586302 ns, Reaching safepoint: 234505 ns, At safepoint: 93914728 ns, Total: 94149233 ns
[7.188s][info ][gc,start       ] GC(10) Pause Young (Allocation Failure)
[7.281s][debug][gc,phases      ] GC(10) Scavenge 93.446ms
[7.281s][debug][gc,ref         ] GC(10) Skipped phase 1 of Reference Processing: no references
[7.282s][debug][gc,ref         ] GC(10) ReferenceProcessor::execute queues: 3, RefProcThreadModel::Multi, marks_oops_alive: false
[7.282s][debug][gc,ref         ] GC(10) Skipped phase 3 of Reference Processing: no references
[7.282s][debug][gc,ref         ] GC(10) ReferenceProcessor::execute queues: 1, RefProcThreadModel::Single, marks_oops_alive: false
[7.282s][debug][gc,phases      ] GC(10) Reference Processing 0.398ms
[7.282s][debug][gc,phases      ] GC(10)   VM Weak                        Min:  0.0, Avg:  0.0, Max:  0.0, Diff:  0.0, Sum:  0.0, Workers: 4
[7.282s][debug][gc,phases      ] GC(10)     Dead                           Min: 0, Avg:  0.0, Max: 0, Diff: 0, Sum: 0, Workers: 4
[7.282s][debug][gc,phases      ] GC(10)     Total                          Min: 0, Avg: 130.8, Max: 331, Diff: 331, Sum: 523, Workers: 4
[7.282s][debug][gc,phases      ] GC(10)   ObjectSynchronizer Weak        Min:  0.0, Avg:  0.0, Max:  0.0, Diff:  0.0, Sum:  0.0, Workers: 4
[7.282s][debug][gc,phases      ] GC(10)     Dead                           Min: 0, Avg:  0.0, Max: 0, Diff: 0, Sum: 0, Workers: 4
[7.282s][debug][gc,phases      ] GC(10)     Total                          Min: 0, Avg: 103.2, Max: 157, Diff: 157, Sum: 413, Workers: 4
[7.283s][debug][gc,phases      ] GC(10)   JVMTI Tag Weak OopStorage      Min:  0.0, Avg:  0.0, Max:  0.0, Diff:  0.0, Sum:  0.0, Workers: 4
[7.283s][debug][gc,phases      ] GC(10)     Dead                           Min: 0, Avg:  0.0, Max: 0, Diff: 0, Sum: 0, Workers: 4
[7.283s][debug][gc,phases      ] GC(10)     Total                          Min: 0, Avg:  0.0, Max: 0, Diff: 0, Sum: 0, Workers: 4
[7.283s][debug][gc,phases      ] GC(10)   StringTable Weak               Min:  0.0, Avg:  0.4, Max:  0.5, Diff:  0.5, Sum:  1.4, Workers: 4
[7.283s][debug][gc,phases      ] GC(10)     Dead                           Min: 0, Avg:  3.5, Max: 11, Diff: 11, Sum: 14, Workers: 4
[7.283s][debug][gc,phases      ] GC(10)     Total                          Min: 0, Avg: 9880.0, Max: 16736, Diff: 16736, Sum: 39520, Workers: 4
[7.283s][debug][gc,phases      ] GC(10)   ResolvedMethodTable Weak       Min:  0.0, Avg:  0.1, Max:  0.1, Diff:  0.1, Sum:  0.3, Workers: 4
[7.283s][debug][gc,phases      ] GC(10)     Dead                           Min: 0, Avg:  6.0, Max: 21, Diff: 21, Sum: 24, Workers: 4
[7.283s][debug][gc,phases      ] GC(10)     Total                          Min: 0, Avg: 1470.5, Max: 2496, Diff: 2496, Sum: 5882, Workers: 4
[7.283s][debug][gc,phases      ] GC(10)   JNI Weak                       Min:  0.0, Avg:  0.0, Max:  0.0, Diff:  0.0, Sum:  0.0, Workers: 4
[7.283s][debug][gc,phases      ] GC(10)     Dead                           Min: 0, Avg:  0.0, Max: 0, Diff: 0, Sum: 0, Workers: 4
[7.283s][debug][gc,phases      ] GC(10)     Total                          Min: 0, Avg:  1.2, Max: 5, Diff: 5, Sum: 5, Workers: 4
[7.283s][debug][gc,phases      ] GC(10)   StringDedup Table Weak         Min:  0.0, Avg:  0.0, Max:  0.0, Diff:  0.0, Sum:  0.0, Workers: 4
[7.283s][debug][gc,phases      ] GC(10)     Dead                           Min: 0, Avg:  0.0, Max: 0, Diff: 0, Sum: 0, Workers: 4
[7.283s][debug][gc,phases      ] GC(10)     Total                          Min: 0, Avg:  0.0, Max: 0, Diff: 0, Sum: 0, Workers: 4
[7.283s][debug][gc,phases      ] GC(10)   StringDedup Requests0 Weak     Min:  0.0, Avg:  0.0, Max:  0.0, Diff:  0.0, Sum:  0.0, Workers: 4
[7.283s][debug][gc,phases      ] GC(10)     Dead                           Min: 0, Avg:  0.0, Max: 0, Diff: 0, Sum: 0, Workers: 4
[7.283s][debug][gc,phases      ] GC(10)     Total                          Min: 0, Avg:  0.0, Max: 0, Diff: 0, Sum: 0, Workers: 4
[7.283s][debug][gc,phases      ] GC(10)   StringDedup Requests1 Weak     Min:  0.0, Avg:  0.0, Max:  0.0, Diff:  0.0, Sum:  0.0, Workers: 4
[7.283s][debug][gc,phases      ] GC(10)     Dead                           Min: 0, Avg:  0.0, Max: 0, Diff: 0, Sum: 0, Workers: 4
[7.283s][debug][gc,phases      ] GC(10)     Total                          Min: 0, Avg:  0.0, Max: 0, Diff: 0, Sum: 0, Workers: 4
[7.283s][debug][gc,phases      ] GC(10)   Weak JFR Old Object Samples    Min:  0.0, Avg:  0.0, Max:  0.0, Diff:  0.0, Sum:  0.0, Workers: 4
[7.283s][debug][gc,phases      ] GC(10)     Dead                           Min: 0, Avg:  0.0, Max: 0, Diff: 0, Sum: 0, Workers: 4
[7.283s][debug][gc,phases      ] GC(10)     Total                          Min: 0, Avg:  0.0, Max: 0, Diff: 0, Sum: 0, Workers: 4
[7.283s][debug][gc,phases      ] GC(10) Weak Processing 0.748ms
[7.283s][debug][gc,age         ] GC(10) Desired survivor size 297271296 bytes, new threshold 10 (max threshold 15)
[7.283s][info ][gc,heap        ] GC(10) PSYoungGen: 1709025K(1803776K)->187741K(1710592K) Eden: 1522688K(1522688K)->0K(1522688K) From: 186337K(281088K)->187741K(187904K)
[7.283s][info ][gc,heap        ] GC(10) ParOldGen: 6181K(18432K)->6189K(18432K)
[7.283s][info ][gc,metaspace   ] GC(10) Metaspace: 57770K(58496K)->57770K(58496K) NonClass: 49124K(49472K)->49124K(49472K) Class: 8645K(9024K)->8645K(9024K)
[7.283s][info ][gc             ] GC(10) Pause Young (Allocation Failure) 1675M->189M(1688M) 94.730ms
[7.283s][info ][gc,cpu         ] GC(10) User=0.46s Sys=0.02s Real=0.09s
[7.283s][info ][safepoint      ] Safepoint "ParallelGCFailedAllocation", Time since last: 192211861 ns, Reaching safepoint: 173604 ns, At safepoint: 94827350 ns, Total: 95000954 ns
[7.685s][info ][gc,start       ] GC(11) Pause Young (Allocation Failure)
[7.755s][debug][gc,phases      ] GC(11) Scavenge 69.466ms
[7.755s][debug][gc,ref         ] GC(11) Skipped phase 1 of Reference Processing: no references
[7.755s][debug][gc,ref         ] GC(11) ReferenceProcessor::execute queues: 4, RefProcThreadModel::Multi, marks_oops_alive: false
[7.755s][debug][gc,ref         ] GC(11) Skipped phase 3 of Reference Processing: no references
[7.755s][debug][gc,ref         ] GC(11) ReferenceProcessor::execute queues: 1, RefProcThreadModel::Single, marks_oops_alive: false
[7.755s][debug][gc,phases      ] GC(11) Reference Processing 0.306ms
[7.755s][debug][gc,phases      ] GC(11)   VM Weak                        Min:  0.0, Avg:  0.0, Max:  0.0, Diff:  0.0, Sum:  0.0, Workers: 4
[7.755s][debug][gc,phases      ] GC(11)     Dead                           Min: 0, Avg:  0.0, Max: 0, Diff: 0, Sum: 0, Workers: 4
[7.755s][debug][gc,phases      ] GC(11)     Total                          Min: 0, Avg: 131.0, Max: 268, Diff: 268, Sum: 524, Workers: 4
[7.755s][debug][gc,phases      ] GC(11)   ObjectSynchronizer Weak        Min:  0.0, Avg:  0.0, Max:  0.0, Diff:  0.0, Sum:  0.0, Workers: 4
[7.755s][debug][gc,phases      ] GC(11)     Dead                           Min: 0, Avg:  0.0, Max: 0, Diff: 0, Sum: 0, Workers: 4
[7.755s][debug][gc,phases      ] GC(11)     Total                          Min: 42, Avg: 106.5, Max: 192, Diff: 150, Sum: 426, Workers: 4
[7.755s][debug][gc,phases      ] GC(11)   JVMTI Tag Weak OopStorage      Min:  0.0, Avg:  0.0, Max:  0.0, Diff:  0.0, Sum:  0.0, Workers: 4
[7.755s][debug][gc,phases      ] GC(11)     Dead                           Min: 0, Avg:  0.0, Max: 0, Diff: 0, Sum: 0, Workers: 4
[7.755s][debug][gc,phases      ] GC(11)     Total                          Min: 0, Avg:  0.0, Max: 0, Diff: 0, Sum: 0, Workers: 4
[7.755s][debug][gc,phases      ] GC(11)   StringTable Weak               Min:  0.3, Avg:  0.3, Max:  0.3, Diff:  0.0, Sum:  1.2, Workers: 4
[7.755s][debug][gc,phases      ] GC(11)     Dead                           Min: 0, Avg:  3.5, Max: 12, Diff: 12, Sum: 14, Workers: 4
[7.755s][debug][gc,phases      ] GC(11)     Total                          Min: 8448, Avg: 9941.2, Max: 11200, Diff: 2752, Sum: 39765, Workers: 4
[7.755s][debug][gc,phases      ] GC(11)   ResolvedMethodTable Weak       Min:  0.0, Avg:  0.0, Max:  0.0, Diff:  0.0, Sum:  0.2, Workers: 4
[7.755s][debug][gc,phases      ] GC(11)     Dead                           Min: 0, Avg:  3.8, Max: 15, Diff: 15, Sum: 15, Workers: 4
[7.755s][debug][gc,phases      ] GC(11)     Total                          Min: 1280, Avg: 1505.2, Max: 1728, Diff: 448, Sum: 6021, Workers: 4
[7.755s][debug][gc,phases      ] GC(11)   JNI Weak                       Min:  0.0, Avg:  0.0, Max:  0.0, Diff:  0.0, Sum:  0.0, Workers: 4
[7.755s][debug][gc,phases      ] GC(11)     Dead                           Min: 0, Avg:  0.0, Max: 0, Diff: 0, Sum: 0, Workers: 4
[7.755s][debug][gc,phases      ] GC(11)     Total                          Min: 0, Avg:  2.5, Max: 10, Diff: 10, Sum: 10, Workers: 4
[7.755s][debug][gc,phases      ] GC(11)   StringDedup Table Weak         Min:  0.0, Avg:  0.0, Max:  0.0, Diff:  0.0, Sum:  0.0, Workers: 4
[7.755s][debug][gc,phases      ] GC(11)     Dead                           Min: 0, Avg:  0.0, Max: 0, Diff: 0, Sum: 0, Workers: 4
[7.755s][debug][gc,phases      ] GC(11)     Total                          Min: 0, Avg:  0.0, Max: 0, Diff: 0, Sum: 0, Workers: 4
[7.755s][debug][gc,phases      ] GC(11)   StringDedup Requests0 Weak     Min:  0.0, Avg:  0.0, Max:  0.0, Diff:  0.0, Sum:  0.0, Workers: 4
[7.755s][debug][gc,phases      ] GC(11)     Dead                           Min: 0, Avg:  0.0, Max: 0, Diff: 0, Sum: 0, Workers: 4
[7.755s][debug][gc,phases      ] GC(11)     Total                          Min: 0, Avg:  0.0, Max: 0, Diff: 0, Sum: 0, Workers: 4
[7.755s][debug][gc,phases      ] GC(11)   StringDedup Requests1 Weak     Min:  0.0, Avg:  0.0, Max:  0.0, Diff:  0.0, Sum:  0.0, Workers: 4
[7.755s][debug][gc,phases      ] GC(11)     Dead                           Min: 0, Avg:  0.0, Max: 0, Diff: 0, Sum: 0, Workers: 4
[7.755s][debug][gc,phases      ] GC(11)     Total                          Min: 0, Avg:  0.0, Max: 0, Diff: 0, Sum: 0, Workers: 4
[7.755s][debug][gc,phases      ] GC(11)   Weak JFR Old Object Samples    Min:  0.0, Avg:  0.0, Max:  0.0, Diff:  0.0, Sum:  0.0, Workers: 4
[7.755s][debug][gc,phases      ] GC(11)     Dead                           Min: 0, Avg:  0.0, Max: 0, Diff: 0, Sum: 0, Workers: 4
[7.755s][debug][gc,phases      ] GC(11)     Total                          Min: 0, Avg:  0.0, Max: 0, Diff: 0, Sum: 0, Workers: 4
[7.755s][debug][gc,phases      ] GC(11) Weak Processing 0.567ms
[7.755s][debug][gc,age         ] GC(11) Desired survivor size 300417024 bytes, new threshold 10 (max threshold 15)
[7.756s][info ][gc,heap        ] GC(11) PSYoungGen: 1710429K(1710592K)->192814K(1800704K) Eden: 1522688K(1522688K)->0K(1510400K) From: 187741K(187904K)->192814K(290304K)
[7.756s][info ][gc,heap        ] GC(11) ParOldGen: 6189K(18432K)->6197K(18432K)
[7.756s][info ][gc,metaspace   ] GC(11) Metaspace: 58557K(59264K)->58557K(59264K) NonClass: 49819K(50176K)->49819K(50176K) Class: 8737K(9088K)->8737K(9088K)
[7.756s][info ][gc             ] GC(11) Pause Young (Allocation Failure) 1676M->194M(1776M) 70.478ms
[7.756s][info ][gc,cpu         ] GC(11) User=0.28s Sys=0.00s Real=0.07s
[7.756s][info ][safepoint      ] Safepoint "ParallelGCFailedAllocation", Time since last: 402075839 ns, Reaching safepoint: 226105 ns, At safepoint: 70604375 ns, Total: 70830480 ns
[8.062s][info ][gc,start       ] GC(12) Pause Young (Allocation Failure)
[8.139s][debug][gc,phases      ] GC(12) Scavenge 76.663ms
[8.139s][debug][gc,ref         ] GC(12) Skipped phase 1 of Reference Processing: no references
[8.139s][debug][gc,ref         ] GC(12) ReferenceProcessor::execute queues: 4, RefProcThreadModel::Multi, marks_oops_alive: false
[8.139s][debug][gc,ref         ] GC(12) Skipped phase 3 of Reference Processing: no references
[8.139s][debug][gc,ref         ] GC(12) ReferenceProcessor::execute queues: 1, RefProcThreadModel::Single, marks_oops_alive: false
[8.139s][debug][gc,phases      ] GC(12) Reference Processing 0.305ms
[8.140s][debug][gc,phases      ] GC(12)   VM Weak                        Min:  0.0, Avg:  0.0, Max:  0.0, Diff:  0.0, Sum:  0.0, Workers: 4
[8.140s][debug][gc,phases      ] GC(12)     Dead                           Min: 0, Avg:  0.0, Max: 0, Diff: 0, Sum: 0, Workers: 4
[8.140s][debug][gc,phases      ] GC(12)     Total                          Min: 0, Avg: 131.0, Max: 384, Diff: 384, Sum: 524, Workers: 4
[8.140s][debug][gc,phases      ] GC(12)   ObjectSynchronizer Weak        Min:  0.0, Avg:  0.0, Max:  0.0, Diff:  0.0, Sum:  0.0, Workers: 4
[8.140s][debug][gc,phases      ] GC(12)     Dead                           Min: 0, Avg:  0.5, Max: 2, Diff: 2, Sum: 2, Workers: 4
[8.140s][debug][gc,phases      ] GC(12)     Total                          Min: 44, Avg: 107.0, Max: 192, Diff: 148, Sum: 428, Workers: 4
[8.140s][debug][gc,phases      ] GC(12)   JVMTI Tag Weak OopStorage      Min:  0.0, Avg:  0.0, Max:  0.0, Diff:  0.0, Sum:  0.0, Workers: 4
[8.140s][debug][gc,phases      ] GC(12)     Dead                           Min: 0, Avg:  0.0, Max: 0, Diff: 0, Sum: 0, Workers: 4
[8.140s][debug][gc,phases      ] GC(12)     Total                          Min: 0, Avg:  0.0, Max: 0, Diff: 0, Sum: 0, Workers: 4
[8.140s][debug][gc,phases      ] GC(12)   StringTable Weak               Min:  0.3, Avg:  0.3, Max:  0.3, Diff:  0.0, Sum:  1.2, Workers: 4
[8.140s][debug][gc,phases      ] GC(12)     Dead                           Min: 0, Avg:  3.2, Max: 12, Diff: 12, Sum: 13, Workers: 4
[8.140s][debug][gc,phases      ] GC(12)     Total                          Min: 9407, Avg: 9959.2, Max: 11358, Diff: 1951, Sum: 39837, Workers: 4
[8.140s][debug][gc,phases      ] GC(12)   ResolvedMethodTable Weak       Min:  0.0, Avg:  0.0, Max:  0.0, Diff:  0.0, Sum:  0.2, Workers: 4
[8.140s][debug][gc,phases      ] GC(12)     Dead                           Min: 0, Avg:  0.0, Max: 0, Diff: 0, Sum: 0, Workers: 4
[8.140s][debug][gc,phases      ] GC(12)     Total                          Min: 1344, Avg: 1514.0, Max: 1728, Diff: 384, Sum: 6056, Workers: 4
[8.140s][debug][gc,phases      ] GC(12)   JNI Weak                       Min:  0.0, Avg:  0.0, Max:  0.0, Diff:  0.0, Sum:  0.0, Workers: 4
[8.140s][debug][gc,phases      ] GC(12)     Dead                           Min: 0, Avg:  0.0, Max: 0, Diff: 0, Sum: 0, Workers: 4
[8.140s][debug][gc,phases      ] GC(12)     Total                          Min: 0, Avg:  2.0, Max: 8, Diff: 8, Sum: 8, Workers: 4
[8.140s][debug][gc,phases      ] GC(12)   StringDedup Table Weak         Min:  0.0, Avg:  0.0, Max:  0.0, Diff:  0.0, Sum:  0.0, Workers: 4
[8.140s][debug][gc,phases      ] GC(12)     Dead                           Min: 0, Avg:  0.0, Max: 0, Diff: 0, Sum: 0, Workers: 4
[8.140s][debug][gc,phases      ] GC(12)     Total                          Min: 0, Avg:  0.0, Max: 0, Diff: 0, Sum: 0, Workers: 4
[8.140s][debug][gc,phases      ] GC(12)   StringDedup Requests0 Weak     Min:  0.0, Avg:  0.0, Max:  0.0, Diff:  0.0, Sum:  0.0, Workers: 4
[8.140s][debug][gc,phases      ] GC(12)     Dead                           Min: 0, Avg:  0.0, Max: 0, Diff: 0, Sum: 0, Workers: 4
[8.140s][debug][gc,phases      ] GC(12)     Total                          Min: 0, Avg:  0.0, Max: 0, Diff: 0, Sum: 0, Workers: 4
[8.140s][debug][gc,phases      ] GC(12)   StringDedup Requests1 Weak     Min:  0.0, Avg:  0.0, Max:  0.0, Diff:  0.0, Sum:  0.0, Workers: 4
[8.140s][debug][gc,phases      ] GC(12)     Dead                           Min: 0, Avg:  0.0, Max: 0, Diff: 0, Sum: 0, Workers: 4
[8.140s][debug][gc,phases      ] GC(12)     Total                          Min: 0, Avg:  0.0, Max: 0, Diff: 0, Sum: 0, Workers: 4
[8.140s][debug][gc,phases      ] GC(12)   Weak JFR Old Object Samples    Min:  0.0, Avg:  0.0, Max:  0.0, Diff:  0.0, Sum:  0.0, Workers: 4
[8.140s][debug][gc,phases      ] GC(12)     Dead                           Min: 0, Avg:  0.0, Max: 0, Diff: 0, Sum: 0, Workers: 4
[8.140s][debug][gc,phases      ] GC(12)     Total                          Min: 0, Avg:  0.0, Max: 0, Diff: 0, Sum: 0, Workers: 4
[8.140s][debug][gc,phases      ] GC(12) Weak Processing 0.536ms
[8.140s][debug][gc,age         ] GC(12) Desired survivor size 304611328 bytes, new threshold 10 (max threshold 15)
[8.140s][info ][gc,heap        ] GC(12) PSYoungGen: 1703214K(1800704K)->199776K(1710592K) Eden: 1510400K(1510400K)->0K(1510400K) From: 192814K(290304K)->199776K(200192K)
[8.140s][info ][gc,heap        ] GC(12) ParOldGen: 6197K(18432K)->6205K(18432K)
[8.140s][info ][gc,metaspace   ] GC(12) Metaspace: 58679K(59392K)->58679K(59392K) NonClass: 49916K(50304K)->49916K(50304K) Class: 8762K(9088K)->8762K(9088K)
[8.140s][info ][gc             ] GC(12) Pause Young (Allocation Failure) 1669M->201M(1688M) 77.637ms
[8.140s][info ][gc,cpu         ] GC(12) User=0.31s Sys=0.00s Real=0.08s
[8.140s][info ][safepoint      ] Safepoint "ParallelGCFailedAllocation", Time since last: 306476968 ns, Reaching safepoint: 134003 ns, At safepoint: 77743044 ns, Total: 77877047 ns
[8.496s][info ][gc,start       ] GC(13) Pause Young (Allocation Failure)
[8.570s][debug][gc,phases      ] GC(13) Scavenge 74.509ms
[8.570s][debug][gc,ref         ] GC(13) Skipped phase 1 of Reference Processing: no references
[8.570s][debug][gc,ref         ] GC(13) ReferenceProcessor::execute queues: 4, RefProcThreadModel::Multi, marks_oops_alive: false
[8.571s][debug][gc,ref         ] GC(13) Skipped phase 3 of Reference Processing: no references
[8.571s][debug][gc,ref         ] GC(13) ReferenceProcessor::execute queues: 1, RefProcThreadModel::Single, marks_oops_alive: false
[8.571s][debug][gc,phases      ] GC(13) Reference Processing 0.284ms
[8.571s][debug][gc,phases      ] GC(13)   VM Weak                        Min:  0.0, Avg:  0.0, Max:  0.0, Diff:  0.0, Sum:  0.0, Workers: 4
[8.571s][debug][gc,phases      ] GC(13)     Dead                           Min: 0, Avg:  0.0, Max: 0, Diff: 0, Sum: 0, Workers: 4
[8.571s][debug][gc,phases      ] GC(13)     Total                          Min: 0, Avg: 131.8, Max: 320, Diff: 320, Sum: 527, Workers: 4
[8.571s][debug][gc,phases      ] GC(13)   ObjectSynchronizer Weak        Min:  0.0, Avg:  0.0, Max:  0.0, Diff:  0.0, Sum:  0.0, Workers: 4
[8.571s][debug][gc,phases      ] GC(13)     Dead                           Min: 0, Avg:  0.0, Max: 0, Diff: 0, Sum: 0, Workers: 4
[8.571s][debug][gc,phases      ] GC(13)     Total                          Min: 0, Avg: 107.0, Max: 172, Diff: 172, Sum: 428, Workers: 4
[8.571s][debug][gc,phases      ] GC(13)   JVMTI Tag Weak OopStorage      Min:  0.0, Avg:  0.0, Max:  0.0, Diff:  0.0, Sum:  0.0, Workers: 4
[8.571s][debug][gc,phases      ] GC(13)     Dead                           Min: 0, Avg:  0.0, Max: 0, Diff: 0, Sum: 0, Workers: 4
[8.571s][debug][gc,phases      ] GC(13)     Total                          Min: 0, Avg:  0.0, Max: 0, Diff: 0, Sum: 0, Workers: 4
[8.571s][debug][gc,phases      ] GC(13)   StringTable Weak               Min:  0.3, Avg:  0.3, Max:  0.3, Diff:  0.0, Sum:  1.2, Workers: 4
[8.571s][debug][gc,phases      ] GC(13)     Dead                           Min: 0, Avg:  0.8, Max: 2, Diff: 2, Sum: 3, Workers: 4
[8.571s][debug][gc,phases      ] GC(13)     Total                          Min: 8704, Avg: 10043.2, Max: 11136, Diff: 2432, Sum: 40173, Workers: 4
[8.571s][debug][gc,phases      ] GC(13)   ResolvedMethodTable Weak       Min:  0.1, Avg:  0.1, Max:  0.1, Diff:  0.0, Sum:  0.3, Workers: 4
[8.571s][debug][gc,phases      ] GC(13)     Dead                           Min: 0, Avg: 11.5, Max: 29, Diff: 29, Sum: 46, Workers: 4
[8.571s][debug][gc,phases      ] GC(13)     Total                          Min: 1408, Avg: 1545.2, Max: 1765, Diff: 357, Sum: 6181, Workers: 4
[8.571s][debug][gc,phases      ] GC(13)   JNI Weak                       Min:  0.0, Avg:  0.0, Max:  0.0, Diff:  0.0, Sum:  0.0, Workers: 4
[8.571s][debug][gc,phases      ] GC(13)     Dead                           Min: 0, Avg:  0.0, Max: 0, Diff: 0, Sum: 0, Workers: 4
[8.571s][debug][gc,phases      ] GC(13)     Total                          Min: 0, Avg:  2.5, Max: 10, Diff: 10, Sum: 10, Workers: 4
[8.571s][debug][gc,phases      ] GC(13)   StringDedup Table Weak         Min:  0.0, Avg:  0.0, Max:  0.0, Diff:  0.0, Sum:  0.0, Workers: 4
[8.571s][debug][gc,phases      ] GC(13)     Dead                           Min: 0, Avg:  0.0, Max: 0, Diff: 0, Sum: 0, Workers: 4
[8.571s][debug][gc,phases      ] GC(13)     Total                          Min: 0, Avg:  0.0, Max: 0, Diff: 0, Sum: 0, Workers: 4
[8.571s][debug][gc,phases      ] GC(13)   StringDedup Requests0 Weak     Min:  0.0, Avg:  0.0, Max:  0.0, Diff:  0.0, Sum:  0.0, Workers: 4
[8.571s][debug][gc,phases      ] GC(13)     Dead                           Min: 0, Avg:  0.0, Max: 0, Diff: 0, Sum: 0, Workers: 4
[8.571s][debug][gc,phases      ] GC(13)     Total                          Min: 0, Avg:  0.0, Max: 0, Diff: 0, Sum: 0, Workers: 4
[8.571s][debug][gc,phases      ] GC(13)   StringDedup Requests1 Weak     Min:  0.0, Avg:  0.0, Max:  0.0, Diff:  0.0, Sum:  0.0, Workers: 4
[8.571s][debug][gc,phases      ] GC(13)     Dead                           Min: 0, Avg:  0.0, Max: 0, Diff: 0, Sum: 0, Workers: 4
[8.571s][debug][gc,phases      ] GC(13)     Total                          Min: 0, Avg:  0.0, Max: 0, Diff: 0, Sum: 0, Workers: 4
[8.571s][debug][gc,phases      ] GC(13)   Weak JFR Old Object Samples    Min:  0.0, Avg:  0.0, Max:  0.0, Diff:  0.0, Sum:  0.0, Workers: 4
[8.571s][debug][gc,phases      ] GC(13)     Dead                           Min: 0, Avg:  0.0, Max: 0, Diff: 0, Sum: 0, Workers: 4
[8.571s][debug][gc,phases      ] GC(13)     Total                          Min: 0, Avg:  0.0, Max: 0, Diff: 0, Sum: 0, Workers: 4
[8.571s][debug][gc,phases      ] GC(13) Weak Processing 0.575ms
[8.571s][debug][gc,age         ] GC(13) Desired survivor size 303562752 bytes, new threshold 10 (max threshold 15)
[8.571s][info ][gc,heap        ] GC(13) PSYoungGen: 1710176K(1710592K)->191187K(1800704K) Eden: 1510400K(1510400K)->0K(1503232K) From: 199776K(200192K)->191187K(297472K)
[8.571s][info ][gc,heap        ] GC(13) ParOldGen: 6205K(18432K)->16201K(18432K)
[8.571s][info ][gc,metaspace   ] GC(13) Metaspace: 59464K(60160K)->59464K(60160K) NonClass: 50600K(51008K)->50600K(51008K) Class: 8863K(9152K)->8863K(9152K)
[8.571s][info ][gc             ] GC(13) Pause Young (Allocation Failure) 1676M->202M(1776M) 75.510ms
[8.571s][info ][gc,cpu         ] GC(13) User=0.33s Sys=0.00s Real=0.08s
[8.571s][debug][gc,phases      ] GC(14) Pre Compact 0.010ms
[8.571s][info ][gc,start       ] GC(14) Pause Full (Ergonomics)
[8.571s][info ][gc,phases,start] GC(14) Marking Phase
[8.652s][debug][gc,phases      ] GC(14) Par Mark 81.061ms
[8.652s][debug][gc,ref         ] GC(14) Skipped phase 1 of Reference Processing: no references
[8.653s][debug][gc,ref         ] GC(14) ReferenceProcessor::execute queues: 1, RefProcThreadModel::Single, marks_oops_alive: false
[8.653s][debug][gc,ref         ] GC(14) Skipped phase 3 of Reference Processing: no references
[8.653s][debug][gc,ref         ] GC(14) ReferenceProcessor::execute queues: 1, RefProcThreadModel::Single, marks_oops_alive: false
[8.653s][debug][gc,phases      ] GC(14) Reference Processing 0.153ms
[8.653s][debug][gc,phases      ] GC(14)   VM Weak                        Min:  0.0, Avg:  0.0, Max:  0.0, Diff:  0.0, Sum:  0.0, Workers: 4
[8.653s][debug][gc,phases      ] GC(14)     Dead                           Min: 0, Avg:  0.0, Max: 0, Diff: 0, Sum: 0, Workers: 4
[8.653s][debug][gc,phases      ] GC(14)     Total                          Min: 0, Avg: 131.8, Max: 320, Diff: 320, Sum: 527, Workers: 4
[8.653s][debug][gc,phases      ] GC(14)   ObjectSynchronizer Weak        Min:  0.0, Avg:  0.0, Max:  0.0, Diff:  0.0, Sum:  0.0, Workers: 4
[8.653s][debug][gc,phases      ] GC(14)     Dead                           Min: 0, Avg:  0.0, Max: 0, Diff: 0, Sum: 0, Workers: 4
[8.653s][debug][gc,phases      ] GC(14)     Total                          Min: 0, Avg: 107.0, Max: 236, Diff: 236, Sum: 428, Workers: 4
[8.653s][debug][gc,phases      ] GC(14)   JVMTI Tag Weak OopStorage      Min:  0.0, Avg:  0.0, Max:  0.0, Diff:  0.0, Sum:  0.0, Workers: 4
[8.653s][debug][gc,phases      ] GC(14)     Dead                           Min: 0, Avg:  0.0, Max: 0, Diff: 0, Sum: 0, Workers: 4
[8.653s][debug][gc,phases      ] GC(14)     Total                          Min: 0, Avg:  0.0, Max: 0, Diff: 0, Sum: 0, Workers: 4
[8.653s][debug][gc,phases      ] GC(14)   StringTable Weak               Min:  0.1, Avg:  0.1, Max:  0.1, Diff:  0.0, Sum:  0.5, Workers: 4
[8.653s][debug][gc,phases      ] GC(14)     Dead                           Min: 0, Avg:  0.0, Max: 0, Diff: 0, Sum: 0, Workers: 4
[8.653s][debug][gc,phases      ] GC(14)     Total                          Min: 9535, Avg: 10043.2, Max: 10862, Diff: 1327, Sum: 40173, Workers: 4
[8.653s][debug][gc,phases      ] GC(14)   ResolvedMethodTable Weak       Min:  0.0, Avg:  0.0, Max:  0.0, Diff:  0.0, Sum:  0.1, Workers: 4
[8.653s][debug][gc,phases      ] GC(14)     Dead                           Min: 0, Avg:  0.0, Max: 0, Diff: 0, Sum: 0, Workers: 4
[8.653s][debug][gc,phases      ] GC(14)     Total                          Min: 1472, Avg: 1545.2, Max: 1600, Diff: 128, Sum: 6181, Workers: 4
[8.653s][debug][gc,phases      ] GC(14)   JNI Weak                       Min:  0.0, Avg:  0.0, Max:  0.0, Diff:  0.0, Sum:  0.0, Workers: 4
[8.653s][debug][gc,phases      ] GC(14)     Dead                           Min: 0, Avg:  0.0, Max: 0, Diff: 0, Sum: 0, Workers: 4
[8.653s][debug][gc,phases      ] GC(14)     Total                          Min: 0, Avg:  2.5, Max: 10, Diff: 10, Sum: 10, Workers: 4
[8.653s][debug][gc,phases      ] GC(14)   StringDedup Table Weak         Min:  0.0, Avg:  0.0, Max:  0.0, Diff:  0.0, Sum:  0.0, Workers: 4
[8.653s][debug][gc,phases      ] GC(14)     Dead                           Min: 0, Avg:  0.0, Max: 0, Diff: 0, Sum: 0, Workers: 4
[8.653s][debug][gc,phases      ] GC(14)     Total                          Min: 0, Avg:  0.0, Max: 0, Diff: 0, Sum: 0, Workers: 4
[8.653s][debug][gc,phases      ] GC(14)   StringDedup Requests0 Weak     Min:  0.0, Avg:  0.0, Max:  0.0, Diff:  0.0, Sum:  0.0, Workers: 4
[8.653s][debug][gc,phases      ] GC(14)     Dead                           Min: 0, Avg:  0.0, Max: 0, Diff: 0, Sum: 0, Workers: 4
[8.653s][debug][gc,phases      ] GC(14)     Total                          Min: 0, Avg:  0.0, Max: 0, Diff: 0, Sum: 0, Workers: 4
[8.653s][debug][gc,phases      ] GC(14)   StringDedup Requests1 Weak     Min:  0.0, Avg:  0.0, Max:  0.0, Diff:  0.0, Sum:  0.0, Workers: 4
[8.653s][debug][gc,phases      ] GC(14)     Dead                           Min: 0, Avg:  0.0, Max: 0, Diff: 0, Sum: 0, Workers: 4
[8.653s][debug][gc,phases      ] GC(14)     Total                          Min: 0, Avg:  0.0, Max: 0, Diff: 0, Sum: 0, Workers: 4
[8.653s][debug][gc,phases      ] GC(14)   Weak JFR Old Object Samples    Min:  0.0, Avg:  0.0, Max:  0.0, Diff:  0.0, Sum:  0.0, Workers: 4
[8.653s][debug][gc,phases      ] GC(14)     Dead                           Min: 0, Avg:  0.0, Max: 0, Diff: 0, Sum: 0, Workers: 4
[8.653s][debug][gc,phases      ] GC(14)     Total                          Min: 0, Avg:  0.0, Max: 0, Diff: 0, Sum: 0, Workers: 4
[8.653s][debug][gc,phases      ] GC(14) Weak Processing 0.339ms
[8.653s][debug][gc,phases      ] GC(14) ClassLoaderData 0.073ms
[8.653s][debug][gc,phases      ] GC(14) Trigger cleanups 0.000ms
[8.659s][debug][gc,phases      ] GC(14) Class Unloading 6.499ms
[8.659s][info ][gc,phases      ] GC(14) Marking Phase 88.197ms
[8.659s][info ][gc,phases,start] GC(14) Summary Phase
[8.659s][info ][gc,phases      ] GC(14) Summary Phase 0.008ms
[8.659s][info ][gc,phases,start] GC(14) Adjust Roots
[8.669s][info ][gc,phases      ] GC(14) Adjust Roots 9.080ms
[8.669s][info ][gc,phases,start] GC(14) Compaction Phase
[8.974s][info ][gc,phases      ] GC(14) Compaction Phase 305.264ms
[8.974s][info ][gc,phases,start] GC(14) Post Compact
[8.975s][info ][gc,phases      ] GC(14) Post Compact 1.139ms
[8.975s][info ][gc,heap        ] GC(14) PSYoungGen: 191187K(1800704K)->188800K(1800704K) Eden: 0K(1503232K)->0K(1503232K) From: 191187K(297472K)->188800K(297472K)
[8.975s][info ][gc,heap        ] GC(14) ParOldGen: 16201K(18432K)->18118K(38912K)
[8.975s][info ][gc,metaspace   ] GC(14) Metaspace: 59464K(60160K)->59464K(60160K) NonClass: 50600K(51008K)->50600K(51008K) Class: 8863K(9152K)->8863K(9152K)
[8.975s][info ][gc             ] GC(14) Pause Full (Ergonomics) 202M->202M(1796M) 403.875ms
[8.975s][info ][gc,cpu         ] GC(14) User=1.50s Sys=0.00s Real=0.40s
[8.991s][info ][safepoint      ] Safepoint "ParallelGCFailedAllocation", Time since last: 355480730 ns, Reaching safepoint: 181004 ns, At safepoint: 495310443 ns, Total: 495491447 ns
[9.231s][info ][gc,start       ] GC(15) Pause Young (Allocation Failure)
[9.314s][debug][gc,phases      ] GC(15) Scavenge 83.466ms
[9.315s][debug][gc,ref         ] GC(15) Skipped phase 1 of Reference Processing: no references
[9.315s][debug][gc,ref         ] GC(15) ReferenceProcessor::execute queues: 4, RefProcThreadModel::Multi, marks_oops_alive: false
[9.315s][debug][gc,ref         ] GC(15) Skipped phase 3 of Reference Processing: no references
[9.315s][debug][gc,ref         ] GC(15) ReferenceProcessor::execute queues: 1, RefProcThreadModel::Single, marks_oops_alive: false
[9.315s][debug][gc,phases      ] GC(15) Reference Processing 0.304ms
[9.315s][debug][gc,phases      ] GC(15)   VM Weak                        Min:  0.0, Avg:  0.0, Max:  0.0, Diff:  0.0, Sum:  0.0, Workers: 4
[9.315s][debug][gc,phases      ] GC(15)     Dead                           Min: 0, Avg:  0.0, Max: 0, Diff: 0, Sum: 0, Workers: 4
[9.315s][debug][gc,phases      ] GC(15)     Total                          Min: 0, Avg: 134.2, Max: 345, Diff: 345, Sum: 537, Workers: 4
[9.315s][debug][gc,phases      ] GC(15)   ObjectSynchronizer Weak        Min:  0.0, Avg:  0.0, Max:  0.0, Diff:  0.0, Sum:  0.0, Workers: 4
[9.315s][debug][gc,phases      ] GC(15)     Dead                           Min: 0, Avg:  0.0, Max: 0, Diff: 0, Sum: 0, Workers: 4
[9.315s][debug][gc,phases      ] GC(15)     Total                          Min: 44, Avg: 107.0, Max: 192, Diff: 148, Sum: 428, Workers: 4
[9.315s][debug][gc,phases      ] GC(15)   JVMTI Tag Weak OopStorage      Min:  0.0, Avg:  0.0, Max:  0.0, Diff:  0.0, Sum:  0.0, Workers: 4
[9.315s][debug][gc,phases      ] GC(15)     Dead                           Min: 0, Avg:  0.0, Max: 0, Diff: 0, Sum: 0, Workers: 4
[9.315s][debug][gc,phases      ] GC(15)     Total                          Min: 0, Avg:  0.0, Max: 0, Diff: 0, Sum: 0, Workers: 4
[9.315s][debug][gc,phases      ] GC(15)   StringTable Weak               Min:  0.3, Avg:  0.3, Max:  0.3, Diff:  0.0, Sum:  1.2, Workers: 4
[9.315s][debug][gc,phases      ] GC(15)     Dead                           Min: 0, Avg:  3.5, Max: 13, Diff: 13, Sum: 14, Workers: 4
[9.315s][debug][gc,phases      ] GC(15)     Total                          Min: 8640, Avg: 10109.2, Max: 12096, Diff: 3456, Sum: 40437, Workers: 4
[9.315s][debug][gc,phases      ] GC(15)   ResolvedMethodTable Weak       Min:  0.1, Avg:  0.1, Max:  0.1, Diff:  0.0, Sum:  0.2, Workers: 4
[9.315s][debug][gc,phases      ] GC(15)     Dead                           Min: 0, Avg:  4.0, Max: 14, Diff: 14, Sum: 16, Workers: 4
[9.315s][debug][gc,phases      ] GC(15)     Total                          Min: 1152, Avg: 1569.8, Max: 1863, Diff: 711, Sum: 6279, Workers: 4
[9.315s][debug][gc,phases      ] GC(15)   JNI Weak                       Min:  0.0, Avg:  0.0, Max:  0.0, Diff:  0.0, Sum:  0.0, Workers: 4
[9.315s][debug][gc,phases      ] GC(15)     Dead                           Min: 0, Avg:  0.0, Max: 0, Diff: 0, Sum: 0, Workers: 4
[9.315s][debug][gc,phases      ] GC(15)     Total                          Min: 0, Avg:  4.0, Max: 16, Diff: 16, Sum: 16, Workers: 4
[9.315s][debug][gc,phases      ] GC(15)   StringDedup Table Weak         Min:  0.0, Avg:  0.0, Max:  0.0, Diff:  0.0, Sum:  0.0, Workers: 4
[9.315s][debug][gc,phases      ] GC(15)     Dead                           Min: 0, Avg:  0.0, Max: 0, Diff: 0, Sum: 0, Workers: 4
[9.315s][debug][gc,phases      ] GC(15)     Total                          Min: 0, Avg:  0.0, Max: 0, Diff: 0, Sum: 0, Workers: 4
[9.315s][debug][gc,phases      ] GC(15)   StringDedup Requests0 Weak     Min:  0.0, Avg:  0.0, Max:  0.0, Diff:  0.0, Sum:  0.0, Workers: 4
[9.315s][debug][gc,phases      ] GC(15)     Dead                           Min: 0, Avg:  0.0, Max: 0, Diff: 0, Sum: 0, Workers: 4
[9.315s][debug][gc,phases      ] GC(15)     Total                          Min: 0, Avg:  0.0, Max: 0, Diff: 0, Sum: 0, Workers: 4
[9.315s][debug][gc,phases      ] GC(15)   StringDedup Requests1 Weak     Min:  0.0, Avg:  0.0, Max:  0.0, Diff:  0.0, Sum:  0.0, Workers: 4
[9.315s][debug][gc,phases      ] GC(15)     Dead                           Min: 0, Avg:  0.0, Max: 0, Diff: 0, Sum: 0, Workers: 4
[9.315s][debug][gc,phases      ] GC(15)     Total                          Min: 0, Avg:  0.0, Max: 0, Diff: 0, Sum: 0, Workers: 4
[9.315s][debug][gc,phases      ] GC(15)   Weak JFR Old Object Samples    Min:  0.0, Avg:  0.0, Max:  0.0, Diff:  0.0, Sum:  0.0, Workers: 4
[9.315s][debug][gc,phases      ] GC(15)     Dead                           Min: 0, Avg:  0.0, Max: 0, Diff: 0, Sum: 0, Workers: 4
[9.315s][debug][gc,phases      ] GC(15)     Total                          Min: 0, Avg:  0.0, Max: 0, Diff: 0, Sum: 0, Workers: 4
[9.315s][debug][gc,phases      ] GC(15) Weak Processing 0.567ms
[9.315s][debug][gc,age         ] GC(15) Desired survivor size 293601280 bytes, new threshold 9 (max threshold 15)
[9.315s][info ][gc,heap        ] GC(15) PSYoungGen: 1692032K(1800704K)->136361K(1799680K) Eden: 1503232K(1503232K)->0K(1503232K) From: 188800K(297472K)->136361K(296448K)
[9.315s][info ][gc,heap        ] GC(15) ParOldGen: 18118K(38912K)->62773K(62976K)
[9.315s][info ][gc,metaspace   ] GC(15) Metaspace: 60318K(60992K)->60318K(60992K) NonClass: 51336K(51712K)->51336K(51712K) Class: 8982K(9280K)->8982K(9280K)
[9.315s][info ][gc             ] GC(15) Pause Young (Allocation Failure) 1670M->194M(1819M) 84.505ms
[9.315s][info ][gc,cpu         ] GC(15) User=0.38s Sys=0.00s Real=0.09s
[9.315s][debug][gc,phases      ] GC(16) Pre Compact 0.010ms
[9.315s][info ][gc,start       ] GC(16) Pause Full (Ergonomics)
[9.315s][info ][gc,phases,start] GC(16) Marking Phase
[9.391s][debug][gc,phases      ] GC(16) Par Mark 75.460ms
[9.391s][debug][gc,ref         ] GC(16) Skipped phase 1 of Reference Processing: no references
[9.391s][debug][gc,ref         ] GC(16) ReferenceProcessor::execute queues: 4, RefProcThreadModel::Multi, marks_oops_alive: false
[9.391s][debug][gc,ref         ] GC(16) Skipped phase 3 of Reference Processing: no references
[9.391s][debug][gc,ref         ] GC(16) ReferenceProcessor::execute queues: 1, RefProcThreadModel::Single, marks_oops_alive: false
[9.391s][debug][gc,phases      ] GC(16) Reference Processing 0.312ms
[9.392s][debug][gc,phases      ] GC(16)   VM Weak                        Min:  0.0, Avg:  0.0, Max:  0.0, Diff:  0.0, Sum:  0.0, Workers: 4
[9.392s][debug][gc,phases      ] GC(16)     Dead                           Min: 0, Avg:  0.0, Max: 0, Diff: 0, Sum: 0, Workers: 4
[9.392s][debug][gc,phases      ] GC(16)     Total                          Min: 0, Avg: 134.2, Max: 537, Diff: 537, Sum: 537, Workers: 4
[9.392s][debug][gc,phases      ] GC(16)   ObjectSynchronizer Weak        Min:  0.0, Avg:  0.0, Max:  0.0, Diff:  0.0, Sum:  0.0, Workers: 4
[9.392s][debug][gc,phases      ] GC(16)     Dead                           Min: 0, Avg:  0.0, Max: 0, Diff: 0, Sum: 0, Workers: 4
[9.392s][debug][gc,phases      ] GC(16)     Total                          Min: 0, Avg: 107.0, Max: 172, Diff: 172, Sum: 428, Workers: 4
[9.392s][debug][gc,phases      ] GC(16)   JVMTI Tag Weak OopStorage      Min:  0.0, Avg:  0.0, Max:  0.0, Diff:  0.0, Sum:  0.0, Workers: 4
[9.392s][debug][gc,phases      ] GC(16)     Dead                           Min: 0, Avg:  0.0, Max: 0, Diff: 0, Sum: 0, Workers: 4
[9.392s][debug][gc,phases      ] GC(16)     Total                          Min: 0, Avg:  0.0, Max: 0, Diff: 0, Sum: 0, Workers: 4
[9.392s][debug][gc,phases      ] GC(16)   StringTable Weak               Min:  0.1, Avg:  0.1, Max:  0.1, Diff:  0.0, Sum:  0.6, Workers: 4
[9.392s][debug][gc,phases      ] GC(16)     Dead                           Min: 0, Avg:  0.0, Max: 0, Diff: 0, Sum: 0, Workers: 4
[9.392s][debug][gc,phases      ] GC(16)     Total                          Min: 7552, Avg: 10109.2, Max: 12096, Diff: 4544, Sum: 40437, Workers: 4
[9.392s][debug][gc,phases      ] GC(16)   ResolvedMethodTable Weak       Min:  0.0, Avg:  0.0, Max:  0.0, Diff:  0.0, Sum:  0.1, Workers: 4
[9.392s][debug][gc,phases      ] GC(16)     Dead                           Min: 0, Avg:  0.0, Max: 0, Diff: 0, Sum: 0, Workers: 4
[9.392s][debug][gc,phases      ] GC(16)     Total                          Min: 1343, Avg: 1569.8, Max: 1672, Diff: 329, Sum: 6279, Workers: 4
[9.392s][debug][gc,phases      ] GC(16)   JNI Weak                       Min:  0.0, Avg:  0.0, Max:  0.0, Diff:  0.0, Sum:  0.0, Workers: 4
[9.392s][debug][gc,phases      ] GC(16)     Dead                           Min: 0, Avg:  0.0, Max: 0, Diff: 0, Sum: 0, Workers: 4
[9.392s][debug][gc,phases      ] GC(16)     Total                          Min: 0, Avg:  4.0, Max: 16, Diff: 16, Sum: 16, Workers: 4
[9.392s][debug][gc,phases      ] GC(16)   StringDedup Table Weak         Min:  0.0, Avg:  0.0, Max:  0.0, Diff:  0.0, Sum:  0.0, Workers: 4
[9.392s][debug][gc,phases      ] GC(16)     Dead                           Min: 0, Avg:  0.0, Max: 0, Diff: 0, Sum: 0, Workers: 4
[9.392s][debug][gc,phases      ] GC(16)     Total                          Min: 0, Avg:  0.0, Max: 0, Diff: 0, Sum: 0, Workers: 4
[9.392s][debug][gc,phases      ] GC(16)   StringDedup Requests0 Weak     Min:  0.0, Avg:  0.0, Max:  0.0, Diff:  0.0, Sum:  0.0, Workers: 4
[9.392s][debug][gc,phases      ] GC(16)     Dead                           Min: 0, Avg:  0.0, Max: 0, Diff: 0, Sum: 0, Workers: 4
[9.392s][debug][gc,phases      ] GC(16)     Total                          Min: 0, Avg:  0.0, Max: 0, Diff: 0, Sum: 0, Workers: 4
[9.392s][debug][gc,phases      ] GC(16)   StringDedup Requests1 Weak     Min:  0.0, Avg:  0.0, Max:  0.0, Diff:  0.0, Sum:  0.0, Workers: 4
[9.392s][debug][gc,phases      ] GC(16)     Dead                           Min: 0, Avg:  0.0, Max: 0, Diff: 0, Sum: 0, Workers: 4
[9.392s][debug][gc,phases      ] GC(16)     Total                          Min: 0, Avg:  0.0, Max: 0, Diff: 0, Sum: 0, Workers: 4
[9.392s][debug][gc,phases      ] GC(16)   Weak JFR Old Object Samples    Min:  0.0, Avg:  0.0, Max:  0.0, Diff:  0.0, Sum:  0.0, Workers: 4
[9.392s][debug][gc,phases      ] GC(16)     Dead                           Min: 0, Avg:  0.0, Max: 0, Diff: 0, Sum: 0, Workers: 4
[9.392s][debug][gc,phases      ] GC(16)     Total                          Min: 0, Avg:  0.0, Max: 0, Diff: 0, Sum: 0, Workers: 4
[9.392s][debug][gc,phases      ] GC(16) Weak Processing 0.352ms
[9.392s][debug][gc,phases      ] GC(16) ClassLoaderData 0.076ms
[9.392s][debug][gc,phases      ] GC(16) Trigger cleanups 0.000ms
[9.399s][debug][gc,phases      ] GC(16) Class Unloading 6.871ms
[9.399s][info ][gc,phases      ] GC(16) Marking Phase 83.148ms
[9.399s][info ][gc,phases,start] GC(16) Summary Phase
[9.399s][info ][gc,phases      ] GC(16) Summary Phase 0.008ms
[9.399s][info ][gc,phases,start] GC(16) Adjust Roots
[9.408s][info ][gc,phases      ] GC(16) Adjust Roots 9.012ms
[9.408s][info ][gc,phases,start] GC(16) Compaction Phase
[10.123s][info ][gc,phases      ] GC(16) Compaction Phase 715.646ms
[10.123s][info ][gc,phases,start] GC(16) Post Compact
[10.124s][info ][gc,phases      ] GC(16) Post Compact 0.859ms
[10.124s][info ][gc,heap        ] GC(16) PSYoungGen: 136361K(1799680K)->136150K(1799680K) Eden: 0K(1503232K)->0K(1503232K) From: 136361K(296448K)->136150K(296448K)
[10.124s][info ][gc,heap        ] GC(16) ParOldGen: 62773K(62976K)->62575K(106496K)
[10.124s][info ][gc,metaspace   ] GC(16) Metaspace: 60318K(60992K)->60318K(60992K) NonClass: 51336K(51712K)->51336K(51712K) Class: 8982K(9280K)->8982K(9280K)
[10.124s][info ][gc             ] GC(16) Pause Full (Ergonomics) 194M->194M(1861M) 808.894ms
[10.124s][info ][gc,cpu         ] GC(16) User=1.89s Sys=0.02s Real=0.81s
[10.124s][info ][safepoint      ] Safepoint "ParallelGCFailedAllocation", Time since last: 239697582 ns, Reaching safepoint: 225405 ns, At safepoint: 893572777 ns, Total: 893798182 ns
[10.316s][info ][safepoint      ] Safepoint "ICBufferFull", Time since last: 191009726 ns, Reaching safepoint: 229106 ns, At safepoint: 27800 ns, Total: 256906 ns
[10.458s][info ][gc,start       ] GC(17) Pause Young (Allocation Failure)
[10.562s][debug][gc,phases      ] GC(17) Scavenge 103.970ms
[10.562s][debug][gc,ref         ] GC(17) Skipped phase 1 of Reference Processing: no references
[10.562s][debug][gc,ref         ] GC(17) ReferenceProcessor::execute queues: 1, RefProcThreadModel::Single, marks_oops_alive: false
[10.562s][debug][gc,ref         ] GC(17) Skipped phase 3 of Reference Processing: no references
[10.562s][debug][gc,ref         ] GC(17) ReferenceProcessor::execute queues: 1, RefProcThreadModel::Single, marks_oops_alive: false
[10.562s][debug][gc,phases      ] GC(17) Reference Processing 0.151ms
[10.563s][debug][gc,phases      ] GC(17)   VM Weak                        Min:  0.0, Avg:  0.0, Max:  0.0, Diff:  0.0, Sum:  0.0, Workers: 4
[10.563s][debug][gc,phases      ] GC(17)     Dead                           Min: 0, Avg:  0.0, Max: 0, Diff: 0, Sum: 0, Workers: 4
[10.563s][debug][gc,phases      ] GC(17)     Total                          Min: 0, Avg: 136.0, Max: 384, Diff: 384, Sum: 544, Workers: 4
[10.563s][debug][gc,phases      ] GC(17)   ObjectSynchronizer Weak        Min:  0.0, Avg:  0.0, Max:  0.0, Diff:  0.0, Sum:  0.0, Workers: 4
[10.563s][debug][gc,phases      ] GC(17)     Dead                           Min: 0, Avg:  0.0, Max: 0, Diff: 0, Sum: 0, Workers: 4
[10.563s][debug][gc,phases      ] GC(17)     Total                          Min: 0, Avg: 107.0, Max: 192, Diff: 192, Sum: 428, Workers: 4
[10.563s][debug][gc,phases      ] GC(17)   JVMTI Tag Weak OopStorage      Min:  0.0, Avg:  0.0, Max:  0.0, Diff:  0.0, Sum:  0.0, Workers: 4
[10.563s][debug][gc,phases      ] GC(17)     Dead                           Min: 0, Avg:  0.0, Max: 0, Diff: 0, Sum: 0, Workers: 4
[10.563s][debug][gc,phases      ] GC(17)     Total                          Min: 0, Avg:  0.0, Max: 0, Diff: 0, Sum: 0, Workers: 4
[10.563s][debug][gc,phases      ] GC(17)   StringTable Weak               Min:  0.2, Avg:  0.2, Max:  0.2, Diff:  0.0, Sum:  1.0, Workers: 4
[10.563s][debug][gc,phases      ] GC(17)     Dead                           Min: 0, Avg:  3.0, Max: 9, Diff: 9, Sum: 12, Workers: 4
[10.563s][debug][gc,phases      ] GC(17)     Total                          Min: 8704, Avg: 10116.0, Max: 11728, Diff: 3024, Sum: 40464, Workers: 4
[10.563s][debug][gc,phases      ] GC(17)   ResolvedMethodTable Weak       Min:  0.0, Avg:  0.0, Max:  0.1, Diff:  0.0, Sum:  0.2, Workers: 4
[10.563s][debug][gc,phases      ] GC(17)     Dead                           Min: 0, Avg:  0.0, Max: 0, Diff: 0, Sum: 0, Workers: 4
[10.563s][debug][gc,phases      ] GC(17)     Total                          Min: 896, Avg: 1572.2, Max: 2047, Diff: 1151, Sum: 6289, Workers: 4
[10.563s][debug][gc,phases      ] GC(17)   JNI Weak                       Min:  0.0, Avg:  0.0, Max:  0.0, Diff:  0.0, Sum:  0.0, Workers: 4
[10.563s][debug][gc,phases      ] GC(17)     Dead                           Min: 0, Avg:  0.0, Max: 0, Diff: 0, Sum: 0, Workers: 4
[10.563s][debug][gc,phases      ] GC(17)     Total                          Min: 0, Avg:  4.8, Max: 19, Diff: 19, Sum: 19, Workers: 4
[10.563s][debug][gc,phases      ] GC(17)   StringDedup Table Weak         Min:  0.0, Avg:  0.0, Max:  0.0, Diff:  0.0, Sum:  0.0, Workers: 4
[10.563s][debug][gc,phases      ] GC(17)     Dead                           Min: 0, Avg:  0.0, Max: 0, Diff: 0, Sum: 0, Workers: 4
[10.563s][debug][gc,phases      ] GC(17)     Total                          Min: 0, Avg:  0.0, Max: 0, Diff: 0, Sum: 0, Workers: 4
[10.563s][debug][gc,phases      ] GC(17)   StringDedup Requests0 Weak     Min:  0.0, Avg:  0.0, Max:  0.0, Diff:  0.0, Sum:  0.0, Workers: 4
[10.563s][debug][gc,phases      ] GC(17)     Dead                           Min: 0, Avg:  0.0, Max: 0, Diff: 0, Sum: 0, Workers: 4
[10.563s][debug][gc,phases      ] GC(17)     Total                          Min: 0, Avg:  0.0, Max: 0, Diff: 0, Sum: 0, Workers: 4
[10.563s][debug][gc,phases      ] GC(17)   StringDedup Requests1 Weak     Min:  0.0, Avg:  0.0, Max:  0.0, Diff:  0.0, Sum:  0.0, Workers: 4
[10.563s][debug][gc,phases      ] GC(17)     Dead                           Min: 0, Avg:  0.0, Max: 0, Diff: 0, Sum: 0, Workers: 4
[10.563s][debug][gc,phases      ] GC(17)     Total                          Min: 0, Avg:  0.0, Max: 0, Diff: 0, Sum: 0, Workers: 4
[10.563s][debug][gc,phases      ] GC(17)   Weak JFR Old Object Samples    Min:  0.0, Avg:  0.0, Max:  0.0, Diff:  0.0, Sum:  0.0, Workers: 4
[10.563s][debug][gc,phases      ] GC(17)     Dead                           Min: 0, Avg:  0.0, Max: 0, Diff: 0, Sum: 0, Workers: 4
[10.563s][debug][gc,phases      ] GC(17)     Total                          Min: 0, Avg:  0.0, Max: 0, Diff: 0, Sum: 0, Workers: 4
[10.563s][debug][gc,phases      ] GC(17) Weak Processing 0.497ms
[10.563s][debug][gc,age         ] GC(17) Desired survivor size 305135616 bytes, new threshold 10 (max threshold 15)
[10.563s][info ][gc,heap        ] GC(17) PSYoungGen: 1639382K(1799680K)->13720K(1787904K) Eden: 1503232K(1503232K)->0K(1501184K) From: 136150K(296448K)->13720K(286720K)
[10.563s][info ][gc,heap        ] GC(17) ParOldGen: 62575K(106496K)->185816K(185856K)
[10.563s][info ][gc,metaspace   ] GC(17) Metaspace: 60410K(61184K)->60410K(61184K) NonClass: 51421K(51840K)->51421K(51840K) Class: 8988K(9344K)->8988K(9344K)
[10.563s][info ][gc             ] GC(17) Pause Young (Allocation Failure) 1662M->194M(1927M) 104.766ms
[10.563s][info ][gc,cpu         ] GC(17) User=0.37s Sys=0.05s Real=0.10s
[10.563s][debug][gc,phases      ] GC(18) Pre Compact 0.010ms
[10.563s][info ][gc,start       ] GC(18) Pause Full (Ergonomics)
[10.563s][info ][gc,phases,start] GC(18) Marking Phase
[10.640s][debug][gc,phases      ] GC(18) Par Mark 77.281ms
[10.640s][debug][gc,ref         ] GC(18) Skipped phase 1 of Reference Processing: no references
[10.640s][debug][gc,ref         ] GC(18) ReferenceProcessor::execute queues: 4, RefProcThreadModel::Multi, marks_oops_alive: false
[10.641s][debug][gc,ref         ] GC(18) Skipped phase 3 of Reference Processing: no references
[10.641s][debug][gc,ref         ] GC(18) ReferenceProcessor::execute queues: 1, RefProcThreadModel::Single, marks_oops_alive: false
[10.641s][debug][gc,phases      ] GC(18) Reference Processing 0.335ms
[10.641s][debug][gc,phases      ] GC(18)   VM Weak                        Min:  0.0, Avg:  0.0, Max:  0.0, Diff:  0.0, Sum:  0.0, Workers: 4
[10.641s][debug][gc,phases      ] GC(18)     Dead                           Min: 0, Avg:  0.0, Max: 0, Diff: 0, Sum: 0, Workers: 4
[10.641s][debug][gc,phases      ] GC(18)     Total                          Min: 0, Avg: 136.0, Max: 256, Diff: 256, Sum: 544, Workers: 4
[10.641s][debug][gc,phases      ] GC(18)   ObjectSynchronizer Weak        Min:  0.0, Avg:  0.0, Max:  0.0, Diff:  0.0, Sum:  0.0, Workers: 4
[10.641s][debug][gc,phases      ] GC(18)     Dead                           Min: 0, Avg:  0.0, Max: 0, Diff: 0, Sum: 0, Workers: 4
[10.641s][debug][gc,phases      ] GC(18)     Total                          Min: 64, Avg: 107.0, Max: 128, Diff: 64, Sum: 428, Workers: 4
[10.641s][debug][gc,phases      ] GC(18)   JVMTI Tag Weak OopStorage      Min:  0.0, Avg:  0.0, Max:  0.0, Diff:  0.0, Sum:  0.0, Workers: 4
[10.641s][debug][gc,phases      ] GC(18)     Dead                           Min: 0, Avg:  0.0, Max: 0, Diff: 0, Sum: 0, Workers: 4
[10.641s][debug][gc,phases      ] GC(18)     Total                          Min: 0, Avg:  0.0, Max: 0, Diff: 0, Sum: 0, Workers: 4
[10.641s][debug][gc,phases      ] GC(18)   StringTable Weak               Min:  0.1, Avg:  0.1, Max:  0.1, Diff:  0.0, Sum:  0.6, Workers: 4
[10.641s][debug][gc,phases      ] GC(18)     Dead                           Min: 0, Avg:  0.0, Max: 0, Diff: 0, Sum: 0, Workers: 4
[10.641s][debug][gc,phases      ] GC(18)     Total                          Min: 8576, Avg: 10116.0, Max: 12304, Diff: 3728, Sum: 40464, Workers: 4
[10.641s][debug][gc,phases      ] GC(18)   ResolvedMethodTable Weak       Min:  0.0, Avg:  0.0, Max:  0.0, Diff:  0.0, Sum:  0.1, Workers: 4
[10.641s][debug][gc,phases      ] GC(18)     Dead                           Min: 0, Avg:  0.0, Max: 0, Diff: 0, Sum: 0, Workers: 4
[10.641s][debug][gc,phases      ] GC(18)     Total                          Min: 1344, Avg: 1572.2, Max: 1873, Diff: 529, Sum: 6289, Workers: 4
[10.641s][debug][gc,phases      ] GC(18)   JNI Weak                       Min:  0.0, Avg:  0.0, Max:  0.0, Diff:  0.0, Sum:  0.0, Workers: 4
[10.641s][debug][gc,phases      ] GC(18)     Dead                           Min: 0, Avg:  0.0, Max: 0, Diff: 0, Sum: 0, Workers: 4
[10.641s][debug][gc,phases      ] GC(18)     Total                          Min: 0, Avg:  4.8, Max: 19, Diff: 19, Sum: 19, Workers: 4
[10.641s][debug][gc,phases      ] GC(18)   StringDedup Table Weak         Min:  0.0, Avg:  0.0, Max:  0.0, Diff:  0.0, Sum:  0.0, Workers: 4
[10.641s][debug][gc,phases      ] GC(18)     Dead                           Min: 0, Avg:  0.0, Max: 0, Diff: 0, Sum: 0, Workers: 4
[10.641s][debug][gc,phases      ] GC(18)     Total                          Min: 0, Avg:  0.0, Max: 0, Diff: 0, Sum: 0, Workers: 4
[10.641s][debug][gc,phases      ] GC(18)   StringDedup Requests0 Weak     Min:  0.0, Avg:  0.0, Max:  0.0, Diff:  0.0, Sum:  0.0, Workers: 4
[10.641s][debug][gc,phases      ] GC(18)     Dead                           Min: 0, Avg:  0.0, Max: 0, Diff: 0, Sum: 0, Workers: 4
[10.641s][debug][gc,phases      ] GC(18)     Total                          Min: 0, Avg:  0.0, Max: 0, Diff: 0, Sum: 0, Workers: 4
[10.641s][debug][gc,phases      ] GC(18)   StringDedup Requests1 Weak     Min:  0.0, Avg:  0.0, Max:  0.0, Diff:  0.0, Sum:  0.0, Workers: 4
[10.641s][debug][gc,phases      ] GC(18)     Dead                           Min: 0, Avg:  0.0, Max: 0, Diff: 0, Sum: 0, Workers: 4
[10.641s][debug][gc,phases      ] GC(18)     Total                          Min: 0, Avg:  0.0, Max: 0, Diff: 0, Sum: 0, Workers: 4
[10.641s][debug][gc,phases      ] GC(18)   Weak JFR Old Object Samples    Min:  0.0, Avg:  0.0, Max:  0.0, Diff:  0.0, Sum:  0.0, Workers: 4
[10.641s][debug][gc,phases      ] GC(18)     Dead                           Min: 0, Avg:  0.0, Max: 0, Diff: 0, Sum: 0, Workers: 4
[10.641s][debug][gc,phases      ] GC(18)     Total                          Min: 0, Avg:  0.0, Max: 0, Diff: 0, Sum: 0, Workers: 4
[10.641s][debug][gc,phases      ] GC(18) Weak Processing 0.342ms
[10.641s][debug][gc,phases      ] GC(18) ClassLoaderData 0.074ms
[10.641s][debug][gc,phases      ] GC(18) Trigger cleanups 0.000ms
[10.648s][debug][gc,phases      ] GC(18) Class Unloading 7.264ms
[10.648s][info ][gc,phases      ] GC(18) Marking Phase 85.392ms
[10.648s][info ][gc,phases,start] GC(18) Summary Phase
[10.648s][info ][gc,phases      ] GC(18) Summary Phase 0.007ms
[10.648s][info ][gc,phases,start] GC(18) Adjust Roots
[10.656s][info ][gc,phases      ] GC(18) Adjust Roots 7.721ms
[10.656s][info ][gc,phases,start] GC(18) Compaction Phase
[10.894s][info ][gc,phases      ] GC(18) Compaction Phase 237.619ms
[10.894s][info ][gc,phases,start] GC(18) Post Compact
[10.894s][info ][gc,phases      ] GC(18) Post Compact 0.493ms
[10.894s][info ][gc,heap        ] GC(18) PSYoungGen: 13720K(1787904K)->13641K(1787904K) Eden: 0K(1501184K)->0K(1501184K) From: 13720K(286720K)->13641K(286720K)
[10.894s][info ][gc,heap        ] GC(18) ParOldGen: 185816K(185856K)->185371K(282112K)
[10.894s][info ][gc,metaspace   ] GC(18) Metaspace: 60410K(61184K)->60410K(61184K) NonClass: 51421K(51840K)->51421K(51840K) Class: 8988K(9344K)->8988K(9344K)
[10.894s][info ][gc             ] GC(18) Pause Full (Ergonomics) 194M->194M(2021M) 331.498ms
[10.894s][info ][gc,cpu         ] GC(18) User=1.21s Sys=0.00s Real=0.34s
[10.894s][info ][safepoint      ] Safepoint "ParallelGCFailedAllocation", Time since last: 142095767 ns, Reaching safepoint: 217405 ns, At safepoint: 436433539 ns, Total: 436650944 ns
[11.206s][info ][gc,start       ] GC(19) Pause Young (Allocation Failure)
[11.241s][debug][gc,phases      ] GC(19) Scavenge 35.213ms
[11.241s][debug][gc,ref         ] GC(19) Skipped phase 1 of Reference Processing: no references
[11.241s][debug][gc,ref         ] GC(19) ReferenceProcessor::execute queues: 2, RefProcThreadModel::Multi, marks_oops_alive: false
[11.241s][debug][gc,ref         ] GC(19) Skipped phase 3 of Reference Processing: no references
[11.241s][debug][gc,ref         ] GC(19) ReferenceProcessor::execute queues: 1, RefProcThreadModel::Single, marks_oops_alive: false
[11.241s][debug][gc,phases      ] GC(19) Reference Processing 0.187ms
[11.242s][debug][gc,phases      ] GC(19)   VM Weak                        Min:  0.0, Avg:  0.0, Max:  0.0, Diff:  0.0, Sum:  0.0, Workers: 4
[11.242s][debug][gc,phases      ] GC(19)     Dead                           Min: 0, Avg:  0.0, Max: 0, Diff: 0, Sum: 0, Workers: 4
[11.242s][debug][gc,phases      ] GC(19)     Total                          Min: 0, Avg: 136.0, Max: 320, Diff: 320, Sum: 544, Workers: 4
[11.242s][debug][gc,phases      ] GC(19)   ObjectSynchronizer Weak        Min:  0.0, Avg:  0.0, Max:  0.0, Diff:  0.0, Sum:  0.0, Workers: 4
[11.242s][debug][gc,phases      ] GC(19)     Dead                           Min: 0, Avg:  0.0, Max: 0, Diff: 0, Sum: 0, Workers: 4
[11.242s][debug][gc,phases      ] GC(19)     Total                          Min: 44, Avg: 107.0, Max: 192, Diff: 148, Sum: 428, Workers: 4
[11.242s][debug][gc,phases      ] GC(19)   JVMTI Tag Weak OopStorage      Min:  0.0, Avg:  0.0, Max:  0.0, Diff:  0.0, Sum:  0.0, Workers: 4
[11.242s][debug][gc,phases      ] GC(19)     Dead                           Min: 0, Avg:  0.0, Max: 0, Diff: 0, Sum: 0, Workers: 4
[11.242s][debug][gc,phases      ] GC(19)     Total                          Min: 0, Avg:  0.0, Max: 0, Diff: 0, Sum: 0, Workers: 4
[11.242s][debug][gc,phases      ] GC(19)   StringTable Weak               Min:  0.1, Avg:  0.1, Max:  0.1, Diff:  0.0, Sum:  0.5, Workers: 4
[11.242s][debug][gc,phases      ] GC(19)     Dead                           Min: 0, Avg:  2.8, Max: 11, Diff: 11, Sum: 11, Workers: 4
[11.242s][debug][gc,phases      ] GC(19)     Total                          Min: 8768, Avg: 10153.5, Max: 11456, Diff: 2688, Sum: 40614, Workers: 4
[11.242s][debug][gc,phases      ] GC(19)   ResolvedMethodTable Weak       Min:  0.0, Avg:  0.0, Max:  0.0, Diff:  0.0, Sum:  0.1, Workers: 4
[11.242s][debug][gc,phases      ] GC(19)     Dead                           Min: 0, Avg:  0.0, Max: 0, Diff: 0, Sum: 0, Workers: 4
[11.242s][debug][gc,phases      ] GC(19)     Total                          Min: 1344, Avg: 1574.8, Max: 1664, Diff: 320, Sum: 6299, Workers: 4
[11.242s][debug][gc,phases      ] GC(19)   JNI Weak                       Min:  0.0, Avg:  0.0, Max:  0.0, Diff:  0.0, Sum:  0.0, Workers: 4
[11.242s][debug][gc,phases      ] GC(19)     Dead                           Min: 0, Avg:  0.0, Max: 0, Diff: 0, Sum: 0, Workers: 4
[11.242s][debug][gc,phases      ] GC(19)     Total                          Min: 0, Avg:  5.2, Max: 21, Diff: 21, Sum: 21, Workers: 4
[11.242s][debug][gc,phases      ] GC(19)   StringDedup Table Weak         Min:  0.0, Avg:  0.0, Max:  0.0, Diff:  0.0, Sum:  0.0, Workers: 4
[11.242s][debug][gc,phases      ] GC(19)     Dead                           Min: 0, Avg:  0.0, Max: 0, Diff: 0, Sum: 0, Workers: 4
[11.242s][debug][gc,phases      ] GC(19)     Total                          Min: 0, Avg:  0.0, Max: 0, Diff: 0, Sum: 0, Workers: 4
[11.242s][debug][gc,phases      ] GC(19)   StringDedup Requests0 Weak     Min:  0.0, Avg:  0.0, Max:  0.0, Diff:  0.0, Sum:  0.0, Workers: 4
[11.242s][debug][gc,phases      ] GC(19)     Dead                           Min: 0, Avg:  0.0, Max: 0, Diff: 0, Sum: 0, Workers: 4
[11.242s][debug][gc,phases      ] GC(19)     Total                          Min: 0, Avg:  0.0, Max: 0, Diff: 0, Sum: 0, Workers: 4
[11.242s][debug][gc,phases      ] GC(19)   StringDedup Requests1 Weak     Min:  0.0, Avg:  0.0, Max:  0.0, Diff:  0.0, Sum:  0.0, Workers: 4
[11.242s][debug][gc,phases      ] GC(19)     Dead                           Min: 0, Avg:  0.0, Max: 0, Diff: 0, Sum: 0, Workers: 4
[11.242s][debug][gc,phases      ] GC(19)     Total                          Min: 0, Avg:  0.0, Max: 0, Diff: 0, Sum: 0, Workers: 4
[11.242s][debug][gc,phases      ] GC(19)   Weak JFR Old Object Samples    Min:  0.0, Avg:  0.0, Max:  0.0, Diff:  0.0, Sum:  0.0, Workers: 4
[11.242s][debug][gc,phases      ] GC(19)     Dead                           Min: 0, Avg:  0.0, Max: 0, Diff: 0, Sum: 0, Workers: 4
[11.242s][debug][gc,phases      ] GC(19)     Total                          Min: 0, Avg:  0.0, Max: 0, Diff: 0, Sum: 0, Workers: 4
[11.242s][debug][gc,phases      ] GC(19) Weak Processing 0.325ms
[11.242s][debug][gc,age         ] GC(19) Desired survivor size 311427072 bytes, new threshold 11 (max threshold 15)
[11.242s][info ][gc,heap        ] GC(19) PSYoungGen: 1514825K(1787904K)->14496K(1516032K) Eden: 1501184K(1501184K)->0K(1501184K) From: 13641K(286720K)->14496K(14848K)
[11.242s][info ][gc,heap        ] GC(19) ParOldGen: 185371K(282112K)->185379K(282112K)
[11.242s][info ][gc,metaspace   ] GC(19) Metaspace: 60715K(61440K)->60715K(61440K) NonClass: 51694K(52096K)->51694K(52096K) Class: 9020K(9344K)->9020K(9344K)
[11.242s][info ][gc             ] GC(19) Pause Young (Allocation Failure) 1660M->195M(1756M) 35.859ms
[11.242s][info ][gc,cpu         ] GC(19) User=0.14s Sys=0.00s Real=0.03s
[11.242s][info ][safepoint      ] Safepoint "ParallelGCFailedAllocation", Time since last: 311233771 ns, Reaching safepoint: 232706 ns, At safepoint: 35958352 ns, Total: 36191058 ns
[11.582s][info ][gc,start       ] GC(20) Pause Young (Allocation Failure)
[11.593s][debug][gc,phases      ] GC(20) Scavenge 10.695ms
[11.593s][debug][gc,ref         ] GC(20) Skipped phase 1 of Reference Processing: no references
[11.593s][debug][gc,ref         ] GC(20) ReferenceProcessor::execute queues: 1, RefProcThreadModel::Single, marks_oops_alive: false
[11.593s][debug][gc,ref         ] GC(20) Skipped phase 3 of Reference Processing: no references
[11.593s][debug][gc,ref         ] GC(20) Skipped phase 4 of Reference Processing: no references
[11.593s][debug][gc,phases      ] GC(20) Reference Processing 0.143ms
[11.593s][debug][gc,phases      ] GC(20)   VM Weak                        Min:  0.0, Avg:  0.0, Max:  0.0, Diff:  0.0, Sum:  0.0, Workers: 4
[11.593s][debug][gc,phases      ] GC(20)     Dead                           Min: 0, Avg:  0.0, Max: 0, Diff: 0, Sum: 0, Workers: 4
[11.593s][debug][gc,phases      ] GC(20)     Total                          Min: 0, Avg: 136.0, Max: 544, Diff: 544, Sum: 544, Workers: 4
[11.593s][debug][gc,phases      ] GC(20)   ObjectSynchronizer Weak        Min:  0.0, Avg:  0.0, Max:  0.0, Diff:  0.0, Sum:  0.0, Workers: 4
[11.593s][debug][gc,phases      ] GC(20)     Dead                           Min: 0, Avg:  0.0, Max: 0, Diff: 0, Sum: 0, Workers: 4
[11.593s][debug][gc,phases      ] GC(20)     Total                          Min: 0, Avg: 107.0, Max: 320, Diff: 320, Sum: 428, Workers: 4
[11.593s][debug][gc,phases      ] GC(20)   JVMTI Tag Weak OopStorage      Min:  0.0, Avg:  0.0, Max:  0.0, Diff:  0.0, Sum:  0.0, Workers: 4
[11.593s][debug][gc,phases      ] GC(20)     Dead                           Min: 0, Avg:  0.0, Max: 0, Diff: 0, Sum: 0, Workers: 4
[11.593s][debug][gc,phases      ] GC(20)     Total                          Min: 0, Avg:  0.0, Max: 0, Diff: 0, Sum: 0, Workers: 4
[11.593s][debug][gc,phases      ] GC(20)   StringTable Weak               Min:  0.1, Avg:  0.1, Max:  0.1, Diff:  0.0, Sum:  0.4, Workers: 4
[11.593s][debug][gc,phases      ] GC(20)     Dead                           Min: 0, Avg:  2.8, Max: 11, Diff: 11, Sum: 11, Workers: 4
[11.593s][debug][gc,phases      ] GC(20)     Total                          Min: 8768, Avg: 10155.0, Max: 10933, Diff: 2165, Sum: 40620, Workers: 4
[11.593s][debug][gc,phases      ] GC(20)   ResolvedMethodTable Weak       Min:  0.0, Avg:  0.0, Max:  0.0, Diff:  0.0, Sum:  0.1, Workers: 4
[11.593s][debug][gc,phases      ] GC(20)     Dead                           Min: 0, Avg:  0.0, Max: 0, Diff: 0, Sum: 0, Workers: 4
[11.593s][debug][gc,phases      ] GC(20)     Total                          Min: 1344, Avg: 1574.8, Max: 1883, Diff: 539, Sum: 6299, Workers: 4
[11.593s][debug][gc,phases      ] GC(20)   JNI Weak                       Min:  0.0, Avg:  0.0, Max:  0.0, Diff:  0.0, Sum:  0.0, Workers: 4
[11.593s][debug][gc,phases      ] GC(20)     Dead                           Min: 0, Avg:  0.0, Max: 0, Diff: 0, Sum: 0, Workers: 4
[11.593s][debug][gc,phases      ] GC(20)     Total                          Min: 0, Avg:  4.8, Max: 19, Diff: 19, Sum: 19, Workers: 4
[11.593s][debug][gc,phases      ] GC(20)   StringDedup Table Weak         Min:  0.0, Avg:  0.0, Max:  0.0, Diff:  0.0, Sum:  0.0, Workers: 4
[11.593s][debug][gc,phases      ] GC(20)     Dead                           Min: 0, Avg:  0.0, Max: 0, Diff: 0, Sum: 0, Workers: 4
[11.593s][debug][gc,phases      ] GC(20)     Total                          Min: 0, Avg:  0.0, Max: 0, Diff: 0, Sum: 0, Workers: 4
[11.593s][debug][gc,phases      ] GC(20)   StringDedup Requests0 Weak     Min:  0.0, Avg:  0.0, Max:  0.0, Diff:  0.0, Sum:  0.0, Workers: 4
[11.593s][debug][gc,phases      ] GC(20)     Dead                           Min: 0, Avg:  0.0, Max: 0, Diff: 0, Sum: 0, Workers: 4
[11.593s][debug][gc,phases      ] GC(20)     Total                          Min: 0, Avg:  0.0, Max: 0, Diff: 0, Sum: 0, Workers: 4
[11.593s][debug][gc,phases      ] GC(20)   StringDedup Requests1 Weak     Min:  0.0, Avg:  0.0, Max:  0.0, Diff:  0.0, Sum:  0.0, Workers: 4
[11.593s][debug][gc,phases      ] GC(20)     Dead                           Min: 0, Avg:  0.0, Max: 0, Diff: 0, Sum: 0, Workers: 4
[11.593s][debug][gc,phases      ] GC(20)     Total                          Min: 0, Avg:  0.0, Max: 0, Diff: 0, Sum: 0, Workers: 4
[11.593s][debug][gc,phases      ] GC(20)   Weak JFR Old Object Samples    Min:  0.0, Avg:  0.0, Max:  0.0, Diff:  0.0, Sum:  0.0, Workers: 4
[11.593s][debug][gc,phases      ] GC(20)     Dead                           Min: 0, Avg:  0.0, Max: 0, Diff: 0, Sum: 0, Workers: 4
[11.593s][debug][gc,phases      ] GC(20)     Total                          Min: 0, Avg:  0.0, Max: 0, Diff: 0, Sum: 0, Workers: 4
[11.593s][debug][gc,phases      ] GC(20) Weak Processing 0.327ms
[11.593s][debug][gc,age         ] GC(20) Desired survivor size 313524224 bytes, new threshold 12 (max threshold 15)
[11.593s][info ][gc,heap        ] GC(20) PSYoungGen: 1515680K(1516032K)->17216K(1788928K) Eden: 1501184K(1501184K)->0K(1484800K) From: 14496K(14848K)->17216K(304128K)
[11.593s][info ][gc,heap        ] GC(20) ParOldGen: 185379K(282112K)->185379K(282112K)
[11.593s][info ][gc,metaspace   ] GC(20) Metaspace: 60741K(61504K)->60741K(61504K) NonClass: 51719K(52160K)->51719K(52160K) Class: 9022K(9344K)->9022K(9344K)
[11.593s][info ][gc             ] GC(20) Pause Young (Allocation Failure) 1661M->197M(2022M) 11.315ms
[11.593s][info ][gc,cpu         ] GC(20) User=0.04s Sys=0.00s Real=0.02s
[11.593s][info ][safepoint      ] Safepoint "ParallelGCFailedAllocation", Time since last: 339834948 ns, Reaching safepoint: 252906 ns, At safepoint: 11423571 ns, Total: 11676477 ns
[11.758s][info ][safepoint      ] Safepoint "ICBufferFull", Time since last: 164225489 ns, Reaching safepoint: 220505 ns, At safepoint: 29701 ns, Total: 250206 ns
[11.875s][info ][gc,start       ] GC(21) Pause Young (Allocation Failure)
[11.887s][debug][gc,phases      ] GC(21) Scavenge 11.604ms
[11.887s][debug][gc,ref         ] GC(21) Skipped phase 1 of Reference Processing: no references
[11.887s][debug][gc,ref         ] GC(21) ReferenceProcessor::execute queues: 1, RefProcThreadModel::Single, marks_oops_alive: false
[11.887s][debug][gc,ref         ] GC(21) Skipped phase 3 of Reference Processing: no references
[11.887s][debug][gc,ref         ] GC(21) Skipped phase 4 of Reference Processing: no references
[11.887s][debug][gc,phases      ] GC(21) Reference Processing 0.157ms
[11.887s][debug][gc,phases      ] GC(21)   VM Weak                        Min:  0.0, Avg:  0.0, Max:  0.0, Diff:  0.0, Sum:  0.0, Workers: 4
[11.887s][debug][gc,phases      ] GC(21)     Dead                           Min: 0, Avg:  0.0, Max: 0, Diff: 0, Sum: 0, Workers: 4
[11.887s][debug][gc,phases      ] GC(21)     Total                          Min: 0, Avg: 136.0, Max: 288, Diff: 288, Sum: 544, Workers: 4
[11.887s][debug][gc,phases      ] GC(21)   ObjectSynchronizer Weak        Min:  0.0, Avg:  0.0, Max:  0.0, Diff:  0.0, Sum:  0.0, Workers: 4
[11.887s][debug][gc,phases      ] GC(21)     Dead                           Min: 0, Avg:  0.0, Max: 0, Diff: 0, Sum: 0, Workers: 4
[11.887s][debug][gc,phases      ] GC(21)     Total                          Min: 0, Avg: 107.0, Max: 236, Diff: 236, Sum: 428, Workers: 4
[11.887s][debug][gc,phases      ] GC(21)   JVMTI Tag Weak OopStorage      Min:  0.0, Avg:  0.0, Max:  0.0, Diff:  0.0, Sum:  0.0, Workers: 4
[11.887s][debug][gc,phases      ] GC(21)     Dead                           Min: 0, Avg:  0.0, Max: 0, Diff: 0, Sum: 0, Workers: 4
[11.887s][debug][gc,phases      ] GC(21)     Total                          Min: 0, Avg:  0.0, Max: 0, Diff: 0, Sum: 0, Workers: 4
[11.887s][debug][gc,phases      ] GC(21)   StringTable Weak               Min:  0.1, Avg:  0.1, Max:  0.1, Diff:  0.0, Sum:  0.5, Workers: 4
[11.887s][debug][gc,phases      ] GC(21)     Dead                           Min: 0, Avg:  0.0, Max: 0, Diff: 0, Sum: 0, Workers: 4
[11.887s][debug][gc,phases      ] GC(21)     Total                          Min: 9482, Avg: 10162.5, Max: 11328, Diff: 1846, Sum: 40650, Workers: 4
[11.887s][debug][gc,phases      ] GC(21)   ResolvedMethodTable Weak       Min:  0.0, Avg:  0.0, Max:  0.0, Diff:  0.0, Sum:  0.1, Workers: 4
[11.887s][debug][gc,phases      ] GC(21)     Dead                           Min: 0, Avg:  0.0, Max: 0, Diff: 0, Sum: 0, Workers: 4
[11.887s][debug][gc,phases      ] GC(21)     Total                          Min: 896, Avg: 1574.8, Max: 2048, Diff: 1152, Sum: 6299, Workers: 4
[11.887s][debug][gc,phases      ] GC(21)   JNI Weak                       Min:  0.0, Avg:  0.0, Max:  0.0, Diff:  0.0, Sum:  0.0, Workers: 4
[11.887s][debug][gc,phases      ] GC(21)     Dead                           Min: 0, Avg:  0.0, Max: 0, Diff: 0, Sum: 0, Workers: 4
[11.887s][debug][gc,phases      ] GC(21)     Total                          Min: 0, Avg:  1.2, Max: 5, Diff: 5, Sum: 5, Workers: 4
[11.887s][debug][gc,phases      ] GC(21)   StringDedup Table Weak         Min:  0.0, Avg:  0.0, Max:  0.0, Diff:  0.0, Sum:  0.0, Workers: 4
[11.887s][debug][gc,phases      ] GC(21)     Dead                           Min: 0, Avg:  0.0, Max: 0, Diff: 0, Sum: 0, Workers: 4
[11.887s][debug][gc,phases      ] GC(21)     Total                          Min: 0, Avg:  0.0, Max: 0, Diff: 0, Sum: 0, Workers: 4
[11.887s][debug][gc,phases      ] GC(21)   StringDedup Requests0 Weak     Min:  0.0, Avg:  0.0, Max:  0.0, Diff:  0.0, Sum:  0.0, Workers: 4
[11.887s][debug][gc,phases      ] GC(21)     Dead                           Min: 0, Avg:  0.0, Max: 0, Diff: 0, Sum: 0, Workers: 4
[11.887s][debug][gc,phases      ] GC(21)     Total                          Min: 0, Avg:  0.0, Max: 0, Diff: 0, Sum: 0, Workers: 4
[11.887s][debug][gc,phases      ] GC(21)   StringDedup Requests1 Weak     Min:  0.0, Avg:  0.0, Max:  0.0, Diff:  0.0, Sum:  0.0, Workers: 4
[11.887s][debug][gc,phases      ] GC(21)     Dead                           Min: 0, Avg:  0.0, Max: 0, Diff: 0, Sum: 0, Workers: 4
[11.887s][debug][gc,phases      ] GC(21)     Total                          Min: 0, Avg:  0.0, Max: 0, Diff: 0, Sum: 0, Workers: 4
[11.887s][debug][gc,phases      ] GC(21)   Weak JFR Old Object Samples    Min:  0.0, Avg:  0.0, Max:  0.0, Diff:  0.0, Sum:  0.0, Workers: 4
[11.887s][debug][gc,phases      ] GC(21)     Dead                           Min: 0, Avg:  0.0, Max: 0, Diff: 0, Sum: 0, Workers: 4
[11.887s][debug][gc,phases      ] GC(21)     Total                          Min: 0, Avg:  0.0, Max: 0, Diff: 0, Sum: 0, Workers: 4
[11.887s][debug][gc,phases      ] GC(21) Weak Processing 0.342ms
[11.887s][debug][gc,age         ] GC(21) Desired survivor size 311427072 bytes, new threshold 13 (max threshold 15)
[11.887s][info ][gc,heap        ] GC(21) PSYoungGen: 1502016K(1788928K)->20320K(1790976K) Eden: 1484800K(1484800K)->0K(1484800K) From: 17216K(304128K)->20320K(306176K)
[11.887s][info ][gc,heap        ] GC(21) ParOldGen: 185379K(282112K)->185379K(282112K)
[11.887s][info ][gc,metaspace   ] GC(21) Metaspace: 60749K(61504K)->60749K(61504K) NonClass: 51725K(52160K)->51725K(52160K) Class: 9023K(9344K)->9023K(9344K)
[11.887s][info ][gc             ] GC(21) Pause Young (Allocation Failure) 1647M->200M(2024M) 12.240ms
[11.887s][info ][gc,cpu         ] GC(21) User=0.04s Sys=0.00s Real=0.01s
[11.887s][info ][safepoint      ] Safepoint "ParallelGCFailedAllocation", Time since last: 116913367 ns, Reaching safepoint: 195005 ns, At safepoint: 12340792 ns, Total: 12535797 ns
[12.164s][info ][gc,start       ] GC(22) Pause Young (Allocation Failure)
[12.177s][debug][gc,phases      ] GC(22) Scavenge 13.160ms
[12.177s][debug][gc,ref         ] GC(22) Skipped phase 1 of Reference Processing: no references
[12.177s][debug][gc,ref         ] GC(22) ReferenceProcessor::execute queues: 1, RefProcThreadModel::Single, marks_oops_alive: false
[12.177s][debug][gc,ref         ] GC(22) Skipped phase 3 of Reference Processing: no references
[12.177s][debug][gc,ref         ] GC(22) Skipped phase 4 of Reference Processing: no references
[12.177s][debug][gc,phases      ] GC(22) Reference Processing 0.159ms
[12.177s][debug][gc,phases      ] GC(22)   VM Weak                        Min:  0.0, Avg:  0.0, Max:  0.0, Diff:  0.0, Sum:  0.0, Workers: 4
[12.177s][debug][gc,phases      ] GC(22)     Dead                           Min: 0, Avg:  0.0, Max: 0, Diff: 0, Sum: 0, Workers: 4
[12.177s][debug][gc,phases      ] GC(22)     Total                          Min: 0, Avg: 136.0, Max: 544, Diff: 544, Sum: 544, Workers: 4
[12.177s][debug][gc,phases      ] GC(22)   ObjectSynchronizer Weak        Min:  0.0, Avg:  0.0, Max:  0.0, Diff:  0.0, Sum:  0.0, Workers: 4
[12.177s][debug][gc,phases      ] GC(22)     Dead                           Min: 0, Avg:  0.0, Max: 0, Diff: 0, Sum: 0, Workers: 4
[12.177s][debug][gc,phases      ] GC(22)     Total                          Min: 0, Avg: 107.0, Max: 236, Diff: 236, Sum: 428, Workers: 4
[12.177s][debug][gc,phases      ] GC(22)   JVMTI Tag Weak OopStorage      Min:  0.0, Avg:  0.0, Max:  0.0, Diff:  0.0, Sum:  0.0, Workers: 4
[12.177s][debug][gc,phases      ] GC(22)     Dead                           Min: 0, Avg:  0.0, Max: 0, Diff: 0, Sum: 0, Workers: 4
[12.177s][debug][gc,phases      ] GC(22)     Total                          Min: 0, Avg:  0.0, Max: 0, Diff: 0, Sum: 0, Workers: 4
[12.177s][debug][gc,phases      ] GC(22)   StringTable Weak               Min:  0.1, Avg:  0.1, Max:  0.1, Diff:  0.0, Sum:  0.4, Workers: 4
[12.177s][debug][gc,phases      ] GC(22)     Dead                           Min: 0, Avg:  2.8, Max: 11, Diff: 11, Sum: 11, Workers: 4
[12.177s][debug][gc,phases      ] GC(22)     Total                          Min: 9408, Avg: 10164.5, Max: 10845, Diff: 1437, Sum: 40658, Workers: 4
[12.177s][debug][gc,phases      ] GC(22)   ResolvedMethodTable Weak       Min:  0.0, Avg:  0.0, Max:  0.0, Diff:  0.0, Sum:  0.1, Workers: 4
[12.177s][debug][gc,phases      ] GC(22)     Dead                           Min: 0, Avg:  0.0, Max: 0, Diff: 0, Sum: 0, Workers: 4
[12.177s][debug][gc,phases      ] GC(22)     Total                          Min: 896, Avg: 1574.8, Max: 2048, Diff: 1152, Sum: 6299, Workers: 4
[12.177s][debug][gc,phases      ] GC(22)   JNI Weak                       Min:  0.0, Avg:  0.0, Max:  0.0, Diff:  0.0, Sum:  0.0, Workers: 4
[12.177s][debug][gc,phases      ] GC(22)     Dead                           Min: 0, Avg:  0.0, Max: 0, Diff: 0, Sum: 0, Workers: 4
[12.177s][debug][gc,phases      ] GC(22)     Total                          Min: 0, Avg:  2.8, Max: 11, Diff: 11, Sum: 11, Workers: 4
[12.177s][debug][gc,phases      ] GC(22)   StringDedup Table Weak         Min:  0.0, Avg:  0.0, Max:  0.0, Diff:  0.0, Sum:  0.0, Workers: 4
[12.177s][debug][gc,phases      ] GC(22)     Dead                           Min: 0, Avg:  0.0, Max: 0, Diff: 0, Sum: 0, Workers: 4
[12.177s][debug][gc,phases      ] GC(22)     Total                          Min: 0, Avg:  0.0, Max: 0, Diff: 0, Sum: 0, Workers: 4
[12.177s][debug][gc,phases      ] GC(22)   StringDedup Requests0 Weak     Min:  0.0, Avg:  0.0, Max:  0.0, Diff:  0.0, Sum:  0.0, Workers: 4
[12.177s][debug][gc,phases      ] GC(22)     Dead                           Min: 0, Avg:  0.0, Max: 0, Diff: 0, Sum: 0, Workers: 4
[12.177s][debug][gc,phases      ] GC(22)     Total                          Min: 0, Avg:  0.0, Max: 0, Diff: 0, Sum: 0, Workers: 4
[12.177s][debug][gc,phases      ] GC(22)   StringDedup Requests1 Weak     Min:  0.0, Avg:  0.0, Max:  0.0, Diff:  0.0, Sum:  0.0, Workers: 4
[12.177s][debug][gc,phases      ] GC(22)     Dead                           Min: 0, Avg:  0.0, Max: 0, Diff: 0, Sum: 0, Workers: 4
[12.177s][debug][gc,phases      ] GC(22)     Total                          Min: 0, Avg:  0.0, Max: 0, Diff: 0, Sum: 0, Workers: 4
[12.177s][debug][gc,phases      ] GC(22)   Weak JFR Old Object Samples    Min:  0.0, Avg:  0.0, Max:  0.0, Diff:  0.0, Sum:  0.0, Workers: 4
[12.177s][debug][gc,phases      ] GC(22)     Dead                           Min: 0, Avg:  0.0, Max: 0, Diff: 0, Sum: 0, Workers: 4
[12.177s][debug][gc,phases      ] GC(22)     Total                          Min: 0, Avg:  0.0, Max: 0, Diff: 0, Sum: 0, Workers: 4
[12.177s][debug][gc,phases      ] GC(22) Weak Processing 0.333ms
[12.177s][debug][gc,age         ] GC(22) Desired survivor size 306184192 bytes, new threshold 14 (max threshold 15)
[12.177s][info ][gc,heap        ] GC(22) PSYoungGen: 1505120K(1790976K)->25057K(1798144K) Eden: 1484800K(1484800K)->0K(1494016K) From: 20320K(306176K)->25057K(304128K)
[12.177s][info ][gc,heap        ] GC(22) ParOldGen: 185379K(282112K)->185379K(282112K)
[12.177s][info ][gc,metaspace   ] GC(22) Metaspace: 60767K(61504K)->60767K(61504K) NonClass: 51742K(52160K)->51742K(52160K) Class: 9024K(9344K)->9024K(9344K)
[12.177s][info ][gc             ] GC(22) Pause Young (Allocation Failure) 1650M->205M(2031M) 13.790ms
[12.177s][info ][gc,cpu         ] GC(22) User=0.06s Sys=0.00s Real=0.01s
[12.177s][info ][safepoint      ] Safepoint "ParallelGCFailedAllocation", Time since last: 275986434 ns, Reaching safepoint: 166404 ns, At safepoint: 13903829 ns, Total: 14070233 ns
[12.508s][info ][gc,start       ] GC(23) Pause Young (Allocation Failure)
[12.521s][debug][gc,phases      ] GC(23) Scavenge 13.409ms
[12.521s][debug][gc,ref         ] GC(23) Skipped phase 1 of Reference Processing: no references
[12.521s][debug][gc,ref         ] GC(23) ReferenceProcessor::execute queues: 1, RefProcThreadModel::Single, marks_oops_alive: false
[12.521s][debug][gc,ref         ] GC(23) Skipped phase 3 of Reference Processing: no references
[12.521s][debug][gc,ref         ] GC(23) ReferenceProcessor::execute queues: 1, RefProcThreadModel::Single, marks_oops_alive: false
[12.521s][debug][gc,phases      ] GC(23) Reference Processing 0.163ms
[12.522s][debug][gc,phases      ] GC(23)   VM Weak                        Min:  0.0, Avg:  0.0, Max:  0.0, Diff:  0.0, Sum:  0.0, Workers: 4
[12.522s][debug][gc,phases      ] GC(23)     Dead                           Min: 0, Avg:  0.0, Max: 0, Diff: 0, Sum: 0, Workers: 4
[12.522s][debug][gc,phases      ] GC(23)     Total                          Min: 0, Avg: 137.2, Max: 549, Diff: 549, Sum: 549, Workers: 4
[12.522s][debug][gc,phases      ] GC(23)   ObjectSynchronizer Weak        Min:  0.0, Avg:  0.0, Max:  0.0, Diff:  0.0, Sum:  0.0, Workers: 4
[12.522s][debug][gc,phases      ] GC(23)     Dead                           Min: 0, Avg:  0.0, Max: 0, Diff: 0, Sum: 0, Workers: 4
[12.522s][debug][gc,phases      ] GC(23)     Total                          Min: 0, Avg: 107.0, Max: 364, Diff: 364, Sum: 428, Workers: 4
[12.522s][debug][gc,phases      ] GC(23)   JVMTI Tag Weak OopStorage      Min:  0.0, Avg:  0.0, Max:  0.0, Diff:  0.0, Sum:  0.0, Workers: 4
[12.522s][debug][gc,phases      ] GC(23)     Dead                           Min: 0, Avg:  0.0, Max: 0, Diff: 0, Sum: 0, Workers: 4
[12.522s][debug][gc,phases      ] GC(23)     Total                          Min: 0, Avg:  0.0, Max: 0, Diff: 0, Sum: 0, Workers: 4
[12.522s][debug][gc,phases      ] GC(23)   StringTable Weak               Min:  0.1, Avg:  0.1, Max:  0.1, Diff:  0.0, Sum:  0.4, Workers: 4
[12.522s][debug][gc,phases      ] GC(23)     Dead                           Min: 0, Avg:  4.2, Max: 12, Diff: 12, Sum: 17, Workers: 4
[12.522s][debug][gc,phases      ] GC(23)     Total                          Min: 8850, Avg: 10193.8, Max: 12853, Diff: 4003, Sum: 40775, Workers: 4
[12.522s][debug][gc,phases      ] GC(23)   ResolvedMethodTable Weak       Min:  0.0, Avg:  0.0, Max:  0.0, Diff:  0.0, Sum:  0.1, Workers: 4
[12.522s][debug][gc,phases      ] GC(23)     Dead                           Min: 0, Avg:  6.2, Max: 16, Diff: 16, Sum: 25, Workers: 4
[12.522s][debug][gc,phases      ] GC(23)     Total                          Min: 1058, Avg: 1592.2, Max: 2111, Diff: 1053, Sum: 6369, Workers: 4
[12.522s][debug][gc,phases      ] GC(23)   JNI Weak                       Min:  0.0, Avg:  0.0, Max:  0.0, Diff:  0.0, Sum:  0.0, Workers: 4
[12.522s][debug][gc,phases      ] GC(23)     Dead                           Min: 0, Avg:  0.0, Max: 0, Diff: 0, Sum: 0, Workers: 4
[12.522s][debug][gc,phases      ] GC(23)     Total                          Min: 0, Avg:  0.0, Max: 0, Diff: 0, Sum: 0, Workers: 4
[12.522s][debug][gc,phases      ] GC(23)   StringDedup Table Weak         Min:  0.0, Avg:  0.0, Max:  0.0, Diff:  0.0, Sum:  0.0, Workers: 4
[12.522s][debug][gc,phases      ] GC(23)     Dead                           Min: 0, Avg:  0.0, Max: 0, Diff: 0, Sum: 0, Workers: 4
[12.522s][debug][gc,phases      ] GC(23)     Total                          Min: 0, Avg:  0.0, Max: 0, Diff: 0, Sum: 0, Workers: 4
[12.522s][debug][gc,phases      ] GC(23)   StringDedup Requests0 Weak     Min:  0.0, Avg:  0.0, Max:  0.0, Diff:  0.0, Sum:  0.0, Workers: 4
[12.522s][debug][gc,phases      ] GC(23)     Dead                           Min: 0, Avg:  0.0, Max: 0, Diff: 0, Sum: 0, Workers: 4
[12.522s][debug][gc,phases      ] GC(23)     Total                          Min: 0, Avg:  0.0, Max: 0, Diff: 0, Sum: 0, Workers: 4
[12.522s][debug][gc,phases      ] GC(23)   StringDedup Requests1 Weak     Min:  0.0, Avg:  0.0, Max:  0.0, Diff:  0.0, Sum:  0.0, Workers: 4
[12.522s][debug][gc,phases      ] GC(23)     Dead                           Min: 0, Avg:  0.0, Max: 0, Diff: 0, Sum: 0, Workers: 4
[12.522s][debug][gc,phases      ] GC(23)     Total                          Min: 0, Avg:  0.0, Max: 0, Diff: 0, Sum: 0, Workers: 4
[12.522s][debug][gc,phases      ] GC(23)   Weak JFR Old Object Samples    Min:  0.0, Avg:  0.0, Max:  0.0, Diff:  0.0, Sum:  0.0, Workers: 4
[12.522s][debug][gc,phases      ] GC(23)     Dead                           Min: 0, Avg:  0.0, Max: 0, Diff: 0, Sum: 0, Workers: 4
[12.522s][debug][gc,phases      ] GC(23)     Total                          Min: 0, Avg:  0.0, Max: 0, Diff: 0, Sum: 0, Workers: 4
[12.522s][debug][gc,phases      ] GC(23) Weak Processing 0.327ms
[12.522s][debug][gc,age         ] GC(23) Desired survivor size 298844160 bytes, new threshold 15 (max threshold 15)
[12.522s][info ][gc,heap        ] GC(23) PSYoungGen: 1519073K(1798144K)->25653K(1793024K) Eden: 1494016K(1494016K)->0K(1494016K) From: 25057K(304128K)->25653K(299008K)
[12.522s][info ][gc,heap        ] GC(23) ParOldGen: 185379K(282112K)->185387K(282112K)
[12.522s][info ][gc,metaspace   ] GC(23) Metaspace: 61319K(62080K)->61319K(62080K) NonClass: 52227K(52672K)->52227K(52672K) Class: 9091K(9408K)->9091K(9408K)
[12.522s][info ][gc             ] GC(23) Pause Young (Allocation Failure) 1664M->206M(2026M) 14.040ms
[12.522s][info ][gc,cpu         ] GC(23) User=0.07s Sys=0.00s Real=0.01s
[12.522s][info ][safepoint      ] Safepoint "ParallelGCFailedAllocation", Time since last: 330100114 ns, Reaching safepoint: 192305 ns, At safepoint: 14150735 ns, Total: 14343040 ns
[12.859s][info ][gc,start       ] GC(24) Pause Young (Allocation Failure)
[12.872s][debug][gc,phases      ] GC(24) Scavenge 12.852ms
[12.872s][debug][gc,ref         ] GC(24) Skipped phase 1 of Reference Processing: no references
[12.872s][debug][gc,ref         ] GC(24) ReferenceProcessor::execute queues: 1, RefProcThreadModel::Single, marks_oops_alive: false
[12.872s][debug][gc,ref         ] GC(24) Skipped phase 3 of Reference Processing: no references
[12.872s][debug][gc,ref         ] GC(24) ReferenceProcessor::execute queues: 1, RefProcThreadModel::Single, marks_oops_alive: false
[12.872s][debug][gc,phases      ] GC(24) Reference Processing 0.160ms
[12.872s][debug][gc,phases      ] GC(24)   VM Weak                        Min:  0.0, Avg:  0.0, Max:  0.0, Diff:  0.0, Sum:  0.0, Workers: 4
[12.872s][debug][gc,phases      ] GC(24)     Dead                           Min: 0, Avg:  0.0, Max: 0, Diff: 0, Sum: 0, Workers: 4
[12.872s][debug][gc,phases      ] GC(24)     Total                          Min: 0, Avg: 137.2, Max: 320, Diff: 320, Sum: 549, Workers: 4
[12.872s][debug][gc,phases      ] GC(24)   ObjectSynchronizer Weak        Min:  0.0, Avg:  0.0, Max:  0.0, Diff:  0.0, Sum:  0.0, Workers: 4
[12.872s][debug][gc,phases      ] GC(24)     Dead                           Min: 0, Avg:  0.0, Max: 0, Diff: 0, Sum: 0, Workers: 4
[12.872s][debug][gc,phases      ] GC(24)     Total                          Min: 0, Avg: 107.0, Max: 256, Diff: 256, Sum: 428, Workers: 4
[12.872s][debug][gc,phases      ] GC(24)   JVMTI Tag Weak OopStorage      Min:  0.0, Avg:  0.0, Max:  0.0, Diff:  0.0, Sum:  0.0, Workers: 4
[12.872s][debug][gc,phases      ] GC(24)     Dead                           Min: 0, Avg:  0.0, Max: 0, Diff: 0, Sum: 0, Workers: 4
[12.872s][debug][gc,phases      ] GC(24)     Total                          Min: 0, Avg:  0.0, Max: 0, Diff: 0, Sum: 0, Workers: 4
[12.872s][debug][gc,phases      ] GC(24)   StringTable Weak               Min:  0.1, Avg:  0.1, Max:  0.1, Diff:  0.0, Sum:  0.5, Workers: 4
[12.872s][debug][gc,phases      ] GC(24)     Dead                           Min: 0, Avg:  0.2, Max: 1, Diff: 1, Sum: 1, Workers: 4
[12.872s][debug][gc,phases      ] GC(24)     Total                          Min: 10112, Avg: 10441.8, Max: 10983, Diff: 871, Sum: 41767, Workers: 4
[12.872s][debug][gc,phases      ] GC(24)   ResolvedMethodTable Weak       Min:  0.0, Avg:  0.0, Max:  0.0, Diff:  0.0, Sum:  0.1, Workers: 4
[12.872s][debug][gc,phases      ] GC(24)     Dead                           Min: 1, Avg: 23.0, Max: 57, Diff: 56, Sum: 92, Workers: 4
[12.872s][debug][gc,phases      ] GC(24)     Total                          Min: 1464, Avg: 1613.2, Max: 1727, Diff: 263, Sum: 6453, Workers: 4
[12.872s][debug][gc,phases      ] GC(24)   JNI Weak                       Min:  0.0, Avg:  0.0, Max:  0.0, Diff:  0.0, Sum:  0.0, Workers: 4
[12.872s][debug][gc,phases      ] GC(24)     Dead                           Min: 0, Avg:  0.0, Max: 0, Diff: 0, Sum: 0, Workers: 4
[12.872s][debug][gc,phases      ] GC(24)     Total                          Min: 0, Avg:  0.0, Max: 0, Diff: 0, Sum: 0, Workers: 4
[12.872s][debug][gc,phases      ] GC(24)   StringDedup Table Weak         Min:  0.0, Avg:  0.0, Max:  0.0, Diff:  0.0, Sum:  0.0, Workers: 4
[12.872s][debug][gc,phases      ] GC(24)     Dead                           Min: 0, Avg:  0.0, Max: 0, Diff: 0, Sum: 0, Workers: 4
[12.872s][debug][gc,phases      ] GC(24)     Total                          Min: 0, Avg:  0.0, Max: 0, Diff: 0, Sum: 0, Workers: 4
[12.872s][debug][gc,phases      ] GC(24)   StringDedup Requests0 Weak     Min:  0.0, Avg:  0.0, Max:  0.0, Diff:  0.0, Sum:  0.0, Workers: 4
[12.872s][debug][gc,phases      ] GC(24)     Dead                           Min: 0, Avg:  0.0, Max: 0, Diff: 0, Sum: 0, Workers: 4
[12.872s][debug][gc,phases      ] GC(24)     Total                          Min: 0, Avg:  0.0, Max: 0, Diff: 0, Sum: 0, Workers: 4
[12.872s][debug][gc,phases      ] GC(24)   StringDedup Requests1 Weak     Min:  0.0, Avg:  0.0, Max:  0.0, Diff:  0.0, Sum:  0.0, Workers: 4
[12.872s][debug][gc,phases      ] GC(24)     Dead                           Min: 0, Avg:  0.0, Max: 0, Diff: 0, Sum: 0, Workers: 4
[12.872s][debug][gc,phases      ] GC(24)     Total                          Min: 0, Avg:  0.0, Max: 0, Diff: 0, Sum: 0, Workers: 4
[12.872s][debug][gc,phases      ] GC(24)   Weak JFR Old Object Samples    Min:  0.0, Avg:  0.0, Max:  0.0, Diff:  0.0, Sum:  0.0, Workers: 4
[12.872s][debug][gc,phases      ] GC(24)     Dead                           Min: 0, Avg:  0.0, Max: 0, Diff: 0, Sum: 0, Workers: 4
[12.872s][debug][gc,phases      ] GC(24)     Total                          Min: 0, Avg:  0.0, Max: 0, Diff: 0, Sum: 0, Workers: 4
[12.872s][debug][gc,phases      ] GC(24) Weak Processing 0.357ms
[12.872s][debug][gc,age         ] GC(24) Desired survivor size 289931264 bytes, new threshold 15 (max threshold 15)
[12.872s][info ][gc,heap        ] GC(24) PSYoungGen: 1519669K(1793024K)->26822K(1814016K) Eden: 1494016K(1494016K)->0K(1522176K) From: 25653K(299008K)->26822K(291840K)
[12.872s][info ][gc,heap        ] GC(24) ParOldGen: 185387K(282112K)->185395K(282112K)
[12.872s][info ][gc,metaspace   ] GC(24) Metaspace: 63950K(64640K)->63950K(64640K) NonClass: 54543K(54912K)->54543K(54912K) Class: 9406K(9728K)->9406K(9728K)
[12.872s][info ][gc             ] GC(24) Pause Young (Allocation Failure) 1665M->207M(2047M) 13.512ms
[12.872s][info ][gc,cpu         ] GC(24) User=0.05s Sys=0.01s Real=0.02s
[12.872s][info ][safepoint      ] Safepoint "ParallelGCFailedAllocation", Time since last: 336918674 ns, Reaching safepoint: 142304 ns, At safepoint: 13615622 ns, Total: 13757926 ns
[13.225s][info ][gc,start       ] GC(25) Pause Young (Allocation Failure)
[13.247s][debug][gc,phases      ] GC(25) Scavenge 22.175ms
[13.247s][debug][gc,ref         ] GC(25) Skipped phase 1 of Reference Processing: no references
[13.247s][debug][gc,ref         ] GC(25) ReferenceProcessor::execute queues: 1, RefProcThreadModel::Single, marks_oops_alive: false
[13.247s][debug][gc,ref         ] GC(25) Skipped phase 3 of Reference Processing: no references
[13.247s][debug][gc,ref         ] GC(25) ReferenceProcessor::execute queues: 1, RefProcThreadModel::Single, marks_oops_alive: false
[13.247s][debug][gc,phases      ] GC(25) Reference Processing 0.225ms
[13.247s][debug][gc,phases      ] GC(25)   VM Weak                        Min:  0.0, Avg:  0.0, Max:  0.0, Diff:  0.0, Sum:  0.0, Workers: 4
[13.247s][debug][gc,phases      ] GC(25)     Dead                           Min: 0, Avg:  0.0, Max: 0, Diff: 0, Sum: 0, Workers: 4
[13.247s][debug][gc,phases      ] GC(25)     Total                          Min: 0, Avg: 142.8, Max: 512, Diff: 512, Sum: 571, Workers: 4
[13.247s][debug][gc,phases      ] GC(25)   ObjectSynchronizer Weak        Min:  0.0, Avg:  0.0, Max:  0.0, Diff:  0.0, Sum:  0.0, Workers: 4
[13.247s][debug][gc,phases      ] GC(25)     Dead                           Min: 0, Avg:  0.0, Max: 0, Diff: 0, Sum: 0, Workers: 4
[13.247s][debug][gc,phases      ] GC(25)     Total                          Min: 0, Avg: 107.2, Max: 301, Diff: 301, Sum: 429, Workers: 4
[13.247s][debug][gc,phases      ] GC(25)   JVMTI Tag Weak OopStorage      Min:  0.0, Avg:  0.0, Max:  0.0, Diff:  0.0, Sum:  0.0, Workers: 4
[13.247s][debug][gc,phases      ] GC(25)     Dead                           Min: 0, Avg:  0.0, Max: 0, Diff: 0, Sum: 0, Workers: 4
[13.247s][debug][gc,phases      ] GC(25)     Total                          Min: 0, Avg:  0.0, Max: 0, Diff: 0, Sum: 0, Workers: 4
[13.247s][debug][gc,phases      ] GC(25)   StringTable Weak               Min:  0.1, Avg:  0.1, Max:  0.1, Diff:  0.0, Sum:  0.5, Workers: 4
[13.247s][debug][gc,phases      ] GC(25)     Dead                           Min: 0, Avg:  3.8, Max: 12, Diff: 12, Sum: 15, Workers: 4
[13.247s][debug][gc,phases      ] GC(25)     Total                          Min: 10112, Avg: 10550.0, Max: 11072, Diff: 960, Sum: 42200, Workers: 4
[13.247s][debug][gc,phases      ] GC(25)   ResolvedMethodTable Weak       Min:  0.0, Avg:  0.0, Max:  0.0, Diff:  0.0, Sum:  0.1, Workers: 4
[13.247s][debug][gc,phases      ] GC(25)     Dead                           Min: 1, Avg: 13.5, Max: 28, Diff: 27, Sum: 54, Workers: 4
[13.247s][debug][gc,phases      ] GC(25)     Total                          Min: 1472, Avg: 1661.5, Max: 1920, Diff: 448, Sum: 6646, Workers: 4
[13.247s][debug][gc,phases      ] GC(25)   JNI Weak                       Min:  0.0, Avg:  0.0, Max:  0.0, Diff:  0.0, Sum:  0.0, Workers: 4
[13.247s][debug][gc,phases      ] GC(25)     Dead                           Min: 0, Avg:  0.0, Max: 0, Diff: 0, Sum: 0, Workers: 4
[13.247s][debug][gc,phases      ] GC(25)     Total                          Min: 0, Avg:  6.5, Max: 26, Diff: 26, Sum: 26, Workers: 4
[13.247s][debug][gc,phases      ] GC(25)   StringDedup Table Weak         Min:  0.0, Avg:  0.0, Max:  0.0, Diff:  0.0, Sum:  0.0, Workers: 4
[13.247s][debug][gc,phases      ] GC(25)     Dead                           Min: 0, Avg:  0.0, Max: 0, Diff: 0, Sum: 0, Workers: 4
[13.247s][debug][gc,phases      ] GC(25)     Total                          Min: 0, Avg:  0.0, Max: 0, Diff: 0, Sum: 0, Workers: 4
[13.247s][debug][gc,phases      ] GC(25)   StringDedup Requests0 Weak     Min:  0.0, Avg:  0.0, Max:  0.0, Diff:  0.0, Sum:  0.0, Workers: 4
[13.247s][debug][gc,phases      ] GC(25)     Dead                           Min: 0, Avg:  0.0, Max: 0, Diff: 0, Sum: 0, Workers: 4
[13.247s][debug][gc,phases      ] GC(25)     Total                          Min: 0, Avg:  0.0, Max: 0, Diff: 0, Sum: 0, Workers: 4
[13.247s][debug][gc,phases      ] GC(25)   StringDedup Requests1 Weak     Min:  0.0, Avg:  0.0, Max:  0.0, Diff:  0.0, Sum:  0.0, Workers: 4
[13.247s][debug][gc,phases      ] GC(25)     Dead                           Min: 0, Avg:  0.0, Max: 0, Diff: 0, Sum: 0, Workers: 4
[13.247s][debug][gc,phases      ] GC(25)     Total                          Min: 0, Avg:  0.0, Max: 0, Diff: 0, Sum: 0, Workers: 4
[13.247s][debug][gc,phases      ] GC(25)   Weak JFR Old Object Samples    Min:  0.0, Avg:  0.0, Max:  0.0, Diff:  0.0, Sum:  0.0, Workers: 4
[13.247s][debug][gc,phases      ] GC(25)     Dead                           Min: 0, Avg:  0.0, Max: 0, Diff: 0, Sum: 0, Workers: 4
[13.247s][debug][gc,phases      ] GC(25)     Total                          Min: 0, Avg:  0.0, Max: 0, Diff: 0, Sum: 0, Workers: 4
[13.247s][debug][gc,phases      ] GC(25) Weak Processing 0.366ms
[13.247s][debug][gc,age         ] GC(25) Desired survivor size 278921216 bytes, new threshold 15 (max threshold 15)
[13.247s][info ][gc,heap        ] GC(25) PSYoungGen: 1548998K(1814016K)->34070K(1805312K) Eden: 1522176K(1522176K)->0K(1522176K) From: 26822K(291840K)->34070K(283136K)
[13.247s][info ][gc,heap        ] GC(25) ParOldGen: 185395K(282112K)->187555K(282112K)
[13.247s][info ][gc,metaspace   ] GC(25) Metaspace: 66115K(66880K)->66115K(66880K) NonClass: 56439K(56832K)->56439K(56832K) Class: 9675K(10048K)->9675K(10048K)
[13.247s][info ][gc             ] GC(25) Pause Young (Allocation Failure) 1693M->216M(2038M) 22.910ms
[13.247s][info ][gc,cpu         ] GC(25) User=0.11s Sys=0.00s Real=0.02s
[13.248s][info ][safepoint      ] Safepoint "ParallelGCFailedAllocation", Time since last: 351713523 ns, Reaching safepoint: 271306 ns, At safepoint: 23022945 ns, Total: 23294251 ns
[13.526s][info ][gc,start       ] GC(26) Pause Young (Allocation Failure)
[13.563s][debug][gc,phases      ] GC(26) Scavenge 36.257ms
[13.563s][debug][gc,ref         ] GC(26) Skipped phase 1 of Reference Processing: no references
[13.563s][debug][gc,ref         ] GC(26) ReferenceProcessor::execute queues: 1, RefProcThreadModel::Single, marks_oops_alive: false
[13.563s][debug][gc,ref         ] GC(26) Skipped phase 3 of Reference Processing: no references
[13.563s][debug][gc,ref         ] GC(26) ReferenceProcessor::execute queues: 1, RefProcThreadModel::Single, marks_oops_alive: false
[13.563s][debug][gc,phases      ] GC(26) Reference Processing 0.194ms
[13.563s][debug][gc,phases      ] GC(26)   VM Weak                        Min:  0.0, Avg:  0.0, Max:  0.0, Diff:  0.0, Sum:  0.0, Workers: 4
[13.563s][debug][gc,phases      ] GC(26)     Dead                           Min: 0, Avg:  0.0, Max: 0, Diff: 0, Sum: 0, Workers: 4
[13.563s][debug][gc,phases      ] GC(26)     Total                          Min: 0, Avg: 142.8, Max: 507, Diff: 507, Sum: 571, Workers: 4
[13.563s][debug][gc,phases      ] GC(26)   ObjectSynchronizer Weak        Min:  0.0, Avg:  0.0, Max:  0.0, Diff:  0.0, Sum:  0.0, Workers: 4
[13.563s][debug][gc,phases      ] GC(26)     Dead                           Min: 0, Avg:  0.0, Max: 0, Diff: 0, Sum: 0, Workers: 4
[13.563s][debug][gc,phases      ] GC(26)     Total                          Min: 0, Avg: 107.2, Max: 173, Diff: 173, Sum: 429, Workers: 4
[13.563s][debug][gc,phases      ] GC(26)   JVMTI Tag Weak OopStorage      Min:  0.0, Avg:  0.0, Max:  0.0, Diff:  0.0, Sum:  0.0, Workers: 4
[13.563s][debug][gc,phases      ] GC(26)     Dead                           Min: 0, Avg:  0.0, Max: 0, Diff: 0, Sum: 0, Workers: 4
[13.563s][debug][gc,phases      ] GC(26)     Total                          Min: 0, Avg:  0.0, Max: 0, Diff: 0, Sum: 0, Workers: 4
[13.563s][debug][gc,phases      ] GC(26)   StringTable Weak               Min:  0.1, Avg:  0.1, Max:  0.1, Diff:  0.0, Sum:  0.5, Workers: 4
[13.563s][debug][gc,phases      ] GC(26)     Dead                           Min: 0, Avg:  2.8, Max: 11, Diff: 11, Sum: 11, Workers: 4
[13.563s][debug][gc,phases      ] GC(26)     Total                          Min: 9152, Avg: 10564.5, Max: 13330, Diff: 4178, Sum: 42258, Workers: 4
[13.563s][debug][gc,phases      ] GC(26)   ResolvedMethodTable Weak       Min:  0.0, Avg:  0.0, Max:  0.0, Diff:  0.0, Sum:  0.1, Workers: 4
[13.563s][debug][gc,phases      ] GC(26)     Dead                           Min: 0, Avg:  0.0, Max: 0, Diff: 0, Sum: 0, Workers: 4
[13.563s][debug][gc,phases      ] GC(26)     Total                          Min: 1472, Avg: 1665.2, Max: 1861, Diff: 389, Sum: 6661, Workers: 4
[13.563s][debug][gc,phases      ] GC(26)   JNI Weak                       Min:  0.0, Avg:  0.0, Max:  0.0, Diff:  0.0, Sum:  0.0, Workers: 4
[13.563s][debug][gc,phases      ] GC(26)     Dead                           Min: 0, Avg:  0.0, Max: 0, Diff: 0, Sum: 0, Workers: 4
[13.563s][debug][gc,phases      ] GC(26)     Total                          Min: 0, Avg:  1.2, Max: 5, Diff: 5, Sum: 5, Workers: 4
[13.563s][debug][gc,phases      ] GC(26)   StringDedup Table Weak         Min:  0.0, Avg:  0.0, Max:  0.0, Diff:  0.0, Sum:  0.0, Workers: 4
[13.563s][debug][gc,phases      ] GC(26)     Dead                           Min: 0, Avg:  0.0, Max: 0, Diff: 0, Sum: 0, Workers: 4
[13.563s][debug][gc,phases      ] GC(26)     Total                          Min: 0, Avg:  0.0, Max: 0, Diff: 0, Sum: 0, Workers: 4
[13.563s][debug][gc,phases      ] GC(26)   StringDedup Requests0 Weak     Min:  0.0, Avg:  0.0, Max:  0.0, Diff:  0.0, Sum:  0.0, Workers: 4
[13.563s][debug][gc,phases      ] GC(26)     Dead                           Min: 0, Avg:  0.0, Max: 0, Diff: 0, Sum: 0, Workers: 4
[13.563s][debug][gc,phases      ] GC(26)     Total                          Min: 0, Avg:  0.0, Max: 0, Diff: 0, Sum: 0, Workers: 4
[13.563s][debug][gc,phases      ] GC(26)   StringDedup Requests1 Weak     Min:  0.0, Avg:  0.0, Max:  0.0, Diff:  0.0, Sum:  0.0, Workers: 4
[13.563s][debug][gc,phases      ] GC(26)     Dead                           Min: 0, Avg:  0.0, Max: 0, Diff: 0, Sum: 0, Workers: 4
[13.563s][debug][gc,phases      ] GC(26)     Total                          Min: 0, Avg:  0.0, Max: 0, Diff: 0, Sum: 0, Workers: 4
[13.563s][debug][gc,phases      ] GC(26)   Weak JFR Old Object Samples    Min:  0.0, Avg:  0.0, Max:  0.0, Diff:  0.0, Sum:  0.0, Workers: 4
[13.563s][debug][gc,phases      ] GC(26)     Dead                           Min: 0, Avg:  0.0, Max: 0, Diff: 0, Sum: 0, Workers: 4
[13.563s][debug][gc,phases      ] GC(26)     Total                          Min: 0, Avg:  0.0, Max: 0, Diff: 0, Sum: 0, Workers: 4
[13.563s][debug][gc,phases      ] GC(26) Weak Processing 0.332ms
[13.563s][debug][gc,age         ] GC(26) Desired survivor size 262144000 bytes, new threshold 15 (max threshold 15)
[13.563s][info ][gc,heap        ] GC(26) PSYoungGen: 1556246K(1805312K)->64646K(1841152K) Eden: 1522176K(1522176K)->0K(1568768K) From: 34070K(283136K)->64646K(272384K)
[13.563s][info ][gc,heap        ] GC(26) ParOldGen: 187555K(282112K)->188859K(282112K)
[13.563s][info ][gc,metaspace   ] GC(26) Metaspace: 66134K(66880K)->66134K(66880K) NonClass: 56452K(56832K)->56452K(56832K) Class: 9681K(10048K)->9681K(10048K)
[13.563s][info ][gc             ] GC(26) Pause Young (Allocation Failure) 1702M->247M(2073M) 36.917ms
[13.563s][info ][gc,cpu         ] GC(26) User=0.14s Sys=0.00s Real=0.04s
[13.563s][info ][safepoint      ] Safepoint "ParallelGCFailedAllocation", Time since last: 278776197 ns, Reaching safepoint: 129503 ns, At safepoint: 37025176 ns, Total: 37154679 ns
[13.944s][info ][gc,start       ] GC(27) Pause Young (Allocation Failure)
[14.002s][debug][gc,phases      ] GC(27) Scavenge 58.520ms
[14.002s][debug][gc,ref         ] GC(27) Skipped phase 1 of Reference Processing: no references
[14.003s][debug][gc,ref         ] GC(27) ReferenceProcessor::execute queues: 1, RefProcThreadModel::Single, marks_oops_alive: false
[14.003s][debug][gc,ref         ] GC(27) Skipped phase 3 of Reference Processing: no references
[14.003s][debug][gc,ref         ] GC(27) ReferenceProcessor::execute queues: 1, RefProcThreadModel::Single, marks_oops_alive: false
[14.003s][debug][gc,phases      ] GC(27) Reference Processing 0.170ms
[14.003s][debug][gc,phases      ] GC(27)   VM Weak                        Min:  0.0, Avg:  0.0, Max:  0.0, Diff:  0.0, Sum:  0.0, Workers: 4
[14.003s][debug][gc,phases      ] GC(27)     Dead                           Min: 0, Avg:  0.0, Max: 0, Diff: 0, Sum: 0, Workers: 4
[14.003s][debug][gc,phases      ] GC(27)     Total                          Min: 0, Avg: 142.8, Max: 379, Diff: 379, Sum: 571, Workers: 4
[14.003s][debug][gc,phases      ] GC(27)   ObjectSynchronizer Weak        Min:  0.0, Avg:  0.0, Max:  0.0, Diff:  0.0, Sum:  0.0, Workers: 4
[14.003s][debug][gc,phases      ] GC(27)     Dead                           Min: 0, Avg:  0.0, Max: 0, Diff: 0, Sum: 0, Workers: 4
[14.003s][debug][gc,phases      ] GC(27)     Total                          Min: 0, Avg: 107.2, Max: 301, Diff: 301, Sum: 429, Workers: 4
[14.003s][debug][gc,phases      ] GC(27)   JVMTI Tag Weak OopStorage      Min:  0.0, Avg:  0.0, Max:  0.0, Diff:  0.0, Sum:  0.0, Workers: 4
[14.003s][debug][gc,phases      ] GC(27)     Dead                           Min: 0, Avg:  0.0, Max: 0, Diff: 0, Sum: 0, Workers: 4
[14.003s][debug][gc,phases      ] GC(27)     Total                          Min: 0, Avg:  0.0, Max: 0, Diff: 0, Sum: 0, Workers: 4
[14.003s][debug][gc,phases      ] GC(27)   StringTable Weak               Min:  0.1, Avg:  0.1, Max:  0.1, Diff:  0.0, Sum:  0.5, Workers: 4
[14.003s][debug][gc,phases      ] GC(27)     Dead                           Min: 0, Avg:  2.8, Max: 11, Diff: 11, Sum: 11, Workers: 4
[14.003s][debug][gc,phases      ] GC(27)     Total                          Min: 9920, Avg: 10564.8, Max: 11445, Diff: 1525, Sum: 42259, Workers: 4
[14.003s][debug][gc,phases      ] GC(27)   ResolvedMethodTable Weak       Min:  0.0, Avg:  0.0, Max:  0.0, Diff:  0.0, Sum:  0.1, Workers: 4
[14.003s][debug][gc,phases      ] GC(27)     Dead                           Min: 0, Avg:  0.0, Max: 0, Diff: 0, Sum: 0, Workers: 4
[14.003s][debug][gc,phases      ] GC(27)     Total                          Min: 1408, Avg: 1665.8, Max: 1863, Diff: 455, Sum: 6663, Workers: 4
[14.003s][debug][gc,phases      ] GC(27)   JNI Weak                       Min:  0.0, Avg:  0.0, Max:  0.0, Diff:  0.0, Sum:  0.0, Workers: 4
[14.003s][debug][gc,phases      ] GC(27)     Dead                           Min: 0, Avg:  0.0, Max: 0, Diff: 0, Sum: 0, Workers: 4
[14.003s][debug][gc,phases      ] GC(27)     Total                          Min: 0, Avg:  1.5, Max: 6, Diff: 6, Sum: 6, Workers: 4
[14.003s][debug][gc,phases      ] GC(27)   StringDedup Table Weak         Min:  0.0, Avg:  0.0, Max:  0.0, Diff:  0.0, Sum:  0.0, Workers: 4
[14.003s][debug][gc,phases      ] GC(27)     Dead                           Min: 0, Avg:  0.0, Max: 0, Diff: 0, Sum: 0, Workers: 4
[14.003s][debug][gc,phases      ] GC(27)     Total                          Min: 0, Avg:  0.0, Max: 0, Diff: 0, Sum: 0, Workers: 4
[14.003s][debug][gc,phases      ] GC(27)   StringDedup Requests0 Weak     Min:  0.0, Avg:  0.0, Max:  0.0, Diff:  0.0, Sum:  0.0, Workers: 4
[14.003s][debug][gc,phases      ] GC(27)     Dead                           Min: 0, Avg:  0.0, Max: 0, Diff: 0, Sum: 0, Workers: 4
[14.003s][debug][gc,phases      ] GC(27)     Total                          Min: 0, Avg:  0.0, Max: 0, Diff: 0, Sum: 0, Workers: 4
[14.003s][debug][gc,phases      ] GC(27)   StringDedup Requests1 Weak     Min:  0.0, Avg:  0.0, Max:  0.0, Diff:  0.0, Sum:  0.0, Workers: 4
[14.003s][debug][gc,phases      ] GC(27)     Dead                           Min: 0, Avg:  0.0, Max: 0, Diff: 0, Sum: 0, Workers: 4
[14.003s][debug][gc,phases      ] GC(27)     Total                          Min: 0, Avg:  0.0, Max: 0, Diff: 0, Sum: 0, Workers: 4
[14.003s][debug][gc,phases      ] GC(27)   Weak JFR Old Object Samples    Min:  0.0, Avg:  0.0, Max:  0.0, Diff:  0.0, Sum:  0.0, Workers: 4
[14.003s][debug][gc,phases      ] GC(27)     Dead                           Min: 0, Avg:  0.0, Max: 0, Diff: 0, Sum: 0, Workers: 4
[14.003s][debug][gc,phases      ] GC(27)     Total                          Min: 0, Avg:  0.0, Max: 0, Diff: 0, Sum: 0, Workers: 4
[14.003s][debug][gc,phases      ] GC(27) Weak Processing 0.377ms
[14.003s][debug][gc,age         ] GC(27) Desired survivor size 254279680 bytes, new threshold 15 (max threshold 15)
[14.003s][info ][gc,heap        ] GC(27) PSYoungGen: 1633414K(1841152K)->106662K(1824768K) Eden: 1568768K(1568768K)->0K(1568768K) From: 64646K(272384K)->106662K(256000K)
[14.003s][info ][gc,heap        ] GC(27) ParOldGen: 188859K(282112K)->192203K(282112K)
[14.003s][info ][gc,metaspace   ] GC(27) Metaspace: 66146K(66944K)->66146K(66944K) NonClass: 56463K(56896K)->56463K(56896K) Class: 9682K(10048K)->9682K(10048K)
[14.003s][info ][gc             ] GC(27) Pause Young (Allocation Failure) 1779M->291M(2057M) 59.208ms
[14.003s][info ][gc,cpu         ] GC(27) User=0.23s Sys=0.00s Real=0.06s
[14.003s][info ][safepoint      ] Safepoint "ParallelGCFailedAllocation", Time since last: 380264796 ns, Reaching safepoint: 124303 ns, At safepoint: 59323803 ns, Total: 59448106 ns
[14.340s][info ][gc,start       ] GC(28) Pause Young (Allocation Failure)
[14.442s][debug][gc,phases      ] GC(28) Scavenge 101.762ms
[14.442s][debug][gc,ref         ] GC(28) Skipped phase 1 of Reference Processing: no references
[14.442s][debug][gc,ref         ] GC(28) ReferenceProcessor::execute queues: 1, RefProcThreadModel::Single, marks_oops_alive: false
[14.443s][debug][gc,ref         ] GC(28) Skipped phase 3 of Reference Processing: no references
[14.443s][debug][gc,ref         ] GC(28) ReferenceProcessor::execute queues: 1, RefProcThreadModel::Single, marks_oops_alive: false
[14.443s][debug][gc,phases      ] GC(28) Reference Processing 0.195ms
[14.443s][debug][gc,phases      ] GC(28)   VM Weak                        Min:  0.0, Avg:  0.0, Max:  0.0, Diff:  0.0, Sum:  0.0, Workers: 4
[14.443s][debug][gc,phases      ] GC(28)     Dead                           Min: 0, Avg:  0.0, Max: 0, Diff: 0, Sum: 0, Workers: 4
[14.443s][debug][gc,phases      ] GC(28)     Total                          Min: 0, Avg: 142.8, Max: 320, Diff: 320, Sum: 571, Workers: 4
[14.443s][debug][gc,phases      ] GC(28)   ObjectSynchronizer Weak        Min:  0.0, Avg:  0.0, Max:  0.0, Diff:  0.0, Sum:  0.0, Workers: 4
[14.443s][debug][gc,phases      ] GC(28)     Dead                           Min: 0, Avg:  0.0, Max: 0, Diff: 0, Sum: 0, Workers: 4
[14.443s][debug][gc,phases      ] GC(28)     Total                          Min: 64, Avg: 107.2, Max: 128, Diff: 64, Sum: 429, Workers: 4
[14.443s][debug][gc,phases      ] GC(28)   JVMTI Tag Weak OopStorage      Min:  0.0, Avg:  0.0, Max:  0.0, Diff:  0.0, Sum:  0.0, Workers: 4
[14.443s][debug][gc,phases      ] GC(28)     Dead                           Min: 0, Avg:  0.0, Max: 0, Diff: 0, Sum: 0, Workers: 4
[14.443s][debug][gc,phases      ] GC(28)     Total                          Min: 0, Avg:  0.0, Max: 0, Diff: 0, Sum: 0, Workers: 4
[14.443s][debug][gc,phases      ] GC(28)   StringTable Weak               Min:  0.1, Avg:  0.1, Max:  0.1, Diff:  0.0, Sum:  0.5, Workers: 4
[14.443s][debug][gc,phases      ] GC(28)     Dead                           Min: 0, Avg:  0.0, Max: 0, Diff: 0, Sum: 0, Workers: 4
[14.443s][debug][gc,phases      ] GC(28)     Total                          Min: 9525, Avg: 10564.8, Max: 11870, Diff: 2345, Sum: 42259, Workers: 4
[14.443s][debug][gc,phases      ] GC(28)   ResolvedMethodTable Weak       Min:  0.0, Avg:  0.0, Max:  0.0, Diff:  0.0, Sum:  0.1, Workers: 4
[14.443s][debug][gc,phases      ] GC(28)     Dead                           Min: 0, Avg:  0.0, Max: 0, Diff: 0, Sum: 0, Workers: 4
[14.443s][debug][gc,phases      ] GC(28)     Total                          Min: 1415, Avg: 1665.8, Max: 1920, Diff: 505, Sum: 6663, Workers: 4
[14.443s][debug][gc,phases      ] GC(28)   JNI Weak                       Min:  0.0, Avg:  0.0, Max:  0.0, Diff:  0.0, Sum:  0.0, Workers: 4
[14.443s][debug][gc,phases      ] GC(28)     Dead                           Min: 0, Avg:  0.0, Max: 0, Diff: 0, Sum: 0, Workers: 4
[14.443s][debug][gc,phases      ] GC(28)     Total                          Min: 0, Avg:  3.0, Max: 12, Diff: 12, Sum: 12, Workers: 4
[14.443s][debug][gc,phases      ] GC(28)   StringDedup Table Weak         Min:  0.0, Avg:  0.0, Max:  0.0, Diff:  0.0, Sum:  0.0, Workers: 4
[14.443s][debug][gc,phases      ] GC(28)     Dead                           Min: 0, Avg:  0.0, Max: 0, Diff: 0, Sum: 0, Workers: 4
[14.443s][debug][gc,phases      ] GC(28)     Total                          Min: 0, Avg:  0.0, Max: 0, Diff: 0, Sum: 0, Workers: 4
[14.443s][debug][gc,phases      ] GC(28)   StringDedup Requests0 Weak     Min:  0.0, Avg:  0.0, Max:  0.0, Diff:  0.0, Sum:  0.0, Workers: 4
[14.443s][debug][gc,phases      ] GC(28)     Dead                           Min: 0, Avg:  0.0, Max: 0, Diff: 0, Sum: 0, Workers: 4
[14.443s][debug][gc,phases      ] GC(28)     Total                          Min: 0, Avg:  0.0, Max: 0, Diff: 0, Sum: 0, Workers: 4
[14.443s][debug][gc,phases      ] GC(28)   StringDedup Requests1 Weak     Min:  0.0, Avg:  0.0, Max:  0.0, Diff:  0.0, Sum:  0.0, Workers: 4
[14.443s][debug][gc,phases      ] GC(28)     Dead                           Min: 0, Avg:  0.0, Max: 0, Diff: 0, Sum: 0, Workers: 4
[14.443s][debug][gc,phases      ] GC(28)     Total                          Min: 0, Avg:  0.0, Max: 0, Diff: 0, Sum: 0, Workers: 4
[14.443s][debug][gc,phases      ] GC(28)   Weak JFR Old Object Samples    Min:  0.0, Avg:  0.0, Max:  0.0, Diff:  0.0, Sum:  0.0, Workers: 4
[14.443s][debug][gc,phases      ] GC(28)     Dead                           Min: 0, Avg:  0.0, Max: 0, Diff: 0, Sum: 0, Workers: 4
[14.443s][debug][gc,phases      ] GC(28)     Total                          Min: 0, Avg:  0.0, Max: 0, Diff: 0, Sum: 0, Workers: 4
[14.443s][debug][gc,phases      ] GC(28) Weak Processing 0.328ms
[14.443s][debug][gc,age         ] GC(28) Desired survivor size 274202624 bytes, new threshold 15 (max threshold 15)
[14.443s][info ][gc,heap        ] GC(28) PSYoungGen: 1675430K(1824768K)->179374K(1809920K) Eden: 1568768K(1568768K)->0K(1561600K) From: 106662K(256000K)->179374K(248320K)
[14.443s][info ][gc,heap        ] GC(28) ParOldGen: 192203K(282112K)->192691K(282112K)
[14.443s][info ][gc,metaspace   ] GC(28) Metaspace: 66148K(66944K)->66148K(66944K) NonClass: 56465K(56896K)->56465K(56896K) Class: 9682K(10048K)->9682K(10048K)
[14.443s][info ][gc             ] GC(28) Pause Young (Allocation Failure) 1823M->363M(2043M) 102.426ms
[14.443s][info ][gc,cpu         ] GC(28) User=0.44s Sys=0.02s Real=0.10s
[14.443s][info ][safepoint      ] Safepoint "ParallelGCFailedAllocation", Time since last: 337163275 ns, Reaching safepoint: 129303 ns, At safepoint: 102592126 ns, Total: 102721429 ns
[14.859s][info ][gc,start       ] GC(29) Pause Young (Allocation Failure)
[14.967s][debug][gc,phases      ] GC(29) Scavenge 107.442ms
[14.967s][debug][gc,ref         ] GC(29) Skipped phase 1 of Reference Processing: no references
[14.967s][debug][gc,ref         ] GC(29) ReferenceProcessor::execute queues: 1, RefProcThreadModel::Single, marks_oops_alive: false
[14.967s][debug][gc,ref         ] GC(29) Skipped phase 3 of Reference Processing: no references
[14.967s][debug][gc,ref         ] GC(29) ReferenceProcessor::execute queues: 1, RefProcThreadModel::Single, marks_oops_alive: false
[14.967s][debug][gc,phases      ] GC(29) Reference Processing 0.152ms
[14.967s][debug][gc,phases      ] GC(29)   VM Weak                        Min:  0.0, Avg:  0.0, Max:  0.0, Diff:  0.0, Sum:  0.0, Workers: 4
[14.967s][debug][gc,phases      ] GC(29)     Dead                           Min: 0, Avg:  0.0, Max: 0, Diff: 0, Sum: 0, Workers: 4
[14.967s][debug][gc,phases      ] GC(29)     Total                          Min: 0, Avg: 142.8, Max: 256, Diff: 256, Sum: 571, Workers: 4
[14.967s][debug][gc,phases      ] GC(29)   ObjectSynchronizer Weak        Min:  0.0, Avg:  0.0, Max:  0.0, Diff:  0.0, Sum:  0.0, Workers: 4
[14.967s][debug][gc,phases      ] GC(29)     Dead                           Min: 0, Avg:  0.0, Max: 0, Diff: 0, Sum: 0, Workers: 4
[14.967s][debug][gc,phases      ] GC(29)     Total                          Min: 0, Avg: 107.2, Max: 192, Diff: 192, Sum: 429, Workers: 4
[14.967s][debug][gc,phases      ] GC(29)   JVMTI Tag Weak OopStorage      Min:  0.0, Avg:  0.0, Max:  0.0, Diff:  0.0, Sum:  0.0, Workers: 4
[14.967s][debug][gc,phases      ] GC(29)     Dead                           Min: 0, Avg:  0.0, Max: 0, Diff: 0, Sum: 0, Workers: 4
[14.967s][debug][gc,phases      ] GC(29)     Total                          Min: 0, Avg:  0.0, Max: 0, Diff: 0, Sum: 0, Workers: 4
[14.967s][debug][gc,phases      ] GC(29)   StringTable Weak               Min:  0.1, Avg:  0.1, Max:  0.1, Diff:  0.0, Sum:  0.5, Workers: 4
[14.967s][debug][gc,phases      ] GC(29)     Dead                           Min: 0, Avg:  2.8, Max: 11, Diff: 11, Sum: 11, Workers: 4
[14.967s][debug][gc,phases      ] GC(29)     Total                          Min: 10014, Avg: 10564.8, Max: 10997, Diff: 983, Sum: 42259, Workers: 4
[14.967s][debug][gc,phases      ] GC(29)   ResolvedMethodTable Weak       Min:  0.0, Avg:  0.0, Max:  0.0, Diff:  0.0, Sum:  0.1, Workers: 4
[14.967s][debug][gc,phases      ] GC(29)     Dead                           Min: 0, Avg:  0.0, Max: 0, Diff: 0, Sum: 0, Workers: 4
[14.967s][debug][gc,phases      ] GC(29)     Total                          Min: 1472, Avg: 1665.8, Max: 1799, Diff: 327, Sum: 6663, Workers: 4
[14.967s][debug][gc,phases      ] GC(29)   JNI Weak                       Min:  0.0, Avg:  0.0, Max:  0.0, Diff:  0.0, Sum:  0.0, Workers: 4
[14.967s][debug][gc,phases      ] GC(29)     Dead                           Min: 0, Avg:  0.0, Max: 0, Diff: 0, Sum: 0, Workers: 4
[14.967s][debug][gc,phases      ] GC(29)     Total                          Min: 0, Avg:  3.2, Max: 13, Diff: 13, Sum: 13, Workers: 4
[14.967s][debug][gc,phases      ] GC(29)   StringDedup Table Weak         Min:  0.0, Avg:  0.0, Max:  0.0, Diff:  0.0, Sum:  0.0, Workers: 4
[14.967s][debug][gc,phases      ] GC(29)     Dead                           Min: 0, Avg:  0.0, Max: 0, Diff: 0, Sum: 0, Workers: 4
[14.967s][debug][gc,phases      ] GC(29)     Total                          Min: 0, Avg:  0.0, Max: 0, Diff: 0, Sum: 0, Workers: 4
[14.967s][debug][gc,phases      ] GC(29)   StringDedup Requests0 Weak     Min:  0.0, Avg:  0.0, Max:  0.0, Diff:  0.0, Sum:  0.0, Workers: 4
[14.967s][debug][gc,phases      ] GC(29)     Dead                           Min: 0, Avg:  0.0, Max: 0, Diff: 0, Sum: 0, Workers: 4
[14.967s][debug][gc,phases      ] GC(29)     Total                          Min: 0, Avg:  0.0, Max: 0, Diff: 0, Sum: 0, Workers: 4
[14.967s][debug][gc,phases      ] GC(29)   StringDedup Requests1 Weak     Min:  0.0, Avg:  0.0, Max:  0.0, Diff:  0.0, Sum:  0.0, Workers: 4
[14.967s][debug][gc,phases      ] GC(29)     Dead                           Min: 0, Avg:  0.0, Max: 0, Diff: 0, Sum: 0, Workers: 4
[14.967s][debug][gc,phases      ] GC(29)     Total                          Min: 0, Avg:  0.0, Max: 0, Diff: 0, Sum: 0, Workers: 4
[14.967s][debug][gc,phases      ] GC(29)   Weak JFR Old Object Samples    Min:  0.0, Avg:  0.0, Max:  0.0, Diff:  0.0, Sum:  0.0, Workers: 4
[14.967s][debug][gc,phases      ] GC(29)     Dead                           Min: 0, Avg:  0.0, Max: 0, Diff: 0, Sum: 0, Workers: 4
[14.967s][debug][gc,phases      ] GC(29)     Total                          Min: 0, Avg:  0.0, Max: 0, Diff: 0, Sum: 0, Workers: 4
[14.967s][debug][gc,phases      ] GC(29) Weak Processing 0.328ms
[14.967s][debug][gc,age         ] GC(29) Desired survivor size 307232768 bytes, new threshold 15 (max threshold 15)
[14.967s][info ][gc,heap        ] GC(29) PSYoungGen: 1740974K(1809920K)->226270K(1787904K) Eden: 1561600K(1561600K)->0K(1561600K) From: 179374K(248320K)->226270K(226304K)
[14.967s][info ][gc,heap        ] GC(29) ParOldGen: 192691K(282112K)->194059K(282112K)
[14.967s][info ][gc,metaspace   ] GC(29) Metaspace: 66150K(66944K)->66150K(66944K) NonClass: 56467K(56896K)->56467K(56896K) Class: 9682K(10048K)->9682K(10048K)
[14.967s][info ][gc             ] GC(29) Pause Young (Allocation Failure) 1888M->410M(2021M) 108.077ms
[14.967s][info ][gc,cpu         ] GC(29) User=0.48s Sys=0.02s Real=0.11s
[14.967s][info ][safepoint      ] Safepoint "ParallelGCFailedAllocation", Time since last: 415835135 ns, Reaching safepoint: 198704 ns, At safepoint: 108192958 ns, Total: 108391662 ns
[15.316s][info ][gc,start       ] GC(30) Pause Young (Allocation Failure)
[15.439s][debug][gc,phases      ] GC(30) Scavenge 123.580ms
[15.439s][debug][gc,ref         ] GC(30) Skipped phase 1 of Reference Processing: no references
[15.439s][debug][gc,ref         ] GC(30) ReferenceProcessor::execute queues: 1, RefProcThreadModel::Single, marks_oops_alive: false
[15.440s][debug][gc,ref         ] GC(30) Skipped phase 3 of Reference Processing: no references
[15.440s][debug][gc,ref         ] GC(30) ReferenceProcessor::execute queues: 1, RefProcThreadModel::Single, marks_oops_alive: false
[15.440s][debug][gc,phases      ] GC(30) Reference Processing 0.171ms
[15.440s][debug][gc,phases      ] GC(30)   VM Weak                        Min:  0.0, Avg:  0.0, Max:  0.0, Diff:  0.0, Sum:  0.0, Workers: 4
[15.440s][debug][gc,phases      ] GC(30)     Dead                           Min: 0, Avg:  0.0, Max: 0, Diff: 0, Sum: 0, Workers: 4
[15.440s][debug][gc,phases      ] GC(30)     Total                          Min: 0, Avg: 142.8, Max: 384, Diff: 384, Sum: 571, Workers: 4
[15.440s][debug][gc,phases      ] GC(30)   ObjectSynchronizer Weak        Min:  0.0, Avg:  0.0, Max:  0.0, Diff:  0.0, Sum:  0.0, Workers: 4
[15.440s][debug][gc,phases      ] GC(30)     Dead                           Min: 0, Avg:  0.0, Max: 0, Diff: 0, Sum: 0, Workers: 4
[15.440s][debug][gc,phases      ] GC(30)     Total                          Min: 0, Avg: 107.2, Max: 237, Diff: 237, Sum: 429, Workers: 4
[15.440s][debug][gc,phases      ] GC(30)   JVMTI Tag Weak OopStorage      Min:  0.0, Avg:  0.0, Max:  0.0, Diff:  0.0, Sum:  0.0, Workers: 4
[15.440s][debug][gc,phases      ] GC(30)     Dead                           Min: 0, Avg:  0.0, Max: 0, Diff: 0, Sum: 0, Workers: 4
[15.440s][debug][gc,phases      ] GC(30)     Total                          Min: 0, Avg:  0.0, Max: 0, Diff: 0, Sum: 0, Workers: 4
[15.440s][debug][gc,phases      ] GC(30)   StringTable Weak               Min:  0.1, Avg:  0.1, Max:  0.1, Diff:  0.0, Sum:  0.5, Workers: 4
[15.440s][debug][gc,phases      ] GC(30)     Dead                           Min: 0, Avg:  2.8, Max: 11, Diff: 11, Sum: 11, Workers: 4
[15.440s][debug][gc,phases      ] GC(30)     Total                          Min: 9984, Avg: 10564.8, Max: 11027, Diff: 1043, Sum: 42259, Workers: 4
[15.440s][debug][gc,phases      ] GC(30)   ResolvedMethodTable Weak       Min:  0.0, Avg:  0.0, Max:  0.0, Diff:  0.0, Sum:  0.1, Workers: 4
[15.440s][debug][gc,phases      ] GC(30)     Dead                           Min: 0, Avg:  0.0, Max: 0, Diff: 0, Sum: 0, Workers: 4
[15.440s][debug][gc,phases      ] GC(30)     Total                          Min: 1408, Avg: 1665.8, Max: 1856, Diff: 448, Sum: 6663, Workers: 4
[15.440s][debug][gc,phases      ] GC(30)   JNI Weak                       Min:  0.0, Avg:  0.0, Max:  0.0, Diff:  0.0, Sum:  0.0, Workers: 4
[15.440s][debug][gc,phases      ] GC(30)     Dead                           Min: 0, Avg:  0.0, Max: 0, Diff: 0, Sum: 0, Workers: 4
[15.440s][debug][gc,phases      ] GC(30)     Total                          Min: 0, Avg:  3.2, Max: 13, Diff: 13, Sum: 13, Workers: 4
[15.440s][debug][gc,phases      ] GC(30)   StringDedup Table Weak         Min:  0.0, Avg:  0.0, Max:  0.0, Diff:  0.0, Sum:  0.0, Workers: 4
[15.440s][debug][gc,phases      ] GC(30)     Dead                           Min: 0, Avg:  0.0, Max: 0, Diff: 0, Sum: 0, Workers: 4
[15.440s][debug][gc,phases      ] GC(30)     Total                          Min: 0, Avg:  0.0, Max: 0, Diff: 0, Sum: 0, Workers: 4
[15.440s][debug][gc,phases      ] GC(30)   StringDedup Requests0 Weak     Min:  0.0, Avg:  0.0, Max:  0.0, Diff:  0.0, Sum:  0.0, Workers: 4
[15.440s][debug][gc,phases      ] GC(30)     Dead                           Min: 0, Avg:  0.0, Max: 0, Diff: 0, Sum: 0, Workers: 4
[15.440s][debug][gc,phases      ] GC(30)     Total                          Min: 0, Avg:  0.0, Max: 0, Diff: 0, Sum: 0, Workers: 4
[15.440s][debug][gc,phases      ] GC(30)   StringDedup Requests1 Weak     Min:  0.0, Avg:  0.0, Max:  0.0, Diff:  0.0, Sum:  0.0, Workers: 4
[15.440s][debug][gc,phases      ] GC(30)     Dead                           Min: 0, Avg:  0.0, Max: 0, Diff: 0, Sum: 0, Workers: 4
[15.440s][debug][gc,phases      ] GC(30)     Total                          Min: 0, Avg:  0.0, Max: 0, Diff: 0, Sum: 0, Workers: 4
[15.440s][debug][gc,phases      ] GC(30)   Weak JFR Old Object Samples    Min:  0.0, Avg:  0.0, Max:  0.0, Diff:  0.0, Sum:  0.0, Workers: 4
[15.440s][debug][gc,phases      ] GC(30)     Dead                           Min: 0, Avg:  0.0, Max: 0, Diff: 0, Sum: 0, Workers: 4
[15.440s][debug][gc,phases      ] GC(30)     Total                          Min: 0, Avg:  0.0, Max: 0, Diff: 0, Sum: 0, Workers: 4
[15.440s][debug][gc,phases      ] GC(30) Weak Processing 0.342ms
[15.440s][debug][gc,age         ] GC(30) Desired survivor size 344457216 bytes, new threshold 15 (max threshold 15)
[15.440s][info ][gc,heap        ] GC(30) PSYoungGen: 1787870K(1787904K)->256830K(1724416K) Eden: 1561600K(1561600K)->0K(1424384K) From: 226270K(226304K)->256830K(300032K)
[15.440s][info ][gc,heap        ] GC(30) ParOldGen: 194059K(282112K)->195699K(282112K)
[15.440s][info ][gc,metaspace   ] GC(30) Metaspace: 66163K(66944K)->66163K(66944K) NonClass: 56480K(56896K)->56480K(56896K) Class: 9682K(10048K)->9682K(10048K)
[15.440s][info ][gc             ] GC(30) Pause Young (Allocation Failure) 1935M->441M(1959M) 124.242ms
[15.440s][info ][gc,cpu         ] GC(30) User=0.52s Sys=0.01s Real=0.12s
[15.440s][info ][safepoint      ] Safepoint "ParallelGCFailedAllocation", Time since last: 348294635 ns, Reaching safepoint: 124603 ns, At safepoint: 124356240 ns, Total: 124480843 ns
[15.745s][info ][gc,start       ] GC(31) Pause Young (Allocation Failure)
[15.890s][debug][gc,phases      ] GC(31) Scavenge 144.364ms
[15.890s][debug][gc,ref         ] GC(31) Skipped phase 1 of Reference Processing: no references
[15.890s][debug][gc,ref         ] GC(31) ReferenceProcessor::execute queues: 1, RefProcThreadModel::Single, marks_oops_alive: false
[15.890s][debug][gc,ref         ] GC(31) Skipped phase 3 of Reference Processing: no references
[15.890s][debug][gc,ref         ] GC(31) ReferenceProcessor::execute queues: 1, RefProcThreadModel::Single, marks_oops_alive: false
[15.890s][debug][gc,phases      ] GC(31) Reference Processing 0.169ms
[15.890s][debug][gc,phases      ] GC(31)   VM Weak                        Min:  0.0, Avg:  0.0, Max:  0.0, Diff:  0.0, Sum:  0.0, Workers: 4
[15.890s][debug][gc,phases      ] GC(31)     Dead                           Min: 0, Avg:  0.0, Max: 0, Diff: 0, Sum: 0, Workers: 4
[15.890s][debug][gc,phases      ] GC(31)     Total                          Min: 0, Avg: 144.8, Max: 515, Diff: 515, Sum: 579, Workers: 4
[15.890s][debug][gc,phases      ] GC(31)   ObjectSynchronizer Weak        Min:  0.0, Avg:  0.0, Max:  0.0, Diff:  0.0, Sum:  0.0, Workers: 4
[15.890s][debug][gc,phases      ] GC(31)     Dead                           Min: 0, Avg:  0.0, Max: 0, Diff: 0, Sum: 0, Workers: 4
[15.890s][debug][gc,phases      ] GC(31)     Total                          Min: 0, Avg: 107.2, Max: 173, Diff: 173, Sum: 429, Workers: 4
[15.890s][debug][gc,phases      ] GC(31)   JVMTI Tag Weak OopStorage      Min:  0.0, Avg:  0.0, Max:  0.0, Diff:  0.0, Sum:  0.0, Workers: 4
[15.890s][debug][gc,phases      ] GC(31)     Dead                           Min: 0, Avg:  0.0, Max: 0, Diff: 0, Sum: 0, Workers: 4
[15.890s][debug][gc,phases      ] GC(31)     Total                          Min: 0, Avg:  0.0, Max: 0, Diff: 0, Sum: 0, Workers: 4
[15.890s][debug][gc,phases      ] GC(31)   StringTable Weak               Min:  0.1, Avg:  0.1, Max:  0.1, Diff:  0.0, Sum:  0.5, Workers: 4
[15.890s][debug][gc,phases      ] GC(31)     Dead                           Min: 0, Avg:  3.8, Max: 14, Diff: 14, Sum: 15, Workers: 4
[15.890s][debug][gc,phases      ] GC(31)     Total                          Min: 10112, Avg: 10585.5, Max: 10880, Diff: 768, Sum: 42342, Workers: 4
[15.890s][debug][gc,phases      ] GC(31)   ResolvedMethodTable Weak       Min:  0.0, Avg:  0.0, Max:  0.0, Diff:  0.0, Sum:  0.1, Workers: 4
[15.890s][debug][gc,phases      ] GC(31)     Dead                           Min: 0, Avg:  6.8, Max: 26, Diff: 26, Sum: 27, Workers: 4
[15.890s][debug][gc,phases      ] GC(31)     Total                          Min: 1521, Avg: 1692.0, Max: 1792, Diff: 271, Sum: 6768, Workers: 4
[15.890s][debug][gc,phases      ] GC(31)   JNI Weak                       Min:  0.0, Avg:  0.0, Max:  0.0, Diff:  0.0, Sum:  0.0, Workers: 4
[15.890s][debug][gc,phases      ] GC(31)     Dead                           Min: 0, Avg:  0.0, Max: 0, Diff: 0, Sum: 0, Workers: 4
[15.890s][debug][gc,phases      ] GC(31)     Total                          Min: 0, Avg:  0.5, Max: 2, Diff: 2, Sum: 2, Workers: 4
[15.890s][debug][gc,phases      ] GC(31)   StringDedup Table Weak         Min:  0.0, Avg:  0.0, Max:  0.0, Diff:  0.0, Sum:  0.0, Workers: 4
[15.890s][debug][gc,phases      ] GC(31)     Dead                           Min: 0, Avg:  0.0, Max: 0, Diff: 0, Sum: 0, Workers: 4
[15.890s][debug][gc,phases      ] GC(31)     Total                          Min: 0, Avg:  0.0, Max: 0, Diff: 0, Sum: 0, Workers: 4
[15.890s][debug][gc,phases      ] GC(31)   StringDedup Requests0 Weak     Min:  0.0, Avg:  0.0, Max:  0.0, Diff:  0.0, Sum:  0.0, Workers: 4
[15.890s][debug][gc,phases      ] GC(31)     Dead                           Min: 0, Avg:  0.0, Max: 0, Diff: 0, Sum: 0, Workers: 4
[15.890s][debug][gc,phases      ] GC(31)     Total                          Min: 0, Avg:  0.0, Max: 0, Diff: 0, Sum: 0, Workers: 4
[15.890s][debug][gc,phases      ] GC(31)   StringDedup Requests1 Weak     Min:  0.0, Avg:  0.0, Max:  0.0, Diff:  0.0, Sum:  0.0, Workers: 4
[15.890s][debug][gc,phases      ] GC(31)     Dead                           Min: 0, Avg:  0.0, Max: 0, Diff: 0, Sum: 0, Workers: 4
[15.890s][debug][gc,phases      ] GC(31)     Total                          Min: 0, Avg:  0.0, Max: 0, Diff: 0, Sum: 0, Workers: 4
[15.890s][debug][gc,phases      ] GC(31)   Weak JFR Old Object Samples    Min:  0.0, Avg:  0.0, Max:  0.0, Diff:  0.0, Sum:  0.0, Workers: 4
[15.890s][debug][gc,phases      ] GC(31)     Dead                           Min: 0, Avg:  0.0, Max: 0, Diff: 0, Sum: 0, Workers: 4
[15.890s][debug][gc,phases      ] GC(31)     Total                          Min: 0, Avg:  0.0, Max: 0, Diff: 0, Sum: 0, Workers: 4
[15.890s][debug][gc,phases      ] GC(31) Weak Processing 0.318ms
[15.890s][debug][gc,age         ] GC(31) Desired survivor size 403177472 bytes, new threshold 15 (max threshold 15)
[15.890s][info ][gc,heap        ] GC(31) PSYoungGen: 1681214K(1724416K)->332622K(1757184K) Eden: 1424384K(1424384K)->0K(1424384K) From: 256830K(300032K)->332622K(332800K)
[15.890s][info ][gc,heap        ] GC(31) ParOldGen: 195699K(282112K)->197027K(282112K)
[15.890s][info ][gc,metaspace   ] GC(31) Metaspace: 66570K(67328K)->66570K(67328K) NonClass: 56832K(57216K)->56832K(57216K) Class: 9738K(10112K)->9738K(10112K)
[15.890s][info ][gc             ] GC(31) Pause Young (Allocation Failure) 1832M->517M(1991M) 144.987ms
[15.890s][info ][gc,cpu         ] GC(31) User=0.58s Sys=0.01s Real=0.14s
[15.890s][info ][safepoint      ] Safepoint "ParallelGCFailedAllocation", Time since last: 304894008 ns, Reaching safepoint: 415810 ns, At safepoint: 145080029 ns, Total: 145495839 ns
[16.003s][info ][safepoint      ] Safepoint "ICBufferFull", Time since last: 112434157 ns, Reaching safepoint: 162604 ns, At safepoint: 31501 ns, Total: 194105 ns
[16.062s][info ][safepoint      ] Safepoint "ICBufferFull", Time since last: 58636085 ns, Reaching safepoint: 125603 ns, At safepoint: 45001 ns, Total: 170604 ns
[16.076s][info ][safepoint      ] Safepoint "ICBufferFull", Time since last: 14103934 ns, Reaching safepoint: 216505 ns, At safepoint: 26500 ns, Total: 243005 ns
[16.085s][info ][safepoint      ] Safepoint "ICBufferFull", Time since last: 8977113 ns, Reaching safepoint: 125303 ns, At safepoint: 24500 ns, Total: 149803 ns
[16.098s][info ][safepoint      ] Safepoint "ICBufferFull", Time since last: 12803803 ns, Reaching safepoint: 75101 ns, At safepoint: 26601 ns, Total: 101702 ns
[16.119s][info ][safepoint      ] Safepoint "ICBufferFull", Time since last: 20969396 ns, Reaching safepoint: 112302 ns, At safepoint: 26701 ns, Total: 139003 ns
[16.147s][info ][safepoint      ] Safepoint "ICBufferFull", Time since last: 20785291 ns, Reaching safepoint: 7028666 ns, At safepoint: 29501 ns, Total: 7058167 ns
[16.168s][info ][gc,start       ] GC(32) Pause Young (Allocation Failure)
[16.308s][debug][gc,phases      ] GC(32) Scavenge 139.970ms
[16.308s][debug][gc,ref         ] GC(32) Skipped phase 1 of Reference Processing: no references
[16.308s][debug][gc,ref         ] GC(32) ReferenceProcessor::execute queues: 1, RefProcThreadModel::Single, marks_oops_alive: false
[16.308s][debug][gc,ref         ] GC(32) Skipped phase 3 of Reference Processing: no references
[16.308s][debug][gc,ref         ] GC(32) ReferenceProcessor::execute queues: 1, RefProcThreadModel::Single, marks_oops_alive: false
[16.308s][debug][gc,phases      ] GC(32) Reference Processing 0.179ms
[16.309s][debug][gc,phases      ] GC(32)   VM Weak                        Min:  0.0, Avg:  0.0, Max:  0.0, Diff:  0.0, Sum:  0.0, Workers: 4
[16.309s][debug][gc,phases      ] GC(32)     Dead                           Min: 0, Avg:  0.0, Max: 0, Diff: 0, Sum: 0, Workers: 4
[16.309s][debug][gc,phases      ] GC(32)     Total                          Min: 0, Avg: 146.5, Max: 586, Diff: 586, Sum: 586, Workers: 4
[16.309s][debug][gc,phases      ] GC(32)   ObjectSynchronizer Weak        Min:  0.0, Avg:  0.0, Max:  0.0, Diff:  0.0, Sum:  0.0, Workers: 4
[16.309s][debug][gc,phases      ] GC(32)     Dead                           Min: 0, Avg:  0.0, Max: 0, Diff: 0, Sum: 0, Workers: 4
[16.309s][debug][gc,phases      ] GC(32)     Total                          Min: 0, Avg: 107.2, Max: 301, Diff: 301, Sum: 429, Workers: 4
[16.309s][debug][gc,phases      ] GC(32)   JVMTI Tag Weak OopStorage      Min:  0.0, Avg:  0.0, Max:  0.0, Diff:  0.0, Sum:  0.0, Workers: 4
[16.309s][debug][gc,phases      ] GC(32)     Dead                           Min: 0, Avg:  0.0, Max: 0, Diff: 0, Sum: 0, Workers: 4
[16.309s][debug][gc,phases      ] GC(32)     Total                          Min: 0, Avg:  0.0, Max: 0, Diff: 0, Sum: 0, Workers: 4
[16.309s][debug][gc,phases      ] GC(32)   StringTable Weak               Min:  0.1, Avg:  0.1, Max:  0.1, Diff:  0.0, Sum:  0.5, Workers: 4
[16.309s][debug][gc,phases      ] GC(32)     Dead                           Min: 0, Avg:  3.2, Max: 12, Diff: 12, Sum: 13, Workers: 4
[16.309s][debug][gc,phases      ] GC(32)     Total                          Min: 9408, Avg: 10622.0, Max: 11704, Diff: 2296, Sum: 42488, Workers: 4
[16.309s][debug][gc,phases      ] GC(32)   ResolvedMethodTable Weak       Min:  0.0, Avg:  0.0, Max:  0.0, Diff:  0.0, Sum:  0.1, Workers: 4
[16.309s][debug][gc,phases      ] GC(32)     Dead                           Min: 0, Avg:  7.8, Max: 15, Diff: 15, Sum: 31, Workers: 4
[16.309s][debug][gc,phases      ] GC(32)     Total                          Min: 1535, Avg: 1720.5, Max: 1919, Diff: 384, Sum: 6882, Workers: 4
[16.309s][debug][gc,phases      ] GC(32)   JNI Weak                       Min:  0.0, Avg:  0.0, Max:  0.0, Diff:  0.0, Sum:  0.0, Workers: 4
[16.309s][debug][gc,phases      ] GC(32)     Dead                           Min: 0, Avg:  0.0, Max: 0, Diff: 0, Sum: 0, Workers: 4
[16.309s][debug][gc,phases      ] GC(32)     Total                          Min: 0, Avg:  1.8, Max: 7, Diff: 7, Sum: 7, Workers: 4
[16.309s][debug][gc,phases      ] GC(32)   StringDedup Table Weak         Min:  0.0, Avg:  0.0, Max:  0.0, Diff:  0.0, Sum:  0.0, Workers: 4
[16.309s][debug][gc,phases      ] GC(32)     Dead                           Min: 0, Avg:  0.0, Max: 0, Diff: 0, Sum: 0, Workers: 4
[16.309s][debug][gc,phases      ] GC(32)     Total                          Min: 0, Avg:  0.0, Max: 0, Diff: 0, Sum: 0, Workers: 4
[16.309s][debug][gc,phases      ] GC(32)   StringDedup Requests0 Weak     Min:  0.0, Avg:  0.0, Max:  0.0, Diff:  0.0, Sum:  0.0, Workers: 4
[16.309s][debug][gc,phases      ] GC(32)     Dead                           Min: 0, Avg:  0.0, Max: 0, Diff: 0, Sum: 0, Workers: 4
[16.309s][debug][gc,phases      ] GC(32)     Total                          Min: 0, Avg:  0.0, Max: 0, Diff: 0, Sum: 0, Workers: 4
[16.309s][debug][gc,phases      ] GC(32)   StringDedup Requests1 Weak     Min:  0.0, Avg:  0.0, Max:  0.0, Diff:  0.0, Sum:  0.0, Workers: 4
[16.309s][debug][gc,phases      ] GC(32)     Dead                           Min: 0, Avg:  0.0, Max: 0, Diff: 0, Sum: 0, Workers: 4
[16.309s][debug][gc,phases      ] GC(32)     Total                          Min: 0, Avg:  0.0, Max: 0, Diff: 0, Sum: 0, Workers: 4
[16.309s][debug][gc,phases      ] GC(32)   Weak JFR Old Object Samples    Min:  0.0, Avg:  0.0, Max:  0.0, Diff:  0.0, Sum:  0.0, Workers: 4
[16.309s][debug][gc,phases      ] GC(32)     Dead                           Min: 0, Avg:  0.0, Max: 0, Diff: 0, Sum: 0, Workers: 4
[16.309s][debug][gc,phases      ] GC(32)     Total                          Min: 0, Avg:  0.0, Max: 0, Diff: 0, Sum: 0, Workers: 4
[16.309s][debug][gc,phases      ] GC(32) Weak Processing 0.335ms
[16.309s][debug][gc,age         ] GC(32) Desired survivor size 448790528 bytes, new threshold 15 (max threshold 15)
[16.309s][info ][gc,heap        ] GC(32) PSYoungGen: 1757006K(1757184K)->331422K(1560576K) Eden: 1424384K(1424384K)->0K(1220608K) From: 332622K(332800K)->331422K(339968K)
[16.309s][info ][gc,heap        ] GC(32) ParOldGen: 197027K(282112K)->198771K(282112K)
[16.309s][info ][gc,metaspace   ] GC(32) Metaspace: 67245K(68032K)->67245K(68032K) NonClass: 57407K(57856K)->57407K(57856K) Class: 9837K(10176K)->9837K(10176K)
[16.309s][info ][gc             ] GC(32) Pause Young (Allocation Failure) 1908M->517M(1799M) 140.628ms
[16.309s][info ][gc,cpu         ] GC(32) User=0.53s Sys=0.03s Real=0.14s
[16.309s][info ][safepoint      ] Safepoint "ParallelGCFailedAllocation", Time since last: 20847293 ns, Reaching safepoint: 126203 ns, At safepoint: 140735226 ns, Total: 140861429 ns
[16.330s][info ][safepoint      ] Safepoint "ICBufferFull", Time since last: 20943795 ns, Reaching safepoint: 119902 ns, At safepoint: 25301 ns, Total: 145203 ns
[16.352s][info ][safepoint      ] Safepoint "ICBufferFull", Time since last: 22079522 ns, Reaching safepoint: 123903 ns, At safepoint: 31700 ns, Total: 155603 ns
[16.387s][info ][safepoint      ] Safepoint "ICBufferFull", Time since last: 32372266 ns, Reaching safepoint: 2132750 ns, At safepoint: 33801 ns, Total: 2166551 ns
[16.394s][info ][safepoint      ] Safepoint "ICBufferFull", Time since last: 7181969 ns, Reaching safepoint: 125403 ns, At safepoint: 27901 ns, Total: 153304 ns
[16.408s][info ][safepoint      ] Safepoint "ICBufferFull", Time since last: 13308615 ns, Reaching safepoint: 126503 ns, At safepoint: 29500 ns, Total: 156003 ns
[16.416s][info ][safepoint      ] Safepoint "ICBufferFull", Time since last: 8380598 ns, Reaching safepoint: 121903 ns, At safepoint: 30001 ns, Total: 151904 ns
[16.435s][info ][safepoint      ] Safepoint "ICBufferFull", Time since last: 18485837 ns, Reaching safepoint: 479711 ns, At safepoint: 25001 ns, Total: 504712 ns
[16.449s][info ][safepoint      ] Safepoint "ICBufferFull", Time since last: 13397716 ns, Reaching safepoint: 127203 ns, At safepoint: 36101 ns, Total: 163304 ns
[16.463s][info ][safepoint      ] Safepoint "ICBufferFull", Time since last: 14058132 ns, Reaching safepoint: 123803 ns, At safepoint: 22001 ns, Total: 145804 ns
[16.476s][info ][safepoint      ] Safepoint "ICBufferFull", Time since last: 8505001 ns, Reaching safepoint: 4239600 ns, At safepoint: 33101 ns, Total: 4272701 ns
[16.479s][info ][safepoint      ] Safepoint "ICBufferFull", Time since last: 3641386 ns, Reaching safepoint: 98502 ns, At safepoint: 29301 ns, Total: 127803 ns
[16.489s][info ][safepoint      ] Safepoint "ICBufferFull", Time since last: 9045814 ns, Reaching safepoint: 679816 ns, At safepoint: 32801 ns, Total: 712617 ns
[16.501s][info ][safepoint      ] Safepoint "ICBufferFull", Time since last: 11563873 ns, Reaching safepoint: 260006 ns, At safepoint: 25401 ns, Total: 285407 ns
[16.509s][info ][safepoint      ] Safepoint "ICBufferFull", Time since last: 7356973 ns, Reaching safepoint: 116403 ns, At safepoint: 30601 ns, Total: 147004 ns
[16.523s][info ][safepoint      ] Safepoint "ICBufferFull", Time since last: 14158935 ns, Reaching safepoint: 397209 ns, At safepoint: 30901 ns, Total: 428110 ns
[16.544s][info ][safepoint      ] Safepoint "ICBufferFull", Time since last: 21219101 ns, Reaching safepoint: 136103 ns, At safepoint: 25901 ns, Total: 162004 ns
[16.551s][info ][safepoint      ] Safepoint "ICBufferFull", Time since last: 6469953 ns, Reaching safepoint: 113303 ns, At safepoint: 23000 ns, Total: 136303 ns
[16.558s][info ][safepoint      ] Safepoint "ICBufferFull", Time since last: 6354550 ns, Reaching safepoint: 112903 ns, At safepoint: 23900 ns, Total: 136803 ns
[16.576s][info ][safepoint      ] Safepoint "ICBufferFull", Time since last: 13813527 ns, Reaching safepoint: 4232300 ns, At safepoint: 36401 ns, Total: 4268701 ns
[16.581s][info ][safepoint      ] Safepoint "ICBufferFull", Time since last: 5044919 ns, Reaching safepoint: 116903 ns, At safepoint: 49401 ns, Total: 166304 ns
[16.593s][info ][safepoint      ] Safepoint "ICBufferFull", Time since last: 12261190 ns, Reaching safepoint: 121603 ns, At safepoint: 28900 ns, Total: 150503 ns
[16.600s][info ][safepoint      ] Safepoint "ICBufferFull", Time since last: 6381251 ns, Reaching safepoint: 109903 ns, At safepoint: 22800 ns, Total: 132703 ns
[16.605s][info ][safepoint      ] Safepoint "ICBufferFull", Time since last: 5125221 ns, Reaching safepoint: 117203 ns, At safepoint: 29401 ns, Total: 146604 ns
[16.615s][info ][safepoint      ] Safepoint "ICBufferFull", Time since last: 9567126 ns, Reaching safepoint: 108502 ns, At safepoint: 34101 ns, Total: 142603 ns
[16.631s][info ][safepoint      ] Safepoint "ICBufferFull", Time since last: 15778973 ns, Reaching safepoint: 491312 ns, At safepoint: 22800 ns, Total: 514112 ns
[16.643s][info ][safepoint      ] Safepoint "ICBufferFull", Time since last: 12101486 ns, Reaching safepoint: 129003 ns, At safepoint: 24601 ns, Total: 153604 ns
[16.668s][info ][safepoint      ] Safepoint "ICBufferFull", Time since last: 24642382 ns, Reaching safepoint: 108103 ns, At safepoint: 28901 ns, Total: 137004 ns
[16.689s][info ][safepoint      ] Safepoint "ICBufferFull", Time since last: 20370881 ns, Reaching safepoint: 114903 ns, At safepoint: 26100 ns, Total: 141003 ns
[16.690s][info ][gc,start       ] GC(33) Pause Young (Allocation Failure)
[16.831s][debug][gc,phases      ] GC(33) Scavenge 141.059ms
[16.831s][debug][gc,ref         ] GC(33) Skipped phase 1 of Reference Processing: no references
[16.831s][debug][gc,ref         ] GC(33) ReferenceProcessor::execute queues: 1, RefProcThreadModel::Single, marks_oops_alive: false
[16.831s][debug][gc,ref         ] GC(33) Skipped phase 3 of Reference Processing: no references
[16.831s][debug][gc,ref         ] GC(33) ReferenceProcessor::execute queues: 1, RefProcThreadModel::Single, marks_oops_alive: false
[16.831s][debug][gc,phases      ] GC(33) Reference Processing 0.183ms
[16.831s][debug][gc,phases      ] GC(33)   VM Weak                        Min:  0.0, Avg:  0.0, Max:  0.0, Diff:  0.0, Sum:  0.0, Workers: 4
[16.831s][debug][gc,phases      ] GC(33)     Dead                           Min: 0, Avg:  0.0, Max: 0, Diff: 0, Sum: 0, Workers: 4
[16.831s][debug][gc,phases      ] GC(33)     Total                          Min: 0, Avg: 147.2, Max: 525, Diff: 525, Sum: 589, Workers: 4
[16.831s][debug][gc,phases      ] GC(33)   ObjectSynchronizer Weak        Min:  0.0, Avg:  0.0, Max:  0.0, Diff:  0.0, Sum:  0.0, Workers: 4
[16.831s][debug][gc,phases      ] GC(33)     Dead                           Min: 0, Avg:  0.0, Max: 0, Diff: 0, Sum: 0, Workers: 4
[16.831s][debug][gc,phases      ] GC(33)     Total                          Min: 0, Avg: 107.2, Max: 256, Diff: 256, Sum: 429, Workers: 4
[16.831s][debug][gc,phases      ] GC(33)   JVMTI Tag Weak OopStorage      Min:  0.0, Avg:  0.0, Max:  0.0, Diff:  0.0, Sum:  0.0, Workers: 4
[16.831s][debug][gc,phases      ] GC(33)     Dead                           Min: 0, Avg:  0.0, Max: 0, Diff: 0, Sum: 0, Workers: 4
[16.831s][debug][gc,phases      ] GC(33)     Total                          Min: 0, Avg:  0.0, Max: 0, Diff: 0, Sum: 0, Workers: 4
[16.831s][debug][gc,phases      ] GC(33)   StringTable Weak               Min:  0.1, Avg:  0.1, Max:  0.1, Diff:  0.0, Sum:  0.5, Workers: 4
[16.831s][debug][gc,phases      ] GC(33)     Dead                           Min: 0, Avg:  2.8, Max: 11, Diff: 11, Sum: 11, Workers: 4
[16.831s][debug][gc,phases      ] GC(33)     Total                          Min: 10112, Avg: 10631.5, Max: 11305, Diff: 1193, Sum: 42526, Workers: 4
[16.831s][debug][gc,phases      ] GC(33)   ResolvedMethodTable Weak       Min:  0.0, Avg:  0.0, Max:  0.0, Diff:  0.0, Sum:  0.1, Workers: 4
[16.831s][debug][gc,phases      ] GC(33)     Dead                           Min: 0, Avg:  0.0, Max: 0, Diff: 0, Sum: 0, Workers: 4
[16.831s][debug][gc,phases      ] GC(33)     Total                          Min: 1472, Avg: 1722.5, Max: 1963, Diff: 491, Sum: 6890, Workers: 4
[16.831s][debug][gc,phases      ] GC(33)   JNI Weak                       Min:  0.0, Avg:  0.0, Max:  0.0, Diff:  0.0, Sum:  0.0, Workers: 4
[16.831s][debug][gc,phases      ] GC(33)     Dead                           Min: 0, Avg:  0.0, Max: 0, Diff: 0, Sum: 0, Workers: 4
[16.831s][debug][gc,phases      ] GC(33)     Total                          Min: 0, Avg:  1.8, Max: 7, Diff: 7, Sum: 7, Workers: 4
[16.831s][debug][gc,phases      ] GC(33)   StringDedup Table Weak         Min:  0.0, Avg:  0.0, Max:  0.0, Diff:  0.0, Sum:  0.0, Workers: 4
[16.831s][debug][gc,phases      ] GC(33)     Dead                           Min: 0, Avg:  0.0, Max: 0, Diff: 0, Sum: 0, Workers: 4
[16.831s][debug][gc,phases      ] GC(33)     Total                          Min: 0, Avg:  0.0, Max: 0, Diff: 0, Sum: 0, Workers: 4
[16.831s][debug][gc,phases      ] GC(33)   StringDedup Requests0 Weak     Min:  0.0, Avg:  0.0, Max:  0.0, Diff:  0.0, Sum:  0.0, Workers: 4
[16.831s][debug][gc,phases      ] GC(33)     Dead                           Min: 0, Avg:  0.0, Max: 0, Diff: 0, Sum: 0, Workers: 4
[16.831s][debug][gc,phases      ] GC(33)     Total                          Min: 0, Avg:  0.0, Max: 0, Diff: 0, Sum: 0, Workers: 4
[16.831s][debug][gc,phases      ] GC(33)   StringDedup Requests1 Weak     Min:  0.0, Avg:  0.0, Max:  0.0, Diff:  0.0, Sum:  0.0, Workers: 4
[16.831s][debug][gc,phases      ] GC(33)     Dead                           Min: 0, Avg:  0.0, Max: 0, Diff: 0, Sum: 0, Workers: 4
[16.831s][debug][gc,phases      ] GC(33)     Total                          Min: 0, Avg:  0.0, Max: 0, Diff: 0, Sum: 0, Workers: 4
[16.831s][debug][gc,phases      ] GC(33)   Weak JFR Old Object Samples    Min:  0.0, Avg:  0.0, Max:  0.0, Diff:  0.0, Sum:  0.0, Workers: 4
[16.831s][debug][gc,phases      ] GC(33)     Dead                           Min: 0, Avg:  0.0, Max: 0, Diff: 0, Sum: 0, Workers: 4
[16.831s][debug][gc,phases      ] GC(33)     Total                          Min: 0, Avg:  0.0, Max: 0, Diff: 0, Sum: 0, Workers: 4
[16.831s][debug][gc,phases      ] GC(33) Weak Processing 0.329ms
[16.831s][debug][gc,age         ] GC(33) Desired survivor size 485490688 bytes, new threshold 15 (max threshold 15)
[16.831s][info ][gc,heap        ] GC(33) PSYoungGen: 1552030K(1560576K)->331358K(1552384K) Eden: 1220608K(1220608K)->0K(1220608K) From: 331422K(339968K)->331358K(331776K)
[16.831s][info ][gc,heap        ] GC(33) ParOldGen: 198771K(282112K)->199099K(282112K)
[16.831s][info ][gc,metaspace   ] GC(33) Metaspace: 67402K(68160K)->67402K(68160K) NonClass: 57561K(57984K)->57561K(57984K) Class: 9841K(10176K)->9841K(10176K)
[16.831s][info ][gc             ] GC(33) Pause Young (Allocation Failure) 1709M->518M(1791M) 141.687ms
[16.831s][info ][gc,cpu         ] GC(33) User=0.57s Sys=0.00s Real=0.15s
[16.832s][info ][safepoint      ] Safepoint "ParallelGCFailedAllocation", Time since last: 1016924 ns, Reaching safepoint: 76902 ns, At safepoint: 141793650 ns, Total: 141870552 ns
[16.843s][info ][safepoint      ] Safepoint "ICBufferFull", Time since last: 11585774 ns, Reaching safepoint: 150603 ns, At safepoint: 41501 ns, Total: 192104 ns
[16.850s][info ][safepoint      ] Safepoint "ICBufferFull", Time since last: 6106944 ns, Reaching safepoint: 106403 ns, At safepoint: 24500 ns, Total: 130903 ns
[16.867s][info ][safepoint      ] Safepoint "ICBufferFull", Time since last: 17541715 ns, Reaching safepoint: 122303 ns, At safepoint: 22800 ns, Total: 145103 ns
[16.875s][info ][safepoint      ] Safepoint "ICBufferFull", Time since last: 7245771 ns, Reaching safepoint: 598115 ns, At safepoint: 24600 ns, Total: 622715 ns
[16.883s][info ][safepoint      ] Safepoint "ICBufferFull", Time since last: 5021319 ns, Reaching safepoint: 3201575 ns, At safepoint: 34601 ns, Total: 3236176 ns
[16.889s][info ][safepoint      ] Safepoint "ICBufferFull", Time since last: 5551431 ns, Reaching safepoint: 108303 ns, At safepoint: 26301 ns, Total: 134604 ns
[16.895s][info ][safepoint      ] Safepoint "ICBufferFull", Time since last: 5815137 ns, Reaching safepoint: 121903 ns, At safepoint: 34101 ns, Total: 156004 ns
[16.904s][info ][safepoint      ] Safepoint "ICBufferFull", Time since last: 8396898 ns, Reaching safepoint: 126303 ns, At safepoint: 22800 ns, Total: 149103 ns
[16.914s][info ][safepoint      ] Safepoint "ICBufferFull", Time since last: 10224142 ns, Reaching safepoint: 82002 ns, At safepoint: 31001 ns, Total: 113003 ns
[16.929s][info ][safepoint      ] Safepoint "ICBufferFull", Time since last: 15042355 ns, Reaching safepoint: 121603 ns, At safepoint: 22700 ns, Total: 144303 ns
[16.933s][info ][safepoint      ] Safepoint "ICBufferFull", Time since last: 4148798 ns, Reaching safepoint: 109203 ns, At safepoint: 23001 ns, Total: 132204 ns
[16.940s][info ][safepoint      ] Safepoint "ICBufferFull", Time since last: 6602856 ns, Reaching safepoint: 104802 ns, At safepoint: 32001 ns, Total: 136803 ns
[16.950s][info ][safepoint      ] Safepoint "ICBufferFull", Time since last: 9544025 ns, Reaching safepoint: 110203 ns, At safepoint: 22900 ns, Total: 133103 ns
[16.958s][info ][safepoint      ] Safepoint "ICBufferFull", Time since last: 7913487 ns, Reaching safepoint: 106603 ns, At safepoint: 26500 ns, Total: 133103 ns
[16.963s][info ][safepoint      ] Safepoint "ICBufferFull", Time since last: 5461329 ns, Reaching safepoint: 115103 ns, At safepoint: 22701 ns, Total: 137804 ns
[16.984s][info ][safepoint      ] Safepoint "ICBufferFull", Time since last: 17949224 ns, Reaching safepoint: 2144550 ns, At safepoint: 30801 ns, Total: 2175351 ns
[16.989s][info ][safepoint      ] Safepoint "ICBufferFull", Time since last: 5614133 ns, Reaching safepoint: 101102 ns, At safepoint: 26601 ns, Total: 127703 ns
[16.995s][info ][safepoint      ] Safepoint "ICBufferFull", Time since last: 5215623 ns, Reaching safepoint: 109403 ns, At safepoint: 24600 ns, Total: 134003 ns
[17.009s][info ][safepoint      ] Safepoint "ICBufferFull", Time since last: 14227936 ns, Reaching safepoint: 192605 ns, At safepoint: 25400 ns, Total: 218005 ns
[17.016s][info ][safepoint      ] Safepoint "ICBufferFull", Time since last: 6642357 ns, Reaching safepoint: 110603 ns, At safepoint: 24900 ns, Total: 135503 ns
[17.022s][info ][safepoint      ] Safepoint "ICBufferFull", Time since last: 4429405 ns, Reaching safepoint: 2160951 ns, At safepoint: 28801 ns, Total: 2189752 ns
[17.043s][info ][safepoint      ] Safepoint "ICBufferFull", Time since last: 17335709 ns, Reaching safepoint: 3198676 ns, At safepoint: 29301 ns, Total: 3227977 ns
[17.049s][info ][safepoint      ] Safepoint "ICBufferFull", Time since last: 5414727 ns, Reaching safepoint: 103603 ns, At safepoint: 29001 ns, Total: 132604 ns
[17.056s][info ][safepoint      ] Safepoint "ICBufferFull", Time since last: 7287972 ns, Reaching safepoint: 559913 ns, At safepoint: 28301 ns, Total: 588214 ns
[17.069s][info ][safepoint      ] Safepoint "ICBufferFull", Time since last: 11836979 ns, Reaching safepoint: 188705 ns, At safepoint: 26600 ns, Total: 215305 ns
[17.094s][info ][safepoint      ] Safepoint "ICBufferFull", Time since last: 21279103 ns, Reaching safepoint: 4273401 ns, At safepoint: 32601 ns, Total: 4306002 ns
[17.098s][info ][gc,start       ] GC(34) Pause Young (Allocation Failure)
[17.235s][debug][gc,phases      ] GC(34) Scavenge 137.098ms
[17.235s][debug][gc,ref         ] GC(34) Skipped phase 1 of Reference Processing: no references
[17.235s][debug][gc,ref         ] GC(34) ReferenceProcessor::execute queues: 1, RefProcThreadModel::Single, marks_oops_alive: false
[17.235s][debug][gc,ref         ] GC(34) Skipped phase 3 of Reference Processing: no references
[17.235s][debug][gc,ref         ] GC(34) ReferenceProcessor::execute queues: 1, RefProcThreadModel::Single, marks_oops_alive: false
[17.235s][debug][gc,phases      ] GC(34) Reference Processing 0.180ms
[17.235s][debug][gc,phases      ] GC(34)   VM Weak                        Min:  0.0, Avg:  0.0, Max:  0.0, Diff:  0.0, Sum:  0.0, Workers: 4
[17.235s][debug][gc,phases      ] GC(34)     Dead                           Min: 0, Avg:  0.0, Max: 0, Diff: 0, Sum: 0, Workers: 4
[17.235s][debug][gc,phases      ] GC(34)     Total                          Min: 0, Avg: 147.2, Max: 320, Diff: 320, Sum: 589, Workers: 4
[17.235s][debug][gc,phases      ] GC(34)   ObjectSynchronizer Weak        Min:  0.0, Avg:  0.0, Max:  0.0, Diff:  0.0, Sum:  0.0, Workers: 4
[17.235s][debug][gc,phases      ] GC(34)     Dead                           Min: 0, Avg:  0.0, Max: 0, Diff: 0, Sum: 0, Workers: 4
[17.235s][debug][gc,phases      ] GC(34)     Total                          Min: 0, Avg: 107.2, Max: 237, Diff: 237, Sum: 429, Workers: 4
[17.235s][debug][gc,phases      ] GC(34)   JVMTI Tag Weak OopStorage      Min:  0.0, Avg:  0.0, Max:  0.0, Diff:  0.0, Sum:  0.0, Workers: 4
[17.235s][debug][gc,phases      ] GC(34)     Dead                           Min: 0, Avg:  0.0, Max: 0, Diff: 0, Sum: 0, Workers: 4
[17.235s][debug][gc,phases      ] GC(34)     Total                          Min: 0, Avg:  0.0, Max: 0, Diff: 0, Sum: 0, Workers: 4
[17.235s][debug][gc,phases      ] GC(34)   StringTable Weak               Min:  0.1, Avg:  0.1, Max:  0.1, Diff:  0.0, Sum:  0.5, Workers: 4
[17.235s][debug][gc,phases      ] GC(34)     Dead                           Min: 0, Avg:  2.8, Max: 11, Diff: 11, Sum: 11, Workers: 4
[17.235s][debug][gc,phases      ] GC(34)     Total                          Min: 9984, Avg: 10636.0, Max: 11328, Diff: 1344, Sum: 42544, Workers: 4
[17.235s][debug][gc,phases      ] GC(34)   ResolvedMethodTable Weak       Min:  0.0, Avg:  0.0, Max:  0.0, Diff:  0.0, Sum:  0.1, Workers: 4
[17.235s][debug][gc,phases      ] GC(34)     Dead                           Min: 0, Avg:  0.0, Max: 0, Diff: 0, Sum: 0, Workers: 4
[17.235s][debug][gc,phases      ] GC(34)     Total                          Min: 1343, Avg: 1722.5, Max: 1920, Diff: 577, Sum: 6890, Workers: 4
[17.235s][debug][gc,phases      ] GC(34)   JNI Weak                       Min:  0.0, Avg:  0.0, Max:  0.0, Diff:  0.0, Sum:  0.0, Workers: 4
[17.235s][debug][gc,phases      ] GC(34)     Dead                           Min: 0, Avg:  0.0, Max: 0, Diff: 0, Sum: 0, Workers: 4
[17.235s][debug][gc,phases      ] GC(34)     Total                          Min: 0, Avg:  2.2, Max: 9, Diff: 9, Sum: 9, Workers: 4
[17.235s][debug][gc,phases      ] GC(34)   StringDedup Table Weak         Min:  0.0, Avg:  0.0, Max:  0.0, Diff:  0.0, Sum:  0.0, Workers: 4
[17.235s][debug][gc,phases      ] GC(34)     Dead                           Min: 0, Avg:  0.0, Max: 0, Diff: 0, Sum: 0, Workers: 4
[17.235s][debug][gc,phases      ] GC(34)     Total                          Min: 0, Avg:  0.0, Max: 0, Diff: 0, Sum: 0, Workers: 4
[17.235s][debug][gc,phases      ] GC(34)   StringDedup Requests0 Weak     Min:  0.0, Avg:  0.0, Max:  0.0, Diff:  0.0, Sum:  0.0, Workers: 4
[17.235s][debug][gc,phases      ] GC(34)     Dead                           Min: 0, Avg:  0.0, Max: 0, Diff: 0, Sum: 0, Workers: 4
[17.235s][debug][gc,phases      ] GC(34)     Total                          Min: 0, Avg:  0.0, Max: 0, Diff: 0, Sum: 0, Workers: 4
[17.235s][debug][gc,phases      ] GC(34)   StringDedup Requests1 Weak     Min:  0.0, Avg:  0.0, Max:  0.0, Diff:  0.0, Sum:  0.0, Workers: 4
[17.235s][debug][gc,phases      ] GC(34)     Dead                           Min: 0, Avg:  0.0, Max: 0, Diff: 0, Sum: 0, Workers: 4
[17.235s][debug][gc,phases      ] GC(34)     Total                          Min: 0, Avg:  0.0, Max: 0, Diff: 0, Sum: 0, Workers: 4
[17.235s][debug][gc,phases      ] GC(34)   Weak JFR Old Object Samples    Min:  0.0, Avg:  0.0, Max:  0.0, Diff:  0.0, Sum:  0.0, Workers: 4
[17.235s][debug][gc,phases      ] GC(34)     Dead                           Min: 0, Avg:  0.0, Max: 0, Diff: 0, Sum: 0, Workers: 4
[17.235s][debug][gc,phases      ] GC(34)     Total                          Min: 0, Avg:  0.0, Max: 0, Diff: 0, Sum: 0, Workers: 4
[17.235s][debug][gc,phases      ] GC(34) Weak Processing 0.326ms
[17.235s][debug][gc,age         ] GC(34) Desired survivor size 512753664 bytes, new threshold 15 (max threshold 15)
[17.235s][info ][gc,heap        ] GC(34) PSYoungGen: 1551966K(1552384K)->330046K(1569792K) Eden: 1220608K(1220608K)->0K(1095680K) From: 331358K(331776K)->330046K(474112K)
[17.235s][info ][gc,heap        ] GC(34) ParOldGen: 199099K(282112K)->199867K(282112K)
[17.235s][info ][gc,metaspace   ] GC(34) Metaspace: 67460K(68224K)->67460K(68224K) NonClass: 57618K(58048K)->57618K(58048K) Class: 9841K(10176K)->9841K(10176K)
[17.235s][info ][gc             ] GC(34) Pause Young (Allocation Failure) 1710M->517M(1808M) 137.731ms
[17.235s][info ][gc,cpu         ] GC(34) User=0.55s Sys=0.00s Real=0.14s
[17.235s][info ][safepoint      ] Safepoint "ParallelGCFailedAllocation", Time since last: 3456981 ns, Reaching safepoint: 102203 ns, At safepoint: 137847356 ns, Total: 137949559 ns
[17.251s][info ][safepoint      ] Safepoint "ICBufferFull", Time since last: 15434065 ns, Reaching safepoint: 136003 ns, At safepoint: 30101 ns, Total: 166104 ns
[17.255s][info ][safepoint      ] Safepoint "ICBufferFull", Time since last: 3986694 ns, Reaching safepoint: 119203 ns, At safepoint: 22400 ns, Total: 141603 ns
[17.260s][info ][safepoint      ] Safepoint "ICBufferFull", Time since last: 4355703 ns, Reaching safepoint: 129103 ns, At safepoint: 23501 ns, Total: 152604 ns
[17.266s][info ][safepoint      ] Safepoint "ICBufferFull", Time since last: 5785136 ns, Reaching safepoint: 121203 ns, At safepoint: 23801 ns, Total: 145004 ns
[17.286s][info ][safepoint      ] Safepoint "ICBufferFull", Time since last: 20301079 ns, Reaching safepoint: 121003 ns, At safepoint: 24401 ns, Total: 145404 ns
[17.290s][info ][safepoint      ] Safepoint "ICBufferFull", Time since last: 3980294 ns, Reaching safepoint: 117503 ns, At safepoint: 32700 ns, Total: 150203 ns
[17.295s][info ][safepoint      ] Safepoint "ICBufferFull", Time since last: 4168899 ns, Reaching safepoint: 103802 ns, At safepoint: 26801 ns, Total: 130603 ns
[17.306s][info ][safepoint      ] Safepoint "ICBufferFull", Time since last: 11577573 ns, Reaching safepoint: 115303 ns, At safepoint: 34601 ns, Total: 149904 ns
[17.311s][info ][safepoint      ] Safepoint "ICBufferFull", Time since last: 4937917 ns, Reaching safepoint: 120802 ns, At safepoint: 24801 ns, Total: 145603 ns
[17.315s][info ][safepoint      ] Safepoint "ICBufferFull", Time since last: 3958094 ns, Reaching safepoint: 110602 ns, At safepoint: 26901 ns, Total: 137503 ns
[17.320s][info ][safepoint      ] Safepoint "ICBufferFull", Time since last: 4054396 ns, Reaching safepoint: 105302 ns, At safepoint: 26301 ns, Total: 131603 ns
[17.348s][info ][safepoint      ] Safepoint "ICBufferFull", Time since last: 28100964 ns, Reaching safepoint: 268006 ns, At safepoint: 28301 ns, Total: 296307 ns
[17.353s][info ][safepoint      ] Safepoint "ICBufferFull", Time since last: 4395803 ns, Reaching safepoint: 113603 ns, At safepoint: 25401 ns, Total: 139004 ns
[17.373s][info ][safepoint      ] Safepoint "ICBufferFull", Time since last: 19795067 ns, Reaching safepoint: 128703 ns, At safepoint: 24401 ns, Total: 153104 ns
[17.377s][info ][safepoint      ] Safepoint "ICBufferFull", Time since last: 4227900 ns, Reaching safepoint: 130503 ns, At safepoint: 28500 ns, Total: 159003 ns
[17.386s][info ][safepoint      ] Safepoint "ICBufferFull", Time since last: 3934093 ns, Reaching safepoint: 5367627 ns, At safepoint: 36401 ns, Total: 5404028 ns
[17.406s][info ][safepoint      ] Safepoint "ICBufferFull", Time since last: 19276955 ns, Reaching safepoint: 186405 ns, At safepoint: 33101 ns, Total: 219506 ns
[17.410s][info ][safepoint      ] Safepoint "ICBufferFull", Time since last: 4126897 ns, Reaching safepoint: 115303 ns, At safepoint: 28501 ns, Total: 143804 ns
[17.417s][info ][safepoint      ] Safepoint "ICBufferFull", Time since last: 6893462 ns, Reaching safepoint: 117703 ns, At safepoint: 28001 ns, Total: 145704 ns
[17.436s][info ][safepoint      ] Safepoint "ICBufferFull", Time since last: 14379940 ns, Reaching safepoint: 4279101 ns, At safepoint: 28300 ns, Total: 4307401 ns
[17.440s][info ][safepoint      ] Safepoint "ICBufferFull", Time since last: 4476506 ns, Reaching safepoint: 110503 ns, At safepoint: 28100 ns, Total: 138603 ns
[17.447s][info ][safepoint      ] Safepoint "ICBufferFull", Time since last: 6363851 ns, Reaching safepoint: 121102 ns, At safepoint: 28301 ns, Total: 149403 ns
[17.454s][info ][safepoint      ] Safepoint "ICBufferFull", Time since last: 6736159 ns, Reaching safepoint: 123203 ns, At safepoint: 29401 ns, Total: 152604 ns
[17.461s][info ][safepoint      ] Safepoint "ICBufferFull", Time since last: 7078267 ns, Reaching safepoint: 112703 ns, At safepoint: 26900 ns, Total: 139603 ns
[17.467s][info ][safepoint      ] Safepoint "ICBufferFull", Time since last: 5732436 ns, Reaching safepoint: 532212 ns, At safepoint: 29001 ns, Total: 561213 ns
[17.473s][info ][safepoint      ] Safepoint "ICBufferFull", Time since last: 5422128 ns, Reaching safepoint: 129603 ns, At safepoint: 55101 ns, Total: 184704 ns
[17.479s][info ][safepoint      ] Safepoint "ICBufferFull", Time since last: 5332526 ns, Reaching safepoint: 815820 ns, At safepoint: 23800 ns, Total: 839620 ns
[17.492s][info ][safepoint      ] Safepoint "ICBufferFull", Time since last: 13196212 ns, Reaching safepoint: 126403 ns, At safepoint: 29201 ns, Total: 155604 ns
[17.498s][info ][safepoint      ] Safepoint "ICBufferFull", Time since last: 5117121 ns, Reaching safepoint: 114302 ns, At safepoint: 26701 ns, Total: 141003 ns
[17.510s][info ][safepoint      ] Safepoint "ICBufferFull", Time since last: 12335691 ns, Reaching safepoint: 129603 ns, At safepoint: 26701 ns, Total: 156304 ns
[17.520s][info ][safepoint      ] Safepoint "ICBufferFull", Time since last: 9440623 ns, Reaching safepoint: 131403 ns, At safepoint: 31101 ns, Total: 162504 ns
[17.527s][info ][safepoint      ] Safepoint "ICBufferFull", Time since last: 5525930 ns, Reaching safepoint: 2135851 ns, At safepoint: 24900 ns, Total: 2160751 ns
[17.547s][info ][safepoint      ] Safepoint "ICBufferFull", Time since last: 19885370 ns, Reaching safepoint: 147904 ns, At safepoint: 29600 ns, Total: 177504 ns
[17.552s][info ][safepoint      ] Safepoint "ICBufferFull", Time since last: 3972094 ns, Reaching safepoint: 112003 ns, At safepoint: 22100 ns, Total: 134103 ns
[17.557s][info ][safepoint      ] Safepoint "ICBufferFull", Time since last: 4928317 ns, Reaching safepoint: 110402 ns, At safepoint: 24901 ns, Total: 135303 ns
[17.559s][info ][gc,start       ] GC(35) Pause Young (Allocation Failure)
[17.694s][debug][gc,phases      ] GC(35) Scavenge 134.878ms
[17.694s][debug][gc,ref         ] GC(35) Skipped phase 1 of Reference Processing: no references
[17.694s][debug][gc,ref         ] GC(35) ReferenceProcessor::execute queues: 1, RefProcThreadModel::Single, marks_oops_alive: false
[17.694s][debug][gc,ref         ] GC(35) Skipped phase 3 of Reference Processing: no references
[17.694s][debug][gc,ref         ] GC(35) ReferenceProcessor::execute queues: 1, RefProcThreadModel::Single, marks_oops_alive: false
[17.694s][debug][gc,phases      ] GC(35) Reference Processing 0.155ms
[17.694s][debug][gc,phases      ] GC(35)   VM Weak                        Min:  0.0, Avg:  0.0, Max:  0.0, Diff:  0.0, Sum:  0.0, Workers: 4
[17.694s][debug][gc,phases      ] GC(35)     Dead                           Min: 0, Avg:  0.0, Max: 0, Diff: 0, Sum: 0, Workers: 4
[17.694s][debug][gc,phases      ] GC(35)     Total                          Min: 0, Avg: 147.2, Max: 461, Diff: 461, Sum: 589, Workers: 4
[17.694s][debug][gc,phases      ] GC(35)   ObjectSynchronizer Weak        Min:  0.0, Avg:  0.0, Max:  0.0, Diff:  0.0, Sum:  0.0, Workers: 4
[17.694s][debug][gc,phases      ] GC(35)     Dead                           Min: 0, Avg:  0.0, Max: 0, Diff: 0, Sum: 0, Workers: 4
[17.694s][debug][gc,phases      ] GC(35)     Total                          Min: 0, Avg: 107.2, Max: 173, Diff: 173, Sum: 429, Workers: 4
[17.694s][debug][gc,phases      ] GC(35)   JVMTI Tag Weak OopStorage      Min:  0.0, Avg:  0.0, Max:  0.0, Diff:  0.0, Sum:  0.0, Workers: 4
[17.694s][debug][gc,phases      ] GC(35)     Dead                           Min: 0, Avg:  0.0, Max: 0, Diff: 0, Sum: 0, Workers: 4
[17.694s][debug][gc,phases      ] GC(35)     Total                          Min: 0, Avg:  0.0, Max: 0, Diff: 0, Sum: 0, Workers: 4
[17.694s][debug][gc,phases      ] GC(35)   StringTable Weak               Min:  0.1, Avg:  0.1, Max:  0.1, Diff:  0.0, Sum:  0.4, Workers: 4
[17.694s][debug][gc,phases      ] GC(35)     Dead                           Min: 0, Avg:  2.8, Max: 11, Diff: 11, Sum: 11, Workers: 4
[17.694s][debug][gc,phases      ] GC(35)     Total                          Min: 9984, Avg: 10644.2, Max: 11072, Diff: 1088, Sum: 42577, Workers: 4
[17.694s][debug][gc,phases      ] GC(35)   ResolvedMethodTable Weak       Min:  0.0, Avg:  0.0, Max:  0.0, Diff:  0.0, Sum:  0.1, Workers: 4
[17.694s][debug][gc,phases      ] GC(35)     Dead                           Min: 0, Avg:  6.0, Max: 22, Diff: 22, Sum: 24, Workers: 4
[17.694s][debug][gc,phases      ] GC(35)     Total                          Min: 1536, Avg: 1727.0, Max: 1984, Diff: 448, Sum: 6908, Workers: 4
[17.694s][debug][gc,phases      ] GC(35)   JNI Weak                       Min:  0.0, Avg:  0.0, Max:  0.0, Diff:  0.0, Sum:  0.0, Workers: 4
[17.694s][debug][gc,phases      ] GC(35)     Dead                           Min: 0, Avg:  0.0, Max: 0, Diff: 0, Sum: 0, Workers: 4
[17.694s][debug][gc,phases      ] GC(35)     Total                          Min: 0, Avg:  0.2, Max: 1, Diff: 1, Sum: 1, Workers: 4
[17.695s][debug][gc,phases      ] GC(35)   StringDedup Table Weak         Min:  0.0, Avg:  0.0, Max:  0.0, Diff:  0.0, Sum:  0.0, Workers: 4
[17.695s][debug][gc,phases      ] GC(35)     Dead                           Min: 0, Avg:  0.0, Max: 0, Diff: 0, Sum: 0, Workers: 4
[17.695s][debug][gc,phases      ] GC(35)     Total                          Min: 0, Avg:  0.0, Max: 0, Diff: 0, Sum: 0, Workers: 4
[17.695s][debug][gc,phases      ] GC(35)   StringDedup Requests0 Weak     Min:  0.0, Avg:  0.0, Max:  0.0, Diff:  0.0, Sum:  0.0, Workers: 4
[17.695s][debug][gc,phases      ] GC(35)     Dead                           Min: 0, Avg:  0.0, Max: 0, Diff: 0, Sum: 0, Workers: 4
[17.695s][debug][gc,phases      ] GC(35)     Total                          Min: 0, Avg:  0.0, Max: 0, Diff: 0, Sum: 0, Workers: 4
[17.695s][debug][gc,phases      ] GC(35)   StringDedup Requests1 Weak     Min:  0.0, Avg:  0.0, Max:  0.0, Diff:  0.0, Sum:  0.0, Workers: 4
[17.695s][debug][gc,phases      ] GC(35)     Dead                           Min: 0, Avg:  0.0, Max: 0, Diff: 0, Sum: 0, Workers: 4
[17.695s][debug][gc,phases      ] GC(35)     Total                          Min: 0, Avg:  0.0, Max: 0, Diff: 0, Sum: 0, Workers: 4
[17.695s][debug][gc,phases      ] GC(35)   Weak JFR Old Object Samples    Min:  0.0, Avg:  0.0, Max:  0.0, Diff:  0.0, Sum:  0.0, Workers: 4
[17.695s][debug][gc,phases      ] GC(35)     Dead                           Min: 0, Avg:  0.0, Max: 0, Diff: 0, Sum: 0, Workers: 4
[17.695s][debug][gc,phases      ] GC(35)     Total                          Min: 0, Avg:  0.0, Max: 0, Diff: 0, Sum: 0, Workers: 4
[17.695s][debug][gc,phases      ] GC(35) Weak Processing 0.307ms
[17.695s][debug][gc,age         ] GC(35) Desired survivor size 531628032 bytes, new threshold 15 (max threshold 15)
[17.695s][info ][gc,heap        ] GC(35) PSYoungGen: 1425726K(1569792K)->326254K(1422336K) Eden: 1095680K(1095680K)->0K(1095680K) From: 330046K(474112K)->326254K(326656K)
[17.695s][info ][gc,heap        ] GC(35) ParOldGen: 199867K(282112K)->202627K(282112K)
[17.695s][info ][gc,metaspace   ] GC(35) Metaspace: 67523K(68288K)->67523K(68288K) NonClass: 57675K(58112K)->57675K(58112K) Class: 9848K(10176K)->9848K(10176K)
[17.695s][info ][gc             ] GC(35) Pause Young (Allocation Failure) 1587M->516M(1664M) 135.459ms
[17.695s][info ][gc,cpu         ] GC(35) User=0.54s Sys=0.00s Real=0.14s
[17.695s][info ][safepoint      ] Safepoint "ParallelGCFailedAllocation", Time since last: 2348855 ns, Reaching safepoint: 94103 ns, At safepoint: 135570402 ns, Total: 135664505 ns
[17.708s][info ][safepoint      ] Safepoint "ICBufferFull", Time since last: 12791102 ns, Reaching safepoint: 89102 ns, At safepoint: 24601 ns, Total: 113703 ns
[17.712s][info ][safepoint      ] Safepoint "ICBufferFull", Time since last: 4109397 ns, Reaching safepoint: 119403 ns, At safepoint: 31701 ns, Total: 151104 ns
[17.716s][info ][safepoint      ] Safepoint "ICBufferFull", Time since last: 4532007 ns, Reaching safepoint: 99302 ns, At safepoint: 23201 ns, Total: 122503 ns
[17.763s][info ][safepoint      ] Safepoint "ICBufferFull", Time since last: 46558599 ns, Reaching safepoint: 112603 ns, At safepoint: 25100 ns, Total: 137703 ns
[17.779s][info ][safepoint      ] Safepoint "ICBufferFull", Time since last: 16105180 ns, Reaching safepoint: 130004 ns, At safepoint: 30300 ns, Total: 160304 ns
[17.788s][info ][safepoint      ] Safepoint "ICBufferFull", Time since last: 6003542 ns, Reaching safepoint: 2128150 ns, At safepoint: 32901 ns, Total: 2161051 ns
[17.793s][info ][safepoint      ] Safepoint "ICBufferFull", Time since last: 5659034 ns, Reaching safepoint: 101902 ns, At safepoint: 29201 ns, Total: 131103 ns
[17.797s][info ][safepoint      ] Safepoint "ICBufferFull", Time since last: 3644586 ns, Reaching safepoint: 99002 ns, At safepoint: 29601 ns, Total: 128603 ns
[17.809s][info ][safepoint      ] Safepoint "ICBufferFull", Time since last: 11179364 ns, Reaching safepoint: 117903 ns, At safepoint: 28600 ns, Total: 146503 ns
[17.815s][info ][safepoint      ] Safepoint "ICBufferFull", Time since last: 6347250 ns, Reaching safepoint: 132003 ns, At safepoint: 30201 ns, Total: 162204 ns
[17.819s][info ][safepoint      ] Safepoint "ICBufferFull", Time since last: 4149798 ns, Reaching safepoint: 118103 ns, At safepoint: 29800 ns, Total: 147903 ns
[17.827s][info ][safepoint      ] Safepoint "ICBufferFull", Time since last: 3877092 ns, Reaching safepoint: 4230700 ns, At safepoint: 42401 ns, Total: 4273101 ns
[17.847s][info ][safepoint      ] Safepoint "ICBufferFull", Time since last: 19766067 ns, Reaching safepoint: 103802 ns, At safepoint: 27201 ns, Total: 131003 ns
[17.851s][info ][safepoint      ] Safepoint "ICBufferFull", Time since last: 3732988 ns, Reaching safepoint: 99402 ns, At safepoint: 29101 ns, Total: 128503 ns
[17.855s][info ][safepoint      ] Safepoint "ICBufferFull", Time since last: 4106997 ns, Reaching safepoint: 99702 ns, At safepoint: 25801 ns, Total: 125503 ns
[17.858s][info ][safepoint      ] Safepoint "ICBufferFull", Time since last: 2306054 ns, Reaching safepoint: 97103 ns, At safepoint: 25700 ns, Total: 122803 ns
[17.863s][info ][safepoint      ] Safepoint "ICBufferFull", Time since last: 5188523 ns, Reaching safepoint: 105402 ns, At safepoint: 26601 ns, Total: 132003 ns
[17.867s][info ][safepoint      ] Safepoint "ICBufferFull", Time since last: 3976994 ns, Reaching safepoint: 103602 ns, At safepoint: 29801 ns, Total: 133403 ns
[17.876s][info ][safepoint      ] Safepoint "ICBufferFull", Time since last: 3961993 ns, Reaching safepoint: 4375404 ns, At safepoint: 33101 ns, Total: 4408505 ns
[17.880s][info ][safepoint      ] Safepoint "ICBufferFull", Time since last: 4075496 ns, Reaching safepoint: 90302 ns, At safepoint: 31801 ns, Total: 122103 ns
[17.884s][info ][safepoint      ] Safepoint "ICBufferFull", Time since last: 3846891 ns, Reaching safepoint: 100102 ns, At safepoint: 27501 ns, Total: 127603 ns
[17.888s][info ][safepoint      ] Safepoint "ICBufferFull", Time since last: 3940393 ns, Reaching safepoint: 116602 ns, At safepoint: 26301 ns, Total: 142903 ns
[17.892s][info ][safepoint      ] Safepoint "ICBufferFull", Time since last: 3513383 ns, Reaching safepoint: 924022 ns, At safepoint: 25200 ns, Total: 949222 ns
[17.897s][info ][safepoint      ] Safepoint "ICBufferFull", Time since last: 4157498 ns, Reaching safepoint: 78702 ns, At safepoint: 24301 ns, Total: 103003 ns
[17.900s][info ][safepoint      ] Safepoint "ICBufferFull", Time since last: 3026671 ns, Reaching safepoint: 96303 ns, At safepoint: 23800 ns, Total: 120103 ns
[17.902s][info ][safepoint      ] Safepoint "ICBufferFull", Time since last: 2541760 ns, Reaching safepoint: 96803 ns, At safepoint: 22400 ns, Total: 119203 ns
[17.907s][info ][safepoint      ] Safepoint "ICBufferFull", Time since last: 3745588 ns, Reaching safepoint: 828820 ns, At safepoint: 30001 ns, Total: 858821 ns
[17.912s][info ][safepoint      ] Safepoint "ICBufferFull", Time since last: 4473205 ns, Reaching safepoint: 102303 ns, At safepoint: 24000 ns, Total: 126303 ns
[17.916s][info ][safepoint      ] Safepoint "ICBufferFull", Time since last: 3997795 ns, Reaching safepoint: 116403 ns, At safepoint: 29600 ns, Total: 146003 ns
[17.919s][info ][safepoint      ] Safepoint "ICBufferFull", Time since last: 2875868 ns, Reaching safepoint: 101803 ns, At safepoint: 19800 ns, Total: 121603 ns
[17.928s][info ][safepoint      ] Safepoint "ICBufferFull", Time since last: 6680258 ns, Reaching safepoint: 2189851 ns, At safepoint: 30801 ns, Total: 2220652 ns
[17.932s][info ][safepoint      ] Safepoint "ICBufferFull", Time since last: 4274501 ns, Reaching safepoint: 104303 ns, At safepoint: 26000 ns, Total: 130303 ns
[17.937s][info ][safepoint      ] Safepoint "ICBufferFull", Time since last: 5041319 ns, Reaching safepoint: 113603 ns, At safepoint: 26701 ns, Total: 140304 ns
[17.944s][info ][safepoint      ] Safepoint "ICBufferFull", Time since last: 6111244 ns, Reaching safepoint: 103402 ns, At safepoint: 28801 ns, Total: 132203 ns
[17.950s][info ][safepoint      ] Safepoint "ICBufferFull", Time since last: 6717759 ns, Reaching safepoint: 77401 ns, At safepoint: 32501 ns, Total: 109902 ns
[17.962s][info ][safepoint      ] Safepoint "ICBufferFull", Time since last: 11669676 ns, Reaching safepoint: 103602 ns, At safepoint: 29001 ns, Total: 132603 ns
[17.967s][info ][safepoint      ] Safepoint "ICBufferFull", Time since last: 4394804 ns, Reaching safepoint: 99002 ns, At safepoint: 23301 ns, Total: 122303 ns
[17.970s][info ][gc,start       ] GC(36) Pause Young (Allocation Failure)
[18.106s][debug][gc,phases      ] GC(36) Scavenge 135.912ms
[18.106s][debug][gc,ref         ] GC(36) Skipped phase 1 of Reference Processing: no references
[18.106s][debug][gc,ref         ] GC(36) ReferenceProcessor::execute queues: 1, RefProcThreadModel::Single, marks_oops_alive: false
[18.106s][debug][gc,ref         ] GC(36) Skipped phase 3 of Reference Processing: no references
[18.106s][debug][gc,ref         ] GC(36) ReferenceProcessor::execute queues: 1, RefProcThreadModel::Single, marks_oops_alive: false
[18.106s][debug][gc,phases      ] GC(36) Reference Processing 0.152ms
[18.106s][debug][gc,phases      ] GC(36)   VM Weak                        Min:  0.0, Avg:  0.0, Max:  0.0, Diff:  0.0, Sum:  0.0, Workers: 4
[18.106s][debug][gc,phases      ] GC(36)     Dead                           Min: 0, Avg:  0.0, Max: 0, Diff: 0, Sum: 0, Workers: 4
[18.106s][debug][gc,phases      ] GC(36)     Total                          Min: 0, Avg: 147.2, Max: 525, Diff: 525, Sum: 589, Workers: 4
[18.106s][debug][gc,phases      ] GC(36)   ObjectSynchronizer Weak        Min:  0.0, Avg:  0.0, Max:  0.0, Diff:  0.0, Sum:  0.0, Workers: 4
[18.106s][debug][gc,phases      ] GC(36)     Dead                           Min: 0, Avg:  0.0, Max: 0, Diff: 0, Sum: 0, Workers: 4
[18.106s][debug][gc,phases      ] GC(36)     Total                          Min: 0, Avg: 107.2, Max: 237, Diff: 237, Sum: 429, Workers: 4
[18.106s][debug][gc,phases      ] GC(36)   JVMTI Tag Weak OopStorage      Min:  0.0, Avg:  0.0, Max:  0.0, Diff:  0.0, Sum:  0.0, Workers: 4
[18.106s][debug][gc,phases      ] GC(36)     Dead                           Min: 0, Avg:  0.0, Max: 0, Diff: 0, Sum: 0, Workers: 4
[18.106s][debug][gc,phases      ] GC(36)     Total                          Min: 0, Avg:  0.0, Max: 0, Diff: 0, Sum: 0, Workers: 4
[18.106s][debug][gc,phases      ] GC(36)   StringTable Weak               Min:  0.1, Avg:  0.1, Max:  0.1, Diff:  0.0, Sum:  0.4, Workers: 4
[18.106s][debug][gc,phases      ] GC(36)     Dead                           Min: 0, Avg:  0.0, Max: 0, Diff: 0, Sum: 0, Workers: 4
[18.106s][debug][gc,phases      ] GC(36)     Total                          Min: 8768, Avg: 10646.5, Max: 12789, Diff: 4021, Sum: 42586, Workers: 4
[18.106s][debug][gc,phases      ] GC(36)   ResolvedMethodTable Weak       Min:  0.0, Avg:  0.0, Max:  0.0, Diff:  0.0, Sum:  0.1, Workers: 4
[18.106s][debug][gc,phases      ] GC(36)     Dead                           Min: 0, Avg:  0.0, Max: 0, Diff: 0, Sum: 0, Workers: 4
[18.106s][debug][gc,phases      ] GC(36)     Total                          Min: 1472, Avg: 1727.0, Max: 1920, Diff: 448, Sum: 6908, Workers: 4
[18.106s][debug][gc,phases      ] GC(36)   JNI Weak                       Min:  0.0, Avg:  0.0, Max:  0.0, Diff:  0.0, Sum:  0.0, Workers: 4
[18.106s][debug][gc,phases      ] GC(36)     Dead                           Min: 0, Avg:  0.0, Max: 0, Diff: 0, Sum: 0, Workers: 4
[18.106s][debug][gc,phases      ] GC(36)     Total                          Min: 0, Avg:  1.5, Max: 6, Diff: 6, Sum: 6, Workers: 4
[18.106s][debug][gc,phases      ] GC(36)   StringDedup Table Weak         Min:  0.0, Avg:  0.0, Max:  0.0, Diff:  0.0, Sum:  0.0, Workers: 4
[18.106s][debug][gc,phases      ] GC(36)     Dead                           Min: 0, Avg:  0.0, Max: 0, Diff: 0, Sum: 0, Workers: 4
[18.106s][debug][gc,phases      ] GC(36)     Total                          Min: 0, Avg:  0.0, Max: 0, Diff: 0, Sum: 0, Workers: 4
[18.106s][debug][gc,phases      ] GC(36)   StringDedup Requests0 Weak     Min:  0.0, Avg:  0.0, Max:  0.0, Diff:  0.0, Sum:  0.0, Workers: 4
[18.106s][debug][gc,phases      ] GC(36)     Dead                           Min: 0, Avg:  0.0, Max: 0, Diff: 0, Sum: 0, Workers: 4
[18.106s][debug][gc,phases      ] GC(36)     Total                          Min: 0, Avg:  0.0, Max: 0, Diff: 0, Sum: 0, Workers: 4
[18.106s][debug][gc,phases      ] GC(36)   StringDedup Requests1 Weak     Min:  0.0, Avg:  0.0, Max:  0.0, Diff:  0.0, Sum:  0.0, Workers: 4
[18.106s][debug][gc,phases      ] GC(36)     Dead                           Min: 0, Avg:  0.0, Max: 0, Diff: 0, Sum: 0, Workers: 4
[18.106s][debug][gc,phases      ] GC(36)     Total                          Min: 0, Avg:  0.0, Max: 0, Diff: 0, Sum: 0, Workers: 4
[18.106s][debug][gc,phases      ] GC(36)   Weak JFR Old Object Samples    Min:  0.0, Avg:  0.0, Max:  0.0, Diff:  0.0, Sum:  0.0, Workers: 4
[18.106s][debug][gc,phases      ] GC(36)     Dead                           Min: 0, Avg:  0.0, Max: 0, Diff: 0, Sum: 0, Workers: 4
[18.106s][debug][gc,phases      ] GC(36)     Total                          Min: 0, Avg:  0.0, Max: 0, Diff: 0, Sum: 0, Workers: 4
[18.106s][debug][gc,phases      ] GC(36) Weak Processing 0.312ms
[18.106s][debug][gc,age         ] GC(36) Desired survivor size 536870912 bytes, new threshold 14 (max threshold 15)
[18.106s][info ][gc,heap        ] GC(36) PSYoungGen: 1421934K(1422336K)->322526K(1567744K) Eden: 1095680K(1095680K)->0K(1048576K) From: 326254K(326656K)->322526K(519168K)
[18.106s][info ][gc,heap        ] GC(36) ParOldGen: 202627K(282112K)->205715K(282112K)
[18.106s][info ][gc,metaspace   ] GC(36) Metaspace: 67580K(68352K)->67580K(68352K) NonClass: 57732K(58176K)->57732K(58176K) Class: 9848K(10176K)->9848K(10176K)
[18.107s][info ][gc             ] GC(36) Pause Young (Allocation Failure) 1586M->515M(1806M) 136.503ms
[18.107s][info ][gc,cpu         ] GC(36) User=0.55s Sys=0.00s Real=0.14s
[18.107s][info ][safepoint      ] Safepoint "ParallelGCFailedAllocation", Time since last: 3162074 ns, Reaching safepoint: 104503 ns, At safepoint: 136616125 ns, Total: 136720628 ns
[18.121s][info ][safepoint      ] Safepoint "ICBufferFull", Time since last: 14566944 ns, Reaching safepoint: 109503 ns, At safepoint: 27401 ns, Total: 136904 ns
[18.132s][info ][safepoint      ] Safepoint "ICBufferFull", Time since last: 5468629 ns, Reaching safepoint: 5304925 ns, At safepoint: 36801 ns, Total: 5341726 ns
[18.148s][info ][safepoint      ] Safepoint "ICBufferFull", Time since last: 15364863 ns, Reaching safepoint: 111402 ns, At safepoint: 23401 ns, Total: 134803 ns
[18.154s][info ][safepoint      ] Safepoint "ICBufferFull", Time since last: 5746236 ns, Reaching safepoint: 135703 ns, At safepoint: 36901 ns, Total: 172604 ns
[18.158s][info ][safepoint      ] Safepoint "ICBufferFull", Time since last: 4255400 ns, Reaching safepoint: 115603 ns, At safepoint: 55401 ns, Total: 171004 ns
[18.162s][info ][safepoint      ] Safepoint "ICBufferFull", Time since last: 4194199 ns, Reaching safepoint: 116603 ns, At safepoint: 23101 ns, Total: 139704 ns
[18.335s][info ][gc,start       ] GC(37) Pause Young (Allocation Failure)
[18.466s][debug][gc,phases      ] GC(37) Scavenge 131.726ms
[18.466s][debug][gc,ref         ] GC(37) Skipped phase 1 of Reference Processing: no references
[18.467s][debug][gc,ref         ] GC(37) ReferenceProcessor::execute queues: 1, RefProcThreadModel::Single, marks_oops_alive: false
[18.467s][debug][gc,ref         ] GC(37) Skipped phase 3 of Reference Processing: no references
[18.467s][debug][gc,ref         ] GC(37) ReferenceProcessor::execute queues: 1, RefProcThreadModel::Single, marks_oops_alive: false
[18.467s][debug][gc,phases      ] GC(37) Reference Processing 0.145ms
[18.467s][debug][gc,phases      ] GC(37)   VM Weak                        Min:  0.0, Avg:  0.0, Max:  0.0, Diff:  0.0, Sum:  0.0, Workers: 4
[18.467s][debug][gc,phases      ] GC(37)     Dead                           Min: 0, Avg:  0.0, Max: 0, Diff: 0, Sum: 0, Workers: 4
[18.467s][debug][gc,phases      ] GC(37)     Total                          Min: 0, Avg: 147.2, Max: 525, Diff: 525, Sum: 589, Workers: 4
[18.467s][debug][gc,phases      ] GC(37)   ObjectSynchronizer Weak        Min:  0.0, Avg:  0.0, Max:  0.0, Diff:  0.0, Sum:  0.0, Workers: 4
[18.467s][debug][gc,phases      ] GC(37)     Dead                           Min: 0, Avg:  0.0, Max: 0, Diff: 0, Sum: 0, Workers: 4
[18.467s][debug][gc,phases      ] GC(37)     Total                          Min: 0, Avg: 107.2, Max: 237, Diff: 237, Sum: 429, Workers: 4
[18.467s][debug][gc,phases      ] GC(37)   JVMTI Tag Weak OopStorage      Min:  0.0, Avg:  0.0, Max:  0.0, Diff:  0.0, Sum:  0.0, Workers: 4
[18.467s][debug][gc,phases      ] GC(37)     Dead                           Min: 0, Avg:  0.0, Max: 0, Diff: 0, Sum: 0, Workers: 4
[18.467s][debug][gc,phases      ] GC(37)     Total                          Min: 0, Avg:  0.0, Max: 0, Diff: 0, Sum: 0, Workers: 4
[18.467s][debug][gc,phases      ] GC(37)   StringTable Weak               Min:  0.1, Avg:  0.1, Max:  0.1, Diff:  0.0, Sum:  0.5, Workers: 4
[18.467s][debug][gc,phases      ] GC(37)     Dead                           Min: 0, Avg:  2.8, Max: 11, Diff: 11, Sum: 11, Workers: 4
[18.467s][debug][gc,phases      ] GC(37)     Total                          Min: 9280, Avg: 10652.5, Max: 12544, Diff: 3264, Sum: 42610, Workers: 4
[18.467s][debug][gc,phases      ] GC(37)   ResolvedMethodTable Weak       Min:  0.0, Avg:  0.0, Max:  0.0, Diff:  0.0, Sum:  0.1, Workers: 4
[18.467s][debug][gc,phases      ] GC(37)     Dead                           Min: 0, Avg:  0.0, Max: 0, Diff: 0, Sum: 0, Workers: 4
[18.467s][debug][gc,phases      ] GC(37)     Total                          Min: 1536, Avg: 1727.0, Max: 1852, Diff: 316, Sum: 6908, Workers: 4
[18.467s][debug][gc,phases      ] GC(37)   JNI Weak                       Min:  0.0, Avg:  0.0, Max:  0.0, Diff:  0.0, Sum:  0.0, Workers: 4
[18.467s][debug][gc,phases      ] GC(37)     Dead                           Min: 0, Avg:  0.0, Max: 0, Diff: 0, Sum: 0, Workers: 4
[18.467s][debug][gc,phases      ] GC(37)     Total                          Min: 0, Avg:  1.2, Max: 5, Diff: 5, Sum: 5, Workers: 4
[18.467s][debug][gc,phases      ] GC(37)   StringDedup Table Weak         Min:  0.0, Avg:  0.0, Max:  0.0, Diff:  0.0, Sum:  0.0, Workers: 4
[18.467s][debug][gc,phases      ] GC(37)     Dead                           Min: 0, Avg:  0.0, Max: 0, Diff: 0, Sum: 0, Workers: 4
[18.467s][debug][gc,phases      ] GC(37)     Total                          Min: 0, Avg:  0.0, Max: 0, Diff: 0, Sum: 0, Workers: 4
[18.467s][debug][gc,phases      ] GC(37)   StringDedup Requests0 Weak     Min:  0.0, Avg:  0.0, Max:  0.0, Diff:  0.0, Sum:  0.0, Workers: 4
[18.467s][debug][gc,phases      ] GC(37)     Dead                           Min: 0, Avg:  0.0, Max: 0, Diff: 0, Sum: 0, Workers: 4
[18.467s][debug][gc,phases      ] GC(37)     Total                          Min: 0, Avg:  0.0, Max: 0, Diff: 0, Sum: 0, Workers: 4
[18.467s][debug][gc,phases      ] GC(37)   StringDedup Requests1 Weak     Min:  0.0, Avg:  0.0, Max:  0.0, Diff:  0.0, Sum:  0.0, Workers: 4
[18.467s][debug][gc,phases      ] GC(37)     Dead                           Min: 0, Avg:  0.0, Max: 0, Diff: 0, Sum: 0, Workers: 4
[18.467s][debug][gc,phases      ] GC(37)     Total                          Min: 0, Avg:  0.0, Max: 0, Diff: 0, Sum: 0, Workers: 4
[18.467s][debug][gc,phases      ] GC(37)   Weak JFR Old Object Samples    Min:  0.0, Avg:  0.0, Max:  0.0, Diff:  0.0, Sum:  0.0, Workers: 4
[18.467s][debug][gc,phases      ] GC(37)     Dead                           Min: 0, Avg:  0.0, Max: 0, Diff: 0, Sum: 0, Workers: 4
[18.467s][debug][gc,phases      ] GC(37)     Total                          Min: 0, Avg:  0.0, Max: 0, Diff: 0, Sum: 0, Workers: 4
[18.467s][debug][gc,phases      ] GC(37) Weak Processing 0.335ms
[18.467s][debug][gc,age         ] GC(37) Desired survivor size 536870912 bytes, new threshold 13 (max threshold 15)
[18.467s][info ][gc,heap        ] GC(37) PSYoungGen: 1371102K(1567744K)->316096K(1572864K) Eden: 1048576K(1048576K)->0K(1048576K) From: 322526K(519168K)->316096K(524288K)
[18.467s][info ][gc,heap        ] GC(37) ParOldGen: 205715K(282112K)->211089K(282112K)
[18.467s][info ][gc,metaspace   ] GC(37) Metaspace: 67757K(68480K)->67757K(68480K) NonClass: 57895K(58304K)->57895K(58304K) Class: 9862K(10176K)->9862K(10176K)
[18.467s][info ][gc             ] GC(37) Pause Young (Allocation Failure) 1539M->514M(1811M) 132.378ms
[18.467s][info ][gc,cpu         ] GC(37) User=0.54s Sys=0.00s Real=0.13s
[18.467s][info ][safepoint      ] Safepoint "ParallelGCFailedAllocation", Time since last: 172141464 ns, Reaching safepoint: 165104 ns, At safepoint: 132497329 ns, Total: 132662433 ns
[18.740s][info ][gc,start       ] GC(38) Pause Young (Allocation Failure)
[18.870s][debug][gc,phases      ] GC(38) Scavenge 129.469ms
[18.870s][debug][gc,ref         ] GC(38) Skipped phase 1 of Reference Processing: no references
[18.870s][debug][gc,ref         ] GC(38) ReferenceProcessor::execute queues: 1, RefProcThreadModel::Single, marks_oops_alive: false
[18.870s][debug][gc,ref         ] GC(38) Skipped phase 3 of Reference Processing: no references
[18.870s][debug][gc,ref         ] GC(38) ReferenceProcessor::execute queues: 1, RefProcThreadModel::Single, marks_oops_alive: false
[18.870s][debug][gc,phases      ] GC(38) Reference Processing 0.138ms
[18.870s][debug][gc,phases      ] GC(38)   VM Weak                        Min:  0.0, Avg:  0.0, Max:  0.0, Diff:  0.0, Sum:  0.0, Workers: 4
[18.870s][debug][gc,phases      ] GC(38)     Dead                           Min: 0, Avg:  0.0, Max: 0, Diff: 0, Sum: 0, Workers: 4
[18.870s][debug][gc,phases      ] GC(38)     Total                          Min: 0, Avg: 147.2, Max: 269, Diff: 269, Sum: 589, Workers: 4
[18.870s][debug][gc,phases      ] GC(38)   ObjectSynchronizer Weak        Min:  0.0, Avg:  0.0, Max:  0.0, Diff:  0.0, Sum:  0.0, Workers: 4
[18.870s][debug][gc,phases      ] GC(38)     Dead                           Min: 0, Avg:  0.0, Max: 0, Diff: 0, Sum: 0, Workers: 4
[18.870s][debug][gc,phases      ] GC(38)     Total                          Min: 0, Avg: 107.2, Max: 173, Diff: 173, Sum: 429, Workers: 4
[18.870s][debug][gc,phases      ] GC(38)   JVMTI Tag Weak OopStorage      Min:  0.0, Avg:  0.0, Max:  0.0, Diff:  0.0, Sum:  0.0, Workers: 4
[18.870s][debug][gc,phases      ] GC(38)     Dead                           Min: 0, Avg:  0.0, Max: 0, Diff: 0, Sum: 0, Workers: 4
[18.870s][debug][gc,phases      ] GC(38)     Total                          Min: 0, Avg:  0.0, Max: 0, Diff: 0, Sum: 0, Workers: 4
[18.870s][debug][gc,phases      ] GC(38)   StringTable Weak               Min:  0.1, Avg:  0.1, Max:  0.1, Diff:  0.0, Sum:  0.4, Workers: 4
[18.870s][debug][gc,phases      ] GC(38)     Dead                           Min: 0, Avg:  2.8, Max: 10, Diff: 10, Sum: 11, Workers: 4
[18.870s][debug][gc,phases      ] GC(38)     Total                          Min: 10176, Avg: 10657.8, Max: 11200, Diff: 1024, Sum: 42631, Workers: 4
[18.870s][debug][gc,phases      ] GC(38)   ResolvedMethodTable Weak       Min:  0.0, Avg:  0.0, Max:  0.0, Diff:  0.0, Sum:  0.1, Workers: 4
[18.870s][debug][gc,phases      ] GC(38)     Dead                           Min: 0, Avg:  0.2, Max: 1, Diff: 1, Sum: 1, Workers: 4
[18.870s][debug][gc,phases      ] GC(38)     Total                          Min: 1546, Avg: 1730.5, Max: 1856, Diff: 310, Sum: 6922, Workers: 4
[18.870s][debug][gc,phases      ] GC(38)   JNI Weak                       Min:  0.0, Avg:  0.0, Max:  0.0, Diff:  0.0, Sum:  0.0, Workers: 4
[18.870s][debug][gc,phases      ] GC(38)     Dead                           Min: 0, Avg:  0.0, Max: 0, Diff: 0, Sum: 0, Workers: 4
[18.870s][debug][gc,phases      ] GC(38)     Total                          Min: 0, Avg:  2.2, Max: 9, Diff: 9, Sum: 9, Workers: 4
[18.870s][debug][gc,phases      ] GC(38)   StringDedup Table Weak         Min:  0.0, Avg:  0.0, Max:  0.0, Diff:  0.0, Sum:  0.0, Workers: 4
[18.870s][debug][gc,phases      ] GC(38)     Dead                           Min: 0, Avg:  0.0, Max: 0, Diff: 0, Sum: 0, Workers: 4
[18.870s][debug][gc,phases      ] GC(38)     Total                          Min: 0, Avg:  0.0, Max: 0, Diff: 0, Sum: 0, Workers: 4
[18.870s][debug][gc,phases      ] GC(38)   StringDedup Requests0 Weak     Min:  0.0, Avg:  0.0, Max:  0.0, Diff:  0.0, Sum:  0.0, Workers: 4
[18.870s][debug][gc,phases      ] GC(38)     Dead                           Min: 0, Avg:  0.0, Max: 0, Diff: 0, Sum: 0, Workers: 4
[18.870s][debug][gc,phases      ] GC(38)     Total                          Min: 0, Avg:  0.0, Max: 0, Diff: 0, Sum: 0, Workers: 4
[18.870s][debug][gc,phases      ] GC(38)   StringDedup Requests1 Weak     Min:  0.0, Avg:  0.0, Max:  0.0, Diff:  0.0, Sum:  0.0, Workers: 4
[18.870s][debug][gc,phases      ] GC(38)     Dead                           Min: 0, Avg:  0.0, Max: 0, Diff: 0, Sum: 0, Workers: 4
[18.870s][debug][gc,phases      ] GC(38)     Total                          Min: 0, Avg:  0.0, Max: 0, Diff: 0, Sum: 0, Workers: 4
[18.870s][debug][gc,phases      ] GC(38)   Weak JFR Old Object Samples    Min:  0.0, Avg:  0.0, Max:  0.0, Diff:  0.0, Sum:  0.0, Workers: 4
[18.870s][debug][gc,phases      ] GC(38)     Dead                           Min: 0, Avg:  0.0, Max: 0, Diff: 0, Sum: 0, Workers: 4
[18.870s][debug][gc,phases      ] GC(38)     Total                          Min: 0, Avg:  0.0, Max: 0, Diff: 0, Sum: 0, Workers: 4
[18.870s][debug][gc,phases      ] GC(38) Weak Processing 0.327ms
[18.870s][debug][gc,age         ] GC(38) Desired survivor size 536870912 bytes, new threshold 12 (max threshold 15)
[18.870s][info ][gc,heap        ] GC(38) PSYoungGen: 1364672K(1572864K)->306272K(1572864K) Eden: 1048576K(1048576K)->0K(1048576K) From: 316096K(524288K)->306272K(524288K)
[18.870s][info ][gc,heap        ] GC(38) ParOldGen: 211089K(282112K)->219814K(282112K)
[18.870s][info ][gc,metaspace   ] GC(38) Metaspace: 67850K(68608K)->67850K(68608K) NonClass: 57977K(58368K)->57977K(58368K) Class: 9872K(10240K)->9872K(10240K)
[18.870s][info ][gc             ] GC(38) Pause Young (Allocation Failure) 1538M->513M(1811M) 130.072ms
[18.870s][info ][gc,cpu         ] GC(38) User=0.52s Sys=0.00s Real=0.13s
[18.870s][info ][safepoint      ] Safepoint "ParallelGCFailedAllocation", Time since last: 272844842 ns, Reaching safepoint: 239006 ns, At safepoint: 130195473 ns, Total: 130434479 ns
[19.047s][info ][gc,start       ] GC(39) Pause Young (Allocation Failure)
[19.175s][debug][gc,phases      ] GC(39) Scavenge 128.354ms
[19.175s][debug][gc,ref         ] GC(39) Skipped phase 1 of Reference Processing: no references
[19.175s][debug][gc,ref         ] GC(39) ReferenceProcessor::execute queues: 1, RefProcThreadModel::Single, marks_oops_alive: false
[19.175s][debug][gc,ref         ] GC(39) Skipped phase 3 of Reference Processing: no references
[19.175s][debug][gc,ref         ] GC(39) ReferenceProcessor::execute queues: 1, RefProcThreadModel::Single, marks_oops_alive: false
[19.175s][debug][gc,phases      ] GC(39) Reference Processing 0.146ms
[19.175s][debug][gc,phases      ] GC(39)   VM Weak                        Min:  0.0, Avg:  0.0, Max:  0.0, Diff:  0.0, Sum:  0.0, Workers: 4
[19.175s][debug][gc,phases      ] GC(39)     Dead                           Min: 0, Avg:  0.0, Max: 0, Diff: 0, Sum: 0, Workers: 4
[19.175s][debug][gc,phases      ] GC(39)     Total                          Min: 0, Avg: 147.2, Max: 333, Diff: 333, Sum: 589, Workers: 4
[19.175s][debug][gc,phases      ] GC(39)   ObjectSynchronizer Weak        Min:  0.0, Avg:  0.0, Max:  0.0, Diff:  0.0, Sum:  0.0, Workers: 4
[19.175s][debug][gc,phases      ] GC(39)     Dead                           Min: 0, Avg:  0.0, Max: 0, Diff: 0, Sum: 0, Workers: 4
[19.175s][debug][gc,phases      ] GC(39)     Total                          Min: 0, Avg: 107.2, Max: 173, Diff: 173, Sum: 429, Workers: 4
[19.175s][debug][gc,phases      ] GC(39)   JVMTI Tag Weak OopStorage      Min:  0.0, Avg:  0.0, Max:  0.0, Diff:  0.0, Sum:  0.0, Workers: 4
[19.175s][debug][gc,phases      ] GC(39)     Dead                           Min: 0, Avg:  0.0, Max: 0, Diff: 0, Sum: 0, Workers: 4
[19.175s][debug][gc,phases      ] GC(39)     Total                          Min: 0, Avg:  0.0, Max: 0, Diff: 0, Sum: 0, Workers: 4
[19.175s][debug][gc,phases      ] GC(39)   StringTable Weak               Min:  0.1, Avg:  0.1, Max:  0.1, Diff:  0.0, Sum:  0.4, Workers: 4
[19.175s][debug][gc,phases      ] GC(39)     Dead                           Min: 0, Avg:  0.0, Max: 0, Diff: 0, Sum: 0, Workers: 4
[19.175s][debug][gc,phases      ] GC(39)     Total                          Min: 10063, Avg: 10659.8, Max: 11584, Diff: 1521, Sum: 42639, Workers: 4
[19.175s][debug][gc,phases      ] GC(39)   ResolvedMethodTable Weak       Min:  0.0, Avg:  0.0, Max:  0.0, Diff:  0.0, Sum:  0.1, Workers: 4
[19.175s][debug][gc,phases      ] GC(39)     Dead                           Min: 0, Avg:  0.0, Max: 0, Diff: 0, Sum: 0, Workers: 4
[19.175s][debug][gc,phases      ] GC(39)     Total                          Min: 1482, Avg: 1730.5, Max: 2048, Diff: 566, Sum: 6922, Workers: 4
[19.175s][debug][gc,phases      ] GC(39)   JNI Weak                       Min:  0.0, Avg:  0.0, Max:  0.0, Diff:  0.0, Sum:  0.0, Workers: 4
[19.175s][debug][gc,phases      ] GC(39)     Dead                           Min: 0, Avg:  0.0, Max: 0, Diff: 0, Sum: 0, Workers: 4
[19.175s][debug][gc,phases      ] GC(39)     Total                          Min: 0, Avg:  3.2, Max: 13, Diff: 13, Sum: 13, Workers: 4
[19.176s][debug][gc,phases      ] GC(39)   StringDedup Table Weak         Min:  0.0, Avg:  0.0, Max:  0.0, Diff:  0.0, Sum:  0.0, Workers: 4
[19.176s][debug][gc,phases      ] GC(39)     Dead                           Min: 0, Avg:  0.0, Max: 0, Diff: 0, Sum: 0, Workers: 4
[19.176s][debug][gc,phases      ] GC(39)     Total                          Min: 0, Avg:  0.0, Max: 0, Diff: 0, Sum: 0, Workers: 4
[19.176s][debug][gc,phases      ] GC(39)   StringDedup Requests0 Weak     Min:  0.0, Avg:  0.0, Max:  0.0, Diff:  0.0, Sum:  0.0, Workers: 4
[19.176s][debug][gc,phases      ] GC(39)     Dead                           Min: 0, Avg:  0.0, Max: 0, Diff: 0, Sum: 0, Workers: 4
[19.176s][debug][gc,phases      ] GC(39)     Total                          Min: 0, Avg:  0.0, Max: 0, Diff: 0, Sum: 0, Workers: 4
[19.176s][debug][gc,phases      ] GC(39)   StringDedup Requests1 Weak     Min:  0.0, Avg:  0.0, Max:  0.0, Diff:  0.0, Sum:  0.0, Workers: 4
[19.176s][debug][gc,phases      ] GC(39)     Dead                           Min: 0, Avg:  0.0, Max: 0, Diff: 0, Sum: 0, Workers: 4
[19.176s][debug][gc,phases      ] GC(39)     Total                          Min: 0, Avg:  0.0, Max: 0, Diff: 0, Sum: 0, Workers: 4
[19.176s][debug][gc,phases      ] GC(39)   Weak JFR Old Object Samples    Min:  0.0, Avg:  0.0, Max:  0.0, Diff:  0.0, Sum:  0.0, Workers: 4
[19.176s][debug][gc,phases      ] GC(39)     Dead                           Min: 0, Avg:  0.0, Max: 0, Diff: 0, Sum: 0, Workers: 4
[19.176s][debug][gc,phases      ] GC(39)     Total                          Min: 0, Avg:  0.0, Max: 0, Diff: 0, Sum: 0, Workers: 4
[19.176s][debug][gc,phases      ] GC(39) Weak Processing 0.364ms
[19.176s][debug][gc,age         ] GC(39) Desired survivor size 516947968 bytes, new threshold 12 (max threshold 15)
[19.176s][info ][gc,heap        ] GC(39) PSYoungGen: 1354848K(1572864K)->233904K(1572864K) Eden: 1048576K(1048576K)->0K(1048576K) From: 306272K(524288K)->233904K(524288K)
[19.176s][info ][gc,heap        ] GC(39) ParOldGen: 219814K(282112K)->291998K(292352K)
[19.176s][info ][gc,metaspace   ] GC(39) Metaspace: 67859K(68608K)->67859K(68608K) NonClass: 57986K(58368K)->57986K(58368K) Class: 9873K(10240K)->9873K(10240K)
[19.176s][info ][gc             ] GC(39) Pause Young (Allocation Failure) 1537M->513M(1821M) 129.017ms
[19.176s][info ][gc,cpu         ] GC(39) User=0.50s Sys=0.02s Real=0.13s
[19.176s][debug][gc,phases      ] GC(40) Pre Compact 0.013ms
[19.176s][info ][gc,start       ] GC(40) Pause Full (Ergonomics)
[19.176s][info ][gc,phases,start] GC(40) Marking Phase
[19.376s][debug][gc,phases      ] GC(40) Par Mark 199.717ms
[19.376s][debug][gc,ref         ] GC(40) Skipped phase 1 of Reference Processing: no references
[19.376s][debug][gc,ref         ] GC(40) ReferenceProcessor::execute queues: 4, RefProcThreadModel::Multi, marks_oops_alive: false
[19.376s][debug][gc,ref         ] GC(40) Skipped phase 3 of Reference Processing: no references
[19.376s][debug][gc,ref         ] GC(40) ReferenceProcessor::execute queues: 1, RefProcThreadModel::Single, marks_oops_alive: false
[19.376s][debug][gc,phases      ] GC(40) Reference Processing 0.423ms
[19.376s][debug][gc,phases      ] GC(40)   VM Weak                        Min:  0.0, Avg:  0.0, Max:  0.0, Diff:  0.0, Sum:  0.0, Workers: 4
[19.376s][debug][gc,phases      ] GC(40)     Dead                           Min: 0, Avg:  0.0, Max: 0, Diff: 0, Sum: 0, Workers: 4
[19.376s][debug][gc,phases      ] GC(40)     Total                          Min: 0, Avg: 147.2, Max: 397, Diff: 397, Sum: 589, Workers: 4
[19.376s][debug][gc,phases      ] GC(40)   ObjectSynchronizer Weak        Min:  0.0, Avg:  0.0, Max:  0.0, Diff:  0.0, Sum:  0.0, Workers: 4
[19.376s][debug][gc,phases      ] GC(40)     Dead                           Min: 0, Avg:  0.0, Max: 0, Diff: 0, Sum: 0, Workers: 4
[19.376s][debug][gc,phases      ] GC(40)     Total                          Min: 0, Avg: 107.2, Max: 173, Diff: 173, Sum: 429, Workers: 4
[19.376s][debug][gc,phases      ] GC(40)   JVMTI Tag Weak OopStorage      Min:  0.0, Avg:  0.0, Max:  0.0, Diff:  0.0, Sum:  0.0, Workers: 4
[19.376s][debug][gc,phases      ] GC(40)     Dead                           Min: 0, Avg:  0.0, Max: 0, Diff: 0, Sum: 0, Workers: 4
[19.376s][debug][gc,phases      ] GC(40)     Total                          Min: 0, Avg:  0.0, Max: 0, Diff: 0, Sum: 0, Workers: 4
[19.376s][debug][gc,phases      ] GC(40)   StringTable Weak               Min:  0.1, Avg:  0.1, Max:  0.2, Diff:  0.0, Sum:  0.6, Workers: 4
[19.376s][debug][gc,phases      ] GC(40)     Dead                           Min: 0, Avg:  0.0, Max: 0, Diff: 0, Sum: 0, Workers: 4
[19.376s][debug][gc,phases      ] GC(40)     Total                          Min: 9344, Avg: 10659.8, Max: 12288, Diff: 2944, Sum: 42639, Workers: 4
[19.376s][debug][gc,phases      ] GC(40)   ResolvedMethodTable Weak       Min:  0.0, Avg:  0.0, Max:  0.0, Diff:  0.0, Sum:  0.1, Workers: 4
[19.376s][debug][gc,phases      ] GC(40)     Dead                           Min: 0, Avg:  0.2, Max: 1, Diff: 1, Sum: 1, Workers: 4
[19.376s][debug][gc,phases      ] GC(40)     Total                          Min: 1535, Avg: 1730.5, Max: 1931, Diff: 396, Sum: 6922, Workers: 4
[19.376s][debug][gc,phases      ] GC(40)   JNI Weak                       Min:  0.0, Avg:  0.0, Max:  0.0, Diff:  0.0, Sum:  0.0, Workers: 4
[19.376s][debug][gc,phases      ] GC(40)     Dead                           Min: 0, Avg:  0.0, Max: 0, Diff: 0, Sum: 0, Workers: 4
[19.376s][debug][gc,phases      ] GC(40)     Total                          Min: 0, Avg:  3.2, Max: 13, Diff: 13, Sum: 13, Workers: 4
[19.376s][debug][gc,phases      ] GC(40)   StringDedup Table Weak         Min:  0.0, Avg:  0.0, Max:  0.0, Diff:  0.0, Sum:  0.0, Workers: 4
[19.376s][debug][gc,phases      ] GC(40)     Dead                           Min: 0, Avg:  0.0, Max: 0, Diff: 0, Sum: 0, Workers: 4
[19.376s][debug][gc,phases      ] GC(40)     Total                          Min: 0, Avg:  0.0, Max: 0, Diff: 0, Sum: 0, Workers: 4
[19.376s][debug][gc,phases      ] GC(40)   StringDedup Requests0 Weak     Min:  0.0, Avg:  0.0, Max:  0.0, Diff:  0.0, Sum:  0.0, Workers: 4
[19.376s][debug][gc,phases      ] GC(40)     Dead                           Min: 0, Avg:  0.0, Max: 0, Diff: 0, Sum: 0, Workers: 4
[19.376s][debug][gc,phases      ] GC(40)     Total                          Min: 0, Avg:  0.0, Max: 0, Diff: 0, Sum: 0, Workers: 4
[19.376s][debug][gc,phases      ] GC(40)   StringDedup Requests1 Weak     Min:  0.0, Avg:  0.0, Max:  0.0, Diff:  0.0, Sum:  0.0, Workers: 4
[19.376s][debug][gc,phases      ] GC(40)     Dead                           Min: 0, Avg:  0.0, Max: 0, Diff: 0, Sum: 0, Workers: 4
[19.376s][debug][gc,phases      ] GC(40)     Total                          Min: 0, Avg:  0.0, Max: 0, Diff: 0, Sum: 0, Workers: 4
[19.376s][debug][gc,phases      ] GC(40)   Weak JFR Old Object Samples    Min:  0.0, Avg:  0.0, Max:  0.0, Diff:  0.0, Sum:  0.0, Workers: 4
[19.376s][debug][gc,phases      ] GC(40)     Dead                           Min: 0, Avg:  0.0, Max: 0, Diff: 0, Sum: 0, Workers: 4
[19.376s][debug][gc,phases      ] GC(40)     Total                          Min: 0, Avg:  0.0, Max: 0, Diff: 0, Sum: 0, Workers: 4
[19.376s][debug][gc,phases      ] GC(40) Weak Processing 0.366ms
[19.376s][debug][gc,phases      ] GC(40) ClassLoaderData 0.080ms
[19.376s][debug][gc,phases      ] GC(40) Trigger cleanups 0.000ms
[19.385s][debug][gc,phases      ] GC(40) Class Unloading 8.704ms
[19.385s][info ][gc,phases      ] GC(40) Marking Phase 209.374ms
[19.385s][info ][gc,phases,start] GC(40) Summary Phase
[19.385s][info ][gc,phases      ] GC(40) Summary Phase 0.012ms
[19.385s][info ][gc,phases,start] GC(40) Adjust Roots
[19.395s][info ][gc,phases      ] GC(40) Adjust Roots 9.660ms
[19.395s][info ][gc,phases,start] GC(40) Compaction Phase
[19.968s][info ][gc,phases      ] GC(40) Compaction Phase 572.759ms
[19.968s][info ][gc,phases,start] GC(40) Post Compact
[19.969s][info ][gc,phases      ] GC(40) Post Compact 1.670ms
[19.969s][info ][gc,heap        ] GC(40) PSYoungGen: 233904K(1572864K)->231500K(1572864K) Eden: 0K(1048576K)->0K(1048576K) From: 233904K(524288K)->231500K(524288K)
[19.969s][info ][gc,heap        ] GC(40) ParOldGen: 291998K(292352K)->292142K(378880K)
[19.969s][info ][gc,metaspace   ] GC(40) Metaspace: 67859K(68608K)->67859K(68608K) NonClass: 57986K(58368K)->57986K(58368K) Class: 9873K(10240K)->9873K(10240K)
[19.969s][info ][gc             ] GC(40) Pause Full (Ergonomics) 513M->511M(1906M) 793.789ms
[19.969s][info ][gc,cpu         ] GC(40) User=3.10s Sys=0.00s Real=0.79s
[19.990s][info ][safepoint      ] Safepoint "ParallelGCFailedAllocation", Time since last: 176047355 ns, Reaching safepoint: 170104 ns, At safepoint: 943691670 ns, Total: 943861774 ns
[20.221s][info ][gc,start       ] GC(41) Pause Young (Allocation Failure)
[20.358s][debug][gc,phases      ] GC(41) Scavenge 136.672ms
[20.358s][debug][gc,ref         ] GC(41) Skipped phase 1 of Reference Processing: no references
[20.358s][debug][gc,ref         ] GC(41) ReferenceProcessor::execute queues: 1, RefProcThreadModel::Single, marks_oops_alive: false
[20.358s][debug][gc,ref         ] GC(41) Skipped phase 3 of Reference Processing: no references
[20.358s][debug][gc,ref         ] GC(41) Skipped phase 4 of Reference Processing: no references
[20.358s][debug][gc,phases      ] GC(41) Reference Processing 0.113ms
[20.358s][debug][gc,phases      ] GC(41)   VM Weak                        Min:  0.0, Avg:  0.0, Max:  0.0, Diff:  0.0, Sum:  0.0, Workers: 4
[20.358s][debug][gc,phases      ] GC(41)     Dead                           Min: 0, Avg:  0.0, Max: 0, Diff: 0, Sum: 0, Workers: 4
[20.358s][debug][gc,phases      ] GC(41)     Total                          Min: 0, Avg: 147.2, Max: 320, Diff: 320, Sum: 589, Workers: 4
[20.358s][debug][gc,phases      ] GC(41)   ObjectSynchronizer Weak        Min:  0.0, Avg:  0.0, Max:  0.0, Diff:  0.0, Sum:  0.0, Workers: 4
[20.358s][debug][gc,phases      ] GC(41)     Dead                           Min: 0, Avg:  0.0, Max: 0, Diff: 0, Sum: 0, Workers: 4
[20.358s][debug][gc,phases      ] GC(41)     Total                          Min: 0, Avg: 107.2, Max: 173, Diff: 173, Sum: 429, Workers: 4
[20.358s][debug][gc,phases      ] GC(41)   JVMTI Tag Weak OopStorage      Min:  0.0, Avg:  0.0, Max:  0.0, Diff:  0.0, Sum:  0.0, Workers: 4
[20.358s][debug][gc,phases      ] GC(41)     Dead                           Min: 0, Avg:  0.0, Max: 0, Diff: 0, Sum: 0, Workers: 4
[20.358s][debug][gc,phases      ] GC(41)     Total                          Min: 0, Avg:  0.0, Max: 0, Diff: 0, Sum: 0, Workers: 4
[20.358s][debug][gc,phases      ] GC(41)   StringTable Weak               Min:  0.1, Avg:  0.1, Max:  0.1, Diff:  0.0, Sum:  0.4, Workers: 4
[20.358s][debug][gc,phases      ] GC(41)     Dead                           Min: 0, Avg:  2.8, Max: 11, Diff: 11, Sum: 11, Workers: 4
[20.359s][debug][gc,phases      ] GC(41)     Total                          Min: 9792, Avg: 10659.8, Max: 11958, Diff: 2166, Sum: 42639, Workers: 4
[20.359s][debug][gc,phases      ] GC(41)   ResolvedMethodTable Weak       Min:  0.0, Avg:  0.0, Max:  0.0, Diff:  0.0, Sum:  0.1, Workers: 4
[20.359s][debug][gc,phases      ] GC(41)     Dead                           Min: 0, Avg:  0.0, Max: 0, Diff: 0, Sum: 0, Workers: 4
[20.359s][debug][gc,phases      ] GC(41)     Total                          Min: 1535, Avg: 1730.5, Max: 1856, Diff: 321, Sum: 6922, Workers: 4
[20.359s][debug][gc,phases      ] GC(41)   JNI Weak                       Min:  0.0, Avg:  0.0, Max:  0.0, Diff:  0.0, Sum:  0.0, Workers: 4
[20.359s][debug][gc,phases      ] GC(41)     Dead                           Min: 0, Avg:  0.0, Max: 0, Diff: 0, Sum: 0, Workers: 4
[20.359s][debug][gc,phases      ] GC(41)     Total                          Min: 0, Avg:  3.2, Max: 13, Diff: 13, Sum: 13, Workers: 4
[20.359s][debug][gc,phases      ] GC(41)   StringDedup Table Weak         Min:  0.0, Avg:  0.0, Max:  0.0, Diff:  0.0, Sum:  0.0, Workers: 4
[20.359s][debug][gc,phases      ] GC(41)     Dead                           Min: 0, Avg:  0.0, Max: 0, Diff: 0, Sum: 0, Workers: 4
[20.359s][debug][gc,phases      ] GC(41)     Total                          Min: 0, Avg:  0.0, Max: 0, Diff: 0, Sum: 0, Workers: 4
[20.359s][debug][gc,phases      ] GC(41)   StringDedup Requests0 Weak     Min:  0.0, Avg:  0.0, Max:  0.0, Diff:  0.0, Sum:  0.0, Workers: 4
[20.359s][debug][gc,phases      ] GC(41)     Dead                           Min: 0, Avg:  0.0, Max: 0, Diff: 0, Sum: 0, Workers: 4
[20.359s][debug][gc,phases      ] GC(41)     Total                          Min: 0, Avg:  0.0, Max: 0, Diff: 0, Sum: 0, Workers: 4
[20.359s][debug][gc,phases      ] GC(41)   StringDedup Requests1 Weak     Min:  0.0, Avg:  0.0, Max:  0.0, Diff:  0.0, Sum:  0.0, Workers: 4
[20.359s][debug][gc,phases      ] GC(41)     Dead                           Min: 0, Avg:  0.0, Max: 0, Diff: 0, Sum: 0, Workers: 4
[20.359s][debug][gc,phases      ] GC(41)     Total                          Min: 0, Avg:  0.0, Max: 0, Diff: 0, Sum: 0, Workers: 4
[20.359s][debug][gc,phases      ] GC(41)   Weak JFR Old Object Samples    Min:  0.0, Avg:  0.0, Max:  0.0, Diff:  0.0, Sum:  0.0, Workers: 4
[20.359s][debug][gc,phases      ] GC(41)     Dead                           Min: 0, Avg:  0.0, Max: 0, Diff: 0, Sum: 0, Workers: 4
[20.359s][debug][gc,phases      ] GC(41)     Total                          Min: 0, Avg:  0.0, Max: 0, Diff: 0, Sum: 0, Workers: 4
[20.359s][debug][gc,phases      ] GC(41) Weak Processing 0.302ms
[20.359s][debug][gc,age         ] GC(41) Desired survivor size 501743616 bytes, new threshold 12 (max threshold 15)
[20.359s][info ][gc,heap        ] GC(41) PSYoungGen: 1280076K(1572864K)->164816K(1607168K) Eden: 1048576K(1048576K)->0K(1102336K) From: 231500K(524288K)->164816K(504832K)
[20.359s][info ][gc,heap        ] GC(41) ParOldGen: 292142K(378880K)->359998K(378880K)
[20.359s][info ][gc,metaspace   ] GC(41) Metaspace: 67863K(68608K)->67863K(68608K) NonClass: 57990K(58368K)->57990K(58368K) Class: 9873K(10240K)->9873K(10240K)
[20.359s][info ][gc             ] GC(41) Pause Young (Allocation Failure) 1535M->512M(1939M) 137.219ms
[20.359s][info ][gc,cpu         ] GC(41) User=0.51s Sys=0.04s Real=0.14s
[20.359s][debug][gc,phases      ] GC(42) Pre Compact 0.010ms
[20.359s][info ][gc,start       ] GC(42) Pause Full (Ergonomics)
[20.359s][info ][gc,phases,start] GC(42) Marking Phase
[20.565s][debug][gc,phases      ] GC(42) Par Mark 206.257ms
[20.565s][debug][gc,ref         ] GC(42) Skipped phase 1 of Reference Processing: no references
[20.565s][debug][gc,ref         ] GC(42) ReferenceProcessor::execute queues: 4, RefProcThreadModel::Multi, marks_oops_alive: false
[20.565s][debug][gc,ref         ] GC(42) Skipped phase 3 of Reference Processing: no references
[20.565s][debug][gc,ref         ] GC(42) ReferenceProcessor::execute queues: 1, RefProcThreadModel::Single, marks_oops_alive: false
[20.565s][debug][gc,phases      ] GC(42) Reference Processing 0.396ms
[20.566s][debug][gc,phases      ] GC(42)   VM Weak                        Min:  0.0, Avg:  0.0, Max:  0.0, Diff:  0.0, Sum:  0.0, Workers: 4
[20.566s][debug][gc,phases      ] GC(42)     Dead                           Min: 0, Avg:  0.0, Max: 0, Diff: 0, Sum: 0, Workers: 4
[20.566s][debug][gc,phases      ] GC(42)     Total                          Min: 0, Avg: 147.2, Max: 397, Diff: 397, Sum: 589, Workers: 4
[20.566s][debug][gc,phases      ] GC(42)   ObjectSynchronizer Weak        Min:  0.0, Avg:  0.0, Max:  0.0, Diff:  0.0, Sum:  0.0, Workers: 4
[20.566s][debug][gc,phases      ] GC(42)     Dead                           Min: 0, Avg:  0.0, Max: 0, Diff: 0, Sum: 0, Workers: 4
[20.566s][debug][gc,phases      ] GC(42)     Total                          Min: 45, Avg: 107.2, Max: 128, Diff: 83, Sum: 429, Workers: 4
[20.566s][debug][gc,phases      ] GC(42)   JVMTI Tag Weak OopStorage      Min:  0.0, Avg:  0.0, Max:  0.0, Diff:  0.0, Sum:  0.0, Workers: 4
[20.566s][debug][gc,phases      ] GC(42)     Dead                           Min: 0, Avg:  0.0, Max: 0, Diff: 0, Sum: 0, Workers: 4
[20.566s][debug][gc,phases      ] GC(42)     Total                          Min: 0, Avg:  0.0, Max: 0, Diff: 0, Sum: 0, Workers: 4
[20.566s][debug][gc,phases      ] GC(42)   StringTable Weak               Min:  0.1, Avg:  0.1, Max:  0.1, Diff:  0.0, Sum:  0.5, Workers: 4
[20.566s][debug][gc,phases      ] GC(42)     Dead                           Min: 0, Avg:  0.0, Max: 0, Diff: 0, Sum: 0, Workers: 4
[20.566s][debug][gc,phases      ] GC(42)     Total                          Min: 10394, Avg: 10659.8, Max: 11126, Diff: 732, Sum: 42639, Workers: 4
[20.566s][debug][gc,phases      ] GC(42)   ResolvedMethodTable Weak       Min:  0.0, Avg:  0.0, Max:  0.0, Diff:  0.0, Sum:  0.1, Workers: 4
[20.566s][debug][gc,phases      ] GC(42)     Dead                           Min: 0, Avg:  0.0, Max: 0, Diff: 0, Sum: 0, Workers: 4
[20.566s][debug][gc,phases      ] GC(42)     Total                          Min: 1471, Avg: 1730.5, Max: 1920, Diff: 449, Sum: 6922, Workers: 4
[20.566s][debug][gc,phases      ] GC(42)   JNI Weak                       Min:  0.0, Avg:  0.0, Max:  0.0, Diff:  0.0, Sum:  0.0, Workers: 4
[20.566s][debug][gc,phases      ] GC(42)     Dead                           Min: 0, Avg:  0.0, Max: 0, Diff: 0, Sum: 0, Workers: 4
[20.566s][debug][gc,phases      ] GC(42)     Total                          Min: 0, Avg:  3.2, Max: 13, Diff: 13, Sum: 13, Workers: 4
[20.566s][debug][gc,phases      ] GC(42)   StringDedup Table Weak         Min:  0.0, Avg:  0.0, Max:  0.0, Diff:  0.0, Sum:  0.0, Workers: 4
[20.566s][debug][gc,phases      ] GC(42)     Dead                           Min: 0, Avg:  0.0, Max: 0, Diff: 0, Sum: 0, Workers: 4
[20.566s][debug][gc,phases      ] GC(42)     Total                          Min: 0, Avg:  0.0, Max: 0, Diff: 0, Sum: 0, Workers: 4
[20.566s][debug][gc,phases      ] GC(42)   StringDedup Requests0 Weak     Min:  0.0, Avg:  0.0, Max:  0.0, Diff:  0.0, Sum:  0.0, Workers: 4
[20.566s][debug][gc,phases      ] GC(42)     Dead                           Min: 0, Avg:  0.0, Max: 0, Diff: 0, Sum: 0, Workers: 4
[20.566s][debug][gc,phases      ] GC(42)     Total                          Min: 0, Avg:  0.0, Max: 0, Diff: 0, Sum: 0, Workers: 4
[20.566s][debug][gc,phases      ] GC(42)   StringDedup Requests1 Weak     Min:  0.0, Avg:  0.0, Max:  0.0, Diff:  0.0, Sum:  0.0, Workers: 4
[20.566s][debug][gc,phases      ] GC(42)     Dead                           Min: 0, Avg:  0.0, Max: 0, Diff: 0, Sum: 0, Workers: 4
[20.566s][debug][gc,phases      ] GC(42)     Total                          Min: 0, Avg:  0.0, Max: 0, Diff: 0, Sum: 0, Workers: 4
[20.566s][debug][gc,phases      ] GC(42)   Weak JFR Old Object Samples    Min:  0.0, Avg:  0.0, Max:  0.0, Diff:  0.0, Sum:  0.0, Workers: 4
[20.566s][debug][gc,phases      ] GC(42)     Dead                           Min: 0, Avg:  0.0, Max: 0, Diff: 0, Sum: 0, Workers: 4
[20.566s][debug][gc,phases      ] GC(42)     Total                          Min: 0, Avg:  0.0, Max: 0, Diff: 0, Sum: 0, Workers: 4
[20.566s][debug][gc,phases      ] GC(42) Weak Processing 0.326ms
[20.566s][debug][gc,phases      ] GC(42) ClassLoaderData 0.081ms
[20.566s][debug][gc,phases      ] GC(42) Trigger cleanups 0.000ms
[20.575s][debug][gc,phases      ] GC(42) Class Unloading 8.993ms
[20.575s][info ][gc,phases      ] GC(42) Marking Phase 216.167ms
[20.575s][info ][gc,phases,start] GC(42) Summary Phase
[20.575s][info ][gc,phases      ] GC(42) Summary Phase 0.027ms
[20.575s][info ][gc,phases,start] GC(42) Adjust Roots
[20.582s][info ][gc,phases      ] GC(42) Adjust Roots 6.637ms
[20.582s][info ][gc,phases,start] GC(42) Compaction Phase
[20.971s][info ][gc,phases      ] GC(42) Compaction Phase 389.393ms
[20.971s][info ][gc,phases,start] GC(42) Post Compact
[20.972s][info ][gc,phases      ] GC(42) Post Compact 1.325ms
[20.973s][info ][gc,heap        ] GC(42) PSYoungGen: 164816K(1607168K)->143674K(1607168K) Eden: 0K(1102336K)->0K(1102336K) From: 164816K(504832K)->143674K(504832K)
[20.973s][info ][gc,heap        ] GC(42) ParOldGen: 359998K(378880K)->378574K(492544K)
[20.973s][info ][gc,metaspace   ] GC(42) Metaspace: 67863K(68608K)->67863K(68608K) NonClass: 57990K(58368K)->57990K(58368K) Class: 9873K(10240K)->9873K(10240K)
[20.973s][info ][gc             ] GC(42) Pause Full (Ergonomics) 512M->510M(2050M) 613.859ms
[20.973s][info ][gc,cpu         ] GC(42) User=2.38s Sys=0.01s Real=0.62s
[20.973s][info ][safepoint      ] Safepoint "ParallelGCFailedAllocation", Time since last: 230961149 ns, Reaching safepoint: 136603 ns, At safepoint: 751267422 ns, Total: 751404025 ns
[21.224s][info ][gc,start       ] GC(43) Pause Young (Allocation Failure)
[21.338s][debug][gc,phases      ] GC(43) Scavenge 113.951ms
[21.338s][debug][gc,ref         ] GC(43) Skipped phase 1 of Reference Processing: no references
[21.338s][debug][gc,ref         ] GC(43) ReferenceProcessor::execute queues: 1, RefProcThreadModel::Single, marks_oops_alive: false
[21.338s][debug][gc,ref         ] GC(43) Skipped phase 3 of Reference Processing: no references
[21.338s][debug][gc,ref         ] GC(43) ReferenceProcessor::execute queues: 1, RefProcThreadModel::Single, marks_oops_alive: false
[21.338s][debug][gc,phases      ] GC(43) Reference Processing 0.129ms
[21.338s][debug][gc,phases      ] GC(43)   VM Weak                        Min:  0.0, Avg:  0.0, Max:  0.0, Diff:  0.0, Sum:  0.0, Workers: 4
[21.338s][debug][gc,phases      ] GC(43)     Dead                           Min: 0, Avg:  0.0, Max: 0, Diff: 0, Sum: 0, Workers: 4
[21.338s][debug][gc,phases      ] GC(43)     Total                          Min: 0, Avg: 147.5, Max: 462, Diff: 462, Sum: 590, Workers: 4
[21.338s][debug][gc,phases      ] GC(43)   ObjectSynchronizer Weak        Min:  0.0, Avg:  0.0, Max:  0.0, Diff:  0.0, Sum:  0.0, Workers: 4
[21.338s][debug][gc,phases      ] GC(43)     Dead                           Min: 0, Avg:  0.0, Max: 0, Diff: 0, Sum: 0, Workers: 4
[21.338s][debug][gc,phases      ] GC(43)     Total                          Min: 0, Avg: 107.2, Max: 256, Diff: 256, Sum: 429, Workers: 4
[21.338s][debug][gc,phases      ] GC(43)   JVMTI Tag Weak OopStorage      Min:  0.0, Avg:  0.0, Max:  0.0, Diff:  0.0, Sum:  0.0, Workers: 4
[21.338s][debug][gc,phases      ] GC(43)     Dead                           Min: 0, Avg:  0.0, Max: 0, Diff: 0, Sum: 0, Workers: 4
[21.338s][debug][gc,phases      ] GC(43)     Total                          Min: 0, Avg:  0.0, Max: 0, Diff: 0, Sum: 0, Workers: 4
[21.338s][debug][gc,phases      ] GC(43)   StringTable Weak               Min:  0.1, Avg:  0.1, Max:  0.1, Diff:  0.0, Sum:  0.4, Workers: 4
[21.338s][debug][gc,phases      ] GC(43)     Dead                           Min: 0, Avg:  3.0, Max: 12, Diff: 12, Sum: 12, Workers: 4
[21.338s][debug][gc,phases      ] GC(43)     Total                          Min: 10368, Avg: 10680.5, Max: 11008, Diff: 640, Sum: 42722, Workers: 4
[21.338s][debug][gc,phases      ] GC(43)   ResolvedMethodTable Weak       Min:  0.0, Avg:  0.0, Max:  0.0, Diff:  0.0, Sum:  0.1, Workers: 4
[21.338s][debug][gc,phases      ] GC(43)     Dead                           Min: 0, Avg:  0.0, Max: 0, Diff: 0, Sum: 0, Workers: 4
[21.338s][debug][gc,phases      ] GC(43)     Total                          Min: 1536, Avg: 1761.2, Max: 1925, Diff: 389, Sum: 7045, Workers: 4
[21.338s][debug][gc,phases      ] GC(43)   JNI Weak                       Min:  0.0, Avg:  0.0, Max:  0.0, Diff:  0.0, Sum:  0.0, Workers: 4
[21.338s][debug][gc,phases      ] GC(43)     Dead                           Min: 0, Avg:  0.0, Max: 0, Diff: 0, Sum: 0, Workers: 4
[21.338s][debug][gc,phases      ] GC(43)     Total                          Min: 0, Avg:  3.8, Max: 15, Diff: 15, Sum: 15, Workers: 4
[21.338s][debug][gc,phases      ] GC(43)   StringDedup Table Weak         Min:  0.0, Avg:  0.0, Max:  0.0, Diff:  0.0, Sum:  0.0, Workers: 4
[21.338s][debug][gc,phases      ] GC(43)     Dead                           Min: 0, Avg:  0.0, Max: 0, Diff: 0, Sum: 0, Workers: 4
[21.338s][debug][gc,phases      ] GC(43)     Total                          Min: 0, Avg:  0.0, Max: 0, Diff: 0, Sum: 0, Workers: 4
[21.338s][debug][gc,phases      ] GC(43)   StringDedup Requests0 Weak     Min:  0.0, Avg:  0.0, Max:  0.0, Diff:  0.0, Sum:  0.0, Workers: 4
[21.338s][debug][gc,phases      ] GC(43)     Dead                           Min: 0, Avg:  0.0, Max: 0, Diff: 0, Sum: 0, Workers: 4
[21.338s][debug][gc,phases      ] GC(43)     Total                          Min: 0, Avg:  0.0, Max: 0, Diff: 0, Sum: 0, Workers: 4
[21.338s][debug][gc,phases      ] GC(43)   StringDedup Requests1 Weak     Min:  0.0, Avg:  0.0, Max:  0.0, Diff:  0.0, Sum:  0.0, Workers: 4
[21.338s][debug][gc,phases      ] GC(43)     Dead                           Min: 0, Avg:  0.0, Max: 0, Diff: 0, Sum: 0, Workers: 4
[21.338s][debug][gc,phases      ] GC(43)     Total                          Min: 0, Avg:  0.0, Max: 0, Diff: 0, Sum: 0, Workers: 4
[21.338s][debug][gc,phases      ] GC(43)   Weak JFR Old Object Samples    Min:  0.0, Avg:  0.0, Max:  0.0, Diff:  0.0, Sum:  0.0, Workers: 4
[21.338s][debug][gc,phases      ] GC(43)     Dead                           Min: 0, Avg:  0.0, Max: 0, Diff: 0, Sum: 0, Workers: 4
[21.338s][debug][gc,phases      ] GC(43)     Total                          Min: 0, Avg:  0.0, Max: 0, Diff: 0, Sum: 0, Workers: 4
[21.338s][debug][gc,phases      ] GC(43) Weak Processing 0.299ms
[21.338s][debug][gc,age         ] GC(43) Desired survivor size 495976448 bytes, new threshold 13 (max threshold 15)
[21.338s][info ][gc,heap        ] GC(43) PSYoungGen: 1246010K(1607168K)->106208K(1592320K) Eden: 1102336K(1102336K)->0K(1102336K) From: 143674K(504832K)->106208K(489984K)
[21.338s][info ][gc,heap        ] GC(43) ParOldGen: 378574K(492544K)->417910K(492544K)
[21.338s][info ][gc,metaspace   ] GC(43) Metaspace: 67993K(68736K)->67993K(68736K) NonClass: 58067K(58496K)->58067K(58496K) Class: 9926K(10240K)->9926K(10240K)
[21.338s][info ][gc             ] GC(43) Pause Young (Allocation Failure) 1586M->511M(2036M) 114.501ms
[21.338s][info ][gc,cpu         ] GC(43) User=0.46s Sys=0.02s Real=0.11s
[21.338s][info ][safepoint      ] Safepoint "ParallelGCFailedAllocation", Time since last: 250788314 ns, Reaching safepoint: 168204 ns, At safepoint: 114620503 ns, Total: 114788707 ns
[21.646s][info ][gc,start       ] GC(44) Pause Young (Allocation Failure)
[21.686s][debug][gc,phases      ] GC(44) Scavenge 40.365ms
[21.686s][debug][gc,ref         ] GC(44) Skipped phase 1 of Reference Processing: no references
[21.686s][debug][gc,ref         ] GC(44) ReferenceProcessor::execute queues: 1, RefProcThreadModel::Single, marks_oops_alive: false
[21.686s][debug][gc,ref         ] GC(44) Skipped phase 3 of Reference Processing: no references
[21.686s][debug][gc,ref         ] GC(44) Skipped phase 4 of Reference Processing: no references
[21.686s][debug][gc,phases      ] GC(44) Reference Processing 0.128ms
[21.686s][debug][gc,phases      ] GC(44)   VM Weak                        Min:  0.0, Avg:  0.0, Max:  0.0, Diff:  0.0, Sum:  0.0, Workers: 4
[21.687s][debug][gc,phases      ] GC(44)     Dead                           Min: 0, Avg:  0.0, Max: 0, Diff: 0, Sum: 0, Workers: 4
[21.687s][debug][gc,phases      ] GC(44)     Total                          Min: 0, Avg: 147.5, Max: 576, Diff: 576, Sum: 590, Workers: 4
[21.687s][debug][gc,phases      ] GC(44)   ObjectSynchronizer Weak        Min:  0.0, Avg:  0.0, Max:  0.0, Diff:  0.0, Sum:  0.0, Workers: 4
[21.687s][debug][gc,phases      ] GC(44)     Dead                           Min: 0, Avg:  0.0, Max: 0, Diff: 0, Sum: 0, Workers: 4
[21.687s][debug][gc,phases      ] GC(44)     Total                          Min: 0, Avg: 107.2, Max: 256, Diff: 256, Sum: 429, Workers: 4
[21.687s][debug][gc,phases      ] GC(44)   JVMTI Tag Weak OopStorage      Min:  0.0, Avg:  0.0, Max:  0.0, Diff:  0.0, Sum:  0.0, Workers: 4
[21.687s][debug][gc,phases      ] GC(44)     Dead                           Min: 0, Avg:  0.0, Max: 0, Diff: 0, Sum: 0, Workers: 4
[21.687s][debug][gc,phases      ] GC(44)     Total                          Min: 0, Avg:  0.0, Max: 0, Diff: 0, Sum: 0, Workers: 4
[21.687s][debug][gc,phases      ] GC(44)   StringTable Weak               Min:  0.1, Avg:  0.1, Max:  0.1, Diff:  0.0, Sum:  0.4, Workers: 4
[21.687s][debug][gc,phases      ] GC(44)     Dead                           Min: 0, Avg:  2.8, Max: 11, Diff: 11, Sum: 11, Workers: 4
[21.687s][debug][gc,phases      ] GC(44)     Total                          Min: 9920, Avg: 10681.8, Max: 11317, Diff: 1397, Sum: 42727, Workers: 4
[21.687s][debug][gc,phases      ] GC(44)   ResolvedMethodTable Weak       Min:  0.0, Avg:  0.0, Max:  0.0, Diff:  0.0, Sum:  0.1, Workers: 4
[21.687s][debug][gc,phases      ] GC(44)     Dead                           Min: 0, Avg:  0.0, Max: 0, Diff: 0, Sum: 0, Workers: 4
[21.687s][debug][gc,phases      ] GC(44)     Total                          Min: 1478, Avg: 1761.2, Max: 1984, Diff: 506, Sum: 7045, Workers: 4
[21.687s][debug][gc,phases      ] GC(44)   JNI Weak                       Min:  0.0, Avg:  0.0, Max:  0.0, Diff:  0.0, Sum:  0.0, Workers: 4
[21.687s][debug][gc,phases      ] GC(44)     Dead                           Min: 0, Avg:  0.0, Max: 0, Diff: 0, Sum: 0, Workers: 4
[21.687s][debug][gc,phases      ] GC(44)     Total                          Min: 0, Avg:  4.2, Max: 17, Diff: 17, Sum: 17, Workers: 4
[21.687s][debug][gc,phases      ] GC(44)   StringDedup Table Weak         Min:  0.0, Avg:  0.0, Max:  0.0, Diff:  0.0, Sum:  0.0, Workers: 4
[21.687s][debug][gc,phases      ] GC(44)     Dead                           Min: 0, Avg:  0.0, Max: 0, Diff: 0, Sum: 0, Workers: 4
[21.687s][debug][gc,phases      ] GC(44)     Total                          Min: 0, Avg:  0.0, Max: 0, Diff: 0, Sum: 0, Workers: 4
[21.687s][debug][gc,phases      ] GC(44)   StringDedup Requests0 Weak     Min:  0.0, Avg:  0.0, Max:  0.0, Diff:  0.0, Sum:  0.0, Workers: 4
[21.687s][debug][gc,phases      ] GC(44)     Dead                           Min: 0, Avg:  0.0, Max: 0, Diff: 0, Sum: 0, Workers: 4
[21.687s][debug][gc,phases      ] GC(44)     Total                          Min: 0, Avg:  0.0, Max: 0, Diff: 0, Sum: 0, Workers: 4
[21.687s][debug][gc,phases      ] GC(44)   StringDedup Requests1 Weak     Min:  0.0, Avg:  0.0, Max:  0.0, Diff:  0.0, Sum:  0.0, Workers: 4
[21.687s][debug][gc,phases      ] GC(44)     Dead                           Min: 0, Avg:  0.0, Max: 0, Diff: 0, Sum: 0, Workers: 4
[21.687s][debug][gc,phases      ] GC(44)     Total                          Min: 0, Avg:  0.0, Max: 0, Diff: 0, Sum: 0, Workers: 4
[21.687s][debug][gc,phases      ] GC(44)   Weak JFR Old Object Samples    Min:  0.0, Avg:  0.0, Max:  0.0, Diff:  0.0, Sum:  0.0, Workers: 4
[21.687s][debug][gc,phases      ] GC(44)     Dead                           Min: 0, Avg:  0.0, Max: 0, Diff: 0, Sum: 0, Workers: 4
[21.687s][debug][gc,phases      ] GC(44)     Total                          Min: 0, Avg:  0.0, Max: 0, Diff: 0, Sum: 0, Workers: 4
[21.687s][debug][gc,phases      ] GC(44) Weak Processing 0.294ms
[21.687s][debug][gc,age         ] GC(44) Desired survivor size 487587840 bytes, new threshold 14 (max threshold 15)
[21.687s][info ][gc,heap        ] GC(44) PSYoungGen: 1208544K(1592320K)->108064K(1620992K) Eden: 1102336K(1102336K)->0K(1136640K) From: 106208K(489984K)->108064K(484352K)
[21.687s][info ][gc,heap        ] GC(44) ParOldGen: 417910K(492544K)->417918K(492544K)
[21.687s][info ][gc,metaspace   ] GC(44) Metaspace: 68050K(68800K)->68050K(68800K) NonClass: 58123K(58560K)->58123K(58560K) Class: 9926K(10240K)->9926K(10240K)
[21.687s][info ][gc             ] GC(44) Pause Young (Allocation Failure) 1588M->513M(2064M) 40.923ms
[21.687s][info ][gc,cpu         ] GC(44) User=0.16s Sys=0.00s Real=0.04s
[21.687s][info ][safepoint      ] Safepoint "ParallelGCFailedAllocation", Time since last: 307343348 ns, Reaching safepoint: 156004 ns, At safepoint: 41041167 ns, Total: 41197171 ns
[21.911s][info ][gc,start       ] GC(45) Pause Young (Allocation Failure)
[21.951s][debug][gc,phases      ] GC(45) Scavenge 39.970ms
[21.952s][debug][gc,ref         ] GC(45) Skipped phase 1 of Reference Processing: no references
[21.952s][debug][gc,ref         ] GC(45) ReferenceProcessor::execute queues: 1, RefProcThreadModel::Single, marks_oops_alive: false
[21.952s][debug][gc,ref         ] GC(45) Skipped phase 3 of Reference Processing: no references
[21.952s][debug][gc,ref         ] GC(45) Skipped phase 4 of Reference Processing: no references
[21.952s][debug][gc,phases      ] GC(45) Reference Processing 0.114ms
[21.952s][debug][gc,phases      ] GC(45)   VM Weak                        Min:  0.0, Avg:  0.0, Max:  0.0, Diff:  0.0, Sum:  0.0, Workers: 4
[21.952s][debug][gc,phases      ] GC(45)     Dead                           Min: 0, Avg:  0.0, Max: 0, Diff: 0, Sum: 0, Workers: 4
[21.952s][debug][gc,phases      ] GC(45)     Total                          Min: 0, Avg: 147.5, Max: 512, Diff: 512, Sum: 590, Workers: 4
[21.952s][debug][gc,phases      ] GC(45)   ObjectSynchronizer Weak        Min:  0.0, Avg:  0.0, Max:  0.0, Diff:  0.0, Sum:  0.0, Workers: 4
[21.952s][debug][gc,phases      ] GC(45)     Dead                           Min: 0, Avg:  0.0, Max: 0, Diff: 0, Sum: 0, Workers: 4
[21.952s][debug][gc,phases      ] GC(45)     Total                          Min: 0, Avg: 107.2, Max: 192, Diff: 192, Sum: 429, Workers: 4
[21.952s][debug][gc,phases      ] GC(45)   JVMTI Tag Weak OopStorage      Min:  0.0, Avg:  0.0, Max:  0.0, Diff:  0.0, Sum:  0.0, Workers: 4
[21.952s][debug][gc,phases      ] GC(45)     Dead                           Min: 0, Avg:  0.0, Max: 0, Diff: 0, Sum: 0, Workers: 4
[21.952s][debug][gc,phases      ] GC(45)     Total                          Min: 0, Avg:  0.0, Max: 0, Diff: 0, Sum: 0, Workers: 4
[21.952s][debug][gc,phases      ] GC(45)   StringTable Weak               Min:  0.1, Avg:  0.1, Max:  0.1, Diff:  0.0, Sum:  0.4, Workers: 4
[21.952s][debug][gc,phases      ] GC(45)     Dead                           Min: 0, Avg:  0.0, Max: 0, Diff: 0, Sum: 0, Workers: 4
[21.952s][debug][gc,phases      ] GC(45)     Total                          Min: 9920, Avg: 10682.0, Max: 11571, Diff: 1651, Sum: 42728, Workers: 4
[21.952s][debug][gc,phases      ] GC(45)   ResolvedMethodTable Weak       Min:  0.0, Avg:  0.0, Max:  0.0, Diff:  0.0, Sum:  0.1, Workers: 4
[21.952s][debug][gc,phases      ] GC(45)     Dead                           Min: 0, Avg:  0.0, Max: 0, Diff: 0, Sum: 0, Workers: 4
[21.952s][debug][gc,phases      ] GC(45)     Total                          Min: 1600, Avg: 1761.2, Max: 1925, Diff: 325, Sum: 7045, Workers: 4
[21.952s][debug][gc,phases      ] GC(45)   JNI Weak                       Min:  0.0, Avg:  0.0, Max:  0.0, Diff:  0.0, Sum:  0.0, Workers: 4
[21.952s][debug][gc,phases      ] GC(45)     Dead                           Min: 0, Avg:  0.0, Max: 0, Diff: 0, Sum: 0, Workers: 4
[21.952s][debug][gc,phases      ] GC(45)     Total                          Min: 0, Avg:  4.8, Max: 19, Diff: 19, Sum: 19, Workers: 4
[21.952s][debug][gc,phases      ] GC(45)   StringDedup Table Weak         Min:  0.0, Avg:  0.0, Max:  0.0, Diff:  0.0, Sum:  0.0, Workers: 4
[21.952s][debug][gc,phases      ] GC(45)     Dead                           Min: 0, Avg:  0.0, Max: 0, Diff: 0, Sum: 0, Workers: 4
[21.952s][debug][gc,phases      ] GC(45)     Total                          Min: 0, Avg:  0.0, Max: 0, Diff: 0, Sum: 0, Workers: 4
[21.952s][debug][gc,phases      ] GC(45)   StringDedup Requests0 Weak     Min:  0.0, Avg:  0.0, Max:  0.0, Diff:  0.0, Sum:  0.0, Workers: 4
[21.952s][debug][gc,phases      ] GC(45)     Dead                           Min: 0, Avg:  0.0, Max: 0, Diff: 0, Sum: 0, Workers: 4
[21.952s][debug][gc,phases      ] GC(45)     Total                          Min: 0, Avg:  0.0, Max: 0, Diff: 0, Sum: 0, Workers: 4
[21.952s][debug][gc,phases      ] GC(45)   StringDedup Requests1 Weak     Min:  0.0, Avg:  0.0, Max:  0.0, Diff:  0.0, Sum:  0.0, Workers: 4
[21.952s][debug][gc,phases      ] GC(45)     Dead                           Min: 0, Avg:  0.0, Max: 0, Diff: 0, Sum: 0, Workers: 4
[21.952s][debug][gc,phases      ] GC(45)     Total                          Min: 0, Avg:  0.0, Max: 0, Diff: 0, Sum: 0, Workers: 4
[21.952s][debug][gc,phases      ] GC(45)   Weak JFR Old Object Samples    Min:  0.0, Avg:  0.0, Max:  0.0, Diff:  0.0, Sum:  0.0, Workers: 4
[21.952s][debug][gc,phases      ] GC(45)     Dead                           Min: 0, Avg:  0.0, Max: 0, Diff: 0, Sum: 0, Workers: 4
[21.952s][debug][gc,phases      ] GC(45)     Total                          Min: 0, Avg:  0.0, Max: 0, Diff: 0, Sum: 0, Workers: 4
[21.952s][debug][gc,phases      ] GC(45) Weak Processing 0.311ms
[21.952s][debug][gc,age         ] GC(45) Desired survivor size 476577792 bytes, new threshold 15 (max threshold 15)
[21.952s][info ][gc,heap        ] GC(45) PSYoungGen: 1244704K(1620992K)->109584K(1612800K) Eden: 1136640K(1136640K)->0K(1136640K) From: 108064K(484352K)->109584K(476160K)
[21.952s][info ][gc,heap        ] GC(45) ParOldGen: 417918K(492544K)->417926K(492544K)
[21.952s][info ][gc,metaspace   ] GC(45) Metaspace: 68059K(68800K)->68059K(68800K) NonClass: 58132K(58560K)->58132K(58560K) Class: 9926K(10240K)->9926K(10240K)
[21.952s][info ][gc             ] GC(45) Pause Young (Allocation Failure) 1623M->515M(2056M) 40.528ms
[21.952s][info ][gc,cpu         ] GC(45) User=0.20s Sys=0.00s Real=0.04s
[21.952s][info ][safepoint      ] Safepoint "ParallelGCFailedAllocation", Time since last: 224541694 ns, Reaching safepoint: 129603 ns, At safepoint: 40639458 ns, Total: 40769061 ns
[22.216s][info ][gc,start       ] GC(46) Pause Young (Allocation Failure)
[22.254s][debug][gc,phases      ] GC(46) Scavenge 38.028ms
[22.254s][debug][gc,ref         ] GC(46) Skipped phase 1 of Reference Processing: no references
[22.254s][debug][gc,ref         ] GC(46) ReferenceProcessor::execute queues: 1, RefProcThreadModel::Single, marks_oops_alive: false
[22.254s][debug][gc,ref         ] GC(46) Skipped phase 3 of Reference Processing: no references
[22.254s][debug][gc,ref         ] GC(46) ReferenceProcessor::execute queues: 1, RefProcThreadModel::Single, marks_oops_alive: false
[22.254s][debug][gc,phases      ] GC(46) Reference Processing 0.125ms
[22.255s][debug][gc,phases      ] GC(46)   VM Weak                        Min:  0.0, Avg:  0.0, Max:  0.0, Diff:  0.0, Sum:  0.0, Workers: 4
[22.255s][debug][gc,phases      ] GC(46)     Dead                           Min: 0, Avg:  0.0, Max: 0, Diff: 0, Sum: 0, Workers: 4
[22.255s][debug][gc,phases      ] GC(46)     Total                          Min: 0, Avg: 147.5, Max: 590, Diff: 590, Sum: 590, Workers: 4
[22.255s][debug][gc,phases      ] GC(46)   ObjectSynchronizer Weak        Min:  0.0, Avg:  0.0, Max:  0.0, Diff:  0.0, Sum:  0.0, Workers: 4
[22.255s][debug][gc,phases      ] GC(46)     Dead                           Min: 0, Avg:  0.0, Max: 0, Diff: 0, Sum: 0, Workers: 4
[22.255s][debug][gc,phases      ] GC(46)     Total                          Min: 0, Avg: 107.2, Max: 365, Diff: 365, Sum: 429, Workers: 4
[22.255s][debug][gc,phases      ] GC(46)   JVMTI Tag Weak OopStorage      Min:  0.0, Avg:  0.0, Max:  0.0, Diff:  0.0, Sum:  0.0, Workers: 4
[22.255s][debug][gc,phases      ] GC(46)     Dead                           Min: 0, Avg:  0.0, Max: 0, Diff: 0, Sum: 0, Workers: 4
[22.255s][debug][gc,phases      ] GC(46)     Total                          Min: 0, Avg:  0.0, Max: 0, Diff: 0, Sum: 0, Workers: 4
[22.255s][debug][gc,phases      ] GC(46)   StringTable Weak               Min:  0.1, Avg:  0.1, Max:  0.1, Diff:  0.0, Sum:  0.4, Workers: 4
[22.255s][debug][gc,phases      ] GC(46)     Dead                           Min: 0, Avg:  3.0, Max: 11, Diff: 11, Sum: 12, Workers: 4
[22.255s][debug][gc,phases      ] GC(46)     Total                          Min: 10368, Avg: 10689.5, Max: 11014, Diff: 646, Sum: 42758, Workers: 4
[22.255s][debug][gc,phases      ] GC(46)   ResolvedMethodTable Weak       Min:  0.0, Avg:  0.0, Max:  0.0, Diff:  0.0, Sum:  0.1, Workers: 4
[22.255s][debug][gc,phases      ] GC(46)     Dead                           Min: 0, Avg:  0.0, Max: 0, Diff: 0, Sum: 0, Workers: 4
[22.255s][debug][gc,phases      ] GC(46)     Total                          Min: 1597, Avg: 1771.0, Max: 1856, Diff: 259, Sum: 7084, Workers: 4
[22.255s][debug][gc,phases      ] GC(46)   JNI Weak                       Min:  0.0, Avg:  0.0, Max:  0.0, Diff:  0.0, Sum:  0.0, Workers: 4
[22.255s][debug][gc,phases      ] GC(46)     Dead                           Min: 0, Avg:  0.0, Max: 0, Diff: 0, Sum: 0, Workers: 4
[22.255s][debug][gc,phases      ] GC(46)     Total                          Min: 0, Avg:  0.2, Max: 1, Diff: 1, Sum: 1, Workers: 4
[22.255s][debug][gc,phases      ] GC(46)   StringDedup Table Weak         Min:  0.0, Avg:  0.0, Max:  0.0, Diff:  0.0, Sum:  0.0, Workers: 4
[22.255s][debug][gc,phases      ] GC(46)     Dead                           Min: 0, Avg:  0.0, Max: 0, Diff: 0, Sum: 0, Workers: 4
[22.255s][debug][gc,phases      ] GC(46)     Total                          Min: 0, Avg:  0.0, Max: 0, Diff: 0, Sum: 0, Workers: 4
[22.255s][debug][gc,phases      ] GC(46)   StringDedup Requests0 Weak     Min:  0.0, Avg:  0.0, Max:  0.0, Diff:  0.0, Sum:  0.0, Workers: 4
[22.255s][debug][gc,phases      ] GC(46)     Dead                           Min: 0, Avg:  0.0, Max: 0, Diff: 0, Sum: 0, Workers: 4
[22.255s][debug][gc,phases      ] GC(46)     Total                          Min: 0, Avg:  0.0, Max: 0, Diff: 0, Sum: 0, Workers: 4
[22.255s][debug][gc,phases      ] GC(46)   StringDedup Requests1 Weak     Min:  0.0, Avg:  0.0, Max:  0.0, Diff:  0.0, Sum:  0.0, Workers: 4
[22.255s][debug][gc,phases      ] GC(46)     Dead                           Min: 0, Avg:  0.0, Max: 0, Diff: 0, Sum: 0, Workers: 4
[22.255s][debug][gc,phases      ] GC(46)     Total                          Min: 0, Avg:  0.0, Max: 0, Diff: 0, Sum: 0, Workers: 4
[22.255s][debug][gc,phases      ] GC(46)   Weak JFR Old Object Samples    Min:  0.0, Avg:  0.0, Max:  0.0, Diff:  0.0, Sum:  0.0, Workers: 4
[22.255s][debug][gc,phases      ] GC(46)     Dead                           Min: 0, Avg:  0.0, Max: 0, Diff: 0, Sum: 0, Workers: 4
[22.255s][debug][gc,phases      ] GC(46)     Total                          Min: 0, Avg:  0.0, Max: 0, Diff: 0, Sum: 0, Workers: 4
[22.255s][debug][gc,phases      ] GC(46) Weak Processing 0.307ms
[22.255s][debug][gc,age         ] GC(46) Desired survivor size 463470592 bytes, new threshold 15 (max threshold 15)
[22.255s][info ][gc,heap        ] GC(46) PSYoungGen: 1246224K(1612800K)->110448K(1644544K) Eden: 1136640K(1136640K)->0K(1179136K) From: 109584K(476160K)->110448K(465408K)
[22.255s][info ][gc,heap        ] GC(46) ParOldGen: 417926K(492544K)->417926K(492544K)
[22.255s][info ][gc,metaspace   ] GC(46) Metaspace: 68164K(68928K)->68164K(68928K) NonClass: 58217K(58624K)->58217K(58624K) Class: 9947K(10304K)->9947K(10304K)
[22.255s][info ][gc             ] GC(46) Pause Young (Allocation Failure) 1625M->515M(2087M) 38.604ms
[22.255s][info ][gc,cpu         ] GC(46) User=0.15s Sys=0.00s Real=0.04s
[22.255s][info ][safepoint      ] Safepoint "ParallelGCFailedAllocation", Time since last: 263904320 ns, Reaching safepoint: 213205 ns, At safepoint: 38716913 ns, Total: 38930118 ns
[22.497s][info ][gc,start       ] GC(47) Pause Young (Allocation Failure)
[22.545s][debug][gc,phases      ] GC(47) Scavenge 48.312ms
[22.545s][debug][gc,ref         ] GC(47) Skipped phase 1 of Reference Processing: no references
[22.545s][debug][gc,ref         ] GC(47) ReferenceProcessor::execute queues: 1, RefProcThreadModel::Single, marks_oops_alive: false
[22.545s][debug][gc,ref         ] GC(47) Skipped phase 3 of Reference Processing: no references
[22.545s][debug][gc,ref         ] GC(47) ReferenceProcessor::execute queues: 1, RefProcThreadModel::Single, marks_oops_alive: false
[22.545s][debug][gc,phases      ] GC(47) Reference Processing 0.116ms
[22.546s][debug][gc,phases      ] GC(47)   VM Weak                        Min:  0.0, Avg:  0.0, Max:  0.0, Diff:  0.0, Sum:  0.0, Workers: 4
[22.546s][debug][gc,phases      ] GC(47)     Dead                           Min: 0, Avg:  0.0, Max: 0, Diff: 0, Sum: 0, Workers: 4
[22.546s][debug][gc,phases      ] GC(47)     Total                          Min: 0, Avg: 147.5, Max: 206, Diff: 206, Sum: 590, Workers: 4
[22.546s][debug][gc,phases      ] GC(47)   ObjectSynchronizer Weak        Min:  0.0, Avg:  0.0, Max:  0.0, Diff:  0.0, Sum:  0.0, Workers: 4
[22.546s][debug][gc,phases      ] GC(47)     Dead                           Min: 0, Avg:  0.0, Max: 0, Diff: 0, Sum: 0, Workers: 4
[22.546s][debug][gc,phases      ] GC(47)     Total                          Min: 0, Avg: 107.2, Max: 173, Diff: 173, Sum: 429, Workers: 4
[22.546s][debug][gc,phases      ] GC(47)   JVMTI Tag Weak OopStorage      Min:  0.0, Avg:  0.0, Max:  0.0, Diff:  0.0, Sum:  0.0, Workers: 4
[22.546s][debug][gc,phases      ] GC(47)     Dead                           Min: 0, Avg:  0.0, Max: 0, Diff: 0, Sum: 0, Workers: 4
[22.546s][debug][gc,phases      ] GC(47)     Total                          Min: 0, Avg:  0.0, Max: 0, Diff: 0, Sum: 0, Workers: 4
[22.546s][debug][gc,phases      ] GC(47)   StringTable Weak               Min:  0.1, Avg:  0.1, Max:  0.1, Diff:  0.0, Sum:  0.4, Workers: 4
[22.546s][debug][gc,phases      ] GC(47)     Dead                           Min: 0, Avg:  2.8, Max: 11, Diff: 11, Sum: 11, Workers: 4
[22.546s][debug][gc,phases      ] GC(47)     Total                          Min: 10240, Avg: 10690.8, Max: 11093, Diff: 853, Sum: 42763, Workers: 4
[22.546s][debug][gc,phases      ] GC(47)   ResolvedMethodTable Weak       Min:  0.0, Avg:  0.0, Max:  0.0, Diff:  0.0, Sum:  0.1, Workers: 4
[22.546s][debug][gc,phases      ] GC(47)     Dead                           Min: 0, Avg:  0.0, Max: 0, Diff: 0, Sum: 0, Workers: 4
[22.546s][debug][gc,phases      ] GC(47)     Total                          Min: 1600, Avg: 1773.8, Max: 1856, Diff: 256, Sum: 7095, Workers: 4
[22.546s][debug][gc,phases      ] GC(47)   JNI Weak                       Min:  0.0, Avg:  0.0, Max:  0.0, Diff:  0.0, Sum:  0.0, Workers: 4
[22.546s][debug][gc,phases      ] GC(47)     Dead                           Min: 0, Avg:  0.0, Max: 0, Diff: 0, Sum: 0, Workers: 4
[22.546s][debug][gc,phases      ] GC(47)     Total                          Min: 0, Avg:  0.2, Max: 1, Diff: 1, Sum: 1, Workers: 4
[22.546s][debug][gc,phases      ] GC(47)   StringDedup Table Weak         Min:  0.0, Avg:  0.0, Max:  0.0, Diff:  0.0, Sum:  0.0, Workers: 4
[22.546s][debug][gc,phases      ] GC(47)     Dead                           Min: 0, Avg:  0.0, Max: 0, Diff: 0, Sum: 0, Workers: 4
[22.546s][debug][gc,phases      ] GC(47)     Total                          Min: 0, Avg:  0.0, Max: 0, Diff: 0, Sum: 0, Workers: 4
[22.546s][debug][gc,phases      ] GC(47)   StringDedup Requests0 Weak     Min:  0.0, Avg:  0.0, Max:  0.0, Diff:  0.0, Sum:  0.0, Workers: 4
[22.546s][debug][gc,phases      ] GC(47)     Dead                           Min: 0, Avg:  0.0, Max: 0, Diff: 0, Sum: 0, Workers: 4
[22.546s][debug][gc,phases      ] GC(47)     Total                          Min: 0, Avg:  0.0, Max: 0, Diff: 0, Sum: 0, Workers: 4
[22.546s][debug][gc,phases      ] GC(47)   StringDedup Requests1 Weak     Min:  0.0, Avg:  0.0, Max:  0.0, Diff:  0.0, Sum:  0.0, Workers: 4
[22.546s][debug][gc,phases      ] GC(47)     Dead                           Min: 0, Avg:  0.0, Max: 0, Diff: 0, Sum: 0, Workers: 4
[22.546s][debug][gc,phases      ] GC(47)     Total                          Min: 0, Avg:  0.0, Max: 0, Diff: 0, Sum: 0, Workers: 4
[22.546s][debug][gc,phases      ] GC(47)   Weak JFR Old Object Samples    Min:  0.0, Avg:  0.0, Max:  0.0, Diff:  0.0, Sum:  0.0, Workers: 4
[22.546s][debug][gc,phases      ] GC(47)     Dead                           Min: 0, Avg:  0.0, Max: 0, Diff: 0, Sum: 0, Workers: 4
[22.546s][debug][gc,phases      ] GC(47)     Total                          Min: 0, Avg:  0.0, Max: 0, Diff: 0, Sum: 0, Workers: 4
[22.546s][debug][gc,phases      ] GC(47) Weak Processing 0.307ms
[22.546s][debug][gc,age         ] GC(47) Desired survivor size 454033408 bytes, new threshold 15 (max threshold 15)
[22.546s][info ][gc,heap        ] GC(47) PSYoungGen: 1289584K(1644544K)->85696K(1631744K) Eden: 1179136K(1179136K)->0K(1179136K) From: 110448K(465408K)->85696K(452608K)
[22.546s][info ][gc,heap        ] GC(47) ParOldGen: 417926K(492544K)->444014K(492544K)
[22.546s][info ][gc,metaspace   ] GC(47) Metaspace: 68195K(68992K)->68195K(68992K) NonClass: 58244K(58688K)->58244K(58688K) Class: 9951K(10304K)->9951K(10304K)
[22.546s][info ][gc             ] GC(47) Pause Young (Allocation Failure) 1667M->517M(2074M) 48.868ms
[22.546s][info ][gc,cpu         ] GC(47) User=0.18s Sys=0.01s Real=0.05s
[22.546s][debug][gc,phases      ] GC(48) Pre Compact 0.008ms
[22.546s][info ][gc,start       ] GC(48) Pause Full (Ergonomics)
[22.546s][info ][gc,phases,start] GC(48) Marking Phase
[22.734s][debug][gc,phases      ] GC(48) Par Mark 188.086ms
[22.734s][debug][gc,ref         ] GC(48) Skipped phase 1 of Reference Processing: no references
[22.734s][debug][gc,ref         ] GC(48) ReferenceProcessor::execute queues: 4, RefProcThreadModel::Multi, marks_oops_alive: false
[22.734s][debug][gc,ref         ] GC(48) Skipped phase 3 of Reference Processing: no references
[22.734s][debug][gc,ref         ] GC(48) ReferenceProcessor::execute queues: 1, RefProcThreadModel::Single, marks_oops_alive: false
[22.734s][debug][gc,phases      ] GC(48) Reference Processing 0.464ms
[22.735s][debug][gc,phases      ] GC(48)   VM Weak                        Min:  0.0, Avg:  0.0, Max:  0.0, Diff:  0.0, Sum:  0.0, Workers: 4
[22.735s][debug][gc,phases      ] GC(48)     Dead                           Min: 0, Avg:  0.0, Max: 0, Diff: 0, Sum: 0, Workers: 4
[22.735s][debug][gc,phases      ] GC(48)     Total                          Min: 0, Avg: 147.5, Max: 384, Diff: 384, Sum: 590, Workers: 4
[22.735s][debug][gc,phases      ] GC(48)   ObjectSynchronizer Weak        Min:  0.0, Avg:  0.0, Max:  0.0, Diff:  0.0, Sum:  0.0, Workers: 4
[22.735s][debug][gc,phases      ] GC(48)     Dead                           Min: 0, Avg:  2.5, Max: 5, Diff: 5, Sum: 10, Workers: 4
[22.735s][debug][gc,phases      ] GC(48)     Total                          Min: 0, Avg: 107.2, Max: 192, Diff: 192, Sum: 429, Workers: 4
[22.735s][debug][gc,phases      ] GC(48)   JVMTI Tag Weak OopStorage      Min:  0.0, Avg:  0.0, Max:  0.0, Diff:  0.0, Sum:  0.0, Workers: 4
[22.735s][debug][gc,phases      ] GC(48)     Dead                           Min: 0, Avg:  0.0, Max: 0, Diff: 0, Sum: 0, Workers: 4
[22.735s][debug][gc,phases      ] GC(48)     Total                          Min: 0, Avg:  0.0, Max: 0, Diff: 0, Sum: 0, Workers: 4
[22.735s][debug][gc,phases      ] GC(48)   StringTable Weak               Min:  0.1, Avg:  0.1, Max:  0.1, Diff:  0.0, Sum:  0.6, Workers: 4
[22.735s][debug][gc,phases      ] GC(48)     Dead                           Min: 0, Avg:  0.0, Max: 0, Diff: 0, Sum: 0, Workers: 4
[22.735s][debug][gc,phases      ] GC(48)     Total                          Min: 9910, Avg: 10690.8, Max: 11135, Diff: 1225, Sum: 42763, Workers: 4
[22.735s][debug][gc,phases      ] GC(48)   ResolvedMethodTable Weak       Min:  0.0, Avg:  0.0, Max:  0.0, Diff:  0.0, Sum:  0.1, Workers: 4
[22.735s][debug][gc,phases      ] GC(48)     Dead                           Min: 0, Avg:  0.0, Max: 0, Diff: 0, Sum: 0, Workers: 4
[22.735s][debug][gc,phases      ] GC(48)     Total                          Min: 1472, Avg: 1773.8, Max: 2048, Diff: 576, Sum: 7095, Workers: 4
[22.735s][debug][gc,phases      ] GC(48)   JNI Weak                       Min:  0.0, Avg:  0.0, Max:  0.0, Diff:  0.0, Sum:  0.0, Workers: 4
[22.735s][debug][gc,phases      ] GC(48)     Dead                           Min: 0, Avg:  0.0, Max: 0, Diff: 0, Sum: 0, Workers: 4
[22.735s][debug][gc,phases      ] GC(48)     Total                          Min: 0, Avg:  0.2, Max: 1, Diff: 1, Sum: 1, Workers: 4
[22.735s][debug][gc,phases      ] GC(48)   StringDedup Table Weak         Min:  0.0, Avg:  0.0, Max:  0.0, Diff:  0.0, Sum:  0.0, Workers: 4
[22.735s][debug][gc,phases      ] GC(48)     Dead                           Min: 0, Avg:  0.0, Max: 0, Diff: 0, Sum: 0, Workers: 4
[22.735s][debug][gc,phases      ] GC(48)     Total                          Min: 0, Avg:  0.0, Max: 0, Diff: 0, Sum: 0, Workers: 4
[22.735s][debug][gc,phases      ] GC(48)   StringDedup Requests0 Weak     Min:  0.0, Avg:  0.0, Max:  0.0, Diff:  0.0, Sum:  0.0, Workers: 4
[22.735s][debug][gc,phases      ] GC(48)     Dead                           Min: 0, Avg:  0.0, Max: 0, Diff: 0, Sum: 0, Workers: 4
[22.735s][debug][gc,phases      ] GC(48)     Total                          Min: 0, Avg:  0.0, Max: 0, Diff: 0, Sum: 0, Workers: 4
[22.735s][debug][gc,phases      ] GC(48)   StringDedup Requests1 Weak     Min:  0.0, Avg:  0.0, Max:  0.0, Diff:  0.0, Sum:  0.0, Workers: 4
[22.735s][debug][gc,phases      ] GC(48)     Dead                           Min: 0, Avg:  0.0, Max: 0, Diff: 0, Sum: 0, Workers: 4
[22.735s][debug][gc,phases      ] GC(48)     Total                          Min: 0, Avg:  0.0, Max: 0, Diff: 0, Sum: 0, Workers: 4
[22.735s][debug][gc,phases      ] GC(48)   Weak JFR Old Object Samples    Min:  0.0, Avg:  0.0, Max:  0.0, Diff:  0.0, Sum:  0.0, Workers: 4
[22.735s][debug][gc,phases      ] GC(48)     Dead                           Min: 0, Avg:  0.0, Max: 0, Diff: 0, Sum: 0, Workers: 4
[22.735s][debug][gc,phases      ] GC(48)     Total                          Min: 0, Avg:  0.0, Max: 0, Diff: 0, Sum: 0, Workers: 4
[22.735s][debug][gc,phases      ] GC(48) Weak Processing 0.361ms
[22.735s][debug][gc,phases      ] GC(48) ClassLoaderData 0.109ms
[22.735s][debug][gc,phases      ] GC(48) Trigger cleanups 0.000ms
[22.744s][debug][gc,phases      ] GC(48) Class Unloading 8.854ms
[22.744s][info ][gc,phases      ] GC(48) Marking Phase 197.874ms
[22.744s][info ][gc,phases,start] GC(48) Summary Phase
[22.744s][info ][gc,phases      ] GC(48) Summary Phase 0.024ms
[22.744s][info ][gc,phases,start] GC(48) Adjust Roots
[22.752s][info ][gc,phases      ] GC(48) Adjust Roots 8.056ms
[22.752s][info ][gc,phases,start] GC(48) Compaction Phase
[23.212s][info ][gc,phases      ] GC(48) Compaction Phase 459.815ms
[23.212s][info ][gc,phases,start] GC(48) Post Compact
[23.213s][info ][gc,phases      ] GC(48) Post Compact 1.476ms
[23.213s][info ][gc,heap        ] GC(48) PSYoungGen: 85696K(1631744K)->26652K(1631744K) Eden: 0K(1179136K)->0K(1179136K) From: 85696K(452608K)->26652K(452608K)
[23.213s][info ][gc,heap        ] GC(48) ParOldGen: 444014K(492544K)->492396K(615424K)
[23.213s][info ][gc,metaspace   ] GC(48) Metaspace: 68195K(68992K)->68195K(68992K) NonClass: 58244K(58688K)->58244K(58688K) Class: 9951K(10304K)->9951K(10304K)
[23.213s][info ][gc             ] GC(48) Pause Full (Ergonomics) 517M->506M(2194M) 667.568ms
[23.213s][info ][gc,cpu         ] GC(48) User=2.60s Sys=0.01s Real=0.67s
[23.214s][info ][safepoint      ] Safepoint "ParallelGCFailedAllocation", Time since last: 241871102 ns, Reaching safepoint: 148203 ns, At safepoint: 716609987 ns, Total: 716758190 ns
[23.267s][info ][safepoint      ] Safepoint "ICBufferFull", Time since last: 29605098 ns, Reaching safepoint: 346208 ns, At safepoint: 23467453 ns, Total: 23813661 ns
[23.269s][info ][safepoint      ] Safepoint "ICBufferFull", Time since last: 1444934 ns, Reaching safepoint: 118503 ns, At safepoint: 34100 ns, Total: 152603 ns
[23.270s][info ][safepoint      ] Safepoint "ICBufferFull", Time since last: 1172228 ns, Reaching safepoint: 103502 ns, At safepoint: 24101 ns, Total: 127603 ns
[23.273s][info ][safepoint      ] Safepoint "ICBufferFull", Time since last: 3213776 ns, Reaching safepoint: 122003 ns, At safepoint: 24900 ns, Total: 146903 ns
[23.274s][info ][safepoint      ] Safepoint "ICBufferFull", Time since last: 910422 ns, Reaching safepoint: 106802 ns, At safepoint: 23401 ns, Total: 130203 ns
[23.275s][info ][safepoint      ] Safepoint "ICBufferFull", Time since last: 1090625 ns, Reaching safepoint: 110203 ns, At safepoint: 20701 ns, Total: 130904 ns
[23.487s][info ][gc,start       ] GC(49) Pause Young (Allocation Failure)
[23.557s][debug][gc,phases      ] GC(49) Scavenge 69.551ms
[23.557s][debug][gc,ref         ] GC(49) Skipped phase 1 of Reference Processing: no references
[23.557s][debug][gc,ref         ] GC(49) ReferenceProcessor::execute queues: 1, RefProcThreadModel::Single, marks_oops_alive: false
[23.557s][debug][gc,ref         ] GC(49) Skipped phase 3 of Reference Processing: no references
[23.557s][debug][gc,ref         ] GC(49) ReferenceProcessor::execute queues: 1, RefProcThreadModel::Single, marks_oops_alive: false
[23.557s][debug][gc,phases      ] GC(49) Reference Processing 0.106ms
[23.557s][debug][gc,phases      ] GC(49)   VM Weak                        Min:  0.0, Avg:  0.0, Max:  0.0, Diff:  0.0, Sum:  0.0, Workers: 4
[23.557s][debug][gc,phases      ] GC(49)     Dead                           Min: 0, Avg:  0.0, Max: 0, Diff: 0, Sum: 0, Workers: 4
[23.557s][debug][gc,phases      ] GC(49)     Total                          Min: 0, Avg: 147.5, Max: 576, Diff: 576, Sum: 590, Workers: 4
[23.557s][debug][gc,phases      ] GC(49)   ObjectSynchronizer Weak        Min:  0.0, Avg:  0.0, Max:  0.0, Diff:  0.0, Sum:  0.0, Workers: 4
[23.557s][debug][gc,phases      ] GC(49)     Dead                           Min: 0, Avg:  0.0, Max: 0, Diff: 0, Sum: 0, Workers: 4
[23.557s][debug][gc,phases      ] GC(49)     Total                          Min: 0, Avg: 107.2, Max: 237, Diff: 237, Sum: 429, Workers: 4
[23.557s][debug][gc,phases      ] GC(49)   JVMTI Tag Weak OopStorage      Min:  0.0, Avg:  0.0, Max:  0.0, Diff:  0.0, Sum:  0.0, Workers: 4
[23.557s][debug][gc,phases      ] GC(49)     Dead                           Min: 0, Avg:  0.0, Max: 0, Diff: 0, Sum: 0, Workers: 4
[23.557s][debug][gc,phases      ] GC(49)     Total                          Min: 0, Avg:  0.0, Max: 0, Diff: 0, Sum: 0, Workers: 4
[23.557s][debug][gc,phases      ] GC(49)   StringTable Weak               Min:  0.1, Avg:  0.1, Max:  0.1, Diff:  0.0, Sum:  0.4, Workers: 4
[23.557s][debug][gc,phases      ] GC(49)     Dead                           Min: 0, Avg:  2.8, Max: 11, Diff: 11, Sum: 11, Workers: 4
[23.557s][debug][gc,phases      ] GC(49)     Total                          Min: 9536, Avg: 10693.0, Max: 11606, Diff: 2070, Sum: 42772, Workers: 4
[23.557s][debug][gc,phases      ] GC(49)   ResolvedMethodTable Weak       Min:  0.0, Avg:  0.0, Max:  0.0, Diff:  0.0, Sum:  0.1, Workers: 4
[23.557s][debug][gc,phases      ] GC(49)     Dead                           Min: 0, Avg:  0.0, Max: 0, Diff: 0, Sum: 0, Workers: 4
[23.557s][debug][gc,phases      ] GC(49)     Total                          Min: 1535, Avg: 1777.8, Max: 2057, Diff: 522, Sum: 7111, Workers: 4
[23.557s][debug][gc,phases      ] GC(49)   JNI Weak                       Min:  0.0, Avg:  0.0, Max:  0.0, Diff:  0.0, Sum:  0.0, Workers: 4
[23.557s][debug][gc,phases      ] GC(49)     Dead                           Min: 0, Avg:  0.0, Max: 0, Diff: 0, Sum: 0, Workers: 4
[23.557s][debug][gc,phases      ] GC(49)     Total                          Min: 0, Avg:  0.0, Max: 0, Diff: 0, Sum: 0, Workers: 4
[23.557s][debug][gc,phases      ] GC(49)   StringDedup Table Weak         Min:  0.0, Avg:  0.0, Max:  0.0, Diff:  0.0, Sum:  0.0, Workers: 4
[23.557s][debug][gc,phases      ] GC(49)     Dead                           Min: 0, Avg:  0.0, Max: 0, Diff: 0, Sum: 0, Workers: 4
[23.557s][debug][gc,phases      ] GC(49)     Total                          Min: 0, Avg:  0.0, Max: 0, Diff: 0, Sum: 0, Workers: 4
[23.557s][debug][gc,phases      ] GC(49)   StringDedup Requests0 Weak     Min:  0.0, Avg:  0.0, Max:  0.0, Diff:  0.0, Sum:  0.0, Workers: 4
[23.557s][debug][gc,phases      ] GC(49)     Dead                           Min: 0, Avg:  0.0, Max: 0, Diff: 0, Sum: 0, Workers: 4
[23.557s][debug][gc,phases      ] GC(49)     Total                          Min: 0, Avg:  0.0, Max: 0, Diff: 0, Sum: 0, Workers: 4
[23.557s][debug][gc,phases      ] GC(49)   StringDedup Requests1 Weak     Min:  0.0, Avg:  0.0, Max:  0.0, Diff:  0.0, Sum:  0.0, Workers: 4
[23.557s][debug][gc,phases      ] GC(49)     Dead                           Min: 0, Avg:  0.0, Max: 0, Diff: 0, Sum: 0, Workers: 4
[23.557s][debug][gc,phases      ] GC(49)     Total                          Min: 0, Avg:  0.0, Max: 0, Diff: 0, Sum: 0, Workers: 4
[23.557s][debug][gc,phases      ] GC(49)   Weak JFR Old Object Samples    Min:  0.0, Avg:  0.0, Max:  0.0, Diff:  0.0, Sum:  0.0, Workers: 4
[23.557s][debug][gc,phases      ] GC(49)     Dead                           Min: 0, Avg:  0.0, Max: 0, Diff: 0, Sum: 0, Workers: 4
[23.557s][debug][gc,phases      ] GC(49)     Total                          Min: 0, Avg:  0.0, Max: 0, Diff: 0, Sum: 0, Workers: 4
[23.557s][debug][gc,phases      ] GC(49) Weak Processing 0.300ms
[23.557s][debug][gc,age         ] GC(49) Desired survivor size 454033408 bytes, new threshold 15 (max threshold 15)
[23.557s][info ][gc,heap        ] GC(49) PSYoungGen: 1205788K(1631744K)->21184K(1653760K) Eden: 1179136K(1179136K)->0K(1210368K) From: 26652K(452608K)->21184K(443392K)
[23.557s][info ][gc,heap        ] GC(49) ParOldGen: 492396K(615424K)->499172K(615424K)
[23.557s][info ][gc,metaspace   ] GC(49) Metaspace: 68232K(68992K)->68232K(68992K) NonClass: 58275K(58688K)->58275K(58688K) Class: 9957K(10304K)->9957K(10304K)
[23.557s][info ][gc             ] GC(49) Pause Young (Allocation Failure) 1658M->508M(2216M) 70.092ms
[23.557s][info ][gc,cpu         ] GC(49) User=0.27s Sys=0.00s Real=0.07s
[23.557s][info ][safepoint      ] Safepoint "ParallelGCFailedAllocation", Time since last: 211354980 ns, Reaching safepoint: 199204 ns, At safepoint: 70201154 ns, Total: 70400358 ns
[23.884s][info ][gc,start       ] GC(50) Pause Young (Allocation Failure)
[23.893s][debug][gc,phases      ] GC(50) Scavenge 8.998ms
[23.893s][debug][gc,ref         ] GC(50) Skipped phase 1 of Reference Processing: no references
[23.893s][debug][gc,ref         ] GC(50) ReferenceProcessor::execute queues: 1, RefProcThreadModel::Single, marks_oops_alive: false
[23.893s][debug][gc,ref         ] GC(50) Skipped phase 3 of Reference Processing: no references
[23.893s][debug][gc,ref         ] GC(50) Skipped phase 4 of Reference Processing: no references
[23.893s][debug][gc,phases      ] GC(50) Reference Processing 0.117ms
[23.894s][debug][gc,phases      ] GC(50)   VM Weak                        Min:  0.0, Avg:  0.0, Max:  0.0, Diff:  0.0, Sum:  0.0, Workers: 4
[23.894s][debug][gc,phases      ] GC(50)     Dead                           Min: 0, Avg:  0.0, Max: 0, Diff: 0, Sum: 0, Workers: 4
[23.894s][debug][gc,phases      ] GC(50)     Total                          Min: 0, Avg: 147.5, Max: 590, Diff: 590, Sum: 590, Workers: 4
[23.894s][debug][gc,phases      ] GC(50)   ObjectSynchronizer Weak        Min:  0.0, Avg:  0.0, Max:  0.0, Diff:  0.0, Sum:  0.0, Workers: 4
[23.894s][debug][gc,phases      ] GC(50)     Dead                           Min: 0, Avg:  0.0, Max: 0, Diff: 0, Sum: 0, Workers: 4
[23.894s][debug][gc,phases      ] GC(50)     Total                          Min: 0, Avg: 107.2, Max: 365, Diff: 365, Sum: 429, Workers: 4
[23.894s][debug][gc,phases      ] GC(50)   JVMTI Tag Weak OopStorage      Min:  0.0, Avg:  0.0, Max:  0.0, Diff:  0.0, Sum:  0.0, Workers: 4
[23.894s][debug][gc,phases      ] GC(50)     Dead                           Min: 0, Avg:  0.0, Max: 0, Diff: 0, Sum: 0, Workers: 4
[23.894s][debug][gc,phases      ] GC(50)     Total                          Min: 0, Avg:  0.0, Max: 0, Diff: 0, Sum: 0, Workers: 4
[23.894s][debug][gc,phases      ] GC(50)   StringTable Weak               Min:  0.1, Avg:  0.1, Max:  0.1, Diff:  0.0, Sum:  0.4, Workers: 4
[23.894s][debug][gc,phases      ] GC(50)     Dead                           Min: 0, Avg:  2.8, Max: 10, Diff: 10, Sum: 11, Workers: 4
[23.894s][debug][gc,phases      ] GC(50)     Total                          Min: 9728, Avg: 10693.8, Max: 11671, Diff: 1943, Sum: 42775, Workers: 4
[23.894s][debug][gc,phases      ] GC(50)   ResolvedMethodTable Weak       Min:  0.0, Avg:  0.0, Max:  0.0, Diff:  0.0, Sum:  0.1, Workers: 4
[23.894s][debug][gc,phases      ] GC(50)     Dead                           Min: 0, Avg:  0.0, Max: 0, Diff: 0, Sum: 0, Workers: 4
[23.894s][debug][gc,phases      ] GC(50)     Total                          Min: 1535, Avg: 1777.8, Max: 2048, Diff: 513, Sum: 7111, Workers: 4
[23.894s][debug][gc,phases      ] GC(50)   JNI Weak                       Min:  0.0, Avg:  0.0, Max:  0.0, Diff:  0.0, Sum:  0.0, Workers: 4
[23.894s][debug][gc,phases      ] GC(50)     Dead                           Min: 0, Avg:  0.0, Max: 0, Diff: 0, Sum: 0, Workers: 4
[23.894s][debug][gc,phases      ] GC(50)     Total                          Min: 0, Avg:  0.8, Max: 3, Diff: 3, Sum: 3, Workers: 4
[23.894s][debug][gc,phases      ] GC(50)   StringDedup Table Weak         Min:  0.0, Avg:  0.0, Max:  0.0, Diff:  0.0, Sum:  0.0, Workers: 4
[23.894s][debug][gc,phases      ] GC(50)     Dead                           Min: 0, Avg:  0.0, Max: 0, Diff: 0, Sum: 0, Workers: 4
[23.894s][debug][gc,phases      ] GC(50)     Total                          Min: 0, Avg:  0.0, Max: 0, Diff: 0, Sum: 0, Workers: 4
[23.894s][debug][gc,phases      ] GC(50)   StringDedup Requests0 Weak     Min:  0.0, Avg:  0.0, Max:  0.0, Diff:  0.0, Sum:  0.0, Workers: 4
[23.894s][debug][gc,phases      ] GC(50)     Dead                           Min: 0, Avg:  0.0, Max: 0, Diff: 0, Sum: 0, Workers: 4
[23.894s][debug][gc,phases      ] GC(50)     Total                          Min: 0, Avg:  0.0, Max: 0, Diff: 0, Sum: 0, Workers: 4
[23.894s][debug][gc,phases      ] GC(50)   StringDedup Requests1 Weak     Min:  0.0, Avg:  0.0, Max:  0.0, Diff:  0.0, Sum:  0.0, Workers: 4
[23.894s][debug][gc,phases      ] GC(50)     Dead                           Min: 0, Avg:  0.0, Max: 0, Diff: 0, Sum: 0, Workers: 4
[23.894s][debug][gc,phases      ] GC(50)     Total                          Min: 0, Avg:  0.0, Max: 0, Diff: 0, Sum: 0, Workers: 4
[23.894s][debug][gc,phases      ] GC(50)   Weak JFR Old Object Samples    Min:  0.0, Avg:  0.0, Max:  0.0, Diff:  0.0, Sum:  0.0, Workers: 4
[23.894s][debug][gc,phases      ] GC(50)     Dead                           Min: 0, Avg:  0.0, Max: 0, Diff: 0, Sum: 0, Workers: 4
[23.894s][debug][gc,phases      ] GC(50)     Total                          Min: 0, Avg:  0.0, Max: 0, Diff: 0, Sum: 0, Workers: 4
[23.894s][debug][gc,phases      ] GC(50) Weak Processing 0.308ms
[23.894s][debug][gc,age         ] GC(50) Desired survivor size 449314816 bytes, new threshold 15 (max threshold 15)
[23.894s][info ][gc,heap        ] GC(50) PSYoungGen: 1231552K(1653760K)->22288K(1653760K) Eden: 1210368K(1210368K)->0K(1210368K) From: 21184K(443392K)->22288K(443392K)
[23.894s][info ][gc,heap        ] GC(50) ParOldGen: 499172K(615424K)->499800K(615424K)
[23.894s][info ][gc,metaspace   ] GC(50) Metaspace: 68235K(68992K)->68235K(68992K) NonClass: 58277K(58688K)->58277K(58688K) Class: 9957K(10304K)->9957K(10304K)
[23.894s][info ][gc             ] GC(50) Pause Young (Allocation Failure) 1690M->509M(2216M) 9.558ms
[23.894s][info ][gc,cpu         ] GC(50) User=0.04s Sys=0.00s Real=0.01s
[23.894s][info ][safepoint      ] Safepoint "ParallelGCFailedAllocation", Time since last: 326781698 ns, Reaching safepoint: 156704 ns, At safepoint: 9664828 ns, Total: 9821532 ns
[24.164s][info ][gc,start       ] GC(51) Pause Young (Allocation Failure)
[24.176s][debug][gc,phases      ] GC(51) Scavenge 12.351ms
[24.176s][debug][gc,ref         ] GC(51) Skipped phase 1 of Reference Processing: no references
[24.176s][debug][gc,ref         ] GC(51) ReferenceProcessor::execute queues: 1, RefProcThreadModel::Single, marks_oops_alive: false
[24.176s][debug][gc,ref         ] GC(51) Skipped phase 3 of Reference Processing: no references
[24.176s][debug][gc,ref         ] GC(51) ReferenceProcessor::execute queues: 1, RefProcThreadModel::Single, marks_oops_alive: false
[24.176s][debug][gc,phases      ] GC(51) Reference Processing 0.123ms
[24.176s][debug][gc,phases      ] GC(51)   VM Weak                        Min:  0.0, Avg:  0.0, Max:  0.0, Diff:  0.0, Sum:  0.0, Workers: 4
[24.177s][debug][gc,phases      ] GC(51)     Dead                           Min: 0, Avg:  0.0, Max: 0, Diff: 0, Sum: 0, Workers: 4
[24.177s][debug][gc,phases      ] GC(51)     Total                          Min: 0, Avg: 147.5, Max: 448, Diff: 448, Sum: 590, Workers: 4
[24.177s][debug][gc,phases      ] GC(51)   ObjectSynchronizer Weak        Min:  0.0, Avg:  0.0, Max:  0.0, Diff:  0.0, Sum:  0.0, Workers: 4
[24.177s][debug][gc,phases      ] GC(51)     Dead                           Min: 0, Avg:  0.0, Max: 0, Diff: 0, Sum: 0, Workers: 4
[24.177s][debug][gc,phases      ] GC(51)     Total                          Min: 0, Avg: 107.2, Max: 237, Diff: 237, Sum: 429, Workers: 4
[24.177s][debug][gc,phases      ] GC(51)   JVMTI Tag Weak OopStorage      Min:  0.0, Avg:  0.0, Max:  0.0, Diff:  0.0, Sum:  0.0, Workers: 4
[24.177s][debug][gc,phases      ] GC(51)     Dead                           Min: 0, Avg:  0.0, Max: 0, Diff: 0, Sum: 0, Workers: 4
[24.177s][debug][gc,phases      ] GC(51)     Total                          Min: 0, Avg:  0.0, Max: 0, Diff: 0, Sum: 0, Workers: 4
[24.177s][debug][gc,phases      ] GC(51)   StringTable Weak               Min:  0.1, Avg:  0.1, Max:  0.1, Diff:  0.0, Sum:  0.4, Workers: 4
[24.177s][debug][gc,phases      ] GC(51)     Dead                           Min: 0, Avg:  0.2, Max: 1, Diff: 1, Sum: 1, Workers: 4
[24.177s][debug][gc,phases      ] GC(51)     Total                          Min: 10176, Avg: 10697.8, Max: 12031, Diff: 1855, Sum: 42791, Workers: 4
[24.177s][debug][gc,phases      ] GC(51)   ResolvedMethodTable Weak       Min:  0.0, Avg:  0.0, Max:  0.0, Diff:  0.0, Sum:  0.1, Workers: 4
[24.177s][debug][gc,phases      ] GC(51)     Dead                           Min: 0, Avg:  0.0, Max: 0, Diff: 0, Sum: 0, Workers: 4
[24.177s][debug][gc,phases      ] GC(51)     Total                          Min: 1628, Avg: 1782.8, Max: 1984, Diff: 356, Sum: 7131, Workers: 4
[24.177s][debug][gc,phases      ] GC(51)   JNI Weak                       Min:  0.0, Avg:  0.0, Max:  0.0, Diff:  0.0, Sum:  0.0, Workers: 4
[24.177s][debug][gc,phases      ] GC(51)     Dead                           Min: 0, Avg:  0.0, Max: 0, Diff: 0, Sum: 0, Workers: 4
[24.177s][debug][gc,phases      ] GC(51)     Total                          Min: 0, Avg:  0.8, Max: 3, Diff: 3, Sum: 3, Workers: 4
[24.177s][debug][gc,phases      ] GC(51)   StringDedup Table Weak         Min:  0.0, Avg:  0.0, Max:  0.0, Diff:  0.0, Sum:  0.0, Workers: 4
[24.177s][debug][gc,phases      ] GC(51)     Dead                           Min: 0, Avg:  0.0, Max: 0, Diff: 0, Sum: 0, Workers: 4
[24.177s][debug][gc,phases      ] GC(51)     Total                          Min: 0, Avg:  0.0, Max: 0, Diff: 0, Sum: 0, Workers: 4
[24.177s][debug][gc,phases      ] GC(51)   StringDedup Requests0 Weak     Min:  0.0, Avg:  0.0, Max:  0.0, Diff:  0.0, Sum:  0.0, Workers: 4
[24.177s][debug][gc,phases      ] GC(51)     Dead                           Min: 0, Avg:  0.0, Max: 0, Diff: 0, Sum: 0, Workers: 4
[24.177s][debug][gc,phases      ] GC(51)     Total                          Min: 0, Avg:  0.0, Max: 0, Diff: 0, Sum: 0, Workers: 4
[24.177s][debug][gc,phases      ] GC(51)   StringDedup Requests1 Weak     Min:  0.0, Avg:  0.0, Max:  0.0, Diff:  0.0, Sum:  0.0, Workers: 4
[24.177s][debug][gc,phases      ] GC(51)     Dead                           Min: 0, Avg:  0.0, Max: 0, Diff: 0, Sum: 0, Workers: 4
[24.177s][debug][gc,phases      ] GC(51)     Total                          Min: 0, Avg:  0.0, Max: 0, Diff: 0, Sum: 0, Workers: 4
[24.177s][debug][gc,phases      ] GC(51)   Weak JFR Old Object Samples    Min:  0.0, Avg:  0.0, Max:  0.0, Diff:  0.0, Sum:  0.0, Workers: 4
[24.177s][debug][gc,phases      ] GC(51)     Dead                           Min: 0, Avg:  0.0, Max: 0, Diff: 0, Sum: 0, Workers: 4
[24.177s][debug][gc,phases      ] GC(51)     Total                          Min: 0, Avg:  0.0, Max: 0, Diff: 0, Sum: 0, Workers: 4
[24.177s][debug][gc,phases      ] GC(51) Weak Processing 0.298ms
[24.177s][debug][gc,age         ] GC(51) Desired survivor size 440926208 bytes, new threshold 15 (max threshold 15)
[24.177s][info ][gc,heap        ] GC(51) PSYoungGen: 1232656K(1653760K)->24800K(1666560K) Eden: 1210368K(1210368K)->0K(1227776K) From: 22288K(443392K)->24800K(438784K)
[24.177s][info ][gc,heap        ] GC(51) ParOldGen: 499800K(615424K)->501432K(615424K)
[24.177s][info ][gc,metaspace   ] GC(51) Metaspace: 68306K(69056K)->68306K(69056K) NonClass: 58341K(58752K)->58341K(58752K) Class: 9965K(10304K)->9965K(10304K)
[24.177s][info ][gc             ] GC(51) Pause Young (Allocation Failure) 1691M->513M(2228M) 12.924ms
[24.177s][info ][gc,cpu         ] GC(51) User=0.05s Sys=0.00s Real=0.01s
[24.177s][info ][safepoint      ] Safepoint "ParallelGCFailedAllocation", Time since last: 267737705 ns, Reaching safepoint: 2152351 ns, At safepoint: 13025007 ns, Total: 15177358 ns
[24.305s][info ][safepoint      ] Safepoint "ICBufferFull", Time since last: 127699307 ns, Reaching safepoint: 165604 ns, At safepoint: 33301 ns, Total: 198905 ns
[24.394s][info ][safepoint      ] Safepoint "ICBufferFull", Time since last: 88922094 ns, Reaching safepoint: 150804 ns, At safepoint: 28601 ns, Total: 179405 ns
[24.446s][info ][safepoint      ] Safepoint "ICBufferFull", Time since last: 50116080 ns, Reaching safepoint: 2156851 ns, At safepoint: 34101 ns, Total: 2190952 ns
[24.511s][info ][gc,start       ] GC(52) Pause Young (Allocation Failure)
[24.522s][debug][gc,phases      ] GC(52) Scavenge 10.121ms
[24.522s][debug][gc,ref         ] GC(52) Skipped phase 1 of Reference Processing: no references
[24.522s][debug][gc,ref         ] GC(52) ReferenceProcessor::execute queues: 1, RefProcThreadModel::Single, marks_oops_alive: false
[24.522s][debug][gc,ref         ] GC(52) Skipped phase 3 of Reference Processing: no references
[24.522s][debug][gc,ref         ] GC(52) Skipped phase 4 of Reference Processing: no references
[24.522s][debug][gc,phases      ] GC(52) Reference Processing 0.109ms
[24.522s][debug][gc,phases      ] GC(52)   VM Weak                        Min:  0.0, Avg:  0.0, Max:  0.0, Diff:  0.0, Sum:  0.0, Workers: 4
[24.522s][debug][gc,phases      ] GC(52)     Dead                           Min: 0, Avg:  0.0, Max: 0, Diff: 0, Sum: 0, Workers: 4
[24.522s][debug][gc,phases      ] GC(52)     Total                          Min: 0, Avg: 147.5, Max: 590, Diff: 590, Sum: 590, Workers: 4
[24.522s][debug][gc,phases      ] GC(52)   ObjectSynchronizer Weak        Min:  0.0, Avg:  0.0, Max:  0.0, Diff:  0.0, Sum:  0.0, Workers: 4
[24.522s][debug][gc,phases      ] GC(52)     Dead                           Min: 0, Avg:  0.0, Max: 0, Diff: 0, Sum: 0, Workers: 4
[24.522s][debug][gc,phases      ] GC(52)     Total                          Min: 0, Avg: 107.2, Max: 384, Diff: 384, Sum: 429, Workers: 4
[24.522s][debug][gc,phases      ] GC(52)   JVMTI Tag Weak OopStorage      Min:  0.0, Avg:  0.0, Max:  0.0, Diff:  0.0, Sum:  0.0, Workers: 4
[24.522s][debug][gc,phases      ] GC(52)     Dead                           Min: 0, Avg:  0.0, Max: 0, Diff: 0, Sum: 0, Workers: 4
[24.522s][debug][gc,phases      ] GC(52)     Total                          Min: 0, Avg:  0.0, Max: 0, Diff: 0, Sum: 0, Workers: 4
[24.522s][debug][gc,phases      ] GC(52)   StringTable Weak               Min:  0.1, Avg:  0.1, Max:  0.1, Diff:  0.0, Sum:  0.4, Workers: 4
[24.522s][debug][gc,phases      ] GC(52)     Dead                           Min: 0, Avg:  2.8, Max: 11, Diff: 11, Sum: 11, Workers: 4
[24.522s][debug][gc,phases      ] GC(52)     Total                          Min: 10046, Avg: 10700.8, Max: 11520, Diff: 1474, Sum: 42803, Workers: 4
[24.522s][debug][gc,phases      ] GC(52)   ResolvedMethodTable Weak       Min:  0.0, Avg:  0.0, Max:  0.0, Diff:  0.0, Sum:  0.1, Workers: 4
[24.522s][debug][gc,phases      ] GC(52)     Dead                           Min: 0, Avg:  0.0, Max: 0, Diff: 0, Sum: 0, Workers: 4
[24.522s][debug][gc,phases      ] GC(52)     Total                          Min: 1535, Avg: 1782.8, Max: 2013, Diff: 478, Sum: 7131, Workers: 4
[24.522s][debug][gc,phases      ] GC(52)   JNI Weak                       Min:  0.0, Avg:  0.0, Max:  0.0, Diff:  0.0, Sum:  0.0, Workers: 4
[24.522s][debug][gc,phases      ] GC(52)     Dead                           Min: 0, Avg:  0.0, Max: 0, Diff: 0, Sum: 0, Workers: 4
[24.522s][debug][gc,phases      ] GC(52)     Total                          Min: 0, Avg:  0.8, Max: 3, Diff: 3, Sum: 3, Workers: 4
[24.522s][debug][gc,phases      ] GC(52)   StringDedup Table Weak         Min:  0.0, Avg:  0.0, Max:  0.0, Diff:  0.0, Sum:  0.0, Workers: 4
[24.522s][debug][gc,phases      ] GC(52)     Dead                           Min: 0, Avg:  0.0, Max: 0, Diff: 0, Sum: 0, Workers: 4
[24.522s][debug][gc,phases      ] GC(52)     Total                          Min: 0, Avg:  0.0, Max: 0, Diff: 0, Sum: 0, Workers: 4
[24.522s][debug][gc,phases      ] GC(52)   StringDedup Requests0 Weak     Min:  0.0, Avg:  0.0, Max:  0.0, Diff:  0.0, Sum:  0.0, Workers: 4
[24.522s][debug][gc,phases      ] GC(52)     Dead                           Min: 0, Avg:  0.0, Max: 0, Diff: 0, Sum: 0, Workers: 4
[24.522s][debug][gc,phases      ] GC(52)     Total                          Min: 0, Avg:  0.0, Max: 0, Diff: 0, Sum: 0, Workers: 4
[24.522s][debug][gc,phases      ] GC(52)   StringDedup Requests1 Weak     Min:  0.0, Avg:  0.0, Max:  0.0, Diff:  0.0, Sum:  0.0, Workers: 4
[24.522s][debug][gc,phases      ] GC(52)     Dead                           Min: 0, Avg:  0.0, Max: 0, Diff: 0, Sum: 0, Workers: 4
[24.522s][debug][gc,phases      ] GC(52)     Total                          Min: 0, Avg:  0.0, Max: 0, Diff: 0, Sum: 0, Workers: 4
[24.522s][debug][gc,phases      ] GC(52)   Weak JFR Old Object Samples    Min:  0.0, Avg:  0.0, Max:  0.0, Diff:  0.0, Sum:  0.0, Workers: 4
[24.522s][debug][gc,phases      ] GC(52)     Dead                           Min: 0, Avg:  0.0, Max: 0, Diff: 0, Sum: 0, Workers: 4
[24.522s][debug][gc,phases      ] GC(52)     Total                          Min: 0, Avg:  0.0, Max: 0, Diff: 0, Sum: 0, Workers: 4
[24.522s][debug][gc,phases      ] GC(52) Weak Processing 0.310ms
[24.522s][debug][gc,age         ] GC(52) Desired survivor size 429916160 bytes, new threshold 15 (max threshold 15)
[24.522s][info ][gc,heap        ] GC(52) PSYoungGen: 1252576K(1666560K)->24720K(1658368K) Eden: 1227776K(1227776K)->0K(1227776K) From: 24800K(438784K)->24720K(430592K)
[24.522s][info ][gc,heap        ] GC(52) ParOldGen: 501432K(615424K)->503040K(615424K)
[24.522s][info ][gc,metaspace   ] GC(52) Metaspace: 68321K(69056K)->68321K(69056K) NonClass: 58355K(58752K)->58355K(58752K) Class: 9965K(10304K)->9965K(10304K)
[24.522s][info ][gc             ] GC(52) Pause Young (Allocation Failure) 1712M->515M(2220M) 10.795ms
[24.522s][info ][gc,cpu         ] GC(52) User=0.05s Sys=0.00s Real=0.00s
[24.522s][info ][safepoint      ] Safepoint "ParallelGCFailedAllocation", Time since last: 65108133 ns, Reaching safepoint: 133903 ns, At safepoint: 10903657 ns, Total: 11037560 ns
[24.775s][info ][gc,start       ] GC(53) Pause Young (Allocation Failure)
[24.786s][debug][gc,phases      ] GC(53) Scavenge 11.094ms
[24.786s][debug][gc,ref         ] GC(53) Skipped phase 1 of Reference Processing: no references
[24.786s][debug][gc,ref         ] GC(53) ReferenceProcessor::execute queues: 1, RefProcThreadModel::Single, marks_oops_alive: false
[24.786s][debug][gc,ref         ] GC(53) Skipped phase 3 of Reference Processing: no references
[24.786s][debug][gc,ref         ] GC(53) Skipped phase 4 of Reference Processing: no references
[24.786s][debug][gc,phases      ] GC(53) Reference Processing 0.087ms
[24.786s][debug][gc,phases      ] GC(53)   VM Weak                        Min:  0.0, Avg:  0.0, Max:  0.0, Diff:  0.0, Sum:  0.0, Workers: 4
[24.786s][debug][gc,phases      ] GC(53)     Dead                           Min: 0, Avg:  0.0, Max: 0, Diff: 0, Sum: 0, Workers: 4
[24.786s][debug][gc,phases      ] GC(53)     Total                          Min: 0, Avg: 147.5, Max: 384, Diff: 384, Sum: 590, Workers: 4
[24.786s][debug][gc,phases      ] GC(53)   ObjectSynchronizer Weak        Min:  0.0, Avg:  0.0, Max:  0.0, Diff:  0.0, Sum:  0.0, Workers: 4
[24.786s][debug][gc,phases      ] GC(53)     Dead                           Min: 0, Avg:  0.0, Max: 0, Diff: 0, Sum: 0, Workers: 4
[24.786s][debug][gc,phases      ] GC(53)     Total                          Min: 0, Avg: 107.2, Max: 237, Diff: 237, Sum: 429, Workers: 4
[24.786s][debug][gc,phases      ] GC(53)   JVMTI Tag Weak OopStorage      Min:  0.0, Avg:  0.0, Max:  0.0, Diff:  0.0, Sum:  0.0, Workers: 4
[24.786s][debug][gc,phases      ] GC(53)     Dead                           Min: 0, Avg:  0.0, Max: 0, Diff: 0, Sum: 0, Workers: 4
[24.786s][debug][gc,phases      ] GC(53)     Total                          Min: 0, Avg:  0.0, Max: 0, Diff: 0, Sum: 0, Workers: 4
[24.786s][debug][gc,phases      ] GC(53)   StringTable Weak               Min:  0.1, Avg:  0.1, Max:  0.1, Diff:  0.0, Sum:  0.4, Workers: 4
[24.786s][debug][gc,phases      ] GC(53)     Dead                           Min: 0, Avg:  2.8, Max: 9, Diff: 9, Sum: 11, Workers: 4
[24.786s][debug][gc,phases      ] GC(53)     Total                          Min: 10035, Avg: 10700.8, Max: 11648, Diff: 1613, Sum: 42803, Workers: 4
[24.786s][debug][gc,phases      ] GC(53)   ResolvedMethodTable Weak       Min:  0.0, Avg:  0.0, Max:  0.0, Diff:  0.0, Sum:  0.1, Workers: 4
[24.786s][debug][gc,phases      ] GC(53)     Dead                           Min: 0, Avg:  0.0, Max: 0, Diff: 0, Sum: 0, Workers: 4
[24.786s][debug][gc,phases      ] GC(53)     Total                          Min: 1535, Avg: 1782.8, Max: 2077, Diff: 542, Sum: 7131, Workers: 4
[24.786s][debug][gc,phases      ] GC(53)   JNI Weak                       Min:  0.0, Avg:  0.0, Max:  0.0, Diff:  0.0, Sum:  0.0, Workers: 4
[24.786s][debug][gc,phases      ] GC(53)     Dead                           Min: 0, Avg:  0.0, Max: 0, Diff: 0, Sum: 0, Workers: 4
[24.786s][debug][gc,phases      ] GC(53)     Total                          Min: 0, Avg:  0.2, Max: 1, Diff: 1, Sum: 1, Workers: 4
[24.786s][debug][gc,phases      ] GC(53)   StringDedup Table Weak         Min:  0.0, Avg:  0.0, Max:  0.0, Diff:  0.0, Sum:  0.0, Workers: 4
[24.786s][debug][gc,phases      ] GC(53)     Dead                           Min: 0, Avg:  0.0, Max: 0, Diff: 0, Sum: 0, Workers: 4
[24.786s][debug][gc,phases      ] GC(53)     Total                          Min: 0, Avg:  0.0, Max: 0, Diff: 0, Sum: 0, Workers: 4
[24.786s][debug][gc,phases      ] GC(53)   StringDedup Requests0 Weak     Min:  0.0, Avg:  0.0, Max:  0.0, Diff:  0.0, Sum:  0.0, Workers: 4
[24.786s][debug][gc,phases      ] GC(53)     Dead                           Min: 0, Avg:  0.0, Max: 0, Diff: 0, Sum: 0, Workers: 4
[24.786s][debug][gc,phases      ] GC(53)     Total                          Min: 0, Avg:  0.0, Max: 0, Diff: 0, Sum: 0, Workers: 4
[24.786s][debug][gc,phases      ] GC(53)   StringDedup Requests1 Weak     Min:  0.0, Avg:  0.0, Max:  0.0, Diff:  0.0, Sum:  0.0, Workers: 4
[24.786s][debug][gc,phases      ] GC(53)     Dead                           Min: 0, Avg:  0.0, Max: 0, Diff: 0, Sum: 0, Workers: 4
[24.786s][debug][gc,phases      ] GC(53)     Total                          Min: 0, Avg:  0.0, Max: 0, Diff: 0, Sum: 0, Workers: 4
[24.786s][debug][gc,phases      ] GC(53)   Weak JFR Old Object Samples    Min:  0.0, Avg:  0.0, Max:  0.0, Diff:  0.0, Sum:  0.0, Workers: 4
[24.786s][debug][gc,phases      ] GC(53)     Dead                           Min: 0, Avg:  0.0, Max: 0, Diff: 0, Sum: 0, Workers: 4
[24.786s][debug][gc,phases      ] GC(53)     Total                          Min: 0, Avg:  0.0, Max: 0, Diff: 0, Sum: 0, Workers: 4
[24.786s][debug][gc,phases      ] GC(53) Weak Processing 0.308ms
[24.786s][debug][gc,age         ] GC(53) Desired survivor size 417333248 bytes, new threshold 15 (max threshold 15)
[24.786s][info ][gc,heap        ] GC(53) PSYoungGen: 1252496K(1658368K)->23680K(1689600K) Eden: 1227776K(1227776K)->0K(1269760K) From: 24720K(430592K)->23680K(419840K)
[24.786s][info ][gc,heap        ] GC(53) ParOldGen: 503040K(615424K)->505288K(615424K)
[24.786s][info ][gc,metaspace   ] GC(53) Metaspace: 68329K(69056K)->68329K(69056K) NonClass: 58363K(58752K)->58363K(58752K) Class: 9965K(10304K)->9965K(10304K)
[24.786s][info ][gc             ] GC(53) Pause Young (Allocation Failure) 1714M->516M(2251M) 11.638ms
[24.786s][info ][gc,cpu         ] GC(53) User=0.04s Sys=0.00s Real=0.01s
[24.786s][info ][safepoint      ] Safepoint "ParallelGCFailedAllocation", Time since last: 252356243 ns, Reaching safepoint: 125303 ns, At safepoint: 11750776 ns, Total: 11876079 ns
[25.070s][info ][gc,start       ] GC(54) Pause Young (Allocation Failure)
[25.082s][debug][gc,phases      ] GC(54) Scavenge 11.500ms
[25.082s][debug][gc,ref         ] GC(54) Skipped phase 1 of Reference Processing: no references
[25.082s][debug][gc,ref         ] GC(54) ReferenceProcessor::execute queues: 1, RefProcThreadModel::Single, marks_oops_alive: false
[25.082s][debug][gc,ref         ] GC(54) Skipped phase 3 of Reference Processing: no references
[25.082s][debug][gc,ref         ] GC(54) ReferenceProcessor::execute queues: 1, RefProcThreadModel::Single, marks_oops_alive: false
[25.082s][debug][gc,phases      ] GC(54) Reference Processing 0.125ms
[25.082s][debug][gc,phases      ] GC(54)   VM Weak                        Min:  0.0, Avg:  0.0, Max:  0.0, Diff:  0.0, Sum:  0.0, Workers: 4
[25.082s][debug][gc,phases      ] GC(54)     Dead                           Min: 0, Avg:  0.0, Max: 0, Diff: 0, Sum: 0, Workers: 4
[25.082s][debug][gc,phases      ] GC(54)     Total                          Min: 0, Avg: 147.8, Max: 591, Diff: 591, Sum: 591, Workers: 4
[25.082s][debug][gc,phases      ] GC(54)   ObjectSynchronizer Weak        Min:  0.0, Avg:  0.0, Max:  0.0, Diff:  0.0, Sum:  0.0, Workers: 4
[25.082s][debug][gc,phases      ] GC(54)     Dead                           Min: 0, Avg:  0.0, Max: 0, Diff: 0, Sum: 0, Workers: 4
[25.082s][debug][gc,phases      ] GC(54)     Total                          Min: 0, Avg: 107.2, Max: 192, Diff: 192, Sum: 429, Workers: 4
[25.082s][debug][gc,phases      ] GC(54)   JVMTI Tag Weak OopStorage      Min:  0.0, Avg:  0.0, Max:  0.0, Diff:  0.0, Sum:  0.0, Workers: 4
[25.082s][debug][gc,phases      ] GC(54)     Dead                           Min: 0, Avg:  0.0, Max: 0, Diff: 0, Sum: 0, Workers: 4
[25.082s][debug][gc,phases      ] GC(54)     Total                          Min: 0, Avg:  0.0, Max: 0, Diff: 0, Sum: 0, Workers: 4
[25.082s][debug][gc,phases      ] GC(54)   StringTable Weak               Min:  0.1, Avg:  0.1, Max:  0.1, Diff:  0.0, Sum:  0.4, Workers: 4
[25.082s][debug][gc,phases      ] GC(54)     Dead                           Min: 0, Avg:  0.5, Max: 1, Diff: 1, Sum: 2, Workers: 4
[25.082s][debug][gc,phases      ] GC(54)     Total                          Min: 10367, Avg: 10709.5, Max: 11095, Diff: 728, Sum: 42838, Workers: 4
[25.082s][debug][gc,phases      ] GC(54)   ResolvedMethodTable Weak       Min:  0.0, Avg:  0.0, Max:  0.0, Diff:  0.0, Sum:  0.1, Workers: 4
[25.082s][debug][gc,phases      ] GC(54)     Dead                           Min: 0, Avg:  4.5, Max: 16, Diff: 16, Sum: 18, Workers: 4
[25.082s][debug][gc,phases      ] GC(54)     Total                          Min: 1600, Avg: 1789.0, Max: 1984, Diff: 384, Sum: 7156, Workers: 4
[25.082s][debug][gc,phases      ] GC(54)   JNI Weak                       Min:  0.0, Avg:  0.0, Max:  0.0, Diff:  0.0, Sum:  0.0, Workers: 4
[25.082s][debug][gc,phases      ] GC(54)     Dead                           Min: 0, Avg:  0.0, Max: 0, Diff: 0, Sum: 0, Workers: 4
[25.082s][debug][gc,phases      ] GC(54)     Total                          Min: 0, Avg:  0.2, Max: 1, Diff: 1, Sum: 1, Workers: 4
[25.082s][debug][gc,phases      ] GC(54)   StringDedup Table Weak         Min:  0.0, Avg:  0.0, Max:  0.0, Diff:  0.0, Sum:  0.0, Workers: 4
[25.082s][debug][gc,phases      ] GC(54)     Dead                           Min: 0, Avg:  0.0, Max: 0, Diff: 0, Sum: 0, Workers: 4
[25.082s][debug][gc,phases      ] GC(54)     Total                          Min: 0, Avg:  0.0, Max: 0, Diff: 0, Sum: 0, Workers: 4
[25.082s][debug][gc,phases      ] GC(54)   StringDedup Requests0 Weak     Min:  0.0, Avg:  0.0, Max:  0.0, Diff:  0.0, Sum:  0.0, Workers: 4
[25.082s][debug][gc,phases      ] GC(54)     Dead                           Min: 0, Avg:  0.0, Max: 0, Diff: 0, Sum: 0, Workers: 4
[25.082s][debug][gc,phases      ] GC(54)     Total                          Min: 0, Avg:  0.0, Max: 0, Diff: 0, Sum: 0, Workers: 4
[25.082s][debug][gc,phases      ] GC(54)   StringDedup Requests1 Weak     Min:  0.0, Avg:  0.0, Max:  0.0, Diff:  0.0, Sum:  0.0, Workers: 4
[25.082s][debug][gc,phases      ] GC(54)     Dead                           Min: 0, Avg:  0.0, Max: 0, Diff: 0, Sum: 0, Workers: 4
[25.082s][debug][gc,phases      ] GC(54)     Total                          Min: 0, Avg:  0.0, Max: 0, Diff: 0, Sum: 0, Workers: 4
[25.082s][debug][gc,phases      ] GC(54)   Weak JFR Old Object Samples    Min:  0.0, Avg:  0.0, Max:  0.0, Diff:  0.0, Sum:  0.0, Workers: 4
[25.082s][debug][gc,phases      ] GC(54)     Dead                           Min: 0, Avg:  0.0, Max: 0, Diff: 0, Sum: 0, Workers: 4
[25.082s][debug][gc,phases      ] GC(54)     Total                          Min: 0, Avg:  0.0, Max: 0, Diff: 0, Sum: 0, Workers: 4
[25.082s][debug][gc,phases      ] GC(54) Weak Processing 0.350ms
[25.082s][debug][gc,age         ] GC(54) Desired survivor size 402653184 bytes, new threshold 15 (max threshold 15)
[25.082s][info ][gc,heap        ] GC(54) PSYoungGen: 1293440K(1689600K)->26304K(1677312K) Eden: 1269760K(1269760K)->0K(1269760K) From: 23680K(419840K)->26304K(407552K)
[25.082s][info ][gc,heap        ] GC(54) ParOldGen: 505288K(615424K)->507520K(615424K)
[25.082s][info ][gc,metaspace   ] GC(54) Metaspace: 68432K(69184K)->68432K(69184K) NonClass: 58451K(58880K)->58451K(58880K) Class: 9980K(10304K)->9980K(10304K)
[25.082s][info ][gc             ] GC(54) Pause Young (Allocation Failure) 1756M->521M(2239M) 12.119ms
[25.082s][info ][gc,cpu         ] GC(54) User=0.05s Sys=0.00s Real=0.01s
[25.082s][info ][safepoint      ] Safepoint "ParallelGCFailedAllocation", Time since last: 283595277 ns, Reaching safepoint: 153404 ns, At safepoint: 12230488 ns, Total: 12383892 ns
[25.334s][info ][gc,start       ] GC(55) Pause Young (Allocation Failure)
[25.347s][debug][gc,phases      ] GC(55) Scavenge 12.237ms
[25.347s][debug][gc,ref         ] GC(55) Skipped phase 1 of Reference Processing: no references
[25.347s][debug][gc,ref         ] GC(55) ReferenceProcessor::execute queues: 1, RefProcThreadModel::Single, marks_oops_alive: false
[25.347s][debug][gc,ref         ] GC(55) Skipped phase 3 of Reference Processing: no references
[25.347s][debug][gc,ref         ] GC(55) Skipped phase 4 of Reference Processing: no references
[25.347s][debug][gc,phases      ] GC(55) Reference Processing 0.109ms
[25.347s][debug][gc,phases      ] GC(55)   VM Weak                        Min:  0.0, Avg:  0.0, Max:  0.0, Diff:  0.0, Sum:  0.0, Workers: 4
[25.347s][debug][gc,phases      ] GC(55)     Dead                           Min: 0, Avg:  0.0, Max: 0, Diff: 0, Sum: 0, Workers: 4
[25.347s][debug][gc,phases      ] GC(55)     Total                          Min: 0, Avg: 147.8, Max: 591, Diff: 591, Sum: 591, Workers: 4
[25.347s][debug][gc,phases      ] GC(55)   ObjectSynchronizer Weak        Min:  0.0, Avg:  0.0, Max:  0.0, Diff:  0.0, Sum:  0.0, Workers: 4
[25.347s][debug][gc,phases      ] GC(55)     Dead                           Min: 0, Avg:  0.0, Max: 0, Diff: 0, Sum: 0, Workers: 4
[25.347s][debug][gc,phases      ] GC(55)     Total                          Min: 0, Avg: 107.2, Max: 384, Diff: 384, Sum: 429, Workers: 4
[25.347s][debug][gc,phases      ] GC(55)   JVMTI Tag Weak OopStorage      Min:  0.0, Avg:  0.0, Max:  0.0, Diff:  0.0, Sum:  0.0, Workers: 4
[25.347s][debug][gc,phases      ] GC(55)     Dead                           Min: 0, Avg:  0.0, Max: 0, Diff: 0, Sum: 0, Workers: 4
[25.347s][debug][gc,phases      ] GC(55)     Total                          Min: 0, Avg:  0.0, Max: 0, Diff: 0, Sum: 0, Workers: 4
[25.347s][debug][gc,phases      ] GC(55)   StringTable Weak               Min:  0.1, Avg:  0.1, Max:  0.1, Diff:  0.0, Sum:  0.3, Workers: 4
[25.347s][debug][gc,phases      ] GC(55)     Dead                           Min: 0, Avg:  2.8, Max: 11, Diff: 11, Sum: 11, Workers: 4
[25.347s][debug][gc,phases      ] GC(55)     Total                          Min: 10431, Avg: 10714.2, Max: 11327, Diff: 896, Sum: 42857, Workers: 4
[25.347s][debug][gc,phases      ] GC(55)   ResolvedMethodTable Weak       Min:  0.0, Avg:  0.0, Max:  0.0, Diff:  0.0, Sum:  0.1, Workers: 4
[25.347s][debug][gc,phases      ] GC(55)     Dead                           Min: 0, Avg:  0.0, Max: 0, Diff: 0, Sum: 0, Workers: 4
[25.347s][debug][gc,phases      ] GC(55)     Total                          Min: 1536, Avg: 1789.0, Max: 2111, Diff: 575, Sum: 7156, Workers: 4
[25.347s][debug][gc,phases      ] GC(55)   JNI Weak                       Min:  0.0, Avg:  0.0, Max:  0.0, Diff:  0.0, Sum:  0.0, Workers: 4
[25.347s][debug][gc,phases      ] GC(55)     Dead                           Min: 0, Avg:  0.0, Max: 0, Diff: 0, Sum: 0, Workers: 4
[25.347s][debug][gc,phases      ] GC(55)     Total                          Min: 0, Avg:  0.2, Max: 1, Diff: 1, Sum: 1, Workers: 4
[25.347s][debug][gc,phases      ] GC(55)   StringDedup Table Weak         Min:  0.0, Avg:  0.0, Max:  0.0, Diff:  0.0, Sum:  0.0, Workers: 4
[25.347s][debug][gc,phases      ] GC(55)     Dead                           Min: 0, Avg:  0.0, Max: 0, Diff: 0, Sum: 0, Workers: 4
[25.347s][debug][gc,phases      ] GC(55)     Total                          Min: 0, Avg:  0.0, Max: 0, Diff: 0, Sum: 0, Workers: 4
[25.347s][debug][gc,phases      ] GC(55)   StringDedup Requests0 Weak     Min:  0.0, Avg:  0.0, Max:  0.0, Diff:  0.0, Sum:  0.0, Workers: 4
[25.347s][debug][gc,phases      ] GC(55)     Dead                           Min: 0, Avg:  0.0, Max: 0, Diff: 0, Sum: 0, Workers: 4
[25.347s][debug][gc,phases      ] GC(55)     Total                          Min: 0, Avg:  0.0, Max: 0, Diff: 0, Sum: 0, Workers: 4
[25.347s][debug][gc,phases      ] GC(55)   StringDedup Requests1 Weak     Min:  0.0, Avg:  0.0, Max:  0.0, Diff:  0.0, Sum:  0.0, Workers: 4
[25.347s][debug][gc,phases      ] GC(55)     Dead                           Min: 0, Avg:  0.0, Max: 0, Diff: 0, Sum: 0, Workers: 4
[25.347s][debug][gc,phases      ] GC(55)     Total                          Min: 0, Avg:  0.0, Max: 0, Diff: 0, Sum: 0, Workers: 4
[25.347s][debug][gc,phases      ] GC(55)   Weak JFR Old Object Samples    Min:  0.0, Avg:  0.0, Max:  0.0, Diff:  0.0, Sum:  0.0, Workers: 4
[25.347s][debug][gc,phases      ] GC(55)     Dead                           Min: 0, Avg:  0.0, Max: 0, Diff: 0, Sum: 0, Workers: 4
[25.347s][debug][gc,phases      ] GC(55)     Total                          Min: 0, Avg:  0.0, Max: 0, Diff: 0, Sum: 0, Workers: 4
[25.347s][debug][gc,phases      ] GC(55) Weak Processing 0.309ms
[25.347s][debug][gc,age         ] GC(55) Desired survivor size 386400256 bytes, new threshold 15 (max threshold 15)
[25.347s][info ][gc,heap        ] GC(55) PSYoungGen: 1296064K(1677312K)->28560K(1719808K) Eden: 1269760K(1269760K)->0K(1326592K) From: 26304K(407552K)->28560K(393216K)
[25.347s][info ][gc,heap        ] GC(55) ParOldGen: 507520K(615424K)->510088K(615424K)
[25.347s][info ][gc,metaspace   ] GC(55) Metaspace: 68433K(69184K)->68433K(69184K) NonClass: 58452K(58880K)->58452K(58880K) Class: 9980K(10304K)->9980K(10304K)
[25.347s][info ][gc             ] GC(55) Pause Young (Allocation Failure) 1761M->526M(2280M) 12.798ms
[25.347s][info ][gc,cpu         ] GC(55) User=0.06s Sys=0.00s Real=0.01s
[25.347s][info ][safepoint      ] Safepoint "ParallelGCFailedAllocation", Time since last: 251672324 ns, Reaching safepoint: 147704 ns, At safepoint: 12905804 ns, Total: 13053508 ns
[25.666s][info ][gc,start       ] GC(56) Pause Young (Allocation Failure)
[25.680s][debug][gc,phases      ] GC(56) Scavenge 13.975ms
[25.680s][debug][gc,ref         ] GC(56) Skipped phase 1 of Reference Processing: no references
[25.680s][debug][gc,ref         ] GC(56) ReferenceProcessor::execute queues: 1, RefProcThreadModel::Single, marks_oops_alive: false
[25.680s][debug][gc,ref         ] GC(56) Skipped phase 3 of Reference Processing: no references
[25.680s][debug][gc,ref         ] GC(56) Skipped phase 4 of Reference Processing: no references
[25.680s][debug][gc,phases      ] GC(56) Reference Processing 0.108ms
[25.680s][debug][gc,phases      ] GC(56)   VM Weak                        Min:  0.0, Avg:  0.0, Max:  0.0, Diff:  0.0, Sum:  0.0, Workers: 4
[25.680s][debug][gc,phases      ] GC(56)     Dead                           Min: 0, Avg:  0.0, Max: 0, Diff: 0, Sum: 0, Workers: 4
[25.680s][debug][gc,phases      ] GC(56)     Total                          Min: 0, Avg: 147.8, Max: 335, Diff: 335, Sum: 591, Workers: 4
[25.680s][debug][gc,phases      ] GC(56)   ObjectSynchronizer Weak        Min:  0.0, Avg:  0.0, Max:  0.0, Diff:  0.0, Sum:  0.0, Workers: 4
[25.680s][debug][gc,phases      ] GC(56)     Dead                           Min: 0, Avg:  0.0, Max: 0, Diff: 0, Sum: 0, Workers: 4
[25.680s][debug][gc,phases      ] GC(56)     Total                          Min: 0, Avg: 107.2, Max: 256, Diff: 256, Sum: 429, Workers: 4
[25.680s][debug][gc,phases      ] GC(56)   JVMTI Tag Weak OopStorage      Min:  0.0, Avg:  0.0, Max:  0.0, Diff:  0.0, Sum:  0.0, Workers: 4
[25.680s][debug][gc,phases      ] GC(56)     Dead                           Min: 0, Avg:  0.0, Max: 0, Diff: 0, Sum: 0, Workers: 4
[25.680s][debug][gc,phases      ] GC(56)     Total                          Min: 0, Avg:  0.0, Max: 0, Diff: 0, Sum: 0, Workers: 4
[25.680s][debug][gc,phases      ] GC(56)   StringTable Weak               Min:  0.1, Avg:  0.1, Max:  0.1, Diff:  0.0, Sum:  0.4, Workers: 4
[25.680s][debug][gc,phases      ] GC(56)     Dead                           Min: 0, Avg:  0.0, Max: 0, Diff: 0, Sum: 0, Workers: 4
[25.680s][debug][gc,phases      ] GC(56)     Total                          Min: 10240, Avg: 10715.0, Max: 11455, Diff: 1215, Sum: 42860, Workers: 4
[25.680s][debug][gc,phases      ] GC(56)   ResolvedMethodTable Weak       Min:  0.0, Avg:  0.0, Max:  0.0, Diff:  0.0, Sum:  0.1, Workers: 4
[25.680s][debug][gc,phases      ] GC(56)     Dead                           Min: 0, Avg:  0.0, Max: 0, Diff: 0, Sum: 0, Workers: 4
[25.680s][debug][gc,phases      ] GC(56)     Total                          Min: 1664, Avg: 1789.0, Max: 1920, Diff: 256, Sum: 7156, Workers: 4
[25.680s][debug][gc,phases      ] GC(56)   JNI Weak                       Min:  0.0, Avg:  0.0, Max:  0.0, Diff:  0.0, Sum:  0.0, Workers: 4
[25.680s][debug][gc,phases      ] GC(56)     Dead                           Min: 0, Avg:  0.0, Max: 0, Diff: 0, Sum: 0, Workers: 4
[25.680s][debug][gc,phases      ] GC(56)     Total                          Min: 0, Avg:  0.0, Max: 0, Diff: 0, Sum: 0, Workers: 4
[25.680s][debug][gc,phases      ] GC(56)   StringDedup Table Weak         Min:  0.0, Avg:  0.0, Max:  0.0, Diff:  0.0, Sum:  0.0, Workers: 4
[25.680s][debug][gc,phases      ] GC(56)     Dead                           Min: 0, Avg:  0.0, Max: 0, Diff: 0, Sum: 0, Workers: 4
[25.680s][debug][gc,phases      ] GC(56)     Total                          Min: 0, Avg:  0.0, Max: 0, Diff: 0, Sum: 0, Workers: 4
[25.680s][debug][gc,phases      ] GC(56)   StringDedup Requests0 Weak     Min:  0.0, Avg:  0.0, Max:  0.0, Diff:  0.0, Sum:  0.0, Workers: 4
[25.680s][debug][gc,phases      ] GC(56)     Dead                           Min: 0, Avg:  0.0, Max: 0, Diff: 0, Sum: 0, Workers: 4
[25.680s][debug][gc,phases      ] GC(56)     Total                          Min: 0, Avg:  0.0, Max: 0, Diff: 0, Sum: 0, Workers: 4
[25.680s][debug][gc,phases      ] GC(56)   StringDedup Requests1 Weak     Min:  0.0, Avg:  0.0, Max:  0.0, Diff:  0.0, Sum:  0.0, Workers: 4
[25.680s][debug][gc,phases      ] GC(56)     Dead                           Min: 0, Avg:  0.0, Max: 0, Diff: 0, Sum: 0, Workers: 4
[25.680s][debug][gc,phases      ] GC(56)     Total                          Min: 0, Avg:  0.0, Max: 0, Diff: 0, Sum: 0, Workers: 4
[25.681s][debug][gc,phases      ] GC(56)   Weak JFR Old Object Samples    Min:  0.0, Avg:  0.0, Max:  0.0, Diff:  0.0, Sum:  0.0, Workers: 4
[25.681s][debug][gc,phases      ] GC(56)     Dead                           Min: 0, Avg:  0.0, Max: 0, Diff: 0, Sum: 0, Workers: 4
[25.681s][debug][gc,phases      ] GC(56)     Total                          Min: 0, Avg:  0.0, Max: 0, Diff: 0, Sum: 0, Workers: 4
[25.681s][debug][gc,phases      ] GC(56) Weak Processing 0.313ms
[25.681s][debug][gc,age         ] GC(56) Desired survivor size 369098752 bytes, new threshold 15 (max threshold 15)
[25.681s][info ][gc,heap        ] GC(56) PSYoungGen: 1355152K(1719808K)->34544K(1703936K) Eden: 1326592K(1326592K)->0K(1326592K) From: 28560K(393216K)->34544K(377344K)
[25.681s][info ][gc,heap        ] GC(56) ParOldGen: 510088K(615424K)->512296K(615424K)
[25.681s][info ][gc,metaspace   ] GC(56) Metaspace: 68438K(69184K)->68438K(69184K) NonClass: 58457K(58880K)->58457K(58880K) Class: 9980K(10304K)->9980K(10304K)
[25.681s][info ][gc             ] GC(56) Pause Young (Allocation Failure) 1821M->534M(2265M) 14.535ms
[25.681s][info ][gc,cpu         ] GC(56) User=0.06s Sys=0.00s Real=0.01s
[25.681s][info ][safepoint      ] Safepoint "ParallelGCFailedAllocation", Time since last: 318725603 ns, Reaching safepoint: 149704 ns, At safepoint: 14645145 ns, Total: 14794849 ns
[25.954s][info ][gc,start       ] GC(57) Pause Young (Allocation Failure)
[25.970s][debug][gc,phases      ] GC(57) Scavenge 15.390ms
[25.970s][debug][gc,ref         ] GC(57) Skipped phase 1 of Reference Processing: no references
[25.970s][debug][gc,ref         ] GC(57) ReferenceProcessor::execute queues: 1, RefProcThreadModel::Single, marks_oops_alive: false
[25.970s][debug][gc,ref         ] GC(57) Skipped phase 3 of Reference Processing: no references
[25.970s][debug][gc,ref         ] GC(57) ReferenceProcessor::execute queues: 1, RefProcThreadModel::Single, marks_oops_alive: false
[25.970s][debug][gc,phases      ] GC(57) Reference Processing 0.124ms
[25.970s][debug][gc,phases      ] GC(57)   VM Weak                        Min:  0.0, Avg:  0.0, Max:  0.0, Diff:  0.0, Sum:  0.0, Workers: 4
[25.970s][debug][gc,phases      ] GC(57)     Dead                           Min: 0, Avg:  0.0, Max: 0, Diff: 0, Sum: 0, Workers: 4
[25.970s][debug][gc,phases      ] GC(57)     Total                          Min: 0, Avg: 147.8, Max: 335, Diff: 335, Sum: 591, Workers: 4
[25.970s][debug][gc,phases      ] GC(57)   ObjectSynchronizer Weak        Min:  0.0, Avg:  0.0, Max:  0.0, Diff:  0.0, Sum:  0.0, Workers: 4
[25.970s][debug][gc,phases      ] GC(57)     Dead                           Min: 0, Avg:  0.0, Max: 0, Diff: 0, Sum: 0, Workers: 4
[25.970s][debug][gc,phases      ] GC(57)     Total                          Min: 0, Avg: 107.2, Max: 237, Diff: 237, Sum: 429, Workers: 4
[25.970s][debug][gc,phases      ] GC(57)   JVMTI Tag Weak OopStorage      Min:  0.0, Avg:  0.0, Max:  0.0, Diff:  0.0, Sum:  0.0, Workers: 4
[25.970s][debug][gc,phases      ] GC(57)     Dead                           Min: 0, Avg:  0.0, Max: 0, Diff: 0, Sum: 0, Workers: 4
[25.970s][debug][gc,phases      ] GC(57)     Total                          Min: 0, Avg:  0.0, Max: 0, Diff: 0, Sum: 0, Workers: 4
[25.970s][debug][gc,phases      ] GC(57)   StringTable Weak               Min:  0.1, Avg:  0.1, Max:  0.1, Diff:  0.0, Sum:  0.4, Workers: 4
[25.970s][debug][gc,phases      ] GC(57)     Dead                           Min: 0, Avg:  2.8, Max: 9, Diff: 9, Sum: 11, Workers: 4
[25.970s][debug][gc,phases      ] GC(57)     Total                          Min: 9210, Avg: 10718.5, Max: 12544, Diff: 3334, Sum: 42874, Workers: 4
[25.970s][debug][gc,phases      ] GC(57)   ResolvedMethodTable Weak       Min:  0.0, Avg:  0.0, Max:  0.0, Diff:  0.0, Sum:  0.1, Workers: 4
[25.970s][debug][gc,phases      ] GC(57)     Dead                           Min: 0, Avg:  0.0, Max: 0, Diff: 0, Sum: 0, Workers: 4
[25.970s][debug][gc,phases      ] GC(57)     Total                          Min: 1334, Avg: 1789.5, Max: 2304, Diff: 970, Sum: 7158, Workers: 4
[25.970s][debug][gc,phases      ] GC(57)   JNI Weak                       Min:  0.0, Avg:  0.0, Max:  0.0, Diff:  0.0, Sum:  0.0, Workers: 4
[25.970s][debug][gc,phases      ] GC(57)     Dead                           Min: 0, Avg:  0.0, Max: 0, Diff: 0, Sum: 0, Workers: 4
[25.970s][debug][gc,phases      ] GC(57)     Total                          Min: 0, Avg:  0.0, Max: 0, Diff: 0, Sum: 0, Workers: 4
[25.970s][debug][gc,phases      ] GC(57)   StringDedup Table Weak         Min:  0.0, Avg:  0.0, Max:  0.0, Diff:  0.0, Sum:  0.0, Workers: 4
[25.970s][debug][gc,phases      ] GC(57)     Dead                           Min: 0, Avg:  0.0, Max: 0, Diff: 0, Sum: 0, Workers: 4
[25.970s][debug][gc,phases      ] GC(57)     Total                          Min: 0, Avg:  0.0, Max: 0, Diff: 0, Sum: 0, Workers: 4
[25.970s][debug][gc,phases      ] GC(57)   StringDedup Requests0 Weak     Min:  0.0, Avg:  0.0, Max:  0.0, Diff:  0.0, Sum:  0.0, Workers: 4
[25.970s][debug][gc,phases      ] GC(57)     Dead                           Min: 0, Avg:  0.0, Max: 0, Diff: 0, Sum: 0, Workers: 4
[25.970s][debug][gc,phases      ] GC(57)     Total                          Min: 0, Avg:  0.0, Max: 0, Diff: 0, Sum: 0, Workers: 4
[25.970s][debug][gc,phases      ] GC(57)   StringDedup Requests1 Weak     Min:  0.0, Avg:  0.0, Max:  0.0, Diff:  0.0, Sum:  0.0, Workers: 4
[25.970s][debug][gc,phases      ] GC(57)     Dead                           Min: 0, Avg:  0.0, Max: 0, Diff: 0, Sum: 0, Workers: 4
[25.970s][debug][gc,phases      ] GC(57)     Total                          Min: 0, Avg:  0.0, Max: 0, Diff: 0, Sum: 0, Workers: 4
[25.970s][debug][gc,phases      ] GC(57)   Weak JFR Old Object Samples    Min:  0.0, Avg:  0.0, Max:  0.0, Diff:  0.0, Sum:  0.0, Workers: 4
[25.970s][debug][gc,phases      ] GC(57)     Dead                           Min: 0, Avg:  0.0, Max: 0, Diff: 0, Sum: 0, Workers: 4
[25.970s][debug][gc,phases      ] GC(57)     Total                          Min: 0, Avg:  0.0, Max: 0, Diff: 0, Sum: 0, Workers: 4
[25.970s][debug][gc,phases      ] GC(57) Weak Processing 0.302ms
[25.970s][debug][gc,age         ] GC(57) Desired survivor size 350224384 bytes, new threshold 15 (max threshold 15)
[25.970s][info ][gc,heap        ] GC(57) PSYoungGen: 1361136K(1703936K)->39712K(1755136K) Eden: 1326592K(1326592K)->0K(1394688K) From: 34544K(377344K)->39712K(360448K)
[25.970s][info ][gc,heap        ] GC(57) ParOldGen: 512296K(615424K)->513696K(615424K)
[25.970s][info ][gc,metaspace   ] GC(57) Metaspace: 68456K(69184K)->68456K(69184K) NonClass: 58473K(58880K)->58473K(58880K) Class: 9983K(10304K)->9983K(10304K)
[25.970s][info ][gc             ] GC(57) Pause Young (Allocation Failure) 1829M->540M(2315M) 15.951ms
[25.970s][info ][gc,cpu         ] GC(57) User=0.06s Sys=0.00s Real=0.01s
[25.970s][info ][safepoint      ] Safepoint "ParallelGCFailedAllocation", Time since last: 273358733 ns, Reaching safepoint: 152803 ns, At safepoint: 16057478 ns, Total: 16210281 ns
[26.263s][info ][gc,start       ] GC(58) Pause Young (Allocation Failure)
[26.279s][debug][gc,phases      ] GC(58) Scavenge 16.378ms
[26.279s][debug][gc,ref         ] GC(58) Skipped phase 1 of Reference Processing: no references
[26.279s][debug][gc,ref         ] GC(58) ReferenceProcessor::execute queues: 1, RefProcThreadModel::Single, marks_oops_alive: false
[26.279s][debug][gc,ref         ] GC(58) Skipped phase 3 of Reference Processing: no references
[26.279s][debug][gc,ref         ] GC(58) Skipped phase 4 of Reference Processing: no references
[26.279s][debug][gc,phases      ] GC(58) Reference Processing 0.109ms
[26.279s][debug][gc,phases      ] GC(58)   VM Weak                        Min:  0.0, Avg:  0.0, Max:  0.0, Diff:  0.0, Sum:  0.0, Workers: 4
[26.279s][debug][gc,phases      ] GC(58)     Dead                           Min: 0, Avg:  0.0, Max: 0, Diff: 0, Sum: 0, Workers: 4
[26.279s][debug][gc,phases      ] GC(58)     Total                          Min: 0, Avg: 147.8, Max: 335, Diff: 335, Sum: 591, Workers: 4
[26.279s][debug][gc,phases      ] GC(58)   ObjectSynchronizer Weak        Min:  0.0, Avg:  0.0, Max:  0.0, Diff:  0.0, Sum:  0.0, Workers: 4
[26.279s][debug][gc,phases      ] GC(58)     Dead                           Min: 0, Avg:  0.0, Max: 0, Diff: 0, Sum: 0, Workers: 4
[26.279s][debug][gc,phases      ] GC(58)     Total                          Min: 0, Avg: 107.2, Max: 192, Diff: 192, Sum: 429, Workers: 4
[26.279s][debug][gc,phases      ] GC(58)   JVMTI Tag Weak OopStorage      Min:  0.0, Avg:  0.0, Max:  0.0, Diff:  0.0, Sum:  0.0, Workers: 4
[26.279s][debug][gc,phases      ] GC(58)     Dead                           Min: 0, Avg:  0.0, Max: 0, Diff: 0, Sum: 0, Workers: 4
[26.279s][debug][gc,phases      ] GC(58)     Total                          Min: 0, Avg:  0.0, Max: 0, Diff: 0, Sum: 0, Workers: 4
[26.279s][debug][gc,phases      ] GC(58)   StringTable Weak               Min:  0.1, Avg:  0.1, Max:  0.1, Diff:  0.0, Sum:  0.4, Workers: 4
[26.279s][debug][gc,phases      ] GC(58)     Dead                           Min: 0, Avg:  2.8, Max: 11, Diff: 11, Sum: 11, Workers: 4
[26.279s][debug][gc,phases      ] GC(58)     Total                          Min: 10295, Avg: 10720.8, Max: 10958, Diff: 663, Sum: 42883, Workers: 4
[26.279s][debug][gc,phases      ] GC(58)   ResolvedMethodTable Weak       Min:  0.0, Avg:  0.0, Max:  0.0, Diff:  0.0, Sum:  0.1, Workers: 4
[26.279s][debug][gc,phases      ] GC(58)     Dead                           Min: 0, Avg:  0.0, Max: 0, Diff: 0, Sum: 0, Workers: 4
[26.279s][debug][gc,phases      ] GC(58)     Total                          Min: 1654, Avg: 1789.5, Max: 1920, Diff: 266, Sum: 7158, Workers: 4
[26.279s][debug][gc,phases      ] GC(58)   JNI Weak                       Min:  0.0, Avg:  0.0, Max:  0.0, Diff:  0.0, Sum:  0.0, Workers: 4
[26.279s][debug][gc,phases      ] GC(58)     Dead                           Min: 0, Avg:  0.0, Max: 0, Diff: 0, Sum: 0, Workers: 4
[26.279s][debug][gc,phases      ] GC(58)     Total                          Min: 0, Avg:  0.0, Max: 0, Diff: 0, Sum: 0, Workers: 4
[26.279s][debug][gc,phases      ] GC(58)   StringDedup Table Weak         Min:  0.0, Avg:  0.0, Max:  0.0, Diff:  0.0, Sum:  0.0, Workers: 4
[26.279s][debug][gc,phases      ] GC(58)     Dead                           Min: 0, Avg:  0.0, Max: 0, Diff: 0, Sum: 0, Workers: 4
[26.279s][debug][gc,phases      ] GC(58)     Total                          Min: 0, Avg:  0.0, Max: 0, Diff: 0, Sum: 0, Workers: 4
[26.279s][debug][gc,phases      ] GC(58)   StringDedup Requests0 Weak     Min:  0.0, Avg:  0.0, Max:  0.0, Diff:  0.0, Sum:  0.0, Workers: 4
[26.279s][debug][gc,phases      ] GC(58)     Dead                           Min: 0, Avg:  0.0, Max: 0, Diff: 0, Sum: 0, Workers: 4
[26.279s][debug][gc,phases      ] GC(58)     Total                          Min: 0, Avg:  0.0, Max: 0, Diff: 0, Sum: 0, Workers: 4
[26.279s][debug][gc,phases      ] GC(58)   StringDedup Requests1 Weak     Min:  0.0, Avg:  0.0, Max:  0.0, Diff:  0.0, Sum:  0.0, Workers: 4
[26.279s][debug][gc,phases      ] GC(58)     Dead                           Min: 0, Avg:  0.0, Max: 0, Diff: 0, Sum: 0, Workers: 4
[26.279s][debug][gc,phases      ] GC(58)     Total                          Min: 0, Avg:  0.0, Max: 0, Diff: 0, Sum: 0, Workers: 4
[26.279s][debug][gc,phases      ] GC(58)   Weak JFR Old Object Samples    Min:  0.0, Avg:  0.0, Max:  0.0, Diff:  0.0, Sum:  0.0, Workers: 4
[26.279s][debug][gc,phases      ] GC(58)     Dead                           Min: 0, Avg:  0.0, Max: 0, Diff: 0, Sum: 0, Workers: 4
[26.279s][debug][gc,phases      ] GC(58)     Total                          Min: 0, Avg:  0.0, Max: 0, Diff: 0, Sum: 0, Workers: 4
[26.279s][debug][gc,phases      ] GC(58) Weak Processing 0.305ms
[26.279s][debug][gc,age         ] GC(58) Desired survivor size 331350016 bytes, new threshold 15 (max threshold 15)
[26.279s][info ][gc,heap        ] GC(58) PSYoungGen: 1434400K(1755136K)->44912K(1736704K) Eden: 1394688K(1394688K)->0K(1394688K) From: 39712K(360448K)->44912K(342016K)
[26.279s][info ][gc,heap        ] GC(58) ParOldGen: 513696K(615424K)->515128K(615424K)
[26.280s][info ][gc,metaspace   ] GC(58) Metaspace: 68456K(69184K)->68456K(69184K) NonClass: 58473K(58880K)->58473K(58880K) Class: 9983K(10304K)->9983K(10304K)
[26.280s][info ][gc             ] GC(58) Pause Young (Allocation Failure) 1902M->546M(2297M) 16.923ms
[26.280s][info ][gc,cpu         ] GC(58) User=0.06s Sys=0.01s Real=0.02s
[26.280s][info ][safepoint      ] Safepoint "ParallelGCFailedAllocation", Time since last: 292205676 ns, Reaching safepoint: 147804 ns, At safepoint: 17034201 ns, Total: 17182005 ns
[26.553s][info ][gc,start       ] GC(59) Pause Young (Allocation Failure)
[26.572s][debug][gc,phases      ] GC(59) Scavenge 19.424ms
[26.572s][debug][gc,ref         ] GC(59) Skipped phase 1 of Reference Processing: no references
[26.572s][debug][gc,ref         ] GC(59) ReferenceProcessor::execute queues: 1, RefProcThreadModel::Single, marks_oops_alive: false
[26.572s][debug][gc,ref         ] GC(59) Skipped phase 3 of Reference Processing: no references
[26.572s][debug][gc,ref         ] GC(59) ReferenceProcessor::execute queues: 1, RefProcThreadModel::Single, marks_oops_alive: false
[26.572s][debug][gc,phases      ] GC(59) Reference Processing 0.104ms
[26.573s][debug][gc,phases      ] GC(59)   VM Weak                        Min:  0.0, Avg:  0.0, Max:  0.0, Diff:  0.0, Sum:  0.0, Workers: 4
[26.573s][debug][gc,phases      ] GC(59)     Dead                           Min: 0, Avg:  0.0, Max: 0, Diff: 0, Sum: 0, Workers: 4
[26.573s][debug][gc,phases      ] GC(59)     Total                          Min: 0, Avg: 147.8, Max: 591, Diff: 591, Sum: 591, Workers: 4
[26.573s][debug][gc,phases      ] GC(59)   ObjectSynchronizer Weak        Min:  0.0, Avg:  0.0, Max:  0.0, Diff:  0.0, Sum:  0.0, Workers: 4
[26.573s][debug][gc,phases      ] GC(59)     Dead                           Min: 0, Avg:  0.0, Max: 0, Diff: 0, Sum: 0, Workers: 4
[26.573s][debug][gc,phases      ] GC(59)     Total                          Min: 0, Avg: 107.2, Max: 429, Diff: 429, Sum: 429, Workers: 4
[26.573s][debug][gc,phases      ] GC(59)   JVMTI Tag Weak OopStorage      Min:  0.0, Avg:  0.0, Max:  0.0, Diff:  0.0, Sum:  0.0, Workers: 4
[26.573s][debug][gc,phases      ] GC(59)     Dead                           Min: 0, Avg:  0.0, Max: 0, Diff: 0, Sum: 0, Workers: 4
[26.573s][debug][gc,phases      ] GC(59)     Total                          Min: 0, Avg:  0.0, Max: 0, Diff: 0, Sum: 0, Workers: 4
[26.573s][debug][gc,phases      ] GC(59)   StringTable Weak               Min:  0.1, Avg:  0.1, Max:  0.1, Diff:  0.0, Sum:  0.4, Workers: 4
[26.573s][debug][gc,phases      ] GC(59)     Dead                           Min: 0, Avg:  0.0, Max: 0, Diff: 0, Sum: 0, Workers: 4
[26.573s][debug][gc,phases      ] GC(59)     Total                          Min: 9728, Avg: 10721.2, Max: 11575, Diff: 1847, Sum: 42885, Workers: 4
[26.573s][debug][gc,phases      ] GC(59)   ResolvedMethodTable Weak       Min:  0.0, Avg:  0.0, Max:  0.0, Diff:  0.0, Sum:  0.1, Workers: 4
[26.573s][debug][gc,phases      ] GC(59)     Dead                           Min: 0, Avg:  0.0, Max: 0, Diff: 0, Sum: 0, Workers: 4
[26.573s][debug][gc,phases      ] GC(59)     Total                          Min: 1536, Avg: 1789.5, Max: 1984, Diff: 448, Sum: 7158, Workers: 4
[26.573s][debug][gc,phases      ] GC(59)   JNI Weak                       Min:  0.0, Avg:  0.0, Max:  0.0, Diff:  0.0, Sum:  0.0, Workers: 4
[26.573s][debug][gc,phases      ] GC(59)     Dead                           Min: 0, Avg:  0.0, Max: 0, Diff: 0, Sum: 0, Workers: 4
[26.573s][debug][gc,phases      ] GC(59)     Total                          Min: 0, Avg:  0.8, Max: 3, Diff: 3, Sum: 3, Workers: 4
[26.573s][debug][gc,phases      ] GC(59)   StringDedup Table Weak         Min:  0.0, Avg:  0.0, Max:  0.0, Diff:  0.0, Sum:  0.0, Workers: 4
[26.573s][debug][gc,phases      ] GC(59)     Dead                           Min: 0, Avg:  0.0, Max: 0, Diff: 0, Sum: 0, Workers: 4
[26.573s][debug][gc,phases      ] GC(59)     Total                          Min: 0, Avg:  0.0, Max: 0, Diff: 0, Sum: 0, Workers: 4
[26.573s][debug][gc,phases      ] GC(59)   StringDedup Requests0 Weak     Min:  0.0, Avg:  0.0, Max:  0.0, Diff:  0.0, Sum:  0.0, Workers: 4
[26.573s][debug][gc,phases      ] GC(59)     Dead                           Min: 0, Avg:  0.0, Max: 0, Diff: 0, Sum: 0, Workers: 4
[26.573s][debug][gc,phases      ] GC(59)     Total                          Min: 0, Avg:  0.0, Max: 0, Diff: 0, Sum: 0, Workers: 4
[26.573s][debug][gc,phases      ] GC(59)   StringDedup Requests1 Weak     Min:  0.0, Avg:  0.0, Max:  0.0, Diff:  0.0, Sum:  0.0, Workers: 4
[26.573s][debug][gc,phases      ] GC(59)     Dead                           Min: 0, Avg:  0.0, Max: 0, Diff: 0, Sum: 0, Workers: 4
[26.573s][debug][gc,phases      ] GC(59)     Total                          Min: 0, Avg:  0.0, Max: 0, Diff: 0, Sum: 0, Workers: 4
[26.573s][debug][gc,phases      ] GC(59)   Weak JFR Old Object Samples    Min:  0.0, Avg:  0.0, Max:  0.0, Diff:  0.0, Sum:  0.0, Workers: 4
[26.573s][debug][gc,phases      ] GC(59)     Dead                           Min: 0, Avg:  0.0, Max: 0, Diff: 0, Sum: 0, Workers: 4
[26.573s][debug][gc,phases      ] GC(59)     Total                          Min: 0, Avg:  0.0, Max: 0, Diff: 0, Sum: 0, Workers: 4
[26.573s][debug][gc,phases      ] GC(59) Weak Processing 0.300ms
[26.573s][debug][gc,age         ] GC(59) Desired survivor size 312475648 bytes, new threshold 15 (max threshold 15)
[26.573s][info ][gc,heap        ] GC(59) PSYoungGen: 1439600K(1736704K)->49888K(1792000K) Eden: 1394688K(1394688K)->0K(1468416K) From: 44912K(342016K)->49888K(323584K)
[26.573s][info ][gc,heap        ] GC(59) ParOldGen: 515128K(615424K)->515256K(615424K)
[26.573s][info ][gc,metaspace   ] GC(59) Metaspace: 68460K(69184K)->68460K(69184K) NonClass: 58477K(58880K)->58477K(58880K) Class: 9983K(10304K)->9983K(10304K)
[26.573s][info ][gc             ] GC(59) Pause Young (Allocation Failure) 1908M->551M(2351M) 19.959ms
[26.573s][info ][gc,cpu         ] GC(59) User=0.10s Sys=0.00s Real=0.02s
[26.573s][info ][safepoint      ] Safepoint "ParallelGCFailedAllocation", Time since last: 273035625 ns, Reaching safepoint: 142203 ns, At safepoint: 20061172 ns, Total: 20203375 ns
[26.734s][info ][safepoint      ] Safepoint "ICBufferFull", Time since last: 161284095 ns, Reaching safepoint: 139304 ns, At safepoint: 31300 ns, Total: 170604 ns
[26.844s][info ][safepoint      ] Safepoint "ICBufferFull", Time since last: 109793383 ns, Reaching safepoint: 148904 ns, At safepoint: 40100 ns, Total: 189004 ns
[26.906s][info ][gc,start       ] GC(60) Pause Young (Allocation Failure)
[26.928s][debug][gc,phases      ] GC(60) Scavenge 21.653ms
[26.928s][debug][gc,ref         ] GC(60) Skipped phase 1 of Reference Processing: no references
[26.928s][debug][gc,ref         ] GC(60) ReferenceProcessor::execute queues: 1, RefProcThreadModel::Single, marks_oops_alive: false
[26.928s][debug][gc,ref         ] GC(60) Skipped phase 3 of Reference Processing: no references
[26.928s][debug][gc,ref         ] GC(60) Skipped phase 4 of Reference Processing: no references
[26.928s][debug][gc,phases      ] GC(60) Reference Processing 0.108ms
[26.928s][debug][gc,phases      ] GC(60)   VM Weak                        Min:  0.0, Avg:  0.0, Max:  0.0, Diff:  0.0, Sum:  0.0, Workers: 4
[26.928s][debug][gc,phases      ] GC(60)     Dead                           Min: 0, Avg:  0.0, Max: 0, Diff: 0, Sum: 0, Workers: 4
[26.928s][debug][gc,phases      ] GC(60)     Total                          Min: 0, Avg: 147.8, Max: 591, Diff: 591, Sum: 591, Workers: 4
[26.928s][debug][gc,phases      ] GC(60)   ObjectSynchronizer Weak        Min:  0.0, Avg:  0.0, Max:  0.0, Diff:  0.0, Sum:  0.0, Workers: 4
[26.928s][debug][gc,phases      ] GC(60)     Dead                           Min: 0, Avg:  0.0, Max: 0, Diff: 0, Sum: 0, Workers: 4
[26.928s][debug][gc,phases      ] GC(60)     Total                          Min: 0, Avg: 107.2, Max: 237, Diff: 237, Sum: 429, Workers: 4
[26.928s][debug][gc,phases      ] GC(60)   JVMTI Tag Weak OopStorage      Min:  0.0, Avg:  0.0, Max:  0.0, Diff:  0.0, Sum:  0.0, Workers: 4
[26.928s][debug][gc,phases      ] GC(60)     Dead                           Min: 0, Avg:  0.0, Max: 0, Diff: 0, Sum: 0, Workers: 4
[26.928s][debug][gc,phases      ] GC(60)     Total                          Min: 0, Avg:  0.0, Max: 0, Diff: 0, Sum: 0, Workers: 4
[26.928s][debug][gc,phases      ] GC(60)   StringTable Weak               Min:  0.1, Avg:  0.1, Max:  0.1, Diff:  0.0, Sum:  0.4, Workers: 4
[26.928s][debug][gc,phases      ] GC(60)     Dead                           Min: 0, Avg:  2.8, Max: 8, Diff: 8, Sum: 11, Workers: 4
[26.928s][debug][gc,phases      ] GC(60)     Total                          Min: 9408, Avg: 10722.8, Max: 12363, Diff: 2955, Sum: 42891, Workers: 4
[26.928s][debug][gc,phases      ] GC(60)   ResolvedMethodTable Weak       Min:  0.0, Avg:  0.0, Max:  0.0, Diff:  0.0, Sum:  0.1, Workers: 4
[26.928s][debug][gc,phases      ] GC(60)     Dead                           Min: 0, Avg:  0.0, Max: 0, Diff: 0, Sum: 0, Workers: 4
[26.928s][debug][gc,phases      ] GC(60)     Total                          Min: 1600, Avg: 1789.5, Max: 2038, Diff: 438, Sum: 7158, Workers: 4
[26.928s][debug][gc,phases      ] GC(60)   JNI Weak                       Min:  0.0, Avg:  0.0, Max:  0.0, Diff:  0.0, Sum:  0.0, Workers: 4
[26.928s][debug][gc,phases      ] GC(60)     Dead                           Min: 0, Avg:  0.0, Max: 0, Diff: 0, Sum: 0, Workers: 4
[26.928s][debug][gc,phases      ] GC(60)     Total                          Min: 0, Avg:  0.5, Max: 2, Diff: 2, Sum: 2, Workers: 4
[26.928s][debug][gc,phases      ] GC(60)   StringDedup Table Weak         Min:  0.0, Avg:  0.0, Max:  0.0, Diff:  0.0, Sum:  0.0, Workers: 4
[26.928s][debug][gc,phases      ] GC(60)     Dead                           Min: 0, Avg:  0.0, Max: 0, Diff: 0, Sum: 0, Workers: 4
[26.928s][debug][gc,phases      ] GC(60)     Total                          Min: 0, Avg:  0.0, Max: 0, Diff: 0, Sum: 0, Workers: 4
[26.928s][debug][gc,phases      ] GC(60)   StringDedup Requests0 Weak     Min:  0.0, Avg:  0.0, Max:  0.0, Diff:  0.0, Sum:  0.0, Workers: 4
[26.928s][debug][gc,phases      ] GC(60)     Dead                           Min: 0, Avg:  0.0, Max: 0, Diff: 0, Sum: 0, Workers: 4
[26.928s][debug][gc,phases      ] GC(60)     Total                          Min: 0, Avg:  0.0, Max: 0, Diff: 0, Sum: 0, Workers: 4
[26.928s][debug][gc,phases      ] GC(60)   StringDedup Requests1 Weak     Min:  0.0, Avg:  0.0, Max:  0.0, Diff:  0.0, Sum:  0.0, Workers: 4
[26.928s][debug][gc,phases      ] GC(60)     Dead                           Min: 0, Avg:  0.0, Max: 0, Diff: 0, Sum: 0, Workers: 4
[26.928s][debug][gc,phases      ] GC(60)     Total                          Min: 0, Avg:  0.0, Max: 0, Diff: 0, Sum: 0, Workers: 4
[26.928s][debug][gc,phases      ] GC(60)   Weak JFR Old Object Samples    Min:  0.0, Avg:  0.0, Max:  0.0, Diff:  0.0, Sum:  0.0, Workers: 4
[26.928s][debug][gc,phases      ] GC(60)     Dead                           Min: 0, Avg:  0.0, Max: 0, Diff: 0, Sum: 0, Workers: 4
[26.928s][debug][gc,phases      ] GC(60)     Total                          Min: 0, Avg:  0.0, Max: 0, Diff: 0, Sum: 0, Workers: 4
[26.928s][debug][gc,phases      ] GC(60) Weak Processing 0.296ms
[26.928s][debug][gc,age         ] GC(60) Desired survivor size 293601280 bytes, new threshold 15 (max threshold 15)
[26.928s][info ][gc,heap        ] GC(60) PSYoungGen: 1518304K(1792000K)->54368K(1773568K) Eden: 1468416K(1468416K)->0K(1468416K) From: 49888K(323584K)->54368K(305152K)
[26.928s][info ][gc,heap        ] GC(60) ParOldGen: 515256K(615424K)->517720K(615424K)
[26.928s][info ][gc,metaspace   ] GC(60) Metaspace: 68476K(69184K)->68476K(69184K) NonClass: 58493K(58880K)->58493K(58880K) Class: 9983K(10304K)->9983K(10304K)
[26.928s][info ][gc             ] GC(60) Pause Young (Allocation Failure) 1985M->558M(2333M) 22.184ms
[26.928s][info ][gc,cpu         ] GC(60) User=0.09s Sys=0.00s Real=0.02s
[26.928s][info ][safepoint      ] Safepoint "ParallelGCFailedAllocation", Time since last: 61760353 ns, Reaching safepoint: 125503 ns, At safepoint: 22293325 ns, Total: 22418828 ns
[27.232s][info ][safepoint      ] Safepoint "ICBufferFull", Time since last: 303235632 ns, Reaching safepoint: 158304 ns, At safepoint: 25201 ns, Total: 183505 ns
[27.236s][info ][gc,start       ] GC(61) Pause Young (Allocation Failure)
[27.259s][debug][gc,phases      ] GC(61) Scavenge 22.304ms
[27.259s][debug][gc,ref         ] GC(61) Skipped phase 1 of Reference Processing: no references
[27.259s][debug][gc,ref         ] GC(61) ReferenceProcessor::execute queues: 1, RefProcThreadModel::Single, marks_oops_alive: false
[27.259s][debug][gc,ref         ] GC(61) Skipped phase 3 of Reference Processing: no references
[27.259s][debug][gc,ref         ] GC(61) Skipped phase 4 of Reference Processing: no references
[27.259s][debug][gc,phases      ] GC(61) Reference Processing 0.115ms
[27.259s][debug][gc,phases      ] GC(61)   VM Weak                        Min:  0.0, Avg:  0.0, Max:  0.0, Diff:  0.0, Sum:  0.0, Workers: 4
[27.259s][debug][gc,phases      ] GC(61)     Dead                           Min: 0, Avg:  0.0, Max: 0, Diff: 0, Sum: 0, Workers: 4
[27.259s][debug][gc,phases      ] GC(61)     Total                          Min: 0, Avg: 147.8, Max: 399, Diff: 399, Sum: 591, Workers: 4
[27.259s][debug][gc,phases      ] GC(61)   ObjectSynchronizer Weak        Min:  0.0, Avg:  0.0, Max:  0.0, Diff:  0.0, Sum:  0.0, Workers: 4
[27.259s][debug][gc,phases      ] GC(61)     Dead                           Min: 0, Avg:  0.0, Max: 0, Diff: 0, Sum: 0, Workers: 4
[27.259s][debug][gc,phases      ] GC(61)     Total                          Min: 0, Avg: 107.2, Max: 256, Diff: 256, Sum: 429, Workers: 4
[27.259s][debug][gc,phases      ] GC(61)   JVMTI Tag Weak OopStorage      Min:  0.0, Avg:  0.0, Max:  0.0, Diff:  0.0, Sum:  0.0, Workers: 4
[27.259s][debug][gc,phases      ] GC(61)     Dead                           Min: 0, Avg:  0.0, Max: 0, Diff: 0, Sum: 0, Workers: 4
[27.259s][debug][gc,phases      ] GC(61)     Total                          Min: 0, Avg:  0.0, Max: 0, Diff: 0, Sum: 0, Workers: 4
[27.259s][debug][gc,phases      ] GC(61)   StringTable Weak               Min:  0.1, Avg:  0.1, Max:  0.1, Diff:  0.0, Sum:  0.4, Workers: 4
[27.259s][debug][gc,phases      ] GC(61)     Dead                           Min: 0, Avg:  0.0, Max: 0, Diff: 0, Sum: 0, Workers: 4
[27.259s][debug][gc,phases      ] GC(61)     Total                          Min: 9676, Avg: 10723.0, Max: 11904, Diff: 2228, Sum: 42892, Workers: 4
[27.259s][debug][gc,phases      ] GC(61)   ResolvedMethodTable Weak       Min:  0.0, Avg:  0.0, Max:  0.0, Diff:  0.0, Sum:  0.1, Workers: 4
[27.259s][debug][gc,phases      ] GC(61)     Dead                           Min: 0, Avg:  0.0, Max: 0, Diff: 0, Sum: 0, Workers: 4
[27.259s][debug][gc,phases      ] GC(61)     Total                          Min: 1664, Avg: 1789.5, Max: 2048, Diff: 384, Sum: 7158, Workers: 4
[27.259s][debug][gc,phases      ] GC(61)   JNI Weak                       Min:  0.0, Avg:  0.0, Max:  0.0, Diff:  0.0, Sum:  0.0, Workers: 4
[27.259s][debug][gc,phases      ] GC(61)     Dead                           Min: 0, Avg:  0.0, Max: 0, Diff: 0, Sum: 0, Workers: 4
[27.259s][debug][gc,phases      ] GC(61)     Total                          Min: 0, Avg:  0.5, Max: 2, Diff: 2, Sum: 2, Workers: 4
[27.259s][debug][gc,phases      ] GC(61)   StringDedup Table Weak         Min:  0.0, Avg:  0.0, Max:  0.0, Diff:  0.0, Sum:  0.0, Workers: 4
[27.259s][debug][gc,phases      ] GC(61)     Dead                           Min: 0, Avg:  0.0, Max: 0, Diff: 0, Sum: 0, Workers: 4
[27.259s][debug][gc,phases      ] GC(61)     Total                          Min: 0, Avg:  0.0, Max: 0, Diff: 0, Sum: 0, Workers: 4
[27.259s][debug][gc,phases      ] GC(61)   StringDedup Requests0 Weak     Min:  0.0, Avg:  0.0, Max:  0.0, Diff:  0.0, Sum:  0.0, Workers: 4
[27.259s][debug][gc,phases      ] GC(61)     Dead                           Min: 0, Avg:  0.0, Max: 0, Diff: 0, Sum: 0, Workers: 4
[27.259s][debug][gc,phases      ] GC(61)     Total                          Min: 0, Avg:  0.0, Max: 0, Diff: 0, Sum: 0, Workers: 4
[27.259s][debug][gc,phases      ] GC(61)   StringDedup Requests1 Weak     Min:  0.0, Avg:  0.0, Max:  0.0, Diff:  0.0, Sum:  0.0, Workers: 4
[27.259s][debug][gc,phases      ] GC(61)     Dead                           Min: 0, Avg:  0.0, Max: 0, Diff: 0, Sum: 0, Workers: 4
[27.259s][debug][gc,phases      ] GC(61)     Total                          Min: 0, Avg:  0.0, Max: 0, Diff: 0, Sum: 0, Workers: 4
[27.259s][debug][gc,phases      ] GC(61)   Weak JFR Old Object Samples    Min:  0.0, Avg:  0.0, Max:  0.0, Diff:  0.0, Sum:  0.0, Workers: 4
[27.259s][debug][gc,phases      ] GC(61)     Dead                           Min: 0, Avg:  0.0, Max: 0, Diff: 0, Sum: 0, Workers: 4
[27.259s][debug][gc,phases      ] GC(61)     Total                          Min: 0, Avg:  0.0, Max: 0, Diff: 0, Sum: 0, Workers: 4
[27.259s][debug][gc,phases      ] GC(61) Weak Processing 0.317ms
[27.259s][debug][gc,age         ] GC(61) Desired survivor size 275251200 bytes, new threshold 15 (max threshold 15)
[27.259s][info ][gc,heap        ] GC(61) PSYoungGen: 1522784K(1773568K)->58144K(1828352K) Eden: 1468416K(1468416K)->0K(1541632K) From: 54368K(305152K)->58144K(286720K)
[27.259s][info ][gc,heap        ] GC(61) ParOldGen: 517720K(615424K)->518883K(615424K)
[27.259s][info ][gc,metaspace   ] GC(61) Metaspace: 68485K(69184K)->68485K(69184K) NonClass: 58502K(58880K)->58502K(58880K) Class: 9983K(10304K)->9983K(10304K)
[27.259s][info ][gc             ] GC(61) Pause Young (Allocation Failure) 1992M->563M(2386M) 22.867ms
[27.259s][info ][gc,cpu         ] GC(61) User=0.08s Sys=0.01s Real=0.02s
[27.259s][info ][safepoint      ] Safepoint "ParallelGCFailedAllocation", Time since last: 4250500 ns, Reaching safepoint: 113702 ns, At safepoint: 22974841 ns, Total: 23088543 ns
[27.512s][info ][gc,start       ] GC(62) Pause Young (Allocation Failure)
[27.532s][debug][gc,phases      ] GC(62) Scavenge 19.445ms
[27.532s][debug][gc,ref         ] GC(62) Skipped phase 1 of Reference Processing: no references
[27.532s][debug][gc,ref         ] GC(62) ReferenceProcessor::execute queues: 1, RefProcThreadModel::Single, marks_oops_alive: false
[27.532s][debug][gc,ref         ] GC(62) Skipped phase 3 of Reference Processing: no references
[27.532s][debug][gc,ref         ] GC(62) Skipped phase 4 of Reference Processing: no references
[27.532s][debug][gc,phases      ] GC(62) Reference Processing 0.103ms
[27.532s][debug][gc,phases      ] GC(62)   VM Weak                        Min:  0.0, Avg:  0.0, Max:  0.0, Diff:  0.0, Sum:  0.0, Workers: 4
[27.532s][debug][gc,phases      ] GC(62)     Dead                           Min: 0, Avg:  0.0, Max: 0, Diff: 0, Sum: 0, Workers: 4
[27.532s][debug][gc,phases      ] GC(62)     Total                          Min: 0, Avg: 147.8, Max: 320, Diff: 320, Sum: 591, Workers: 4
[27.532s][debug][gc,phases      ] GC(62)   ObjectSynchronizer Weak        Min:  0.0, Avg:  0.0, Max:  0.0, Diff:  0.0, Sum:  0.0, Workers: 4
[27.532s][debug][gc,phases      ] GC(62)     Dead                           Min: 0, Avg:  0.0, Max: 0, Diff: 0, Sum: 0, Workers: 4
[27.532s][debug][gc,phases      ] GC(62)     Total                          Min: 0, Avg: 107.2, Max: 173, Diff: 173, Sum: 429, Workers: 4
[27.532s][debug][gc,phases      ] GC(62)   JVMTI Tag Weak OopStorage      Min:  0.0, Avg:  0.0, Max:  0.0, Diff:  0.0, Sum:  0.0, Workers: 4
[27.532s][debug][gc,phases      ] GC(62)     Dead                           Min: 0, Avg:  0.0, Max: 0, Diff: 0, Sum: 0, Workers: 4
[27.532s][debug][gc,phases      ] GC(62)     Total                          Min: 0, Avg:  0.0, Max: 0, Diff: 0, Sum: 0, Workers: 4
[27.532s][debug][gc,phases      ] GC(62)   StringTable Weak               Min:  0.1, Avg:  0.1, Max:  0.1, Diff:  0.0, Sum:  0.4, Workers: 4
[27.532s][debug][gc,phases      ] GC(62)     Dead                           Min: 0, Avg:  2.8, Max: 11, Diff: 11, Sum: 11, Workers: 4
[27.532s][debug][gc,phases      ] GC(62)     Total                          Min: 9374, Avg: 10727.5, Max: 11584, Diff: 2210, Sum: 42910, Workers: 4
[27.532s][debug][gc,phases      ] GC(62)   ResolvedMethodTable Weak       Min:  0.0, Avg:  0.0, Max:  0.0, Diff:  0.0, Sum:  0.1, Workers: 4
[27.532s][debug][gc,phases      ] GC(62)     Dead                           Min: 0, Avg:  0.0, Max: 0, Diff: 0, Sum: 0, Workers: 4
[27.532s][debug][gc,phases      ] GC(62)     Total                          Min: 1654, Avg: 1789.5, Max: 1920, Diff: 266, Sum: 7158, Workers: 4
[27.532s][debug][gc,phases      ] GC(62)   JNI Weak                       Min:  0.0, Avg:  0.0, Max:  0.0, Diff:  0.0, Sum:  0.0, Workers: 4
[27.532s][debug][gc,phases      ] GC(62)     Dead                           Min: 0, Avg:  0.0, Max: 0, Diff: 0, Sum: 0, Workers: 4
[27.532s][debug][gc,phases      ] GC(62)     Total                          Min: 0, Avg:  0.0, Max: 0, Diff: 0, Sum: 0, Workers: 4
[27.532s][debug][gc,phases      ] GC(62)   StringDedup Table Weak         Min:  0.0, Avg:  0.0, Max:  0.0, Diff:  0.0, Sum:  0.0, Workers: 4
[27.532s][debug][gc,phases      ] GC(62)     Dead                           Min: 0, Avg:  0.0, Max: 0, Diff: 0, Sum: 0, Workers: 4
[27.532s][debug][gc,phases      ] GC(62)     Total                          Min: 0, Avg:  0.0, Max: 0, Diff: 0, Sum: 0, Workers: 4
[27.532s][debug][gc,phases      ] GC(62)   StringDedup Requests0 Weak     Min:  0.0, Avg:  0.0, Max:  0.0, Diff:  0.0, Sum:  0.0, Workers: 4
[27.532s][debug][gc,phases      ] GC(62)     Dead                           Min: 0, Avg:  0.0, Max: 0, Diff: 0, Sum: 0, Workers: 4
[27.532s][debug][gc,phases      ] GC(62)     Total                          Min: 0, Avg:  0.0, Max: 0, Diff: 0, Sum: 0, Workers: 4
[27.532s][debug][gc,phases      ] GC(62)   StringDedup Requests1 Weak     Min:  0.0, Avg:  0.0, Max:  0.0, Diff:  0.0, Sum:  0.0, Workers: 4
[27.532s][debug][gc,phases      ] GC(62)     Dead                           Min: 0, Avg:  0.0, Max: 0, Diff: 0, Sum: 0, Workers: 4
[27.532s][debug][gc,phases      ] GC(62)     Total                          Min: 0, Avg:  0.0, Max: 0, Diff: 0, Sum: 0, Workers: 4
[27.532s][debug][gc,phases      ] GC(62)   Weak JFR Old Object Samples    Min:  0.0, Avg:  0.0, Max:  0.0, Diff:  0.0, Sum:  0.0, Workers: 4
[27.532s][debug][gc,phases      ] GC(62)     Dead                           Min: 0, Avg:  0.0, Max: 0, Diff: 0, Sum: 0, Workers: 4
[27.532s][debug][gc,phases      ] GC(62)     Total                          Min: 0, Avg:  0.0, Max: 0, Diff: 0, Sum: 0, Workers: 4
[27.532s][debug][gc,phases      ] GC(62) Weak Processing 0.309ms
[27.532s][debug][gc,age         ] GC(62) Desired survivor size 257949696 bytes, new threshold 15 (max threshold 15)
[27.532s][info ][gc,heap        ] GC(62) PSYoungGen: 1599776K(1828352K)->59792K(1810432K) Eden: 1541632K(1541632K)->0K(1541632K) From: 58144K(286720K)->59792K(268800K)
[27.532s][info ][gc,heap        ] GC(62) ParOldGen: 518883K(615424K)->519723K(615424K)
[27.532s][info ][gc,metaspace   ] GC(62) Metaspace: 68508K(69248K)->68508K(69248K) NonClass: 58525K(58944K)->58525K(58944K) Class: 9983K(10304K)->9983K(10304K)
[27.532s][info ][gc             ] GC(62) Pause Young (Allocation Failure) 2069M->565M(2369M) 19.983ms
[27.532s][info ][gc,cpu         ] GC(62) User=0.07s Sys=0.00s Real=0.02s
[27.532s][info ][safepoint      ] Safepoint "ParallelGCFailedAllocation", Time since last: 252662743 ns, Reaching safepoint: 130903 ns, At safepoint: 20097273 ns, Total: 20228176 ns
[27.861s][info ][gc,start       ] GC(63) Pause Young (Allocation Failure)
[27.883s][debug][gc,phases      ] GC(63) Scavenge 21.153ms
[27.883s][debug][gc,ref         ] GC(63) Skipped phase 1 of Reference Processing: no references
[27.883s][debug][gc,ref         ] GC(63) ReferenceProcessor::execute queues: 1, RefProcThreadModel::Single, marks_oops_alive: false
[27.883s][debug][gc,ref         ] GC(63) Skipped phase 3 of Reference Processing: no references
[27.883s][debug][gc,ref         ] GC(63) Skipped phase 4 of Reference Processing: no references
[27.883s][debug][gc,phases      ] GC(63) Reference Processing 0.103ms
[27.883s][debug][gc,phases      ] GC(63)   VM Weak                        Min:  0.0, Avg:  0.0, Max:  0.0, Diff:  0.0, Sum:  0.0, Workers: 4
[27.883s][debug][gc,phases      ] GC(63)     Dead                           Min: 0, Avg:  0.0, Max: 0, Diff: 0, Sum: 0, Workers: 4
[27.883s][debug][gc,phases      ] GC(63)     Total                          Min: 0, Avg: 147.8, Max: 527, Diff: 527, Sum: 591, Workers: 4
[27.883s][debug][gc,phases      ] GC(63)   ObjectSynchronizer Weak        Min:  0.0, Avg:  0.0, Max:  0.0, Diff:  0.0, Sum:  0.0, Workers: 4
[27.883s][debug][gc,phases      ] GC(63)     Dead                           Min: 0, Avg:  0.0, Max: 0, Diff: 0, Sum: 0, Workers: 4
[27.883s][debug][gc,phases      ] GC(63)     Total                          Min: 0, Avg: 107.2, Max: 237, Diff: 237, Sum: 429, Workers: 4
[27.883s][debug][gc,phases      ] GC(63)   JVMTI Tag Weak OopStorage      Min:  0.0, Avg:  0.0, Max:  0.0, Diff:  0.0, Sum:  0.0, Workers: 4
[27.883s][debug][gc,phases      ] GC(63)     Dead                           Min: 0, Avg:  0.0, Max: 0, Diff: 0, Sum: 0, Workers: 4
[27.883s][debug][gc,phases      ] GC(63)     Total                          Min: 0, Avg:  0.0, Max: 0, Diff: 0, Sum: 0, Workers: 4
[27.883s][debug][gc,phases      ] GC(63)   StringTable Weak               Min:  0.1, Avg:  0.1, Max:  0.1, Diff:  0.0, Sum:  0.4, Workers: 4
[27.883s][debug][gc,phases      ] GC(63)     Dead                           Min: 0, Avg:  2.8, Max: 8, Diff: 8, Sum: 11, Workers: 4
[27.883s][debug][gc,phases      ] GC(63)     Total                          Min: 8671, Avg: 10727.8, Max: 12224, Diff: 3553, Sum: 42911, Workers: 4
[27.883s][debug][gc,phases      ] GC(63)   ResolvedMethodTable Weak       Min:  0.0, Avg:  0.0, Max:  0.0, Diff:  0.0, Sum:  0.1, Workers: 4
[27.883s][debug][gc,phases      ] GC(63)     Dead                           Min: 0, Avg:  0.0, Max: 0, Diff: 0, Sum: 0, Workers: 4
[27.883s][debug][gc,phases      ] GC(63)     Total                          Min: 1536, Avg: 1789.5, Max: 1984, Diff: 448, Sum: 7158, Workers: 4
[27.883s][debug][gc,phases      ] GC(63)   JNI Weak                       Min:  0.0, Avg:  0.0, Max:  0.0, Diff:  0.0, Sum:  0.0, Workers: 4
[27.883s][debug][gc,phases      ] GC(63)     Dead                           Min: 0, Avg:  0.0, Max: 0, Diff: 0, Sum: 0, Workers: 4
[27.883s][debug][gc,phases      ] GC(63)     Total                          Min: 0, Avg:  0.0, Max: 0, Diff: 0, Sum: 0, Workers: 4
[27.883s][debug][gc,phases      ] GC(63)   StringDedup Table Weak         Min:  0.0, Avg:  0.0, Max:  0.0, Diff:  0.0, Sum:  0.0, Workers: 4
[27.883s][debug][gc,phases      ] GC(63)     Dead                           Min: 0, Avg:  0.0, Max: 0, Diff: 0, Sum: 0, Workers: 4
[27.883s][debug][gc,phases      ] GC(63)     Total                          Min: 0, Avg:  0.0, Max: 0, Diff: 0, Sum: 0, Workers: 4
[27.883s][debug][gc,phases      ] GC(63)   StringDedup Requests0 Weak     Min:  0.0, Avg:  0.0, Max:  0.0, Diff:  0.0, Sum:  0.0, Workers: 4
[27.883s][debug][gc,phases      ] GC(63)     Dead                           Min: 0, Avg:  0.0, Max: 0, Diff: 0, Sum: 0, Workers: 4
[27.883s][debug][gc,phases      ] GC(63)     Total                          Min: 0, Avg:  0.0, Max: 0, Diff: 0, Sum: 0, Workers: 4
[27.883s][debug][gc,phases      ] GC(63)   StringDedup Requests1 Weak     Min:  0.0, Avg:  0.0, Max:  0.0, Diff:  0.0, Sum:  0.0, Workers: 4
[27.883s][debug][gc,phases      ] GC(63)     Dead                           Min: 0, Avg:  0.0, Max: 0, Diff: 0, Sum: 0, Workers: 4
[27.883s][debug][gc,phases      ] GC(63)     Total                          Min: 0, Avg:  0.0, Max: 0, Diff: 0, Sum: 0, Workers: 4
[27.883s][debug][gc,phases      ] GC(63)   Weak JFR Old Object Samples    Min:  0.0, Avg:  0.0, Max:  0.0, Diff:  0.0, Sum:  0.0, Workers: 4
[27.883s][debug][gc,phases      ] GC(63)     Dead                           Min: 0, Avg:  0.0, Max: 0, Diff: 0, Sum: 0, Workers: 4
[27.883s][debug][gc,phases      ] GC(63)     Total                          Min: 0, Avg:  0.0, Max: 0, Diff: 0, Sum: 0, Workers: 4
[27.883s][debug][gc,phases      ] GC(63) Weak Processing 0.319ms
[27.883s][debug][gc,age         ] GC(63) Desired survivor size 241696768 bytes, new threshold 15 (max threshold 15)
[27.883s][info ][gc,heap        ] GC(63) PSYoungGen: 1601424K(1810432K)->61656K(1861120K) Eden: 1541632K(1541632K)->0K(1609216K) From: 59792K(268800K)->61656K(251904K)
[27.883s][info ][gc,heap        ] GC(63) ParOldGen: 519723K(615424K)->519827K(615424K)
[27.883s][info ][gc,metaspace   ] GC(63) Metaspace: 68517K(69248K)->68517K(69248K) NonClass: 58534K(58944K)->58534K(58944K) Class: 9983K(10304K)->9983K(10304K)
[27.883s][info ][gc             ] GC(63) Pause Young (Allocation Failure) 2071M->567M(2418M) 21.711ms
[27.883s][info ][gc,cpu         ] GC(63) User=0.08s Sys=0.00s Real=0.03s
[27.883s][info ][safepoint      ] Safepoint "ParallelGCFailedAllocation", Time since last: 329190142 ns, Reaching safepoint: 152103 ns, At safepoint: 21812313 ns, Total: 21964416 ns
[28.198s][info ][gc,start       ] GC(64) Pause Young (Allocation Failure)
[28.218s][debug][gc,phases      ] GC(64) Scavenge 20.086ms
[28.218s][debug][gc,ref         ] GC(64) Skipped phase 1 of Reference Processing: no references
[28.219s][debug][gc,ref         ] GC(64) ReferenceProcessor::execute queues: 1, RefProcThreadModel::Single, marks_oops_alive: false
[28.219s][debug][gc,ref         ] GC(64) Skipped phase 3 of Reference Processing: no references
[28.219s][debug][gc,ref         ] GC(64) Skipped phase 4 of Reference Processing: no references
[28.219s][debug][gc,phases      ] GC(64) Reference Processing 0.101ms
[28.219s][debug][gc,phases      ] GC(64)   VM Weak                        Min:  0.0, Avg:  0.0, Max:  0.0, Diff:  0.0, Sum:  0.0, Workers: 4
[28.219s][debug][gc,phases      ] GC(64)     Dead                           Min: 0, Avg:  0.0, Max: 0, Diff: 0, Sum: 0, Workers: 4
[28.219s][debug][gc,phases      ] GC(64)     Total                          Min: 0, Avg: 147.8, Max: 399, Diff: 399, Sum: 591, Workers: 4
[28.219s][debug][gc,phases      ] GC(64)   ObjectSynchronizer Weak        Min:  0.0, Avg:  0.0, Max:  0.0, Diff:  0.0, Sum:  0.0, Workers: 4
[28.219s][debug][gc,phases      ] GC(64)     Dead                           Min: 0, Avg:  0.0, Max: 0, Diff: 0, Sum: 0, Workers: 4
[28.219s][debug][gc,phases      ] GC(64)     Total                          Min: 0, Avg: 107.2, Max: 256, Diff: 256, Sum: 429, Workers: 4
[28.219s][debug][gc,phases      ] GC(64)   JVMTI Tag Weak OopStorage      Min:  0.0, Avg:  0.0, Max:  0.0, Diff:  0.0, Sum:  0.0, Workers: 4
[28.219s][debug][gc,phases      ] GC(64)     Dead                           Min: 0, Avg:  0.0, Max: 0, Diff: 0, Sum: 0, Workers: 4
[28.219s][debug][gc,phases      ] GC(64)     Total                          Min: 0, Avg:  0.0, Max: 0, Diff: 0, Sum: 0, Workers: 4
[28.219s][debug][gc,phases      ] GC(64)   StringTable Weak               Min:  0.1, Avg:  0.1, Max:  0.1, Diff:  0.0, Sum:  0.4, Workers: 4
[28.219s][debug][gc,phases      ] GC(64)     Dead                           Min: 0, Avg:  0.0, Max: 0, Diff: 0, Sum: 0, Workers: 4
[28.219s][debug][gc,phases      ] GC(64)     Total                          Min: 9888, Avg: 10728.0, Max: 12736, Diff: 2848, Sum: 42912, Workers: 4
[28.219s][debug][gc,phases      ] GC(64)   ResolvedMethodTable Weak       Min:  0.0, Avg:  0.0, Max:  0.0, Diff:  0.0, Sum:  0.1, Workers: 4
[28.219s][debug][gc,phases      ] GC(64)     Dead                           Min: 0, Avg:  0.0, Max: 0, Diff: 0, Sum: 0, Workers: 4
[28.219s][debug][gc,phases      ] GC(64)     Total                          Min: 1536, Avg: 1789.5, Max: 1984, Diff: 448, Sum: 7158, Workers: 4
[28.219s][debug][gc,phases      ] GC(64)   JNI Weak                       Min:  0.0, Avg:  0.0, Max:  0.0, Diff:  0.0, Sum:  0.0, Workers: 4
[28.219s][debug][gc,phases      ] GC(64)     Dead                           Min: 0, Avg:  0.0, Max: 0, Diff: 0, Sum: 0, Workers: 4
[28.219s][debug][gc,phases      ] GC(64)     Total                          Min: 0, Avg:  0.0, Max: 0, Diff: 0, Sum: 0, Workers: 4
[28.219s][debug][gc,phases      ] GC(64)   StringDedup Table Weak         Min:  0.0, Avg:  0.0, Max:  0.0, Diff:  0.0, Sum:  0.0, Workers: 4
[28.219s][debug][gc,phases      ] GC(64)     Dead                           Min: 0, Avg:  0.0, Max: 0, Diff: 0, Sum: 0, Workers: 4
[28.219s][debug][gc,phases      ] GC(64)     Total                          Min: 0, Avg:  0.0, Max: 0, Diff: 0, Sum: 0, Workers: 4
[28.219s][debug][gc,phases      ] GC(64)   StringDedup Requests0 Weak     Min:  0.0, Avg:  0.0, Max:  0.0, Diff:  0.0, Sum:  0.0, Workers: 4
[28.219s][debug][gc,phases      ] GC(64)     Dead                           Min: 0, Avg:  0.0, Max: 0, Diff: 0, Sum: 0, Workers: 4
[28.219s][debug][gc,phases      ] GC(64)     Total                          Min: 0, Avg:  0.0, Max: 0, Diff: 0, Sum: 0, Workers: 4
[28.219s][debug][gc,phases      ] GC(64)   StringDedup Requests1 Weak     Min:  0.0, Avg:  0.0, Max:  0.0, Diff:  0.0, Sum:  0.0, Workers: 4
[28.219s][debug][gc,phases      ] GC(64)     Dead                           Min: 0, Avg:  0.0, Max: 0, Diff: 0, Sum: 0, Workers: 4
[28.219s][debug][gc,phases      ] GC(64)     Total                          Min: 0, Avg:  0.0, Max: 0, Diff: 0, Sum: 0, Workers: 4
[28.219s][debug][gc,phases      ] GC(64)   Weak JFR Old Object Samples    Min:  0.0, Avg:  0.0, Max:  0.0, Diff:  0.0, Sum:  0.0, Workers: 4
[28.219s][debug][gc,phases      ] GC(64)     Dead                           Min: 0, Avg:  0.0, Max: 0, Diff: 0, Sum: 0, Workers: 4
[28.219s][debug][gc,phases      ] GC(64)     Total                          Min: 0, Avg:  0.0, Max: 0, Diff: 0, Sum: 0, Workers: 4
[28.219s][debug][gc,phases      ] GC(64) Weak Processing 0.298ms
[28.219s][debug][gc,age         ] GC(64) Desired survivor size 226492416 bytes, new threshold 15 (max threshold 15)
[28.219s][info ][gc,heap        ] GC(64) PSYoungGen: 1670872K(1861120K)->62680K(1845248K) Eden: 1609216K(1609216K)->0K(1609216K) From: 61656K(251904K)->62680K(236032K)
[28.219s][info ][gc,heap        ] GC(64) ParOldGen: 519827K(615424K)->520993K(615424K)
[28.219s][info ][gc,metaspace   ] GC(64) Metaspace: 68519K(69248K)->68519K(69248K) NonClass: 58536K(58944K)->58536K(58944K) Class: 9983K(10304K)->9983K(10304K)
[28.219s][info ][gc             ] GC(64) Pause Young (Allocation Failure) 2139M->569M(2403M) 20.626ms
[28.219s][info ][gc,cpu         ] GC(64) User=0.08s Sys=0.00s Real=0.02s
[28.219s][info ][safepoint      ] Safepoint "ParallelGCFailedAllocation", Time since last: 314804102 ns, Reaching safepoint: 179104 ns, At safepoint: 20762988 ns, Total: 20942092 ns
[28.588s][info ][gc,start       ] GC(65) Pause Young (Allocation Failure)
[28.612s][debug][gc,phases      ] GC(65) Scavenge 24.093ms
[28.612s][debug][gc,ref         ] GC(65) Skipped phase 1 of Reference Processing: no references
[28.612s][debug][gc,ref         ] GC(65) ReferenceProcessor::execute queues: 1, RefProcThreadModel::Single, marks_oops_alive: false
[28.612s][debug][gc,ref         ] GC(65) Skipped phase 3 of Reference Processing: no references
[28.612s][debug][gc,ref         ] GC(65) Skipped phase 4 of Reference Processing: no references
[28.612s][debug][gc,phases      ] GC(65) Reference Processing 0.124ms
[28.613s][debug][gc,phases      ] GC(65)   VM Weak                        Min:  0.0, Avg:  0.0, Max:  0.0, Diff:  0.0, Sum:  0.0, Workers: 4
[28.613s][debug][gc,phases      ] GC(65)     Dead                           Min: 0, Avg:  0.0, Max: 0, Diff: 0, Sum: 0, Workers: 4
[28.613s][debug][gc,phases      ] GC(65)     Total                          Min: 0, Avg: 147.8, Max: 591, Diff: 591, Sum: 591, Workers: 4
[28.613s][debug][gc,phases      ] GC(65)   ObjectSynchronizer Weak        Min:  0.0, Avg:  0.0, Max:  0.0, Diff:  0.0, Sum:  0.0, Workers: 4
[28.613s][debug][gc,phases      ] GC(65)     Dead                           Min: 0, Avg:  0.0, Max: 0, Diff: 0, Sum: 0, Workers: 4
[28.613s][debug][gc,phases      ] GC(65)     Total                          Min: 0, Avg: 107.2, Max: 429, Diff: 429, Sum: 429, Workers: 4
[28.613s][debug][gc,phases      ] GC(65)   JVMTI Tag Weak OopStorage      Min:  0.0, Avg:  0.0, Max:  0.0, Diff:  0.0, Sum:  0.0, Workers: 4
[28.613s][debug][gc,phases      ] GC(65)     Dead                           Min: 0, Avg:  0.0, Max: 0, Diff: 0, Sum: 0, Workers: 4
[28.613s][debug][gc,phases      ] GC(65)     Total                          Min: 0, Avg:  0.0, Max: 0, Diff: 0, Sum: 0, Workers: 4
[28.613s][debug][gc,phases      ] GC(65)   StringTable Weak               Min:  0.1, Avg:  0.1, Max:  0.1, Diff:  0.0, Sum:  0.4, Workers: 4
[28.613s][debug][gc,phases      ] GC(65)     Dead                           Min: 0, Avg:  2.8, Max: 11, Diff: 11, Sum: 11, Workers: 4
[28.613s][debug][gc,phases      ] GC(65)     Total                          Min: 9528, Avg: 10728.5, Max: 13952, Diff: 4424, Sum: 42914, Workers: 4
[28.613s][debug][gc,phases      ] GC(65)   ResolvedMethodTable Weak       Min:  0.0, Avg:  0.0, Max:  0.0, Diff:  0.0, Sum:  0.1, Workers: 4
[28.613s][debug][gc,phases      ] GC(65)     Dead                           Min: 0, Avg:  0.0, Max: 0, Diff: 0, Sum: 0, Workers: 4
[28.613s][debug][gc,phases      ] GC(65)     Total                          Min: 1600, Avg: 1789.5, Max: 2112, Diff: 512, Sum: 7158, Workers: 4
[28.613s][debug][gc,phases      ] GC(65)   JNI Weak                       Min:  0.0, Avg:  0.0, Max:  0.0, Diff:  0.0, Sum:  0.0, Workers: 4
[28.613s][debug][gc,phases      ] GC(65)     Dead                           Min: 0, Avg:  0.0, Max: 0, Diff: 0, Sum: 0, Workers: 4
[28.613s][debug][gc,phases      ] GC(65)     Total                          Min: 0, Avg:  0.5, Max: 2, Diff: 2, Sum: 2, Workers: 4
[28.613s][debug][gc,phases      ] GC(65)   StringDedup Table Weak         Min:  0.0, Avg:  0.0, Max:  0.0, Diff:  0.0, Sum:  0.0, Workers: 4
[28.613s][debug][gc,phases      ] GC(65)     Dead                           Min: 0, Avg:  0.0, Max: 0, Diff: 0, Sum: 0, Workers: 4
[28.613s][debug][gc,phases      ] GC(65)     Total                          Min: 0, Avg:  0.0, Max: 0, Diff: 0, Sum: 0, Workers: 4
[28.613s][debug][gc,phases      ] GC(65)   StringDedup Requests0 Weak     Min:  0.0, Avg:  0.0, Max:  0.0, Diff:  0.0, Sum:  0.0, Workers: 4
[28.613s][debug][gc,phases      ] GC(65)     Dead                           Min: 0, Avg:  0.0, Max: 0, Diff: 0, Sum: 0, Workers: 4
[28.613s][debug][gc,phases      ] GC(65)     Total                          Min: 0, Avg:  0.0, Max: 0, Diff: 0, Sum: 0, Workers: 4
[28.613s][debug][gc,phases      ] GC(65)   StringDedup Requests1 Weak     Min:  0.0, Avg:  0.0, Max:  0.0, Diff:  0.0, Sum:  0.0, Workers: 4
[28.613s][debug][gc,phases      ] GC(65)     Dead                           Min: 0, Avg:  0.0, Max: 0, Diff: 0, Sum: 0, Workers: 4
[28.613s][debug][gc,phases      ] GC(65)     Total                          Min: 0, Avg:  0.0, Max: 0, Diff: 0, Sum: 0, Workers: 4
[28.613s][debug][gc,phases      ] GC(65)   Weak JFR Old Object Samples    Min:  0.0, Avg:  0.0, Max:  0.0, Diff:  0.0, Sum:  0.0, Workers: 4
[28.613s][debug][gc,phases      ] GC(65)     Dead                           Min: 0, Avg:  0.0, Max: 0, Diff: 0, Sum: 0, Workers: 4
[28.613s][debug][gc,phases      ] GC(65)     Total                          Min: 0, Avg:  0.0, Max: 0, Diff: 0, Sum: 0, Workers: 4
[28.613s][debug][gc,phases      ] GC(65) Weak Processing 0.360ms
[28.613s][debug][gc,age         ] GC(65) Desired survivor size 212336640 bytes, new threshold 15 (max threshold 15)
[28.613s][info ][gc,heap        ] GC(65) PSYoungGen: 1671896K(1845248K)->65032K(1889792K) Eden: 1609216K(1609216K)->0K(1668608K) From: 62680K(236032K)->65032K(221184K)
[28.613s][info ][gc,heap        ] GC(65) ParOldGen: 520993K(615424K)->522542K(615424K)
[28.613s][info ][gc,metaspace   ] GC(65) Metaspace: 68526K(69248K)->68526K(69248K) NonClass: 58542K(58944K)->58542K(58944K) Class: 9983K(10304K)->9983K(10304K)
[28.613s][info ][gc             ] GC(65) Pause Young (Allocation Failure) 2141M->573M(2446M) 24.734ms
[28.613s][info ][gc,cpu         ] GC(65) User=0.12s Sys=0.00s Real=0.03s
[28.613s][info ][safepoint      ] Safepoint "ParallelGCFailedAllocation", Time since last: 368966276 ns, Reaching safepoint: 138703 ns, At safepoint: 24859584 ns, Total: 24998287 ns
[28.986s][info ][gc,start       ] GC(66) Pause Young (Allocation Failure)
[29.011s][debug][gc,phases      ] GC(66) Scavenge 24.595ms
[29.011s][debug][gc,ref         ] GC(66) Skipped phase 1 of Reference Processing: no references
[29.011s][debug][gc,ref         ] GC(66) ReferenceProcessor::execute queues: 1, RefProcThreadModel::Single, marks_oops_alive: false
[29.011s][debug][gc,ref         ] GC(66) Skipped phase 3 of Reference Processing: no references
[29.011s][debug][gc,ref         ] GC(66) Skipped phase 4 of Reference Processing: no references
[29.011s][debug][gc,phases      ] GC(66) Reference Processing 0.125ms
[29.011s][debug][gc,phases      ] GC(66)   VM Weak                        Min:  0.0, Avg:  0.0, Max:  0.0, Diff:  0.0, Sum:  0.0, Workers: 4
[29.011s][debug][gc,phases      ] GC(66)     Dead                           Min: 0, Avg:  0.0, Max: 0, Diff: 0, Sum: 0, Workers: 4
[29.011s][debug][gc,phases      ] GC(66)     Total                          Min: 0, Avg: 147.8, Max: 591, Diff: 591, Sum: 591, Workers: 4
[29.011s][debug][gc,phases      ] GC(66)   ObjectSynchronizer Weak        Min:  0.0, Avg:  0.0, Max:  0.0, Diff:  0.0, Sum:  0.0, Workers: 4
[29.011s][debug][gc,phases      ] GC(66)     Dead                           Min: 0, Avg:  0.0, Max: 0, Diff: 0, Sum: 0, Workers: 4
[29.011s][debug][gc,phases      ] GC(66)     Total                          Min: 0, Avg: 107.2, Max: 429, Diff: 429, Sum: 429, Workers: 4
[29.011s][debug][gc,phases      ] GC(66)   JVMTI Tag Weak OopStorage      Min:  0.0, Avg:  0.0, Max:  0.0, Diff:  0.0, Sum:  0.0, Workers: 4
[29.011s][debug][gc,phases      ] GC(66)     Dead                           Min: 0, Avg:  0.0, Max: 0, Diff: 0, Sum: 0, Workers: 4
[29.011s][debug][gc,phases      ] GC(66)     Total                          Min: 0, Avg:  0.0, Max: 0, Diff: 0, Sum: 0, Workers: 4
[29.011s][debug][gc,phases      ] GC(66)   StringTable Weak               Min:  0.1, Avg:  0.1, Max:  0.1, Diff:  0.0, Sum:  0.4, Workers: 4
[29.011s][debug][gc,phases      ] GC(66)     Dead                           Min: 0, Avg:  2.8, Max: 11, Diff: 11, Sum: 11, Workers: 4
[29.011s][debug][gc,phases      ] GC(66)     Total                          Min: 7744, Avg: 10729.0, Max: 12544, Diff: 4800, Sum: 42916, Workers: 4
[29.011s][debug][gc,phases      ] GC(66)   ResolvedMethodTable Weak       Min:  0.0, Avg:  0.0, Max:  0.0, Diff:  0.0, Sum:  0.1, Workers: 4
[29.011s][debug][gc,phases      ] GC(66)     Dead                           Min: 0, Avg:  0.0, Max: 0, Diff: 0, Sum: 0, Workers: 4
[29.011s][debug][gc,phases      ] GC(66)     Total                          Min: 1536, Avg: 1789.5, Max: 1920, Diff: 384, Sum: 7158, Workers: 4
[29.011s][debug][gc,phases      ] GC(66)   JNI Weak                       Min:  0.0, Avg:  0.0, Max:  0.0, Diff:  0.0, Sum:  0.0, Workers: 4
[29.011s][debug][gc,phases      ] GC(66)     Dead                           Min: 0, Avg:  0.0, Max: 0, Diff: 0, Sum: 0, Workers: 4
[29.011s][debug][gc,phases      ] GC(66)     Total                          Min: 0, Avg:  1.0, Max: 4, Diff: 4, Sum: 4, Workers: 4
[29.011s][debug][gc,phases      ] GC(66)   StringDedup Table Weak         Min:  0.0, Avg:  0.0, Max:  0.0, Diff:  0.0, Sum:  0.0, Workers: 4
[29.011s][debug][gc,phases      ] GC(66)     Dead                           Min: 0, Avg:  0.0, Max: 0, Diff: 0, Sum: 0, Workers: 4
[29.011s][debug][gc,phases      ] GC(66)     Total                          Min: 0, Avg:  0.0, Max: 0, Diff: 0, Sum: 0, Workers: 4
[29.011s][debug][gc,phases      ] GC(66)   StringDedup Requests0 Weak     Min:  0.0, Avg:  0.0, Max:  0.0, Diff:  0.0, Sum:  0.0, Workers: 4
[29.011s][debug][gc,phases      ] GC(66)     Dead                           Min: 0, Avg:  0.0, Max: 0, Diff: 0, Sum: 0, Workers: 4
[29.011s][debug][gc,phases      ] GC(66)     Total                          Min: 0, Avg:  0.0, Max: 0, Diff: 0, Sum: 0, Workers: 4
[29.011s][debug][gc,phases      ] GC(66)   StringDedup Requests1 Weak     Min:  0.0, Avg:  0.0, Max:  0.0, Diff:  0.0, Sum:  0.0, Workers: 4
[29.011s][debug][gc,phases      ] GC(66)     Dead                           Min: 0, Avg:  0.0, Max: 0, Diff: 0, Sum: 0, Workers: 4
[29.011s][debug][gc,phases      ] GC(66)     Total                          Min: 0, Avg:  0.0, Max: 0, Diff: 0, Sum: 0, Workers: 4
[29.011s][debug][gc,phases      ] GC(66)   Weak JFR Old Object Samples    Min:  0.0, Avg:  0.0, Max:  0.0, Diff:  0.0, Sum:  0.0, Workers: 4
[29.011s][debug][gc,phases      ] GC(66)     Dead                           Min: 0, Avg:  0.0, Max: 0, Diff: 0, Sum: 0, Workers: 4
[29.011s][debug][gc,phases      ] GC(66)     Total                          Min: 0, Avg:  0.0, Max: 0, Diff: 0, Sum: 0, Workers: 4
[29.011s][debug][gc,phases      ] GC(66) Weak Processing 0.311ms
[29.011s][debug][gc,age         ] GC(66) Desired survivor size 199229440 bytes, new threshold 15 (max threshold 15)
[29.011s][info ][gc,heap        ] GC(66) PSYoungGen: 1733640K(1889792K)->64552K(1875968K) Eden: 1668608K(1668608K)->0K(1668608K) From: 65032K(221184K)->64552K(207360K)
[29.011s][info ][gc,heap        ] GC(66) ParOldGen: 522542K(615424K)->526838K(615424K)
[29.011s][info ][gc,metaspace   ] GC(66) Metaspace: 68544K(69312K)->68544K(69312K) NonClass: 58561K(59008K)->58561K(59008K) Class: 9983K(10304K)->9983K(10304K)
[29.011s][info ][gc             ] GC(66) Pause Young (Allocation Failure) 2203M->577M(2433M) 25.176ms
[29.011s][info ][gc,cpu         ] GC(66) User=0.12s Sys=0.00s Real=0.03s
[29.011s][info ][safepoint      ] Safepoint "ParallelGCFailedAllocation", Time since last: 372652460 ns, Reaching safepoint: 278606 ns, At safepoint: 25283094 ns, Total: 25561700 ns
[29.338s][info ][gc,start       ] GC(67) Pause Young (Allocation Failure)
[29.363s][debug][gc,phases      ] GC(67) Scavenge 24.280ms
[29.363s][debug][gc,ref         ] GC(67) Skipped phase 1 of Reference Processing: no references
[29.363s][debug][gc,ref         ] GC(67) ReferenceProcessor::execute queues: 1, RefProcThreadModel::Single, marks_oops_alive: false
[29.363s][debug][gc,ref         ] GC(67) Skipped phase 3 of Reference Processing: no references
[29.363s][debug][gc,ref         ] GC(67) Skipped phase 4 of Reference Processing: no references
[29.363s][debug][gc,phases      ] GC(67) Reference Processing 0.122ms
[29.363s][debug][gc,phases      ] GC(67)   VM Weak                        Min:  0.0, Avg:  0.0, Max:  0.0, Diff:  0.0, Sum:  0.0, Workers: 4
[29.363s][debug][gc,phases      ] GC(67)     Dead                           Min: 0, Avg:  0.0, Max: 0, Diff: 0, Sum: 0, Workers: 4
[29.363s][debug][gc,phases      ] GC(67)     Total                          Min: 0, Avg: 147.8, Max: 384, Diff: 384, Sum: 591, Workers: 4
[29.363s][debug][gc,phases      ] GC(67)   ObjectSynchronizer Weak        Min:  0.0, Avg:  0.0, Max:  0.0, Diff:  0.0, Sum:  0.0, Workers: 4
[29.363s][debug][gc,phases      ] GC(67)     Dead                           Min: 0, Avg:  0.0, Max: 0, Diff: 0, Sum: 0, Workers: 4
[29.363s][debug][gc,phases      ] GC(67)     Total                          Min: 0, Avg: 107.2, Max: 192, Diff: 192, Sum: 429, Workers: 4
[29.363s][debug][gc,phases      ] GC(67)   JVMTI Tag Weak OopStorage      Min:  0.0, Avg:  0.0, Max:  0.0, Diff:  0.0, Sum:  0.0, Workers: 4
[29.363s][debug][gc,phases      ] GC(67)     Dead                           Min: 0, Avg:  0.0, Max: 0, Diff: 0, Sum: 0, Workers: 4
[29.363s][debug][gc,phases      ] GC(67)     Total                          Min: 0, Avg:  0.0, Max: 0, Diff: 0, Sum: 0, Workers: 4
[29.363s][debug][gc,phases      ] GC(67)   StringTable Weak               Min:  0.1, Avg:  0.1, Max:  0.1, Diff:  0.0, Sum:  0.4, Workers: 4
[29.363s][debug][gc,phases      ] GC(67)     Dead                           Min: 0, Avg:  2.8, Max: 8, Diff: 8, Sum: 11, Workers: 4
[29.363s][debug][gc,phases      ] GC(67)     Total                          Min: 10112, Avg: 10729.0, Max: 12132, Diff: 2020, Sum: 42916, Workers: 4
[29.363s][debug][gc,phases      ] GC(67)   ResolvedMethodTable Weak       Min:  0.0, Avg:  0.0, Max:  0.0, Diff:  0.0, Sum:  0.1, Workers: 4
[29.363s][debug][gc,phases      ] GC(67)     Dead                           Min: 0, Avg:  0.0, Max: 0, Diff: 0, Sum: 0, Workers: 4
[29.363s][debug][gc,phases      ] GC(67)     Total                          Min: 1536, Avg: 1789.5, Max: 1984, Diff: 448, Sum: 7158, Workers: 4
[29.363s][debug][gc,phases      ] GC(67)   JNI Weak                       Min:  0.0, Avg:  0.0, Max:  0.0, Diff:  0.0, Sum:  0.0, Workers: 4
[29.363s][debug][gc,phases      ] GC(67)     Dead                           Min: 0, Avg:  0.0, Max: 0, Diff: 0, Sum: 0, Workers: 4
[29.363s][debug][gc,phases      ] GC(67)     Total                          Min: 0, Avg:  0.0, Max: 0, Diff: 0, Sum: 0, Workers: 4
[29.363s][debug][gc,phases      ] GC(67)   StringDedup Table Weak         Min:  0.0, Avg:  0.0, Max:  0.0, Diff:  0.0, Sum:  0.0, Workers: 4
[29.363s][debug][gc,phases      ] GC(67)     Dead                           Min: 0, Avg:  0.0, Max: 0, Diff: 0, Sum: 0, Workers: 4
[29.363s][debug][gc,phases      ] GC(67)     Total                          Min: 0, Avg:  0.0, Max: 0, Diff: 0, Sum: 0, Workers: 4
[29.363s][debug][gc,phases      ] GC(67)   StringDedup Requests0 Weak     Min:  0.0, Avg:  0.0, Max:  0.0, Diff:  0.0, Sum:  0.0, Workers: 4
[29.363s][debug][gc,phases      ] GC(67)     Dead                           Min: 0, Avg:  0.0, Max: 0, Diff: 0, Sum: 0, Workers: 4
[29.363s][debug][gc,phases      ] GC(67)     Total                          Min: 0, Avg:  0.0, Max: 0, Diff: 0, Sum: 0, Workers: 4
[29.363s][debug][gc,phases      ] GC(67)   StringDedup Requests1 Weak     Min:  0.0, Avg:  0.0, Max:  0.0, Diff:  0.0, Sum:  0.0, Workers: 4
[29.363s][debug][gc,phases      ] GC(67)     Dead                           Min: 0, Avg:  0.0, Max: 0, Diff: 0, Sum: 0, Workers: 4
[29.363s][debug][gc,phases      ] GC(67)     Total                          Min: 0, Avg:  0.0, Max: 0, Diff: 0, Sum: 0, Workers: 4
[29.363s][debug][gc,phases      ] GC(67)   Weak JFR Old Object Samples    Min:  0.0, Avg:  0.0, Max:  0.0, Diff:  0.0, Sum:  0.0, Workers: 4
[29.363s][debug][gc,phases      ] GC(67)     Dead                           Min: 0, Avg:  0.0, Max: 0, Diff: 0, Sum: 0, Workers: 4
[29.363s][debug][gc,phases      ] GC(67)     Total                          Min: 0, Avg:  0.0, Max: 0, Diff: 0, Sum: 0, Workers: 4
[29.363s][debug][gc,phases      ] GC(67) Weak Processing 0.314ms
[29.363s][debug][gc,age         ] GC(67) Desired survivor size 187170816 bytes, new threshold 15 (max threshold 15)
[29.363s][info ][gc,heap        ] GC(67) PSYoungGen: 1733160K(1875968K)->65128K(1914368K) Eden: 1668608K(1668608K)->0K(1719808K) From: 64552K(207360K)->65128K(194560K)
[29.363s][info ][gc,heap        ] GC(67) ParOldGen: 526838K(615424K)->528422K(615424K)
[29.363s][info ][gc,metaspace   ] GC(67) Metaspace: 68544K(69312K)->68544K(69312K) NonClass: 58561K(59008K)->58561K(59008K) Class: 9983K(10304K)->9983K(10304K)
[29.363s][info ][gc             ] GC(67) Pause Young (Allocation Failure) 2207M->579M(2470M) 24.851ms
[29.363s][info ][gc,cpu         ] GC(67) User=0.10s Sys=0.00s Real=0.03s
[29.363s][info ][safepoint      ] Safepoint "ParallelGCFailedAllocation", Time since last: 326850982 ns, Reaching safepoint: 128403 ns, At safepoint: 24974687 ns, Total: 25103090 ns
[29.719s][info ][gc,start       ] GC(68) Pause Young (Allocation Failure)
[29.749s][debug][gc,phases      ] GC(68) Scavenge 29.711ms
[29.749s][debug][gc,ref         ] GC(68) Skipped phase 1 of Reference Processing: no references
[29.749s][debug][gc,ref         ] GC(68) ReferenceProcessor::execute queues: 1, RefProcThreadModel::Single, marks_oops_alive: false
[29.749s][debug][gc,ref         ] GC(68) Skipped phase 3 of Reference Processing: no references
[29.749s][debug][gc,ref         ] GC(68) Skipped phase 4 of Reference Processing: no references
[29.749s][debug][gc,phases      ] GC(68) Reference Processing 0.123ms
[29.749s][debug][gc,phases      ] GC(68)   VM Weak                        Min:  0.0, Avg:  0.0, Max:  0.0, Diff:  0.0, Sum:  0.0, Workers: 4
[29.749s][debug][gc,phases      ] GC(68)     Dead                           Min: 0, Avg:  0.0, Max: 0, Diff: 0, Sum: 0, Workers: 4
[29.749s][debug][gc,phases      ] GC(68)     Total                          Min: 0, Avg: 147.8, Max: 399, Diff: 399, Sum: 591, Workers: 4
[29.749s][debug][gc,phases      ] GC(68)   ObjectSynchronizer Weak        Min:  0.0, Avg:  0.0, Max:  0.0, Diff:  0.0, Sum:  0.0, Workers: 4
[29.749s][debug][gc,phases      ] GC(68)     Dead                           Min: 0, Avg:  0.0, Max: 0, Diff: 0, Sum: 0, Workers: 4
[29.749s][debug][gc,phases      ] GC(68)     Total                          Min: 0, Avg: 107.2, Max: 173, Diff: 173, Sum: 429, Workers: 4
[29.749s][debug][gc,phases      ] GC(68)   JVMTI Tag Weak OopStorage      Min:  0.0, Avg:  0.0, Max:  0.0, Diff:  0.0, Sum:  0.0, Workers: 4
[29.749s][debug][gc,phases      ] GC(68)     Dead                           Min: 0, Avg:  0.0, Max: 0, Diff: 0, Sum: 0, Workers: 4
[29.749s][debug][gc,phases      ] GC(68)     Total                          Min: 0, Avg:  0.0, Max: 0, Diff: 0, Sum: 0, Workers: 4
[29.749s][debug][gc,phases      ] GC(68)   StringTable Weak               Min:  0.1, Avg:  0.1, Max:  0.1, Diff:  0.0, Sum:  0.4, Workers: 4
[29.749s][debug][gc,phases      ] GC(68)     Dead                           Min: 0, Avg:  0.0, Max: 0, Diff: 0, Sum: 0, Workers: 4
[29.749s][debug][gc,phases      ] GC(68)     Total                          Min: 10048, Avg: 10729.0, Max: 11328, Diff: 1280, Sum: 42916, Workers: 4
[29.749s][debug][gc,phases      ] GC(68)   ResolvedMethodTable Weak       Min:  0.0, Avg:  0.0, Max:  0.0, Diff:  0.0, Sum:  0.1, Workers: 4
[29.749s][debug][gc,phases      ] GC(68)     Dead                           Min: 0, Avg:  0.0, Max: 0, Diff: 0, Sum: 0, Workers: 4
[29.749s][debug][gc,phases      ] GC(68)     Total                          Min: 1654, Avg: 1789.5, Max: 1920, Diff: 266, Sum: 7158, Workers: 4
[29.749s][debug][gc,phases      ] GC(68)   JNI Weak                       Min:  0.0, Avg:  0.0, Max:  0.0, Diff:  0.0, Sum:  0.0, Workers: 4
[29.749s][debug][gc,phases      ] GC(68)     Dead                           Min: 0, Avg:  0.0, Max: 0, Diff: 0, Sum: 0, Workers: 4
[29.749s][debug][gc,phases      ] GC(68)     Total                          Min: 0, Avg:  0.5, Max: 2, Diff: 2, Sum: 2, Workers: 4
[29.749s][debug][gc,phases      ] GC(68)   StringDedup Table Weak         Min:  0.0, Avg:  0.0, Max:  0.0, Diff:  0.0, Sum:  0.0, Workers: 4
[29.749s][debug][gc,phases      ] GC(68)     Dead                           Min: 0, Avg:  0.0, Max: 0, Diff: 0, Sum: 0, Workers: 4
[29.749s][debug][gc,phases      ] GC(68)     Total                          Min: 0, Avg:  0.0, Max: 0, Diff: 0, Sum: 0, Workers: 4
[29.749s][debug][gc,phases      ] GC(68)   StringDedup Requests0 Weak     Min:  0.0, Avg:  0.0, Max:  0.0, Diff:  0.0, Sum:  0.0, Workers: 4
[29.749s][debug][gc,phases      ] GC(68)     Dead                           Min: 0, Avg:  0.0, Max: 0, Diff: 0, Sum: 0, Workers: 4
[29.749s][debug][gc,phases      ] GC(68)     Total                          Min: 0, Avg:  0.0, Max: 0, Diff: 0, Sum: 0, Workers: 4
[29.749s][debug][gc,phases      ] GC(68)   StringDedup Requests1 Weak     Min:  0.0, Avg:  0.0, Max:  0.0, Diff:  0.0, Sum:  0.0, Workers: 4
[29.749s][debug][gc,phases      ] GC(68)     Dead                           Min: 0, Avg:  0.0, Max: 0, Diff: 0, Sum: 0, Workers: 4
[29.749s][debug][gc,phases      ] GC(68)     Total                          Min: 0, Avg:  0.0, Max: 0, Diff: 0, Sum: 0, Workers: 4
[29.749s][debug][gc,phases      ] GC(68)   Weak JFR Old Object Samples    Min:  0.0, Avg:  0.0, Max:  0.0, Diff:  0.0, Sum:  0.0, Workers: 4
[29.749s][debug][gc,phases      ] GC(68)     Dead                           Min: 0, Avg:  0.0, Max: 0, Diff: 0, Sum: 0, Workers: 4
[29.749s][debug][gc,phases      ] GC(68)     Total                          Min: 0, Avg:  0.0, Max: 0, Diff: 0, Sum: 0, Workers: 4
[29.749s][debug][gc,phases      ] GC(68) Weak Processing 0.297ms
[29.749s][debug][gc,age         ] GC(68) Desired survivor size 177209344 bytes, new threshold 15 (max threshold 15)
[29.749s][info ][gc,heap        ] GC(68) PSYoungGen: 1784936K(1914368K)->73649K(1902592K) Eden: 1719808K(1719808K)->0K(1719808K) From: 65128K(194560K)->73649K(182784K)
[29.749s][info ][gc,heap        ] GC(68) ParOldGen: 528422K(615424K)->529610K(615424K)
[29.749s][info ][gc,metaspace   ] GC(68) Metaspace: 68566K(69312K)->68566K(69312K) NonClass: 58583K(59008K)->58583K(59008K) Class: 9983K(10304K)->9983K(10304K)
[29.749s][info ][gc             ] GC(68) Pause Young (Allocation Failure) 2259M->589M(2459M) 30.265ms
[29.750s][info ][gc,cpu         ] GC(68) User=0.12s Sys=0.00s Real=0.03s
[29.750s][info ][safepoint      ] Safepoint "ParallelGCFailedAllocation", Time since last: 355969866 ns, Reaching safepoint: 82702 ns, At safepoint: 30374814 ns, Total: 30457516 ns
[30.075s][info ][gc,start       ] GC(69) Pause Young (Allocation Failure)
[30.112s][debug][gc,phases      ] GC(69) Scavenge 37.282ms
[30.113s][debug][gc,ref         ] GC(69) Skipped phase 1 of Reference Processing: no references
[30.113s][debug][gc,ref         ] GC(69) ReferenceProcessor::execute queues: 1, RefProcThreadModel::Single, marks_oops_alive: false
[30.113s][debug][gc,ref         ] GC(69) Skipped phase 3 of Reference Processing: no references
[30.113s][debug][gc,ref         ] GC(69) Skipped phase 4 of Reference Processing: no references
[30.113s][debug][gc,phases      ] GC(69) Reference Processing 0.109ms
[30.113s][debug][gc,phases      ] GC(69)   VM Weak                        Min:  0.0, Avg:  0.0, Max:  0.0, Diff:  0.0, Sum:  0.0, Workers: 4
[30.113s][debug][gc,phases      ] GC(69)     Dead                           Min: 0, Avg:  0.0, Max: 0, Diff: 0, Sum: 0, Workers: 4
[30.113s][debug][gc,phases      ] GC(69)     Total                          Min: 0, Avg: 147.8, Max: 448, Diff: 448, Sum: 591, Workers: 4
[30.113s][debug][gc,phases      ] GC(69)   ObjectSynchronizer Weak        Min:  0.0, Avg:  0.0, Max:  0.0, Diff:  0.0, Sum:  0.0, Workers: 4
[30.113s][debug][gc,phases      ] GC(69)     Dead                           Min: 0, Avg:  0.0, Max: 0, Diff: 0, Sum: 0, Workers: 4
[30.113s][debug][gc,phases      ] GC(69)     Total                          Min: 0, Avg: 107.2, Max: 192, Diff: 192, Sum: 429, Workers: 4
[30.113s][debug][gc,phases      ] GC(69)   JVMTI Tag Weak OopStorage      Min:  0.0, Avg:  0.0, Max:  0.0, Diff:  0.0, Sum:  0.0, Workers: 4
[30.113s][debug][gc,phases      ] GC(69)     Dead                           Min: 0, Avg:  0.0, Max: 0, Diff: 0, Sum: 0, Workers: 4
[30.113s][debug][gc,phases      ] GC(69)     Total                          Min: 0, Avg:  0.0, Max: 0, Diff: 0, Sum: 0, Workers: 4
[30.113s][debug][gc,phases      ] GC(69)   StringTable Weak               Min:  0.1, Avg:  0.1, Max:  0.1, Diff:  0.0, Sum:  0.4, Workers: 4
[30.113s][debug][gc,phases      ] GC(69)     Dead                           Min: 0, Avg:  2.8, Max: 11, Diff: 11, Sum: 11, Workers: 4
[30.113s][debug][gc,phases      ] GC(69)     Total                          Min: 10304, Avg: 10729.2, Max: 11200, Diff: 896, Sum: 42917, Workers: 4
[30.113s][debug][gc,phases      ] GC(69)   ResolvedMethodTable Weak       Min:  0.0, Avg:  0.0, Max:  0.0, Diff:  0.0, Sum:  0.1, Workers: 4
[30.113s][debug][gc,phases      ] GC(69)     Dead                           Min: 0, Avg:  0.0, Max: 0, Diff: 0, Sum: 0, Workers: 4
[30.113s][debug][gc,phases      ] GC(69)     Total                          Min: 1536, Avg: 1789.5, Max: 2176, Diff: 640, Sum: 7158, Workers: 4
[30.113s][debug][gc,phases      ] GC(69)   JNI Weak                       Min:  0.0, Avg:  0.0, Max:  0.0, Diff:  0.0, Sum:  0.0, Workers: 4
[30.113s][debug][gc,phases      ] GC(69)     Dead                           Min: 0, Avg:  0.0, Max: 0, Diff: 0, Sum: 0, Workers: 4
[30.113s][debug][gc,phases      ] GC(69)     Total                          Min: 0, Avg:  0.5, Max: 2, Diff: 2, Sum: 2, Workers: 4
[30.113s][debug][gc,phases      ] GC(69)   StringDedup Table Weak         Min:  0.0, Avg:  0.0, Max:  0.0, Diff:  0.0, Sum:  0.0, Workers: 4
[30.113s][debug][gc,phases      ] GC(69)     Dead                           Min: 0, Avg:  0.0, Max: 0, Diff: 0, Sum: 0, Workers: 4
[30.113s][debug][gc,phases      ] GC(69)     Total                          Min: 0, Avg:  0.0, Max: 0, Diff: 0, Sum: 0, Workers: 4
[30.113s][debug][gc,phases      ] GC(69)   StringDedup Requests0 Weak     Min:  0.0, Avg:  0.0, Max:  0.0, Diff:  0.0, Sum:  0.0, Workers: 4
[30.113s][debug][gc,phases      ] GC(69)     Dead                           Min: 0, Avg:  0.0, Max: 0, Diff: 0, Sum: 0, Workers: 4
[30.113s][debug][gc,phases      ] GC(69)     Total                          Min: 0, Avg:  0.0, Max: 0, Diff: 0, Sum: 0, Workers: 4
[30.113s][debug][gc,phases      ] GC(69)   StringDedup Requests1 Weak     Min:  0.0, Avg:  0.0, Max:  0.0, Diff:  0.0, Sum:  0.0, Workers: 4
[30.113s][debug][gc,phases      ] GC(69)     Dead                           Min: 0, Avg:  0.0, Max: 0, Diff: 0, Sum: 0, Workers: 4
[30.113s][debug][gc,phases      ] GC(69)     Total                          Min: 0, Avg:  0.0, Max: 0, Diff: 0, Sum: 0, Workers: 4
[30.113s][debug][gc,phases      ] GC(69)   Weak JFR Old Object Samples    Min:  0.0, Avg:  0.0, Max:  0.0, Diff:  0.0, Sum:  0.0, Workers: 4
[30.113s][debug][gc,phases      ] GC(69)     Dead                           Min: 0, Avg:  0.0, Max: 0, Diff: 0, Sum: 0, Workers: 4
[30.113s][debug][gc,phases      ] GC(69)     Total                          Min: 0, Avg:  0.0, Max: 0, Diff: 0, Sum: 0, Workers: 4
[30.113s][debug][gc,phases      ] GC(69) Weak Processing 0.294ms
[30.113s][debug][gc,age         ] GC(69) Desired survivor size 168296448 bytes, new threshold 15 (max threshold 15)
[30.113s][info ][gc,heap        ] GC(69) PSYoungGen: 1793457K(1902592K)->73841K(1932800K) Eden: 1719808K(1719808K)->0K(1759744K) From: 73649K(182784K)->73841K(173056K)
[30.113s][info ][gc,heap        ] GC(69) ParOldGen: 529610K(615424K)->534690K(615424K)
[30.113s][info ][gc,metaspace   ] GC(69) Metaspace: 68573K(69312K)->68573K(69312K) NonClass: 58590K(59008K)->58590K(59008K) Class: 9983K(10304K)->9983K(10304K)
[30.113s][info ][gc             ] GC(69) Pause Young (Allocation Failure) 2268M->594M(2488M) 37.838ms
[30.113s][info ][gc,cpu         ] GC(69) User=0.14s Sys=0.00s Real=0.04s
[30.113s][info ][safepoint      ] Safepoint "ParallelGCFailedAllocation", Time since last: 325409845 ns, Reaching safepoint: 132803 ns, At safepoint: 37942991 ns, Total: 38075794 ns
[30.427s][info ][gc,start       ] GC(70) Pause Young (Allocation Failure)
[30.468s][debug][gc,phases      ] GC(70) Scavenge 40.776ms
[30.468s][debug][gc,ref         ] GC(70) Skipped phase 1 of Reference Processing: no references
[30.468s][debug][gc,ref         ] GC(70) ReferenceProcessor::execute queues: 1, RefProcThreadModel::Single, marks_oops_alive: false
[30.468s][debug][gc,ref         ] GC(70) Skipped phase 3 of Reference Processing: no references
[30.468s][debug][gc,ref         ] GC(70) Skipped phase 4 of Reference Processing: no references
[30.468s][debug][gc,phases      ] GC(70) Reference Processing 0.096ms
[30.468s][debug][gc,phases      ] GC(70)   VM Weak                        Min:  0.0, Avg:  0.0, Max:  0.0, Diff:  0.0, Sum:  0.0, Workers: 4
[30.468s][debug][gc,phases      ] GC(70)     Dead                           Min: 0, Avg:  0.0, Max: 0, Diff: 0, Sum: 0, Workers: 4
[30.468s][debug][gc,phases      ] GC(70)     Total                          Min: 0, Avg: 147.8, Max: 591, Diff: 591, Sum: 591, Workers: 4
[30.468s][debug][gc,phases      ] GC(70)   ObjectSynchronizer Weak        Min:  0.0, Avg:  0.0, Max:  0.0, Diff:  0.0, Sum:  0.0, Workers: 4
[30.468s][debug][gc,phases      ] GC(70)     Dead                           Min: 0, Avg:  0.0, Max: 0, Diff: 0, Sum: 0, Workers: 4
[30.468s][debug][gc,phases      ] GC(70)     Total                          Min: 0, Avg: 107.2, Max: 429, Diff: 429, Sum: 429, Workers: 4
[30.468s][debug][gc,phases      ] GC(70)   JVMTI Tag Weak OopStorage      Min:  0.0, Avg:  0.0, Max:  0.0, Diff:  0.0, Sum:  0.0, Workers: 4
[30.468s][debug][gc,phases      ] GC(70)     Dead                           Min: 0, Avg:  0.0, Max: 0, Diff: 0, Sum: 0, Workers: 4
[30.468s][debug][gc,phases      ] GC(70)     Total                          Min: 0, Avg:  0.0, Max: 0, Diff: 0, Sum: 0, Workers: 4
[30.468s][debug][gc,phases      ] GC(70)   StringTable Weak               Min:  0.1, Avg:  0.1, Max:  0.1, Diff:  0.0, Sum:  0.4, Workers: 4
[30.468s][debug][gc,phases      ] GC(70)     Dead                           Min: 0, Avg:  2.8, Max: 11, Diff: 11, Sum: 11, Workers: 4
[30.468s][debug][gc,phases      ] GC(70)     Total                          Min: 9344, Avg: 10730.0, Max: 13184, Diff: 3840, Sum: 42920, Workers: 4
[30.468s][debug][gc,phases      ] GC(70)   ResolvedMethodTable Weak       Min:  0.0, Avg:  0.0, Max:  0.0, Diff:  0.0, Sum:  0.1, Workers: 4
[30.468s][debug][gc,phases      ] GC(70)     Dead                           Min: 0, Avg:  0.0, Max: 0, Diff: 0, Sum: 0, Workers: 4
[30.468s][debug][gc,phases      ] GC(70)     Total                          Min: 1536, Avg: 1789.5, Max: 2102, Diff: 566, Sum: 7158, Workers: 4
[30.468s][debug][gc,phases      ] GC(70)   JNI Weak                       Min:  0.0, Avg:  0.0, Max:  0.0, Diff:  0.0, Sum:  0.0, Workers: 4
[30.468s][debug][gc,phases      ] GC(70)     Dead                           Min: 0, Avg:  0.0, Max: 0, Diff: 0, Sum: 0, Workers: 4
[30.468s][debug][gc,phases      ] GC(70)     Total                          Min: 0, Avg:  0.0, Max: 0, Diff: 0, Sum: 0, Workers: 4
[30.468s][debug][gc,phases      ] GC(70)   StringDedup Table Weak         Min:  0.0, Avg:  0.0, Max:  0.0, Diff:  0.0, Sum:  0.0, Workers: 4
[30.468s][debug][gc,phases      ] GC(70)     Dead                           Min: 0, Avg:  0.0, Max: 0, Diff: 0, Sum: 0, Workers: 4
[30.468s][debug][gc,phases      ] GC(70)     Total                          Min: 0, Avg:  0.0, Max: 0, Diff: 0, Sum: 0, Workers: 4
[30.468s][debug][gc,phases      ] GC(70)   StringDedup Requests0 Weak     Min:  0.0, Avg:  0.0, Max:  0.0, Diff:  0.0, Sum:  0.0, Workers: 4
[30.468s][debug][gc,phases      ] GC(70)     Dead                           Min: 0, Avg:  0.0, Max: 0, Diff: 0, Sum: 0, Workers: 4
[30.468s][debug][gc,phases      ] GC(70)     Total                          Min: 0, Avg:  0.0, Max: 0, Diff: 0, Sum: 0, Workers: 4
[30.468s][debug][gc,phases      ] GC(70)   StringDedup Requests1 Weak     Min:  0.0, Avg:  0.0, Max:  0.0, Diff:  0.0, Sum:  0.0, Workers: 4
[30.468s][debug][gc,phases      ] GC(70)     Dead                           Min: 0, Avg:  0.0, Max: 0, Diff: 0, Sum: 0, Workers: 4
[30.468s][debug][gc,phases      ] GC(70)     Total                          Min: 0, Avg:  0.0, Max: 0, Diff: 0, Sum: 0, Workers: 4
[30.468s][debug][gc,phases      ] GC(70)   Weak JFR Old Object Samples    Min:  0.0, Avg:  0.0, Max:  0.0, Diff:  0.0, Sum:  0.0, Workers: 4
[30.468s][debug][gc,phases      ] GC(70)     Dead                           Min: 0, Avg:  0.0, Max: 0, Diff: 0, Sum: 0, Workers: 4
[30.468s][debug][gc,phases      ] GC(70)     Total                          Min: 0, Avg:  0.0, Max: 0, Diff: 0, Sum: 0, Workers: 4
[30.468s][debug][gc,phases      ] GC(70) Weak Processing 0.301ms
[30.468s][debug][gc,age         ] GC(70) Desired survivor size 161480704 bytes, new threshold 15 (max threshold 15)
[30.468s][info ][gc,heap        ] GC(70) PSYoungGen: 1833585K(1932800K)->77041K(1924096K) Eden: 1759744K(1759744K)->0K(1759744K) From: 73841K(173056K)->77041K(164352K)
[30.468s][info ][gc,heap        ] GC(70) ParOldGen: 534690K(615424K)->539794K(615424K)
[30.468s][info ][gc,metaspace   ] GC(70) Metaspace: 68648K(69376K)->68648K(69376K) NonClass: 58657K(59072K)->58657K(59072K) Class: 9990K(10304K)->9990K(10304K)
[30.468s][info ][gc             ] GC(70) Pause Young (Allocation Failure) 2312M->602M(2480M) 41.303ms
[30.468s][info ][gc,cpu         ] GC(70) User=0.15s Sys=0.00s Real=0.04s
[30.468s][info ][safepoint      ] Safepoint "ParallelGCFailedAllocation", Time since last: 313791772 ns, Reaching safepoint: 162204 ns, At safepoint: 41410373 ns, Total: 41572577 ns
[30.826s][info ][gc,start       ] GC(71) Pause Young (Allocation Failure)
[30.865s][debug][gc,phases      ] GC(71) Scavenge 38.932ms
[30.865s][debug][gc,ref         ] GC(71) Skipped phase 1 of Reference Processing: no references
[30.865s][debug][gc,ref         ] GC(71) ReferenceProcessor::execute queues: 1, RefProcThreadModel::Single, marks_oops_alive: false
[30.865s][debug][gc,ref         ] GC(71) Skipped phase 3 of Reference Processing: no references
[30.865s][debug][gc,ref         ] GC(71) Skipped phase 4 of Reference Processing: no references
[30.865s][debug][gc,phases      ] GC(71) Reference Processing 0.104ms
[30.865s][debug][gc,phases      ] GC(71)   VM Weak                        Min:  0.0, Avg:  0.0, Max:  0.0, Diff:  0.0, Sum:  0.0, Workers: 4
[30.865s][debug][gc,phases      ] GC(71)     Dead                           Min: 0, Avg:  0.0, Max: 0, Diff: 0, Sum: 0, Workers: 4
[30.865s][debug][gc,phases      ] GC(71)     Total                          Min: 0, Avg: 147.8, Max: 384, Diff: 384, Sum: 591, Workers: 4
[30.865s][debug][gc,phases      ] GC(71)   ObjectSynchronizer Weak        Min:  0.0, Avg:  0.0, Max:  0.0, Diff:  0.0, Sum:  0.0, Workers: 4
[30.865s][debug][gc,phases      ] GC(71)     Dead                           Min: 0, Avg:  0.0, Max: 0, Diff: 0, Sum: 0, Workers: 4
[30.865s][debug][gc,phases      ] GC(71)     Total                          Min: 0, Avg: 107.2, Max: 237, Diff: 237, Sum: 429, Workers: 4
[30.865s][debug][gc,phases      ] GC(71)   JVMTI Tag Weak OopStorage      Min:  0.0, Avg:  0.0, Max:  0.0, Diff:  0.0, Sum:  0.0, Workers: 4
[30.865s][debug][gc,phases      ] GC(71)     Dead                           Min: 0, Avg:  0.0, Max: 0, Diff: 0, Sum: 0, Workers: 4
[30.865s][debug][gc,phases      ] GC(71)     Total                          Min: 0, Avg:  0.0, Max: 0, Diff: 0, Sum: 0, Workers: 4
[30.865s][debug][gc,phases      ] GC(71)   StringTable Weak               Min:  0.1, Avg:  0.1, Max:  0.1, Diff:  0.0, Sum:  0.4, Workers: 4
[30.865s][debug][gc,phases      ] GC(71)     Dead                           Min: 0, Avg:  2.8, Max: 11, Diff: 11, Sum: 11, Workers: 4
[30.865s][debug][gc,phases      ] GC(71)     Total                          Min: 9728, Avg: 10730.0, Max: 11776, Diff: 2048, Sum: 42920, Workers: 4
[30.865s][debug][gc,phases      ] GC(71)   ResolvedMethodTable Weak       Min:  0.0, Avg:  0.0, Max:  0.0, Diff:  0.0, Sum:  0.1, Workers: 4
[30.865s][debug][gc,phases      ] GC(71)     Dead                           Min: 0, Avg:  0.0, Max: 0, Diff: 0, Sum: 0, Workers: 4
[30.865s][debug][gc,phases      ] GC(71)     Total                          Min: 1536, Avg: 1789.5, Max: 1920, Diff: 384, Sum: 7158, Workers: 4
[30.865s][debug][gc,phases      ] GC(71)   JNI Weak                       Min:  0.0, Avg:  0.0, Max:  0.0, Diff:  0.0, Sum:  0.0, Workers: 4
[30.865s][debug][gc,phases      ] GC(71)     Dead                           Min: 0, Avg:  0.0, Max: 0, Diff: 0, Sum: 0, Workers: 4
[30.865s][debug][gc,phases      ] GC(71)     Total                          Min: 0, Avg:  0.0, Max: 0, Diff: 0, Sum: 0, Workers: 4
[30.865s][debug][gc,phases      ] GC(71)   StringDedup Table Weak         Min:  0.0, Avg:  0.0, Max:  0.0, Diff:  0.0, Sum:  0.0, Workers: 4
[30.865s][debug][gc,phases      ] GC(71)     Dead                           Min: 0, Avg:  0.0, Max: 0, Diff: 0, Sum: 0, Workers: 4
[30.865s][debug][gc,phases      ] GC(71)     Total                          Min: 0, Avg:  0.0, Max: 0, Diff: 0, Sum: 0, Workers: 4
[30.865s][debug][gc,phases      ] GC(71)   StringDedup Requests0 Weak     Min:  0.0, Avg:  0.0, Max:  0.0, Diff:  0.0, Sum:  0.0, Workers: 4
[30.865s][debug][gc,phases      ] GC(71)     Dead                           Min: 0, Avg:  0.0, Max: 0, Diff: 0, Sum: 0, Workers: 4
[30.865s][debug][gc,phases      ] GC(71)     Total                          Min: 0, Avg:  0.0, Max: 0, Diff: 0, Sum: 0, Workers: 4
[30.865s][debug][gc,phases      ] GC(71)   StringDedup Requests1 Weak     Min:  0.0, Avg:  0.0, Max:  0.0, Diff:  0.0, Sum:  0.0, Workers: 4
[30.865s][debug][gc,phases      ] GC(71)     Dead                           Min: 0, Avg:  0.0, Max: 0, Diff: 0, Sum: 0, Workers: 4
[30.865s][debug][gc,phases      ] GC(71)     Total                          Min: 0, Avg:  0.0, Max: 0, Diff: 0, Sum: 0, Workers: 4
[30.865s][debug][gc,phases      ] GC(71)   Weak JFR Old Object Samples    Min:  0.0, Avg:  0.0, Max:  0.0, Diff:  0.0, Sum:  0.0, Workers: 4
[30.865s][debug][gc,phases      ] GC(71)     Dead                           Min: 0, Avg:  0.0, Max: 0, Diff: 0, Sum: 0, Workers: 4
[30.865s][debug][gc,phases      ] GC(71)     Total                          Min: 0, Avg:  0.0, Max: 0, Diff: 0, Sum: 0, Workers: 4
[30.865s][debug][gc,phases      ] GC(71) Weak Processing 0.292ms
[30.865s][debug][gc,age         ] GC(71) Desired survivor size 152567808 bytes, new threshold 15 (max threshold 15)
[30.865s][info ][gc,heap        ] GC(71) PSYoungGen: 1836785K(1924096K)->71521K(1948160K) Eden: 1759744K(1759744K)->0K(1790464K) From: 77041K(164352K)->71521K(157696K)
[30.865s][info ][gc,heap        ] GC(71) ParOldGen: 539794K(615424K)->548498K(615424K)
[30.865s][info ][gc,metaspace   ] GC(71) Metaspace: 68652K(69376K)->68652K(69376K) NonClass: 58661K(59072K)->58661K(59072K) Class: 9990K(10304K)->9990K(10304K)
[30.865s][info ][gc             ] GC(71) Pause Young (Allocation Failure) 2320M->605M(2503M) 39.467ms
[30.865s][info ][gc,cpu         ] GC(71) User=0.14s Sys=0.00s Real=0.04s
[30.865s][info ][safepoint      ] Safepoint "ParallelGCFailedAllocation", Time since last: 353064393 ns, Reaching safepoint: 4288901 ns, At safepoint: 39576129 ns, Total: 43865030 ns
[31.213s][info ][gc,start       ] GC(72) Pause Young (Allocation Failure)
[31.251s][debug][gc,phases      ] GC(72) Scavenge 37.807ms
[31.251s][debug][gc,ref         ] GC(72) Skipped phase 1 of Reference Processing: no references
[31.251s][debug][gc,ref         ] GC(72) ReferenceProcessor::execute queues: 1, RefProcThreadModel::Single, marks_oops_alive: false
[31.251s][debug][gc,ref         ] GC(72) Skipped phase 3 of Reference Processing: no references
[31.251s][debug][gc,ref         ] GC(72) ReferenceProcessor::execute queues: 1, RefProcThreadModel::Single, marks_oops_alive: false
[31.251s][debug][gc,phases      ] GC(72) Reference Processing 0.109ms
[31.251s][debug][gc,phases      ] GC(72)   VM Weak                        Min:  0.0, Avg:  0.0, Max:  0.0, Diff:  0.0, Sum:  0.0, Workers: 4
[31.251s][debug][gc,phases      ] GC(72)     Dead                           Min: 0, Avg:  0.0, Max: 0, Diff: 0, Sum: 0, Workers: 4
[31.251s][debug][gc,phases      ] GC(72)     Total                          Min: 0, Avg: 147.8, Max: 591, Diff: 591, Sum: 591, Workers: 4
[31.251s][debug][gc,phases      ] GC(72)   ObjectSynchronizer Weak        Min:  0.0, Avg:  0.0, Max:  0.0, Diff:  0.0, Sum:  0.0, Workers: 4
[31.251s][debug][gc,phases      ] GC(72)     Dead                           Min: 0, Avg:  0.0, Max: 0, Diff: 0, Sum: 0, Workers: 4
[31.251s][debug][gc,phases      ] GC(72)     Total                          Min: 0, Avg: 107.2, Max: 256, Diff: 256, Sum: 429, Workers: 4
[31.251s][debug][gc,phases      ] GC(72)   JVMTI Tag Weak OopStorage      Min:  0.0, Avg:  0.0, Max:  0.0, Diff:  0.0, Sum:  0.0, Workers: 4
[31.251s][debug][gc,phases      ] GC(72)     Dead                           Min: 0, Avg:  0.0, Max: 0, Diff: 0, Sum: 0, Workers: 4
[31.251s][debug][gc,phases      ] GC(72)     Total                          Min: 0, Avg:  0.0, Max: 0, Diff: 0, Sum: 0, Workers: 4
[31.251s][debug][gc,phases      ] GC(72)   StringTable Weak               Min:  0.1, Avg:  0.1, Max:  0.1, Diff:  0.0, Sum:  0.4, Workers: 4
[31.251s][debug][gc,phases      ] GC(72)     Dead                           Min: 0, Avg:  0.0, Max: 0, Diff: 0, Sum: 0, Workers: 4
[31.251s][debug][gc,phases      ] GC(72)     Total                          Min: 9664, Avg: 10732.2, Max: 11633, Diff: 1969, Sum: 42929, Workers: 4
[31.251s][debug][gc,phases      ] GC(72)   ResolvedMethodTable Weak       Min:  0.0, Avg:  0.0, Max:  0.0, Diff:  0.0, Sum:  0.1, Workers: 4
[31.251s][debug][gc,phases      ] GC(72)     Dead                           Min: 0, Avg:  0.0, Max: 0, Diff: 0, Sum: 0, Workers: 4
[31.251s][debug][gc,phases      ] GC(72)     Total                          Min: 1536, Avg: 1789.5, Max: 1920, Diff: 384, Sum: 7158, Workers: 4
[31.251s][debug][gc,phases      ] GC(72)   JNI Weak                       Min:  0.0, Avg:  0.0, Max:  0.0, Diff:  0.0, Sum:  0.0, Workers: 4
[31.251s][debug][gc,phases      ] GC(72)     Dead                           Min: 0, Avg:  0.0, Max: 0, Diff: 0, Sum: 0, Workers: 4
[31.251s][debug][gc,phases      ] GC(72)     Total                          Min: 0, Avg:  0.0, Max: 0, Diff: 0, Sum: 0, Workers: 4
[31.251s][debug][gc,phases      ] GC(72)   StringDedup Table Weak         Min:  0.0, Avg:  0.0, Max:  0.0, Diff:  0.0, Sum:  0.0, Workers: 4
[31.251s][debug][gc,phases      ] GC(72)     Dead                           Min: 0, Avg:  0.0, Max: 0, Diff: 0, Sum: 0, Workers: 4
[31.251s][debug][gc,phases      ] GC(72)     Total                          Min: 0, Avg:  0.0, Max: 0, Diff: 0, Sum: 0, Workers: 4
[31.251s][debug][gc,phases      ] GC(72)   StringDedup Requests0 Weak     Min:  0.0, Avg:  0.0, Max:  0.0, Diff:  0.0, Sum:  0.0, Workers: 4
[31.251s][debug][gc,phases      ] GC(72)     Dead                           Min: 0, Avg:  0.0, Max: 0, Diff: 0, Sum: 0, Workers: 4
[31.251s][debug][gc,phases      ] GC(72)     Total                          Min: 0, Avg:  0.0, Max: 0, Diff: 0, Sum: 0, Workers: 4
[31.251s][debug][gc,phases      ] GC(72)   StringDedup Requests1 Weak     Min:  0.0, Avg:  0.0, Max:  0.0, Diff:  0.0, Sum:  0.0, Workers: 4
[31.251s][debug][gc,phases      ] GC(72)     Dead                           Min: 0, Avg:  0.0, Max: 0, Diff: 0, Sum: 0, Workers: 4
[31.251s][debug][gc,phases      ] GC(72)     Total                          Min: 0, Avg:  0.0, Max: 0, Diff: 0, Sum: 0, Workers: 4
[31.251s][debug][gc,phases      ] GC(72)   Weak JFR Old Object Samples    Min:  0.0, Avg:  0.0, Max:  0.0, Diff:  0.0, Sum:  0.0, Workers: 4
[31.251s][debug][gc,phases      ] GC(72)     Dead                           Min: 0, Avg:  0.0, Max: 0, Diff: 0, Sum: 0, Workers: 4
[31.251s][debug][gc,phases      ] GC(72)     Total                          Min: 0, Avg:  0.0, Max: 0, Diff: 0, Sum: 0, Workers: 4
[31.251s][debug][gc,phases      ] GC(72) Weak Processing 0.299ms
[31.251s][debug][gc,age         ] GC(72) Desired survivor size 145227776 bytes, new threshold 15 (max threshold 15)
[31.251s][info ][gc,heap        ] GC(72) PSYoungGen: 1861985K(1948160K)->67960K(1939456K) Eden: 1790464K(1790464K)->0K(1790464K) From: 71521K(157696K)->67960K(148992K)
[31.251s][info ][gc,heap        ] GC(72) ParOldGen: 548498K(615424K)->555610K(615424K)
[31.251s][info ][gc,metaspace   ] GC(72) Metaspace: 68658K(69376K)->68658K(69376K) NonClass: 58667K(59072K)->58667K(59072K) Class: 9990K(10304K)->9990K(10304K)
[31.251s][info ][gc             ] GC(72) Pause Young (Allocation Failure) 2353M->608M(2495M) 38.340ms
[31.251s][info ][gc,cpu         ] GC(72) User=0.13s Sys=0.00s Real=0.04s
[31.252s][info ][safepoint      ] Safepoint "ParallelGCFailedAllocation", Time since last: 347560962 ns, Reaching safepoint: 200304 ns, At safepoint: 38454403 ns, Total: 38654707 ns
[31.639s][info ][gc,start       ] GC(73) Pause Young (Allocation Failure)
[31.677s][debug][gc,phases      ] GC(73) Scavenge 37.927ms
[31.677s][debug][gc,ref         ] GC(73) Skipped phase 1 of Reference Processing: no references
[31.677s][debug][gc,ref         ] GC(73) ReferenceProcessor::execute queues: 1, RefProcThreadModel::Single, marks_oops_alive: false
[31.677s][debug][gc,ref         ] GC(73) Skipped phase 3 of Reference Processing: no references
[31.677s][debug][gc,ref         ] GC(73) Skipped phase 4 of Reference Processing: no references
[31.677s][debug][gc,phases      ] GC(73) Reference Processing 0.127ms
[31.677s][debug][gc,phases      ] GC(73)   VM Weak                        Min:  0.0, Avg:  0.0, Max:  0.0, Diff:  0.0, Sum:  0.0, Workers: 4
[31.677s][debug][gc,phases      ] GC(73)     Dead                           Min: 0, Avg:  0.0, Max: 0, Diff: 0, Sum: 0, Workers: 4
[31.677s][debug][gc,phases      ] GC(73)     Total                          Min: 0, Avg: 147.8, Max: 591, Diff: 591, Sum: 591, Workers: 4
[31.677s][debug][gc,phases      ] GC(73)   ObjectSynchronizer Weak        Min:  0.0, Avg:  0.0, Max:  0.0, Diff:  0.0, Sum:  0.0, Workers: 4
[31.677s][debug][gc,phases      ] GC(73)     Dead                           Min: 0, Avg:  0.0, Max: 0, Diff: 0, Sum: 0, Workers: 4
[31.677s][debug][gc,phases      ] GC(73)     Total                          Min: 0, Avg: 107.2, Max: 237, Diff: 237, Sum: 429, Workers: 4
[31.677s][debug][gc,phases      ] GC(73)   JVMTI Tag Weak OopStorage      Min:  0.0, Avg:  0.0, Max:  0.0, Diff:  0.0, Sum:  0.0, Workers: 4
[31.677s][debug][gc,phases      ] GC(73)     Dead                           Min: 0, Avg:  0.0, Max: 0, Diff: 0, Sum: 0, Workers: 4
[31.677s][debug][gc,phases      ] GC(73)     Total                          Min: 0, Avg:  0.0, Max: 0, Diff: 0, Sum: 0, Workers: 4
[31.678s][debug][gc,phases      ] GC(73)   StringTable Weak               Min:  0.1, Avg:  0.1, Max:  0.1, Diff:  0.0, Sum:  0.4, Workers: 4
[31.678s][debug][gc,phases      ] GC(73)     Dead                           Min: 0, Avg:  2.8, Max: 11, Diff: 11, Sum: 11, Workers: 4
[31.678s][debug][gc,phases      ] GC(73)     Total                          Min: 10048, Avg: 10732.2, Max: 11377, Diff: 1329, Sum: 42929, Workers: 4
[31.678s][debug][gc,phases      ] GC(73)   ResolvedMethodTable Weak       Min:  0.0, Avg:  0.0, Max:  0.0, Diff:  0.0, Sum:  0.1, Workers: 4
[31.678s][debug][gc,phases      ] GC(73)     Dead                           Min: 0, Avg:  0.0, Max: 0, Diff: 0, Sum: 0, Workers: 4
[31.678s][debug][gc,phases      ] GC(73)     Total                          Min: 1654, Avg: 1789.5, Max: 1920, Diff: 266, Sum: 7158, Workers: 4
[31.678s][debug][gc,phases      ] GC(73)   JNI Weak                       Min:  0.0, Avg:  0.0, Max:  0.0, Diff:  0.0, Sum:  0.0, Workers: 4
[31.678s][debug][gc,phases      ] GC(73)     Dead                           Min: 0, Avg:  0.0, Max: 0, Diff: 0, Sum: 0, Workers: 4
[31.678s][debug][gc,phases      ] GC(73)     Total                          Min: 0, Avg:  0.0, Max: 0, Diff: 0, Sum: 0, Workers: 4
[31.678s][debug][gc,phases      ] GC(73)   StringDedup Table Weak         Min:  0.0, Avg:  0.0, Max:  0.0, Diff:  0.0, Sum:  0.0, Workers: 4
[31.678s][debug][gc,phases      ] GC(73)     Dead                           Min: 0, Avg:  0.0, Max: 0, Diff: 0, Sum: 0, Workers: 4
[31.678s][debug][gc,phases      ] GC(73)     Total                          Min: 0, Avg:  0.0, Max: 0, Diff: 0, Sum: 0, Workers: 4
[31.678s][debug][gc,phases      ] GC(73)   StringDedup Requests0 Weak     Min:  0.0, Avg:  0.0, Max:  0.0, Diff:  0.0, Sum:  0.0, Workers: 4
[31.678s][debug][gc,phases      ] GC(73)     Dead                           Min: 0, Avg:  0.0, Max: 0, Diff: 0, Sum: 0, Workers: 4
[31.678s][debug][gc,phases      ] GC(73)     Total                          Min: 0, Avg:  0.0, Max: 0, Diff: 0, Sum: 0, Workers: 4
[31.678s][debug][gc,phases      ] GC(73)   StringDedup Requests1 Weak     Min:  0.0, Avg:  0.0, Max:  0.0, Diff:  0.0, Sum:  0.0, Workers: 4
[31.678s][debug][gc,phases      ] GC(73)     Dead                           Min: 0, Avg:  0.0, Max: 0, Diff: 0, Sum: 0, Workers: 4
[31.678s][debug][gc,phases      ] GC(73)     Total                          Min: 0, Avg:  0.0, Max: 0, Diff: 0, Sum: 0, Workers: 4
[31.678s][debug][gc,phases      ] GC(73)   Weak JFR Old Object Samples    Min:  0.0, Avg:  0.0, Max:  0.0, Diff:  0.0, Sum:  0.0, Workers: 4
[31.678s][debug][gc,phases      ] GC(73)     Dead                           Min: 0, Avg:  0.0, Max: 0, Diff: 0, Sum: 0, Workers: 4
[31.678s][debug][gc,phases      ] GC(73)     Total                          Min: 0, Avg:  0.0, Max: 0, Diff: 0, Sum: 0, Workers: 4
[31.678s][debug][gc,phases      ] GC(73) Weak Processing 0.383ms
[31.678s][debug][gc,age         ] GC(73) Desired survivor size 138936320 bytes, new threshold 15 (max threshold 15)
[31.678s][info ][gc,heap        ] GC(73) PSYoungGen: 1858424K(1939456K)->65240K(1961472K) Eden: 1790464K(1790464K)->0K(1819648K) From: 67960K(148992K)->65240K(141824K)
[31.678s][info ][gc,heap        ] GC(73) ParOldGen: 555610K(615424K)->562978K(615424K)
[31.678s][info ][gc,metaspace   ] GC(73) Metaspace: 68658K(69376K)->68658K(69376K) NonClass: 58668K(59072K)->58668K(59072K) Class: 9990K(10304K)->9990K(10304K)
[31.678s][info ][gc             ] GC(73) Pause Young (Allocation Failure) 2357M->613M(2516M) 38.592ms
[31.678s][info ][gc,cpu         ] GC(73) User=0.12s Sys=0.01s Real=0.04s
[31.678s][info ][safepoint      ] Safepoint "ParallelGCFailedAllocation", Time since last: 387195093 ns, Reaching safepoint: 281706 ns, At safepoint: 38699909 ns, Total: 38981615 ns
[31.964s][info ][safepoint      ] Safepoint "ICBufferFull", Time since last: 286209919 ns, Reaching safepoint: 148003 ns, At safepoint: 29801 ns, Total: 177804 ns
[31.995s][info ][gc,start       ] GC(74) Pause Young (Allocation Failure)
[32.027s][debug][gc,phases      ] GC(74) Scavenge 32.614ms
[32.027s][debug][gc,ref         ] GC(74) Skipped phase 1 of Reference Processing: no references
[32.028s][debug][gc,ref         ] GC(74) ReferenceProcessor::execute queues: 1, RefProcThreadModel::Single, marks_oops_alive: false
[32.028s][debug][gc,ref         ] GC(74) Skipped phase 3 of Reference Processing: no references
[32.028s][debug][gc,ref         ] GC(74) Skipped phase 4 of Reference Processing: no references
[32.028s][debug][gc,phases      ] GC(74) Reference Processing 0.100ms
[32.028s][debug][gc,phases      ] GC(74)   VM Weak                        Min:  0.0, Avg:  0.0, Max:  0.0, Diff:  0.0, Sum:  0.0, Workers: 4
[32.028s][debug][gc,phases      ] GC(74)     Dead                           Min: 0, Avg:  0.0, Max: 0, Diff: 0, Sum: 0, Workers: 4
[32.028s][debug][gc,phases      ] GC(74)     Total                          Min: 0, Avg: 147.8, Max: 320, Diff: 320, Sum: 591, Workers: 4
[32.028s][debug][gc,phases      ] GC(74)   ObjectSynchronizer Weak        Min:  0.0, Avg:  0.0, Max:  0.0, Diff:  0.0, Sum:  0.0, Workers: 4
[32.028s][debug][gc,phases      ] GC(74)     Dead                           Min: 0, Avg:  0.0, Max: 0, Diff: 0, Sum: 0, Workers: 4
[32.028s][debug][gc,phases      ] GC(74)     Total                          Min: 0, Avg: 107.2, Max: 173, Diff: 173, Sum: 429, Workers: 4
[32.028s][debug][gc,phases      ] GC(74)   JVMTI Tag Weak OopStorage      Min:  0.0, Avg:  0.0, Max:  0.0, Diff:  0.0, Sum:  0.0, Workers: 4
[32.028s][debug][gc,phases      ] GC(74)     Dead                           Min: 0, Avg:  0.0, Max: 0, Diff: 0, Sum: 0, Workers: 4
[32.028s][debug][gc,phases      ] GC(74)     Total                          Min: 0, Avg:  0.0, Max: 0, Diff: 0, Sum: 0, Workers: 4
[32.028s][debug][gc,phases      ] GC(74)   StringTable Weak               Min:  0.1, Avg:  0.1, Max:  0.1, Diff:  0.0, Sum:  0.4, Workers: 4
[32.028s][debug][gc,phases      ] GC(74)     Dead                           Min: 0, Avg:  2.8, Max: 11, Diff: 11, Sum: 11, Workers: 4
[32.028s][debug][gc,phases      ] GC(74)     Total                          Min: 9536, Avg: 10733.0, Max: 11904, Diff: 2368, Sum: 42932, Workers: 4
[32.028s][debug][gc,phases      ] GC(74)   ResolvedMethodTable Weak       Min:  0.0, Avg:  0.0, Max:  0.0, Diff:  0.0, Sum:  0.1, Workers: 4
[32.028s][debug][gc,phases      ] GC(74)     Dead                           Min: 0, Avg:  0.0, Max: 0, Diff: 0, Sum: 0, Workers: 4
[32.028s][debug][gc,phases      ] GC(74)     Total                          Min: 1600, Avg: 1789.5, Max: 2112, Diff: 512, Sum: 7158, Workers: 4
[32.028s][debug][gc,phases      ] GC(74)   JNI Weak                       Min:  0.0, Avg:  0.0, Max:  0.0, Diff:  0.0, Sum:  0.0, Workers: 4
[32.028s][debug][gc,phases      ] GC(74)     Dead                           Min: 0, Avg:  0.0, Max: 0, Diff: 0, Sum: 0, Workers: 4
[32.028s][debug][gc,phases      ] GC(74)     Total                          Min: 0, Avg:  0.0, Max: 0, Diff: 0, Sum: 0, Workers: 4
[32.028s][debug][gc,phases      ] GC(74)   StringDedup Table Weak         Min:  0.0, Avg:  0.0, Max:  0.0, Diff:  0.0, Sum:  0.0, Workers: 4
[32.028s][debug][gc,phases      ] GC(74)     Dead                           Min: 0, Avg:  0.0, Max: 0, Diff: 0, Sum: 0, Workers: 4
[32.028s][debug][gc,phases      ] GC(74)     Total                          Min: 0, Avg:  0.0, Max: 0, Diff: 0, Sum: 0, Workers: 4
[32.028s][debug][gc,phases      ] GC(74)   StringDedup Requests0 Weak     Min:  0.0, Avg:  0.0, Max:  0.0, Diff:  0.0, Sum:  0.0, Workers: 4
[32.028s][debug][gc,phases      ] GC(74)     Dead                           Min: 0, Avg:  0.0, Max: 0, Diff: 0, Sum: 0, Workers: 4
[32.028s][debug][gc,phases      ] GC(74)     Total                          Min: 0, Avg:  0.0, Max: 0, Diff: 0, Sum: 0, Workers: 4
[32.028s][debug][gc,phases      ] GC(74)   StringDedup Requests1 Weak     Min:  0.0, Avg:  0.0, Max:  0.0, Diff:  0.0, Sum:  0.0, Workers: 4
[32.028s][debug][gc,phases      ] GC(74)     Dead                           Min: 0, Avg:  0.0, Max: 0, Diff: 0, Sum: 0, Workers: 4
[32.028s][debug][gc,phases      ] GC(74)     Total                          Min: 0, Avg:  0.0, Max: 0, Diff: 0, Sum: 0, Workers: 4
[32.028s][debug][gc,phases      ] GC(74)   Weak JFR Old Object Samples    Min:  0.0, Avg:  0.0, Max:  0.0, Diff:  0.0, Sum:  0.0, Workers: 4
[32.028s][debug][gc,phases      ] GC(74)     Dead                           Min: 0, Avg:  0.0, Max: 0, Diff: 0, Sum: 0, Workers: 4
[32.028s][debug][gc,phases      ] GC(74)     Total                          Min: 0, Avg:  0.0, Max: 0, Diff: 0, Sum: 0, Workers: 4
[32.028s][debug][gc,phases      ] GC(74) Weak Processing 0.301ms
[32.028s][debug][gc,age         ] GC(74) Desired survivor size 133169152 bytes, new threshold 15 (max threshold 15)
[32.028s][info ][gc,heap        ] GC(74) PSYoungGen: 1884888K(1961472K)->64985K(1955328K) Eden: 1819648K(1819648K)->0K(1819648K) From: 65240K(141824K)->64985K(135680K)
[32.028s][info ][gc,heap        ] GC(74) ParOldGen: 562978K(615424K)->568514K(615424K)
[32.028s][info ][gc,metaspace   ] GC(74) Metaspace: 68675K(69376K)->68675K(69376K) NonClass: 58684K(59072K)->58684K(59072K) Class: 9990K(10304K)->9990K(10304K)
[32.028s][info ][gc             ] GC(74) Pause Young (Allocation Failure) 2390M->618M(2510M) 33.164ms
[32.028s][info ][gc,cpu         ] GC(74) User=0.12s Sys=0.01s Real=0.03s
[32.028s][info ][safepoint      ] Safepoint "ParallelGCFailedAllocation", Time since last: 30441915 ns, Reaching safepoint: 125202 ns, At safepoint: 33272081 ns, Total: 33397283 ns
[32.375s][info ][gc,start       ] GC(75) Pause Young (Allocation Failure)
[32.413s][debug][gc,phases      ] GC(75) Scavenge 37.904ms
[32.413s][debug][gc,ref         ] GC(75) Skipped phase 1 of Reference Processing: no references
[32.413s][debug][gc,ref         ] GC(75) ReferenceProcessor::execute queues: 1, RefProcThreadModel::Single, marks_oops_alive: false
[32.413s][debug][gc,ref         ] GC(75) Skipped phase 3 of Reference Processing: no references
[32.413s][debug][gc,ref         ] GC(75) ReferenceProcessor::execute queues: 1, RefProcThreadModel::Single, marks_oops_alive: false
[32.413s][debug][gc,phases      ] GC(75) Reference Processing 0.127ms
[32.413s][debug][gc,phases      ] GC(75)   VM Weak                        Min:  0.0, Avg:  0.0, Max:  0.0, Diff:  0.0, Sum:  0.0, Workers: 4
[32.413s][debug][gc,phases      ] GC(75)     Dead                           Min: 0, Avg:  0.0, Max: 0, Diff: 0, Sum: 0, Workers: 4
[32.413s][debug][gc,phases      ] GC(75)     Total                          Min: 0, Avg: 148.2, Max: 576, Diff: 576, Sum: 593, Workers: 4
[32.413s][debug][gc,phases      ] GC(75)   ObjectSynchronizer Weak        Min:  0.0, Avg:  0.0, Max:  0.0, Diff:  0.0, Sum:  0.0, Workers: 4
[32.413s][debug][gc,phases      ] GC(75)     Dead                           Min: 0, Avg:  0.0, Max: 0, Diff: 0, Sum: 0, Workers: 4
[32.413s][debug][gc,phases      ] GC(75)     Total                          Min: 0, Avg: 107.2, Max: 256, Diff: 256, Sum: 429, Workers: 4
[32.413s][debug][gc,phases      ] GC(75)   JVMTI Tag Weak OopStorage      Min:  0.0, Avg:  0.0, Max:  0.0, Diff:  0.0, Sum:  0.0, Workers: 4
[32.413s][debug][gc,phases      ] GC(75)     Dead                           Min: 0, Avg:  0.0, Max: 0, Diff: 0, Sum: 0, Workers: 4
[32.413s][debug][gc,phases      ] GC(75)     Total                          Min: 0, Avg:  0.0, Max: 0, Diff: 0, Sum: 0, Workers: 4
[32.413s][debug][gc,phases      ] GC(75)   StringTable Weak               Min:  0.1, Avg:  0.1, Max:  0.1, Diff:  0.0, Sum:  0.4, Workers: 4
[32.413s][debug][gc,phases      ] GC(75)     Dead                           Min: 0, Avg:  2.8, Max: 11, Diff: 11, Sum: 11, Workers: 4
[32.413s][debug][gc,phases      ] GC(75)     Total                          Min: 8896, Avg: 10739.0, Max: 12439, Diff: 3543, Sum: 42956, Workers: 4
[32.413s][debug][gc,phases      ] GC(75)   ResolvedMethodTable Weak       Min:  0.0, Avg:  0.0, Max:  0.0, Diff:  0.0, Sum:  0.1, Workers: 4
[32.414s][debug][gc,phases      ] GC(75)     Dead                           Min: 0, Avg:  0.0, Max: 0, Diff: 0, Sum: 0, Workers: 4
[32.414s][debug][gc,phases      ] GC(75)     Total                          Min: 1536, Avg: 1791.8, Max: 2047, Diff: 511, Sum: 7167, Workers: 4
[32.414s][debug][gc,phases      ] GC(75)   JNI Weak                       Min:  0.0, Avg:  0.0, Max:  0.0, Diff:  0.0, Sum:  0.0, Workers: 4
[32.414s][debug][gc,phases      ] GC(75)     Dead                           Min: 0, Avg:  0.0, Max: 0, Diff: 0, Sum: 0, Workers: 4
[32.414s][debug][gc,phases      ] GC(75)     Total                          Min: 0, Avg:  5.5, Max: 22, Diff: 22, Sum: 22, Workers: 4
[32.414s][debug][gc,phases      ] GC(75)   StringDedup Table Weak         Min:  0.0, Avg:  0.0, Max:  0.0, Diff:  0.0, Sum:  0.0, Workers: 4
[32.414s][debug][gc,phases      ] GC(75)     Dead                           Min: 0, Avg:  0.0, Max: 0, Diff: 0, Sum: 0, Workers: 4
[32.414s][debug][gc,phases      ] GC(75)     Total                          Min: 0, Avg:  0.0, Max: 0, Diff: 0, Sum: 0, Workers: 4
[32.414s][debug][gc,phases      ] GC(75)   StringDedup Requests0 Weak     Min:  0.0, Avg:  0.0, Max:  0.0, Diff:  0.0, Sum:  0.0, Workers: 4
[32.414s][debug][gc,phases      ] GC(75)     Dead                           Min: 0, Avg:  0.0, Max: 0, Diff: 0, Sum: 0, Workers: 4
[32.414s][debug][gc,phases      ] GC(75)     Total                          Min: 0, Avg:  0.0, Max: 0, Diff: 0, Sum: 0, Workers: 4
[32.414s][debug][gc,phases      ] GC(75)   StringDedup Requests1 Weak     Min:  0.0, Avg:  0.0, Max:  0.0, Diff:  0.0, Sum:  0.0, Workers: 4
[32.414s][debug][gc,phases      ] GC(75)     Dead                           Min: 0, Avg:  0.0, Max: 0, Diff: 0, Sum: 0, Workers: 4
[32.414s][debug][gc,phases      ] GC(75)     Total                          Min: 0, Avg:  0.0, Max: 0, Diff: 0, Sum: 0, Workers: 4
[32.414s][debug][gc,phases      ] GC(75)   Weak JFR Old Object Samples    Min:  0.0, Avg:  0.0, Max:  0.0, Diff:  0.0, Sum:  0.0, Workers: 4
[32.414s][debug][gc,phases      ] GC(75)     Dead                           Min: 0, Avg:  0.0, Max: 0, Diff: 0, Sum: 0, Workers: 4
[32.414s][debug][gc,phases      ] GC(75)     Total                          Min: 0, Avg:  0.0, Max: 0, Diff: 0, Sum: 0, Workers: 4
[32.414s][debug][gc,phases      ] GC(75) Weak Processing 0.311ms
[32.414s][debug][gc,age         ] GC(75) Desired survivor size 127926272 bytes, new threshold 15 (max threshold 15)
[32.414s][info ][gc,heap        ] GC(75) PSYoungGen: 1884633K(1955328K)->62513K(1972224K) Eden: 1819648K(1819648K)->0K(1842176K) From: 64985K(135680K)->62513K(130048K)
[32.414s][info ][gc,heap        ] GC(75) ParOldGen: 568514K(615424K)->575458K(615424K)
[32.414s][info ][gc,metaspace   ] GC(75) Metaspace: 68704K(69440K)->68704K(69440K) NonClass: 58707K(59072K)->58707K(59072K) Class: 9996K(10368K)->9996K(10368K)
[32.414s][info ][gc             ] GC(75) Pause Young (Allocation Failure) 2395M->623M(2527M) 38.480ms
[32.414s][info ][gc,cpu         ] GC(75) User=0.13s Sys=0.00s Real=0.04s
[32.414s][info ][safepoint      ] Safepoint "ParallelGCFailedAllocation", Time since last: 347019046 ns, Reaching safepoint: 129003 ns, At safepoint: 38581706 ns, Total: 38710709 ns
[32.760s][info ][safepoint      ] Safepoint "ICBufferFull", Time since last: 345756115 ns, Reaching safepoint: 135903 ns, At safepoint: 34601 ns, Total: 170504 ns
[32.882s][info ][gc,start       ] GC(76) Pause Young (Allocation Failure)
[32.907s][debug][gc,phases      ] GC(76) Scavenge 24.809ms
[32.907s][debug][gc,ref         ] GC(76) Skipped phase 1 of Reference Processing: no references
[32.907s][debug][gc,ref         ] GC(76) ReferenceProcessor::execute queues: 1, RefProcThreadModel::Single, marks_oops_alive: false
[32.907s][debug][gc,ref         ] GC(76) Skipped phase 3 of Reference Processing: no references
[32.907s][debug][gc,ref         ] GC(76) ReferenceProcessor::execute queues: 1, RefProcThreadModel::Single, marks_oops_alive: false
[32.907s][debug][gc,phases      ] GC(76) Reference Processing 0.121ms
[32.907s][debug][gc,phases      ] GC(76)   VM Weak                        Min:  0.0, Avg:  0.0, Max:  0.0, Diff:  0.0, Sum:  0.0, Workers: 4
[32.907s][debug][gc,phases      ] GC(76)     Dead                           Min: 0, Avg:  0.0, Max: 0, Diff: 0, Sum: 0, Workers: 4
[32.907s][debug][gc,phases      ] GC(76)     Total                          Min: 0, Avg: 148.5, Max: 320, Diff: 320, Sum: 594, Workers: 4
[32.907s][debug][gc,phases      ] GC(76)   ObjectSynchronizer Weak        Min:  0.0, Avg:  0.0, Max:  0.0, Diff:  0.0, Sum:  0.0, Workers: 4
[32.907s][debug][gc,phases      ] GC(76)     Dead                           Min: 0, Avg:  0.0, Max: 0, Diff: 0, Sum: 0, Workers: 4
[32.907s][debug][gc,phases      ] GC(76)     Total                          Min: 0, Avg: 107.5, Max: 302, Diff: 302, Sum: 430, Workers: 4
[32.907s][debug][gc,phases      ] GC(76)   JVMTI Tag Weak OopStorage      Min:  0.0, Avg:  0.0, Max:  0.0, Diff:  0.0, Sum:  0.0, Workers: 4
[32.907s][debug][gc,phases      ] GC(76)     Dead                           Min: 0, Avg:  0.0, Max: 0, Diff: 0, Sum: 0, Workers: 4
[32.907s][debug][gc,phases      ] GC(76)     Total                          Min: 0, Avg:  0.0, Max: 0, Diff: 0, Sum: 0, Workers: 4
[32.908s][debug][gc,phases      ] GC(76)   StringTable Weak               Min:  0.1, Avg:  0.1, Max:  0.1, Diff:  0.0, Sum:  0.4, Workers: 4
[32.908s][debug][gc,phases      ] GC(76)     Dead                           Min: 0, Avg:  2.8, Max: 10, Diff: 10, Sum: 11, Workers: 4
[32.908s][debug][gc,phases      ] GC(76)     Total                          Min: 10560, Avg: 10758.8, Max: 10944, Diff: 384, Sum: 43035, Workers: 4
[32.908s][debug][gc,phases      ] GC(76)   ResolvedMethodTable Weak       Min:  0.0, Avg:  0.0, Max:  0.0, Diff:  0.0, Sum:  0.1, Workers: 4
[32.908s][debug][gc,phases      ] GC(76)     Dead                           Min: 0, Avg:  0.0, Max: 0, Diff: 0, Sum: 0, Workers: 4
[32.908s][debug][gc,phases      ] GC(76)     Total                          Min: 1600, Avg: 1794.8, Max: 2187, Diff: 587, Sum: 7179, Workers: 4
[32.908s][debug][gc,phases      ] GC(76)   JNI Weak                       Min:  0.0, Avg:  0.0, Max:  0.0, Diff:  0.0, Sum:  0.0, Workers: 4
[32.908s][debug][gc,phases      ] GC(76)     Dead                           Min: 0, Avg:  0.0, Max: 0, Diff: 0, Sum: 0, Workers: 4
[32.908s][debug][gc,phases      ] GC(76)     Total                          Min: 0, Avg:  3.0, Max: 12, Diff: 12, Sum: 12, Workers: 4
[32.908s][debug][gc,phases      ] GC(76)   StringDedup Table Weak         Min:  0.0, Avg:  0.0, Max:  0.0, Diff:  0.0, Sum:  0.0, Workers: 4
[32.908s][debug][gc,phases      ] GC(76)     Dead                           Min: 0, Avg:  0.0, Max: 0, Diff: 0, Sum: 0, Workers: 4
[32.908s][debug][gc,phases      ] GC(76)     Total                          Min: 0, Avg:  0.0, Max: 0, Diff: 0, Sum: 0, Workers: 4
[32.908s][debug][gc,phases      ] GC(76)   StringDedup Requests0 Weak     Min:  0.0, Avg:  0.0, Max:  0.0, Diff:  0.0, Sum:  0.0, Workers: 4
[32.908s][debug][gc,phases      ] GC(76)     Dead                           Min: 0, Avg:  0.0, Max: 0, Diff: 0, Sum: 0, Workers: 4
[32.908s][debug][gc,phases      ] GC(76)     Total                          Min: 0, Avg:  0.0, Max: 0, Diff: 0, Sum: 0, Workers: 4
[32.908s][debug][gc,phases      ] GC(76)   StringDedup Requests1 Weak     Min:  0.0, Avg:  0.0, Max:  0.0, Diff:  0.0, Sum:  0.0, Workers: 4
[32.908s][debug][gc,phases      ] GC(76)     Dead                           Min: 0, Avg:  0.0, Max: 0, Diff: 0, Sum: 0, Workers: 4
[32.908s][debug][gc,phases      ] GC(76)     Total                          Min: 0, Avg:  0.0, Max: 0, Diff: 0, Sum: 0, Workers: 4
[32.908s][debug][gc,phases      ] GC(76)   Weak JFR Old Object Samples    Min:  0.0, Avg:  0.0, Max:  0.0, Diff:  0.0, Sum:  0.0, Workers: 4
[32.908s][debug][gc,phases      ] GC(76)     Dead                           Min: 0, Avg:  0.0, Max: 0, Diff: 0, Sum: 0, Workers: 4
[32.908s][debug][gc,phases      ] GC(76)     Total                          Min: 0, Avg:  0.0, Max: 0, Diff: 0, Sum: 0, Workers: 4
[32.908s][debug][gc,phases      ] GC(76) Weak Processing 0.285ms
[32.908s][debug][gc,age         ] GC(76) Desired survivor size 123731968 bytes, new threshold 15 (max threshold 15)
[32.908s][info ][gc,heap        ] GC(76) PSYoungGen: 1904689K(1972224K)->60233K(1967104K) Eden: 1842176K(1842176K)->0K(1842176K) From: 62513K(130048K)->60233K(124928K)
[32.908s][info ][gc,heap        ] GC(76) ParOldGen: 575458K(615424K)->580674K(615424K)
[32.908s][info ][gc,metaspace   ] GC(76) Metaspace: 68731K(69504K)->68731K(69504K) NonClass: 58731K(59136K)->58731K(59136K) Class: 9999K(10368K)->9999K(10368K)
[32.908s][info ][gc             ] GC(76) Pause Young (Allocation Failure) 2422M->625M(2522M) 25.392ms
[32.908s][info ][gc,cpu         ] GC(76) User=0.11s Sys=0.00s Real=0.03s
[32.908s][info ][safepoint      ] Safepoint "ParallelGCFailedAllocation", Time since last: 122438273 ns, Reaching safepoint: 150403 ns, At safepoint: 25495899 ns, Total: 25646302 ns
[33.294s][info ][gc,start       ] GC(77) Pause Young (Allocation Failure)
[33.319s][debug][gc,phases      ] GC(77) Scavenge 25.429ms
[33.319s][debug][gc,ref         ] GC(77) Skipped phase 1 of Reference Processing: no references
[33.319s][debug][gc,ref         ] GC(77) ReferenceProcessor::execute queues: 1, RefProcThreadModel::Single, marks_oops_alive: false
[33.319s][debug][gc,ref         ] GC(77) Skipped phase 3 of Reference Processing: no references
[33.319s][debug][gc,ref         ] GC(77) ReferenceProcessor::execute queues: 1, RefProcThreadModel::Single, marks_oops_alive: false
[33.319s][debug][gc,phases      ] GC(77) Reference Processing 0.124ms
[33.320s][debug][gc,phases      ] GC(77)   VM Weak                        Min:  0.0, Avg:  0.0, Max:  0.0, Diff:  0.0, Sum:  0.0, Workers: 4
[33.320s][debug][gc,phases      ] GC(77)     Dead                           Min: 0, Avg:  0.0, Max: 0, Diff: 0, Sum: 0, Workers: 4
[33.320s][debug][gc,phases      ] GC(77)     Total                          Min: 0, Avg: 149.5, Max: 256, Diff: 256, Sum: 598, Workers: 4
[33.320s][debug][gc,phases      ] GC(77)   ObjectSynchronizer Weak        Min:  0.0, Avg:  0.0, Max:  0.0, Diff:  0.0, Sum:  0.0, Workers: 4
[33.320s][debug][gc,phases      ] GC(77)     Dead                           Min: 0, Avg:  0.0, Max: 0, Diff: 0, Sum: 0, Workers: 4
[33.320s][debug][gc,phases      ] GC(77)     Total                          Min: 0, Avg: 107.5, Max: 174, Diff: 174, Sum: 430, Workers: 4
[33.320s][debug][gc,phases      ] GC(77)   JVMTI Tag Weak OopStorage      Min:  0.0, Avg:  0.0, Max:  0.0, Diff:  0.0, Sum:  0.0, Workers: 4
[33.320s][debug][gc,phases      ] GC(77)     Dead                           Min: 0, Avg:  0.0, Max: 0, Diff: 0, Sum: 0, Workers: 4
[33.320s][debug][gc,phases      ] GC(77)     Total                          Min: 0, Avg:  0.0, Max: 0, Diff: 0, Sum: 0, Workers: 4
[33.320s][debug][gc,phases      ] GC(77)   StringTable Weak               Min:  0.1, Avg:  0.1, Max:  0.1, Diff:  0.0, Sum:  0.4, Workers: 4
[33.320s][debug][gc,phases      ] GC(77)     Dead                           Min: 0, Avg:  3.2, Max: 10, Diff: 10, Sum: 13, Workers: 4
[33.320s][debug][gc,phases      ] GC(77)     Total                          Min: 10623, Avg: 10845.5, Max: 10944, Diff: 321, Sum: 43382, Workers: 4
[33.320s][debug][gc,phases      ] GC(77)   ResolvedMethodTable Weak       Min:  0.0, Avg:  0.0, Max:  0.0, Diff:  0.0, Sum:  0.1, Workers: 4
[33.320s][debug][gc,phases      ] GC(77)     Dead                           Min: 0, Avg:  7.2, Max: 13, Diff: 13, Sum: 29, Workers: 4
[33.320s][debug][gc,phases      ] GC(77)     Total                          Min: 1767, Avg: 1832.8, Max: 1919, Diff: 152, Sum: 7331, Workers: 4
[33.320s][debug][gc,phases      ] GC(77)   JNI Weak                       Min:  0.0, Avg:  0.0, Max:  0.0, Diff:  0.0, Sum:  0.0, Workers: 4
[33.320s][debug][gc,phases      ] GC(77)     Dead                           Min: 0, Avg:  0.0, Max: 0, Diff: 0, Sum: 0, Workers: 4
[33.320s][debug][gc,phases      ] GC(77)     Total                          Min: 0, Avg:  5.2, Max: 21, Diff: 21, Sum: 21, Workers: 4
[33.320s][debug][gc,phases      ] GC(77)   StringDedup Table Weak         Min:  0.0, Avg:  0.0, Max:  0.0, Diff:  0.0, Sum:  0.0, Workers: 4
[33.320s][debug][gc,phases      ] GC(77)     Dead                           Min: 0, Avg:  0.0, Max: 0, Diff: 0, Sum: 0, Workers: 4
[33.320s][debug][gc,phases      ] GC(77)     Total                          Min: 0, Avg:  0.0, Max: 0, Diff: 0, Sum: 0, Workers: 4
[33.320s][debug][gc,phases      ] GC(77)   StringDedup Requests0 Weak     Min:  0.0, Avg:  0.0, Max:  0.0, Diff:  0.0, Sum:  0.0, Workers: 4
[33.320s][debug][gc,phases      ] GC(77)     Dead                           Min: 0, Avg:  0.0, Max: 0, Diff: 0, Sum: 0, Workers: 4
[33.320s][debug][gc,phases      ] GC(77)     Total                          Min: 0, Avg:  0.0, Max: 0, Diff: 0, Sum: 0, Workers: 4
[33.320s][debug][gc,phases      ] GC(77)   StringDedup Requests1 Weak     Min:  0.0, Avg:  0.0, Max:  0.0, Diff:  0.0, Sum:  0.0, Workers: 4
[33.320s][debug][gc,phases      ] GC(77)     Dead                           Min: 0, Avg:  0.0, Max: 0, Diff: 0, Sum: 0, Workers: 4
[33.320s][debug][gc,phases      ] GC(77)     Total                          Min: 0, Avg:  0.0, Max: 0, Diff: 0, Sum: 0, Workers: 4
[33.320s][debug][gc,phases      ] GC(77)   Weak JFR Old Object Samples    Min:  0.0, Avg:  0.0, Max:  0.0, Diff:  0.0, Sum:  0.0, Workers: 4
[33.320s][debug][gc,phases      ] GC(77)     Dead                           Min: 0, Avg:  0.0, Max: 0, Diff: 0, Sum: 0, Workers: 4
[33.320s][debug][gc,phases      ] GC(77)     Total                          Min: 0, Avg:  0.0, Max: 0, Diff: 0, Sum: 0, Workers: 4
[33.320s][debug][gc,phases      ] GC(77) Weak Processing 0.314ms
[33.320s][debug][gc,age         ] GC(77) Desired survivor size 120586240 bytes, new threshold 15 (max threshold 15)
[33.320s][info ][gc,heap        ] GC(77) PSYoungGen: 1902409K(1967104K)->56392K(1979392K) Eden: 1842176K(1842176K)->0K(1858560K) From: 60233K(124928K)->56392K(120832K)
[33.320s][info ][gc,heap        ] GC(77) ParOldGen: 580674K(615424K)->583129K(615424K)
[33.320s][info ][gc,metaspace   ] GC(77) Metaspace: 69731K(70528K)->69731K(70528K) NonClass: 59589K(60032K)->59589K(60032K) Class: 10141K(10496K)->10141K(10496K)
[33.320s][info ][gc             ] GC(77) Pause Young (Allocation Failure) 2424M->624M(2534M) 26.002ms
[33.320s][info ][gc,cpu         ] GC(77) User=0.11s Sys=0.00s Real=0.02s
[33.320s][info ][safepoint      ] Safepoint "ParallelGCFailedAllocation", Time since last: 385840753 ns, Reaching safepoint: 235405 ns, At safepoint: 26108813 ns, Total: 26344218 ns
[33.719s][info ][gc,start       ] GC(78) Pause Young (Allocation Failure)
[33.742s][debug][gc,phases      ] GC(78) Scavenge 23.855ms
[33.743s][debug][gc,ref         ] GC(78) Skipped phase 1 of Reference Processing: no references
[33.743s][debug][gc,ref         ] GC(78) ReferenceProcessor::execute queues: 1, RefProcThreadModel::Single, marks_oops_alive: false
[33.743s][debug][gc,ref         ] GC(78) Skipped phase 3 of Reference Processing: no references
[33.743s][debug][gc,ref         ] GC(78) ReferenceProcessor::execute queues: 1, RefProcThreadModel::Single, marks_oops_alive: false
[33.743s][debug][gc,phases      ] GC(78) Reference Processing 0.137ms
[33.743s][debug][gc,phases      ] GC(78)   VM Weak                        Min:  0.0, Avg:  0.0, Max:  0.0, Diff:  0.0, Sum:  0.0, Workers: 4
[33.743s][debug][gc,phases      ] GC(78)     Dead                           Min: 0, Avg:  0.0, Max: 0, Diff: 0, Sum: 0, Workers: 4
[33.743s][debug][gc,phases      ] GC(78)     Total                          Min: 0, Avg: 149.8, Max: 576, Diff: 576, Sum: 599, Workers: 4
[33.743s][debug][gc,phases      ] GC(78)   ObjectSynchronizer Weak        Min:  0.0, Avg:  0.0, Max:  0.0, Diff:  0.0, Sum:  0.0, Workers: 4
[33.743s][debug][gc,phases      ] GC(78)     Dead                           Min: 0, Avg:  0.0, Max: 0, Diff: 0, Sum: 0, Workers: 4
[33.743s][debug][gc,phases      ] GC(78)     Total                          Min: 0, Avg: 107.5, Max: 238, Diff: 238, Sum: 430, Workers: 4
[33.743s][debug][gc,phases      ] GC(78)   JVMTI Tag Weak OopStorage      Min:  0.0, Avg:  0.0, Max:  0.0, Diff:  0.0, Sum:  0.0, Workers: 4
[33.743s][debug][gc,phases      ] GC(78)     Dead                           Min: 0, Avg:  0.0, Max: 0, Diff: 0, Sum: 0, Workers: 4
[33.743s][debug][gc,phases      ] GC(78)     Total                          Min: 0, Avg:  0.0, Max: 0, Diff: 0, Sum: 0, Workers: 4
[33.743s][debug][gc,phases      ] GC(78)   StringTable Weak               Min:  0.1, Avg:  0.1, Max:  0.1, Diff:  0.0, Sum:  0.4, Workers: 4
[33.743s][debug][gc,phases      ] GC(78)     Dead                           Min: 0, Avg:  0.2, Max: 1, Diff: 1, Sum: 1, Workers: 4
[33.743s][debug][gc,phases      ] GC(78)     Total                          Min: 9408, Avg: 10898.2, Max: 12672, Diff: 3264, Sum: 43593, Workers: 4
[33.743s][debug][gc,phases      ] GC(78)   ResolvedMethodTable Weak       Min:  0.0, Avg:  0.0, Max:  0.0, Diff:  0.0, Sum:  0.1, Workers: 4
[33.743s][debug][gc,phases      ] GC(78)     Dead                           Min: 1, Avg:  9.8, Max: 20, Diff: 19, Sum: 39, Workers: 4
[33.743s][debug][gc,phases      ] GC(78)     Total                          Min: 1600, Avg: 1863.5, Max: 2079, Diff: 479, Sum: 7454, Workers: 4
[33.743s][debug][gc,phases      ] GC(78)   JNI Weak                       Min:  0.0, Avg:  0.0, Max:  0.0, Diff:  0.0, Sum:  0.0, Workers: 4
[33.743s][debug][gc,phases      ] GC(78)     Dead                           Min: 0, Avg:  0.0, Max: 0, Diff: 0, Sum: 0, Workers: 4
[33.743s][debug][gc,phases      ] GC(78)     Total                          Min: 0, Avg:  0.8, Max: 3, Diff: 3, Sum: 3, Workers: 4
[33.743s][debug][gc,phases      ] GC(78)   StringDedup Table Weak         Min:  0.0, Avg:  0.0, Max:  0.0, Diff:  0.0, Sum:  0.0, Workers: 4
[33.743s][debug][gc,phases      ] GC(78)     Dead                           Min: 0, Avg:  0.0, Max: 0, Diff: 0, Sum: 0, Workers: 4
[33.743s][debug][gc,phases      ] GC(78)     Total                          Min: 0, Avg:  0.0, Max: 0, Diff: 0, Sum: 0, Workers: 4
[33.743s][debug][gc,phases      ] GC(78)   StringDedup Requests0 Weak     Min:  0.0, Avg:  0.0, Max:  0.0, Diff:  0.0, Sum:  0.0, Workers: 4
[33.743s][debug][gc,phases      ] GC(78)     Dead                           Min: 0, Avg:  0.0, Max: 0, Diff: 0, Sum: 0, Workers: 4
[33.743s][debug][gc,phases      ] GC(78)     Total                          Min: 0, Avg:  0.0, Max: 0, Diff: 0, Sum: 0, Workers: 4
[33.743s][debug][gc,phases      ] GC(78)   StringDedup Requests1 Weak     Min:  0.0, Avg:  0.0, Max:  0.0, Diff:  0.0, Sum:  0.0, Workers: 4
[33.743s][debug][gc,phases      ] GC(78)     Dead                           Min: 0, Avg:  0.0, Max: 0, Diff: 0, Sum: 0, Workers: 4
[33.743s][debug][gc,phases      ] GC(78)     Total                          Min: 0, Avg:  0.0, Max: 0, Diff: 0, Sum: 0, Workers: 4
[33.743s][debug][gc,phases      ] GC(78)   Weak JFR Old Object Samples    Min:  0.0, Avg:  0.0, Max:  0.0, Diff:  0.0, Sum:  0.0, Workers: 4
[33.743s][debug][gc,phases      ] GC(78)     Dead                           Min: 0, Avg:  0.0, Max: 0, Diff: 0, Sum: 0, Workers: 4
[33.743s][debug][gc,phases      ] GC(78)     Total                          Min: 0, Avg:  0.0, Max: 0, Diff: 0, Sum: 0, Workers: 4
[33.743s][debug][gc,phases      ] GC(78) Weak Processing 0.374ms
[33.743s][debug][gc,age         ] GC(78) Desired survivor size 117440512 bytes, new threshold 15 (max threshold 15)
[33.743s][info ][gc,heap        ] GC(78) PSYoungGen: 1914952K(1979392K)->56265K(1976320K) Eden: 1858560K(1858560K)->0K(1858560K) From: 56392K(120832K)->56265K(117760K)
[33.743s][info ][gc,heap        ] GC(78) ParOldGen: 583129K(615424K)->584959K(615424K)
[33.743s][info ][gc,metaspace   ] GC(78) Metaspace: 70410K(71168K)->70410K(71168K) NonClass: 60171K(60608K)->60171K(60608K) Class: 10238K(10560K)->10238K(10560K)
[33.743s][info ][gc             ] GC(78) Pause Young (Allocation Failure) 2439M->626M(2531M) 24.518ms
[33.743s][info ][gc,cpu         ] GC(78) User=0.12s Sys=0.00s Real=0.03s
[33.743s][info ][safepoint      ] Safepoint "ParallelGCFailedAllocation", Time since last: 398429148 ns, Reaching safepoint: 215805 ns, At safepoint: 24631178 ns, Total: 24846983 ns
[34.087s][info ][safepoint      ] Safepoint "ICBufferFull", Time since last: 343798563 ns, Reaching safepoint: 311407 ns, At safepoint: 30501 ns, Total: 341908 ns
[34.114s][info ][gc,start       ] GC(79) Pause Young (Allocation Failure)
[34.138s][debug][gc,phases      ] GC(79) Scavenge 24.162ms
[34.138s][debug][gc,ref         ] GC(79) Skipped phase 1 of Reference Processing: no references
[34.138s][debug][gc,ref         ] GC(79) ReferenceProcessor::execute queues: 1, RefProcThreadModel::Single, marks_oops_alive: false
[34.138s][debug][gc,ref         ] GC(79) Skipped phase 3 of Reference Processing: no references
[34.138s][debug][gc,ref         ] GC(79) ReferenceProcessor::execute queues: 1, RefProcThreadModel::Single, marks_oops_alive: false
[34.138s][debug][gc,phases      ] GC(79) Reference Processing 0.123ms
[34.138s][debug][gc,phases      ] GC(79)   VM Weak                        Min:  0.0, Avg:  0.0, Max:  0.0, Diff:  0.0, Sum:  0.0, Workers: 4
[34.138s][debug][gc,phases      ] GC(79)     Dead                           Min: 0, Avg:  0.0, Max: 0, Diff: 0, Sum: 0, Workers: 4
[34.138s][debug][gc,phases      ] GC(79)     Total                          Min: 0, Avg: 154.0, Max: 616, Diff: 616, Sum: 616, Workers: 4
[34.138s][debug][gc,phases      ] GC(79)   ObjectSynchronizer Weak        Min:  0.0, Avg:  0.0, Max:  0.0, Diff:  0.0, Sum:  0.0, Workers: 4
[34.138s][debug][gc,phases      ] GC(79)     Dead                           Min: 0, Avg:  0.0, Max: 0, Diff: 0, Sum: 0, Workers: 4
[34.138s][debug][gc,phases      ] GC(79)     Total                          Min: 0, Avg: 107.5, Max: 302, Diff: 302, Sum: 430, Workers: 4
[34.138s][debug][gc,phases      ] GC(79)   JVMTI Tag Weak OopStorage      Min:  0.0, Avg:  0.0, Max:  0.0, Diff:  0.0, Sum:  0.0, Workers: 4
[34.138s][debug][gc,phases      ] GC(79)     Dead                           Min: 0, Avg:  0.0, Max: 0, Diff: 0, Sum: 0, Workers: 4
[34.138s][debug][gc,phases      ] GC(79)     Total                          Min: 0, Avg:  0.0, Max: 0, Diff: 0, Sum: 0, Workers: 4
[34.138s][debug][gc,phases      ] GC(79)   StringTable Weak               Min:  0.1, Avg:  0.1, Max:  0.1, Diff:  0.0, Sum:  0.4, Workers: 4
[34.138s][debug][gc,phases      ] GC(79)     Dead                           Min: 0, Avg:  1.0, Max: 3, Diff: 3, Sum: 4, Workers: 4
[34.138s][debug][gc,phases      ] GC(79)     Total                          Min: 10048, Avg: 10933.2, Max: 11712, Diff: 1664, Sum: 43733, Workers: 4
[34.138s][debug][gc,phases      ] GC(79)   ResolvedMethodTable Weak       Min:  0.0, Avg:  0.0, Max:  0.0, Diff:  0.0, Sum:  0.1, Workers: 4
[34.138s][debug][gc,phases      ] GC(79)     Dead                           Min: 0, Avg:  0.0, Max: 0, Diff: 0, Sum: 0, Workers: 4
[34.138s][debug][gc,phases      ] GC(79)     Total                          Min: 1664, Avg: 1887.8, Max: 2047, Diff: 383, Sum: 7551, Workers: 4
[34.138s][debug][gc,phases      ] GC(79)   JNI Weak                       Min:  0.0, Avg:  0.0, Max:  0.0, Diff:  0.0, Sum:  0.0, Workers: 4
[34.139s][debug][gc,phases      ] GC(79)     Dead                           Min: 0, Avg:  0.0, Max: 0, Diff: 0, Sum: 0, Workers: 4
[34.139s][debug][gc,phases      ] GC(79)     Total                          Min: 0, Avg:  3.8, Max: 15, Diff: 15, Sum: 15, Workers: 4
[34.139s][debug][gc,phases      ] GC(79)   StringDedup Table Weak         Min:  0.0, Avg:  0.0, Max:  0.0, Diff:  0.0, Sum:  0.0, Workers: 4
[34.139s][debug][gc,phases      ] GC(79)     Dead                           Min: 0, Avg:  0.0, Max: 0, Diff: 0, Sum: 0, Workers: 4
[34.139s][debug][gc,phases      ] GC(79)     Total                          Min: 0, Avg:  0.0, Max: 0, Diff: 0, Sum: 0, Workers: 4
[34.139s][debug][gc,phases      ] GC(79)   StringDedup Requests0 Weak     Min:  0.0, Avg:  0.0, Max:  0.0, Diff:  0.0, Sum:  0.0, Workers: 4
[34.139s][debug][gc,phases      ] GC(79)     Dead                           Min: 0, Avg:  0.0, Max: 0, Diff: 0, Sum: 0, Workers: 4
[34.139s][debug][gc,phases      ] GC(79)     Total                          Min: 0, Avg:  0.0, Max: 0, Diff: 0, Sum: 0, Workers: 4
[34.139s][debug][gc,phases      ] GC(79)   StringDedup Requests1 Weak     Min:  0.0, Avg:  0.0, Max:  0.0, Diff:  0.0, Sum:  0.0, Workers: 4
[34.139s][debug][gc,phases      ] GC(79)     Dead                           Min: 0, Avg:  0.0, Max: 0, Diff: 0, Sum: 0, Workers: 4
[34.139s][debug][gc,phases      ] GC(79)     Total                          Min: 0, Avg:  0.0, Max: 0, Diff: 0, Sum: 0, Workers: 4
[34.139s][debug][gc,phases      ] GC(79)   Weak JFR Old Object Samples    Min:  0.0, Avg:  0.0, Max:  0.0, Diff:  0.0, Sum:  0.0, Workers: 4
[34.139s][debug][gc,phases      ] GC(79)     Dead                           Min: 0, Avg:  0.0, Max: 0, Diff: 0, Sum: 0, Workers: 4
[34.139s][debug][gc,phases      ] GC(79)     Total                          Min: 0, Avg:  0.0, Max: 0, Diff: 0, Sum: 0, Workers: 4
[34.139s][debug][gc,phases      ] GC(79) Weak Processing 0.308ms
[34.139s][debug][gc,age         ] GC(79) Desired survivor size 113770496 bytes, new threshold 15 (max threshold 15)
[34.139s][info ][gc,heap        ] GC(79) PSYoungGen: 1914825K(1976320K)->55689K(1986048K) Eden: 1858560K(1858560K)->0K(1871360K) From: 56265K(117760K)->55689K(114688K)
[34.139s][info ][gc,heap        ] GC(79) ParOldGen: 584959K(615424K)->586877K(615424K)
[34.139s][info ][gc,metaspace   ] GC(79) Metaspace: 70809K(71552K)->70809K(71552K) NonClass: 60517K(60928K)->60517K(60928K) Class: 10292K(10624K)->10292K(10624K)
[34.139s][info ][gc             ] GC(79) Pause Young (Allocation Failure) 2441M->627M(2540M) 24.742ms
[34.139s][info ][gc,cpu         ] GC(79) User=0.10s Sys=0.00s Real=0.02s
[34.139s][info ][safepoint      ] Safepoint "ParallelGCFailedAllocation", Time since last: 26365319 ns, Reaching safepoint: 168403 ns, At safepoint: 24847383 ns, Total: 25015786 ns
[34.260s][info ][safepoint      ] Safepoint "ICBufferFull", Time since last: 121298045 ns, Reaching safepoint: 247406 ns, At safepoint: 16900 ns, Total: 264306 ns
[34.309s][info ][safepoint      ] Safepoint "ICBufferFull", Time since last: 48382535 ns, Reaching safepoint: 195205 ns, At safepoint: 14200 ns, Total: 209405 ns
[34.405s][info ][safepoint      ] Safepoint "ICBufferFull", Time since last: 95941850 ns, Reaching safepoint: 217305 ns, At safepoint: 12200 ns, Total: 229505 ns
[34.558s][info ][safepoint      ] Safepoint "ICBufferFull", Time since last: 153097891 ns, Reaching safepoint: 195705 ns, At safepoint: 26000 ns, Total: 221705 ns
[34.672s][info ][gc,start       ] GC(80) Pause Young (Allocation Failure)
[34.697s][debug][gc,phases      ] GC(80) Scavenge 24.553ms
[34.697s][debug][gc,ref         ] GC(80) Skipped phase 1 of Reference Processing: no references
[34.697s][debug][gc,ref         ] GC(80) ReferenceProcessor::execute queues: 1, RefProcThreadModel::Single, marks_oops_alive: false
[34.697s][debug][gc,ref         ] GC(80) Skipped phase 3 of Reference Processing: no references
[34.697s][debug][gc,ref         ] GC(80) ReferenceProcessor::execute queues: 1, RefProcThreadModel::Single, marks_oops_alive: false
[34.697s][debug][gc,phases      ] GC(80) Reference Processing 0.136ms
[34.697s][debug][gc,phases      ] GC(80)   VM Weak                        Min:  0.0, Avg:  0.0, Max:  0.0, Diff:  0.0, Sum:  0.0, Workers: 4
[34.697s][debug][gc,phases      ] GC(80)     Dead                           Min: 0, Avg:  0.0, Max: 0, Diff: 0, Sum: 0, Workers: 4
[34.697s][debug][gc,phases      ] GC(80)     Total                          Min: 0, Avg: 154.2, Max: 617, Diff: 617, Sum: 617, Workers: 4
[34.697s][debug][gc,phases      ] GC(80)   ObjectSynchronizer Weak        Min:  0.0, Avg:  0.0, Max:  0.0, Diff:  0.0, Sum:  0.0, Workers: 4
[34.697s][debug][gc,phases      ] GC(80)     Dead                           Min: 0, Avg:  0.0, Max: 0, Diff: 0, Sum: 0, Workers: 4
[34.697s][debug][gc,phases      ] GC(80)     Total                          Min: 0, Avg: 107.5, Max: 384, Diff: 384, Sum: 430, Workers: 4
[34.697s][debug][gc,phases      ] GC(80)   JVMTI Tag Weak OopStorage      Min:  0.0, Avg:  0.0, Max:  0.0, Diff:  0.0, Sum:  0.0, Workers: 4
[34.697s][debug][gc,phases      ] GC(80)     Dead                           Min: 0, Avg:  0.0, Max: 0, Diff: 0, Sum: 0, Workers: 4
[34.697s][debug][gc,phases      ] GC(80)     Total                          Min: 0, Avg:  0.0, Max: 0, Diff: 0, Sum: 0, Workers: 4
[34.697s][debug][gc,phases      ] GC(80)   StringTable Weak               Min:  0.1, Avg:  0.1, Max:  0.1, Diff:  0.0, Sum:  0.4, Workers: 4
[34.697s][debug][gc,phases      ] GC(80)     Dead                           Min: 0, Avg:  0.5, Max: 2, Diff: 2, Sum: 2, Workers: 4
[34.697s][debug][gc,phases      ] GC(80)     Total                          Min: 9664, Avg: 10954.2, Max: 12649, Diff: 2985, Sum: 43817, Workers: 4
[34.697s][debug][gc,phases      ] GC(80)   ResolvedMethodTable Weak       Min:  0.0, Avg:  0.0, Max:  0.0, Diff:  0.0, Sum:  0.1, Workers: 4
[34.697s][debug][gc,phases      ] GC(80)     Dead                           Min: 0, Avg:  0.0, Max: 0, Diff: 0, Sum: 0, Workers: 4
[34.697s][debug][gc,phases      ] GC(80)     Total                          Min: 1663, Avg: 1896.8, Max: 2213, Diff: 550, Sum: 7587, Workers: 4
[34.697s][debug][gc,phases      ] GC(80)   JNI Weak                       Min:  0.0, Avg:  0.0, Max:  0.0, Diff:  0.0, Sum:  0.0, Workers: 4
[34.697s][debug][gc,phases      ] GC(80)     Dead                           Min: 0, Avg:  0.0, Max: 0, Diff: 0, Sum: 0, Workers: 4
[34.697s][debug][gc,phases      ] GC(80)     Total                          Min: 0, Avg:  2.0, Max: 8, Diff: 8, Sum: 8, Workers: 4
[34.697s][debug][gc,phases      ] GC(80)   StringDedup Table Weak         Min:  0.0, Avg:  0.0, Max:  0.0, Diff:  0.0, Sum:  0.0, Workers: 4
[34.697s][debug][gc,phases      ] GC(80)     Dead                           Min: 0, Avg:  0.0, Max: 0, Diff: 0, Sum: 0, Workers: 4
[34.697s][debug][gc,phases      ] GC(80)     Total                          Min: 0, Avg:  0.0, Max: 0, Diff: 0, Sum: 0, Workers: 4
[34.697s][debug][gc,phases      ] GC(80)   StringDedup Requests0 Weak     Min:  0.0, Avg:  0.0, Max:  0.0, Diff:  0.0, Sum:  0.0, Workers: 4
[34.697s][debug][gc,phases      ] GC(80)     Dead                           Min: 0, Avg:  0.0, Max: 0, Diff: 0, Sum: 0, Workers: 4
[34.697s][debug][gc,phases      ] GC(80)     Total                          Min: 0, Avg:  0.0, Max: 0, Diff: 0, Sum: 0, Workers: 4
[34.697s][debug][gc,phases      ] GC(80)   StringDedup Requests1 Weak     Min:  0.0, Avg:  0.0, Max:  0.0, Diff:  0.0, Sum:  0.0, Workers: 4
[34.697s][debug][gc,phases      ] GC(80)     Dead                           Min: 0, Avg:  0.0, Max: 0, Diff: 0, Sum: 0, Workers: 4
[34.697s][debug][gc,phases      ] GC(80)     Total                          Min: 0, Avg:  0.0, Max: 0, Diff: 0, Sum: 0, Workers: 4
[34.697s][debug][gc,phases      ] GC(80)   Weak JFR Old Object Samples    Min:  0.0, Avg:  0.0, Max:  0.0, Diff:  0.0, Sum:  0.0, Workers: 4
[34.697s][debug][gc,phases      ] GC(80)     Dead                           Min: 0, Avg:  0.0, Max: 0, Diff: 0, Sum: 0, Workers: 4
[34.697s][debug][gc,phases      ] GC(80)     Total                          Min: 0, Avg:  0.0, Max: 0, Diff: 0, Sum: 0, Workers: 4
[34.697s][debug][gc,phases      ] GC(80) Weak Processing 0.316ms
[34.697s][debug][gc,age         ] GC(80) Desired survivor size 111149056 bytes, new threshold 15 (max threshold 15)
[34.697s][info ][gc,heap        ] GC(80) PSYoungGen: 1927049K(1986048K)->53809K(1982464K) Eden: 1871360K(1871360K)->0K(1871360K) From: 55689K(114688K)->53809K(111104K)
[34.697s][info ][gc,heap        ] GC(80) ParOldGen: 586877K(615424K)->590655K(615424K)
[34.697s][info ][gc,metaspace   ] GC(80) Metaspace: 71410K(72256K)->71410K(72256K) NonClass: 61090K(61568K)->61090K(61568K) Class: 10320K(10688K)->10320K(10688K)
[34.697s][info ][gc             ] GC(80) Pause Young (Allocation Failure) 2455M->629M(2537M) 25.151ms
[34.697s][info ][gc,cpu         ] GC(80) User=0.11s Sys=0.00s Real=0.02s
[34.697s][info ][safepoint      ] Safepoint "ParallelGCFailedAllocation", Time since last: 113493562 ns, Reaching safepoint: 165704 ns, At safepoint: 25262493 ns, Total: 25428197 ns
[34.934s][info ][safepoint      ] Safepoint "ICBufferFull", Time since last: 236712049 ns, Reaching safepoint: 291507 ns, At safepoint: 23400 ns, Total: 314907 ns
[35.116s][info ][gc,start       ] GC(81) Pause Young (Allocation Failure)
[35.136s][debug][gc,phases      ] GC(81) Scavenge 20.116ms
[35.136s][debug][gc,ref         ] GC(81) Skipped phase 1 of Reference Processing: no references
[35.137s][debug][gc,ref         ] GC(81) ReferenceProcessor::execute queues: 1, RefProcThreadModel::Single, marks_oops_alive: false
[35.137s][debug][gc,ref         ] GC(81) Skipped phase 3 of Reference Processing: no references
[35.137s][debug][gc,ref         ] GC(81) ReferenceProcessor::execute queues: 1, RefProcThreadModel::Single, marks_oops_alive: false
[35.137s][debug][gc,phases      ] GC(81) Reference Processing 0.122ms
[35.137s][debug][gc,phases      ] GC(81)   VM Weak                        Min:  0.0, Avg:  0.0, Max:  0.0, Diff:  0.0, Sum:  0.0, Workers: 4
[35.137s][debug][gc,phases      ] GC(81)     Dead                           Min: 0, Avg:  0.0, Max: 0, Diff: 0, Sum: 0, Workers: 4
[35.137s][debug][gc,phases      ] GC(81)     Total                          Min: 0, Avg: 154.5, Max: 384, Diff: 384, Sum: 618, Workers: 4
[35.137s][debug][gc,phases      ] GC(81)   ObjectSynchronizer Weak        Min:  0.0, Avg:  0.0, Max:  0.0, Diff:  0.0, Sum:  0.0, Workers: 4
[35.137s][debug][gc,phases      ] GC(81)     Dead                           Min: 0, Avg:  0.0, Max: 0, Diff: 0, Sum: 0, Workers: 4
[35.137s][debug][gc,phases      ] GC(81)     Total                          Min: 0, Avg: 107.5, Max: 302, Diff: 302, Sum: 430, Workers: 4
[35.137s][debug][gc,phases      ] GC(81)   JVMTI Tag Weak OopStorage      Min:  0.0, Avg:  0.0, Max:  0.0, Diff:  0.0, Sum:  0.0, Workers: 4
[35.137s][debug][gc,phases      ] GC(81)     Dead                           Min: 0, Avg:  0.0, Max: 0, Diff: 0, Sum: 0, Workers: 4
[35.137s][debug][gc,phases      ] GC(81)     Total                          Min: 0, Avg:  0.0, Max: 0, Diff: 0, Sum: 0, Workers: 4
[35.137s][debug][gc,phases      ] GC(81)   StringTable Weak               Min:  0.1, Avg:  0.1, Max:  0.1, Diff:  0.0, Sum:  0.4, Workers: 4
[35.137s][debug][gc,phases      ] GC(81)     Dead                           Min: 0, Avg:  0.5, Max: 1, Diff: 1, Sum: 2, Workers: 4
[35.137s][debug][gc,phases      ] GC(81)     Total                          Min: 9792, Avg: 10965.0, Max: 11477, Diff: 1685, Sum: 43860, Workers: 4
[35.137s][debug][gc,phases      ] GC(81)   ResolvedMethodTable Weak       Min:  0.0, Avg:  0.0, Max:  0.0, Diff:  0.0, Sum:  0.1, Workers: 4
[35.137s][debug][gc,phases      ] GC(81)     Dead                           Min: 0, Avg:  0.0, Max: 0, Diff: 0, Sum: 0, Workers: 4
[35.137s][debug][gc,phases      ] GC(81)     Total                          Min: 1729, Avg: 1904.2, Max: 2048, Diff: 319, Sum: 7617, Workers: 4
[35.137s][debug][gc,phases      ] GC(81)   JNI Weak                       Min:  0.0, Avg:  0.0, Max:  0.0, Diff:  0.0, Sum:  0.0, Workers: 4
[35.137s][debug][gc,phases      ] GC(81)     Dead                           Min: 0, Avg:  0.0, Max: 0, Diff: 0, Sum: 0, Workers: 4
[35.137s][debug][gc,phases      ] GC(81)     Total                          Min: 0, Avg:  7.0, Max: 28, Diff: 28, Sum: 28, Workers: 4
[35.137s][debug][gc,phases      ] GC(81)   StringDedup Table Weak         Min:  0.0, Avg:  0.0, Max:  0.0, Diff:  0.0, Sum:  0.0, Workers: 4
[35.137s][debug][gc,phases      ] GC(81)     Dead                           Min: 0, Avg:  0.0, Max: 0, Diff: 0, Sum: 0, Workers: 4
[35.137s][debug][gc,phases      ] GC(81)     Total                          Min: 0, Avg:  0.0, Max: 0, Diff: 0, Sum: 0, Workers: 4
[35.137s][debug][gc,phases      ] GC(81)   StringDedup Requests0 Weak     Min:  0.0, Avg:  0.0, Max:  0.0, Diff:  0.0, Sum:  0.0, Workers: 4
[35.137s][debug][gc,phases      ] GC(81)     Dead                           Min: 0, Avg:  0.0, Max: 0, Diff: 0, Sum: 0, Workers: 4
[35.137s][debug][gc,phases      ] GC(81)     Total                          Min: 0, Avg:  0.0, Max: 0, Diff: 0, Sum: 0, Workers: 4
[35.137s][debug][gc,phases      ] GC(81)   StringDedup Requests1 Weak     Min:  0.0, Avg:  0.0, Max:  0.0, Diff:  0.0, Sum:  0.0, Workers: 4
[35.137s][debug][gc,phases      ] GC(81)     Dead                           Min: 0, Avg:  0.0, Max: 0, Diff: 0, Sum: 0, Workers: 4
[35.137s][debug][gc,phases      ] GC(81)     Total                          Min: 0, Avg:  0.0, Max: 0, Diff: 0, Sum: 0, Workers: 4
[35.137s][debug][gc,phases      ] GC(81)   Weak JFR Old Object Samples    Min:  0.0, Avg:  0.0, Max:  0.0, Diff:  0.0, Sum:  0.0, Workers: 4
[35.137s][debug][gc,phases      ] GC(81)     Dead                           Min: 0, Avg:  0.0, Max: 0, Diff: 0, Sum: 0, Workers: 4
[35.137s][debug][gc,phases      ] GC(81)     Total                          Min: 0, Avg:  0.0, Max: 0, Diff: 0, Sum: 0, Workers: 4
[35.137s][debug][gc,phases      ] GC(81) Weak Processing 0.306ms
[35.137s][debug][gc,age         ] GC(81) Desired survivor size 109051904 bytes, new threshold 15 (max threshold 15)
[35.137s][info ][gc,heap        ] GC(81) PSYoungGen: 1925169K(1982464K)->51104K(1990656K) Eden: 1871360K(1871360K)->0K(1882112K) From: 53809K(111104K)->51104K(108544K)
[35.137s][info ][gc,heap        ] GC(81) ParOldGen: 590655K(615424K)->594013K(615424K)
[35.137s][info ][gc,metaspace   ] GC(81) Metaspace: 71693K(72512K)->71693K(72512K) NonClass: 61346K(61824K)->61346K(61824K) Class: 10347K(10688K)->10347K(10688K)
[35.137s][info ][gc             ] GC(81) Pause Young (Allocation Failure) 2456M->629M(2545M) 20.669ms
[35.137s][info ][gc,cpu         ] GC(81) User=0.08s Sys=0.00s Real=0.02s
[35.137s][info ][safepoint      ] Safepoint "ParallelGCFailedAllocation", Time since last: 181813563 ns, Reaching safepoint: 164304 ns, At safepoint: 20781787 ns, Total: 20946091 ns
[35.501s][info ][safepoint      ] Safepoint "ICBufferFull", Time since last: 363365118 ns, Reaching safepoint: 218906 ns, At safepoint: 27800 ns, Total: 246706 ns
[35.651s][info ][gc,start       ] GC(82) Pause Young (Allocation Failure)
[35.682s][debug][gc,phases      ] GC(82) Scavenge 31.075ms
[35.682s][debug][gc,ref         ] GC(82) Skipped phase 1 of Reference Processing: no references
[35.682s][debug][gc,ref         ] GC(82) ReferenceProcessor::execute queues: 1, RefProcThreadModel::Single, marks_oops_alive: false
[35.682s][debug][gc,ref         ] GC(82) Skipped phase 3 of Reference Processing: no references
[35.682s][debug][gc,ref         ] GC(82) ReferenceProcessor::execute queues: 1, RefProcThreadModel::Single, marks_oops_alive: false
[35.682s][debug][gc,phases      ] GC(82) Reference Processing 0.141ms
[35.682s][debug][gc,phases      ] GC(82)   VM Weak                        Min:  0.0, Avg:  0.0, Max:  0.0, Diff:  0.0, Sum:  0.0, Workers: 4
[35.682s][debug][gc,phases      ] GC(82)     Dead                           Min: 0, Avg:  0.0, Max: 0, Diff: 0, Sum: 0, Workers: 4
[35.682s][debug][gc,phases      ] GC(82)     Total                          Min: 0, Avg: 154.5, Max: 320, Diff: 320, Sum: 618, Workers: 4
[35.682s][debug][gc,phases      ] GC(82)   ObjectSynchronizer Weak        Min:  0.0, Avg:  0.0, Max:  0.0, Diff:  0.0, Sum:  0.0, Workers: 4
[35.682s][debug][gc,phases      ] GC(82)     Dead                           Min: 0, Avg:  0.0, Max: 0, Diff: 0, Sum: 0, Workers: 4
[35.682s][debug][gc,phases      ] GC(82)     Total                          Min: 0, Avg: 107.5, Max: 192, Diff: 192, Sum: 430, Workers: 4
[35.682s][debug][gc,phases      ] GC(82)   JVMTI Tag Weak OopStorage      Min:  0.0, Avg:  0.0, Max:  0.0, Diff:  0.0, Sum:  0.0, Workers: 4
[35.682s][debug][gc,phases      ] GC(82)     Dead                           Min: 0, Avg:  0.0, Max: 0, Diff: 0, Sum: 0, Workers: 4
[35.682s][debug][gc,phases      ] GC(82)     Total                          Min: 0, Avg:  0.0, Max: 0, Diff: 0, Sum: 0, Workers: 4
[35.682s][debug][gc,phases      ] GC(82)   StringTable Weak               Min:  0.1, Avg:  0.1, Max:  0.1, Diff:  0.0, Sum:  0.4, Workers: 4
[35.682s][debug][gc,phases      ] GC(82)     Dead                           Min: 0, Avg:  0.0, Max: 0, Diff: 0, Sum: 0, Workers: 4
[35.682s][debug][gc,phases      ] GC(82)     Total                          Min: 10368, Avg: 10966.8, Max: 12288, Diff: 1920, Sum: 43867, Workers: 4
[35.682s][debug][gc,phases      ] GC(82)   ResolvedMethodTable Weak       Min:  0.0, Avg:  0.0, Max:  0.0, Diff:  0.0, Sum:  0.1, Workers: 4
[35.682s][debug][gc,phases      ] GC(82)     Dead                           Min: 0, Avg:  0.0, Max: 0, Diff: 0, Sum: 0, Workers: 4
[35.682s][debug][gc,phases      ] GC(82)     Total                          Min: 1727, Avg: 1905.2, Max: 2182, Diff: 455, Sum: 7621, Workers: 4
[35.682s][debug][gc,phases      ] GC(82)   JNI Weak                       Min:  0.0, Avg:  0.0, Max:  0.0, Diff:  0.0, Sum:  0.0, Workers: 4
[35.682s][debug][gc,phases      ] GC(82)     Dead                           Min: 0, Avg:  0.0, Max: 0, Diff: 0, Sum: 0, Workers: 4
[35.682s][debug][gc,phases      ] GC(82)     Total                          Min: 0, Avg:  3.8, Max: 15, Diff: 15, Sum: 15, Workers: 4
[35.682s][debug][gc,phases      ] GC(82)   StringDedup Table Weak         Min:  0.0, Avg:  0.0, Max:  0.0, Diff:  0.0, Sum:  0.0, Workers: 4
[35.682s][debug][gc,phases      ] GC(82)     Dead                           Min: 0, Avg:  0.0, Max: 0, Diff: 0, Sum: 0, Workers: 4
[35.682s][debug][gc,phases      ] GC(82)     Total                          Min: 0, Avg:  0.0, Max: 0, Diff: 0, Sum: 0, Workers: 4
[35.682s][debug][gc,phases      ] GC(82)   StringDedup Requests0 Weak     Min:  0.0, Avg:  0.0, Max:  0.0, Diff:  0.0, Sum:  0.0, Workers: 4
[35.682s][debug][gc,phases      ] GC(82)     Dead                           Min: 0, Avg:  0.0, Max: 0, Diff: 0, Sum: 0, Workers: 4
[35.682s][debug][gc,phases      ] GC(82)     Total                          Min: 0, Avg:  0.0, Max: 0, Diff: 0, Sum: 0, Workers: 4
[35.682s][debug][gc,phases      ] GC(82)   StringDedup Requests1 Weak     Min:  0.0, Avg:  0.0, Max:  0.0, Diff:  0.0, Sum:  0.0, Workers: 4
[35.682s][debug][gc,phases      ] GC(82)     Dead                           Min: 0, Avg:  0.0, Max: 0, Diff: 0, Sum: 0, Workers: 4
[35.682s][debug][gc,phases      ] GC(82)     Total                          Min: 0, Avg:  0.0, Max: 0, Diff: 0, Sum: 0, Workers: 4
[35.682s][debug][gc,phases      ] GC(82)   Weak JFR Old Object Samples    Min:  0.0, Avg:  0.0, Max:  0.0, Diff:  0.0, Sum:  0.0, Workers: 4
[35.682s][debug][gc,phases      ] GC(82)     Dead                           Min: 0, Avg:  0.0, Max: 0, Diff: 0, Sum: 0, Workers: 4
[35.682s][debug][gc,phases      ] GC(82)     Total                          Min: 0, Avg:  0.0, Max: 0, Diff: 0, Sum: 0, Workers: 4
[35.682s][debug][gc,phases      ] GC(82) Weak Processing 0.330ms
[35.682s][debug][gc,age         ] GC(82) Desired survivor size 105381888 bytes, new threshold 15 (max threshold 15)
[35.682s][info ][gc,heap        ] GC(82) PSYoungGen: 1933216K(1990656K)->57536K(1988608K) Eden: 1882112K(1882112K)->0K(1882112K) From: 51104K(108544K)->57536K(106496K)
[35.682s][info ][gc,heap        ] GC(82) ParOldGen: 594013K(615424K)->595969K(615424K)
[35.682s][info ][gc,metaspace   ] GC(82) Metaspace: 71793K(72576K)->71793K(72576K) NonClass: 61443K(61888K)->61443K(61888K) Class: 10349K(10688K)->10349K(10688K)
[35.682s][info ][gc             ] GC(82) Pause Young (Allocation Failure) 2467M->638M(2543M) 31.671ms
[35.682s][info ][gc,cpu         ] GC(82) User=0.15s Sys=0.00s Real=0.03s
[35.683s][info ][safepoint      ] Safepoint "ParallelGCFailedAllocation", Time since last: 149937115 ns, Reaching safepoint: 145804 ns, At safepoint: 31777745 ns, Total: 31923549 ns
[36.132s][info ][safepoint      ] Safepoint "ParallelGCFailedAllocation", Time since last: 446851971 ns, Reaching safepoint: 2256053 ns, At safepoint: 35801 ns, Total: 2291854 ns
[36.135s][info ][gc,start       ] GC(83) Pause Young (GCLocker Initiated GC)
[36.168s][debug][gc,phases      ] GC(83) Scavenge 32.672ms
[36.168s][debug][gc,ref         ] GC(83) Skipped phase 1 of Reference Processing: no references
[36.168s][debug][gc,ref         ] GC(83) ReferenceProcessor::execute queues: 1, RefProcThreadModel::Single, marks_oops_alive: false
[36.168s][debug][gc,ref         ] GC(83) Skipped phase 3 of Reference Processing: no references
[36.168s][debug][gc,ref         ] GC(83) ReferenceProcessor::execute queues: 1, RefProcThreadModel::Single, marks_oops_alive: false
[36.168s][debug][gc,phases      ] GC(83) Reference Processing 0.163ms
[36.168s][debug][gc,phases      ] GC(83)   VM Weak                        Min:  0.0, Avg:  0.0, Max:  0.0, Diff:  0.0, Sum:  0.0, Workers: 4
[36.168s][debug][gc,phases      ] GC(83)     Dead                           Min: 0, Avg:  0.0, Max: 0, Diff: 0, Sum: 0, Workers: 4
[36.168s][debug][gc,phases      ] GC(83)     Total                          Min: 0, Avg: 154.5, Max: 554, Diff: 554, Sum: 618, Workers: 4
[36.168s][debug][gc,phases      ] GC(83)   ObjectSynchronizer Weak        Min:  0.0, Avg:  0.0, Max:  0.0, Diff:  0.0, Sum:  0.0, Workers: 4
[36.168s][debug][gc,phases      ] GC(83)     Dead                           Min: 0, Avg:  0.0, Max: 0, Diff: 0, Sum: 0, Workers: 4
[36.168s][debug][gc,phases      ] GC(83)     Total                          Min: 0, Avg: 107.5, Max: 302, Diff: 302, Sum: 430, Workers: 4
[36.168s][debug][gc,phases      ] GC(83)   JVMTI Tag Weak OopStorage      Min:  0.0, Avg:  0.0, Max:  0.0, Diff:  0.0, Sum:  0.0, Workers: 4
[36.168s][debug][gc,phases      ] GC(83)     Dead                           Min: 0, Avg:  0.0, Max: 0, Diff: 0, Sum: 0, Workers: 4
[36.168s][debug][gc,phases      ] GC(83)     Total                          Min: 0, Avg:  0.0, Max: 0, Diff: 0, Sum: 0, Workers: 4
[36.168s][debug][gc,phases      ] GC(83)   StringTable Weak               Min:  0.1, Avg:  0.1, Max:  0.1, Diff:  0.0, Sum:  0.4, Workers: 4
[36.168s][debug][gc,phases      ] GC(83)     Dead                           Min: 0, Avg:  0.0, Max: 0, Diff: 0, Sum: 0, Workers: 4
[36.168s][debug][gc,phases      ] GC(83)     Total                          Min: 10496, Avg: 10967.8, Max: 11520, Diff: 1024, Sum: 43871, Workers: 4
[36.168s][debug][gc,phases      ] GC(83)   ResolvedMethodTable Weak       Min:  0.0, Avg:  0.0, Max:  0.0, Diff:  0.0, Sum:  0.1, Workers: 4
[36.168s][debug][gc,phases      ] GC(83)     Dead                           Min: 0, Avg:  0.0, Max: 0, Diff: 0, Sum: 0, Workers: 4
[36.168s][debug][gc,phases      ] GC(83)     Total                          Min: 1854, Avg: 1905.2, Max: 1991, Diff: 137, Sum: 7621, Workers: 4
[36.168s][debug][gc,phases      ] GC(83)   JNI Weak                       Min:  0.0, Avg:  0.0, Max:  0.0, Diff:  0.0, Sum:  0.0, Workers: 4
[36.168s][debug][gc,phases      ] GC(83)     Dead                           Min: 0, Avg:  0.0, Max: 0, Diff: 0, Sum: 0, Workers: 4
[36.168s][debug][gc,phases      ] GC(83)     Total                          Min: 0, Avg:  2.8, Max: 11, Diff: 11, Sum: 11, Workers: 4
[36.168s][debug][gc,phases      ] GC(83)   StringDedup Table Weak         Min:  0.0, Avg:  0.0, Max:  0.0, Diff:  0.0, Sum:  0.0, Workers: 4
[36.168s][debug][gc,phases      ] GC(83)     Dead                           Min: 0, Avg:  0.0, Max: 0, Diff: 0, Sum: 0, Workers: 4
[36.168s][debug][gc,phases      ] GC(83)     Total                          Min: 0, Avg:  0.0, Max: 0, Diff: 0, Sum: 0, Workers: 4
[36.168s][debug][gc,phases      ] GC(83)   StringDedup Requests0 Weak     Min:  0.0, Avg:  0.0, Max:  0.0, Diff:  0.0, Sum:  0.0, Workers: 4
[36.168s][debug][gc,phases      ] GC(83)     Dead                           Min: 0, Avg:  0.0, Max: 0, Diff: 0, Sum: 0, Workers: 4
[36.168s][debug][gc,phases      ] GC(83)     Total                          Min: 0, Avg:  0.0, Max: 0, Diff: 0, Sum: 0, Workers: 4
[36.168s][debug][gc,phases      ] GC(83)   StringDedup Requests1 Weak     Min:  0.0, Avg:  0.0, Max:  0.0, Diff:  0.0, Sum:  0.0, Workers: 4
[36.168s][debug][gc,phases      ] GC(83)     Dead                           Min: 0, Avg:  0.0, Max: 0, Diff: 0, Sum: 0, Workers: 4
[36.168s][debug][gc,phases      ] GC(83)     Total                          Min: 0, Avg:  0.0, Max: 0, Diff: 0, Sum: 0, Workers: 4
[36.168s][debug][gc,phases      ] GC(83)   Weak JFR Old Object Samples    Min:  0.0, Avg:  0.0, Max:  0.0, Diff:  0.0, Sum:  0.0, Workers: 4
[36.168s][debug][gc,phases      ] GC(83)     Dead                           Min: 0, Avg:  0.0, Max: 0, Diff: 0, Sum: 0, Workers: 4
[36.168s][debug][gc,phases      ] GC(83)     Total                          Min: 0, Avg:  0.0, Max: 0, Diff: 0, Sum: 0, Workers: 4
[36.168s][debug][gc,phases      ] GC(83) Weak Processing 0.316ms
[36.168s][debug][gc,age         ] GC(83) Desired survivor size 102760448 bytes, new threshold 15 (max threshold 15)
[36.168s][info ][gc,heap        ] GC(83) PSYoungGen: 1939648K(1988608K)->53568K(1996800K) Eden: 1882112K(1882112K)->0K(1893888K) From: 57536K(106496K)->53568K(102912K)
[36.168s][info ][gc,heap        ] GC(83) ParOldGen: 596257K(615424K)->605557K(615424K)
[36.168s][info ][gc,metaspace   ] GC(83) Metaspace: 71905K(72640K)->71905K(72640K) NonClass: 61555K(61952K)->61555K(61952K) Class: 10349K(10688K)->10349K(10688K)
[36.168s][info ][gc             ] GC(83) Pause Young (GCLocker Initiated GC) 2476M->643M(2551M) 33.295ms
[36.168s][info ][gc,cpu         ] GC(83) User=0.14s Sys=0.01s Real=0.03s
[36.169s][debug][gc,phases      ] GC(84) Pre Compact 0.010ms
[36.169s][info ][gc,start       ] GC(84) Pause Full (Ergonomics)
[36.169s][info ][gc,phases,start] GC(84) Marking Phase
[36.283s][debug][gc,phases      ] GC(84) Par Mark 114.756ms
[36.283s][debug][gc,ref         ] GC(84) Skipped phase 1 of Reference Processing: no references
[36.284s][debug][gc,ref         ] GC(84) ReferenceProcessor::execute queues: 4, RefProcThreadModel::Multi, marks_oops_alive: false
[36.284s][debug][gc,ref         ] GC(84) Skipped phase 3 of Reference Processing: no references
[36.284s][debug][gc,ref         ] GC(84) ReferenceProcessor::execute queues: 1, RefProcThreadModel::Single, marks_oops_alive: false
[36.284s][debug][gc,phases      ] GC(84) Reference Processing 0.483ms
[36.284s][debug][gc,phases      ] GC(84)   VM Weak                        Min:  0.0, Avg:  0.0, Max:  0.0, Diff:  0.0, Sum:  0.0, Workers: 4
[36.284s][debug][gc,phases      ] GC(84)     Dead                           Min: 0, Avg:  0.0, Max: 0, Diff: 0, Sum: 0, Workers: 4
[36.284s][debug][gc,phases      ] GC(84)     Total                          Min: 0, Avg: 154.5, Max: 490, Diff: 490, Sum: 618, Workers: 4
[36.284s][debug][gc,phases      ] GC(84)   ObjectSynchronizer Weak        Min:  0.0, Avg:  0.0, Max:  0.0, Diff:  0.0, Sum:  0.0, Workers: 4
[36.284s][debug][gc,phases      ] GC(84)     Dead                           Min: 0, Avg:  0.0, Max: 0, Diff: 0, Sum: 0, Workers: 4
[36.284s][debug][gc,phases      ] GC(84)     Total                          Min: 0, Avg: 107.5, Max: 238, Diff: 238, Sum: 430, Workers: 4
[36.284s][debug][gc,phases      ] GC(84)   JVMTI Tag Weak OopStorage      Min:  0.0, Avg:  0.0, Max:  0.0, Diff:  0.0, Sum:  0.0, Workers: 4
[36.284s][debug][gc,phases      ] GC(84)     Dead                           Min: 0, Avg:  0.0, Max: 0, Diff: 0, Sum: 0, Workers: 4
[36.284s][debug][gc,phases      ] GC(84)     Total                          Min: 0, Avg:  0.0, Max: 0, Diff: 0, Sum: 0, Workers: 4
[36.284s][debug][gc,phases      ] GC(84)   StringTable Weak               Min:  0.1, Avg:  0.1, Max:  0.1, Diff:  0.0, Sum:  0.6, Workers: 4
[36.284s][debug][gc,phases      ] GC(84)     Dead                           Min: 0, Avg:  0.0, Max: 0, Diff: 0, Sum: 0, Workers: 4
[36.284s][debug][gc,phases      ] GC(84)     Total                          Min: 10239, Avg: 10967.8, Max: 11296, Diff: 1057, Sum: 43871, Workers: 4
[36.284s][debug][gc,phases      ] GC(84)   ResolvedMethodTable Weak       Min:  0.0, Avg:  0.0, Max:  0.0, Diff:  0.0, Sum:  0.1, Workers: 4
[36.284s][debug][gc,phases      ] GC(84)     Dead                           Min: 0, Avg:  0.0, Max: 0, Diff: 0, Sum: 0, Workers: 4
[36.284s][debug][gc,phases      ] GC(84)     Total                          Min: 1280, Avg: 1905.2, Max: 2175, Diff: 895, Sum: 7621, Workers: 4
[36.284s][debug][gc,phases      ] GC(84)   JNI Weak                       Min:  0.0, Avg:  0.0, Max:  0.0, Diff:  0.0, Sum:  0.0, Workers: 4
[36.284s][debug][gc,phases      ] GC(84)     Dead                           Min: 0, Avg:  0.0, Max: 0, Diff: 0, Sum: 0, Workers: 4
[36.284s][debug][gc,phases      ] GC(84)     Total                          Min: 0, Avg:  2.8, Max: 11, Diff: 11, Sum: 11, Workers: 4
[36.284s][debug][gc,phases      ] GC(84)   StringDedup Table Weak         Min:  0.0, Avg:  0.0, Max:  0.0, Diff:  0.0, Sum:  0.0, Workers: 4
[36.284s][debug][gc,phases      ] GC(84)     Dead                           Min: 0, Avg:  0.0, Max: 0, Diff: 0, Sum: 0, Workers: 4
[36.284s][debug][gc,phases      ] GC(84)     Total                          Min: 0, Avg:  0.0, Max: 0, Diff: 0, Sum: 0, Workers: 4
[36.284s][debug][gc,phases      ] GC(84)   StringDedup Requests0 Weak     Min:  0.0, Avg:  0.0, Max:  0.0, Diff:  0.0, Sum:  0.0, Workers: 4
[36.284s][debug][gc,phases      ] GC(84)     Dead                           Min: 0, Avg:  0.0, Max: 0, Diff: 0, Sum: 0, Workers: 4
[36.284s][debug][gc,phases      ] GC(84)     Total                          Min: 0, Avg:  0.0, Max: 0, Diff: 0, Sum: 0, Workers: 4
[36.284s][debug][gc,phases      ] GC(84)   StringDedup Requests1 Weak     Min:  0.0, Avg:  0.0, Max:  0.0, Diff:  0.0, Sum:  0.0, Workers: 4
[36.284s][debug][gc,phases      ] GC(84)     Dead                           Min: 0, Avg:  0.0, Max: 0, Diff: 0, Sum: 0, Workers: 4
[36.284s][debug][gc,phases      ] GC(84)     Total                          Min: 0, Avg:  0.0, Max: 0, Diff: 0, Sum: 0, Workers: 4
[36.284s][debug][gc,phases      ] GC(84)   Weak JFR Old Object Samples    Min:  0.0, Avg:  0.0, Max:  0.0, Diff:  0.0, Sum:  0.0, Workers: 4
[36.284s][debug][gc,phases      ] GC(84)     Dead                           Min: 0, Avg:  0.0, Max: 0, Diff: 0, Sum: 0, Workers: 4
[36.284s][debug][gc,phases      ] GC(84)     Total                          Min: 0, Avg:  0.0, Max: 0, Diff: 0, Sum: 0, Workers: 4
[36.284s][debug][gc,phases      ] GC(84) Weak Processing 0.366ms
[36.284s][debug][gc,phases      ] GC(84) ClassLoaderData 0.082ms
[36.284s][debug][gc,phases      ] GC(84) Trigger cleanups 0.000ms
[36.296s][debug][gc,phases      ] GC(84) Class Unloading 11.233ms
[36.296s][info ][gc,phases      ] GC(84) Marking Phase 127.011ms
[36.296s][info ][gc,phases,start] GC(84) Summary Phase
[36.296s][info ][gc,phases      ] GC(84) Summary Phase 0.022ms
[36.296s][info ][gc,phases,start] GC(84) Adjust Roots
[36.304s][info ][gc,phases      ] GC(84) Adjust Roots 8.422ms
[36.304s][info ][gc,phases,start] GC(84) Compaction Phase
[36.424s][info ][gc,phases      ] GC(84) Compaction Phase 120.001ms
[36.424s][info ][gc,phases,start] GC(84) Post Compact
[36.426s][info ][gc,phases      ] GC(84) Post Compact 2.017ms
[36.427s][info ][gc,heap        ] GC(84) PSYoungGen: 53568K(1996800K)->0K(1994240K) Eden: 0K(1893888K)->0K(1893888K) From: 53568K(102912K)->0K(100352K)
[36.427s][info ][gc,heap        ] GC(84) ParOldGen: 605557K(615424K)->366715K(456704K)
[36.427s][info ][gc,metaspace   ] GC(84) Metaspace: 71905K(72640K)->71905K(72640K) NonClass: 61555K(61952K)->61555K(61952K) Class: 10349K(10688K)->10349K(10688K)
[36.427s][info ][gc             ] GC(84) Pause Full (Ergonomics) 643M->358M(2393M) 258.032ms
[36.427s][info ][gc,cpu         ] GC(84) User=0.96s Sys=0.00s Real=0.26s
[36.433s][info ][safepoint      ] Safepoint "ParallelGCSystemGC", Time since last: 3362879 ns, Reaching safepoint: 120403 ns, At safepoint: 297609674 ns, Total: 297730077 ns
[36.885s][info ][gc,start       ] GC(85) Pause Young (Allocation Failure)
[36.889s][debug][gc,phases      ] GC(85) Scavenge 4.618ms
[36.889s][debug][gc,ref         ] GC(85) Skipped phase 1 of Reference Processing: no references
[36.889s][debug][gc,ref         ] GC(85) Skipped phase 2 of Reference Processing: no references
[36.889s][debug][gc,ref         ] GC(85) Skipped phase 3 of Reference Processing: no references
[36.889s][debug][gc,ref         ] GC(85) ReferenceProcessor::execute queues: 1, RefProcThreadModel::Single, marks_oops_alive: false
[36.889s][debug][gc,phases      ] GC(85) Reference Processing 0.108ms
[36.890s][debug][gc,phases      ] GC(85)   VM Weak                        Min:  0.0, Avg:  0.0, Max:  0.0, Diff:  0.0, Sum:  0.0, Workers: 4
[36.890s][debug][gc,phases      ] GC(85)     Dead                           Min: 0, Avg:  0.0, Max: 0, Diff: 0, Sum: 0, Workers: 4
[36.890s][debug][gc,phases      ] GC(85)     Total                          Min: 0, Avg: 154.5, Max: 554, Diff: 554, Sum: 618, Workers: 4
[36.890s][debug][gc,phases      ] GC(85)   ObjectSynchronizer Weak        Min:  0.0, Avg:  0.0, Max:  0.0, Diff:  0.0, Sum:  0.0, Workers: 4
[36.890s][debug][gc,phases      ] GC(85)     Dead                           Min: 0, Avg:  0.0, Max: 0, Diff: 0, Sum: 0, Workers: 4
[36.890s][debug][gc,phases      ] GC(85)     Total                          Min: 0, Avg: 107.5, Max: 174, Diff: 174, Sum: 430, Workers: 4
[36.890s][debug][gc,phases      ] GC(85)   JVMTI Tag Weak OopStorage      Min:  0.0, Avg:  0.0, Max:  0.0, Diff:  0.0, Sum:  0.0, Workers: 4
[36.890s][debug][gc,phases      ] GC(85)     Dead                           Min: 0, Avg:  0.0, Max: 0, Diff: 0, Sum: 0, Workers: 4
[36.890s][debug][gc,phases      ] GC(85)     Total                          Min: 0, Avg:  0.0, Max: 0, Diff: 0, Sum: 0, Workers: 4
[36.890s][debug][gc,phases      ] GC(85)   StringTable Weak               Min:  0.1, Avg:  0.1, Max:  0.1, Diff:  0.0, Sum:  0.4, Workers: 4
[36.890s][debug][gc,phases      ] GC(85)     Dead                           Min: 0, Avg:  0.0, Max: 0, Diff: 0, Sum: 0, Workers: 4
[36.890s][debug][gc,phases      ] GC(85)     Total                          Min: 10240, Avg: 10971.8, Max: 11456, Diff: 1216, Sum: 43887, Workers: 4
[36.890s][debug][gc,phases      ] GC(85)   ResolvedMethodTable Weak       Min:  0.0, Avg:  0.0, Max:  0.0, Diff:  0.0, Sum:  0.1, Workers: 4
[36.890s][debug][gc,phases      ] GC(85)     Dead                           Min: 0, Avg:  0.0, Max: 0, Diff: 0, Sum: 0, Workers: 4
[36.890s][debug][gc,phases      ] GC(85)     Total                          Min: 1798, Avg: 1905.5, Max: 1984, Diff: 186, Sum: 7622, Workers: 4
[36.890s][debug][gc,phases      ] GC(85)   JNI Weak                       Min:  0.0, Avg:  0.0, Max:  0.0, Diff:  0.0, Sum:  0.0, Workers: 4
[36.890s][debug][gc,phases      ] GC(85)     Dead                           Min: 0, Avg:  0.0, Max: 0, Diff: 0, Sum: 0, Workers: 4
[36.890s][debug][gc,phases      ] GC(85)     Total                          Min: 0, Avg:  2.0, Max: 8, Diff: 8, Sum: 8, Workers: 4
[36.890s][debug][gc,phases      ] GC(85)   StringDedup Table Weak         Min:  0.0, Avg:  0.0, Max:  0.0, Diff:  0.0, Sum:  0.0, Workers: 4
[36.890s][debug][gc,phases      ] GC(85)     Dead                           Min: 0, Avg:  0.0, Max: 0, Diff: 0, Sum: 0, Workers: 4
[36.890s][debug][gc,phases      ] GC(85)     Total                          Min: 0, Avg:  0.0, Max: 0, Diff: 0, Sum: 0, Workers: 4
[36.890s][debug][gc,phases      ] GC(85)   StringDedup Requests0 Weak     Min:  0.0, Avg:  0.0, Max:  0.0, Diff:  0.0, Sum:  0.0, Workers: 4
[36.890s][debug][gc,phases      ] GC(85)     Dead                           Min: 0, Avg:  0.0, Max: 0, Diff: 0, Sum: 0, Workers: 4
[36.890s][debug][gc,phases      ] GC(85)     Total                          Min: 0, Avg:  0.0, Max: 0, Diff: 0, Sum: 0, Workers: 4
[36.890s][debug][gc,phases      ] GC(85)   StringDedup Requests1 Weak     Min:  0.0, Avg:  0.0, Max:  0.0, Diff:  0.0, Sum:  0.0, Workers: 4
[36.890s][debug][gc,phases      ] GC(85)     Dead                           Min: 0, Avg:  0.0, Max: 0, Diff: 0, Sum: 0, Workers: 4
[36.890s][debug][gc,phases      ] GC(85)     Total                          Min: 0, Avg:  0.0, Max: 0, Diff: 0, Sum: 0, Workers: 4
[36.890s][debug][gc,phases      ] GC(85)   Weak JFR Old Object Samples    Min:  0.0, Avg:  0.0, Max:  0.0, Diff:  0.0, Sum:  0.0, Workers: 4
[36.890s][debug][gc,phases      ] GC(85)     Dead                           Min: 0, Avg:  0.0, Max: 0, Diff: 0, Sum: 0, Workers: 4
[36.890s][debug][gc,phases      ] GC(85)     Total                          Min: 0, Avg:  0.0, Max: 0, Diff: 0, Sum: 0, Workers: 4
[36.890s][debug][gc,phases      ] GC(85) Weak Processing 0.318ms
[36.890s][debug][gc,age         ] GC(85) Desired survivor size 108003328 bytes, new threshold 15 (max threshold 15)
[36.890s][info ][gc,heap        ] GC(85) PSYoungGen: 1893888K(1994240K)->5344K(1986560K) Eden: 1893888K(1893888K)->0K(1886208K) From: 0K(100352K)->5344K(100352K)
[36.890s][info ][gc,heap        ] GC(85) ParOldGen: 366716K(456704K)->366724K(456704K)
[36.890s][info ][gc,metaspace   ] GC(85) Metaspace: 72025K(72768K)->72025K(72768K) NonClass: 61668K(62080K)->61668K(62080K) Class: 10356K(10688K)->10356K(10688K)
[36.890s][info ][gc             ] GC(85) Pause Young (Allocation Failure) 2207M->363M(2386M) 5.162ms
[36.890s][info ][gc,cpu         ] GC(85) User=0.02s Sys=0.00s Real=0.00s
[36.890s][info ][safepoint      ] Safepoint "ParallelGCFailedAllocation", Time since last: 451545180 ns, Reaching safepoint: 288406 ns, At safepoint: 5268924 ns, Total: 5557330 ns
[37.318s][info ][gc,start       ] GC(86) Pause Young (Allocation Failure)
[37.320s][debug][gc,phases      ] GC(86) Scavenge 2.296ms
[37.320s][debug][gc,ref         ] GC(86) Skipped phase 1 of Reference Processing: no references
[37.320s][debug][gc,ref         ] GC(86) Skipped phase 2 of Reference Processing: no references
[37.320s][debug][gc,ref         ] GC(86) Skipped phase 3 of Reference Processing: no references
[37.320s][debug][gc,ref         ] GC(86) ReferenceProcessor::execute queues: 1, RefProcThreadModel::Single, marks_oops_alive: false
[37.320s][debug][gc,phases      ] GC(86) Reference Processing 0.110ms
[37.320s][debug][gc,phases      ] GC(86)   VM Weak                        Min:  0.0, Avg:  0.0, Max:  0.0, Diff:  0.0, Sum:  0.0, Workers: 4
[37.320s][debug][gc,phases      ] GC(86)     Dead                           Min: 0, Avg:  0.0, Max: 0, Diff: 0, Sum: 0, Workers: 4
[37.320s][debug][gc,phases      ] GC(86)     Total                          Min: 0, Avg: 154.5, Max: 618, Diff: 618, Sum: 618, Workers: 4
[37.320s][debug][gc,phases      ] GC(86)   ObjectSynchronizer Weak        Min:  0.0, Avg:  0.0, Max:  0.0, Diff:  0.0, Sum:  0.0, Workers: 4
[37.320s][debug][gc,phases      ] GC(86)     Dead                           Min: 0, Avg:  0.0, Max: 0, Diff: 0, Sum: 0, Workers: 4
[37.320s][debug][gc,phases      ] GC(86)     Total                          Min: 0, Avg: 107.5, Max: 256, Diff: 256, Sum: 430, Workers: 4
[37.320s][debug][gc,phases      ] GC(86)   JVMTI Tag Weak OopStorage      Min:  0.0, Avg:  0.0, Max:  0.0, Diff:  0.0, Sum:  0.0, Workers: 4
[37.320s][debug][gc,phases      ] GC(86)     Dead                           Min: 0, Avg:  0.0, Max: 0, Diff: 0, Sum: 0, Workers: 4
[37.320s][debug][gc,phases      ] GC(86)     Total                          Min: 0, Avg:  0.0, Max: 0, Diff: 0, Sum: 0, Workers: 4
[37.320s][debug][gc,phases      ] GC(86)   StringTable Weak               Min:  0.1, Avg:  0.1, Max:  0.1, Diff:  0.0, Sum:  0.4, Workers: 4
[37.320s][debug][gc,phases      ] GC(86)     Dead                           Min: 0, Avg:  0.0, Max: 0, Diff: 0, Sum: 0, Workers: 4
[37.320s][debug][gc,phases      ] GC(86)     Total                          Min: 10176, Avg: 10977.8, Max: 12352, Diff: 2176, Sum: 43911, Workers: 4
[37.320s][debug][gc,phases      ] GC(86)   ResolvedMethodTable Weak       Min:  0.0, Avg:  0.0, Max:  0.0, Diff:  0.0, Sum:  0.1, Workers: 4
[37.320s][debug][gc,phases      ] GC(86)     Dead                           Min: 0, Avg:  0.0, Max: 0, Diff: 0, Sum: 0, Workers: 4
[37.320s][debug][gc,phases      ] GC(86)     Total                          Min: 1856, Avg: 1905.5, Max: 2048, Diff: 192, Sum: 7622, Workers: 4
[37.320s][debug][gc,phases      ] GC(86)   JNI Weak                       Min:  0.0, Avg:  0.0, Max:  0.0, Diff:  0.0, Sum:  0.0, Workers: 4
[37.320s][debug][gc,phases      ] GC(86)     Dead                           Min: 0, Avg:  0.0, Max: 0, Diff: 0, Sum: 0, Workers: 4
[37.320s][debug][gc,phases      ] GC(86)     Total                          Min: 0, Avg:  0.5, Max: 2, Diff: 2, Sum: 2, Workers: 4
[37.320s][debug][gc,phases      ] GC(86)   StringDedup Table Weak         Min:  0.0, Avg:  0.0, Max:  0.0, Diff:  0.0, Sum:  0.0, Workers: 4
[37.320s][debug][gc,phases      ] GC(86)     Dead                           Min: 0, Avg:  0.0, Max: 0, Diff: 0, Sum: 0, Workers: 4
[37.320s][debug][gc,phases      ] GC(86)     Total                          Min: 0, Avg:  0.0, Max: 0, Diff: 0, Sum: 0, Workers: 4
[37.320s][debug][gc,phases      ] GC(86)   StringDedup Requests0 Weak     Min:  0.0, Avg:  0.0, Max:  0.0, Diff:  0.0, Sum:  0.0, Workers: 4
[37.320s][debug][gc,phases      ] GC(86)     Dead                           Min: 0, Avg:  0.0, Max: 0, Diff: 0, Sum: 0, Workers: 4
[37.320s][debug][gc,phases      ] GC(86)     Total                          Min: 0, Avg:  0.0, Max: 0, Diff: 0, Sum: 0, Workers: 4
[37.320s][debug][gc,phases      ] GC(86)   StringDedup Requests1 Weak     Min:  0.0, Avg:  0.0, Max:  0.0, Diff:  0.0, Sum:  0.0, Workers: 4
[37.320s][debug][gc,phases      ] GC(86)     Dead                           Min: 0, Avg:  0.0, Max: 0, Diff: 0, Sum: 0, Workers: 4
[37.320s][debug][gc,phases      ] GC(86)     Total                          Min: 0, Avg:  0.0, Max: 0, Diff: 0, Sum: 0, Workers: 4
[37.320s][debug][gc,phases      ] GC(86)   Weak JFR Old Object Samples    Min:  0.0, Avg:  0.0, Max:  0.0, Diff:  0.0, Sum:  0.0, Workers: 4
[37.320s][debug][gc,phases      ] GC(86)     Dead                           Min: 0, Avg:  0.0, Max: 0, Diff: 0, Sum: 0, Workers: 4
[37.320s][debug][gc,phases      ] GC(86)     Total                          Min: 0, Avg:  0.0, Max: 0, Diff: 0, Sum: 0, Workers: 4
[37.320s][debug][gc,phases      ] GC(86) Weak Processing 0.310ms
[37.320s][debug][gc,age         ] GC(86) Desired survivor size 112721920 bytes, new threshold 15 (max threshold 15)
[37.320s][info ][gc,heap        ] GC(86) PSYoungGen: 1891552K(1986560K)->1760K(1888256K) Eden: 1886208K(1886208K)->0K(1886208K) From: 5344K(100352K)->1760K(2048K)
[37.320s][info ][gc,heap        ] GC(86) ParOldGen: 366724K(456704K)->366732K(456704K)
[37.320s][info ][gc,metaspace   ] GC(86) Metaspace: 72049K(72832K)->72049K(72832K) NonClass: 61692K(62144K)->61692K(62144K) Class: 10357K(10688K)->10357K(10688K)
[37.320s][info ][gc             ] GC(86) Pause Young (Allocation Failure) 2205M->359M(2290M) 2.833ms
[37.320s][info ][gc,cpu         ] GC(86) User=0.01s Sys=0.00s Real=0.00s
[37.320s][info ][safepoint      ] Safepoint "ParallelGCFailedAllocation", Time since last: 427443012 ns, Reaching safepoint: 213305 ns, At safepoint: 2943769 ns, Total: 3157074 ns
[37.716s][info ][gc,start       ] GC(87) Pause Young (Allocation Failure)
[37.717s][debug][gc,phases      ] GC(87) Scavenge 1.719ms
[37.717s][debug][gc,ref         ] GC(87) Skipped phase 1 of Reference Processing: no references
[37.717s][debug][gc,ref         ] GC(87) Skipped phase 2 of Reference Processing: no references
[37.717s][debug][gc,ref         ] GC(87) Skipped phase 3 of Reference Processing: no references
[37.717s][debug][gc,ref         ] GC(87) Skipped phase 4 of Reference Processing: no references
[37.717s][debug][gc,phases      ] GC(87) Reference Processing 0.035ms
[37.718s][debug][gc,phases      ] GC(87)   VM Weak                        Min:  0.0, Avg:  0.0, Max:  0.0, Diff:  0.0, Sum:  0.0, Workers: 4
[37.718s][debug][gc,phases      ] GC(87)     Dead                           Min: 0, Avg:  0.0, Max: 0, Diff: 0, Sum: 0, Workers: 4
[37.718s][debug][gc,phases      ] GC(87)     Total                          Min: 0, Avg: 154.5, Max: 384, Diff: 384, Sum: 618, Workers: 4
[37.718s][debug][gc,phases      ] GC(87)   ObjectSynchronizer Weak        Min:  0.0, Avg:  0.0, Max:  0.0, Diff:  0.0, Sum:  0.0, Workers: 4
[37.718s][debug][gc,phases      ] GC(87)     Dead                           Min: 0, Avg:  0.0, Max: 0, Diff: 0, Sum: 0, Workers: 4
[37.718s][debug][gc,phases      ] GC(87)     Total                          Min: 46, Avg: 107.5, Max: 128, Diff: 82, Sum: 430, Workers: 4
[37.718s][debug][gc,phases      ] GC(87)   JVMTI Tag Weak OopStorage      Min:  0.0, Avg:  0.0, Max:  0.0, Diff:  0.0, Sum:  0.0, Workers: 4
[37.718s][debug][gc,phases      ] GC(87)     Dead                           Min: 0, Avg:  0.0, Max: 0, Diff: 0, Sum: 0, Workers: 4
[37.718s][debug][gc,phases      ] GC(87)     Total                          Min: 0, Avg:  0.0, Max: 0, Diff: 0, Sum: 0, Workers: 4
[37.718s][debug][gc,phases      ] GC(87)   StringTable Weak               Min:  0.1, Avg:  0.1, Max:  0.1, Diff:  0.0, Sum:  0.4, Workers: 4
[37.718s][debug][gc,phases      ] GC(87)     Dead                           Min: 0, Avg:  0.0, Max: 0, Diff: 0, Sum: 0, Workers: 4
[37.718s][debug][gc,phases      ] GC(87)     Total                          Min: 10112, Avg: 10978.0, Max: 12040, Diff: 1928, Sum: 43912, Workers: 4
[37.718s][debug][gc,phases      ] GC(87)   ResolvedMethodTable Weak       Min:  0.0, Avg:  0.0, Max:  0.0, Diff:  0.0, Sum:  0.1, Workers: 4
[37.718s][debug][gc,phases      ] GC(87)     Dead                           Min: 0, Avg:  0.0, Max: 0, Diff: 0, Sum: 0, Workers: 4
[37.718s][debug][gc,phases      ] GC(87)     Total                          Min: 1599, Avg: 1905.5, Max: 2303, Diff: 704, Sum: 7622, Workers: 4
[37.718s][debug][gc,phases      ] GC(87)   JNI Weak                       Min:  0.0, Avg:  0.0, Max:  0.0, Diff:  0.0, Sum:  0.0, Workers: 4
[37.718s][debug][gc,phases      ] GC(87)     Dead                           Min: 0, Avg:  0.0, Max: 0, Diff: 0, Sum: 0, Workers: 4
[37.718s][debug][gc,phases      ] GC(87)     Total                          Min: 0, Avg:  0.0, Max: 0, Diff: 0, Sum: 0, Workers: 4
[37.718s][debug][gc,phases      ] GC(87)   StringDedup Table Weak         Min:  0.0, Avg:  0.0, Max:  0.0, Diff:  0.0, Sum:  0.0, Workers: 4
[37.718s][debug][gc,phases      ] GC(87)     Dead                           Min: 0, Avg:  0.0, Max: 0, Diff: 0, Sum: 0, Workers: 4
[37.718s][debug][gc,phases      ] GC(87)     Total                          Min: 0, Avg:  0.0, Max: 0, Diff: 0, Sum: 0, Workers: 4
[37.718s][debug][gc,phases      ] GC(87)   StringDedup Requests0 Weak     Min:  0.0, Avg:  0.0, Max:  0.0, Diff:  0.0, Sum:  0.0, Workers: 4
[37.718s][debug][gc,phases      ] GC(87)     Dead                           Min: 0, Avg:  0.0, Max: 0, Diff: 0, Sum: 0, Workers: 4
[37.718s][debug][gc,phases      ] GC(87)     Total                          Min: 0, Avg:  0.0, Max: 0, Diff: 0, Sum: 0, Workers: 4
[37.718s][debug][gc,phases      ] GC(87)   StringDedup Requests1 Weak     Min:  0.0, Avg:  0.0, Max:  0.0, Diff:  0.0, Sum:  0.0, Workers: 4
[37.718s][debug][gc,phases      ] GC(87)     Dead                           Min: 0, Avg:  0.0, Max: 0, Diff: 0, Sum: 0, Workers: 4
[37.718s][debug][gc,phases      ] GC(87)     Total                          Min: 0, Avg:  0.0, Max: 0, Diff: 0, Sum: 0, Workers: 4
[37.718s][debug][gc,phases      ] GC(87)   Weak JFR Old Object Samples    Min:  0.0, Avg:  0.0, Max:  0.0, Diff:  0.0, Sum:  0.0, Workers: 4
[37.718s][debug][gc,phases      ] GC(87)     Dead                           Min: 0, Avg:  0.0, Max: 0, Diff: 0, Sum: 0, Workers: 4
[37.718s][debug][gc,phases      ] GC(87)     Total                          Min: 0, Avg:  0.0, Max: 0, Diff: 0, Sum: 0, Workers: 4
[37.718s][debug][gc,phases      ] GC(87) Weak Processing 0.289ms
[37.718s][debug][gc,age         ] GC(87) Desired survivor size 114819072 bytes, new threshold 15 (max threshold 15)
[37.718s][info ][gc,heap        ] GC(87) PSYoungGen: 1887968K(1888256K)->1280K(1982976K) Eden: 1886208K(1886208K)->0K(1872896K) From: 1760K(2048K)->1280K(110080K)
[37.718s][info ][gc,heap        ] GC(87) ParOldGen: 366732K(456704K)->366732K(456704K)
[37.718s][info ][gc,metaspace   ] GC(87) Metaspace: 72092K(72896K)->72092K(72896K) NonClass: 61735K(62208K)->61735K(62208K) Class: 10357K(10688K)->10357K(10688K)
[37.718s][info ][gc             ] GC(87) Pause Young (Allocation Failure) 2201M->359M(2382M) 2.165ms
[37.718s][info ][gc,cpu         ] GC(87) User=0.01s Sys=0.00s Real=0.00s
[37.718s][info ][safepoint      ] Safepoint "ParallelGCFailedAllocation", Time since last: 394976552 ns, Reaching safepoint: 200305 ns, At safepoint: 2275353 ns, Total: 2475658 ns
[37.978s][info ][safepoint      ] Safepoint "ICBufferFull", Time since last: 257968840 ns, Reaching safepoint: 2342355 ns, At safepoint: 31501 ns, Total: 2373856 ns
[38.134s][info ][gc,start       ] GC(88) Pause Young (Allocation Failure)
[38.136s][debug][gc,phases      ] GC(88) Scavenge 2.092ms
[38.136s][debug][gc,ref         ] GC(88) Skipped phase 1 of Reference Processing: no references
[38.136s][debug][gc,ref         ] GC(88) Skipped phase 2 of Reference Processing: no references
[38.136s][debug][gc,ref         ] GC(88) Skipped phase 3 of Reference Processing: no references
[38.136s][debug][gc,ref         ] GC(88) Skipped phase 4 of Reference Processing: no references
[38.136s][debug][gc,phases      ] GC(88) Reference Processing 0.043ms
[38.136s][debug][gc,phases      ] GC(88)   VM Weak                        Min:  0.0, Avg:  0.0, Max:  0.0, Diff:  0.0, Sum:  0.0, Workers: 4
[38.136s][debug][gc,phases      ] GC(88)     Dead                           Min: 0, Avg:  0.0, Max: 0, Diff: 0, Sum: 0, Workers: 4
[38.136s][debug][gc,phases      ] GC(88)     Total                          Min: 0, Avg: 154.5, Max: 490, Diff: 490, Sum: 618, Workers: 4
[38.136s][debug][gc,phases      ] GC(88)   ObjectSynchronizer Weak        Min:  0.0, Avg:  0.0, Max:  0.0, Diff:  0.0, Sum:  0.0, Workers: 4
[38.136s][debug][gc,phases      ] GC(88)     Dead                           Min: 0, Avg:  0.0, Max: 0, Diff: 0, Sum: 0, Workers: 4
[38.136s][debug][gc,phases      ] GC(88)     Total                          Min: 0, Avg: 107.5, Max: 238, Diff: 238, Sum: 430, Workers: 4
[38.136s][debug][gc,phases      ] GC(88)   JVMTI Tag Weak OopStorage      Min:  0.0, Avg:  0.0, Max:  0.0, Diff:  0.0, Sum:  0.0, Workers: 4
[38.136s][debug][gc,phases      ] GC(88)     Dead                           Min: 0, Avg:  0.0, Max: 0, Diff: 0, Sum: 0, Workers: 4
[38.136s][debug][gc,phases      ] GC(88)     Total                          Min: 0, Avg:  0.0, Max: 0, Diff: 0, Sum: 0, Workers: 4
[38.137s][debug][gc,phases      ] GC(88)   StringTable Weak               Min:  0.1, Avg:  0.1, Max:  0.1, Diff:  0.0, Sum:  0.4, Workers: 4
[38.137s][debug][gc,phases      ] GC(88)     Dead                           Min: 0, Avg:  0.0, Max: 0, Diff: 0, Sum: 0, Workers: 4
[38.137s][debug][gc,phases      ] GC(88)     Total                          Min: 10312, Avg: 10978.0, Max: 12096, Diff: 1784, Sum: 43912, Workers: 4
[38.137s][debug][gc,phases      ] GC(88)   ResolvedMethodTable Weak       Min:  0.0, Avg:  0.0, Max:  0.0, Diff:  0.0, Sum:  0.1, Workers: 4
[38.137s][debug][gc,phases      ] GC(88)     Dead                           Min: 0, Avg:  0.0, Max: 0, Diff: 0, Sum: 0, Workers: 4
[38.137s][debug][gc,phases      ] GC(88)     Total                          Min: 1791, Avg: 1905.5, Max: 2056, Diff: 265, Sum: 7622, Workers: 4
[38.137s][debug][gc,phases      ] GC(88)   JNI Weak                       Min:  0.0, Avg:  0.0, Max:  0.0, Diff:  0.0, Sum:  0.0, Workers: 4
[38.137s][debug][gc,phases      ] GC(88)     Dead                           Min: 0, Avg:  0.0, Max: 0, Diff: 0, Sum: 0, Workers: 4
[38.137s][debug][gc,phases      ] GC(88)     Total                          Min: 0, Avg:  0.0, Max: 0, Diff: 0, Sum: 0, Workers: 4
[38.137s][debug][gc,phases      ] GC(88)   StringDedup Table Weak         Min:  0.0, Avg:  0.0, Max:  0.0, Diff:  0.0, Sum:  0.0, Workers: 4
[38.137s][debug][gc,phases      ] GC(88)     Dead                           Min: 0, Avg:  0.0, Max: 0, Diff: 0, Sum: 0, Workers: 4
[38.137s][debug][gc,phases      ] GC(88)     Total                          Min: 0, Avg:  0.0, Max: 0, Diff: 0, Sum: 0, Workers: 4
[38.137s][debug][gc,phases      ] GC(88)   StringDedup Requests0 Weak     Min:  0.0, Avg:  0.0, Max:  0.0, Diff:  0.0, Sum:  0.0, Workers: 4
[38.137s][debug][gc,phases      ] GC(88)     Dead                           Min: 0, Avg:  0.0, Max: 0, Diff: 0, Sum: 0, Workers: 4
[38.137s][debug][gc,phases      ] GC(88)     Total                          Min: 0, Avg:  0.0, Max: 0, Diff: 0, Sum: 0, Workers: 4
[38.137s][debug][gc,phases      ] GC(88)   StringDedup Requests1 Weak     Min:  0.0, Avg:  0.0, Max:  0.0, Diff:  0.0, Sum:  0.0, Workers: 4
[38.137s][debug][gc,phases      ] GC(88)     Dead                           Min: 0, Avg:  0.0, Max: 0, Diff: 0, Sum: 0, Workers: 4
[38.137s][debug][gc,phases      ] GC(88)     Total                          Min: 0, Avg:  0.0, Max: 0, Diff: 0, Sum: 0, Workers: 4
[38.137s][debug][gc,phases      ] GC(88)   Weak JFR Old Object Samples    Min:  0.0, Avg:  0.0, Max:  0.0, Diff:  0.0, Sum:  0.0, Workers: 4
[38.137s][debug][gc,phases      ] GC(88)     Dead                           Min: 0, Avg:  0.0, Max: 0, Diff: 0, Sum: 0, Workers: 4
[38.137s][debug][gc,phases      ] GC(88)     Total                          Min: 0, Avg:  0.0, Max: 0, Diff: 0, Sum: 0, Workers: 4
[38.137s][debug][gc,phases      ] GC(88) Weak Processing 0.291ms
[38.137s][debug][gc,age         ] GC(88) Desired survivor size 115867648 bytes, new threshold 15 (max threshold 15)
[38.137s][info ][gc,heap        ] GC(88) PSYoungGen: 1874176K(1982976K)->1520K(1874432K) Eden: 1872896K(1872896K)->0K(1872896K) From: 1280K(110080K)->1520K(1536K)
[38.137s][info ][gc,heap        ] GC(88) ParOldGen: 366732K(456704K)->366732K(456704K)
[38.137s][info ][gc,metaspace   ] GC(88) Metaspace: 72118K(72896K)->72118K(72896K) NonClass: 61760K(62208K)->61760K(62208K) Class: 10357K(10688K)->10357K(10688K)
[38.137s][info ][gc             ] GC(88) Pause Young (Allocation Failure) 2188M->359M(2276M) 2.539ms
[38.137s][info ][gc,cpu         ] GC(88) User=0.01s Sys=0.00s Real=0.00s
[38.137s][info ][safepoint      ] Safepoint "ParallelGCFailedAllocation", Time since last: 155595743 ns, Reaching safepoint: 204905 ns, At safepoint: 2639662 ns, Total: 2844567 ns
[38.521s][info ][gc,start       ] GC(89) Pause Young (Allocation Failure)
[38.524s][debug][gc,phases      ] GC(89) Scavenge 2.074ms
[38.524s][debug][gc,ref         ] GC(89) Skipped phase 1 of Reference Processing: no references
[38.524s][debug][gc,ref         ] GC(89) Skipped phase 2 of Reference Processing: no references
[38.524s][debug][gc,ref         ] GC(89) Skipped phase 3 of Reference Processing: no references
[38.524s][debug][gc,ref         ] GC(89) Skipped phase 4 of Reference Processing: no references
[38.524s][debug][gc,phases      ] GC(89) Reference Processing 0.029ms
[38.524s][debug][gc,phases      ] GC(89)   VM Weak                        Min:  0.0, Avg:  0.0, Max:  0.0, Diff:  0.0, Sum:  0.0, Workers: 4
[38.524s][debug][gc,phases      ] GC(89)     Dead                           Min: 0, Avg:  0.0, Max: 0, Diff: 0, Sum: 0, Workers: 4
[38.524s][debug][gc,phases      ] GC(89)     Total                          Min: 0, Avg: 154.5, Max: 426, Diff: 426, Sum: 618, Workers: 4
[38.524s][debug][gc,phases      ] GC(89)   ObjectSynchronizer Weak        Min:  0.0, Avg:  0.0, Max:  0.0, Diff:  0.0, Sum:  0.0, Workers: 4
[38.524s][debug][gc,phases      ] GC(89)     Dead                           Min: 0, Avg:  0.0, Max: 0, Diff: 0, Sum: 0, Workers: 4
[38.524s][debug][gc,phases      ] GC(89)     Total                          Min: 0, Avg: 107.5, Max: 192, Diff: 192, Sum: 430, Workers: 4
[38.524s][debug][gc,phases      ] GC(89)   JVMTI Tag Weak OopStorage      Min:  0.0, Avg:  0.0, Max:  0.0, Diff:  0.0, Sum:  0.0, Workers: 4
[38.524s][debug][gc,phases      ] GC(89)     Dead                           Min: 0, Avg:  0.0, Max: 0, Diff: 0, Sum: 0, Workers: 4
[38.524s][debug][gc,phases      ] GC(89)     Total                          Min: 0, Avg:  0.0, Max: 0, Diff: 0, Sum: 0, Workers: 4
[38.524s][debug][gc,phases      ] GC(89)   StringTable Weak               Min:  0.1, Avg:  0.1, Max:  0.1, Diff:  0.0, Sum:  0.4, Workers: 4
[38.524s][debug][gc,phases      ] GC(89)     Dead                           Min: 0, Avg:  0.0, Max: 0, Diff: 0, Sum: 0, Workers: 4
[38.524s][debug][gc,phases      ] GC(89)     Total                          Min: 10432, Avg: 10978.0, Max: 11392, Diff: 960, Sum: 43912, Workers: 4
[38.524s][debug][gc,phases      ] GC(89)   ResolvedMethodTable Weak       Min:  0.0, Avg:  0.0, Max:  0.0, Diff:  0.0, Sum:  0.1, Workers: 4
[38.524s][debug][gc,phases      ] GC(89)     Dead                           Min: 0, Avg:  0.0, Max: 0, Diff: 0, Sum: 0, Workers: 4
[38.524s][debug][gc,phases      ] GC(89)     Total                          Min: 1727, Avg: 1905.5, Max: 2048, Diff: 321, Sum: 7622, Workers: 4
[38.524s][debug][gc,phases      ] GC(89)   JNI Weak                       Min:  0.0, Avg:  0.0, Max:  0.0, Diff:  0.0, Sum:  0.0, Workers: 4
[38.524s][debug][gc,phases      ] GC(89)     Dead                           Min: 0, Avg:  0.0, Max: 0, Diff: 0, Sum: 0, Workers: 4
[38.524s][debug][gc,phases      ] GC(89)     Total                          Min: 0, Avg:  0.8, Max: 3, Diff: 3, Sum: 3, Workers: 4
[38.524s][debug][gc,phases      ] GC(89)   StringDedup Table Weak         Min:  0.0, Avg:  0.0, Max:  0.0, Diff:  0.0, Sum:  0.0, Workers: 4
[38.524s][debug][gc,phases      ] GC(89)     Dead                           Min: 0, Avg:  0.0, Max: 0, Diff: 0, Sum: 0, Workers: 4
[38.524s][debug][gc,phases      ] GC(89)     Total                          Min: 0, Avg:  0.0, Max: 0, Diff: 0, Sum: 0, Workers: 4
[38.524s][debug][gc,phases      ] GC(89)   StringDedup Requests0 Weak     Min:  0.0, Avg:  0.0, Max:  0.0, Diff:  0.0, Sum:  0.0, Workers: 4
[38.524s][debug][gc,phases      ] GC(89)     Dead                           Min: 0, Avg:  0.0, Max: 0, Diff: 0, Sum: 0, Workers: 4
[38.524s][debug][gc,phases      ] GC(89)     Total                          Min: 0, Avg:  0.0, Max: 0, Diff: 0, Sum: 0, Workers: 4
[38.524s][debug][gc,phases      ] GC(89)   StringDedup Requests1 Weak     Min:  0.0, Avg:  0.0, Max:  0.0, Diff:  0.0, Sum:  0.0, Workers: 4
[38.524s][debug][gc,phases      ] GC(89)     Dead                           Min: 0, Avg:  0.0, Max: 0, Diff: 0, Sum: 0, Workers: 4
[38.524s][debug][gc,phases      ] GC(89)     Total                          Min: 0, Avg:  0.0, Max: 0, Diff: 0, Sum: 0, Workers: 4
[38.524s][debug][gc,phases      ] GC(89)   Weak JFR Old Object Samples    Min:  0.0, Avg:  0.0, Max:  0.0, Diff:  0.0, Sum:  0.0, Workers: 4
[38.524s][debug][gc,phases      ] GC(89)     Dead                           Min: 0, Avg:  0.0, Max: 0, Diff: 0, Sum: 0, Workers: 4
[38.524s][debug][gc,phases      ] GC(89)     Total                          Min: 0, Avg:  0.0, Max: 0, Diff: 0, Sum: 0, Workers: 4
[38.524s][debug][gc,phases      ] GC(89) Weak Processing 0.352ms
[38.524s][debug][gc,age         ] GC(89) Desired survivor size 115343360 bytes, new threshold 15 (max threshold 15)
[38.524s][info ][gc,heap        ] GC(89) PSYoungGen: 1874416K(1874432K)->1808K(1984512K) Eden: 1872896K(1872896K)->0K(1871360K) From: 1520K(1536K)->1808K(113152K)
[38.524s][info ][gc,heap        ] GC(89) ParOldGen: 366732K(456704K)->366732K(456704K)
[38.524s][info ][gc,metaspace   ] GC(89) Metaspace: 72136K(72896K)->72136K(72896K) NonClass: 61778K(62208K)->61778K(62208K) Class: 10357K(10688K)->10357K(10688K)
[38.524s][info ][gc             ] GC(89) Pause Young (Allocation Failure) 2188M->359M(2384M) 2.606ms
[38.524s][info ][gc,cpu         ] GC(89) User=0.01s Sys=0.00s Real=0.01s
[38.524s][info ][safepoint      ] Safepoint "ParallelGCFailedAllocation", Time since last: 384227096 ns, Reaching safepoint: 516012 ns, At safepoint: 2717464 ns, Total: 3233476 ns
[38.934s][info ][gc,start       ] GC(90) Pause Young (Allocation Failure)
[38.936s][debug][gc,phases      ] GC(90) Scavenge 2.576ms
[38.936s][debug][gc,ref         ] GC(90) Skipped phase 1 of Reference Processing: no references
[38.936s][debug][gc,ref         ] GC(90) Skipped phase 2 of Reference Processing: no references
[38.936s][debug][gc,ref         ] GC(90) Skipped phase 3 of Reference Processing: no references
[38.936s][debug][gc,ref         ] GC(90) Skipped phase 4 of Reference Processing: no references
[38.936s][debug][gc,phases      ] GC(90) Reference Processing 0.033ms
[38.936s][debug][gc,phases      ] GC(90)   VM Weak                        Min:  0.0, Avg:  0.0, Max:  0.0, Diff:  0.0, Sum:  0.0, Workers: 4
[38.937s][debug][gc,phases      ] GC(90)     Dead                           Min: 0, Avg:  0.0, Max: 0, Diff: 0, Sum: 0, Workers: 4
[38.937s][debug][gc,phases      ] GC(90)     Total                          Min: 0, Avg: 154.5, Max: 618, Diff: 618, Sum: 618, Workers: 4
[38.937s][debug][gc,phases      ] GC(90)   ObjectSynchronizer Weak        Min:  0.0, Avg:  0.0, Max:  0.0, Diff:  0.0, Sum:  0.0, Workers: 4
[38.937s][debug][gc,phases      ] GC(90)     Dead                           Min: 0, Avg:  0.0, Max: 0, Diff: 0, Sum: 0, Workers: 4
[38.937s][debug][gc,phases      ] GC(90)     Total                          Min: 0, Avg: 107.5, Max: 238, Diff: 238, Sum: 430, Workers: 4
[38.937s][debug][gc,phases      ] GC(90)   JVMTI Tag Weak OopStorage      Min:  0.0, Avg:  0.0, Max:  0.0, Diff:  0.0, Sum:  0.0, Workers: 4
[38.937s][debug][gc,phases      ] GC(90)     Dead                           Min: 0, Avg:  0.0, Max: 0, Diff: 0, Sum: 0, Workers: 4
[38.937s][debug][gc,phases      ] GC(90)     Total                          Min: 0, Avg:  0.0, Max: 0, Diff: 0, Sum: 0, Workers: 4
[38.937s][debug][gc,phases      ] GC(90)   StringTable Weak               Min:  0.1, Avg:  0.1, Max:  0.1, Diff:  0.0, Sum:  0.4, Workers: 4
[38.937s][debug][gc,phases      ] GC(90)     Dead                           Min: 0, Avg:  0.0, Max: 0, Diff: 0, Sum: 0, Workers: 4
[38.937s][debug][gc,phases      ] GC(90)     Total                          Min: 10185, Avg: 10978.2, Max: 11840, Diff: 1655, Sum: 43913, Workers: 4
[38.937s][debug][gc,phases      ] GC(90)   ResolvedMethodTable Weak       Min:  0.0, Avg:  0.0, Max:  0.0, Diff:  0.0, Sum:  0.1, Workers: 4
[38.937s][debug][gc,phases      ] GC(90)     Dead                           Min: 0, Avg:  0.0, Max: 0, Diff: 0, Sum: 0, Workers: 4
[38.937s][debug][gc,phases      ] GC(90)     Total                          Min: 1791, Avg: 1905.5, Max: 2056, Diff: 265, Sum: 7622, Workers: 4
[38.937s][debug][gc,phases      ] GC(90)   JNI Weak                       Min:  0.0, Avg:  0.0, Max:  0.0, Diff:  0.0, Sum:  0.0, Workers: 4
[38.937s][debug][gc,phases      ] GC(90)     Dead                           Min: 0, Avg:  0.0, Max: 0, Diff: 0, Sum: 0, Workers: 4
[38.937s][debug][gc,phases      ] GC(90)     Total                          Min: 0, Avg:  0.2, Max: 1, Diff: 1, Sum: 1, Workers: 4
[38.937s][debug][gc,phases      ] GC(90)   StringDedup Table Weak         Min:  0.0, Avg:  0.0, Max:  0.0, Diff:  0.0, Sum:  0.0, Workers: 4
[38.937s][debug][gc,phases      ] GC(90)     Dead                           Min: 0, Avg:  0.0, Max: 0, Diff: 0, Sum: 0, Workers: 4
[38.937s][debug][gc,phases      ] GC(90)     Total                          Min: 0, Avg:  0.0, Max: 0, Diff: 0, Sum: 0, Workers: 4
[38.937s][debug][gc,phases      ] GC(90)   StringDedup Requests0 Weak     Min:  0.0, Avg:  0.0, Max:  0.0, Diff:  0.0, Sum:  0.0, Workers: 4
[38.937s][debug][gc,phases      ] GC(90)     Dead                           Min: 0, Avg:  0.0, Max: 0, Diff: 0, Sum: 0, Workers: 4
[38.937s][debug][gc,phases      ] GC(90)     Total                          Min: 0, Avg:  0.0, Max: 0, Diff: 0, Sum: 0, Workers: 4
[38.937s][debug][gc,phases      ] GC(90)   StringDedup Requests1 Weak     Min:  0.0, Avg:  0.0, Max:  0.0, Diff:  0.0, Sum:  0.0, Workers: 4
[38.937s][debug][gc,phases      ] GC(90)     Dead                           Min: 0, Avg:  0.0, Max: 0, Diff: 0, Sum: 0, Workers: 4
[38.937s][debug][gc,phases      ] GC(90)     Total                          Min: 0, Avg:  0.0, Max: 0, Diff: 0, Sum: 0, Workers: 4
[38.937s][debug][gc,phases      ] GC(90)   Weak JFR Old Object Samples    Min:  0.0, Avg:  0.0, Max:  0.0, Diff:  0.0, Sum:  0.0, Workers: 4
[38.937s][debug][gc,phases      ] GC(90)     Dead                           Min: 0, Avg:  0.0, Max: 0, Diff: 0, Sum: 0, Workers: 4
[38.937s][debug][gc,phases      ] GC(90)     Total                          Min: 0, Avg:  0.0, Max: 0, Diff: 0, Sum: 0, Workers: 4
[38.937s][debug][gc,phases      ] GC(90) Weak Processing 0.380ms
[38.937s][debug][gc,age         ] GC(90) Desired survivor size 113246208 bytes, new threshold 15 (max threshold 15)
[38.937s][info ][gc,heap        ] GC(90) PSYoungGen: 1873168K(1984512K)->2272K(1984000K) Eden: 1871360K(1871360K)->0K(1871360K) From: 1808K(113152K)->2272K(112640K)
[38.937s][info ][gc,heap        ] GC(90) ParOldGen: 366732K(456704K)->366732K(456704K)
[38.937s][info ][gc,metaspace   ] GC(90) Metaspace: 72145K(72960K)->72145K(72960K) NonClass: 61788K(62272K)->61788K(62272K) Class: 10357K(10688K)->10357K(10688K)
[38.937s][info ][gc             ] GC(90) Pause Young (Allocation Failure) 2187M->360M(2383M) 3.141ms
[38.937s][info ][gc,cpu         ] GC(90) User=0.01s Sys=0.00s Real=0.00s
[38.937s][info ][safepoint      ] Safepoint "ParallelGCFailedAllocation", Time since last: 409079476 ns, Reaching safepoint: 337308 ns, At safepoint: 3280677 ns, Total: 3617985 ns
[39.350s][info ][gc,start       ] GC(91) Pause Young (Allocation Failure)
[39.353s][debug][gc,phases      ] GC(91) Scavenge 2.862ms
[39.353s][debug][gc,ref         ] GC(91) Skipped phase 1 of Reference Processing: no references
[39.353s][debug][gc,ref         ] GC(91) Skipped phase 2 of Reference Processing: no references
[39.353s][debug][gc,ref         ] GC(91) Skipped phase 3 of Reference Processing: no references
[39.353s][debug][gc,ref         ] GC(91) Skipped phase 4 of Reference Processing: no references
[39.353s][debug][gc,phases      ] GC(91) Reference Processing 0.024ms
[39.353s][debug][gc,phases      ] GC(91)   VM Weak                        Min:  0.0, Avg:  0.0, Max:  0.0, Diff:  0.0, Sum:  0.0, Workers: 4
[39.353s][debug][gc,phases      ] GC(91)     Dead                           Min: 0, Avg:  0.0, Max: 0, Diff: 0, Sum: 0, Workers: 4
[39.353s][debug][gc,phases      ] GC(91)     Total                          Min: 0, Avg: 154.5, Max: 618, Diff: 618, Sum: 618, Workers: 4
[39.353s][debug][gc,phases      ] GC(91)   ObjectSynchronizer Weak        Min:  0.0, Avg:  0.0, Max:  0.0, Diff:  0.0, Sum:  0.0, Workers: 4
[39.353s][debug][gc,phases      ] GC(91)     Dead                           Min: 0, Avg:  0.0, Max: 0, Diff: 0, Sum: 0, Workers: 4
[39.353s][debug][gc,phases      ] GC(91)     Total                          Min: 0, Avg: 107.5, Max: 238, Diff: 238, Sum: 430, Workers: 4
[39.353s][debug][gc,phases      ] GC(91)   JVMTI Tag Weak OopStorage      Min:  0.0, Avg:  0.0, Max:  0.0, Diff:  0.0, Sum:  0.0, Workers: 4
[39.353s][debug][gc,phases      ] GC(91)     Dead                           Min: 0, Avg:  0.0, Max: 0, Diff: 0, Sum: 0, Workers: 4
[39.353s][debug][gc,phases      ] GC(91)     Total                          Min: 0, Avg:  0.0, Max: 0, Diff: 0, Sum: 0, Workers: 4
[39.353s][debug][gc,phases      ] GC(91)   StringTable Weak               Min:  0.1, Avg:  0.1, Max:  0.1, Diff:  0.0, Sum:  0.4, Workers: 4
[39.353s][debug][gc,phases      ] GC(91)     Dead                           Min: 0, Avg:  0.0, Max: 0, Diff: 0, Sum: 0, Workers: 4
[39.353s][debug][gc,phases      ] GC(91)     Total                          Min: 10688, Avg: 10978.5, Max: 11402, Diff: 714, Sum: 43914, Workers: 4
[39.353s][debug][gc,phases      ] GC(91)   ResolvedMethodTable Weak       Min:  0.0, Avg:  0.0, Max:  0.0, Diff:  0.0, Sum:  0.1, Workers: 4
[39.353s][debug][gc,phases      ] GC(91)     Dead                           Min: 0, Avg:  0.0, Max: 0, Diff: 0, Sum: 0, Workers: 4
[39.353s][debug][gc,phases      ] GC(91)     Total                          Min: 1280, Avg: 1905.5, Max: 2303, Diff: 1023, Sum: 7622, Workers: 4
[39.353s][debug][gc,phases      ] GC(91)   JNI Weak                       Min:  0.0, Avg:  0.0, Max:  0.0, Diff:  0.0, Sum:  0.0, Workers: 4
[39.353s][debug][gc,phases      ] GC(91)     Dead                           Min: 0, Avg:  0.0, Max: 0, Diff: 0, Sum: 0, Workers: 4
[39.353s][debug][gc,phases      ] GC(91)     Total                          Min: 0, Avg:  0.8, Max: 3, Diff: 3, Sum: 3, Workers: 4
[39.353s][debug][gc,phases      ] GC(91)   StringDedup Table Weak         Min:  0.0, Avg:  0.0, Max:  0.0, Diff:  0.0, Sum:  0.0, Workers: 4
[39.353s][debug][gc,phases      ] GC(91)     Dead                           Min: 0, Avg:  0.0, Max: 0, Diff: 0, Sum: 0, Workers: 4
[39.353s][debug][gc,phases      ] GC(91)     Total                          Min: 0, Avg:  0.0, Max: 0, Diff: 0, Sum: 0, Workers: 4
[39.353s][debug][gc,phases      ] GC(91)   StringDedup Requests0 Weak     Min:  0.0, Avg:  0.0, Max:  0.0, Diff:  0.0, Sum:  0.0, Workers: 4
[39.353s][debug][gc,phases      ] GC(91)     Dead                           Min: 0, Avg:  0.0, Max: 0, Diff: 0, Sum: 0, Workers: 4
[39.353s][debug][gc,phases      ] GC(91)     Total                          Min: 0, Avg:  0.0, Max: 0, Diff: 0, Sum: 0, Workers: 4
[39.353s][debug][gc,phases      ] GC(91)   StringDedup Requests1 Weak     Min:  0.0, Avg:  0.0, Max:  0.0, Diff:  0.0, Sum:  0.0, Workers: 4
[39.353s][debug][gc,phases      ] GC(91)     Dead                           Min: 0, Avg:  0.0, Max: 0, Diff: 0, Sum: 0, Workers: 4
[39.353s][debug][gc,phases      ] GC(91)     Total                          Min: 0, Avg:  0.0, Max: 0, Diff: 0, Sum: 0, Workers: 4
[39.353s][debug][gc,phases      ] GC(91)   Weak JFR Old Object Samples    Min:  0.0, Avg:  0.0, Max:  0.0, Diff:  0.0, Sum:  0.0, Workers: 4
[39.353s][debug][gc,phases      ] GC(91)     Dead                           Min: 0, Avg:  0.0, Max: 0, Diff: 0, Sum: 0, Workers: 4
[39.353s][debug][gc,phases      ] GC(91)     Total                          Min: 0, Avg:  0.0, Max: 0, Diff: 0, Sum: 0, Workers: 4
[39.353s][debug][gc,phases      ] GC(91) Weak Processing 0.310ms
[39.353s][debug][gc,age         ] GC(91) Desired survivor size 111149056 bytes, new threshold 15 (max threshold 15)
[39.353s][info ][gc,heap        ] GC(91) PSYoungGen: 1873632K(1984000K)->2512K(1988608K) Eden: 1871360K(1871360K)->0K(1878016K) From: 2272K(112640K)->2512K(110592K)
[39.353s][info ][gc,heap        ] GC(91) ParOldGen: 366732K(456704K)->366732K(456704K)
[39.353s][info ][gc,metaspace   ] GC(91) Metaspace: 72147K(72960K)->72147K(72960K) NonClass: 61789K(62272K)->61789K(62272K) Class: 10357K(10688K)->10357K(10688K)
[39.353s][info ][gc             ] GC(91) Pause Young (Allocation Failure) 2187M->360M(2388M) 3.330ms
[39.353s][info ][gc,cpu         ] GC(91) User=0.01s Sys=0.00s Real=0.01s
[39.353s][info ][safepoint      ] Safepoint "ParallelGCFailedAllocation", Time since last: 412766260 ns, Reaching safepoint: 167404 ns, At safepoint: 3442581 ns, Total: 3609985 ns
[39.802s][info ][gc,start       ] GC(92) Pause Young (Allocation Failure)
[39.804s][debug][gc,phases      ] GC(92) Scavenge 2.463ms
[39.804s][debug][gc,ref         ] GC(92) Skipped phase 1 of Reference Processing: no references
[39.804s][debug][gc,ref         ] GC(92) Skipped phase 2 of Reference Processing: no references
[39.804s][debug][gc,ref         ] GC(92) Skipped phase 3 of Reference Processing: no references
[39.804s][debug][gc,ref         ] GC(92) Skipped phase 4 of Reference Processing: no references
[39.804s][debug][gc,phases      ] GC(92) Reference Processing 0.023ms
[39.804s][debug][gc,phases      ] GC(92)   VM Weak                        Min:  0.0, Avg:  0.0, Max:  0.0, Diff:  0.0, Sum:  0.0, Workers: 4
[39.804s][debug][gc,phases      ] GC(92)     Dead                           Min: 0, Avg:  0.0, Max: 0, Diff: 0, Sum: 0, Workers: 4
[39.804s][debug][gc,phases      ] GC(92)     Total                          Min: 0, Avg: 154.5, Max: 448, Diff: 448, Sum: 618, Workers: 4
[39.804s][debug][gc,phases      ] GC(92)   ObjectSynchronizer Weak        Min:  0.0, Avg:  0.0, Max:  0.0, Diff:  0.0, Sum:  0.0, Workers: 4
[39.804s][debug][gc,phases      ] GC(92)     Dead                           Min: 0, Avg:  0.0, Max: 0, Diff: 0, Sum: 0, Workers: 4
[39.804s][debug][gc,phases      ] GC(92)     Total                          Min: 0, Avg: 107.5, Max: 192, Diff: 192, Sum: 430, Workers: 4
[39.804s][debug][gc,phases      ] GC(92)   JVMTI Tag Weak OopStorage      Min:  0.0, Avg:  0.0, Max:  0.0, Diff:  0.0, Sum:  0.0, Workers: 4
[39.804s][debug][gc,phases      ] GC(92)     Dead                           Min: 0, Avg:  0.0, Max: 0, Diff: 0, Sum: 0, Workers: 4
[39.804s][debug][gc,phases      ] GC(92)     Total                          Min: 0, Avg:  0.0, Max: 0, Diff: 0, Sum: 0, Workers: 4
[39.804s][debug][gc,phases      ] GC(92)   StringTable Weak               Min:  0.1, Avg:  0.1, Max:  0.1, Diff:  0.0, Sum:  0.4, Workers: 4
[39.804s][debug][gc,phases      ] GC(92)     Dead                           Min: 0, Avg:  0.0, Max: 0, Diff: 0, Sum: 0, Workers: 4
[39.804s][debug][gc,phases      ] GC(92)     Total                          Min: 10560, Avg: 10978.5, Max: 11328, Diff: 768, Sum: 43914, Workers: 4
[39.804s][debug][gc,phases      ] GC(92)   ResolvedMethodTable Weak       Min:  0.0, Avg:  0.0, Max:  0.0, Diff:  0.0, Sum:  0.1, Workers: 4
[39.804s][debug][gc,phases      ] GC(92)     Dead                           Min: 0, Avg:  0.0, Max: 0, Diff: 0, Sum: 0, Workers: 4
[39.804s][debug][gc,phases      ] GC(92)     Total                          Min: 1791, Avg: 1905.5, Max: 2183, Diff: 392, Sum: 7622, Workers: 4
[39.804s][debug][gc,phases      ] GC(92)   JNI Weak                       Min:  0.0, Avg:  0.0, Max:  0.0, Diff:  0.0, Sum:  0.0, Workers: 4
[39.804s][debug][gc,phases      ] GC(92)     Dead                           Min: 0, Avg:  0.0, Max: 0, Diff: 0, Sum: 0, Workers: 4
[39.804s][debug][gc,phases      ] GC(92)     Total                          Min: 0, Avg:  1.2, Max: 5, Diff: 5, Sum: 5, Workers: 4
[39.804s][debug][gc,phases      ] GC(92)   StringDedup Table Weak         Min:  0.0, Avg:  0.0, Max:  0.0, Diff:  0.0, Sum:  0.0, Workers: 4
[39.804s][debug][gc,phases      ] GC(92)     Dead                           Min: 0, Avg:  0.0, Max: 0, Diff: 0, Sum: 0, Workers: 4
[39.804s][debug][gc,phases      ] GC(92)     Total                          Min: 0, Avg:  0.0, Max: 0, Diff: 0, Sum: 0, Workers: 4
[39.804s][debug][gc,phases      ] GC(92)   StringDedup Requests0 Weak     Min:  0.0, Avg:  0.0, Max:  0.0, Diff:  0.0, Sum:  0.0, Workers: 4
[39.804s][debug][gc,phases      ] GC(92)     Dead                           Min: 0, Avg:  0.0, Max: 0, Diff: 0, Sum: 0, Workers: 4
[39.804s][debug][gc,phases      ] GC(92)     Total                          Min: 0, Avg:  0.0, Max: 0, Diff: 0, Sum: 0, Workers: 4
[39.804s][debug][gc,phases      ] GC(92)   StringDedup Requests1 Weak     Min:  0.0, Avg:  0.0, Max:  0.0, Diff:  0.0, Sum:  0.0, Workers: 4
[39.804s][debug][gc,phases      ] GC(92)     Dead                           Min: 0, Avg:  0.0, Max: 0, Diff: 0, Sum: 0, Workers: 4
[39.804s][debug][gc,phases      ] GC(92)     Total                          Min: 0, Avg:  0.0, Max: 0, Diff: 0, Sum: 0, Workers: 4
[39.804s][debug][gc,phases      ] GC(92)   Weak JFR Old Object Samples    Min:  0.0, Avg:  0.0, Max:  0.0, Diff:  0.0, Sum:  0.0, Workers: 4
[39.804s][debug][gc,phases      ] GC(92)     Dead                           Min: 0, Avg:  0.0, Max: 0, Diff: 0, Sum: 0, Workers: 4
[39.804s][debug][gc,phases      ] GC(92)     Total                          Min: 0, Avg:  0.0, Max: 0, Diff: 0, Sum: 0, Workers: 4
[39.804s][debug][gc,phases      ] GC(92) Weak Processing 0.316ms
[39.804s][debug][gc,age         ] GC(92) Desired survivor size 108003328 bytes, new threshold 15 (max threshold 15)
[39.804s][info ][gc,heap        ] GC(92) PSYoungGen: 1880528K(1988608K)->2816K(1986560K) Eden: 1878016K(1878016K)->0K(1878016K) From: 2512K(110592K)->2816K(108544K)
[39.804s][info ][gc,heap        ] GC(92) ParOldGen: 366732K(456704K)->366732K(456704K)
[39.804s][info ][gc,metaspace   ] GC(92) Metaspace: 72188K(72960K)->72188K(72960K) NonClass: 61830K(62272K)->61830K(62272K) Class: 10357K(10688K)->10357K(10688K)
[39.804s][info ][gc             ] GC(92) Pause Young (Allocation Failure) 2194M->360M(2386M) 2.931ms
[39.804s][info ][gc,cpu         ] GC(92) User=0.01s Sys=0.00s Real=0.01s
[39.805s][info ][safepoint      ] Safepoint "ParallelGCFailedAllocation", Time since last: 448089086 ns, Reaching safepoint: 161004 ns, At safepoint: 3038171 ns, Total: 3199175 ns
[40.203s][info ][gc,start       ] GC(93) Pause Young (Allocation Failure)
[40.205s][debug][gc,phases      ] GC(93) Scavenge 2.569ms
[40.205s][debug][gc,ref         ] GC(93) Skipped phase 1 of Reference Processing: no references
[40.205s][debug][gc,ref         ] GC(93) Skipped phase 2 of Reference Processing: no references
[40.206s][debug][gc,ref         ] GC(93) Skipped phase 3 of Reference Processing: no references
[40.206s][debug][gc,ref         ] GC(93) Skipped phase 4 of Reference Processing: no references
[40.206s][debug][gc,phases      ] GC(93) Reference Processing 0.023ms
[40.206s][debug][gc,phases      ] GC(93)   VM Weak                        Min:  0.0, Avg:  0.0, Max:  0.0, Diff:  0.0, Sum:  0.0, Workers: 4
[40.206s][debug][gc,phases      ] GC(93)     Dead                           Min: 0, Avg:  0.0, Max: 0, Diff: 0, Sum: 0, Workers: 4
[40.206s][debug][gc,phases      ] GC(93)     Total                          Min: 0, Avg: 154.5, Max: 448, Diff: 448, Sum: 618, Workers: 4
[40.206s][debug][gc,phases      ] GC(93)   ObjectSynchronizer Weak        Min:  0.0, Avg:  0.0, Max:  0.0, Diff:  0.0, Sum:  0.0, Workers: 4
[40.206s][debug][gc,phases      ] GC(93)     Dead                           Min: 0, Avg:  0.0, Max: 0, Diff: 0, Sum: 0, Workers: 4
[40.206s][debug][gc,phases      ] GC(93)     Total                          Min: 64, Avg: 107.5, Max: 128, Diff: 64, Sum: 430, Workers: 4
[40.206s][debug][gc,phases      ] GC(93)   JVMTI Tag Weak OopStorage      Min:  0.0, Avg:  0.0, Max:  0.0, Diff:  0.0, Sum:  0.0, Workers: 4
[40.206s][debug][gc,phases      ] GC(93)     Dead                           Min: 0, Avg:  0.0, Max: 0, Diff: 0, Sum: 0, Workers: 4
[40.206s][debug][gc,phases      ] GC(93)     Total                          Min: 0, Avg:  0.0, Max: 0, Diff: 0, Sum: 0, Workers: 4
[40.206s][debug][gc,phases      ] GC(93)   StringTable Weak               Min:  0.1, Avg:  0.1, Max:  0.1, Diff:  0.0, Sum:  0.4, Workers: 4
[40.206s][debug][gc,phases      ] GC(93)     Dead                           Min: 0, Avg:  0.0, Max: 0, Diff: 0, Sum: 0, Workers: 4
[40.206s][debug][gc,phases      ] GC(93)     Total                          Min: 10560, Avg: 10986.0, Max: 11520, Diff: 960, Sum: 43944, Workers: 4
[40.206s][debug][gc,phases      ] GC(93)   ResolvedMethodTable Weak       Min:  0.0, Avg:  0.0, Max:  0.0, Diff:  0.0, Sum:  0.1, Workers: 4
[40.206s][debug][gc,phases      ] GC(93)     Dead                           Min: 0, Avg:  0.0, Max: 0, Diff: 0, Sum: 0, Workers: 4
[40.206s][debug][gc,phases      ] GC(93)     Total                          Min: 1671, Avg: 1905.5, Max: 2112, Diff: 441, Sum: 7622, Workers: 4
[40.206s][debug][gc,phases      ] GC(93)   JNI Weak                       Min:  0.0, Avg:  0.0, Max:  0.0, Diff:  0.0, Sum:  0.0, Workers: 4
[40.206s][debug][gc,phases      ] GC(93)     Dead                           Min: 0, Avg:  0.0, Max: 0, Diff: 0, Sum: 0, Workers: 4
[40.206s][debug][gc,phases      ] GC(93)     Total                          Min: 0, Avg:  0.0, Max: 0, Diff: 0, Sum: 0, Workers: 4
[40.206s][debug][gc,phases      ] GC(93)   StringDedup Table Weak         Min:  0.0, Avg:  0.0, Max:  0.0, Diff:  0.0, Sum:  0.0, Workers: 4
[40.206s][debug][gc,phases      ] GC(93)     Dead                           Min: 0, Avg:  0.0, Max: 0, Diff: 0, Sum: 0, Workers: 4
[40.206s][debug][gc,phases      ] GC(93)     Total                          Min: 0, Avg:  0.0, Max: 0, Diff: 0, Sum: 0, Workers: 4
[40.206s][debug][gc,phases      ] GC(93)   StringDedup Requests0 Weak     Min:  0.0, Avg:  0.0, Max:  0.0, Diff:  0.0, Sum:  0.0, Workers: 4
[40.206s][debug][gc,phases      ] GC(93)     Dead                           Min: 0, Avg:  0.0, Max: 0, Diff: 0, Sum: 0, Workers: 4
[40.206s][debug][gc,phases      ] GC(93)     Total                          Min: 0, Avg:  0.0, Max: 0, Diff: 0, Sum: 0, Workers: 4
[40.206s][debug][gc,phases      ] GC(93)   StringDedup Requests1 Weak     Min:  0.0, Avg:  0.0, Max:  0.0, Diff:  0.0, Sum:  0.0, Workers: 4
[40.206s][debug][gc,phases      ] GC(93)     Dead                           Min: 0, Avg:  0.0, Max: 0, Diff: 0, Sum: 0, Workers: 4
[40.206s][debug][gc,phases      ] GC(93)     Total                          Min: 0, Avg:  0.0, Max: 0, Diff: 0, Sum: 0, Workers: 4
[40.206s][debug][gc,phases      ] GC(93)   Weak JFR Old Object Samples    Min:  0.0, Avg:  0.0, Max:  0.0, Diff:  0.0, Sum:  0.0, Workers: 4
[40.206s][debug][gc,phases      ] GC(93)     Dead                           Min: 0, Avg:  0.0, Max: 0, Diff: 0, Sum: 0, Workers: 4
[40.206s][debug][gc,phases      ] GC(93)     Total                          Min: 0, Avg:  0.0, Max: 0, Diff: 0, Sum: 0, Workers: 4
[40.206s][debug][gc,phases      ] GC(93) Weak Processing 0.308ms
[40.206s][debug][gc,age         ] GC(93) Desired survivor size 104333312 bytes, new threshold 15 (max threshold 15)
[40.206s][info ][gc,heap        ] GC(93) PSYoungGen: 1880832K(1986560K)->3056K(1995264K) Eden: 1878016K(1878016K)->0K(1889792K) From: 2816K(108544K)->3056K(105472K)
[40.206s][info ][gc,heap        ] GC(93) ParOldGen: 366732K(456704K)->366732K(456704K)
[40.206s][info ][gc,metaspace   ] GC(93) Metaspace: 72210K(73024K)->72210K(73024K) NonClass: 61853K(62336K)->61853K(62336K) Class: 10357K(10688K)->10357K(10688K)
[40.206s][info ][gc             ] GC(93) Pause Young (Allocation Failure) 2194M->361M(2394M) 3.010ms
[40.206s][info ][gc,cpu         ] GC(93) User=0.02s Sys=0.00s Real=0.01s
[40.206s][info ][safepoint      ] Safepoint "ParallelGCFailedAllocation", Time since last: 398131114 ns, Reaching safepoint: 176304 ns, At safepoint: 3118073 ns, Total: 3294377 ns
[40.616s][info ][gc,start       ] GC(94) Pause Young (Allocation Failure)
[40.619s][debug][gc,phases      ] GC(94) Scavenge 2.819ms
[40.619s][debug][gc,ref         ] GC(94) Skipped phase 1 of Reference Processing: no references
[40.619s][debug][gc,ref         ] GC(94) Skipped phase 2 of Reference Processing: no references
[40.619s][debug][gc,ref         ] GC(94) Skipped phase 3 of Reference Processing: no references
[40.619s][debug][gc,ref         ] GC(94) Skipped phase 4 of Reference Processing: no references
[40.619s][debug][gc,phases      ] GC(94) Reference Processing 0.023ms
[40.619s][debug][gc,phases      ] GC(94)   VM Weak                        Min:  0.0, Avg:  0.0, Max:  0.0, Diff:  0.0, Sum:  0.0, Workers: 4
[40.619s][debug][gc,phases      ] GC(94)     Dead                           Min: 0, Avg:  0.0, Max: 0, Diff: 0, Sum: 0, Workers: 4
[40.619s][debug][gc,phases      ] GC(94)     Total                          Min: 0, Avg: 154.5, Max: 320, Diff: 320, Sum: 618, Workers: 4
[40.619s][debug][gc,phases      ] GC(94)   ObjectSynchronizer Weak        Min:  0.0, Avg:  0.0, Max:  0.0, Diff:  0.0, Sum:  0.0, Workers: 4
[40.619s][debug][gc,phases      ] GC(94)     Dead                           Min: 0, Avg:  0.0, Max: 0, Diff: 0, Sum: 0, Workers: 4
[40.619s][debug][gc,phases      ] GC(94)     Total                          Min: 0, Avg: 107.5, Max: 174, Diff: 174, Sum: 430, Workers: 4
[40.619s][debug][gc,phases      ] GC(94)   JVMTI Tag Weak OopStorage      Min:  0.0, Avg:  0.0, Max:  0.0, Diff:  0.0, Sum:  0.0, Workers: 4
[40.619s][debug][gc,phases      ] GC(94)     Dead                           Min: 0, Avg:  0.0, Max: 0, Diff: 0, Sum: 0, Workers: 4
[40.619s][debug][gc,phases      ] GC(94)     Total                          Min: 0, Avg:  0.0, Max: 0, Diff: 0, Sum: 0, Workers: 4
[40.619s][debug][gc,phases      ] GC(94)   StringTable Weak               Min:  0.1, Avg:  0.1, Max:  0.1, Diff:  0.0, Sum:  0.5, Workers: 4
[40.619s][debug][gc,phases      ] GC(94)     Dead                           Min: 0, Avg:  0.0, Max: 0, Diff: 0, Sum: 0, Workers: 4
[40.619s][debug][gc,phases      ] GC(94)     Total                          Min: 10304, Avg: 10986.0, Max: 11712, Diff: 1408, Sum: 43944, Workers: 4
[40.619s][debug][gc,phases      ] GC(94)   ResolvedMethodTable Weak       Min:  0.0, Avg:  0.0, Max:  0.0, Diff:  0.0, Sum:  0.1, Workers: 4
[40.619s][debug][gc,phases      ] GC(94)     Dead                           Min: 0, Avg:  0.0, Max: 0, Diff: 0, Sum: 0, Workers: 4
[40.619s][debug][gc,phases      ] GC(94)     Total                          Min: 1790, Avg: 1905.5, Max: 2056, Diff: 266, Sum: 7622, Workers: 4
[40.619s][debug][gc,phases      ] GC(94)   JNI Weak                       Min:  0.0, Avg:  0.0, Max:  0.0, Diff:  0.0, Sum:  0.0, Workers: 4
[40.619s][debug][gc,phases      ] GC(94)     Dead                           Min: 0, Avg:  0.0, Max: 0, Diff: 0, Sum: 0, Workers: 4
[40.619s][debug][gc,phases      ] GC(94)     Total                          Min: 0, Avg:  1.2, Max: 5, Diff: 5, Sum: 5, Workers: 4
[40.619s][debug][gc,phases      ] GC(94)   StringDedup Table Weak         Min:  0.0, Avg:  0.0, Max:  0.0, Diff:  0.0, Sum:  0.0, Workers: 4
[40.619s][debug][gc,phases      ] GC(94)     Dead                           Min: 0, Avg:  0.0, Max: 0, Diff: 0, Sum: 0, Workers: 4
[40.619s][debug][gc,phases      ] GC(94)     Total                          Min: 0, Avg:  0.0, Max: 0, Diff: 0, Sum: 0, Workers: 4
[40.619s][debug][gc,phases      ] GC(94)   StringDedup Requests0 Weak     Min:  0.0, Avg:  0.0, Max:  0.0, Diff:  0.0, Sum:  0.0, Workers: 4
[40.619s][debug][gc,phases      ] GC(94)     Dead                           Min: 0, Avg:  0.0, Max: 0, Diff: 0, Sum: 0, Workers: 4
[40.619s][debug][gc,phases      ] GC(94)     Total                          Min: 0, Avg:  0.0, Max: 0, Diff: 0, Sum: 0, Workers: 4
[40.619s][debug][gc,phases      ] GC(94)   StringDedup Requests1 Weak     Min:  0.0, Avg:  0.0, Max:  0.0, Diff:  0.0, Sum:  0.0, Workers: 4
[40.619s][debug][gc,phases      ] GC(94)     Dead                           Min: 0, Avg:  0.0, Max: 0, Diff: 0, Sum: 0, Workers: 4
[40.619s][debug][gc,phases      ] GC(94)     Total                          Min: 0, Avg:  0.0, Max: 0, Diff: 0, Sum: 0, Workers: 4
[40.619s][debug][gc,phases      ] GC(94)   Weak JFR Old Object Samples    Min:  0.0, Avg:  0.0, Max:  0.0, Diff:  0.0, Sum:  0.0, Workers: 4
[40.619s][debug][gc,phases      ] GC(94)     Dead                           Min: 0, Avg:  0.0, Max: 0, Diff: 0, Sum: 0, Workers: 4
[40.619s][debug][gc,phases      ] GC(94)     Total                          Min: 0, Avg:  0.0, Max: 0, Diff: 0, Sum: 0, Workers: 4
[40.619s][debug][gc,phases      ] GC(94) Weak Processing 0.340ms
[40.619s][debug][gc,age         ] GC(94) Desired survivor size 100139008 bytes, new threshold 15 (max threshold 15)
[40.619s][info ][gc,heap        ] GC(94) PSYoungGen: 1892848K(1995264K)->3312K(1991680K) Eden: 1889792K(1889792K)->0K(1889792K) From: 3056K(105472K)->3312K(101888K)
[40.619s][info ][gc,heap        ] GC(94) ParOldGen: 366732K(456704K)->366732K(456704K)
[40.619s][info ][gc,metaspace   ] GC(94) Metaspace: 72210K(73024K)->72210K(73024K) NonClass: 61853K(62336K)->61853K(62336K) Class: 10357K(10688K)->10357K(10688K)
[40.619s][info ][gc             ] GC(94) Pause Young (Allocation Failure) 2206M->361M(2391M) 3.304ms
[40.619s][info ][gc,cpu         ] GC(94) User=0.01s Sys=0.00s Real=0.00s
[40.619s][info ][safepoint      ] Safepoint "ParallelGCFailedAllocation", Time since last: 409796387 ns, Reaching safepoint: 183505 ns, At safepoint: 3405979 ns, Total: 3589484 ns
[41.036s][info ][gc,start       ] GC(95) Pause Young (Allocation Failure)
[41.039s][debug][gc,phases      ] GC(95) Scavenge 2.758ms
[41.039s][debug][gc,ref         ] GC(95) Skipped phase 1 of Reference Processing: no references
[41.039s][debug][gc,ref         ] GC(95) Skipped phase 2 of Reference Processing: no references
[41.039s][debug][gc,ref         ] GC(95) Skipped phase 3 of Reference Processing: no references
[41.039s][debug][gc,ref         ] GC(95) Skipped phase 4 of Reference Processing: no references
[41.039s][debug][gc,phases      ] GC(95) Reference Processing 0.022ms
[41.039s][debug][gc,phases      ] GC(95)   VM Weak                        Min:  0.0, Avg:  0.0, Max:  0.0, Diff:  0.0, Sum:  0.0, Workers: 4
[41.039s][debug][gc,phases      ] GC(95)     Dead                           Min: 0, Avg:  0.0, Max: 0, Diff: 0, Sum: 0, Workers: 4
[41.039s][debug][gc,phases      ] GC(95)     Total                          Min: 0, Avg: 154.5, Max: 298, Diff: 298, Sum: 618, Workers: 4
[41.039s][debug][gc,phases      ] GC(95)   ObjectSynchronizer Weak        Min:  0.0, Avg:  0.0, Max:  0.0, Diff:  0.0, Sum:  0.0, Workers: 4
[41.039s][debug][gc,phases      ] GC(95)     Dead                           Min: 0, Avg:  0.0, Max: 0, Diff: 0, Sum: 0, Workers: 4
[41.039s][debug][gc,phases      ] GC(95)     Total                          Min: 0, Avg: 107.5, Max: 174, Diff: 174, Sum: 430, Workers: 4
[41.039s][debug][gc,phases      ] GC(95)   JVMTI Tag Weak OopStorage      Min:  0.0, Avg:  0.0, Max:  0.0, Diff:  0.0, Sum:  0.0, Workers: 4
[41.039s][debug][gc,phases      ] GC(95)     Dead                           Min: 0, Avg:  0.0, Max: 0, Diff: 0, Sum: 0, Workers: 4
[41.039s][debug][gc,phases      ] GC(95)     Total                          Min: 0, Avg:  0.0, Max: 0, Diff: 0, Sum: 0, Workers: 4
[41.039s][debug][gc,phases      ] GC(95)   StringTable Weak               Min:  0.1, Avg:  0.1, Max:  0.1, Diff:  0.0, Sum:  0.4, Workers: 4
[41.039s][debug][gc,phases      ] GC(95)     Dead                           Min: 0, Avg:  0.0, Max: 0, Diff: 0, Sum: 0, Workers: 4
[41.039s][debug][gc,phases      ] GC(95)     Total                          Min: 10496, Avg: 10986.0, Max: 11752, Diff: 1256, Sum: 43944, Workers: 4
[41.039s][debug][gc,phases      ] GC(95)   ResolvedMethodTable Weak       Min:  0.0, Avg:  0.0, Max:  0.0, Diff:  0.0, Sum:  0.1, Workers: 4
[41.039s][debug][gc,phases      ] GC(95)     Dead                           Min: 0, Avg:  0.0, Max: 0, Diff: 0, Sum: 0, Workers: 4
[41.039s][debug][gc,phases      ] GC(95)     Total                          Min: 1727, Avg: 1905.5, Max: 2112, Diff: 385, Sum: 7622, Workers: 4
[41.039s][debug][gc,phases      ] GC(95)   JNI Weak                       Min:  0.0, Avg:  0.0, Max:  0.0, Diff:  0.0, Sum:  0.0, Workers: 4
[41.039s][debug][gc,phases      ] GC(95)     Dead                           Min: 0, Avg:  0.0, Max: 0, Diff: 0, Sum: 0, Workers: 4
[41.039s][debug][gc,phases      ] GC(95)     Total                          Min: 0, Avg:  0.8, Max: 3, Diff: 3, Sum: 3, Workers: 4
[41.039s][debug][gc,phases      ] GC(95)   StringDedup Table Weak         Min:  0.0, Avg:  0.0, Max:  0.0, Diff:  0.0, Sum:  0.0, Workers: 4
[41.039s][debug][gc,phases      ] GC(95)     Dead                           Min: 0, Avg:  0.0, Max: 0, Diff: 0, Sum: 0, Workers: 4
[41.039s][debug][gc,phases      ] GC(95)     Total                          Min: 0, Avg:  0.0, Max: 0, Diff: 0, Sum: 0, Workers: 4
[41.039s][debug][gc,phases      ] GC(95)   StringDedup Requests0 Weak     Min:  0.0, Avg:  0.0, Max:  0.0, Diff:  0.0, Sum:  0.0, Workers: 4
[41.039s][debug][gc,phases      ] GC(95)     Dead                           Min: 0, Avg:  0.0, Max: 0, Diff: 0, Sum: 0, Workers: 4
[41.039s][debug][gc,phases      ] GC(95)     Total                          Min: 0, Avg:  0.0, Max: 0, Diff: 0, Sum: 0, Workers: 4
[41.039s][debug][gc,phases      ] GC(95)   StringDedup Requests1 Weak     Min:  0.0, Avg:  0.0, Max:  0.0, Diff:  0.0, Sum:  0.0, Workers: 4
[41.039s][debug][gc,phases      ] GC(95)     Dead                           Min: 0, Avg:  0.0, Max: 0, Diff: 0, Sum: 0, Workers: 4
[41.039s][debug][gc,phases      ] GC(95)     Total                          Min: 0, Avg:  0.0, Max: 0, Diff: 0, Sum: 0, Workers: 4
[41.039s][debug][gc,phases      ] GC(95)   Weak JFR Old Object Samples    Min:  0.0, Avg:  0.0, Max:  0.0, Diff:  0.0, Sum:  0.0, Workers: 4
[41.039s][debug][gc,phases      ] GC(95)     Dead                           Min: 0, Avg:  0.0, Max: 0, Diff: 0, Sum: 0, Workers: 4
[41.039s][debug][gc,phases      ] GC(95)     Total                          Min: 0, Avg:  0.0, Max: 0, Diff: 0, Sum: 0, Workers: 4
[41.039s][debug][gc,phases      ] GC(95) Weak Processing 0.327ms
[41.039s][debug][gc,age         ] GC(95) Desired survivor size 95944704 bytes, new threshold 15 (max threshold 15)
[41.039s][info ][gc,heap        ] GC(95) PSYoungGen: 1893104K(1991680K)->3632K(2003456K) Eden: 1889792K(1889792K)->0K(1905664K) From: 3312K(101888K)->3632K(97792K)
[41.039s][info ][gc,heap        ] GC(95) ParOldGen: 366732K(456704K)->366732K(456704K)
[41.039s][info ][gc,metaspace   ] GC(95) Metaspace: 72210K(73024K)->72210K(73024K) NonClass: 61853K(62336K)->61853K(62336K) Class: 10357K(10688K)->10357K(10688K)
[41.039s][info ][gc             ] GC(95) Pause Young (Allocation Failure) 2206M->361M(2402M) 3.229ms
[41.039s][info ][gc,cpu         ] GC(95) User=0.01s Sys=0.00s Real=0.00s
[41.039s][info ][safepoint      ] Safepoint "ParallelGCFailedAllocation", Time since last: 413277566 ns, Reaching safepoint: 3242876 ns, At safepoint: 3330078 ns, Total: 6572954 ns
[41.445s][info ][gc,start       ] GC(96) Pause Young (Allocation Failure)
[41.448s][debug][gc,phases      ] GC(96) Scavenge 2.786ms
[41.448s][debug][gc,ref         ] GC(96) Skipped phase 1 of Reference Processing: no references
[41.448s][debug][gc,ref         ] GC(96) Skipped phase 2 of Reference Processing: no references
[41.448s][debug][gc,ref         ] GC(96) Skipped phase 3 of Reference Processing: no references
[41.448s][debug][gc,ref         ] GC(96) Skipped phase 4 of Reference Processing: no references
[41.448s][debug][gc,phases      ] GC(96) Reference Processing 0.050ms
[41.448s][debug][gc,phases      ] GC(96)   VM Weak                        Min:  0.0, Avg:  0.0, Max:  0.0, Diff:  0.0, Sum:  0.0, Workers: 4
[41.448s][debug][gc,phases      ] GC(96)     Dead                           Min: 0, Avg:  0.0, Max: 0, Diff: 0, Sum: 0, Workers: 4
[41.448s][debug][gc,phases      ] GC(96)     Total                          Min: 0, Avg: 154.5, Max: 618, Diff: 618, Sum: 618, Workers: 4
[41.448s][debug][gc,phases      ] GC(96)   ObjectSynchronizer Weak        Min:  0.0, Avg:  0.0, Max:  0.0, Diff:  0.0, Sum:  0.0, Workers: 4
[41.448s][debug][gc,phases      ] GC(96)     Dead                           Min: 0, Avg:  0.0, Max: 0, Diff: 0, Sum: 0, Workers: 4
[41.448s][debug][gc,phases      ] GC(96)     Total                          Min: 0, Avg: 107.5, Max: 366, Diff: 366, Sum: 430, Workers: 4
[41.448s][debug][gc,phases      ] GC(96)   JVMTI Tag Weak OopStorage      Min:  0.0, Avg:  0.0, Max:  0.0, Diff:  0.0, Sum:  0.0, Workers: 4
[41.448s][debug][gc,phases      ] GC(96)     Dead                           Min: 0, Avg:  0.0, Max: 0, Diff: 0, Sum: 0, Workers: 4
[41.448s][debug][gc,phases      ] GC(96)     Total                          Min: 0, Avg:  0.0, Max: 0, Diff: 0, Sum: 0, Workers: 4
[41.448s][debug][gc,phases      ] GC(96)   StringTable Weak               Min:  0.1, Avg:  0.1, Max:  0.1, Diff:  0.0, Sum:  0.4, Workers: 4
[41.448s][debug][gc,phases      ] GC(96)     Dead                           Min: 0, Avg:  0.0, Max: 0, Diff: 0, Sum: 0, Workers: 4
[41.448s][debug][gc,phases      ] GC(96)     Total                          Min: 10240, Avg: 10986.5, Max: 11904, Diff: 1664, Sum: 43946, Workers: 4
[41.448s][debug][gc,phases      ] GC(96)   ResolvedMethodTable Weak       Min:  0.0, Avg:  0.0, Max:  0.0, Diff:  0.0, Sum:  0.1, Workers: 4
[41.448s][debug][gc,phases      ] GC(96)     Dead                           Min: 0, Avg:  0.0, Max: 0, Diff: 0, Sum: 0, Workers: 4
[41.448s][debug][gc,phases      ] GC(96)     Total                          Min: 1216, Avg: 1905.5, Max: 2239, Diff: 1023, Sum: 7622, Workers: 4
[41.448s][debug][gc,phases      ] GC(96)   JNI Weak                       Min:  0.0, Avg:  0.0, Max:  0.0, Diff:  0.0, Sum:  0.0, Workers: 4
[41.448s][debug][gc,phases      ] GC(96)     Dead                           Min: 0, Avg:  0.0, Max: 0, Diff: 0, Sum: 0, Workers: 4
[41.448s][debug][gc,phases      ] GC(96)     Total                          Min: 0, Avg:  0.0, Max: 0, Diff: 0, Sum: 0, Workers: 4
[41.448s][debug][gc,phases      ] GC(96)   StringDedup Table Weak         Min:  0.0, Avg:  0.0, Max:  0.0, Diff:  0.0, Sum:  0.0, Workers: 4
[41.448s][debug][gc,phases      ] GC(96)     Dead                           Min: 0, Avg:  0.0, Max: 0, Diff: 0, Sum: 0, Workers: 4
[41.448s][debug][gc,phases      ] GC(96)     Total                          Min: 0, Avg:  0.0, Max: 0, Diff: 0, Sum: 0, Workers: 4
[41.448s][debug][gc,phases      ] GC(96)   StringDedup Requests0 Weak     Min:  0.0, Avg:  0.0, Max:  0.0, Diff:  0.0, Sum:  0.0, Workers: 4
[41.448s][debug][gc,phases      ] GC(96)     Dead                           Min: 0, Avg:  0.0, Max: 0, Diff: 0, Sum: 0, Workers: 4
[41.448s][debug][gc,phases      ] GC(96)     Total                          Min: 0, Avg:  0.0, Max: 0, Diff: 0, Sum: 0, Workers: 4
[41.448s][debug][gc,phases      ] GC(96)   StringDedup Requests1 Weak     Min:  0.0, Avg:  0.0, Max:  0.0, Diff:  0.0, Sum:  0.0, Workers: 4
[41.448s][debug][gc,phases      ] GC(96)     Dead                           Min: 0, Avg:  0.0, Max: 0, Diff: 0, Sum: 0, Workers: 4
[41.448s][debug][gc,phases      ] GC(96)     Total                          Min: 0, Avg:  0.0, Max: 0, Diff: 0, Sum: 0, Workers: 4
[41.448s][debug][gc,phases      ] GC(96)   Weak JFR Old Object Samples    Min:  0.0, Avg:  0.0, Max:  0.0, Diff:  0.0, Sum:  0.0, Workers: 4
[41.448s][debug][gc,phases      ] GC(96)     Dead                           Min: 0, Avg:  0.0, Max: 0, Diff: 0, Sum: 0, Workers: 4
[41.448s][debug][gc,phases      ] GC(96)     Total                          Min: 0, Avg:  0.0, Max: 0, Diff: 0, Sum: 0, Workers: 4
[41.448s][debug][gc,phases      ] GC(96) Weak Processing 0.297ms
[41.448s][debug][gc,age         ] GC(96) Desired survivor size 91750400 bytes, new threshold 15 (max threshold 15)
[41.448s][info ][gc,heap        ] GC(96) PSYoungGen: 1909296K(2003456K)->3952K(1999360K) Eden: 1905664K(1905664K)->0K(1905664K) From: 3632K(97792K)->3952K(93696K)
[41.448s][info ][gc,heap        ] GC(96) ParOldGen: 366732K(456704K)->366732K(456704K)
[41.448s][info ][gc,metaspace   ] GC(96) Metaspace: 72213K(73024K)->72213K(73024K) NonClass: 61855K(62336K)->61855K(62336K) Class: 10357K(10688K)->10357K(10688K)
[41.448s][info ][gc             ] GC(96) Pause Young (Allocation Failure) 2222M->361M(2398M) 3.251ms
[41.448s][info ][gc,cpu         ] GC(96) User=0.02s Sys=0.00s Real=0.00s
[41.448s][info ][safepoint      ] Safepoint "ParallelGCFailedAllocation", Time since last: 405425181 ns, Reaching safepoint: 249405 ns, At safepoint: 3355179 ns, Total: 3604584 ns
[41.848s][info ][gc,start       ] GC(97) Pause Young (Allocation Failure)
[41.851s][debug][gc,phases      ] GC(97) Scavenge 3.316ms
[41.851s][debug][gc,ref         ] GC(97) Skipped phase 1 of Reference Processing: no references
[41.851s][debug][gc,ref         ] GC(97) ReferenceProcessor::execute queues: 1, RefProcThreadModel::Single, marks_oops_alive: false
[41.851s][debug][gc,ref         ] GC(97) Skipped phase 3 of Reference Processing: no references
[41.852s][debug][gc,ref         ] GC(97) ReferenceProcessor::execute queues: 1, RefProcThreadModel::Single, marks_oops_alive: false
[41.852s][debug][gc,phases      ] GC(97) Reference Processing 0.123ms
[41.852s][debug][gc,phases      ] GC(97)   VM Weak                        Min:  0.0, Avg:  0.0, Max:  0.0, Diff:  0.0, Sum:  0.0, Workers: 4
[41.852s][debug][gc,phases      ] GC(97)     Dead                           Min: 0, Avg:  0.0, Max: 0, Diff: 0, Sum: 0, Workers: 4
[41.852s][debug][gc,phases      ] GC(97)     Total                          Min: 0, Avg: 154.8, Max: 619, Diff: 619, Sum: 619, Workers: 4
[41.852s][debug][gc,phases      ] GC(97)   ObjectSynchronizer Weak        Min:  0.0, Avg:  0.0, Max:  0.0, Diff:  0.0, Sum:  0.0, Workers: 4
[41.852s][debug][gc,phases      ] GC(97)     Dead                           Min: 0, Avg:  0.0, Max: 0, Diff: 0, Sum: 0, Workers: 4
[41.852s][debug][gc,phases      ] GC(97)     Total                          Min: 0, Avg: 107.5, Max: 430, Diff: 430, Sum: 430, Workers: 4
[41.852s][debug][gc,phases      ] GC(97)   JVMTI Tag Weak OopStorage      Min:  0.0, Avg:  0.0, Max:  0.0, Diff:  0.0, Sum:  0.0, Workers: 4
[41.852s][debug][gc,phases      ] GC(97)     Dead                           Min: 0, Avg:  0.0, Max: 0, Diff: 0, Sum: 0, Workers: 4
[41.852s][debug][gc,phases      ] GC(97)     Total                          Min: 0, Avg:  0.0, Max: 0, Diff: 0, Sum: 0, Workers: 4
[41.852s][debug][gc,phases      ] GC(97)   StringTable Weak               Min:  0.1, Avg:  0.1, Max:  0.1, Diff:  0.0, Sum:  0.3, Workers: 4
[41.852s][debug][gc,phases      ] GC(97)     Dead                           Min: 0, Avg:  0.0, Max: 0, Diff: 0, Sum: 0, Workers: 4
[41.852s][debug][gc,phases      ] GC(97)     Total                          Min: 10115, Avg: 11024.8, Max: 13248, Diff: 3133, Sum: 44099, Workers: 4
[41.852s][debug][gc,phases      ] GC(97)   ResolvedMethodTable Weak       Min:  0.0, Avg:  0.0, Max:  0.0, Diff:  0.0, Sum:  0.1, Workers: 4
[41.852s][debug][gc,phases      ] GC(97)     Dead                           Min: 0, Avg: 10.0, Max: 37, Diff: 37, Sum: 40, Workers: 4
[41.852s][debug][gc,phases      ] GC(97)     Total                          Min: 1599, Avg: 1925.0, Max: 2176, Diff: 577, Sum: 7700, Workers: 4
[41.852s][debug][gc,phases      ] GC(97)   JNI Weak                       Min:  0.0, Avg:  0.0, Max:  0.0, Diff:  0.0, Sum:  0.0, Workers: 4
[41.852s][debug][gc,phases      ] GC(97)     Dead                           Min: 0, Avg:  0.0, Max: 0, Diff: 0, Sum: 0, Workers: 4
[41.852s][debug][gc,phases      ] GC(97)     Total                          Min: 0, Avg:  0.2, Max: 1, Diff: 1, Sum: 1, Workers: 4
[41.852s][debug][gc,phases      ] GC(97)   StringDedup Table Weak         Min:  0.0, Avg:  0.0, Max:  0.0, Diff:  0.0, Sum:  0.0, Workers: 4
[41.852s][debug][gc,phases      ] GC(97)     Dead                           Min: 0, Avg:  0.0, Max: 0, Diff: 0, Sum: 0, Workers: 4
[41.852s][debug][gc,phases      ] GC(97)     Total                          Min: 0, Avg:  0.0, Max: 0, Diff: 0, Sum: 0, Workers: 4
[41.852s][debug][gc,phases      ] GC(97)   StringDedup Requests0 Weak     Min:  0.0, Avg:  0.0, Max:  0.0, Diff:  0.0, Sum:  0.0, Workers: 4
[41.852s][debug][gc,phases      ] GC(97)     Dead                           Min: 0, Avg:  0.0, Max: 0, Diff: 0, Sum: 0, Workers: 4
[41.852s][debug][gc,phases      ] GC(97)     Total                          Min: 0, Avg:  0.0, Max: 0, Diff: 0, Sum: 0, Workers: 4
[41.852s][debug][gc,phases      ] GC(97)   StringDedup Requests1 Weak     Min:  0.0, Avg:  0.0, Max:  0.0, Diff:  0.0, Sum:  0.0, Workers: 4
[41.852s][debug][gc,phases      ] GC(97)     Dead                           Min: 0, Avg:  0.0, Max: 0, Diff: 0, Sum: 0, Workers: 4
[41.852s][debug][gc,phases      ] GC(97)     Total                          Min: 0, Avg:  0.0, Max: 0, Diff: 0, Sum: 0, Workers: 4
[41.852s][debug][gc,phases      ] GC(97)   Weak JFR Old Object Samples    Min:  0.0, Avg:  0.0, Max:  0.0, Diff:  0.0, Sum:  0.0, Workers: 4
[41.852s][debug][gc,phases      ] GC(97)     Dead                           Min: 0, Avg:  0.0, Max: 0, Diff: 0, Sum: 0, Workers: 4
[41.852s][debug][gc,phases      ] GC(97)     Total                          Min: 0, Avg:  0.0, Max: 0, Diff: 0, Sum: 0, Workers: 4
[41.852s][debug][gc,phases      ] GC(97) Weak Processing 0.291ms
[41.852s][debug][gc,age         ] GC(97) Desired survivor size 87031808 bytes, new threshold 15 (max threshold 15)
[41.852s][info ][gc,heap        ] GC(97) PSYoungGen: 1909616K(1999360K)->4493K(2012160K) Eden: 1905664K(1905664K)->0K(1922560K) From: 3952K(93696K)->4493K(89600K)
[41.852s][info ][gc,heap        ] GC(97) ParOldGen: 366732K(456704K)->366732K(456704K)
[41.852s][info ][gc,metaspace   ] GC(97) Metaspace: 72909K(73664K)->72909K(73664K) NonClass: 62445K(62848K)->62445K(62848K) Class: 10464K(10816K)->10464K(10816K)
[41.852s][info ][gc             ] GC(97) Pause Young (Allocation Failure) 2222M->362M(2411M) 3.858ms
[41.852s][info ][gc,cpu         ] GC(97) User=0.01s Sys=0.00s Real=0.01s
[41.852s][info ][safepoint      ] Safepoint "ParallelGCFailedAllocation", Time since last: 399587843 ns, Reaching safepoint: 164804 ns, At safepoint: 3960192 ns, Total: 4124996 ns
[42.283s][info ][gc,start       ] GC(98) Pause Young (Allocation Failure)
[42.287s][debug][gc,phases      ] GC(98) Scavenge 3.926ms
[42.287s][debug][gc,ref         ] GC(98) Skipped phase 1 of Reference Processing: no references
[42.287s][debug][gc,ref         ] GC(98) ReferenceProcessor::execute queues: 1, RefProcThreadModel::Single, marks_oops_alive: false
[42.287s][debug][gc,ref         ] GC(98) Skipped phase 3 of Reference Processing: no references
[42.287s][debug][gc,ref         ] GC(98) ReferenceProcessor::execute queues: 1, RefProcThreadModel::Single, marks_oops_alive: false
[42.287s][debug][gc,phases      ] GC(98) Reference Processing 0.151ms
[42.288s][debug][gc,phases      ] GC(98)   VM Weak                        Min:  0.0, Avg:  0.0, Max:  0.0, Diff:  0.0, Sum:  0.0, Workers: 4
[42.288s][debug][gc,phases      ] GC(98)     Dead                           Min: 0, Avg:  0.0, Max: 0, Diff: 0, Sum: 0, Workers: 4
[42.288s][debug][gc,phases      ] GC(98)     Total                          Min: 0, Avg: 154.8, Max: 619, Diff: 619, Sum: 619, Workers: 4
[42.288s][debug][gc,phases      ] GC(98)   ObjectSynchronizer Weak        Min:  0.0, Avg:  0.0, Max:  0.0, Diff:  0.0, Sum:  0.0, Workers: 4
[42.288s][debug][gc,phases      ] GC(98)     Dead                           Min: 0, Avg:  0.0, Max: 0, Diff: 0, Sum: 0, Workers: 4
[42.288s][debug][gc,phases      ] GC(98)     Total                          Min: 0, Avg: 107.5, Max: 302, Diff: 302, Sum: 430, Workers: 4
[42.288s][debug][gc,phases      ] GC(98)   JVMTI Tag Weak OopStorage      Min:  0.0, Avg:  0.0, Max:  0.0, Diff:  0.0, Sum:  0.0, Workers: 4
[42.288s][debug][gc,phases      ] GC(98)     Dead                           Min: 0, Avg:  0.0, Max: 0, Diff: 0, Sum: 0, Workers: 4
[42.288s][debug][gc,phases      ] GC(98)     Total                          Min: 0, Avg:  0.0, Max: 0, Diff: 0, Sum: 0, Workers: 4
[42.288s][debug][gc,phases      ] GC(98)   StringTable Weak               Min:  0.1, Avg:  0.1, Max:  0.1, Diff:  0.0, Sum:  0.4, Workers: 4
[42.288s][debug][gc,phases      ] GC(98)     Dead                           Min: 0, Avg:  0.0, Max: 0, Diff: 0, Sum: 0, Workers: 4
[42.288s][debug][gc,phases      ] GC(98)     Total                          Min: 10048, Avg: 11078.2, Max: 12480, Diff: 2432, Sum: 44313, Workers: 4
[42.288s][debug][gc,phases      ] GC(98)   ResolvedMethodTable Weak       Min:  0.0, Avg:  0.0, Max:  0.0, Diff:  0.0, Sum:  0.1, Workers: 4
[42.288s][debug][gc,phases      ] GC(98)     Dead                           Min: 0, Avg: 11.0, Max: 42, Diff: 42, Sum: 44, Workers: 4
[42.288s][debug][gc,phases      ] GC(98)     Total                          Min: 1664, Avg: 1959.5, Max: 2337, Diff: 673, Sum: 7838, Workers: 4
[42.288s][debug][gc,phases      ] GC(98)   JNI Weak                       Min:  0.0, Avg:  0.0, Max:  0.0, Diff:  0.0, Sum:  0.0, Workers: 4
[42.288s][debug][gc,phases      ] GC(98)     Dead                           Min: 0, Avg:  0.0, Max: 0, Diff: 0, Sum: 0, Workers: 4
[42.288s][debug][gc,phases      ] GC(98)     Total                          Min: 0, Avg:  0.0, Max: 0, Diff: 0, Sum: 0, Workers: 4
[42.288s][debug][gc,phases      ] GC(98)   StringDedup Table Weak         Min:  0.0, Avg:  0.0, Max:  0.0, Diff:  0.0, Sum:  0.0, Workers: 4
[42.288s][debug][gc,phases      ] GC(98)     Dead                           Min: 0, Avg:  0.0, Max: 0, Diff: 0, Sum: 0, Workers: 4
[42.288s][debug][gc,phases      ] GC(98)     Total                          Min: 0, Avg:  0.0, Max: 0, Diff: 0, Sum: 0, Workers: 4
[42.288s][debug][gc,phases      ] GC(98)   StringDedup Requests0 Weak     Min:  0.0, Avg:  0.0, Max:  0.0, Diff:  0.0, Sum:  0.0, Workers: 4
[42.288s][debug][gc,phases      ] GC(98)     Dead                           Min: 0, Avg:  0.0, Max: 0, Diff: 0, Sum: 0, Workers: 4
[42.288s][debug][gc,phases      ] GC(98)     Total                          Min: 0, Avg:  0.0, Max: 0, Diff: 0, Sum: 0, Workers: 4
[42.288s][debug][gc,phases      ] GC(98)   StringDedup Requests1 Weak     Min:  0.0, Avg:  0.0, Max:  0.0, Diff:  0.0, Sum:  0.0, Workers: 4
[42.288s][debug][gc,phases      ] GC(98)     Dead                           Min: 0, Avg:  0.0, Max: 0, Diff: 0, Sum: 0, Workers: 4
[42.288s][debug][gc,phases      ] GC(98)     Total                          Min: 0, Avg:  0.0, Max: 0, Diff: 0, Sum: 0, Workers: 4
[42.288s][debug][gc,phases      ] GC(98)   Weak JFR Old Object Samples    Min:  0.0, Avg:  0.0, Max:  0.0, Diff:  0.0, Sum:  0.0, Workers: 4
[42.288s][debug][gc,phases      ] GC(98)     Dead                           Min: 0, Avg:  0.0, Max: 0, Diff: 0, Sum: 0, Workers: 4
[42.288s][debug][gc,phases      ] GC(98)     Total                          Min: 0, Avg:  0.0, Max: 0, Diff: 0, Sum: 0, Workers: 4
[42.288s][debug][gc,phases      ] GC(98) Weak Processing 0.370ms
[42.288s][debug][gc,age         ] GC(98) Desired survivor size 82313216 bytes, new threshold 15 (max threshold 15)
[42.288s][info ][gc,heap        ] GC(98) PSYoungGen: 1927053K(2012160K)->5104K(2007552K) Eden: 1922560K(1922560K)->0K(1922560K) From: 4493K(89600K)->5104K(84992K)
[42.288s][info ][gc,heap        ] GC(98) ParOldGen: 366732K(456704K)->366732K(456704K)
[42.288s][info ][gc,metaspace   ] GC(98) Metaspace: 74099K(74816K)->74099K(74816K) NonClass: 63405K(63808K)->63405K(63808K) Class: 10694K(11008K)->10694K(11008K)
[42.288s][info ][gc             ] GC(98) Pause Young (Allocation Failure) 2240M->363M(2406M) 4.602ms
[42.288s][info ][gc,cpu         ] GC(98) User=0.02s Sys=0.00s Real=0.00s
[42.288s][info ][safepoint      ] Safepoint "ParallelGCFailedAllocation", Time since last: 430672968 ns, Reaching safepoint: 590214 ns, At safepoint: 4731210 ns, Total: 5321424 ns
[42.706s][info ][gc,start       ] GC(99) Pause Young (Allocation Failure)
[42.709s][debug][gc,phases      ] GC(99) Scavenge 3.645ms
[42.709s][debug][gc,ref         ] GC(99) Skipped phase 1 of Reference Processing: no references
[42.709s][debug][gc,ref         ] GC(99) ReferenceProcessor::execute queues: 1, RefProcThreadModel::Single, marks_oops_alive: false
[42.710s][debug][gc,ref         ] GC(99) Skipped phase 3 of Reference Processing: no references
[42.710s][debug][gc,ref         ] GC(99) ReferenceProcessor::execute queues: 1, RefProcThreadModel::Single, marks_oops_alive: false
[42.710s][debug][gc,phases      ] GC(99) Reference Processing 0.112ms
[42.710s][debug][gc,phases      ] GC(99)   VM Weak                        Min:  0.0, Avg:  0.0, Max:  0.0, Diff:  0.0, Sum:  0.0, Workers: 4
[42.710s][debug][gc,phases      ] GC(99)     Dead                           Min: 0, Avg:  0.0, Max: 0, Diff: 0, Sum: 0, Workers: 4
[42.710s][debug][gc,phases      ] GC(99)     Total                          Min: 0, Avg: 156.2, Max: 625, Diff: 625, Sum: 625, Workers: 4
[42.710s][debug][gc,phases      ] GC(99)   ObjectSynchronizer Weak        Min:  0.0, Avg:  0.0, Max:  0.0, Diff:  0.0, Sum:  0.0, Workers: 4
[42.710s][debug][gc,phases      ] GC(99)     Dead                           Min: 0, Avg:  0.0, Max: 0, Diff: 0, Sum: 0, Workers: 4
[42.710s][debug][gc,phases      ] GC(99)     Total                          Min: 0, Avg: 107.5, Max: 174, Diff: 174, Sum: 430, Workers: 4
[42.710s][debug][gc,phases      ] GC(99)   JVMTI Tag Weak OopStorage      Min:  0.0, Avg:  0.0, Max:  0.0, Diff:  0.0, Sum:  0.0, Workers: 4
[42.710s][debug][gc,phases      ] GC(99)     Dead                           Min: 0, Avg:  0.0, Max: 0, Diff: 0, Sum: 0, Workers: 4
[42.710s][debug][gc,phases      ] GC(99)     Total                          Min: 0, Avg:  0.0, Max: 0, Diff: 0, Sum: 0, Workers: 4
[42.710s][debug][gc,phases      ] GC(99)   StringTable Weak               Min:  0.1, Avg:  0.1, Max:  0.1, Diff:  0.0, Sum:  0.4, Workers: 4
[42.710s][debug][gc,phases      ] GC(99)     Dead                           Min: 0, Avg:  0.0, Max: 0, Diff: 0, Sum: 0, Workers: 4
[42.710s][debug][gc,phases      ] GC(99)     Total                          Min: 9088, Avg: 11248.8, Max: 12480, Diff: 3392, Sum: 44995, Workers: 4
[42.710s][debug][gc,phases      ] GC(99)   ResolvedMethodTable Weak       Min:  0.0, Avg:  0.0, Max:  0.0, Diff:  0.0, Sum:  0.1, Workers: 4
[42.710s][debug][gc,phases      ] GC(99)     Dead                           Min: 0, Avg:  0.0, Max: 0, Diff: 0, Sum: 0, Workers: 4
[42.710s][debug][gc,phases      ] GC(99)     Total                          Min: 1834, Avg: 1959.8, Max: 2176, Diff: 342, Sum: 7839, Workers: 4
[42.710s][debug][gc,phases      ] GC(99)   JNI Weak                       Min:  0.0, Avg:  0.0, Max:  0.0, Diff:  0.0, Sum:  0.0, Workers: 4
[42.710s][debug][gc,phases      ] GC(99)     Dead                           Min: 0, Avg:  0.0, Max: 0, Diff: 0, Sum: 0, Workers: 4
[42.710s][debug][gc,phases      ] GC(99)     Total                          Min: 0, Avg:  0.2, Max: 1, Diff: 1, Sum: 1, Workers: 4
[42.710s][debug][gc,phases      ] GC(99)   StringDedup Table Weak         Min:  0.0, Avg:  0.0, Max:  0.0, Diff:  0.0, Sum:  0.0, Workers: 4
[42.710s][debug][gc,phases      ] GC(99)     Dead                           Min: 0, Avg:  0.0, Max: 0, Diff: 0, Sum: 0, Workers: 4
[42.710s][debug][gc,phases      ] GC(99)     Total                          Min: 0, Avg:  0.0, Max: 0, Diff: 0, Sum: 0, Workers: 4
[42.710s][debug][gc,phases      ] GC(99)   StringDedup Requests0 Weak     Min:  0.0, Avg:  0.0, Max:  0.0, Diff:  0.0, Sum:  0.0, Workers: 4
[42.710s][debug][gc,phases      ] GC(99)     Dead                           Min: 0, Avg:  0.0, Max: 0, Diff: 0, Sum: 0, Workers: 4
[42.710s][debug][gc,phases      ] GC(99)     Total                          Min: 0, Avg:  0.0, Max: 0, Diff: 0, Sum: 0, Workers: 4
[42.710s][debug][gc,phases      ] GC(99)   StringDedup Requests1 Weak     Min:  0.0, Avg:  0.0, Max:  0.0, Diff:  0.0, Sum:  0.0, Workers: 4
[42.710s][debug][gc,phases      ] GC(99)     Dead                           Min: 0, Avg:  0.0, Max: 0, Diff: 0, Sum: 0, Workers: 4
[42.710s][debug][gc,phases      ] GC(99)     Total                          Min: 0, Avg:  0.0, Max: 0, Diff: 0, Sum: 0, Workers: 4
[42.710s][debug][gc,phases      ] GC(99)   Weak JFR Old Object Samples    Min:  0.0, Avg:  0.0, Max:  0.0, Diff:  0.0, Sum:  0.0, Workers: 4
[42.710s][debug][gc,phases      ] GC(99)     Dead                           Min: 0, Avg:  0.0, Max: 0, Diff: 0, Sum: 0, Workers: 4
[42.710s][debug][gc,phases      ] GC(99)     Total                          Min: 0, Avg:  0.0, Max: 0, Diff: 0, Sum: 0, Workers: 4
[42.710s][debug][gc,phases      ] GC(99) Weak Processing 0.314ms
[42.710s][debug][gc,age         ] GC(99) Desired survivor size 77594624 bytes, new threshold 15 (max threshold 15)
[42.710s][info ][gc,heap        ] GC(99) PSYoungGen: 1927664K(2007552K)->5776K(2021376K) Eden: 1922560K(1922560K)->0K(1940992K) From: 5104K(84992K)->5776K(80384K)
[42.710s][info ][gc,heap        ] GC(99) ParOldGen: 366732K(456704K)->366740K(456704K)
[42.710s][info ][gc,metaspace   ] GC(99) Metaspace: 74464K(75328K)->74464K(75328K) NonClass: 63721K(64192K)->63721K(64192K) Class: 10743K(11136K)->10743K(11136K)
[42.710s][info ][gc             ] GC(99) Pause Young (Allocation Failure) 2240M->363M(2420M) 4.188ms
[42.710s][info ][gc,cpu         ] GC(99) User=0.02s Sys=0.00s Real=0.00s
[42.710s][info ][safepoint      ] Safepoint "ParallelGCFailedAllocation", Time since last: 417424158 ns, Reaching safepoint: 324107 ns, At safepoint: 4291201 ns, Total: 4615308 ns
[43.152s][info ][gc,start       ] GC(100) Pause Young (Allocation Failure)
[43.156s][debug][gc,phases      ] GC(100) Scavenge 4.423ms
[43.156s][debug][gc,ref         ] GC(100) Skipped phase 1 of Reference Processing: no references
[43.156s][debug][gc,ref         ] GC(100) ReferenceProcessor::execute queues: 1, RefProcThreadModel::Single, marks_oops_alive: false
[43.156s][debug][gc,ref         ] GC(100) Skipped phase 3 of Reference Processing: no references
[43.156s][debug][gc,ref         ] GC(100) ReferenceProcessor::execute queues: 1, RefProcThreadModel::Single, marks_oops_alive: false
[43.156s][debug][gc,phases      ] GC(100) Reference Processing 0.136ms
[43.157s][debug][gc,phases      ] GC(100)   VM Weak                        Min:  0.0, Avg:  0.0, Max:  0.0, Diff:  0.0, Sum:  0.0, Workers: 4
[43.157s][debug][gc,phases      ] GC(100)     Dead                           Min: 0, Avg:  0.0, Max: 0, Diff: 0, Sum: 0, Workers: 4
[43.157s][debug][gc,phases      ] GC(100)     Total                          Min: 0, Avg: 157.5, Max: 566, Diff: 566, Sum: 630, Workers: 4
[43.157s][debug][gc,phases      ] GC(100)   ObjectSynchronizer Weak        Min:  0.0, Avg:  0.0, Max:  0.0, Diff:  0.0, Sum:  0.0, Workers: 4
[43.157s][debug][gc,phases      ] GC(100)     Dead                           Min: 0, Avg:  0.2, Max: 1, Diff: 1, Sum: 1, Workers: 4
[43.157s][debug][gc,phases      ] GC(100)     Total                          Min: 0, Avg: 108.0, Max: 192, Diff: 192, Sum: 432, Workers: 4
[43.157s][debug][gc,phases      ] GC(100)   JVMTI Tag Weak OopStorage      Min:  0.0, Avg:  0.0, Max:  0.0, Diff:  0.0, Sum:  0.0, Workers: 4
[43.157s][debug][gc,phases      ] GC(100)     Dead                           Min: 0, Avg:  0.0, Max: 0, Diff: 0, Sum: 0, Workers: 4
[43.157s][debug][gc,phases      ] GC(100)     Total                          Min: 0, Avg:  0.0, Max: 0, Diff: 0, Sum: 0, Workers: 4
[43.157s][debug][gc,phases      ] GC(100)   StringTable Weak               Min:  0.1, Avg:  0.1, Max:  0.1, Diff:  0.0, Sum:  0.4, Workers: 4
[43.157s][debug][gc,phases      ] GC(100)     Dead                           Min: 0, Avg:  0.2, Max: 1, Diff: 1, Sum: 1, Workers: 4
[43.157s][debug][gc,phases      ] GC(100)     Total                          Min: 10176, Avg: 11562.8, Max: 12608, Diff: 2432, Sum: 46251, Workers: 4
[43.157s][debug][gc,phases      ] GC(100)   ResolvedMethodTable Weak       Min:  0.0, Avg:  0.0, Max:  0.0, Diff:  0.0, Sum:  0.1, Workers: 4
[43.157s][debug][gc,phases      ] GC(100)     Dead                           Min: 0, Avg:  0.2, Max: 1, Diff: 1, Sum: 1, Workers: 4
[43.157s][debug][gc,phases      ] GC(100)     Total                          Min: 1783, Avg: 1965.2, Max: 2175, Diff: 392, Sum: 7861, Workers: 4
[43.157s][debug][gc,phases      ] GC(100)   JNI Weak                       Min:  0.0, Avg:  0.0, Max:  0.0, Diff:  0.0, Sum:  0.0, Workers: 4
[43.157s][debug][gc,phases      ] GC(100)     Dead                           Min: 0, Avg:  0.0, Max: 0, Diff: 0, Sum: 0, Workers: 4
[43.157s][debug][gc,phases      ] GC(100)     Total                          Min: 0, Avg:  0.0, Max: 0, Diff: 0, Sum: 0, Workers: 4
[43.157s][debug][gc,phases      ] GC(100)   StringDedup Table Weak         Min:  0.0, Avg:  0.0, Max:  0.0, Diff:  0.0, Sum:  0.0, Workers: 4
[43.157s][debug][gc,phases      ] GC(100)     Dead                           Min: 0, Avg:  0.0, Max: 0, Diff: 0, Sum: 0, Workers: 4
[43.157s][debug][gc,phases      ] GC(100)     Total                          Min: 0, Avg:  0.0, Max: 0, Diff: 0, Sum: 0, Workers: 4
[43.157s][debug][gc,phases      ] GC(100)   StringDedup Requests0 Weak     Min:  0.0, Avg:  0.0, Max:  0.0, Diff:  0.0, Sum:  0.0, Workers: 4
[43.157s][debug][gc,phases      ] GC(100)     Dead                           Min: 0, Avg:  0.0, Max: 0, Diff: 0, Sum: 0, Workers: 4
[43.157s][debug][gc,phases      ] GC(100)     Total                          Min: 0, Avg:  0.0, Max: 0, Diff: 0, Sum: 0, Workers: 4
[43.157s][debug][gc,phases      ] GC(100)   StringDedup Requests1 Weak     Min:  0.0, Avg:  0.0, Max:  0.0, Diff:  0.0, Sum:  0.0, Workers: 4
[43.157s][debug][gc,phases      ] GC(100)     Dead                           Min: 0, Avg:  0.0, Max: 0, Diff: 0, Sum: 0, Workers: 4
[43.157s][debug][gc,phases      ] GC(100)     Total                          Min: 0, Avg:  0.0, Max: 0, Diff: 0, Sum: 0, Workers: 4
[43.157s][debug][gc,phases      ] GC(100)   Weak JFR Old Object Samples    Min:  0.0, Avg:  0.0, Max:  0.0, Diff:  0.0, Sum:  0.0, Workers: 4
[43.157s][debug][gc,phases      ] GC(100)     Dead                           Min: 0, Avg:  0.0, Max: 0, Diff: 0, Sum: 0, Workers: 4
[43.157s][debug][gc,phases      ] GC(100)     Total                          Min: 0, Avg:  0.0, Max: 0, Diff: 0, Sum: 0, Workers: 4
[43.157s][debug][gc,phases      ] GC(100) Weak Processing 0.331ms
[43.157s][debug][gc,age         ] GC(100) Desired survivor size 72876032 bytes, new threshold 15 (max threshold 15)
[43.157s][info ][gc,heap        ] GC(100) PSYoungGen: 1946768K(2021376K)->7139K(2016768K) Eden: 1940992K(1940992K)->0K(1940992K) From: 5776K(80384K)->7139K(75776K)
[43.157s][info ][gc,heap        ] GC(100) ParOldGen: 366740K(456704K)->367284K(456704K)
[43.157s][info ][gc,metaspace   ] GC(100) Metaspace: 77336K(78208K)->77336K(78208K) NonClass: 66213K(66688K)->66213K(66688K) Class: 11123K(11520K)->11123K(11520K)
[43.157s][info ][gc             ] GC(100) Pause Young (Allocation Failure) 2259M->365M(2415M) 5.031ms
[43.157s][info ][gc,cpu         ] GC(100) User=0.02s Sys=0.00s Real=0.00s
[43.157s][info ][safepoint      ] Safepoint "ParallelGCFailedAllocation", Time since last: 441646419 ns, Reaching safepoint: 204105 ns, At safepoint: 5139420 ns, Total: 5343525 ns
[43.611s][info ][gc,start       ] GC(101) Pause Young (Allocation Failure)
[43.615s][debug][gc,phases      ] GC(101) Scavenge 3.831ms
[43.615s][debug][gc,ref         ] GC(101) Skipped phase 1 of Reference Processing: no references
[43.615s][debug][gc,ref         ] GC(101) ReferenceProcessor::execute queues: 1, RefProcThreadModel::Single, marks_oops_alive: false
[43.615s][debug][gc,ref         ] GC(101) Skipped phase 3 of Reference Processing: no references
[43.615s][debug][gc,ref         ] GC(101) ReferenceProcessor::execute queues: 1, RefProcThreadModel::Single, marks_oops_alive: false
[43.615s][debug][gc,phases      ] GC(101) Reference Processing 0.044ms
[43.616s][debug][gc,phases      ] GC(101)   VM Weak                        Min:  0.0, Avg:  0.0, Max:  0.0, Diff:  0.0, Sum:  0.0, Workers: 4
[43.616s][debug][gc,phases      ] GC(101)     Dead                           Min: 0, Avg:  0.0, Max: 0, Diff: 0, Sum: 0, Workers: 4
[43.616s][debug][gc,phases      ] GC(101)     Total                          Min: 0, Avg: 158.5, Max: 634, Diff: 634, Sum: 634, Workers: 4
[43.616s][debug][gc,phases      ] GC(101)   ObjectSynchronizer Weak        Min:  0.0, Avg:  0.0, Max:  0.0, Diff:  0.0, Sum:  0.0, Workers: 4
[43.616s][debug][gc,phases      ] GC(101)     Dead                           Min: 0, Avg:  0.0, Max: 0, Diff: 0, Sum: 0, Workers: 4
[43.616s][debug][gc,phases      ] GC(101)     Total                          Min: 0, Avg: 108.0, Max: 240, Diff: 240, Sum: 432, Workers: 4
[43.616s][debug][gc,phases      ] GC(101)   JVMTI Tag Weak OopStorage      Min:  0.0, Avg:  0.0, Max:  0.0, Diff:  0.0, Sum:  0.0, Workers: 4
[43.616s][debug][gc,phases      ] GC(101)     Dead                           Min: 0, Avg:  0.0, Max: 0, Diff: 0, Sum: 0, Workers: 4
[43.616s][debug][gc,phases      ] GC(101)     Total                          Min: 0, Avg:  0.0, Max: 0, Diff: 0, Sum: 0, Workers: 4
[43.616s][debug][gc,phases      ] GC(101)   StringTable Weak               Min:  0.1, Avg:  0.1, Max:  0.1, Diff:  0.0, Sum:  0.5, Workers: 4
[43.616s][debug][gc,phases      ] GC(101)     Dead                           Min: 0, Avg:  0.8, Max: 1, Diff: 1, Sum: 3, Workers: 4
[43.616s][debug][gc,phases      ] GC(101)     Total                          Min: 10240, Avg: 11627.5, Max: 12399, Diff: 2159, Sum: 46510, Workers: 4
[43.616s][debug][gc,phases      ] GC(101)   ResolvedMethodTable Weak       Min:  0.0, Avg:  0.0, Max:  0.0, Diff:  0.0, Sum:  0.1, Workers: 4
[43.616s][debug][gc,phases      ] GC(101)     Dead                           Min: 0, Avg:  7.2, Max: 26, Diff: 26, Sum: 29, Workers: 4
[43.616s][debug][gc,phases      ] GC(101)     Total                          Min: 1840, Avg: 1978.2, Max: 2111, Diff: 271, Sum: 7913, Workers: 4
[43.616s][debug][gc,phases      ] GC(101)   JNI Weak                       Min:  0.0, Avg:  0.0, Max:  0.0, Diff:  0.0, Sum:  0.0, Workers: 4
[43.616s][debug][gc,phases      ] GC(101)     Dead                           Min: 0, Avg:  0.0, Max: 0, Diff: 0, Sum: 0, Workers: 4
[43.616s][debug][gc,phases      ] GC(101)     Total                          Min: 0, Avg:  2.8, Max: 11, Diff: 11, Sum: 11, Workers: 4
[43.616s][debug][gc,phases      ] GC(101)   StringDedup Table Weak         Min:  0.0, Avg:  0.0, Max:  0.0, Diff:  0.0, Sum:  0.0, Workers: 4
[43.616s][debug][gc,phases      ] GC(101)     Dead                           Min: 0, Avg:  0.0, Max: 0, Diff: 0, Sum: 0, Workers: 4
[43.616s][debug][gc,phases      ] GC(101)     Total                          Min: 0, Avg:  0.0, Max: 0, Diff: 0, Sum: 0, Workers: 4
[43.616s][debug][gc,phases      ] GC(101)   StringDedup Requests0 Weak     Min:  0.0, Avg:  0.0, Max:  0.0, Diff:  0.0, Sum:  0.0, Workers: 4
[43.616s][debug][gc,phases      ] GC(101)     Dead                           Min: 0, Avg:  0.0, Max: 0, Diff: 0, Sum: 0, Workers: 4
[43.616s][debug][gc,phases      ] GC(101)     Total                          Min: 0, Avg:  0.0, Max: 0, Diff: 0, Sum: 0, Workers: 4
[43.616s][debug][gc,phases      ] GC(101)   StringDedup Requests1 Weak     Min:  0.0, Avg:  0.0, Max:  0.0, Diff:  0.0, Sum:  0.0, Workers: 4
[43.616s][debug][gc,phases      ] GC(101)     Dead                           Min: 0, Avg:  0.0, Max: 0, Diff: 0, Sum: 0, Workers: 4
[43.616s][debug][gc,phases      ] GC(101)     Total                          Min: 0, Avg:  0.0, Max: 0, Diff: 0, Sum: 0, Workers: 4
[43.616s][debug][gc,phases      ] GC(101)   Weak JFR Old Object Samples    Min:  0.0, Avg:  0.0, Max:  0.0, Diff:  0.0, Sum:  0.0, Workers: 4
[43.616s][debug][gc,phases      ] GC(101)     Dead                           Min: 0, Avg:  0.0, Max: 0, Diff: 0, Sum: 0, Workers: 4
[43.616s][debug][gc,phases      ] GC(101)     Total                          Min: 0, Avg:  0.0, Max: 0, Diff: 0, Sum: 0, Workers: 4
[43.616s][debug][gc,phases      ] GC(101) Weak Processing 0.308ms
[43.616s][debug][gc,age         ] GC(101) Desired survivor size 68681728 bytes, new threshold 15 (max threshold 15)
[43.616s][info ][gc,heap        ] GC(101) PSYoungGen: 1948131K(2016768K)->7658K(2030080K) Eden: 1940992K(1940992K)->0K(1958912K) From: 7139K(75776K)->7658K(71168K)
[43.616s][info ][gc,heap        ] GC(101) ParOldGen: 367284K(456704K)->367540K(456704K)
[43.616s][info ][gc,metaspace   ] GC(101) Metaspace: 78469K(79232K)->78469K(79232K) NonClass: 67201K(67648K)->67201K(67648K) Class: 11267K(11584K)->11267K(11584K)
[43.616s][info ][gc             ] GC(101) Pause Young (Allocation Failure) 2261M->366M(2428M) 4.324ms
[43.616s][info ][gc,cpu         ] GC(101) User=0.01s Sys=0.00s Real=0.00s
[43.616s][info ][safepoint      ] Safepoint "ParallelGCFailedAllocation", Time since last: 454340016 ns, Reaching safepoint: 180704 ns, At safepoint: 4423204 ns, Total: 4603908 ns
[44.182s][info ][gc,start       ] GC(102) Pause Young (Allocation Failure)
[44.189s][debug][gc,phases      ] GC(102) Scavenge 6.896ms
[44.189s][debug][gc,ref         ] GC(102) Skipped phase 1 of Reference Processing: no references
[44.189s][debug][gc,ref         ] GC(102) ReferenceProcessor::execute queues: 1, RefProcThreadModel::Single, marks_oops_alive: false
[44.189s][debug][gc,ref         ] GC(102) Skipped phase 3 of Reference Processing: no references
[44.189s][debug][gc,ref         ] GC(102) ReferenceProcessor::execute queues: 1, RefProcThreadModel::Single, marks_oops_alive: false
[44.189s][debug][gc,phases      ] GC(102) Reference Processing 0.137ms
[44.190s][debug][gc,phases      ] GC(102)   VM Weak                        Min:  0.0, Avg:  0.0, Max:  0.0, Diff:  0.0, Sum:  0.0, Workers: 4
[44.190s][debug][gc,phases      ] GC(102)     Dead                           Min: 0, Avg:  0.0, Max: 0, Diff: 0, Sum: 0, Workers: 4
[44.190s][debug][gc,phases      ] GC(102)     Total                          Min: 0, Avg: 158.8, Max: 507, Diff: 507, Sum: 635, Workers: 4
[44.190s][debug][gc,phases      ] GC(102)   ObjectSynchronizer Weak        Min:  0.0, Avg:  0.0, Max:  0.0, Diff:  0.0, Sum:  0.0, Workers: 4
[44.190s][debug][gc,phases      ] GC(102)     Dead                           Min: 0, Avg:  0.0, Max: 0, Diff: 0, Sum: 0, Workers: 4
[44.190s][debug][gc,phases      ] GC(102)     Total                          Min: 0, Avg: 108.0, Max: 240, Diff: 240, Sum: 432, Workers: 4
[44.190s][debug][gc,phases      ] GC(102)   JVMTI Tag Weak OopStorage      Min:  0.0, Avg:  0.0, Max:  0.0, Diff:  0.0, Sum:  0.0, Workers: 4
[44.190s][debug][gc,phases      ] GC(102)     Dead                           Min: 0, Avg:  0.0, Max: 0, Diff: 0, Sum: 0, Workers: 4
[44.190s][debug][gc,phases      ] GC(102)     Total                          Min: 0, Avg:  0.0, Max: 0, Diff: 0, Sum: 0, Workers: 4
[44.190s][debug][gc,phases      ] GC(102)   StringTable Weak               Min:  0.1, Avg:  0.1, Max:  0.1, Diff:  0.0, Sum:  0.5, Workers: 4
[44.190s][debug][gc,phases      ] GC(102)     Dead                           Min: 0, Avg:  0.2, Max: 1, Diff: 1, Sum: 1, Workers: 4
[44.190s][debug][gc,phases      ] GC(102)     Total                          Min: 9536, Avg: 11662.5, Max: 13760, Diff: 4224, Sum: 46650, Workers: 4
[44.190s][debug][gc,phases      ] GC(102)   ResolvedMethodTable Weak       Min:  0.0, Avg:  0.0, Max:  0.0, Diff:  0.0, Sum:  0.1, Workers: 4
[44.190s][debug][gc,phases      ] GC(102)     Dead                           Min: 0, Avg:  5.8, Max: 19, Diff: 19, Sum: 23, Workers: 4
[44.190s][debug][gc,phases      ] GC(102)     Total                          Min: 1728, Avg: 1991.2, Max: 2240, Diff: 512, Sum: 7965, Workers: 4
[44.190s][debug][gc,phases      ] GC(102)   JNI Weak                       Min:  0.0, Avg:  0.0, Max:  0.0, Diff:  0.0, Sum:  0.0, Workers: 4
[44.190s][debug][gc,phases      ] GC(102)     Dead                           Min: 0, Avg:  0.0, Max: 0, Diff: 0, Sum: 0, Workers: 4
[44.190s][debug][gc,phases      ] GC(102)     Total                          Min: 0, Avg:  2.0, Max: 8, Diff: 8, Sum: 8, Workers: 4
[44.190s][debug][gc,phases      ] GC(102)   StringDedup Table Weak         Min:  0.0, Avg:  0.0, Max:  0.0, Diff:  0.0, Sum:  0.0, Workers: 4
[44.190s][debug][gc,phases      ] GC(102)     Dead                           Min: 0, Avg:  0.0, Max: 0, Diff: 0, Sum: 0, Workers: 4
[44.190s][debug][gc,phases      ] GC(102)     Total                          Min: 0, Avg:  0.0, Max: 0, Diff: 0, Sum: 0, Workers: 4
[44.190s][debug][gc,phases      ] GC(102)   StringDedup Requests0 Weak     Min:  0.0, Avg:  0.0, Max:  0.0, Diff:  0.0, Sum:  0.0, Workers: 4
[44.190s][debug][gc,phases      ] GC(102)     Dead                           Min: 0, Avg:  0.0, Max: 0, Diff: 0, Sum: 0, Workers: 4
[44.190s][debug][gc,phases      ] GC(102)     Total                          Min: 0, Avg:  0.0, Max: 0, Diff: 0, Sum: 0, Workers: 4
[44.190s][debug][gc,phases      ] GC(102)   StringDedup Requests1 Weak     Min:  0.0, Avg:  0.0, Max:  0.0, Diff:  0.0, Sum:  0.0, Workers: 4
[44.190s][debug][gc,phases      ] GC(102)     Dead                           Min: 0, Avg:  0.0, Max: 0, Diff: 0, Sum: 0, Workers: 4
[44.190s][debug][gc,phases      ] GC(102)     Total                          Min: 0, Avg:  0.0, Max: 0, Diff: 0, Sum: 0, Workers: 4
[44.190s][debug][gc,phases      ] GC(102)   Weak JFR Old Object Samples    Min:  0.0, Avg:  0.0, Max:  0.0, Diff:  0.0, Sum:  0.0, Workers: 4
[44.190s][debug][gc,phases      ] GC(102)     Dead                           Min: 0, Avg:  0.0, Max: 0, Diff: 0, Sum: 0, Workers: 4
[44.190s][debug][gc,phases      ] GC(102)     Total                          Min: 0, Avg:  0.0, Max: 0, Diff: 0, Sum: 0, Workers: 4
[44.190s][debug][gc,phases      ] GC(102) Weak Processing 0.335ms
[44.190s][debug][gc,age         ] GC(102) Desired survivor size 63963136 bytes, new threshold 15 (max threshold 15)
[44.190s][info ][gc,heap        ] GC(102) PSYoungGen: 1966570K(2030080K)->8810K(2025984K) Eden: 1958912K(1958912K)->0K(1958912K) From: 7658K(71168K)->8810K(67072K)
[44.190s][info ][gc,heap        ] GC(102) ParOldGen: 367540K(456704K)->367840K(456704K)
[44.190s][info ][gc,metaspace   ] GC(102) Metaspace: 78886K(79680K)->78886K(79680K) NonClass: 67568K(68032K)->67568K(68032K) Class: 11318K(11648K)->11318K(11648K)
[44.190s][info ][gc             ] GC(102) Pause Young (Allocation Failure) 2279M->367M(2424M) 7.514ms
[44.190s][info ][gc,cpu         ] GC(102) User=0.03s Sys=0.00s Real=0.01s
[44.190s][info ][safepoint      ] Safepoint "ParallelGCFailedAllocation", Time since last: 566097723 ns, Reaching safepoint: 195004 ns, At safepoint: 7630478 ns, Total: 7825482 ns
[44.459s][info ][safepoint      ] Safepoint "ICBufferFull", Time since last: 268953382 ns, Reaching safepoint: 427410 ns, At safepoint: 31501 ns, Total: 458911 ns
[44.760s][info ][safepoint      ] Safepoint "ICBufferFull", Time since last: 300426816 ns, Reaching safepoint: 266606 ns, At safepoint: 23001 ns, Total: 289607 ns
[44.866s][info ][gc,start       ] GC(103) Pause Young (Allocation Failure)
[44.873s][debug][gc,phases      ] GC(103) Scavenge 7.670ms
[44.874s][debug][gc,ref         ] GC(103) Skipped phase 1 of Reference Processing: no references
[44.874s][debug][gc,ref         ] GC(103) ReferenceProcessor::execute queues: 1, RefProcThreadModel::Single, marks_oops_alive: false
[44.874s][debug][gc,ref         ] GC(103) Skipped phase 3 of Reference Processing: no references
[44.874s][debug][gc,ref         ] GC(103) ReferenceProcessor::execute queues: 1, RefProcThreadModel::Single, marks_oops_alive: false
[44.874s][debug][gc,phases      ] GC(103) Reference Processing 0.138ms
[44.874s][debug][gc,phases      ] GC(103)   VM Weak                        Min:  0.0, Avg:  0.0, Max:  0.0, Diff:  0.0, Sum:  0.0, Workers: 4
[44.874s][debug][gc,phases      ] GC(103)     Dead                           Min: 0, Avg:  0.0, Max: 0, Diff: 0, Sum: 0, Workers: 4
[44.874s][debug][gc,phases      ] GC(103)     Total                          Min: 0, Avg: 162.5, Max: 586, Diff: 586, Sum: 650, Workers: 4
[44.874s][debug][gc,phases      ] GC(103)   ObjectSynchronizer Weak        Min:  0.0, Avg:  0.0, Max:  0.0, Diff:  0.0, Sum:  0.0, Workers: 4
[44.874s][debug][gc,phases      ] GC(103)     Dead                           Min: 0, Avg:  0.0, Max: 0, Diff: 0, Sum: 0, Workers: 4
[44.874s][debug][gc,phases      ] GC(103)     Total                          Min: 0, Avg: 108.2, Max: 241, Diff: 241, Sum: 433, Workers: 4
[44.874s][debug][gc,phases      ] GC(103)   JVMTI Tag Weak OopStorage      Min:  0.0, Avg:  0.0, Max:  0.0, Diff:  0.0, Sum:  0.0, Workers: 4
[44.874s][debug][gc,phases      ] GC(103)     Dead                           Min: 0, Avg:  0.0, Max: 0, Diff: 0, Sum: 0, Workers: 4
[44.874s][debug][gc,phases      ] GC(103)     Total                          Min: 0, Avg:  0.0, Max: 0, Diff: 0, Sum: 0, Workers: 4
[44.874s][debug][gc,phases      ] GC(103)   StringTable Weak               Min:  0.1, Avg:  0.1, Max:  0.1, Diff:  0.0, Sum:  0.5, Workers: 4
[44.874s][debug][gc,phases      ] GC(103)     Dead                           Min: 0, Avg:  0.5, Max: 1, Diff: 1, Sum: 2, Workers: 4
[44.874s][debug][gc,phases      ] GC(103)     Total                          Min: 10522, Avg: 11702.5, Max: 12480, Diff: 1958, Sum: 46810, Workers: 4
[44.874s][debug][gc,phases      ] GC(103)   ResolvedMethodTable Weak       Min:  0.0, Avg:  0.0, Max:  0.0, Diff:  0.0, Sum:  0.1, Workers: 4
[44.874s][debug][gc,phases      ] GC(103)     Dead                           Min: 0, Avg:  5.0, Max: 20, Diff: 20, Sum: 20, Workers: 4
[44.874s][debug][gc,phases      ] GC(103)     Total                          Min: 1207, Avg: 2026.8, Max: 2615, Diff: 1408, Sum: 8107, Workers: 4
[44.874s][debug][gc,phases      ] GC(103)   JNI Weak                       Min:  0.0, Avg:  0.0, Max:  0.0, Diff:  0.0, Sum:  0.0, Workers: 4
[44.874s][debug][gc,phases      ] GC(103)     Dead                           Min: 0, Avg:  0.0, Max: 0, Diff: 0, Sum: 0, Workers: 4
[44.874s][debug][gc,phases      ] GC(103)     Total                          Min: 0, Avg:  4.2, Max: 17, Diff: 17, Sum: 17, Workers: 4
[44.874s][debug][gc,phases      ] GC(103)   StringDedup Table Weak         Min:  0.0, Avg:  0.0, Max:  0.0, Diff:  0.0, Sum:  0.0, Workers: 4
[44.874s][debug][gc,phases      ] GC(103)     Dead                           Min: 0, Avg:  0.0, Max: 0, Diff: 0, Sum: 0, Workers: 4
[44.874s][debug][gc,phases      ] GC(103)     Total                          Min: 0, Avg:  0.0, Max: 0, Diff: 0, Sum: 0, Workers: 4
[44.874s][debug][gc,phases      ] GC(103)   StringDedup Requests0 Weak     Min:  0.0, Avg:  0.0, Max:  0.0, Diff:  0.0, Sum:  0.0, Workers: 4
[44.874s][debug][gc,phases      ] GC(103)     Dead                           Min: 0, Avg:  0.0, Max: 0, Diff: 0, Sum: 0, Workers: 4
[44.874s][debug][gc,phases      ] GC(103)     Total                          Min: 0, Avg:  0.0, Max: 0, Diff: 0, Sum: 0, Workers: 4
[44.874s][debug][gc,phases      ] GC(103)   StringDedup Requests1 Weak     Min:  0.0, Avg:  0.0, Max:  0.0, Diff:  0.0, Sum:  0.0, Workers: 4
[44.874s][debug][gc,phases      ] GC(103)     Dead                           Min: 0, Avg:  0.0, Max: 0, Diff: 0, Sum: 0, Workers: 4
[44.874s][debug][gc,phases      ] GC(103)     Total                          Min: 0, Avg:  0.0, Max: 0, Diff: 0, Sum: 0, Workers: 4
[44.874s][debug][gc,phases      ] GC(103)   Weak JFR Old Object Samples    Min:  0.0, Avg:  0.0, Max:  0.0, Diff:  0.0, Sum:  0.0, Workers: 4
[44.874s][debug][gc,phases      ] GC(103)     Dead                           Min: 0, Avg:  0.0, Max: 0, Diff: 0, Sum: 0, Workers: 4
[44.874s][debug][gc,phases      ] GC(103)     Total                          Min: 0, Avg:  0.0, Max: 0, Diff: 0, Sum: 0, Workers: 4
[44.874s][debug][gc,phases      ] GC(103) Weak Processing 0.335ms
[44.874s][debug][gc,age         ] GC(103) Desired survivor size 60293120 bytes, new threshold 15 (max threshold 15)
[44.874s][info ][gc,heap        ] GC(103) PSYoungGen: 1967722K(2025984K)->17308K(2038272K) Eden: 1958912K(1958912K)->0K(1975808K) From: 8810K(67072K)->17308K(62464K)
[44.874s][info ][gc,heap        ] GC(103) ParOldGen: 367840K(456704K)->368112K(456704K)
[44.874s][info ][gc,metaspace   ] GC(103) Metaspace: 79830K(80640K)->79830K(80640K) NonClass: 68386K(68800K)->68386K(68800K) Class: 11443K(11840K)->11443K(11840K)
[44.874s][info ][gc             ] GC(103) Pause Young (Allocation Failure) 2280M->376M(2436M) 8.355ms
[44.874s][info ][gc,cpu         ] GC(103) User=0.03s Sys=0.00s Real=0.01s
[44.874s][info ][safepoint      ] Safepoint "ParallelGCFailedAllocation", Time since last: 105521864 ns, Reaching safepoint: 262706 ns, At safepoint: 8472498 ns, Total: 8735204 ns
[45.082s][info ][safepoint      ] Safepoint "ICBufferFull", Time since last: 207046133 ns, Reaching safepoint: 273307 ns, At safepoint: 25400 ns, Total: 298707 ns
[45.456s][info ][safepoint      ] Safepoint "ParallelGCFailedAllocation", Time since last: 373936731 ns, Reaching safepoint: 254506 ns, At safepoint: 34400 ns, Total: 288906 ns
[45.456s][info ][gc,start       ] GC(104) Pause Young (GCLocker Initiated GC)
[45.463s][debug][gc,phases      ] GC(104) Scavenge 7.227ms
[45.463s][debug][gc,ref         ] GC(104) Skipped phase 1 of Reference Processing: no references
[45.463s][debug][gc,ref         ] GC(104) ReferenceProcessor::execute queues: 1, RefProcThreadModel::Single, marks_oops_alive: false
[45.463s][debug][gc,ref         ] GC(104) Skipped phase 3 of Reference Processing: no references
[45.463s][debug][gc,ref         ] GC(104) ReferenceProcessor::execute queues: 1, RefProcThreadModel::Single, marks_oops_alive: false
[45.463s][debug][gc,phases      ] GC(104) Reference Processing 0.136ms
[45.464s][debug][gc,phases      ] GC(104)   VM Weak                        Min:  0.0, Avg:  0.0, Max:  0.0, Diff:  0.0, Sum:  0.0, Workers: 4
[45.464s][debug][gc,phases      ] GC(104)     Dead                           Min: 0, Avg:  0.0, Max: 0, Diff: 0, Sum: 0, Workers: 4
[45.464s][debug][gc,phases      ] GC(104)     Total                          Min: 0, Avg: 162.5, Max: 458, Diff: 458, Sum: 650, Workers: 4
[45.464s][debug][gc,phases      ] GC(104)   ObjectSynchronizer Weak        Min:  0.0, Avg:  0.0, Max:  0.0, Diff:  0.0, Sum:  0.0, Workers: 4
[45.464s][debug][gc,phases      ] GC(104)     Dead                           Min: 0, Avg:  0.0, Max: 0, Diff: 0, Sum: 0, Workers: 4
[45.464s][debug][gc,phases      ] GC(104)     Total                          Min: 0, Avg: 108.5, Max: 178, Diff: 178, Sum: 434, Workers: 4
[45.464s][debug][gc,phases      ] GC(104)   JVMTI Tag Weak OopStorage      Min:  0.0, Avg:  0.0, Max:  0.0, Diff:  0.0, Sum:  0.0, Workers: 4
[45.464s][debug][gc,phases      ] GC(104)     Dead                           Min: 0, Avg:  0.0, Max: 0, Diff: 0, Sum: 0, Workers: 4
[45.464s][debug][gc,phases      ] GC(104)     Total                          Min: 0, Avg:  0.0, Max: 0, Diff: 0, Sum: 0, Workers: 4
[45.464s][debug][gc,phases      ] GC(104)   StringTable Weak               Min:  0.1, Avg:  0.1, Max:  0.1, Diff:  0.0, Sum:  0.5, Workers: 4
[45.464s][debug][gc,phases      ] GC(104)     Dead                           Min: 0, Avg:  0.0, Max: 0, Diff: 0, Sum: 0, Workers: 4
[45.464s][debug][gc,phases      ] GC(104)     Total                          Min: 11200, Avg: 11711.5, Max: 12286, Diff: 1086, Sum: 46846, Workers: 4
[45.464s][debug][gc,phases      ] GC(104)   ResolvedMethodTable Weak       Min:  0.0, Avg:  0.0, Max:  0.0, Diff:  0.0, Sum:  0.1, Workers: 4
[45.464s][debug][gc,phases      ] GC(104)     Dead                           Min: 0, Avg:  0.0, Max: 0, Diff: 0, Sum: 0, Workers: 4
[45.464s][debug][gc,phases      ] GC(104)     Total                          Min: 1918, Avg: 2030.2, Max: 2364, Diff: 446, Sum: 8121, Workers: 4
[45.464s][debug][gc,phases      ] GC(104)   JNI Weak                       Min:  0.0, Avg:  0.0, Max:  0.0, Diff:  0.0, Sum:  0.0, Workers: 4
[45.464s][debug][gc,phases      ] GC(104)     Dead                           Min: 0, Avg:  0.0, Max: 0, Diff: 0, Sum: 0, Workers: 4
[45.464s][debug][gc,phases      ] GC(104)     Total                          Min: 0, Avg: 14.0, Max: 56, Diff: 56, Sum: 56, Workers: 4
[45.464s][debug][gc,phases      ] GC(104)   StringDedup Table Weak         Min:  0.0, Avg:  0.0, Max:  0.0, Diff:  0.0, Sum:  0.0, Workers: 4
[45.464s][debug][gc,phases      ] GC(104)     Dead                           Min: 0, Avg:  0.0, Max: 0, Diff: 0, Sum: 0, Workers: 4
[45.464s][debug][gc,phases      ] GC(104)     Total                          Min: 0, Avg:  0.0, Max: 0, Diff: 0, Sum: 0, Workers: 4
[45.464s][debug][gc,phases      ] GC(104)   StringDedup Requests0 Weak     Min:  0.0, Avg:  0.0, Max:  0.0, Diff:  0.0, Sum:  0.0, Workers: 4
[45.464s][debug][gc,phases      ] GC(104)     Dead                           Min: 0, Avg:  0.0, Max: 0, Diff: 0, Sum: 0, Workers: 4
[45.464s][debug][gc,phases      ] GC(104)     Total                          Min: 0, Avg:  0.0, Max: 0, Diff: 0, Sum: 0, Workers: 4
[45.464s][debug][gc,phases      ] GC(104)   StringDedup Requests1 Weak     Min:  0.0, Avg:  0.0, Max:  0.0, Diff:  0.0, Sum:  0.0, Workers: 4
[45.464s][debug][gc,phases      ] GC(104)     Dead                           Min: 0, Avg:  0.0, Max: 0, Diff: 0, Sum: 0, Workers: 4
[45.464s][debug][gc,phases      ] GC(104)     Total                          Min: 0, Avg:  0.0, Max: 0, Diff: 0, Sum: 0, Workers: 4
[45.464s][debug][gc,phases      ] GC(104)   Weak JFR Old Object Samples    Min:  0.0, Avg:  0.0, Max:  0.0, Diff:  0.0, Sum:  0.0, Workers: 4
[45.464s][debug][gc,phases      ] GC(104)     Dead                           Min: 0, Avg:  0.0, Max: 0, Diff: 0, Sum: 0, Workers: 4
[45.464s][debug][gc,phases      ] GC(104)     Total                          Min: 0, Avg:  0.0, Max: 0, Diff: 0, Sum: 0, Workers: 4
[45.464s][debug][gc,phases      ] GC(104) Weak Processing 0.365ms
[45.464s][debug][gc,age         ] GC(104) Desired survivor size 56098816 bytes, new threshold 15 (max threshold 15)
[45.464s][info ][gc,heap        ] GC(104) PSYoungGen: 1993116K(2038272K)->12739K(2034688K) Eden: 1975808K(1975808K)->0K(1975808K) From: 17308K(62464K)->12739K(58880K)
[45.464s][info ][gc,heap        ] GC(104) ParOldGen: 368112K(456704K)->368396K(456704K)
[45.464s][info ][gc,metaspace   ] GC(104) Metaspace: 80075K(80896K)->80075K(80896K) NonClass: 68620K(69056K)->68620K(69056K) Class: 11455K(11840K)->11455K(11840K)
[45.464s][info ][gc             ] GC(104) Pause Young (GCLocker Initiated GC) 2305M->372M(2433M) 7.840ms
[45.464s][info ][gc,cpu         ] GC(104) User=0.04s Sys=0.00s Real=0.01s
[45.464s][info ][safepoint      ] Safepoint "ParallelGCSystemGC", Time since last: 88802 ns, Reaching safepoint: 107703 ns, At safepoint: 7941385 ns, Total: 8049088 ns
[45.965s][info ][safepoint      ] Safepoint "ParallelGCFailedAllocation", Time since last: 501047796 ns, Reaching safepoint: 262006 ns, At safepoint: 36201 ns, Total: 298207 ns
[45.966s][info ][gc,start       ] GC(105) Pause Young (GCLocker Initiated GC)
[45.973s][debug][gc,phases      ] GC(105) Scavenge 6.895ms
[45.973s][debug][gc,ref         ] GC(105) Skipped phase 1 of Reference Processing: no references
[45.973s][debug][gc,ref         ] GC(105) ReferenceProcessor::execute queues: 1, RefProcThreadModel::Single, marks_oops_alive: false
[45.973s][debug][gc,ref         ] GC(105) Skipped phase 3 of Reference Processing: no references
[45.973s][debug][gc,ref         ] GC(105) ReferenceProcessor::execute queues: 1, RefProcThreadModel::Single, marks_oops_alive: false
[45.973s][debug][gc,phases      ] GC(105) Reference Processing 0.125ms
[45.973s][debug][gc,phases      ] GC(105)   VM Weak                        Min:  0.0, Avg:  0.0, Max:  0.0, Diff:  0.0, Sum:  0.0, Workers: 4
[45.973s][debug][gc,phases      ] GC(105)     Dead                           Min: 0, Avg:  0.0, Max: 0, Diff: 0, Sum: 0, Workers: 4
[45.973s][debug][gc,phases      ] GC(105)     Total                          Min: 0, Avg: 162.5, Max: 266, Diff: 266, Sum: 650, Workers: 4
[45.973s][debug][gc,phases      ] GC(105)   ObjectSynchronizer Weak        Min:  0.0, Avg:  0.0, Max:  0.0, Diff:  0.0, Sum:  0.0, Workers: 4
[45.973s][debug][gc,phases      ] GC(105)     Dead                           Min: 0, Avg:  0.0, Max: 0, Diff: 0, Sum: 0, Workers: 4
[45.973s][debug][gc,phases      ] GC(105)     Total                          Min: 0, Avg: 108.5, Max: 178, Diff: 178, Sum: 434, Workers: 4
[45.973s][debug][gc,phases      ] GC(105)   JVMTI Tag Weak OopStorage      Min:  0.0, Avg:  0.0, Max:  0.0, Diff:  0.0, Sum:  0.0, Workers: 4
[45.973s][debug][gc,phases      ] GC(105)     Dead                           Min: 0, Avg:  0.0, Max: 0, Diff: 0, Sum: 0, Workers: 4
[45.973s][debug][gc,phases      ] GC(105)     Total                          Min: 0, Avg:  0.0, Max: 0, Diff: 0, Sum: 0, Workers: 4
[45.973s][debug][gc,phases      ] GC(105)   StringTable Weak               Min:  0.1, Avg:  0.1, Max:  0.1, Diff:  0.0, Sum:  0.5, Workers: 4
[45.973s][debug][gc,phases      ] GC(105)     Dead                           Min: 0, Avg:  0.0, Max: 0, Diff: 0, Sum: 0, Workers: 4
[45.973s][debug][gc,phases      ] GC(105)     Total                          Min: 10944, Avg: 11731.5, Max: 12544, Diff: 1600, Sum: 46926, Workers: 4
[45.973s][debug][gc,phases      ] GC(105)   ResolvedMethodTable Weak       Min:  0.0, Avg:  0.0, Max:  0.0, Diff:  0.0, Sum:  0.1, Workers: 4
[45.973s][debug][gc,phases      ] GC(105)     Dead                           Min: 0, Avg:  0.0, Max: 0, Diff: 0, Sum: 0, Workers: 4
[45.973s][debug][gc,phases      ] GC(105)     Total                          Min: 1856, Avg: 2031.2, Max: 2240, Diff: 384, Sum: 8125, Workers: 4
[45.973s][debug][gc,phases      ] GC(105)   JNI Weak                       Min:  0.0, Avg:  0.0, Max:  0.0, Diff:  0.0, Sum:  0.0, Workers: 4
[45.973s][debug][gc,phases      ] GC(105)     Dead                           Min: 0, Avg:  0.0, Max: 0, Diff: 0, Sum: 0, Workers: 4
[45.973s][debug][gc,phases      ] GC(105)     Total                          Min: 0, Avg: 16.2, Max: 56, Diff: 56, Sum: 65, Workers: 4
[45.973s][debug][gc,phases      ] GC(105)   StringDedup Table Weak         Min:  0.0, Avg:  0.0, Max:  0.0, Diff:  0.0, Sum:  0.0, Workers: 4
[45.973s][debug][gc,phases      ] GC(105)     Dead                           Min: 0, Avg:  0.0, Max: 0, Diff: 0, Sum: 0, Workers: 4
[45.973s][debug][gc,phases      ] GC(105)     Total                          Min: 0, Avg:  0.0, Max: 0, Diff: 0, Sum: 0, Workers: 4
[45.973s][debug][gc,phases      ] GC(105)   StringDedup Requests0 Weak     Min:  0.0, Avg:  0.0, Max:  0.0, Diff:  0.0, Sum:  0.0, Workers: 4
[45.973s][debug][gc,phases      ] GC(105)     Dead                           Min: 0, Avg:  0.0, Max: 0, Diff: 0, Sum: 0, Workers: 4
[45.973s][debug][gc,phases      ] GC(105)     Total                          Min: 0, Avg:  0.0, Max: 0, Diff: 0, Sum: 0, Workers: 4
[45.973s][debug][gc,phases      ] GC(105)   StringDedup Requests1 Weak     Min:  0.0, Avg:  0.0, Max:  0.0, Diff:  0.0, Sum:  0.0, Workers: 4
[45.973s][debug][gc,phases      ] GC(105)     Dead                           Min: 0, Avg:  0.0, Max: 0, Diff: 0, Sum: 0, Workers: 4
[45.973s][debug][gc,phases      ] GC(105)     Total                          Min: 0, Avg:  0.0, Max: 0, Diff: 0, Sum: 0, Workers: 4
[45.973s][debug][gc,phases      ] GC(105)   Weak JFR Old Object Samples    Min:  0.0, Avg:  0.0, Max:  0.0, Diff:  0.0, Sum:  0.0, Workers: 4
[45.973s][debug][gc,phases      ] GC(105)     Dead                           Min: 0, Avg:  0.0, Max: 0, Diff: 0, Sum: 0, Workers: 4
[45.973s][debug][gc,phases      ] GC(105)     Total                          Min: 0, Avg:  0.0, Max: 0, Diff: 0, Sum: 0, Workers: 4
[45.973s][debug][gc,phases      ] GC(105) Weak Processing 0.331ms
[45.974s][debug][gc,age         ] GC(105) Desired survivor size 51904512 bytes, new threshold 15 (max threshold 15)
[45.974s][info ][gc,heap        ] GC(105) PSYoungGen: 1988547K(2034688K)->13174K(2046464K) Eden: 1975808K(1975808K)->0K(1991680K) From: 12739K(58880K)->13174K(54784K)
[45.974s][info ][gc,heap        ] GC(105) ParOldGen: 368443K(456704K)->368875K(456704K)
[45.974s][info ][gc,metaspace   ] GC(105) Metaspace: 80220K(81088K)->80220K(81088K) NonClass: 68762K(69248K)->68762K(69248K) Class: 11457K(11840K)->11457K(11840K)
[45.974s][info ][gc             ] GC(105) Pause Young (GCLocker Initiated GC) 2301M->373M(2444M) 7.470ms
[45.974s][info ][gc,cpu         ] GC(105) User=0.02s Sys=0.00s Real=0.01s
[45.974s][info ][safepoint      ] Safepoint "ParallelGCSystemGC", Time since last: 663915 ns, Reaching safepoint: 114903 ns, At safepoint: 7585377 ns, Total: 7700280 ns
[46.578s][info ][gc,start       ] GC(106) Pause Young (Allocation Failure)
[46.587s][debug][gc,phases      ] GC(106) Scavenge 9.221ms
[46.587s][debug][gc,ref         ] GC(106) Skipped phase 1 of Reference Processing: no references
[46.587s][debug][gc,ref         ] GC(106) ReferenceProcessor::execute queues: 1, RefProcThreadModel::Single, marks_oops_alive: false
[46.587s][debug][gc,ref         ] GC(106) Skipped phase 3 of Reference Processing: no references
[46.587s][debug][gc,ref         ] GC(106) ReferenceProcessor::execute queues: 1, RefProcThreadModel::Single, marks_oops_alive: false
[46.587s][debug][gc,phases      ] GC(106) Reference Processing 0.130ms
[46.587s][debug][gc,phases      ] GC(106)   VM Weak                        Min:  0.0, Avg:  0.0, Max:  0.0, Diff:  0.0, Sum:  0.0, Workers: 4
[46.587s][debug][gc,phases      ] GC(106)     Dead                           Min: 0, Avg:  0.0, Max: 0, Diff: 0, Sum: 0, Workers: 4
[46.587s][debug][gc,phases      ] GC(106)     Total                          Min: 0, Avg: 163.0, Max: 512, Diff: 512, Sum: 652, Workers: 4
[46.587s][debug][gc,phases      ] GC(106)   ObjectSynchronizer Weak        Min:  0.0, Avg:  0.0, Max:  0.0, Diff:  0.0, Sum:  0.0, Workers: 4
[46.587s][debug][gc,phases      ] GC(106)     Dead                           Min: 0, Avg:  0.0, Max: 0, Diff: 0, Sum: 0, Workers: 4
[46.587s][debug][gc,phases      ] GC(106)     Total                          Min: 0, Avg: 108.5, Max: 178, Diff: 178, Sum: 434, Workers: 4
[46.587s][debug][gc,phases      ] GC(106)   JVMTI Tag Weak OopStorage      Min:  0.0, Avg:  0.0, Max:  0.0, Diff:  0.0, Sum:  0.0, Workers: 4
[46.587s][debug][gc,phases      ] GC(106)     Dead                           Min: 0, Avg:  0.0, Max: 0, Diff: 0, Sum: 0, Workers: 4
[46.587s][debug][gc,phases      ] GC(106)     Total                          Min: 0, Avg:  0.0, Max: 0, Diff: 0, Sum: 0, Workers: 4
[46.587s][debug][gc,phases      ] GC(106)   StringTable Weak               Min:  0.1, Avg:  0.1, Max:  0.1, Diff:  0.0, Sum:  0.5, Workers: 4
[46.587s][debug][gc,phases      ] GC(106)     Dead                           Min: 0, Avg:  0.0, Max: 0, Diff: 0, Sum: 0, Workers: 4
[46.587s][debug][gc,phases      ] GC(106)     Total                          Min: 10368, Avg: 11739.2, Max: 13248, Diff: 2880, Sum: 46957, Workers: 4
[46.587s][debug][gc,phases      ] GC(106)   ResolvedMethodTable Weak       Min:  0.0, Avg:  0.0, Max:  0.0, Diff:  0.0, Sum:  0.1, Workers: 4
[46.587s][debug][gc,phases      ] GC(106)     Dead                           Min: 0, Avg:  4.5, Max: 18, Diff: 18, Sum: 18, Workers: 4
[46.587s][debug][gc,phases      ] GC(106)     Total                          Min: 1972, Avg: 2037.0, Max: 2147, Diff: 175, Sum: 8148, Workers: 4
[46.587s][debug][gc,phases      ] GC(106)   JNI Weak                       Min:  0.0, Avg:  0.0, Max:  0.0, Diff:  0.0, Sum:  0.0, Workers: 4
[46.587s][debug][gc,phases      ] GC(106)     Dead                           Min: 0, Avg:  0.0, Max: 0, Diff: 0, Sum: 0, Workers: 4
[46.587s][debug][gc,phases      ] GC(106)     Total                          Min: 0, Avg: 13.5, Max: 54, Diff: 54, Sum: 54, Workers: 4
[46.587s][debug][gc,phases      ] GC(106)   StringDedup Table Weak         Min:  0.0, Avg:  0.0, Max:  0.0, Diff:  0.0, Sum:  0.0, Workers: 4
[46.587s][debug][gc,phases      ] GC(106)     Dead                           Min: 0, Avg:  0.0, Max: 0, Diff: 0, Sum: 0, Workers: 4
[46.587s][debug][gc,phases      ] GC(106)     Total                          Min: 0, Avg:  0.0, Max: 0, Diff: 0, Sum: 0, Workers: 4
[46.587s][debug][gc,phases      ] GC(106)   StringDedup Requests0 Weak     Min:  0.0, Avg:  0.0, Max:  0.0, Diff:  0.0, Sum:  0.0, Workers: 4
[46.587s][debug][gc,phases      ] GC(106)     Dead                           Min: 0, Avg:  0.0, Max: 0, Diff: 0, Sum: 0, Workers: 4
[46.587s][debug][gc,phases      ] GC(106)     Total                          Min: 0, Avg:  0.0, Max: 0, Diff: 0, Sum: 0, Workers: 4
[46.587s][debug][gc,phases      ] GC(106)   StringDedup Requests1 Weak     Min:  0.0, Avg:  0.0, Max:  0.0, Diff:  0.0, Sum:  0.0, Workers: 4
[46.587s][debug][gc,phases      ] GC(106)     Dead                           Min: 0, Avg:  0.0, Max: 0, Diff: 0, Sum: 0, Workers: 4
[46.587s][debug][gc,phases      ] GC(106)     Total                          Min: 0, Avg:  0.0, Max: 0, Diff: 0, Sum: 0, Workers: 4
[46.587s][debug][gc,phases      ] GC(106)   Weak JFR Old Object Samples    Min:  0.0, Avg:  0.0, Max:  0.0, Diff:  0.0, Sum:  0.0, Workers: 4
[46.587s][debug][gc,phases      ] GC(106)     Dead                           Min: 0, Avg:  0.0, Max: 0, Diff: 0, Sum: 0, Workers: 4
[46.587s][debug][gc,phases      ] GC(106)     Total                          Min: 0, Avg:  0.0, Max: 0, Diff: 0, Sum: 0, Workers: 4
[46.587s][debug][gc,phases      ] GC(106) Weak Processing 0.357ms
[46.587s][debug][gc,age         ] GC(106) Desired survivor size 54525952 bytes, new threshold 15 (max threshold 15)
[46.587s][info ][gc,heap        ] GC(106) PSYoungGen: 2004854K(2046464K)->30303K(2042368K) Eden: 1991680K(1991680K)->0K(1991680K) From: 13174K(54784K)->30303K(50688K)
[46.587s][info ][gc,heap        ] GC(106) ParOldGen: 368877K(456704K)->369149K(456704K)
[46.587s][info ][gc,metaspace   ] GC(106) Metaspace: 80391K(81216K)->80391K(81216K) NonClass: 68915K(69376K)->68915K(69376K) Class: 11476K(11840K)->11476K(11840K)
[46.587s][info ][gc             ] GC(106) Pause Young (Allocation Failure) 2318M->390M(2440M) 9.846ms
[46.587s][info ][gc,cpu         ] GC(106) User=0.04s Sys=0.00s Real=0.01s
[46.588s][info ][safepoint      ] Safepoint "ParallelGCFailedAllocation", Time since last: 601757543 ns, Reaching safepoint: 2214952 ns, At safepoint: 9961232 ns, Total: 12176184 ns
[47.181s][info ][safepoint      ] Safepoint "ICBufferFull", Time since last: 593340043 ns, Reaching safepoint: 280506 ns, At safepoint: 26401 ns, Total: 306907 ns
[47.251s][info ][gc,start       ] GC(107) Pause Young (Allocation Failure)
[47.261s][debug][gc,phases      ] GC(107) Scavenge 10.132ms
[47.261s][debug][gc,ref         ] GC(107) Skipped phase 1 of Reference Processing: no references
[47.261s][debug][gc,ref         ] GC(107) ReferenceProcessor::execute queues: 1, RefProcThreadModel::Single, marks_oops_alive: false
[47.261s][debug][gc,ref         ] GC(107) Skipped phase 3 of Reference Processing: no references
[47.261s][debug][gc,ref         ] GC(107) ReferenceProcessor::execute queues: 1, RefProcThreadModel::Single, marks_oops_alive: false
[47.261s][debug][gc,phases      ] GC(107) Reference Processing 0.138ms
[47.262s][debug][gc,phases      ] GC(107)   VM Weak                        Min:  0.0, Avg:  0.0, Max:  0.0, Diff:  0.0, Sum:  0.0, Workers: 4
[47.262s][debug][gc,phases      ] GC(107)     Dead                           Min: 0, Avg:  0.0, Max: 0, Diff: 0, Sum: 0, Workers: 4
[47.262s][debug][gc,phases      ] GC(107)     Total                          Min: 0, Avg: 163.0, Max: 320, Diff: 320, Sum: 652, Workers: 4
[47.262s][debug][gc,phases      ] GC(107)   ObjectSynchronizer Weak        Min:  0.0, Avg:  0.0, Max:  0.0, Diff:  0.0, Sum:  0.0, Workers: 4
[47.262s][debug][gc,phases      ] GC(107)     Dead                           Min: 0, Avg:  0.0, Max: 0, Diff: 0, Sum: 0, Workers: 4
[47.262s][debug][gc,phases      ] GC(107)     Total                          Min: 0, Avg: 108.8, Max: 179, Diff: 179, Sum: 435, Workers: 4
[47.262s][debug][gc,phases      ] GC(107)   JVMTI Tag Weak OopStorage      Min:  0.0, Avg:  0.0, Max:  0.0, Diff:  0.0, Sum:  0.0, Workers: 4
[47.262s][debug][gc,phases      ] GC(107)     Dead                           Min: 0, Avg:  0.0, Max: 0, Diff: 0, Sum: 0, Workers: 4
[47.262s][debug][gc,phases      ] GC(107)     Total                          Min: 0, Avg:  0.0, Max: 0, Diff: 0, Sum: 0, Workers: 4
[47.262s][debug][gc,phases      ] GC(107)   StringTable Weak               Min:  0.1, Avg:  0.1, Max:  0.1, Diff:  0.0, Sum:  0.5, Workers: 4
[47.262s][debug][gc,phases      ] GC(107)     Dead                           Min: 0, Avg:  0.0, Max: 0, Diff: 0, Sum: 0, Workers: 4
[47.262s][debug][gc,phases      ] GC(107)     Total                          Min: 11008, Avg: 11739.8, Max: 12160, Diff: 1152, Sum: 46959, Workers: 4
[47.262s][debug][gc,phases      ] GC(107)   ResolvedMethodTable Weak       Min:  0.0, Avg:  0.0, Max:  0.0, Diff:  0.0, Sum:  0.1, Workers: 4
[47.262s][debug][gc,phases      ] GC(107)     Dead                           Min: 0, Avg:  0.0, Max: 0, Diff: 0, Sum: 0, Workers: 4
[47.262s][debug][gc,phases      ] GC(107)     Total                          Min: 1401, Avg: 2038.0, Max: 2430, Diff: 1029, Sum: 8152, Workers: 4
[47.262s][debug][gc,phases      ] GC(107)   JNI Weak                       Min:  0.0, Avg:  0.0, Max:  0.0, Diff:  0.0, Sum:  0.0, Workers: 4
[47.262s][debug][gc,phases      ] GC(107)     Dead                           Min: 0, Avg:  0.0, Max: 0, Diff: 0, Sum: 0, Workers: 4
[47.262s][debug][gc,phases      ] GC(107)     Total                          Min: 0, Avg: 12.5, Max: 31, Diff: 31, Sum: 50, Workers: 4
[47.262s][debug][gc,phases      ] GC(107)   StringDedup Table Weak         Min:  0.0, Avg:  0.0, Max:  0.0, Diff:  0.0, Sum:  0.0, Workers: 4
[47.262s][debug][gc,phases      ] GC(107)     Dead                           Min: 0, Avg:  0.0, Max: 0, Diff: 0, Sum: 0, Workers: 4
[47.262s][debug][gc,phases      ] GC(107)     Total                          Min: 0, Avg:  0.0, Max: 0, Diff: 0, Sum: 0, Workers: 4
[47.262s][debug][gc,phases      ] GC(107)   StringDedup Requests0 Weak     Min:  0.0, Avg:  0.0, Max:  0.0, Diff:  0.0, Sum:  0.0, Workers: 4
[47.262s][debug][gc,phases      ] GC(107)     Dead                           Min: 0, Avg:  0.0, Max: 0, Diff: 0, Sum: 0, Workers: 4
[47.262s][debug][gc,phases      ] GC(107)     Total                          Min: 0, Avg:  0.0, Max: 0, Diff: 0, Sum: 0, Workers: 4
[47.262s][debug][gc,phases      ] GC(107)   StringDedup Requests1 Weak     Min:  0.0, Avg:  0.0, Max:  0.0, Diff:  0.0, Sum:  0.0, Workers: 4
[47.262s][debug][gc,phases      ] GC(107)     Dead                           Min: 0, Avg:  0.0, Max: 0, Diff: 0, Sum: 0, Workers: 4
[47.262s][debug][gc,phases      ] GC(107)     Total                          Min: 0, Avg:  0.0, Max: 0, Diff: 0, Sum: 0, Workers: 4
[47.262s][debug][gc,phases      ] GC(107)   Weak JFR Old Object Samples    Min:  0.0, Avg:  0.0, Max:  0.0, Diff:  0.0, Sum:  0.0, Workers: 4
[47.262s][debug][gc,phases      ] GC(107)     Dead                           Min: 0, Avg:  0.0, Max: 0, Diff: 0, Sum: 0, Workers: 4
[47.262s][debug][gc,phases      ] GC(107)     Total                          Min: 0, Avg:  0.0, Max: 0, Diff: 0, Sum: 0, Workers: 4
[47.262s][debug][gc,phases      ] GC(107) Weak Processing 0.335ms
[47.262s][debug][gc,age         ] GC(107) Desired survivor size 57147392 bytes, new threshold 15 (max threshold 15)
[47.262s][info ][gc,heap        ] GC(107) PSYoungGen: 2021983K(2042368K)->32096K(2038784K) Eden: 1991680K(1991680K)->0K(1985536K) From: 30303K(50688K)->32096K(53248K)
[47.262s][info ][gc,heap        ] GC(107) ParOldGen: 369149K(456704K)->369469K(456704K)
[47.262s][info ][gc,metaspace   ] GC(107) Metaspace: 80478K(81280K)->80478K(81280K) NonClass: 69000K(69440K)->69000K(69440K) Class: 11477K(11840K)->11477K(11840K)
[47.262s][info ][gc             ] GC(107) Pause Young (Allocation Failure) 2335M->392M(2437M) 10.734ms
[47.262s][info ][gc,cpu         ] GC(107) User=0.04s Sys=0.00s Real=0.00s
[47.262s][info ][safepoint      ] Safepoint "ParallelGCFailedAllocation", Time since last: 69696826 ns, Reaching safepoint: 113502 ns, At safepoint: 10827653 ns, Total: 10941155 ns
[47.788s][info ][safepoint      ] Safepoint "ICBufferFull", Time since last: 525939068 ns, Reaching safepoint: 248906 ns, At safepoint: 20501 ns, Total: 269407 ns
[48.664s][info ][safepoint      ] Safepoint "ICBufferFull", Time since last: 876271633 ns, Reaching safepoint: 148303 ns, At safepoint: 8700 ns, Total: 157003 ns
[49.308s][info ][safepoint      ] Safepoint "ICBufferFull", Time since last: 643518500 ns, Reaching safepoint: 163404 ns, At safepoint: 7900 ns, Total: 171304 ns
[49.543s][info ][safepoint      ] Safepoint "ICBufferFull", Time since last: 234363863 ns, Reaching safepoint: 168104 ns, At safepoint: 5500 ns, Total: 173604 ns
[50.543s][info ][safepoint      ] Safepoint "Cleanup", Time since last: 1000127004 ns, Reaching safepoint: 174404 ns, At safepoint: 9500 ns, Total: 183904 ns
[51.819s][info ][safepoint      ] Safepoint "Cleanup", Time since last: 1275404604 ns, Reaching safepoint: 205005 ns, At safepoint: 10300 ns, Total: 215305 ns
[52.819s][info ][safepoint      ] Safepoint "Cleanup", Time since last: 1000105882 ns, Reaching safepoint: 192404 ns, At safepoint: 24201 ns, Total: 216605 ns
[53.819s][info ][safepoint      ] Safepoint "Cleanup", Time since last: 1000104872 ns, Reaching safepoint: 127703 ns, At safepoint: 7800 ns, Total: 135503 ns
[55.535s][info ][safepoint      ] Safepoint "Cleanup", Time since last: 1715689301 ns, Reaching safepoint: 184805 ns, At safepoint: 13100 ns, Total: 197905 ns
[56.613s][info ][safepoint      ] Safepoint "Cleanup", Time since last: 1078112560 ns, Reaching safepoint: 177704 ns, At safepoint: 8300 ns, Total: 186004 ns
[57.614s][info ][safepoint      ] Safepoint "Cleanup", Time since last: 1000113637 ns, Reaching safepoint: 125903 ns, At safepoint: 11200 ns, Total: 137103 ns
[58.614s][info ][safepoint      ] Safepoint "Cleanup", Time since last: 1000108727 ns, Reaching safepoint: 133003 ns, At safepoint: 14300 ns, Total: 147303 ns
[59.614s][info ][safepoint      ] Safepoint "Cleanup", Time since last: 1000108518 ns, Reaching safepoint: 160804 ns, At safepoint: 7900 ns, Total: 168704 ns
[60.614s][info ][safepoint      ] Safepoint "Cleanup", Time since last: 1000108309 ns, Reaching safepoint: 137503 ns, At safepoint: 11500 ns, Total: 149003 ns
[61.615s][info ][safepoint      ] Safepoint "Cleanup", Time since last: 1000111499 ns, Reaching safepoint: 188405 ns, At safepoint: 11000 ns, Total: 199405 ns
[62.615s][info ][safepoint      ] Safepoint "Cleanup", Time since last: 1000108890 ns, Reaching safepoint: 153504 ns, At safepoint: 9300 ns, Total: 162804 ns
[63.615s][info ][safepoint      ] Safepoint "Cleanup", Time since last: 1000132081 ns, Reaching safepoint: 145403 ns, At safepoint: 10801 ns, Total: 156204 ns
[64.616s][info ][safepoint      ] Safepoint "Cleanup", Time since last: 1000113971 ns, Reaching safepoint: 160804 ns, At safepoint: 10000 ns, Total: 170804 ns
[65.616s][info ][safepoint      ] Safepoint "Cleanup", Time since last: 1000104562 ns, Reaching safepoint: 118103 ns, At safepoint: 12100 ns, Total: 130203 ns
[66.616s][info ][safepoint      ] Safepoint "Cleanup", Time since last: 1000116753 ns, Reaching safepoint: 140304 ns, At safepoint: 12300 ns, Total: 152604 ns
[67.818s][info ][safepoint      ] Safepoint "ICBufferFull", Time since last: 1201290998 ns, Reaching safepoint: 187504 ns, At safepoint: 9401 ns, Total: 196905 ns
[68.818s][info ][safepoint      ] Safepoint "Cleanup", Time since last: 1000106632 ns, Reaching safepoint: 177004 ns, At safepoint: 8301 ns, Total: 185305 ns
[69.818s][info ][safepoint      ] Safepoint "Cleanup", Time since last: 1000102123 ns, Reaching safepoint: 228705 ns, At safepoint: 8101 ns, Total: 236806 ns
[70.818s][info ][safepoint      ] Safepoint "Cleanup", Time since last: 1000112714 ns, Reaching safepoint: 149504 ns, At safepoint: 9700 ns, Total: 159204 ns
[71.819s][info ][safepoint      ] Safepoint "Cleanup", Time since last: 1000096805 ns, Reaching safepoint: 121903 ns, At safepoint: 8300 ns, Total: 130203 ns
[72.819s][info ][safepoint      ] Safepoint "Cleanup", Time since last: 1000102896 ns, Reaching safepoint: 122403 ns, At safepoint: 8600 ns, Total: 131003 ns
[73.819s][info ][safepoint      ] Safepoint "Cleanup", Time since last: 1000116587 ns, Reaching safepoint: 136604 ns, At safepoint: 7900 ns, Total: 144504 ns
[74.819s][info ][safepoint      ] Safepoint "Cleanup", Time since last: 1000088677 ns, Reaching safepoint: 144504 ns, At safepoint: 8300 ns, Total: 152804 ns
[75.820s][info ][safepoint      ] Safepoint "Cleanup", Time since last: 1000106569 ns, Reaching safepoint: 51001 ns, At safepoint: 9700 ns, Total: 60701 ns
[76.820s][info ][safepoint      ] Safepoint "Cleanup", Time since last: 1000112160 ns, Reaching safepoint: 55502 ns, At safepoint: 8200 ns, Total: 63702 ns
[77.820s][info ][safepoint      ] Safepoint "Cleanup", Time since last: 1000108451 ns, Reaching safepoint: 60001 ns, At safepoint: 8100 ns, Total: 68101 ns
[79.202s][info ][safepoint      ] Safepoint "Cleanup", Time since last: 1381882835 ns, Reaching safepoint: 92702 ns, At safepoint: 10401 ns, Total: 103103 ns
[80.718s][info ][safepoint      ] Safepoint "Cleanup", Time since last: 1516393515 ns, Reaching safepoint: 132303 ns, At safepoint: 11901 ns, Total: 144204 ns
[81.719s][info ][safepoint      ] Safepoint "Cleanup", Time since last: 1000126616 ns, Reaching safepoint: 132203 ns, At safepoint: 8700 ns, Total: 140903 ns
[82.719s][info ][safepoint      ] Safepoint "Cleanup", Time since last: 1000120808 ns, Reaching safepoint: 75501 ns, At safepoint: 11501 ns, Total: 87002 ns
[83.719s][info ][safepoint      ] Safepoint "Cleanup", Time since last: 1000109298 ns, Reaching safepoint: 50401 ns, At safepoint: 2400 ns, Total: 52801 ns
[84.719s][info ][safepoint      ] Safepoint "Cleanup", Time since last: 1000109189 ns, Reaching safepoint: 52602 ns, At safepoint: 6900 ns, Total: 59502 ns
[85.720s][info ][safepoint      ] Safepoint "Cleanup", Time since last: 1000100580 ns, Reaching safepoint: 117103 ns, At safepoint: 6600 ns, Total: 123703 ns
[86.720s][info ][safepoint      ] Safepoint "Cleanup", Time since last: 1000107371 ns, Reaching safepoint: 41401 ns, At safepoint: 2400 ns, Total: 43801 ns
[87.720s][info ][safepoint      ] Safepoint "Cleanup", Time since last: 1000100263 ns, Reaching safepoint: 45201 ns, At safepoint: 2600 ns, Total: 47801 ns
[87.762s][info ][gc,start       ] GC(108) Pause Young (Allocation Failure)
[87.773s][debug][gc,phases      ] GC(108) Scavenge 10.601ms
[87.773s][debug][gc,ref         ] GC(108) Skipped phase 1 of Reference Processing: no references
[87.773s][debug][gc,ref         ] GC(108) ReferenceProcessor::execute queues: 1, RefProcThreadModel::Single, marks_oops_alive: false
[87.773s][debug][gc,ref         ] GC(108) ReferenceProcessor::execute queues: 4, RefProcThreadModel::Multi, marks_oops_alive: true
[87.773s][debug][gc,ref         ] GC(108) ReferenceProcessor::execute queues: 1, RefProcThreadModel::Single, marks_oops_alive: false
[87.773s][debug][gc,phases      ] GC(108) Reference Processing 0.186ms
[87.774s][debug][gc,phases      ] GC(108)   VM Weak                        Min:  0.0, Avg:  0.0, Max:  0.0, Diff:  0.0, Sum:  0.0, Workers: 4
[87.774s][debug][gc,phases      ] GC(108)     Dead                           Min: 0, Avg:  0.0, Max: 0, Diff: 0, Sum: 0, Workers: 4
[87.774s][debug][gc,phases      ] GC(108)     Total                          Min: 0, Avg: 165.0, Max: 512, Diff: 512, Sum: 660, Workers: 4
[87.774s][debug][gc,phases      ] GC(108)   ObjectSynchronizer Weak        Min:  0.0, Avg:  0.0, Max:  0.0, Diff:  0.0, Sum:  0.0, Workers: 4
[87.774s][debug][gc,phases      ] GC(108)     Dead                           Min: 0, Avg:  0.0, Max: 0, Diff: 0, Sum: 0, Workers: 4
[87.774s][debug][gc,phases      ] GC(108)     Total                          Min: 0, Avg: 109.5, Max: 192, Diff: 192, Sum: 438, Workers: 4
[87.774s][debug][gc,phases      ] GC(108)   JVMTI Tag Weak OopStorage      Min:  0.0, Avg:  0.0, Max:  0.0, Diff:  0.0, Sum:  0.0, Workers: 4
[87.774s][debug][gc,phases      ] GC(108)     Dead                           Min: 0, Avg:  0.0, Max: 0, Diff: 0, Sum: 0, Workers: 4
[87.774s][debug][gc,phases      ] GC(108)     Total                          Min: 0, Avg:  0.0, Max: 0, Diff: 0, Sum: 0, Workers: 4
[87.774s][debug][gc,phases      ] GC(108)   StringTable Weak               Min:  0.1, Avg:  0.1, Max:  0.1, Diff:  0.0, Sum:  0.5, Workers: 4
[87.774s][debug][gc,phases      ] GC(108)     Dead                           Min: 0, Avg:  0.0, Max: 0, Diff: 0, Sum: 0, Workers: 4
[87.774s][debug][gc,phases      ] GC(108)     Total                          Min: 10240, Avg: 11880.5, Max: 13376, Diff: 3136, Sum: 47522, Workers: 4
[87.774s][debug][gc,phases      ] GC(108)   ResolvedMethodTable Weak       Min:  0.0, Avg:  0.0, Max:  0.0, Diff:  0.0, Sum:  0.1, Workers: 4
[87.774s][debug][gc,phases      ] GC(108)     Dead                           Min: 0, Avg:  4.2, Max: 11, Diff: 11, Sum: 17, Workers: 4
[87.774s][debug][gc,phases      ] GC(108)     Total                          Min: 1855, Avg: 2051.5, Max: 2384, Diff: 529, Sum: 8206, Workers: 4
[87.774s][debug][gc,phases      ] GC(108)   JNI Weak                       Min:  0.0, Avg:  0.0, Max:  0.0, Diff:  0.0, Sum:  0.0, Workers: 4
[87.774s][debug][gc,phases      ] GC(108)     Dead                           Min: 0, Avg:  0.0, Max: 0, Diff: 0, Sum: 0, Workers: 4
[87.774s][debug][gc,phases      ] GC(108)     Total                          Min: 0, Avg:  0.0, Max: 0, Diff: 0, Sum: 0, Workers: 4
[87.774s][debug][gc,phases      ] GC(108)   StringDedup Table Weak         Min:  0.0, Avg:  0.0, Max:  0.0, Diff:  0.0, Sum:  0.0, Workers: 4
[87.774s][debug][gc,phases      ] GC(108)     Dead                           Min: 0, Avg:  0.0, Max: 0, Diff: 0, Sum: 0, Workers: 4
[87.774s][debug][gc,phases      ] GC(108)     Total                          Min: 0, Avg:  0.0, Max: 0, Diff: 0, Sum: 0, Workers: 4
[87.774s][debug][gc,phases      ] GC(108)   StringDedup Requests0 Weak     Min:  0.0, Avg:  0.0, Max:  0.0, Diff:  0.0, Sum:  0.0, Workers: 4
[87.774s][debug][gc,phases      ] GC(108)     Dead                           Min: 0, Avg:  0.0, Max: 0, Diff: 0, Sum: 0, Workers: 4
[87.774s][debug][gc,phases      ] GC(108)     Total                          Min: 0, Avg:  0.0, Max: 0, Diff: 0, Sum: 0, Workers: 4
[87.774s][debug][gc,phases      ] GC(108)   StringDedup Requests1 Weak     Min:  0.0, Avg:  0.0, Max:  0.0, Diff:  0.0, Sum:  0.0, Workers: 4
[87.774s][debug][gc,phases      ] GC(108)     Dead                           Min: 0, Avg:  0.0, Max: 0, Diff: 0, Sum: 0, Workers: 4
[87.774s][debug][gc,phases      ] GC(108)     Total                          Min: 0, Avg:  0.0, Max: 0, Diff: 0, Sum: 0, Workers: 4
[87.774s][debug][gc,phases      ] GC(108)   Weak JFR Old Object Samples    Min:  0.0, Avg:  0.0, Max:  0.0, Diff:  0.0, Sum:  0.0, Workers: 4
[87.774s][debug][gc,phases      ] GC(108)     Dead                           Min: 0, Avg:  0.0, Max: 0, Diff: 0, Sum: 0, Workers: 4
[87.774s][debug][gc,phases      ] GC(108)     Total                          Min: 0, Avg:  0.0, Max: 0, Diff: 0, Sum: 0, Workers: 4
[87.774s][debug][gc,phases      ] GC(108) Weak Processing 0.349ms
[87.774s][debug][gc,age         ] GC(108) Desired survivor size 59244544 bytes, new threshold 15 (max threshold 15)
[87.774s][info ][gc,heap        ] GC(108) PSYoungGen: 2017632K(2038784K)->33347K(2019328K) Eden: 1985536K(1985536K)->0K(1985536K) From: 32096K(53248K)->33347K(33792K)
[87.774s][info ][gc,heap        ] GC(108) ParOldGen: 369469K(456704K)->369741K(456704K)
[87.774s][info ][gc,metaspace   ] GC(108) Metaspace: 81292K(82112K)->81292K(82112K) NonClass: 69775K(70208K)->69775K(70208K) Class: 11517K(11904K)->11517K(11904K)
[87.774s][info ][gc             ] GC(108) Pause Young (Allocation Failure) 2331M->393M(2418M) 11.265ms
[87.774s][info ][gc,cpu         ] GC(108) User=0.05s Sys=0.00s Real=0.02s
[87.774s][info ][safepoint      ] Safepoint "ParallelGCFailedAllocation", Time since last: 42601678 ns, Reaching safepoint: 42501 ns, At safepoint: 11358460 ns, Total: 11400961 ns
[88.774s][info ][safepoint      ] Safepoint "Cleanup", Time since last: 1000078553 ns, Reaching safepoint: 62502 ns, At safepoint: 10500 ns, Total: 73002 ns
[89.774s][info ][safepoint      ] Safepoint "Cleanup", Time since last: 1000115245 ns, Reaching safepoint: 66301 ns, At safepoint: 10500 ns, Total: 76801 ns
[90.774s][info ][safepoint      ] Safepoint "Cleanup", Time since last: 1000114336 ns, Reaching safepoint: 70502 ns, At safepoint: 8200 ns, Total: 78702 ns
[91.775s][info ][safepoint      ] Safepoint "Cleanup", Time since last: 1000075426 ns, Reaching safepoint: 87302 ns, At safepoint: 7401 ns, Total: 94703 ns
[92.775s][info ][safepoint      ] Safepoint "Cleanup", Time since last: 1000109118 ns, Reaching safepoint: 100802 ns, At safepoint: 9100 ns, Total: 109902 ns
[94.506s][info ][safepoint      ] Safepoint "Cleanup", Time since last: 1730635538 ns, Reaching safepoint: 152104 ns, At safepoint: 10300 ns, Total: 162404 ns
[95.506s][info ][safepoint      ] Safepoint "Cleanup", Time since last: 1000110595 ns, Reaching safepoint: 61001 ns, At safepoint: 5800 ns, Total: 66801 ns
[96.506s][info ][safepoint      ] Safepoint "Cleanup", Time since last: 1000109986 ns, Reaching safepoint: 137603 ns, At safepoint: 11000 ns, Total: 148603 ns
[97.506s][info ][safepoint      ] Safepoint "Cleanup", Time since last: 1000111778 ns, Reaching safepoint: 99902 ns, At safepoint: 7600 ns, Total: 107502 ns
[98.506s][info ][safepoint      ] Safepoint "Cleanup", Time since last: 1000108369 ns, Reaching safepoint: 50201 ns, At safepoint: 9500 ns, Total: 59701 ns
[99.507s][info ][safepoint      ] Safepoint "Cleanup", Time since last: 1000103060 ns, Reaching safepoint: 55301 ns, At safepoint: 7500 ns, Total: 62801 ns
[100.507s][info ][safepoint      ] Safepoint "Cleanup", Time since last: 1000107451 ns, Reaching safepoint: 59102 ns, At safepoint: 9300 ns, Total: 68402 ns
[101.507s][info ][safepoint      ] Safepoint "Cleanup", Time since last: 1000108042 ns, Reaching safepoint: 81002 ns, At safepoint: 6200 ns, Total: 87202 ns
[102.507s][info ][safepoint      ] Safepoint "Cleanup", Time since last: 1000095034 ns, Reaching safepoint: 53001 ns, At safepoint: 5200 ns, Total: 58201 ns
[103.507s][info ][safepoint      ] Safepoint "Cleanup", Time since last: 1000074125 ns, Reaching safepoint: 50801 ns, At safepoint: 8300 ns, Total: 59101 ns
[104.507s][info ][safepoint      ] Safepoint "Cleanup", Time since last: 1000099417 ns, Reaching safepoint: 52501 ns, At safepoint: 10601 ns, Total: 63102 ns
[105.507s][info ][safepoint      ] Safepoint "Cleanup", Time since last: 1000098508 ns, Reaching safepoint: 54401 ns, At safepoint: 6600 ns, Total: 61001 ns
[106.508s][info ][safepoint      ] Safepoint "Cleanup", Time since last: 1000101300 ns, Reaching safepoint: 106202 ns, At safepoint: 8400 ns, Total: 114602 ns
[107.508s][info ][safepoint      ] Safepoint "Cleanup", Time since last: 1000102992 ns, Reaching safepoint: 84802 ns, At safepoint: 5700 ns, Total: 90502 ns
[109.031s][info ][safepoint      ] Safepoint "Cleanup", Time since last: 1523255796 ns, Reaching safepoint: 118503 ns, At safepoint: 10000 ns, Total: 128503 ns
[113.032s][info ][safepoint      ] Safepoint "Cleanup", Time since last: 4000272626 ns, Reaching safepoint: 52101 ns, At safepoint: 4200 ns, Total: 56301 ns
[114.032s][info ][safepoint      ] Safepoint "Cleanup", Time since last: 1000113536 ns, Reaching safepoint: 53302 ns, At safepoint: 2700 ns, Total: 56002 ns
[115.032s][info ][safepoint      ] Safepoint "Cleanup", Time since last: 1000107728 ns, Reaching safepoint: 56901 ns, At safepoint: 2900 ns, Total: 59801 ns
[116.032s][info ][safepoint      ] Safepoint "Cleanup", Time since last: 1000123320 ns, Reaching safepoint: 72001 ns, At safepoint: 9601 ns, Total: 81602 ns
[117.032s][info ][safepoint      ] Safepoint "Cleanup", Time since last: 1000113111 ns, Reaching safepoint: 53901 ns, At safepoint: 9200 ns, Total: 63101 ns
[118.033s][info ][safepoint      ] Safepoint "Cleanup", Time since last: 1000112803 ns, Reaching safepoint: 71502 ns, At safepoint: 5100 ns, Total: 76602 ns
[119.033s][info ][safepoint      ] Safepoint "Cleanup", Time since last: 1000125295 ns, Reaching safepoint: 67902 ns, At safepoint: 8200 ns, Total: 76102 ns
[120.033s][info ][safepoint      ] Safepoint "Cleanup", Time since last: 1000119986 ns, Reaching safepoint: 68902 ns, At safepoint: 6400 ns, Total: 75302 ns
[121.033s][info ][safepoint      ] Safepoint "Cleanup", Time since last: 1000112978 ns, Reaching safepoint: 58901 ns, At safepoint: 7200 ns, Total: 66101 ns
[122.033s][info ][safepoint      ] Safepoint "Cleanup", Time since last: 1000115370 ns, Reaching safepoint: 84902 ns, At safepoint: 8400 ns, Total: 93302 ns
[123.033s][info ][safepoint      ] Safepoint "Cleanup", Time since last: 1000120062 ns, Reaching safepoint: 51801 ns, At safepoint: 2700 ns, Total: 54501 ns
[125.034s][info ][safepoint      ] Safepoint "Cleanup", Time since last: 2000188198 ns, Reaching safepoint: 60601 ns, At safepoint: 5900 ns, Total: 66501 ns
[126.034s][info ][safepoint      ] Safepoint "Cleanup", Time since last: 1000115037 ns, Reaching safepoint: 64902 ns, At safepoint: 5700 ns, Total: 70602 ns
[127.034s][info ][safepoint      ] Safepoint "Cleanup", Time since last: 1000073228 ns, Reaching safepoint: 74301 ns, At safepoint: 5800 ns, Total: 80101 ns
[128.034s][info ][safepoint      ] Safepoint "Cleanup", Time since last: 1000217123 ns, Reaching safepoint: 67902 ns, At safepoint: 5600 ns, Total: 73502 ns
[129.035s][info ][safepoint      ] Safepoint "Cleanup", Time since last: 1000113312 ns, Reaching safepoint: 94002 ns, At safepoint: 7001 ns, Total: 101003 ns
[130.035s][info ][safepoint      ] Safepoint "Cleanup", Time since last: 1000121304 ns, Reaching safepoint: 101202 ns, At safepoint: 5400 ns, Total: 106602 ns
[131.035s][info ][safepoint      ] Safepoint "Cleanup", Time since last: 1000064295 ns, Reaching safepoint: 89002 ns, At safepoint: 6201 ns, Total: 95203 ns
[132.035s][info ][safepoint      ] Safepoint "Cleanup", Time since last: 1000113288 ns, Reaching safepoint: 53001 ns, At safepoint: 2500 ns, Total: 55501 ns
[134.035s][info ][safepoint      ] Safepoint "Cleanup", Time since last: 2000185951 ns, Reaching safepoint: 75301 ns, At safepoint: 9301 ns, Total: 84602 ns
[135.036s][info ][safepoint      ] Safepoint "Cleanup", Time since last: 1000114063 ns, Reaching safepoint: 55002 ns, At safepoint: 3600 ns, Total: 58602 ns
[136.036s][info ][safepoint      ] Safepoint "Cleanup", Time since last: 1000114956 ns, Reaching safepoint: 85201 ns, At safepoint: 7501 ns, Total: 92702 ns
[137.036s][info ][safepoint      ] Safepoint "Cleanup", Time since last: 1000112547 ns, Reaching safepoint: 58702 ns, At safepoint: 3100 ns, Total: 61802 ns
[138.036s][info ][safepoint      ] Safepoint "Cleanup", Time since last: 1000114439 ns, Reaching safepoint: 70902 ns, At safepoint: 7200 ns, Total: 78102 ns
[139.036s][info ][safepoint      ] Safepoint "Cleanup", Time since last: 1000112732 ns, Reaching safepoint: 207005 ns, At safepoint: 8900 ns, Total: 215905 ns
[140.037s][info ][safepoint      ] Safepoint "Cleanup", Time since last: 1000122124 ns, Reaching safepoint: 85902 ns, At safepoint: 10600 ns, Total: 96502 ns
[141.712s][info ][safepoint      ] Safepoint "Cleanup", Time since last: 1674836002 ns, Reaching safepoint: 170704 ns, At safepoint: 11700 ns, Total: 182404 ns
[143.407s][info ][safepoint      ] Safepoint "Cleanup", Time since last: 1695065834 ns, Reaching safepoint: 89602 ns, At safepoint: 8300 ns, Total: 97902 ns
[144.407s][info ][safepoint      ] Safepoint "Cleanup", Time since last: 1000124789 ns, Reaching safepoint: 54901 ns, At safepoint: 2400 ns, Total: 57301 ns
[145.407s][info ][safepoint      ] Safepoint "Cleanup", Time since last: 1000104681 ns, Reaching safepoint: 59302 ns, At safepoint: 7900 ns, Total: 67202 ns
[147.408s][info ][safepoint      ] Safepoint "Cleanup", Time since last: 2000167037 ns, Reaching safepoint: 85902 ns, At safepoint: 13000 ns, Total: 98902 ns
[148.408s][info ][safepoint      ] Safepoint "Cleanup", Time since last: 1000125158 ns, Reaching safepoint: 77402 ns, At safepoint: 8100 ns, Total: 85502 ns
[149.408s][info ][safepoint      ] Safepoint "Cleanup", Time since last: 1000107750 ns, Reaching safepoint: 55901 ns, At safepoint: 7900 ns, Total: 63801 ns
[150.408s][info ][safepoint      ] Safepoint "Cleanup", Time since last: 1000107342 ns, Reaching safepoint: 53601 ns, At safepoint: 10300 ns, Total: 63901 ns
[151.408s][info ][safepoint      ] Safepoint "Cleanup", Time since last: 1000059633 ns, Reaching safepoint: 58401 ns, At safepoint: 10801 ns, Total: 69202 ns
[152.173s][info ][gc,start       ] GC(109) Pause Young (Allocation Failure)
[152.182s][debug][gc,phases      ] GC(109) Scavenge 9.096ms
[152.182s][debug][gc,ref         ] GC(109) Skipped phase 1 of Reference Processing: no references
[152.182s][debug][gc,ref         ] GC(109) ReferenceProcessor::execute queues: 1, RefProcThreadModel::Single, marks_oops_alive: false
[152.182s][debug][gc,ref         ] GC(109) Skipped phase 3 of Reference Processing: no references
[152.182s][debug][gc,ref         ] GC(109) ReferenceProcessor::execute queues: 1, RefProcThreadModel::Single, marks_oops_alive: false
[152.182s][debug][gc,phases      ] GC(109) Reference Processing 0.155ms
[152.182s][debug][gc,phases      ] GC(109)   VM Weak                        Min:  0.0, Avg:  0.0, Max:  0.0, Diff:  0.0, Sum:  0.0, Workers: 4
[152.182s][debug][gc,phases      ] GC(109)     Dead                           Min: 0, Avg:  0.0, Max: 0, Diff: 0, Sum: 0, Workers: 4
[152.182s][debug][gc,phases      ] GC(109)     Total                          Min: 0, Avg: 165.5, Max: 662, Diff: 662, Sum: 662, Workers: 4
[152.182s][debug][gc,phases      ] GC(109)   ObjectSynchronizer Weak        Min:  0.0, Avg:  0.0, Max:  0.0, Diff:  0.0, Sum:  0.0, Workers: 4
[152.182s][debug][gc,phases      ] GC(109)     Dead                           Min: 0, Avg:  0.0, Max: 0, Diff: 0, Sum: 0, Workers: 4
[152.182s][debug][gc,phases      ] GC(109)     Total                          Min: 0, Avg: 109.5, Max: 256, Diff: 256, Sum: 438, Workers: 4
[152.182s][debug][gc,phases      ] GC(109)   JVMTI Tag Weak OopStorage      Min:  0.0, Avg:  0.0, Max:  0.0, Diff:  0.0, Sum:  0.0, Workers: 4
[152.182s][debug][gc,phases      ] GC(109)     Dead                           Min: 0, Avg:  0.0, Max: 0, Diff: 0, Sum: 0, Workers: 4
[152.182s][debug][gc,phases      ] GC(109)     Total                          Min: 0, Avg:  0.0, Max: 0, Diff: 0, Sum: 0, Workers: 4
[152.182s][debug][gc,phases      ] GC(109)   StringTable Weak               Min:  0.1, Avg:  0.1, Max:  0.1, Diff:  0.0, Sum:  0.4, Workers: 4
[152.182s][debug][gc,phases      ] GC(109)     Dead                           Min: 0, Avg:  0.5, Max: 1, Diff: 1, Sum: 2, Workers: 4
[152.182s][debug][gc,phases      ] GC(109)     Total                          Min: 11136, Avg: 11928.0, Max: 12864, Diff: 1728, Sum: 47712, Workers: 4
[152.182s][debug][gc,phases      ] GC(109)   ResolvedMethodTable Weak       Min:  0.0, Avg:  0.0, Max:  0.0, Diff:  0.0, Sum:  0.1, Workers: 4
[152.182s][debug][gc,phases      ] GC(109)     Dead                           Min: 0, Avg:  0.0, Max: 0, Diff: 0, Sum: 0, Workers: 4
[152.182s][debug][gc,phases      ] GC(109)     Total                          Min: 1806, Avg: 1994.8, Max: 2143, Diff: 337, Sum: 7979, Workers: 4
[152.182s][debug][gc,phases      ] GC(109)   JNI Weak                       Min:  0.0, Avg:  0.0, Max:  0.0, Diff:  0.0, Sum:  0.0, Workers: 4
[152.182s][debug][gc,phases      ] GC(109)     Dead                           Min: 0, Avg:  0.0, Max: 0, Diff: 0, Sum: 0, Workers: 4
[152.182s][debug][gc,phases      ] GC(109)     Total                          Min: 0, Avg:  0.0, Max: 0, Diff: 0, Sum: 0, Workers: 4
[152.182s][debug][gc,phases      ] GC(109)   StringDedup Table Weak         Min:  0.0, Avg:  0.0, Max:  0.0, Diff:  0.0, Sum:  0.0, Workers: 4
[152.182s][debug][gc,phases      ] GC(109)     Dead                           Min: 0, Avg:  0.0, Max: 0, Diff: 0, Sum: 0, Workers: 4
[152.182s][debug][gc,phases      ] GC(109)     Total                          Min: 0, Avg:  0.0, Max: 0, Diff: 0, Sum: 0, Workers: 4
[152.182s][debug][gc,phases      ] GC(109)   StringDedup Requests0 Weak     Min:  0.0, Avg:  0.0, Max:  0.0, Diff:  0.0, Sum:  0.0, Workers: 4
[152.182s][debug][gc,phases      ] GC(109)     Dead                           Min: 0, Avg:  0.0, Max: 0, Diff: 0, Sum: 0, Workers: 4
[152.182s][debug][gc,phases      ] GC(109)     Total                          Min: 0, Avg:  0.0, Max: 0, Diff: 0, Sum: 0, Workers: 4
[152.182s][debug][gc,phases      ] GC(109)   StringDedup Requests1 Weak     Min:  0.0, Avg:  0.0, Max:  0.0, Diff:  0.0, Sum:  0.0, Workers: 4
[152.182s][debug][gc,phases      ] GC(109)     Dead                           Min: 0, Avg:  0.0, Max: 0, Diff: 0, Sum: 0, Workers: 4
[152.182s][debug][gc,phases      ] GC(109)     Total                          Min: 0, Avg:  0.0, Max: 0, Diff: 0, Sum: 0, Workers: 4
[152.182s][debug][gc,phases      ] GC(109)   Weak JFR Old Object Samples    Min:  0.0, Avg:  0.0, Max:  0.0, Diff:  0.0, Sum:  0.0, Workers: 4
[152.182s][debug][gc,phases      ] GC(109)     Dead                           Min: 0, Avg:  0.0, Max: 0, Diff: 0, Sum: 0, Workers: 4
[152.182s][debug][gc,phases      ] GC(109)     Total                          Min: 0, Avg:  0.0, Max: 0, Diff: 0, Sum: 0, Workers: 4
[152.182s][debug][gc,phases      ] GC(109) Weak Processing 0.317ms
[152.182s][debug][gc,age         ] GC(109) Desired survivor size 60817408 bytes, new threshold 15 (max threshold 15)
[152.182s][info ][gc,heap        ] GC(109) PSYoungGen: 2018883K(2019328K)->33903K(2036224K) Eden: 1985536K(1985536K)->0K(1978368K) From: 33347K(33792K)->33903K(57856K)
[152.182s][info ][gc,heap        ] GC(109) ParOldGen: 369741K(456704K)->370061K(456704K)
[152.182s][info ][gc,metaspace   ] GC(109) Metaspace: 81906K(82752K)->81906K(82752K) NonClass: 70341K(70784K)->70341K(70784K) Class: 11565K(11968K)->11565K(11968K)
[152.182s][info ][gc             ] GC(109) Pause Young (Allocation Failure) 2332M->394M(2434M) 9.710ms
[152.182s][info ][gc,cpu         ] GC(109) User=0.03s Sys=0.00s Real=0.00s
[152.182s][info ][safepoint      ] Safepoint "ParallelGCFailedAllocation", Time since last: 764298139 ns, Reaching safepoint: 40300 ns, At safepoint: 9806120 ns, Total: 9846420 ns
[153.183s][info ][safepoint      ] Safepoint "Cleanup", Time since last: 1000098620 ns, Reaching safepoint: 74902 ns, At safepoint: 8200 ns, Total: 83102 ns
[154.183s][info ][safepoint      ] Safepoint "Cleanup", Time since last: 1000120113 ns, Reaching safepoint: 62101 ns, At safepoint: 21901 ns, Total: 84002 ns
[155.183s][info ][safepoint      ] Safepoint "Cleanup", Time since last: 1000118104 ns, Reaching safepoint: 57302 ns, At safepoint: 4100 ns, Total: 61402 ns
[156.183s][info ][safepoint      ] Safepoint "Cleanup", Time since last: 1000057796 ns, Reaching safepoint: 63301 ns, At safepoint: 5500 ns, Total: 68801 ns
[157.183s][info ][safepoint      ] Safepoint "Cleanup", Time since last: 1000116890 ns, Reaching safepoint: 78701 ns, At safepoint: 9100 ns, Total: 87801 ns
[159.183s][info ][safepoint      ] Safepoint "Cleanup", Time since last: 2000181155 ns, Reaching safepoint: 54201 ns, At safepoint: 5800 ns, Total: 60001 ns
[160.184s][info ][safepoint      ] Safepoint "Cleanup", Time since last: 1000110266 ns, Reaching safepoint: 52902 ns, At safepoint: 5300 ns, Total: 58202 ns
[161.184s][info ][safepoint      ] Safepoint "Cleanup", Time since last: 1000116458 ns, Reaching safepoint: 64102 ns, At safepoint: 6800 ns, Total: 70902 ns
[162.184s][info ][safepoint      ] Safepoint "Cleanup", Time since last: 1000114651 ns, Reaching safepoint: 66201 ns, At safepoint: 5301 ns, Total: 71502 ns
[163.184s][info ][safepoint      ] Safepoint "Cleanup", Time since last: 1000106143 ns, Reaching safepoint: 67001 ns, At safepoint: 6100 ns, Total: 73101 ns
[164.184s][info ][safepoint      ] Safepoint "Cleanup", Time since last: 1000113936 ns, Reaching safepoint: 60701 ns, At safepoint: 5901 ns, Total: 66602 ns
[165.185s][info ][safepoint      ] Safepoint "Cleanup", Time since last: 1000107028 ns, Reaching safepoint: 49301 ns, At safepoint: 6600 ns, Total: 55901 ns
[166.185s][info ][safepoint      ] Safepoint "Cleanup", Time since last: 1000116620 ns, Reaching safepoint: 55602 ns, At safepoint: 7900 ns, Total: 63502 ns
[167.185s][info ][safepoint      ] Safepoint "Cleanup", Time since last: 1000111713 ns, Reaching safepoint: 70801 ns, At safepoint: 7000 ns, Total: 77801 ns
[168.185s][info ][safepoint      ] Safepoint "Cleanup", Time since last: 1000109306 ns, Reaching safepoint: 70301 ns, At safepoint: 16501 ns, Total: 86802 ns
[169.185s][info ][safepoint      ] Safepoint "Cleanup", Time since last: 1000112497 ns, Reaching safepoint: 57102 ns, At safepoint: 5800 ns, Total: 62902 ns
[170.185s][info ][safepoint      ] Safepoint "Cleanup", Time since last: 1000113990 ns, Reaching safepoint: 51101 ns, At safepoint: 5600 ns, Total: 56701 ns
[171.186s][info ][safepoint      ] Safepoint "Cleanup", Time since last: 1000130384 ns, Reaching safepoint: 60401 ns, At safepoint: 2700 ns, Total: 63101 ns
[172.186s][info ][safepoint      ] Safepoint "Cleanup", Time since last: 1000113075 ns, Reaching safepoint: 79002 ns, At safepoint: 11300 ns, Total: 90302 ns
[173.186s][info ][safepoint      ] Safepoint "Cleanup", Time since last: 1000112468 ns, Reaching safepoint: 48701 ns, At safepoint: 2700 ns, Total: 51401 ns
[174.186s][info ][safepoint      ] Safepoint "Cleanup", Time since last: 1000102061 ns, Reaching safepoint: 98002 ns, At safepoint: 8200 ns, Total: 106202 ns
[175.186s][info ][safepoint      ] Safepoint "Cleanup", Time since last: 1000110453 ns, Reaching safepoint: 50301 ns, At safepoint: 3100 ns, Total: 53401 ns
[176.187s][info ][safepoint      ] Safepoint "Cleanup", Time since last: 1000113845 ns, Reaching safepoint: 69202 ns, At safepoint: 8200 ns, Total: 77402 ns
[178.187s][info ][safepoint      ] Safepoint "Cleanup", Time since last: 2000145867 ns, Reaching safepoint: 58601 ns, At safepoint: 5501 ns, Total: 64102 ns
[180.187s][info ][safepoint      ] Safepoint "Cleanup", Time since last: 2000181938 ns, Reaching safepoint: 74001 ns, At safepoint: 6801 ns, Total: 80802 ns
[181.187s][info ][safepoint      ] Safepoint "Cleanup", Time since last: 1000119808 ns, Reaching safepoint: 57501 ns, At safepoint: 7501 ns, Total: 65002 ns
[182.187s][info ][safepoint      ] Safepoint "Cleanup", Time since last: 1000116001 ns, Reaching safepoint: 51001 ns, At safepoint: 3200 ns, Total: 54201 ns
[183.188s][info ][safepoint      ] Safepoint "Cleanup", Time since last: 1000114494 ns, Reaching safepoint: 102802 ns, At safepoint: 9800 ns, Total: 112602 ns
[185.188s][info ][safepoint      ] Safepoint "Cleanup", Time since last: 2000171265 ns, Reaching safepoint: 53101 ns, At safepoint: 5500 ns, Total: 58601 ns
[187.084s][info ][safepoint      ] Safepoint "Cleanup", Time since last: 1896206032 ns, Reaching safepoint: 156803 ns, At safepoint: 10201 ns, Total: 167004 ns
[188.084s][info ][safepoint      ] Safepoint "Cleanup", Time since last: 1000113558 ns, Reaching safepoint: 53901 ns, At safepoint: 5800 ns, Total: 59701 ns
[189.085s][info ][safepoint      ] Safepoint "Cleanup", Time since last: 1000116451 ns, Reaching safepoint: 61601 ns, At safepoint: 8300 ns, Total: 69901 ns
[190.085s][info ][safepoint      ] Safepoint "Cleanup", Time since last: 1000106144 ns, Reaching safepoint: 45801 ns, At safepoint: 7500 ns, Total: 53301 ns
[191.085s][info ][safepoint      ] Safepoint "Cleanup", Time since last: 1000111736 ns, Reaching safepoint: 53102 ns, At safepoint: 9900 ns, Total: 63002 ns
[192.085s][info ][safepoint      ] Safepoint "Cleanup", Time since last: 1000112629 ns, Reaching safepoint: 54401 ns, At safepoint: 5800 ns, Total: 60201 ns
[193.085s][info ][safepoint      ] Safepoint "Cleanup", Time since last: 1000115222 ns, Reaching safepoint: 88102 ns, At safepoint: 6200 ns, Total: 94302 ns
[194.085s][info ][safepoint      ] Safepoint "Cleanup", Time since last: 1000116415 ns, Reaching safepoint: 51902 ns, At safepoint: 9900 ns, Total: 61802 ns
[195.086s][info ][safepoint      ] Safepoint "Cleanup", Time since last: 1000114707 ns, Reaching safepoint: 67002 ns, At safepoint: 5600 ns, Total: 72602 ns
[196.086s][info ][safepoint      ] Safepoint "Cleanup", Time since last: 1000109500 ns, Reaching safepoint: 50402 ns, At safepoint: 8900 ns, Total: 59302 ns
[197.086s][info ][safepoint      ] Safepoint "Cleanup", Time since last: 1000118493 ns, Reaching safepoint: 65002 ns, At safepoint: 8200 ns, Total: 73202 ns
[198.086s][info ][safepoint      ] Safepoint "Cleanup", Time since last: 1000117386 ns, Reaching safepoint: 60501 ns, At safepoint: 2801 ns, Total: 63302 ns
[199.086s][info ][safepoint      ] Safepoint "Cleanup", Time since last: 1000069978 ns, Reaching safepoint: 55801 ns, At safepoint: 5900 ns, Total: 61701 ns
[200.087s][info ][safepoint      ] Safepoint "Cleanup", Time since last: 1000109972 ns, Reaching safepoint: 57201 ns, At safepoint: 2700 ns, Total: 59901 ns
[202.087s][info ][safepoint      ] Safepoint "Cleanup", Time since last: 2000186222 ns, Reaching safepoint: 49801 ns, At safepoint: 4200 ns, Total: 54001 ns
[203.087s][info ][safepoint      ] Safepoint "Cleanup", Time since last: 1000112551 ns, Reaching safepoint: 76502 ns, At safepoint: 15600 ns, Total: 92102 ns
[204.087s][info ][safepoint      ] Safepoint "Cleanup", Time since last: 1000120344 ns, Reaching safepoint: 52701 ns, At safepoint: 33101 ns, Total: 85802 ns
[206.087s][info ][safepoint      ] Safepoint "Cleanup", Time since last: 2000165265 ns, Reaching safepoint: 54502 ns, At safepoint: 10500 ns, Total: 65002 ns
[207.088s][info ][safepoint      ] Safepoint "Cleanup", Time since last: 1000116523 ns, Reaching safepoint: 52601 ns, At safepoint: 4300 ns, Total: 56901 ns
[208.088s][info ][safepoint      ] Safepoint "Cleanup", Time since last: 1000121216 ns, Reaching safepoint: 53301 ns, At safepoint: 3600 ns, Total: 56901 ns
[209.088s][info ][safepoint      ] Safepoint "Cleanup", Time since last: 1000113509 ns, Reaching safepoint: 48401 ns, At safepoint: 6500 ns, Total: 54901 ns
[210.088s][info ][safepoint      ] Safepoint "Cleanup", Time since last: 1000114902 ns, Reaching safepoint: 50001 ns, At safepoint: 2700 ns, Total: 52701 ns
[211.088s][info ][safepoint      ] Safepoint "Cleanup", Time since last: 1000106895 ns, Reaching safepoint: 65001 ns, At safepoint: 11401 ns, Total: 76402 ns
[213.088s][info ][safepoint      ] Safepoint "Cleanup", Time since last: 2000166567 ns, Reaching safepoint: 53701 ns, At safepoint: 3701 ns, Total: 57402 ns
[214.089s][info ][safepoint      ] Safepoint "Cleanup", Time since last: 1000079573 ns, Reaching safepoint: 76202 ns, At safepoint: 8700 ns, Total: 84902 ns
[215.069s][info ][gc,start       ] GC(110) Pause Young (Allocation Failure)
[215.081s][debug][gc,phases      ] GC(110) Scavenge 11.770ms
[215.081s][debug][gc,ref         ] GC(110) Skipped phase 1 of Reference Processing: no references
[215.081s][debug][gc,ref         ] GC(110) ReferenceProcessor::execute queues: 1, RefProcThreadModel::Single, marks_oops_alive: false
[215.081s][debug][gc,ref         ] GC(110) Skipped phase 3 of Reference Processing: no references
[215.081s][debug][gc,ref         ] GC(110) ReferenceProcessor::execute queues: 1, RefProcThreadModel::Single, marks_oops_alive: false
[215.081s][debug][gc,phases      ] GC(110) Reference Processing 0.150ms
[215.081s][debug][gc,phases      ] GC(110)   VM Weak                        Min:  0.0, Avg:  0.0, Max:  0.0, Diff:  0.0, Sum:  0.0, Workers: 4
[215.081s][debug][gc,phases      ] GC(110)     Dead                           Min: 0, Avg:  0.0, Max: 0, Diff: 0, Sum: 0, Workers: 4
[215.081s][debug][gc,phases      ] GC(110)     Total                          Min: 0, Avg: 167.8, Max: 607, Diff: 607, Sum: 671, Workers: 4
[215.081s][debug][gc,phases      ] GC(110)   ObjectSynchronizer Weak        Min:  0.0, Avg:  0.0, Max:  0.0, Diff:  0.0, Sum:  0.0, Workers: 4
[215.081s][debug][gc,phases      ] GC(110)     Dead                           Min: 0, Avg:  0.0, Max: 0, Diff: 0, Sum: 0, Workers: 4
[215.081s][debug][gc,phases      ] GC(110)     Total                          Min: 0, Avg: 109.8, Max: 192, Diff: 192, Sum: 439, Workers: 4
[215.081s][debug][gc,phases      ] GC(110)   JVMTI Tag Weak OopStorage      Min:  0.0, Avg:  0.0, Max:  0.0, Diff:  0.0, Sum:  0.0, Workers: 4
[215.081s][debug][gc,phases      ] GC(110)     Dead                           Min: 0, Avg:  0.0, Max: 0, Diff: 0, Sum: 0, Workers: 4
[215.081s][debug][gc,phases      ] GC(110)     Total                          Min: 0, Avg:  0.0, Max: 0, Diff: 0, Sum: 0, Workers: 4
[215.081s][debug][gc,phases      ] GC(110)   StringTable Weak               Min:  0.1, Avg:  0.1, Max:  0.1, Diff:  0.0, Sum:  0.5, Workers: 4
[215.081s][debug][gc,phases      ] GC(110)     Dead                           Min: 0, Avg:  0.5, Max: 2, Diff: 2, Sum: 2, Workers: 4
[215.081s][debug][gc,phases      ] GC(110)     Total                          Min: 10880, Avg: 11958.8, Max: 13504, Diff: 2624, Sum: 47835, Workers: 4
[215.081s][debug][gc,phases      ] GC(110)   ResolvedMethodTable Weak       Min:  0.0, Avg:  0.0, Max:  0.0, Diff:  0.0, Sum:  0.1, Workers: 4
[215.081s][debug][gc,phases      ] GC(110)     Dead                           Min: 0, Avg:  0.2, Max: 1, Diff: 1, Sum: 1, Workers: 4
[215.081s][debug][gc,phases      ] GC(110)     Total                          Min: 1700, Avg: 2011.5, Max: 2354, Diff: 654, Sum: 8046, Workers: 4
[215.081s][debug][gc,phases      ] GC(110)   JNI Weak                       Min:  0.0, Avg:  0.0, Max:  0.0, Diff:  0.0, Sum:  0.0, Workers: 4
[215.081s][debug][gc,phases      ] GC(110)     Dead                           Min: 0, Avg:  0.0, Max: 0, Diff: 0, Sum: 0, Workers: 4
[215.081s][debug][gc,phases      ] GC(110)     Total                          Min: 0, Avg:  0.0, Max: 0, Diff: 0, Sum: 0, Workers: 4
[215.081s][debug][gc,phases      ] GC(110)   StringDedup Table Weak         Min:  0.0, Avg:  0.0, Max:  0.0, Diff:  0.0, Sum:  0.0, Workers: 4
[215.081s][debug][gc,phases      ] GC(110)     Dead                           Min: 0, Avg:  0.0, Max: 0, Diff: 0, Sum: 0, Workers: 4
[215.081s][debug][gc,phases      ] GC(110)     Total                          Min: 0, Avg:  0.0, Max: 0, Diff: 0, Sum: 0, Workers: 4
[215.081s][debug][gc,phases      ] GC(110)   StringDedup Requests0 Weak     Min:  0.0, Avg:  0.0, Max:  0.0, Diff:  0.0, Sum:  0.0, Workers: 4
[215.081s][debug][gc,phases      ] GC(110)     Dead                           Min: 0, Avg:  0.0, Max: 0, Diff: 0, Sum: 0, Workers: 4
[215.081s][debug][gc,phases      ] GC(110)     Total                          Min: 0, Avg:  0.0, Max: 0, Diff: 0, Sum: 0, Workers: 4
[215.081s][debug][gc,phases      ] GC(110)   StringDedup Requests1 Weak     Min:  0.0, Avg:  0.0, Max:  0.0, Diff:  0.0, Sum:  0.0, Workers: 4
[215.081s][debug][gc,phases      ] GC(110)     Dead                           Min: 0, Avg:  0.0, Max: 0, Diff: 0, Sum: 0, Workers: 4
[215.081s][debug][gc,phases      ] GC(110)     Total                          Min: 0, Avg:  0.0, Max: 0, Diff: 0, Sum: 0, Workers: 4
[215.081s][debug][gc,phases      ] GC(110)   Weak JFR Old Object Samples    Min:  0.0, Avg:  0.0, Max:  0.0, Diff:  0.0, Sum:  0.0, Workers: 4
[215.081s][debug][gc,phases      ] GC(110)     Dead                           Min: 0, Avg:  0.0, Max: 0, Diff: 0, Sum: 0, Workers: 4
[215.081s][debug][gc,phases      ] GC(110)     Total                          Min: 0, Avg:  0.0, Max: 0, Diff: 0, Sum: 0, Workers: 4
[215.081s][debug][gc,phases      ] GC(110) Weak Processing 0.345ms
[215.081s][debug][gc,age         ] GC(110) Desired survivor size 62914560 bytes, new threshold 15 (max threshold 15)
[215.081s][info ][gc,heap        ] GC(110) PSYoungGen: 2012271K(2036224K)->36036K(2014720K) Eden: 1978368K(1978368K)->0K(1978368K) From: 33903K(57856K)->36036K(36352K)
[215.081s][info ][gc,heap        ] GC(110) ParOldGen: 370061K(456704K)->370373K(456704K)
[215.081s][info ][gc,metaspace   ] GC(110) Metaspace: 82347K(83136K)->82347K(83136K) NonClass: 70749K(71168K)->70749K(71168K) Class: 11598K(11968K)->11598K(11968K)
[215.081s][info ][gc             ] GC(110) Pause Young (Allocation Failure) 2326M->396M(2413M) 12.394ms
[215.081s][info ][gc,cpu         ] GC(110) User=0.04s Sys=0.00s Real=0.01s
[215.081s][info ][safepoint      ] Safepoint "ParallelGCFailedAllocation", Time since last: 980145629 ns, Reaching safepoint: 42100 ns, At safepoint: 12477474 ns, Total: 12519574 ns
[216.082s][info ][safepoint      ] Safepoint "Cleanup", Time since last: 1000049660 ns, Reaching safepoint: 140603 ns, At safepoint: 10900 ns, Total: 151503 ns
[217.082s][info ][safepoint      ] Safepoint "Cleanup", Time since last: 1000131954 ns, Reaching safepoint: 64301 ns, At safepoint: 7700 ns, Total: 72001 ns
[219.082s][info ][safepoint      ] Safepoint "Cleanup", Time since last: 2000144885 ns, Reaching safepoint: 83802 ns, At safepoint: 35801 ns, Total: 119603 ns
[220.082s][info ][safepoint      ] Safepoint "Cleanup", Time since last: 1000125733 ns, Reaching safepoint: 56701 ns, At safepoint: 3000 ns, Total: 59701 ns
[221.082s][info ][safepoint      ] Safepoint "Cleanup", Time since last: 1000115627 ns, Reaching safepoint: 73001 ns, At safepoint: 7201 ns, Total: 80202 ns
[222.083s][info ][safepoint      ] Safepoint "Cleanup", Time since last: 1000133619 ns, Reaching safepoint: 52202 ns, At safepoint: 9400 ns, Total: 61602 ns
[223.083s][info ][safepoint      ] Safepoint "Cleanup", Time since last: 1000125213 ns, Reaching safepoint: 55601 ns, At safepoint: 7000 ns, Total: 62601 ns
[224.083s][info ][safepoint      ] Safepoint "Cleanup", Time since last: 1000122806 ns, Reaching safepoint: 61601 ns, At safepoint: 3501 ns, Total: 65102 ns
[225.083s][info ][safepoint      ] Safepoint "Cleanup", Time since last: 1000121499 ns, Reaching safepoint: 48301 ns, At safepoint: 3100 ns, Total: 51401 ns
[226.083s][info ][safepoint      ] Safepoint "Cleanup", Time since last: 1000114692 ns, Reaching safepoint: 62202 ns, At safepoint: 11000 ns, Total: 73202 ns
[227.083s][info ][safepoint      ] Safepoint "Cleanup", Time since last: 1000114186 ns, Reaching safepoint: 48301 ns, At safepoint: 3400 ns, Total: 51701 ns
[228.084s][info ][safepoint      ] Safepoint "Cleanup", Time since last: 1000122779 ns, Reaching safepoint: 50501 ns, At safepoint: 2700 ns, Total: 53201 ns
[229.084s][info ][safepoint      ] Safepoint "Cleanup", Time since last: 1000116072 ns, Reaching safepoint: 60202 ns, At safepoint: 7600 ns, Total: 67802 ns
[233.084s][info ][safepoint      ] Safepoint "Cleanup", Time since last: 4000261518 ns, Reaching safepoint: 60501 ns, At safepoint: 5700 ns, Total: 66201 ns
[234.084s][info ][safepoint      ] Safepoint "Cleanup", Time since last: 1000110139 ns, Reaching safepoint: 49201 ns, At safepoint: 3400 ns, Total: 52601 ns
[235.084s][info ][safepoint      ] Safepoint "Cleanup", Time since last: 1000123233 ns, Reaching safepoint: 46601 ns, At safepoint: 2200 ns, Total: 48801 ns
[236.085s][info ][safepoint      ] Safepoint "Cleanup", Time since last: 1000117126 ns, Reaching safepoint: 50601 ns, At safepoint: 7400 ns, Total: 58001 ns
[239.085s][info ][safepoint      ] Safepoint "Cleanup", Time since last: 3000234435 ns, Reaching safepoint: 46601 ns, At safepoint: 2900 ns, Total: 49501 ns
[240.085s][info ][safepoint      ] Safepoint "Cleanup", Time since last: 1000116699 ns, Reaching safepoint: 57602 ns, At safepoint: 5300 ns, Total: 62902 ns
[241.085s][info ][safepoint      ] Safepoint "Cleanup", Time since last: 1000114093 ns, Reaching safepoint: 59901 ns, At safepoint: 5300 ns, Total: 65201 ns
[242.085s][info ][safepoint      ] Safepoint "Cleanup", Time since last: 1000113986 ns, Reaching safepoint: 61702 ns, At safepoint: 5400 ns, Total: 67102 ns
[243.086s][info ][safepoint      ] Safepoint "Cleanup", Time since last: 1000119880 ns, Reaching safepoint: 59401 ns, At safepoint: 3900 ns, Total: 63301 ns
[244.086s][info ][safepoint      ] Safepoint "Cleanup", Time since last: 1000112173 ns, Reaching safepoint: 53901 ns, At safepoint: 3700 ns, Total: 57601 ns
[245.086s][info ][safepoint      ] Safepoint "Cleanup", Time since last: 1000087567 ns, Reaching safepoint: 69501 ns, At safepoint: 5600 ns, Total: 75101 ns
[246.086s][info ][safepoint      ] Safepoint "Cleanup", Time since last: 1000112560 ns, Reaching safepoint: 52001 ns, At safepoint: 5901 ns, Total: 57902 ns
[247.086s][info ][safepoint      ] Safepoint "Cleanup", Time since last: 1000123354 ns, Reaching safepoint: 50201 ns, At safepoint: 9800 ns, Total: 60001 ns
[248.087s][info ][safepoint      ] Safepoint "Cleanup", Time since last: 1000116047 ns, Reaching safepoint: 54101 ns, At safepoint: 3800 ns, Total: 57901 ns
[250.087s][info ][safepoint      ] Safepoint "Cleanup", Time since last: 2000188775 ns, Reaching safepoint: 45401 ns, At safepoint: 3500 ns, Total: 48901 ns
[251.087s][info ][safepoint      ] Safepoint "Cleanup", Time since last: 1000117128 ns, Reaching safepoint: 70302 ns, At safepoint: 8400 ns, Total: 78702 ns
[252.087s][info ][safepoint      ] Safepoint "Cleanup", Time since last: 1000107521 ns, Reaching safepoint: 69102 ns, At safepoint: 4300 ns, Total: 73402 ns
[253.087s][info ][safepoint      ] Safepoint "Cleanup", Time since last: 1000118915 ns, Reaching safepoint: 53001 ns, At safepoint: 6300 ns, Total: 59301 ns
[255.088s][info ][safepoint      ] Safepoint "Cleanup", Time since last: 2000163110 ns, Reaching safepoint: 54301 ns, At safepoint: 11501 ns, Total: 65802 ns
[257.088s][info ][safepoint      ] Safepoint "Cleanup", Time since last: 2000173484 ns, Reaching safepoint: 49801 ns, At safepoint: 3500 ns, Total: 53301 ns
[259.088s][info ][safepoint      ] Safepoint "Cleanup", Time since last: 2000167959 ns, Reaching safepoint: 53002 ns, At safepoint: 4900 ns, Total: 57902 ns
[261.088s][info ][safepoint      ] Safepoint "Cleanup", Time since last: 2000183734 ns, Reaching safepoint: 59701 ns, At safepoint: 4400 ns, Total: 64101 ns
[262.088s][info ][safepoint      ] Safepoint "Cleanup", Time since last: 1000115359 ns, Reaching safepoint: 55201 ns, At safepoint: 3500 ns, Total: 58701 ns
[263.089s][info ][safepoint      ] Safepoint "Cleanup", Time since last: 1000114252 ns, Reaching safepoint: 53001 ns, At safepoint: 3300 ns, Total: 56301 ns
[265.089s][info ][safepoint      ] Safepoint "Cleanup", Time since last: 2000173884 ns, Reaching safepoint: 53301 ns, At safepoint: 3300 ns, Total: 56601 ns
[266.089s][info ][safepoint      ] Safepoint "Cleanup", Time since last: 1000119633 ns, Reaching safepoint: 45401 ns, At safepoint: 2900 ns, Total: 48301 ns
[271.089s][info ][safepoint      ] Safepoint "Cleanup", Time since last: 5000364868 ns, Reaching safepoint: 52402 ns, At safepoint: 5800 ns, Total: 58202 ns
[272.090s][info ][safepoint      ] Safepoint "Cleanup", Time since last: 1000116196 ns, Reaching safepoint: 60401 ns, At safepoint: 7600 ns, Total: 68001 ns
[274.090s][info ][safepoint      ] Safepoint "Cleanup", Time since last: 2000183473 ns, Reaching safepoint: 57101 ns, At safepoint: 3200 ns, Total: 60301 ns
[275.090s][info ][safepoint      ] Safepoint "Cleanup", Time since last: 1000098677 ns, Reaching safepoint: 53501 ns, At safepoint: 7001 ns, Total: 60502 ns
[278.090s][info ][safepoint      ] Safepoint "Cleanup", Time since last: 3000242093 ns, Reaching safepoint: 49001 ns, At safepoint: 4901 ns, Total: 53902 ns
[279.090s][info ][safepoint      ] Safepoint "Cleanup", Time since last: 1000111153 ns, Reaching safepoint: 54301 ns, At safepoint: 3800 ns, Total: 58101 ns
[281.091s][info ][safepoint      ] Safepoint "Cleanup", Time since last: 2000181187 ns, Reaching safepoint: 64201 ns, At safepoint: 8201 ns, Total: 72402 ns
[282.091s][info ][safepoint      ] Safepoint "Cleanup", Time since last: 1000113935 ns, Reaching safepoint: 51001 ns, At safepoint: 3000 ns, Total: 54001 ns
[283.091s][info ][safepoint      ] Safepoint "Cleanup", Time since last: 1000131229 ns, Reaching safepoint: 51501 ns, At safepoint: 3200 ns, Total: 54701 ns
[284.091s][info ][safepoint      ] Safepoint "Cleanup", Time since last: 1000112923 ns, Reaching safepoint: 47901 ns, At safepoint: 3100 ns, Total: 51001 ns
[285.091s][info ][safepoint      ] Safepoint "Cleanup", Time since last: 1000110117 ns, Reaching safepoint: 50301 ns, At safepoint: 3700 ns, Total: 54001 ns
[288.092s][info ][safepoint      ] Safepoint "Cleanup", Time since last: 3000241513 ns, Reaching safepoint: 60201 ns, At safepoint: 5600 ns, Total: 65801 ns
[288.367s][info ][gc,start       ] GC(111) Pause Young (Allocation Failure)
[288.377s][debug][gc,phases      ] GC(111) Scavenge 10.112ms
[288.377s][debug][gc,ref         ] GC(111) Skipped phase 1 of Reference Processing: no references
[288.377s][debug][gc,ref         ] GC(111) ReferenceProcessor::execute queues: 1, RefProcThreadModel::Single, marks_oops_alive: false
[288.377s][debug][gc,ref         ] GC(111) Skipped phase 3 of Reference Processing: no references
[288.377s][debug][gc,ref         ] GC(111) ReferenceProcessor::execute queues: 1, RefProcThreadModel::Single, marks_oops_alive: false
[288.377s][debug][gc,phases      ] GC(111) Reference Processing 0.151ms
[288.377s][debug][gc,phases      ] GC(111)   VM Weak                        Min:  0.0, Avg:  0.0, Max:  0.0, Diff:  0.0, Sum:  0.0, Workers: 4
[288.377s][debug][gc,phases      ] GC(111)     Dead                           Min: 0, Avg:  0.0, Max: 0, Diff: 0, Sum: 0, Workers: 4
[288.377s][debug][gc,phases      ] GC(111)     Total                          Min: 0, Avg: 167.8, Max: 415, Diff: 415, Sum: 671, Workers: 4
[288.377s][debug][gc,phases      ] GC(111)   ObjectSynchronizer Weak        Min:  0.0, Avg:  0.0, Max:  0.0, Diff:  0.0, Sum:  0.0, Workers: 4
[288.377s][debug][gc,phases      ] GC(111)     Dead                           Min: 0, Avg:  0.0, Max: 0, Diff: 0, Sum: 0, Workers: 4
[288.377s][debug][gc,phases      ] GC(111)     Total                          Min: 0, Avg: 109.8, Max: 256, Diff: 256, Sum: 439, Workers: 4
[288.377s][debug][gc,phases      ] GC(111)   JVMTI Tag Weak OopStorage      Min:  0.0, Avg:  0.0, Max:  0.0, Diff:  0.0, Sum:  0.0, Workers: 4
[288.377s][debug][gc,phases      ] GC(111)     Dead                           Min: 0, Avg:  0.0, Max: 0, Diff: 0, Sum: 0, Workers: 4
[288.377s][debug][gc,phases      ] GC(111)     Total                          Min: 0, Avg:  0.0, Max: 0, Diff: 0, Sum: 0, Workers: 4
[288.377s][debug][gc,phases      ] GC(111)   StringTable Weak               Min:  0.1, Avg:  0.1, Max:  0.1, Diff:  0.0, Sum:  0.5, Workers: 4
[288.377s][debug][gc,phases      ] GC(111)     Dead                           Min: 0, Avg:  0.0, Max: 0, Diff: 0, Sum: 0, Workers: 4
[288.377s][debug][gc,phases      ] GC(111)     Total                          Min: 10560, Avg: 11965.0, Max: 14208, Diff: 3648, Sum: 47860, Workers: 4
[288.377s][debug][gc,phases      ] GC(111)   ResolvedMethodTable Weak       Min:  0.0, Avg:  0.0, Max:  0.0, Diff:  0.0, Sum:  0.1, Workers: 4
[288.377s][debug][gc,phases      ] GC(111)     Dead                           Min: 0, Avg:  0.0, Max: 0, Diff: 0, Sum: 0, Workers: 4
[288.377s][debug][gc,phases      ] GC(111)     Total                          Min: 1830, Avg: 2013.2, Max: 2227, Diff: 397, Sum: 8053, Workers: 4
[288.377s][debug][gc,phases      ] GC(111)   JNI Weak                       Min:  0.0, Avg:  0.0, Max:  0.0, Diff:  0.0, Sum:  0.0, Workers: 4
[288.377s][debug][gc,phases      ] GC(111)     Dead                           Min: 0, Avg:  0.0, Max: 0, Diff: 0, Sum: 0, Workers: 4
[288.377s][debug][gc,phases      ] GC(111)     Total                          Min: 0, Avg:  0.0, Max: 0, Diff: 0, Sum: 0, Workers: 4
[288.377s][debug][gc,phases      ] GC(111)   StringDedup Table Weak         Min:  0.0, Avg:  0.0, Max:  0.0, Diff:  0.0, Sum:  0.0, Workers: 4
[288.377s][debug][gc,phases      ] GC(111)     Dead                           Min: 0, Avg:  0.0, Max: 0, Diff: 0, Sum: 0, Workers: 4
[288.377s][debug][gc,phases      ] GC(111)     Total                          Min: 0, Avg:  0.0, Max: 0, Diff: 0, Sum: 0, Workers: 4
[288.377s][debug][gc,phases      ] GC(111)   StringDedup Requests0 Weak     Min:  0.0, Avg:  0.0, Max:  0.0, Diff:  0.0, Sum:  0.0, Workers: 4
[288.377s][debug][gc,phases      ] GC(111)     Dead                           Min: 0, Avg:  0.0, Max: 0, Diff: 0, Sum: 0, Workers: 4
[288.377s][debug][gc,phases      ] GC(111)     Total                          Min: 0, Avg:  0.0, Max: 0, Diff: 0, Sum: 0, Workers: 4
[288.377s][debug][gc,phases      ] GC(111)   StringDedup Requests1 Weak     Min:  0.0, Avg:  0.0, Max:  0.0, Diff:  0.0, Sum:  0.0, Workers: 4
[288.377s][debug][gc,phases      ] GC(111)     Dead                           Min: 0, Avg:  0.0, Max: 0, Diff: 0, Sum: 0, Workers: 4
[288.377s][debug][gc,phases      ] GC(111)     Total                          Min: 0, Avg:  0.0, Max: 0, Diff: 0, Sum: 0, Workers: 4
[288.377s][debug][gc,phases      ] GC(111)   Weak JFR Old Object Samples    Min:  0.0, Avg:  0.0, Max:  0.0, Diff:  0.0, Sum:  0.0, Workers: 4
[288.377s][debug][gc,phases      ] GC(111)     Dead                           Min: 0, Avg:  0.0, Max: 0, Diff: 0, Sum: 0, Workers: 4
[288.377s][debug][gc,phases      ] GC(111)     Total                          Min: 0, Avg:  0.0, Max: 0, Diff: 0, Sum: 0, Workers: 4
[288.377s][debug][gc,phases      ] GC(111) Weak Processing 0.336ms
[288.377s][debug][gc,age         ] GC(111) Desired survivor size 64487424 bytes, new threshold 15 (max threshold 15)
[288.378s][info ][gc,heap        ] GC(111) PSYoungGen: 2014404K(2014720K)->36179K(2032640K) Eden: 1978368K(1978368K)->0K(1971200K) From: 36036K(36352K)->36179K(61440K)
[288.378s][info ][gc,heap        ] GC(111) ParOldGen: 370373K(456704K)->370693K(456704K)
[288.378s][info ][gc,metaspace   ] GC(111) Metaspace: 82559K(83392K)->82559K(83392K) NonClass: 70954K(71424K)->70954K(71424K) Class: 11605K(11968K)->11605K(11968K)
[288.378s][info ][gc             ] GC(111) Pause Young (Allocation Failure) 2328M->397M(2431M) 10.735ms
[288.378s][info ][gc,cpu         ] GC(111) User=0.04s Sys=0.00s Real=0.01s
[288.378s][info ][safepoint      ] Safepoint "ParallelGCFailedAllocation", Time since last: 275000311 ns, Reaching safepoint: 31600 ns, At safepoint: 10806933 ns, Total: 10838533 ns
[290.378s][info ][safepoint      ] Safepoint "Cleanup", Time since last: 2000116674 ns, Reaching safepoint: 56601 ns, At safepoint: 9000 ns, Total: 65601 ns
[292.378s][info ][safepoint      ] Safepoint "Cleanup", Time since last: 2000189552 ns, Reaching safepoint: 54702 ns, At safepoint: 3900 ns, Total: 58602 ns
[293.378s][info ][safepoint      ] Safepoint "Cleanup", Time since last: 1000120067 ns, Reaching safepoint: 51202 ns, At safepoint: 6100 ns, Total: 57302 ns
[300.379s][info ][safepoint      ] Safepoint "Cleanup", Time since last: 7000431900 ns, Reaching safepoint: 47701 ns, At safepoint: 2700 ns, Total: 50401 ns
[301.379s][info ][safepoint      ] Safepoint "Cleanup", Time since last: 1000115221 ns, Reaching safepoint: 62401 ns, At safepoint: 7501 ns, Total: 69902 ns
[303.379s][info ][safepoint      ] Safepoint "Cleanup", Time since last: 2000181922 ns, Reaching safepoint: 62302 ns, At safepoint: 11500 ns, Total: 73802 ns
[307.379s][info ][safepoint      ] Safepoint "Cleanup", Time since last: 4000274575 ns, Reaching safepoint: 52301 ns, At safepoint: 3300 ns, Total: 55601 ns
[309.380s][info ][safepoint      ] Safepoint "Cleanup", Time since last: 2000173953 ns, Reaching safepoint: 62802 ns, At safepoint: 4700 ns, Total: 67502 ns
[312.380s][info ][safepoint      ] Safepoint "Cleanup", Time since last: 3000258787 ns, Reaching safepoint: 48901 ns, At safepoint: 2901 ns, Total: 51802 ns
[313.380s][info ][safepoint      ] Safepoint "Cleanup", Time since last: 1000112451 ns, Reaching safepoint: 62802 ns, At safepoint: 8400 ns, Total: 71202 ns
[315.380s][info ][safepoint      ] Safepoint "Cleanup", Time since last: 2000182485 ns, Reaching safepoint: 70302 ns, At safepoint: 8100 ns, Total: 78402 ns
[316.381s][info ][safepoint      ] Safepoint "Cleanup", Time since last: 1000116835 ns, Reaching safepoint: 57401 ns, At safepoint: 4200 ns, Total: 61601 ns
[318.219s][info ][safepoint      ] Safepoint "Cleanup", Time since last: 1838457604 ns, Reaching safepoint: 122402 ns, At safepoint: 8800 ns, Total: 131202 ns
[319.219s][info ][safepoint      ] Safepoint "Cleanup", Time since last: 1000106319 ns, Reaching safepoint: 57701 ns, At safepoint: 3300 ns, Total: 61001 ns
[320.220s][info ][safepoint      ] Safepoint "Cleanup", Time since last: 1000113013 ns, Reaching safepoint: 40701 ns, At safepoint: 2700 ns, Total: 43401 ns
[321.220s][info ][safepoint      ] Safepoint "Cleanup", Time since last: 1000116308 ns, Reaching safepoint: 43501 ns, At safepoint: 5400 ns, Total: 48901 ns
[322.220s][info ][safepoint      ] Safepoint "Cleanup", Time since last: 1000086201 ns, Reaching safepoint: 42001 ns, At safepoint: 2600 ns, Total: 44601 ns
[323.220s][info ][safepoint      ] Safepoint "Cleanup", Time since last: 1000106996 ns, Reaching safepoint: 52802 ns, At safepoint: 7300 ns, Total: 60102 ns
[324.220s][info ][safepoint      ] Safepoint "Cleanup", Time since last: 1000113590 ns, Reaching safepoint: 46601 ns, At safepoint: 3701 ns, Total: 50302 ns
[325.220s][info ][safepoint      ] Safepoint "Cleanup", Time since last: 1000110285 ns, Reaching safepoint: 50601 ns, At safepoint: 8900 ns, Total: 59501 ns
[331.221s][info ][safepoint      ] Safepoint "Cleanup", Time since last: 6000424390 ns, Reaching safepoint: 49601 ns, At safepoint: 2900 ns, Total: 52501 ns
[332.221s][info ][safepoint      ] Safepoint "Cleanup", Time since last: 1000128147 ns, Reaching safepoint: 120602 ns, At safepoint: 12301 ns, Total: 132903 ns
[333.221s][info ][safepoint      ] Safepoint "Cleanup", Time since last: 1000106641 ns, Reaching safepoint: 46701 ns, At safepoint: 4100 ns, Total: 50801 ns
[334.364s][info ][safepoint      ] Safepoint "Cleanup", Time since last: 1142555259 ns, Reaching safepoint: 106503 ns, At safepoint: 15000 ns, Total: 121503 ns
[335.364s][info ][safepoint      ] Safepoint "Cleanup", Time since last: 1000120330 ns, Reaching safepoint: 116402 ns, At safepoint: 13400 ns, Total: 129802 ns
[336.364s][info ][safepoint      ] Safepoint "Cleanup", Time since last: 1000094024 ns, Reaching safepoint: 123703 ns, At safepoint: 12500 ns, Total: 136203 ns
[337.365s][info ][safepoint      ] Safepoint "Cleanup", Time since last: 1000115419 ns, Reaching safepoint: 113902 ns, At safepoint: 6800 ns, Total: 120702 ns
[338.365s][info ][safepoint      ] Safepoint "Cleanup", Time since last: 1000108513 ns, Reaching safepoint: 123203 ns, At safepoint: 6200 ns, Total: 129403 ns
[339.365s][info ][safepoint      ] Safepoint "Cleanup", Time since last: 1000107708 ns, Reaching safepoint: 115502 ns, At safepoint: 5600 ns, Total: 121102 ns
[340.365s][info ][safepoint      ] Safepoint "Cleanup", Time since last: 1000114003 ns, Reaching safepoint: 118302 ns, At safepoint: 7800 ns, Total: 126102 ns
[341.366s][info ][safepoint      ] Safepoint "Cleanup", Time since last: 1000117597 ns, Reaching safepoint: 119703 ns, At safepoint: 6000 ns, Total: 125703 ns
[346.366s][info ][safepoint      ] Safepoint "Cleanup", Time since last: 5000415001 ns, Reaching safepoint: 127603 ns, At safepoint: 5500 ns, Total: 133103 ns
[348.366s][info ][safepoint      ] Safepoint "Cleanup", Time since last: 2000188924 ns, Reaching safepoint: 122203 ns, At safepoint: 5700 ns, Total: 127903 ns
[354.367s][info ][safepoint      ] Safepoint "Cleanup", Time since last: 6000451542 ns, Reaching safepoint: 129602 ns, At safepoint: 5600 ns, Total: 135202 ns
[356.367s][info ][safepoint      ] Safepoint "Cleanup", Time since last: 2000175640 ns, Reaching safepoint: 120102 ns, At safepoint: 5400 ns, Total: 125502 ns
[359.368s][info ][safepoint      ] Safepoint "Cleanup", Time since last: 3000202118 ns, Reaching safepoint: 133503 ns, At safepoint: 31301 ns, Total: 164804 ns
[360.367s][info ][gc,start       ] GC(112) Pause Young (Allocation Failure)
[360.378s][debug][gc,phases      ] GC(112) Scavenge 10.446ms
[360.378s][debug][gc,ref         ] GC(112) Skipped phase 1 of Reference Processing: no references
[360.378s][debug][gc,ref         ] GC(112) ReferenceProcessor::execute queues: 1, RefProcThreadModel::Single, marks_oops_alive: false
[360.378s][debug][gc,ref         ] GC(112) Skipped phase 3 of Reference Processing: no references
[360.378s][debug][gc,ref         ] GC(112) ReferenceProcessor::execute queues: 1, RefProcThreadModel::Single, marks_oops_alive: false
[360.378s][debug][gc,phases      ] GC(112) Reference Processing 0.165ms
[360.378s][debug][gc,phases      ] GC(112)   VM Weak                        Min:  0.0, Avg:  0.0, Max:  0.0, Diff:  0.0, Sum:  0.0, Workers: 4
[360.378s][debug][gc,phases      ] GC(112)     Dead                           Min: 0, Avg:  0.0, Max: 0, Diff: 0, Sum: 0, Workers: 4
[360.378s][debug][gc,phases      ] GC(112)     Total                          Min: 0, Avg: 167.8, Max: 512, Diff: 512, Sum: 671, Workers: 4
[360.378s][debug][gc,phases      ] GC(112)   ObjectSynchronizer Weak        Min:  0.0, Avg:  0.0, Max:  0.0, Diff:  0.0, Sum:  0.0, Workers: 4
[360.378s][debug][gc,phases      ] GC(112)     Dead                           Min: 0, Avg:  0.0, Max: 0, Diff: 0, Sum: 0, Workers: 4
[360.378s][debug][gc,phases      ] GC(112)     Total                          Min: 0, Avg: 109.8, Max: 192, Diff: 192, Sum: 439, Workers: 4
[360.378s][debug][gc,phases      ] GC(112)   JVMTI Tag Weak OopStorage      Min:  0.0, Avg:  0.0, Max:  0.0, Diff:  0.0, Sum:  0.0, Workers: 4
[360.378s][debug][gc,phases      ] GC(112)     Dead                           Min: 0, Avg:  0.0, Max: 0, Diff: 0, Sum: 0, Workers: 4
[360.378s][debug][gc,phases      ] GC(112)     Total                          Min: 0, Avg:  0.0, Max: 0, Diff: 0, Sum: 0, Workers: 4
[360.378s][debug][gc,phases      ] GC(112)   StringTable Weak               Min:  0.1, Avg:  0.1, Max:  0.1, Diff:  0.0, Sum:  0.5, Workers: 4
[360.378s][debug][gc,phases      ] GC(112)     Dead                           Min: 0, Avg:  0.0, Max: 0, Diff: 0, Sum: 0, Workers: 4
[360.378s][debug][gc,phases      ] GC(112)     Total                          Min: 10880, Avg: 11980.8, Max: 13568, Diff: 2688, Sum: 47923, Workers: 4
[360.378s][debug][gc,phases      ] GC(112)   ResolvedMethodTable Weak       Min:  0.0, Avg:  0.0, Max:  0.0, Diff:  0.0, Sum:  0.1, Workers: 4
[360.378s][debug][gc,phases      ] GC(112)     Dead                           Min: 0, Avg:  0.2, Max: 1, Diff: 1, Sum: 1, Workers: 4
[360.378s][debug][gc,phases      ] GC(112)     Total                          Min: 1882, Avg: 2014.8, Max: 2300, Diff: 418, Sum: 8059, Workers: 4
[360.378s][debug][gc,phases      ] GC(112)   JNI Weak                       Min:  0.0, Avg:  0.0, Max:  0.0, Diff:  0.0, Sum:  0.0, Workers: 4
[360.378s][debug][gc,phases      ] GC(112)     Dead                           Min: 0, Avg:  0.0, Max: 0, Diff: 0, Sum: 0, Workers: 4
[360.378s][debug][gc,phases      ] GC(112)     Total                          Min: 0, Avg:  0.0, Max: 0, Diff: 0, Sum: 0, Workers: 4
[360.378s][debug][gc,phases      ] GC(112)   StringDedup Table Weak         Min:  0.0, Avg:  0.0, Max:  0.0, Diff:  0.0, Sum:  0.0, Workers: 4
[360.378s][debug][gc,phases      ] GC(112)     Dead                           Min: 0, Avg:  0.0, Max: 0, Diff: 0, Sum: 0, Workers: 4
[360.378s][debug][gc,phases      ] GC(112)     Total                          Min: 0, Avg:  0.0, Max: 0, Diff: 0, Sum: 0, Workers: 4
[360.378s][debug][gc,phases      ] GC(112)   StringDedup Requests0 Weak     Min:  0.0, Avg:  0.0, Max:  0.0, Diff:  0.0, Sum:  0.0, Workers: 4
[360.378s][debug][gc,phases      ] GC(112)     Dead                           Min: 0, Avg:  0.0, Max: 0, Diff: 0, Sum: 0, Workers: 4
[360.378s][debug][gc,phases      ] GC(112)     Total                          Min: 0, Avg:  0.0, Max: 0, Diff: 0, Sum: 0, Workers: 4
[360.378s][debug][gc,phases      ] GC(112)   StringDedup Requests1 Weak     Min:  0.0, Avg:  0.0, Max:  0.0, Diff:  0.0, Sum:  0.0, Workers: 4
[360.378s][debug][gc,phases      ] GC(112)     Dead                           Min: 0, Avg:  0.0, Max: 0, Diff: 0, Sum: 0, Workers: 4
[360.378s][debug][gc,phases      ] GC(112)     Total                          Min: 0, Avg:  0.0, Max: 0, Diff: 0, Sum: 0, Workers: 4
[360.378s][debug][gc,phases      ] GC(112)   Weak JFR Old Object Samples    Min:  0.0, Avg:  0.0, Max:  0.0, Diff:  0.0, Sum:  0.0, Workers: 4
[360.378s][debug][gc,phases      ] GC(112)     Dead                           Min: 0, Avg:  0.0, Max: 0, Diff: 0, Sum: 0, Workers: 4
[360.378s][debug][gc,phases      ] GC(112)     Total                          Min: 0, Avg:  0.0, Max: 0, Diff: 0, Sum: 0, Workers: 4
[360.378s][debug][gc,phases      ] GC(112) Weak Processing 0.365ms
[360.378s][debug][gc,age         ] GC(112) Desired survivor size 65011712 bytes, new threshold 15 (max threshold 15)
[360.378s][info ][gc,heap        ] GC(112) PSYoungGen: 2007379K(2032640K)->35733K(2007040K) Eden: 1971200K(1971200K)->0K(1971200K) From: 36179K(61440K)->35733K(35840K)
[360.378s][info ][gc,heap        ] GC(112) ParOldGen: 370693K(456704K)->371197K(456704K)
[360.378s][info ][gc,metaspace   ] GC(112) Metaspace: 82634K(83520K)->82634K(83520K) NonClass: 71026K(71488K)->71026K(71488K) Class: 11608K(12032K)->11608K(12032K)
[360.378s][info ][gc             ] GC(112) Pause Young (Allocation Failure) 2322M->397M(2406M) 11.110ms
[360.378s][info ][gc,cpu         ] GC(112) User=0.04s Sys=0.00s Real=0.01s
[360.378s][info ][safepoint      ] Safepoint "ParallelGCFailedAllocation", Time since last: 999465683 ns, Reaching safepoint: 47801 ns, At safepoint: 11191236 ns, Total: 11239037 ns
[363.379s][info ][safepoint      ] Safepoint "Cleanup", Time since last: 3000224656 ns, Reaching safepoint: 58602 ns, At safepoint: 3100 ns, Total: 61702 ns
[365.379s][info ][safepoint      ] Safepoint "Cleanup", Time since last: 2000167745 ns, Reaching safepoint: 120403 ns, At safepoint: 6600 ns, Total: 127003 ns
[366.379s][info ][safepoint      ] Safepoint "Cleanup", Time since last: 1000110366 ns, Reaching safepoint: 58701 ns, At safepoint: 18100 ns, Total: 76801 ns
[367.379s][info ][safepoint      ] Safepoint "Cleanup", Time since last: 1000119161 ns, Reaching safepoint: 61001 ns, At safepoint: 7600 ns, Total: 68601 ns
[370.380s][info ][safepoint      ] Safepoint "Cleanup", Time since last: 3000259450 ns, Reaching safepoint: 50501 ns, At safepoint: 2600 ns, Total: 53101 ns
[371.380s][info ][safepoint      ] Safepoint "Cleanup", Time since last: 1000110340 ns, Reaching safepoint: 57401 ns, At safepoint: 3701 ns, Total: 61102 ns
[373.380s][info ][safepoint      ] Safepoint "Cleanup", Time since last: 2000175864 ns, Reaching safepoint: 55901 ns, At safepoint: 5200 ns, Total: 61101 ns
[374.380s][info ][safepoint      ] Safepoint "Cleanup", Time since last: 1000119625 ns, Reaching safepoint: 61701 ns, At safepoint: 5001 ns, Total: 66702 ns
[376.380s][info ][safepoint      ] Safepoint "Cleanup", Time since last: 2000180534 ns, Reaching safepoint: 53301 ns, At safepoint: 2800 ns, Total: 56101 ns
[380.381s][info ][safepoint      ] Safepoint "Cleanup", Time since last: 4000312607 ns, Reaching safepoint: 54301 ns, At safepoint: 2700 ns, Total: 57001 ns
[385.381s][info ][safepoint      ] Safepoint "Cleanup", Time since last: 5000334695 ns, Reaching safepoint: 64902 ns, At safepoint: 3900 ns, Total: 68802 ns
[386.381s][info ][safepoint      ] Safepoint "Cleanup", Time since last: 1000122065 ns, Reaching safepoint: 50301 ns, At safepoint: 3200 ns, Total: 53501 ns
[387.382s][info ][safepoint      ] Safepoint "Cleanup", Time since last: 1000120361 ns, Reaching safepoint: 48801 ns, At safepoint: 3300 ns, Total: 52101 ns
[388.382s][info ][safepoint      ] Safepoint "Cleanup", Time since last: 1000119055 ns, Reaching safepoint: 60902 ns, At safepoint: 32000 ns, Total: 92902 ns
[389.382s][info ][safepoint      ] Safepoint "Cleanup", Time since last: 1000095950 ns, Reaching safepoint: 49402 ns, At safepoint: 2700 ns, Total: 52102 ns
[390.382s][info ][safepoint      ] Safepoint "Cleanup", Time since last: 1000114045 ns, Reaching safepoint: 62802 ns, At safepoint: 5300 ns, Total: 68102 ns
[391.382s][info ][safepoint      ] Safepoint "Cleanup", Time since last: 1000098140 ns, Reaching safepoint: 50101 ns, At safepoint: 5700 ns, Total: 55801 ns
[396.383s][info ][safepoint      ] Safepoint "Cleanup", Time since last: 5000369427 ns, Reaching safepoint: 51501 ns, At safepoint: 3500 ns, Total: 55001 ns
[402.383s][info ][safepoint      ] Safepoint "Cleanup", Time since last: 6000431293 ns, Reaching safepoint: 52101 ns, At safepoint: 2900 ns, Total: 55001 ns
[403.383s][info ][safepoint      ] Safepoint "Cleanup", Time since last: 1000088082 ns, Reaching safepoint: 70602 ns, At safepoint: 9100 ns, Total: 79702 ns
[404.384s][info ][safepoint      ] Safepoint "Cleanup", Time since last: 1000123878 ns, Reaching safepoint: 74902 ns, At safepoint: 6000 ns, Total: 80902 ns
[405.384s][info ][safepoint      ] Safepoint "Cleanup", Time since last: 1000116974 ns, Reaching safepoint: 44500 ns, At safepoint: 2801 ns, Total: 47301 ns
[406.384s][info ][safepoint      ] Safepoint "Cleanup", Time since last: 1000083468 ns, Reaching safepoint: 53001 ns, At safepoint: 3700 ns, Total: 56701 ns
[408.384s][info ][safepoint      ] Safepoint "Cleanup", Time since last: 2000183522 ns, Reaching safepoint: 52901 ns, At safepoint: 3900 ns, Total: 56801 ns
[409.384s][info ][safepoint      ] Safepoint "Cleanup", Time since last: 1000116655 ns, Reaching safepoint: 59601 ns, At safepoint: 6900 ns, Total: 66501 ns
[410.384s][info ][safepoint      ] Safepoint "Cleanup", Time since last: 1000124250 ns, Reaching safepoint: 67402 ns, At safepoint: 7500 ns, Total: 74902 ns
[411.385s][info ][safepoint      ] Safepoint "Cleanup", Time since last: 1000110545 ns, Reaching safepoint: 63701 ns, At safepoint: 5400 ns, Total: 69101 ns
[414.385s][info ][safepoint      ] Safepoint "Cleanup", Time since last: 3000230305 ns, Reaching safepoint: 51101 ns, At safepoint: 6900 ns, Total: 58001 ns
[415.385s][info ][safepoint      ] Safepoint "Cleanup", Time since last: 1000116327 ns, Reaching safepoint: 57301 ns, At safepoint: 2700 ns, Total: 60001 ns
[419.386s][info ][safepoint      ] Safepoint "Cleanup", Time since last: 4000306456 ns, Reaching safepoint: 55901 ns, At safepoint: 40301 ns, Total: 96202 ns
[422.386s][info ][safepoint      ] Safepoint "Cleanup", Time since last: 3000234894 ns, Reaching safepoint: 43201 ns, At safepoint: 5000 ns, Total: 48201 ns
[423.386s][info ][safepoint      ] Safepoint "Cleanup", Time since last: 1000103089 ns, Reaching safepoint: 59801 ns, At safepoint: 2800 ns, Total: 62601 ns
[426.386s][info ][safepoint      ] Safepoint "Cleanup", Time since last: 3000241439 ns, Reaching safepoint: 53201 ns, At safepoint: 4501 ns, Total: 57702 ns
[431.387s][info ][safepoint      ] Safepoint "Cleanup", Time since last: 5000321105 ns, Reaching safepoint: 53501 ns, At safepoint: 2300 ns, Total: 55801 ns
[433.018s][info ][gc,start       ] GC(113) Pause Young (Allocation Failure)
[433.029s][debug][gc,phases      ] GC(113) Scavenge 10.095ms
[433.029s][debug][gc,ref         ] GC(113) Skipped phase 1 of Reference Processing: no references
[433.029s][debug][gc,ref         ] GC(113) ReferenceProcessor::execute queues: 1, RefProcThreadModel::Single, marks_oops_alive: false
[433.029s][debug][gc,ref         ] GC(113) Skipped phase 3 of Reference Processing: no references
[433.029s][debug][gc,ref         ] GC(113) ReferenceProcessor::execute queues: 1, RefProcThreadModel::Single, marks_oops_alive: false
[433.029s][debug][gc,phases      ] GC(113) Reference Processing 0.140ms
[433.029s][debug][gc,phases      ] GC(113)   VM Weak                        Min:  0.0, Avg:  0.0, Max:  0.0, Diff:  0.0, Sum:  0.0, Workers: 4
[433.029s][debug][gc,phases      ] GC(113)     Dead                           Min: 0, Avg:  0.0, Max: 0, Diff: 0, Sum: 0, Workers: 4
[433.029s][debug][gc,phases      ] GC(113)     Total                          Min: 0, Avg: 168.8, Max: 675, Diff: 675, Sum: 675, Workers: 4
[433.029s][debug][gc,phases      ] GC(113)   ObjectSynchronizer Weak        Min:  0.0, Avg:  0.0, Max:  0.0, Diff:  0.0, Sum:  0.0, Workers: 4
[433.029s][debug][gc,phases      ] GC(113)     Dead                           Min: 0, Avg:  0.0, Max: 0, Diff: 0, Sum: 0, Workers: 4
[433.029s][debug][gc,phases      ] GC(113)     Total                          Min: 0, Avg: 109.8, Max: 375, Diff: 375, Sum: 439, Workers: 4
[433.029s][debug][gc,phases      ] GC(113)   JVMTI Tag Weak OopStorage      Min:  0.0, Avg:  0.0, Max:  0.0, Diff:  0.0, Sum:  0.0, Workers: 4
[433.029s][debug][gc,phases      ] GC(113)     Dead                           Min: 0, Avg:  0.0, Max: 0, Diff: 0, Sum: 0, Workers: 4
[433.029s][debug][gc,phases      ] GC(113)     Total                          Min: 0, Avg:  0.0, Max: 0, Diff: 0, Sum: 0, Workers: 4
[433.029s][debug][gc,phases      ] GC(113)   StringTable Weak               Min:  0.1, Avg:  0.1, Max:  0.1, Diff:  0.0, Sum:  0.5, Workers: 4
[433.029s][debug][gc,phases      ] GC(113)     Dead                           Min: 0, Avg:  0.0, Max: 0, Diff: 0, Sum: 0, Workers: 4
[433.029s][debug][gc,phases      ] GC(113)     Total                          Min: 10135, Avg: 11989.8, Max: 14784, Diff: 4649, Sum: 47959, Workers: 4
[433.029s][debug][gc,phases      ] GC(113)   ResolvedMethodTable Weak       Min:  0.0, Avg:  0.0, Max:  0.0, Diff:  0.0, Sum:  0.1, Workers: 4
[433.029s][debug][gc,phases      ] GC(113)     Dead                           Min: 0, Avg:  0.0, Max: 0, Diff: 0, Sum: 0, Workers: 4
[433.029s][debug][gc,phases      ] GC(113)     Total                          Min: 1582, Avg: 2017.8, Max: 2414, Diff: 832, Sum: 8071, Workers: 4
[433.029s][debug][gc,phases      ] GC(113)   JNI Weak                       Min:  0.0, Avg:  0.0, Max:  0.0, Diff:  0.0, Sum:  0.0, Workers: 4
[433.029s][debug][gc,phases      ] GC(113)     Dead                           Min: 0, Avg:  0.0, Max: 0, Diff: 0, Sum: 0, Workers: 4
[433.029s][debug][gc,phases      ] GC(113)     Total                          Min: 0, Avg:  0.0, Max: 0, Diff: 0, Sum: 0, Workers: 4
[433.029s][debug][gc,phases      ] GC(113)   StringDedup Table Weak         Min:  0.0, Avg:  0.0, Max:  0.0, Diff:  0.0, Sum:  0.0, Workers: 4
[433.029s][debug][gc,phases      ] GC(113)     Dead                           Min: 0, Avg:  0.0, Max: 0, Diff: 0, Sum: 0, Workers: 4
[433.029s][debug][gc,phases      ] GC(113)     Total                          Min: 0, Avg:  0.0, Max: 0, Diff: 0, Sum: 0, Workers: 4
[433.029s][debug][gc,phases      ] GC(113)   StringDedup Requests0 Weak     Min:  0.0, Avg:  0.0, Max:  0.0, Diff:  0.0, Sum:  0.0, Workers: 4
[433.029s][debug][gc,phases      ] GC(113)     Dead                           Min: 0, Avg:  0.0, Max: 0, Diff: 0, Sum: 0, Workers: 4
[433.029s][debug][gc,phases      ] GC(113)     Total                          Min: 0, Avg:  0.0, Max: 0, Diff: 0, Sum: 0, Workers: 4
[433.029s][debug][gc,phases      ] GC(113)   StringDedup Requests1 Weak     Min:  0.0, Avg:  0.0, Max:  0.0, Diff:  0.0, Sum:  0.0, Workers: 4
[433.029s][debug][gc,phases      ] GC(113)     Dead                           Min: 0, Avg:  0.0, Max: 0, Diff: 0, Sum: 0, Workers: 4
[433.029s][debug][gc,phases      ] GC(113)     Total                          Min: 0, Avg:  0.0, Max: 0, Diff: 0, Sum: 0, Workers: 4
[433.029s][debug][gc,phases      ] GC(113)   Weak JFR Old Object Samples    Min:  0.0, Avg:  0.0, Max:  0.0, Diff:  0.0, Sum:  0.0, Workers: 4
[433.029s][debug][gc,phases      ] GC(113)     Dead                           Min: 0, Avg:  0.0, Max: 0, Diff: 0, Sum: 0, Workers: 4
[433.029s][debug][gc,phases      ] GC(113)     Total                          Min: 0, Avg:  0.0, Max: 0, Diff: 0, Sum: 0, Workers: 4
[433.029s][debug][gc,phases      ] GC(113) Weak Processing 0.351ms
[433.029s][debug][gc,age         ] GC(113) Desired survivor size 65011712 bytes, new threshold 15 (max threshold 15)
[433.029s][info ][gc,heap        ] GC(113) PSYoungGen: 2006933K(2007040K)->35140K(2033664K) Eden: 1971200K(1971200K)->0K(1970176K) From: 35733K(35840K)->35140K(63488K)
[433.029s][info ][gc,heap        ] GC(113) ParOldGen: 371197K(456704K)->371909K(456704K)
[433.029s][info ][gc,metaspace   ] GC(113) Metaspace: 82677K(83584K)->82677K(83584K) NonClass: 71065K(71552K)->71065K(71552K) Class: 11611K(12032K)->11611K(12032K)
[433.029s][info ][gc             ] GC(113) Pause Young (Allocation Failure) 2322M->397M(2432M) 10.722ms
[433.029s][info ][gc,cpu         ] GC(113) User=0.03s Sys=0.01s Real=0.01s
[433.029s][info ][safepoint      ] Safepoint "ParallelGCFailedAllocation", Time since last: 1631594347 ns, Reaching safepoint: 112403 ns, At safepoint: 10812224 ns, Total: 10924627 ns
[437.030s][info ][safepoint      ] Safepoint "Cleanup", Time since last: 4000293835 ns, Reaching safepoint: 51301 ns, At safepoint: 2400 ns, Total: 53701 ns
[440.030s][info ][safepoint      ] Safepoint "Cleanup", Time since last: 3000252955 ns, Reaching safepoint: 46301 ns, At safepoint: 4300 ns, Total: 50601 ns
[441.030s][info ][safepoint      ] Safepoint "Cleanup", Time since last: 1000110210 ns, Reaching safepoint: 49601 ns, At safepoint: 3000 ns, Total: 52601 ns
[442.030s][info ][safepoint      ] Safepoint "Cleanup", Time since last: 1000117505 ns, Reaching safepoint: 53702 ns, At safepoint: 7300 ns, Total: 61002 ns
[444.030s][info ][safepoint      ] Safepoint "Cleanup", Time since last: 2000187797 ns, Reaching safepoint: 48801 ns, At safepoint: 2900 ns, Total: 51701 ns
[446.031s][info ][safepoint      ] Safepoint "Cleanup", Time since last: 2000178179 ns, Reaching safepoint: 56801 ns, At safepoint: 4700 ns, Total: 61501 ns
[447.031s][info ][safepoint      ] Safepoint "Cleanup", Time since last: 1000119984 ns, Reaching safepoint: 57101 ns, At safepoint: 11401 ns, Total: 68502 ns
[451.031s][info ][safepoint      ] Safepoint "Cleanup", Time since last: 4000318088 ns, Reaching safepoint: 47201 ns, At safepoint: 7800 ns, Total: 55001 ns
[458.032s][info ][safepoint      ] Safepoint "Cleanup", Time since last: 7000526837 ns, Reaching safepoint: 72201 ns, At safepoint: 5900 ns, Total: 78101 ns
[462.032s][info ][safepoint      ] Safepoint "Cleanup", Time since last: 4000312099 ns, Reaching safepoint: 60501 ns, At safepoint: 3800 ns, Total: 64301 ns
[463.469s][info ][safepoint      ] Safepoint "Cleanup", Time since last: 1436343805 ns, Reaching safepoint: 70602 ns, At safepoint: 11400 ns, Total: 82002 ns
[465.469s][info ][safepoint      ] Safepoint "Cleanup", Time since last: 2000170512 ns, Reaching safepoint: 40601 ns, At safepoint: 2000 ns, Total: 42601 ns
[467.469s][info ][safepoint      ] Safepoint "Cleanup", Time since last: 2000177995 ns, Reaching safepoint: 48801 ns, At safepoint: 7700 ns, Total: 56501 ns
[469.469s][info ][safepoint      ] Safepoint "Cleanup", Time since last: 2000171078 ns, Reaching safepoint: 48401 ns, At safepoint: 2300 ns, Total: 50701 ns
[476.470s][info ][safepoint      ] Safepoint "Cleanup", Time since last: 7000465590 ns, Reaching safepoint: 40301 ns, At safepoint: 2200 ns, Total: 42501 ns
[478.470s][info ][safepoint      ] Safepoint "Cleanup", Time since last: 2000174403 ns, Reaching safepoint: 49701 ns, At safepoint: 3600 ns, Total: 53301 ns
[479.470s][info ][safepoint      ] Safepoint "Cleanup", Time since last: 1000119247 ns, Reaching safepoint: 50601 ns, At safepoint: 5100 ns, Total: 55701 ns
[480.471s][info ][safepoint      ] Safepoint "Cleanup", Time since last: 1000106542 ns, Reaching safepoint: 242205 ns, At safepoint: 7900 ns, Total: 250105 ns
[481.471s][info ][safepoint      ] Safepoint "Cleanup", Time since last: 1000112638 ns, Reaching safepoint: 61101 ns, At safepoint: 10200 ns, Total: 71301 ns
[482.471s][info ][safepoint      ] Safepoint "Cleanup", Time since last: 1000114934 ns, Reaching safepoint: 44801 ns, At safepoint: 2800 ns, Total: 47601 ns
[483.471s][info ][safepoint      ] Safepoint "Cleanup", Time since last: 1000089929 ns, Reaching safepoint: 43601 ns, At safepoint: 2200 ns, Total: 45801 ns
[484.471s][info ][safepoint      ] Safepoint "Cleanup", Time since last: 1000116526 ns, Reaching safepoint: 47401 ns, At safepoint: 3600 ns, Total: 51001 ns
[485.471s][info ][safepoint      ] Safepoint "Cleanup", Time since last: 1000111622 ns, Reaching safepoint: 48901 ns, At safepoint: 2200 ns, Total: 51101 ns
[486.472s][info ][safepoint      ] Safepoint "Cleanup", Time since last: 1000111517 ns, Reaching safepoint: 46001 ns, At safepoint: 2500 ns, Total: 48501 ns
[487.472s][info ][safepoint      ] Safepoint "Cleanup", Time since last: 1000110814 ns, Reaching safepoint: 49701 ns, At safepoint: 2200 ns, Total: 51901 ns
[488.472s][info ][safepoint      ] Safepoint "Cleanup", Time since last: 1000107309 ns, Reaching safepoint: 49601 ns, At safepoint: 2400 ns, Total: 52001 ns
[489.472s][info ][safepoint      ] Safepoint "Cleanup", Time since last: 1000111905 ns, Reaching safepoint: 43101 ns, At safepoint: 2700 ns, Total: 45801 ns
[490.472s][info ][safepoint      ] Safepoint "Cleanup", Time since last: 1000116102 ns, Reaching safepoint: 43601 ns, At safepoint: 2500 ns, Total: 46101 ns
[495.473s][info ][safepoint      ] Safepoint "Cleanup", Time since last: 5000321842 ns, Reaching safepoint: 40601 ns, At safepoint: 2600 ns, Total: 43201 ns
[496.473s][info ][safepoint      ] Safepoint "Cleanup", Time since last: 1000117877 ns, Reaching safepoint: 45701 ns, At safepoint: 2900 ns, Total: 48601 ns
[498.473s][info ][safepoint      ] Safepoint "Cleanup", Time since last: 2000180443 ns, Reaching safepoint: 55801 ns, At safepoint: 6600 ns, Total: 62401 ns
[499.473s][info ][safepoint      ] Safepoint "Cleanup", Time since last: 1000127566 ns, Reaching safepoint: 67401 ns, At safepoint: 7000 ns, Total: 74401 ns
[503.474s][info ][safepoint      ] Safepoint "Cleanup", Time since last: 4000321720 ns, Reaching safepoint: 45601 ns, At safepoint: 2600 ns, Total: 48201 ns
[503.719s][info ][gc,start       ] GC(114) Pause Young (Allocation Failure)
[503.730s][debug][gc,phases      ] GC(114) Scavenge 10.331ms
[503.730s][debug][gc,ref         ] GC(114) Skipped phase 1 of Reference Processing: no references
[503.730s][debug][gc,ref         ] GC(114) ReferenceProcessor::execute queues: 1, RefProcThreadModel::Single, marks_oops_alive: false
[503.730s][debug][gc,ref         ] GC(114) Skipped phase 3 of Reference Processing: no references
[503.730s][debug][gc,ref         ] GC(114) ReferenceProcessor::execute queues: 1, RefProcThreadModel::Single, marks_oops_alive: false
[503.730s][debug][gc,phases      ] GC(114) Reference Processing 0.141ms
[503.730s][debug][gc,phases      ] GC(114)   VM Weak                        Min:  0.0, Avg:  0.0, Max:  0.0, Diff:  0.0, Sum:  0.0, Workers: 4
[503.730s][debug][gc,phases      ] GC(114)     Dead                           Min: 0, Avg:  0.0, Max: 0, Diff: 0, Sum: 0, Workers: 4
[503.730s][debug][gc,phases      ] GC(114)     Total                          Min: 0, Avg: 168.8, Max: 355, Diff: 355, Sum: 675, Workers: 4
[503.730s][debug][gc,phases      ] GC(114)   ObjectSynchronizer Weak        Min:  0.0, Avg:  0.0, Max:  0.0, Diff:  0.0, Sum:  0.0, Workers: 4
[503.730s][debug][gc,phases      ] GC(114)     Dead                           Min: 0, Avg:  0.0, Max: 0, Diff: 0, Sum: 0, Workers: 4
[503.730s][debug][gc,phases      ] GC(114)     Total                          Min: 0, Avg: 109.8, Max: 192, Diff: 192, Sum: 439, Workers: 4
[503.730s][debug][gc,phases      ] GC(114)   JVMTI Tag Weak OopStorage      Min:  0.0, Avg:  0.0, Max:  0.0, Diff:  0.0, Sum:  0.0, Workers: 4
[503.730s][debug][gc,phases      ] GC(114)     Dead                           Min: 0, Avg:  0.0, Max: 0, Diff: 0, Sum: 0, Workers: 4
[503.730s][debug][gc,phases      ] GC(114)     Total                          Min: 0, Avg:  0.0, Max: 0, Diff: 0, Sum: 0, Workers: 4
[503.730s][debug][gc,phases      ] GC(114)   StringTable Weak               Min:  0.1, Avg:  0.1, Max:  0.1, Diff:  0.0, Sum:  0.5, Workers: 4
[503.730s][debug][gc,phases      ] GC(114)     Dead                           Min: 0, Avg:  0.0, Max: 0, Diff: 0, Sum: 0, Workers: 4
[503.730s][debug][gc,phases      ] GC(114)     Total                          Min: 11328, Avg: 11994.0, Max: 13248, Diff: 1920, Sum: 47976, Workers: 4
[503.730s][debug][gc,phases      ] GC(114)   ResolvedMethodTable Weak       Min:  0.0, Avg:  0.0, Max:  0.0, Diff:  0.0, Sum:  0.1, Workers: 4
[503.730s][debug][gc,phases      ] GC(114)     Dead                           Min: 0, Avg:  4.5, Max: 7, Diff: 7, Sum: 18, Workers: 4
[503.730s][debug][gc,phases      ] GC(114)     Total                          Min: 1865, Avg: 2025.2, Max: 2357, Diff: 492, Sum: 8101, Workers: 4
[503.730s][debug][gc,phases      ] GC(114)   JNI Weak                       Min:  0.0, Avg:  0.0, Max:  0.0, Diff:  0.0, Sum:  0.0, Workers: 4
[503.730s][debug][gc,phases      ] GC(114)     Dead                           Min: 0, Avg:  0.0, Max: 0, Diff: 0, Sum: 0, Workers: 4
[503.730s][debug][gc,phases      ] GC(114)     Total                          Min: 0, Avg:  0.0, Max: 0, Diff: 0, Sum: 0, Workers: 4
[503.730s][debug][gc,phases      ] GC(114)   StringDedup Table Weak         Min:  0.0, Avg:  0.0, Max:  0.0, Diff:  0.0, Sum:  0.0, Workers: 4
[503.730s][debug][gc,phases      ] GC(114)     Dead                           Min: 0, Avg:  0.0, Max: 0, Diff: 0, Sum: 0, Workers: 4
[503.730s][debug][gc,phases      ] GC(114)     Total                          Min: 0, Avg:  0.0, Max: 0, Diff: 0, Sum: 0, Workers: 4
[503.730s][debug][gc,phases      ] GC(114)   StringDedup Requests0 Weak     Min:  0.0, Avg:  0.0, Max:  0.0, Diff:  0.0, Sum:  0.0, Workers: 4
[503.730s][debug][gc,phases      ] GC(114)     Dead                           Min: 0, Avg:  0.0, Max: 0, Diff: 0, Sum: 0, Workers: 4
[503.730s][debug][gc,phases      ] GC(114)     Total                          Min: 0, Avg:  0.0, Max: 0, Diff: 0, Sum: 0, Workers: 4
[503.730s][debug][gc,phases      ] GC(114)   StringDedup Requests1 Weak     Min:  0.0, Avg:  0.0, Max:  0.0, Diff:  0.0, Sum:  0.0, Workers: 4
[503.730s][debug][gc,phases      ] GC(114)     Dead                           Min: 0, Avg:  0.0, Max: 0, Diff: 0, Sum: 0, Workers: 4
[503.730s][debug][gc,phases      ] GC(114)     Total                          Min: 0, Avg:  0.0, Max: 0, Diff: 0, Sum: 0, Workers: 4
[503.730s][debug][gc,phases      ] GC(114)   Weak JFR Old Object Samples    Min:  0.0, Avg:  0.0, Max:  0.0, Diff:  0.0, Sum:  0.0, Workers: 4
[503.730s][debug][gc,phases      ] GC(114)     Dead                           Min: 0, Avg:  0.0, Max: 0, Diff: 0, Sum: 0, Workers: 4
[503.730s][debug][gc,phases      ] GC(114)     Total                          Min: 0, Avg:  0.0, Max: 0, Diff: 0, Sum: 0, Workers: 4
[503.730s][debug][gc,phases      ] GC(114) Weak Processing 0.360ms
[503.730s][debug][gc,age         ] GC(114) Desired survivor size 64487424 bytes, new threshold 15 (max threshold 15)
[503.730s][info ][gc,heap        ] GC(114) PSYoungGen: 2005316K(2033664K)->34336K(2033664K) Eden: 1970176K(1970176K)->0K(1970176K) From: 35140K(63488K)->34336K(63488K)
[503.730s][info ][gc,heap        ] GC(114) ParOldGen: 371909K(456704K)->372581K(456704K)
[503.730s][info ][gc,metaspace   ] GC(114) Metaspace: 82747K(83648K)->82747K(83648K) NonClass: 71129K(71616K)->71129K(71616K) Class: 11618K(12032K)->11618K(12032K)
[503.730s][info ][gc             ] GC(114) Pause Young (Allocation Failure) 2321M->397M(2432M) 10.993ms
[503.730s][info ][gc,cpu         ] GC(114) User=0.04s Sys=0.00s Real=0.01s
[503.730s][info ][safepoint      ] Safepoint "ParallelGCFailedAllocation", Time since last: 245808426 ns, Reaching safepoint: 38501 ns, At safepoint: 11066226 ns, Total: 11104727 ns
[506.731s][info ][safepoint      ] Safepoint "Cleanup", Time since last: 3000230421 ns, Reaching safepoint: 57701 ns, At safepoint: 8501 ns, Total: 66202 ns
[509.731s][info ][safepoint      ] Safepoint "Cleanup", Time since last: 3000229385 ns, Reaching safepoint: 53402 ns, At safepoint: 3500 ns, Total: 56902 ns
[510.731s][info ][safepoint      ] Safepoint "Cleanup", Time since last: 1000123721 ns, Reaching safepoint: 57102 ns, At safepoint: 7000 ns, Total: 64102 ns
[511.731s][info ][safepoint      ] Safepoint "Cleanup", Time since last: 1000123718 ns, Reaching safepoint: 134503 ns, At safepoint: 11300 ns, Total: 145803 ns
[512.732s][info ][safepoint      ] Safepoint "Cleanup", Time since last: 1000114414 ns, Reaching safepoint: 53501 ns, At safepoint: 8200 ns, Total: 61701 ns
[513.732s][info ][safepoint      ] Safepoint "Cleanup", Time since last: 1000107610 ns, Reaching safepoint: 51101 ns, At safepoint: 2900 ns, Total: 54001 ns
[514.732s][info ][safepoint      ] Safepoint "Cleanup", Time since last: 1000097806 ns, Reaching safepoint: 77101 ns, At safepoint: 8901 ns, Total: 86002 ns
[515.732s][info ][safepoint      ] Safepoint "Cleanup", Time since last: 1000119902 ns, Reaching safepoint: 82602 ns, At safepoint: 6000 ns, Total: 88602 ns
[516.926s][info ][safepoint      ] Safepoint "Cleanup", Time since last: 1193277238 ns, Reaching safepoint: 89602 ns, At safepoint: 5400 ns, Total: 95002 ns
[517.926s][info ][safepoint      ] Safepoint "Cleanup", Time since last: 1000119794 ns, Reaching safepoint: 74101 ns, At safepoint: 7500 ns, Total: 81601 ns
[518.926s][info ][safepoint      ] Safepoint "Cleanup", Time since last: 1000118091 ns, Reaching safepoint: 63601 ns, At safepoint: 4200 ns, Total: 67801 ns
[519.926s][info ][safepoint      ] Safepoint "Cleanup", Time since last: 1000124187 ns, Reaching safepoint: 54601 ns, At safepoint: 5900 ns, Total: 60501 ns
[520.926s][info ][safepoint      ] Safepoint "Cleanup", Time since last: 1000115883 ns, Reaching safepoint: 53101 ns, At safepoint: 3100 ns, Total: 56201 ns
[521.927s][info ][safepoint      ] Safepoint "Cleanup", Time since last: 1000117479 ns, Reaching safepoint: 54201 ns, At safepoint: 8800 ns, Total: 63001 ns
[522.927s][info ][safepoint      ] Safepoint "Cleanup", Time since last: 1000127976 ns, Reaching safepoint: 60901 ns, At safepoint: 3400 ns, Total: 64301 ns
[523.927s][info ][safepoint      ] Safepoint "Cleanup", Time since last: 1000127871 ns, Reaching safepoint: 61702 ns, At safepoint: 7800 ns, Total: 69502 ns
[525.927s][info ][safepoint      ] Safepoint "Cleanup", Time since last: 2000225731 ns, Reaching safepoint: 59901 ns, At safepoint: 8901 ns, Total: 68802 ns
[526.927s][info ][safepoint      ] Safepoint "Cleanup", Time since last: 1000115860 ns, Reaching safepoint: 30900 ns, At safepoint: 3000 ns, Total: 33900 ns
[528.928s][info ][safepoint      ] Safepoint "Cleanup", Time since last: 2000182508 ns, Reaching safepoint: 53802 ns, At safepoint: 2900 ns, Total: 56702 ns
[529.928s][info ][safepoint      ] Safepoint "Cleanup", Time since last: 1000110748 ns, Reaching safepoint: 55502 ns, At safepoint: 5700 ns, Total: 61202 ns
[531.928s][info ][safepoint      ] Safepoint "Cleanup", Time since last: 2000179185 ns, Reaching safepoint: 43801 ns, At safepoint: 7000 ns, Total: 50801 ns
[532.928s][info ][safepoint      ] Safepoint "Cleanup", Time since last: 1000112238 ns, Reaching safepoint: 51501 ns, At safepoint: 2800 ns, Total: 54301 ns
[534.928s][info ][safepoint      ] Safepoint "Cleanup", Time since last: 2000176664 ns, Reaching safepoint: 57501 ns, At safepoint: 4200 ns, Total: 61701 ns
[537.929s][info ][safepoint      ] Safepoint "Cleanup", Time since last: 3000236267 ns, Reaching safepoint: 51401 ns, At safepoint: 2600 ns, Total: 54001 ns
[541.929s][info ][safepoint      ] Safepoint "Cleanup", Time since last: 4000320538 ns, Reaching safepoint: 59801 ns, At safepoint: 5000 ns, Total: 64801 ns
[542.929s][info ][safepoint      ] Safepoint "Cleanup", Time since last: 1000111301 ns, Reaching safepoint: 54101 ns, At safepoint: 2700 ns, Total: 56801 ns
[544.929s][info ][safepoint      ] Safepoint "Cleanup", Time since last: 2000181191 ns, Reaching safepoint: 57501 ns, At safepoint: 4200 ns, Total: 61701 ns
[545.930s][info ][safepoint      ] Safepoint "Cleanup", Time since last: 1000112490 ns, Reaching safepoint: 62302 ns, At safepoint: 10500 ns, Total: 72802 ns
[546.930s][info ][safepoint      ] Safepoint "Cleanup", Time since last: 1000097586 ns, Reaching safepoint: 53201 ns, At safepoint: 3000 ns, Total: 56201 ns
[547.930s][info ][safepoint      ] Safepoint "Cleanup", Time since last: 1000114183 ns, Reaching safepoint: 57402 ns, At safepoint: 4800 ns, Total: 62202 ns
[549.214s][info ][safepoint      ] Safepoint "Cleanup", Time since last: 1284246540 ns, Reaching safepoint: 143903 ns, At safepoint: 8300 ns, Total: 152203 ns
[550.215s][info ][safepoint      ] Safepoint "Cleanup", Time since last: 1000113175 ns, Reaching safepoint: 98102 ns, At safepoint: 8300 ns, Total: 106402 ns
[551.215s][info ][safepoint      ] Safepoint "Cleanup", Time since last: 1000123771 ns, Reaching safepoint: 119503 ns, At safepoint: 7100 ns, Total: 126603 ns
[553.215s][info ][safepoint      ] Safepoint "Cleanup", Time since last: 2000189431 ns, Reaching safepoint: 121503 ns, At safepoint: 6000 ns, Total: 127503 ns
[554.215s][info ][safepoint      ] Safepoint "Cleanup", Time since last: 1000120261 ns, Reaching safepoint: 122502 ns, At safepoint: 6600 ns, Total: 129102 ns
[555.764s][info ][safepoint      ] Safepoint "Cleanup", Time since last: 1548052855 ns, Reaching safepoint: 127602 ns, At safepoint: 10700 ns, Total: 138302 ns
[556.982s][info ][safepoint      ] Safepoint "Cleanup", Time since last: 1218601475 ns, Reaching safepoint: 52402 ns, At safepoint: 3400 ns, Total: 55802 ns
[560.983s][info ][safepoint      ] Safepoint "Cleanup", Time since last: 4000308565 ns, Reaching safepoint: 57701 ns, At safepoint: 2900 ns, Total: 60601 ns
[562.983s][info ][safepoint      ] Safepoint "Cleanup", Time since last: 2000181062 ns, Reaching safepoint: 46801 ns, At safepoint: 3000 ns, Total: 49801 ns
[573.984s][info ][safepoint      ] Safepoint "Cleanup", Time since last: 11000780090 ns, Reaching safepoint: 76502 ns, At safepoint: 12100 ns, Total: 88602 ns
[574.183s][info ][gc,start       ] GC(115) Pause Young (Allocation Failure)
[574.191s][debug][gc,phases      ] GC(115) Scavenge 8.397ms
[574.191s][debug][gc,ref         ] GC(115) Skipped phase 1 of Reference Processing: no references
[574.191s][debug][gc,ref         ] GC(115) ReferenceProcessor::execute queues: 1, RefProcThreadModel::Single, marks_oops_alive: false
[574.191s][debug][gc,ref         ] GC(115) Skipped phase 3 of Reference Processing: no references
[574.191s][debug][gc,ref         ] GC(115) ReferenceProcessor::execute queues: 1, RefProcThreadModel::Single, marks_oops_alive: false
[574.191s][debug][gc,phases      ] GC(115) Reference Processing 0.150ms
[574.192s][debug][gc,phases      ] GC(115)   VM Weak                        Min:  0.0, Avg:  0.0, Max:  0.0, Diff:  0.0, Sum:  0.0, Workers: 4
[574.192s][debug][gc,phases      ] GC(115)     Dead                           Min: 0, Avg:  0.0, Max: 0, Diff: 0, Sum: 0, Workers: 4
[574.192s][debug][gc,phases      ] GC(115)     Total                          Min: 0, Avg: 170.0, Max: 512, Diff: 512, Sum: 680, Workers: 4
[574.192s][debug][gc,phases      ] GC(115)   ObjectSynchronizer Weak        Min:  0.0, Avg:  0.0, Max:  0.0, Diff:  0.0, Sum:  0.0, Workers: 4
[574.192s][debug][gc,phases      ] GC(115)     Dead                           Min: 0, Avg:  0.0, Max: 0, Diff: 0, Sum: 0, Workers: 4
[574.192s][debug][gc,phases      ] GC(115)     Total                          Min: 0, Avg: 109.8, Max: 247, Diff: 247, Sum: 439, Workers: 4
[574.192s][debug][gc,phases      ] GC(115)   JVMTI Tag Weak OopStorage      Min:  0.0, Avg:  0.0, Max:  0.0, Diff:  0.0, Sum:  0.0, Workers: 4
[574.192s][debug][gc,phases      ] GC(115)     Dead                           Min: 0, Avg:  0.0, Max: 0, Diff: 0, Sum: 0, Workers: 4
[574.192s][debug][gc,phases      ] GC(115)     Total                          Min: 0, Avg:  0.0, Max: 0, Diff: 0, Sum: 0, Workers: 4
[574.192s][debug][gc,phases      ] GC(115)   StringTable Weak               Min:  0.1, Avg:  0.1, Max:  0.1, Diff:  0.0, Sum:  0.4, Workers: 4
[574.192s][debug][gc,phases      ] GC(115)     Dead                           Min: 0, Avg:  0.0, Max: 0, Diff: 0, Sum: 0, Workers: 4
[574.192s][debug][gc,phases      ] GC(115)     Total                          Min: 11360, Avg: 12008.0, Max: 12864, Diff: 1504, Sum: 48032, Workers: 4
[574.192s][debug][gc,phases      ] GC(115)   ResolvedMethodTable Weak       Min:  0.0, Avg:  0.0, Max:  0.0, Diff:  0.0, Sum:  0.1, Workers: 4
[574.192s][debug][gc,phases      ] GC(115)     Dead                           Min: 0, Avg:  0.0, Max: 0, Diff: 0, Sum: 0, Workers: 4
[574.192s][debug][gc,phases      ] GC(115)     Total                          Min: 1847, Avg: 2035.0, Max: 2236, Diff: 389, Sum: 8140, Workers: 4
[574.192s][debug][gc,phases      ] GC(115)   JNI Weak                       Min:  0.0, Avg:  0.0, Max:  0.0, Diff:  0.0, Sum:  0.0, Workers: 4
[574.192s][debug][gc,phases      ] GC(115)     Dead                           Min: 0, Avg:  0.0, Max: 0, Diff: 0, Sum: 0, Workers: 4
[574.192s][debug][gc,phases      ] GC(115)     Total                          Min: 0, Avg:  0.0, Max: 0, Diff: 0, Sum: 0, Workers: 4
[574.192s][debug][gc,phases      ] GC(115)   StringDedup Table Weak         Min:  0.0, Avg:  0.0, Max:  0.0, Diff:  0.0, Sum:  0.0, Workers: 4
[574.192s][debug][gc,phases      ] GC(115)     Dead                           Min: 0, Avg:  0.0, Max: 0, Diff: 0, Sum: 0, Workers: 4
[574.192s][debug][gc,phases      ] GC(115)     Total                          Min: 0, Avg:  0.0, Max: 0, Diff: 0, Sum: 0, Workers: 4
[574.192s][debug][gc,phases      ] GC(115)   StringDedup Requests0 Weak     Min:  0.0, Avg:  0.0, Max:  0.0, Diff:  0.0, Sum:  0.0, Workers: 4
[574.192s][debug][gc,phases      ] GC(115)     Dead                           Min: 0, Avg:  0.0, Max: 0, Diff: 0, Sum: 0, Workers: 4
[574.192s][debug][gc,phases      ] GC(115)     Total                          Min: 0, Avg:  0.0, Max: 0, Diff: 0, Sum: 0, Workers: 4
[574.192s][debug][gc,phases      ] GC(115)   StringDedup Requests1 Weak     Min:  0.0, Avg:  0.0, Max:  0.0, Diff:  0.0, Sum:  0.0, Workers: 4
[574.192s][debug][gc,phases      ] GC(115)     Dead                           Min: 0, Avg:  0.0, Max: 0, Diff: 0, Sum: 0, Workers: 4
[574.192s][debug][gc,phases      ] GC(115)     Total                          Min: 0, Avg:  0.0, Max: 0, Diff: 0, Sum: 0, Workers: 4
[574.192s][debug][gc,phases      ] GC(115)   Weak JFR Old Object Samples    Min:  0.0, Avg:  0.0, Max:  0.0, Diff:  0.0, Sum:  0.0, Workers: 4
[574.192s][debug][gc,phases      ] GC(115)     Dead                           Min: 0, Avg:  0.0, Max: 0, Diff: 0, Sum: 0, Workers: 4
[574.192s][debug][gc,phases      ] GC(115)     Total                          Min: 0, Avg:  0.0, Max: 0, Diff: 0, Sum: 0, Workers: 4
[574.192s][debug][gc,phases      ] GC(115) Weak Processing 0.308ms
[574.192s][debug][gc,age         ] GC(115) Desired survivor size 63438848 bytes, new threshold 15 (max threshold 15)
[574.192s][info ][gc,heap        ] GC(115) PSYoungGen: 2004512K(2033664K)->33146K(2035200K) Eden: 1970176K(1970176K)->0K(1972224K) From: 34336K(63488K)->33146K(62976K)
[574.192s][info ][gc,heap        ] GC(115) ParOldGen: 372581K(456704K)->374400K(456704K)
[574.192s][info ][gc,metaspace   ] GC(115) Metaspace: 82876K(83712K)->82876K(83712K) NonClass: 71238K(71680K)->71238K(71680K) Class: 11638K(12032K)->11638K(12032K)
[574.192s][info ][gc             ] GC(115) Pause Young (Allocation Failure) 2321M->397M(2433M) 8.987ms
[574.192s][info ][gc,cpu         ] GC(115) User=0.03s Sys=0.00s Real=0.02s
[574.192s][info ][safepoint      ] Safepoint "ParallelGCFailedAllocation", Time since last: 198949916 ns, Reaching safepoint: 36401 ns, At safepoint: 9066483 ns, Total: 9102884 ns
[575.192s][info ][safepoint      ] Safepoint "Cleanup", Time since last: 1000077387 ns, Reaching safepoint: 40801 ns, At safepoint: 3000 ns, Total: 43801 ns
[576.192s][info ][safepoint      ] Safepoint "Cleanup", Time since last: 1000109284 ns, Reaching safepoint: 48201 ns, At safepoint: 2300 ns, Total: 50501 ns
[580.192s][info ][safepoint      ] Safepoint "Cleanup", Time since last: 4000280300 ns, Reaching safepoint: 50201 ns, At safepoint: 8300 ns, Total: 58501 ns
[583.193s][info ][safepoint      ] Safepoint "Cleanup", Time since last: 3000250790 ns, Reaching safepoint: 60102 ns, At safepoint: 3400 ns, Total: 63502 ns
[584.193s][info ][safepoint      ] Safepoint "Cleanup", Time since last: 1000115157 ns, Reaching safepoint: 56201 ns, At safepoint: 5200 ns, Total: 61401 ns
[585.193s][info ][safepoint      ] Safepoint "Cleanup", Time since last: 1000115854 ns, Reaching safepoint: 71602 ns, At safepoint: 8500 ns, Total: 80102 ns
[587.193s][info ][safepoint      ] Safepoint "Cleanup", Time since last: 2000309200 ns, Reaching safepoint: 51701 ns, At safepoint: 2200 ns, Total: 53901 ns
[588.194s][info ][safepoint      ] Safepoint "Cleanup", Time since last: 1000114744 ns, Reaching safepoint: 57501 ns, At safepoint: 7300 ns, Total: 64801 ns
[589.194s][info ][safepoint      ] Safepoint "Cleanup", Time since last: 1000067240 ns, Reaching safepoint: 48601 ns, At safepoint: 7200 ns, Total: 55801 ns
[590.194s][info ][safepoint      ] Safepoint "Cleanup", Time since last: 1000111837 ns, Reaching safepoint: 58202 ns, At safepoint: 12400 ns, Total: 70602 ns
[595.194s][info ][safepoint      ] Safepoint "Cleanup", Time since last: 5000353233 ns, Reaching safepoint: 46301 ns, At safepoint: 3800 ns, Total: 50101 ns
[596.195s][info ][safepoint      ] Safepoint "Cleanup", Time since last: 1000125318 ns, Reaching safepoint: 49701 ns, At safepoint: 2900 ns, Total: 52601 ns
[598.195s][info ][safepoint      ] Safepoint "Cleanup", Time since last: 2000183625 ns, Reaching safepoint: 51501 ns, At safepoint: 24700 ns, Total: 76201 ns
[600.195s][info ][safepoint      ] Safepoint "Cleanup", Time since last: 2000165712 ns, Reaching safepoint: 53301 ns, At safepoint: 11300 ns, Total: 64601 ns
[601.195s][info ][safepoint      ] Safepoint "Cleanup", Time since last: 1000114301 ns, Reaching safepoint: 58602 ns, At safepoint: 3800 ns, Total: 62402 ns
[602.195s][info ][safepoint      ] Safepoint "Cleanup", Time since last: 1000106998 ns, Reaching safepoint: 53101 ns, At safepoint: 5500 ns, Total: 58601 ns
[603.196s][info ][safepoint      ] Safepoint "Cleanup", Time since last: 1000116695 ns, Reaching safepoint: 53001 ns, At safepoint: 3800 ns, Total: 56801 ns
[604.196s][info ][safepoint      ] Safepoint "Cleanup", Time since last: 1000115692 ns, Reaching safepoint: 54701 ns, At safepoint: 3000 ns, Total: 57701 ns
[607.196s][info ][safepoint      ] Safepoint "Cleanup", Time since last: 3000248954 ns, Reaching safepoint: 46401 ns, At safepoint: 4100 ns, Total: 50501 ns
[608.196s][info ][safepoint      ] Safepoint "Cleanup", Time since last: 1000088579 ns, Reaching safepoint: 58101 ns, At safepoint: 3900 ns, Total: 62001 ns
[609.196s][info ][safepoint      ] Safepoint "Cleanup", Time since last: 1000095475 ns, Reaching safepoint: 47101 ns, At safepoint: 2700 ns, Total: 49801 ns
[610.196s][info ][safepoint      ] Safepoint "Cleanup", Time since last: 1000126473 ns, Reaching safepoint: 50101 ns, At safepoint: 3000 ns, Total: 53101 ns
[613.197s][info ][safepoint      ] Safepoint "Cleanup", Time since last: 3000242297 ns, Reaching safepoint: 47401 ns, At safepoint: 3600 ns, Total: 51001 ns
[614.197s][info ][safepoint      ] Safepoint "Cleanup", Time since last: 1000093559 ns, Reaching safepoint: 45301 ns, At safepoint: 2000 ns, Total: 47301 ns
[619.197s][info ][safepoint      ] Safepoint "Cleanup", Time since last: 5000379049 ns, Reaching safepoint: 43100 ns, At safepoint: 13101 ns, Total: 56201 ns
[620.197s][info ][safepoint      ] Safepoint "Cleanup", Time since last: 1000050939 ns, Reaching safepoint: 56702 ns, At safepoint: 3700 ns, Total: 60402 ns
[624.198s][info ][safepoint      ] Safepoint "Cleanup", Time since last: 4000282329 ns, Reaching safepoint: 45501 ns, At safepoint: 4600 ns, Total: 50101 ns
[625.198s][info ][safepoint      ] Safepoint "Cleanup", Time since last: 1000113026 ns, Reaching safepoint: 44901 ns, At safepoint: 4500 ns, Total: 49401 ns
[626.198s][info ][safepoint      ] Safepoint "Cleanup", Time since last: 1000111022 ns, Reaching safepoint: 44501 ns, At safepoint: 2700 ns, Total: 47201 ns
[627.198s][info ][safepoint      ] Safepoint "Cleanup", Time since last: 1000118720 ns, Reaching safepoint: 50001 ns, At safepoint: 2500 ns, Total: 52501 ns
[628.198s][info ][safepoint      ] Safepoint "Cleanup", Time since last: 1000118916 ns, Reaching safepoint: 56201 ns, At safepoint: 3900 ns, Total: 60101 ns
[630.199s][info ][safepoint      ] Safepoint "Cleanup", Time since last: 2000145222 ns, Reaching safepoint: 47601 ns, At safepoint: 3100 ns, Total: 50701 ns
[631.199s][info ][safepoint      ] Safepoint "Cleanup", Time since last: 1000113707 ns, Reaching safepoint: 55901 ns, At safepoint: 8101 ns, Total: 64002 ns
[632.199s][info ][safepoint      ] Safepoint "Cleanup", Time since last: 1000072603 ns, Reaching safepoint: 69601 ns, At safepoint: 11400 ns, Total: 81001 ns
[634.199s][info ][safepoint      ] Safepoint "Cleanup", Time since last: 2000200999 ns, Reaching safepoint: 102902 ns, At safepoint: 10200 ns, Total: 113102 ns
[636.200s][info ][safepoint      ] Safepoint "Cleanup", Time since last: 2000185886 ns, Reaching safepoint: 56501 ns, At safepoint: 4001 ns, Total: 60502 ns
[639.200s][info ][safepoint      ] Safepoint "Cleanup", Time since last: 3000249455 ns, Reaching safepoint: 41301 ns, At safepoint: 2300 ns, Total: 43601 ns
[642.200s][info ][safepoint      ] Safepoint "Cleanup", Time since last: 3000223229 ns, Reaching safepoint: 43901 ns, At safepoint: 3000 ns, Total: 46901 ns
[643.200s][info ][safepoint      ] Safepoint "Cleanup", Time since last: 1000111571 ns, Reaching safepoint: 47700 ns, At safepoint: 5301 ns, Total: 53001 ns
[647.201s][info ][safepoint      ] Safepoint "Cleanup", Time since last: 4000257450 ns, Reaching safepoint: 52601 ns, At safepoint: 3900 ns, Total: 56501 ns
[648.867s][info ][gc,start       ] GC(116) Pause Young (Allocation Failure)
[648.876s][debug][gc,phases      ] GC(116) Scavenge 9.019ms
[648.876s][debug][gc,ref         ] GC(116) Skipped phase 1 of Reference Processing: no references
[648.876s][debug][gc,ref         ] GC(116) ReferenceProcessor::execute queues: 1, RefProcThreadModel::Single, marks_oops_alive: false
[648.876s][debug][gc,ref         ] GC(116) Skipped phase 3 of Reference Processing: no references
[648.876s][debug][gc,ref         ] GC(116) ReferenceProcessor::execute queues: 1, RefProcThreadModel::Single, marks_oops_alive: false
[648.876s][debug][gc,phases      ] GC(116) Reference Processing 0.155ms
[648.876s][debug][gc,phases      ] GC(116)   VM Weak                        Min:  0.0, Avg:  0.0, Max:  0.0, Diff:  0.0, Sum:  0.0, Workers: 4
[648.876s][debug][gc,phases      ] GC(116)     Dead                           Min: 0, Avg:  0.0, Max: 0, Diff: 0, Sum: 0, Workers: 4
[648.876s][debug][gc,phases      ] GC(116)     Total                          Min: 0, Avg: 170.2, Max: 681, Diff: 681, Sum: 681, Workers: 4
[648.876s][debug][gc,phases      ] GC(116)   ObjectSynchronizer Weak        Min:  0.0, Avg:  0.0, Max:  0.0, Diff:  0.0, Sum:  0.0, Workers: 4
[648.876s][debug][gc,phases      ] GC(116)     Dead                           Min: 0, Avg:  0.0, Max: 0, Diff: 0, Sum: 0, Workers: 4
[648.876s][debug][gc,phases      ] GC(116)     Total                          Min: 64, Avg: 109.8, Max: 183, Diff: 119, Sum: 439, Workers: 4
[648.876s][debug][gc,phases      ] GC(116)   JVMTI Tag Weak OopStorage      Min:  0.0, Avg:  0.0, Max:  0.0, Diff:  0.0, Sum:  0.0, Workers: 4
[648.876s][debug][gc,phases      ] GC(116)     Dead                           Min: 0, Avg:  0.0, Max: 0, Diff: 0, Sum: 0, Workers: 4
[648.876s][debug][gc,phases      ] GC(116)     Total                          Min: 0, Avg:  0.0, Max: 0, Diff: 0, Sum: 0, Workers: 4
[648.876s][debug][gc,phases      ] GC(116)   StringTable Weak               Min:  0.1, Avg:  0.1, Max:  0.1, Diff:  0.0, Sum:  0.5, Workers: 4
[648.876s][debug][gc,phases      ] GC(116)     Dead                           Min: 0, Avg:  0.5, Max: 2, Diff: 2, Sum: 2, Workers: 4
[648.876s][debug][gc,phases      ] GC(116)     Total                          Min: 11457, Avg: 12016.2, Max: 12672, Diff: 1215, Sum: 48065, Workers: 4
[648.876s][debug][gc,phases      ] GC(116)   ResolvedMethodTable Weak       Min:  0.0, Avg:  0.0, Max:  0.0, Diff:  0.0, Sum:  0.1, Workers: 4
[648.876s][debug][gc,phases      ] GC(116)     Dead                           Min: 0, Avg:  4.0, Max: 8, Diff: 8, Sum: 16, Workers: 4
[648.876s][debug][gc,phases      ] GC(116)     Total                          Min: 1954, Avg: 2041.5, Max: 2176, Diff: 222, Sum: 8166, Workers: 4
[648.876s][debug][gc,phases      ] GC(116)   JNI Weak                       Min:  0.0, Avg:  0.0, Max:  0.0, Diff:  0.0, Sum:  0.0, Workers: 4
[648.876s][debug][gc,phases      ] GC(116)     Dead                           Min: 0, Avg:  0.0, Max: 0, Diff: 0, Sum: 0, Workers: 4
[648.876s][debug][gc,phases      ] GC(116)     Total                          Min: 0, Avg:  0.0, Max: 0, Diff: 0, Sum: 0, Workers: 4
[648.876s][debug][gc,phases      ] GC(116)   StringDedup Table Weak         Min:  0.0, Avg:  0.0, Max:  0.0, Diff:  0.0, Sum:  0.0, Workers: 4
[648.876s][debug][gc,phases      ] GC(116)     Dead                           Min: 0, Avg:  0.0, Max: 0, Diff: 0, Sum: 0, Workers: 4
[648.876s][debug][gc,phases      ] GC(116)     Total                          Min: 0, Avg:  0.0, Max: 0, Diff: 0, Sum: 0, Workers: 4
[648.876s][debug][gc,phases      ] GC(116)   StringDedup Requests0 Weak     Min:  0.0, Avg:  0.0, Max:  0.0, Diff:  0.0, Sum:  0.0, Workers: 4
[648.876s][debug][gc,phases      ] GC(116)     Dead                           Min: 0, Avg:  0.0, Max: 0, Diff: 0, Sum: 0, Workers: 4
[648.876s][debug][gc,phases      ] GC(116)     Total                          Min: 0, Avg:  0.0, Max: 0, Diff: 0, Sum: 0, Workers: 4
[648.876s][debug][gc,phases      ] GC(116)   StringDedup Requests1 Weak     Min:  0.0, Avg:  0.0, Max:  0.0, Diff:  0.0, Sum:  0.0, Workers: 4
[648.876s][debug][gc,phases      ] GC(116)     Dead                           Min: 0, Avg:  0.0, Max: 0, Diff: 0, Sum: 0, Workers: 4
[648.876s][debug][gc,phases      ] GC(116)     Total                          Min: 0, Avg:  0.0, Max: 0, Diff: 0, Sum: 0, Workers: 4
[648.876s][debug][gc,phases      ] GC(116)   Weak JFR Old Object Samples    Min:  0.0, Avg:  0.0, Max:  0.0, Diff:  0.0, Sum:  0.0, Workers: 4
[648.876s][debug][gc,phases      ] GC(116)     Dead                           Min: 0, Avg:  0.0, Max: 0, Diff: 0, Sum: 0, Workers: 4
[648.876s][debug][gc,phases      ] GC(116)     Total                          Min: 0, Avg:  0.0, Max: 0, Diff: 0, Sum: 0, Workers: 4
[648.876s][debug][gc,phases      ] GC(116) Weak Processing 0.324ms
[648.876s][debug][gc,age         ] GC(116) Desired survivor size 61865984 bytes, new threshold 15 (max threshold 15)
[648.876s][info ][gc,heap        ] GC(116) PSYoungGen: 2005370K(2035200K)->32410K(2034176K) Eden: 1972224K(1972224K)->0K(1972224K) From: 33146K(62976K)->32410K(61952K)
[648.876s][info ][gc,heap        ] GC(116) ParOldGen: 374400K(456704K)->375241K(456704K)
[648.876s][info ][gc,metaspace   ] GC(116) Metaspace: 82963K(83840K)->82963K(83840K) NonClass: 71315K(71808K)->71315K(71808K) Class: 11648K(12032K)->11648K(12032K)
[648.876s][info ][gc             ] GC(116) Pause Young (Allocation Failure) 2323M->398M(2432M) 9.619ms
[648.876s][info ][gc,cpu         ] GC(116) User=0.04s Sys=0.00s Real=0.01s
[648.876s][info ][safepoint      ] Safepoint "ParallelGCFailedAllocation", Time since last: 1665902939 ns, Reaching safepoint: 64002 ns, At safepoint: 9696593 ns, Total: 9760595 ns
[651.877s][info ][safepoint      ] Safepoint "Cleanup", Time since last: 3000189442 ns, Reaching safepoint: 53201 ns, At safepoint: 30100 ns, Total: 83301 ns
[653.877s][info ][safepoint      ] Safepoint "Cleanup", Time since last: 2000194982 ns, Reaching safepoint: 60701 ns, At safepoint: 8700 ns, Total: 69401 ns
[655.877s][info ][safepoint      ] Safepoint "Cleanup", Time since last: 2000193169 ns, Reaching safepoint: 49101 ns, At safepoint: 3600 ns, Total: 52701 ns
[657.877s][info ][safepoint      ] Safepoint "Cleanup", Time since last: 2000187358 ns, Reaching safepoint: 52701 ns, At safepoint: 8200 ns, Total: 60901 ns
[658.877s][info ][safepoint      ] Safepoint "Cleanup", Time since last: 1000115125 ns, Reaching safepoint: 54601 ns, At safepoint: 2900 ns, Total: 57501 ns
[660.878s][info ][safepoint      ] Safepoint "Cleanup", Time since last: 2000191241 ns, Reaching safepoint: 47901 ns, At safepoint: 5100 ns, Total: 53001 ns
[663.878s][info ][safepoint      ] Safepoint "Cleanup", Time since last: 3000243138 ns, Reaching safepoint: 54901 ns, At safepoint: 3300 ns, Total: 58201 ns
[671.879s][info ][safepoint      ] Safepoint "Cleanup", Time since last: 8000574775 ns, Reaching safepoint: 49201 ns, At safepoint: 3600 ns, Total: 52801 ns
[675.879s][info ][safepoint      ] Safepoint "Cleanup", Time since last: 4000303221 ns, Reaching safepoint: 52901 ns, At safepoint: 4000 ns, Total: 56901 ns
[678.879s][info ][safepoint      ] Safepoint "Cleanup", Time since last: 3000247711 ns, Reaching safepoint: 49901 ns, At safepoint: 3200 ns, Total: 53101 ns
[685.880s][info ][safepoint      ] Safepoint "Cleanup", Time since last: 7000472293 ns, Reaching safepoint: 47401 ns, At safepoint: 5800 ns, Total: 53201 ns
[689.880s][info ][safepoint      ] Safepoint "Cleanup", Time since last: 4000313166 ns, Reaching safepoint: 53601 ns, At safepoint: 4200 ns, Total: 57801 ns
[690.880s][info ][safepoint      ] Safepoint "Cleanup", Time since last: 1000117135 ns, Reaching safepoint: 54401 ns, At safepoint: 3500 ns, Total: 57901 ns
[692.881s][info ][safepoint      ] Safepoint "Cleanup", Time since last: 2000169362 ns, Reaching safepoint: 53301 ns, At safepoint: 5100 ns, Total: 58401 ns
[693.881s][info ][safepoint      ] Safepoint "Cleanup", Time since last: 1000110527 ns, Reaching safepoint: 75901 ns, At safepoint: 10900 ns, Total: 86801 ns
[694.881s][info ][safepoint      ] Safepoint "Cleanup", Time since last: 1000117125 ns, Reaching safepoint: 36501 ns, At safepoint: 3700 ns, Total: 40201 ns
[701.882s][info ][safepoint      ] Safepoint "Cleanup", Time since last: 7000542391 ns, Reaching safepoint: 55201 ns, At safepoint: 3000 ns, Total: 58201 ns
[705.882s][info ][safepoint      ] Safepoint "Cleanup", Time since last: 4000280092 ns, Reaching safepoint: 55302 ns, At safepoint: 5700 ns, Total: 61002 ns
[706.882s][info ][safepoint      ] Safepoint "Cleanup", Time since last: 1000118792 ns, Reaching safepoint: 58701 ns, At safepoint: 3700 ns, Total: 62401 ns
[717.883s][info ][safepoint      ] Safepoint "Cleanup", Time since last: 11000752635 ns, Reaching safepoint: 54301 ns, At safepoint: 14000 ns, Total: 68301 ns
[719.883s][info ][safepoint      ] Safepoint "Cleanup", Time since last: 2000200920 ns, Reaching safepoint: 48301 ns, At safepoint: 3900 ns, Total: 52201 ns
[720.883s][info ][safepoint      ] Safepoint "Cleanup", Time since last: 1000114156 ns, Reaching safepoint: 49701 ns, At safepoint: 2900 ns, Total: 52601 ns
[729.359s][info ][gc,start       ] GC(117) Pause Young (Allocation Failure)
[729.368s][debug][gc,phases      ] GC(117) Scavenge 8.434ms
[729.368s][debug][gc,ref         ] GC(117) Skipped phase 1 of Reference Processing: no references
[729.368s][debug][gc,ref         ] GC(117) ReferenceProcessor::execute queues: 1, RefProcThreadModel::Single, marks_oops_alive: false
[729.368s][debug][gc,ref         ] GC(117) Skipped phase 3 of Reference Processing: no references
[729.368s][debug][gc,ref         ] GC(117) ReferenceProcessor::execute queues: 1, RefProcThreadModel::Single, marks_oops_alive: false
[729.368s][debug][gc,phases      ] GC(117) Reference Processing 0.124ms
[729.368s][debug][gc,phases      ] GC(117)   VM Weak                        Min:  0.0, Avg:  0.0, Max:  0.0, Diff:  0.0, Sum:  0.0, Workers: 4
[729.368s][debug][gc,phases      ] GC(117)     Dead                           Min: 0, Avg:  0.0, Max: 0, Diff: 0, Sum: 0, Workers: 4
[729.368s][debug][gc,phases      ] GC(117)     Total                          Min: 0, Avg: 170.2, Max: 361, Diff: 361, Sum: 681, Workers: 4
[729.368s][debug][gc,phases      ] GC(117)   ObjectSynchronizer Weak        Min:  0.0, Avg:  0.0, Max:  0.0, Diff:  0.0, Sum:  0.0, Workers: 4
[729.368s][debug][gc,phases      ] GC(117)     Dead                           Min: 0, Avg:  0.0, Max: 0, Diff: 0, Sum: 0, Workers: 4
[729.368s][debug][gc,phases      ] GC(117)     Total                          Min: 0, Avg: 109.8, Max: 320, Diff: 320, Sum: 439, Workers: 4
[729.368s][debug][gc,phases      ] GC(117)   JVMTI Tag Weak OopStorage      Min:  0.0, Avg:  0.0, Max:  0.0, Diff:  0.0, Sum:  0.0, Workers: 4
[729.368s][debug][gc,phases      ] GC(117)     Dead                           Min: 0, Avg:  0.0, Max: 0, Diff: 0, Sum: 0, Workers: 4
[729.368s][debug][gc,phases      ] GC(117)     Total                          Min: 0, Avg:  0.0, Max: 0, Diff: 0, Sum: 0, Workers: 4
[729.368s][debug][gc,phases      ] GC(117)   StringTable Weak               Min:  0.1, Avg:  0.1, Max:  0.1, Diff:  0.0, Sum:  0.4, Workers: 4
[729.368s][debug][gc,phases      ] GC(117)     Dead                           Min: 0, Avg:  0.0, Max: 0, Diff: 0, Sum: 0, Workers: 4
[729.368s][debug][gc,phases      ] GC(117)     Total                          Min: 11279, Avg: 12019.8, Max: 13312, Diff: 2033, Sum: 48079, Workers: 4
[729.368s][debug][gc,phases      ] GC(117)   ResolvedMethodTable Weak       Min:  0.0, Avg:  0.0, Max:  0.0, Diff:  0.0, Sum:  0.1, Workers: 4
[729.368s][debug][gc,phases      ] GC(117)     Dead                           Min: 0, Avg:  0.0, Max: 0, Diff: 0, Sum: 0, Workers: 4
[729.368s][debug][gc,phases      ] GC(117)     Total                          Min: 1920, Avg: 2041.5, Max: 2244, Diff: 324, Sum: 8166, Workers: 4
[729.368s][debug][gc,phases      ] GC(117)   JNI Weak                       Min:  0.0, Avg:  0.0, Max:  0.0, Diff:  0.0, Sum:  0.0, Workers: 4
[729.368s][debug][gc,phases      ] GC(117)     Dead                           Min: 0, Avg:  0.0, Max: 0, Diff: 0, Sum: 0, Workers: 4
[729.368s][debug][gc,phases      ] GC(117)     Total                          Min: 0, Avg:  0.0, Max: 0, Diff: 0, Sum: 0, Workers: 4
[729.368s][debug][gc,phases      ] GC(117)   StringDedup Table Weak         Min:  0.0, Avg:  0.0, Max:  0.0, Diff:  0.0, Sum:  0.0, Workers: 4
[729.368s][debug][gc,phases      ] GC(117)     Dead                           Min: 0, Avg:  0.0, Max: 0, Diff: 0, Sum: 0, Workers: 4
[729.368s][debug][gc,phases      ] GC(117)     Total                          Min: 0, Avg:  0.0, Max: 0, Diff: 0, Sum: 0, Workers: 4
[729.368s][debug][gc,phases      ] GC(117)   StringDedup Requests0 Weak     Min:  0.0, Avg:  0.0, Max:  0.0, Diff:  0.0, Sum:  0.0, Workers: 4
[729.368s][debug][gc,phases      ] GC(117)     Dead                           Min: 0, Avg:  0.0, Max: 0, Diff: 0, Sum: 0, Workers: 4
[729.368s][debug][gc,phases      ] GC(117)     Total                          Min: 0, Avg:  0.0, Max: 0, Diff: 0, Sum: 0, Workers: 4
[729.368s][debug][gc,phases      ] GC(117)   StringDedup Requests1 Weak     Min:  0.0, Avg:  0.0, Max:  0.0, Diff:  0.0, Sum:  0.0, Workers: 4
[729.368s][debug][gc,phases      ] GC(117)     Dead                           Min: 0, Avg:  0.0, Max: 0, Diff: 0, Sum: 0, Workers: 4
[729.368s][debug][gc,phases      ] GC(117)     Total                          Min: 0, Avg:  0.0, Max: 0, Diff: 0, Sum: 0, Workers: 4
[729.368s][debug][gc,phases      ] GC(117)   Weak JFR Old Object Samples    Min:  0.0, Avg:  0.0, Max:  0.0, Diff:  0.0, Sum:  0.0, Workers: 4
[729.368s][debug][gc,phases      ] GC(117)     Dead                           Min: 0, Avg:  0.0, Max: 0, Diff: 0, Sum: 0, Workers: 4
[729.368s][debug][gc,phases      ] GC(117)     Total                          Min: 0, Avg:  0.0, Max: 0, Diff: 0, Sum: 0, Workers: 4
[729.368s][debug][gc,phases      ] GC(117) Weak Processing 0.327ms
[729.368s][debug][gc,age         ] GC(117) Desired survivor size 59768832 bytes, new threshold 15 (max threshold 15)
[729.368s][info ][gc,heap        ] GC(117) PSYoungGen: 2004634K(2034176K)->31082K(2038784K) Eden: 1972224K(1972224K)->0K(1978368K) From: 32410K(61952K)->31082K(60416K)
[729.368s][info ][gc,heap        ] GC(117) ParOldGen: 375241K(456704K)->376421K(456704K)
[729.368s][info ][gc,metaspace   ] GC(117) Metaspace: 82990K(83840K)->82990K(83840K) NonClass: 71340K(71808K)->71340K(71808K) Class: 11649K(12032K)->11649K(12032K)
[729.368s][info ][gc             ] GC(117) Pause Young (Allocation Failure) 2324M->397M(2437M) 9.018ms
[729.368s][info ][gc,cpu         ] GC(117) User=0.03s Sys=0.00s Real=0.01s
[729.368s][info ][safepoint      ] Safepoint "ParallelGCFailedAllocation", Time since last: 8475923530 ns, Reaching safepoint: 55401 ns, At safepoint: 9104580 ns, Total: 9159981 ns
[734.369s][info ][safepoint      ] Safepoint "Cleanup", Time since last: 5000345630 ns, Reaching safepoint: 51601 ns, At safepoint: 6000 ns, Total: 57601 ns
[736.369s][info ][safepoint      ] Safepoint "Cleanup", Time since last: 2000160036 ns, Reaching safepoint: 52901 ns, At safepoint: 10800 ns, Total: 63701 ns
[738.369s][info ][safepoint      ] Safepoint "Cleanup", Time since last: 2000170525 ns, Reaching safepoint: 60802 ns, At safepoint: 6400 ns, Total: 67202 ns
[743.370s][info ][safepoint      ] Safepoint "Cleanup", Time since last: 5000337019 ns, Reaching safepoint: 58001 ns, At safepoint: 9600 ns, Total: 67601 ns
[750.667s][info ][safepoint      ] Safepoint "Cleanup", Time since last: 7297303165 ns, Reaching safepoint: 108802 ns, At safepoint: 6800 ns, Total: 115602 ns
[751.667s][info ][safepoint      ] Safepoint "Cleanup", Time since last: 1000101780 ns, Reaching safepoint: 136603 ns, At safepoint: 8700 ns, Total: 145303 ns
[753.668s][info ][safepoint      ] Safepoint "Cleanup", Time since last: 2000186651 ns, Reaching safepoint: 114702 ns, At safepoint: 5700 ns, Total: 120402 ns
[759.668s][info ][safepoint      ] Safepoint "Cleanup", Time since last: 6000445294 ns, Reaching safepoint: 36601 ns, At safepoint: 3300 ns, Total: 39901 ns
[772.669s][info ][safepoint      ] Safepoint "Cleanup", Time since last: 13000908060 ns, Reaching safepoint: 49301 ns, At safepoint: 5700 ns, Total: 55001 ns
[778.670s][info ][safepoint      ] Safepoint "Cleanup", Time since last: 6000429327 ns, Reaching safepoint: 47301 ns, At safepoint: 3900 ns, Total: 51201 ns
[780.670s][info ][safepoint      ] Safepoint "Cleanup", Time since last: 2000182124 ns, Reaching safepoint: 47201 ns, At safepoint: 5201 ns, Total: 52402 ns
[787.670s][info ][safepoint      ] Safepoint "Cleanup", Time since last: 7000464511 ns, Reaching safepoint: 45301 ns, At safepoint: 2900 ns, Total: 48201 ns
[788.670s][info ][safepoint      ] Safepoint "Cleanup", Time since last: 1000124593 ns, Reaching safepoint: 40201 ns, At safepoint: 3000 ns, Total: 43201 ns
[790.671s][info ][safepoint      ] Safepoint "Cleanup", Time since last: 2000174780 ns, Reaching safepoint: 53301 ns, At safepoint: 5800 ns, Total: 59101 ns
[791.671s][info ][safepoint      ] Safepoint "Cleanup", Time since last: 1000112587 ns, Reaching safepoint: 53701 ns, At safepoint: 7000 ns, Total: 60701 ns
[799.671s][info ][safepoint      ] Safepoint "Cleanup", Time since last: 8000543907 ns, Reaching safepoint: 48601 ns, At safepoint: 2900 ns, Total: 51501 ns
[801.672s][info ][safepoint      ] Safepoint "Cleanup", Time since last: 2000181731 ns, Reaching safepoint: 52601 ns, At safepoint: 3100 ns, Total: 55701 ns
[806.672s][info ][safepoint      ] Safepoint "Cleanup", Time since last: 5000376487 ns, Reaching safepoint: 46901 ns, At safepoint: 3700 ns, Total: 50601 ns
[812.673s][info ][safepoint      ] Safepoint "Cleanup", Time since last: 6000439273 ns, Reaching safepoint: 62202 ns, At safepoint: 12900 ns, Total: 75102 ns
[813.445s][info ][gc,start       ] GC(118) Pause Young (Allocation Failure)
[813.453s][debug][gc,phases      ] GC(118) Scavenge 7.796ms
[813.453s][debug][gc,ref         ] GC(118) Skipped phase 1 of Reference Processing: no references
[813.453s][debug][gc,ref         ] GC(118) ReferenceProcessor::execute queues: 1, RefProcThreadModel::Single, marks_oops_alive: false
[813.453s][debug][gc,ref         ] GC(118) Skipped phase 3 of Reference Processing: no references
[813.453s][debug][gc,ref         ] GC(118) ReferenceProcessor::execute queues: 1, RefProcThreadModel::Single, marks_oops_alive: false
[813.453s][debug][gc,phases      ] GC(118) Reference Processing 0.125ms
[813.453s][debug][gc,phases      ] GC(118)   VM Weak                        Min:  0.0, Avg:  0.0, Max:  0.0, Diff:  0.0, Sum:  0.0, Workers: 4
[813.453s][debug][gc,phases      ] GC(118)     Dead                           Min: 0, Avg:  0.0, Max: 0, Diff: 0, Sum: 0, Workers: 4
[813.453s][debug][gc,phases      ] GC(118)     Total                          Min: 0, Avg: 170.2, Max: 384, Diff: 384, Sum: 681, Workers: 4
[813.453s][debug][gc,phases      ] GC(118)   ObjectSynchronizer Weak        Min:  0.0, Avg:  0.0, Max:  0.0, Diff:  0.0, Sum:  0.0, Workers: 4
[813.453s][debug][gc,phases      ] GC(118)     Dead                           Min: 0, Avg:  0.0, Max: 0, Diff: 0, Sum: 0, Workers: 4
[813.453s][debug][gc,phases      ] GC(118)     Total                          Min: 64, Avg: 109.8, Max: 183, Diff: 119, Sum: 439, Workers: 4
[813.453s][debug][gc,phases      ] GC(118)   JVMTI Tag Weak OopStorage      Min:  0.0, Avg:  0.0, Max:  0.0, Diff:  0.0, Sum:  0.0, Workers: 4
[813.453s][debug][gc,phases      ] GC(118)     Dead                           Min: 0, Avg:  0.0, Max: 0, Diff: 0, Sum: 0, Workers: 4
[813.453s][debug][gc,phases      ] GC(118)     Total                          Min: 0, Avg:  0.0, Max: 0, Diff: 0, Sum: 0, Workers: 4
[813.453s][debug][gc,phases      ] GC(118)   StringTable Weak               Min:  0.1, Avg:  0.1, Max:  0.1, Diff:  0.0, Sum:  0.5, Workers: 4
[813.453s][debug][gc,phases      ] GC(118)     Dead                           Min: 0, Avg:  0.0, Max: 0, Diff: 0, Sum: 0, Workers: 4
[813.453s][debug][gc,phases      ] GC(118)     Total                          Min: 11264, Avg: 12019.8, Max: 13839, Diff: 2575, Sum: 48079, Workers: 4
[813.453s][debug][gc,phases      ] GC(118)   ResolvedMethodTable Weak       Min:  0.0, Avg:  0.0, Max:  0.0, Diff:  0.0, Sum:  0.1, Workers: 4
[813.453s][debug][gc,phases      ] GC(118)     Dead                           Min: 0, Avg:  0.0, Max: 0, Diff: 0, Sum: 0, Workers: 4
[813.453s][debug][gc,phases      ] GC(118)     Total                          Min: 1792, Avg: 2041.5, Max: 2432, Diff: 640, Sum: 8166, Workers: 4
[813.453s][debug][gc,phases      ] GC(118)   JNI Weak                       Min:  0.0, Avg:  0.0, Max:  0.0, Diff:  0.0, Sum:  0.0, Workers: 4
[813.453s][debug][gc,phases      ] GC(118)     Dead                           Min: 0, Avg:  0.0, Max: 0, Diff: 0, Sum: 0, Workers: 4
[813.453s][debug][gc,phases      ] GC(118)     Total                          Min: 0, Avg:  0.0, Max: 0, Diff: 0, Sum: 0, Workers: 4
[813.453s][debug][gc,phases      ] GC(118)   StringDedup Table Weak         Min:  0.0, Avg:  0.0, Max:  0.0, Diff:  0.0, Sum:  0.0, Workers: 4
[813.453s][debug][gc,phases      ] GC(118)     Dead                           Min: 0, Avg:  0.0, Max: 0, Diff: 0, Sum: 0, Workers: 4
[813.453s][debug][gc,phases      ] GC(118)     Total                          Min: 0, Avg:  0.0, Max: 0, Diff: 0, Sum: 0, Workers: 4
[813.453s][debug][gc,phases      ] GC(118)   StringDedup Requests0 Weak     Min:  0.0, Avg:  0.0, Max:  0.0, Diff:  0.0, Sum:  0.0, Workers: 4
[813.453s][debug][gc,phases      ] GC(118)     Dead                           Min: 0, Avg:  0.0, Max: 0, Diff: 0, Sum: 0, Workers: 4
[813.453s][debug][gc,phases      ] GC(118)     Total                          Min: 0, Avg:  0.0, Max: 0, Diff: 0, Sum: 0, Workers: 4
[813.453s][debug][gc,phases      ] GC(118)   StringDedup Requests1 Weak     Min:  0.0, Avg:  0.0, Max:  0.0, Diff:  0.0, Sum:  0.0, Workers: 4
[813.453s][debug][gc,phases      ] GC(118)     Dead                           Min: 0, Avg:  0.0, Max: 0, Diff: 0, Sum: 0, Workers: 4
[813.453s][debug][gc,phases      ] GC(118)     Total                          Min: 0, Avg:  0.0, Max: 0, Diff: 0, Sum: 0, Workers: 4
[813.453s][debug][gc,phases      ] GC(118)   Weak JFR Old Object Samples    Min:  0.0, Avg:  0.0, Max:  0.0, Diff:  0.0, Sum:  0.0, Workers: 4
[813.453s][debug][gc,phases      ] GC(118)     Dead                           Min: 0, Avg:  0.0, Max: 0, Diff: 0, Sum: 0, Workers: 4
[813.453s][debug][gc,phases      ] GC(118)     Total                          Min: 0, Avg:  0.0, Max: 0, Diff: 0, Sum: 0, Workers: 4
[813.453s][debug][gc,phases      ] GC(118) Weak Processing 0.348ms
[813.453s][debug][gc,age         ] GC(118) Desired survivor size 57147392 bytes, new threshold 15 (max threshold 15)
[813.453s][info ][gc,heap        ] GC(118) PSYoungGen: 2009450K(2038784K)->29482K(2036736K) Eden: 1978368K(1978368K)->0K(1978368K) From: 31082K(60416K)->29482K(58368K)
[813.453s][info ][gc,heap        ] GC(118) ParOldGen: 376421K(456704K)->378073K(456704K)
[813.453s][info ][gc,metaspace   ] GC(118) Metaspace: 83008K(83840K)->83008K(83840K) NonClass: 71359K(71808K)->71359K(71808K) Class: 11649K(12032K)->11649K(12032K)
[813.453s][info ][gc             ] GC(118) Pause Young (Allocation Failure) 2329M->398M(2435M) 8.392ms
[813.453s][info ][gc,cpu         ] GC(118) User=0.03s Sys=0.00s Real=0.01s
[813.453s][info ][safepoint      ] Safepoint "ParallelGCFailedAllocation", Time since last: 772058783 ns, Reaching safepoint: 48901 ns, At safepoint: 8478766 ns, Total: 8527667 ns
[815.453s][info ][safepoint      ] Safepoint "Cleanup", Time since last: 2000153171 ns, Reaching safepoint: 49701 ns, At safepoint: 2500 ns, Total: 52201 ns
[816.454s][info ][safepoint      ] Safepoint "Cleanup", Time since last: 1000111532 ns, Reaching safepoint: 50001 ns, At safepoint: 7001 ns, Total: 57002 ns
[828.455s][info ][safepoint      ] Safepoint "Cleanup", Time since last: 12000854320 ns, Reaching safepoint: 49901 ns, At safepoint: 6800 ns, Total: 56701 ns
[830.455s][info ][safepoint      ] Safepoint "Cleanup", Time since last: 2000189708 ns, Reaching safepoint: 47001 ns, At safepoint: 2900 ns, Total: 49901 ns
[837.455s][info ][safepoint      ] Safepoint "Cleanup", Time since last: 7000520362 ns, Reaching safepoint: 53301 ns, At safepoint: 7600 ns, Total: 60901 ns
[839.456s][info ][safepoint      ] Safepoint "Cleanup", Time since last: 2000180371 ns, Reaching safepoint: 46601 ns, At safepoint: 8800 ns, Total: 55401 ns
[842.456s][info ][safepoint      ] Safepoint "Cleanup", Time since last: 3000243442 ns, Reaching safepoint: 41300 ns, At safepoint: 3001 ns, Total: 44301 ns
[843.456s][info ][safepoint      ] Safepoint "Cleanup", Time since last: 1000126377 ns, Reaching safepoint: 94002 ns, At safepoint: 7800 ns, Total: 101802 ns
[844.456s][info ][safepoint      ] Safepoint "Cleanup", Time since last: 1000129775 ns, Reaching safepoint: 75101 ns, At safepoint: 7601 ns, Total: 82702 ns
[845.457s][info ][safepoint      ] Safepoint "Cleanup", Time since last: 1000138573 ns, Reaching safepoint: 67901 ns, At safepoint: 8301 ns, Total: 76202 ns
[846.457s][info ][safepoint      ] Safepoint "Cleanup", Time since last: 1000114971 ns, Reaching safepoint: 64901 ns, At safepoint: 9800 ns, Total: 74701 ns
[847.457s][info ][safepoint      ] Safepoint "Cleanup", Time since last: 1000115069 ns, Reaching safepoint: 48601 ns, At safepoint: 3000 ns, Total: 51601 ns
[851.457s][info ][safepoint      ] Safepoint "Cleanup", Time since last: 4000323753 ns, Reaching safepoint: 46901 ns, At safepoint: 2700 ns, Total: 49601 ns
[852.457s][info ][safepoint      ] Safepoint "Cleanup", Time since last: 1000112259 ns, Reaching safepoint: 52901 ns, At safepoint: 4100 ns, Total: 57001 ns
[854.458s][info ][safepoint      ] Safepoint "Cleanup", Time since last: 2000193512 ns, Reaching safepoint: 68901 ns, At safepoint: 10900 ns, Total: 79801 ns
[865.459s][info ][safepoint      ] Safepoint "Cleanup", Time since last: 11000815769 ns, Reaching safepoint: 59501 ns, At safepoint: 8100 ns, Total: 67601 ns
[866.459s][info ][safepoint      ] Safepoint "Cleanup", Time since last: 1000125632 ns, Reaching safepoint: 46401 ns, At safepoint: 2800 ns, Total: 49201 ns
[867.459s][info ][safepoint      ] Safepoint "Cleanup", Time since last: 1000106429 ns, Reaching safepoint: 45201 ns, At safepoint: 2400 ns, Total: 47601 ns
[873.459s][info ][safepoint      ] Safepoint "Cleanup", Time since last: 6000373732 ns, Reaching safepoint: 50201 ns, At safepoint: 4701 ns, Total: 54902 ns
[875.460s][info ][safepoint      ] Safepoint "Cleanup", Time since last: 2000185430 ns, Reaching safepoint: 43900 ns, At safepoint: 2701 ns, Total: 46601 ns
[876.460s][info ][safepoint      ] Safepoint "Cleanup", Time since last: 1000106712 ns, Reaching safepoint: 42001 ns, At safepoint: 2300 ns, Total: 44301 ns
[881.460s][info ][safepoint      ] Safepoint "Cleanup", Time since last: 5000356530 ns, Reaching safepoint: 49301 ns, At safepoint: 27101 ns, Total: 76402 ns
[884.460s][info ][safepoint      ] Safepoint "Cleanup", Time since last: 3000232696 ns, Reaching safepoint: 45501 ns, At safepoint: 2700 ns, Total: 48201 ns
[887.461s][info ][safepoint      ] Safepoint "Cleanup", Time since last: 3000203979 ns, Reaching safepoint: 48701 ns, At safepoint: 2600 ns, Total: 51301 ns
[888.461s][info ][safepoint      ] Safepoint "Cleanup", Time since last: 1000110290 ns, Reaching safepoint: 69502 ns, At safepoint: 5300 ns, Total: 74802 ns
[889.461s][info ][safepoint      ] Safepoint "Cleanup", Time since last: 1000097988 ns, Reaching safepoint: 63301 ns, At safepoint: 7300 ns, Total: 70601 ns
[891.461s][info ][safepoint      ] Safepoint "Cleanup", Time since last: 2000172570 ns, Reaching safepoint: 55101 ns, At safepoint: 9700 ns, Total: 64801 ns
[894.462s][info ][safepoint      ] Safepoint "Cleanup", Time since last: 3000213541 ns, Reaching safepoint: 38601 ns, At safepoint: 3000 ns, Total: 41601 ns
[897.814s][info ][gc,start       ] GC(119) Pause Young (Allocation Failure)
[897.820s][debug][gc,phases      ] GC(119) Scavenge 6.081ms
[897.820s][debug][gc,ref         ] GC(119) Skipped phase 1 of Reference Processing: no references
[897.820s][debug][gc,ref         ] GC(119) ReferenceProcessor::execute queues: 1, RefProcThreadModel::Single, marks_oops_alive: false
[897.820s][debug][gc,ref         ] GC(119) Skipped phase 3 of Reference Processing: no references
[897.820s][debug][gc,ref         ] GC(119) ReferenceProcessor::execute queues: 1, RefProcThreadModel::Single, marks_oops_alive: false
[897.820s][debug][gc,phases      ] GC(119) Reference Processing 0.148ms
[897.820s][debug][gc,phases      ] GC(119)   VM Weak                        Min:  0.0, Avg:  0.0, Max:  0.0, Diff:  0.0, Sum:  0.0, Workers: 4
[897.820s][debug][gc,phases      ] GC(119)     Dead                           Min: 0, Avg:  0.0, Max: 0, Diff: 0, Sum: 0, Workers: 4
[897.820s][debug][gc,phases      ] GC(119)     Total                          Min: 0, Avg: 170.5, Max: 362, Diff: 362, Sum: 682, Workers: 4
[897.820s][debug][gc,phases      ] GC(119)   ObjectSynchronizer Weak        Min:  0.0, Avg:  0.0, Max:  0.0, Diff:  0.0, Sum:  0.0, Workers: 4
[897.820s][debug][gc,phases      ] GC(119)     Dead                           Min: 0, Avg:  0.0, Max: 0, Diff: 0, Sum: 0, Workers: 4
[897.820s][debug][gc,phases      ] GC(119)     Total                          Min: 0, Avg: 109.8, Max: 247, Diff: 247, Sum: 439, Workers: 4
[897.820s][debug][gc,phases      ] GC(119)   JVMTI Tag Weak OopStorage      Min:  0.0, Avg:  0.0, Max:  0.0, Diff:  0.0, Sum:  0.0, Workers: 4
[897.820s][debug][gc,phases      ] GC(119)     Dead                           Min: 0, Avg:  0.0, Max: 0, Diff: 0, Sum: 0, Workers: 4
[897.820s][debug][gc,phases      ] GC(119)     Total                          Min: 0, Avg:  0.0, Max: 0, Diff: 0, Sum: 0, Workers: 4
[897.820s][debug][gc,phases      ] GC(119)   StringTable Weak               Min:  0.1, Avg:  0.1, Max:  0.1, Diff:  0.0, Sum:  0.4, Workers: 4
[897.820s][debug][gc,phases      ] GC(119)     Dead                           Min: 0, Avg:  0.0, Max: 0, Diff: 0, Sum: 0, Workers: 4
[897.820s][debug][gc,phases      ] GC(119)     Total                          Min: 11297, Avg: 12024.2, Max: 13312, Diff: 2015, Sum: 48097, Workers: 4
[897.820s][debug][gc,phases      ] GC(119)   ResolvedMethodTable Weak       Min:  0.0, Avg:  0.0, Max:  0.0, Diff:  0.0, Sum:  0.1, Workers: 4
[897.820s][debug][gc,phases      ] GC(119)     Dead                           Min: 0, Avg:  0.0, Max: 0, Diff: 0, Sum: 0, Workers: 4
[897.820s][debug][gc,phases      ] GC(119)     Total                          Min: 1856, Avg: 2042.2, Max: 2365, Diff: 509, Sum: 8169, Workers: 4
[897.820s][debug][gc,phases      ] GC(119)   JNI Weak                       Min:  0.0, Avg:  0.0, Max:  0.0, Diff:  0.0, Sum:  0.0, Workers: 4
[897.820s][debug][gc,phases      ] GC(119)     Dead                           Min: 0, Avg:  0.0, Max: 0, Diff: 0, Sum: 0, Workers: 4
[897.820s][debug][gc,phases      ] GC(119)     Total                          Min: 0, Avg:  0.0, Max: 0, Diff: 0, Sum: 0, Workers: 4
[897.820s][debug][gc,phases      ] GC(119)   StringDedup Table Weak         Min:  0.0, Avg:  0.0, Max:  0.0, Diff:  0.0, Sum:  0.0, Workers: 4
[897.820s][debug][gc,phases      ] GC(119)     Dead                           Min: 0, Avg:  0.0, Max: 0, Diff: 0, Sum: 0, Workers: 4
[897.820s][debug][gc,phases      ] GC(119)     Total                          Min: 0, Avg:  0.0, Max: 0, Diff: 0, Sum: 0, Workers: 4
[897.820s][debug][gc,phases      ] GC(119)   StringDedup Requests0 Weak     Min:  0.0, Avg:  0.0, Max:  0.0, Diff:  0.0, Sum:  0.0, Workers: 4
[897.820s][debug][gc,phases      ] GC(119)     Dead                           Min: 0, Avg:  0.0, Max: 0, Diff: 0, Sum: 0, Workers: 4
[897.820s][debug][gc,phases      ] GC(119)     Total                          Min: 0, Avg:  0.0, Max: 0, Diff: 0, Sum: 0, Workers: 4
[897.820s][debug][gc,phases      ] GC(119)   StringDedup Requests1 Weak     Min:  0.0, Avg:  0.0, Max:  0.0, Diff:  0.0, Sum:  0.0, Workers: 4
[897.820s][debug][gc,phases      ] GC(119)     Dead                           Min: 0, Avg:  0.0, Max: 0, Diff: 0, Sum: 0, Workers: 4
[897.820s][debug][gc,phases      ] GC(119)     Total                          Min: 0, Avg:  0.0, Max: 0, Diff: 0, Sum: 0, Workers: 4
[897.820s][debug][gc,phases      ] GC(119)   Weak JFR Old Object Samples    Min:  0.0, Avg:  0.0, Max:  0.0, Diff:  0.0, Sum:  0.0, Workers: 4
[897.820s][debug][gc,phases      ] GC(119)     Dead                           Min: 0, Avg:  0.0, Max: 0, Diff: 0, Sum: 0, Workers: 4
[897.820s][debug][gc,phases      ] GC(119)     Total                          Min: 0, Avg:  0.0, Max: 0, Diff: 0, Sum: 0, Workers: 4
[897.820s][debug][gc,phases      ] GC(119) Weak Processing 0.334ms
[897.820s][debug][gc,age         ] GC(119) Desired survivor size 54525952 bytes, new threshold 15 (max threshold 15)
[897.820s][info ][gc,heap        ] GC(119) PSYoungGen: 2007850K(2036736K)->28416K(2043904K) Eden: 1978368K(1978368K)->0K(1988096K) From: 29482K(58368K)->28416K(55808K)
[897.820s][info ][gc,heap        ] GC(119) ParOldGen: 378073K(456704K)->379283K(456704K)
[897.820s][info ][gc,metaspace   ] GC(119) Metaspace: 83041K(83904K)->83041K(83904K) NonClass: 71390K(71872K)->71390K(71872K) Class: 11651K(12032K)->11651K(12032K)
[897.820s][info ][gc             ] GC(119) Pause Young (Allocation Failure) 2330M->398M(2442M) 6.695ms
[897.821s][info ][gc,cpu         ] GC(119) User=0.02s Sys=0.00s Real=0.00s
[897.821s][info ][safepoint      ] Safepoint "ParallelGCFailedAllocation", Time since last: 3352158341 ns, Reaching safepoint: 64601 ns, At safepoint: 6769332 ns, Total: 6833933 ns
[898.821s][info ][safepoint      ] Safepoint "Cleanup", Time since last: 1000038069 ns, Reaching safepoint: 47701 ns, At safepoint: 11001 ns, Total: 58702 ns
[901.821s][info ][safepoint      ] Safepoint "Cleanup", Time since last: 3000239001 ns, Reaching safepoint: 53701 ns, At safepoint: 3700 ns, Total: 57401 ns
[921.822s][info ][safepoint      ] Safepoint "Cleanup", Time since last: 20001308025 ns, Reaching safepoint: 61101 ns, At safepoint: 4201 ns, Total: 65302 ns
[927.823s][info ][safepoint      ] Safepoint "Cleanup", Time since last: 6000452242 ns, Reaching safepoint: 54002 ns, At safepoint: 4400 ns, Total: 58402 ns
[929.823s][info ][safepoint      ] Safepoint "Cleanup", Time since last: 2000161334 ns, Reaching safepoint: 54601 ns, At safepoint: 8400 ns, Total: 63001 ns
[933.823s][info ][safepoint      ] Safepoint "Cleanup", Time since last: 4000284347 ns, Reaching safepoint: 54601 ns, At safepoint: 7500 ns, Total: 62101 ns
[940.824s][info ][safepoint      ] Safepoint "Cleanup", Time since last: 7000451717 ns, Reaching safepoint: 51301 ns, At safepoint: 8300 ns, Total: 59601 ns
[944.824s][info ][safepoint      ] Safepoint "Cleanup", Time since last: 4000297574 ns, Reaching safepoint: 30601 ns, At safepoint: 32000 ns, Total: 62601 ns
[947.824s][info ][safepoint      ] Safepoint "Cleanup", Time since last: 3000187162 ns, Reaching safepoint: 44601 ns, At safepoint: 4000 ns, Total: 48601 ns
[951.825s][info ][safepoint      ] Safepoint "Cleanup", Time since last: 4000288428 ns, Reaching safepoint: 51701 ns, At safepoint: 3200 ns, Total: 54901 ns
[956.825s][info ][safepoint      ] Safepoint "Cleanup", Time since last: 5000373873 ns, Reaching safepoint: 42701 ns, At safepoint: 2700 ns, Total: 45401 ns
[957.825s][info ][safepoint      ] Safepoint "Cleanup", Time since last: 1000109670 ns, Reaching safepoint: 45901 ns, At safepoint: 2400 ns, Total: 48301 ns
[958.826s][info ][safepoint      ] Safepoint "Cleanup", Time since last: 1000108269 ns, Reaching safepoint: 54801 ns, At safepoint: 5200 ns, Total: 60001 ns
[960.826s][info ][safepoint      ] Safepoint "Cleanup", Time since last: 2000176632 ns, Reaching safepoint: 50701 ns, At safepoint: 8000 ns, Total: 58701 ns
[962.826s][info ][safepoint      ] Safepoint "Cleanup", Time since last: 2000173225 ns, Reaching safepoint: 49701 ns, At safepoint: 8401 ns, Total: 58102 ns
[967.826s][info ][safepoint      ] Safepoint "Cleanup", Time since last: 5000372684 ns, Reaching safepoint: 38701 ns, At safepoint: 3400 ns, Total: 42101 ns
[981.963s][info ][gc,start       ] GC(120) Pause Young (Allocation Failure)
[981.969s][debug][gc,phases      ] GC(120) Scavenge 5.786ms
[981.969s][debug][gc,ref         ] GC(120) Skipped phase 1 of Reference Processing: no references
[981.969s][debug][gc,ref         ] GC(120) ReferenceProcessor::execute queues: 1, RefProcThreadModel::Single, marks_oops_alive: false
[981.969s][debug][gc,ref         ] GC(120) Skipped phase 3 of Reference Processing: no references
[981.969s][debug][gc,ref         ] GC(120) ReferenceProcessor::execute queues: 1, RefProcThreadModel::Single, marks_oops_alive: false
[981.969s][debug][gc,phases      ] GC(120) Reference Processing 0.147ms
[981.970s][debug][gc,phases      ] GC(120)   VM Weak                        Min:  0.0, Avg:  0.0, Max:  0.0, Diff:  0.0, Sum:  0.0, Workers: 4
[981.970s][debug][gc,phases      ] GC(120)     Dead                           Min: 0, Avg:  0.0, Max: 0, Diff: 0, Sum: 0, Workers: 4
[981.970s][debug][gc,phases      ] GC(120)     Total                          Min: 0, Avg: 170.8, Max: 619, Diff: 619, Sum: 683, Workers: 4
[981.970s][debug][gc,phases      ] GC(120)   ObjectSynchronizer Weak        Min:  0.0, Avg:  0.0, Max:  0.0, Diff:  0.0, Sum:  0.0, Workers: 4
[981.970s][debug][gc,phases      ] GC(120)     Dead                           Min: 0, Avg:  0.0, Max: 0, Diff: 0, Sum: 0, Workers: 4
[981.970s][debug][gc,phases      ] GC(120)     Total                          Min: 0, Avg: 109.8, Max: 311, Diff: 311, Sum: 439, Workers: 4
[981.970s][debug][gc,phases      ] GC(120)   JVMTI Tag Weak OopStorage      Min:  0.0, Avg:  0.0, Max:  0.0, Diff:  0.0, Sum:  0.0, Workers: 4
[981.970s][debug][gc,phases      ] GC(120)     Dead                           Min: 0, Avg:  0.0, Max: 0, Diff: 0, Sum: 0, Workers: 4
[981.970s][debug][gc,phases      ] GC(120)     Total                          Min: 0, Avg:  0.0, Max: 0, Diff: 0, Sum: 0, Workers: 4
[981.970s][debug][gc,phases      ] GC(120)   StringTable Weak               Min:  0.1, Avg:  0.1, Max:  0.1, Diff:  0.0, Sum:  0.4, Workers: 4
[981.970s][debug][gc,phases      ] GC(120)     Dead                           Min: 0, Avg:  0.0, Max: 0, Diff: 0, Sum: 0, Workers: 4
[981.970s][debug][gc,phases      ] GC(120)     Total                          Min: 10496, Avg: 12030.0, Max: 14008, Diff: 3512, Sum: 48120, Workers: 4
[981.970s][debug][gc,phases      ] GC(120)   ResolvedMethodTable Weak       Min:  0.0, Avg:  0.0, Max:  0.0, Diff:  0.0, Sum:  0.1, Workers: 4
[981.970s][debug][gc,phases      ] GC(120)     Dead                           Min: 0, Avg:  0.0, Max: 0, Diff: 0, Sum: 0, Workers: 4
[981.970s][debug][gc,phases      ] GC(120)     Total                          Min: 1856, Avg: 2042.2, Max: 2368, Diff: 512, Sum: 8169, Workers: 4
[981.970s][debug][gc,phases      ] GC(120)   JNI Weak                       Min:  0.0, Avg:  0.0, Max:  0.0, Diff:  0.0, Sum:  0.0, Workers: 4
[981.970s][debug][gc,phases      ] GC(120)     Dead                           Min: 0, Avg:  0.0, Max: 0, Diff: 0, Sum: 0, Workers: 4
[981.970s][debug][gc,phases      ] GC(120)     Total                          Min: 0, Avg:  0.0, Max: 0, Diff: 0, Sum: 0, Workers: 4
[981.970s][debug][gc,phases      ] GC(120)   StringDedup Table Weak         Min:  0.0, Avg:  0.0, Max:  0.0, Diff:  0.0, Sum:  0.0, Workers: 4
[981.970s][debug][gc,phases      ] GC(120)     Dead                           Min: 0, Avg:  0.0, Max: 0, Diff: 0, Sum: 0, Workers: 4
[981.970s][debug][gc,phases      ] GC(120)     Total                          Min: 0, Avg:  0.0, Max: 0, Diff: 0, Sum: 0, Workers: 4
[981.970s][debug][gc,phases      ] GC(120)   StringDedup Requests0 Weak     Min:  0.0, Avg:  0.0, Max:  0.0, Diff:  0.0, Sum:  0.0, Workers: 4
[981.970s][debug][gc,phases      ] GC(120)     Dead                           Min: 0, Avg:  0.0, Max: 0, Diff: 0, Sum: 0, Workers: 4
[981.970s][debug][gc,phases      ] GC(120)     Total                          Min: 0, Avg:  0.0, Max: 0, Diff: 0, Sum: 0, Workers: 4
[981.970s][debug][gc,phases      ] GC(120)   StringDedup Requests1 Weak     Min:  0.0, Avg:  0.0, Max:  0.0, Diff:  0.0, Sum:  0.0, Workers: 4
[981.970s][debug][gc,phases      ] GC(120)     Dead                           Min: 0, Avg:  0.0, Max: 0, Diff: 0, Sum: 0, Workers: 4
[981.970s][debug][gc,phases      ] GC(120)     Total                          Min: 0, Avg:  0.0, Max: 0, Diff: 0, Sum: 0, Workers: 4
[981.970s][debug][gc,phases      ] GC(120)   Weak JFR Old Object Samples    Min:  0.0, Avg:  0.0, Max:  0.0, Diff:  0.0, Sum:  0.0, Workers: 4
[981.970s][debug][gc,phases      ] GC(120)     Dead                           Min: 0, Avg:  0.0, Max: 0, Diff: 0, Sum: 0, Workers: 4
[981.970s][debug][gc,phases      ] GC(120)     Total                          Min: 0, Avg:  0.0, Max: 0, Diff: 0, Sum: 0, Workers: 4
[981.970s][debug][gc,phases      ] GC(120) Weak Processing 0.313ms
[981.970s][debug][gc,age         ] GC(120) Desired survivor size 52428800 bytes, new threshold 15 (max threshold 15)
[981.970s][info ][gc,heap        ] GC(120) PSYoungGen: 2016512K(2043904K)->27456K(2041344K) Eden: 1988096K(1988096K)->0K(1988096K) From: 28416K(55808K)->27456K(53248K)
[981.970s][info ][gc,heap        ] GC(120) ParOldGen: 379283K(456704K)->380371K(456704K)
[981.970s][info ][gc,metaspace   ] GC(120) Metaspace: 83052K(83904K)->83052K(83904K) NonClass: 71400K(71872K)->71400K(71872K) Class: 11651K(12032K)->11651K(12032K)
[981.970s][info ][gc             ] GC(120) Pause Young (Allocation Failure) 2339M->398M(2439M) 6.381ms
[981.970s][info ][gc,cpu         ] GC(120) User=0.03s Sys=0.00s Real=0.00s
[981.970s][info ][safepoint      ] Safepoint "ParallelGCFailedAllocation", Time since last: 14136799299 ns, Reaching safepoint: 37800 ns, At safepoint: 6460625 ns, Total: 6498425 ns
[982.970s][info ][safepoint      ] Safepoint "Cleanup", Time since last: 1000083530 ns, Reaching safepoint: 55501 ns, At safepoint: 5200 ns, Total: 60701 ns
[984.970s][info ][safepoint      ] Safepoint "Cleanup", Time since last: 2000174756 ns, Reaching safepoint: 51601 ns, At safepoint: 7101 ns, Total: 58702 ns
[996.971s][info ][safepoint      ] Safepoint "Cleanup", Time since last: 12000894107 ns, Reaching safepoint: 61801 ns, At safepoint: 5400 ns, Total: 67201 ns
[997.971s][info ][safepoint      ] Safepoint "Cleanup", Time since last: 1000116508 ns, Reaching safepoint: 70702 ns, At safepoint: 11100 ns, Total: 81802 ns
[998.971s][info ][safepoint      ] Safepoint "Cleanup", Time since last: 1000118307 ns, Reaching safepoint: 53101 ns, At safepoint: 3200 ns, Total: 56301 ns
[1001.972s][info ][safepoint      ] Safepoint "Cleanup", Time since last: 3000233909 ns, Reaching safepoint: 45201 ns, At safepoint: 3600 ns, Total: 48801 ns
[1002.972s][info ][safepoint      ] Safepoint "Cleanup", Time since last: 1000099501 ns, Reaching safepoint: 52101 ns, At safepoint: 29100 ns, Total: 81201 ns
[1003.972s][info ][safepoint      ] Safepoint "Cleanup", Time since last: 1000096999 ns, Reaching safepoint: 50401 ns, At safepoint: 5100 ns, Total: 55501 ns
[1007.972s][info ][safepoint      ] Safepoint "Cleanup", Time since last: 4000274180 ns, Reaching safepoint: 47101 ns, At safepoint: 2900 ns, Total: 50001 ns
[1015.973s][info ][safepoint      ] Safepoint "Cleanup", Time since last: 8000493788 ns, Reaching safepoint: 47300 ns, At safepoint: 3101 ns, Total: 50401 ns
[1016.973s][info ][safepoint      ] Safepoint "Cleanup", Time since last: 1000128580 ns, Reaching safepoint: 32201 ns, At safepoint: 3200 ns, Total: 35401 ns
[1017.973s][info ][safepoint      ] Safepoint "Cleanup", Time since last: 1000116679 ns, Reaching safepoint: 54901 ns, At safepoint: 8000 ns, Total: 62901 ns
[1035.974s][info ][safepoint      ] Safepoint "Cleanup", Time since last: 18001118963 ns, Reaching safepoint: 60901 ns, At safepoint: 7200 ns, Total: 68101 ns
[1045.975s][info ][safepoint      ] Safepoint "Cleanup", Time since last: 10000711654 ns, Reaching safepoint: 46901 ns, At safepoint: 2800 ns, Total: 49701 ns
[1066.066s][info ][gc,start       ] GC(121) Pause Young (Allocation Failure)
[1066.072s][debug][gc,phases      ] GC(121) Scavenge 5.795ms
[1066.072s][debug][gc,ref         ] GC(121) Skipped phase 1 of Reference Processing: no references
[1066.072s][debug][gc,ref         ] GC(121) ReferenceProcessor::execute queues: 1, RefProcThreadModel::Single, marks_oops_alive: false
[1066.072s][debug][gc,ref         ] GC(121) Skipped phase 3 of Reference Processing: no references
[1066.072s][debug][gc,ref         ] GC(121) ReferenceProcessor::execute queues: 1, RefProcThreadModel::Single, marks_oops_alive: false
[1066.072s][debug][gc,phases      ] GC(121) Reference Processing 0.126ms
[1066.072s][debug][gc,phases      ] GC(121)   VM Weak                        Min:  0.0, Avg:  0.0, Max:  0.0, Diff:  0.0, Sum:  0.0, Workers: 4
[1066.072s][debug][gc,phases      ] GC(121)     Dead                           Min: 0, Avg:  0.0, Max: 0, Diff: 0, Sum: 0, Workers: 4
[1066.072s][debug][gc,phases      ] GC(121)     Total                          Min: 0, Avg: 170.8, Max: 448, Diff: 448, Sum: 683, Workers: 4
[1066.072s][debug][gc,phases      ] GC(121)   ObjectSynchronizer Weak        Min:  0.0, Avg:  0.0, Max:  0.0, Diff:  0.0, Sum:  0.0, Workers: 4
[1066.072s][debug][gc,phases      ] GC(121)     Dead                           Min: 0, Avg:  0.0, Max: 0, Diff: 0, Sum: 0, Workers: 4
[1066.072s][debug][gc,phases      ] GC(121)     Total                          Min: 0, Avg: 109.8, Max: 183, Diff: 183, Sum: 439, Workers: 4
[1066.072s][debug][gc,phases      ] GC(121)   JVMTI Tag Weak OopStorage      Min:  0.0, Avg:  0.0, Max:  0.0, Diff:  0.0, Sum:  0.0, Workers: 4
[1066.072s][debug][gc,phases      ] GC(121)     Dead                           Min: 0, Avg:  0.0, Max: 0, Diff: 0, Sum: 0, Workers: 4
[1066.072s][debug][gc,phases      ] GC(121)     Total                          Min: 0, Avg:  0.0, Max: 0, Diff: 0, Sum: 0, Workers: 4
[1066.072s][debug][gc,phases      ] GC(121)   StringTable Weak               Min:  0.1, Avg:  0.1, Max:  0.1, Diff:  0.0, Sum:  0.4, Workers: 4
[1066.072s][debug][gc,phases      ] GC(121)     Dead                           Min: 0, Avg:  0.0, Max: 0, Diff: 0, Sum: 0, Workers: 4
[1066.072s][debug][gc,phases      ] GC(121)     Total                          Min: 11008, Avg: 12031.2, Max: 13120, Diff: 2112, Sum: 48125, Workers: 4
[1066.072s][debug][gc,phases      ] GC(121)   ResolvedMethodTable Weak       Min:  0.0, Avg:  0.0, Max:  0.0, Diff:  0.0, Sum:  0.1, Workers: 4
[1066.072s][debug][gc,phases      ] GC(121)     Dead                           Min: 0, Avg:  0.0, Max: 0, Diff: 0, Sum: 0, Workers: 4
[1066.072s][debug][gc,phases      ] GC(121)     Total                          Min: 1823, Avg: 2042.2, Max: 2560, Diff: 737, Sum: 8169, Workers: 4
[1066.072s][debug][gc,phases      ] GC(121)   JNI Weak                       Min:  0.0, Avg:  0.0, Max:  0.0, Diff:  0.0, Sum:  0.0, Workers: 4
[1066.072s][debug][gc,phases      ] GC(121)     Dead                           Min: 0, Avg:  0.0, Max: 0, Diff: 0, Sum: 0, Workers: 4
[1066.072s][debug][gc,phases      ] GC(121)     Total                          Min: 0, Avg:  0.0, Max: 0, Diff: 0, Sum: 0, Workers: 4
[1066.072s][debug][gc,phases      ] GC(121)   StringDedup Table Weak         Min:  0.0, Avg:  0.0, Max:  0.0, Diff:  0.0, Sum:  0.0, Workers: 4
[1066.072s][debug][gc,phases      ] GC(121)     Dead                           Min: 0, Avg:  0.0, Max: 0, Diff: 0, Sum: 0, Workers: 4
[1066.072s][debug][gc,phases      ] GC(121)     Total                          Min: 0, Avg:  0.0, Max: 0, Diff: 0, Sum: 0, Workers: 4
[1066.072s][debug][gc,phases      ] GC(121)   StringDedup Requests0 Weak     Min:  0.0, Avg:  0.0, Max:  0.0, Diff:  0.0, Sum:  0.0, Workers: 4
[1066.072s][debug][gc,phases      ] GC(121)     Dead                           Min: 0, Avg:  0.0, Max: 0, Diff: 0, Sum: 0, Workers: 4
[1066.072s][debug][gc,phases      ] GC(121)     Total                          Min: 0, Avg:  0.0, Max: 0, Diff: 0, Sum: 0, Workers: 4
[1066.072s][debug][gc,phases      ] GC(121)   StringDedup Requests1 Weak     Min:  0.0, Avg:  0.0, Max:  0.0, Diff:  0.0, Sum:  0.0, Workers: 4
[1066.072s][debug][gc,phases      ] GC(121)     Dead                           Min: 0, Avg:  0.0, Max: 0, Diff: 0, Sum: 0, Workers: 4
[1066.072s][debug][gc,phases      ] GC(121)     Total                          Min: 0, Avg:  0.0, Max: 0, Diff: 0, Sum: 0, Workers: 4
[1066.072s][debug][gc,phases      ] GC(121)   Weak JFR Old Object Samples    Min:  0.0, Avg:  0.0, Max:  0.0, Diff:  0.0, Sum:  0.0, Workers: 4
[1066.072s][debug][gc,phases      ] GC(121)     Dead                           Min: 0, Avg:  0.0, Max: 0, Diff: 0, Sum: 0, Workers: 4
[1066.072s][debug][gc,phases      ] GC(121)     Total                          Min: 0, Avg:  0.0, Max: 0, Diff: 0, Sum: 0, Workers: 4
[1066.072s][debug][gc,phases      ] GC(121) Weak Processing 0.309ms
[1066.072s][debug][gc,age         ] GC(121) Desired survivor size 52953088 bytes, new threshold 15 (max threshold 15)
[1066.072s][info ][gc,heap        ] GC(121) PSYoungGen: 2015552K(2041344K)->9728K(2044928K) Eden: 1988096K(1988096K)->0K(1993728K) From: 27456K(53248K)->9728K(51200K)
[1066.072s][info ][gc,heap        ] GC(121) ParOldGen: 380371K(456704K)->398056K(456704K)
[1066.072s][info ][gc,metaspace   ] GC(121) Metaspace: 83058K(83904K)->83058K(83904K) NonClass: 71406K(71872K)->71406K(71872K) Class: 11651K(12032K)->11651K(12032K)
[1066.072s][info ][gc             ] GC(121) Pause Young (Allocation Failure) 2339M->398M(2443M) 6.355ms
[1066.072s][info ][gc,cpu         ] GC(121) User=0.02s Sys=0.00s Real=0.01s
[1066.072s][info ][safepoint      ] Safepoint "ParallelGCFailedAllocation", Time since last: 20090519505 ns, Reaching safepoint: 46201 ns, At safepoint: 6468424 ns, Total: 6514625 ns
[1095.074s][info ][safepoint      ] Safepoint "Cleanup", Time since last: 29001844300 ns, Reaching safepoint: 50201 ns, At safepoint: 27501 ns, Total: 77702 ns
[1096.074s][info ][safepoint      ] Safepoint "Cleanup", Time since last: 1000099975 ns, Reaching safepoint: 47201 ns, At safepoint: 2600 ns, Total: 49801 ns
[1098.075s][info ][safepoint      ] Safepoint "Cleanup", Time since last: 2000179146 ns, Reaching safepoint: 54501 ns, At safepoint: 10100 ns, Total: 64601 ns
[1100.075s][info ][safepoint      ] Safepoint "Cleanup", Time since last: 2000187341 ns, Reaching safepoint: 48301 ns, At safepoint: 3500 ns, Total: 51801 ns
[1102.075s][info ][safepoint      ] Safepoint "Cleanup", Time since last: 2000178036 ns, Reaching safepoint: 51701 ns, At safepoint: 6100 ns, Total: 57801 ns
[1103.075s][info ][safepoint      ] Safepoint "Cleanup", Time since last: 1000108167 ns, Reaching safepoint: 40101 ns, At safepoint: 3100 ns, Total: 43201 ns
[1104.075s][info ][safepoint      ] Safepoint "Cleanup", Time since last: 1000113665 ns, Reaching safepoint: 49001 ns, At safepoint: 2900 ns, Total: 51901 ns
[1118.076s][info ][safepoint      ] Safepoint "Cleanup", Time since last: 14000921779 ns, Reaching safepoint: 46101 ns, At safepoint: 2500 ns, Total: 48601 ns
[1121.077s][info ][safepoint      ] Safepoint "Cleanup", Time since last: 3000236537 ns, Reaching safepoint: 50901 ns, At safepoint: 4300 ns, Total: 55201 ns
[1122.077s][info ][safepoint      ] Safepoint "Cleanup", Time since last: 1000110044 ns, Reaching safepoint: 46101 ns, At safepoint: 2600 ns, Total: 48701 ns
[1128.077s][info ][safepoint      ] Safepoint "Cleanup", Time since last: 6000437836 ns, Reaching safepoint: 47400 ns, At safepoint: 3001 ns, Total: 50401 ns
[1134.078s][info ][safepoint      ] Safepoint "Cleanup", Time since last: 6000445494 ns, Reaching safepoint: 56701 ns, At safepoint: 3100 ns, Total: 59801 ns
[1135.078s][info ][safepoint      ] Safepoint "Cleanup", Time since last: 1000109329 ns, Reaching safepoint: 47101 ns, At safepoint: 2800 ns, Total: 49901 ns
[1139.079s][info ][safepoint      ] Safepoint "Cleanup", Time since last: 4000327802 ns, Reaching safepoint: 726414 ns, At safepoint: 13300 ns, Total: 739714 ns
[1140.079s][info ][safepoint      ] Safepoint "Cleanup", Time since last: 1000102124 ns, Reaching safepoint: 49301 ns, At safepoint: 3500 ns, Total: 52801 ns
[1141.079s][info ][safepoint      ] Safepoint "Cleanup", Time since last: 1000116822 ns, Reaching safepoint: 53301 ns, At safepoint: 4600 ns, Total: 57901 ns
[1142.364s][info ][gc,start       ] GC(122) Pause Young (Allocation Failure)
[1142.369s][debug][gc,phases      ] GC(122) Scavenge 5.070ms
[1142.369s][debug][gc,ref         ] GC(122) Skipped phase 1 of Reference Processing: no references
[1142.370s][debug][gc,ref         ] GC(122) ReferenceProcessor::execute queues: 1, RefProcThreadModel::Single, marks_oops_alive: false
[1142.370s][debug][gc,ref         ] GC(122) Skipped phase 3 of Reference Processing: no references
[1142.370s][debug][gc,ref         ] GC(122) ReferenceProcessor::execute queues: 1, RefProcThreadModel::Single, marks_oops_alive: false
[1142.370s][debug][gc,phases      ] GC(122) Reference Processing 0.121ms
[1142.370s][debug][gc,phases      ] GC(122)   VM Weak                        Min:  0.0, Avg:  0.0, Max:  0.0, Diff:  0.0, Sum:  0.0, Workers: 4
[1142.370s][debug][gc,phases      ] GC(122)     Dead                           Min: 0, Avg:  0.0, Max: 0, Diff: 0, Sum: 0, Workers: 4
[1142.370s][debug][gc,phases      ] GC(122)     Total                          Min: 0, Avg: 170.8, Max: 512, Diff: 512, Sum: 683, Workers: 4
[1142.370s][debug][gc,phases      ] GC(122)   ObjectSynchronizer Weak        Min:  0.0, Avg:  0.0, Max:  0.0, Diff:  0.0, Sum:  0.0, Workers: 4
[1142.370s][debug][gc,phases      ] GC(122)     Dead                           Min: 0, Avg:  0.0, Max: 0, Diff: 0, Sum: 0, Workers: 4
[1142.370s][debug][gc,phases      ] GC(122)     Total                          Min: 0, Avg: 110.2, Max: 249, Diff: 249, Sum: 441, Workers: 4
[1142.370s][debug][gc,phases      ] GC(122)   JVMTI Tag Weak OopStorage      Min:  0.0, Avg:  0.0, Max:  0.0, Diff:  0.0, Sum:  0.0, Workers: 4
[1142.370s][debug][gc,phases      ] GC(122)     Dead                           Min: 0, Avg:  0.0, Max: 0, Diff: 0, Sum: 0, Workers: 4
[1142.370s][debug][gc,phases      ] GC(122)     Total                          Min: 0, Avg:  0.0, Max: 0, Diff: 0, Sum: 0, Workers: 4
[1142.370s][debug][gc,phases      ] GC(122)   StringTable Weak               Min:  0.1, Avg:  0.1, Max:  0.1, Diff:  0.0, Sum:  0.4, Workers: 4
[1142.370s][debug][gc,phases      ] GC(122)     Dead                           Min: 0, Avg:  0.0, Max: 0, Diff: 0, Sum: 0, Workers: 4
[1142.370s][debug][gc,phases      ] GC(122)     Total                          Min: 11136, Avg: 12033.0, Max: 13248, Diff: 2112, Sum: 48132, Workers: 4
[1142.370s][debug][gc,phases      ] GC(122)   ResolvedMethodTable Weak       Min:  0.0, Avg:  0.0, Max:  0.0, Diff:  0.0, Sum:  0.1, Workers: 4
[1142.370s][debug][gc,phases      ] GC(122)     Dead                           Min: 0, Avg:  0.0, Max: 0, Diff: 0, Sum: 0, Workers: 4
[1142.370s][debug][gc,phases      ] GC(122)     Total                          Min: 1954, Avg: 2042.2, Max: 2173, Diff: 219, Sum: 8169, Workers: 4
[1142.370s][debug][gc,phases      ] GC(122)   JNI Weak                       Min:  0.0, Avg:  0.0, Max:  0.0, Diff:  0.0, Sum:  0.0, Workers: 4
[1142.370s][debug][gc,phases      ] GC(122)     Dead                           Min: 0, Avg:  0.0, Max: 0, Diff: 0, Sum: 0, Workers: 4
[1142.370s][debug][gc,phases      ] GC(122)     Total                          Min: 0, Avg:  0.0, Max: 0, Diff: 0, Sum: 0, Workers: 4
[1142.370s][debug][gc,phases      ] GC(122)   StringDedup Table Weak         Min:  0.0, Avg:  0.0, Max:  0.0, Diff:  0.0, Sum:  0.0, Workers: 4
[1142.370s][debug][gc,phases      ] GC(122)     Dead                           Min: 0, Avg:  0.0, Max: 0, Diff: 0, Sum: 0, Workers: 4
[1142.370s][debug][gc,phases      ] GC(122)     Total                          Min: 0, Avg:  0.0, Max: 0, Diff: 0, Sum: 0, Workers: 4
[1142.370s][debug][gc,phases      ] GC(122)   StringDedup Requests0 Weak     Min:  0.0, Avg:  0.0, Max:  0.0, Diff:  0.0, Sum:  0.0, Workers: 4
[1142.370s][debug][gc,phases      ] GC(122)     Dead                           Min: 0, Avg:  0.0, Max: 0, Diff: 0, Sum: 0, Workers: 4
[1142.370s][debug][gc,phases      ] GC(122)     Total                          Min: 0, Avg:  0.0, Max: 0, Diff: 0, Sum: 0, Workers: 4
[1142.370s][debug][gc,phases      ] GC(122)   StringDedup Requests1 Weak     Min:  0.0, Avg:  0.0, Max:  0.0, Diff:  0.0, Sum:  0.0, Workers: 4
[1142.370s][debug][gc,phases      ] GC(122)     Dead                           Min: 0, Avg:  0.0, Max: 0, Diff: 0, Sum: 0, Workers: 4
[1142.370s][debug][gc,phases      ] GC(122)     Total                          Min: 0, Avg:  0.0, Max: 0, Diff: 0, Sum: 0, Workers: 4
[1142.370s][debug][gc,phases      ] GC(122)   Weak JFR Old Object Samples    Min:  0.0, Avg:  0.0, Max:  0.0, Diff:  0.0, Sum:  0.0, Workers: 4
[1142.370s][debug][gc,phases      ] GC(122)     Dead                           Min: 0, Avg:  0.0, Max: 0, Diff: 0, Sum: 0, Workers: 4
[1142.370s][debug][gc,phases      ] GC(122)     Total                          Min: 0, Avg:  0.0, Max: 0, Diff: 0, Sum: 0, Workers: 4
[1142.370s][debug][gc,phases      ] GC(122) Weak Processing 0.319ms
[1142.370s][debug][gc,age         ] GC(122) Desired survivor size 53477376 bytes, new threshold 15 (max threshold 15)
[1142.370s][info ][gc,heap        ] GC(122) PSYoungGen: 2003456K(2044928K)->8480K(2002432K) Eden: 1993728K(1993728K)->0K(1993728K) From: 9728K(51200K)->8480K(8704K)
[1142.370s][info ][gc,heap        ] GC(122) ParOldGen: 398056K(456704K)->399296K(456704K)
[1142.370s][info ][gc,metaspace   ] GC(122) Metaspace: 83082K(83904K)->83082K(83904K) NonClass: 71431K(71872K)->71431K(71872K) Class: 11651K(12032K)->11651K(12032K)
[1142.370s][info ][gc             ] GC(122) Pause Young (Allocation Failure) 2345M->398M(2401M) 5.641ms
[1142.370s][info ][gc,cpu         ] GC(122) User=0.03s Sys=0.00s Real=0.00s
[1142.370s][info ][safepoint      ] Safepoint "ParallelGCFailedAllocation", Time since last: 1284769835 ns, Reaching safepoint: 119302 ns, At safepoint: 5724209 ns, Total: 5843511 ns
[1143.370s][info ][safepoint      ] Safepoint "Cleanup", Time since last: 1000082919 ns, Reaching safepoint: 51101 ns, At safepoint: 3100 ns, Total: 54201 ns
[1144.370s][info ][safepoint      ] Safepoint "Cleanup", Time since last: 1000115419 ns, Reaching safepoint: 38501 ns, At safepoint: 3000 ns, Total: 41501 ns
[1145.370s][info ][safepoint      ] Safepoint "Cleanup", Time since last: 1000070516 ns, Reaching safepoint: 47201 ns, At safepoint: 10200 ns, Total: 57401 ns
[1146.371s][info ][safepoint      ] Safepoint "Cleanup", Time since last: 1000106317 ns, Reaching safepoint: 47401 ns, At safepoint: 3200 ns, Total: 50601 ns
[1148.371s][info ][safepoint      ] Safepoint "Cleanup", Time since last: 2000181928 ns, Reaching safepoint: 38601 ns, At safepoint: 3600 ns, Total: 42201 ns
[1152.371s][info ][safepoint      ] Safepoint "Cleanup", Time since last: 4000236741 ns, Reaching safepoint: 53401 ns, At safepoint: 3500 ns, Total: 56901 ns
[1153.371s][info ][safepoint      ] Safepoint "Cleanup", Time since last: 1000106909 ns, Reaching safepoint: 51301 ns, At safepoint: 7200 ns, Total: 58501 ns
[1157.372s][info ][safepoint      ] Safepoint "Cleanup", Time since last: 4000299921 ns, Reaching safepoint: 77201 ns, At safepoint: 34201 ns, Total: 111402 ns
[1159.372s][info ][safepoint      ] Safepoint "Cleanup", Time since last: 2000174104 ns, Reaching safepoint: 48401 ns, At safepoint: 8200 ns, Total: 56601 ns
[1160.372s][info ][safepoint      ] Safepoint "Cleanup", Time since last: 1000109801 ns, Reaching safepoint: 41201 ns, At safepoint: 3200 ns, Total: 44401 ns
[1164.372s][info ][safepoint      ] Safepoint "Cleanup", Time since last: 4000297990 ns, Reaching safepoint: 56101 ns, At safepoint: 3900 ns, Total: 60001 ns
[1170.373s][info ][safepoint      ] Safepoint "Cleanup", Time since last: 6000454053 ns, Reaching safepoint: 49801 ns, At safepoint: 4600 ns, Total: 54401 ns
[1171.579s][info ][safepoint      ] Safepoint "Cleanup", Time since last: 1206228803 ns, Reaching safepoint: 111102 ns, At safepoint: 15800 ns, Total: 126902 ns
[1172.579s][info ][safepoint      ] Safepoint "Cleanup", Time since last: 1000107888 ns, Reaching safepoint: 80301 ns, At safepoint: 3200 ns, Total: 83501 ns
[1177.580s][info ][safepoint      ] Safepoint "Cleanup", Time since last: 5000376620 ns, Reaching safepoint: 58202 ns, At safepoint: 10700 ns, Total: 68902 ns
[1180.580s][info ][safepoint      ] Safepoint "Cleanup", Time since last: 3000245139 ns, Reaching safepoint: 45301 ns, At safepoint: 3200 ns, Total: 48501 ns
[1181.580s][info ][safepoint      ] Safepoint "Cleanup", Time since last: 1000126479 ns, Reaching safepoint: 48601 ns, At safepoint: 4500 ns, Total: 53101 ns
[1190.581s][info ][safepoint      ] Safepoint "Cleanup", Time since last: 9000666053 ns, Reaching safepoint: 54501 ns, At safepoint: 5500 ns, Total: 60001 ns
[1197.582s][info ][safepoint      ] Safepoint "Cleanup", Time since last: 7000505350 ns, Reaching safepoint: 53901 ns, At safepoint: 5100 ns, Total: 59001 ns
[1215.583s][info ][safepoint      ] Safepoint "Cleanup", Time since last: 18001295632 ns, Reaching safepoint: 53401 ns, At safepoint: 2900 ns, Total: 56301 ns
[1217.014s][info ][gc,start       ] GC(123) Pause Young (Allocation Failure)
[1217.018s][debug][gc,phases      ] GC(123) Scavenge 4.124ms
[1217.018s][debug][gc,ref         ] GC(123) Skipped phase 1 of Reference Processing: no references
[1217.018s][debug][gc,ref         ] GC(123) ReferenceProcessor::execute queues: 1, RefProcThreadModel::Single, marks_oops_alive: false
[1217.018s][debug][gc,ref         ] GC(123) Skipped phase 3 of Reference Processing: no references
[1217.018s][debug][gc,ref         ] GC(123) ReferenceProcessor::execute queues: 1, RefProcThreadModel::Single, marks_oops_alive: false
[1217.018s][debug][gc,phases      ] GC(123) Reference Processing 0.149ms
[1217.019s][debug][gc,phases      ] GC(123)   VM Weak                        Min:  0.0, Avg:  0.0, Max:  0.0, Diff:  0.0, Sum:  0.0, Workers: 4
[1217.019s][debug][gc,phases      ] GC(123)     Dead                           Min: 0, Avg:  0.0, Max: 0, Diff: 0, Sum: 0, Workers: 4
[1217.019s][debug][gc,phases      ] GC(123)     Total                          Min: 0, Avg: 170.8, Max: 683, Diff: 683, Sum: 683, Workers: 4
[1217.019s][debug][gc,phases      ] GC(123)   ObjectSynchronizer Weak        Min:  0.0, Avg:  0.0, Max:  0.0, Diff:  0.0, Sum:  0.0, Workers: 4
[1217.019s][debug][gc,phases      ] GC(123)     Dead                           Min: 0, Avg:  0.0, Max: 0, Diff: 0, Sum: 0, Workers: 4
[1217.019s][debug][gc,phases      ] GC(123)     Total                          Min: 0, Avg: 110.2, Max: 256, Diff: 256, Sum: 441, Workers: 4
[1217.019s][debug][gc,phases      ] GC(123)   JVMTI Tag Weak OopStorage      Min:  0.0, Avg:  0.0, Max:  0.0, Diff:  0.0, Sum:  0.0, Workers: 4
[1217.019s][debug][gc,phases      ] GC(123)     Dead                           Min: 0, Avg:  0.0, Max: 0, Diff: 0, Sum: 0, Workers: 4
[1217.019s][debug][gc,phases      ] GC(123)     Total                          Min: 0, Avg:  0.0, Max: 0, Diff: 0, Sum: 0, Workers: 4
[1217.019s][debug][gc,phases      ] GC(123)   StringTable Weak               Min:  0.1, Avg:  0.1, Max:  0.1, Diff:  0.0, Sum:  0.4, Workers: 4
[1217.019s][debug][gc,phases      ] GC(123)     Dead                           Min: 0, Avg:  0.0, Max: 0, Diff: 0, Sum: 0, Workers: 4
[1217.019s][debug][gc,phases      ] GC(123)     Total                          Min: 11095, Avg: 12037.8, Max: 13056, Diff: 1961, Sum: 48151, Workers: 4
[1217.019s][debug][gc,phases      ] GC(123)   ResolvedMethodTable Weak       Min:  0.0, Avg:  0.0, Max:  0.0, Diff:  0.0, Sum:  0.1, Workers: 4
[1217.019s][debug][gc,phases      ] GC(123)     Dead                           Min: 0, Avg:  0.0, Max: 0, Diff: 0, Sum: 0, Workers: 4
[1217.019s][debug][gc,phases      ] GC(123)     Total                          Min: 1984, Avg: 2042.2, Max: 2112, Diff: 128, Sum: 8169, Workers: 4
[1217.019s][debug][gc,phases      ] GC(123)   JNI Weak                       Min:  0.0, Avg:  0.0, Max:  0.0, Diff:  0.0, Sum:  0.0, Workers: 4
[1217.019s][debug][gc,phases      ] GC(123)     Dead                           Min: 0, Avg:  0.0, Max: 0, Diff: 0, Sum: 0, Workers: 4
[1217.019s][debug][gc,phases      ] GC(123)     Total                          Min: 0, Avg:  0.0, Max: 0, Diff: 0, Sum: 0, Workers: 4
[1217.019s][debug][gc,phases      ] GC(123)   StringDedup Table Weak         Min:  0.0, Avg:  0.0, Max:  0.0, Diff:  0.0, Sum:  0.0, Workers: 4
[1217.019s][debug][gc,phases      ] GC(123)     Dead                           Min: 0, Avg:  0.0, Max: 0, Diff: 0, Sum: 0, Workers: 4
[1217.019s][debug][gc,phases      ] GC(123)     Total                          Min: 0, Avg:  0.0, Max: 0, Diff: 0, Sum: 0, Workers: 4
[1217.019s][debug][gc,phases      ] GC(123)   StringDedup Requests0 Weak     Min:  0.0, Avg:  0.0, Max:  0.0, Diff:  0.0, Sum:  0.0, Workers: 4
[1217.019s][debug][gc,phases      ] GC(123)     Dead                           Min: 0, Avg:  0.0, Max: 0, Diff: 0, Sum: 0, Workers: 4
[1217.019s][debug][gc,phases      ] GC(123)     Total                          Min: 0, Avg:  0.0, Max: 0, Diff: 0, Sum: 0, Workers: 4
[1217.019s][debug][gc,phases      ] GC(123)   StringDedup Requests1 Weak     Min:  0.0, Avg:  0.0, Max:  0.0, Diff:  0.0, Sum:  0.0, Workers: 4
[1217.019s][debug][gc,phases      ] GC(123)     Dead                           Min: 0, Avg:  0.0, Max: 0, Diff: 0, Sum: 0, Workers: 4
[1217.019s][debug][gc,phases      ] GC(123)     Total                          Min: 0, Avg:  0.0, Max: 0, Diff: 0, Sum: 0, Workers: 4
[1217.019s][debug][gc,phases      ] GC(123)   Weak JFR Old Object Samples    Min:  0.0, Avg:  0.0, Max:  0.0, Diff:  0.0, Sum:  0.0, Workers: 4
[1217.019s][debug][gc,phases      ] GC(123)     Dead                           Min: 0, Avg:  0.0, Max: 0, Diff: 0, Sum: 0, Workers: 4
[1217.019s][debug][gc,phases      ] GC(123)     Total                          Min: 0, Avg:  0.0, Max: 0, Diff: 0, Sum: 0, Workers: 4
[1217.019s][debug][gc,phases      ] GC(123) Weak Processing 0.306ms
[1217.019s][debug][gc,age         ] GC(123) Desired survivor size 54001664 bytes, new threshold 15 (max threshold 15)
[1217.019s][info ][gc,heap        ] GC(123) PSYoungGen: 2002208K(2002432K)->7040K(2043904K) Eden: 1993728K(1993728K)->0K(1991680K) From: 8480K(8704K)->7040K(52224K)
[1217.019s][info ][gc,heap        ] GC(123) ParOldGen: 399296K(456704K)->400924K(456704K)
[1217.019s][info ][gc,metaspace   ] GC(123) Metaspace: 83096K(83904K)->83096K(83904K) NonClass: 71444K(71872K)->71444K(71872K) Class: 11651K(12032K)->11651K(12032K)
[1217.019s][info ][gc             ] GC(123) Pause Young (Allocation Failure) 2345M->398M(2442M) 4.711ms
[1217.019s][info ][gc,cpu         ] GC(123) User=0.02s Sys=0.00s Real=0.00s
[1217.019s][info ][safepoint      ] Safepoint "ParallelGCFailedAllocation", Time since last: 1430913403 ns, Reaching safepoint: 112202 ns, At safepoint: 4804191 ns, Total: 4916393 ns
[1221.019s][info ][safepoint      ] Safepoint "Cleanup", Time since last: 4000248158 ns, Reaching safepoint: 48701 ns, At safepoint: 11600 ns, Total: 60301 ns
[1224.019s][info ][safepoint      ] Safepoint "Cleanup", Time since last: 3000238309 ns, Reaching safepoint: 50601 ns, At safepoint: 4900 ns, Total: 55501 ns
[1226.020s][info ][safepoint      ] Safepoint "Cleanup", Time since last: 2000183069 ns, Reaching safepoint: 84301 ns, At safepoint: 7801 ns, Total: 92102 ns
[1227.020s][info ][safepoint      ] Safepoint "Cleanup", Time since last: 1000122133 ns, Reaching safepoint: 45201 ns, At safepoint: 2600 ns, Total: 47801 ns
[1229.020s][info ][safepoint      ] Safepoint "Cleanup", Time since last: 2000194963 ns, Reaching safepoint: 45801 ns, At safepoint: 2200 ns, Total: 48001 ns
[1232.020s][info ][safepoint      ] Safepoint "Cleanup", Time since last: 3000243086 ns, Reaching safepoint: 46001 ns, At safepoint: 2100 ns, Total: 48101 ns
[1233.356s][info ][safepoint      ] Safepoint "Cleanup", Time since last: 1335490574 ns, Reaching safepoint: 39701 ns, At safepoint: 9800 ns, Total: 49501 ns
[1234.356s][info ][safepoint      ] Safepoint "Cleanup", Time since last: 1000051525 ns, Reaching safepoint: 69802 ns, At safepoint: 4800 ns, Total: 74602 ns
[1249.357s][info ][safepoint      ] Safepoint "Cleanup", Time since last: 15000994469 ns, Reaching safepoint: 48701 ns, At safepoint: 25000 ns, Total: 73701 ns
[1257.358s][info ][safepoint      ] Safepoint "Cleanup", Time since last: 8000587724 ns, Reaching safepoint: 49801 ns, At safepoint: 29801 ns, Total: 79602 ns
[1263.358s][info ][safepoint      ] Safepoint "Cleanup", Time since last: 6000463161 ns, Reaching safepoint: 54702 ns, At safepoint: 8600 ns, Total: 63302 ns
[1267.772s][info ][safepoint      ] Safepoint "Cleanup", Time since last: 4413599683 ns, Reaching safepoint: 50401 ns, At safepoint: 3000 ns, Total: 53401 ns
[1271.773s][info ][safepoint      ] Safepoint "Cleanup", Time since last: 4000833210 ns, Reaching safepoint: 66401 ns, At safepoint: 8000 ns, Total: 74401 ns
[1272.773s][info ][safepoint      ] Safepoint "Cleanup", Time since last: 1000115108 ns, Reaching safepoint: 44801 ns, At safepoint: 3800 ns, Total: 48601 ns
[1280.774s][info ][safepoint      ] Safepoint "Cleanup", Time since last: 8000568790 ns, Reaching safepoint: 75702 ns, At safepoint: 11800 ns, Total: 87502 ns
[1282.774s][info ][safepoint      ] Safepoint "Cleanup", Time since last: 2000205378 ns, Reaching safepoint: 46601 ns, At safepoint: 3100 ns, Total: 49701 ns
[1283.774s][info ][safepoint      ] Safepoint "Cleanup", Time since last: 1000122429 ns, Reaching safepoint: 33201 ns, At safepoint: 6200 ns, Total: 39401 ns
[1287.775s][info ][safepoint      ] Safepoint "Cleanup", Time since last: 4000386942 ns, Reaching safepoint: 78502 ns, At safepoint: 8200 ns, Total: 86702 ns
[1292.619s][info ][gc,start       ] GC(124) Pause Young (Allocation Failure)
[1292.623s][debug][gc,phases      ] GC(124) Scavenge 3.681ms
[1292.623s][debug][gc,ref         ] GC(124) Skipped phase 1 of Reference Processing: no references
[1292.623s][debug][gc,ref         ] GC(124) ReferenceProcessor::execute queues: 1, RefProcThreadModel::Single, marks_oops_alive: false
[1292.623s][debug][gc,ref         ] GC(124) Skipped phase 3 of Reference Processing: no references
[1292.623s][debug][gc,ref         ] GC(124) ReferenceProcessor::execute queues: 1, RefProcThreadModel::Single, marks_oops_alive: false
[1292.623s][debug][gc,phases      ] GC(124) Reference Processing 0.154ms
[1292.623s][debug][gc,phases      ] GC(124)   VM Weak                        Min:  0.0, Avg:  0.0, Max:  0.0, Diff:  0.0, Sum:  0.0, Workers: 4
[1292.623s][debug][gc,phases      ] GC(124)     Dead                           Min: 0, Avg:  0.0, Max: 0, Diff: 0, Sum: 0, Workers: 4
[1292.623s][debug][gc,phases      ] GC(124)     Total                          Min: 0, Avg: 170.8, Max: 576, Diff: 576, Sum: 683, Workers: 4
[1292.623s][debug][gc,phases      ] GC(124)   ObjectSynchronizer Weak        Min:  0.0, Avg:  0.0, Max:  0.0, Diff:  0.0, Sum:  0.0, Workers: 4
[1292.623s][debug][gc,phases      ] GC(124)     Dead                           Min: 0, Avg:  0.0, Max: 0, Diff: 0, Sum: 0, Workers: 4
[1292.623s][debug][gc,phases      ] GC(124)     Total                          Min: 0, Avg: 110.5, Max: 256, Diff: 256, Sum: 442, Workers: 4
[1292.623s][debug][gc,phases      ] GC(124)   JVMTI Tag Weak OopStorage      Min:  0.0, Avg:  0.0, Max:  0.0, Diff:  0.0, Sum:  0.0, Workers: 4
[1292.623s][debug][gc,phases      ] GC(124)     Dead                           Min: 0, Avg:  0.0, Max: 0, Diff: 0, Sum: 0, Workers: 4
[1292.623s][debug][gc,phases      ] GC(124)     Total                          Min: 0, Avg:  0.0, Max: 0, Diff: 0, Sum: 0, Workers: 4
[1292.623s][debug][gc,phases      ] GC(124)   StringTable Weak               Min:  0.1, Avg:  0.1, Max:  0.1, Diff:  0.0, Sum:  0.4, Workers: 4
[1292.623s][debug][gc,phases      ] GC(124)     Dead                           Min: 0, Avg:  0.0, Max: 0, Diff: 0, Sum: 0, Workers: 4
[1292.623s][debug][gc,phases      ] GC(124)     Total                          Min: 11167, Avg: 12039.8, Max: 12736, Diff: 1569, Sum: 48159, Workers: 4
[1292.623s][debug][gc,phases      ] GC(124)   ResolvedMethodTable Weak       Min:  0.0, Avg:  0.0, Max:  0.0, Diff:  0.0, Sum:  0.1, Workers: 4
[1292.623s][debug][gc,phases      ] GC(124)     Dead                           Min: 0, Avg:  0.0, Max: 0, Diff: 0, Sum: 0, Workers: 4
[1292.623s][debug][gc,phases      ] GC(124)     Total                          Min: 1856, Avg: 2042.8, Max: 2314, Diff: 458, Sum: 8171, Workers: 4
[1292.623s][debug][gc,phases      ] GC(124)   JNI Weak                       Min:  0.0, Avg:  0.0, Max:  0.0, Diff:  0.0, Sum:  0.0, Workers: 4
[1292.623s][debug][gc,phases      ] GC(124)     Dead                           Min: 0, Avg:  0.0, Max: 0, Diff: 0, Sum: 0, Workers: 4
[1292.623s][debug][gc,phases      ] GC(124)     Total                          Min: 0, Avg:  0.0, Max: 0, Diff: 0, Sum: 0, Workers: 4
[1292.623s][debug][gc,phases      ] GC(124)   StringDedup Table Weak         Min:  0.0, Avg:  0.0, Max:  0.0, Diff:  0.0, Sum:  0.0, Workers: 4
[1292.623s][debug][gc,phases      ] GC(124)     Dead                           Min: 0, Avg:  0.0, Max: 0, Diff: 0, Sum: 0, Workers: 4
[1292.623s][debug][gc,phases      ] GC(124)     Total                          Min: 0, Avg:  0.0, Max: 0, Diff: 0, Sum: 0, Workers: 4
[1292.623s][debug][gc,phases      ] GC(124)   StringDedup Requests0 Weak     Min:  0.0, Avg:  0.0, Max:  0.0, Diff:  0.0, Sum:  0.0, Workers: 4
[1292.623s][debug][gc,phases      ] GC(124)     Dead                           Min: 0, Avg:  0.0, Max: 0, Diff: 0, Sum: 0, Workers: 4
[1292.623s][debug][gc,phases      ] GC(124)     Total                          Min: 0, Avg:  0.0, Max: 0, Diff: 0, Sum: 0, Workers: 4
[1292.623s][debug][gc,phases      ] GC(124)   StringDedup Requests1 Weak     Min:  0.0, Avg:  0.0, Max:  0.0, Diff:  0.0, Sum:  0.0, Workers: 4
[1292.623s][debug][gc,phases      ] GC(124)     Dead                           Min: 0, Avg:  0.0, Max: 0, Diff: 0, Sum: 0, Workers: 4
[1292.623s][debug][gc,phases      ] GC(124)     Total                          Min: 0, Avg:  0.0, Max: 0, Diff: 0, Sum: 0, Workers: 4
[1292.623s][debug][gc,phases      ] GC(124)   Weak JFR Old Object Samples    Min:  0.0, Avg:  0.0, Max:  0.0, Diff:  0.0, Sum:  0.0, Workers: 4
[1292.623s][debug][gc,phases      ] GC(124)     Dead                           Min: 0, Avg:  0.0, Max: 0, Diff: 0, Sum: 0, Workers: 4
[1292.623s][debug][gc,phases      ] GC(124)     Total                          Min: 0, Avg:  0.0, Max: 0, Diff: 0, Sum: 0, Workers: 4
[1292.623s][debug][gc,phases      ] GC(124) Weak Processing 0.367ms
[1292.623s][debug][gc,age         ] GC(124) Desired survivor size 53477376 bytes, new threshold 15 (max threshold 15)
[1292.623s][info ][gc,heap        ] GC(124) PSYoungGen: 1998720K(2043904K)->6352K(2044416K) Eden: 1991680K(1991680K)->0K(1991680K) From: 7040K(52224K)->6352K(52736K)
[1292.623s][info ][gc,heap        ] GC(124) ParOldGen: 400924K(456704K)->401725K(456704K)
[1292.623s][info ][gc,metaspace   ] GC(124) Metaspace: 83126K(83968K)->83126K(83968K) NonClass: 71471K(71936K)->71471K(71936K) Class: 11655K(12032K)->11655K(12032K)
[1292.623s][info ][gc             ] GC(124) Pause Young (Allocation Failure) 2343M->398M(2442M) 4.322ms
[1292.623s][info ][gc,cpu         ] GC(124) User=0.01s Sys=0.00s Real=0.01s
[1292.623s][info ][safepoint      ] Safepoint "ParallelGCFailedAllocation", Time since last: 4844364889 ns, Reaching safepoint: 49701 ns, At safepoint: 4417899 ns, Total: 4467600 ns
[1293.624s][info ][safepoint      ] Safepoint "Cleanup", Time since last: 1000085759 ns, Reaching safepoint: 34601 ns, At safepoint: 2500 ns, Total: 37101 ns
[1297.624s][info ][safepoint      ] Safepoint "Cleanup", Time since last: 4000300766 ns, Reaching safepoint: 68601 ns, At safepoint: 28701 ns, Total: 97302 ns
[1301.624s][info ][safepoint      ] Safepoint "Cleanup", Time since last: 4000305156 ns, Reaching safepoint: 56901 ns, At safepoint: 3400 ns, Total: 60301 ns
[1302.624s][info ][safepoint      ] Safepoint "Cleanup", Time since last: 1000099598 ns, Reaching safepoint: 50701 ns, At safepoint: 3600 ns, Total: 54301 ns
[1304.625s][info ][safepoint      ] Safepoint "Cleanup", Time since last: 2000173974 ns, Reaching safepoint: 50401 ns, At safepoint: 3600 ns, Total: 54001 ns
[1312.631s][info ][safepoint      ] Safepoint "Cleanup", Time since last: 8006603157 ns, Reaching safepoint: 55902 ns, At safepoint: 7300 ns, Total: 63202 ns
[1315.632s][info ][safepoint      ] Safepoint "Cleanup", Time since last: 3000269549 ns, Reaching safepoint: 58701 ns, At safepoint: 7800 ns, Total: 66501 ns
[1316.632s][info ][safepoint      ] Safepoint "Cleanup", Time since last: 1000121404 ns, Reaching safepoint: 63302 ns, At safepoint: 4100 ns, Total: 67402 ns
[1317.632s][info ][safepoint      ] Safepoint "Cleanup", Time since last: 1000122497 ns, Reaching safepoint: 55001 ns, At safepoint: 7400 ns, Total: 62401 ns
[1318.635s][info ][safepoint      ] Safepoint "Cleanup", Time since last: 1002967254 ns, Reaching safepoint: 67102 ns, At safepoint: 10600 ns, Total: 77702 ns
[1319.635s][info ][safepoint      ] Safepoint "Cleanup", Time since last: 1000105884 ns, Reaching safepoint: 59401 ns, At safepoint: 5000 ns, Total: 64401 ns
[1331.639s][info ][safepoint      ] Safepoint "Cleanup", Time since last: 12000833884 ns, Reaching safepoint: 3215972 ns, At safepoint: 10500 ns, Total: 3226472 ns
[1336.640s][info ][safepoint      ] Safepoint "Cleanup", Time since last: 5000410028 ns, Reaching safepoint: 43501 ns, At safepoint: 18201 ns, Total: 61702 ns
[1343.641s][info ][safepoint      ] Safepoint "Cleanup", Time since last: 7000638434 ns, Reaching safepoint: 59301 ns, At safepoint: 3800 ns, Total: 63101 ns
[1365.642s][info ][safepoint      ] Safepoint "Cleanup", Time since last: 22001456755 ns, Reaching safepoint: 52001 ns, At safepoint: 11100 ns, Total: 63101 ns
[1367.642s][info ][safepoint      ] Safepoint "Cleanup", Time since last: 2000133268 ns, Reaching safepoint: 49301 ns, At safepoint: 4200 ns, Total: 53501 ns
[1368.264s][info ][gc,start       ] GC(125) Pause Young (Allocation Failure)
[1368.267s][debug][gc,phases      ] GC(125) Scavenge 3.570ms
[1368.267s][debug][gc,ref         ] GC(125) Skipped phase 1 of Reference Processing: no references
[1368.267s][debug][gc,ref         ] GC(125) ReferenceProcessor::execute queues: 1, RefProcThreadModel::Single, marks_oops_alive: false
[1368.267s][debug][gc,ref         ] GC(125) Skipped phase 3 of Reference Processing: no references
[1368.267s][debug][gc,ref         ] GC(125) ReferenceProcessor::execute queues: 1, RefProcThreadModel::Single, marks_oops_alive: false
[1368.267s][debug][gc,phases      ] GC(125) Reference Processing 0.115ms
[1368.267s][debug][gc,phases      ] GC(125)   VM Weak                        Min:  0.0, Avg:  0.0, Max:  0.0, Diff:  0.0, Sum:  0.0, Workers: 4
[1368.267s][debug][gc,phases      ] GC(125)     Dead                           Min: 0, Avg:  0.0, Max: 0, Diff: 0, Sum: 0, Workers: 4
[1368.267s][debug][gc,phases      ] GC(125)     Total                          Min: 0, Avg: 170.8, Max: 384, Diff: 384, Sum: 683, Workers: 4
[1368.268s][debug][gc,phases      ] GC(125)   ObjectSynchronizer Weak        Min:  0.0, Avg:  0.0, Max:  0.0, Diff:  0.0, Sum:  0.0, Workers: 4
[1368.268s][debug][gc,phases      ] GC(125)     Dead                           Min: 0, Avg:  0.0, Max: 0, Diff: 0, Sum: 0, Workers: 4
[1368.268s][debug][gc,phases      ] GC(125)     Total                          Min: 0, Avg: 110.5, Max: 250, Diff: 250, Sum: 442, Workers: 4
[1368.268s][debug][gc,phases      ] GC(125)   JVMTI Tag Weak OopStorage      Min:  0.0, Avg:  0.0, Max:  0.0, Diff:  0.0, Sum:  0.0, Workers: 4
[1368.268s][debug][gc,phases      ] GC(125)     Dead                           Min: 0, Avg:  0.0, Max: 0, Diff: 0, Sum: 0, Workers: 4
[1368.268s][debug][gc,phases      ] GC(125)     Total                          Min: 0, Avg:  0.0, Max: 0, Diff: 0, Sum: 0, Workers: 4
[1368.268s][debug][gc,phases      ] GC(125)   StringTable Weak               Min:  0.1, Avg:  0.1, Max:  0.1, Diff:  0.0, Sum:  0.4, Workers: 4
[1368.268s][debug][gc,phases      ] GC(125)     Dead                           Min: 0, Avg:  0.0, Max: 0, Diff: 0, Sum: 0, Workers: 4
[1368.268s][debug][gc,phases      ] GC(125)     Total                          Min: 10892, Avg: 12051.0, Max: 13632, Diff: 2740, Sum: 48204, Workers: 4
[1368.268s][debug][gc,phases      ] GC(125)   ResolvedMethodTable Weak       Min:  0.0, Avg:  0.0, Max:  0.0, Diff:  0.0, Sum:  0.1, Workers: 4
[1368.268s][debug][gc,phases      ] GC(125)     Dead                           Min: 0, Avg:  0.0, Max: 0, Diff: 0, Sum: 0, Workers: 4
[1368.268s][debug][gc,phases      ] GC(125)     Total                          Min: 1825, Avg: 2042.8, Max: 2250, Diff: 425, Sum: 8171, Workers: 4
[1368.268s][debug][gc,phases      ] GC(125)   JNI Weak                       Min:  0.0, Avg:  0.0, Max:  0.0, Diff:  0.0, Sum:  0.0, Workers: 4
[1368.268s][debug][gc,phases      ] GC(125)     Dead                           Min: 0, Avg:  0.0, Max: 0, Diff: 0, Sum: 0, Workers: 4
[1368.268s][debug][gc,phases      ] GC(125)     Total                          Min: 0, Avg:  0.0, Max: 0, Diff: 0, Sum: 0, Workers: 4
[1368.268s][debug][gc,phases      ] GC(125)   StringDedup Table Weak         Min:  0.0, Avg:  0.0, Max:  0.0, Diff:  0.0, Sum:  0.0, Workers: 4
[1368.268s][debug][gc,phases      ] GC(125)     Dead                           Min: 0, Avg:  0.0, Max: 0, Diff: 0, Sum: 0, Workers: 4
[1368.268s][debug][gc,phases      ] GC(125)     Total                          Min: 0, Avg:  0.0, Max: 0, Diff: 0, Sum: 0, Workers: 4
[1368.268s][debug][gc,phases      ] GC(125)   StringDedup Requests0 Weak     Min:  0.0, Avg:  0.0, Max:  0.0, Diff:  0.0, Sum:  0.0, Workers: 4
[1368.268s][debug][gc,phases      ] GC(125)     Dead                           Min: 0, Avg:  0.0, Max: 0, Diff: 0, Sum: 0, Workers: 4
[1368.268s][debug][gc,phases      ] GC(125)     Total                          Min: 0, Avg:  0.0, Max: 0, Diff: 0, Sum: 0, Workers: 4
[1368.268s][debug][gc,phases      ] GC(125)   StringDedup Requests1 Weak     Min:  0.0, Avg:  0.0, Max:  0.0, Diff:  0.0, Sum:  0.0, Workers: 4
[1368.268s][debug][gc,phases      ] GC(125)     Dead                           Min: 0, Avg:  0.0, Max: 0, Diff: 0, Sum: 0, Workers: 4
[1368.268s][debug][gc,phases      ] GC(125)     Total                          Min: 0, Avg:  0.0, Max: 0, Diff: 0, Sum: 0, Workers: 4
[1368.268s][debug][gc,phases      ] GC(125)   Weak JFR Old Object Samples    Min:  0.0, Avg:  0.0, Max:  0.0, Diff:  0.0, Sum:  0.0, Workers: 4
[1368.268s][debug][gc,phases      ] GC(125)     Dead                           Min: 0, Avg:  0.0, Max: 0, Diff: 0, Sum: 0, Workers: 4
[1368.268s][debug][gc,phases      ] GC(125)     Total                          Min: 0, Avg:  0.0, Max: 0, Diff: 0, Sum: 0, Workers: 4
[1368.268s][debug][gc,phases      ] GC(125) Weak Processing 0.312ms
[1368.268s][debug][gc,age         ] GC(125) Desired survivor size 53477376 bytes, new threshold 15 (max threshold 15)
[1368.268s][info ][gc,heap        ] GC(125) PSYoungGen: 1998032K(2044416K)->4896K(2044928K) Eden: 1991680K(1991680K)->0K(1992704K) From: 6352K(52736K)->4896K(52224K)
[1368.268s][info ][gc,heap        ] GC(125) ParOldGen: 401725K(456704K)->403405K(456704K)
[1368.268s][info ][gc,metaspace   ] GC(125) Metaspace: 83148K(83968K)->83148K(83968K) NonClass: 71493K(71936K)->71493K(71936K) Class: 11655K(12032K)->11655K(12032K)
[1368.268s][info ][gc             ] GC(125) Pause Young (Allocation Failure) 2343M->398M(2443M) 4.114ms
[1368.268s][info ][gc,cpu         ] GC(125) User=0.02s Sys=0.00s Real=0.00s
[1368.268s][info ][safepoint      ] Safepoint "ParallelGCFailedAllocation", Time since last: 621241751 ns, Reaching safepoint: 28301 ns, At safepoint: 4177391 ns, Total: 4205692 ns
[1369.268s][info ][safepoint      ] Safepoint "Cleanup", Time since last: 1000096472 ns, Reaching safepoint: 140003 ns, At safepoint: 12201 ns, Total: 152204 ns
[1373.268s][info ][safepoint      ] Safepoint "Cleanup", Time since last: 4000314926 ns, Reaching safepoint: 112502 ns, At safepoint: 5000 ns, Total: 117502 ns
[1383.269s][info ][safepoint      ] Safepoint "Cleanup", Time since last: 10000710450 ns, Reaching safepoint: 118403 ns, At safepoint: 37800 ns, Total: 156203 ns
[1387.270s][info ][safepoint      ] Safepoint "Cleanup", Time since last: 4000303197 ns, Reaching safepoint: 63302 ns, At safepoint: 7100 ns, Total: 70402 ns
[1388.270s][info ][safepoint      ] Safepoint "Cleanup", Time since last: 1000110561 ns, Reaching safepoint: 43501 ns, At safepoint: 2100 ns, Total: 45601 ns
[1392.270s][info ][safepoint      ] Safepoint "Cleanup", Time since last: 4000317282 ns, Reaching safepoint: 45201 ns, At safepoint: 3900 ns, Total: 49101 ns
[1397.271s][info ][safepoint      ] Safepoint "Cleanup", Time since last: 5000375799 ns, Reaching safepoint: 47601 ns, At safepoint: 4300 ns, Total: 51901 ns
[1402.271s][info ][safepoint      ] Safepoint "Cleanup", Time since last: 5000372757 ns, Reaching safepoint: 77502 ns, At safepoint: 9300 ns, Total: 86802 ns
[1407.271s][info ][safepoint      ] Safepoint "Cleanup", Time since last: 5000357517 ns, Reaching safepoint: 49001 ns, At safepoint: 3600 ns, Total: 52601 ns
[1408.272s][info ][safepoint      ] Safepoint "Cleanup", Time since last: 1000130448 ns, Reaching safepoint: 131203 ns, At safepoint: 7000 ns, Total: 138203 ns
[1441.714s][info ][gc,start       ] GC(126) Pause Young (Allocation Failure)
[1441.717s][debug][gc,phases      ] GC(126) Scavenge 3.146ms
[1441.717s][debug][gc,ref         ] GC(126) Skipped phase 1 of Reference Processing: no references
[1441.718s][debug][gc,ref         ] GC(126) ReferenceProcessor::execute queues: 1, RefProcThreadModel::Single, marks_oops_alive: false
[1441.718s][debug][gc,ref         ] GC(126) Skipped phase 3 of Reference Processing: no references
[1441.718s][debug][gc,ref         ] GC(126) ReferenceProcessor::execute queues: 1, RefProcThreadModel::Single, marks_oops_alive: false
[1441.718s][debug][gc,phases      ] GC(126) Reference Processing 0.160ms
[1441.718s][debug][gc,phases      ] GC(126)   VM Weak                        Min:  0.0, Avg:  0.0, Max:  0.0, Diff:  0.0, Sum:  0.0, Workers: 4
[1441.718s][debug][gc,phases      ] GC(126)     Dead                           Min: 0, Avg:  0.0, Max: 0, Diff: 0, Sum: 0, Workers: 4
[1441.718s][debug][gc,phases      ] GC(126)     Total                          Min: 0, Avg: 170.8, Max: 640, Diff: 640, Sum: 683, Workers: 4
[1441.718s][debug][gc,phases      ] GC(126)   ObjectSynchronizer Weak        Min:  0.0, Avg:  0.0, Max:  0.0, Diff:  0.0, Sum:  0.0, Workers: 4
[1441.718s][debug][gc,phases      ] GC(126)     Dead                           Min: 0, Avg:  0.0, Max: 0, Diff: 0, Sum: 0, Workers: 4
[1441.718s][debug][gc,phases      ] GC(126)     Total                          Min: 0, Avg: 110.5, Max: 256, Diff: 256, Sum: 442, Workers: 4
[1441.718s][debug][gc,phases      ] GC(126)   JVMTI Tag Weak OopStorage      Min:  0.0, Avg:  0.0, Max:  0.0, Diff:  0.0, Sum:  0.0, Workers: 4
[1441.718s][debug][gc,phases      ] GC(126)     Dead                           Min: 0, Avg:  0.0, Max: 0, Diff: 0, Sum: 0, Workers: 4
[1441.718s][debug][gc,phases      ] GC(126)     Total                          Min: 0, Avg:  0.0, Max: 0, Diff: 0, Sum: 0, Workers: 4
[1441.718s][debug][gc,phases      ] GC(126)   StringTable Weak               Min:  0.1, Avg:  0.1, Max:  0.1, Diff:  0.0, Sum:  0.4, Workers: 4
[1441.718s][debug][gc,phases      ] GC(126)     Dead                           Min: 0, Avg:  0.0, Max: 0, Diff: 0, Sum: 0, Workers: 4
[1441.718s][debug][gc,phases      ] GC(126)     Total                          Min: 10833, Avg: 12052.2, Max: 13376, Diff: 2543, Sum: 48209, Workers: 4
[1441.718s][debug][gc,phases      ] GC(126)   ResolvedMethodTable Weak       Min:  0.0, Avg:  0.0, Max:  0.0, Diff:  0.0, Sum:  0.1, Workers: 4
[1441.718s][debug][gc,phases      ] GC(126)     Dead                           Min: 0, Avg:  0.0, Max: 0, Diff: 0, Sum: 0, Workers: 4
[1441.718s][debug][gc,phases      ] GC(126)     Total                          Min: 1763, Avg: 2043.2, Max: 2442, Diff: 679, Sum: 8173, Workers: 4
[1441.718s][debug][gc,phases      ] GC(126)   JNI Weak                       Min:  0.0, Avg:  0.0, Max:  0.0, Diff:  0.0, Sum:  0.0, Workers: 4
[1441.718s][debug][gc,phases      ] GC(126)     Dead                           Min: 0, Avg:  0.0, Max: 0, Diff: 0, Sum: 0, Workers: 4
[1441.718s][debug][gc,phases      ] GC(126)     Total                          Min: 0, Avg:  0.0, Max: 0, Diff: 0, Sum: 0, Workers: 4
[1441.718s][debug][gc,phases      ] GC(126)   StringDedup Table Weak         Min:  0.0, Avg:  0.0, Max:  0.0, Diff:  0.0, Sum:  0.0, Workers: 4
[1441.718s][debug][gc,phases      ] GC(126)     Dead                           Min: 0, Avg:  0.0, Max: 0, Diff: 0, Sum: 0, Workers: 4
[1441.718s][debug][gc,phases      ] GC(126)     Total                          Min: 0, Avg:  0.0, Max: 0, Diff: 0, Sum: 0, Workers: 4
[1441.718s][debug][gc,phases      ] GC(126)   StringDedup Requests0 Weak     Min:  0.0, Avg:  0.0, Max:  0.0, Diff:  0.0, Sum:  0.0, Workers: 4
[1441.718s][debug][gc,phases      ] GC(126)     Dead                           Min: 0, Avg:  0.0, Max: 0, Diff: 0, Sum: 0, Workers: 4
[1441.718s][debug][gc,phases      ] GC(126)     Total                          Min: 0, Avg:  0.0, Max: 0, Diff: 0, Sum: 0, Workers: 4
[1441.718s][debug][gc,phases      ] GC(126)   StringDedup Requests1 Weak     Min:  0.0, Avg:  0.0, Max:  0.0, Diff:  0.0, Sum:  0.0, Workers: 4
[1441.718s][debug][gc,phases      ] GC(126)     Dead                           Min: 0, Avg:  0.0, Max: 0, Diff: 0, Sum: 0, Workers: 4
[1441.718s][debug][gc,phases      ] GC(126)     Total                          Min: 0, Avg:  0.0, Max: 0, Diff: 0, Sum: 0, Workers: 4
[1441.718s][debug][gc,phases      ] GC(126)   Weak JFR Old Object Samples    Min:  0.0, Avg:  0.0, Max:  0.0, Diff:  0.0, Sum:  0.0, Workers: 4
[1441.718s][debug][gc,phases      ] GC(126)     Dead                           Min: 0, Avg:  0.0, Max: 0, Diff: 0, Sum: 0, Workers: 4
[1441.718s][debug][gc,phases      ] GC(126)     Total                          Min: 0, Avg:  0.0, Max: 0, Diff: 0, Sum: 0, Workers: 4
[1441.718s][debug][gc,phases      ] GC(126) Weak Processing 0.319ms
[1441.718s][debug][gc,age         ] GC(126) Desired survivor size 52428800 bytes, new threshold 15 (max threshold 15)
[1441.718s][info ][gc,heap        ] GC(126) PSYoungGen: 1997600K(2044928K)->4768K(2044928K) Eden: 1992704K(1992704K)->0K(1992704K) From: 4896K(52224K)->4768K(52224K)
[1441.718s][info ][gc,heap        ] GC(126) ParOldGen: 403405K(456704K)->403509K(456704K)
[1441.718s][info ][gc,metaspace   ] GC(126) Metaspace: 83172K(83968K)->83172K(83968K) NonClass: 71513K(71936K)->71513K(71936K) Class: 11659K(12032K)->11659K(12032K)
[1441.718s][info ][gc             ] GC(126) Pause Young (Allocation Failure) 2344M->398M(2443M) 3.766ms
[1441.718s][info ][gc,cpu         ] GC(126) User=0.01s Sys=0.00s Real=0.00s
[1441.718s][info ][safepoint      ] Safepoint "ParallelGCFailedAllocation", Time since last: 33442377191 ns, Reaching safepoint: 119103 ns, At safepoint: 3846783 ns, Total: 3965886 ns
[1442.718s][info ][safepoint      ] Safepoint "Cleanup", Time since last: 1000087162 ns, Reaching safepoint: 36801 ns, At safepoint: 2400 ns, Total: 39201 ns
[1443.718s][info ][safepoint      ] Safepoint "Cleanup", Time since last: 1000109558 ns, Reaching safepoint: 50101 ns, At safepoint: 2400 ns, Total: 52501 ns
[1451.719s][info ][safepoint      ] Safepoint "Cleanup", Time since last: 8000584471 ns, Reaching safepoint: 53802 ns, At safepoint: 2400 ns, Total: 56202 ns
[1459.720s][info ][safepoint      ] Safepoint "Cleanup", Time since last: 8000525344 ns, Reaching safepoint: 54502 ns, At safepoint: 6700 ns, Total: 61202 ns
[1460.720s][info ][safepoint      ] Safepoint "Cleanup", Time since last: 1000093471 ns, Reaching safepoint: 56601 ns, At safepoint: 2500 ns, Total: 59101 ns
[1466.720s][info ][safepoint      ] Safepoint "Cleanup", Time since last: 6000353118 ns, Reaching safepoint: 46101 ns, At safepoint: 3800 ns, Total: 49901 ns
[1489.722s][info ][safepoint      ] Safepoint "Cleanup", Time since last: 23001528192 ns, Reaching safepoint: 47801 ns, At safepoint: 5900 ns, Total: 53701 ns
[1494.722s][info ][safepoint      ] Safepoint "Cleanup", Time since last: 5000305776 ns, Reaching safepoint: 38101 ns, At safepoint: 2300 ns, Total: 40401 ns
[1497.722s][info ][safepoint      ] Safepoint "Cleanup", Time since last: 3000240691 ns, Reaching safepoint: 52901 ns, At safepoint: 4300 ns, Total: 57201 ns
[1515.724s][info ][safepoint      ] Safepoint "Cleanup", Time since last: 18001129269 ns, Reaching safepoint: 43201 ns, At safepoint: 2700 ns, Total: 45901 ns
[1517.069s][info ][gc,start       ] GC(127) Pause Young (Allocation Failure)
[1517.071s][debug][gc,phases      ] GC(127) Scavenge 2.691ms
[1517.071s][debug][gc,ref         ] GC(127) Skipped phase 1 of Reference Processing: no references
[1517.071s][debug][gc,ref         ] GC(127) ReferenceProcessor::execute queues: 1, RefProcThreadModel::Single, marks_oops_alive: false
[1517.071s][debug][gc,ref         ] GC(127) Skipped phase 3 of Reference Processing: no references
[1517.071s][debug][gc,ref         ] GC(127) ReferenceProcessor::execute queues: 1, RefProcThreadModel::Single, marks_oops_alive: false
[1517.071s][debug][gc,phases      ] GC(127) Reference Processing 0.112ms
[1517.072s][debug][gc,phases      ] GC(127)   VM Weak                        Min:  0.0, Avg:  0.0, Max:  0.0, Diff:  0.0, Sum:  0.0, Workers: 4
[1517.072s][debug][gc,phases      ] GC(127)     Dead                           Min: 0, Avg:  0.0, Max: 0, Diff: 0, Sum: 0, Workers: 4
[1517.072s][debug][gc,phases      ] GC(127)     Total                          Min: 0, Avg: 170.8, Max: 576, Diff: 576, Sum: 683, Workers: 4
[1517.072s][debug][gc,phases      ] GC(127)   ObjectSynchronizer Weak        Min:  0.0, Avg:  0.0, Max:  0.0, Diff:  0.0, Sum:  0.0, Workers: 4
[1517.072s][debug][gc,phases      ] GC(127)     Dead                           Min: 0, Avg:  0.0, Max: 0, Diff: 0, Sum: 0, Workers: 4
[1517.072s][debug][gc,phases      ] GC(127)     Total                          Min: 0, Avg: 110.5, Max: 192, Diff: 192, Sum: 442, Workers: 4
[1517.072s][debug][gc,phases      ] GC(127)   JVMTI Tag Weak OopStorage      Min:  0.0, Avg:  0.0, Max:  0.0, Diff:  0.0, Sum:  0.0, Workers: 4
[1517.072s][debug][gc,phases      ] GC(127)     Dead                           Min: 0, Avg:  0.0, Max: 0, Diff: 0, Sum: 0, Workers: 4
[1517.072s][debug][gc,phases      ] GC(127)     Total                          Min: 0, Avg:  0.0, Max: 0, Diff: 0, Sum: 0, Workers: 4
[1517.072s][debug][gc,phases      ] GC(127)   StringTable Weak               Min:  0.1, Avg:  0.1, Max:  0.1, Diff:  0.0, Sum:  0.4, Workers: 4
[1517.072s][debug][gc,phases      ] GC(127)     Dead                           Min: 0, Avg:  0.0, Max: 0, Diff: 0, Sum: 0, Workers: 4
[1517.072s][debug][gc,phases      ] GC(127)     Total                          Min: 10688, Avg: 12054.0, Max: 13504, Diff: 2816, Sum: 48216, Workers: 4
[1517.072s][debug][gc,phases      ] GC(127)   ResolvedMethodTable Weak       Min:  0.0, Avg:  0.0, Max:  0.0, Diff:  0.0, Sum:  0.1, Workers: 4
[1517.072s][debug][gc,phases      ] GC(127)     Dead                           Min: 0, Avg:  0.0, Max: 0, Diff: 0, Sum: 0, Workers: 4
[1517.072s][debug][gc,phases      ] GC(127)     Total                          Min: 1728, Avg: 2043.2, Max: 2304, Diff: 576, Sum: 8173, Workers: 4
[1517.072s][debug][gc,phases      ] GC(127)   JNI Weak                       Min:  0.0, Avg:  0.0, Max:  0.0, Diff:  0.0, Sum:  0.0, Workers: 4
[1517.072s][debug][gc,phases      ] GC(127)     Dead                           Min: 0, Avg:  0.0, Max: 0, Diff: 0, Sum: 0, Workers: 4
[1517.072s][debug][gc,phases      ] GC(127)     Total                          Min: 0, Avg:  0.0, Max: 0, Diff: 0, Sum: 0, Workers: 4
[1517.072s][debug][gc,phases      ] GC(127)   StringDedup Table Weak         Min:  0.0, Avg:  0.0, Max:  0.0, Diff:  0.0, Sum:  0.0, Workers: 4
[1517.072s][debug][gc,phases      ] GC(127)     Dead                           Min: 0, Avg:  0.0, Max: 0, Diff: 0, Sum: 0, Workers: 4
[1517.072s][debug][gc,phases      ] GC(127)     Total                          Min: 0, Avg:  0.0, Max: 0, Diff: 0, Sum: 0, Workers: 4
[1517.072s][debug][gc,phases      ] GC(127)   StringDedup Requests0 Weak     Min:  0.0, Avg:  0.0, Max:  0.0, Diff:  0.0, Sum:  0.0, Workers: 4
[1517.072s][debug][gc,phases      ] GC(127)     Dead                           Min: 0, Avg:  0.0, Max: 0, Diff: 0, Sum: 0, Workers: 4
[1517.072s][debug][gc,phases      ] GC(127)     Total                          Min: 0, Avg:  0.0, Max: 0, Diff: 0, Sum: 0, Workers: 4
[1517.072s][debug][gc,phases      ] GC(127)   StringDedup Requests1 Weak     Min:  0.0, Avg:  0.0, Max:  0.0, Diff:  0.0, Sum:  0.0, Workers: 4
[1517.072s][debug][gc,phases      ] GC(127)     Dead                           Min: 0, Avg:  0.0, Max: 0, Diff: 0, Sum: 0, Workers: 4
[1517.072s][debug][gc,phases      ] GC(127)     Total                          Min: 0, Avg:  0.0, Max: 0, Diff: 0, Sum: 0, Workers: 4
[1517.072s][debug][gc,phases      ] GC(127)   Weak JFR Old Object Samples    Min:  0.0, Avg:  0.0, Max:  0.0, Diff:  0.0, Sum:  0.0, Workers: 4
[1517.072s][debug][gc,phases      ] GC(127)     Dead                           Min: 0, Avg:  0.0, Max: 0, Diff: 0, Sum: 0, Workers: 4
[1517.072s][debug][gc,phases      ] GC(127)     Total                          Min: 0, Avg:  0.0, Max: 0, Diff: 0, Sum: 0, Workers: 4
[1517.072s][debug][gc,phases      ] GC(127) Weak Processing 0.304ms
[1517.072s][debug][gc,age         ] GC(127) Desired survivor size 51380224 bytes, new threshold 15 (max threshold 15)
[1517.072s][info ][gc,heap        ] GC(127) PSYoungGen: 1997472K(2044928K)->4835K(2046976K) Eden: 1992704K(1992704K)->0K(1995776K) From: 4768K(52224K)->4835K(51200K)
[1517.072s][info ][gc,heap        ] GC(127) ParOldGen: 403509K(456704K)->403557K(456704K)
[1517.072s][info ][gc,metaspace   ] GC(127) Metaspace: 83191K(84032K)->83191K(84032K) NonClass: 71532K(72000K)->71532K(72000K) Class: 11659K(12032K)->11659K(12032K)
[1517.072s][info ][gc             ] GC(127) Pause Young (Allocation Failure) 2344M->398M(2445M) 3.230ms
[1517.072s][info ][gc,cpu         ] GC(127) User=0.01s Sys=0.00s Real=0.01s
[1517.072s][info ][safepoint      ] Safepoint "ParallelGCFailedAllocation", Time since last: 1344902016 ns, Reaching safepoint: 46801 ns, At safepoint: 3314470 ns, Total: 3361271 ns
[1533.073s][info ][safepoint      ] Safepoint "Cleanup", Time since last: 16001034757 ns, Reaching safepoint: 43000 ns, At safepoint: 2400 ns, Total: 45400 ns
[1534.073s][info ][safepoint      ] Safepoint "Cleanup", Time since last: 1000114730 ns, Reaching safepoint: 56202 ns, At safepoint: 10100 ns, Total: 66302 ns
[1535.073s][info ][safepoint      ] Safepoint "Cleanup", Time since last: 1000111725 ns, Reaching safepoint: 33601 ns, At safepoint: 2600 ns, Total: 36201 ns
[1541.074s][info ][safepoint      ] Safepoint "Cleanup", Time since last: 6000353856 ns, Reaching safepoint: 45201 ns, At safepoint: 11700 ns, Total: 56901 ns
[1544.074s][info ][safepoint      ] Safepoint "Cleanup", Time since last: 3000237571 ns, Reaching safepoint: 45901 ns, At safepoint: 4000 ns, Total: 49901 ns
[1545.871s][info ][safepoint      ] Safepoint "Cleanup", Time since last: 1797473689 ns, Reaching safepoint: 40301 ns, At safepoint: 9400 ns, Total: 49701 ns
[1547.873s][info ][safepoint      ] Safepoint "Cleanup", Time since last: 2001499472 ns, Reaching safepoint: 48001 ns, At safepoint: 5701 ns, Total: 53702 ns
[1549.873s][info ][safepoint      ] Safepoint "Cleanup", Time since last: 2000172928 ns, Reaching safepoint: 49201 ns, At safepoint: 2400 ns, Total: 51601 ns
[1550.873s][info ][safepoint      ] Safepoint "Cleanup", Time since last: 1000107258 ns, Reaching safepoint: 55001 ns, At safepoint: 5500 ns, Total: 60501 ns
[1567.875s][info ][safepoint      ] Safepoint "Cleanup", Time since last: 17001759652 ns, Reaching safepoint: 49701 ns, At safepoint: 3100 ns, Total: 52801 ns
[1576.876s][info ][safepoint      ] Safepoint "Cleanup", Time since last: 9000544702 ns, Reaching safepoint: 46701 ns, At safepoint: 3400 ns, Total: 50101 ns
[1580.876s][info ][safepoint      ] Safepoint "Cleanup", Time since last: 4000294164 ns, Reaching safepoint: 48301 ns, At safepoint: 2901 ns, Total: 51202 ns
[1581.876s][info ][safepoint      ] Safepoint "Cleanup", Time since last: 1000116932 ns, Reaching safepoint: 45201 ns, At safepoint: 3700 ns, Total: 48901 ns
[1586.877s][info ][safepoint      ] Safepoint "Cleanup", Time since last: 5000371697 ns, Reaching safepoint: 46201 ns, At safepoint: 2400 ns, Total: 48601 ns
[1587.877s][info ][safepoint      ] Safepoint "Cleanup", Time since last: 1000109609 ns, Reaching safepoint: 57801 ns, At safepoint: 5400 ns, Total: 63201 ns
[1591.680s][info ][gc,start       ] GC(128) Pause Young (Allocation Failure)
[1591.683s][debug][gc,phases      ] GC(128) Scavenge 2.957ms
[1591.683s][debug][gc,ref         ] GC(128) Skipped phase 1 of Reference Processing: no references
[1591.683s][debug][gc,ref         ] GC(128) ReferenceProcessor::execute queues: 1, RefProcThreadModel::Single, marks_oops_alive: false
[1591.683s][debug][gc,ref         ] GC(128) Skipped phase 3 of Reference Processing: no references
[1591.683s][debug][gc,ref         ] GC(128) ReferenceProcessor::execute queues: 1, RefProcThreadModel::Single, marks_oops_alive: false
[1591.683s][debug][gc,phases      ] GC(128) Reference Processing 0.118ms
[1591.683s][debug][gc,phases      ] GC(128)   VM Weak                        Min:  0.0, Avg:  0.0, Max:  0.0, Diff:  0.0, Sum:  0.0, Workers: 4
[1591.683s][debug][gc,phases      ] GC(128)     Dead                           Min: 0, Avg:  0.0, Max: 0, Diff: 0, Sum: 0, Workers: 4
[1591.683s][debug][gc,phases      ] GC(128)     Total                          Min: 0, Avg: 170.8, Max: 683, Diff: 683, Sum: 683, Workers: 4
[1591.683s][debug][gc,phases      ] GC(128)   ObjectSynchronizer Weak        Min:  0.0, Avg:  0.0, Max:  0.0, Diff:  0.0, Sum:  0.0, Workers: 4
[1591.683s][debug][gc,phases      ] GC(128)     Dead                           Min: 0, Avg:  0.0, Max: 0, Diff: 0, Sum: 0, Workers: 4
[1591.683s][debug][gc,phases      ] GC(128)     Total                          Min: 0, Avg: 110.5, Max: 192, Diff: 192, Sum: 442, Workers: 4
[1591.683s][debug][gc,phases      ] GC(128)   JVMTI Tag Weak OopStorage      Min:  0.0, Avg:  0.0, Max:  0.0, Diff:  0.0, Sum:  0.0, Workers: 4
[1591.683s][debug][gc,phases      ] GC(128)     Dead                           Min: 0, Avg:  0.0, Max: 0, Diff: 0, Sum: 0, Workers: 4
[1591.683s][debug][gc,phases      ] GC(128)     Total                          Min: 0, Avg:  0.0, Max: 0, Diff: 0, Sum: 0, Workers: 4
[1591.683s][debug][gc,phases      ] GC(128)   StringTable Weak               Min:  0.1, Avg:  0.1, Max:  0.1, Diff:  0.0, Sum:  0.4, Workers: 4
[1591.683s][debug][gc,phases      ] GC(128)     Dead                           Min: 0, Avg:  0.0, Max: 0, Diff: 0, Sum: 0, Workers: 4
[1591.683s][debug][gc,phases      ] GC(128)     Total                          Min: 11041, Avg: 12056.2, Max: 12992, Diff: 1951, Sum: 48225, Workers: 4
[1591.683s][debug][gc,phases      ] GC(128)   ResolvedMethodTable Weak       Min:  0.0, Avg:  0.0, Max:  0.0, Diff:  0.0, Sum:  0.1, Workers: 4
[1591.683s][debug][gc,phases      ] GC(128)     Dead                           Min: 0, Avg:  0.0, Max: 0, Diff: 0, Sum: 0, Workers: 4
[1591.683s][debug][gc,phases      ] GC(128)     Total                          Min: 1398, Avg: 2045.5, Max: 2304, Diff: 906, Sum: 8182, Workers: 4
[1591.683s][debug][gc,phases      ] GC(128)   JNI Weak                       Min:  0.0, Avg:  0.0, Max:  0.0, Diff:  0.0, Sum:  0.0, Workers: 4
[1591.683s][debug][gc,phases      ] GC(128)     Dead                           Min: 0, Avg:  0.0, Max: 0, Diff: 0, Sum: 0, Workers: 4
[1591.683s][debug][gc,phases      ] GC(128)     Total                          Min: 0, Avg:  0.0, Max: 0, Diff: 0, Sum: 0, Workers: 4
[1591.683s][debug][gc,phases      ] GC(128)   StringDedup Table Weak         Min:  0.0, Avg:  0.0, Max:  0.0, Diff:  0.0, Sum:  0.0, Workers: 4
[1591.683s][debug][gc,phases      ] GC(128)     Dead                           Min: 0, Avg:  0.0, Max: 0, Diff: 0, Sum: 0, Workers: 4
[1591.683s][debug][gc,phases      ] GC(128)     Total                          Min: 0, Avg:  0.0, Max: 0, Diff: 0, Sum: 0, Workers: 4
[1591.683s][debug][gc,phases      ] GC(128)   StringDedup Requests0 Weak     Min:  0.0, Avg:  0.0, Max:  0.0, Diff:  0.0, Sum:  0.0, Workers: 4
[1591.683s][debug][gc,phases      ] GC(128)     Dead                           Min: 0, Avg:  0.0, Max: 0, Diff: 0, Sum: 0, Workers: 4
[1591.683s][debug][gc,phases      ] GC(128)     Total                          Min: 0, Avg:  0.0, Max: 0, Diff: 0, Sum: 0, Workers: 4
[1591.683s][debug][gc,phases      ] GC(128)   StringDedup Requests1 Weak     Min:  0.0, Avg:  0.0, Max:  0.0, Diff:  0.0, Sum:  0.0, Workers: 4
[1591.683s][debug][gc,phases      ] GC(128)     Dead                           Min: 0, Avg:  0.0, Max: 0, Diff: 0, Sum: 0, Workers: 4
[1591.683s][debug][gc,phases      ] GC(128)     Total                          Min: 0, Avg:  0.0, Max: 0, Diff: 0, Sum: 0, Workers: 4
[1591.683s][debug][gc,phases      ] GC(128)   Weak JFR Old Object Samples    Min:  0.0, Avg:  0.0, Max:  0.0, Diff:  0.0, Sum:  0.0, Workers: 4
[1591.683s][debug][gc,phases      ] GC(128)     Dead                           Min: 0, Avg:  0.0, Max: 0, Diff: 0, Sum: 0, Workers: 4
[1591.683s][debug][gc,phases      ] GC(128)     Total                          Min: 0, Avg:  0.0, Max: 0, Diff: 0, Sum: 0, Workers: 4
[1591.683s][debug][gc,phases      ] GC(128) Weak Processing 0.342ms
[1591.683s][debug][gc,age         ] GC(128) Desired survivor size 49807360 bytes, new threshold 15 (max threshold 15)
[1591.683s][info ][gc,heap        ] GC(128) PSYoungGen: 2000597K(2046976K)->5211K(2045952K) Eden: 1995762K(1995776K)->0K(1995776K) From: 4835K(51200K)->5211K(50176K)
[1591.683s][info ][gc,heap        ] GC(128) ParOldGen: 403557K(456704K)->403605K(456704K)
[1591.683s][info ][gc,metaspace   ] GC(128) Metaspace: 83238K(84032K)->83238K(84032K) NonClass: 71572K(72000K)->71572K(72000K) Class: 11665K(12032K)->11665K(12032K)
[1591.684s][info ][gc             ] GC(128) Pause Young (Allocation Failure) 2347M->399M(2444M) 3.548ms
[1591.684s][info ][gc,cpu         ] GC(128) User=0.01s Sys=0.00s Real=0.01s
[1591.684s][info ][safepoint      ] Safepoint "ParallelGCFailedAllocation", Time since last: 3803005271 ns, Reaching safepoint: 46101 ns, At safepoint: 3633776 ns, Total: 3679877 ns
[1599.684s][info ][safepoint      ] Safepoint "Cleanup", Time since last: 8000553305 ns, Reaching safepoint: 52801 ns, At safepoint: 6900 ns, Total: 59701 ns
[1607.685s][info ][safepoint      ] Safepoint "Cleanup", Time since last: 8000578161 ns, Reaching safepoint: 50701 ns, At safepoint: 2600 ns, Total: 53301 ns
[1615.685s][info ][safepoint      ] Safepoint "Cleanup", Time since last: 8000534821 ns, Reaching safepoint: 48901 ns, At safepoint: 2500 ns, Total: 51401 ns
[1619.686s][info ][safepoint      ] Safepoint "Cleanup", Time since last: 4000261771 ns, Reaching safepoint: 54401 ns, At safepoint: 7801 ns, Total: 62202 ns
[1620.686s][info ][safepoint      ] Safepoint "Cleanup", Time since last: 1000109984 ns, Reaching safepoint: 45401 ns, At safepoint: 3000 ns, Total: 48401 ns
[1622.686s][info ][safepoint      ] Safepoint "Cleanup", Time since last: 2000163757 ns, Reaching safepoint: 57701 ns, At safepoint: 2900 ns, Total: 60601 ns
[1623.686s][info ][safepoint      ] Safepoint "Cleanup", Time since last: 1000109074 ns, Reaching safepoint: 59101 ns, At safepoint: 11001 ns, Total: 70102 ns
[1625.687s][info ][safepoint      ] Safepoint "Cleanup", Time since last: 2000177335 ns, Reaching safepoint: 49001 ns, At safepoint: 7100 ns, Total: 56101 ns
[1627.687s][info ][safepoint      ] Safepoint "Cleanup", Time since last: 2000182621 ns, Reaching safepoint: 53902 ns, At safepoint: 2900 ns, Total: 56802 ns
[1632.687s][info ][safepoint      ] Safepoint "Cleanup", Time since last: 5000334737 ns, Reaching safepoint: 53501 ns, At safepoint: 7700 ns, Total: 61201 ns
[1637.688s][info ][safepoint      ] Safepoint "Cleanup", Time since last: 5000375749 ns, Reaching safepoint: 47301 ns, At safepoint: 2300 ns, Total: 49601 ns
[1645.688s][info ][safepoint      ] Safepoint "Cleanup", Time since last: 8000554755 ns, Reaching safepoint: 33400 ns, At safepoint: 12201 ns, Total: 45601 ns
[1646.688s][info ][safepoint      ] Safepoint "Cleanup", Time since last: 1000112091 ns, Reaching safepoint: 98503 ns, At safepoint: 7500 ns, Total: 106003 ns
[1653.689s][info ][safepoint      ] Safepoint "Cleanup", Time since last: 7000444739 ns, Reaching safepoint: 54101 ns, At safepoint: 7001 ns, Total: 61102 ns
[1701.692s][info ][safepoint      ] Safepoint "Cleanup", Time since last: 48003085297 ns, Reaching safepoint: 54701 ns, At safepoint: 5300 ns, Total: 60001 ns
[1706.693s][info ][safepoint      ] Safepoint "Cleanup", Time since last: 5000506805 ns, Reaching safepoint: 50701 ns, At safepoint: 6501 ns, Total: 57202 ns
[1833.701s][info ][safepoint      ] Safepoint "Cleanup", Time since last: 127007960390 ns, Reaching safepoint: 58101 ns, At safepoint: 3000 ns, Total: 61101 ns
[1845.702s][info ][safepoint      ] Safepoint "Cleanup", Time since last: 12000850974 ns, Reaching safepoint: 61201 ns, At safepoint: 29200 ns, Total: 90401 ns
[1878.480s][info ][gc,start       ] GC(129) Pause Young (Allocation Failure)
[1878.484s][debug][gc,phases      ] GC(129) Scavenge 3.029ms
[1878.484s][debug][gc,ref         ] GC(129) Skipped phase 1 of Reference Processing: no references
[1878.484s][debug][gc,ref         ] GC(129) ReferenceProcessor::execute queues: 1, RefProcThreadModel::Single, marks_oops_alive: false
[1878.484s][debug][gc,ref         ] GC(129) ReferenceProcessor::execute queues: 4, RefProcThreadModel::Multi, marks_oops_alive: true
[1878.484s][debug][gc,ref         ] GC(129) ReferenceProcessor::execute queues: 1, RefProcThreadModel::Single, marks_oops_alive: false
[1878.484s][debug][gc,phases      ] GC(129) Reference Processing 0.172ms
[1878.484s][debug][gc,phases      ] GC(129)   VM Weak                        Min:  0.0, Avg:  0.0, Max:  0.0, Diff:  0.0, Sum:  0.0, Workers: 4
[1878.484s][debug][gc,phases      ] GC(129)     Dead                           Min: 0, Avg:  0.0, Max: 0, Diff: 0, Sum: 0, Workers: 4
[1878.484s][debug][gc,phases      ] GC(129)     Total                          Min: 0, Avg: 170.8, Max: 491, Diff: 491, Sum: 683, Workers: 4
[1878.484s][debug][gc,phases      ] GC(129)   ObjectSynchronizer Weak        Min:  0.0, Avg:  0.0, Max:  0.0, Diff:  0.0, Sum:  0.0, Workers: 4
[1878.484s][debug][gc,phases      ] GC(129)     Dead                           Min: 0, Avg:  0.0, Max: 0, Diff: 0, Sum: 0, Workers: 4
[1878.484s][debug][gc,phases      ] GC(129)     Total                          Min: 0, Avg: 110.8, Max: 192, Diff: 192, Sum: 443, Workers: 4
[1878.484s][debug][gc,phases      ] GC(129)   JVMTI Tag Weak OopStorage      Min:  0.0, Avg:  0.0, Max:  0.0, Diff:  0.0, Sum:  0.0, Workers: 4
[1878.484s][debug][gc,phases      ] GC(129)     Dead                           Min: 0, Avg:  0.0, Max: 0, Diff: 0, Sum: 0, Workers: 4
[1878.484s][debug][gc,phases      ] GC(129)     Total                          Min: 0, Avg:  0.0, Max: 0, Diff: 0, Sum: 0, Workers: 4
[1878.484s][debug][gc,phases      ] GC(129)   StringTable Weak               Min:  0.1, Avg:  0.1, Max:  0.1, Diff:  0.0, Sum:  0.4, Workers: 4
[1878.484s][debug][gc,phases      ] GC(129)     Dead                           Min: 0, Avg:  0.2, Max: 1, Diff: 1, Sum: 1, Workers: 4
[1878.484s][debug][gc,phases      ] GC(129)     Total                          Min: 11008, Avg: 12059.0, Max: 13504, Diff: 2496, Sum: 48236, Workers: 4
[1878.484s][debug][gc,phases      ] GC(129)   ResolvedMethodTable Weak       Min:  0.0, Avg:  0.0, Max:  0.0, Diff:  0.0, Sum:  0.1, Workers: 4
[1878.484s][debug][gc,phases      ] GC(129)     Dead                           Min: 0, Avg:  0.0, Max: 0, Diff: 0, Sum: 0, Workers: 4
[1878.484s][debug][gc,phases      ] GC(129)     Total                          Min: 1674, Avg: 2045.5, Max: 2496, Diff: 822, Sum: 8182, Workers: 4
[1878.484s][debug][gc,phases      ] GC(129)   JNI Weak                       Min:  0.0, Avg:  0.0, Max:  0.0, Diff:  0.0, Sum:  0.0, Workers: 4
[1878.484s][debug][gc,phases      ] GC(129)     Dead                           Min: 0, Avg:  0.0, Max: 0, Diff: 0, Sum: 0, Workers: 4
[1878.484s][debug][gc,phases      ] GC(129)     Total                          Min: 0, Avg:  0.0, Max: 0, Diff: 0, Sum: 0, Workers: 4
[1878.484s][debug][gc,phases      ] GC(129)   StringDedup Table Weak         Min:  0.0, Avg:  0.0, Max:  0.0, Diff:  0.0, Sum:  0.0, Workers: 4
[1878.484s][debug][gc,phases      ] GC(129)     Dead                           Min: 0, Avg:  0.0, Max: 0, Diff: 0, Sum: 0, Workers: 4
[1878.484s][debug][gc,phases      ] GC(129)     Total                          Min: 0, Avg:  0.0, Max: 0, Diff: 0, Sum: 0, Workers: 4
[1878.484s][debug][gc,phases      ] GC(129)   StringDedup Requests0 Weak     Min:  0.0, Avg:  0.0, Max:  0.0, Diff:  0.0, Sum:  0.0, Workers: 4
[1878.484s][debug][gc,phases      ] GC(129)     Dead                           Min: 0, Avg:  0.0, Max: 0, Diff: 0, Sum: 0, Workers: 4
[1878.484s][debug][gc,phases      ] GC(129)     Total                          Min: 0, Avg:  0.0, Max: 0, Diff: 0, Sum: 0, Workers: 4
[1878.484s][debug][gc,phases      ] GC(129)   StringDedup Requests1 Weak     Min:  0.0, Avg:  0.0, Max:  0.0, Diff:  0.0, Sum:  0.0, Workers: 4
[1878.484s][debug][gc,phases      ] GC(129)     Dead                           Min: 0, Avg:  0.0, Max: 0, Diff: 0, Sum: 0, Workers: 4
[1878.484s][debug][gc,phases      ] GC(129)     Total                          Min: 0, Avg:  0.0, Max: 0, Diff: 0, Sum: 0, Workers: 4
[1878.484s][debug][gc,phases      ] GC(129)   Weak JFR Old Object Samples    Min:  0.0, Avg:  0.0, Max:  0.0, Diff:  0.0, Sum:  0.0, Workers: 4
[1878.484s][debug][gc,phases      ] GC(129)     Dead                           Min: 0, Avg:  0.0, Max: 0, Diff: 0, Sum: 0, Workers: 4
[1878.484s][debug][gc,phases      ] GC(129)     Total                          Min: 0, Avg:  0.0, Max: 0, Diff: 0, Sum: 0, Workers: 4
[1878.484s][debug][gc,phases      ] GC(129) Weak Processing 0.298ms
[1878.484s][debug][gc,age         ] GC(129) Desired survivor size 48758784 bytes, new threshold 15 (max threshold 15)
[1878.484s][info ][gc,heap        ] GC(129) PSYoungGen: 2000987K(2045952K)->4176K(2049536K) Eden: 1995776K(1995776K)->0K(2000896K) From: 5211K(50176K)->4176K(48640K)
[1878.484s][info ][gc,heap        ] GC(129) ParOldGen: 403605K(456704K)->403881K(456704K)
[1878.484s][info ][gc,metaspace   ] GC(129) Metaspace: 83295K(84160K)->83295K(84160K) NonClass: 71626K(72064K)->71626K(72064K) Class: 11668K(12096K)->11668K(12096K)
[1878.484s][info ][gc             ] GC(129) Pause Young (Allocation Failure) 2348M->398M(2447M) 3.631ms
[1878.484s][info ][gc,cpu         ] GC(129) User=0.01s Sys=0.00s Real=0.01s
[1878.484s][info ][safepoint      ] Safepoint "ParallelGCFailedAllocation", Time since last: 32778803623 ns, Reaching safepoint: 44901 ns, At safepoint: 3737774 ns, Total: 3782675 ns
[1894.733s][info ][safepoint      ] Safepoint "Cleanup", Time since last: 16248778850 ns, Reaching safepoint: 122602 ns, At safepoint: 12400 ns, Total: 135002 ns
[1895.733s][info ][safepoint      ] Safepoint "Cleanup", Time since last: 1000096307 ns, Reaching safepoint: 97701 ns, At safepoint: 7001 ns, Total: 104702 ns
[2013.741s][info ][safepoint      ] Safepoint "Cleanup", Time since last: 118007318856 ns, Reaching safepoint: 186604 ns, At safepoint: 12900 ns, Total: 199504 ns
[2014.741s][info ][safepoint      ] Safepoint "Cleanup", Time since last: 1000095480 ns, Reaching safepoint: 122802 ns, At safepoint: 18201 ns, Total: 141003 ns
[2014.791s][info ][gc,heap,exit   ] Heap
[2014.791s][info ][gc,heap,exit   ]  PSYoungGen      total 2049536K, used 836750K [0x0000000780000000, 0x0000000800000000, 0x0000000800000000)
[2014.791s][info ][gc,heap,exit   ]   eden space 2000896K, 41% used [0x0000000780000000,0x00000007b2d0f938,0x00000007fa200000)
[2014.791s][info ][gc,heap,exit   ]   from space 48640K, 8% used [0x00000007fd080000,0x00000007fd494108,0x0000000800000000)
[2014.791s][info ][gc,heap,exit   ]   to   space 47616K, 0% used [0x00000007fa200000,0x00000007fa200000,0x00000007fd080000)
[2014.791s][info ][gc,heap,exit   ]  ParOldGen       total 456704K, used 403881K [0x0000000740000000, 0x000000075be00000, 0x0000000780000000)
[2014.791s][info ][gc,heap,exit   ]   object space 456704K, 88% used [0x0000000740000000,0x0000000758a6a680,0x000000075be00000)
[2014.791s][info ][gc,heap,exit   ]  Metaspace       used 83383K, committed 84288K, reserved 1122304K
[2014.791s][info ][gc,heap,exit   ]   class space    used 11678K, committed 12096K, reserved 1048576K
